HEAP DUMP BEGIN (6873 objects, 831928 bytes) Sat May 06 15:27:10 2017
ROOT 0 (kind=<thread>, id=200000, trace=300000)
ROOT 50001ace (kind=<thread>, id=200003, trace=300001)
ROOT 50001ace (kind=<thread block>, thread=200003)
ROOT 50001ada (kind=<thread>, id=200004, trace=300000)
ROOT 50001ada (kind=<thread block>, thread=200004)
ROOT 50001ada (kind=<JNI local ref>, thread=200000, frame=0)
ROOT 50001adb (kind=<thread>, id=200005, trace=300000)
ROOT 50001adb (kind=<thread block>, thread=200005)
ROOT 50001adc (kind=<thread>, id=200006, trace=300000)
ROOT 50001adc (kind=<thread block>, thread=200006)
ROOT 50001add (kind=<thread>, id=200007, trace=300000)
ROOT 50001add (kind=<thread block>, thread=200007)
ROOT 50001ade (kind=<Java stack>, thread=200000, frame=1)
ROOT 50001adf (kind=<Java stack>, thread=200000, frame=1)
ROOT 50001ade (kind=<Java stack>, thread=200000, frame=2)
ROOT 50001add (kind=<Java stack>, thread=200000, frame=3)
ROOT 50001ae0 (kind=<Java stack>, thread=200000, frame=3)
ROOT 50001ae1 (kind=<thread>, id=200008, trace=300000)
ROOT 50001ae1 (kind=<thread block>, thread=200008)
ROOT 50001ae2 (kind=<Java stack>, thread=200000, frame=1)
ROOT 50001ae2 (kind=<Java stack>, thread=200000, frame=2)
ROOT 50001ae1 (kind=<Java stack>, thread=200000, frame=3)
ROOT 50001ae3 (kind=<JNI global ref>, id=1, trace=300000)
ROOT 50000181 (kind=<JNI global ref>, id=2, trace=300000)
ROOT 50000001 (kind=<JNI global ref>, id=3, trace=300000)
ROOT 50000185 (kind=<JNI global ref>, id=4, trace=300000)
ROOT 50000002 (kind=<JNI global ref>, id=5, trace=300000)
ROOT 50000003 (kind=<JNI global ref>, id=6, trace=300000)
ROOT 5000000f (kind=<JNI global ref>, id=7, trace=300000)
ROOT 50000004 (kind=<JNI global ref>, id=8, trace=300000)
ROOT 50000005 (kind=<JNI global ref>, id=9, trace=300000)
ROOT 500000ee (kind=<JNI global ref>, id=a, trace=300000)
ROOT 50000006 (kind=<JNI global ref>, id=b, trace=300000)
ROOT 50000007 (kind=<JNI global ref>, id=c, trace=300000)
ROOT 50000008 (kind=<JNI global ref>, id=d, trace=300000)
ROOT 50000009 (kind=<JNI global ref>, id=e, trace=300000)
ROOT 5000000a (kind=<JNI global ref>, id=f, trace=300000)
ROOT 5000000b (kind=<JNI global ref>, id=10, trace=300000)
ROOT 5000000c (kind=<JNI global ref>, id=11, trace=300000)
ROOT 5000000d (kind=<JNI global ref>, id=12, trace=300000)
ROOT 5000000e (kind=<JNI global ref>, id=13, trace=300000)
ROOT 50000010 (kind=<JNI global ref>, id=14, trace=300000)
ROOT 50000011 (kind=<JNI global ref>, id=15, trace=300000)
ROOT 50000012 (kind=<JNI global ref>, id=16, trace=300000)
ROOT 50000013 (kind=<JNI global ref>, id=17, trace=300000)
ROOT 50000014 (kind=<JNI global ref>, id=18, trace=300000)
ROOT 50000015 (kind=<JNI global ref>, id=19, trace=300000)
ROOT 50000016 (kind=<JNI global ref>, id=1a, trace=300000)
ROOT 50000017 (kind=<JNI global ref>, id=1b, trace=300000)
ROOT 50000018 (kind=<JNI global ref>, id=1c, trace=300000)
ROOT 50000165 (kind=<JNI global ref>, id=1d, trace=300000)
ROOT 50000019 (kind=<JNI global ref>, id=1e, trace=300000)
ROOT 5000001a (kind=<JNI global ref>, id=1f, trace=300000)
ROOT 5000002d (kind=<JNI global ref>, id=20, trace=300000)
ROOT 5000001b (kind=<JNI global ref>, id=21, trace=300000)
ROOT 5000001c (kind=<JNI global ref>, id=22, trace=300000)
ROOT 5000001f (kind=<JNI global ref>, id=23, trace=300000)
ROOT 5000001d (kind=<JNI global ref>, id=24, trace=300000)
ROOT 5000001e (kind=<JNI global ref>, id=25, trace=300000)
ROOT 50000020 (kind=<JNI global ref>, id=26, trace=300000)
ROOT 50000021 (kind=<JNI global ref>, id=27, trace=300000)
ROOT 50000022 (kind=<JNI global ref>, id=28, trace=300000)
ROOT 50000023 (kind=<JNI global ref>, id=29, trace=300000)
ROOT 50000024 (kind=<JNI global ref>, id=2a, trace=300000)
ROOT 50000025 (kind=<JNI global ref>, id=2b, trace=300000)
ROOT 50000026 (kind=<JNI global ref>, id=2c, trace=300000)
ROOT 50000027 (kind=<JNI global ref>, id=2d, trace=300000)
ROOT 50000028 (kind=<JNI global ref>, id=2e, trace=300000)
ROOT 50000029 (kind=<JNI global ref>, id=2f, trace=300000)
ROOT 5000002a (kind=<JNI global ref>, id=30, trace=300000)
ROOT 500000eb (kind=<JNI global ref>, id=31, trace=300000)
ROOT 5000002b (kind=<JNI global ref>, id=32, trace=300000)
ROOT 5000002c (kind=<JNI global ref>, id=33, trace=300000)
ROOT 5000002e (kind=<JNI global ref>, id=34, trace=300000)
ROOT 5000002f (kind=<JNI global ref>, id=35, trace=300000)
ROOT 50000030 (kind=<JNI global ref>, id=36, trace=300000)
ROOT 50000054 (kind=<JNI global ref>, id=37, trace=300000)
ROOT 50000031 (kind=<JNI global ref>, id=38, trace=300000)
ROOT 50000035 (kind=<JNI global ref>, id=39, trace=300000)
ROOT 50000032 (kind=<JNI global ref>, id=3a, trace=300000)
ROOT 50000033 (kind=<JNI global ref>, id=3b, trace=300000)
ROOT 50000034 (kind=<JNI global ref>, id=3c, trace=300000)
ROOT 50000036 (kind=<JNI global ref>, id=3d, trace=300000)
ROOT 50000037 (kind=<JNI global ref>, id=3e, trace=300000)
ROOT 50000038 (kind=<JNI global ref>, id=3f, trace=300000)
ROOT 50000039 (kind=<JNI global ref>, id=40, trace=300000)
ROOT 5000003a (kind=<JNI global ref>, id=41, trace=300000)
ROOT 5000003b (kind=<JNI global ref>, id=42, trace=300000)
ROOT 5000003c (kind=<JNI global ref>, id=43, trace=300000)
ROOT 5000003d (kind=<JNI global ref>, id=44, trace=300000)
ROOT 5000003e (kind=<JNI global ref>, id=45, trace=300000)
ROOT 5000003f (kind=<JNI global ref>, id=46, trace=300000)
ROOT 50000164 (kind=<JNI global ref>, id=47, trace=300000)
ROOT 50000040 (kind=<JNI global ref>, id=48, trace=300000)
ROOT 50000041 (kind=<JNI global ref>, id=49, trace=300000)
ROOT 50000042 (kind=<JNI global ref>, id=4a, trace=300000)
ROOT 50000043 (kind=<JNI global ref>, id=4b, trace=300000)
ROOT 50000044 (kind=<JNI global ref>, id=4c, trace=300000)
ROOT 50000045 (kind=<JNI global ref>, id=4d, trace=300000)
ROOT 50000046 (kind=<JNI global ref>, id=4e, trace=300000)
ROOT 50000175 (kind=<JNI global ref>, id=4f, trace=300000)
ROOT 50000047 (kind=<JNI global ref>, id=50, trace=300000)
ROOT 50000048 (kind=<JNI global ref>, id=51, trace=300000)
ROOT 50000049 (kind=<JNI global ref>, id=52, trace=300000)
ROOT 5000004a (kind=<JNI global ref>, id=53, trace=300000)
ROOT 5000004b (kind=<JNI global ref>, id=54, trace=300000)
ROOT 5000004c (kind=<JNI global ref>, id=55, trace=300000)
ROOT 5000004d (kind=<JNI global ref>, id=56, trace=300000)
ROOT 5000004e (kind=<JNI global ref>, id=57, trace=300000)
ROOT 5000004f (kind=<JNI global ref>, id=58, trace=300000)
ROOT 50000050 (kind=<JNI global ref>, id=59, trace=300000)
ROOT 50000051 (kind=<JNI global ref>, id=5a, trace=300000)
ROOT 50000052 (kind=<JNI global ref>, id=5b, trace=300000)
ROOT 50000053 (kind=<JNI global ref>, id=5c, trace=300000)
ROOT 500000d7 (kind=<JNI global ref>, id=5d, trace=300000)
ROOT 50000055 (kind=<JNI global ref>, id=5e, trace=300000)
ROOT 50000056 (kind=<JNI global ref>, id=5f, trace=300000)
ROOT 50000057 (kind=<JNI global ref>, id=60, trace=300000)
ROOT 50000058 (kind=<JNI global ref>, id=61, trace=300000)
ROOT 50000059 (kind=<JNI global ref>, id=62, trace=300000)
ROOT 5000005a (kind=<JNI global ref>, id=63, trace=300000)
ROOT 5000005b (kind=<JNI global ref>, id=64, trace=300000)
ROOT 5000005c (kind=<JNI global ref>, id=65, trace=300000)
ROOT 5000005d (kind=<JNI global ref>, id=66, trace=300000)
ROOT 5000005e (kind=<JNI global ref>, id=67, trace=300000)
ROOT 5000005f (kind=<JNI global ref>, id=68, trace=300000)
ROOT 500000d9 (kind=<JNI global ref>, id=69, trace=300000)
ROOT 50000060 (kind=<JNI global ref>, id=6a, trace=300000)
ROOT 50000061 (kind=<JNI global ref>, id=6b, trace=300000)
ROOT 50000062 (kind=<JNI global ref>, id=6c, trace=300000)
ROOT 50000063 (kind=<JNI global ref>, id=6d, trace=300000)
ROOT 50000064 (kind=<JNI global ref>, id=6e, trace=300000)
ROOT 50000065 (kind=<JNI global ref>, id=6f, trace=300000)
ROOT 50000079 (kind=<JNI global ref>, id=70, trace=300000)
ROOT 50000066 (kind=<JNI global ref>, id=71, trace=300000)
ROOT 50000068 (kind=<JNI global ref>, id=72, trace=300000)
ROOT 50000067 (kind=<JNI global ref>, id=73, trace=300000)
ROOT 50000069 (kind=<JNI global ref>, id=74, trace=300000)
ROOT 5000006a (kind=<JNI global ref>, id=75, trace=300000)
ROOT 5000006b (kind=<JNI global ref>, id=76, trace=300000)
ROOT 50000126 (kind=<JNI global ref>, id=77, trace=300000)
ROOT 5000006c (kind=<JNI global ref>, id=78, trace=300000)
ROOT 5000006d (kind=<JNI global ref>, id=79, trace=300000)
ROOT 5000006e (kind=<JNI global ref>, id=7a, trace=300000)
ROOT 5000006f (kind=<JNI global ref>, id=7b, trace=300000)
ROOT 50000123 (kind=<JNI global ref>, id=7c, trace=300000)
ROOT 50000070 (kind=<JNI global ref>, id=7d, trace=300000)
ROOT 50000071 (kind=<JNI global ref>, id=7e, trace=300000)
ROOT 50000072 (kind=<JNI global ref>, id=7f, trace=300000)
ROOT 50000073 (kind=<JNI global ref>, id=80, trace=300000)
ROOT 50000074 (kind=<JNI global ref>, id=81, trace=300000)
ROOT 50000075 (kind=<JNI global ref>, id=82, trace=300000)
ROOT 50000076 (kind=<JNI global ref>, id=83, trace=300000)
ROOT 50000077 (kind=<JNI global ref>, id=84, trace=300000)
ROOT 50000078 (kind=<JNI global ref>, id=85, trace=300000)
ROOT 5000007a (kind=<JNI global ref>, id=86, trace=300000)
ROOT 500000cf (kind=<JNI global ref>, id=87, trace=300000)
ROOT 5000007b (kind=<JNI global ref>, id=88, trace=300000)
ROOT 5000007d (kind=<JNI global ref>, id=89, trace=300000)
ROOT 5000007c (kind=<JNI global ref>, id=8a, trace=300000)
ROOT 50000086 (kind=<JNI global ref>, id=8b, trace=300000)
ROOT 5000007e (kind=<JNI global ref>, id=8c, trace=300000)
ROOT 5000007f (kind=<JNI global ref>, id=8d, trace=300000)
ROOT 50000080 (kind=<JNI global ref>, id=8e, trace=300000)
ROOT 50000081 (kind=<JNI global ref>, id=8f, trace=300000)
ROOT 50000082 (kind=<JNI global ref>, id=90, trace=300000)
ROOT 50000083 (kind=<JNI global ref>, id=91, trace=300000)
ROOT 50000084 (kind=<JNI global ref>, id=92, trace=300000)
ROOT 50000131 (kind=<JNI global ref>, id=93, trace=300000)
ROOT 50000085 (kind=<JNI global ref>, id=94, trace=300000)
ROOT 50000087 (kind=<JNI global ref>, id=95, trace=300000)
ROOT 50000088 (kind=<JNI global ref>, id=96, trace=300000)
ROOT 50000089 (kind=<JNI global ref>, id=97, trace=300000)
ROOT 5000008a (kind=<JNI global ref>, id=98, trace=300000)
ROOT 5000008b (kind=<JNI global ref>, id=99, trace=300000)
ROOT 5000008c (kind=<JNI global ref>, id=9a, trace=300000)
ROOT 5000008d (kind=<JNI global ref>, id=9b, trace=300000)
ROOT 5000008e (kind=<JNI global ref>, id=9c, trace=300000)
ROOT 5000008f (kind=<JNI global ref>, id=9d, trace=300000)
ROOT 50000090 (kind=<JNI global ref>, id=9e, trace=300000)
ROOT 50000091 (kind=<JNI global ref>, id=9f, trace=300000)
ROOT 50000092 (kind=<JNI global ref>, id=a0, trace=300000)
ROOT 50000093 (kind=<JNI global ref>, id=a1, trace=300000)
ROOT 50000094 (kind=<JNI global ref>, id=a2, trace=300000)
ROOT 50000095 (kind=<JNI global ref>, id=a3, trace=300000)
ROOT 50000096 (kind=<JNI global ref>, id=a4, trace=300000)
ROOT 50000097 (kind=<JNI global ref>, id=a5, trace=300000)
ROOT 50000098 (kind=<JNI global ref>, id=a6, trace=300000)
ROOT 50000099 (kind=<JNI global ref>, id=a7, trace=300000)
ROOT 5000009a (kind=<JNI global ref>, id=a8, trace=300000)
ROOT 5000009b (kind=<JNI global ref>, id=a9, trace=300000)
ROOT 5000009c (kind=<JNI global ref>, id=aa, trace=300000)
ROOT 5000009d (kind=<JNI global ref>, id=ab, trace=300000)
ROOT 5000009e (kind=<JNI global ref>, id=ac, trace=300000)
ROOT 5000009f (kind=<JNI global ref>, id=ad, trace=300000)
ROOT 500000a0 (kind=<JNI global ref>, id=ae, trace=300000)
ROOT 500000a1 (kind=<JNI global ref>, id=af, trace=300000)
ROOT 500000a2 (kind=<JNI global ref>, id=b0, trace=300000)
ROOT 500000a3 (kind=<JNI global ref>, id=b1, trace=300000)
ROOT 500000a4 (kind=<JNI global ref>, id=b2, trace=300000)
ROOT 500000a5 (kind=<JNI global ref>, id=b3, trace=300000)
ROOT 500000a6 (kind=<JNI global ref>, id=b4, trace=300000)
ROOT 500000a7 (kind=<JNI global ref>, id=b5, trace=300000)
ROOT 500000a8 (kind=<JNI global ref>, id=b6, trace=300000)
ROOT 500000a9 (kind=<JNI global ref>, id=b7, trace=300000)
ROOT 500000aa (kind=<JNI global ref>, id=b8, trace=300000)
ROOT 500000ab (kind=<JNI global ref>, id=b9, trace=300000)
ROOT 5000014c (kind=<JNI global ref>, id=ba, trace=300000)
ROOT 500000ac (kind=<JNI global ref>, id=bb, trace=300000)
ROOT 500000ad (kind=<JNI global ref>, id=bc, trace=300000)
ROOT 500000ae (kind=<JNI global ref>, id=bd, trace=300000)
ROOT 500000af (kind=<JNI global ref>, id=be, trace=300000)
ROOT 500000b0 (kind=<JNI global ref>, id=bf, trace=300000)
ROOT 500000b1 (kind=<JNI global ref>, id=c0, trace=300000)
ROOT 500000b2 (kind=<JNI global ref>, id=c1, trace=300000)
ROOT 500000ce (kind=<JNI global ref>, id=c2, trace=300000)
ROOT 500000b3 (kind=<JNI global ref>, id=c3, trace=300000)
ROOT 500000b4 (kind=<JNI global ref>, id=c4, trace=300000)
ROOT 500000b5 (kind=<JNI global ref>, id=c5, trace=300000)
ROOT 500000b6 (kind=<JNI global ref>, id=c6, trace=300000)
ROOT 500000b7 (kind=<JNI global ref>, id=c7, trace=300000)
ROOT 500000b8 (kind=<JNI global ref>, id=c8, trace=300000)
ROOT 500000b9 (kind=<JNI global ref>, id=c9, trace=300000)
ROOT 500000ba (kind=<JNI global ref>, id=ca, trace=300000)
ROOT 500000bb (kind=<JNI global ref>, id=cb, trace=300000)
ROOT 500000bc (kind=<JNI global ref>, id=cc, trace=300000)
ROOT 500000bd (kind=<JNI global ref>, id=cd, trace=300000)
ROOT 500000be (kind=<JNI global ref>, id=ce, trace=300000)
ROOT 500000bf (kind=<JNI global ref>, id=cf, trace=300000)
ROOT 500000c0 (kind=<JNI global ref>, id=d0, trace=300000)
ROOT 500000c1 (kind=<JNI global ref>, id=d1, trace=300000)
ROOT 500000c2 (kind=<JNI global ref>, id=d2, trace=300000)
ROOT 500000c3 (kind=<JNI global ref>, id=d3, trace=300000)
ROOT 500000c4 (kind=<JNI global ref>, id=d4, trace=300000)
ROOT 500000c5 (kind=<JNI global ref>, id=d5, trace=300000)
ROOT 500000c6 (kind=<JNI global ref>, id=d6, trace=300000)
ROOT 500000c7 (kind=<JNI global ref>, id=d7, trace=300000)
ROOT 500000c8 (kind=<JNI global ref>, id=d8, trace=300000)
ROOT 500000cb (kind=<JNI global ref>, id=d9, trace=300000)
ROOT 500000c9 (kind=<JNI global ref>, id=da, trace=300000)
ROOT 500000ca (kind=<JNI global ref>, id=db, trace=300000)
ROOT 500000cc (kind=<JNI global ref>, id=dc, trace=300000)
ROOT 500000cd (kind=<JNI global ref>, id=dd, trace=300000)
ROOT 500000d0 (kind=<JNI global ref>, id=de, trace=300000)
ROOT 5000015e (kind=<JNI global ref>, id=df, trace=300000)
ROOT 500000d1 (kind=<JNI global ref>, id=e0, trace=300000)
ROOT 500000d2 (kind=<JNI global ref>, id=e1, trace=300000)
ROOT 500000d3 (kind=<JNI global ref>, id=e2, trace=300000)
ROOT 500000d4 (kind=<JNI global ref>, id=e3, trace=300000)
ROOT 500000d5 (kind=<JNI global ref>, id=e4, trace=300000)
ROOT 500000d6 (kind=<JNI global ref>, id=e5, trace=300000)
ROOT 500000d8 (kind=<JNI global ref>, id=e6, trace=300000)
ROOT 500000da (kind=<JNI global ref>, id=e7, trace=300000)
ROOT 500000db (kind=<JNI global ref>, id=e8, trace=300000)
ROOT 500000dc (kind=<JNI global ref>, id=e9, trace=300000)
ROOT 500000dd (kind=<JNI global ref>, id=ea, trace=300000)
ROOT 500000de (kind=<JNI global ref>, id=eb, trace=300000)
ROOT 5000016e (kind=<JNI global ref>, id=ec, trace=300000)
ROOT 500000df (kind=<JNI global ref>, id=ed, trace=300000)
ROOT 500000e0 (kind=<JNI global ref>, id=ee, trace=300000)
ROOT 500000e1 (kind=<JNI global ref>, id=ef, trace=300000)
ROOT 500000e2 (kind=<JNI global ref>, id=f0, trace=300000)
ROOT 500000e3 (kind=<JNI global ref>, id=f1, trace=300000)
ROOT 500000e4 (kind=<JNI global ref>, id=f2, trace=300000)
ROOT 500000e5 (kind=<JNI global ref>, id=f3, trace=300000)
ROOT 500000e6 (kind=<JNI global ref>, id=f4, trace=300000)
ROOT 500000e7 (kind=<JNI global ref>, id=f5, trace=300000)
ROOT 500000e8 (kind=<JNI global ref>, id=f6, trace=300000)
ROOT 500000e9 (kind=<JNI global ref>, id=f7, trace=300000)
ROOT 500000ea (kind=<JNI global ref>, id=f8, trace=300000)
ROOT 500000ec (kind=<JNI global ref>, id=f9, trace=300000)
ROOT 500000f8 (kind=<JNI global ref>, id=fa, trace=300000)
ROOT 500000ed (kind=<JNI global ref>, id=fb, trace=300000)
ROOT 500000f9 (kind=<JNI global ref>, id=fc, trace=300000)
ROOT 500000ef (kind=<JNI global ref>, id=fd, trace=300000)
ROOT 500000f0 (kind=<JNI global ref>, id=fe, trace=300000)
ROOT 500000f1 (kind=<JNI global ref>, id=ff, trace=300000)
ROOT 500000f2 (kind=<JNI global ref>, id=100, trace=300000)
ROOT 50000176 (kind=<JNI global ref>, id=101, trace=300000)
ROOT 500000f3 (kind=<JNI global ref>, id=102, trace=300000)
ROOT 500000f4 (kind=<JNI global ref>, id=103, trace=300000)
ROOT 500000f5 (kind=<JNI global ref>, id=104, trace=300000)
ROOT 500000f6 (kind=<JNI global ref>, id=105, trace=300000)
ROOT 500000f7 (kind=<JNI global ref>, id=106, trace=300000)
ROOT 500000fa (kind=<JNI global ref>, id=107, trace=300000)
ROOT 500000fb (kind=<JNI global ref>, id=108, trace=300000)
ROOT 500000fc (kind=<JNI global ref>, id=109, trace=300000)
ROOT 500000fd (kind=<JNI global ref>, id=10a, trace=300000)
ROOT 500000fe (kind=<JNI global ref>, id=10b, trace=300000)
ROOT 500000ff (kind=<JNI global ref>, id=10c, trace=300000)
ROOT 50000100 (kind=<JNI global ref>, id=10d, trace=300000)
ROOT 50000101 (kind=<JNI global ref>, id=10e, trace=300000)
ROOT 50000102 (kind=<JNI global ref>, id=10f, trace=300000)
ROOT 50000105 (kind=<JNI global ref>, id=110, trace=300000)
ROOT 50000103 (kind=<JNI global ref>, id=111, trace=300000)
ROOT 50000104 (kind=<JNI global ref>, id=112, trace=300000)
ROOT 50000106 (kind=<JNI global ref>, id=113, trace=300000)
ROOT 50000107 (kind=<JNI global ref>, id=114, trace=300000)
ROOT 50000108 (kind=<JNI global ref>, id=115, trace=300000)
ROOT 50000109 (kind=<JNI global ref>, id=116, trace=300000)
ROOT 5000010a (kind=<JNI global ref>, id=117, trace=300000)
ROOT 5000010b (kind=<JNI global ref>, id=118, trace=300000)
ROOT 5000010c (kind=<JNI global ref>, id=119, trace=300000)
ROOT 5000010d (kind=<JNI global ref>, id=11a, trace=300000)
ROOT 5000010e (kind=<JNI global ref>, id=11b, trace=300000)
ROOT 5000010f (kind=<JNI global ref>, id=11c, trace=300000)
ROOT 50000110 (kind=<JNI global ref>, id=11d, trace=300000)
ROOT 50000111 (kind=<JNI global ref>, id=11e, trace=300000)
ROOT 50000112 (kind=<JNI global ref>, id=11f, trace=300000)
ROOT 50000113 (kind=<JNI global ref>, id=120, trace=300000)
ROOT 50000114 (kind=<JNI global ref>, id=121, trace=300000)
ROOT 50000115 (kind=<JNI global ref>, id=122, trace=300000)
ROOT 50000116 (kind=<JNI global ref>, id=123, trace=300000)
ROOT 50000117 (kind=<JNI global ref>, id=124, trace=300000)
ROOT 50000118 (kind=<JNI global ref>, id=125, trace=300000)
ROOT 50000119 (kind=<JNI global ref>, id=126, trace=300000)
ROOT 5000011a (kind=<JNI global ref>, id=127, trace=300000)
ROOT 5000011b (kind=<JNI global ref>, id=128, trace=300000)
ROOT 5000011c (kind=<JNI global ref>, id=129, trace=300000)
ROOT 5000011d (kind=<JNI global ref>, id=12a, trace=300000)
ROOT 5000011e (kind=<JNI global ref>, id=12b, trace=300000)
ROOT 5000011f (kind=<JNI global ref>, id=12c, trace=300000)
ROOT 50000120 (kind=<JNI global ref>, id=12d, trace=300000)
ROOT 50000121 (kind=<JNI global ref>, id=12e, trace=300000)
ROOT 50000122 (kind=<JNI global ref>, id=12f, trace=300000)
ROOT 50000124 (kind=<JNI global ref>, id=130, trace=300000)
ROOT 50000125 (kind=<JNI global ref>, id=131, trace=300000)
ROOT 50000127 (kind=<JNI global ref>, id=132, trace=300000)
ROOT 50000128 (kind=<JNI global ref>, id=133, trace=300000)
ROOT 50000129 (kind=<JNI global ref>, id=134, trace=300000)
ROOT 5000012e (kind=<JNI global ref>, id=135, trace=300000)
ROOT 5000012a (kind=<JNI global ref>, id=136, trace=300000)
ROOT 5000012b (kind=<JNI global ref>, id=137, trace=300000)
ROOT 5000012c (kind=<JNI global ref>, id=138, trace=300000)
ROOT 5000012d (kind=<JNI global ref>, id=139, trace=300000)
ROOT 50000171 (kind=<JNI global ref>, id=13a, trace=300000)
ROOT 5000012f (kind=<JNI global ref>, id=13b, trace=300000)
ROOT 50000130 (kind=<JNI global ref>, id=13c, trace=300000)
ROOT 50000132 (kind=<JNI global ref>, id=13d, trace=300000)
ROOT 50000133 (kind=<JNI global ref>, id=13e, trace=300000)
ROOT 50000134 (kind=<JNI global ref>, id=13f, trace=300000)
ROOT 50000135 (kind=<JNI global ref>, id=140, trace=300000)
ROOT 50000137 (kind=<JNI global ref>, id=141, trace=300000)
ROOT 50000136 (kind=<JNI global ref>, id=142, trace=300000)
ROOT 50000138 (kind=<JNI global ref>, id=143, trace=300000)
ROOT 50000139 (kind=<JNI global ref>, id=144, trace=300000)
ROOT 5000013c (kind=<JNI global ref>, id=145, trace=300000)
ROOT 5000013a (kind=<JNI global ref>, id=146, trace=300000)
ROOT 5000013b (kind=<JNI global ref>, id=147, trace=300000)
ROOT 5000013d (kind=<JNI global ref>, id=148, trace=300000)
ROOT 5000013e (kind=<JNI global ref>, id=149, trace=300000)
ROOT 5000013f (kind=<JNI global ref>, id=14a, trace=300000)
ROOT 50000140 (kind=<JNI global ref>, id=14b, trace=300000)
ROOT 50000141 (kind=<JNI global ref>, id=14c, trace=300000)
ROOT 50000142 (kind=<JNI global ref>, id=14d, trace=300000)
ROOT 50000143 (kind=<JNI global ref>, id=14e, trace=300000)
ROOT 50000144 (kind=<JNI global ref>, id=14f, trace=300000)
ROOT 50000145 (kind=<JNI global ref>, id=150, trace=300000)
ROOT 50000146 (kind=<JNI global ref>, id=151, trace=300000)
ROOT 50000147 (kind=<JNI global ref>, id=152, trace=300000)
ROOT 50000148 (kind=<JNI global ref>, id=153, trace=300000)
ROOT 50000150 (kind=<JNI global ref>, id=154, trace=300000)
ROOT 50000149 (kind=<JNI global ref>, id=155, trace=300000)
ROOT 5000014a (kind=<JNI global ref>, id=156, trace=300000)
ROOT 5000014b (kind=<JNI global ref>, id=157, trace=300000)
ROOT 5000017b (kind=<JNI global ref>, id=158, trace=300000)
ROOT 5000014d (kind=<JNI global ref>, id=159, trace=300000)
ROOT 5000014e (kind=<JNI global ref>, id=15a, trace=300000)
ROOT 5000014f (kind=<JNI global ref>, id=15b, trace=300000)
ROOT 50000151 (kind=<JNI global ref>, id=15c, trace=300000)
ROOT 50000153 (kind=<JNI global ref>, id=15d, trace=300000)
ROOT 50000152 (kind=<JNI global ref>, id=15e, trace=300000)
ROOT 50000157 (kind=<JNI global ref>, id=15f, trace=300000)
ROOT 50000154 (kind=<JNI global ref>, id=160, trace=300000)
ROOT 50000155 (kind=<JNI global ref>, id=161, trace=300000)
ROOT 50000156 (kind=<JNI global ref>, id=162, trace=300000)
ROOT 50000158 (kind=<JNI global ref>, id=163, trace=300000)
ROOT 50000159 (kind=<JNI global ref>, id=164, trace=300000)
ROOT 5000015a (kind=<JNI global ref>, id=165, trace=300000)
ROOT 5000015b (kind=<JNI global ref>, id=166, trace=300000)
ROOT 5000015c (kind=<JNI global ref>, id=167, trace=300000)
ROOT 5000015d (kind=<JNI global ref>, id=168, trace=300000)
ROOT 5000015f (kind=<JNI global ref>, id=169, trace=300000)
ROOT 50000160 (kind=<JNI global ref>, id=16a, trace=300000)
ROOT 50000163 (kind=<JNI global ref>, id=16b, trace=300000)
ROOT 50000161 (kind=<JNI global ref>, id=16c, trace=300000)
ROOT 50000162 (kind=<JNI global ref>, id=16d, trace=300000)
ROOT 50000166 (kind=<JNI global ref>, id=16e, trace=300000)
ROOT 50000167 (kind=<JNI global ref>, id=16f, trace=300000)
ROOT 50000168 (kind=<JNI global ref>, id=170, trace=300000)
ROOT 5000016a (kind=<JNI global ref>, id=171, trace=300000)
ROOT 50000169 (kind=<JNI global ref>, id=172, trace=300000)
ROOT 50000178 (kind=<JNI global ref>, id=173, trace=300000)
ROOT 5000016b (kind=<JNI global ref>, id=174, trace=300000)
ROOT 5000016c (kind=<JNI global ref>, id=175, trace=300000)
ROOT 5000016d (kind=<JNI global ref>, id=176, trace=300000)
ROOT 5000016f (kind=<JNI global ref>, id=177, trace=300000)
ROOT 50000170 (kind=<JNI global ref>, id=178, trace=300000)
ROOT 50000172 (kind=<JNI global ref>, id=179, trace=300000)
ROOT 50000173 (kind=<JNI global ref>, id=17a, trace=300000)
ROOT 50000174 (kind=<JNI global ref>, id=17b, trace=300000)
ROOT 50000179 (kind=<JNI global ref>, id=17c, trace=300000)
ROOT 50000177 (kind=<JNI global ref>, id=17d, trace=300000)
ROOT 5000017a (kind=<JNI global ref>, id=17e, trace=300000)
ROOT 5000017c (kind=<JNI global ref>, id=17f, trace=300000)
ROOT 5000017d (kind=<JNI global ref>, id=180, trace=300000)
ROOT 5000017e (kind=<JNI global ref>, id=181, trace=300000)
ROOT 5000017f (kind=<JNI global ref>, id=182, trace=300000)
ROOT 50000180 (kind=<JNI global ref>, id=183, trace=300000)
ROOT 50000181 (kind=<JNI global ref>, id=184, trace=300000)
ROOT 50000182 (kind=<JNI global ref>, id=185, trace=300000)
ROOT 50000183 (kind=<JNI global ref>, id=186, trace=300000)
ROOT 50000184 (kind=<JNI global ref>, id=187, trace=300000)
ROOT 50000186 (kind=<JNI global ref>, id=188, trace=300000)
ROOT 50000187 (kind=<JNI global ref>, id=189, trace=300000)
ROOT 50000188 (kind=<JNI global ref>, id=18a, trace=300000)
ROOT 50000189 (kind=<JNI global ref>, id=18b, trace=300000)
ROOT 5000018a (kind=<JNI global ref>, id=18c, trace=300000)
ROOT 5000018b (kind=<JNI global ref>, id=18d, trace=300000)
ROOT 5000018c (kind=<JNI global ref>, id=18e, trace=300000)
ROOT 5000018d (kind=<JNI global ref>, id=18f, trace=300000)
ROOT 50000195 (kind=<JNI global ref>, id=190, trace=300003)
ROOT 50000198 (kind=<JNI global ref>, id=191, trace=300006)
ROOT 500001a1 (kind=<JNI global ref>, id=192, trace=300014)
ROOT 500001a2 (kind=<JNI global ref>, id=193, trace=300014)
ROOT 500001a4 (kind=<JNI global ref>, id=194, trace=300016)
ROOT 500001a6 (kind=<JNI global ref>, id=195, trace=300018)
ROOT 500001aa (kind=<JNI global ref>, id=196, trace=300021)
ROOT 500001ab (kind=<JNI global ref>, id=197, trace=300021)
ROOT 500001ac (kind=<JNI global ref>, id=198, trace=300022)
ROOT 500001ad (kind=<JNI global ref>, id=199, trace=300023)
ROOT 500001b2 (kind=<JNI global ref>, id=19a, trace=300027)
ROOT 500001b4 (kind=<JNI global ref>, id=19b, trace=300029)
ROOT 500001b8 (kind=<JNI global ref>, id=19c, trace=300033)
ROOT 500001ba (kind=<JNI global ref>, id=19d, trace=300035)
ROOT 500001bc (kind=<JNI global ref>, id=19e, trace=300037)
ROOT 500001c3 (kind=<JNI global ref>, id=19f, trace=300000)
ROOT 500001c4 (kind=<JNI global ref>, id=1a0, trace=300042)
ROOT 500001c6 (kind=<JNI global ref>, id=1a1, trace=300044)
ROOT 500001cb (kind=<JNI global ref>, id=1a2, trace=300046)
ROOT 500001d4 (kind=<JNI global ref>, id=1a3, trace=300053)
ROOT 500001e2 (kind=<JNI global ref>, id=1a4, trace=300065)
ROOT 500001e4 (kind=<JNI global ref>, id=1a5, trace=300067)
ROOT 500001e5 (kind=<JNI global ref>, id=1a6, trace=300068)
ROOT 500001e7 (kind=<JNI global ref>, id=1a7, trace=300070)
ROOT 500001ea (kind=<JNI global ref>, id=1a8, trace=300073)
ROOT 500002f0 (kind=<JNI global ref>, id=1a9, trace=300084)
ROOT 500002f1 (kind=<JNI global ref>, id=1aa, trace=300085)
ROOT 500002f4 (kind=<JNI global ref>, id=1ab, trace=300088)
ROOT 500002f6 (kind=<JNI global ref>, id=1ac, trace=300090)
ROOT 500002f7 (kind=<JNI global ref>, id=1ad, trace=300090)
ROOT 500002f9 (kind=<JNI global ref>, id=1ae, trace=300092)
ROOT 5000036d (kind=<JNI global ref>, id=1af, trace=300104)
ROOT 500003a1 (kind=<JNI global ref>, id=1b0, trace=300147)
ROOT 500003a2 (kind=<JNI global ref>, id=1b1, trace=300147)
ROOT 500003ad (kind=<JNI global ref>, id=1b2, trace=300157)
ROOT 500003b4 (kind=<JNI global ref>, id=1b3, trace=300164)
ROOT 500003b7 (kind=<JNI global ref>, id=1b4, trace=300000)
ROOT 500003b9 (kind=<JNI global ref>, id=1b5, trace=300167)
ROOT 500003be (kind=<JNI global ref>, id=1b6, trace=300171)
ROOT 500003bf (kind=<JNI global ref>, id=1b7, trace=300172)
ROOT 500003c0 (kind=<JNI global ref>, id=1b8, trace=300173)
ROOT 500003c5 (kind=<JNI global ref>, id=1b9, trace=300178)
ROOT 500003c6 (kind=<JNI global ref>, id=1ba, trace=300179)
ROOT 500003c9 (kind=<JNI global ref>, id=1bb, trace=300182)
ROOT 500003cb (kind=<JNI global ref>, id=1bc, trace=300184)
ROOT 500003cd (kind=<JNI global ref>, id=1bd, trace=300186)
ROOT 500003cf (kind=<JNI global ref>, id=1be, trace=300188)
ROOT 500003d0 (kind=<JNI global ref>, id=1bf, trace=300188)
ROOT 500003d8 (kind=<JNI global ref>, id=1c0, trace=300194)
ROOT 500003da (kind=<JNI global ref>, id=1c1, trace=300195)
ROOT 500003db (kind=<JNI global ref>, id=1c2, trace=300196)
ROOT 5000063f (kind=<JNI global ref>, id=1c3, trace=300290)
ROOT 50000641 (kind=<JNI global ref>, id=1c4, trace=300292)
ROOT 50000643 (kind=<JNI global ref>, id=1c5, trace=300294)
ROOT 50000645 (kind=<JNI global ref>, id=1c6, trace=300296)
ROOT 50000647 (kind=<JNI global ref>, id=1c7, trace=300298)
ROOT 50000649 (kind=<JNI global ref>, id=1c8, trace=300300)
ROOT 5000064f (kind=<JNI global ref>, id=1c9, trace=300305)
ROOT 50000651 (kind=<JNI global ref>, id=1ca, trace=300307)
ROOT 50000652 (kind=<JNI global ref>, id=1cb, trace=300307)
ROOT 50000653 (kind=<JNI global ref>, id=1cc, trace=300308)
ROOT 50000654 (kind=<JNI global ref>, id=1cd, trace=300308)
ROOT 50000655 (kind=<JNI global ref>, id=1ce, trace=300309)
ROOT 50000656 (kind=<JNI global ref>, id=1cf, trace=300309)
ROOT 5000066b (kind=<JNI global ref>, id=1d0, trace=300327)
ROOT 5000066c (kind=<JNI global ref>, id=1d1, trace=300328)
ROOT 5000066d (kind=<JNI global ref>, id=1d2, trace=300328)
ROOT 50000670 (kind=<JNI global ref>, id=1d3, trace=300331)
ROOT 50000675 (kind=<JNI global ref>, id=1d4, trace=300336)
ROOT 500006d7 (kind=<JNI global ref>, id=1d5, trace=300350)
ROOT 500006d9 (kind=<JNI global ref>, id=1d6, trace=300352)
ROOT 500006ee (kind=<JNI global ref>, id=1d7, trace=300366)
ROOT 500006ef (kind=<JNI global ref>, id=1d8, trace=300366)
ROOT 500006f1 (kind=<JNI global ref>, id=1d9, trace=300368)
ROOT 500007d3 (kind=<JNI global ref>, id=1da, trace=300370)
ROOT 500009b8 (kind=<JNI global ref>, id=1db, trace=300372)
ROOT 500009b9 (kind=<JNI global ref>, id=1dc, trace=300373)
ROOT 500009c9 (kind=<JNI global ref>, id=1dd, trace=300387)
ROOT 500009cb (kind=<JNI global ref>, id=1de, trace=300389)
ROOT 500009d5 (kind=<JNI global ref>, id=1df, trace=300395)
ROOT 500009da (kind=<JNI global ref>, id=1e0, trace=300400)
ROOT 500009dc (kind=<JNI global ref>, id=1e1, trace=300402)
ROOT 500009dd (kind=<JNI global ref>, id=1e2, trace=300402)
ROOT 500009df (kind=<JNI global ref>, id=1e3, trace=300404)
ROOT 500009e0 (kind=<JNI global ref>, id=1e4, trace=300404)
ROOT 500009e1 (kind=<JNI global ref>, id=1e5, trace=300404)
ROOT 500009e2 (kind=<JNI global ref>, id=1e6, trace=300404)
ROOT 500009f5 (kind=<JNI global ref>, id=1e7, trace=300418)
ROOT 50000a24 (kind=<JNI global ref>, id=1e8, trace=300432)
ROOT 50000a25 (kind=<JNI global ref>, id=1e9, trace=300432)
ROOT 50000a2f (kind=<JNI global ref>, id=1ea, trace=300436)
ROOT 50000a3c (kind=<JNI global ref>, id=1eb, trace=300444)
ROOT 50000a4e (kind=<JNI global ref>, id=1ec, trace=300452)
ROOT 50000ab8 (kind=<JNI global ref>, id=1ed, trace=300475)
ROOT 50000ab9 (kind=<JNI global ref>, id=1ee, trace=300476)
ROOT 50000aba (kind=<JNI global ref>, id=1ef, trace=300476)
ROOT 50000ac4 (kind=<JNI global ref>, id=1f0, trace=300482)
ROOT 50000ac8 (kind=<JNI global ref>, id=1f1, trace=300483)
ROOT 50000ad3 (kind=<JNI global ref>, id=1f2, trace=300147)
ROOT 50000ae9 (kind=<JNI global ref>, id=1f3, trace=300147)
ROOT 50000afb (kind=<JNI global ref>, id=1f4, trace=300147)
ROOT 50000b0d (kind=<JNI global ref>, id=1f5, trace=300147)
ROOT 50000b1d (kind=<JNI global ref>, id=1f6, trace=300495)
ROOT 50000b20 (kind=<JNI global ref>, id=1f7, trace=300498)
ROOT 50000b35 (kind=<JNI global ref>, id=1f8, trace=300509)
ROOT 50000b36 (kind=<JNI global ref>, id=1f9, trace=300510)
ROOT 50000b38 (kind=<JNI global ref>, id=1fa, trace=300512)
ROOT 50000b3a (kind=<JNI global ref>, id=1fb, trace=300514)
ROOT 50000b3c (kind=<JNI global ref>, id=1fc, trace=300516)
ROOT 50000b3d (kind=<JNI global ref>, id=1fd, trace=300516)
ROOT 50000b3e (kind=<JNI global ref>, id=1fe, trace=300516)
ROOT 50000126 (kind=<JNI global ref>, id=1ff, trace=300000)
ROOT 50000b3c (kind=<JNI global ref>, id=200, trace=300516)
ROOT 50000b3e (kind=<JNI global ref>, id=201, trace=300516)
ROOT 50000b41 (kind=<JNI global ref>, id=202, trace=300519)
ROOT 50000b42 (kind=<JNI global ref>, id=203, trace=300519)
ROOT 50000b53 (kind=<JNI global ref>, id=204, trace=300526)
ROOT 50000b5a (kind=<JNI global ref>, id=205, trace=300530)
ROOT 50000b8b (kind=<JNI global ref>, id=206, trace=300573)
ROOT 50000b8d (kind=<JNI global ref>, id=207, trace=300575)
ROOT 50000b8e (kind=<JNI global ref>, id=208, trace=300575)
ROOT 50000b93 (kind=<JNI global ref>, id=209, trace=300580)
ROOT 50000b96 (kind=<JNI global ref>, id=20a, trace=300582)
ROOT 50000b9a (kind=<JNI global ref>, id=20b, trace=300585)
ROOT 50000b9c (kind=<JNI global ref>, id=20c, trace=300587)
ROOT 50000b9d (kind=<JNI global ref>, id=20d, trace=300587)
ROOT 50000ba4 (kind=<JNI global ref>, id=20e, trace=300593)
ROOT 50000c1e (kind=<JNI global ref>, id=20f, trace=300602)
ROOT 50000c20 (kind=<JNI global ref>, id=210, trace=300604)
ROOT 50000c4f (kind=<JNI global ref>, id=211, trace=300432)
ROOT 50000d25 (kind=<JNI global ref>, id=212, trace=300618)
ROOT 50000d4f (kind=<JNI global ref>, id=213, trace=300640)
ROOT 50000d50 (kind=<JNI global ref>, id=214, trace=300640)
ROOT 50000d56 (kind=<JNI global ref>, id=215, trace=300646)
ROOT 50000d5a (kind=<JNI global ref>, id=216, trace=300649)
ROOT 50000d5d (kind=<JNI global ref>, id=217, trace=300652)
ROOT 50000d5f (kind=<JNI global ref>, id=218, trace=300653)
ROOT 50000d6b (kind=<JNI global ref>, id=219, trace=300659)
ROOT 50000d84 (kind=<JNI global ref>, id=21a, trace=300671)
ROOT 50000d88 (kind=<JNI global ref>, id=21b, trace=300675)
ROOT 50000d89 (kind=<JNI global ref>, id=21c, trace=300676)
ROOT 50000d8a (kind=<JNI global ref>, id=21d, trace=300676)
ROOT 50000d8b (kind=<JNI global ref>, id=21e, trace=300676)
ROOT 50000dbd (kind=<JNI global ref>, id=21f, trace=300692)
ROOT 50000dbe (kind=<JNI global ref>, id=220, trace=300693)
ROOT 50000dbf (kind=<JNI global ref>, id=221, trace=300693)
ROOT 50000dc0 (kind=<JNI global ref>, id=222, trace=300694)
ROOT 50000dc1 (kind=<JNI global ref>, id=223, trace=300695)
ROOT 50000dc2 (kind=<JNI global ref>, id=224, trace=300695)
ROOT 50000dc6 (kind=<JNI global ref>, id=225, trace=300699)
ROOT 50000dc7 (kind=<JNI global ref>, id=226, trace=300699)
ROOT 50000dc8 (kind=<JNI global ref>, id=227, trace=300700)
ROOT 50000dcf (kind=<JNI global ref>, id=228, trace=300707)
ROOT 50000dd5 (kind=<JNI global ref>, id=229, trace=300713)
ROOT 50000ddc (kind=<JNI global ref>, id=22a, trace=300717)
ROOT 50000dde (kind=<JNI global ref>, id=22b, trace=300719)
ROOT 50000de0 (kind=<JNI global ref>, id=22c, trace=300721)
ROOT 50000de4 (kind=<JNI global ref>, id=22d, trace=300725)
ROOT 50000de5 (kind=<JNI global ref>, id=22e, trace=300725)
ROOT 50000de6 (kind=<JNI global ref>, id=22f, trace=300726)
ROOT 50000e25 (kind=<JNI global ref>, id=230, trace=300741)
ROOT 50000fa5 (kind=<JNI global ref>, id=231, trace=300747)
ROOT 50000fa7 (kind=<JNI global ref>, id=232, trace=300749)
ROOT 50000fef (kind=<JNI global ref>, id=233, trace=300784)
ROOT 50000ff5 (kind=<JNI global ref>, id=234, trace=300790)
ROOT 50000ffb (kind=<JNI global ref>, id=235, trace=300796)
ROOT 50001004 (kind=<JNI global ref>, id=236, trace=300804)
ROOT 50001006 (kind=<JNI global ref>, id=237, trace=300806)
ROOT 5000100a (kind=<JNI global ref>, id=238, trace=300809)
ROOT 50001030 (kind=<JNI global ref>, id=239, trace=300432)
ROOT 50001031 (kind=<JNI global ref>, id=23a, trace=300432)
ROOT 5000103a (kind=<JNI global ref>, id=23b, trace=300821)
ROOT 5000103d (kind=<JNI global ref>, id=23c, trace=300822)
ROOT 500010cb (kind=<JNI global ref>, id=23d, trace=300857)
ROOT 500010cc (kind=<JNI global ref>, id=23e, trace=300857)
ROOT 500010df (kind=<JNI global ref>, id=23f, trace=300866)
ROOT 500010e3 (kind=<JNI global ref>, id=240, trace=300870)
ROOT 500010f2 (kind=<JNI global ref>, id=241, trace=300879)
ROOT 5000110d (kind=<JNI global ref>, id=242, trace=300899)
ROOT 50001112 (kind=<JNI global ref>, id=243, trace=300904)
ROOT 50001113 (kind=<JNI global ref>, id=244, trace=300905)
ROOT 50001115 (kind=<JNI global ref>, id=245, trace=300906)
ROOT 5000111e (kind=<JNI global ref>, id=246, trace=300915)
ROOT 50001123 (kind=<JNI global ref>, id=247, trace=300920)
ROOT 50001136 (kind=<JNI global ref>, id=248, trace=300935)
ROOT 50001137 (kind=<JNI global ref>, id=249, trace=300936)
ROOT 50001142 (kind=<JNI global ref>, id=24a, trace=300947)
ROOT 50001144 (kind=<JNI global ref>, id=24b, trace=300948)
ROOT 50001147 (kind=<JNI global ref>, id=24c, trace=300951)
ROOT 50001149 (kind=<JNI global ref>, id=24d, trace=300953)
ROOT 5000114e (kind=<JNI global ref>, id=24e, trace=300956)
ROOT 50001151 (kind=<JNI global ref>, id=24f, trace=300959)
ROOT 50001153 (kind=<JNI global ref>, id=250, trace=300961)
ROOT 50001155 (kind=<JNI global ref>, id=251, trace=300963)
ROOT 50001157 (kind=<JNI global ref>, id=252, trace=300965)
ROOT 50001159 (kind=<JNI global ref>, id=253, trace=300967)
ROOT 5000115a (kind=<JNI global ref>, id=254, trace=300967)
ROOT 5000115b (kind=<JNI global ref>, id=255, trace=300967)
ROOT 5000115e (kind=<JNI global ref>, id=256, trace=300970)
ROOT 5000115f (kind=<JNI global ref>, id=257, trace=300971)
ROOT 50001160 (kind=<JNI global ref>, id=258, trace=300972)
ROOT 50001161 (kind=<JNI global ref>, id=259, trace=300972)
ROOT 50001164 (kind=<JNI global ref>, id=25a, trace=300975)
ROOT 50001169 (kind=<JNI global ref>, id=25b, trace=300980)
ROOT 5000116a (kind=<JNI global ref>, id=25c, trace=300981)
ROOT 5000116c (kind=<JNI global ref>, id=25d, trace=300982)
ROOT 5000116d (kind=<JNI global ref>, id=25e, trace=300982)
ROOT 5000116e (kind=<JNI global ref>, id=25f, trace=300982)
ROOT 50001170 (kind=<JNI global ref>, id=260, trace=300984)
ROOT 50001171 (kind=<JNI global ref>, id=261, trace=300984)
ROOT 50001172 (kind=<JNI global ref>, id=262, trace=300985)
ROOT 50001173 (kind=<JNI global ref>, id=263, trace=300986)
ROOT 50001174 (kind=<JNI global ref>, id=264, trace=300987)
ROOT 50001176 (kind=<JNI global ref>, id=265, trace=300989)
ROOT 5000117d (kind=<JNI global ref>, id=266, trace=300996)
ROOT 5000117f (kind=<JNI global ref>, id=267, trace=300998)
ROOT 50001183 (kind=<JNI global ref>, id=268, trace=301000)
ROOT 50001185 (kind=<JNI global ref>, id=269, trace=301002)
ROOT 50001187 (kind=<JNI global ref>, id=26a, trace=301004)
ROOT 5000118d (kind=<JNI global ref>, id=26b, trace=301007)
ROOT 5000118f (kind=<JNI global ref>, id=26c, trace=301009)
ROOT 50001190 (kind=<JNI global ref>, id=26d, trace=301010)
ROOT 500011a1 (kind=<JNI global ref>, id=26e, trace=301024)
ROOT 50001254 (kind=<JNI global ref>, id=26f, trace=301045)
ROOT 50001256 (kind=<JNI global ref>, id=270, trace=301047)
ROOT 50001257 (kind=<JNI global ref>, id=271, trace=301047)
ROOT 5000125d (kind=<JNI global ref>, id=272, trace=301052)
ROOT 50001263 (kind=<JNI global ref>, id=273, trace=301058)
ROOT 50001265 (kind=<JNI global ref>, id=274, trace=301060)
ROOT 50001267 (kind=<JNI global ref>, id=275, trace=301061)
ROOT 50001269 (kind=<JNI global ref>, id=276, trace=301063)
ROOT 5000128c (kind=<JNI global ref>, id=277, trace=301073)
ROOT 5000128e (kind=<JNI global ref>, id=278, trace=301075)
ROOT 5000128f (kind=<JNI global ref>, id=279, trace=301075)
ROOT 5000129a (kind=<JNI global ref>, id=27a, trace=301081)
ROOT 500012a1 (kind=<JNI global ref>, id=27b, trace=301088)
ROOT 500012ac (kind=<JNI global ref>, id=27c, trace=301095)
ROOT 500012ae (kind=<JNI global ref>, id=27d, trace=301097)
ROOT 500012bd (kind=<JNI global ref>, id=27e, trace=301104)
ROOT 500012d1 (kind=<JNI global ref>, id=27f, trace=301117)
ROOT 500012d6 (kind=<JNI global ref>, id=280, trace=301121)
ROOT 500012d7 (kind=<JNI global ref>, id=281, trace=301121)
ROOT 50001309 (kind=<JNI global ref>, id=282, trace=301145)
ROOT 5000130a (kind=<JNI global ref>, id=283, trace=301145)
ROOT 5000130b (kind=<JNI global ref>, id=284, trace=301145)
ROOT 50001310 (kind=<JNI global ref>, id=285, trace=301150)
ROOT 50001320 (kind=<JNI global ref>, id=286, trace=301159)
ROOT 50001324 (kind=<JNI global ref>, id=287, trace=301163)
ROOT 5000132b (kind=<JNI global ref>, id=288, trace=301166)
ROOT 5000133f (kind=<JNI global ref>, id=289, trace=301172)
ROOT 50001340 (kind=<JNI global ref>, id=28a, trace=301173)
ROOT 50001352 (kind=<JNI global ref>, id=28b, trace=301183)
ROOT 500013ad (kind=<JNI global ref>, id=28c, trace=301183)
ROOT 500013c5 (kind=<JNI global ref>, id=28d, trace=301203)
ROOT 500013cf (kind=<JNI global ref>, id=28e, trace=301210)
ROOT 500013d3 (kind=<JNI global ref>, id=28f, trace=301214)
ROOT 500013d4 (kind=<JNI global ref>, id=290, trace=301215)
ROOT 500013db (kind=<JNI global ref>, id=291, trace=301217)
ROOT 500013e9 (kind=<JNI global ref>, id=292, trace=301225)
ROOT 50001519 (kind=<JNI global ref>, id=293, trace=301410)
ROOT 5000151b (kind=<JNI global ref>, id=294, trace=301412)
ROOT 50001523 (kind=<JNI global ref>, id=295, trace=301418)
ROOT 50001524 (kind=<JNI global ref>, id=296, trace=301418)
ROOT 50001582 (kind=<JNI global ref>, id=297, trace=301456)
ROOT 50001583 (kind=<JNI global ref>, id=298, trace=301457)
ROOT 50001586 (kind=<JNI global ref>, id=299, trace=301460)
ROOT 50001587 (kind=<JNI global ref>, id=29a, trace=301461)
ROOT 50001588 (kind=<JNI global ref>, id=29b, trace=301462)
ROOT 50001589 (kind=<JNI global ref>, id=29c, trace=301463)
ROOT 5000158a (kind=<JNI global ref>, id=29d, trace=301464)
ROOT 5000158b (kind=<JNI global ref>, id=29e, trace=301465)
ROOT 5000158c (kind=<JNI global ref>, id=29f, trace=301466)
ROOT 50001594 (kind=<JNI global ref>, id=2a0, trace=301471)
ROOT 50001708 (kind=<JNI global ref>, id=2a1, trace=301475)
ROOT 50001721 (kind=<JNI global ref>, id=2a2, trace=301483)
ROOT 50001722 (kind=<JNI global ref>, id=2a3, trace=301483)
ROOT 5000174b (kind=<JNI global ref>, id=2a4, trace=300432)
ROOT 5000174c (kind=<JNI global ref>, id=2a5, trace=300432)
ROOT 5000174d (kind=<JNI global ref>, id=2a6, trace=300432)
ROOT 500017b7 (kind=<JNI global ref>, id=2a7, trace=301183)
ROOT 50001971 (kind=<JNI global ref>, id=2a8, trace=301714)
ROOT 50001975 (kind=<JNI global ref>, id=2a9, trace=301718)
ROOT 50001976 (kind=<JNI global ref>, id=2aa, trace=301719)
ROOT 50001979 (kind=<JNI global ref>, id=2ab, trace=301721)
ROOT 5000197d (kind=<JNI global ref>, id=2ac, trace=301725)
ROOT 50001986 (kind=<JNI global ref>, id=2ad, trace=301734)
ROOT 500019a5 (kind=<JNI global ref>, id=2ae, trace=301760)
ROOT 500019a6 (kind=<JNI global ref>, id=2af, trace=301760)
ROOT 500019a8 (kind=<JNI global ref>, id=2b0, trace=301762)
ROOT 50001ad0 (kind=<JNI global ref>, id=2b1, trace=300000)
ROOT 50001ad2 (kind=<JNI global ref>, id=2b2, trace=301797)
ROOT 50001ad5 (kind=<JNI global ref>, id=2b3, trace=300000)
ROOT 50001ad6 (kind=<JNI global ref>, id=2b4, trace=300000)
ROOT 50001ad7 (kind=<JNI global ref>, id=2b5, trace=300000)
ROOT 50001ad8 (kind=<JNI global ref>, id=2b6, trace=300000)
ROOT 50001ad9 (kind=<JNI global ref>, id=2b7, trace=300000)
ROOT 50001ae4 (kind=<unknown>)
ROOT 50001ae5 (kind=<unknown>)
ROOT 50001ae6 (kind=<unknown>)
ROOT 50001ae7 (kind=<unknown>)
ROOT 50001ae8 (kind=<unknown>)
ROOT 50001ae9 (kind=<unknown>)
ROOT 50001aea (kind=<unknown>)
ROOT 50001aeb (kind=<unknown>)
ROOT 50001aec (kind=<unknown>)
ROOT 50001aed (kind=<unknown>)
ROOT 50001aee (kind=<unknown>)
ROOT 50001aef (kind=<unknown>)
ROOT 50001af0 (kind=<unknown>)
ROOT 50001af1 (kind=<unknown>)
ROOT 50001af2 (kind=<unknown>)
ROOT 50001af3 (kind=<unknown>)
ROOT 50001af4 (kind=<unknown>)
ROOT 50001af5 (kind=<unknown>)
ROOT 50001af6 (kind=<unknown>)
ROOT 50001af7 (kind=<unknown>)
ROOT 50001af8 (kind=<unknown>)
ROOT 50001af9 (kind=<unknown>)
ROOT 50001afa (kind=<unknown>)
ROOT 50001afb (kind=<unknown>)
ROOT 50001afc (kind=<unknown>)
ROOT 50001afd (kind=<unknown>)
ROOT 50001afe (kind=<unknown>)
ROOT 50001aff (kind=<unknown>)
ROOT 50001b00 (kind=<unknown>)
ROOT 50001b01 (kind=<unknown>)
ROOT 50001b02 (kind=<unknown>)
ROOT 50001b03 (kind=<unknown>)
ROOT 50001b04 (kind=<unknown>)
ROOT 50001b05 (kind=<unknown>)
ROOT 50001b06 (kind=<unknown>)
ROOT 50001b07 (kind=<unknown>)
ROOT 50001b08 (kind=<unknown>)
ROOT 50001b09 (kind=<unknown>)
ROOT 50001b0a (kind=<unknown>)
ROOT 50001b0b (kind=<unknown>)
ROOT 50001b0c (kind=<unknown>)
ROOT 50001b0d (kind=<unknown>)
ROOT 50001b0e (kind=<unknown>)
ROOT 50001b0f (kind=<unknown>)
ROOT 50001b10 (kind=<unknown>)
ROOT 50001b11 (kind=<unknown>)
ROOT 50001b12 (kind=<unknown>)
ROOT 50001b13 (kind=<unknown>)
ROOT 50001b14 (kind=<unknown>)
ROOT 50001b15 (kind=<unknown>)
ROOT 50001b16 (kind=<unknown>)
ROOT 50001b17 (kind=<unknown>)
ROOT 50001b18 (kind=<unknown>)
ROOT 50001b19 (kind=<unknown>)
ROOT 50001b1a (kind=<unknown>)
ROOT 50001b1b (kind=<unknown>)
ROOT 50001b1c (kind=<unknown>)
ROOT 50001b1d (kind=<unknown>)
ROOT 50001b1e (kind=<unknown>)
ROOT 50001b1f (kind=<unknown>)
ROOT 50001b20 (kind=<unknown>)
ROOT 50001b21 (kind=<unknown>)
ROOT 50001b22 (kind=<unknown>)
ROOT 50001b23 (kind=<unknown>)
ROOT 50001b24 (kind=<unknown>)
ROOT 50001b25 (kind=<unknown>)
ROOT 50001b26 (kind=<unknown>)
ROOT 50001b27 (kind=<unknown>)
ROOT 50001b28 (kind=<unknown>)
ROOT 50001b29 (kind=<unknown>)
ROOT 50001b2a (kind=<unknown>)
ROOT 50001b2b (kind=<unknown>)
ROOT 50001b2c (kind=<unknown>)
ROOT 50001b2d (kind=<unknown>)
ROOT 50001b2e (kind=<unknown>)
ROOT 50001b2f (kind=<unknown>)
ROOT 50001b30 (kind=<unknown>)
ROOT 50001b31 (kind=<unknown>)
ROOT 50001b32 (kind=<unknown>)
ROOT 50001b33 (kind=<unknown>)
ROOT 50001b34 (kind=<unknown>)
ROOT 50001b35 (kind=<unknown>)
ROOT 50001b36 (kind=<unknown>)
ROOT 50001b37 (kind=<unknown>)
ROOT 50001b38 (kind=<unknown>)
ROOT 50001b39 (kind=<unknown>)
ROOT 50001b3a (kind=<unknown>)
ROOT 50001b3b (kind=<unknown>)
ROOT 50001b3c (kind=<unknown>)
ROOT 50001b3d (kind=<unknown>)
ROOT 50001b3e (kind=<unknown>)
ROOT 50001b3f (kind=<unknown>)
ROOT 50001b40 (kind=<unknown>)
ROOT 50001b41 (kind=<unknown>)
ROOT 50001b42 (kind=<unknown>)
ROOT 50001b43 (kind=<unknown>)
ROOT 50001b44 (kind=<unknown>)
ROOT 50001b45 (kind=<unknown>)
ROOT 50001b46 (kind=<unknown>)
ROOT 50001b47 (kind=<unknown>)
ROOT 50001b48 (kind=<unknown>)
ROOT 50001b49 (kind=<unknown>)
ROOT 50001b4a (kind=<unknown>)
ROOT 50001b4b (kind=<unknown>)
ROOT 50001b4c (kind=<unknown>)
ROOT 50001b4d (kind=<unknown>)
ROOT 50001b4e (kind=<unknown>)
ROOT 50001b4f (kind=<unknown>)
ROOT 50001b50 (kind=<unknown>)
ROOT 50001b51 (kind=<unknown>)
ROOT 50001b52 (kind=<unknown>)
ROOT 50001b53 (kind=<unknown>)
ROOT 50001b54 (kind=<unknown>)
ROOT 50001b55 (kind=<unknown>)
ROOT 50001b56 (kind=<unknown>)
ROOT 50001b57 (kind=<unknown>)
ROOT 50001b58 (kind=<unknown>)
ROOT 50001b59 (kind=<unknown>)
ROOT 50001b5a (kind=<unknown>)
ROOT 50001b5b (kind=<unknown>)
ROOT 50001b5c (kind=<unknown>)
ROOT 50001b5d (kind=<unknown>)
ROOT 50001b5e (kind=<unknown>)
ROOT 50001b5f (kind=<unknown>)
ROOT 50001b60 (kind=<unknown>)
ROOT 50001b61 (kind=<unknown>)
ROOT 50001b62 (kind=<unknown>)
ROOT 50001b63 (kind=<unknown>)
ROOT 50001b64 (kind=<unknown>)
ROOT 50001b65 (kind=<unknown>)
ROOT 50001b66 (kind=<unknown>)
ROOT 50001b67 (kind=<unknown>)
ROOT 50001b68 (kind=<unknown>)
ROOT 50001b69 (kind=<unknown>)
ROOT 50001b6a (kind=<unknown>)
ROOT 50001b6b (kind=<unknown>)
ROOT 50001b6c (kind=<unknown>)
ROOT 50001b6d (kind=<unknown>)
ROOT 50001b6e (kind=<unknown>)
ROOT 50001b6f (kind=<unknown>)
ROOT 50001b70 (kind=<unknown>)
ROOT 50001b71 (kind=<unknown>)
ROOT 50001b72 (kind=<unknown>)
ROOT 50001b73 (kind=<unknown>)
ROOT 50001b74 (kind=<unknown>)
ROOT 50001b75 (kind=<unknown>)
ROOT 50001b76 (kind=<unknown>)
ROOT 50001b77 (kind=<unknown>)
ROOT 50001b78 (kind=<unknown>)
ROOT 50001b79 (kind=<unknown>)
ROOT 50001b7a (kind=<unknown>)
ROOT 50001b7b (kind=<unknown>)
ROOT 50001b7c (kind=<unknown>)
ROOT 50001b7d (kind=<unknown>)
ROOT 50001b7e (kind=<unknown>)
ROOT 50001b7f (kind=<unknown>)
ROOT 50001b80 (kind=<unknown>)
ROOT 50001b81 (kind=<unknown>)
ROOT 50001b82 (kind=<unknown>)
ROOT 50001b83 (kind=<unknown>)
ROOT 50001b84 (kind=<unknown>)
ROOT 50001b85 (kind=<unknown>)
ROOT 50001b86 (kind=<unknown>)
ROOT 50001b87 (kind=<unknown>)
ROOT 50001b88 (kind=<unknown>)
ROOT 50001b89 (kind=<unknown>)
ROOT 50001b8a (kind=<unknown>)
ROOT 50001b8b (kind=<unknown>)
ROOT 50001b8c (kind=<unknown>)
ROOT 50001b8d (kind=<unknown>)
ROOT 50001b8e (kind=<unknown>)
ROOT 50001b8f (kind=<unknown>)
ROOT 50001b90 (kind=<unknown>)
ROOT 50001b91 (kind=<unknown>)
ROOT 50001b92 (kind=<unknown>)
ROOT 50001b93 (kind=<unknown>)
ROOT 50001b94 (kind=<unknown>)
ROOT 50001b95 (kind=<unknown>)
ROOT 50001b96 (kind=<unknown>)
ROOT 50001b97 (kind=<unknown>)
ROOT 50001b98 (kind=<unknown>)
ROOT 50001b99 (kind=<unknown>)
ROOT 50001b9a (kind=<unknown>)
ROOT 50001b9b (kind=<unknown>)
ROOT 50001b9c (kind=<unknown>)
ROOT 50001b9d (kind=<unknown>)
ROOT 50001b9e (kind=<unknown>)
ROOT 50001b9f (kind=<unknown>)
ROOT 50001ba0 (kind=<unknown>)
ROOT 50001ba1 (kind=<unknown>)
ROOT 50001ba2 (kind=<unknown>)
ROOT 50001ba3 (kind=<unknown>)
ROOT 50001ba4 (kind=<unknown>)
ROOT 50001ba5 (kind=<unknown>)
ROOT 50001ba6 (kind=<unknown>)
ROOT 50001ba7 (kind=<unknown>)
ROOT 50001ba8 (kind=<unknown>)
ROOT 50001ba9 (kind=<unknown>)
ROOT 50001baa (kind=<unknown>)
ROOT 50001bab (kind=<unknown>)
ROOT 50001bac (kind=<unknown>)
ROOT 50001bad (kind=<unknown>)
ROOT 50001bae (kind=<unknown>)
ROOT 50001baf (kind=<unknown>)
ROOT 50001bb0 (kind=<unknown>)
ROOT 50001bb1 (kind=<unknown>)
ROOT 50001bb2 (kind=<unknown>)
ROOT 50001bb3 (kind=<unknown>)
ROOT 50001bb4 (kind=<unknown>)
ROOT 50001bb5 (kind=<unknown>)
ROOT 50001bb6 (kind=<unknown>)
ROOT 50001bb7 (kind=<unknown>)
ROOT 50001bb8 (kind=<unknown>)
ROOT 50001bb9 (kind=<unknown>)
ROOT 50001bba (kind=<unknown>)
ROOT 50001bbb (kind=<unknown>)
ROOT 50001bbc (kind=<unknown>)
ROOT 50001bbd (kind=<unknown>)
ROOT 50001bbe (kind=<unknown>)
ROOT 50001bbf (kind=<unknown>)
ROOT 50001bc0 (kind=<unknown>)
ROOT 50001bc1 (kind=<unknown>)
ROOT 50001bc2 (kind=<unknown>)
ROOT 50001bc3 (kind=<unknown>)
ROOT 50001bc4 (kind=<unknown>)
ROOT 50001bc5 (kind=<unknown>)
ROOT 50001bc6 (kind=<unknown>)
ROOT 50001bc7 (kind=<unknown>)
ROOT 50001bc8 (kind=<unknown>)
ROOT 50001bc9 (kind=<unknown>)
ROOT 50001bca (kind=<unknown>)
ROOT 50001bcb (kind=<unknown>)
ROOT 50001bcc (kind=<unknown>)
ROOT 50001bcd (kind=<unknown>)
ROOT 50001bce (kind=<unknown>)
ROOT 50001bcf (kind=<unknown>)
ROOT 50001bd0 (kind=<unknown>)
ROOT 50001bd1 (kind=<unknown>)
ROOT 50001bd2 (kind=<unknown>)
ROOT 50001bd3 (kind=<unknown>)
ROOT 50001bd4 (kind=<unknown>)
ROOT 50001bd5 (kind=<unknown>)
ROOT 50001bd6 (kind=<unknown>)
ROOT 50001bd7 (kind=<unknown>)
ROOT 50001bd8 (kind=<unknown>)
ROOT 50001bd9 (kind=<unknown>)
ROOT 50001bda (kind=<unknown>)
ROOT 50001bdb (kind=<unknown>)
ROOT 50001bdc (kind=<unknown>)
ROOT 50001bdd (kind=<unknown>)
ROOT 50001bde (kind=<unknown>)
ROOT 50001bdf (kind=<unknown>)
ROOT 50001be0 (kind=<unknown>)
ROOT 50001be1 (kind=<unknown>)
ROOT 50001be2 (kind=<unknown>)
ROOT 50001be3 (kind=<unknown>)
ROOT 50001be4 (kind=<unknown>)
ROOT 50001be5 (kind=<unknown>)
ROOT 50001be6 (kind=<unknown>)
ROOT 50001be7 (kind=<unknown>)
ROOT 50001be8 (kind=<unknown>)
ROOT 50001be9 (kind=<unknown>)
ROOT 50001bea (kind=<unknown>)
ROOT 50001beb (kind=<unknown>)
ROOT 50001bec (kind=<unknown>)
ROOT 50001bed (kind=<unknown>)
ROOT 50001bee (kind=<unknown>)
ROOT 50001bef (kind=<unknown>)
ROOT 50001bf0 (kind=<unknown>)
ROOT 50001bf1 (kind=<unknown>)
ROOT 50001bf2 (kind=<unknown>)
ROOT 50001bf3 (kind=<unknown>)
ROOT 50001bf4 (kind=<unknown>)
ROOT 50001bf5 (kind=<unknown>)
ROOT 50001bf6 (kind=<unknown>)
ROOT 50001bf7 (kind=<unknown>)
ROOT 50001bf8 (kind=<unknown>)
ROOT 50001bf9 (kind=<unknown>)
ROOT 50001ad2 (kind=<system class>, name=java.lang.Shutdown$Lock)
ROOT 50001ad0 (kind=<system class>, name=java.lang.Shutdown)
ROOT 500019a8 (kind=<system class>, name=java.text.NumberFormat$Field)
ROOT 500019a6 (kind=<system class>, name=java.text.FieldPosition$Delegate)
ROOT 500019a5 (kind=<system class>, name=java.text.Format$FieldDelegate)
ROOT 50001986 (kind=<system class>, name=java.math.RoundingMode[])
ROOT 5000197d (kind=<system class>, name=java.math.RoundingMode)
ROOT 5000197d (kind=<system class>, name=java.math.RoundingMode)
ROOT 50001979 (kind=<system class>, name=java.text.DigitList)
ROOT 50001976 (kind=<system class>, name=java.text.FieldPosition[])
ROOT 50000d84 (kind=<system class>, name=java.text.FieldPosition)
ROOT 50001975 (kind=<system class>, name=java.text.DecimalFormat)
ROOT 50001971 (kind=<system class>, name=java.util.HashMap$KeySet)
ROOT 5000174d (kind=<system class>, name=sun.util.resources.CurrencyNames)
ROOT 5000174c (kind=<system class>, name=sun.util.resources.LocaleNamesBundle)
ROOT 5000174b (kind=<system class>, name=sun.util.resources.OpenListResourceBundle)
ROOT 50001722 (kind=<system class>, name=java.util.Currency$CurrencyNameGetter)
ROOT 50001721 (kind=<system class>, name=sun.util.locale.provider.LocaleServiceProviderPool$LocalizedObjectGetter)
ROOT 50001708 (kind=<system class>, name=sun.util.locale.provider.SPILocaleProviderAdapter$1)
ROOT 50001594 (kind=<system class>, name=sun.util.locale.provider.CurrencyNameProviderImpl)
ROOT 5000158c (kind=<system class>, name=java.util.spi.CalendarDataProvider)
ROOT 5000158b (kind=<system class>, name=java.util.spi.TimeZoneNameProvider)
ROOT 5000158a (kind=<system class>, name=java.util.spi.LocaleNameProvider)
ROOT 50001589 (kind=<system class>, name=java.text.spi.DateFormatSymbolsProvider)
ROOT 50001588 (kind=<system class>, name=java.text.spi.DateFormatProvider)
ROOT 50001587 (kind=<system class>, name=java.text.spi.CollatorProvider)
ROOT 50001586 (kind=<system class>, name=java.text.spi.BreakIteratorProvider)
ROOT 50001583 (kind=<system class>, name=sun.util.locale.provider.LocaleServiceProviderPool)
ROOT 50001582 (kind=<system class>, name=java.util.spi.CurrencyNameProvider)
ROOT 50001524 (kind=<system class>, name=java.io.DataInputStream)
ROOT 50001523 (kind=<system class>, name=java.io.DataInput)
ROOT 5000151b (kind=<system class>, name=java.util.Currency$1)
ROOT 50001519 (kind=<system class>, name=java.util.Currency)
ROOT 500013e9 (kind=<system class>, name=sun.util.resources.ParallelListResourceBundle$KeySet)
ROOT 500013db (kind=<system class>, name=sun.util.locale.provider.DecimalFormatSymbolsProviderImpl)
ROOT 500013d4 (kind=<system class>, name=java.text.spi.DecimalFormatSymbolsProvider)
ROOT 500013d3 (kind=<system class>, name=java.text.DecimalFormatSymbols)
ROOT 500013cf (kind=<system class>, name=sun.util.locale.provider.LocaleResources$ResourceReference)
ROOT 500013c5 (kind=<system class>, name=java.util.concurrent.ConcurrentHashMap$ForwardingNode)
ROOT 50001340 (kind=<system class>, name=java.security.UnresolvedPermission)
ROOT 5000133f (kind=<system class>, name=java.security.AllPermission)
ROOT 5000132b (kind=<system class>, name=java.io.FilePermissionCollection)
ROOT 50001324 (kind=<system class>, name=java.io.FilePermission$1)
ROOT 50001320 (kind=<system class>, name=java.io.FilePermission)
ROOT 50001310 (kind=<system class>, name=sun.net.www.MessageHeader)
ROOT 5000130b (kind=<system class>, name=sun.net.www.protocol.file.FileURLConnection)
ROOT 5000130a (kind=<system class>, name=sun.net.www.URLConnection)
ROOT 50001309 (kind=<system class>, name=java.net.URLConnection)
ROOT 500012d7 (kind=<system class>, name=java.security.Permissions)
ROOT 500012d6 (kind=<system class>, name=java.security.PermissionCollection)
ROOT 500012d1 (kind=<system class>, name=sun.nio.ByteBuffered)
ROOT 500012bd (kind=<system class>, name=sun.security.util.ManifestEntryVerifier)
ROOT 500012ae (kind=<system class>, name=sun.security.util.DisabledAlgorithmConstraints$1)
ROOT 500012ac (kind=<system class>, name=sun.security.util.DisabledAlgorithmConstraints$KeySizeConstraint)
ROOT 500012a1 (kind=<system class>, name=sun.security.util.DisabledAlgorithmConstraints$KeySizeConstraint$Operator[])
ROOT 5000129a (kind=<system class>, name=sun.security.util.DisabledAlgorithmConstraints$KeySizeConstraint$Operator)
ROOT 5000129a (kind=<system class>, name=sun.security.util.DisabledAlgorithmConstraints$KeySizeConstraint$Operator)
ROOT 5000128f (kind=<system class>, name=java.util.regex.Matcher)
ROOT 5000128e (kind=<system class>, name=java.util.regex.MatchResult)
ROOT 5000128c (kind=<system class>, name=java.util.Collections$SynchronizedMap)
ROOT 50001269 (kind=<system class>, name=java.util.regex.Pattern$Curly)
ROOT 50001267 (kind=<system class>, name=java.util.regex.Pattern$CharProperty$1)
ROOT 50001265 (kind=<system class>, name=java.util.regex.Pattern$Ctype)
ROOT 50001263 (kind=<system class>, name=java.util.regex.Pattern$GroupTail)
ROOT 5000125d (kind=<system class>, name=sun.security.util.DisabledAlgorithmConstraints$KeySizeConstraints)
ROOT 50001257 (kind=<system class>, name=java.util.ArrayList$SubList$1)
ROOT 50001256 (kind=<system class>, name=java.util.ListIterator)
ROOT 50001254 (kind=<system class>, name=java.util.ArrayList$SubList)
ROOT 500011a1 (kind=<system class>, name=java.util.Properties$LineReader)
ROOT 50001190 (kind=<system class>, name=java.security.Security$1)
ROOT 5000118f (kind=<system class>, name=java.security.Security)
ROOT 5000118d (kind=<system class>, name=sun.security.util.AbstractAlgorithmConstraints$1)
ROOT 50001185 (kind=<system class>, name=java.util.regex.Pattern$Branch)
ROOT 50001183 (kind=<system class>, name=java.util.regex.Pattern$BranchConn)
ROOT 5000117f (kind=<system class>, name=java.util.regex.Pattern$SliceI)
ROOT 5000117d (kind=<system class>, name=java.util.regex.ASCII)
ROOT 50001176 (kind=<system class>, name=java.util.regex.Pattern$TreeInfo)
ROOT 50001174 (kind=<system class>, name=java.util.regex.Pattern$Start)
ROOT 50001173 (kind=<system class>, name=java.util.regex.Pattern$First)
ROOT 50001172 (kind=<system class>, name=java.util.regex.Pattern$Begin)
ROOT 50001171 (kind=<system class>, name=java.util.regex.Pattern$Slice)
ROOT 50001170 (kind=<system class>, name=java.util.regex.Pattern$SliceNode)
ROOT 5000116e (kind=<system class>, name=java.util.regex.Pattern$Single)
ROOT 5000116d (kind=<system class>, name=java.util.regex.Pattern$BmpCharProperty)
ROOT 5000116c (kind=<system class>, name=java.util.regex.Pattern$CharProperty)
ROOT 5000116a (kind=<system class>, name=java.util.regex.Pattern$GroupHead[])
ROOT 50001169 (kind=<system class>, name=java.util.regex.Pattern$GroupHead)
ROOT 50001187 (kind=<system class>, name=java.util.regex.Pattern$Node[])
ROOT 50001160 (kind=<system class>, name=java.util.regex.Pattern$Node)
ROOT 50001169 (kind=<system class>, name=java.util.regex.Pattern$GroupHead)
ROOT 50001164 (kind=<system class>, name=java.util.regex.Pattern$LastNode)
ROOT 50001161 (kind=<system class>, name=java.util.regex.Pattern$4)
ROOT 50001160 (kind=<system class>, name=java.util.regex.Pattern$Node)
ROOT 5000115f (kind=<system class>, name=java.util.regex.Pattern)
ROOT 5000115e (kind=<system class>, name=sun.security.util.AlgorithmDecomposer)
ROOT 5000115b (kind=<system class>, name=sun.security.util.DisabledAlgorithmConstraints)
ROOT 5000115a (kind=<system class>, name=sun.security.util.AbstractAlgorithmConstraints)
ROOT 50001159 (kind=<system class>, name=java.security.AlgorithmConstraints)
ROOT 50001157 (kind=<system class>, name=java.util.Collections$UnmodifiableSet)
ROOT 50001155 (kind=<system class>, name=java.util.RegularEnumSet)
ROOT 50001153 (kind=<system class>, name=sun.reflect.DelegatingMethodAccessorImpl)
ROOT 50001151 (kind=<system class>, name=sun.reflect.NativeMethodAccessorImpl)
ROOT 5000114e (kind=<system class>, name=java.lang.Class$4)
ROOT 50001149 (kind=<system class>, name=java.lang.reflect.Method[])
ROOT 50000152 (kind=<system class>, name=java.lang.reflect.Method)
ROOT 50001147 (kind=<system class>, name=java.lang.Class$MethodArray)
ROOT 50001144 (kind=<system class>, name=java.util.EnumSet)
ROOT 50001142 (kind=<system class>, name=java.security.CryptoPrimitive[])
ROOT 50001137 (kind=<system class>, name=java.security.CryptoPrimitive)
ROOT 50001137 (kind=<system class>, name=java.security.CryptoPrimitive)
ROOT 50001136 (kind=<system class>, name=sun.security.util.SignatureFileVerifier)
ROOT 50001123 (kind=<system class>, name=java.lang.Package)
ROOT 5000111e (kind=<system class>, name=java.io.ByteArrayOutputStream)
ROOT 50001115 (kind=<system class>, name=java.util.jar.JarVerifier$3)
ROOT 50001113 (kind=<system class>, name=java.security.CodeSigner[])
ROOT 50001112 (kind=<system class>, name=java.security.CodeSigner)
ROOT 50001112 (kind=<system class>, name=java.security.CodeSigner)
ROOT 5000110d (kind=<system class>, name=java.util.jar.JarVerifier)
ROOT 500010f2 (kind=<system class>, name=java.util.jar.Attributes$Name)
ROOT 500010e3 (kind=<system class>, name=java.util.jar.Manifest$FastInputStream)
ROOT 500010df (kind=<system class>, name=java.util.jar.Attributes)
ROOT 500010cc (kind=<system class>, name=sun.misc.URLClassPath$JarLoader$2)
ROOT 500010cb (kind=<system class>, name=sun.misc.Resource)
ROOT 5000103d (kind=<system class>, name=java.util.concurrent.atomic.AtomicMarkableReference$Pair)
ROOT 5000103a (kind=<system class>, name=java.util.concurrent.atomic.AtomicMarkableReference)
ROOT 50001031 (kind=<system class>, name=sun.text.resources.FormatData)
ROOT 50001030 (kind=<system class>, name=sun.util.resources.ParallelListResourceBundle)
ROOT 5000100a (kind=<system class>, name=java.util.ResourceBundle$SingleFormatControl)
ROOT 50001006 (kind=<system class>, name=sun.util.resources.LocaleData$LocaleDataResourceBundleControl)
ROOT 50001004 (kind=<system class>, name=sun.util.resources.LocaleData$1)
ROOT 50000ffb (kind=<system class>, name=sun.util.resources.LocaleData)
ROOT 50000ff5 (kind=<system class>, name=sun.util.locale.provider.LocaleResources)
ROOT 50000fef (kind=<system class>, name=java.util.Collections$EmptyIterator)
ROOT 50000fa7 (kind=<system class>, name=java.lang.String[][])
ROOT 500000db (kind=<system class>, name=java.lang.String[])
ROOT 50001ad5 (kind=<system class>, name=java.io.Serializable[][])
ROOT 50000118 (kind=<system class>, name=java.io.Serializable[])
ROOT 50001ad6 (kind=<system class>, name=java.lang.Comparable[][])
ROOT 5000010f (kind=<system class>, name=java.lang.Comparable[])
ROOT 50001ad7 (kind=<system class>, name=java.lang.CharSequence[][])
ROOT 500000dc (kind=<system class>, name=java.lang.CharSequence[])
ROOT 50000fa5 (kind=<system class>, name=sun.util.locale.LanguageTag)
ROOT 50000e25 (kind=<system class>, name=sun.util.locale.provider.JRELocaleProviderAdapter$1)
ROOT 50000de6 (kind=<system class>, name=sun.util.locale.provider.LocaleDataMetaInfo)
ROOT 50000de5 (kind=<system class>, name=sun.util.locale.provider.NumberFormatProviderImpl)
ROOT 50000de4 (kind=<system class>, name=sun.util.locale.provider.AvailableLanguageTags)
ROOT 50000de0 (kind=<system class>, name=sun.util.locale.provider.LocaleProviderAdapter$1)
ROOT 50000dde (kind=<system class>, name=java.util.ArrayList$Itr)
ROOT 50000ddc (kind=<system class>, name=java.util.Collections$UnmodifiableCollection$1)
ROOT 50000dd5 (kind=<system class>, name=sun.util.locale.provider.LocaleProviderAdapter$Type[])
ROOT 50000dcf (kind=<system class>, name=sun.util.locale.provider.LocaleProviderAdapter$Type)
ROOT 50000dcf (kind=<system class>, name=sun.util.locale.provider.LocaleProviderAdapter$Type)
ROOT 50000dc8 (kind=<system class>, name=sun.util.locale.provider.AuxLocaleProviderAdapter$NullProvider)
ROOT 50000dc7 (kind=<system class>, name=sun.util.locale.provider.SPILocaleProviderAdapter)
ROOT 50000dc6 (kind=<system class>, name=sun.util.locale.provider.AuxLocaleProviderAdapter)
ROOT 50000dc2 (kind=<system class>, name=sun.util.locale.provider.JRELocaleProviderAdapter)
ROOT 50000dc1 (kind=<system class>, name=sun.util.locale.provider.ResourceBundleBasedAdapter)
ROOT 50000dc0 (kind=<system class>, name=sun.util.locale.provider.LocaleProviderAdapter)
ROOT 50000dbf (kind=<system class>, name=java.text.spi.NumberFormatProvider)
ROOT 50000dbe (kind=<system class>, name=java.util.spi.LocaleServiceProvider)
ROOT 50000dbd (kind=<system class>, name=java.text.NumberFormat)
ROOT 50000d8b (kind=<system class>, name=java.text.MessageFormat$Field)
ROOT 50000d8a (kind=<system class>, name=java.text.Format$Field)
ROOT 50000d89 (kind=<system class>, name=java.text.AttributedCharacterIterator$Attribute)
ROOT 50000d88 (kind=<system class>, name=java.util.Date)
ROOT 50000d84 (kind=<system class>, name=java.text.FieldPosition)
ROOT 50000d6b (kind=<system class>, name=java.lang.StringBuilder[])
ROOT 50000135 (kind=<system class>, name=java.lang.StringBuilder)
ROOT 50001ad8 (kind=<system class>, name=java.lang.AbstractStringBuilder[])
ROOT 50000137 (kind=<system class>, name=java.lang.AbstractStringBuilder)
ROOT 50001ad9 (kind=<system class>, name=java.lang.Appendable[])
ROOT 50000138 (kind=<system class>, name=java.lang.Appendable)
ROOT 50000d5f (kind=<system class>, name=java.util.Locale$1)
ROOT 50000d5d (kind=<system class>, name=java.util.Locale$Category[])
ROOT 50000d5a (kind=<system class>, name=java.util.Locale$Category)
ROOT 50000d5a (kind=<system class>, name=java.util.Locale$Category)
ROOT 50000d56 (kind=<system class>, name=java.text.Format[])
ROOT 50000d4f (kind=<system class>, name=java.text.Format)
ROOT 50000d50 (kind=<system class>, name=java.text.MessageFormat)
ROOT 50000d4f (kind=<system class>, name=java.text.Format)
ROOT 50000d25 (kind=<system class>, name=java.lang.Object[][])
ROOT 5000011c (kind=<system class>, name=java.lang.Object[])
ROOT 50000c4f (kind=<system class>, name=sun.launcher.resources.launcher_zh_CN)
ROOT 50000c20 (kind=<system class>, name=java.net.URLClassLoader$2)
ROOT 50000c1e (kind=<system class>, name=java.util.ResourceBundle$Control$1)
ROOT 50000ba4 (kind=<system class>, name=sun.misc.IOUtils)
ROOT 50000b9d (kind=<system class>, name=java.util.zip.ZipFile$ZipFileInflaterInputStream)
ROOT 50000b9c (kind=<system class>, name=java.util.zip.InflaterInputStream)
ROOT 50000b9a (kind=<system class>, name=java.util.zip.ZStreamRef)
ROOT 50000b96 (kind=<system class>, name=java.util.zip.Inflater)
ROOT 50000b93 (kind=<system class>, name=java.util.zip.ZipFile$ZipFileInputStream)
ROOT 50000b8e (kind=<system class>, name=java.util.jar.JarFile$JarFileEntry)
ROOT 50000b8d (kind=<system class>, name=java.util.jar.JarEntry)
ROOT 50000b8b (kind=<system class>, name=java.util.zip.ZipEntry)
ROOT 50000b5a (kind=<system class>, name=sun.misc.ExtensionDependency)
ROOT 50000b53 (kind=<system class>, name=sun.misc.JarIndex)
ROOT 50000b42 (kind=<system class>, name=java.nio.DirectLongBufferU)
ROOT 50000b41 (kind=<system class>, name=java.nio.LongBuffer)
ROOT 50000b3e (kind=<system class>, name=java.nio.DirectByteBuffer)
ROOT 50000b3d (kind=<system class>, name=java.nio.MappedByteBuffer)
ROOT 50000b3c (kind=<system class>, name=sun.nio.ch.DirectBuffer)
ROOT 50000b3a (kind=<system class>, name=sun.misc.PerfCounter$CoreCounters)
ROOT 50000b38 (kind=<system class>, name=sun.misc.Perf)
ROOT 50000b36 (kind=<system class>, name=sun.misc.Perf$GetPerfAction)
ROOT 50000b35 (kind=<system class>, name=sun.misc.PerfCounter)
ROOT 50000b20 (kind=<system class>, name=java.util.zip.ZipCoder)
ROOT 50000b1d (kind=<system class>, name=java.util.ArrayDeque)
ROOT 50000b0d (kind=<system class>, name=sun.nio.cs.UTF_16)
ROOT 50000afb (kind=<system class>, name=sun.nio.cs.UTF_16LE)
ROOT 50000ae9 (kind=<system class>, name=sun.nio.cs.UTF_16BE)
ROOT 50000ad3 (kind=<system class>, name=sun.nio.cs.ISO_8859_1)
ROOT 50000ac8 (kind=<system class>, name=sun.nio.cs.US_ASCII)
ROOT 50000ac4 (kind=<system class>, name=java.nio.charset.StandardCharsets)
ROOT 50000aba (kind=<system class>, name=java.util.jar.JavaUtilJarAccessImpl)
ROOT 50000ab9 (kind=<system class>, name=sun.misc.JavaUtilJarAccess)
ROOT 50000ab8 (kind=<system class>, name=java.util.jar.JarFile)
ROOT 50000a4e (kind=<system class>, name=sun.misc.URLClassPath$FileLoader)
ROOT 50000a3c (kind=<system class>, name=java.net.URLClassLoader$1)
ROOT 50000a2f (kind=<system class>, name=java.util.ResourceBundle$BundleReference)
ROOT 50000a25 (kind=<system class>, name=sun.launcher.resources.launcher)
ROOT 50000a24 (kind=<system class>, name=java.util.ListResourceBundle)
ROOT 500009f5 (kind=<system class>, name=java.util.LinkedList$Node)
ROOT 500009e2 (kind=<system class>, name=java.util.LinkedList)
ROOT 500009e1 (kind=<system class>, name=java.util.AbstractSequentialList)
ROOT 500009e0 (kind=<system class>, name=java.util.Deque)
ROOT 500009df (kind=<system class>, name=java.util.Queue)
ROOT 500009dd (kind=<system class>, name=java.util.ResourceBundle$LoaderReference)
ROOT 500009dc (kind=<system class>, name=java.util.ResourceBundle$CacheKeyReference)
ROOT 500009da (kind=<system class>, name=java.util.ResourceBundle$CacheKey)
ROOT 500009d5 (kind=<system class>, name=java.util.ResourceBundle$Control$CandidateListCache)
ROOT 500009cb (kind=<system class>, name=java.util.Arrays$ArrayList)
ROOT 500009c9 (kind=<system class>, name=java.util.ResourceBundle$Control)
ROOT 500009b9 (kind=<system class>, name=java.util.ResourceBundle$RBClassLoader$1)
ROOT 500009b8 (kind=<system class>, name=java.util.ResourceBundle$RBClassLoader)
ROOT 500007d3 (kind=<system class>, name=java.net.URLClassLoader$3$1)
ROOT 500006f1 (kind=<system class>, name=java.security.PrivilegedActionException)
ROOT 500006ef (kind=<system class>, name=java.io.FileNotFoundException)
ROOT 500006ee (kind=<system class>, name=java.io.IOException)
ROOT 500006d9 (kind=<system class>, name=sun.misc.FileURLMapper)
ROOT 500006d7 (kind=<system class>, name=sun.misc.URLClassPath$JarLoader$1)
ROOT 50000675 (kind=<system class>, name=sun.nio.cs.UTF_8$Decoder)
ROOT 50000670 (kind=<system class>, name=sun.nio.cs.ThreadLocalCoders$2)
ROOT 5000066d (kind=<system class>, name=sun.nio.cs.ThreadLocalCoders$1)
ROOT 5000066c (kind=<system class>, name=sun.nio.cs.ThreadLocalCoders$Cache)
ROOT 5000066b (kind=<system class>, name=sun.nio.cs.ThreadLocalCoders)
ROOT 50000656 (kind=<system class>, name=java.util.zip.ZipFile$1)
ROOT 50000655 (kind=<system class>, name=sun.misc.JavaUtilZipFileAccess)
ROOT 50000654 (kind=<system class>, name=java.util.zip.ZipFile)
ROOT 50000653 (kind=<system class>, name=java.util.zip.ZipConstants)
ROOT 50000652 (kind=<system class>, name=sun.misc.URLClassPath$JarLoader)
ROOT 50000651 (kind=<system class>, name=sun.misc.URLClassPath$Loader)
ROOT 5000064f (kind=<system class>, name=sun.misc.URLClassPath$3)
ROOT 50000649 (kind=<system class>, name=sun.net.util.URLUtil)
ROOT 50000647 (kind=<system class>, name=sun.misc.CompoundEnumeration)
ROOT 50000645 (kind=<system class>, name=java.net.URLClassLoader$3)
ROOT 50000643 (kind=<system class>, name=sun.misc.URLClassPath$1)
ROOT 50000641 (kind=<system class>, name=java.lang.ClassLoader$2)
ROOT 5000063f (kind=<system class>, name=sun.misc.URLClassPath$2)
ROOT 500003db (kind=<system class>, name=sun.misc.Launcher$BootClassPathHolder$1)
ROOT 500003da (kind=<system class>, name=sun.misc.Launcher$BootClassPathHolder)
ROOT 500003d8 (kind=<system class>, name=java.util.Enumeration[])
ROOT 50000090 (kind=<system class>, name=java.util.Enumeration)
ROOT 500003d0 (kind=<system class>, name=java.util.LinkedHashMap$LinkedEntryIterator)
ROOT 500003cf (kind=<system class>, name=java.util.LinkedHashMap$LinkedHashIterator)
ROOT 500003cd (kind=<system class>, name=java.util.LinkedHashMap$LinkedEntrySet)
ROOT 500003cb (kind=<system class>, name=java.util.ServiceLoader$1)
ROOT 500003c9 (kind=<system class>, name=java.util.ServiceLoader$LazyIterator)
ROOT 500003c6 (kind=<system class>, name=java.util.ServiceLoader)
ROOT 500003c5 (kind=<system class>, name=java.util.spi.ResourceBundleControlProvider)
ROOT 500003c0 (kind=<system class>, name=java.util.ResourceBundle$1)
ROOT 500003bf (kind=<system class>, name=java.util.ResourceBundle)
ROOT 500003be (kind=<system class>, name=sun.launcher.LauncherHelper$ResourceBundleHolder)
ROOT 500003b9 (kind=<system class>, name=sun.launcher.LauncherHelper[])
ROOT 500003b7 (kind=<system class>, name=sun.launcher.LauncherHelper)
ROOT 500003b7 (kind=<system class>, name=sun.launcher.LauncherHelper)
ROOT 500003b4 (kind=<system class>, name=java.io.FileOutputStream$1)
ROOT 500003ad (kind=<system class>, name=sun.nio.cs.UTF_8$Encoder)
ROOT 500003a2 (kind=<system class>, name=sun.nio.cs.UTF_8)
ROOT 500003a1 (kind=<system class>, name=sun.nio.cs.Unicode)
ROOT 5000036d (kind=<system class>, name=sun.usagetracker.UsageTrackerClient$3)
ROOT 500002f9 (kind=<system class>, name=java.lang.ProcessEnvironment$CheckedEntry)
ROOT 500002f7 (kind=<system class>, name=java.util.HashMap$EntryIterator)
ROOT 500002f6 (kind=<system class>, name=java.util.HashMap$HashIterator)
ROOT 500002f4 (kind=<system class>, name=java.lang.ProcessEnvironment$CheckedEntrySet$1)
ROOT 500002f1 (kind=<system class>, name=java.util.HashMap$EntrySet)
ROOT 500002f0 (kind=<system class>, name=java.lang.ProcessEnvironment$CheckedEntrySet)
ROOT 500001ea (kind=<system class>, name=java.util.Collections$UnmodifiableMap)
ROOT 500001e7 (kind=<system class>, name=java.lang.ProcessEnvironment$EntryComparator)
ROOT 500001e5 (kind=<system class>, name=java.lang.ProcessEnvironment$NameComparator)
ROOT 500001e4 (kind=<system class>, name=java.lang.ProcessEnvironment)
ROOT 500001e2 (kind=<system class>, name=sun.usagetracker.UsageTrackerClient$2)
ROOT 500001d4 (kind=<system class>, name=sun.usagetracker.UsageTrackerClient$4)
ROOT 500001cb (kind=<system class>, name=sun.usagetracker.UsageTrackerClient$1)
ROOT 500001c6 (kind=<system class>, name=java.util.concurrent.atomic.AtomicBoolean)
ROOT 500001c4 (kind=<system class>, name=sun.usagetracker.UsageTrackerClient)
ROOT 500001c3 (kind=<system class>, name=sun.misc.PostVMInitHook)
ROOT 500001bc (kind=<system class>, name=java.lang.invoke.MethodHandleStatics$1)
ROOT 500001ba (kind=<system class>, name=java.lang.invoke.MethodHandleStatics)
ROOT 500001b8 (kind=<system class>, name=java.lang.invoke.MemberName$Factory)
ROOT 500001b4 (kind=<system class>, name=java.lang.ClassValue$Version)
ROOT 500001b2 (kind=<system class>, name=java.lang.ClassValue$Identity)
ROOT 500001ad (kind=<system class>, name=java.lang.ClassValue$Entry[])
ROOT 500001ac (kind=<system class>, name=java.lang.ClassValue$Entry)
ROOT 500001ac (kind=<system class>, name=java.lang.ClassValue$Entry)
ROOT 500001ab (kind=<system class>, name=java.lang.invoke.MethodHandleImpl$4)
ROOT 500001aa (kind=<system class>, name=java.lang.ClassValue)
ROOT 500001a6 (kind=<system class>, name=java.lang.invoke.MethodHandle[])
ROOT 50000143 (kind=<system class>, name=java.lang.invoke.MethodHandle)
ROOT 500001a4 (kind=<system class>, name=java.lang.invoke.MethodHandleImpl$3)
ROOT 500001a2 (kind=<system class>, name=java.lang.invoke.MethodHandleImpl$2)
ROOT 500001a1 (kind=<system class>, name=java.util.function.Function)
ROOT 50000198 (kind=<system class>, name=java.lang.invoke.MethodHandleImpl$1)
ROOT 50000195 (kind=<system class>, name=java.lang.invoke.MethodHandleImpl)
ROOT 50000001 (kind=<system class>, name=java.lang.SystemClassLoaderAction)
ROOT 50000002 (kind=<system class>, name=sun.misc.Launcher$AppClassLoader$1)
ROOT 50000003 (kind=<system class>, name=sun.net.www.protocol.jar.Handler)
ROOT 50000004 (kind=<system class>, name=sun.misc.URLClassPath)
ROOT 50000005 (kind=<system class>, name=java.util.HashSet)
ROOT 50000006 (kind=<system class>, name=java.security.Principal[])
ROOT 50000007 (kind=<system class>, name=java.security.Principal)
ROOT 50000007 (kind=<system class>, name=java.security.Principal)
ROOT 50000008 (kind=<system class>, name=java.security.ProtectionDomain$Key)
ROOT 50000009 (kind=<system class>, name=java.security.ProtectionDomain$2)
ROOT 5000000a (kind=<system class>, name=sun.misc.JavaSecurityProtectionDomainAccess)
ROOT 5000000b (kind=<system class>, name=java.security.ProtectionDomain$JavaSecurityAccessImpl)
ROOT 5000000c (kind=<system class>, name=sun.misc.JavaSecurityAccess)
ROOT 5000000d (kind=<system class>, name=java.net.URL[])
ROOT 5000012d (kind=<system class>, name=java.net.URL)
ROOT 5000000e (kind=<system class>, name=sun.net.www.protocol.file.Handler)
ROOT 5000000f (kind=<system class>, name=java.net.URLStreamHandler)
ROOT 50000010 (kind=<system class>, name=java.net.Parts)
ROOT 50000011 (kind=<system class>, name=java.util.BitSet)
ROOT 50000012 (kind=<system class>, name=sun.net.www.ParseUtil)
ROOT 50000013 (kind=<system class>, name=java.io.FileInputStream$1)
ROOT 50000014 (kind=<system class>, name=java.lang.CharacterDataLatin1)
ROOT 50000015 (kind=<system class>, name=java.lang.CharacterData)
ROOT 50000016 (kind=<system class>, name=sun.util.locale.LocaleUtils)
ROOT 50000017 (kind=<system class>, name=java.util.Locale$LocaleKey)
ROOT 50000018 (kind=<system class>, name=sun.util.locale.LocaleObjectCache$CacheEntry)
ROOT 50000019 (kind=<system class>, name=sun.util.locale.BaseLocale$Key)
ROOT 5000001a (kind=<system class>, name=sun.util.locale.BaseLocale$Cache)
ROOT 5000001b (kind=<system class>, name=sun.util.locale.BaseLocale)
ROOT 5000001c (kind=<system class>, name=java.util.concurrent.ConcurrentHashMap$EntrySetView)
ROOT 5000001d (kind=<system class>, name=java.util.concurrent.ConcurrentHashMap$ValuesView)
ROOT 5000001e (kind=<system class>, name=java.util.concurrent.ConcurrentHashMap$KeySetView)
ROOT 5000001f (kind=<system class>, name=java.util.concurrent.ConcurrentHashMap$CollectionView)
ROOT 50000020 (kind=<system class>, name=java.util.concurrent.ConcurrentHashMap$CounterCell[])
ROOT 50000021 (kind=<system class>, name=java.util.concurrent.ConcurrentHashMap$CounterCell)
ROOT 50000021 (kind=<system class>, name=java.util.concurrent.ConcurrentHashMap$CounterCell)
ROOT 50000022 (kind=<system class>, name=java.util.concurrent.ConcurrentHashMap$Node[])
ROOT 50000023 (kind=<system class>, name=java.util.concurrent.ConcurrentHashMap$Node)
ROOT 50000023 (kind=<system class>, name=java.util.concurrent.ConcurrentHashMap$Node)
ROOT 50000024 (kind=<system class>, name=java.util.concurrent.ConcurrentHashMap$Segment[])
ROOT 50000027 (kind=<system class>, name=java.util.concurrent.ConcurrentHashMap$Segment)
ROOT 50000025 (kind=<system class>, name=java.util.concurrent.locks.ReentrantLock[])
ROOT 50000028 (kind=<system class>, name=java.util.concurrent.locks.ReentrantLock)
ROOT 50000026 (kind=<system class>, name=java.util.concurrent.locks.Lock[])
ROOT 50000029 (kind=<system class>, name=java.util.concurrent.locks.Lock)
ROOT 50000027 (kind=<system class>, name=java.util.concurrent.ConcurrentHashMap$Segment)
ROOT 50000028 (kind=<system class>, name=java.util.concurrent.locks.ReentrantLock)
ROOT 50000029 (kind=<system class>, name=java.util.concurrent.locks.Lock)
ROOT 5000002a (kind=<system class>, name=java.util.concurrent.ConcurrentHashMap)
ROOT 5000002b (kind=<system class>, name=java.util.concurrent.ConcurrentMap)
ROOT 5000002c (kind=<system class>, name=java.util.Locale$Cache)
ROOT 5000002d (kind=<system class>, name=sun.util.locale.LocaleObjectCache)
ROOT 5000002e (kind=<system class>, name=java.util.Locale)
ROOT 5000002f (kind=<system class>, name=java.lang.reflect.Array)
ROOT 50000030 (kind=<system class>, name=java.util.HashMap$TreeNode)
ROOT 50000031 (kind=<system class>, name=sun.nio.cs.StreamDecoder)
ROOT 50000032 (kind=<system class>, name=java.io.FileReader)
ROOT 50000033 (kind=<system class>, name=java.io.InputStreamReader)
ROOT 50000034 (kind=<system class>, name=java.io.BufferedReader)
ROOT 50000035 (kind=<system class>, name=java.io.Reader)
ROOT 50000036 (kind=<system class>, name=sun.misc.MetaIndex)
ROOT 50000037 (kind=<system class>, name=sun.misc.Launcher$ExtClassLoader$1)
ROOT 50000038 (kind=<system class>, name=java.io.File[])
ROOT 5000012f (kind=<system class>, name=java.io.File)
ROOT 50000039 (kind=<system class>, name=java.util.StringTokenizer)
ROOT 5000003a (kind=<system class>, name=java.net.URLClassLoader$7)
ROOT 5000003b (kind=<system class>, name=sun.misc.JavaNetAccess)
ROOT 5000003c (kind=<system class>, name=java.util.WeakHashMap$KeySet)
ROOT 5000003d (kind=<system class>, name=java.util.Collections$SetFromMap)
ROOT 5000003e (kind=<system class>, name=java.util.WeakHashMap$Entry[])
ROOT 5000003f (kind=<system class>, name=java.util.WeakHashMap$Entry)
ROOT 5000003f (kind=<system class>, name=java.util.WeakHashMap$Entry)
ROOT 50000040 (kind=<system class>, name=java.lang.ClassLoader$ParallelLoaders)
ROOT 50000041 (kind=<system class>, name=sun.security.util.Debug)
ROOT 50000042 (kind=<system class>, name=sun.misc.Launcher$Factory)
ROOT 50000043 (kind=<system class>, name=java.net.URLStreamHandlerFactory)
ROOT 50000044 (kind=<system class>, name=java.lang.Compiler$1)
ROOT 50000045 (kind=<system class>, name=java.lang.Compiler)
ROOT 50000046 (kind=<system class>, name=java.lang.IllegalArgumentException)
ROOT 50000047 (kind=<system class>, name=java.lang.System$2)
ROOT 50000048 (kind=<system class>, name=sun.misc.JavaLangAccess)
ROOT 50000049 (kind=<system class>, name=sun.io.Win32ErrorMode)
ROOT 5000004a (kind=<system class>, name=sun.misc.OSEnvironment)
ROOT 5000004b (kind=<system class>, name=java.lang.Integer[])
ROOT 5000011e (kind=<system class>, name=java.lang.Integer)
ROOT 5000004c (kind=<system class>, name=java.lang.Number[])
ROOT 50000123 (kind=<system class>, name=java.lang.Number)
ROOT 5000004d (kind=<system class>, name=java.lang.Integer$IntegerCache)
ROOT 5000004e (kind=<system class>, name=sun.misc.NativeSignalHandler)
ROOT 5000004f (kind=<system class>, name=sun.misc.Signal)
ROOT 50000050 (kind=<system class>, name=java.lang.Terminator$1)
ROOT 50000051 (kind=<system class>, name=sun.misc.SignalHandler)
ROOT 50000052 (kind=<system class>, name=java.lang.Terminator)
ROOT 50000053 (kind=<system class>, name=java.lang.ClassLoader$NativeLibrary)
ROOT 50000054 (kind=<system class>, name=java.util.LinkedHashMap$Entry)
ROOT 50000055 (kind=<system class>, name=java.io.ExpiringCache$Entry)
ROOT 50000056 (kind=<system class>, name=java.io.File$PathStatus[])
ROOT 5000005c (kind=<system class>, name=java.io.File$PathStatus)
ROOT 50000057 (kind=<system class>, name=java.lang.Enum[])
ROOT 5000005d (kind=<system class>, name=java.lang.Enum)
ROOT 50000058 (kind=<system class>, name=java.lang.ClassLoader$3)
ROOT 50000059 (kind=<system class>, name=java.lang.StringCoding$StringEncoder)
ROOT 5000005a (kind=<system class>, name=java.nio.file.Path)
ROOT 5000005b (kind=<system class>, name=java.nio.file.Watchable)
ROOT 5000005c (kind=<system class>, name=java.io.File$PathStatus)
ROOT 5000005d (kind=<system class>, name=java.lang.Enum)
ROOT 5000005e (kind=<system class>, name=java.io.ExpiringCache$1)
ROOT 5000005f (kind=<system class>, name=java.util.LinkedHashMap)
ROOT 50000060 (kind=<system class>, name=java.io.ExpiringCache)
ROOT 50000061 (kind=<system class>, name=java.io.WinNTFileSystem)
ROOT 50000062 (kind=<system class>, name=java.io.FileSystem)
ROOT 50000063 (kind=<system class>, name=java.io.DefaultFileSystem)
ROOT 50000064 (kind=<system class>, name=sun.security.action.GetPropertyAction)
ROOT 50000065 (kind=<system class>, name=java.io.BufferedWriter)
ROOT 50000066 (kind=<system class>, name=java.nio.charset.CoderResult$2)
ROOT 50000067 (kind=<system class>, name=java.nio.charset.CoderResult$1)
ROOT 50000068 (kind=<system class>, name=java.nio.charset.CoderResult$Cache)
ROOT 50000069 (kind=<system class>, name=java.nio.charset.CoderResult)
ROOT 5000006a (kind=<system class>, name=java.nio.HeapCharBuffer)
ROOT 5000006b (kind=<system class>, name=java.nio.CharBuffer)
ROOT 5000006c (kind=<system class>, name=java.lang.Readable)
ROOT 5000006d (kind=<system class>, name=java.nio.Bits$1)
ROOT 5000006e (kind=<system class>, name=sun.misc.JavaNioAccess)
ROOT 5000006f (kind=<system class>, name=java.util.concurrent.atomic.AtomicLong)
ROOT 50000070 (kind=<system class>, name=java.nio.ByteOrder)
ROOT 50000071 (kind=<system class>, name=java.nio.Bits)
ROOT 50000072 (kind=<system class>, name=java.nio.HeapByteBuffer)
ROOT 50000073 (kind=<system class>, name=java.nio.ByteBuffer)
ROOT 50000074 (kind=<system class>, name=sun.nio.cs.ext.DoubleByte$Encoder)
ROOT 50000075 (kind=<system class>, name=java.nio.charset.CharsetEncoder)
ROOT 50000076 (kind=<system class>, name=sun.nio.cs.ArrayEncoder)
ROOT 50000077 (kind=<system class>, name=sun.nio.cs.StreamEncoder)
ROOT 50000078 (kind=<system class>, name=java.io.OutputStreamWriter)
ROOT 50000079 (kind=<system class>, name=java.io.Writer)
ROOT 5000007a (kind=<system class>, name=sun.nio.cs.ext.MS936)
ROOT 5000007b (kind=<system class>, name=java.io.BufferedOutputStream)
ROOT 5000007c (kind=<system class>, name=java.io.PrintStream)
ROOT 5000007d (kind=<system class>, name=java.io.FilterOutputStream)
ROOT 5000007e (kind=<system class>, name=sun.reflect.misc.ReflectUtil)
ROOT 5000007f (kind=<system class>, name=java.util.concurrent.atomic.AtomicReferenceFieldUpdater$AtomicReferenceFieldUpdaterImpl$1)
ROOT 50000080 (kind=<system class>, name=java.security.PrivilegedExceptionAction)
ROOT 50000081 (kind=<system class>, name=java.util.concurrent.atomic.AtomicReferenceFieldUpdater$AtomicReferenceFieldUpdaterImpl)
ROOT 50000082 (kind=<system class>, name=java.util.concurrent.atomic.AtomicReferenceFieldUpdater)
ROOT 50000083 (kind=<system class>, name=java.io.BufferedInputStream)
ROOT 50000084 (kind=<system class>, name=java.io.FilterInputStream)
ROOT 50000085 (kind=<system class>, name=java.io.FileOutputStream)
ROOT 50000086 (kind=<system class>, name=java.io.OutputStream)
ROOT 50000087 (kind=<system class>, name=java.io.Flushable)
ROOT 50000088 (kind=<system class>, name=java.io.FileDescriptor$1)
ROOT 50000089 (kind=<system class>, name=sun.misc.JavaIOFileDescriptorAccess)
ROOT 5000008a (kind=<system class>, name=java.io.FileDescriptor)
ROOT 5000008b (kind=<system class>, name=java.io.FileInputStream)
ROOT 5000008c (kind=<system class>, name=sun.misc.Version)
ROOT 5000008d (kind=<system class>, name=java.lang.Runtime)
ROOT 5000008e (kind=<system class>, name=java.util.Hashtable$Enumerator)
ROOT 5000008f (kind=<system class>, name=java.util.Iterator)
ROOT 50000090 (kind=<system class>, name=java.util.Enumeration)
ROOT 50000091 (kind=<system class>, name=java.util.Objects)
ROOT 50000092 (kind=<system class>, name=java.util.Collections$SynchronizedSet)
ROOT 50000093 (kind=<system class>, name=java.util.Collections$SynchronizedCollection)
ROOT 50000094 (kind=<system class>, name=java.util.Hashtable$EntrySet)
ROOT 50000095 (kind=<system class>, name=java.nio.charset.CodingErrorAction)
ROOT 50000096 (kind=<system class>, name=sun.nio.cs.ext.DoubleByte$Decoder)
ROOT 50000097 (kind=<system class>, name=java.nio.charset.CharsetDecoder)
ROOT 50000098 (kind=<system class>, name=sun.nio.cs.ArrayDecoder)
ROOT 50000099 (kind=<system class>, name=sun.nio.cs.ext.DelegatableDecoder)
ROOT 5000009a (kind=<system class>, name=sun.nio.cs.ext.DoubleByte)
ROOT 5000009b (kind=<system class>, name=java.lang.StringCoding$StringDecoder)
ROOT 5000009c (kind=<system class>, name=java.lang.ThreadLocal$ThreadLocalMap$Entry[])
ROOT 5000009f (kind=<system class>, name=java.lang.ThreadLocal$ThreadLocalMap$Entry)
ROOT 5000009d (kind=<system class>, name=java.lang.ref.WeakReference[])
ROOT 50000164 (kind=<system class>, name=java.lang.ref.WeakReference)
ROOT 5000009e (kind=<system class>, name=java.lang.ref.Reference[])
ROOT 50000166 (kind=<system class>, name=java.lang.ref.Reference)
ROOT 5000009f (kind=<system class>, name=java.lang.ThreadLocal$ThreadLocalMap$Entry)
ROOT 500000a0 (kind=<system class>, name=java.lang.ThreadLocal$ThreadLocalMap)
ROOT 500000a1 (kind=<system class>, name=java.lang.StringCoding)
ROOT 500000a2 (kind=<system class>, name=char[][])
ROOT 5000018c (kind=<system class>, name=char[])
ROOT 500000a3 (kind=<system class>, name=java.lang.Cloneable[])
ROOT 5000017c (kind=<system class>, name=java.lang.Cloneable)
ROOT 500000a4 (kind=<system class>, name=sun.nio.cs.ext.GBK)
ROOT 500000a5 (kind=<system class>, name=sun.nio.cs.HistoricallyNamedCharset)
ROOT 500000a6 (kind=<system class>, name=java.util.TreeMap$Entry)
ROOT 500000a7 (kind=<system class>, name=sun.misc.ASCIICaseInsensitiveComparator)
ROOT 500000a8 (kind=<system class>, name=java.util.TreeMap)
ROOT 500000a9 (kind=<system class>, name=java.util.NavigableMap)
ROOT 500000aa (kind=<system class>, name=java.util.SortedMap)
ROOT 500000ab (kind=<system class>, name=sun.reflect.DelegatingConstructorAccessorImpl)
ROOT 500000ac (kind=<system class>, name=sun.reflect.NativeConstructorAccessorImpl)
ROOT 500000ad (kind=<system class>, name=sun.reflect.ReflectionFactory$1)
ROOT 500000ae (kind=<system class>, name=java.lang.Class$1)
ROOT 500000af (kind=<system class>, name=java.lang.reflect.Constructor[])
ROOT 50000151 (kind=<system class>, name=java.lang.reflect.Constructor)
ROOT 500000b0 (kind=<system class>, name=java.lang.reflect.Executable[])
ROOT 50000153 (kind=<system class>, name=java.lang.reflect.Executable)
ROOT 500000b1 (kind=<system class>, name=sun.nio.cs.ext.ExtendedCharsets)
ROOT 500000b2 (kind=<system class>, name=sun.nio.cs.AbstractCharsetProvider)
ROOT 500000b3 (kind=<system class>, name=java.nio.charset.Charset$ExtendedProviderHolder$1)
ROOT 500000b4 (kind=<system class>, name=java.nio.charset.Charset$ExtendedProviderHolder)
ROOT 500000b5 (kind=<system class>, name=java.util.Arrays)
ROOT 500000b6 (kind=<system class>, name=java.lang.reflect.ReflectAccess)
ROOT 500000b7 (kind=<system class>, name=sun.reflect.LangReflectAccess)
ROOT 500000b8 (kind=<system class>, name=java.lang.reflect.Modifier)
ROOT 500000b9 (kind=<system class>, name=java.lang.ClassValue$ClassValueMap)
ROOT 500000ba (kind=<system class>, name=java.util.WeakHashMap)
ROOT 500000bb (kind=<system class>, name=sun.reflect.annotation.AnnotationType)
ROOT 500000bc (kind=<system class>, name=java.lang.Class$AnnotationData)
ROOT 500000bd (kind=<system class>, name=sun.reflect.generics.repository.ClassRepository)
ROOT 500000be (kind=<system class>, name=sun.reflect.generics.repository.GenericDeclRepository)
ROOT 500000bf (kind=<system class>, name=sun.reflect.generics.repository.AbstractRepository)
ROOT 500000c0 (kind=<system class>, name=java.lang.reflect.Field[])
ROOT 50000155 (kind=<system class>, name=java.lang.reflect.Field)
ROOT 500000c1 (kind=<system class>, name=java.lang.reflect.Member[])
ROOT 50000156 (kind=<system class>, name=java.lang.reflect.Member)
ROOT 500000c2 (kind=<system class>, name=java.lang.reflect.AccessibleObject[])
ROOT 50000157 (kind=<system class>, name=java.lang.reflect.AccessibleObject)
ROOT 500000c3 (kind=<system class>, name=java.lang.Class$Atomic)
ROOT 500000c4 (kind=<system class>, name=java.lang.Class$ReflectionData)
ROOT 500000c5 (kind=<system class>, name=java.lang.Class$3)
ROOT 500000c6 (kind=<system class>, name=java.util.concurrent.atomic.AtomicInteger)
ROOT 500000c7 (kind=<system class>, name=java.lang.ThreadLocal)
ROOT 500000c8 (kind=<system class>, name=sun.nio.cs.StandardCharsets$Cache)
ROOT 500000c9 (kind=<system class>, name=sun.nio.cs.StandardCharsets$Classes)
ROOT 500000ca (kind=<system class>, name=sun.nio.cs.StandardCharsets$Aliases)
ROOT 500000cb (kind=<system class>, name=sun.util.PreHashedMap)
ROOT 500000cc (kind=<system class>, name=sun.nio.cs.StandardCharsets)
ROOT 500000cd (kind=<system class>, name=sun.nio.cs.FastCharsetProvider)
ROOT 500000ce (kind=<system class>, name=java.nio.charset.spi.CharsetProvider)
ROOT 500000cf (kind=<system class>, name=java.nio.charset.Charset)
ROOT 500000d0 (kind=<system class>, name=java.lang.ref.Finalizer$FinalizerThread)
ROOT 500000d1 (kind=<system class>, name=java.lang.Math)
ROOT 500000d2 (kind=<system class>, name=java.util.Hashtable$Entry[])
ROOT 500000d3 (kind=<system class>, name=java.util.Hashtable$Entry)
ROOT 500000d3 (kind=<system class>, name=java.util.Hashtable$Entry)
ROOT 500000d4 (kind=<system class>, name=sun.misc.VM)
ROOT 500000d5 (kind=<system class>, name=java.util.HashMap$Node[])
ROOT 500000d7 (kind=<system class>, name=java.util.HashMap$Node)
ROOT 500000d6 (kind=<system class>, name=java.util.Map$Entry[])
ROOT 500000d8 (kind=<system class>, name=java.util.Map$Entry)
ROOT 500000d7 (kind=<system class>, name=java.util.HashMap$Node)
ROOT 500000d8 (kind=<system class>, name=java.util.Map$Entry)
ROOT 500000d9 (kind=<system class>, name=java.util.HashMap)
ROOT 500000da (kind=<system class>, name=sun.reflect.Reflection)
ROOT 500000db (kind=<system class>, name=java.lang.String[])
ROOT 50000181 (kind=<system class>, name=java.lang.String)
ROOT 500000dc (kind=<system class>, name=java.lang.CharSequence[])
ROOT 50000182 (kind=<system class>, name=java.lang.CharSequence)
ROOT 500000dd (kind=<system class>, name=java.lang.NoSuchMethodError)
ROOT 500000de (kind=<system class>, name=java.lang.IncompatibleClassChangeError)
ROOT 500000df (kind=<system class>, name=sun.misc.SharedSecrets)
ROOT 500000e0 (kind=<system class>, name=java.lang.ref.Reference$1)
ROOT 500000e1 (kind=<system class>, name=sun.misc.JavaLangRefAccess)
ROOT 500000e2 (kind=<system class>, name=java.lang.Thread[])
ROOT 5000015e (kind=<system class>, name=java.lang.Thread)
ROOT 500000e3 (kind=<system class>, name=java.lang.Runnable[])
ROOT 5000015f (kind=<system class>, name=java.lang.Runnable)
ROOT 500000e4 (kind=<system class>, name=java.lang.ref.ReferenceQueue$Lock)
ROOT 500000e5 (kind=<system class>, name=java.lang.ref.ReferenceQueue$Null)
ROOT 500000e6 (kind=<system class>, name=java.lang.ref.ReferenceQueue)
ROOT 500000e7 (kind=<system class>, name=java.util.Collections$UnmodifiableRandomAccessList)
ROOT 500000e8 (kind=<system class>, name=java.util.Collections$UnmodifiableList)
ROOT 500000e9 (kind=<system class>, name=java.util.Collections$UnmodifiableCollection)
ROOT 500000ea (kind=<system class>, name=java.util.Collections$EmptyMap)
ROOT 500000eb (kind=<system class>, name=java.util.AbstractMap)
ROOT 500000ec (kind=<system class>, name=java.util.Collections$EmptyList)
ROOT 500000ed (kind=<system class>, name=java.util.Collections$EmptySet)
ROOT 500000ee (kind=<system class>, name=java.util.AbstractSet)
ROOT 500000ef (kind=<system class>, name=java.util.Set)
ROOT 500000f0 (kind=<system class>, name=java.util.Collections)
ROOT 500000f1 (kind=<system class>, name=java.util.ArrayList)
ROOT 500000f2 (kind=<system class>, name=java.lang.InterruptedException)
ROOT 500000f3 (kind=<system class>, name=java.lang.ref.Reference$ReferenceHandler)
ROOT 500000f4 (kind=<system class>, name=java.lang.ref.Reference$Lock)
ROOT 500000f5 (kind=<system class>, name=sun.reflect.ReflectionFactory)
ROOT 500000f6 (kind=<system class>, name=java.util.Stack)
ROOT 500000f7 (kind=<system class>, name=java.util.Vector)
ROOT 500000f8 (kind=<system class>, name=java.util.AbstractList)
ROOT 500000f9 (kind=<system class>, name=java.util.AbstractCollection)
ROOT 500000fa (kind=<system class>, name=java.util.RandomAccess)
ROOT 500000fb (kind=<system class>, name=java.util.List)
ROOT 500000fc (kind=<system class>, name=java.util.Collection)
ROOT 500000fd (kind=<system class>, name=java.lang.Iterable)
ROOT 500000fe (kind=<system class>, name=java.security.cert.Certificate[])
ROOT 500000ff (kind=<system class>, name=java.security.cert.Certificate)
ROOT 500000ff (kind=<system class>, name=java.security.cert.Certificate)
ROOT 50000100 (kind=<system class>, name=sun.reflect.ReflectionFactory$GetReflectionFactoryAction)
ROOT 50000101 (kind=<system class>, name=java.security.PrivilegedAction)
ROOT 50000102 (kind=<system class>, name=java.lang.reflect.ReflectPermission)
ROOT 50000103 (kind=<system class>, name=java.security.AccessController)
ROOT 50000104 (kind=<system class>, name=java.lang.RuntimePermission)
ROOT 50000105 (kind=<system class>, name=java.security.BasicPermission)
ROOT 50000106 (kind=<system class>, name=java.security.Permission)
ROOT 50000107 (kind=<system class>, name=java.security.Guard)
ROOT 50000108 (kind=<system class>, name=java.lang.StackTraceElement[])
ROOT 50000127 (kind=<system class>, name=java.lang.StackTraceElement)
ROOT 50000109 (kind=<system class>, name=java.lang.ThreadGroup[])
ROOT 5000015c (kind=<system class>, name=java.lang.ThreadGroup)
ROOT 5000010a (kind=<system class>, name=java.lang.Thread$UncaughtExceptionHandler[])
ROOT 5000015d (kind=<system class>, name=java.lang.Thread$UncaughtExceptionHandler)
ROOT 5000010b (kind=<system class>, name=com.sun.demo.jvmti.hprof.Tracker)
ROOT 5000010c (kind=<system class>, name=java.lang.String$CaseInsensitiveComparator)
ROOT 5000010d (kind=<system class>, name=java.util.Comparator)
ROOT 5000010e (kind=<system class>, name=java.io.ObjectStreamField[])
ROOT 50000110 (kind=<system class>, name=java.io.ObjectStreamField)
ROOT 5000010f (kind=<system class>, name=java.lang.Comparable[])
ROOT 50000183 (kind=<system class>, name=java.lang.Comparable)
ROOT 50000110 (kind=<system class>, name=java.io.ObjectStreamField)
ROOT 50000111 (kind=<system class>, name=java.lang.OutOfMemoryError[])
ROOT 50000169 (kind=<system class>, name=java.lang.OutOfMemoryError)
ROOT 50000112 (kind=<system class>, name=java.lang.VirtualMachineError[])
ROOT 5000016a (kind=<system class>, name=java.lang.VirtualMachineError)
ROOT 50000113 (kind=<system class>, name=java.lang.Error[])
ROOT 50000178 (kind=<system class>, name=java.lang.Error)
ROOT 50000114 (kind=<system class>, name=java.lang.Throwable[])
ROOT 50000179 (kind=<system class>, name=java.lang.Throwable)
ROOT 50000115 (kind=<system class>, name=java.lang.ArithmeticException)
ROOT 50000116 (kind=<system class>, name=java.lang.NullPointerException)
ROOT 50000117 (kind=<system class>, name=java.lang.Class[])
ROOT 5000017d (kind=<system class>, name=java.lang.Class)
ROOT 50000118 (kind=<system class>, name=java.io.Serializable[])
ROOT 50000184 (kind=<system class>, name=java.io.Serializable)
ROOT 50000119 (kind=<system class>, name=java.lang.reflect.GenericDeclaration[])
ROOT 5000017f (kind=<system class>, name=java.lang.reflect.GenericDeclaration)
ROOT 5000011a (kind=<system class>, name=java.lang.reflect.AnnotatedElement[])
ROOT 50000180 (kind=<system class>, name=java.lang.reflect.AnnotatedElement)
ROOT 5000011b (kind=<system class>, name=java.lang.reflect.Type[])
ROOT 5000017e (kind=<system class>, name=java.lang.reflect.Type)
ROOT 5000011c (kind=<system class>, name=java.lang.Object[])
ROOT 50000185 (kind=<system class>, name=java.lang.Object)
ROOT 5000011d (kind=<system class>, name=java.lang.Long)
ROOT 5000011e (kind=<system class>, name=java.lang.Integer)
ROOT 5000011f (kind=<system class>, name=java.lang.Short)
ROOT 50000120 (kind=<system class>, name=java.lang.Byte)
ROOT 50000121 (kind=<system class>, name=java.lang.Double)
ROOT 50000122 (kind=<system class>, name=java.lang.Float)
ROOT 50000123 (kind=<system class>, name=java.lang.Number)
ROOT 50000124 (kind=<system class>, name=java.lang.Character)
ROOT 50000125 (kind=<system class>, name=java.lang.Boolean)
ROOT 50000126 (kind=<system class>, name=java.nio.Buffer)
ROOT 50000127 (kind=<system class>, name=java.lang.StackTraceElement)
ROOT 50000128 (kind=<system class>, name=java.security.CodeSource)
ROOT 50000129 (kind=<system class>, name=sun.misc.Launcher$ExtClassLoader)
ROOT 5000012a (kind=<system class>, name=sun.misc.Launcher$AppClassLoader)
ROOT 5000012b (kind=<system class>, name=sun.misc.Launcher)
ROOT 5000012c (kind=<system class>, name=java.util.jar.Manifest)
ROOT 5000012d (kind=<system class>, name=java.net.URL)
ROOT 5000012e (kind=<system class>, name=java.net.URLClassLoader)
ROOT 5000012f (kind=<system class>, name=java.io.File)
ROOT 50000130 (kind=<system class>, name=java.io.ByteArrayInputStream)
ROOT 50000131 (kind=<system class>, name=java.io.InputStream)
ROOT 50000132 (kind=<system class>, name=java.io.Closeable)
ROOT 50000133 (kind=<system class>, name=java.lang.AutoCloseable)
ROOT 50000134 (kind=<system class>, name=sun.misc.Unsafe)
ROOT 50000135 (kind=<system class>, name=java.lang.StringBuilder)
ROOT 50000136 (kind=<system class>, name=java.lang.StringBuffer)
ROOT 50000137 (kind=<system class>, name=java.lang.AbstractStringBuilder)
ROOT 50000138 (kind=<system class>, name=java.lang.Appendable)
ROOT 50000139 (kind=<system class>, name=java.lang.invoke.VolatileCallSite)
ROOT 5000013a (kind=<system class>, name=java.lang.invoke.MutableCallSite)
ROOT 5000013b (kind=<system class>, name=java.lang.invoke.ConstantCallSite)
ROOT 5000013c (kind=<system class>, name=java.lang.invoke.CallSite)
ROOT 5000013d (kind=<system class>, name=java.lang.BootstrapMethodError)
ROOT 5000013e (kind=<system class>, name=java.lang.invoke.MethodType)
ROOT 5000013f (kind=<system class>, name=java.lang.invoke.LambdaForm)
ROOT 50000140 (kind=<system class>, name=java.lang.invoke.MethodHandleNatives)
ROOT 50000141 (kind=<system class>, name=java.lang.invoke.MemberName)
ROOT 50000142 (kind=<system class>, name=java.lang.invoke.DirectMethodHandle)
ROOT 50000143 (kind=<system class>, name=java.lang.invoke.MethodHandle)
ROOT 50000144 (kind=<system class>, name=sun.reflect.CallerSensitive)
ROOT 50000145 (kind=<system class>, name=java.lang.annotation.Annotation)
ROOT 50000146 (kind=<system class>, name=sun.reflect.UnsafeStaticFieldAccessorImpl)
ROOT 50000147 (kind=<system class>, name=sun.reflect.UnsafeFieldAccessorImpl)
ROOT 50000148 (kind=<system class>, name=sun.reflect.FieldAccessorImpl)
ROOT 50000149 (kind=<system class>, name=sun.reflect.FieldAccessor)
ROOT 5000014a (kind=<system class>, name=sun.reflect.ConstantPool)
ROOT 5000014b (kind=<system class>, name=sun.reflect.DelegatingClassLoader)
ROOT 5000014c (kind=<system class>, name=sun.reflect.ConstructorAccessorImpl)
ROOT 5000014d (kind=<system class>, name=sun.reflect.ConstructorAccessor)
ROOT 5000014e (kind=<system class>, name=sun.reflect.MethodAccessorImpl)
ROOT 5000014f (kind=<system class>, name=sun.reflect.MethodAccessor)
ROOT 50000150 (kind=<system class>, name=sun.reflect.MagicAccessorImpl)
ROOT 50000151 (kind=<system class>, name=java.lang.reflect.Constructor)
ROOT 50000152 (kind=<system class>, name=java.lang.reflect.Method)
ROOT 50000153 (kind=<system class>, name=java.lang.reflect.Executable)
ROOT 50000154 (kind=<system class>, name=java.lang.reflect.Parameter)
ROOT 50000155 (kind=<system class>, name=java.lang.reflect.Field)
ROOT 50000156 (kind=<system class>, name=java.lang.reflect.Member)
ROOT 50000157 (kind=<system class>, name=java.lang.reflect.AccessibleObject)
ROOT 50000158 (kind=<system class>, name=java.util.Properties)
ROOT 50000159 (kind=<system class>, name=java.util.Hashtable)
ROOT 5000015a (kind=<system class>, name=java.util.Dictionary)
ROOT 5000015b (kind=<system class>, name=java.util.Map)
ROOT 5000015c (kind=<system class>, name=java.lang.ThreadGroup)
ROOT 5000015d (kind=<system class>, name=java.lang.Thread$UncaughtExceptionHandler)
ROOT 5000015e (kind=<system class>, name=java.lang.Thread)
ROOT 5000015f (kind=<system class>, name=java.lang.Runnable)
ROOT 50000160 (kind=<system class>, name=java.lang.ref.Finalizer)
ROOT 50000161 (kind=<system class>, name=sun.misc.Cleaner)
ROOT 50000162 (kind=<system class>, name=java.lang.ref.PhantomReference)
ROOT 50000163 (kind=<system class>, name=java.lang.ref.FinalReference)
ROOT 50000164 (kind=<system class>, name=java.lang.ref.WeakReference)
ROOT 50000165 (kind=<system class>, name=java.lang.ref.SoftReference)
ROOT 50000166 (kind=<system class>, name=java.lang.ref.Reference)
ROOT 50000167 (kind=<system class>, name=java.lang.IllegalMonitorStateException)
ROOT 50000168 (kind=<system class>, name=java.lang.StackOverflowError)
ROOT 50000169 (kind=<system class>, name=java.lang.OutOfMemoryError)
ROOT 5000016a (kind=<system class>, name=java.lang.VirtualMachineError)
ROOT 5000016b (kind=<system class>, name=java.lang.ArrayStoreException)
ROOT 5000016c (kind=<system class>, name=java.lang.ClassCastException)
ROOT 5000016d (kind=<system class>, name=java.lang.NoClassDefFoundError)
ROOT 5000016e (kind=<system class>, name=java.lang.LinkageError)
ROOT 5000016f (kind=<system class>, name=java.lang.ClassNotFoundException)
ROOT 50000170 (kind=<system class>, name=java.lang.ReflectiveOperationException)
ROOT 50000171 (kind=<system class>, name=java.security.SecureClassLoader)
ROOT 50000172 (kind=<system class>, name=java.security.AccessControlContext)
ROOT 50000173 (kind=<system class>, name=java.security.ProtectionDomain)
ROOT 50000174 (kind=<system class>, name=java.lang.SecurityManager)
ROOT 50000175 (kind=<system class>, name=java.lang.RuntimeException)
ROOT 50000176 (kind=<system class>, name=java.lang.Exception)
ROOT 50000177 (kind=<system class>, name=java.lang.ThreadDeath)
ROOT 50000178 (kind=<system class>, name=java.lang.Error)
ROOT 50000179 (kind=<system class>, name=java.lang.Throwable)
ROOT 5000017a (kind=<system class>, name=java.lang.System)
ROOT 5000017b (kind=<system class>, name=java.lang.ClassLoader)
ROOT 5000017c (kind=<system class>, name=java.lang.Cloneable)
ROOT 5000017d (kind=<system class>, name=java.lang.Class)
ROOT 5000017e (kind=<system class>, name=java.lang.reflect.Type)
ROOT 5000017f (kind=<system class>, name=java.lang.reflect.GenericDeclaration)
ROOT 50000180 (kind=<system class>, name=java.lang.reflect.AnnotatedElement)
ROOT 50000181 (kind=<system class>, name=java.lang.String)
ROOT 50000182 (kind=<system class>, name=java.lang.CharSequence)
ROOT 50000183 (kind=<system class>, name=java.lang.Comparable)
ROOT 50000184 (kind=<system class>, name=java.io.Serializable)
ROOT 50000185 (kind=<system class>, name=java.lang.Object)
ROOT 50000186 (kind=<system class>, name=long[])
ROOT 50001bfa (kind=<system class>, name=java.lang.Class)
ROOT 50000187 (kind=<system class>, name=int[])
ROOT 50001bfb (kind=<system class>, name=java.lang.Class)
ROOT 50000188 (kind=<system class>, name=short[])
ROOT 50001bfc (kind=<system class>, name=java.lang.Class)
ROOT 50000189 (kind=<system class>, name=byte[])
ROOT 50001bfd (kind=<system class>, name=java.lang.Class)
ROOT 5000018a (kind=<system class>, name=double[])
ROOT 50001bfe (kind=<system class>, name=java.lang.Class)
ROOT 5000018b (kind=<system class>, name=float[])
ROOT 50001bff (kind=<system class>, name=java.lang.Class)
ROOT 5000018c (kind=<system class>, name=char[])
ROOT 50001c00 (kind=<system class>, name=java.lang.Class)
ROOT 5000018d (kind=<system class>, name=boolean[])
ROOT 50001c01 (kind=<system class>, name=java.lang.Class)
ROOT 50001ae2 (kind=<busy monitor>)
ROOT 50001adf (kind=<busy monitor>)
ROOT 50001bfb (kind=<unknown>)
ROOT 50001bff (kind=<unknown>)
ROOT 50001bfe (kind=<unknown>)
ROOT 50001bfd (kind=<unknown>)
ROOT 50001c01 (kind=<unknown>)
ROOT 50001c00 (kind=<unknown>)
ROOT 50001bfa (kind=<unknown>)
ROOT 50001bfc (kind=<unknown>)
ROOT 50001c02 (kind=<unknown>)
ROOT 50001c01 (kind=<unknown>)
ROOT 50001c00 (kind=<unknown>)
ROOT 50001bff (kind=<unknown>)
ROOT 50001bfe (kind=<unknown>)
ROOT 50001bfd (kind=<unknown>)
ROOT 50001bfc (kind=<unknown>)
ROOT 50001bfb (kind=<unknown>)
ROOT 50001bfa (kind=<unknown>)
ROOT 50001c02 (kind=<unknown>)
ROOT 50001c03 (kind=<unknown>)
ROOT 50001c04 (kind=<unknown>)
ROOT 50001c05 (kind=<unknown>)
ROOT 50001c06 (kind=<unknown>)
ROOT 50001c07 (kind=<unknown>)
ROOT 50001c08 (kind=<unknown>)
ROOT 50001c09 (kind=<unknown>)
ROOT 50001c0a (kind=<unknown>)
ROOT 50001c0b (kind=<unknown>)
ROOT 50001c0c (kind=<unknown>)
ROOT 50001c0d (kind=<unknown>)
ROOT 50001c0e (kind=<unknown>)
ROOT 50001c0f (kind=<unknown>)
ROOT 50001c10 (kind=<unknown>)
ROOT 50001c11 (kind=<unknown>)
ROOT 50001c12 (kind=<unknown>)
ROOT 5000010b (kind=<unknown>)
ROOT 5000010b (kind=<unknown>)
ROOT 5000010b (kind=<unknown>)
ROOT 500000e6 (kind=<unknown>)
ROOT 50001c13 (kind=<unknown>)
ROOT 50001c14 (kind=<unknown>)
ROOT 50001c15 (kind=<unknown>)
ROOT 50001c15 (kind=<unknown>)
ROOT 5000010b (kind=<unknown>)
ROOT 50001c13 (kind=<unknown>)
ROOT 5000015e (kind=<unknown>)
ROOT 5000010b (kind=<unknown>)
ROOT 5000010b (kind=<unknown>)
ROOT 50001c13 (kind=<unknown>)
ROOT 5000010b (kind=<unknown>)
ROOT 50001c16 (kind=<unknown>)
ROOT 50001c17 (kind=<unknown>)
ROOT 50001c18 (kind=<unknown>)
ROOT 5000010b (kind=<unknown>)
ROOT 5000017a (kind=<unknown>)
ROOT 5000010b (kind=<unknown>)
ROOT 50000034 (kind=<unknown>)
ROOT 50001c15 (kind=<unknown>)
ROOT 5000010b (kind=<unknown>)
ROOT 5000010b (kind=<unknown>)
ROOT 50001c19 (kind=<unknown>)
ROOT 50001c19 (kind=<unknown>)
ROOT 5000010b (kind=<unknown>)
ROOT 50001c1a (kind=<unknown>)
ROOT 50001c13 (kind=<unknown>)
ROOT 50001c1b (kind=<unknown>)
ROOT 5000017a (kind=<unknown>)
ROOT 5000010b (kind=<unknown>)
ROOT 5000010b (kind=<unknown>)
ROOT 50001c13 (kind=<unknown>)
ROOT 5000010b (kind=<unknown>)
ROOT 50001c13 (kind=<unknown>)
ROOT 5000010b (kind=<unknown>)
ROOT 50001c13 (kind=<unknown>)
ROOT 50001c1b (kind=<unknown>)
ROOT 50001c1b (kind=<unknown>)
ROOT 50001c1c (kind=<unknown>)
OBJ 5000018e (sz=376, trace=300001, class=java.lang.Thread@5000015e)
OBJ 5000018f (sz=16, trace=300002, class=java.lang.Object@50000185)
OBJ 50000190 (sz=376, trace=300000, class=java.lang.Thread@5000015e)
OBJ 50000191 (sz=376, trace=300001, class=java.lang.Thread@5000015e)
OBJ 50000192 (sz=16, trace=300002, class=java.lang.Object@50000185)
OBJ 50000193 (sz=376, trace=300001, class=java.lang.Thread@5000015e)
OBJ 50000194 (sz=16, trace=300002, class=java.lang.Object@50000185)
ARR 50000196 (sz=24, trace=300004, nelems=0, elem type=java.lang.Object[]@5000011c)
OBJ 50000197 (sz=16, trace=300005, class=java.lang.Integer@5000011e)
OBJ 50000199 (sz=16, trace=300007, class=java.lang.invoke.MethodHandleImpl$1@50000198)
OBJ 5000019a (sz=24, trace=300008, class=java.lang.StringBuilder@50000135)
ARR 5000019b (sz=48, trace=300009, nelems=0, elem type=char[])
ARR 5000019c (sz=88, trace=300010, nelems=0, elem type=char[])
ARR 5000019d (sz=160, trace=300010, nelems=0, elem type=char[])
OBJ 5000019e (sz=24, trace=300011, class=java.lang.String@50000181)
ARR 5000019f (sz=104, trace=300012, nelems=0, elem type=char[])
OBJ 500001a0 (sz=16, trace=300013, class=java.lang.Integer@5000011e)
OBJ 500001a3 (sz=16, trace=300015, class=java.lang.invoke.MethodHandleImpl$2@500001a2)
OBJ 500001a5 (sz=16, trace=300017, class=java.lang.invoke.MethodHandleImpl$3@500001a4)
ARR 500001a7 (sz=24, trace=300018, nelems=0, elem type=java.lang.invoke.MethodHandle[]@500001a6)
ARR 500001a8 (sz=16, trace=300019, nelems=0, elem type=java.lang.Object[]@5000011c)
ARR 500001a9 (sz=1040, trace=300020, nelems=0, elem type=java.lang.invoke.MethodHandle[]@500001a6)
ARR 500001ae (sz=24, trace=300023, nelems=0, elem type=java.lang.ClassValue$Entry[]@500001ad)
OBJ 500001af (sz=16, trace=300024, class=java.util.concurrent.atomic.AtomicInteger@500000c6)
OBJ 500001b0 (sz=16, trace=300025, class=java.lang.Object@50000185)
OBJ 500001b1 (sz=24, trace=300026, class=java.lang.invoke.MethodHandleImpl$4@500001ab)
	identity	500001b3
	version		500001b5
OBJ 500001b3 (sz=16, trace=300028, class=java.lang.ClassValue$Identity@500001b2)
OBJ 500001b5 (sz=24, trace=300030, class=java.lang.ClassValue$Version@500001b4)
	classValue	500001b1
	promise		500001b7
OBJ 500001b6 (sz=32, trace=300031, class=java.lang.ClassValue$Entry@500001ac)
	queue		5000213e
OBJ 500001b7 (sz=32, trace=300032, class=java.lang.ClassValue$Entry@500001ac)
	referent	500001b5
	queue		5000213e
	value		500001b7
OBJ 500001b9 (sz=16, trace=300034, class=java.lang.invoke.MemberName$Factory@500001b8)
ARR 500001bb (sz=56, trace=300036, nelems=0, elem type=java.lang.Object[]@5000011c)
OBJ 500001bd (sz=16, trace=300038, class=java.lang.invoke.MethodHandleStatics$1@500001bc)
OBJ 500001be (sz=56, trace=300039, class=java.lang.Class$ReflectionData@500000c4)
OBJ 500001bf (sz=40, trace=300040, class=java.lang.ref.SoftReference@50000165)
OBJ 500001c0 (sz=72, trace=300041, class=java.lang.reflect.Field@50000155)
OBJ 500001c1 (sz=376, trace=300001, class=java.lang.Thread@5000015e)
OBJ 500001c2 (sz=16, trace=300002, class=java.lang.Object@50000185)
OBJ 500001c5 (sz=16, trace=300043, class=java.lang.Object@50000185)
OBJ 500001c7 (sz=56, trace=300039, class=java.lang.Class$ReflectionData@500000c4)
OBJ 500001c8 (sz=40, trace=300040, class=java.lang.ref.SoftReference@50000165)
OBJ 500001c9 (sz=72, trace=300041, class=java.lang.reflect.Field@50000155)
OBJ 500001ca (sz=16, trace=300045, class=java.util.concurrent.atomic.AtomicBoolean@500001c6)
OBJ 500001cc (sz=24, trace=300047, class=sun.usagetracker.UsageTrackerClient$1@500001cb)
OBJ 500001cd (sz=16, trace=300048, class=sun.usagetracker.UsageTrackerClient@500001c4)
OBJ 500001ce (sz=24, trace=300049, class=java.lang.StringBuilder@50000135)
ARR 500001cf (sz=48, trace=300050, nelems=0, elem type=char[])
ARR 500001d0 (sz=88, trace=300010, nelems=0, elem type=char[])
ARR 500001d1 (sz=160, trace=300010, nelems=0, elem type=char[])
OBJ 500001d2 (sz=24, trace=300051, class=java.lang.String@50000181)
ARR 500001d3 (sz=112, trace=300052, nelems=0, elem type=char[])
OBJ 500001d5 (sz=24, trace=300054, class=sun.usagetracker.UsageTrackerClient$4@500001d4)
ARR 500001d6 (sz=32, trace=300055, nelems=0, elem type=java.lang.String[]@500000db)
OBJ 500001d7 (sz=24, trace=300056, class=sun.usagetracker.UsageTrackerClient$1@500001cb)
OBJ 500001d8 (sz=24, trace=300057, class=sun.usagetracker.UsageTrackerClient$1@500001cb)
ARR 500001d9 (sz=40, trace=300058, nelems=0, elem type=char[])
OBJ 500001da (sz=24, trace=300059, class=java.lang.String@50000181)
ARR 500001db (sz=40, trace=300060, nelems=0, elem type=char[])
ARR 500001dc (sz=40, trace=300061, nelems=0, elem type=char[])
OBJ 500001dd (sz=24, trace=300062, class=java.lang.String@50000181)
ARR 500001de (sz=40, trace=300060, nelems=0, elem type=char[])
ARR 500001df (sz=40, trace=300063, nelems=0, elem type=char[])
OBJ 500001e0 (sz=24, trace=300064, class=java.lang.String@50000181)
ARR 500001e1 (sz=40, trace=300060, nelems=0, elem type=char[])
OBJ 500001e3 (sz=16, trace=300066, class=sun.usagetracker.UsageTrackerClient$2@500001e2)
OBJ 500001e6 (sz=16, trace=300069, class=java.lang.ProcessEnvironment$NameComparator@500001e5)
OBJ 500001e8 (sz=16, trace=300071, class=java.lang.ProcessEnvironment$EntryComparator@500001e7)
OBJ 500001e9 (sz=48, trace=300072, class=java.lang.ProcessEnvironment@500001e4)
	table		500002e4
	entrySet	500002f2
OBJ 500001eb (sz=32, trace=300074, class=java.util.Collections$UnmodifiableMap@500001ea)
	m		500001e9
OBJ 500001ec (sz=24, trace=300075, class=java.lang.String@50000181)
	value		500001ed
ARR 500001ed (sz=32, trace=300076, nelems=16, elem type=char[])
OBJ 500001ee (sz=24, trace=300077, class=java.lang.String@50000181)
	value		500001ef
ARR 500001ef (sz=16, trace=300078, nelems=8, elem type=char[])
ARR 500001f0 (sz=80, trace=300079, nelems=0, elem type=java.util.HashMap$Node[]@500000d5)
OBJ 500001f1 (sz=32, trace=300080, class=java.util.HashMap$Node@500000d7)
	key		500001ec
	value		500001ee
	next		500002b1
OBJ 500001f2 (sz=24, trace=300075, class=java.lang.String@50000181)
	value		500001f3
ARR 500001f3 (sz=6, trace=300076, nelems=3, elem type=char[])
OBJ 500001f4 (sz=24, trace=300077, class=java.lang.String@50000181)
	value		500001f5
ARR 500001f5 (sz=6, trace=300078, nelems=3, elem type=char[])
OBJ 500001f6 (sz=32, trace=300080, class=java.util.HashMap$Node@500000d7)
	key		500001f2
	value		500001f4
OBJ 500001f7 (sz=24, trace=300075, class=java.lang.String@50000181)
	value		500001f8
ARR 500001f8 (sz=6, trace=300076, nelems=3, elem type=char[])
OBJ 500001f9 (sz=24, trace=300077, class=java.lang.String@50000181)
	value		500001fa
ARR 500001fa (sz=50, trace=300078, nelems=25, elem type=char[])
OBJ 500001fb (sz=32, trace=300080, class=java.util.HashMap$Node@500000d7)
	key		500001f7
	value		500001f9
	next		5000020f
OBJ 500001fc (sz=24, trace=300075, class=java.lang.String@50000181)
	value		500001fd
ARR 500001fd (sz=6, trace=300076, nelems=3, elem type=char[])
OBJ 500001fe (sz=24, trace=300077, class=java.lang.String@50000181)
	value		500001ff
ARR 500001ff (sz=128, trace=300078, nelems=64, elem type=char[])
OBJ 50000200 (sz=32, trace=300081, class=java.util.HashMap$Node@500000d7)
	key		500001fc
	value		500001fe
	next		50000205
OBJ 50000201 (sz=24, trace=300075, class=java.lang.String@50000181)
	value		50000202
ARR 50000202 (sz=18, trace=300076, nelems=9, elem type=char[])
OBJ 50000203 (sz=24, trace=300077, class=java.lang.String@50000181)
	value		50000204
ARR 50000204 (sz=16, trace=300078, nelems=8, elem type=char[])
OBJ 50000205 (sz=32, trace=300081, class=java.util.HashMap$Node@500000d7)
	key		50000201
	value		50000203
OBJ 50000206 (sz=24, trace=300075, class=java.lang.String@50000181)
	value		50000207
ARR 50000207 (sz=30, trace=300076, nelems=15, elem type=char[])
OBJ 50000208 (sz=24, trace=300077, class=java.lang.String@50000181)
	value		50000209
ARR 50000209 (sz=28, trace=300078, nelems=14, elem type=char[])
OBJ 5000020a (sz=32, trace=300080, class=java.util.HashMap$Node@500000d7)
	key		50000206
	value		50000208
OBJ 5000020b (sz=24, trace=300075, class=java.lang.String@50000181)
	value		5000020c
ARR 5000020c (sz=14, trace=300076, nelems=7, elem type=char[])
OBJ 5000020d (sz=24, trace=300077, class=java.lang.String@50000181)
	value		5000020e
ARR 5000020e (sz=82, trace=300078, nelems=41, elem type=char[])
OBJ 5000020f (sz=32, trace=300081, class=java.util.HashMap$Node@500000d7)
	key		5000020b
	value		5000020d
OBJ 50000210 (sz=24, trace=300075, class=java.lang.String@50000181)
	value		50000211
ARR 50000211 (sz=18, trace=300076, nelems=9, elem type=char[])
OBJ 50000212 (sz=24, trace=300077, class=java.lang.String@50000181)
	value		50000213
ARR 50000213 (sz=190, trace=300078, nelems=95, elem type=char[])
OBJ 50000214 (sz=32, trace=300081, class=java.util.HashMap$Node@500000d7)
	key		50000210
	value		50000212
	next		50000223
OBJ 50000215 (sz=24, trace=300075, class=java.lang.String@50000181)
	value		50000216
ARR 50000216 (sz=36, trace=300076, nelems=18, elem type=char[])
OBJ 50000217 (sz=24, trace=300077, class=java.lang.String@50000181)
	value		50000218
ARR 50000218 (sz=58, trace=300078, nelems=29, elem type=char[])
OBJ 50000219 (sz=32, trace=300080, class=java.util.HashMap$Node@500000d7)
	key		50000215
	value		50000217
	next		5000026a
OBJ 5000021a (sz=24, trace=300075, class=java.lang.String@50000181)
	value		5000021b
ARR 5000021b (sz=46, trace=300076, nelems=23, elem type=char[])
OBJ 5000021c (sz=24, trace=300077, class=java.lang.String@50000181)
	value		5000021d
ARR 5000021d (sz=70, trace=300078, nelems=35, elem type=char[])
OBJ 5000021e (sz=32, trace=300080, class=java.util.HashMap$Node@500000d7)
	key		5000021a
	value		5000021c
OBJ 5000021f (sz=24, trace=300075, class=java.lang.String@50000181)
	value		50000220
ARR 50000220 (sz=36, trace=300076, nelems=18, elem type=char[])
OBJ 50000221 (sz=24, trace=300077, class=java.lang.String@50000181)
	value		50000222
ARR 50000222 (sz=58, trace=300078, nelems=29, elem type=char[])
OBJ 50000223 (sz=32, trace=300081, class=java.util.HashMap$Node@500000d7)
	key		5000021f
	value		50000221
OBJ 50000224 (sz=24, trace=300075, class=java.lang.String@50000181)
	value		50000225
ARR 50000225 (sz=24, trace=300076, nelems=12, elem type=char[])
OBJ 50000226 (sz=24, trace=300077, class=java.lang.String@50000181)
	value		50000227
ARR 50000227 (sz=26, trace=300078, nelems=13, elem type=char[])
OBJ 50000228 (sz=32, trace=300080, class=java.util.HashMap$Node@500000d7)
	key		50000224
	value		50000226
OBJ 50000229 (sz=24, trace=300075, class=java.lang.String@50000181)
	value		5000022a
ARR 5000022a (sz=14, trace=300076, nelems=7, elem type=char[])
OBJ 5000022b (sz=24, trace=300077, class=java.lang.String@50000181)
	value		5000022c
ARR 5000022c (sz=54, trace=300078, nelems=27, elem type=char[])
OBJ 5000022d (sz=32, trace=300080, class=java.util.HashMap$Node@500000d7)
	key		50000229
	value		5000022b
ARR 5000022e (sz=144, trace=300082, nelems=0, elem type=java.util.HashMap$Node[]@500000d5)
OBJ 5000022f (sz=24, trace=300075, class=java.lang.String@50000181)
	value		50000230
ARR 50000230 (sz=22, trace=300076, nelems=11, elem type=char[])
OBJ 50000231 (sz=24, trace=300077, class=java.lang.String@50000181)
	value		50000232
ARR 50000232 (sz=46, trace=300078, nelems=23, elem type=char[])
OBJ 50000233 (sz=32, trace=300080, class=java.util.HashMap$Node@500000d7)
	key		5000022f
	value		50000231
OBJ 50000234 (sz=24, trace=300075, class=java.lang.String@50000181)
	value		50000235
ARR 50000235 (sz=32, trace=300076, nelems=16, elem type=char[])
OBJ 50000236 (sz=24, trace=300077, class=java.lang.String@50000181)
	value		50000237
ARR 50000237 (sz=4, trace=300078, nelems=2, elem type=char[])
OBJ 50000238 (sz=32, trace=300080, class=java.util.HashMap$Node@500000d7)
	key		50000234
	value		50000236
OBJ 50000239 (sz=24, trace=300075, class=java.lang.String@50000181)
	value		5000023a
ARR 5000023a (sz=22, trace=300076, nelems=11, elem type=char[])
OBJ 5000023b (sz=24, trace=300077, class=java.lang.String@50000181)
	value		5000023c
ARR 5000023c (sz=84, trace=300078, nelems=42, elem type=char[])
OBJ 5000023d (sz=32, trace=300080, class=java.util.HashMap$Node@500000d7)
	key		50000239
	value		5000023b
OBJ 5000023e (sz=24, trace=300075, class=java.lang.String@50000181)
	value		5000023f
ARR 5000023f (sz=18, trace=300076, nelems=9, elem type=char[])
OBJ 50000240 (sz=24, trace=300077, class=java.lang.String@50000181)
	value		50000241
ARR 50000241 (sz=4, trace=300078, nelems=2, elem type=char[])
OBJ 50000242 (sz=32, trace=300080, class=java.util.HashMap$Node@500000d7)
	key		5000023e
	value		50000240
	next		500002de
OBJ 50000243 (sz=24, trace=300075, class=java.lang.String@50000181)
	value		50000244
ARR 50000244 (sz=16, trace=300076, nelems=8, elem type=char[])
OBJ 50000245 (sz=24, trace=300077, class=java.lang.String@50000181)
	value		50000246
ARR 50000246 (sz=46, trace=300078, nelems=23, elem type=char[])
OBJ 50000247 (sz=32, trace=300080, class=java.util.HashMap$Node@500000d7)
	key		50000243
	value		50000245
OBJ 50000248 (sz=24, trace=300075, class=java.lang.String@50000181)
	value		50000249
ARR 50000249 (sz=18, trace=300076, nelems=9, elem type=char[])
OBJ 5000024a (sz=24, trace=300077, class=java.lang.String@50000181)
	value		5000024b
ARR 5000024b (sz=66, trace=300078, nelems=33, elem type=char[])
OBJ 5000024c (sz=32, trace=300080, class=java.util.HashMap$Node@500000d7)
	key		50000248
	value		5000024a
	next		5000029d
OBJ 5000024d (sz=24, trace=300075, class=java.lang.String@50000181)
	value		5000024e
ARR 5000024e (sz=24, trace=300076, nelems=12, elem type=char[])
OBJ 5000024f (sz=24, trace=300077, class=java.lang.String@50000181)
	value		50000250
ARR 50000250 (sz=78, trace=300078, nelems=39, elem type=char[])
OBJ 50000251 (sz=32, trace=300081, class=java.util.HashMap$Node@500000d7)
	key		5000024d
	value		5000024f
OBJ 50000252 (sz=24, trace=300075, class=java.lang.String@50000181)
	value		50000253
ARR 50000253 (sz=22, trace=300076, nelems=11, elem type=char[])
OBJ 50000254 (sz=24, trace=300077, class=java.lang.String@50000181)
	value		50000255
ARR 50000255 (sz=22, trace=300078, nelems=11, elem type=char[])
OBJ 50000256 (sz=32, trace=300080, class=java.util.HashMap$Node@500000d7)
	key		50000252
	value		50000254
OBJ 50000257 (sz=24, trace=300075, class=java.lang.String@50000181)
	value		50000258
ARR 50000258 (sz=20, trace=300076, nelems=10, elem type=char[])
OBJ 50000259 (sz=24, trace=300077, class=java.lang.String@50000181)
	value		5000025a
ARR 5000025a (sz=42, trace=300078, nelems=21, elem type=char[])
OBJ 5000025b (sz=32, trace=300081, class=java.util.HashMap$Node@500000d7)
	key		50000257
	value		50000259
OBJ 5000025c (sz=24, trace=300075, class=java.lang.String@50000181)
	value		5000025d
ARR 5000025d (sz=40, trace=300076, nelems=20, elem type=char[])
OBJ 5000025e (sz=24, trace=300077, class=java.lang.String@50000181)
	value		5000025f
ARR 5000025f (sz=2, trace=300078, nelems=1, elem type=char[])
OBJ 50000260 (sz=32, trace=300080, class=java.util.HashMap$Node@500000d7)
	key		5000025c
	value		5000025e
OBJ 50000261 (sz=24, trace=300075, class=java.lang.String@50000181)
	value		50000262
ARR 50000262 (sz=4, trace=300076, nelems=2, elem type=char[])
OBJ 50000263 (sz=24, trace=300077, class=java.lang.String@50000181)
	value		50000264
ARR 50000264 (sz=20, trace=300078, nelems=10, elem type=char[])
OBJ 50000265 (sz=32, trace=300080, class=java.util.HashMap$Node@500000d7)
	key		50000261
	value		50000263
OBJ 50000266 (sz=24, trace=300075, class=java.lang.String@50000181)
	value		50000267
ARR 50000267 (sz=8, trace=300076, nelems=4, elem type=char[])
OBJ 50000268 (sz=24, trace=300077, class=java.lang.String@50000181)
	value		50000269
ARR 50000269 (sz=2050, trace=300078, nelems=1025, elem type=char[])
OBJ 5000026a (sz=32, trace=300081, class=java.util.HashMap$Node@500000d7)
	key		50000266
	value		50000268
ARR 5000026b (sz=272, trace=300082, nelems=0, elem type=java.util.HashMap$Node[]@500000d5)
OBJ 5000026c (sz=24, trace=300075, class=java.lang.String@50000181)
	value		5000026d
ARR 5000026d (sz=14, trace=300076, nelems=7, elem type=char[])
OBJ 5000026e (sz=24, trace=300077, class=java.lang.String@50000181)
	value		5000026f
ARR 5000026f (sz=106, trace=300078, nelems=53, elem type=char[])
OBJ 50000270 (sz=32, trace=300080, class=java.util.HashMap$Node@500000d7)
	key		5000026c
	value		5000026e
OBJ 50000271 (sz=24, trace=300075, class=java.lang.String@50000181)
	value		50000272
ARR 50000272 (sz=44, trace=300076, nelems=22, elem type=char[])
OBJ 50000273 (sz=24, trace=300077, class=java.lang.String@50000181)
	value		50000274
ARR 50000274 (sz=10, trace=300078, nelems=5, elem type=char[])
OBJ 50000275 (sz=32, trace=300080, class=java.util.HashMap$Node@500000d7)
	key		50000271
	value		50000273
OBJ 50000276 (sz=24, trace=300075, class=java.lang.String@50000181)
	value		50000277
ARR 50000277 (sz=40, trace=300076, nelems=20, elem type=char[])
OBJ 50000278 (sz=24, trace=300077, class=java.lang.String@50000181)
	value		50000279
ARR 50000279 (sz=100, trace=300078, nelems=50, elem type=char[])
OBJ 5000027a (sz=32, trace=300081, class=java.util.HashMap$Node@500000d7)
	key		50000276
	value		50000278
OBJ 5000027b (sz=24, trace=300075, class=java.lang.String@50000181)
	value		5000027c
ARR 5000027c (sz=30, trace=300076, nelems=15, elem type=char[])
OBJ 5000027d (sz=24, trace=300077, class=java.lang.String@50000181)
	value		5000027e
ARR 5000027e (sz=2, trace=300078, nelems=1, elem type=char[])
OBJ 5000027f (sz=32, trace=300080, class=java.util.HashMap$Node@500000d7)
	key		5000027b
	value		5000027d
OBJ 50000280 (sz=24, trace=300075, class=java.lang.String@50000181)
	value		50000281
ARR 50000281 (sz=36, trace=300076, nelems=18, elem type=char[])
OBJ 50000282 (sz=24, trace=300077, class=java.lang.String@50000181)
	value		50000283
ARR 50000283 (sz=8, trace=300078, nelems=4, elem type=char[])
OBJ 50000284 (sz=32, trace=300080, class=java.util.HashMap$Node@500000d7)
	key		50000280
	value		50000282
OBJ 50000285 (sz=24, trace=300075, class=java.lang.String@50000181)
	value		50000286
ARR 50000286 (sz=22, trace=300076, nelems=11, elem type=char[])
OBJ 50000287 (sz=24, trace=300077, class=java.lang.String@50000181)
	value		50000288
ARR 50000288 (sz=28, trace=300078, nelems=14, elem type=char[])
OBJ 50000289 (sz=32, trace=300080, class=java.util.HashMap$Node@500000d7)
	key		50000285
	value		50000287
OBJ 5000028a (sz=24, trace=300075, class=java.lang.String@50000181)
	value		5000028b
ARR 5000028b (sz=24, trace=300076, nelems=12, elem type=char[])
OBJ 5000028c (sz=24, trace=300077, class=java.lang.String@50000181)
	value		5000028d
ARR 5000028d (sz=32, trace=300078, nelems=16, elem type=char[])
OBJ 5000028e (sz=32, trace=300081, class=java.util.HashMap$Node@500000d7)
	key		5000028a
	value		5000028c
	next		500002a7
OBJ 5000028f (sz=24, trace=300075, class=java.lang.String@50000181)
	value		50000290
ARR 50000290 (sz=34, trace=300076, nelems=17, elem type=char[])
OBJ 50000291 (sz=24, trace=300077, class=java.lang.String@50000181)
	value		50000292
ARR 50000292 (sz=44, trace=300078, nelems=22, elem type=char[])
OBJ 50000293 (sz=32, trace=300080, class=java.util.HashMap$Node@500000d7)
	key		5000028f
	value		50000291
OBJ 50000294 (sz=24, trace=300075, class=java.lang.String@50000181)
	value		50000295
ARR 50000295 (sz=24, trace=300076, nelems=12, elem type=char[])
OBJ 50000296 (sz=24, trace=300077, class=java.lang.String@50000181)
	value		50000297
ARR 50000297 (sz=32, trace=300078, nelems=16, elem type=char[])
OBJ 50000298 (sz=32, trace=300080, class=java.util.HashMap$Node@500000d7)
	key		50000294
	value		50000296
OBJ 50000299 (sz=24, trace=300075, class=java.lang.String@50000181)
	value		5000029a
ARR 5000029a (sz=12, trace=300076, nelems=6, elem type=char[])
OBJ 5000029b (sz=24, trace=300077, class=java.lang.String@50000181)
	value		5000029c
ARR 5000029c (sz=8, trace=300078, nelems=4, elem type=char[])
OBJ 5000029d (sz=32, trace=300081, class=java.util.HashMap$Node@500000d7)
	key		50000299
	value		5000029b
OBJ 5000029e (sz=24, trace=300075, class=java.lang.String@50000181)
	value		5000029f
ARR 5000029f (sz=24, trace=300076, nelems=12, elem type=char[])
OBJ 500002a0 (sz=24, trace=300077, class=java.lang.String@50000181)
	value		500002a1
ARR 500002a1 (sz=102, trace=300078, nelems=51, elem type=char[])
OBJ 500002a2 (sz=32, trace=300081, class=java.util.HashMap$Node@500000d7)
	key		5000029e
	value		500002a0
OBJ 500002a3 (sz=24, trace=300075, class=java.lang.String@50000181)
	value		500002a4
ARR 500002a4 (sz=12, trace=300076, nelems=6, elem type=char[])
OBJ 500002a5 (sz=24, trace=300077, class=java.lang.String@50000181)
	value		500002a6
ARR 500002a6 (sz=30, trace=300078, nelems=15, elem type=char[])
OBJ 500002a7 (sz=32, trace=300081, class=java.util.HashMap$Node@500000d7)
	key		500002a3
	value		500002a5
OBJ 500002a8 (sz=24, trace=300075, class=java.lang.String@50000181)
	value		500002a9
ARR 500002a9 (sz=26, trace=300076, nelems=13, elem type=char[])
OBJ 500002aa (sz=24, trace=300077, class=java.lang.String@50000181)
	value		500002ab
ARR 500002ab (sz=76, trace=300078, nelems=38, elem type=char[])
OBJ 500002ac (sz=32, trace=300081, class=java.util.HashMap$Node@500000d7)
	key		500002a8
	value		500002aa
OBJ 500002ad (sz=24, trace=300075, class=java.lang.String@50000181)
	value		500002ae
ARR 500002ae (sz=18, trace=300076, nelems=9, elem type=char[])
OBJ 500002af (sz=24, trace=300077, class=java.lang.String@50000181)
	value		500002b0
ARR 500002b0 (sz=18, trace=300078, nelems=9, elem type=char[])
OBJ 500002b1 (sz=32, trace=300081, class=java.util.HashMap$Node@500000d7)
	key		500002ad
	value		500002af
OBJ 500002b2 (sz=24, trace=300075, class=java.lang.String@50000181)
	value		500002b3
ARR 500002b3 (sz=22, trace=300076, nelems=11, elem type=char[])
OBJ 500002b4 (sz=24, trace=300077, class=java.lang.String@50000181)
	value		500002b5
ARR 500002b5 (sz=14, trace=300078, nelems=7, elem type=char[])
OBJ 500002b6 (sz=32, trace=300080, class=java.util.HashMap$Node@500000d7)
	key		500002b2
	value		500002b4
OBJ 500002b7 (sz=24, trace=300075, class=java.lang.String@50000181)
	value		500002b8
ARR 500002b8 (sz=22, trace=300076, nelems=11, elem type=char[])
OBJ 500002b9 (sz=24, trace=300077, class=java.lang.String@50000181)
	value		500002ba
ARR 500002ba (sz=4, trace=300078, nelems=2, elem type=char[])
OBJ 500002bb (sz=32, trace=300080, class=java.util.HashMap$Node@500000d7)
	key		500002b7
	value		500002b9
OBJ 500002bc (sz=24, trace=300075, class=java.lang.String@50000181)
	value		500002bd
ARR 500002bd (sz=20, trace=300076, nelems=10, elem type=char[])
OBJ 500002be (sz=24, trace=300077, class=java.lang.String@50000181)
	value		500002bf
ARR 500002bf (sz=20, trace=300078, nelems=10, elem type=char[])
OBJ 500002c0 (sz=32, trace=300081, class=java.util.HashMap$Node@500000d7)
	key		500002bc
	value		500002be
	next		500002c5
OBJ 500002c1 (sz=24, trace=300075, class=java.lang.String@50000181)
	value		500002c2
ARR 500002c2 (sz=8, trace=300076, nelems=4, elem type=char[])
OBJ 500002c3 (sz=24, trace=300077, class=java.lang.String@50000181)
	value		500002c4
ARR 500002c4 (sz=78, trace=300078, nelems=39, elem type=char[])
OBJ 500002c5 (sz=32, trace=300081, class=java.util.HashMap$Node@500000d7)
	key		500002c1
	value		500002c3
OBJ 500002c6 (sz=24, trace=300075, class=java.lang.String@50000181)
	value		500002c7
ARR 500002c7 (sz=6, trace=300076, nelems=3, elem type=char[])
OBJ 500002c8 (sz=24, trace=300077, class=java.lang.String@50000181)
	value		500002c9
ARR 500002c9 (sz=78, trace=300078, nelems=39, elem type=char[])
OBJ 500002ca (sz=32, trace=300080, class=java.util.HashMap$Node@500000d7)
	key		500002c6
	value		500002c8
OBJ 500002cb (sz=24, trace=300075, class=java.lang.String@50000181)
	value		500002cc
ARR 500002cc (sz=26, trace=300076, nelems=13, elem type=char[])
OBJ 500002cd (sz=24, trace=300077, class=java.lang.String@50000181)
	value		500002ce
ARR 500002ce (sz=28, trace=300078, nelems=14, elem type=char[])
OBJ 500002cf (sz=32, trace=300080, class=java.util.HashMap$Node@500000d7)
	key		500002cb
	value		500002cd
OBJ 500002d0 (sz=24, trace=300075, class=java.lang.String@50000181)
	value		500002d1
ARR 500002d1 (sz=20, trace=300076, nelems=10, elem type=char[])
OBJ 500002d2 (sz=24, trace=300077, class=java.lang.String@50000181)
	value		500002d3
ARR 500002d3 (sz=4, trace=300078, nelems=2, elem type=char[])
OBJ 500002d4 (sz=32, trace=300080, class=java.util.HashMap$Node@500000d7)
	key		500002d0
	value		500002d2
OBJ 500002d5 (sz=24, trace=300075, class=java.lang.String@50000181)
	value		500002d6
ARR 500002d6 (sz=16, trace=300076, nelems=8, elem type=char[])
OBJ 500002d7 (sz=24, trace=300077, class=java.lang.String@50000181)
	value		500002d8
ARR 500002d8 (sz=26, trace=300078, nelems=13, elem type=char[])
OBJ 500002d9 (sz=32, trace=300080, class=java.util.HashMap$Node@500000d7)
	key		500002d5
	value		500002d7
OBJ 500002da (sz=24, trace=300075, class=java.lang.String@50000181)
	value		500002db
ARR 500002db (sz=22, trace=300076, nelems=11, elem type=char[])
OBJ 500002dc (sz=24, trace=300077, class=java.lang.String@50000181)
	value		500002dd
ARR 500002dd (sz=50, trace=300078, nelems=25, elem type=char[])
OBJ 500002de (sz=32, trace=300081, class=java.util.HashMap$Node@500000d7)
	key		500002da
	value		500002dc
OBJ 500002df (sz=24, trace=300075, class=java.lang.String@50000181)
	value		500002e0
ARR 500002e0 (sz=12, trace=300076, nelems=6, elem type=char[])
OBJ 500002e1 (sz=24, trace=300077, class=java.lang.String@50000181)
	value		500002e2
ARR 500002e2 (sz=20, trace=300078, nelems=10, elem type=char[])
OBJ 500002e3 (sz=32, trace=300081, class=java.util.HashMap$Node@500000d7)
	key		500002df
	value		500002e1
ARR 500002e4 (sz=528, trace=300082, nelems=123, elem type=java.util.HashMap$Node[]@500000d5)
	[3]		5000027f
	[5]		50000238
	[9]		500002b6
	[10]		5000020a
	[12]		50000275
	[15]		500002a2
	[16]		500002bb
	[18]		50000200
	[19]		5000025b
	[20]		500002ac
	[25]		500002d9
	[27]		500002cf
	[29]		50000293
	[35]		50000270
	[48]		50000289
	[49]		50000298
	[51]		50000247
	[53]		5000027a
	[57]		5000028e
	[58]		500002e3
	[61]		500001f6
	[66]		50000251
	[70]		500002d4
	[71]		50000256
	[72]		5000024c
	[79]		5000023d
	[81]		50000233
	[84]		500001fb
	[91]		500002ee
	[96]		50000219
	[98]		500001f1
	[100]		50000265
	[101]		500002e9
	[102]		50000228
	[108]		50000284
	[109]		50000214
	[110]		5000022d
	[115]		500002c0
	[117]		50000242
	[118]		500002ca
	[121]		5000021e
	[122]		50000260
OBJ 500002e5 (sz=24, trace=300075, class=java.lang.String@50000181)
	value		500002e6
ARR 500002e6 (sz=42, trace=300076, nelems=21, elem type=char[])
OBJ 500002e7 (sz=24, trace=300077, class=java.lang.String@50000181)
	value		500002e8
ARR 500002e8 (sz=2, trace=300078, nelems=1, elem type=char[])
OBJ 500002e9 (sz=32, trace=300080, class=java.util.HashMap$Node@500000d7)
	key		500002e5
	value		500002e7
OBJ 500002ea (sz=24, trace=300075, class=java.lang.String@50000181)
	value		500002eb
ARR 500002eb (sz=46, trace=300076, nelems=23, elem type=char[])
OBJ 500002ec (sz=24, trace=300077, class=java.lang.String@50000181)
	value		500002ed
ARR 500002ed (sz=90, trace=300078, nelems=45, elem type=char[])
OBJ 500002ee (sz=32, trace=300080, class=java.util.HashMap$Node@500000d7)
	key		500002ea
	value		500002ec
OBJ 500002ef (sz=48, trace=300083, class=java.util.TreeMap@500000a8)
	comparator	500001e6
	root		500002fb
OBJ 500002f2 (sz=16, trace=300086, class=java.util.HashMap$EntrySet@500002f1)
	this$0		500001e9
OBJ 500002f3 (sz=16, trace=300087, class=java.lang.ProcessEnvironment$CheckedEntrySet@500002f0)
OBJ 500002f5 (sz=24, trace=300089, class=java.lang.ProcessEnvironment$CheckedEntrySet$1@500002f4)
OBJ 500002f8 (sz=40, trace=300091, class=java.util.HashMap$EntryIterator@500002f7)
OBJ 500002fa (sz=16, trace=300093, class=java.lang.ProcessEnvironment$CheckedEntry@500002f9)
OBJ 500002fb (sz=40, trace=300094, class=java.util.TreeMap$Entry@500000a6)
	key		5000027b
	value		5000027d
	left		500002fd
	right		50000305
OBJ 500002fc (sz=16, trace=300093, class=java.lang.ProcessEnvironment$CheckedEntry@500002f9)
OBJ 500002fd (sz=40, trace=300095, class=java.util.TreeMap$Entry@500000a6)
	key		50000234
	value		50000236
	left		5000030b
	right		5000030d
	parent		500002fb
OBJ 500002fe (sz=16, trace=300093, class=java.lang.ProcessEnvironment$CheckedEntry@500002f9)
OBJ 500002ff (sz=40, trace=300095, class=java.util.TreeMap$Entry@500000a6)
	key		500002b2
	value		500002b4
	left		5000030f
	right		50000353
	parent		50000313
OBJ 50000300 (sz=16, trace=300093, class=java.lang.ProcessEnvironment$CheckedEntry@500002f9)
OBJ 50000301 (sz=40, trace=300095, class=java.util.TreeMap$Entry@500000a6)
	key		50000206
	value		50000208
	parent		50000339
OBJ 50000302 (sz=16, trace=300093, class=java.lang.ProcessEnvironment$CheckedEntry@500002f9)
OBJ 50000303 (sz=40, trace=300095, class=java.util.TreeMap$Entry@500000a6)
	key		50000271
	value		50000273
	right		5000031f
	parent		50000317
OBJ 50000304 (sz=16, trace=300093, class=java.lang.ProcessEnvironment$CheckedEntry@500002f9)
OBJ 50000305 (sz=40, trace=300095, class=java.util.TreeMap$Entry@500000a6)
	key		5000029e
	value		500002a0
	left		50000315
	right		50000313
	parent		500002fb
OBJ 50000306 (sz=16, trace=300093, class=java.lang.ProcessEnvironment$CheckedEntry@500002f9)
OBJ 50000307 (sz=40, trace=300095, class=java.util.TreeMap$Entry@500000a6)
	key		500002b7
	value		500002b9
	parent		50000353
OBJ 50000308 (sz=16, trace=300093, class=java.lang.ProcessEnvironment$CheckedEntry@500002f9)
OBJ 50000309 (sz=40, trace=300095, class=java.util.TreeMap$Entry@500000a6)
	key		500001fc
	value		500001fe
	parent		50000337
OBJ 5000030a (sz=16, trace=300093, class=java.lang.ProcessEnvironment$CheckedEntry@500002f9)
OBJ 5000030b (sz=40, trace=300095, class=java.util.TreeMap$Entry@500000a6)
	key		50000201
	value		50000203
	left		50000337
	right		5000033d
	parent		500002fd
OBJ 5000030c (sz=16, trace=300093, class=java.lang.ProcessEnvironment$CheckedEntry@500002f9)
OBJ 5000030d (sz=40, trace=300095, class=java.util.TreeMap$Entry@500000a6)
	key		50000257
	value		50000259
	left		50000329
	right		50000317
	parent		500002fd
OBJ 5000030e (sz=16, trace=300093, class=java.lang.ProcessEnvironment$CheckedEntry@500002f9)
OBJ 5000030f (sz=40, trace=300095, class=java.util.TreeMap$Entry@500000a6)
	key		500002a8
	value		500002aa
	left		50000323
	right		50000343
	parent		500002ff
OBJ 50000310 (sz=16, trace=300093, class=java.lang.ProcessEnvironment$CheckedEntry@500002f9)
OBJ 50000311 (sz=40, trace=300095, class=java.util.TreeMap$Entry@500000a6)
	key		500002d5
	value		500002d7
	left		5000032b
	right		50000347
	parent		50000313
OBJ 50000312 (sz=16, trace=300093, class=java.lang.ProcessEnvironment$CheckedEntry@500002f9)
OBJ 50000313 (sz=40, trace=300095, class=java.util.TreeMap$Entry@500000a6)
	key		500002cb
	value		500002cd
	left		500002ff
	right		50000311
	parent		50000305
OBJ 50000314 (sz=16, trace=300093, class=java.lang.ProcessEnvironment$CheckedEntry@500002f9)
OBJ 50000315 (sz=40, trace=300095, class=java.util.TreeMap$Entry@500000a6)
	key		5000028f
	value		50000291
	left		50000319
	right		5000031b
	parent		50000305
OBJ 50000316 (sz=16, trace=300093, class=java.lang.ProcessEnvironment$CheckedEntry@500002f9)
OBJ 50000317 (sz=40, trace=300095, class=java.util.TreeMap$Entry@500000a6)
	key		5000026c
	value		5000026e
	left		50000345
	right		50000303
	parent		5000030d
OBJ 50000318 (sz=16, trace=300093, class=java.lang.ProcessEnvironment$CheckedEntry@500002f9)
OBJ 50000319 (sz=40, trace=300095, class=java.util.TreeMap$Entry@500000a6)
	key		50000285
	value		50000287
	left		5000034b
	right		50000321
	parent		50000315
OBJ 5000031a (sz=16, trace=300093, class=java.lang.ProcessEnvironment$CheckedEntry@500002f9)
OBJ 5000031b (sz=40, trace=300095, class=java.util.TreeMap$Entry@500000a6)
	key		50000294
	value		50000296
	right		50000331
	parent		50000315
OBJ 5000031c (sz=16, trace=300093, class=java.lang.ProcessEnvironment$CheckedEntry@500002f9)
OBJ 5000031d (sz=40, trace=300095, class=java.util.TreeMap$Entry@500000a6)
	key		50000243
	value		50000245
	left		50000333
	right		5000032f
	parent		50000329
OBJ 5000031e (sz=16, trace=300093, class=java.lang.ProcessEnvironment$CheckedEntry@500002f9)
OBJ 5000031f (sz=40, trace=300095, class=java.util.TreeMap$Entry@500000a6)
	key		50000276
	value		50000278
	parent		50000303
OBJ 50000320 (sz=16, trace=300093, class=java.lang.ProcessEnvironment$CheckedEntry@500002f9)
OBJ 50000321 (sz=40, trace=300095, class=java.util.TreeMap$Entry@500000a6)
	key		5000028a
	value		5000028c
	parent		50000319
OBJ 50000322 (sz=16, trace=300093, class=java.lang.ProcessEnvironment$CheckedEntry@500002f9)
OBJ 50000323 (sz=40, trace=300095, class=java.util.TreeMap$Entry@500000a6)
	key		500002a3
	value		500002a5
	parent		5000030f
OBJ 50000324 (sz=16, trace=300093, class=java.lang.ProcessEnvironment$CheckedEntry@500002f9)
OBJ 50000325 (sz=40, trace=300095, class=java.util.TreeMap$Entry@500000a6)
	key		500002df
	value		500002e1
	left		50000359
	parent		50000347
OBJ 50000326 (sz=16, trace=300093, class=java.lang.ProcessEnvironment$CheckedEntry@500002f9)
OBJ 50000327 (sz=40, trace=300095, class=java.util.TreeMap$Entry@500000a6)
	key		500001f2
	value		500001f4
	left		50000341
	parent		50000337
OBJ 50000328 (sz=16, trace=300093, class=java.lang.ProcessEnvironment$CheckedEntry@500002f9)
OBJ 50000329 (sz=40, trace=300095, class=java.util.TreeMap$Entry@500000a6)
	key		5000024d
	value		5000024f
	left		5000031d
	right		5000032d
	parent		5000030d
OBJ 5000032a (sz=16, trace=300093, class=java.lang.ProcessEnvironment$CheckedEntry@500002f9)
OBJ 5000032b (sz=40, trace=300095, class=java.util.TreeMap$Entry@500000a6)
	key		500002d0
	value		500002d2
	parent		50000311
OBJ 5000032c (sz=16, trace=300093, class=java.lang.ProcessEnvironment$CheckedEntry@500002f9)
OBJ 5000032d (sz=40, trace=300095, class=java.util.TreeMap$Entry@500000a6)
	key		50000252
	value		50000254
	parent		50000329
OBJ 5000032e (sz=16, trace=300093, class=java.lang.ProcessEnvironment$CheckedEntry@500002f9)
OBJ 5000032f (sz=40, trace=300095, class=java.util.TreeMap$Entry@500000a6)
	key		50000248
	value		5000024a
	parent		5000031d
OBJ 50000330 (sz=16, trace=300093, class=java.lang.ProcessEnvironment$CheckedEntry@500002f9)
OBJ 50000331 (sz=40, trace=300095, class=java.util.TreeMap$Entry@500000a6)
	key		50000299
	value		5000029b
	parent		5000031b
OBJ 50000332 (sz=16, trace=300093, class=java.lang.ProcessEnvironment$CheckedEntry@500002f9)
OBJ 50000333 (sz=40, trace=300095, class=java.util.TreeMap$Entry@500000a6)
	key		50000239
	value		5000023b
	right		50000357
	parent		5000031d
OBJ 50000334 (sz=16, trace=300093, class=java.lang.ProcessEnvironment$CheckedEntry@500002f9)
OBJ 50000335 (sz=40, trace=300095, class=java.util.TreeMap$Entry@500000a6)
	key		5000022f
	value		50000231
	left		50000351
	parent		50000349
OBJ 50000336 (sz=16, trace=300093, class=java.lang.ProcessEnvironment$CheckedEntry@500002f9)
OBJ 50000337 (sz=40, trace=300095, class=java.util.TreeMap$Entry@500000a6)
	key		500001f7
	value		500001f9
	left		50000327
	right		50000309
	parent		5000030b
OBJ 50000338 (sz=16, trace=300093, class=java.lang.ProcessEnvironment$CheckedEntry@500002f9)
OBJ 50000339 (sz=40, trace=300095, class=java.util.TreeMap$Entry@500000a6)
	key		5000020b
	value		5000020d
	left		50000301
	right		5000034d
	parent		5000033d
OBJ 5000033a (sz=16, trace=300093, class=java.lang.ProcessEnvironment$CheckedEntry@500002f9)
OBJ 5000033b (sz=40, trace=300095, class=java.util.TreeMap$Entry@500000a6)
	key		500002ea
	value		500002ec
	parent		50000347
OBJ 5000033c (sz=16, trace=300093, class=java.lang.ProcessEnvironment$CheckedEntry@500002f9)
OBJ 5000033d (sz=40, trace=300095, class=java.util.TreeMap$Entry@500000a6)
	key		50000215
	value		50000217
	left		50000339
	right		50000349
	parent		5000030b
OBJ 5000033e (sz=16, trace=300093, class=java.lang.ProcessEnvironment$CheckedEntry@500002f9)
OBJ 5000033f (sz=40, trace=300095, class=java.util.TreeMap$Entry@500000a6)
	key		50000266
	value		50000268
	parent		50000345
OBJ 50000340 (sz=16, trace=300093, class=java.lang.ProcessEnvironment$CheckedEntry@500002f9)
OBJ 50000341 (sz=40, trace=300095, class=java.util.TreeMap$Entry@500000a6)
	key		500001ec
	value		500001ee
	parent		50000327
OBJ 50000342 (sz=16, trace=300093, class=java.lang.ProcessEnvironment$CheckedEntry@500002f9)
OBJ 50000343 (sz=40, trace=300095, class=java.util.TreeMap$Entry@500000a6)
	key		500002ad
	value		500002af
	parent		5000030f
OBJ 50000344 (sz=16, trace=300093, class=java.lang.ProcessEnvironment$CheckedEntry@500002f9)
OBJ 50000345 (sz=40, trace=300095, class=java.util.TreeMap$Entry@500000a6)
	key		50000261
	value		50000263
	left		5000035f
	right		5000033f
	parent		50000317
OBJ 50000346 (sz=16, trace=300093, class=java.lang.ProcessEnvironment$CheckedEntry@500002f9)
OBJ 50000347 (sz=40, trace=300095, class=java.util.TreeMap$Entry@500000a6)
	key		500002e5
	value		500002e7
	left		50000325
	right		5000033b
	parent		50000311
OBJ 50000348 (sz=16, trace=300093, class=java.lang.ProcessEnvironment$CheckedEntry@500002f9)
OBJ 50000349 (sz=40, trace=300095, class=java.util.TreeMap$Entry@500000a6)
	key		50000224
	value		50000226
	left		5000034f
	right		50000335
	parent		5000033d
OBJ 5000034a (sz=16, trace=300093, class=java.lang.ProcessEnvironment$CheckedEntry@500002f9)
OBJ 5000034b (sz=40, trace=300095, class=java.util.TreeMap$Entry@500000a6)
	key		50000280
	value		50000282
	parent		50000319
OBJ 5000034c (sz=16, trace=300093, class=java.lang.ProcessEnvironment$CheckedEntry@500002f9)
OBJ 5000034d (sz=40, trace=300095, class=java.util.TreeMap$Entry@500000a6)
	key		50000210
	value		50000212
	parent		50000339
OBJ 5000034e (sz=16, trace=300093, class=java.lang.ProcessEnvironment$CheckedEntry@500002f9)
OBJ 5000034f (sz=40, trace=300095, class=java.util.TreeMap$Entry@500000a6)
	key		5000021f
	value		50000221
	left		5000035d
	parent		50000349
OBJ 50000350 (sz=16, trace=300093, class=java.lang.ProcessEnvironment$CheckedEntry@500002f9)
OBJ 50000351 (sz=40, trace=300095, class=java.util.TreeMap$Entry@500000a6)
	key		50000229
	value		5000022b
	parent		50000335
OBJ 50000352 (sz=16, trace=300093, class=java.lang.ProcessEnvironment$CheckedEntry@500002f9)
OBJ 50000353 (sz=40, trace=300095, class=java.util.TreeMap$Entry@500000a6)
	key		500002bc
	value		500002be
	left		50000307
	right		50000355
	parent		500002ff
OBJ 50000354 (sz=16, trace=300093, class=java.lang.ProcessEnvironment$CheckedEntry@500002f9)
OBJ 50000355 (sz=40, trace=300095, class=java.util.TreeMap$Entry@500000a6)
	key		500002c1
	value		500002c3
	right		5000035b
	parent		50000353
OBJ 50000356 (sz=16, trace=300093, class=java.lang.ProcessEnvironment$CheckedEntry@500002f9)
OBJ 50000357 (sz=40, trace=300095, class=java.util.TreeMap$Entry@500000a6)
	key		5000023e
	value		50000240
	parent		50000333
OBJ 50000358 (sz=16, trace=300093, class=java.lang.ProcessEnvironment$CheckedEntry@500002f9)
OBJ 50000359 (sz=40, trace=300095, class=java.util.TreeMap$Entry@500000a6)
	key		500002da
	value		500002dc
	parent		50000325
OBJ 5000035a (sz=16, trace=300093, class=java.lang.ProcessEnvironment$CheckedEntry@500002f9)
OBJ 5000035b (sz=40, trace=300095, class=java.util.TreeMap$Entry@500000a6)
	key		500002c6
	value		500002c8
	parent		50000355
OBJ 5000035c (sz=16, trace=300093, class=java.lang.ProcessEnvironment$CheckedEntry@500002f9)
OBJ 5000035d (sz=40, trace=300095, class=java.util.TreeMap$Entry@500000a6)
	key		5000021a
	value		5000021c
	parent		5000034f
OBJ 5000035e (sz=16, trace=300093, class=java.lang.ProcessEnvironment$CheckedEntry@500002f9)
OBJ 5000035f (sz=40, trace=300095, class=java.util.TreeMap$Entry@500000a6)
	key		5000025c
	value		5000025e
	parent		50000345
OBJ 50000360 (sz=24, trace=300096, class=java.lang.StringBuilder@50000135)
ARR 50000361 (sz=48, trace=300097, nelems=0, elem type=char[])
ARR 50000362 (sz=88, trace=300010, nelems=0, elem type=char[])
ARR 50000363 (sz=160, trace=300010, nelems=0, elem type=char[])
OBJ 50000364 (sz=24, trace=300098, class=java.lang.String@50000181)
ARR 50000365 (sz=120, trace=300099, nelems=0, elem type=char[])
OBJ 50000366 (sz=24, trace=300100, class=java.lang.StringBuilder@50000135)
ARR 50000367 (sz=48, trace=300101, nelems=0, elem type=char[])
ARR 50000368 (sz=88, trace=300010, nelems=0, elem type=char[])
ARR 50000369 (sz=160, trace=300010, nelems=0, elem type=char[])
ARR 5000036a (sz=304, trace=300010, nelems=0, elem type=char[])
OBJ 5000036b (sz=24, trace=300102, class=java.lang.String@50000181)
ARR 5000036c (sz=168, trace=300103, nelems=0, elem type=char[])
OBJ 5000036e (sz=16, trace=300105, class=sun.usagetracker.UsageTrackerClient$3@5000036d)
OBJ 5000036f (sz=32, trace=300106, class=java.io.File@5000012f)
OBJ 50000370 (sz=16, trace=300105, class=sun.usagetracker.UsageTrackerClient$3@5000036d)
OBJ 50000371 (sz=32, trace=300106, class=java.io.File@5000012f)
OBJ 50000372 (sz=32, trace=300107, class=java.io.File@5000012f)
OBJ 50000373 (sz=24, trace=300108, class=java.lang.String@50000181)
ARR 50000374 (sz=64, trace=300109, nelems=0, elem type=char[])
OBJ 50000375 (sz=24, trace=300110, class=java.io.ExpiringCache$Entry@50000055)
	val		50001c6e
OBJ 50000376 (sz=40, trace=300111, class=java.util.LinkedHashMap$Entry@50000054)
	key		50001c6c
	value		50000375
	before		50001c6b
	after		50000413
OBJ 50000377 (sz=24, trace=300112, class=java.lang.String@50000181)
ARR 50000378 (sz=64, trace=300109, nelems=0, elem type=char[])
OBJ 50000379 (sz=32, trace=300113, class=java.io.File@5000012f)
OBJ 5000037a (sz=24, trace=300114, class=sun.usagetracker.UsageTrackerClient$1@500001cb)
ARR 5000037b (sz=40, trace=300115, nelems=0, elem type=char[])
OBJ 5000037c (sz=24, trace=300116, class=java.lang.String@50000181)
ARR 5000037d (sz=40, trace=300060, nelems=0, elem type=char[])
OBJ 5000037e (sz=16, trace=300117, class=sun.usagetracker.UsageTrackerClient$2@500001e2)
OBJ 5000037f (sz=24, trace=300118, class=java.lang.StringBuilder@50000135)
ARR 50000380 (sz=48, trace=300119, nelems=0, elem type=char[])
ARR 50000381 (sz=88, trace=300010, nelems=0, elem type=char[])
ARR 50000382 (sz=160, trace=300010, nelems=0, elem type=char[])
OBJ 50000383 (sz=24, trace=300120, class=java.lang.String@50000181)
ARR 50000384 (sz=104, trace=300121, nelems=0, elem type=char[])
OBJ 50000385 (sz=24, trace=300122, class=java.lang.StringBuilder@50000135)
ARR 50000386 (sz=48, trace=300123, nelems=0, elem type=char[])
ARR 50000387 (sz=48, trace=300124, nelems=0, elem type=char[])
OBJ 50000388 (sz=24, trace=300125, class=java.lang.String@50000181)
ARR 50000389 (sz=88, trace=300010, nelems=0, elem type=char[])
OBJ 5000038a (sz=24, trace=300126, class=java.lang.String@50000181)
ARR 5000038b (sz=72, trace=300127, nelems=0, elem type=char[])
OBJ 5000038c (sz=32, trace=300128, class=java.io.File@5000012f)
ARR 5000038d (sz=160, trace=300129, nelems=0, elem type=char[])
OBJ 5000038e (sz=24, trace=300130, class=java.lang.String@50000181)
	value		5000038f
ARR 5000038f (sz=142, trace=300131, nelems=71, elem type=char[])
OBJ 50000390 (sz=32, trace=300132, class=java.io.FileOutputStream@50000085)
	fd		50000393
	path		5000038e
	closeLock	50000392
OBJ 50000391 (sz=40, trace=300133, class=java.lang.ref.Finalizer@50000160)
	referent	50000390
	queue		50001ade
	next		50003a88
	prev		50000405
OBJ 50000392 (sz=16, trace=300134, class=java.lang.Object@50000185)
OBJ 50000393 (sz=40, trace=300135, class=java.io.FileDescriptor@5000008a)
	parent		50000390
OBJ 50000394 (sz=24, trace=300136, class=java.lang.StringBuilder@50000135)
ARR 50000395 (sz=48, trace=300137, nelems=0, elem type=char[])
ARR 50000396 (sz=88, trace=300010, nelems=0, elem type=char[])
ARR 50000397 (sz=160, trace=300010, nelems=0, elem type=char[])
OBJ 50000398 (sz=24, trace=300138, class=java.lang.String@50000181)
ARR 50000399 (sz=120, trace=300139, nelems=0, elem type=char[])
ARR 5000039a (sz=32, trace=300140, nelems=0, elem type=char[])
OBJ 5000039b (sz=24, trace=300141, class=java.lang.String@50000181)
ARR 5000039c (sz=32, trace=300142, nelems=0, elem type=char[])
OBJ 5000039d (sz=24, trace=300143, class=java.lang.StringBuilder@50000135)
ARR 5000039e (sz=48, trace=300144, nelems=0, elem type=char[])
OBJ 5000039f (sz=24, trace=300145, class=java.lang.String@50000181)
ARR 500003a0 (sz=48, trace=300146, nelems=0, elem type=char[])
ARR 500003a3 (sz=16, trace=300148, nelems=0, elem type=java.lang.Class[]@50000117)
OBJ 500003a4 (sz=56, trace=300149, class=java.lang.Class$ReflectionData@500000c4)
OBJ 500003a5 (sz=40, trace=300040, class=java.lang.ref.SoftReference@50000165)
OBJ 500003a6 (sz=80, trace=300150, class=java.lang.reflect.Constructor@50000151)
OBJ 500003a7 (sz=24, trace=300151, class=java.lang.Class$1@500000ae)
OBJ 500003a8 (sz=24, trace=300152, class=sun.reflect.NativeConstructorAccessorImpl@500000ac)
OBJ 500003a9 (sz=16, trace=300153, class=sun.reflect.DelegatingConstructorAccessorImpl@500000ab)
OBJ 500003aa (sz=24, trace=300154, class=sun.nio.cs.UTF_8@500003a2)
	name		50002304
	aliases		5000240e
ARR 500003ab (sz=24, trace=300155, nelems=0, elem type=java.lang.Object[]@5000011c)
OBJ 500003ac (sz=32, trace=300156, class=java.lang.StringCoding$StringEncoder@50000059)
ARR 500003ae (sz=24, trace=300158, nelems=0, elem type=byte[])
OBJ 500003af (sz=56, trace=300159, class=sun.nio.cs.UTF_8$Encoder@500003ad)
ARR 500003b0 (sz=24, trace=300160, nelems=0, elem type=byte[])
OBJ 500003b1 (sz=40, trace=300161, class=java.lang.ref.SoftReference@50000165)
ARR 500003b2 (sz=176, trace=300162, nelems=0, elem type=byte[])
ARR 500003b3 (sz=72, trace=300163, nelems=0, elem type=byte[])
OBJ 500003b5 (sz=16, trace=300165, class=java.io.FileOutputStream$1@500003b4)
OBJ 500003b6 (sz=376, trace=300000, class=java.lang.Thread@5000015e)
OBJ 500003b8 (sz=24, trace=300166, class=sun.launcher.LauncherHelper@500003b7)
	name		50003b0e
ARR 500003ba (sz=24, trace=300167, nelems=1, elem type=sun.launcher.LauncherHelper[]@500003b9)
	[0]		500003b8
OBJ 500003bb (sz=24, trace=300168, class=java.lang.StringBuilder@50000135)
	value		50001ac9
ARR 500003bc (sz=48, trace=300169, nelems=0, elem type=char[])
ARR 500003bd (sz=24, trace=300170, nelems=0, elem type=java.lang.Object[]@5000011c)
OBJ 500003c1 (sz=40, trace=300174, class=java.util.ResourceBundle$1@500003c0)
	cacheKey	5000211a
OBJ 500003c2 (sz=64, trace=300175, class=java.util.concurrent.ConcurrentHashMap@5000002a)
	table		50000a31
OBJ 500003c3 (sz=32, trace=300176, class=java.lang.ref.ReferenceQueue@500000e6)
	lock		500003c4
OBJ 500003c4 (sz=16, trace=300177, class=java.lang.ref.ReferenceQueue$Lock@500000e4)
OBJ 500003c7 (sz=32, trace=300180, class=java.util.ServiceLoader@500003c6)
OBJ 500003c8 (sz=56, trace=300181, class=java.util.LinkedHashMap@5000005f)
OBJ 500003ca (sz=40, trace=300183, class=java.util.ServiceLoader$LazyIterator@500003c9)
OBJ 500003cc (sz=24, trace=300185, class=java.util.ServiceLoader$1@500003cb)
OBJ 500003ce (sz=16, trace=300187, class=java.util.LinkedHashMap$LinkedEntrySet@500003cd)
OBJ 500003d1 (sz=32, trace=300189, class=java.util.LinkedHashMap$LinkedEntryIterator@500003d0)
OBJ 500003d2 (sz=24, trace=300190, class=java.lang.StringBuilder@50000135)
ARR 500003d3 (sz=48, trace=300191, nelems=0, elem type=char[])
ARR 500003d4 (sz=88, trace=300010, nelems=0, elem type=char[])
ARR 500003d5 (sz=160, trace=300010, nelems=0, elem type=char[])
OBJ 500003d6 (sz=24, trace=300192, class=java.lang.String@50000181)
ARR 500003d7 (sz=144, trace=300193, nelems=0, elem type=char[])
ARR 500003d9 (sz=24, trace=300194, nelems=0, elem type=java.util.Enumeration[]@500003d8)
OBJ 500003dc (sz=16, trace=300197, class=sun.misc.Launcher$BootClassPathHolder$1@500003db)
ARR 500003dd (sz=48, trace=300198, nelems=0, elem type=java.io.File[]@50000038)
OBJ 500003de (sz=24, trace=300199, class=java.lang.String@50000181)
	value		500003df
ARR 500003df (sz=104, trace=300200, nelems=52, elem type=char[])
OBJ 500003e0 (sz=32, trace=300201, class=java.io.File@5000012f)
OBJ 500003e1 (sz=24, trace=300199, class=java.lang.String@50000181)
ARR 500003e2 (sz=112, trace=300200, nelems=0, elem type=char[])
OBJ 500003e3 (sz=32, trace=300201, class=java.io.File@5000012f)
OBJ 500003e4 (sz=24, trace=300199, class=java.lang.String@50000181)
ARR 500003e5 (sz=128, trace=300200, nelems=0, elem type=char[])
OBJ 500003e6 (sz=32, trace=300201, class=java.io.File@5000012f)
OBJ 500003e7 (sz=24, trace=300199, class=java.lang.String@50000181)
ARR 500003e8 (sz=112, trace=300200, nelems=0, elem type=char[])
OBJ 500003e9 (sz=32, trace=300201, class=java.io.File@5000012f)
OBJ 500003ea (sz=24, trace=300199, class=java.lang.String@50000181)
ARR 500003eb (sz=112, trace=300200, nelems=0, elem type=char[])
OBJ 500003ec (sz=32, trace=300201, class=java.io.File@5000012f)
OBJ 500003ed (sz=24, trace=300199, class=java.lang.String@50000181)
ARR 500003ee (sz=120, trace=300200, nelems=0, elem type=char[])
OBJ 500003ef (sz=32, trace=300201, class=java.io.File@5000012f)
OBJ 500003f0 (sz=24, trace=300199, class=java.lang.String@50000181)
ARR 500003f1 (sz=112, trace=300200, nelems=0, elem type=char[])
OBJ 500003f2 (sz=32, trace=300201, class=java.io.File@5000012f)
OBJ 500003f3 (sz=24, trace=300202, class=java.lang.String@50000181)
	value		500003f4
ARR 500003f4 (sz=84, trace=300203, nelems=42, elem type=char[])
OBJ 500003f5 (sz=32, trace=300204, class=java.io.File@5000012f)
OBJ 500003f6 (sz=16, trace=300205, class=java.util.HashSet@50000005)
OBJ 500003f7 (sz=48, trace=300206, class=java.util.HashMap@500000d9)
OBJ 500003f8 (sz=24, trace=300207, class=java.lang.String@50000181)
	value		500003f9
ARR 500003f9 (sz=76, trace=300208, nelems=38, elem type=char[])
OBJ 500003fa (sz=32, trace=300209, class=java.io.File@5000012f)
ARR 500003fb (sz=96, trace=300210, nelems=0, elem type=char[])
OBJ 500003fc (sz=24, trace=300211, class=java.lang.String@50000181)
ARR 500003fd (sz=96, trace=300212, nelems=0, elem type=char[])
ARR 500003fe (sz=80, trace=300213, nelems=0, elem type=java.util.HashMap$Node[]@500000d5)
OBJ 500003ff (sz=32, trace=300080, class=java.util.HashMap$Node@500000d7)
OBJ 50000400 (sz=32, trace=300214, class=java.io.File@5000012f)
ARR 50000401 (sz=120, trace=300215, nelems=0, elem type=char[])
OBJ 50000402 (sz=24, trace=300216, class=java.lang.String@50000181)
	value		50000403
ARR 50000403 (sz=98, trace=300217, nelems=49, elem type=char[])
OBJ 50000404 (sz=32, trace=300218, class=java.io.FileInputStream@5000008b)
	fd		50000407
	path		50000402
	closeLock	50000406
OBJ 50000405 (sz=40, trace=300133, class=java.lang.ref.Finalizer@50000160)
	referent	50000404
	queue		50001ade
	next		50000391
	prev		50000b18
OBJ 50000406 (sz=16, trace=300219, class=java.lang.Object@50000185)
OBJ 50000407 (sz=40, trace=300220, class=java.io.FileDescriptor@5000008a)
	parent		50000404
OBJ 50000408 (sz=24, trace=300221, class=java.io.FileReader@50000032)
OBJ 50000409 (sz=56, trace=300222, class=sun.nio.cs.ext.DoubleByte$Decoder@50000096)
OBJ 5000040a (sz=48, trace=300223, class=sun.nio.cs.StreamDecoder@50000031)
ARR 5000040b (sz=8208, trace=300224, nelems=0, elem type=byte[])
OBJ 5000040c (sz=48, trace=300225, class=java.nio.HeapByteBuffer@50000072)
OBJ 5000040d (sz=48, trace=300226, class=java.io.BufferedReader@50000034)
ARR 5000040e (sz=16400, trace=300227, nelems=0, elem type=char[])
OBJ 5000040f (sz=24, trace=300228, class=java.util.ArrayList@500000f1)
OBJ 50000410 (sz=24, trace=300108, class=java.lang.String@50000181)
ARR 50000411 (sz=88, trace=300109, nelems=0, elem type=char[])
OBJ 50000412 (sz=24, trace=300110, class=java.io.ExpiringCache$Entry@50000055)
	val		50001c69
OBJ 50000413 (sz=40, trace=300229, class=java.util.LinkedHashMap$Entry@50000054)
	key		500003f8
	value		50000412
	before		50000376
	after		50000558
OBJ 50000414 (sz=24, trace=300112, class=java.lang.String@50000181)
ARR 50000415 (sz=88, trace=300109, nelems=0, elem type=char[])
OBJ 50000416 (sz=32, trace=300230, class=java.io.File@5000012f)
OBJ 50000417 (sz=32, trace=300231, class=java.io.File@5000012f)
OBJ 50000418 (sz=48, trace=300232, class=java.nio.HeapCharBuffer@5000006a)
OBJ 50000419 (sz=24, trace=300233, class=java.lang.String@50000181)
ARR 5000041a (sz=40, trace=300234, nelems=0, elem type=char[])
OBJ 5000041b (sz=24, trace=300235, class=java.lang.String@50000181)
ARR 5000041c (sz=120, trace=300234, nelems=0, elem type=char[])
OBJ 5000041d (sz=24, trace=300235, class=java.lang.String@50000181)
ARR 5000041e (sz=136, trace=300234, nelems=0, elem type=char[])
OBJ 5000041f (sz=24, trace=300235, class=java.lang.String@50000181)
ARR 50000420 (sz=96, trace=300234, nelems=0, elem type=char[])
OBJ 50000421 (sz=24, trace=300235, class=java.lang.String@50000181)
ARR 50000422 (sz=48, trace=300234, nelems=0, elem type=char[])
OBJ 50000423 (sz=24, trace=300236, class=java.lang.String@50000181)
ARR 50000424 (sz=40, trace=300237, nelems=0, elem type=char[])
OBJ 50000425 (sz=24, trace=300235, class=java.lang.String@50000181)
	value		50000426
ARR 50000426 (sz=14, trace=300234, nelems=7, elem type=char[])
ARR 50000427 (sz=56, trace=300238, nelems=0, elem type=java.lang.Object[]@5000011c)
OBJ 50000428 (sz=24, trace=300235, class=java.lang.String@50000181)
	value		50000429
ARR 50000429 (sz=14, trace=300234, nelems=7, elem type=char[])
OBJ 5000042a (sz=24, trace=300235, class=java.lang.String@50000181)
ARR 5000042b (sz=40, trace=300234, nelems=0, elem type=char[])
OBJ 5000042c (sz=32, trace=300239, class=java.io.File@5000012f)
	path		5000042e
ARR 5000042d (sz=120, trace=300240, nelems=0, elem type=char[])
OBJ 5000042e (sz=24, trace=300241, class=java.lang.String@50000181)
	value		5000042f
ARR 5000042f (sz=102, trace=300217, nelems=51, elem type=char[])
OBJ 50000430 (sz=24, trace=300242, class=sun.misc.MetaIndex@50000036)
	contents	500033d9
ARR 50000431 (sz=16, trace=300243, nelems=0, elem type=java.lang.String[]@500000db)
ARR 50000432 (sz=120, trace=300210, nelems=0, elem type=char[])
OBJ 50000433 (sz=24, trace=300211, class=java.lang.String@50000181)
ARR 50000434 (sz=120, trace=300212, nelems=0, elem type=char[])
OBJ 50000435 (sz=32, trace=300081, class=java.util.HashMap$Node@500000d7)
	key		5000042c
	value		50000430
ARR 50000436 (sz=144, trace=300244, nelems=31, elem type=java.util.HashMap$Node[]@500000d5)
	[6]		50003370
	[11]		50003371
	[12]		50003372
	[13]		50003373
	[15]		50000460
	[16]		50003374
	[17]		50003375
	[20]		500004c9
	[21]		50003376
	[22]		50003377
	[27]		50003378
	[30]		50003379
OBJ 50000437 (sz=24, trace=300236, class=java.lang.String@50000181)
ARR 50000438 (sz=32, trace=300237, nelems=0, elem type=char[])
OBJ 50000439 (sz=24, trace=300235, class=java.lang.String@50000181)
	value		5000043a
ARR 5000043a (sz=24, trace=300234, nelems=12, elem type=char[])
OBJ 5000043b (sz=24, trace=300235, class=java.lang.String@50000181)
	value		5000043c
ARR 5000043c (sz=24, trace=300234, nelems=12, elem type=char[])
OBJ 5000043d (sz=24, trace=300235, class=java.lang.String@50000181)
	value		5000043e
ARR 5000043e (sz=42, trace=300234, nelems=21, elem type=char[])
OBJ 5000043f (sz=24, trace=300235, class=java.lang.String@50000181)
	value		50000440
ARR 50000440 (sz=40, trace=300234, nelems=20, elem type=char[])
OBJ 50000441 (sz=24, trace=300235, class=java.lang.String@50000181)
ARR 50000442 (sz=40, trace=300234, nelems=0, elem type=char[])
OBJ 50000443 (sz=32, trace=300239, class=java.io.File@5000012f)
	path		50000445
ARR 50000444 (sz=112, trace=300240, nelems=0, elem type=char[])
OBJ 50000445 (sz=24, trace=300241, class=java.lang.String@50000181)
	value		50000446
ARR 50000446 (sz=92, trace=300217, nelems=46, elem type=char[])
OBJ 50000447 (sz=24, trace=300242, class=sun.misc.MetaIndex@50000036)
	contents	50003420
ARR 50000448 (sz=16, trace=300243, nelems=0, elem type=java.lang.String[]@500000db)
ARR 50000449 (sz=112, trace=300210, nelems=0, elem type=char[])
OBJ 5000044a (sz=24, trace=300211, class=java.lang.String@50000181)
ARR 5000044b (sz=112, trace=300212, nelems=0, elem type=char[])
OBJ 5000044c (sz=32, trace=300081, class=java.util.HashMap$Node@500000d7)
	key		50000443
	value		50000447
OBJ 5000044d (sz=24, trace=300236, class=java.lang.String@50000181)
ARR 5000044e (sz=32, trace=300237, nelems=0, elem type=char[])
OBJ 5000044f (sz=24, trace=300235, class=java.lang.String@50000181)
	value		50000450
ARR 50000450 (sz=30, trace=300234, nelems=15, elem type=char[])
OBJ 50000451 (sz=24, trace=300235, class=java.lang.String@50000181)
	value		50000452
ARR 50000452 (sz=14, trace=300234, nelems=7, elem type=char[])
OBJ 50000453 (sz=24, trace=300235, class=java.lang.String@50000181)
	value		50000454
ARR 50000454 (sz=38, trace=300234, nelems=19, elem type=char[])
OBJ 50000455 (sz=24, trace=300235, class=java.lang.String@50000181)
ARR 50000456 (sz=40, trace=300234, nelems=0, elem type=char[])
OBJ 50000457 (sz=32, trace=300239, class=java.io.File@5000012f)
	path		50000459
ARR 50000458 (sz=112, trace=300240, nelems=0, elem type=char[])
OBJ 50000459 (sz=24, trace=300241, class=java.lang.String@50000181)
	value		5000045a
ARR 5000045a (sz=92, trace=300217, nelems=46, elem type=char[])
OBJ 5000045b (sz=24, trace=300242, class=sun.misc.MetaIndex@50000036)
	contents	500033c7
ARR 5000045c (sz=16, trace=300243, nelems=0, elem type=java.lang.String[]@500000db)
ARR 5000045d (sz=112, trace=300210, nelems=0, elem type=char[])
OBJ 5000045e (sz=24, trace=300211, class=java.lang.String@50000181)
ARR 5000045f (sz=112, trace=300212, nelems=0, elem type=char[])
OBJ 50000460 (sz=32, trace=300080, class=java.util.HashMap$Node@500000d7)
	key		50000457
	value		5000045b
OBJ 50000461 (sz=24, trace=300236, class=java.lang.String@50000181)
ARR 50000462 (sz=32, trace=300237, nelems=0, elem type=char[])
OBJ 50000463 (sz=24, trace=300235, class=java.lang.String@50000181)
	value		50000464
ARR 50000464 (sz=24, trace=300234, nelems=12, elem type=char[])
OBJ 50000465 (sz=24, trace=300235, class=java.lang.String@50000181)
	value		50000466
ARR 50000466 (sz=24, trace=300234, nelems=12, elem type=char[])
OBJ 50000467 (sz=24, trace=300235, class=java.lang.String@50000181)
ARR 50000468 (sz=64, trace=300234, nelems=0, elem type=char[])
OBJ 50000469 (sz=32, trace=300239, class=java.io.File@5000012f)
	path		5000046b
ARR 5000046a (sz=112, trace=300240, nelems=0, elem type=char[])
OBJ 5000046b (sz=24, trace=300241, class=java.lang.String@50000181)
	value		5000046c
ARR 5000046c (sz=94, trace=300217, nelems=47, elem type=char[])
OBJ 5000046d (sz=24, trace=300242, class=sun.misc.MetaIndex@50000036)
	contents	5000338f
ARR 5000046e (sz=16, trace=300243, nelems=0, elem type=java.lang.String[]@500000db)
ARR 5000046f (sz=112, trace=300210, nelems=0, elem type=char[])
OBJ 50000470 (sz=24, trace=300211, class=java.lang.String@50000181)
ARR 50000471 (sz=112, trace=300212, nelems=0, elem type=char[])
OBJ 50000472 (sz=32, trace=300081, class=java.util.HashMap$Node@500000d7)
	key		50000469
	value		5000046d
OBJ 50000473 (sz=24, trace=300236, class=java.lang.String@50000181)
ARR 50000474 (sz=56, trace=300237, nelems=0, elem type=char[])
OBJ 50000475 (sz=24, trace=300235, class=java.lang.String@50000181)
ARR 50000476 (sz=48, trace=300234, nelems=0, elem type=char[])
OBJ 50000477 (sz=24, trace=300236, class=java.lang.String@50000181)
ARR 50000478 (sz=48, trace=300237, nelems=0, elem type=char[])
OBJ 50000479 (sz=24, trace=300235, class=java.lang.String@50000181)
	value		5000047a
ARR 5000047a (sz=54, trace=300234, nelems=27, elem type=char[])
OBJ 5000047b (sz=24, trace=300235, class=java.lang.String@50000181)
	value		5000047c
ARR 5000047c (sz=104, trace=300234, nelems=52, elem type=char[])
OBJ 5000047d (sz=24, trace=300235, class=java.lang.String@50000181)
	value		5000047e
ARR 5000047e (sz=96, trace=300234, nelems=48, elem type=char[])
OBJ 5000047f (sz=24, trace=300235, class=java.lang.String@50000181)
	value		50000480
ARR 50000480 (sz=28, trace=300234, nelems=14, elem type=char[])
OBJ 50000481 (sz=24, trace=300235, class=java.lang.String@50000181)
	value		50000482
ARR 50000482 (sz=108, trace=300234, nelems=54, elem type=char[])
OBJ 50000483 (sz=24, trace=300235, class=java.lang.String@50000181)
	value		50000484
ARR 50000484 (sz=18, trace=300234, nelems=9, elem type=char[])
OBJ 50000485 (sz=24, trace=300235, class=java.lang.String@50000181)
	value		50000486
ARR 50000486 (sz=106, trace=300234, nelems=53, elem type=char[])
OBJ 50000487 (sz=24, trace=300235, class=java.lang.String@50000181)
	value		50000488
ARR 50000488 (sz=102, trace=300234, nelems=51, elem type=char[])
OBJ 50000489 (sz=24, trace=300235, class=java.lang.String@50000181)
	value		5000048a
ARR 5000048a (sz=22, trace=300234, nelems=11, elem type=char[])
OBJ 5000048b (sz=24, trace=300235, class=java.lang.String@50000181)
	value		5000048c
ARR 5000048c (sz=114, trace=300234, nelems=57, elem type=char[])
OBJ 5000048d (sz=24, trace=300235, class=java.lang.String@50000181)
	value		5000048e
ARR 5000048e (sz=114, trace=300234, nelems=57, elem type=char[])
ARR 5000048f (sz=80, trace=300238, nelems=0, elem type=java.lang.Object[]@5000011c)
OBJ 50000490 (sz=24, trace=300235, class=java.lang.String@50000181)
	value		50000491
ARR 50000491 (sz=14, trace=300234, nelems=7, elem type=char[])
OBJ 50000492 (sz=24, trace=300235, class=java.lang.String@50000181)
	value		50000493
ARR 50000493 (sz=114, trace=300234, nelems=57, elem type=char[])
OBJ 50000494 (sz=24, trace=300235, class=java.lang.String@50000181)
	value		50000495
ARR 50000495 (sz=32, trace=300234, nelems=16, elem type=char[])
OBJ 50000496 (sz=24, trace=300235, class=java.lang.String@50000181)
	value		50000497
ARR 50000497 (sz=98, trace=300234, nelems=49, elem type=char[])
OBJ 50000498 (sz=24, trace=300235, class=java.lang.String@50000181)
	value		50000499
ARR 50000499 (sz=52, trace=300234, nelems=26, elem type=char[])
ARR 5000049a (sz=104, trace=300238, nelems=0, elem type=java.lang.Object[]@5000011c)
OBJ 5000049b (sz=24, trace=300235, class=java.lang.String@50000181)
	value		5000049c
ARR 5000049c (sz=106, trace=300234, nelems=53, elem type=char[])
OBJ 5000049d (sz=24, trace=300235, class=java.lang.String@50000181)
	value		5000049e
ARR 5000049e (sz=14, trace=300234, nelems=7, elem type=char[])
OBJ 5000049f (sz=24, trace=300235, class=java.lang.String@50000181)
	value		500004a0
ARR 500004a0 (sz=18, trace=300234, nelems=9, elem type=char[])
OBJ 500004a1 (sz=24, trace=300235, class=java.lang.String@50000181)
	value		500004a2
ARR 500004a2 (sz=120, trace=300234, nelems=60, elem type=char[])
OBJ 500004a3 (sz=24, trace=300235, class=java.lang.String@50000181)
	value		500004a4
ARR 500004a4 (sz=30, trace=300234, nelems=15, elem type=char[])
OBJ 500004a5 (sz=24, trace=300235, class=java.lang.String@50000181)
	value		500004a6
ARR 500004a6 (sz=110, trace=300234, nelems=55, elem type=char[])
OBJ 500004a7 (sz=24, trace=300235, class=java.lang.String@50000181)
	value		500004a8
ARR 500004a8 (sz=48, trace=300234, nelems=24, elem type=char[])
ARR 500004a9 (sz=152, trace=300238, nelems=0, elem type=java.lang.Object[]@5000011c)
OBJ 500004aa (sz=24, trace=300235, class=java.lang.String@50000181)
	value		500004ab
ARR 500004ab (sz=18, trace=300234, nelems=9, elem type=char[])
OBJ 500004ac (sz=24, trace=300235, class=java.lang.String@50000181)
	value		500004ad
ARR 500004ad (sz=16, trace=300234, nelems=8, elem type=char[])
OBJ 500004ae (sz=24, trace=300235, class=java.lang.String@50000181)
	value		500004af
ARR 500004af (sz=18, trace=300234, nelems=9, elem type=char[])
OBJ 500004b0 (sz=24, trace=300235, class=java.lang.String@50000181)
	value		500004b1
ARR 500004b1 (sz=110, trace=300234, nelems=55, elem type=char[])
OBJ 500004b2 (sz=24, trace=300235, class=java.lang.String@50000181)
	value		500004b3
ARR 500004b3 (sz=24, trace=300234, nelems=12, elem type=char[])
OBJ 500004b4 (sz=24, trace=300235, class=java.lang.String@50000181)
	value		500004b5
ARR 500004b5 (sz=102, trace=300234, nelems=51, elem type=char[])
OBJ 500004b6 (sz=24, trace=300235, class=java.lang.String@50000181)
	value		500004b7
ARR 500004b7 (sz=38, trace=300234, nelems=19, elem type=char[])
OBJ 500004b8 (sz=24, trace=300235, class=java.lang.String@50000181)
	value		500004b9
ARR 500004b9 (sz=26, trace=300234, nelems=13, elem type=char[])
OBJ 500004ba (sz=24, trace=300235, class=java.lang.String@50000181)
	value		500004bb
ARR 500004bb (sz=24, trace=300234, nelems=12, elem type=char[])
OBJ 500004bc (sz=24, trace=300235, class=java.lang.String@50000181)
	value		500004bd
ARR 500004bd (sz=132, trace=300234, nelems=66, elem type=char[])
OBJ 500004be (sz=24, trace=300235, class=java.lang.String@50000181)
ARR 500004bf (sz=32, trace=300234, nelems=0, elem type=char[])
OBJ 500004c0 (sz=32, trace=300239, class=java.io.File@5000012f)
	path		500004c2
ARR 500004c1 (sz=120, trace=300240, nelems=0, elem type=char[])
OBJ 500004c2 (sz=24, trace=300241, class=java.lang.String@50000181)
	value		500004c3
ARR 500004c3 (sz=104, trace=300217, nelems=52, elem type=char[])
OBJ 500004c4 (sz=24, trace=300242, class=sun.misc.MetaIndex@50000036)
	contents	500033af
ARR 500004c5 (sz=16, trace=300243, nelems=0, elem type=java.lang.String[]@500000db)
ARR 500004c6 (sz=120, trace=300210, nelems=0, elem type=char[])
OBJ 500004c7 (sz=24, trace=300211, class=java.lang.String@50000181)
ARR 500004c8 (sz=120, trace=300212, nelems=0, elem type=char[])
OBJ 500004c9 (sz=32, trace=300080, class=java.util.HashMap$Node@500000d7)
	key		500004c0
	value		500004c4
	next		50000523
OBJ 500004ca (sz=24, trace=300236, class=java.lang.String@50000181)
ARR 500004cb (sz=32, trace=300237, nelems=0, elem type=char[])
OBJ 500004cc (sz=24, trace=300235, class=java.lang.String@50000181)
	value		500004cd
ARR 500004cd (sz=54, trace=300234, nelems=27, elem type=char[])
OBJ 500004ce (sz=24, trace=300235, class=java.lang.String@50000181)
	value		500004cf
ARR 500004cf (sz=10, trace=300234, nelems=5, elem type=char[])
OBJ 500004d0 (sz=24, trace=300235, class=java.lang.String@50000181)
	value		500004d1
ARR 500004d1 (sz=18, trace=300234, nelems=9, elem type=char[])
OBJ 500004d2 (sz=24, trace=300235, class=java.lang.String@50000181)
	value		500004d3
ARR 500004d3 (sz=28, trace=300234, nelems=14, elem type=char[])
OBJ 500004d4 (sz=24, trace=300235, class=java.lang.String@50000181)
	value		500004d5
ARR 500004d5 (sz=32, trace=300234, nelems=16, elem type=char[])
OBJ 500004d6 (sz=24, trace=300235, class=java.lang.String@50000181)
	value		500004d7
ARR 500004d7 (sz=42, trace=300234, nelems=21, elem type=char[])
OBJ 500004d8 (sz=24, trace=300235, class=java.lang.String@50000181)
	value		500004d9
ARR 500004d9 (sz=28, trace=300234, nelems=14, elem type=char[])
OBJ 500004da (sz=24, trace=300235, class=java.lang.String@50000181)
	value		500004db
ARR 500004db (sz=28, trace=300234, nelems=14, elem type=char[])
OBJ 500004dc (sz=24, trace=300235, class=java.lang.String@50000181)
	value		500004dd
ARR 500004dd (sz=24, trace=300234, nelems=12, elem type=char[])
OBJ 500004de (sz=24, trace=300235, class=java.lang.String@50000181)
	value		500004df
ARR 500004df (sz=38, trace=300234, nelems=19, elem type=char[])
OBJ 500004e0 (sz=24, trace=300235, class=java.lang.String@50000181)
	value		500004e1
ARR 500004e1 (sz=8, trace=300234, nelems=4, elem type=char[])
OBJ 500004e2 (sz=24, trace=300235, class=java.lang.String@50000181)
	value		500004e3
ARR 500004e3 (sz=24, trace=300234, nelems=12, elem type=char[])
OBJ 500004e4 (sz=24, trace=300235, class=java.lang.String@50000181)
	value		500004e5
ARR 500004e5 (sz=26, trace=300234, nelems=13, elem type=char[])
OBJ 500004e6 (sz=24, trace=300235, class=java.lang.String@50000181)
	value		500004e7
ARR 500004e7 (sz=32, trace=300234, nelems=16, elem type=char[])
OBJ 500004e8 (sz=24, trace=300235, class=java.lang.String@50000181)
	value		500004e9
ARR 500004e9 (sz=24, trace=300234, nelems=12, elem type=char[])
OBJ 500004ea (sz=24, trace=300235, class=java.lang.String@50000181)
	value		500004eb
ARR 500004eb (sz=24, trace=300234, nelems=12, elem type=char[])
OBJ 500004ec (sz=24, trace=300235, class=java.lang.String@50000181)
	value		500004ed
ARR 500004ed (sz=16, trace=300234, nelems=8, elem type=char[])
OBJ 500004ee (sz=24, trace=300235, class=java.lang.String@50000181)
	value		500004ef
ARR 500004ef (sz=28, trace=300234, nelems=14, elem type=char[])
OBJ 500004f0 (sz=24, trace=300235, class=java.lang.String@50000181)
	value		500004f1
ARR 500004f1 (sz=38, trace=300234, nelems=19, elem type=char[])
OBJ 500004f2 (sz=24, trace=300235, class=java.lang.String@50000181)
	value		500004f3
ARR 500004f3 (sz=24, trace=300234, nelems=12, elem type=char[])
OBJ 500004f4 (sz=24, trace=300235, class=java.lang.String@50000181)
	value		500004f5
ARR 500004f5 (sz=30, trace=300234, nelems=15, elem type=char[])
OBJ 500004f6 (sz=24, trace=300235, class=java.lang.String@50000181)
	value		500004f7
ARR 500004f7 (sz=16, trace=300234, nelems=8, elem type=char[])
OBJ 500004f8 (sz=24, trace=300235, class=java.lang.String@50000181)
	value		500004f9
ARR 500004f9 (sz=30, trace=300234, nelems=15, elem type=char[])
OBJ 500004fa (sz=24, trace=300235, class=java.lang.String@50000181)
	value		500004fb
ARR 500004fb (sz=8, trace=300234, nelems=4, elem type=char[])
OBJ 500004fc (sz=24, trace=300235, class=java.lang.String@50000181)
	value		500004fd
ARR 500004fd (sz=30, trace=300234, nelems=15, elem type=char[])
OBJ 500004fe (sz=24, trace=300235, class=java.lang.String@50000181)
	value		500004ff
ARR 500004ff (sz=16, trace=300234, nelems=8, elem type=char[])
OBJ 50000500 (sz=24, trace=300235, class=java.lang.String@50000181)
	value		50000501
ARR 50000501 (sz=16, trace=300234, nelems=8, elem type=char[])
OBJ 50000502 (sz=24, trace=300235, class=java.lang.String@50000181)
	value		50000503
ARR 50000503 (sz=34, trace=300234, nelems=17, elem type=char[])
OBJ 50000504 (sz=24, trace=300235, class=java.lang.String@50000181)
	value		50000505
ARR 50000505 (sz=28, trace=300234, nelems=14, elem type=char[])
OBJ 50000506 (sz=24, trace=300235, class=java.lang.String@50000181)
	value		50000507
ARR 50000507 (sz=24, trace=300234, nelems=12, elem type=char[])
OBJ 50000508 (sz=24, trace=300235, class=java.lang.String@50000181)
	value		50000509
ARR 50000509 (sz=38, trace=300234, nelems=19, elem type=char[])
OBJ 5000050a (sz=24, trace=300235, class=java.lang.String@50000181)
	value		5000050b
ARR 5000050b (sz=22, trace=300234, nelems=11, elem type=char[])
OBJ 5000050c (sz=24, trace=300235, class=java.lang.String@50000181)
	value		5000050d
ARR 5000050d (sz=34, trace=300234, nelems=17, elem type=char[])
OBJ 5000050e (sz=24, trace=300235, class=java.lang.String@50000181)
	value		5000050f
ARR 5000050f (sz=26, trace=300234, nelems=13, elem type=char[])
ARR 50000510 (sz=216, trace=300238, nelems=0, elem type=java.lang.Object[]@5000011c)
OBJ 50000511 (sz=24, trace=300235, class=java.lang.String@50000181)
	value		50000512
ARR 50000512 (sz=44, trace=300234, nelems=22, elem type=char[])
OBJ 50000513 (sz=24, trace=300235, class=java.lang.String@50000181)
	value		50000514
ARR 50000514 (sz=24, trace=300234, nelems=12, elem type=char[])
OBJ 50000515 (sz=24, trace=300235, class=java.lang.String@50000181)
	value		50000516
ARR 50000516 (sz=12, trace=300234, nelems=6, elem type=char[])
OBJ 50000517 (sz=24, trace=300245, class=java.lang.StringBuffer@50000136)
ARR 50000518 (sz=176, trace=300246, nelems=0, elem type=char[])
OBJ 50000519 (sz=48, trace=300232, class=java.nio.HeapCharBuffer@5000006a)
OBJ 5000051a (sz=32, trace=300247, class=java.io.File@5000012f)
	path		5000051c
ARR 5000051b (sz=112, trace=300248, nelems=0, elem type=char[])
OBJ 5000051c (sz=24, trace=300249, class=java.lang.String@50000181)
	value		5000051d
ARR 5000051d (sz=90, trace=300217, nelems=45, elem type=char[])
OBJ 5000051e (sz=24, trace=300250, class=sun.misc.MetaIndex@50000036)
	contents	500033b0
ARR 5000051f (sz=16, trace=300251, nelems=0, elem type=java.lang.String[]@500000db)
ARR 50000520 (sz=112, trace=300210, nelems=0, elem type=char[])
OBJ 50000521 (sz=24, trace=300211, class=java.lang.String@50000181)
ARR 50000522 (sz=112, trace=300212, nelems=0, elem type=char[])
OBJ 50000523 (sz=32, trace=300081, class=java.util.HashMap$Node@500000d7)
	key		5000051a
	value		5000051e
OBJ 50000524 (sz=16, trace=300252, class=java.io.FileInputStream$1@50000013)
OBJ 50000525 (sz=24, trace=300207, class=java.lang.String@50000181)
ARR 50000526 (sz=96, trace=300208, nelems=0, elem type=char[])
OBJ 50000527 (sz=32, trace=300209, class=java.io.File@5000012f)
ARR 50000528 (sz=96, trace=300210, nelems=0, elem type=char[])
OBJ 50000529 (sz=24, trace=300211, class=java.lang.String@50000181)
ARR 5000052a (sz=96, trace=300212, nelems=0, elem type=char[])
OBJ 5000052b (sz=24, trace=300207, class=java.lang.String@50000181)
ARR 5000052c (sz=96, trace=300208, nelems=0, elem type=char[])
OBJ 5000052d (sz=32, trace=300209, class=java.io.File@5000012f)
ARR 5000052e (sz=96, trace=300210, nelems=0, elem type=char[])
OBJ 5000052f (sz=24, trace=300211, class=java.lang.String@50000181)
ARR 50000530 (sz=96, trace=300212, nelems=0, elem type=char[])
OBJ 50000531 (sz=24, trace=300207, class=java.lang.String@50000181)
ARR 50000532 (sz=96, trace=300208, nelems=0, elem type=char[])
OBJ 50000533 (sz=32, trace=300209, class=java.io.File@5000012f)
ARR 50000534 (sz=96, trace=300210, nelems=0, elem type=char[])
OBJ 50000535 (sz=24, trace=300211, class=java.lang.String@50000181)
ARR 50000536 (sz=96, trace=300212, nelems=0, elem type=char[])
OBJ 50000537 (sz=24, trace=300207, class=java.lang.String@50000181)
ARR 50000538 (sz=96, trace=300208, nelems=0, elem type=char[])
OBJ 50000539 (sz=32, trace=300209, class=java.io.File@5000012f)
ARR 5000053a (sz=96, trace=300210, nelems=0, elem type=char[])
OBJ 5000053b (sz=24, trace=300211, class=java.lang.String@50000181)
ARR 5000053c (sz=96, trace=300212, nelems=0, elem type=char[])
OBJ 5000053d (sz=24, trace=300207, class=java.lang.String@50000181)
ARR 5000053e (sz=96, trace=300208, nelems=0, elem type=char[])
OBJ 5000053f (sz=32, trace=300209, class=java.io.File@5000012f)
ARR 50000540 (sz=96, trace=300210, nelems=0, elem type=char[])
OBJ 50000541 (sz=24, trace=300211, class=java.lang.String@50000181)
ARR 50000542 (sz=96, trace=300212, nelems=0, elem type=char[])
OBJ 50000543 (sz=24, trace=300207, class=java.lang.String@50000181)
ARR 50000544 (sz=96, trace=300208, nelems=0, elem type=char[])
OBJ 50000545 (sz=32, trace=300209, class=java.io.File@5000012f)
ARR 50000546 (sz=96, trace=300210, nelems=0, elem type=char[])
OBJ 50000547 (sz=24, trace=300211, class=java.lang.String@50000181)
ARR 50000548 (sz=96, trace=300212, nelems=0, elem type=char[])
OBJ 50000549 (sz=24, trace=300207, class=java.lang.String@50000181)
ARR 5000054a (sz=88, trace=300208, nelems=0, elem type=char[])
OBJ 5000054b (sz=32, trace=300209, class=java.io.File@5000012f)
ARR 5000054c (sz=88, trace=300210, nelems=0, elem type=char[])
OBJ 5000054d (sz=24, trace=300211, class=java.lang.String@50000181)
ARR 5000054e (sz=88, trace=300212, nelems=0, elem type=char[])
OBJ 5000054f (sz=32, trace=300080, class=java.util.HashMap$Node@500000d7)
OBJ 50000550 (sz=32, trace=300214, class=java.io.File@5000012f)
ARR 50000551 (sz=112, trace=300215, nelems=0, elem type=char[])
OBJ 50000552 (sz=24, trace=300216, class=java.lang.String@50000181)
ARR 50000553 (sz=112, trace=300217, nelems=0, elem type=char[])
ARR 50000554 (sz=48, trace=300253, nelems=0, elem type=java.net.URL[]@5000000d)
OBJ 50000555 (sz=24, trace=300108, class=java.lang.String@50000181)
	value		50000556
ARR 50000556 (sz=76, trace=300109, nelems=38, elem type=char[])
OBJ 50000557 (sz=24, trace=300110, class=java.io.ExpiringCache$Entry@50000055)
	val		50001cac
OBJ 50000558 (sz=40, trace=300111, class=java.util.LinkedHashMap$Entry@50000054)
	key		500003de
	value		50000557
	before		50000413
	after		5000057b
OBJ 50000559 (sz=24, trace=300112, class=java.lang.String@50000181)
	value		5000055a
ARR 5000055a (sz=76, trace=300109, nelems=38, elem type=char[])
OBJ 5000055b (sz=32, trace=300230, class=java.io.File@5000012f)
OBJ 5000055c (sz=24, trace=300254, class=java.io.ExpiringCache$Entry@50000055)
	val		50000559
OBJ 5000055d (sz=40, trace=300111, class=java.util.LinkedHashMap$Entry@50000054)
	key		50000555
	value		5000055c
	before		500039cb
OBJ 5000055e (sz=32, trace=300255, class=java.io.File@5000012f)
ARR 5000055f (sz=256, trace=300256, nelems=0, elem type=char[])
ARR 50000560 (sz=120, trace=300257, nelems=0, elem type=char[])
OBJ 50000561 (sz=24, trace=300258, class=java.lang.String@50000181)
ARR 50000562 (sz=128, trace=300259, nelems=0, elem type=char[])
OBJ 50000563 (sz=24, trace=300260, class=java.lang.StringBuilder@50000135)
ARR 50000564 (sz=48, trace=300261, nelems=0, elem type=char[])
ARR 50000565 (sz=128, trace=300010, nelems=0, elem type=char[])
OBJ 50000566 (sz=24, trace=300262, class=java.lang.String@50000181)
	value		50000567
ARR 50000567 (sz=110, trace=300263, nelems=55, elem type=char[])
OBJ 50000568 (sz=64, trace=300264, class=java.net.URL@5000012d)
	protocol	500032fd
	host		50001c1a
	file		50000566
	authority	50001c1a
	path		50000566
	handler		5000330e
OBJ 50000569 (sz=24, trace=300265, class=java.net.Parts@50000010)
OBJ 5000056a (sz=24, trace=300108, class=java.lang.String@50000181)
ARR 5000056b (sz=96, trace=300109, nelems=0, elem type=char[])
OBJ 5000056c (sz=24, trace=300266, class=java.lang.String@50000181)
ARR 5000056d (sz=32, trace=300267, nelems=0, elem type=char[])
OBJ 5000056e (sz=24, trace=300268, class=java.lang.StringBuilder@50000135)
ARR 5000056f (sz=48, trace=300269, nelems=0, elem type=char[])
ARR 50000570 (sz=96, trace=300010, nelems=0, elem type=char[])
ARR 50000571 (sz=176, trace=300270, nelems=0, elem type=char[])
OBJ 50000572 (sz=24, trace=300271, class=java.lang.String@50000181)
ARR 50000573 (sz=112, trace=300272, nelems=0, elem type=char[])
OBJ 50000574 (sz=24, trace=300273, class=java.lang.StringBuilder@50000135)
ARR 50000575 (sz=48, trace=300274, nelems=0, elem type=char[])
ARR 50000576 (sz=96, trace=300010, nelems=0, elem type=char[])
ARR 50000577 (sz=176, trace=300270, nelems=0, elem type=char[])
OBJ 50000578 (sz=24, trace=300275, class=java.lang.String@50000181)
	value		50000579
ARR 50000579 (sz=90, trace=300276, nelems=45, elem type=char[])
OBJ 5000057a (sz=24, trace=300277, class=java.io.ExpiringCache$Entry@50000055)
	val		50001caa
OBJ 5000057b (sz=40, trace=300111, class=java.util.LinkedHashMap$Entry@50000054)
	key		50000578
	value		5000057a
	next		500005b7
	before		50000558
	after		50000599
OBJ 5000057c (sz=32, trace=300255, class=java.io.File@5000012f)
ARR 5000057d (sz=232, trace=300256, nelems=0, elem type=char[])
ARR 5000057e (sz=112, trace=300257, nelems=0, elem type=char[])
OBJ 5000057f (sz=24, trace=300258, class=java.lang.String@50000181)
ARR 50000580 (sz=112, trace=300259, nelems=0, elem type=char[])
OBJ 50000581 (sz=24, trace=300260, class=java.lang.StringBuilder@50000135)
ARR 50000582 (sz=48, trace=300261, nelems=0, elem type=char[])
ARR 50000583 (sz=112, trace=300010, nelems=0, elem type=char[])
OBJ 50000584 (sz=24, trace=300262, class=java.lang.String@50000181)
	value		50000585
ARR 50000585 (sz=96, trace=300263, nelems=48, elem type=char[])
OBJ 50000586 (sz=64, trace=300264, class=java.net.URL@5000012d)
	protocol	500032fd
	host		50001c1a
	file		50000584
	authority	50001c1a
	path		50000584
	handler		5000330e
OBJ 50000587 (sz=24, trace=300265, class=java.net.Parts@50000010)
OBJ 50000588 (sz=24, trace=300108, class=java.lang.String@50000181)
ARR 50000589 (sz=96, trace=300109, nelems=0, elem type=char[])
OBJ 5000058a (sz=24, trace=300266, class=java.lang.String@50000181)
ARR 5000058b (sz=48, trace=300267, nelems=0, elem type=char[])
OBJ 5000058c (sz=24, trace=300268, class=java.lang.StringBuilder@50000135)
ARR 5000058d (sz=48, trace=300269, nelems=0, elem type=char[])
ARR 5000058e (sz=96, trace=300010, nelems=0, elem type=char[])
ARR 5000058f (sz=176, trace=300270, nelems=0, elem type=char[])
OBJ 50000590 (sz=24, trace=300271, class=java.lang.String@50000181)
ARR 50000591 (sz=128, trace=300272, nelems=0, elem type=char[])
OBJ 50000592 (sz=24, trace=300273, class=java.lang.StringBuilder@50000135)
ARR 50000593 (sz=48, trace=300274, nelems=0, elem type=char[])
ARR 50000594 (sz=96, trace=300010, nelems=0, elem type=char[])
ARR 50000595 (sz=176, trace=300270, nelems=0, elem type=char[])
OBJ 50000596 (sz=24, trace=300275, class=java.lang.String@50000181)
	value		50000597
ARR 50000597 (sz=106, trace=300276, nelems=53, elem type=char[])
OBJ 50000598 (sz=24, trace=300277, class=java.io.ExpiringCache$Entry@50000055)
	val		50001ca8
OBJ 50000599 (sz=40, trace=300229, class=java.util.LinkedHashMap$Entry@50000054)
	key		50000596
	value		50000598
	before		5000057b
	after		500005b7
OBJ 5000059a (sz=32, trace=300255, class=java.io.File@5000012f)
ARR 5000059b (sz=264, trace=300256, nelems=0, elem type=char[])
ARR 5000059c (sz=128, trace=300257, nelems=0, elem type=char[])
OBJ 5000059d (sz=24, trace=300258, class=java.lang.String@50000181)
ARR 5000059e (sz=128, trace=300259, nelems=0, elem type=char[])
OBJ 5000059f (sz=24, trace=300260, class=java.lang.StringBuilder@50000135)
ARR 500005a0 (sz=48, trace=300261, nelems=0, elem type=char[])
ARR 500005a1 (sz=128, trace=300010, nelems=0, elem type=char[])
OBJ 500005a2 (sz=24, trace=300262, class=java.lang.String@50000181)
	value		500005a3
ARR 500005a3 (sz=112, trace=300263, nelems=56, elem type=char[])
OBJ 500005a4 (sz=64, trace=300264, class=java.net.URL@5000012d)
	protocol	500032fd
	host		50001c1a
	file		500005a2
	authority	50001c1a
	path		500005a2
	handler		5000330e
OBJ 500005a5 (sz=24, trace=300265, class=java.net.Parts@50000010)
OBJ 500005a6 (sz=24, trace=300108, class=java.lang.String@50000181)
ARR 500005a7 (sz=96, trace=300109, nelems=0, elem type=char[])
OBJ 500005a8 (sz=24, trace=300266, class=java.lang.String@50000181)
ARR 500005a9 (sz=32, trace=300267, nelems=0, elem type=char[])
OBJ 500005aa (sz=24, trace=300268, class=java.lang.StringBuilder@50000135)
ARR 500005ab (sz=48, trace=300269, nelems=0, elem type=char[])
ARR 500005ac (sz=96, trace=300010, nelems=0, elem type=char[])
ARR 500005ad (sz=176, trace=300270, nelems=0, elem type=char[])
OBJ 500005ae (sz=24, trace=300271, class=java.lang.String@50000181)
ARR 500005af (sz=112, trace=300272, nelems=0, elem type=char[])
OBJ 500005b0 (sz=24, trace=300273, class=java.lang.StringBuilder@50000135)
ARR 500005b1 (sz=48, trace=300274, nelems=0, elem type=char[])
ARR 500005b2 (sz=96, trace=300010, nelems=0, elem type=char[])
ARR 500005b3 (sz=176, trace=300270, nelems=0, elem type=char[])
OBJ 500005b4 (sz=24, trace=300275, class=java.lang.String@50000181)
	value		500005b5
ARR 500005b5 (sz=94, trace=300276, nelems=47, elem type=char[])
OBJ 500005b6 (sz=24, trace=300277, class=java.io.ExpiringCache$Entry@50000055)
	val		50001ca6
OBJ 500005b7 (sz=40, trace=300229, class=java.util.LinkedHashMap$Entry@50000054)
	key		500005b4
	value		500005b6
	before		50000599
	after		500005d5
OBJ 500005b8 (sz=32, trace=300255, class=java.io.File@5000012f)
ARR 500005b9 (sz=240, trace=300256, nelems=0, elem type=char[])
ARR 500005ba (sz=112, trace=300257, nelems=0, elem type=char[])
OBJ 500005bb (sz=24, trace=300258, class=java.lang.String@50000181)
ARR 500005bc (sz=120, trace=300259, nelems=0, elem type=char[])
OBJ 500005bd (sz=24, trace=300260, class=java.lang.StringBuilder@50000135)
ARR 500005be (sz=48, trace=300261, nelems=0, elem type=char[])
ARR 500005bf (sz=120, trace=300010, nelems=0, elem type=char[])
OBJ 500005c0 (sz=24, trace=300262, class=java.lang.String@50000181)
	value		500005c1
ARR 500005c1 (sz=100, trace=300263, nelems=50, elem type=char[])
OBJ 500005c2 (sz=64, trace=300264, class=java.net.URL@5000012d)
	protocol	500032fd
	host		50001c1a
	file		500005c0
	authority	50001c1a
	path		500005c0
	handler		5000330e
OBJ 500005c3 (sz=24, trace=300265, class=java.net.Parts@50000010)
OBJ 500005c4 (sz=24, trace=300108, class=java.lang.String@50000181)
ARR 500005c5 (sz=96, trace=300109, nelems=0, elem type=char[])
OBJ 500005c6 (sz=24, trace=300266, class=java.lang.String@50000181)
ARR 500005c7 (sz=32, trace=300267, nelems=0, elem type=char[])
OBJ 500005c8 (sz=24, trace=300268, class=java.lang.StringBuilder@50000135)
ARR 500005c9 (sz=48, trace=300269, nelems=0, elem type=char[])
ARR 500005ca (sz=96, trace=300010, nelems=0, elem type=char[])
ARR 500005cb (sz=176, trace=300270, nelems=0, elem type=char[])
OBJ 500005cc (sz=24, trace=300271, class=java.lang.String@50000181)
ARR 500005cd (sz=112, trace=300272, nelems=0, elem type=char[])
OBJ 500005ce (sz=24, trace=300273, class=java.lang.StringBuilder@50000135)
ARR 500005cf (sz=48, trace=300274, nelems=0, elem type=char[])
ARR 500005d0 (sz=96, trace=300010, nelems=0, elem type=char[])
ARR 500005d1 (sz=176, trace=300270, nelems=0, elem type=char[])
OBJ 500005d2 (sz=24, trace=300275, class=java.lang.String@50000181)
	value		500005d3
ARR 500005d3 (sz=92, trace=300276, nelems=46, elem type=char[])
OBJ 500005d4 (sz=24, trace=300277, class=java.io.ExpiringCache$Entry@50000055)
	val		50001ca4
OBJ 500005d5 (sz=40, trace=300229, class=java.util.LinkedHashMap$Entry@50000054)
	key		500005d2
	value		500005d4
	before		500005b7
	after		500005f3
OBJ 500005d6 (sz=32, trace=300255, class=java.io.File@5000012f)
ARR 500005d7 (sz=232, trace=300256, nelems=0, elem type=char[])
ARR 500005d8 (sz=112, trace=300257, nelems=0, elem type=char[])
OBJ 500005d9 (sz=24, trace=300258, class=java.lang.String@50000181)
ARR 500005da (sz=112, trace=300259, nelems=0, elem type=char[])
OBJ 500005db (sz=24, trace=300260, class=java.lang.StringBuilder@50000135)
ARR 500005dc (sz=48, trace=300261, nelems=0, elem type=char[])
ARR 500005dd (sz=120, trace=300010, nelems=0, elem type=char[])
OBJ 500005de (sz=24, trace=300262, class=java.lang.String@50000181)
	value		500005df
ARR 500005df (sz=98, trace=300263, nelems=49, elem type=char[])
OBJ 500005e0 (sz=64, trace=300264, class=java.net.URL@5000012d)
	protocol	500032fd
	host		50001c1a
	file		500005de
	authority	50001c1a
	path		500005de
	handler		5000330e
OBJ 500005e1 (sz=24, trace=300265, class=java.net.Parts@50000010)
OBJ 500005e2 (sz=24, trace=300108, class=java.lang.String@50000181)
ARR 500005e3 (sz=96, trace=300109, nelems=0, elem type=char[])
OBJ 500005e4 (sz=24, trace=300266, class=java.lang.String@50000181)
ARR 500005e5 (sz=40, trace=300267, nelems=0, elem type=char[])
OBJ 500005e6 (sz=24, trace=300268, class=java.lang.StringBuilder@50000135)
ARR 500005e7 (sz=48, trace=300269, nelems=0, elem type=char[])
ARR 500005e8 (sz=96, trace=300010, nelems=0, elem type=char[])
ARR 500005e9 (sz=176, trace=300270, nelems=0, elem type=char[])
OBJ 500005ea (sz=24, trace=300271, class=java.lang.String@50000181)
ARR 500005eb (sz=120, trace=300272, nelems=0, elem type=char[])
OBJ 500005ec (sz=24, trace=300273, class=java.lang.StringBuilder@50000135)
ARR 500005ed (sz=48, trace=300274, nelems=0, elem type=char[])
ARR 500005ee (sz=96, trace=300010, nelems=0, elem type=char[])
ARR 500005ef (sz=176, trace=300270, nelems=0, elem type=char[])
OBJ 500005f0 (sz=24, trace=300275, class=java.lang.String@50000181)
	value		500005f1
ARR 500005f1 (sz=102, trace=300276, nelems=51, elem type=char[])
OBJ 500005f2 (sz=24, trace=300277, class=java.io.ExpiringCache$Entry@50000055)
	val		50001cae
OBJ 500005f3 (sz=40, trace=300111, class=java.util.LinkedHashMap$Entry@50000054)
	key		500005f0
	value		500005f2
	before		500005d5
	after		50000612
ARR 500005f4 (sz=272, trace=300278, nelems=63, elem type=java.util.HashMap$Node[]@500000d5)
	[1]		50001c4d
	[3]		50001c4e
	[9]		50001c4f
	[11]		50000558
	[12]		50001c50
	[14]		50000a5a
	[15]		50000622
	[16]		50000612
	[17]		50001c51
	[24]		50001c52
	[25]		50001c53
	[28]		50001c54
	[32]		500005f3
	[34]		50001c55
	[42]		50001c56
	[46]		50001c57
	[47]		5000057b
	[49]		50001c58
	[52]		50001c59
	[59]		50000376
	[62]		50001c4c
OBJ 500005f5 (sz=32, trace=300255, class=java.io.File@5000012f)
ARR 500005f6 (sz=256, trace=300256, nelems=0, elem type=char[])
ARR 500005f7 (sz=120, trace=300257, nelems=0, elem type=char[])
OBJ 500005f8 (sz=24, trace=300258, class=java.lang.String@50000181)
ARR 500005f9 (sz=128, trace=300259, nelems=0, elem type=char[])
OBJ 500005fa (sz=24, trace=300260, class=java.lang.StringBuilder@50000135)
ARR 500005fb (sz=48, trace=300261, nelems=0, elem type=char[])
ARR 500005fc (sz=128, trace=300010, nelems=0, elem type=char[])
OBJ 500005fd (sz=24, trace=300262, class=java.lang.String@50000181)
	value		500005fe
ARR 500005fe (sz=108, trace=300263, nelems=54, elem type=char[])
OBJ 500005ff (sz=64, trace=300264, class=java.net.URL@5000012d)
	protocol	500032fd
	host		50001c1a
	file		500005fd
	authority	50001c1a
	path		500005fd
	handler		5000330e
OBJ 50000600 (sz=24, trace=300265, class=java.net.Parts@50000010)
OBJ 50000601 (sz=24, trace=300108, class=java.lang.String@50000181)
ARR 50000602 (sz=96, trace=300109, nelems=0, elem type=char[])
OBJ 50000603 (sz=24, trace=300266, class=java.lang.String@50000181)
ARR 50000604 (sz=32, trace=300267, nelems=0, elem type=char[])
OBJ 50000605 (sz=24, trace=300268, class=java.lang.StringBuilder@50000135)
ARR 50000606 (sz=48, trace=300269, nelems=0, elem type=char[])
ARR 50000607 (sz=96, trace=300010, nelems=0, elem type=char[])
ARR 50000608 (sz=176, trace=300270, nelems=0, elem type=char[])
OBJ 50000609 (sz=24, trace=300271, class=java.lang.String@50000181)
ARR 5000060a (sz=112, trace=300272, nelems=0, elem type=char[])
OBJ 5000060b (sz=24, trace=300273, class=java.lang.StringBuilder@50000135)
ARR 5000060c (sz=48, trace=300274, nelems=0, elem type=char[])
ARR 5000060d (sz=96, trace=300010, nelems=0, elem type=char[])
ARR 5000060e (sz=176, trace=300270, nelems=0, elem type=char[])
OBJ 5000060f (sz=24, trace=300275, class=java.lang.String@50000181)
	value		50000610
ARR 50000610 (sz=92, trace=300276, nelems=46, elem type=char[])
OBJ 50000611 (sz=24, trace=300277, class=java.io.ExpiringCache$Entry@50000055)
	val		50001cb0
OBJ 50000612 (sz=40, trace=300111, class=java.util.LinkedHashMap$Entry@50000054)
	key		5000060f
	value		50000611
	before		500005f3
	after		50000622
OBJ 50000613 (sz=32, trace=300255, class=java.io.File@5000012f)
ARR 50000614 (sz=232, trace=300256, nelems=0, elem type=char[])
ARR 50000615 (sz=112, trace=300257, nelems=0, elem type=char[])
OBJ 50000616 (sz=24, trace=300258, class=java.lang.String@50000181)
ARR 50000617 (sz=112, trace=300259, nelems=0, elem type=char[])
OBJ 50000618 (sz=24, trace=300260, class=java.lang.StringBuilder@50000135)
ARR 50000619 (sz=48, trace=300261, nelems=0, elem type=char[])
ARR 5000061a (sz=120, trace=300010, nelems=0, elem type=char[])
OBJ 5000061b (sz=24, trace=300262, class=java.lang.String@50000181)
	value		5000061c
ARR 5000061c (sz=98, trace=300263, nelems=49, elem type=char[])
OBJ 5000061d (sz=64, trace=300264, class=java.net.URL@5000012d)
	protocol	500032fd
	host		50001c1a
	file		5000061b
	authority	50001c1a
	path		5000061b
	handler		5000330e
OBJ 5000061e (sz=24, trace=300265, class=java.net.Parts@50000010)
OBJ 5000061f (sz=24, trace=300108, class=java.lang.String@50000181)
ARR 50000620 (sz=88, trace=300109, nelems=0, elem type=char[])
OBJ 50000621 (sz=24, trace=300110, class=java.io.ExpiringCache$Entry@50000055)
	val		50001cb2
OBJ 50000622 (sz=40, trace=300111, class=java.util.LinkedHashMap$Entry@50000054)
	key		500003f3
	value		50000621
	before		50000612
	after		50000a5a
OBJ 50000623 (sz=24, trace=300112, class=java.lang.String@50000181)
ARR 50000624 (sz=88, trace=300109, nelems=0, elem type=char[])
OBJ 50000625 (sz=32, trace=300230, class=java.io.File@5000012f)
OBJ 50000626 (sz=32, trace=300255, class=java.io.File@5000012f)
ARR 50000627 (sz=216, trace=300256, nelems=0, elem type=char[])
ARR 50000628 (sz=104, trace=300257, nelems=0, elem type=char[])
OBJ 50000629 (sz=24, trace=300258, class=java.lang.String@50000181)
ARR 5000062a (sz=104, trace=300259, nelems=0, elem type=char[])
OBJ 5000062b (sz=24, trace=300260, class=java.lang.StringBuilder@50000135)
ARR 5000062c (sz=48, trace=300261, nelems=0, elem type=char[])
ARR 5000062d (sz=112, trace=300010, nelems=0, elem type=char[])
OBJ 5000062e (sz=24, trace=300262, class=java.lang.String@50000181)
	value		5000062f
ARR 5000062f (sz=90, trace=300263, nelems=45, elem type=char[])
OBJ 50000630 (sz=64, trace=300264, class=java.net.URL@5000012d)
	protocol	500032fd
	host		50001c1a
	file		5000062e
	authority	50001c1a
	path		5000062e
	handler		5000330e
OBJ 50000631 (sz=24, trace=300265, class=java.net.Parts@50000010)
OBJ 50000632 (sz=48, trace=300279, class=sun.misc.URLClassPath@50000004)
	path		50000633
	urls		50000634
	loaders		50000636
	lmap		50000637
	jarHandler	5000063e
OBJ 50000633 (sz=24, trace=300280, class=java.util.ArrayList@500000f1)
	elementData	50000638
OBJ 50000634 (sz=32, trace=300281, class=java.util.Stack@500000f6)
	elementData	50000635
ARR 50000635 (sz=56, trace=300282, nelems=0, elem type=java.lang.Object[]@5000011c)
OBJ 50000636 (sz=24, trace=300283, class=java.util.ArrayList@500000f1)
	elementData	50000685
OBJ 50000637 (sz=48, trace=300284, class=java.util.HashMap@500000d9)
	table		50000686
ARR 50000638 (sz=56, trace=300238, nelems=8, elem type=java.lang.Object[]@5000011c)
	[0]		50000568
	[1]		50000586
	[2]		500005a4
	[3]		500005c2
	[4]		500005e0
	[5]		500005ff
	[6]		5000061d
	[7]		50000630
OBJ 50000639 (sz=24, trace=300285, class=java.lang.StringBuilder@50000135)
ARR 5000063a (sz=48, trace=300286, nelems=0, elem type=char[])
ARR 5000063b (sz=88, trace=300010, nelems=0, elem type=char[])
OBJ 5000063c (sz=24, trace=300287, class=java.lang.String@50000181)
ARR 5000063d (sz=80, trace=300288, nelems=0, elem type=char[])
OBJ 5000063e (sz=16, trace=300289, class=sun.net.www.protocol.jar.Handler@50000003)
OBJ 50000640 (sz=40, trace=300291, class=sun.misc.URLClassPath$2@5000063f)
OBJ 50000642 (sz=16, trace=300293, class=java.lang.ClassLoader$2@50000641)
OBJ 50000644 (sz=40, trace=300295, class=sun.misc.URLClassPath$1@50000643)
OBJ 50000646 (sz=24, trace=300297, class=java.net.URLClassLoader$3@50000645)
OBJ 50000648 (sz=24, trace=300299, class=sun.misc.CompoundEnumeration@50000647)
OBJ 5000064a (sz=24, trace=300301, class=java.lang.StringBuilder@50000135)
ARR 5000064b (sz=48, trace=300302, nelems=0, elem type=char[])
ARR 5000064c (sz=144, trace=300010, nelems=0, elem type=char[])
OBJ 5000064d (sz=24, trace=300303, class=java.lang.String@50000181)
	value		5000064e
ARR 5000064e (sz=124, trace=300304, nelems=62, elem type=char[])
OBJ 50000650 (sz=24, trace=300306, class=sun.misc.URLClassPath$3@5000064f)
OBJ 50000657 (sz=16, trace=300310, class=java.util.zip.ZipFile$1@50000656)
OBJ 50000658 (sz=24, trace=300311, class=java.lang.StringBuilder@50000135)
ARR 50000659 (sz=48, trace=300312, nelems=0, elem type=char[])
OBJ 5000065a (sz=24, trace=300313, class=java.lang.StringBuffer@50000136)
ARR 5000065b (sz=136, trace=300314, nelems=0, elem type=char[])
ARR 5000065c (sz=136, trace=300315, nelems=0, elem type=char[])
OBJ 5000065d (sz=24, trace=300316, class=java.lang.String@50000181)
ARR 5000065e (sz=136, trace=300010, nelems=0, elem type=char[])
ARR 5000065f (sz=264, trace=300010, nelems=0, elem type=char[])
OBJ 50000660 (sz=24, trace=300317, class=java.lang.String@50000181)
	value		50000661
ARR 50000661 (sz=124, trace=300318, nelems=62, elem type=char[])
OBJ 50000662 (sz=64, trace=300319, class=java.net.URL@5000012d)
	protocol	5000215f
	host		50001c1a
	file		50000660
	authority	50001c1a
	path		50000660
	handler		5000063e
OBJ 50000663 (sz=24, trace=300320, class=java.net.Parts@50000010)
OBJ 50000664 (sz=48, trace=300321, class=sun.misc.URLClassPath$JarLoader@50000652)
	base		50000662
	csu		50000568
	metaIndex	500004c4
	handler		5000063e
	lmap		50000637
OBJ 50000665 (sz=24, trace=300322, class=java.lang.StringBuilder@50000135)
ARR 50000666 (sz=128, trace=300323, nelems=0, elem type=char[])
ARR 50000667 (sz=72, trace=300324, nelems=0, elem type=byte[])
OBJ 50000668 (sz=48, trace=300225, class=java.nio.HeapByteBuffer@50000072)
ARR 50000669 (sz=128, trace=300325, nelems=0, elem type=char[])
OBJ 5000066a (sz=48, trace=300326, class=java.nio.HeapCharBuffer@5000006a)
OBJ 5000066e (sz=24, trace=300329, class=sun.nio.cs.ThreadLocalCoders$1@5000066d)
	cache		5000066f
OBJ 5000066f (sz=16, trace=300330, class=java.lang.ThreadLocal@500000c7)
OBJ 50000671 (sz=24, trace=300332, class=sun.nio.cs.ThreadLocalCoders$2@50000670)
	cache		50000672
OBJ 50000672 (sz=16, trace=300333, class=java.lang.ThreadLocal@500000c7)
OBJ 50000673 (sz=32, trace=300334, class=java.lang.ThreadLocal$ThreadLocalMap$Entry@5000009f)
ARR 50000674 (sz=32, trace=300335, nelems=0, elem type=java.lang.Object[]@5000011c)
OBJ 50000676 (sz=40, trace=300337, class=sun.nio.cs.UTF_8$Decoder@50000675)
OBJ 50000677 (sz=24, trace=300338, class=java.lang.String@50000181)
ARR 50000678 (sz=24, trace=300339, nelems=0, elem type=char[])
OBJ 50000679 (sz=24, trace=300340, class=java.lang.String@50000181)
ARR 5000067a (sz=24, trace=300341, nelems=0, elem type=char[])
OBJ 5000067b (sz=24, trace=300342, class=java.lang.String@50000181)
ARR 5000067c (sz=128, trace=300343, nelems=0, elem type=char[])
OBJ 5000067d (sz=32, trace=300344, class=java.io.File@5000012f)
OBJ 5000067e (sz=24, trace=300345, class=java.lang.StringBuffer@50000136)
ARR 5000067f (sz=128, trace=300346, nelems=0, elem type=char[])
ARR 50000680 (sz=120, trace=300347, nelems=0, elem type=char[])
OBJ 50000681 (sz=24, trace=300348, class=java.lang.String@50000181)
ARR 50000682 (sz=120, trace=300210, nelems=0, elem type=char[])
OBJ 50000683 (sz=24, trace=300211, class=java.lang.String@50000181)
ARR 50000684 (sz=120, trace=300212, nelems=0, elem type=char[])
ARR 50000685 (sz=56, trace=300238, nelems=6, elem type=java.lang.Object[]@5000011c)
	[0]		50000664
	[1]		5000069a
	[2]		50000706
	[3]		5000072e
	[4]		50000756
	[5]		5000077e
ARR 50000686 (sz=80, trace=300349, nelems=16, elem type=java.util.HashMap$Node[]@500000d5)
	[0]		50000743
	[4]		50000793
	[7]		5000071b
	[13]		500006af
	[15]		50000687
OBJ 50000687 (sz=32, trace=300080, class=java.util.HashMap$Node@500000d7)
	key		5000064d
	value		50000664
OBJ 50000688 (sz=24, trace=300301, class=java.lang.StringBuilder@50000135)
ARR 50000689 (sz=48, trace=300302, nelems=0, elem type=char[])
ARR 5000068a (sz=128, trace=300010, nelems=0, elem type=char[])
OBJ 5000068b (sz=24, trace=300303, class=java.lang.String@50000181)
	value		5000068c
ARR 5000068c (sz=110, trace=300304, nelems=55, elem type=char[])
OBJ 5000068d (sz=24, trace=300306, class=sun.misc.URLClassPath$3@5000064f)
OBJ 5000068e (sz=24, trace=300311, class=java.lang.StringBuilder@50000135)
ARR 5000068f (sz=48, trace=300312, nelems=0, elem type=char[])
OBJ 50000690 (sz=24, trace=300313, class=java.lang.StringBuffer@50000136)
ARR 50000691 (sz=128, trace=300314, nelems=0, elem type=char[])
ARR 50000692 (sz=128, trace=300315, nelems=0, elem type=char[])
OBJ 50000693 (sz=24, trace=300316, class=java.lang.String@50000181)
ARR 50000694 (sz=128, trace=300010, nelems=0, elem type=char[])
ARR 50000695 (sz=232, trace=300010, nelems=0, elem type=char[])
OBJ 50000696 (sz=24, trace=300317, class=java.lang.String@50000181)
	value		50000697
ARR 50000697 (sz=110, trace=300318, nelems=55, elem type=char[])
OBJ 50000698 (sz=64, trace=300319, class=java.net.URL@5000012d)
	protocol	5000215f
	host		50001c1a
	file		50000696
	authority	50001c1a
	path		50000696
	handler		5000063e
OBJ 50000699 (sz=24, trace=300320, class=java.net.Parts@50000010)
OBJ 5000069a (sz=48, trace=300321, class=sun.misc.URLClassPath$JarLoader@50000652)
	base		50000698
	csu		50000586
	metaIndex	5000051e
	handler		5000063e
	lmap		50000637
OBJ 5000069b (sz=24, trace=300322, class=java.lang.StringBuilder@50000135)
ARR 5000069c (sz=112, trace=300323, nelems=0, elem type=char[])
ARR 5000069d (sz=64, trace=300324, nelems=0, elem type=byte[])
OBJ 5000069e (sz=48, trace=300225, class=java.nio.HeapByteBuffer@50000072)
ARR 5000069f (sz=112, trace=300325, nelems=0, elem type=char[])
OBJ 500006a0 (sz=48, trace=300326, class=java.nio.HeapCharBuffer@5000006a)
OBJ 500006a1 (sz=24, trace=300338, class=java.lang.String@50000181)
ARR 500006a2 (sz=24, trace=300339, nelems=0, elem type=char[])
OBJ 500006a3 (sz=24, trace=300340, class=java.lang.String@50000181)
ARR 500006a4 (sz=24, trace=300341, nelems=0, elem type=char[])
OBJ 500006a5 (sz=24, trace=300342, class=java.lang.String@50000181)
ARR 500006a6 (sz=112, trace=300343, nelems=0, elem type=char[])
OBJ 500006a7 (sz=32, trace=300344, class=java.io.File@5000012f)
OBJ 500006a8 (sz=24, trace=300345, class=java.lang.StringBuffer@50000136)
ARR 500006a9 (sz=112, trace=300346, nelems=0, elem type=char[])
ARR 500006aa (sz=112, trace=300347, nelems=0, elem type=char[])
OBJ 500006ab (sz=24, trace=300348, class=java.lang.String@50000181)
ARR 500006ac (sz=112, trace=300210, nelems=0, elem type=char[])
OBJ 500006ad (sz=24, trace=300211, class=java.lang.String@50000181)
ARR 500006ae (sz=112, trace=300212, nelems=0, elem type=char[])
OBJ 500006af (sz=32, trace=300080, class=java.util.HashMap$Node@500000d7)
	key		5000068b
	value		5000069a
OBJ 500006b0 (sz=24, trace=300301, class=java.lang.StringBuilder@50000135)
ARR 500006b1 (sz=48, trace=300302, nelems=0, elem type=char[])
ARR 500006b2 (sz=144, trace=300010, nelems=0, elem type=char[])
OBJ 500006b3 (sz=24, trace=300303, class=java.lang.String@50000181)
ARR 500006b4 (sz=144, trace=300304, nelems=0, elem type=char[])
OBJ 500006b5 (sz=24, trace=300306, class=sun.misc.URLClassPath$3@5000064f)
OBJ 500006b6 (sz=24, trace=300311, class=java.lang.StringBuilder@50000135)
ARR 500006b7 (sz=48, trace=300312, nelems=0, elem type=char[])
OBJ 500006b8 (sz=24, trace=300313, class=java.lang.StringBuffer@50000136)
ARR 500006b9 (sz=144, trace=300314, nelems=0, elem type=char[])
ARR 500006ba (sz=144, trace=300315, nelems=0, elem type=char[])
OBJ 500006bb (sz=24, trace=300316, class=java.lang.String@50000181)
ARR 500006bc (sz=144, trace=300010, nelems=0, elem type=char[])
ARR 500006bd (sz=264, trace=300010, nelems=0, elem type=char[])
OBJ 500006be (sz=24, trace=300317, class=java.lang.String@50000181)
ARR 500006bf (sz=144, trace=300318, nelems=0, elem type=char[])
OBJ 500006c0 (sz=64, trace=300319, class=java.net.URL@5000012d)
OBJ 500006c1 (sz=24, trace=300320, class=java.net.Parts@50000010)
OBJ 500006c2 (sz=48, trace=300321, class=sun.misc.URLClassPath$JarLoader@50000652)
OBJ 500006c3 (sz=24, trace=300322, class=java.lang.StringBuilder@50000135)
ARR 500006c4 (sz=128, trace=300323, nelems=0, elem type=char[])
ARR 500006c5 (sz=72, trace=300324, nelems=0, elem type=byte[])
OBJ 500006c6 (sz=48, trace=300225, class=java.nio.HeapByteBuffer@50000072)
ARR 500006c7 (sz=128, trace=300325, nelems=0, elem type=char[])
OBJ 500006c8 (sz=48, trace=300326, class=java.nio.HeapCharBuffer@5000006a)
OBJ 500006c9 (sz=24, trace=300338, class=java.lang.String@50000181)
ARR 500006ca (sz=24, trace=300339, nelems=0, elem type=char[])
OBJ 500006cb (sz=24, trace=300340, class=java.lang.String@50000181)
ARR 500006cc (sz=24, trace=300341, nelems=0, elem type=char[])
OBJ 500006cd (sz=24, trace=300342, class=java.lang.String@50000181)
ARR 500006ce (sz=128, trace=300343, nelems=0, elem type=char[])
OBJ 500006cf (sz=32, trace=300344, class=java.io.File@5000012f)
OBJ 500006d0 (sz=24, trace=300345, class=java.lang.StringBuffer@50000136)
ARR 500006d1 (sz=128, trace=300346, nelems=0, elem type=char[])
ARR 500006d2 (sz=128, trace=300347, nelems=0, elem type=char[])
OBJ 500006d3 (sz=24, trace=300348, class=java.lang.String@50000181)
ARR 500006d4 (sz=128, trace=300210, nelems=0, elem type=char[])
OBJ 500006d5 (sz=24, trace=300211, class=java.lang.String@50000181)
ARR 500006d6 (sz=128, trace=300212, nelems=0, elem type=char[])
OBJ 500006d8 (sz=16, trace=300351, class=sun.misc.URLClassPath$JarLoader$1@500006d7)
OBJ 500006da (sz=24, trace=300353, class=sun.misc.FileURLMapper@500006d9)
ARR 500006db (sz=128, trace=300354, nelems=0, elem type=char[])
OBJ 500006dc (sz=24, trace=300355, class=java.lang.String@50000181)
OBJ 500006dd (sz=24, trace=300356, class=java.lang.StringBuilder@50000135)
ARR 500006de (sz=128, trace=300357, nelems=0, elem type=char[])
ARR 500006df (sz=72, trace=300358, nelems=0, elem type=byte[])
OBJ 500006e0 (sz=48, trace=300225, class=java.nio.HeapByteBuffer@50000072)
ARR 500006e1 (sz=128, trace=300359, nelems=0, elem type=char[])
OBJ 500006e2 (sz=48, trace=300326, class=java.nio.HeapCharBuffer@5000006a)
OBJ 500006e3 (sz=24, trace=300338, class=java.lang.String@50000181)
ARR 500006e4 (sz=24, trace=300339, nelems=0, elem type=char[])
OBJ 500006e5 (sz=24, trace=300340, class=java.lang.String@50000181)
ARR 500006e6 (sz=24, trace=300341, nelems=0, elem type=char[])
OBJ 500006e7 (sz=24, trace=300360, class=java.lang.String@50000181)
ARR 500006e8 (sz=128, trace=300343, nelems=0, elem type=char[])
OBJ 500006e9 (sz=32, trace=300361, class=java.io.File@5000012f)
OBJ 500006ea (sz=24, trace=300362, class=java.lang.StringBuffer@50000136)
ARR 500006eb (sz=128, trace=300363, nelems=0, elem type=char[])
ARR 500006ec (sz=128, trace=300364, nelems=0, elem type=char[])
OBJ 500006ed (sz=24, trace=300365, class=java.lang.String@50000181)
OBJ 500006f0 (sz=32, trace=300367, class=java.io.FileNotFoundException@500006ef)
OBJ 500006f2 (sz=40, trace=300369, class=java.security.PrivilegedActionException@500006f1)
OBJ 500006f3 (sz=40, trace=300369, class=java.security.PrivilegedActionException@500006f1)
OBJ 500006f4 (sz=24, trace=300301, class=java.lang.StringBuilder@50000135)
ARR 500006f5 (sz=48, trace=300302, nelems=0, elem type=char[])
ARR 500006f6 (sz=136, trace=300010, nelems=0, elem type=char[])
OBJ 500006f7 (sz=24, trace=300303, class=java.lang.String@50000181)
	value		500006f8
ARR 500006f8 (sz=114, trace=300304, nelems=57, elem type=char[])
OBJ 500006f9 (sz=24, trace=300306, class=sun.misc.URLClassPath$3@5000064f)
OBJ 500006fa (sz=24, trace=300311, class=java.lang.StringBuilder@50000135)
ARR 500006fb (sz=48, trace=300312, nelems=0, elem type=char[])
OBJ 500006fc (sz=24, trace=300313, class=java.lang.StringBuffer@50000136)
ARR 500006fd (sz=128, trace=300314, nelems=0, elem type=char[])
ARR 500006fe (sz=128, trace=300315, nelems=0, elem type=char[])
OBJ 500006ff (sz=24, trace=300316, class=java.lang.String@50000181)
ARR 50000700 (sz=128, trace=300010, nelems=0, elem type=char[])
ARR 50000701 (sz=240, trace=300010, nelems=0, elem type=char[])
OBJ 50000702 (sz=24, trace=300317, class=java.lang.String@50000181)
	value		50000703
ARR 50000703 (sz=114, trace=300318, nelems=57, elem type=char[])
OBJ 50000704 (sz=64, trace=300319, class=java.net.URL@5000012d)
	protocol	5000215f
	host		50001c1a
	file		50000702
	authority	50001c1a
	path		50000702
	handler		5000063e
OBJ 50000705 (sz=24, trace=300320, class=java.net.Parts@50000010)
OBJ 50000706 (sz=48, trace=300321, class=sun.misc.URLClassPath$JarLoader@50000652)
	base		50000704
	csu		500005c2
	metaIndex	5000046d
	handler		5000063e
	lmap		50000637
OBJ 50000707 (sz=24, trace=300322, class=java.lang.StringBuilder@50000135)
ARR 50000708 (sz=120, trace=300323, nelems=0, elem type=char[])
ARR 50000709 (sz=72, trace=300324, nelems=0, elem type=byte[])
OBJ 5000070a (sz=48, trace=300225, class=java.nio.HeapByteBuffer@50000072)
ARR 5000070b (sz=120, trace=300325, nelems=0, elem type=char[])
OBJ 5000070c (sz=48, trace=300326, class=java.nio.HeapCharBuffer@5000006a)
OBJ 5000070d (sz=24, trace=300338, class=java.lang.String@50000181)
ARR 5000070e (sz=24, trace=300339, nelems=0, elem type=char[])
OBJ 5000070f (sz=24, trace=300340, class=java.lang.String@50000181)
ARR 50000710 (sz=24, trace=300341, nelems=0, elem type=char[])
OBJ 50000711 (sz=24, trace=300342, class=java.lang.String@50000181)
ARR 50000712 (sz=112, trace=300343, nelems=0, elem type=char[])
OBJ 50000713 (sz=32, trace=300344, class=java.io.File@5000012f)
OBJ 50000714 (sz=24, trace=300345, class=java.lang.StringBuffer@50000136)
ARR 50000715 (sz=112, trace=300346, nelems=0, elem type=char[])
ARR 50000716 (sz=112, trace=300347, nelems=0, elem type=char[])
OBJ 50000717 (sz=24, trace=300348, class=java.lang.String@50000181)
ARR 50000718 (sz=112, trace=300210, nelems=0, elem type=char[])
OBJ 50000719 (sz=24, trace=300211, class=java.lang.String@50000181)
ARR 5000071a (sz=112, trace=300212, nelems=0, elem type=char[])
OBJ 5000071b (sz=32, trace=300080, class=java.util.HashMap$Node@500000d7)
	key		500006f7
	value		50000706
	next		5000076b
OBJ 5000071c (sz=24, trace=300301, class=java.lang.StringBuilder@50000135)
ARR 5000071d (sz=48, trace=300302, nelems=0, elem type=char[])
ARR 5000071e (sz=128, trace=300010, nelems=0, elem type=char[])
OBJ 5000071f (sz=24, trace=300303, class=java.lang.String@50000181)
	value		50000720
ARR 50000720 (sz=112, trace=300304, nelems=56, elem type=char[])
OBJ 50000721 (sz=24, trace=300306, class=sun.misc.URLClassPath$3@5000064f)
OBJ 50000722 (sz=24, trace=300311, class=java.lang.StringBuilder@50000135)
ARR 50000723 (sz=48, trace=300312, nelems=0, elem type=char[])
OBJ 50000724 (sz=24, trace=300313, class=java.lang.StringBuffer@50000136)
ARR 50000725 (sz=128, trace=300314, nelems=0, elem type=char[])
ARR 50000726 (sz=128, trace=300315, nelems=0, elem type=char[])
OBJ 50000727 (sz=24, trace=300316, class=java.lang.String@50000181)
ARR 50000728 (sz=128, trace=300010, nelems=0, elem type=char[])
ARR 50000729 (sz=240, trace=300010, nelems=0, elem type=char[])
OBJ 5000072a (sz=24, trace=300317, class=java.lang.String@50000181)
	value		5000072b
ARR 5000072b (sz=112, trace=300318, nelems=56, elem type=char[])
OBJ 5000072c (sz=64, trace=300319, class=java.net.URL@5000012d)
	protocol	5000215f
	host		50001c1a
	file		5000072a
	authority	50001c1a
	path		5000072a
	handler		5000063e
OBJ 5000072d (sz=24, trace=300320, class=java.net.Parts@50000010)
OBJ 5000072e (sz=48, trace=300321, class=sun.misc.URLClassPath$JarLoader@50000652)
	base		5000072c
	csu		500005e0
	metaIndex	50000447
	handler		5000063e
	lmap		50000637
OBJ 5000072f (sz=24, trace=300322, class=java.lang.StringBuilder@50000135)
ARR 50000730 (sz=120, trace=300323, nelems=0, elem type=char[])
ARR 50000731 (sz=72, trace=300324, nelems=0, elem type=byte[])
OBJ 50000732 (sz=48, trace=300225, class=java.nio.HeapByteBuffer@50000072)
ARR 50000733 (sz=120, trace=300325, nelems=0, elem type=char[])
OBJ 50000734 (sz=48, trace=300326, class=java.nio.HeapCharBuffer@5000006a)
OBJ 50000735 (sz=24, trace=300338, class=java.lang.String@50000181)
ARR 50000736 (sz=24, trace=300339, nelems=0, elem type=char[])
OBJ 50000737 (sz=24, trace=300340, class=java.lang.String@50000181)
ARR 50000738 (sz=24, trace=300341, nelems=0, elem type=char[])
OBJ 50000739 (sz=24, trace=300342, class=java.lang.String@50000181)
ARR 5000073a (sz=112, trace=300343, nelems=0, elem type=char[])
OBJ 5000073b (sz=32, trace=300344, class=java.io.File@5000012f)
OBJ 5000073c (sz=24, trace=300345, class=java.lang.StringBuffer@50000136)
ARR 5000073d (sz=112, trace=300346, nelems=0, elem type=char[])
ARR 5000073e (sz=112, trace=300347, nelems=0, elem type=char[])
OBJ 5000073f (sz=24, trace=300348, class=java.lang.String@50000181)
ARR 50000740 (sz=112, trace=300210, nelems=0, elem type=char[])
OBJ 50000741 (sz=24, trace=300211, class=java.lang.String@50000181)
ARR 50000742 (sz=112, trace=300212, nelems=0, elem type=char[])
OBJ 50000743 (sz=32, trace=300080, class=java.util.HashMap$Node@500000d7)
	key		5000071f
	value		5000072e
OBJ 50000744 (sz=24, trace=300301, class=java.lang.StringBuilder@50000135)
ARR 50000745 (sz=48, trace=300302, nelems=0, elem type=char[])
ARR 50000746 (sz=144, trace=300010, nelems=0, elem type=char[])
OBJ 50000747 (sz=24, trace=300303, class=java.lang.String@50000181)
	value		50000748
ARR 50000748 (sz=122, trace=300304, nelems=61, elem type=char[])
OBJ 50000749 (sz=24, trace=300306, class=sun.misc.URLClassPath$3@5000064f)
OBJ 5000074a (sz=24, trace=300311, class=java.lang.StringBuilder@50000135)
ARR 5000074b (sz=48, trace=300312, nelems=0, elem type=char[])
OBJ 5000074c (sz=24, trace=300313, class=java.lang.StringBuffer@50000136)
ARR 5000074d (sz=136, trace=300314, nelems=0, elem type=char[])
ARR 5000074e (sz=136, trace=300315, nelems=0, elem type=char[])
OBJ 5000074f (sz=24, trace=300316, class=java.lang.String@50000181)
ARR 50000750 (sz=136, trace=300010, nelems=0, elem type=char[])
ARR 50000751 (sz=256, trace=300010, nelems=0, elem type=char[])
OBJ 50000752 (sz=24, trace=300317, class=java.lang.String@50000181)
	value		50000753
ARR 50000753 (sz=122, trace=300318, nelems=61, elem type=char[])
OBJ 50000754 (sz=64, trace=300319, class=java.net.URL@5000012d)
	protocol	5000215f
	host		50001c1a
	file		50000752
	authority	50001c1a
	path		50000752
	handler		5000063e
OBJ 50000755 (sz=24, trace=300320, class=java.net.Parts@50000010)
OBJ 50000756 (sz=48, trace=300321, class=sun.misc.URLClassPath$JarLoader@50000652)
	base		50000754
	csu		500005ff
	metaIndex	50000430
	handler		5000063e
	lmap		50000637
OBJ 50000757 (sz=24, trace=300322, class=java.lang.StringBuilder@50000135)
ARR 50000758 (sz=128, trace=300323, nelems=0, elem type=char[])
ARR 50000759 (sz=72, trace=300324, nelems=0, elem type=byte[])
OBJ 5000075a (sz=48, trace=300225, class=java.nio.HeapByteBuffer@50000072)
ARR 5000075b (sz=128, trace=300325, nelems=0, elem type=char[])
OBJ 5000075c (sz=48, trace=300326, class=java.nio.HeapCharBuffer@5000006a)
OBJ 5000075d (sz=24, trace=300338, class=java.lang.String@50000181)
ARR 5000075e (sz=24, trace=300339, nelems=0, elem type=char[])
OBJ 5000075f (sz=24, trace=300340, class=java.lang.String@50000181)
ARR 50000760 (sz=24, trace=300341, nelems=0, elem type=char[])
OBJ 50000761 (sz=24, trace=300342, class=java.lang.String@50000181)
ARR 50000762 (sz=120, trace=300343, nelems=0, elem type=char[])
OBJ 50000763 (sz=32, trace=300344, class=java.io.File@5000012f)
OBJ 50000764 (sz=24, trace=300345, class=java.lang.StringBuffer@50000136)
ARR 50000765 (sz=120, trace=300346, nelems=0, elem type=char[])
ARR 50000766 (sz=120, trace=300347, nelems=0, elem type=char[])
OBJ 50000767 (sz=24, trace=300348, class=java.lang.String@50000181)
ARR 50000768 (sz=120, trace=300210, nelems=0, elem type=char[])
OBJ 50000769 (sz=24, trace=300211, class=java.lang.String@50000181)
ARR 5000076a (sz=120, trace=300212, nelems=0, elem type=char[])
OBJ 5000076b (sz=32, trace=300081, class=java.util.HashMap$Node@500000d7)
	key		50000747
	value		50000756
OBJ 5000076c (sz=24, trace=300301, class=java.lang.StringBuilder@50000135)
ARR 5000076d (sz=48, trace=300302, nelems=0, elem type=char[])
ARR 5000076e (sz=128, trace=300010, nelems=0, elem type=char[])
OBJ 5000076f (sz=24, trace=300303, class=java.lang.String@50000181)
	value		50000770
ARR 50000770 (sz=112, trace=300304, nelems=56, elem type=char[])
OBJ 50000771 (sz=24, trace=300306, class=sun.misc.URLClassPath$3@5000064f)
OBJ 50000772 (sz=24, trace=300311, class=java.lang.StringBuilder@50000135)
ARR 50000773 (sz=48, trace=300312, nelems=0, elem type=char[])
OBJ 50000774 (sz=24, trace=300313, class=java.lang.StringBuffer@50000136)
ARR 50000775 (sz=128, trace=300314, nelems=0, elem type=char[])
ARR 50000776 (sz=128, trace=300315, nelems=0, elem type=char[])
OBJ 50000777 (sz=24, trace=300316, class=java.lang.String@50000181)
ARR 50000778 (sz=128, trace=300010, nelems=0, elem type=char[])
ARR 50000779 (sz=240, trace=300010, nelems=0, elem type=char[])
OBJ 5000077a (sz=24, trace=300317, class=java.lang.String@50000181)
	value		5000077b
ARR 5000077b (sz=112, trace=300318, nelems=56, elem type=char[])
OBJ 5000077c (sz=64, trace=300319, class=java.net.URL@5000012d)
	protocol	5000215f
	host		50001c1a
	file		5000077a
	authority	50001c1a
	path		5000077a
	handler		5000063e
OBJ 5000077d (sz=24, trace=300320, class=java.net.Parts@50000010)
OBJ 5000077e (sz=48, trace=300321, class=sun.misc.URLClassPath$JarLoader@50000652)
	base		5000077c
	csu		5000061d
	metaIndex	5000045b
	handler		5000063e
	lmap		50000637
OBJ 5000077f (sz=24, trace=300322, class=java.lang.StringBuilder@50000135)
ARR 50000780 (sz=120, trace=300323, nelems=0, elem type=char[])
ARR 50000781 (sz=72, trace=300324, nelems=0, elem type=byte[])
OBJ 50000782 (sz=48, trace=300225, class=java.nio.HeapByteBuffer@50000072)
ARR 50000783 (sz=120, trace=300325, nelems=0, elem type=char[])
OBJ 50000784 (sz=48, trace=300326, class=java.nio.HeapCharBuffer@5000006a)
OBJ 50000785 (sz=24, trace=300338, class=java.lang.String@50000181)
ARR 50000786 (sz=24, trace=300339, nelems=0, elem type=char[])
OBJ 50000787 (sz=24, trace=300340, class=java.lang.String@50000181)
ARR 50000788 (sz=24, trace=300341, nelems=0, elem type=char[])
OBJ 50000789 (sz=24, trace=300342, class=java.lang.String@50000181)
ARR 5000078a (sz=112, trace=300343, nelems=0, elem type=char[])
OBJ 5000078b (sz=32, trace=300344, class=java.io.File@5000012f)
OBJ 5000078c (sz=24, trace=300345, class=java.lang.StringBuffer@50000136)
ARR 5000078d (sz=112, trace=300346, nelems=0, elem type=char[])
ARR 5000078e (sz=112, trace=300347, nelems=0, elem type=char[])
OBJ 5000078f (sz=24, trace=300348, class=java.lang.String@50000181)
ARR 50000790 (sz=112, trace=300210, nelems=0, elem type=char[])
OBJ 50000791 (sz=24, trace=300211, class=java.lang.String@50000181)
ARR 50000792 (sz=112, trace=300212, nelems=0, elem type=char[])
OBJ 50000793 (sz=32, trace=300080, class=java.util.HashMap$Node@500000d7)
	key		5000076f
	value		5000077e
OBJ 50000794 (sz=24, trace=300301, class=java.lang.StringBuilder@50000135)
ARR 50000795 (sz=48, trace=300302, nelems=0, elem type=char[])
ARR 50000796 (sz=120, trace=300010, nelems=0, elem type=char[])
OBJ 50000797 (sz=24, trace=300303, class=java.lang.String@50000181)
ARR 50000798 (sz=120, trace=300304, nelems=0, elem type=char[])
OBJ 50000799 (sz=24, trace=300306, class=sun.misc.URLClassPath$3@5000064f)
OBJ 5000079a (sz=24, trace=300311, class=java.lang.StringBuilder@50000135)
ARR 5000079b (sz=48, trace=300312, nelems=0, elem type=char[])
OBJ 5000079c (sz=24, trace=300313, class=java.lang.StringBuffer@50000136)
ARR 5000079d (sz=120, trace=300314, nelems=0, elem type=char[])
ARR 5000079e (sz=120, trace=300315, nelems=0, elem type=char[])
OBJ 5000079f (sz=24, trace=300316, class=java.lang.String@50000181)
ARR 500007a0 (sz=120, trace=300010, nelems=0, elem type=char[])
ARR 500007a1 (sz=224, trace=300010, nelems=0, elem type=char[])
OBJ 500007a2 (sz=24, trace=300317, class=java.lang.String@50000181)
ARR 500007a3 (sz=120, trace=300318, nelems=0, elem type=char[])
OBJ 500007a4 (sz=64, trace=300319, class=java.net.URL@5000012d)
OBJ 500007a5 (sz=24, trace=300320, class=java.net.Parts@50000010)
OBJ 500007a6 (sz=48, trace=300321, class=sun.misc.URLClassPath$JarLoader@50000652)
OBJ 500007a7 (sz=24, trace=300322, class=java.lang.StringBuilder@50000135)
ARR 500007a8 (sz=112, trace=300323, nelems=0, elem type=char[])
ARR 500007a9 (sz=64, trace=300324, nelems=0, elem type=byte[])
OBJ 500007aa (sz=48, trace=300225, class=java.nio.HeapByteBuffer@50000072)
ARR 500007ab (sz=112, trace=300325, nelems=0, elem type=char[])
OBJ 500007ac (sz=48, trace=300326, class=java.nio.HeapCharBuffer@5000006a)
OBJ 500007ad (sz=24, trace=300338, class=java.lang.String@50000181)
ARR 500007ae (sz=24, trace=300339, nelems=0, elem type=char[])
OBJ 500007af (sz=24, trace=300340, class=java.lang.String@50000181)
ARR 500007b0 (sz=24, trace=300341, nelems=0, elem type=char[])
OBJ 500007b1 (sz=24, trace=300342, class=java.lang.String@50000181)
ARR 500007b2 (sz=104, trace=300343, nelems=0, elem type=char[])
OBJ 500007b3 (sz=32, trace=300344, class=java.io.File@5000012f)
OBJ 500007b4 (sz=24, trace=300345, class=java.lang.StringBuffer@50000136)
ARR 500007b5 (sz=104, trace=300346, nelems=0, elem type=char[])
ARR 500007b6 (sz=104, trace=300347, nelems=0, elem type=char[])
OBJ 500007b7 (sz=24, trace=300348, class=java.lang.String@50000181)
ARR 500007b8 (sz=104, trace=300210, nelems=0, elem type=char[])
OBJ 500007b9 (sz=24, trace=300211, class=java.lang.String@50000181)
ARR 500007ba (sz=104, trace=300212, nelems=0, elem type=char[])
OBJ 500007bb (sz=16, trace=300351, class=sun.misc.URLClassPath$JarLoader$1@500006d7)
OBJ 500007bc (sz=24, trace=300353, class=sun.misc.FileURLMapper@500006d9)
ARR 500007bd (sz=112, trace=300354, nelems=0, elem type=char[])
OBJ 500007be (sz=24, trace=300355, class=java.lang.String@50000181)
OBJ 500007bf (sz=24, trace=300356, class=java.lang.StringBuilder@50000135)
ARR 500007c0 (sz=112, trace=300357, nelems=0, elem type=char[])
ARR 500007c1 (sz=64, trace=300358, nelems=0, elem type=byte[])
OBJ 500007c2 (sz=48, trace=300225, class=java.nio.HeapByteBuffer@50000072)
ARR 500007c3 (sz=112, trace=300359, nelems=0, elem type=char[])
OBJ 500007c4 (sz=48, trace=300326, class=java.nio.HeapCharBuffer@5000006a)
OBJ 500007c5 (sz=24, trace=300338, class=java.lang.String@50000181)
ARR 500007c6 (sz=24, trace=300339, nelems=0, elem type=char[])
OBJ 500007c7 (sz=24, trace=300340, class=java.lang.String@50000181)
ARR 500007c8 (sz=24, trace=300341, nelems=0, elem type=char[])
OBJ 500007c9 (sz=24, trace=300360, class=java.lang.String@50000181)
ARR 500007ca (sz=104, trace=300343, nelems=0, elem type=char[])
OBJ 500007cb (sz=32, trace=300361, class=java.io.File@5000012f)
OBJ 500007cc (sz=24, trace=300362, class=java.lang.StringBuffer@50000136)
ARR 500007cd (sz=104, trace=300363, nelems=0, elem type=char[])
ARR 500007ce (sz=104, trace=300364, nelems=0, elem type=char[])
OBJ 500007cf (sz=24, trace=300365, class=java.lang.String@50000181)
OBJ 500007d0 (sz=32, trace=300367, class=java.io.FileNotFoundException@500006ef)
OBJ 500007d1 (sz=40, trace=300369, class=java.security.PrivilegedActionException@500006f1)
OBJ 500007d2 (sz=40, trace=300369, class=java.security.PrivilegedActionException@500006f1)
OBJ 500007d4 (sz=16, trace=300371, class=java.net.URLClassLoader$3$1@500007d3)
OBJ 500007d5 (sz=24, trace=300301, class=java.lang.StringBuilder@50000135)
ARR 500007d6 (sz=48, trace=300302, nelems=0, elem type=char[])
ARR 500007d7 (sz=168, trace=300010, nelems=0, elem type=char[])
OBJ 500007d8 (sz=24, trace=300303, class=java.lang.String@50000181)
	value		500007d9
ARR 500007d9 (sz=146, trace=300304, nelems=73, elem type=char[])
OBJ 500007da (sz=24, trace=300306, class=sun.misc.URLClassPath$3@5000064f)
OBJ 500007db (sz=24, trace=300311, class=java.lang.StringBuilder@50000135)
ARR 500007dc (sz=48, trace=300312, nelems=0, elem type=char[])
OBJ 500007dd (sz=24, trace=300313, class=java.lang.StringBuffer@50000136)
ARR 500007de (sz=160, trace=300314, nelems=0, elem type=char[])
ARR 500007df (sz=160, trace=300315, nelems=0, elem type=char[])
OBJ 500007e0 (sz=24, trace=300316, class=java.lang.String@50000181)
ARR 500007e1 (sz=160, trace=300010, nelems=0, elem type=char[])
ARR 500007e2 (sz=304, trace=300010, nelems=0, elem type=char[])
OBJ 500007e3 (sz=24, trace=300317, class=java.lang.String@50000181)
	value		500007e4
ARR 500007e4 (sz=146, trace=300318, nelems=73, elem type=char[])
OBJ 500007e5 (sz=64, trace=300319, class=java.net.URL@5000012d)
	protocol	5000215f
	host		50001c1a
	file		500007e3
	authority	50001c1a
	path		500007e3
	handler		5000390d
OBJ 500007e6 (sz=24, trace=300320, class=java.net.Parts@50000010)
OBJ 500007e7 (sz=48, trace=300321, class=sun.misc.URLClassPath$JarLoader@50000652)
	base		500007e5
	csu		50003913
	metaIndex	500033c9
	handler		5000390d
	lmap		5000390e
OBJ 500007e8 (sz=24, trace=300322, class=java.lang.StringBuilder@50000135)
ARR 500007e9 (sz=152, trace=300323, nelems=0, elem type=char[])
ARR 500007ea (sz=88, trace=300324, nelems=0, elem type=byte[])
OBJ 500007eb (sz=48, trace=300225, class=java.nio.HeapByteBuffer@50000072)
ARR 500007ec (sz=152, trace=300325, nelems=0, elem type=char[])
OBJ 500007ed (sz=48, trace=300326, class=java.nio.HeapCharBuffer@5000006a)
OBJ 500007ee (sz=24, trace=300338, class=java.lang.String@50000181)
ARR 500007ef (sz=24, trace=300339, nelems=0, elem type=char[])
OBJ 500007f0 (sz=24, trace=300340, class=java.lang.String@50000181)
ARR 500007f1 (sz=24, trace=300341, nelems=0, elem type=char[])
OBJ 500007f2 (sz=24, trace=300342, class=java.lang.String@50000181)
ARR 500007f3 (sz=144, trace=300343, nelems=0, elem type=char[])
OBJ 500007f4 (sz=32, trace=300344, class=java.io.File@5000012f)
OBJ 500007f5 (sz=24, trace=300345, class=java.lang.StringBuffer@50000136)
ARR 500007f6 (sz=144, trace=300346, nelems=0, elem type=char[])
ARR 500007f7 (sz=144, trace=300347, nelems=0, elem type=char[])
OBJ 500007f8 (sz=24, trace=300348, class=java.lang.String@50000181)
ARR 500007f9 (sz=144, trace=300210, nelems=0, elem type=char[])
OBJ 500007fa (sz=24, trace=300211, class=java.lang.String@50000181)
ARR 500007fb (sz=144, trace=300212, nelems=0, elem type=char[])
ARR 500007fc (sz=56, trace=300238, nelems=0, elem type=java.lang.Object[]@5000011c)
ARR 500007fd (sz=80, trace=300349, nelems=11, elem type=java.util.HashMap$Node[]@500000d5)
	[0]		50000916
	[2]		500007fe
	[3]		5000089e
	[5]		5000084e
	[9]		5000093e
	[10]		50000826
OBJ 500007fe (sz=32, trace=300080, class=java.util.HashMap$Node@500000d7)
	key		500007d8
	value		500007e7
OBJ 500007ff (sz=24, trace=300301, class=java.lang.StringBuilder@50000135)
ARR 50000800 (sz=48, trace=300302, nelems=0, elem type=char[])
ARR 50000801 (sz=152, trace=300010, nelems=0, elem type=char[])
OBJ 50000802 (sz=24, trace=300303, class=java.lang.String@50000181)
	value		50000803
ARR 50000803 (sz=130, trace=300304, nelems=65, elem type=char[])
OBJ 50000804 (sz=24, trace=300306, class=sun.misc.URLClassPath$3@5000064f)
OBJ 50000805 (sz=24, trace=300311, class=java.lang.StringBuilder@50000135)
ARR 50000806 (sz=48, trace=300312, nelems=0, elem type=char[])
OBJ 50000807 (sz=24, trace=300313, class=java.lang.StringBuffer@50000136)
ARR 50000808 (sz=144, trace=300314, nelems=0, elem type=char[])
ARR 50000809 (sz=144, trace=300315, nelems=0, elem type=char[])
OBJ 5000080a (sz=24, trace=300316, class=java.lang.String@50000181)
ARR 5000080b (sz=144, trace=300010, nelems=0, elem type=char[])
ARR 5000080c (sz=272, trace=300010, nelems=0, elem type=char[])
OBJ 5000080d (sz=24, trace=300317, class=java.lang.String@50000181)
	value		5000080e
ARR 5000080e (sz=130, trace=300318, nelems=65, elem type=char[])
OBJ 5000080f (sz=64, trace=300319, class=java.net.URL@5000012d)
	protocol	5000215f
	host		50001c1a
	file		5000080d
	authority	50001c1a
	path		5000080d
	handler		5000390d
OBJ 50000810 (sz=24, trace=300320, class=java.net.Parts@50000010)
OBJ 50000811 (sz=48, trace=300321, class=sun.misc.URLClassPath$JarLoader@50000652)
	base		5000080f
	jar		50001075
	csu		50003914
	metaIndex	500033a6
	handler		5000390d
	lmap		5000390e
OBJ 50000812 (sz=24, trace=300322, class=java.lang.StringBuilder@50000135)
ARR 50000813 (sz=136, trace=300323, nelems=0, elem type=char[])
ARR 50000814 (sz=80, trace=300324, nelems=0, elem type=byte[])
OBJ 50000815 (sz=48, trace=300225, class=java.nio.HeapByteBuffer@50000072)
ARR 50000816 (sz=136, trace=300325, nelems=0, elem type=char[])
OBJ 50000817 (sz=48, trace=300326, class=java.nio.HeapCharBuffer@5000006a)
OBJ 50000818 (sz=24, trace=300338, class=java.lang.String@50000181)
ARR 50000819 (sz=24, trace=300339, nelems=0, elem type=char[])
OBJ 5000081a (sz=24, trace=300340, class=java.lang.String@50000181)
ARR 5000081b (sz=24, trace=300341, nelems=0, elem type=char[])
OBJ 5000081c (sz=24, trace=300342, class=java.lang.String@50000181)
ARR 5000081d (sz=128, trace=300343, nelems=0, elem type=char[])
OBJ 5000081e (sz=32, trace=300344, class=java.io.File@5000012f)
OBJ 5000081f (sz=24, trace=300345, class=java.lang.StringBuffer@50000136)
ARR 50000820 (sz=128, trace=300346, nelems=0, elem type=char[])
ARR 50000821 (sz=128, trace=300347, nelems=0, elem type=char[])
OBJ 50000822 (sz=24, trace=300348, class=java.lang.String@50000181)
ARR 50000823 (sz=128, trace=300210, nelems=0, elem type=char[])
OBJ 50000824 (sz=24, trace=300211, class=java.lang.String@50000181)
ARR 50000825 (sz=128, trace=300212, nelems=0, elem type=char[])
OBJ 50000826 (sz=32, trace=300080, class=java.util.HashMap$Node@500000d7)
	key		50000802
	value		50000811
	next		50000876
OBJ 50000827 (sz=24, trace=300301, class=java.lang.StringBuilder@50000135)
ARR 50000828 (sz=48, trace=300302, nelems=0, elem type=char[])
ARR 50000829 (sz=144, trace=300010, nelems=0, elem type=char[])
OBJ 5000082a (sz=24, trace=300303, class=java.lang.String@50000181)
	value		5000082b
ARR 5000082b (sz=124, trace=300304, nelems=62, elem type=char[])
OBJ 5000082c (sz=24, trace=300306, class=sun.misc.URLClassPath$3@5000064f)
OBJ 5000082d (sz=24, trace=300311, class=java.lang.StringBuilder@50000135)
ARR 5000082e (sz=48, trace=300312, nelems=0, elem type=char[])
OBJ 5000082f (sz=24, trace=300313, class=java.lang.StringBuffer@50000136)
ARR 50000830 (sz=136, trace=300314, nelems=0, elem type=char[])
ARR 50000831 (sz=136, trace=300315, nelems=0, elem type=char[])
OBJ 50000832 (sz=24, trace=300316, class=java.lang.String@50000181)
ARR 50000833 (sz=136, trace=300010, nelems=0, elem type=char[])
ARR 50000834 (sz=264, trace=300010, nelems=0, elem type=char[])
OBJ 50000835 (sz=24, trace=300317, class=java.lang.String@50000181)
	value		50000836
ARR 50000836 (sz=124, trace=300318, nelems=62, elem type=char[])
OBJ 50000837 (sz=64, trace=300319, class=java.net.URL@5000012d)
	protocol	5000215f
	host		50001c1a
	file		50000835
	authority	50001c1a
	path		50000835
	handler		5000390d
OBJ 50000838 (sz=24, trace=300320, class=java.net.Parts@50000010)
OBJ 50000839 (sz=48, trace=300321, class=sun.misc.URLClassPath$JarLoader@50000652)
	base		50000837
	csu		50003915
	metaIndex	500033d0
	handler		5000390d
	lmap		5000390e
OBJ 5000083a (sz=24, trace=300322, class=java.lang.StringBuilder@50000135)
ARR 5000083b (sz=128, trace=300323, nelems=0, elem type=char[])
ARR 5000083c (sz=72, trace=300324, nelems=0, elem type=byte[])
OBJ 5000083d (sz=48, trace=300225, class=java.nio.HeapByteBuffer@50000072)
ARR 5000083e (sz=128, trace=300325, nelems=0, elem type=char[])
OBJ 5000083f (sz=48, trace=300326, class=java.nio.HeapCharBuffer@5000006a)
OBJ 50000840 (sz=24, trace=300338, class=java.lang.String@50000181)
ARR 50000841 (sz=24, trace=300339, nelems=0, elem type=char[])
OBJ 50000842 (sz=24, trace=300340, class=java.lang.String@50000181)
ARR 50000843 (sz=24, trace=300341, nelems=0, elem type=char[])
OBJ 50000844 (sz=24, trace=300342, class=java.lang.String@50000181)
ARR 50000845 (sz=128, trace=300343, nelems=0, elem type=char[])
OBJ 50000846 (sz=32, trace=300344, class=java.io.File@5000012f)
OBJ 50000847 (sz=24, trace=300345, class=java.lang.StringBuffer@50000136)
ARR 50000848 (sz=128, trace=300346, nelems=0, elem type=char[])
ARR 50000849 (sz=120, trace=300347, nelems=0, elem type=char[])
OBJ 5000084a (sz=24, trace=300348, class=java.lang.String@50000181)
ARR 5000084b (sz=120, trace=300210, nelems=0, elem type=char[])
OBJ 5000084c (sz=24, trace=300211, class=java.lang.String@50000181)
ARR 5000084d (sz=120, trace=300212, nelems=0, elem type=char[])
OBJ 5000084e (sz=32, trace=300080, class=java.util.HashMap$Node@500000d7)
	key		5000082a
	value		50000839
	next		500008ee
OBJ 5000084f (sz=24, trace=300301, class=java.lang.StringBuilder@50000135)
ARR 50000850 (sz=48, trace=300302, nelems=0, elem type=char[])
ARR 50000851 (sz=144, trace=300010, nelems=0, elem type=char[])
OBJ 50000852 (sz=24, trace=300303, class=java.lang.String@50000181)
	value		50000853
ARR 50000853 (sz=128, trace=300304, nelems=64, elem type=char[])
OBJ 50000854 (sz=24, trace=300306, class=sun.misc.URLClassPath$3@5000064f)
OBJ 50000855 (sz=24, trace=300311, class=java.lang.StringBuilder@50000135)
ARR 50000856 (sz=48, trace=300312, nelems=0, elem type=char[])
OBJ 50000857 (sz=24, trace=300313, class=java.lang.StringBuffer@50000136)
ARR 50000858 (sz=144, trace=300314, nelems=0, elem type=char[])
ARR 50000859 (sz=144, trace=300315, nelems=0, elem type=char[])
OBJ 5000085a (sz=24, trace=300316, class=java.lang.String@50000181)
ARR 5000085b (sz=144, trace=300010, nelems=0, elem type=char[])
ARR 5000085c (sz=272, trace=300010, nelems=0, elem type=char[])
OBJ 5000085d (sz=24, trace=300317, class=java.lang.String@50000181)
	value		5000085e
ARR 5000085e (sz=128, trace=300318, nelems=64, elem type=char[])
OBJ 5000085f (sz=64, trace=300319, class=java.net.URL@5000012d)
	protocol	5000215f
	host		50001c1a
	file		5000085d
	authority	50001c1a
	path		5000085d
	handler		5000390d
OBJ 50000860 (sz=24, trace=300320, class=java.net.Parts@50000010)
OBJ 50000861 (sz=48, trace=300321, class=sun.misc.URLClassPath$JarLoader@50000652)
	base		5000085f
	csu		50003916
	metaIndex	50003421
	handler		5000390d
	lmap		5000390e
OBJ 50000862 (sz=24, trace=300322, class=java.lang.StringBuilder@50000135)
ARR 50000863 (sz=136, trace=300323, nelems=0, elem type=char[])
ARR 50000864 (sz=80, trace=300324, nelems=0, elem type=byte[])
OBJ 50000865 (sz=48, trace=300225, class=java.nio.HeapByteBuffer@50000072)
ARR 50000866 (sz=136, trace=300325, nelems=0, elem type=char[])
OBJ 50000867 (sz=48, trace=300326, class=java.nio.HeapCharBuffer@5000006a)
OBJ 50000868 (sz=24, trace=300338, class=java.lang.String@50000181)
ARR 50000869 (sz=24, trace=300339, nelems=0, elem type=char[])
OBJ 5000086a (sz=24, trace=300340, class=java.lang.String@50000181)
ARR 5000086b (sz=24, trace=300341, nelems=0, elem type=char[])
OBJ 5000086c (sz=24, trace=300342, class=java.lang.String@50000181)
ARR 5000086d (sz=128, trace=300343, nelems=0, elem type=char[])
OBJ 5000086e (sz=32, trace=300344, class=java.io.File@5000012f)
OBJ 5000086f (sz=24, trace=300345, class=java.lang.StringBuffer@50000136)
ARR 50000870 (sz=128, trace=300346, nelems=0, elem type=char[])
ARR 50000871 (sz=128, trace=300347, nelems=0, elem type=char[])
OBJ 50000872 (sz=24, trace=300348, class=java.lang.String@50000181)
ARR 50000873 (sz=128, trace=300210, nelems=0, elem type=char[])
OBJ 50000874 (sz=24, trace=300211, class=java.lang.String@50000181)
ARR 50000875 (sz=128, trace=300212, nelems=0, elem type=char[])
OBJ 50000876 (sz=32, trace=300081, class=java.util.HashMap$Node@500000d7)
	key		50000852
	value		50000861
OBJ 50000877 (sz=24, trace=300301, class=java.lang.StringBuilder@50000135)
ARR 50000878 (sz=48, trace=300302, nelems=0, elem type=char[])
ARR 50000879 (sz=144, trace=300010, nelems=0, elem type=char[])
OBJ 5000087a (sz=24, trace=300303, class=java.lang.String@50000181)
	value		5000087b
ARR 5000087b (sz=124, trace=300304, nelems=62, elem type=char[])
OBJ 5000087c (sz=24, trace=300306, class=sun.misc.URLClassPath$3@5000064f)
OBJ 5000087d (sz=24, trace=300311, class=java.lang.StringBuilder@50000135)
ARR 5000087e (sz=48, trace=300312, nelems=0, elem type=char[])
OBJ 5000087f (sz=24, trace=300313, class=java.lang.StringBuffer@50000136)
ARR 50000880 (sz=136, trace=300314, nelems=0, elem type=char[])
ARR 50000881 (sz=136, trace=300315, nelems=0, elem type=char[])
OBJ 50000882 (sz=24, trace=300316, class=java.lang.String@50000181)
ARR 50000883 (sz=136, trace=300010, nelems=0, elem type=char[])
ARR 50000884 (sz=264, trace=300010, nelems=0, elem type=char[])
OBJ 50000885 (sz=24, trace=300317, class=java.lang.String@50000181)
	value		50000886
ARR 50000886 (sz=124, trace=300318, nelems=62, elem type=char[])
OBJ 50000887 (sz=64, trace=300319, class=java.net.URL@5000012d)
	protocol	5000215f
	host		50001c1a
	file		50000885
	authority	50001c1a
	path		50000885
	handler		5000390d
OBJ 50000888 (sz=24, trace=300320, class=java.net.Parts@50000010)
OBJ 50000889 (sz=48, trace=300321, class=sun.misc.URLClassPath$JarLoader@50000652)
	base		50000887
	csu		50003917
	metaIndex	500033da
	handler		5000390d
	lmap		5000390e
OBJ 5000088a (sz=24, trace=300322, class=java.lang.StringBuilder@50000135)
ARR 5000088b (sz=128, trace=300323, nelems=0, elem type=char[])
ARR 5000088c (sz=72, trace=300324, nelems=0, elem type=byte[])
OBJ 5000088d (sz=48, trace=300225, class=java.nio.HeapByteBuffer@50000072)
ARR 5000088e (sz=128, trace=300325, nelems=0, elem type=char[])
OBJ 5000088f (sz=48, trace=300326, class=java.nio.HeapCharBuffer@5000006a)
OBJ 50000890 (sz=24, trace=300338, class=java.lang.String@50000181)
ARR 50000891 (sz=24, trace=300339, nelems=0, elem type=char[])
OBJ 50000892 (sz=24, trace=300340, class=java.lang.String@50000181)
ARR 50000893 (sz=24, trace=300341, nelems=0, elem type=char[])
OBJ 50000894 (sz=24, trace=300342, class=java.lang.String@50000181)
ARR 50000895 (sz=128, trace=300343, nelems=0, elem type=char[])
OBJ 50000896 (sz=32, trace=300344, class=java.io.File@5000012f)
OBJ 50000897 (sz=24, trace=300345, class=java.lang.StringBuffer@50000136)
ARR 50000898 (sz=128, trace=300346, nelems=0, elem type=char[])
ARR 50000899 (sz=120, trace=300347, nelems=0, elem type=char[])
OBJ 5000089a (sz=24, trace=300348, class=java.lang.String@50000181)
ARR 5000089b (sz=120, trace=300210, nelems=0, elem type=char[])
OBJ 5000089c (sz=24, trace=300211, class=java.lang.String@50000181)
ARR 5000089d (sz=120, trace=300212, nelems=0, elem type=char[])
OBJ 5000089e (sz=32, trace=300080, class=java.util.HashMap$Node@500000d7)
	key		5000087a
	value		50000889
	next		500008c6
OBJ 5000089f (sz=24, trace=300301, class=java.lang.StringBuilder@50000135)
ARR 500008a0 (sz=48, trace=300302, nelems=0, elem type=char[])
ARR 500008a1 (sz=152, trace=300010, nelems=0, elem type=char[])
OBJ 500008a2 (sz=24, trace=300303, class=java.lang.String@50000181)
	value		500008a3
ARR 500008a3 (sz=134, trace=300304, nelems=67, elem type=char[])
OBJ 500008a4 (sz=24, trace=300306, class=sun.misc.URLClassPath$3@5000064f)
OBJ 500008a5 (sz=24, trace=300311, class=java.lang.StringBuilder@50000135)
ARR 500008a6 (sz=48, trace=300312, nelems=0, elem type=char[])
OBJ 500008a7 (sz=24, trace=300313, class=java.lang.StringBuffer@50000136)
ARR 500008a8 (sz=152, trace=300314, nelems=0, elem type=char[])
ARR 500008a9 (sz=152, trace=300315, nelems=0, elem type=char[])
OBJ 500008aa (sz=24, trace=300316, class=java.lang.String@50000181)
ARR 500008ab (sz=152, trace=300010, nelems=0, elem type=char[])
ARR 500008ac (sz=280, trace=300010, nelems=0, elem type=char[])
OBJ 500008ad (sz=24, trace=300317, class=java.lang.String@50000181)
	value		500008ae
ARR 500008ae (sz=134, trace=300318, nelems=67, elem type=char[])
OBJ 500008af (sz=64, trace=300319, class=java.net.URL@5000012d)
	protocol	5000215f
	host		50001c1a
	file		500008ad
	authority	50001c1a
	path		500008ad
	handler		5000390d
OBJ 500008b0 (sz=24, trace=300320, class=java.net.Parts@50000010)
OBJ 500008b1 (sz=48, trace=300321, class=sun.misc.URLClassPath$JarLoader@50000652)
	base		500008af
	jar		500010a0
	csu		500036fe
	metaIndex	5000337b
	handler		5000390d
	lmap		5000390e
OBJ 500008b2 (sz=24, trace=300322, class=java.lang.StringBuilder@50000135)
ARR 500008b3 (sz=136, trace=300323, nelems=0, elem type=char[])
ARR 500008b4 (sz=80, trace=300324, nelems=0, elem type=byte[])
OBJ 500008b5 (sz=48, trace=300225, class=java.nio.HeapByteBuffer@50000072)
ARR 500008b6 (sz=136, trace=300325, nelems=0, elem type=char[])
OBJ 500008b7 (sz=48, trace=300326, class=java.nio.HeapCharBuffer@5000006a)
OBJ 500008b8 (sz=24, trace=300338, class=java.lang.String@50000181)
ARR 500008b9 (sz=24, trace=300339, nelems=0, elem type=char[])
OBJ 500008ba (sz=24, trace=300340, class=java.lang.String@50000181)
ARR 500008bb (sz=24, trace=300341, nelems=0, elem type=char[])
OBJ 500008bc (sz=24, trace=300342, class=java.lang.String@50000181)
ARR 500008bd (sz=136, trace=300343, nelems=0, elem type=char[])
OBJ 500008be (sz=32, trace=300344, class=java.io.File@5000012f)
OBJ 500008bf (sz=24, trace=300345, class=java.lang.StringBuffer@50000136)
ARR 500008c0 (sz=136, trace=300346, nelems=0, elem type=char[])
ARR 500008c1 (sz=136, trace=300347, nelems=0, elem type=char[])
OBJ 500008c2 (sz=24, trace=300348, class=java.lang.String@50000181)
ARR 500008c3 (sz=136, trace=300210, nelems=0, elem type=char[])
OBJ 500008c4 (sz=24, trace=300211, class=java.lang.String@50000181)
ARR 500008c5 (sz=136, trace=300212, nelems=0, elem type=char[])
OBJ 500008c6 (sz=32, trace=300081, class=java.util.HashMap$Node@500000d7)
	key		500008a2
	value		500008b1
OBJ 500008c7 (sz=24, trace=300301, class=java.lang.StringBuilder@50000135)
ARR 500008c8 (sz=48, trace=300302, nelems=0, elem type=char[])
ARR 500008c9 (sz=144, trace=300010, nelems=0, elem type=char[])
OBJ 500008ca (sz=24, trace=300303, class=java.lang.String@50000181)
	value		500008cb
ARR 500008cb (sz=128, trace=300304, nelems=64, elem type=char[])
OBJ 500008cc (sz=24, trace=300306, class=sun.misc.URLClassPath$3@5000064f)
OBJ 500008cd (sz=24, trace=300311, class=java.lang.StringBuilder@50000135)
ARR 500008ce (sz=48, trace=300312, nelems=0, elem type=char[])
OBJ 500008cf (sz=24, trace=300313, class=java.lang.StringBuffer@50000136)
ARR 500008d0 (sz=144, trace=300314, nelems=0, elem type=char[])
ARR 500008d1 (sz=144, trace=300315, nelems=0, elem type=char[])
OBJ 500008d2 (sz=24, trace=300316, class=java.lang.String@50000181)
ARR 500008d3 (sz=144, trace=300010, nelems=0, elem type=char[])
ARR 500008d4 (sz=272, trace=300010, nelems=0, elem type=char[])
OBJ 500008d5 (sz=24, trace=300317, class=java.lang.String@50000181)
	value		500008d6
ARR 500008d6 (sz=128, trace=300318, nelems=64, elem type=char[])
OBJ 500008d7 (sz=64, trace=300319, class=java.net.URL@5000012d)
	protocol	5000215f
	host		50001c1a
	file		500008d5
	authority	50001c1a
	path		500008d5
	handler		5000390d
OBJ 500008d8 (sz=24, trace=300320, class=java.net.Parts@50000010)
OBJ 500008d9 (sz=48, trace=300321, class=sun.misc.URLClassPath$JarLoader@50000652)
	base		500008d7
	csu		50003918
	metaIndex	50003384
	handler		5000390d
	lmap		5000390e
OBJ 500008da (sz=24, trace=300322, class=java.lang.StringBuilder@50000135)
ARR 500008db (sz=136, trace=300323, nelems=0, elem type=char[])
ARR 500008dc (sz=80, trace=300324, nelems=0, elem type=byte[])
OBJ 500008dd (sz=48, trace=300225, class=java.nio.HeapByteBuffer@50000072)
ARR 500008de (sz=136, trace=300325, nelems=0, elem type=char[])
OBJ 500008df (sz=48, trace=300326, class=java.nio.HeapCharBuffer@5000006a)
OBJ 500008e0 (sz=24, trace=300338, class=java.lang.String@50000181)
ARR 500008e1 (sz=24, trace=300339, nelems=0, elem type=char[])
OBJ 500008e2 (sz=24, trace=300340, class=java.lang.String@50000181)
ARR 500008e3 (sz=24, trace=300341, nelems=0, elem type=char[])
OBJ 500008e4 (sz=24, trace=300342, class=java.lang.String@50000181)
ARR 500008e5 (sz=128, trace=300343, nelems=0, elem type=char[])
OBJ 500008e6 (sz=32, trace=300344, class=java.io.File@5000012f)
OBJ 500008e7 (sz=24, trace=300345, class=java.lang.StringBuffer@50000136)
ARR 500008e8 (sz=128, trace=300346, nelems=0, elem type=char[])
ARR 500008e9 (sz=128, trace=300347, nelems=0, elem type=char[])
OBJ 500008ea (sz=24, trace=300348, class=java.lang.String@50000181)
ARR 500008eb (sz=128, trace=300210, nelems=0, elem type=char[])
OBJ 500008ec (sz=24, trace=300211, class=java.lang.String@50000181)
ARR 500008ed (sz=128, trace=300212, nelems=0, elem type=char[])
OBJ 500008ee (sz=32, trace=300081, class=java.util.HashMap$Node@500000d7)
	key		500008ca
	value		500008d9
	next		5000098f
OBJ 500008ef (sz=24, trace=300301, class=java.lang.StringBuilder@50000135)
ARR 500008f0 (sz=48, trace=300302, nelems=0, elem type=char[])
ARR 500008f1 (sz=144, trace=300010, nelems=0, elem type=char[])
OBJ 500008f2 (sz=24, trace=300303, class=java.lang.String@50000181)
	value		500008f3
ARR 500008f3 (sz=124, trace=300304, nelems=62, elem type=char[])
OBJ 500008f4 (sz=24, trace=300306, class=sun.misc.URLClassPath$3@5000064f)
OBJ 500008f5 (sz=24, trace=300311, class=java.lang.StringBuilder@50000135)
ARR 500008f6 (sz=48, trace=300312, nelems=0, elem type=char[])
OBJ 500008f7 (sz=24, trace=300313, class=java.lang.StringBuffer@50000136)
ARR 500008f8 (sz=136, trace=300314, nelems=0, elem type=char[])
ARR 500008f9 (sz=136, trace=300315, nelems=0, elem type=char[])
OBJ 500008fa (sz=24, trace=300316, class=java.lang.String@50000181)
ARR 500008fb (sz=136, trace=300010, nelems=0, elem type=char[])
ARR 500008fc (sz=264, trace=300010, nelems=0, elem type=char[])
OBJ 500008fd (sz=24, trace=300317, class=java.lang.String@50000181)
	value		500008fe
ARR 500008fe (sz=124, trace=300318, nelems=62, elem type=char[])
OBJ 500008ff (sz=64, trace=300319, class=java.net.URL@5000012d)
	protocol	5000215f
	host		50001c1a
	file		500008fd
	authority	50001c1a
	path		500008fd
	handler		5000390d
OBJ 50000900 (sz=24, trace=300320, class=java.net.Parts@50000010)
OBJ 50000901 (sz=48, trace=300321, class=sun.misc.URLClassPath$JarLoader@50000652)
	base		500008ff
	csu		50003919
	metaIndex	50003390
	handler		5000390d
	lmap		5000390e
OBJ 50000902 (sz=24, trace=300322, class=java.lang.StringBuilder@50000135)
ARR 50000903 (sz=128, trace=300323, nelems=0, elem type=char[])
ARR 50000904 (sz=72, trace=300324, nelems=0, elem type=byte[])
OBJ 50000905 (sz=48, trace=300225, class=java.nio.HeapByteBuffer@50000072)
ARR 50000906 (sz=128, trace=300325, nelems=0, elem type=char[])
OBJ 50000907 (sz=48, trace=300326, class=java.nio.HeapCharBuffer@5000006a)
OBJ 50000908 (sz=24, trace=300338, class=java.lang.String@50000181)
ARR 50000909 (sz=24, trace=300339, nelems=0, elem type=char[])
OBJ 5000090a (sz=24, trace=300340, class=java.lang.String@50000181)
ARR 5000090b (sz=24, trace=300341, nelems=0, elem type=char[])
OBJ 5000090c (sz=24, trace=300342, class=java.lang.String@50000181)
ARR 5000090d (sz=128, trace=300343, nelems=0, elem type=char[])
OBJ 5000090e (sz=32, trace=300344, class=java.io.File@5000012f)
OBJ 5000090f (sz=24, trace=300345, class=java.lang.StringBuffer@50000136)
ARR 50000910 (sz=128, trace=300346, nelems=0, elem type=char[])
ARR 50000911 (sz=120, trace=300347, nelems=0, elem type=char[])
OBJ 50000912 (sz=24, trace=300348, class=java.lang.String@50000181)
ARR 50000913 (sz=120, trace=300210, nelems=0, elem type=char[])
OBJ 50000914 (sz=24, trace=300211, class=java.lang.String@50000181)
ARR 50000915 (sz=120, trace=300212, nelems=0, elem type=char[])
OBJ 50000916 (sz=32, trace=300080, class=java.util.HashMap$Node@500000d7)
	key		500008f2
	value		50000901
	next		500009b7
OBJ 50000917 (sz=24, trace=300301, class=java.lang.StringBuilder@50000135)
ARR 50000918 (sz=48, trace=300302, nelems=0, elem type=char[])
ARR 50000919 (sz=160, trace=300010, nelems=0, elem type=char[])
OBJ 5000091a (sz=24, trace=300303, class=java.lang.String@50000181)
	value		5000091b
ARR 5000091b (sz=144, trace=300304, nelems=72, elem type=char[])
OBJ 5000091c (sz=24, trace=300306, class=sun.misc.URLClassPath$3@5000064f)
OBJ 5000091d (sz=24, trace=300311, class=java.lang.StringBuilder@50000135)
ARR 5000091e (sz=48, trace=300312, nelems=0, elem type=char[])
OBJ 5000091f (sz=24, trace=300313, class=java.lang.StringBuffer@50000136)
ARR 50000920 (sz=160, trace=300314, nelems=0, elem type=char[])
ARR 50000921 (sz=160, trace=300315, nelems=0, elem type=char[])
OBJ 50000922 (sz=24, trace=300316, class=java.lang.String@50000181)
ARR 50000923 (sz=160, trace=300010, nelems=0, elem type=char[])
ARR 50000924 (sz=304, trace=300010, nelems=0, elem type=char[])
OBJ 50000925 (sz=24, trace=300317, class=java.lang.String@50000181)
	value		50000926
ARR 50000926 (sz=144, trace=300318, nelems=72, elem type=char[])
OBJ 50000927 (sz=64, trace=300319, class=java.net.URL@5000012d)
	protocol	5000215f
	host		50001c1a
	file		50000925
	authority	50001c1a
	path		50000925
	handler		5000390d
OBJ 50000928 (sz=24, trace=300320, class=java.net.Parts@50000010)
OBJ 50000929 (sz=48, trace=300321, class=sun.misc.URLClassPath$JarLoader@50000652)
	base		50000927
	csu		5000391a
	metaIndex	5000339b
	handler		5000390d
	lmap		5000390e
OBJ 5000092a (sz=24, trace=300322, class=java.lang.StringBuilder@50000135)
ARR 5000092b (sz=152, trace=300323, nelems=0, elem type=char[])
ARR 5000092c (sz=88, trace=300324, nelems=0, elem type=byte[])
OBJ 5000092d (sz=48, trace=300225, class=java.nio.HeapByteBuffer@50000072)
ARR 5000092e (sz=152, trace=300325, nelems=0, elem type=char[])
OBJ 5000092f (sz=48, trace=300326, class=java.nio.HeapCharBuffer@5000006a)
OBJ 50000930 (sz=24, trace=300338, class=java.lang.String@50000181)
ARR 50000931 (sz=24, trace=300339, nelems=0, elem type=char[])
OBJ 50000932 (sz=24, trace=300340, class=java.lang.String@50000181)
ARR 50000933 (sz=24, trace=300341, nelems=0, elem type=char[])
OBJ 50000934 (sz=24, trace=300342, class=java.lang.String@50000181)
ARR 50000935 (sz=144, trace=300343, nelems=0, elem type=char[])
OBJ 50000936 (sz=32, trace=300344, class=java.io.File@5000012f)
OBJ 50000937 (sz=24, trace=300345, class=java.lang.StringBuffer@50000136)
ARR 50000938 (sz=144, trace=300346, nelems=0, elem type=char[])
ARR 50000939 (sz=144, trace=300347, nelems=0, elem type=char[])
OBJ 5000093a (sz=24, trace=300348, class=java.lang.String@50000181)
ARR 5000093b (sz=144, trace=300210, nelems=0, elem type=char[])
OBJ 5000093c (sz=24, trace=300211, class=java.lang.String@50000181)
ARR 5000093d (sz=144, trace=300212, nelems=0, elem type=char[])
OBJ 5000093e (sz=32, trace=300080, class=java.util.HashMap$Node@500000d7)
	key		5000091a
	value		50000929
	next		50000966
OBJ 5000093f (sz=24, trace=300301, class=java.lang.StringBuilder@50000135)
ARR 50000940 (sz=48, trace=300302, nelems=0, elem type=char[])
ARR 50000941 (sz=152, trace=300010, nelems=0, elem type=char[])
OBJ 50000942 (sz=24, trace=300303, class=java.lang.String@50000181)
	value		50000943
ARR 50000943 (sz=132, trace=300304, nelems=66, elem type=char[])
OBJ 50000944 (sz=24, trace=300306, class=sun.misc.URLClassPath$3@5000064f)
OBJ 50000945 (sz=24, trace=300311, class=java.lang.StringBuilder@50000135)
ARR 50000946 (sz=48, trace=300312, nelems=0, elem type=char[])
OBJ 50000947 (sz=24, trace=300313, class=java.lang.StringBuffer@50000136)
ARR 50000948 (sz=144, trace=300314, nelems=0, elem type=char[])
ARR 50000949 (sz=144, trace=300315, nelems=0, elem type=char[])
OBJ 5000094a (sz=24, trace=300316, class=java.lang.String@50000181)
ARR 5000094b (sz=144, trace=300010, nelems=0, elem type=char[])
ARR 5000094c (sz=280, trace=300010, nelems=0, elem type=char[])
OBJ 5000094d (sz=24, trace=300317, class=java.lang.String@50000181)
	value		5000094e
ARR 5000094e (sz=132, trace=300318, nelems=66, elem type=char[])
OBJ 5000094f (sz=64, trace=300319, class=java.net.URL@5000012d)
	protocol	5000215f
	host		50001c1a
	file		5000094d
	authority	50001c1a
	path		5000094d
	handler		5000390d
OBJ 50000950 (sz=24, trace=300320, class=java.net.Parts@50000010)
OBJ 50000951 (sz=48, trace=300321, class=sun.misc.URLClassPath$JarLoader@50000652)
	base		5000094f
	csu		5000391b
	metaIndex	500033bc
	handler		5000390d
	lmap		5000390e
OBJ 50000952 (sz=24, trace=300322, class=java.lang.StringBuilder@50000135)
ARR 50000953 (sz=136, trace=300323, nelems=0, elem type=char[])
ARR 50000954 (sz=80, trace=300324, nelems=0, elem type=byte[])
OBJ 50000955 (sz=48, trace=300225, class=java.nio.HeapByteBuffer@50000072)
ARR 50000956 (sz=136, trace=300325, nelems=0, elem type=char[])
OBJ 50000957 (sz=48, trace=300326, class=java.nio.HeapCharBuffer@5000006a)
OBJ 50000958 (sz=24, trace=300338, class=java.lang.String@50000181)
ARR 50000959 (sz=24, trace=300339, nelems=0, elem type=char[])
OBJ 5000095a (sz=24, trace=300340, class=java.lang.String@50000181)
ARR 5000095b (sz=24, trace=300341, nelems=0, elem type=char[])
OBJ 5000095c (sz=24, trace=300342, class=java.lang.String@50000181)
ARR 5000095d (sz=136, trace=300343, nelems=0, elem type=char[])
OBJ 5000095e (sz=32, trace=300344, class=java.io.File@5000012f)
OBJ 5000095f (sz=24, trace=300345, class=java.lang.StringBuffer@50000136)
ARR 50000960 (sz=136, trace=300346, nelems=0, elem type=char[])
ARR 50000961 (sz=128, trace=300347, nelems=0, elem type=char[])
OBJ 50000962 (sz=24, trace=300348, class=java.lang.String@50000181)
ARR 50000963 (sz=128, trace=300210, nelems=0, elem type=char[])
OBJ 50000964 (sz=24, trace=300211, class=java.lang.String@50000181)
ARR 50000965 (sz=128, trace=300212, nelems=0, elem type=char[])
OBJ 50000966 (sz=32, trace=300081, class=java.util.HashMap$Node@500000d7)
	key		50000942
	value		50000951
OBJ 50000967 (sz=24, trace=300301, class=java.lang.StringBuilder@50000135)
ARR 50000968 (sz=48, trace=300302, nelems=0, elem type=char[])
ARR 50000969 (sz=152, trace=300010, nelems=0, elem type=char[])
OBJ 5000096a (sz=24, trace=300303, class=java.lang.String@50000181)
	value		5000096b
ARR 5000096b (sz=132, trace=300304, nelems=66, elem type=char[])
OBJ 5000096c (sz=24, trace=300306, class=sun.misc.URLClassPath$3@5000064f)
OBJ 5000096d (sz=24, trace=300311, class=java.lang.StringBuilder@50000135)
ARR 5000096e (sz=48, trace=300312, nelems=0, elem type=char[])
OBJ 5000096f (sz=24, trace=300313, class=java.lang.StringBuffer@50000136)
ARR 50000970 (sz=144, trace=300314, nelems=0, elem type=char[])
ARR 50000971 (sz=144, trace=300315, nelems=0, elem type=char[])
OBJ 50000972 (sz=24, trace=300316, class=java.lang.String@50000181)
ARR 50000973 (sz=144, trace=300010, nelems=0, elem type=char[])
ARR 50000974 (sz=280, trace=300010, nelems=0, elem type=char[])
OBJ 50000975 (sz=24, trace=300317, class=java.lang.String@50000181)
	value		50000976
ARR 50000976 (sz=132, trace=300318, nelems=66, elem type=char[])
OBJ 50000977 (sz=64, trace=300319, class=java.net.URL@5000012d)
	protocol	5000215f
	host		50001c1a
	file		50000975
	authority	50001c1a
	path		50000975
	handler		5000390d
OBJ 50000978 (sz=24, trace=300320, class=java.net.Parts@50000010)
OBJ 50000979 (sz=48, trace=300321, class=sun.misc.URLClassPath$JarLoader@50000652)
	base		50000977
	csu		5000391c
	metaIndex	500033b1
	handler		5000390d
	lmap		5000390e
OBJ 5000097a (sz=24, trace=300322, class=java.lang.StringBuilder@50000135)
ARR 5000097b (sz=136, trace=300323, nelems=0, elem type=char[])
ARR 5000097c (sz=80, trace=300324, nelems=0, elem type=byte[])
OBJ 5000097d (sz=48, trace=300225, class=java.nio.HeapByteBuffer@50000072)
ARR 5000097e (sz=136, trace=300325, nelems=0, elem type=char[])
OBJ 5000097f (sz=48, trace=300326, class=java.nio.HeapCharBuffer@5000006a)
OBJ 50000980 (sz=24, trace=300338, class=java.lang.String@50000181)
ARR 50000981 (sz=24, trace=300339, nelems=0, elem type=char[])
OBJ 50000982 (sz=24, trace=300340, class=java.lang.String@50000181)
ARR 50000983 (sz=24, trace=300341, nelems=0, elem type=char[])
OBJ 50000984 (sz=24, trace=300342, class=java.lang.String@50000181)
ARR 50000985 (sz=136, trace=300343, nelems=0, elem type=char[])
OBJ 50000986 (sz=32, trace=300344, class=java.io.File@5000012f)
OBJ 50000987 (sz=24, trace=300345, class=java.lang.StringBuffer@50000136)
ARR 50000988 (sz=136, trace=300346, nelems=0, elem type=char[])
ARR 50000989 (sz=128, trace=300347, nelems=0, elem type=char[])
OBJ 5000098a (sz=24, trace=300348, class=java.lang.String@50000181)
ARR 5000098b (sz=128, trace=300210, nelems=0, elem type=char[])
OBJ 5000098c (sz=24, trace=300211, class=java.lang.String@50000181)
ARR 5000098d (sz=128, trace=300212, nelems=0, elem type=char[])
ARR 5000098e (sz=80, trace=300238, nelems=12, elem type=java.lang.Object[]@5000011c)
	[0]		500007e7
	[1]		50000811
	[2]		50000839
	[3]		50000861
	[4]		50000889
	[5]		500008b1
	[6]		500008d9
	[7]		50000901
	[8]		50000929
	[9]		50000951
	[10]		50000979
	[11]		500009a2
OBJ 5000098f (sz=32, trace=300081, class=java.util.HashMap$Node@500000d7)
	key		5000096a
	value		50000979
OBJ 50000990 (sz=24, trace=300301, class=java.lang.StringBuilder@50000135)
ARR 50000991 (sz=48, trace=300302, nelems=0, elem type=char[])
ARR 50000992 (sz=144, trace=300010, nelems=0, elem type=char[])
OBJ 50000993 (sz=24, trace=300303, class=java.lang.String@50000181)
	value		50000994
ARR 50000994 (sz=124, trace=300304, nelems=62, elem type=char[])
OBJ 50000995 (sz=24, trace=300306, class=sun.misc.URLClassPath$3@5000064f)
OBJ 50000996 (sz=24, trace=300311, class=java.lang.StringBuilder@50000135)
ARR 50000997 (sz=48, trace=300312, nelems=0, elem type=char[])
OBJ 50000998 (sz=24, trace=300313, class=java.lang.StringBuffer@50000136)
ARR 50000999 (sz=136, trace=300314, nelems=0, elem type=char[])
ARR 5000099a (sz=136, trace=300315, nelems=0, elem type=char[])
OBJ 5000099b (sz=24, trace=300316, class=java.lang.String@50000181)
ARR 5000099c (sz=136, trace=300010, nelems=0, elem type=char[])
ARR 5000099d (sz=264, trace=300010, nelems=0, elem type=char[])
OBJ 5000099e (sz=24, trace=300317, class=java.lang.String@50000181)
	value		5000099f
ARR 5000099f (sz=124, trace=300318, nelems=62, elem type=char[])
OBJ 500009a0 (sz=64, trace=300319, class=java.net.URL@5000012d)
	protocol	5000215f
	host		50001c1a
	file		5000099e
	authority	50001c1a
	path		5000099e
	handler		5000390d
OBJ 500009a1 (sz=24, trace=300320, class=java.net.Parts@50000010)
OBJ 500009a2 (sz=48, trace=300321, class=sun.misc.URLClassPath$JarLoader@50000652)
	base		500009a0
	csu		5000391d
	metaIndex	50003417
	handler		5000390d
	lmap		5000390e
OBJ 500009a3 (sz=24, trace=300322, class=java.lang.StringBuilder@50000135)
ARR 500009a4 (sz=128, trace=300323, nelems=0, elem type=char[])
ARR 500009a5 (sz=72, trace=300324, nelems=0, elem type=byte[])
OBJ 500009a6 (sz=48, trace=300225, class=java.nio.HeapByteBuffer@50000072)
ARR 500009a7 (sz=128, trace=300325, nelems=0, elem type=char[])
OBJ 500009a8 (sz=48, trace=300326, class=java.nio.HeapCharBuffer@5000006a)
OBJ 500009a9 (sz=24, trace=300338, class=java.lang.String@50000181)
ARR 500009aa (sz=24, trace=300339, nelems=0, elem type=char[])
OBJ 500009ab (sz=24, trace=300340, class=java.lang.String@50000181)
ARR 500009ac (sz=24, trace=300341, nelems=0, elem type=char[])
OBJ 500009ad (sz=24, trace=300342, class=java.lang.String@50000181)
ARR 500009ae (sz=128, trace=300343, nelems=0, elem type=char[])
OBJ 500009af (sz=32, trace=300344, class=java.io.File@5000012f)
OBJ 500009b0 (sz=24, trace=300345, class=java.lang.StringBuffer@50000136)
ARR 500009b1 (sz=128, trace=300346, nelems=0, elem type=char[])
ARR 500009b2 (sz=120, trace=300347, nelems=0, elem type=char[])
OBJ 500009b3 (sz=24, trace=300348, class=java.lang.String@50000181)
ARR 500009b4 (sz=120, trace=300210, nelems=0, elem type=char[])
OBJ 500009b5 (sz=24, trace=300211, class=java.lang.String@50000181)
ARR 500009b6 (sz=120, trace=300212, nelems=0, elem type=char[])
OBJ 500009b7 (sz=32, trace=300081, class=java.util.HashMap$Node@500000d7)
	key		50000993
	value		500009a2
OBJ 500009ba (sz=16, trace=300374, class=java.util.ResourceBundle$RBClassLoader$1@500009b9)
OBJ 500009bb (sz=72, trace=300375, class=java.util.ResourceBundle$RBClassLoader@500009b8)
	parent		50001ae4
	package2certs	500009c5
	classes		500009bc
	defaultDomain	500009bf
	domains		500009c7
	packages	500009c2
	nativeLibraries	500009c3
	assertionLock	500009bb
OBJ 500009bc (sz=32, trace=300281, class=java.util.Vector@500000f7)
	elementData	500009bd
ARR 500009bd (sz=56, trace=300376, nelems=0, elem type=java.lang.Object[]@5000011c)
OBJ 500009be (sz=32, trace=300377, class=java.security.CodeSource@50000128)
OBJ 500009bf (sz=40, trace=300378, class=java.security.ProtectionDomain@50000173)
	codesource	500009be
	classloader	500009bb
	principals	500009c1
	key		500009c0
OBJ 500009c0 (sz=16, trace=300379, class=java.security.ProtectionDomain$Key@50000008)
ARR 500009c1 (sz=16, trace=300380, nelems=0, elem type=java.security.Principal[]@50000006)
OBJ 500009c2 (sz=48, trace=300381, class=java.util.HashMap@500000d9)
OBJ 500009c3 (sz=32, trace=300281, class=java.util.Vector@500000f7)
	elementData	500009c4
ARR 500009c4 (sz=56, trace=300382, nelems=0, elem type=java.lang.Object[]@5000011c)
OBJ 500009c5 (sz=48, trace=300383, class=java.util.Hashtable@50000159)
	table		500009c6
ARR 500009c6 (sz=64, trace=300384, nelems=0, elem type=java.util.Hashtable$Entry[]@500000d2)
OBJ 500009c7 (sz=16, trace=300385, class=java.util.HashSet@50000005)
	map		500009c8
OBJ 500009c8 (sz=48, trace=300386, class=java.util.HashMap@500000d9)
ARR 500009ca (sz=24, trace=300388, nelems=2, elem type=java.lang.String[]@500000db)
	[0]		5000211b
	[1]		50003905
OBJ 500009cc (sz=24, trace=300390, class=java.util.Arrays$ArrayList@500009cb)
	a		500009ca
OBJ 500009cd (sz=24, trace=300391, class=java.util.Collections$UnmodifiableRandomAccessList@500000e7)
	c		500009cc
	list		500009cc
ARR 500009ce (sz=24, trace=300392, nelems=1, elem type=java.lang.String[]@500000db)
	[0]		5000211b
OBJ 500009cf (sz=24, trace=300390, class=java.util.Arrays$ArrayList@500009cb)
	a		500009ce
OBJ 500009d0 (sz=24, trace=300391, class=java.util.Collections$UnmodifiableRandomAccessList@500000e7)
	c		500009cf
	list		500009cf
ARR 500009d1 (sz=24, trace=300393, nelems=1, elem type=java.lang.String[]@500000db)
	[0]		50003905
OBJ 500009d2 (sz=24, trace=300390, class=java.util.Arrays$ArrayList@500009cb)
	a		500009d1
OBJ 500009d3 (sz=24, trace=300391, class=java.util.Collections$UnmodifiableRandomAccessList@500000e7)
	c		500009d2
	list		500009d2
OBJ 500009d4 (sz=16, trace=300394, class=java.util.ResourceBundle$Control@500009c9)
OBJ 500009d6 (sz=24, trace=300396, class=java.util.ResourceBundle$Control$CandidateListCache@500009d5)
	map		500009d9
	queue		500009d7
OBJ 500009d7 (sz=32, trace=300397, class=java.lang.ref.ReferenceQueue@500000e6)
	lock		500009d8
OBJ 500009d8 (sz=16, trace=300398, class=java.lang.ref.ReferenceQueue$Lock@500000e4)
OBJ 500009d9 (sz=64, trace=300399, class=java.util.concurrent.ConcurrentHashMap@5000002a)
	table		50000a19
OBJ 500009db (sz=56, trace=300401, class=java.util.ResourceBundle$CacheKey@500009da)
OBJ 500009de (sz=32, trace=300403, class=java.util.ResourceBundle$LoaderReference@500009dd)
OBJ 500009e3 (sz=32, trace=300405, class=java.util.LinkedList@500009e2)
	first		500009f6
	last		50000a17
OBJ 500009e4 (sz=40, trace=300406, class=sun.util.locale.BaseLocale$Key@50000019)
OBJ 500009e5 (sz=40, trace=300407, class=java.lang.ref.SoftReference@50000165)
OBJ 500009e6 (sz=40, trace=300408, class=java.lang.ref.SoftReference@50000165)
OBJ 500009e7 (sz=40, trace=300409, class=java.lang.ref.SoftReference@50000165)
OBJ 500009e8 (sz=40, trace=300410, class=java.lang.ref.SoftReference@50000165)
OBJ 500009e9 (sz=32, trace=300411, class=sun.util.locale.BaseLocale@5000001b)
	language	5000211e
	script		5000211d
	region		5000211c
	variant		50001c1a
OBJ 500009ea (sz=40, trace=300412, class=sun.util.locale.BaseLocale$Key@50000019)
	lang		500009eb
	scrt		500009ec
	regn		500009ed
	vart		500009ee
OBJ 500009eb (sz=40, trace=300407, class=java.lang.ref.SoftReference@50000165)
	referent	5000211e
	queue		5000213e
OBJ 500009ec (sz=40, trace=300408, class=java.lang.ref.SoftReference@50000165)
	referent	5000211d
	queue		5000213e
OBJ 500009ed (sz=40, trace=300409, class=java.lang.ref.SoftReference@50000165)
	referent	5000211c
	queue		5000213e
OBJ 500009ee (sz=40, trace=300410, class=java.lang.ref.SoftReference@50000165)
	referent	50001c1a
	queue		5000213e
OBJ 500009ef (sz=48, trace=300413, class=sun.util.locale.LocaleObjectCache$CacheEntry@50000018)
	referent	500009e9
	queue		50002129
	key		500009ea
OBJ 500009f0 (sz=32, trace=300414, class=java.util.concurrent.ConcurrentHashMap$Node@50000023)
	key		500009ea
	val		500009ef
OBJ 500009f1 (sz=24, trace=300415, class=java.util.Locale$LocaleKey@50000017)
	base		500009e9
OBJ 500009f2 (sz=32, trace=300416, class=java.util.Locale@5000002e)
	baseLocale	500009e9
	languageTag	50001013
OBJ 500009f3 (sz=48, trace=300413, class=sun.util.locale.LocaleObjectCache$CacheEntry@50000018)
	referent	500009f2
	queue		500021bd
	key		500009f1
OBJ 500009f4 (sz=32, trace=300417, class=java.util.concurrent.ConcurrentHashMap$Node@50000023)
	key		500009f1
	val		500009f3
OBJ 500009f6 (sz=24, trace=300419, class=java.util.LinkedList$Node@500009f5)
	item		500009f2
	next		50000a08
OBJ 500009f7 (sz=40, trace=300406, class=sun.util.locale.BaseLocale$Key@50000019)
OBJ 500009f8 (sz=40, trace=300407, class=java.lang.ref.SoftReference@50000165)
OBJ 500009f9 (sz=40, trace=300408, class=java.lang.ref.SoftReference@50000165)
OBJ 500009fa (sz=40, trace=300409, class=java.lang.ref.SoftReference@50000165)
OBJ 500009fb (sz=40, trace=300410, class=java.lang.ref.SoftReference@50000165)
OBJ 500009fc (sz=32, trace=300411, class=sun.util.locale.BaseLocale@5000001b)
	language	5000211e
	script		5000211d
	region		50001c1a
	variant		50001c1a
OBJ 500009fd (sz=40, trace=300412, class=sun.util.locale.BaseLocale$Key@50000019)
	lang		500009fe
	scrt		500009ff
	regn		50000a00
	vart		50000a01
OBJ 500009fe (sz=40, trace=300407, class=java.lang.ref.SoftReference@50000165)
	referent	5000211e
	queue		5000213e
OBJ 500009ff (sz=40, trace=300408, class=java.lang.ref.SoftReference@50000165)
	referent	5000211d
	queue		5000213e
OBJ 50000a00 (sz=40, trace=300409, class=java.lang.ref.SoftReference@50000165)
	referent	50001c1a
	queue		5000213e
OBJ 50000a01 (sz=40, trace=300410, class=java.lang.ref.SoftReference@50000165)
	referent	50001c1a
	queue		5000213e
OBJ 50000a02 (sz=48, trace=300413, class=sun.util.locale.LocaleObjectCache$CacheEntry@50000018)
	referent	500009fc
	queue		50002129
	key		500009fd
OBJ 50000a03 (sz=32, trace=300414, class=java.util.concurrent.ConcurrentHashMap$Node@50000023)
	key		500009fd
	val		50000a02
OBJ 50000a04 (sz=24, trace=300415, class=java.util.Locale$LocaleKey@50000017)
	base		500009fc
OBJ 50000a05 (sz=32, trace=300416, class=java.util.Locale@5000002e)
	baseLocale	500009fc
	languageTag	5000101e
OBJ 50000a06 (sz=48, trace=300413, class=sun.util.locale.LocaleObjectCache$CacheEntry@50000018)
	referent	50000a05
	queue		500021bd
	key		50000a04
OBJ 50000a07 (sz=32, trace=300414, class=java.util.concurrent.ConcurrentHashMap$Node@50000023)
	key		50000a04
	val		50000a06
OBJ 50000a08 (sz=24, trace=300420, class=java.util.LinkedList$Node@500009f5)
	item		50000a05
	next		50000a0f
	prev		500009f6
OBJ 50000a09 (sz=40, trace=300406, class=sun.util.locale.BaseLocale$Key@50000019)
OBJ 50000a0a (sz=40, trace=300407, class=java.lang.ref.SoftReference@50000165)
OBJ 50000a0b (sz=40, trace=300408, class=java.lang.ref.SoftReference@50000165)
OBJ 50000a0c (sz=40, trace=300409, class=java.lang.ref.SoftReference@50000165)
OBJ 50000a0d (sz=40, trace=300410, class=java.lang.ref.SoftReference@50000165)
OBJ 50000a0e (sz=24, trace=300415, class=java.util.Locale$LocaleKey@50000017)
OBJ 50000a0f (sz=24, trace=300421, class=java.util.LinkedList$Node@500009f5)
	item		500021a9
	next		50000a16
	prev		50000a08
OBJ 50000a10 (sz=40, trace=300406, class=sun.util.locale.BaseLocale$Key@50000019)
OBJ 50000a11 (sz=40, trace=300407, class=java.lang.ref.SoftReference@50000165)
OBJ 50000a12 (sz=40, trace=300408, class=java.lang.ref.SoftReference@50000165)
OBJ 50000a13 (sz=40, trace=300409, class=java.lang.ref.SoftReference@50000165)
OBJ 50000a14 (sz=40, trace=300410, class=java.lang.ref.SoftReference@50000165)
OBJ 50000a15 (sz=24, trace=300415, class=java.util.Locale$LocaleKey@50000017)
OBJ 50000a16 (sz=24, trace=300422, class=java.util.LinkedList$Node@500009f5)
	item		500021b5
	next		50000a17
	prev		50000a0f
OBJ 50000a17 (sz=24, trace=300423, class=java.util.LinkedList$Node@500009f5)
	item		500021aa
	prev		50000a16
OBJ 50000a18 (sz=48, trace=300413, class=sun.util.locale.LocaleObjectCache$CacheEntry@50000018)
	referent	500009e3
	queue		500009d7
	key		50002217
ARR 50000a19 (sz=144, trace=300424, nelems=1, elem type=java.util.concurrent.ConcurrentHashMap$Node[]@50000022)
	[0]		50000a1a
OBJ 50000a1a (sz=32, trace=300414, class=java.util.concurrent.ConcurrentHashMap$Node@50000023)
	key		50002217
	val		50000a18
OBJ 50000a1b (sz=24, trace=300425, class=java.util.ArrayList@500000f1)
ARR 50000a1c (sz=40, trace=300426, nelems=0, elem type=java.lang.Object[]@5000011c)
OBJ 50000a1d (sz=32, trace=300427, class=java.util.ResourceBundle$LoaderReference@500009dd)
OBJ 50000a1e (sz=16, trace=300428, class=java.lang.Object@50000185)
ARR 50000a1f (sz=80, trace=300429, nelems=16, elem type=java.util.concurrent.ConcurrentHashMap$Node[]@50000022)
	[0]		50000a20
	[2]		50001053
	[6]		50000c4c
	[9]		50001769
	[13]		50001748
	[14]		50000a39
	[15]		5000136f
OBJ 50000a20 (sz=32, trace=300430, class=java.util.concurrent.ConcurrentHashMap$Node@50000023)
	key		50001e40
	val		50000a1e
OBJ 50000a21 (sz=16, trace=300431, class=java.lang.Object@50000185)
ARR 50000a22 (sz=80, trace=300429, nelems=0, elem type=java.util.concurrent.ConcurrentHashMap$Node[]@50000022)
OBJ 50000a23 (sz=32, trace=300430, class=java.util.concurrent.ConcurrentHashMap$Node@50000023)
	key		50001e40
	val		50000a21
ARR 50000a26 (sz=16, trace=300433, nelems=0, elem type=java.lang.Class[]@50000117)
OBJ 50000a27 (sz=56, trace=300149, class=java.lang.Class$ReflectionData@500000c4)
OBJ 50000a28 (sz=40, trace=300040, class=java.lang.ref.SoftReference@50000165)
OBJ 50000a29 (sz=80, trace=300150, class=java.lang.reflect.Constructor@50000151)
OBJ 50000a2a (sz=24, trace=300434, class=java.lang.Class$1@500000ae)
OBJ 50000a2b (sz=24, trace=300152, class=sun.reflect.NativeConstructorAccessorImpl@500000ac)
OBJ 50000a2c (sz=16, trace=300153, class=sun.reflect.DelegatingConstructorAccessorImpl@500000ab)
OBJ 50000a2d (sz=40, trace=300435, class=sun.launcher.resources.launcher@50000a25)
	locale		500021aa
	name		50001e40
	cacheKey	500038b1
OBJ 50000a2e (sz=32, trace=300427, class=java.util.ResourceBundle$LoaderReference@500009dd)
	referent	500009bb
	queue		500003c3
	cacheKey	500038b1
OBJ 50000a30 (sz=48, trace=300437, class=java.util.ResourceBundle$BundleReference@50000a2f)
	referent	50000a2d
	queue		500003c3
	cacheKey	500038b1
ARR 50000a31 (sz=272, trace=300438, nelems=51, elem type=java.util.concurrent.ConcurrentHashMap$Node[]@50000022)
	[7]		50000c5a
	[8]		50001758
	[13]		50000d24
	[18]		50001043
	[19]		50000c45
	[26]		50000cbf
	[38]		5000135f
	[39]		50000a32
	[40]		500017c2
	[50]		500013ba
OBJ 50000a32 (sz=32, trace=300439, class=java.util.concurrent.ConcurrentHashMap$Node@50000023)
	key		500038b1
	val		50000a30
OBJ 50000a33 (sz=32, trace=300427, class=java.util.ResourceBundle$LoaderReference@500009dd)
OBJ 50000a34 (sz=24, trace=300440, class=java.lang.StringBuilder@50000135)
ARR 50000a35 (sz=112, trace=300441, nelems=0, elem type=char[])
OBJ 50000a36 (sz=24, trace=300442, class=java.lang.String@50000181)
	value		50000a37
ARR 50000a37 (sz=68, trace=300443, nelems=34, elem type=char[])
OBJ 50000a38 (sz=16, trace=300428, class=java.lang.Object@50000185)
OBJ 50000a39 (sz=32, trace=300430, class=java.util.concurrent.ConcurrentHashMap$Node@50000023)
	key		50000a36
	val		50000a38
OBJ 50000a3a (sz=16, trace=300431, class=java.lang.Object@50000185)
OBJ 50000a3b (sz=32, trace=300430, class=java.util.concurrent.ConcurrentHashMap$Node@50000023)
	key		50000a36
	val		50000a3a
OBJ 50000a3d (sz=24, trace=300445, class=java.net.URLClassLoader$1@50000a3c)
ARR 50000a3e (sz=88, trace=300446, nelems=0, elem type=char[])
OBJ 50000a3f (sz=24, trace=300447, class=java.lang.String@50000181)
ARR 50000a40 (sz=96, trace=300448, nelems=0, elem type=char[])
OBJ 50000a41 (sz=24, trace=300449, class=java.lang.String@50000181)
OBJ 50000a42 (sz=40, trace=300450, class=java.lang.ClassNotFoundException@5000016f)
OBJ 50000a43 (sz=24, trace=300451, class=java.net.URLClassLoader$1@50000a3c)
ARR 50000a44 (sz=88, trace=300446, nelems=0, elem type=char[])
OBJ 50000a45 (sz=24, trace=300447, class=java.lang.String@50000181)
ARR 50000a46 (sz=96, trace=300448, nelems=0, elem type=char[])
OBJ 50000a47 (sz=24, trace=300449, class=java.lang.String@50000181)
OBJ 50000a48 (sz=24, trace=300301, class=java.lang.StringBuilder@50000135)
ARR 50000a49 (sz=48, trace=300302, nelems=0, elem type=char[])
ARR 50000a4a (sz=168, trace=300010, nelems=0, elem type=char[])
OBJ 50000a4b (sz=24, trace=300303, class=java.lang.String@50000181)
	value		50000a4c
ARR 50000a4c (sz=146, trace=300304, nelems=73, elem type=char[])
OBJ 50000a4d (sz=24, trace=300306, class=sun.misc.URLClassPath$3@5000064f)
OBJ 50000a4f (sz=24, trace=300453, class=sun.misc.URLClassPath$FileLoader@50000a4e)
	base		50003951
	dir		50000a5e
ARR 50000a50 (sz=152, trace=300454, nelems=0, elem type=char[])
OBJ 50000a51 (sz=24, trace=300455, class=java.lang.String@50000181)
OBJ 50000a52 (sz=32, trace=300456, class=java.io.File@5000012f)
OBJ 50000a53 (sz=24, trace=300362, class=java.lang.StringBuffer@50000136)
ARR 50000a54 (sz=152, trace=300363, nelems=0, elem type=char[])
ARR 50000a55 (sz=128, trace=300364, nelems=64, elem type=char[])
OBJ 50000a56 (sz=24, trace=300365, class=java.lang.String@50000181)
	value		50000a55
OBJ 50000a57 (sz=24, trace=300108, class=java.lang.String@50000181)
ARR 50000a58 (sz=136, trace=300109, nelems=0, elem type=char[])
OBJ 50000a59 (sz=24, trace=300110, class=java.io.ExpiringCache$Entry@50000055)
	val		50001cb4
OBJ 50000a5a (sz=40, trace=300111, class=java.util.LinkedHashMap$Entry@50000054)
	key		50000a56
	value		50000a59
	before		50000622
OBJ 50000a5b (sz=24, trace=300112, class=java.lang.String@50000181)
ARR 50000a5c (sz=136, trace=300109, nelems=0, elem type=char[])
OBJ 50000a5d (sz=32, trace=300230, class=java.io.File@5000012f)
OBJ 50000a5e (sz=32, trace=300457, class=java.io.File@5000012f)
	path		50001cb4
ARR 50000a5f (sz=56, trace=300238, nelems=3, elem type=java.lang.Object[]@5000011c)
	[0]		50000a4f
	[1]		50000a8e
	[2]		50000bbd
ARR 50000a60 (sz=80, trace=300349, nelems=14, elem type=java.util.HashMap$Node[]@500000d5)
	[0]		50000a61
	[4]		50000ba7
	[13]		50000c0a
OBJ 50000a61 (sz=32, trace=300080, class=java.util.HashMap$Node@500000d7)
	key		50000a4b
	value		50000a4f
OBJ 50000a62 (sz=64, trace=300458, class=java.net.URL@5000012d)
OBJ 50000a63 (sz=24, trace=300459, class=java.lang.StringBuilder@50000135)
ARR 50000a64 (sz=48, trace=300460, nelems=0, elem type=char[])
ARR 50000a65 (sz=152, trace=300010, nelems=0, elem type=char[])
ARR 50000a66 (sz=288, trace=300010, nelems=0, elem type=char[])
OBJ 50000a67 (sz=24, trace=300461, class=java.lang.String@50000181)
ARR 50000a68 (sz=152, trace=300462, nelems=0, elem type=char[])
OBJ 50000a69 (sz=24, trace=300463, class=java.lang.String@50000181)
ARR 50000a6a (sz=152, trace=300464, nelems=0, elem type=char[])
ARR 50000a6b (sz=208, trace=300465, nelems=0, elem type=char[])
ARR 50000a6c (sz=96, trace=300466, nelems=0, elem type=char[])
OBJ 50000a6d (sz=24, trace=300467, class=java.lang.String@50000181)
ARR 50000a6e (sz=96, trace=300468, nelems=0, elem type=char[])
OBJ 50000a6f (sz=64, trace=300469, class=java.net.URL@5000012d)
OBJ 50000a70 (sz=24, trace=300459, class=java.lang.StringBuilder@50000135)
ARR 50000a71 (sz=48, trace=300460, nelems=0, elem type=char[])
ARR 50000a72 (sz=152, trace=300010, nelems=0, elem type=char[])
ARR 50000a73 (sz=288, trace=300010, nelems=0, elem type=char[])
OBJ 50000a74 (sz=24, trace=300461, class=java.lang.String@50000181)
ARR 50000a75 (sz=232, trace=300462, nelems=0, elem type=char[])
ARR 50000a76 (sz=96, trace=300470, nelems=0, elem type=char[])
OBJ 50000a77 (sz=24, trace=300471, class=java.lang.String@50000181)
OBJ 50000a78 (sz=32, trace=300472, class=java.io.File@5000012f)
ARR 50000a79 (sz=232, trace=300473, nelems=0, elem type=char[])
OBJ 50000a7a (sz=24, trace=300474, class=java.lang.String@50000181)
ARR 50000a7b (sz=232, trace=300217, nelems=0, elem type=char[])
OBJ 50000a7c (sz=24, trace=300301, class=java.lang.StringBuilder@50000135)
ARR 50000a7d (sz=48, trace=300302, nelems=0, elem type=char[])
ARR 50000a7e (sz=128, trace=300010, nelems=0, elem type=char[])
OBJ 50000a7f (sz=24, trace=300303, class=java.lang.String@50000181)
	value		50000a80
ARR 50000a80 (sz=108, trace=300304, nelems=54, elem type=char[])
OBJ 50000a81 (sz=24, trace=300306, class=sun.misc.URLClassPath$3@5000064f)
OBJ 50000a82 (sz=24, trace=300311, class=java.lang.StringBuilder@50000135)
ARR 50000a83 (sz=48, trace=300312, nelems=0, elem type=char[])
OBJ 50000a84 (sz=24, trace=300313, class=java.lang.StringBuffer@50000136)
ARR 50000a85 (sz=120, trace=300314, nelems=0, elem type=char[])
ARR 50000a86 (sz=120, trace=300315, nelems=0, elem type=char[])
OBJ 50000a87 (sz=24, trace=300316, class=java.lang.String@50000181)
ARR 50000a88 (sz=120, trace=300010, nelems=0, elem type=char[])
ARR 50000a89 (sz=232, trace=300010, nelems=0, elem type=char[])
OBJ 50000a8a (sz=24, trace=300317, class=java.lang.String@50000181)
	value		50000a8b
ARR 50000a8b (sz=108, trace=300318, nelems=54, elem type=char[])
OBJ 50000a8c (sz=64, trace=300319, class=java.net.URL@5000012d)
	protocol	5000215f
	host		50001c1a
	file		50000a8a
	authority	50001c1a
	path		50000a8a
	handler		5000394b
OBJ 50000a8d (sz=24, trace=300320, class=java.net.Parts@50000010)
OBJ 50000a8e (sz=48, trace=300321, class=sun.misc.URLClassPath$JarLoader@50000652)
	base		50000a8c
	jar		50000b17
	csu		50003952
	handler		5000394b
	lmap		5000394c
OBJ 50000a8f (sz=24, trace=300322, class=java.lang.StringBuilder@50000135)
ARR 50000a90 (sz=112, trace=300323, nelems=0, elem type=char[])
ARR 50000a91 (sz=64, trace=300324, nelems=0, elem type=byte[])
OBJ 50000a92 (sz=48, trace=300225, class=java.nio.HeapByteBuffer@50000072)
ARR 50000a93 (sz=112, trace=300325, nelems=0, elem type=char[])
OBJ 50000a94 (sz=48, trace=300326, class=java.nio.HeapCharBuffer@5000006a)
OBJ 50000a95 (sz=24, trace=300338, class=java.lang.String@50000181)
ARR 50000a96 (sz=24, trace=300339, nelems=0, elem type=char[])
OBJ 50000a97 (sz=24, trace=300340, class=java.lang.String@50000181)
ARR 50000a98 (sz=24, trace=300341, nelems=0, elem type=char[])
OBJ 50000a99 (sz=24, trace=300342, class=java.lang.String@50000181)
ARR 50000a9a (sz=112, trace=300343, nelems=0, elem type=char[])
OBJ 50000a9b (sz=32, trace=300344, class=java.io.File@5000012f)
OBJ 50000a9c (sz=24, trace=300345, class=java.lang.StringBuffer@50000136)
ARR 50000a9d (sz=112, trace=300346, nelems=0, elem type=char[])
ARR 50000a9e (sz=104, trace=300347, nelems=0, elem type=char[])
OBJ 50000a9f (sz=24, trace=300348, class=java.lang.String@50000181)
ARR 50000aa0 (sz=104, trace=300210, nelems=0, elem type=char[])
OBJ 50000aa1 (sz=24, trace=300211, class=java.lang.String@50000181)
ARR 50000aa2 (sz=104, trace=300212, nelems=0, elem type=char[])
OBJ 50000aa3 (sz=16, trace=300351, class=sun.misc.URLClassPath$JarLoader$1@500006d7)
OBJ 50000aa4 (sz=24, trace=300353, class=sun.misc.FileURLMapper@500006d9)
ARR 50000aa5 (sz=112, trace=300354, nelems=0, elem type=char[])
OBJ 50000aa6 (sz=24, trace=300355, class=java.lang.String@50000181)
OBJ 50000aa7 (sz=24, trace=300356, class=java.lang.StringBuilder@50000135)
ARR 50000aa8 (sz=112, trace=300357, nelems=0, elem type=char[])
ARR 50000aa9 (sz=64, trace=300358, nelems=0, elem type=byte[])
OBJ 50000aaa (sz=48, trace=300225, class=java.nio.HeapByteBuffer@50000072)
ARR 50000aab (sz=112, trace=300359, nelems=0, elem type=char[])
OBJ 50000aac (sz=48, trace=300326, class=java.nio.HeapCharBuffer@5000006a)
OBJ 50000aad (sz=24, trace=300338, class=java.lang.String@50000181)
ARR 50000aae (sz=24, trace=300339, nelems=0, elem type=char[])
OBJ 50000aaf (sz=24, trace=300340, class=java.lang.String@50000181)
ARR 50000ab0 (sz=24, trace=300341, nelems=0, elem type=char[])
OBJ 50000ab1 (sz=24, trace=300360, class=java.lang.String@50000181)
ARR 50000ab2 (sz=112, trace=300343, nelems=0, elem type=char[])
OBJ 50000ab3 (sz=32, trace=300361, class=java.io.File@5000012f)
OBJ 50000ab4 (sz=24, trace=300362, class=java.lang.StringBuffer@50000136)
ARR 50000ab5 (sz=112, trace=300363, nelems=0, elem type=char[])
ARR 50000ab6 (sz=104, trace=300364, nelems=0, elem type=char[])
OBJ 50000ab7 (sz=24, trace=300365, class=java.lang.String@50000181)
OBJ 50000abb (sz=16, trace=300477, class=java.util.jar.JavaUtilJarAccessImpl@50000aba)
ARR 50000abc (sz=20, trace=300478, nelems=10, elem type=char[])
ARR 50000abd (sz=512, trace=300479, nelems=128, elem type=int[])
ARR 50000abe (sz=40, trace=300480, nelems=10, elem type=int[])
OBJ 50000abf (sz=32, trace=300481, class=java.io.File@5000012f)
OBJ 50000ac0 (sz=24, trace=300362, class=java.lang.StringBuffer@50000136)
ARR 50000ac1 (sz=112, trace=300363, nelems=0, elem type=char[])
ARR 50000ac2 (sz=88, trace=300364, nelems=44, elem type=char[])
OBJ 50000ac3 (sz=24, trace=300365, class=java.lang.String@50000181)
	value		50000ac2
ARR 50000ac5 (sz=32, trace=300140, nelems=0, elem type=char[])
OBJ 50000ac6 (sz=24, trace=300141, class=java.lang.String@50000181)
ARR 50000ac7 (sz=32, trace=300142, nelems=0, elem type=char[])
OBJ 50000ac9 (sz=24, trace=300484, class=sun.nio.cs.US_ASCII@50000ac8)
	name		50002300
	aliases		50002305
ARR 50000aca (sz=24, trace=300485, nelems=0, elem type=java.lang.Object[]@5000011c)
ARR 50000acb (sz=40, trace=300140, nelems=0, elem type=char[])
OBJ 50000acc (sz=24, trace=300141, class=java.lang.String@50000181)
ARR 50000acd (sz=40, trace=300142, nelems=0, elem type=char[])
OBJ 50000ace (sz=24, trace=300143, class=java.lang.StringBuilder@50000135)
ARR 50000acf (sz=48, trace=300144, nelems=0, elem type=char[])
ARR 50000ad0 (sz=88, trace=300010, nelems=0, elem type=char[])
OBJ 50000ad1 (sz=24, trace=300145, class=java.lang.String@50000181)
ARR 50000ad2 (sz=64, trace=300146, nelems=0, elem type=char[])
ARR 50000ad4 (sz=16, trace=300148, nelems=0, elem type=java.lang.Class[]@50000117)
OBJ 50000ad5 (sz=56, trace=300149, class=java.lang.Class$ReflectionData@500000c4)
OBJ 50000ad6 (sz=40, trace=300040, class=java.lang.ref.SoftReference@50000165)
OBJ 50000ad7 (sz=80, trace=300150, class=java.lang.reflect.Constructor@50000151)
OBJ 50000ad8 (sz=24, trace=300151, class=java.lang.Class$1@500000ae)
OBJ 50000ad9 (sz=24, trace=300152, class=sun.reflect.NativeConstructorAccessorImpl@500000ac)
OBJ 50000ada (sz=16, trace=300153, class=sun.reflect.DelegatingConstructorAccessorImpl@500000ab)
OBJ 50000adb (sz=24, trace=300486, class=sun.nio.cs.ISO_8859_1@50000ad3)
	name		500022ff
	aliases		50002403
ARR 50000adc (sz=24, trace=300485, nelems=0, elem type=java.lang.Object[]@5000011c)
ARR 50000add (sz=32, trace=300140, nelems=0, elem type=char[])
OBJ 50000ade (sz=24, trace=300141, class=java.lang.String@50000181)
ARR 50000adf (sz=32, trace=300142, nelems=0, elem type=char[])
ARR 50000ae0 (sz=24, trace=300485, nelems=0, elem type=java.lang.Object[]@5000011c)
ARR 50000ae1 (sz=32, trace=300140, nelems=0, elem type=char[])
OBJ 50000ae2 (sz=24, trace=300141, class=java.lang.String@50000181)
ARR 50000ae3 (sz=32, trace=300142, nelems=0, elem type=char[])
OBJ 50000ae4 (sz=24, trace=300143, class=java.lang.StringBuilder@50000135)
ARR 50000ae5 (sz=48, trace=300144, nelems=0, elem type=char[])
ARR 50000ae6 (sz=88, trace=300010, nelems=0, elem type=char[])
OBJ 50000ae7 (sz=24, trace=300145, class=java.lang.String@50000181)
ARR 50000ae8 (sz=56, trace=300146, nelems=0, elem type=char[])
ARR 50000aea (sz=16, trace=300148, nelems=0, elem type=java.lang.Class[]@50000117)
OBJ 50000aeb (sz=56, trace=300149, class=java.lang.Class$ReflectionData@500000c4)
OBJ 50000aec (sz=40, trace=300040, class=java.lang.ref.SoftReference@50000165)
OBJ 50000aed (sz=80, trace=300150, class=java.lang.reflect.Constructor@50000151)
OBJ 50000aee (sz=24, trace=300151, class=java.lang.Class$1@500000ae)
OBJ 50000aef (sz=24, trace=300152, class=sun.reflect.NativeConstructorAccessorImpl@500000ac)
OBJ 50000af0 (sz=16, trace=300153, class=sun.reflect.DelegatingConstructorAccessorImpl@500000ab)
OBJ 50000af1 (sz=24, trace=300487, class=sun.nio.cs.UTF_16BE@50000ae9)
	name		50002302
	aliases		5000240b
ARR 50000af2 (sz=24, trace=300485, nelems=0, elem type=java.lang.Object[]@5000011c)
ARR 50000af3 (sz=32, trace=300140, nelems=0, elem type=char[])
OBJ 50000af4 (sz=24, trace=300141, class=java.lang.String@50000181)
ARR 50000af5 (sz=32, trace=300142, nelems=0, elem type=char[])
OBJ 50000af6 (sz=24, trace=300143, class=java.lang.StringBuilder@50000135)
ARR 50000af7 (sz=48, trace=300144, nelems=0, elem type=char[])
ARR 50000af8 (sz=88, trace=300010, nelems=0, elem type=char[])
OBJ 50000af9 (sz=24, trace=300145, class=java.lang.String@50000181)
ARR 50000afa (sz=56, trace=300146, nelems=0, elem type=char[])
ARR 50000afc (sz=16, trace=300148, nelems=0, elem type=java.lang.Class[]@50000117)
OBJ 50000afd (sz=56, trace=300149, class=java.lang.Class$ReflectionData@500000c4)
OBJ 50000afe (sz=40, trace=300040, class=java.lang.ref.SoftReference@50000165)
OBJ 50000aff (sz=80, trace=300150, class=java.lang.reflect.Constructor@50000151)
OBJ 50000b00 (sz=24, trace=300151, class=java.lang.Class$1@500000ae)
OBJ 50000b01 (sz=24, trace=300152, class=sun.reflect.NativeConstructorAccessorImpl@500000ac)
OBJ 50000b02 (sz=16, trace=300153, class=sun.reflect.DelegatingConstructorAccessorImpl@500000ab)
OBJ 50000b03 (sz=24, trace=300488, class=sun.nio.cs.UTF_16LE@50000afb)
	name		50002303
	aliases		5000240a
ARR 50000b04 (sz=24, trace=300485, nelems=0, elem type=java.lang.Object[]@5000011c)
ARR 50000b05 (sz=32, trace=300140, nelems=0, elem type=char[])
OBJ 50000b06 (sz=24, trace=300141, class=java.lang.String@50000181)
ARR 50000b07 (sz=32, trace=300142, nelems=0, elem type=char[])
OBJ 50000b08 (sz=24, trace=300143, class=java.lang.StringBuilder@50000135)
ARR 50000b09 (sz=48, trace=300144, nelems=0, elem type=char[])
ARR 50000b0a (sz=88, trace=300010, nelems=0, elem type=char[])
OBJ 50000b0b (sz=24, trace=300145, class=java.lang.String@50000181)
ARR 50000b0c (sz=56, trace=300146, nelems=0, elem type=char[])
ARR 50000b0e (sz=16, trace=300148, nelems=0, elem type=java.lang.Class[]@50000117)
OBJ 50000b0f (sz=56, trace=300149, class=java.lang.Class$ReflectionData@500000c4)
OBJ 50000b10 (sz=40, trace=300040, class=java.lang.ref.SoftReference@50000165)
OBJ 50000b11 (sz=80, trace=300150, class=java.lang.reflect.Constructor@50000151)
OBJ 50000b12 (sz=24, trace=300151, class=java.lang.Class$1@500000ae)
OBJ 50000b13 (sz=24, trace=300152, class=sun.reflect.NativeConstructorAccessorImpl@500000ac)
OBJ 50000b14 (sz=16, trace=300153, class=sun.reflect.DelegatingConstructorAccessorImpl@500000ab)
OBJ 50000b15 (sz=24, trace=300489, class=sun.nio.cs.UTF_16@50000b0d)
	name		50002301
	aliases		5000240c
ARR 50000b16 (sz=24, trace=300485, nelems=0, elem type=java.lang.Object[]@5000011c)
OBJ 50000b17 (sz=64, trace=300490, class=java.util.jar.JarFile@50000ab8)
	name		50000ac3
	zc		50000b21
	streams		50000b19
	inflaterCache	50000b1e
	manEntry	50000b8f
OBJ 50000b18 (sz=40, trace=300133, class=java.lang.ref.Finalizer@50000160)
	referent	50000b17
	queue		50001ade
	next		50000405
	prev		50000b95
OBJ 50000b19 (sz=48, trace=300491, class=java.util.WeakHashMap@500000ba)
	table		50000b1c
	queue		50000b1a
OBJ 50000b1a (sz=32, trace=300492, class=java.lang.ref.ReferenceQueue@500000e6)
	lock		50000b1b
OBJ 50000b1b (sz=16, trace=300493, class=java.lang.ref.ReferenceQueue$Lock@500000e4)
ARR 50000b1c (sz=80, trace=300494, nelems=0, elem type=java.util.WeakHashMap$Entry[]@5000003e)
OBJ 50000b1e (sz=24, trace=300496, class=java.util.ArrayDeque@50000b1d)
	elements	50000b1f
ARR 50000b1f (sz=80, trace=300497, nelems=1, elem type=java.lang.Object[]@5000011c)
	[0]		50000b98
OBJ 50000b21 (sz=32, trace=300499, class=java.util.zip.ZipCoder@50000b20)
	cs		500003aa
	enc		50000b55
ARR 50000b22 (sz=24, trace=300140, nelems=0, elem type=char[])
OBJ 50000b23 (sz=24, trace=300141, class=java.lang.String@50000181)
ARR 50000b24 (sz=24, trace=300142, nelems=0, elem type=char[])
OBJ 50000b25 (sz=24, trace=300500, class=sun.security.action.GetPropertyAction@50000064)
OBJ 50000b26 (sz=24, trace=300501, class=sun.security.action.GetPropertyAction@50000064)
ARR 50000b27 (sz=24, trace=300155, nelems=2, elem type=java.lang.Object[]@5000011c)
	[0]		50001ae3
	[1]		500025e7
OBJ 50000b28 (sz=32, trace=300156, class=java.lang.StringCoding$StringEncoder@50000059)
ARR 50000b29 (sz=24, trace=300502, nelems=0, elem type=byte[])
OBJ 50000b2a (sz=64, trace=300503, class=sun.nio.cs.ext.DoubleByte$Encoder@50000074)
OBJ 50000b2b (sz=56, trace=300222, class=sun.nio.cs.ext.DoubleByte$Decoder@50000096)
OBJ 50000b2c (sz=32, trace=300504, class=java.lang.ref.WeakReference@50000164)
OBJ 50000b2d (sz=48, trace=300505, class=java.nio.HeapByteBuffer@50000072)
ARR 50000b2e (sz=24, trace=300506, nelems=0, elem type=char[])
OBJ 50000b2f (sz=48, trace=300326, class=java.nio.HeapCharBuffer@5000006a)
ARR 50000b30 (sz=24, trace=300160, nelems=0, elem type=byte[])
ARR 50000b31 (sz=24, trace=300507, nelems=0, elem type=byte[])
OBJ 50000b32 (sz=40, trace=300161, class=java.lang.ref.SoftReference@50000165)
ARR 50000b33 (sz=104, trace=300508, nelems=0, elem type=byte[])
ARR 50000b34 (sz=64, trace=300163, nelems=0, elem type=byte[])
OBJ 50000b37 (sz=16, trace=300511, class=sun.misc.Perf$GetPerfAction@50000b36)
OBJ 50000b39 (sz=16, trace=300513, class=sun.misc.Perf@50000b38)
OBJ 50000b3b (sz=24, trace=300515, class=sun.misc.PerfCounter@50000b35)
	name		500022e2
	lb		50000b43
OBJ 50000b3f (sz=24, trace=300517, class=sun.security.action.GetPropertyAction@50000064)
OBJ 50000b40 (sz=64, trace=300518, class=java.nio.DirectByteBuffer@50000b3e)
OBJ 50000b43 (sz=56, trace=300520, class=java.nio.DirectLongBufferU@50000b42)
	att		50000b40
OBJ 50000b44 (sz=24, trace=300521, class=sun.misc.PerfCounter@50000b35)
	name		500022e1
	lb		50000b46
OBJ 50000b45 (sz=64, trace=300518, class=java.nio.DirectByteBuffer@50000b3e)
OBJ 50000b46 (sz=56, trace=300520, class=java.nio.DirectLongBufferU@50000b42)
	att		50000b45
OBJ 50000b47 (sz=24, trace=300522, class=sun.misc.PerfCounter@50000b35)
	name		500022e0
	lb		50000b49
OBJ 50000b48 (sz=64, trace=300518, class=java.nio.DirectByteBuffer@50000b3e)
OBJ 50000b49 (sz=56, trace=300520, class=java.nio.DirectLongBufferU@50000b42)
	att		50000b48
OBJ 50000b4a (sz=24, trace=300523, class=sun.misc.PerfCounter@50000b35)
	name		500022e3
	lb		50000b4c
OBJ 50000b4b (sz=64, trace=300518, class=java.nio.DirectByteBuffer@50000b3e)
OBJ 50000b4c (sz=56, trace=300520, class=java.nio.DirectLongBufferU@50000b42)
	att		50000b4b
OBJ 50000b4d (sz=24, trace=300524, class=sun.misc.PerfCounter@50000b35)
	name		500022e5
	lb		50000b4f
OBJ 50000b4e (sz=64, trace=300518, class=java.nio.DirectByteBuffer@50000b3e)
OBJ 50000b4f (sz=56, trace=300520, class=java.nio.DirectLongBufferU@50000b42)
	att		50000b4e
OBJ 50000b50 (sz=24, trace=300525, class=sun.misc.PerfCounter@50000b35)
	name		500022e4
	lb		50000b52
OBJ 50000b51 (sz=64, trace=300518, class=java.nio.DirectByteBuffer@50000b3e)
OBJ 50000b52 (sz=56, trace=300520, class=java.nio.DirectLongBufferU@50000b42)
	att		50000b51
ARR 50000b54 (sz=24, trace=300158, nelems=0, elem type=byte[])
OBJ 50000b55 (sz=56, trace=300159, class=sun.nio.cs.UTF_8$Encoder@500003ad)
	charset		500003aa
	replacement	50000b56
	malformedInputAction	50002717
	unmappableCharacterAction	50002717
ARR 50000b56 (sz=1, trace=300160, nelems=1, elem type=byte[])
ARR 50000b57 (sz=56, trace=300527, nelems=0, elem type=char[])
ARR 50000b58 (sz=80, trace=300528, nelems=0, elem type=byte[])
ARR 50000b59 (sz=40, trace=300529, nelems=0, elem type=byte[])
OBJ 50000b5b (sz=24, trace=300531, class=sun.security.action.GetPropertyAction@50000064)
ARR 50000b5c (sz=64, trace=300532, nelems=11, elem type=java.lang.String[]@500000db)
	[0]		50000b5f
	[1]		50000b63
	[2]		50000b67
	[3]		50000b6b
	[4]		50000b6f
	[5]		50000b73
	[6]		50000b77
	[7]		5000214d
	[8]		50000b7c
	[9]		50000b81
	[10]		50000b86
OBJ 50000b5d (sz=24, trace=300533, class=java.lang.StringBuilder@50000135)
ARR 50000b5e (sz=48, trace=300534, nelems=0, elem type=char[])
OBJ 50000b5f (sz=24, trace=300535, class=java.lang.String@50000181)
	value		50000b60
ARR 50000b60 (sz=14, trace=300536, nelems=7, elem type=char[])
OBJ 50000b61 (sz=24, trace=300537, class=java.lang.StringBuilder@50000135)
ARR 50000b62 (sz=48, trace=300538, nelems=0, elem type=char[])
OBJ 50000b63 (sz=24, trace=300539, class=java.lang.String@50000181)
	value		50000b64
ARR 50000b64 (sz=18, trace=300540, nelems=9, elem type=char[])
OBJ 50000b65 (sz=24, trace=300541, class=java.lang.StringBuilder@50000135)
ARR 50000b66 (sz=48, trace=300542, nelems=0, elem type=char[])
OBJ 50000b67 (sz=24, trace=300543, class=java.lang.String@50000181)
	value		50000b68
ARR 50000b68 (sz=16, trace=300544, nelems=8, elem type=char[])
OBJ 50000b69 (sz=24, trace=300545, class=java.lang.StringBuilder@50000135)
ARR 50000b6a (sz=48, trace=300546, nelems=0, elem type=char[])
OBJ 50000b6b (sz=24, trace=300547, class=java.lang.String@50000181)
	value		50000b6c
ARR 50000b6c (sz=26, trace=300548, nelems=13, elem type=char[])
OBJ 50000b6d (sz=24, trace=300549, class=java.lang.StringBuilder@50000135)
ARR 50000b6e (sz=48, trace=300550, nelems=0, elem type=char[])
OBJ 50000b6f (sz=24, trace=300551, class=java.lang.String@50000181)
	value		50000b70
ARR 50000b70 (sz=20, trace=300552, nelems=10, elem type=char[])
OBJ 50000b71 (sz=24, trace=300553, class=java.lang.StringBuilder@50000135)
ARR 50000b72 (sz=48, trace=300554, nelems=0, elem type=char[])
OBJ 50000b73 (sz=24, trace=300555, class=java.lang.String@50000181)
	value		50000b74
ARR 50000b74 (sz=20, trace=300556, nelems=10, elem type=char[])
OBJ 50000b75 (sz=24, trace=300557, class=java.lang.StringBuilder@50000135)
ARR 50000b76 (sz=48, trace=300558, nelems=0, elem type=char[])
OBJ 50000b77 (sz=24, trace=300559, class=java.lang.String@50000181)
	value		50000b78
ARR 50000b78 (sz=30, trace=300560, nelems=15, elem type=char[])
OBJ 50000b79 (sz=24, trace=300561, class=java.lang.StringBuilder@50000135)
ARR 50000b7a (sz=48, trace=300562, nelems=0, elem type=char[])
ARR 50000b7b (sz=88, trace=300010, nelems=0, elem type=char[])
OBJ 50000b7c (sz=24, trace=300563, class=java.lang.String@50000181)
	value		50000b7d
ARR 50000b7d (sz=62, trace=300564, nelems=31, elem type=char[])
OBJ 50000b7e (sz=24, trace=300565, class=java.lang.StringBuilder@50000135)
ARR 50000b7f (sz=48, trace=300566, nelems=0, elem type=char[])
ARR 50000b80 (sz=88, trace=300010, nelems=0, elem type=char[])
OBJ 50000b81 (sz=24, trace=300567, class=java.lang.String@50000181)
	value		50000b82
ARR 50000b82 (sz=50, trace=300568, nelems=25, elem type=char[])
OBJ 50000b83 (sz=24, trace=300569, class=java.lang.StringBuilder@50000135)
ARR 50000b84 (sz=48, trace=300570, nelems=0, elem type=char[])
ARR 50000b85 (sz=88, trace=300010, nelems=0, elem type=char[])
OBJ 50000b86 (sz=24, trace=300571, class=java.lang.String@50000181)
	value		50000b87
ARR 50000b87 (sz=42, trace=300572, nelems=21, elem type=char[])
ARR 50000b88 (sz=56, trace=300527, nelems=0, elem type=char[])
ARR 50000b89 (sz=80, trace=300528, nelems=0, elem type=byte[])
ARR 50000b8a (sz=40, trace=300529, nelems=0, elem type=byte[])
OBJ 50000b8c (sz=80, trace=300574, class=java.util.zip.ZipEntry@50000b8b)
OBJ 50000b8f (sz=96, trace=300576, class=java.util.jar.JarFile$JarFileEntry@50000b8e)
	name		5000214b
	this$0		50000b17
ARR 50000b90 (sz=56, trace=300577, nelems=0, elem type=char[])
ARR 50000b91 (sz=80, trace=300578, nelems=0, elem type=byte[])
ARR 50000b92 (sz=40, trace=300579, nelems=0, elem type=byte[])
OBJ 50000b94 (sz=56, trace=300581, class=java.util.zip.ZipFile$ZipFileInputStream@50000b93)
	this$0		50000b17
OBJ 50000b95 (sz=40, trace=300133, class=java.lang.ref.Finalizer@50000160)
	referent	50000b94
	queue		50001ade
	next		50000b18
	prev		50000b99
ARR 50000b97 (sz=0, trace=300583, nelems=0, elem type=byte[])
OBJ 50000b98 (sz=48, trace=300584, class=java.util.zip.Inflater@50000b96)
	zsRef		50000b9b
	buf		50000b97
OBJ 50000b99 (sz=40, trace=300133, class=java.lang.ref.Finalizer@50000160)
	referent	50000b98
	queue		50001ade
	next		50000b95
	prev		50000b9f
OBJ 50000b9b (sz=24, trace=300586, class=java.util.zip.ZStreamRef@50000b9a)
OBJ 50000b9e (sz=56, trace=300588, class=java.util.zip.ZipFile$ZipFileInflaterInputStream@50000b9d)
	in		50000b94
	inf		50000b98
	buf		50000ba2
	singleByteBuf	50000ba0
	b		50000ba1
	zfin		50000b94
	this$0		50000b17
OBJ 50000b9f (sz=40, trace=300133, class=java.lang.ref.Finalizer@50000160)
	referent	50000b9e
	queue		50001ade
	next		50000b99
	prev		50000bed
ARR 50000ba0 (sz=1, trace=300589, nelems=1, elem type=byte[])
ARR 50000ba1 (sz=512, trace=300590, nelems=512, elem type=byte[])
ARR 50000ba2 (sz=73, trace=300591, nelems=73, elem type=byte[])
OBJ 50000ba3 (sz=40, trace=300592, class=java.util.WeakHashMap$Entry@5000003f)
ARR 50000ba5 (sz=16, trace=300594, nelems=0, elem type=byte[])
ARR 50000ba6 (sz=88, trace=300595, nelems=0, elem type=byte[])
OBJ 50000ba7 (sz=32, trace=300080, class=java.util.HashMap$Node@500000d7)
	key		50000a7f
	value		50000a8e
ARR 50000ba8 (sz=96, trace=300527, nelems=0, elem type=char[])
ARR 50000ba9 (sz=136, trace=300528, nelems=0, elem type=byte[])
ARR 50000baa (sz=56, trace=300529, nelems=0, elem type=byte[])
OBJ 50000bab (sz=24, trace=300301, class=java.lang.StringBuilder@50000135)
ARR 50000bac (sz=48, trace=300302, nelems=0, elem type=char[])
ARR 50000bad (sz=136, trace=300010, nelems=0, elem type=char[])
OBJ 50000bae (sz=24, trace=300303, class=java.lang.String@50000181)
	value		50000baf
ARR 50000baf (sz=114, trace=300304, nelems=57, elem type=char[])
OBJ 50000bb0 (sz=24, trace=300306, class=sun.misc.URLClassPath$3@5000064f)
OBJ 50000bb1 (sz=24, trace=300311, class=java.lang.StringBuilder@50000135)
ARR 50000bb2 (sz=48, trace=300312, nelems=0, elem type=char[])
OBJ 50000bb3 (sz=24, trace=300313, class=java.lang.StringBuffer@50000136)
ARR 50000bb4 (sz=128, trace=300314, nelems=0, elem type=char[])
ARR 50000bb5 (sz=128, trace=300315, nelems=0, elem type=char[])
OBJ 50000bb6 (sz=24, trace=300316, class=java.lang.String@50000181)
ARR 50000bb7 (sz=128, trace=300010, nelems=0, elem type=char[])
ARR 50000bb8 (sz=240, trace=300010, nelems=0, elem type=char[])
OBJ 50000bb9 (sz=24, trace=300317, class=java.lang.String@50000181)
	value		50000bba
ARR 50000bba (sz=114, trace=300318, nelems=57, elem type=char[])
OBJ 50000bbb (sz=64, trace=300319, class=java.net.URL@5000012d)
	protocol	5000215f
	host		50001c1a
	file		50000bb9
	authority	50001c1a
	path		50000bb9
	handler		5000394b
OBJ 50000bbc (sz=24, trace=300320, class=java.net.Parts@50000010)
OBJ 50000bbd (sz=48, trace=300321, class=sun.misc.URLClassPath$JarLoader@50000652)
	base		50000bbb
	jar		50000bec
	csu		50003953
	handler		5000394b
	lmap		5000394c
OBJ 50000bbe (sz=24, trace=300322, class=java.lang.StringBuilder@50000135)
ARR 50000bbf (sz=120, trace=300323, nelems=0, elem type=char[])
ARR 50000bc0 (sz=72, trace=300324, nelems=0, elem type=byte[])
OBJ 50000bc1 (sz=48, trace=300225, class=java.nio.HeapByteBuffer@50000072)
ARR 50000bc2 (sz=120, trace=300325, nelems=0, elem type=char[])
OBJ 50000bc3 (sz=48, trace=300326, class=java.nio.HeapCharBuffer@5000006a)
OBJ 50000bc4 (sz=24, trace=300338, class=java.lang.String@50000181)
ARR 50000bc5 (sz=24, trace=300339, nelems=0, elem type=char[])
OBJ 50000bc6 (sz=24, trace=300340, class=java.lang.String@50000181)
ARR 50000bc7 (sz=24, trace=300341, nelems=0, elem type=char[])
OBJ 50000bc8 (sz=24, trace=300342, class=java.lang.String@50000181)
ARR 50000bc9 (sz=112, trace=300343, nelems=0, elem type=char[])
OBJ 50000bca (sz=32, trace=300344, class=java.io.File@5000012f)
OBJ 50000bcb (sz=24, trace=300345, class=java.lang.StringBuffer@50000136)
ARR 50000bcc (sz=112, trace=300346, nelems=0, elem type=char[])
ARR 50000bcd (sz=112, trace=300347, nelems=0, elem type=char[])
OBJ 50000bce (sz=24, trace=300348, class=java.lang.String@50000181)
ARR 50000bcf (sz=112, trace=300210, nelems=0, elem type=char[])
OBJ 50000bd0 (sz=24, trace=300211, class=java.lang.String@50000181)
ARR 50000bd1 (sz=112, trace=300212, nelems=0, elem type=char[])
OBJ 50000bd2 (sz=16, trace=300351, class=sun.misc.URLClassPath$JarLoader$1@500006d7)
OBJ 50000bd3 (sz=24, trace=300353, class=sun.misc.FileURLMapper@500006d9)
ARR 50000bd4 (sz=120, trace=300354, nelems=0, elem type=char[])
OBJ 50000bd5 (sz=24, trace=300355, class=java.lang.String@50000181)
OBJ 50000bd6 (sz=24, trace=300356, class=java.lang.StringBuilder@50000135)
ARR 50000bd7 (sz=120, trace=300357, nelems=0, elem type=char[])
ARR 50000bd8 (sz=72, trace=300358, nelems=0, elem type=byte[])
OBJ 50000bd9 (sz=48, trace=300225, class=java.nio.HeapByteBuffer@50000072)
ARR 50000bda (sz=120, trace=300359, nelems=0, elem type=char[])
OBJ 50000bdb (sz=48, trace=300326, class=java.nio.HeapCharBuffer@5000006a)
OBJ 50000bdc (sz=24, trace=300338, class=java.lang.String@50000181)
ARR 50000bdd (sz=24, trace=300339, nelems=0, elem type=char[])
OBJ 50000bde (sz=24, trace=300340, class=java.lang.String@50000181)
ARR 50000bdf (sz=24, trace=300341, nelems=0, elem type=char[])
OBJ 50000be0 (sz=24, trace=300360, class=java.lang.String@50000181)
ARR 50000be1 (sz=112, trace=300343, nelems=0, elem type=char[])
OBJ 50000be2 (sz=32, trace=300361, class=java.io.File@5000012f)
OBJ 50000be3 (sz=24, trace=300362, class=java.lang.StringBuffer@50000136)
ARR 50000be4 (sz=112, trace=300363, nelems=0, elem type=char[])
ARR 50000be5 (sz=112, trace=300364, nelems=0, elem type=char[])
OBJ 50000be6 (sz=24, trace=300365, class=java.lang.String@50000181)
OBJ 50000be7 (sz=32, trace=300481, class=java.io.File@5000012f)
OBJ 50000be8 (sz=24, trace=300362, class=java.lang.StringBuffer@50000136)
ARR 50000be9 (sz=112, trace=300363, nelems=0, elem type=char[])
ARR 50000bea (sz=94, trace=300364, nelems=47, elem type=char[])
OBJ 50000beb (sz=24, trace=300365, class=java.lang.String@50000181)
	value		50000bea
OBJ 50000bec (sz=64, trace=300490, class=java.util.jar.JarFile@50000ab8)
	name		50000beb
	zc		50000bf4
	streams		50000bee
	inflaterCache	50000bf2
	manEntry	50000c01
OBJ 50000bed (sz=40, trace=300133, class=java.lang.ref.Finalizer@50000160)
	referent	50000bec
	queue		50001ade
	next		50000b9f
	prev		50000c06
OBJ 50000bee (sz=48, trace=300491, class=java.util.WeakHashMap@500000ba)
	table		50000bf1
	queue		50000bef
OBJ 50000bef (sz=32, trace=300492, class=java.lang.ref.ReferenceQueue@500000e6)
	lock		50000bf0
OBJ 50000bf0 (sz=16, trace=300493, class=java.lang.ref.ReferenceQueue$Lock@500000e4)
ARR 50000bf1 (sz=80, trace=300494, nelems=0, elem type=java.util.WeakHashMap$Entry[]@5000003e)
OBJ 50000bf2 (sz=24, trace=300496, class=java.util.ArrayDeque@50000b1d)
	elements	50000bf3
ARR 50000bf3 (sz=80, trace=300497, nelems=0, elem type=java.lang.Object[]@5000011c)
OBJ 50000bf4 (sz=32, trace=300499, class=java.util.zip.ZipCoder@50000b20)
	cs		500003aa
	enc		50000bf8
ARR 50000bf5 (sz=112, trace=300508, nelems=0, elem type=byte[])
ARR 50000bf6 (sz=64, trace=300163, nelems=0, elem type=byte[])
ARR 50000bf7 (sz=24, trace=300158, nelems=0, elem type=byte[])
OBJ 50000bf8 (sz=56, trace=300159, class=sun.nio.cs.UTF_8$Encoder@500003ad)
	charset		500003aa
	replacement	50000bf9
	malformedInputAction	50002717
	unmappableCharacterAction	50002717
ARR 50000bf9 (sz=1, trace=300160, nelems=1, elem type=byte[])
ARR 50000bfa (sz=56, trace=300527, nelems=0, elem type=char[])
ARR 50000bfb (sz=80, trace=300528, nelems=0, elem type=byte[])
ARR 50000bfc (sz=40, trace=300529, nelems=0, elem type=byte[])
ARR 50000bfd (sz=56, trace=300527, nelems=0, elem type=char[])
ARR 50000bfe (sz=80, trace=300528, nelems=0, elem type=byte[])
ARR 50000bff (sz=40, trace=300529, nelems=0, elem type=byte[])
OBJ 50000c00 (sz=80, trace=300574, class=java.util.zip.ZipEntry@50000b8b)
OBJ 50000c01 (sz=96, trace=300576, class=java.util.jar.JarFile$JarFileEntry@50000b8e)
	name		5000214b
	this$0		50000bec
ARR 50000c02 (sz=56, trace=300577, nelems=0, elem type=char[])
ARR 50000c03 (sz=80, trace=300578, nelems=0, elem type=byte[])
ARR 50000c04 (sz=40, trace=300579, nelems=0, elem type=byte[])
OBJ 50000c05 (sz=56, trace=300581, class=java.util.zip.ZipFile$ZipFileInputStream@50000b93)
	this$0		50000bec
OBJ 50000c06 (sz=40, trace=300133, class=java.lang.ref.Finalizer@50000160)
	referent	50000c05
	queue		50001ade
	next		50000bed
	prev		50001076
OBJ 50000c07 (sz=40, trace=300592, class=java.util.WeakHashMap$Entry@5000003f)
ARR 50000c08 (sz=16, trace=300594, nelems=0, elem type=byte[])
ARR 50000c09 (sz=88, trace=300595, nelems=0, elem type=byte[])
OBJ 50000c0a (sz=32, trace=300080, class=java.util.HashMap$Node@500000d7)
	key		50000bae
	value		50000bbd
ARR 50000c0b (sz=96, trace=300527, nelems=0, elem type=char[])
ARR 50000c0c (sz=136, trace=300528, nelems=0, elem type=byte[])
ARR 50000c0d (sz=56, trace=300529, nelems=0, elem type=byte[])
OBJ 50000c0e (sz=24, trace=300301, class=java.lang.StringBuilder@50000135)
ARR 50000c0f (sz=48, trace=300302, nelems=0, elem type=char[])
ARR 50000c10 (sz=168, trace=300010, nelems=0, elem type=char[])
OBJ 50000c11 (sz=24, trace=300303, class=java.lang.String@50000181)
ARR 50000c12 (sz=168, trace=300304, nelems=0, elem type=char[])
OBJ 50000c13 (sz=40, trace=300450, class=java.lang.ClassNotFoundException@5000016f)
OBJ 50000c14 (sz=24, trace=300440, class=java.lang.StringBuilder@50000135)
ARR 50000c15 (sz=112, trace=300441, nelems=0, elem type=char[])
OBJ 50000c16 (sz=24, trace=300442, class=java.lang.String@50000181)
ARR 50000c17 (sz=88, trace=300443, nelems=0, elem type=char[])
OBJ 50000c18 (sz=24, trace=300596, class=java.lang.StringBuilder@50000135)
ARR 50000c19 (sz=112, trace=300597, nelems=0, elem type=char[])
ARR 50000c1a (sz=88, trace=300598, nelems=0, elem type=char[])
OBJ 50000c1b (sz=24, trace=300599, class=java.lang.String@50000181)
OBJ 50000c1c (sz=24, trace=300600, class=java.lang.String@50000181)
ARR 50000c1d (sz=112, trace=300601, nelems=0, elem type=char[])
OBJ 50000c1f (sz=32, trace=300603, class=java.util.ResourceBundle$Control$1@50000c1e)
OBJ 50000c21 (sz=24, trace=300605, class=java.net.URLClassLoader$2@50000c20)
OBJ 50000c22 (sz=24, trace=300606, class=java.net.URLClassLoader$2@50000c20)
OBJ 50000c23 (sz=64, trace=300607, class=java.net.URL@5000012d)
OBJ 50000c24 (sz=24, trace=300459, class=java.lang.StringBuilder@50000135)
ARR 50000c25 (sz=48, trace=300460, nelems=0, elem type=char[])
ARR 50000c26 (sz=152, trace=300010, nelems=0, elem type=char[])
ARR 50000c27 (sz=288, trace=300010, nelems=0, elem type=char[])
OBJ 50000c28 (sz=24, trace=300461, class=java.lang.String@50000181)
ARR 50000c29 (sz=152, trace=300462, nelems=0, elem type=char[])
OBJ 50000c2a (sz=24, trace=300463, class=java.lang.String@50000181)
ARR 50000c2b (sz=152, trace=300464, nelems=0, elem type=char[])
ARR 50000c2c (sz=232, trace=300608, nelems=0, elem type=char[])
ARR 50000c2d (sz=112, trace=300609, nelems=0, elem type=char[])
OBJ 50000c2e (sz=24, trace=300610, class=java.lang.String@50000181)
ARR 50000c2f (sz=112, trace=300468, nelems=0, elem type=char[])
OBJ 50000c30 (sz=64, trace=300611, class=java.net.URL@5000012d)
OBJ 50000c31 (sz=24, trace=300459, class=java.lang.StringBuilder@50000135)
ARR 50000c32 (sz=48, trace=300460, nelems=0, elem type=char[])
ARR 50000c33 (sz=152, trace=300010, nelems=0, elem type=char[])
ARR 50000c34 (sz=288, trace=300010, nelems=0, elem type=char[])
OBJ 50000c35 (sz=24, trace=300461, class=java.lang.String@50000181)
ARR 50000c36 (sz=240, trace=300462, nelems=0, elem type=char[])
ARR 50000c37 (sz=112, trace=300612, nelems=0, elem type=char[])
OBJ 50000c38 (sz=24, trace=300613, class=java.lang.String@50000181)
OBJ 50000c39 (sz=32, trace=300614, class=java.io.File@5000012f)
ARR 50000c3a (sz=240, trace=300615, nelems=0, elem type=char[])
OBJ 50000c3b (sz=24, trace=300474, class=java.lang.String@50000181)
ARR 50000c3c (sz=240, trace=300217, nelems=0, elem type=char[])
ARR 50000c3d (sz=112, trace=300527, nelems=0, elem type=char[])
ARR 50000c3e (sz=152, trace=300528, nelems=0, elem type=byte[])
ARR 50000c3f (sz=64, trace=300529, nelems=0, elem type=byte[])
ARR 50000c40 (sz=112, trace=300527, nelems=0, elem type=char[])
ARR 50000c41 (sz=152, trace=300528, nelems=0, elem type=byte[])
ARR 50000c42 (sz=64, trace=300529, nelems=0, elem type=byte[])
OBJ 50000c43 (sz=32, trace=300427, class=java.util.ResourceBundle$LoaderReference@500009dd)
	referent	500009bb
	queue		500003c3
	cacheKey	500038b3
OBJ 50000c44 (sz=48, trace=300437, class=java.util.ResourceBundle$BundleReference@50000a2f)
	referent	500003c1
	queue		500003c3
	cacheKey	500038b3
OBJ 50000c45 (sz=32, trace=300439, class=java.util.concurrent.ConcurrentHashMap$Node@50000023)
	key		500038b3
	val		50000c44
OBJ 50000c46 (sz=32, trace=300427, class=java.util.ResourceBundle$LoaderReference@500009dd)
OBJ 50000c47 (sz=24, trace=300440, class=java.lang.StringBuilder@50000135)
ARR 50000c48 (sz=112, trace=300441, nelems=0, elem type=char[])
OBJ 50000c49 (sz=24, trace=300442, class=java.lang.String@50000181)
	value		50000c4a
ARR 50000c4a (sz=74, trace=300443, nelems=37, elem type=char[])
OBJ 50000c4b (sz=16, trace=300428, class=java.lang.Object@50000185)
OBJ 50000c4c (sz=32, trace=300430, class=java.util.concurrent.ConcurrentHashMap$Node@50000023)
	key		50000c49
	val		50000c4b
	next		50000c61
OBJ 50000c4d (sz=16, trace=300431, class=java.lang.Object@50000185)
OBJ 50000c4e (sz=32, trace=300430, class=java.util.concurrent.ConcurrentHashMap$Node@50000023)
ARR 50000c50 (sz=16, trace=300433, nelems=0, elem type=java.lang.Class[]@50000117)
OBJ 50000c51 (sz=56, trace=300149, class=java.lang.Class$ReflectionData@500000c4)
OBJ 50000c52 (sz=40, trace=300040, class=java.lang.ref.SoftReference@50000165)
OBJ 50000c53 (sz=80, trace=300150, class=java.lang.reflect.Constructor@50000151)
OBJ 50000c54 (sz=24, trace=300434, class=java.lang.Class$1@500000ae)
OBJ 50000c55 (sz=24, trace=300152, class=sun.reflect.NativeConstructorAccessorImpl@500000ac)
OBJ 50000c56 (sz=16, trace=300153, class=sun.reflect.DelegatingConstructorAccessorImpl@500000ab)
OBJ 50000c57 (sz=40, trace=300616, class=sun.launcher.resources.launcher_zh_CN@50000c4f)
	parent		50000a2d
	locale		500021a9
	name		50001e40
	cacheKey	500038b4
	lookup		50000d3a
OBJ 50000c58 (sz=32, trace=300427, class=java.util.ResourceBundle$LoaderReference@500009dd)
	referent	500009bb
	queue		500003c3
	cacheKey	500038b4
OBJ 50000c59 (sz=48, trace=300437, class=java.util.ResourceBundle$BundleReference@50000a2f)
	referent	50000c57
	queue		500003c3
	cacheKey	500038b4
OBJ 50000c5a (sz=32, trace=300439, class=java.util.concurrent.ConcurrentHashMap$Node@50000023)
	key		500038b4
	val		50000c59
OBJ 50000c5b (sz=32, trace=300427, class=java.util.ResourceBundle$LoaderReference@500009dd)
OBJ 50000c5c (sz=24, trace=300440, class=java.lang.StringBuilder@50000135)
ARR 50000c5d (sz=112, trace=300441, nelems=0, elem type=char[])
OBJ 50000c5e (sz=24, trace=300442, class=java.lang.String@50000181)
	value		50000c5f
ARR 50000c5f (sz=78, trace=300443, nelems=39, elem type=char[])
OBJ 50000c60 (sz=16, trace=300428, class=java.lang.Object@50000185)
OBJ 50000c61 (sz=32, trace=300617, class=java.util.concurrent.ConcurrentHashMap$Node@50000023)
	key		50000c5e
	val		50000c60
	next		50000cc6
OBJ 50000c62 (sz=16, trace=300431, class=java.lang.Object@50000185)
OBJ 50000c63 (sz=32, trace=300617, class=java.util.concurrent.ConcurrentHashMap$Node@50000023)
OBJ 50000c64 (sz=24, trace=300445, class=java.net.URLClassLoader$1@50000a3c)
ARR 50000c65 (sz=96, trace=300446, nelems=0, elem type=char[])
OBJ 50000c66 (sz=24, trace=300447, class=java.lang.String@50000181)
ARR 50000c67 (sz=112, trace=300448, nelems=0, elem type=char[])
OBJ 50000c68 (sz=24, trace=300449, class=java.lang.String@50000181)
OBJ 50000c69 (sz=40, trace=300450, class=java.lang.ClassNotFoundException@5000016f)
OBJ 50000c6a (sz=24, trace=300451, class=java.net.URLClassLoader$1@50000a3c)
ARR 50000c6b (sz=96, trace=300446, nelems=0, elem type=char[])
OBJ 50000c6c (sz=24, trace=300447, class=java.lang.String@50000181)
ARR 50000c6d (sz=112, trace=300448, nelems=0, elem type=char[])
OBJ 50000c6e (sz=24, trace=300449, class=java.lang.String@50000181)
OBJ 50000c6f (sz=64, trace=300458, class=java.net.URL@5000012d)
OBJ 50000c70 (sz=24, trace=300459, class=java.lang.StringBuilder@50000135)
ARR 50000c71 (sz=48, trace=300460, nelems=0, elem type=char[])
ARR 50000c72 (sz=152, trace=300010, nelems=0, elem type=char[])
ARR 50000c73 (sz=288, trace=300010, nelems=0, elem type=char[])
OBJ 50000c74 (sz=24, trace=300461, class=java.lang.String@50000181)
ARR 50000c75 (sz=152, trace=300462, nelems=0, elem type=char[])
OBJ 50000c76 (sz=24, trace=300463, class=java.lang.String@50000181)
ARR 50000c77 (sz=152, trace=300464, nelems=0, elem type=char[])
ARR 50000c78 (sz=232, trace=300465, nelems=0, elem type=char[])
ARR 50000c79 (sz=112, trace=300466, nelems=0, elem type=char[])
OBJ 50000c7a (sz=24, trace=300467, class=java.lang.String@50000181)
ARR 50000c7b (sz=112, trace=300468, nelems=0, elem type=char[])
OBJ 50000c7c (sz=64, trace=300469, class=java.net.URL@5000012d)
OBJ 50000c7d (sz=24, trace=300459, class=java.lang.StringBuilder@50000135)
ARR 50000c7e (sz=48, trace=300460, nelems=0, elem type=char[])
ARR 50000c7f (sz=152, trace=300010, nelems=0, elem type=char[])
ARR 50000c80 (sz=288, trace=300010, nelems=0, elem type=char[])
OBJ 50000c81 (sz=24, trace=300461, class=java.lang.String@50000181)
ARR 50000c82 (sz=240, trace=300462, nelems=0, elem type=char[])
ARR 50000c83 (sz=112, trace=300470, nelems=0, elem type=char[])
OBJ 50000c84 (sz=24, trace=300471, class=java.lang.String@50000181)
OBJ 50000c85 (sz=32, trace=300472, class=java.io.File@5000012f)
ARR 50000c86 (sz=240, trace=300473, nelems=0, elem type=char[])
OBJ 50000c87 (sz=24, trace=300474, class=java.lang.String@50000181)
ARR 50000c88 (sz=240, trace=300217, nelems=0, elem type=char[])
ARR 50000c89 (sz=112, trace=300527, nelems=0, elem type=char[])
ARR 50000c8a (sz=152, trace=300528, nelems=0, elem type=byte[])
ARR 50000c8b (sz=64, trace=300529, nelems=0, elem type=byte[])
ARR 50000c8c (sz=112, trace=300527, nelems=0, elem type=char[])
ARR 50000c8d (sz=152, trace=300528, nelems=0, elem type=byte[])
ARR 50000c8e (sz=64, trace=300529, nelems=0, elem type=byte[])
OBJ 50000c8f (sz=40, trace=300450, class=java.lang.ClassNotFoundException@5000016f)
OBJ 50000c90 (sz=24, trace=300440, class=java.lang.StringBuilder@50000135)
ARR 50000c91 (sz=112, trace=300441, nelems=0, elem type=char[])
OBJ 50000c92 (sz=24, trace=300442, class=java.lang.String@50000181)
ARR 50000c93 (sz=96, trace=300443, nelems=0, elem type=char[])
OBJ 50000c94 (sz=24, trace=300596, class=java.lang.StringBuilder@50000135)
ARR 50000c95 (sz=120, trace=300597, nelems=0, elem type=char[])
ARR 50000c96 (sz=96, trace=300598, nelems=0, elem type=char[])
OBJ 50000c97 (sz=24, trace=300599, class=java.lang.String@50000181)
OBJ 50000c98 (sz=24, trace=300600, class=java.lang.String@50000181)
ARR 50000c99 (sz=120, trace=300601, nelems=0, elem type=char[])
OBJ 50000c9a (sz=32, trace=300603, class=java.util.ResourceBundle$Control$1@50000c1e)
OBJ 50000c9b (sz=24, trace=300605, class=java.net.URLClassLoader$2@50000c20)
OBJ 50000c9c (sz=24, trace=300606, class=java.net.URLClassLoader$2@50000c20)
OBJ 50000c9d (sz=64, trace=300607, class=java.net.URL@5000012d)
OBJ 50000c9e (sz=24, trace=300459, class=java.lang.StringBuilder@50000135)
ARR 50000c9f (sz=48, trace=300460, nelems=0, elem type=char[])
ARR 50000ca0 (sz=152, trace=300010, nelems=0, elem type=char[])
ARR 50000ca1 (sz=288, trace=300010, nelems=0, elem type=char[])
OBJ 50000ca2 (sz=24, trace=300461, class=java.lang.String@50000181)
ARR 50000ca3 (sz=152, trace=300462, nelems=0, elem type=char[])
OBJ 50000ca4 (sz=24, trace=300463, class=java.lang.String@50000181)
ARR 50000ca5 (sz=152, trace=300464, nelems=0, elem type=char[])
ARR 50000ca6 (sz=248, trace=300608, nelems=0, elem type=char[])
ARR 50000ca7 (sz=120, trace=300609, nelems=0, elem type=char[])
OBJ 50000ca8 (sz=24, trace=300610, class=java.lang.String@50000181)
ARR 50000ca9 (sz=120, trace=300468, nelems=0, elem type=char[])
OBJ 50000caa (sz=64, trace=300611, class=java.net.URL@5000012d)
OBJ 50000cab (sz=24, trace=300459, class=java.lang.StringBuilder@50000135)
ARR 50000cac (sz=48, trace=300460, nelems=0, elem type=char[])
ARR 50000cad (sz=152, trace=300010, nelems=0, elem type=char[])
ARR 50000cae (sz=288, trace=300010, nelems=0, elem type=char[])
OBJ 50000caf (sz=24, trace=300461, class=java.lang.String@50000181)
ARR 50000cb0 (sz=248, trace=300462, nelems=0, elem type=char[])
ARR 50000cb1 (sz=120, trace=300612, nelems=0, elem type=char[])
OBJ 50000cb2 (sz=24, trace=300613, class=java.lang.String@50000181)
OBJ 50000cb3 (sz=32, trace=300614, class=java.io.File@5000012f)
ARR 50000cb4 (sz=248, trace=300615, nelems=0, elem type=char[])
OBJ 50000cb5 (sz=24, trace=300474, class=java.lang.String@50000181)
ARR 50000cb6 (sz=248, trace=300217, nelems=0, elem type=char[])
ARR 50000cb7 (sz=120, trace=300527, nelems=0, elem type=char[])
ARR 50000cb8 (sz=168, trace=300528, nelems=0, elem type=byte[])
ARR 50000cb9 (sz=72, trace=300529, nelems=0, elem type=byte[])
ARR 50000cba (sz=120, trace=300527, nelems=0, elem type=char[])
ARR 50000cbb (sz=168, trace=300528, nelems=0, elem type=byte[])
ARR 50000cbc (sz=72, trace=300529, nelems=0, elem type=byte[])
OBJ 50000cbd (sz=32, trace=300427, class=java.util.ResourceBundle$LoaderReference@500009dd)
	referent	500009bb
	queue		500003c3
	cacheKey	500038b2
OBJ 50000cbe (sz=48, trace=300437, class=java.util.ResourceBundle$BundleReference@50000a2f)
	referent	500003c1
	queue		500003c3
	cacheKey	500038b2
OBJ 50000cbf (sz=32, trace=300439, class=java.util.concurrent.ConcurrentHashMap$Node@50000023)
	key		500038b2
	val		50000cbe
OBJ 50000cc0 (sz=32, trace=300427, class=java.util.ResourceBundle$LoaderReference@500009dd)
OBJ 50000cc1 (sz=24, trace=300440, class=java.lang.StringBuilder@50000135)
ARR 50000cc2 (sz=112, trace=300441, nelems=0, elem type=char[])
OBJ 50000cc3 (sz=24, trace=300442, class=java.lang.String@50000181)
	value		50000cc4
ARR 50000cc4 (sz=84, trace=300443, nelems=42, elem type=char[])
OBJ 50000cc5 (sz=16, trace=300428, class=java.lang.Object@50000185)
OBJ 50000cc6 (sz=32, trace=300617, class=java.util.concurrent.ConcurrentHashMap$Node@50000023)
	key		50000cc3
	val		50000cc5
	next		5000102d
OBJ 50000cc7 (sz=16, trace=300431, class=java.lang.Object@50000185)
OBJ 50000cc8 (sz=32, trace=300617, class=java.util.concurrent.ConcurrentHashMap$Node@50000023)
	key		50000cc3
	val		50000cc7
	next		5000102f
OBJ 50000cc9 (sz=24, trace=300445, class=java.net.URLClassLoader$1@50000a3c)
ARR 50000cca (sz=104, trace=300446, nelems=0, elem type=char[])
OBJ 50000ccb (sz=24, trace=300447, class=java.lang.String@50000181)
ARR 50000ccc (sz=112, trace=300448, nelems=0, elem type=char[])
OBJ 50000ccd (sz=24, trace=300449, class=java.lang.String@50000181)
OBJ 50000cce (sz=40, trace=300450, class=java.lang.ClassNotFoundException@5000016f)
OBJ 50000ccf (sz=24, trace=300451, class=java.net.URLClassLoader$1@50000a3c)
ARR 50000cd0 (sz=104, trace=300446, nelems=0, elem type=char[])
OBJ 50000cd1 (sz=24, trace=300447, class=java.lang.String@50000181)
ARR 50000cd2 (sz=112, trace=300448, nelems=0, elem type=char[])
OBJ 50000cd3 (sz=24, trace=300449, class=java.lang.String@50000181)
OBJ 50000cd4 (sz=64, trace=300458, class=java.net.URL@5000012d)
OBJ 50000cd5 (sz=24, trace=300459, class=java.lang.StringBuilder@50000135)
ARR 50000cd6 (sz=48, trace=300460, nelems=0, elem type=char[])
ARR 50000cd7 (sz=152, trace=300010, nelems=0, elem type=char[])
ARR 50000cd8 (sz=288, trace=300010, nelems=0, elem type=char[])
OBJ 50000cd9 (sz=24, trace=300461, class=java.lang.String@50000181)
ARR 50000cda (sz=152, trace=300462, nelems=0, elem type=char[])
OBJ 50000cdb (sz=24, trace=300463, class=java.lang.String@50000181)
ARR 50000cdc (sz=152, trace=300464, nelems=0, elem type=char[])
ARR 50000cdd (sz=240, trace=300465, nelems=0, elem type=char[])
ARR 50000cde (sz=112, trace=300466, nelems=0, elem type=char[])
OBJ 50000cdf (sz=24, trace=300467, class=java.lang.String@50000181)
ARR 50000ce0 (sz=112, trace=300468, nelems=0, elem type=char[])
OBJ 50000ce1 (sz=64, trace=300469, class=java.net.URL@5000012d)
OBJ 50000ce2 (sz=24, trace=300459, class=java.lang.StringBuilder@50000135)
ARR 50000ce3 (sz=48, trace=300460, nelems=0, elem type=char[])
ARR 50000ce4 (sz=152, trace=300010, nelems=0, elem type=char[])
ARR 50000ce5 (sz=288, trace=300010, nelems=0, elem type=char[])
OBJ 50000ce6 (sz=24, trace=300461, class=java.lang.String@50000181)
ARR 50000ce7 (sz=248, trace=300462, nelems=0, elem type=char[])
ARR 50000ce8 (sz=112, trace=300470, nelems=0, elem type=char[])
OBJ 50000ce9 (sz=24, trace=300471, class=java.lang.String@50000181)
OBJ 50000cea (sz=32, trace=300472, class=java.io.File@5000012f)
ARR 50000ceb (sz=248, trace=300473, nelems=0, elem type=char[])
OBJ 50000cec (sz=24, trace=300474, class=java.lang.String@50000181)
ARR 50000ced (sz=248, trace=300217, nelems=0, elem type=char[])
ARR 50000cee (sz=112, trace=300527, nelems=0, elem type=char[])
ARR 50000cef (sz=160, trace=300528, nelems=0, elem type=byte[])
ARR 50000cf0 (sz=64, trace=300529, nelems=0, elem type=byte[])
ARR 50000cf1 (sz=112, trace=300527, nelems=0, elem type=char[])
ARR 50000cf2 (sz=160, trace=300528, nelems=0, elem type=byte[])
ARR 50000cf3 (sz=64, trace=300529, nelems=0, elem type=byte[])
OBJ 50000cf4 (sz=40, trace=300450, class=java.lang.ClassNotFoundException@5000016f)
OBJ 50000cf5 (sz=24, trace=300440, class=java.lang.StringBuilder@50000135)
ARR 50000cf6 (sz=112, trace=300441, nelems=0, elem type=char[])
OBJ 50000cf7 (sz=24, trace=300442, class=java.lang.String@50000181)
ARR 50000cf8 (sz=104, trace=300443, nelems=0, elem type=char[])
OBJ 50000cf9 (sz=24, trace=300596, class=java.lang.StringBuilder@50000135)
ARR 50000cfa (sz=128, trace=300597, nelems=0, elem type=char[])
ARR 50000cfb (sz=104, trace=300598, nelems=0, elem type=char[])
OBJ 50000cfc (sz=24, trace=300599, class=java.lang.String@50000181)
OBJ 50000cfd (sz=24, trace=300600, class=java.lang.String@50000181)
ARR 50000cfe (sz=128, trace=300601, nelems=0, elem type=char[])
OBJ 50000cff (sz=32, trace=300603, class=java.util.ResourceBundle$Control$1@50000c1e)
OBJ 50000d00 (sz=24, trace=300605, class=java.net.URLClassLoader$2@50000c20)
OBJ 50000d01 (sz=24, trace=300606, class=java.net.URLClassLoader$2@50000c20)
OBJ 50000d02 (sz=64, trace=300607, class=java.net.URL@5000012d)
OBJ 50000d03 (sz=24, trace=300459, class=java.lang.StringBuilder@50000135)
ARR 50000d04 (sz=48, trace=300460, nelems=0, elem type=char[])
ARR 50000d05 (sz=152, trace=300010, nelems=0, elem type=char[])
ARR 50000d06 (sz=288, trace=300010, nelems=0, elem type=char[])
OBJ 50000d07 (sz=24, trace=300461, class=java.lang.String@50000181)
ARR 50000d08 (sz=152, trace=300462, nelems=0, elem type=char[])
OBJ 50000d09 (sz=24, trace=300463, class=java.lang.String@50000181)
ARR 50000d0a (sz=152, trace=300464, nelems=0, elem type=char[])
ARR 50000d0b (sz=264, trace=300608, nelems=0, elem type=char[])
ARR 50000d0c (sz=128, trace=300609, nelems=0, elem type=char[])
OBJ 50000d0d (sz=24, trace=300610, class=java.lang.String@50000181)
ARR 50000d0e (sz=128, trace=300468, nelems=0, elem type=char[])
OBJ 50000d0f (sz=64, trace=300611, class=java.net.URL@5000012d)
OBJ 50000d10 (sz=24, trace=300459, class=java.lang.StringBuilder@50000135)
ARR 50000d11 (sz=48, trace=300460, nelems=0, elem type=char[])
ARR 50000d12 (sz=152, trace=300010, nelems=0, elem type=char[])
ARR 50000d13 (sz=288, trace=300010, nelems=0, elem type=char[])
OBJ 50000d14 (sz=24, trace=300461, class=java.lang.String@50000181)
ARR 50000d15 (sz=256, trace=300462, nelems=0, elem type=char[])
ARR 50000d16 (sz=128, trace=300612, nelems=0, elem type=char[])
OBJ 50000d17 (sz=24, trace=300613, class=java.lang.String@50000181)
OBJ 50000d18 (sz=32, trace=300614, class=java.io.File@5000012f)
ARR 50000d19 (sz=256, trace=300615, nelems=0, elem type=char[])
OBJ 50000d1a (sz=24, trace=300474, class=java.lang.String@50000181)
ARR 50000d1b (sz=256, trace=300217, nelems=0, elem type=char[])
ARR 50000d1c (sz=128, trace=300527, nelems=0, elem type=char[])
ARR 50000d1d (sz=176, trace=300528, nelems=0, elem type=byte[])
ARR 50000d1e (sz=72, trace=300529, nelems=0, elem type=byte[])
ARR 50000d1f (sz=128, trace=300527, nelems=0, elem type=char[])
ARR 50000d20 (sz=176, trace=300528, nelems=0, elem type=byte[])
ARR 50000d21 (sz=72, trace=300529, nelems=0, elem type=byte[])
OBJ 50000d22 (sz=32, trace=300427, class=java.util.ResourceBundle$LoaderReference@500009dd)
	referent	500009bb
	queue		500003c3
	cacheKey	5000211a
OBJ 50000d23 (sz=48, trace=300437, class=java.util.ResourceBundle$BundleReference@50000a2f)
	referent	500003c1
	queue		500003c3
	cacheKey	5000211a
OBJ 50000d24 (sz=32, trace=300439, class=java.util.concurrent.ConcurrentHashMap$Node@50000023)
	key		5000211a
	val		50000d23
ARR 50000d26 (sz=96, trace=300618, nelems=0, elem type=java.lang.Object[][]@50000d25)
ARR 50000d27 (sz=24, trace=300619, nelems=0, elem type=java.lang.Object[]@5000011c)
ARR 50000d28 (sz=24, trace=300620, nelems=0, elem type=java.lang.Object[]@5000011c)
ARR 50000d29 (sz=24, trace=300621, nelems=0, elem type=java.lang.Object[]@5000011c)
ARR 50000d2a (sz=24, trace=300622, nelems=0, elem type=java.lang.Object[]@5000011c)
ARR 50000d2b (sz=24, trace=300623, nelems=0, elem type=java.lang.Object[]@5000011c)
ARR 50000d2c (sz=24, trace=300624, nelems=0, elem type=java.lang.Object[]@5000011c)
ARR 50000d2d (sz=24, trace=300625, nelems=0, elem type=java.lang.Object[]@5000011c)
ARR 50000d2e (sz=24, trace=300626, nelems=0, elem type=java.lang.Object[]@5000011c)
ARR 50000d2f (sz=24, trace=300627, nelems=0, elem type=java.lang.Object[]@5000011c)
ARR 50000d30 (sz=24, trace=300628, nelems=0, elem type=java.lang.Object[]@5000011c)
ARR 50000d31 (sz=24, trace=300629, nelems=0, elem type=java.lang.Object[]@5000011c)
ARR 50000d32 (sz=24, trace=300630, nelems=0, elem type=java.lang.Object[]@5000011c)
ARR 50000d33 (sz=24, trace=300631, nelems=0, elem type=java.lang.Object[]@5000011c)
ARR 50000d34 (sz=24, trace=300632, nelems=0, elem type=java.lang.Object[]@5000011c)
ARR 50000d35 (sz=24, trace=300633, nelems=0, elem type=java.lang.Object[]@5000011c)
ARR 50000d36 (sz=24, trace=300634, nelems=0, elem type=java.lang.Object[]@5000011c)
ARR 50000d37 (sz=24, trace=300635, nelems=0, elem type=java.lang.Object[]@5000011c)
ARR 50000d38 (sz=24, trace=300636, nelems=0, elem type=java.lang.Object[]@5000011c)
ARR 50000d39 (sz=24, trace=300637, nelems=0, elem type=java.lang.Object[]@5000011c)
OBJ 50000d3a (sz=48, trace=300638, class=java.util.HashMap@500000d9)
	table		50000d3b
ARR 50000d3b (sz=144, trace=300639, nelems=32, elem type=java.util.HashMap$Node[]@500000d5)
	[0]		50000d3e
	[1]		50000d46
	[5]		50000d4b
	[11]		50000d3d
	[12]		50000d43
	[13]		50000d3c
	[15]		50000d44
	[23]		50000d49
	[25]		50000d4c
	[26]		50000d4a
	[28]		50000d42
	[29]		50000d41
	[30]		50000d40
	[31]		50000d3f
OBJ 50000d3c (sz=32, trace=300080, class=java.util.HashMap$Node@500000d7)
	key		500038de
	value		500038dd
OBJ 50000d3d (sz=32, trace=300080, class=java.util.HashMap$Node@500000d7)
	key		500038e6
	value		500038e5
	next		50000d45
OBJ 50000d3e (sz=32, trace=300080, class=java.util.HashMap$Node@500000d7)
	key		500038fa
	value		500038f9
	next		50000d47
OBJ 50000d3f (sz=32, trace=300080, class=java.util.HashMap$Node@500000d7)
	key		500038b6
	value		500038b5
	next		50000d48
OBJ 50000d40 (sz=32, trace=300080, class=java.util.HashMap$Node@500000d7)
	key		500038be
	value		500038bd
OBJ 50000d41 (sz=32, trace=300080, class=java.util.HashMap$Node@500000d7)
	key		500038c2
	value		500038c1
OBJ 50000d42 (sz=32, trace=300080, class=java.util.HashMap$Node@500000d7)
	key		500038c6
	value		500038c5
OBJ 50000d43 (sz=32, trace=300080, class=java.util.HashMap$Node@500000d7)
	key		500038e2
	value		500038e1
OBJ 50000d44 (sz=32, trace=300080, class=java.util.HashMap$Node@500000d7)
	key		500038da
	value		500038d9
OBJ 50000d45 (sz=32, trace=300081, class=java.util.HashMap$Node@500000d7)
	key		500038ea
	value		500038e9
	next		50000d4d
OBJ 50000d46 (sz=32, trace=300080, class=java.util.HashMap$Node@500000d7)
	key		500038f6
	value		500038f5
OBJ 50000d47 (sz=32, trace=300081, class=java.util.HashMap$Node@500000d7)
	key		500038fe
	value		500038fd
OBJ 50000d48 (sz=32, trace=300081, class=java.util.HashMap$Node@500000d7)
	key		500038ba
	value		500038b9
OBJ 50000d49 (sz=32, trace=300080, class=java.util.HashMap$Node@500000d7)
	key		500038d2
	value		500038d1
	next		50000d4e
OBJ 50000d4a (sz=32, trace=300080, class=java.util.HashMap$Node@500000d7)
	key		500038ca
	value		500038c9
OBJ 50000d4b (sz=32, trace=300080, class=java.util.HashMap$Node@500000d7)
	key		500038f2
	value		500038f1
OBJ 50000d4c (sz=32, trace=300080, class=java.util.HashMap$Node@500000d7)
	key		500038ce
	value		500038cd
OBJ 50000d4d (sz=32, trace=300081, class=java.util.HashMap$Node@500000d7)
	key		500038ee
	value		500038ed
OBJ 50000d4e (sz=32, trace=300081, class=java.util.HashMap$Node@500000d7)
	key		500038d6
	value		500038d5
ARR 50000d51 (sz=40, trace=300641, nelems=5, elem type=java.lang.String[]@500000db)
	[0]		50001c1a
	[1]		50003b20
	[2]		50003b1c
	[3]		50003b22
	[4]		50003b1a
ARR 50000d52 (sz=32, trace=300642, nelems=4, elem type=java.lang.String[]@500000db)
	[0]		50001c1a
	[1]		50003b1b
	[2]		50003b21
	[3]		50003b1e
ARR 50000d53 (sz=40, trace=300643, nelems=5, elem type=java.lang.String[]@500000db)
	[0]		50001c1a
	[1]		50001f60
	[2]		50003b1f
	[3]		50001e54
	[4]		50003b1d
ARR 50000d54 (sz=20, trace=300644, nelems=5, elem type=int[])
OBJ 50000d55 (sz=40, trace=300645, class=java.text.MessageFormat@50000d50)
ARR 50000d57 (sz=56, trace=300646, nelems=0, elem type=java.text.Format[]@50000d56)
ARR 50000d58 (sz=56, trace=300647, nelems=0, elem type=int[])
ARR 50000d59 (sz=56, trace=300648, nelems=0, elem type=int[])
OBJ 50000d5b (sz=40, trace=300650, class=java.util.Locale$Category@50000d5a)
	name		5000229e
	languageKey	500022a2
	scriptKey	500022a4
	countryKey	500022a0
	variantKey	500022a6
OBJ 50000d5c (sz=40, trace=300651, class=java.util.Locale$Category@50000d5a)
	name		5000229f
	languageKey	500022a3
	scriptKey	500022a5
	countryKey	500022a1
	variantKey	500022a7
ARR 50000d5e (sz=24, trace=300652, nelems=2, elem type=java.util.Locale$Category[]@50000d5d)
	[0]		50000d5b
	[1]		50000d5c
ARR 50000d60 (sz=8, trace=300654, nelems=2, elem type=int[])
OBJ 50000d61 (sz=24, trace=300655, class=sun.security.action.GetPropertyAction@50000064)
OBJ 50000d62 (sz=24, trace=300656, class=sun.security.action.GetPropertyAction@50000064)
OBJ 50000d63 (sz=24, trace=300657, class=sun.security.action.GetPropertyAction@50000064)
OBJ 50000d64 (sz=24, trace=300658, class=sun.security.action.GetPropertyAction@50000064)
OBJ 50000d65 (sz=40, trace=300406, class=sun.util.locale.BaseLocale$Key@50000019)
OBJ 50000d66 (sz=40, trace=300407, class=java.lang.ref.SoftReference@50000165)
OBJ 50000d67 (sz=40, trace=300408, class=java.lang.ref.SoftReference@50000165)
OBJ 50000d68 (sz=40, trace=300409, class=java.lang.ref.SoftReference@50000165)
OBJ 50000d69 (sz=40, trace=300410, class=java.lang.ref.SoftReference@50000165)
OBJ 50000d6a (sz=24, trace=300415, class=java.util.Locale$LocaleKey@50000017)
ARR 50000d6c (sz=32, trace=300659, nelems=0, elem type=java.lang.StringBuilder[]@50000d6b)
OBJ 50000d6d (sz=24, trace=300660, class=java.lang.StringBuilder@50000135)
ARR 50000d6e (sz=48, trace=300661, nelems=0, elem type=char[])
OBJ 50000d6f (sz=24, trace=300662, class=java.lang.StringBuilder@50000135)
ARR 50000d70 (sz=48, trace=300663, nelems=0, elem type=char[])
ARR 50000d71 (sz=32, trace=300664, nelems=0, elem type=java.lang.String[]@500000db)
OBJ 50000d72 (sz=24, trace=300665, class=java.lang.String@50000181)
ARR 50000d73 (sz=24, trace=300666, nelems=0, elem type=char[])
OBJ 50000d74 (sz=24, trace=300665, class=java.lang.String@50000181)
ARR 50000d75 (sz=24, trace=300666, nelems=0, elem type=char[])
ARR 50000d76 (sz=88, trace=300270, nelems=0, elem type=char[])
ARR 50000d77 (sz=160, trace=300270, nelems=0, elem type=char[])
OBJ 50000d78 (sz=24, trace=300662, class=java.lang.StringBuilder@50000135)
ARR 50000d79 (sz=48, trace=300663, nelems=0, elem type=char[])
ARR 50000d7a (sz=32, trace=300664, nelems=0, elem type=java.lang.String[]@500000db)
OBJ 50000d7b (sz=24, trace=300665, class=java.lang.String@50000181)
ARR 50000d7c (sz=128, trace=300666, nelems=0, elem type=char[])
OBJ 50000d7d (sz=24, trace=300665, class=java.lang.String@50000181)
ARR 50000d7e (sz=24, trace=300666, nelems=0, elem type=char[])
ARR 50000d7f (sz=304, trace=300270, nelems=0, elem type=char[])
OBJ 50000d80 (sz=24, trace=300667, class=java.lang.String@50000181)
ARR 50000d81 (sz=264, trace=300668, nelems=0, elem type=char[])
OBJ 50000d82 (sz=24, trace=300669, class=java.lang.StringBuffer@50000136)
ARR 50000d83 (sz=48, trace=300670, nelems=0, elem type=char[])
OBJ 50000d85 (sz=32, trace=300672, class=java.text.FieldPosition@50000d84)
OBJ 50000d86 (sz=24, trace=300673, class=java.lang.String@50000181)
ARR 50000d87 (sz=24, trace=300674, nelems=0, elem type=char[])
OBJ 50000d8c (sz=48, trace=300677, class=java.util.HashMap@500000d9)
	table		50000d8e
OBJ 50000d8d (sz=16, trace=300678, class=java.text.AttributedCharacterIterator$Attribute@50000d89)
	name		5000219b
ARR 50000d8e (sz=48, trace=300679, nelems=3, elem type=java.util.HashMap$Node[]@500000d5)
	[1]		50000d91
	[2]		50000d8f
OBJ 50000d8f (sz=32, trace=300080, class=java.util.HashMap$Node@500000d7)
	key		5000219b
	value		50000d8d
	next		50000d93
OBJ 50000d90 (sz=16, trace=300680, class=java.text.AttributedCharacterIterator$Attribute@50000d89)
	name		50003b80
OBJ 50000d91 (sz=32, trace=300080, class=java.util.HashMap$Node@500000d7)
	key		50003b80
	value		50000d90
OBJ 50000d92 (sz=16, trace=300681, class=java.text.AttributedCharacterIterator$Attribute@50000d89)
	name		50003b7f
OBJ 50000d93 (sz=32, trace=300081, class=java.util.HashMap$Node@500000d7)
	key		50003b7f
	value		50000d92
OBJ 50000d94 (sz=16, trace=300682, class=java.text.MessageFormat$Field@50000d8b)
	name		50003bbe
OBJ 50000d95 (sz=24, trace=300673, class=java.lang.String@50000181)
ARR 50000d96 (sz=120, trace=300674, nelems=0, elem type=char[])
ARR 50000d97 (sz=136, trace=300683, nelems=0, elem type=char[])
ARR 50000d98 (sz=256, trace=300683, nelems=0, elem type=char[])
OBJ 50000d99 (sz=24, trace=300684, class=java.lang.String@50000181)
ARR 50000d9a (sz=152, trace=300685, nelems=0, elem type=char[])
ARR 50000d9b (sz=504, trace=300683, nelems=0, elem type=char[])
ARR 50000d9c (sz=280, trace=300686, nelems=0, elem type=char[])
OBJ 50000d9d (sz=24, trace=300687, class=java.lang.String@50000181)
ARR 50000d9e (sz=280, trace=300010, nelems=0, elem type=char[])
ARR 50000d9f (sz=24, trace=300688, nelems=0, elem type=java.lang.Object[]@5000011c)
OBJ 50000da0 (sz=40, trace=300645, class=java.text.MessageFormat@50000d50)
ARR 50000da1 (sz=56, trace=300689, nelems=0, elem type=java.text.Format[]@50000d56)
ARR 50000da2 (sz=56, trace=300690, nelems=0, elem type=int[])
ARR 50000da3 (sz=56, trace=300691, nelems=0, elem type=int[])
ARR 50000da4 (sz=32, trace=300659, nelems=0, elem type=java.lang.StringBuilder[]@50000d6b)
OBJ 50000da5 (sz=24, trace=300660, class=java.lang.StringBuilder@50000135)
ARR 50000da6 (sz=48, trace=300661, nelems=0, elem type=char[])
OBJ 50000da7 (sz=24, trace=300662, class=java.lang.StringBuilder@50000135)
ARR 50000da8 (sz=48, trace=300663, nelems=0, elem type=char[])
ARR 50000da9 (sz=32, trace=300664, nelems=0, elem type=java.lang.String[]@500000db)
OBJ 50000daa (sz=24, trace=300665, class=java.lang.String@50000181)
ARR 50000dab (sz=32, trace=300666, nelems=0, elem type=char[])
OBJ 50000dac (sz=24, trace=300665, class=java.lang.String@50000181)
ARR 50000dad (sz=24, trace=300666, nelems=0, elem type=char[])
OBJ 50000dae (sz=24, trace=300662, class=java.lang.StringBuilder@50000135)
ARR 50000daf (sz=48, trace=300663, nelems=0, elem type=char[])
ARR 50000db0 (sz=32, trace=300664, nelems=0, elem type=java.lang.String[]@500000db)
OBJ 50000db1 (sz=24, trace=300665, class=java.lang.String@50000181)
ARR 50000db2 (sz=40, trace=300666, nelems=0, elem type=char[])
OBJ 50000db3 (sz=24, trace=300665, class=java.lang.String@50000181)
ARR 50000db4 (sz=24, trace=300666, nelems=0, elem type=char[])
ARR 50000db5 (sz=88, trace=300270, nelems=0, elem type=char[])
OBJ 50000db6 (sz=24, trace=300667, class=java.lang.String@50000181)
ARR 50000db7 (sz=72, trace=300668, nelems=0, elem type=char[])
OBJ 50000db8 (sz=24, trace=300669, class=java.lang.StringBuffer@50000136)
ARR 50000db9 (sz=48, trace=300670, nelems=0, elem type=char[])
OBJ 50000dba (sz=32, trace=300672, class=java.text.FieldPosition@50000d84)
OBJ 50000dbb (sz=24, trace=300673, class=java.lang.String@50000181)
ARR 50000dbc (sz=32, trace=300674, nelems=0, elem type=char[])
OBJ 50000dc3 (sz=72, trace=300696, class=sun.util.locale.provider.JRELocaleProviderAdapter@50000dc2)
	langtagSets	50000dc4
	localeResourcesMap	50000dc5
	localeData	50000ffc
	decimalFormatSymbolsProvider	500013dc
	numberFormatProvider	50000fa4
	currencyNameProvider	50001705
OBJ 50000dc4 (sz=64, trace=300697, class=java.util.concurrent.ConcurrentHashMap@5000002a)
	table		50000fa2
OBJ 50000dc5 (sz=64, trace=300698, class=java.util.concurrent.ConcurrentHashMap@5000002a)
	table		50000ffd
OBJ 50000dc9 (sz=16, trace=300701, class=sun.util.locale.provider.AuxLocaleProviderAdapter$NullProvider@50000dc8)
OBJ 50000dca (sz=16, trace=300702, class=sun.util.locale.provider.SPILocaleProviderAdapter@50000dc7)
	providersMap	50000dcb
OBJ 50000dcb (sz=64, trace=300703, class=java.util.concurrent.ConcurrentHashMap@5000002a)
	table		5000171d
OBJ 50000dcc (sz=64, trace=300704, class=java.util.concurrent.ConcurrentHashMap@5000002a)
	table		50000dda
OBJ 50000dcd (sz=24, trace=300705, class=sun.security.action.GetPropertyAction@50000064)
OBJ 50000dce (sz=24, trace=300706, class=java.util.ArrayList@500000f1)
	elementData	50000dd7
OBJ 50000dd0 (sz=32, trace=300708, class=sun.util.locale.provider.LocaleProviderAdapter$Type@50000dcf)
	name		50003b35
	UTIL_RESOURCES_PACKAGE	50003b38
	TEXT_RESOURCES_PACKAGE	50003b36
OBJ 50000dd1 (sz=32, trace=300709, class=sun.util.locale.provider.LocaleProviderAdapter$Type@50000dcf)
	name		50003b32
	UTIL_RESOURCES_PACKAGE	50003b39
	TEXT_RESOURCES_PACKAGE	50003b37
OBJ 50000dd2 (sz=32, trace=300710, class=sun.util.locale.provider.LocaleProviderAdapter$Type@50000dcf)
	name		50003b30
OBJ 50000dd3 (sz=32, trace=300711, class=sun.util.locale.provider.LocaleProviderAdapter$Type@50000dcf)
	name		50003b34
OBJ 50000dd4 (sz=32, trace=300712, class=sun.util.locale.provider.LocaleProviderAdapter$Type@50000dcf)
	name		50003b33
	UTIL_RESOURCES_PACKAGE	50003b38
	TEXT_RESOURCES_PACKAGE	50003b36
ARR 50000dd6 (sz=40, trace=300713, nelems=5, elem type=sun.util.locale.provider.LocaleProviderAdapter$Type[]@50000dd5)
	[0]		50000dd0
	[1]		50000dd1
	[2]		50000dd2
	[3]		50000dd3
	[4]		50000dd4
ARR 50000dd7 (sz=56, trace=300238, nelems=2, elem type=java.lang.Object[]@5000011c)
	[0]		50000dd0
	[1]		50000dd2
OBJ 50000dd8 (sz=24, trace=300391, class=java.util.Collections$UnmodifiableRandomAccessList@500000e7)
	c		50000dce
	list		50000dce
OBJ 50000dd9 (sz=64, trace=300714, class=java.util.concurrent.ConcurrentHashMap@5000002a)
	table		50000ff3
ARR 50000dda (sz=80, trace=300715, nelems=10, elem type=java.util.concurrent.ConcurrentHashMap$Node[]@50000022)
	[3]		500013d6
	[9]		50000ddb
OBJ 50000ddb (sz=32, trace=300716, class=java.util.concurrent.ConcurrentHashMap$Node@50000023)
	key		50000dbf
	val		50000dd9
OBJ 50000ddd (sz=24, trace=300718, class=java.util.Collections$UnmodifiableCollection$1@50000ddc)
OBJ 50000ddf (sz=32, trace=300720, class=java.util.ArrayList$Itr@50000dde)
ARR 50000de1 (sz=20, trace=300722, nelems=5, elem type=int[])
OBJ 50000de2 (sz=24, trace=300723, class=java.lang.String@50000181)
ARR 50000de3 (sz=56, trace=300724, nelems=0, elem type=char[])
OBJ 50000de7 (sz=48, trace=300727, class=java.util.HashMap@500000d9)
	table		50000df0
ARR 50000de8 (sz=48, trace=300728, nelems=0, elem type=java.util.HashMap$Node[]@500000d5)
OBJ 50000de9 (sz=32, trace=300080, class=java.util.HashMap$Node@500000d7)
	key		50003b42
	value		50003b96
	next		50000dea
OBJ 50000dea (sz=32, trace=300081, class=java.util.HashMap$Node@500000d7)
	key		50003ba2
	value		50003b9b
	next		50000df1
OBJ 50000deb (sz=32, trace=300080, class=java.util.HashMap$Node@500000d7)
	key		50003b9f
	value		50003b9c
	next		50000ded
OBJ 50000dec (sz=32, trace=300081, class=java.util.HashMap$Node@500000d7)
	key		50003ba0
	value		50003b9c
OBJ 50000ded (sz=32, trace=300081, class=java.util.HashMap$Node@500000d7)
	key		50003ba4
	value		50003b97
OBJ 50000dee (sz=32, trace=300080, class=java.util.HashMap$Node@500000d7)
	key		50003ba3
	value		50003b99
OBJ 50000def (sz=32, trace=300080, class=java.util.HashMap$Node@500000d7)
	key		50003b44
	value		50003b9a
ARR 50000df0 (sz=80, trace=300729, nelems=10, elem type=java.util.HashMap$Node[]@500000d5)
	[1]		50000dec
	[3]		50000def
	[4]		50000df2
	[6]		50000de9
	[7]		50000dee
	[9]		50000deb
OBJ 50000df1 (sz=32, trace=300081, class=java.util.HashMap$Node@500000d7)
	key		50003ba1
	value		50003b98
OBJ 50000df2 (sz=32, trace=300080, class=java.util.HashMap$Node@500000d7)
	key		50003b9e
	value		50003b9d
OBJ 50000df3 (sz=16, trace=300730, class=java.util.HashSet@50000005)
	map		50000df4
OBJ 50000df4 (sz=48, trace=300731, class=java.util.HashMap@500000d9)
	table		50000f29
OBJ 50000df5 (sz=48, trace=300732, class=java.util.StringTokenizer@50000039)
OBJ 50000df6 (sz=24, trace=300733, class=java.lang.String@50000181)
	value		50000df7
ARR 50000df7 (sz=4, trace=300734, nelems=2, elem type=char[])
ARR 50000df8 (sz=80, trace=300213, nelems=0, elem type=java.util.HashMap$Node[]@500000d5)
OBJ 50000df9 (sz=32, trace=300080, class=java.util.HashMap$Node@500000d7)
	key		50000df6
	value		50001c14
OBJ 50000dfa (sz=24, trace=300733, class=java.lang.String@50000181)
	value		50000dfb
ARR 50000dfb (sz=10, trace=300734, nelems=5, elem type=char[])
OBJ 50000dfc (sz=32, trace=300081, class=java.util.HashMap$Node@500000d7)
	key		50000dfa
	value		50001c14
	next		50000e30
OBJ 50000dfd (sz=24, trace=300733, class=java.lang.String@50000181)
	value		50000dfe
ARR 50000dfe (sz=10, trace=300734, nelems=5, elem type=char[])
OBJ 50000dff (sz=32, trace=300080, class=java.util.HashMap$Node@500000d7)
	key		50000dfd
	value		50001c14
	next		50000eb3
OBJ 50000e00 (sz=24, trace=300733, class=java.lang.String@50000181)
	value		50000e01
ARR 50000e01 (sz=10, trace=300734, nelems=5, elem type=char[])
OBJ 50000e02 (sz=32, trace=300080, class=java.util.HashMap$Node@500000d7)
	key		50000e00
	value		50001c14
	next		50000f22
OBJ 50000e03 (sz=24, trace=300733, class=java.lang.String@50000181)
	value		50000e04
ARR 50000e04 (sz=10, trace=300734, nelems=5, elem type=char[])
OBJ 50000e05 (sz=32, trace=300080, class=java.util.HashMap$Node@500000d7)
	key		50000e03
	value		50001c14
OBJ 50000e06 (sz=24, trace=300733, class=java.lang.String@50000181)
	value		50000e07
ARR 50000e07 (sz=10, trace=300734, nelems=5, elem type=char[])
OBJ 50000e08 (sz=32, trace=300080, class=java.util.HashMap$Node@500000d7)
	key		50000e06
	value		50001c14
	next		50000e73
OBJ 50000e09 (sz=24, trace=300733, class=java.lang.String@50000181)
	value		50000e0a
ARR 50000e0a (sz=10, trace=300734, nelems=5, elem type=char[])
OBJ 50000e0b (sz=32, trace=300080, class=java.util.HashMap$Node@500000d7)
	key		50000e09
	value		50001c14
	next		50000f0a
OBJ 50000e0c (sz=24, trace=300733, class=java.lang.String@50000181)
	value		50000e0d
ARR 50000e0d (sz=10, trace=300734, nelems=5, elem type=char[])
OBJ 50000e0e (sz=32, trace=300081, class=java.util.HashMap$Node@500000d7)
	key		50000e0c
	value		50001c14
OBJ 50000e0f (sz=24, trace=300733, class=java.lang.String@50000181)
	value		50000e10
ARR 50000e10 (sz=10, trace=300734, nelems=5, elem type=char[])
OBJ 50000e11 (sz=32, trace=300080, class=java.util.HashMap$Node@500000d7)
	key		50000e0f
	value		50001c14
OBJ 50000e12 (sz=24, trace=300733, class=java.lang.String@50000181)
	value		50000e13
ARR 50000e13 (sz=10, trace=300734, nelems=5, elem type=char[])
OBJ 50000e14 (sz=32, trace=300081, class=java.util.HashMap$Node@500000d7)
	key		50000e12
	value		50001c14
	next		50000ee0
OBJ 50000e15 (sz=24, trace=300733, class=java.lang.String@50000181)
	value		50000e16
ARR 50000e16 (sz=10, trace=300734, nelems=5, elem type=char[])
OBJ 50000e17 (sz=32, trace=300081, class=java.util.HashMap$Node@500000d7)
	key		50000e15
	value		50001c14
OBJ 50000e18 (sz=24, trace=300733, class=java.lang.String@50000181)
	value		50000e19
ARR 50000e19 (sz=10, trace=300734, nelems=5, elem type=char[])
OBJ 50000e1a (sz=32, trace=300081, class=java.util.HashMap$Node@500000d7)
	key		50000e18
	value		50001c14
	next		50000ed1
OBJ 50000e1b (sz=24, trace=300733, class=java.lang.String@50000181)
ARR 50000e1c (sz=24, trace=300734, nelems=0, elem type=char[])
OBJ 50000e1d (sz=24, trace=300735, class=java.lang.StringBuilder@50000135)
ARR 50000e1e (sz=48, trace=300736, nelems=0, elem type=char[])
OBJ 50000e1f (sz=24, trace=300737, class=sun.security.action.GetPropertyAction@50000064)
ARR 50000e20 (sz=88, trace=300010, nelems=0, elem type=char[])
ARR 50000e21 (sz=160, trace=300010, nelems=0, elem type=char[])
OBJ 50000e22 (sz=24, trace=300738, class=java.lang.String@50000181)
ARR 50000e23 (sz=136, trace=300739, nelems=0, elem type=char[])
OBJ 50000e24 (sz=32, trace=300740, class=java.io.File@5000012f)
OBJ 50000e26 (sz=16, trace=300742, class=sun.util.locale.provider.JRELocaleProviderAdapter$1@50000e25)
OBJ 50000e27 (sz=24, trace=300733, class=java.lang.String@50000181)
	value		50000e28
ARR 50000e28 (sz=4, trace=300734, nelems=2, elem type=char[])
OBJ 50000e29 (sz=32, trace=300081, class=java.util.HashMap$Node@500000d7)
	key		50000e27
	value		50001c14
	next		50000f38
ARR 50000e2a (sz=144, trace=300743, nelems=0, elem type=java.util.HashMap$Node[]@500000d5)
OBJ 50000e2b (sz=24, trace=300733, class=java.lang.String@50000181)
	value		50000e2c
ARR 50000e2c (sz=10, trace=300734, nelems=5, elem type=char[])
OBJ 50000e2d (sz=32, trace=300081, class=java.util.HashMap$Node@500000d7)
	key		50000e2b
	value		50001c14
	next		50000eaa
OBJ 50000e2e (sz=24, trace=300733, class=java.lang.String@50000181)
	value		50000e2f
ARR 50000e2f (sz=10, trace=300734, nelems=5, elem type=char[])
OBJ 50000e30 (sz=32, trace=300081, class=java.util.HashMap$Node@500000d7)
	key		50000e2e
	value		50001c14
OBJ 50000e31 (sz=24, trace=300733, class=java.lang.String@50000181)
	value		50000e32
ARR 50000e32 (sz=10, trace=300734, nelems=5, elem type=char[])
OBJ 50000e33 (sz=32, trace=300081, class=java.util.HashMap$Node@500000d7)
	key		50000e31
	value		50001c14
OBJ 50000e34 (sz=24, trace=300733, class=java.lang.String@50000181)
	value		50000e35
ARR 50000e35 (sz=4, trace=300734, nelems=2, elem type=char[])
OBJ 50000e36 (sz=32, trace=300081, class=java.util.HashMap$Node@500000d7)
	key		50000e34
	value		50001c14
	next		50000ed4
OBJ 50000e37 (sz=24, trace=300733, class=java.lang.String@50000181)
	value		50000e38
ARR 50000e38 (sz=10, trace=300734, nelems=5, elem type=char[])
OBJ 50000e39 (sz=32, trace=300080, class=java.util.HashMap$Node@500000d7)
	key		50000e37
	value		50001c14
OBJ 50000e3a (sz=24, trace=300733, class=java.lang.String@50000181)
	value		50000e3b
ARR 50000e3b (sz=4, trace=300734, nelems=2, elem type=char[])
OBJ 50000e3c (sz=32, trace=300080, class=java.util.HashMap$Node@500000d7)
	key		50000e3a
	value		50001c14
	next		50000e9b
OBJ 50000e3d (sz=24, trace=300733, class=java.lang.String@50000181)
	value		50000e3e
ARR 50000e3e (sz=10, trace=300734, nelems=5, elem type=char[])
OBJ 50000e3f (sz=32, trace=300081, class=java.util.HashMap$Node@500000d7)
	key		50000e3d
	value		50001c14
	next		50000f56
OBJ 50000e40 (sz=24, trace=300733, class=java.lang.String@50000181)
	value		50000e41
ARR 50000e41 (sz=4, trace=300734, nelems=2, elem type=char[])
OBJ 50000e42 (sz=32, trace=300081, class=java.util.HashMap$Node@500000d7)
	key		50000e40
	value		50001c14
	next		50000f5c
OBJ 50000e43 (sz=24, trace=300733, class=java.lang.String@50000181)
	value		50000e44
ARR 50000e44 (sz=10, trace=300734, nelems=5, elem type=char[])
OBJ 50000e45 (sz=32, trace=300080, class=java.util.HashMap$Node@500000d7)
	key		50000e43
	value		50001c14
	next		50000e5e
OBJ 50000e46 (sz=24, trace=300733, class=java.lang.String@50000181)
	value		50000e47
ARR 50000e47 (sz=4, trace=300734, nelems=2, elem type=char[])
OBJ 50000e48 (sz=32, trace=300080, class=java.util.HashMap$Node@500000d7)
	key		50000e46
	value		50001c14
OBJ 50000e49 (sz=24, trace=300733, class=java.lang.String@50000181)
	value		50000e4a
ARR 50000e4a (sz=10, trace=300734, nelems=5, elem type=char[])
OBJ 50000e4b (sz=32, trace=300080, class=java.util.HashMap$Node@500000d7)
	key		50000e49
	value		50001c14
OBJ 50000e4c (sz=24, trace=300733, class=java.lang.String@50000181)
	value		50000e4d
ARR 50000e4d (sz=4, trace=300734, nelems=2, elem type=char[])
OBJ 50000e4e (sz=32, trace=300081, class=java.util.HashMap$Node@500000d7)
	key		50000e4c
	value		50001c14
ARR 50000e4f (sz=272, trace=300743, nelems=0, elem type=java.util.HashMap$Node[]@500000d5)
OBJ 50000e50 (sz=24, trace=300733, class=java.lang.String@50000181)
	value		50000e51
ARR 50000e51 (sz=10, trace=300734, nelems=5, elem type=char[])
OBJ 50000e52 (sz=32, trace=300080, class=java.util.HashMap$Node@500000d7)
	key		50000e50
	value		50001c14
OBJ 50000e53 (sz=24, trace=300733, class=java.lang.String@50000181)
	value		50000e54
ARR 50000e54 (sz=4, trace=300734, nelems=2, elem type=char[])
OBJ 50000e55 (sz=32, trace=300081, class=java.util.HashMap$Node@500000d7)
	key		50000e53
	value		50001c14
	next		50000f8c
OBJ 50000e56 (sz=24, trace=300733, class=java.lang.String@50000181)
	value		50000e57
ARR 50000e57 (sz=10, trace=300734, nelems=5, elem type=char[])
OBJ 50000e58 (sz=32, trace=300080, class=java.util.HashMap$Node@500000d7)
	key		50000e56
	value		50001c14
OBJ 50000e59 (sz=24, trace=300733, class=java.lang.String@50000181)
	value		50000e5a
ARR 50000e5a (sz=10, trace=300734, nelems=5, elem type=char[])
OBJ 50000e5b (sz=32, trace=300081, class=java.util.HashMap$Node@500000d7)
	key		50000e59
	value		50001c14
	next		50000efb
OBJ 50000e5c (sz=24, trace=300733, class=java.lang.String@50000181)
	value		50000e5d
ARR 50000e5d (sz=10, trace=300734, nelems=5, elem type=char[])
OBJ 50000e5e (sz=32, trace=300081, class=java.util.HashMap$Node@500000d7)
	key		50000e5c
	value		50001c14
OBJ 50000e5f (sz=24, trace=300733, class=java.lang.String@50000181)
	value		50000e60
ARR 50000e60 (sz=10, trace=300734, nelems=5, elem type=char[])
OBJ 50000e61 (sz=32, trace=300081, class=java.util.HashMap$Node@500000d7)
	key		50000e5f
	value		50001c14
OBJ 50000e62 (sz=24, trace=300733, class=java.lang.String@50000181)
	value		50000e63
ARR 50000e63 (sz=4, trace=300734, nelems=2, elem type=char[])
OBJ 50000e64 (sz=32, trace=300080, class=java.util.HashMap$Node@500000d7)
	key		50000e62
	value		50001c14
	next		50000f1c
OBJ 50000e65 (sz=24, trace=300733, class=java.lang.String@50000181)
	value		50000e66
ARR 50000e66 (sz=10, trace=300734, nelems=5, elem type=char[])
OBJ 50000e67 (sz=32, trace=300081, class=java.util.HashMap$Node@500000d7)
	key		50000e65
	value		50001c14
OBJ 50000e68 (sz=24, trace=300733, class=java.lang.String@50000181)
	value		50000e69
ARR 50000e69 (sz=10, trace=300734, nelems=5, elem type=char[])
OBJ 50000e6a (sz=32, trace=300081, class=java.util.HashMap$Node@500000d7)
	key		50000e68
	value		50001c14
OBJ 50000e6b (sz=24, trace=300733, class=java.lang.String@50000181)
	value		50000e6c
ARR 50000e6c (sz=4, trace=300734, nelems=2, elem type=char[])
OBJ 50000e6d (sz=32, trace=300080, class=java.util.HashMap$Node@500000d7)
	key		50000e6b
	value		50001c14
OBJ 50000e6e (sz=24, trace=300733, class=java.lang.String@50000181)
	value		50000e6f
ARR 50000e6f (sz=10, trace=300734, nelems=5, elem type=char[])
OBJ 50000e70 (sz=32, trace=300080, class=java.util.HashMap$Node@500000d7)
	key		50000e6e
	value		50001c14
	next		50000f7d
OBJ 50000e71 (sz=24, trace=300733, class=java.lang.String@50000181)
	value		50000e72
ARR 50000e72 (sz=10, trace=300734, nelems=5, elem type=char[])
OBJ 50000e73 (sz=32, trace=300081, class=java.util.HashMap$Node@500000d7)
	key		50000e71
	value		50001c14
OBJ 50000e74 (sz=24, trace=300733, class=java.lang.String@50000181)
	value		50000e75
ARR 50000e75 (sz=10, trace=300734, nelems=5, elem type=char[])
OBJ 50000e76 (sz=32, trace=300080, class=java.util.HashMap$Node@500000d7)
	key		50000e74
	value		50001c14
OBJ 50000e77 (sz=24, trace=300733, class=java.lang.String@50000181)
	value		50000e78
ARR 50000e78 (sz=10, trace=300734, nelems=5, elem type=char[])
OBJ 50000e79 (sz=32, trace=300080, class=java.util.HashMap$Node@500000d7)
	key		50000e77
	value		50001c14
OBJ 50000e7a (sz=24, trace=300733, class=java.lang.String@50000181)
	value		50000e7b
ARR 50000e7b (sz=10, trace=300734, nelems=5, elem type=char[])
OBJ 50000e7c (sz=32, trace=300081, class=java.util.HashMap$Node@500000d7)
	key		50000e7a
	value		50001c14
	next		50000ee3
OBJ 50000e7d (sz=24, trace=300733, class=java.lang.String@50000181)
	value		50000e7e
ARR 50000e7e (sz=10, trace=300734, nelems=5, elem type=char[])
OBJ 50000e7f (sz=32, trace=300080, class=java.util.HashMap$Node@500000d7)
	key		50000e7d
	value		50001c14
OBJ 50000e80 (sz=24, trace=300733, class=java.lang.String@50000181)
	value		50000e81
ARR 50000e81 (sz=10, trace=300734, nelems=5, elem type=char[])
OBJ 50000e82 (sz=32, trace=300081, class=java.util.HashMap$Node@500000d7)
	key		50000e80
	value		50001c14
	next		50000ea4
OBJ 50000e83 (sz=24, trace=300733, class=java.lang.String@50000181)
	value		50000e84
ARR 50000e84 (sz=10, trace=300734, nelems=5, elem type=char[])
OBJ 50000e85 (sz=32, trace=300081, class=java.util.HashMap$Node@500000d7)
	key		50000e83
	value		50001c14
OBJ 50000e86 (sz=24, trace=300733, class=java.lang.String@50000181)
	value		50000e87
ARR 50000e87 (sz=10, trace=300734, nelems=5, elem type=char[])
OBJ 50000e88 (sz=32, trace=300080, class=java.util.HashMap$Node@500000d7)
	key		50000e86
	value		50001c14
OBJ 50000e89 (sz=24, trace=300733, class=java.lang.String@50000181)
	value		50000e8a
ARR 50000e8a (sz=10, trace=300734, nelems=5, elem type=char[])
OBJ 50000e8b (sz=32, trace=300081, class=java.util.HashMap$Node@500000d7)
	key		50000e89
	value		50001c14
OBJ 50000e8c (sz=24, trace=300733, class=java.lang.String@50000181)
	value		50000e8d
ARR 50000e8d (sz=10, trace=300734, nelems=5, elem type=char[])
OBJ 50000e8e (sz=32, trace=300081, class=java.util.HashMap$Node@500000d7)
	key		50000e8c
	value		50001c14
	next		50000f6b
OBJ 50000e8f (sz=24, trace=300733, class=java.lang.String@50000181)
	value		50000e90
ARR 50000e90 (sz=10, trace=300734, nelems=5, elem type=char[])
OBJ 50000e91 (sz=32, trace=300081, class=java.util.HashMap$Node@500000d7)
	key		50000e8f
	value		50001c14
OBJ 50000e92 (sz=24, trace=300733, class=java.lang.String@50000181)
	value		50000e93
ARR 50000e93 (sz=10, trace=300734, nelems=5, elem type=char[])
OBJ 50000e94 (sz=32, trace=300081, class=java.util.HashMap$Node@500000d7)
	key		50000e92
	value		50001c14
	next		50000f47
OBJ 50000e95 (sz=24, trace=300733, class=java.lang.String@50000181)
	value		50000e96
ARR 50000e96 (sz=10, trace=300734, nelems=5, elem type=char[])
OBJ 50000e97 (sz=32, trace=300081, class=java.util.HashMap$Node@500000d7)
	key		50000e95
	value		50001c14
ARR 50000e98 (sz=528, trace=300743, nelems=0, elem type=java.util.HashMap$Node[]@500000d5)
OBJ 50000e99 (sz=24, trace=300733, class=java.lang.String@50000181)
	value		50000e9a
ARR 50000e9a (sz=10, trace=300734, nelems=5, elem type=char[])
OBJ 50000e9b (sz=32, trace=300081, class=java.util.HashMap$Node@500000d7)
	key		50000e99
	value		50001c14
OBJ 50000e9c (sz=24, trace=300733, class=java.lang.String@50000181)
	value		50000e9d
ARR 50000e9d (sz=10, trace=300734, nelems=5, elem type=char[])
OBJ 50000e9e (sz=32, trace=300080, class=java.util.HashMap$Node@500000d7)
	key		50000e9c
	value		50001c14
OBJ 50000e9f (sz=24, trace=300733, class=java.lang.String@50000181)
	value		50000ea0
ARR 50000ea0 (sz=10, trace=300734, nelems=5, elem type=char[])
OBJ 50000ea1 (sz=32, trace=300080, class=java.util.HashMap$Node@500000d7)
	key		50000e9f
	value		50001c14
OBJ 50000ea2 (sz=24, trace=300733, class=java.lang.String@50000181)
	value		50000ea3
ARR 50000ea3 (sz=10, trace=300734, nelems=5, elem type=char[])
OBJ 50000ea4 (sz=32, trace=300081, class=java.util.HashMap$Node@500000d7)
	key		50000ea2
	value		50001c14
OBJ 50000ea5 (sz=24, trace=300733, class=java.lang.String@50000181)
	value		50000ea6
ARR 50000ea6 (sz=10, trace=300734, nelems=5, elem type=char[])
OBJ 50000ea7 (sz=32, trace=300080, class=java.util.HashMap$Node@500000d7)
	key		50000ea5
	value		50001c14
OBJ 50000ea8 (sz=24, trace=300733, class=java.lang.String@50000181)
	value		50000ea9
ARR 50000ea9 (sz=10, trace=300734, nelems=5, elem type=char[])
OBJ 50000eaa (sz=32, trace=300081, class=java.util.HashMap$Node@500000d7)
	key		50000ea8
	value		50001c14
OBJ 50000eab (sz=24, trace=300733, class=java.lang.String@50000181)
	value		50000eac
ARR 50000eac (sz=4, trace=300734, nelems=2, elem type=char[])
OBJ 50000ead (sz=32, trace=300081, class=java.util.HashMap$Node@500000d7)
	key		50000eab
	value		50001c14
OBJ 50000eae (sz=24, trace=300733, class=java.lang.String@50000181)
	value		50000eaf
ARR 50000eaf (sz=10, trace=300734, nelems=5, elem type=char[])
OBJ 50000eb0 (sz=32, trace=300080, class=java.util.HashMap$Node@500000d7)
	key		50000eae
	value		50001c14
	next		50000eec
OBJ 50000eb1 (sz=24, trace=300733, class=java.lang.String@50000181)
	value		50000eb2
ARR 50000eb2 (sz=4, trace=300734, nelems=2, elem type=char[])
OBJ 50000eb3 (sz=32, trace=300081, class=java.util.HashMap$Node@500000d7)
	key		50000eb1
	value		50001c14
OBJ 50000eb4 (sz=24, trace=300733, class=java.lang.String@50000181)
	value		50000eb5
ARR 50000eb5 (sz=10, trace=300734, nelems=5, elem type=char[])
OBJ 50000eb6 (sz=32, trace=300080, class=java.util.HashMap$Node@500000d7)
	key		50000eb4
	value		50001c14
OBJ 50000eb7 (sz=24, trace=300733, class=java.lang.String@50000181)
	value		50000eb8
ARR 50000eb8 (sz=4, trace=300734, nelems=2, elem type=char[])
OBJ 50000eb9 (sz=32, trace=300081, class=java.util.HashMap$Node@500000d7)
	key		50000eb7
	value		50001c14
	next		50000f59
OBJ 50000eba (sz=24, trace=300733, class=java.lang.String@50000181)
	value		50000ebb
ARR 50000ebb (sz=10, trace=300734, nelems=5, elem type=char[])
OBJ 50000ebc (sz=32, trace=300080, class=java.util.HashMap$Node@500000d7)
	key		50000eba
	value		50001c14
OBJ 50000ebd (sz=24, trace=300733, class=java.lang.String@50000181)
	value		50000ebe
ARR 50000ebe (sz=10, trace=300734, nelems=5, elem type=char[])
OBJ 50000ebf (sz=32, trace=300081, class=java.util.HashMap$Node@500000d7)
	key		50000ebd
	value		50001c14
	next		50000ef2
OBJ 50000ec0 (sz=24, trace=300733, class=java.lang.String@50000181)
	value		50000ec1
ARR 50000ec1 (sz=10, trace=300734, nelems=5, elem type=char[])
OBJ 50000ec2 (sz=32, trace=300080, class=java.util.HashMap$Node@500000d7)
	key		50000ec0
	value		50001c14
OBJ 50000ec3 (sz=24, trace=300733, class=java.lang.String@50000181)
	value		50000ec4
ARR 50000ec4 (sz=10, trace=300734, nelems=5, elem type=char[])
OBJ 50000ec5 (sz=32, trace=300080, class=java.util.HashMap$Node@500000d7)
	key		50000ec3
	value		50001c14
OBJ 50000ec6 (sz=24, trace=300733, class=java.lang.String@50000181)
	value		50000ec7
ARR 50000ec7 (sz=4, trace=300734, nelems=2, elem type=char[])
OBJ 50000ec8 (sz=32, trace=300080, class=java.util.HashMap$Node@500000d7)
	key		50000ec6
	value		50001c14
OBJ 50000ec9 (sz=24, trace=300733, class=java.lang.String@50000181)
	value		50000eca
ARR 50000eca (sz=10, trace=300734, nelems=5, elem type=char[])
OBJ 50000ecb (sz=32, trace=300080, class=java.util.HashMap$Node@500000d7)
	key		50000ec9
	value		50001c14
	next		50000ef8
OBJ 50000ecc (sz=24, trace=300733, class=java.lang.String@50000181)
	value		50000ecd
ARR 50000ecd (sz=10, trace=300734, nelems=5, elem type=char[])
OBJ 50000ece (sz=32, trace=300080, class=java.util.HashMap$Node@500000d7)
	key		50000ecc
	value		50001c14
OBJ 50000ecf (sz=24, trace=300733, class=java.lang.String@50000181)
	value		50000ed0
ARR 50000ed0 (sz=4, trace=300734, nelems=2, elem type=char[])
OBJ 50000ed1 (sz=32, trace=300081, class=java.util.HashMap$Node@500000d7)
	key		50000ecf
	value		50001c14
OBJ 50000ed2 (sz=24, trace=300733, class=java.lang.String@50000181)
	value		50000ed3
ARR 50000ed3 (sz=10, trace=300734, nelems=5, elem type=char[])
OBJ 50000ed4 (sz=32, trace=300081, class=java.util.HashMap$Node@500000d7)
	key		50000ed2
	value		50001c14
	next		50000f4a
OBJ 50000ed5 (sz=24, trace=300733, class=java.lang.String@50000181)
	value		50000ed6
ARR 50000ed6 (sz=4, trace=300734, nelems=2, elem type=char[])
OBJ 50000ed7 (sz=32, trace=300080, class=java.util.HashMap$Node@500000d7)
	key		50000ed5
	value		50001c14
OBJ 50000ed8 (sz=24, trace=300733, class=java.lang.String@50000181)
	value		50000ed9
ARR 50000ed9 (sz=10, trace=300734, nelems=5, elem type=char[])
OBJ 50000eda (sz=32, trace=300080, class=java.util.HashMap$Node@500000d7)
	key		50000ed8
	value		50001c14
OBJ 50000edb (sz=24, trace=300733, class=java.lang.String@50000181)
	value		50000edc
ARR 50000edc (sz=4, trace=300734, nelems=2, elem type=char[])
OBJ 50000edd (sz=32, trace=300080, class=java.util.HashMap$Node@500000d7)
	key		50000edb
	value		50001c14
OBJ 50000ede (sz=24, trace=300733, class=java.lang.String@50000181)
	value		50000edf
ARR 50000edf (sz=10, trace=300734, nelems=5, elem type=char[])
OBJ 50000ee0 (sz=32, trace=300081, class=java.util.HashMap$Node@500000d7)
	key		50000ede
	value		50001c14
OBJ 50000ee1 (sz=24, trace=300733, class=java.lang.String@50000181)
	value		50000ee2
ARR 50000ee2 (sz=4, trace=300734, nelems=2, elem type=char[])
OBJ 50000ee3 (sz=32, trace=300081, class=java.util.HashMap$Node@500000d7)
	key		50000ee1
	value		50001c14
OBJ 50000ee4 (sz=24, trace=300733, class=java.lang.String@50000181)
	value		50000ee5
ARR 50000ee5 (sz=10, trace=300734, nelems=5, elem type=char[])
OBJ 50000ee6 (sz=32, trace=300080, class=java.util.HashMap$Node@500000d7)
	key		50000ee4
	value		50001c14
OBJ 50000ee7 (sz=24, trace=300733, class=java.lang.String@50000181)
	value		50000ee8
ARR 50000ee8 (sz=4, trace=300734, nelems=2, elem type=char[])
OBJ 50000ee9 (sz=32, trace=300080, class=java.util.HashMap$Node@500000d7)
	key		50000ee7
	value		50001c14
OBJ 50000eea (sz=24, trace=300733, class=java.lang.String@50000181)
	value		50000eeb
ARR 50000eeb (sz=10, trace=300734, nelems=5, elem type=char[])
OBJ 50000eec (sz=32, trace=300081, class=java.util.HashMap$Node@500000d7)
	key		50000eea
	value		50001c14
	next		50000f86
OBJ 50000eed (sz=24, trace=300733, class=java.lang.String@50000181)
	value		50000eee
ARR 50000eee (sz=10, trace=300734, nelems=5, elem type=char[])
OBJ 50000eef (sz=32, trace=300081, class=java.util.HashMap$Node@500000d7)
	key		50000eed
	value		50001c14
OBJ 50000ef0 (sz=24, trace=300733, class=java.lang.String@50000181)
	value		50000ef1
ARR 50000ef1 (sz=4, trace=300734, nelems=2, elem type=char[])
OBJ 50000ef2 (sz=32, trace=300081, class=java.util.HashMap$Node@500000d7)
	key		50000ef0
	value		50001c14
	next		50000f95
OBJ 50000ef3 (sz=24, trace=300733, class=java.lang.String@50000181)
	value		50000ef4
ARR 50000ef4 (sz=10, trace=300734, nelems=5, elem type=char[])
OBJ 50000ef5 (sz=32, trace=300081, class=java.util.HashMap$Node@500000d7)
	key		50000ef3
	value		50001c14
OBJ 50000ef6 (sz=24, trace=300733, class=java.lang.String@50000181)
	value		50000ef7
ARR 50000ef7 (sz=4, trace=300734, nelems=2, elem type=char[])
OBJ 50000ef8 (sz=32, trace=300081, class=java.util.HashMap$Node@500000d7)
	key		50000ef6
	value		50001c14
OBJ 50000ef9 (sz=24, trace=300733, class=java.lang.String@50000181)
	value		50000efa
ARR 50000efa (sz=10, trace=300734, nelems=5, elem type=char[])
OBJ 50000efb (sz=32, trace=300081, class=java.util.HashMap$Node@500000d7)
	key		50000ef9
	value		50001c14
	next		50000f10
OBJ 50000efc (sz=24, trace=300733, class=java.lang.String@50000181)
	value		50000efd
ARR 50000efd (sz=4, trace=300734, nelems=2, elem type=char[])
OBJ 50000efe (sz=32, trace=300080, class=java.util.HashMap$Node@500000d7)
	key		50000efc
	value		50001c14
OBJ 50000eff (sz=24, trace=300733, class=java.lang.String@50000181)
	value		50000f00
ARR 50000f00 (sz=10, trace=300734, nelems=5, elem type=char[])
OBJ 50000f01 (sz=32, trace=300080, class=java.util.HashMap$Node@500000d7)
	key		50000eff
	value		50001c14
OBJ 50000f02 (sz=24, trace=300733, class=java.lang.String@50000181)
	value		50000f03
ARR 50000f03 (sz=4, trace=300734, nelems=2, elem type=char[])
OBJ 50000f04 (sz=32, trace=300081, class=java.util.HashMap$Node@500000d7)
	key		50000f02
	value		50001c14
OBJ 50000f05 (sz=24, trace=300733, class=java.lang.String@50000181)
	value		50000f06
ARR 50000f06 (sz=10, trace=300734, nelems=5, elem type=char[])
OBJ 50000f07 (sz=32, trace=300080, class=java.util.HashMap$Node@500000d7)
	key		50000f05
	value		50001c14
OBJ 50000f08 (sz=24, trace=300733, class=java.lang.String@50000181)
	value		50000f09
ARR 50000f09 (sz=4, trace=300734, nelems=2, elem type=char[])
OBJ 50000f0a (sz=32, trace=300081, class=java.util.HashMap$Node@500000d7)
	key		50000f08
	value		50001c14
OBJ 50000f0b (sz=24, trace=300733, class=java.lang.String@50000181)
	value		50000f0c
ARR 50000f0c (sz=10, trace=300734, nelems=5, elem type=char[])
OBJ 50000f0d (sz=32, trace=300080, class=java.util.HashMap$Node@500000d7)
	key		50000f0b
	value		50001c14
	next		50000f32
OBJ 50000f0e (sz=24, trace=300733, class=java.lang.String@50000181)
	value		50000f0f
ARR 50000f0f (sz=4, trace=300734, nelems=2, elem type=char[])
OBJ 50000f10 (sz=32, trace=300081, class=java.util.HashMap$Node@500000d7)
	key		50000f0e
	value		50001c14
OBJ 50000f11 (sz=24, trace=300733, class=java.lang.String@50000181)
	value		50000f12
ARR 50000f12 (sz=10, trace=300734, nelems=5, elem type=char[])
OBJ 50000f13 (sz=32, trace=300080, class=java.util.HashMap$Node@500000d7)
	key		50000f11
	value		50001c14
OBJ 50000f14 (sz=24, trace=300733, class=java.lang.String@50000181)
	value		50000f15
ARR 50000f15 (sz=4, trace=300734, nelems=2, elem type=char[])
OBJ 50000f16 (sz=32, trace=300081, class=java.util.HashMap$Node@500000d7)
	key		50000f14
	value		50001c14
OBJ 50000f17 (sz=24, trace=300733, class=java.lang.String@50000181)
	value		50000f18
ARR 50000f18 (sz=10, trace=300734, nelems=5, elem type=char[])
OBJ 50000f19 (sz=32, trace=300080, class=java.util.HashMap$Node@500000d7)
	key		50000f17
	value		50001c14
OBJ 50000f1a (sz=24, trace=300733, class=java.lang.String@50000181)
	value		50000f1b
ARR 50000f1b (sz=4, trace=300734, nelems=2, elem type=char[])
OBJ 50000f1c (sz=32, trace=300081, class=java.util.HashMap$Node@500000d7)
	key		50000f1a
	value		50001c14
OBJ 50000f1d (sz=24, trace=300733, class=java.lang.String@50000181)
	value		50000f1e
ARR 50000f1e (sz=10, trace=300734, nelems=5, elem type=char[])
OBJ 50000f1f (sz=32, trace=300080, class=java.util.HashMap$Node@500000d7)
	key		50000f1d
	value		50001c14
OBJ 50000f20 (sz=24, trace=300733, class=java.lang.String@50000181)
	value		50000f21
ARR 50000f21 (sz=4, trace=300734, nelems=2, elem type=char[])
OBJ 50000f22 (sz=32, trace=300081, class=java.util.HashMap$Node@500000d7)
	key		50000f20
	value		50001c14
OBJ 50000f23 (sz=24, trace=300733, class=java.lang.String@50000181)
	value		50000f24
ARR 50000f24 (sz=10, trace=300734, nelems=5, elem type=char[])
OBJ 50000f25 (sz=32, trace=300081, class=java.util.HashMap$Node@500000d7)
	key		50000f23
	value		50001c14
	next		50000f98
OBJ 50000f26 (sz=24, trace=300733, class=java.lang.String@50000181)
	value		50000f27
ARR 50000f27 (sz=10, trace=300734, nelems=5, elem type=char[])
OBJ 50000f28 (sz=32, trace=300080, class=java.util.HashMap$Node@500000d7)
	key		50000f26
	value		50001c14
ARR 50000f29 (sz=1040, trace=300743, nelems=256, elem type=java.util.HashMap$Node[]@500000d5)
	[1]		50000e05
	[4]		50000f3b
	[7]		50000f19
	[8]		50000e08
	[9]		50000e33
	[10]		50000e1a
	[12]		50000f2f
	[13]		50000ed7
	[16]		50000e6a
	[18]		50000f28
	[23]		50000f68
	[25]		50000dfc
	[28]		50000f13
	[34]		50000eda
	[37]		50000edd
	[38]		50000ea1
	[42]		50000e7c
	[43]		50000ee9
	[44]		50000e76
	[46]		50000ebf
	[47]		50000e79
	[49]		50000e29
	[50]		50000f41
	[53]		50000ebc
	[55]		50000ecb
	[57]		50000e14
	[61]		50000f44
	[65]		50000e8b
	[67]		50000e36
	[69]		50000e3c
	[76]		50000e9e
	[79]		50000f71
	[80]		50000e58
	[81]		50000ee6
	[88]		50000f50
	[89]		50000e3f
	[92]		50000e4b
	[93]		50000e11
	[94]		50000e42
	[95]		50000f62
	[99]		50000f77
	[100]		50000efe
	[101]		50000fa1
	[102]		50000f01
	[104]		50000f53
	[105]		50000f6e
	[112]		50000e48
	[113]		50000f4d
	[114]		50000f5f
	[116]		50000e70
	[118]		50000f7a
	[122]		50000e52
	[125]		50000e4e
	[126]		50000f83
	[129]		50000e55
	[131]		50000e17
	[133]		50000f0d
	[136]		50000f04
	[138]		50000e0b
	[141]		50000f25
	[150]		50000f89
	[152]		50000ece
	[157]		50000e67
	[158]		50000e5b
	[166]		50000f16
	[167]		50000e64
	[168]		50000e88
	[169]		50000df9
	[174]		50000e6d
	[175]		50000ead
	[176]		50000e97
	[177]		50000e0e
	[178]		50000e39
	[179]		50000f8f
	[180]		50000e94
	[184]		50000f1f
	[186]		50000eb0
	[188]		50000ec5
	[189]		50000f92
	[190]		50000e02
	[192]		50000eb6
	[193]		50000f2c
	[195]		50000dff
	[202]		50000f07
	[204]		50000eb9
	[206]		50000e7f
	[215]		50000ec2
	[217]		50000e82
	[218]		50000ec8
	[220]		50000ef5
	[226]		50000e45
	[228]		50000f65
	[229]		50000f9b
	[230]		50000f3e
	[231]		50000ea7
	[233]		50000e85
	[234]		50000e2d
	[238]		50000e8e
	[240]		50000eef
	[250]		50000e61
	[252]		50000f35
	[254]		50000e91
	[255]		50000f80
OBJ 50000f2a (sz=24, trace=300733, class=java.lang.String@50000181)
	value		50000f2b
ARR 50000f2b (sz=4, trace=300734, nelems=2, elem type=char[])
OBJ 50000f2c (sz=32, trace=300080, class=java.util.HashMap$Node@500000d7)
	key		50000f2a
	value		50001c14
OBJ 50000f2d (sz=24, trace=300733, class=java.lang.String@50000181)
	value		50000f2e
ARR 50000f2e (sz=10, trace=300734, nelems=5, elem type=char[])
OBJ 50000f2f (sz=32, trace=300080, class=java.util.HashMap$Node@500000d7)
	key		50000f2d
	value		50001c14
OBJ 50000f30 (sz=24, trace=300733, class=java.lang.String@50000181)
	value		50000f31
ARR 50000f31 (sz=16, trace=300734, nelems=8, elem type=char[])
OBJ 50000f32 (sz=32, trace=300081, class=java.util.HashMap$Node@500000d7)
	key		50000f30
	value		50001c14
OBJ 50000f33 (sz=24, trace=300733, class=java.lang.String@50000181)
	value		50000f34
ARR 50000f34 (sz=4, trace=300734, nelems=2, elem type=char[])
OBJ 50000f35 (sz=32, trace=300080, class=java.util.HashMap$Node@500000d7)
	key		50000f33
	value		50001c14
OBJ 50000f36 (sz=24, trace=300733, class=java.lang.String@50000181)
	value		50000f37
ARR 50000f37 (sz=10, trace=300734, nelems=5, elem type=char[])
OBJ 50000f38 (sz=32, trace=300081, class=java.util.HashMap$Node@500000d7)
	key		50000f36
	value		50001c14
OBJ 50000f39 (sz=24, trace=300733, class=java.lang.String@50000181)
	value		50000f3a
ARR 50000f3a (sz=4, trace=300734, nelems=2, elem type=char[])
OBJ 50000f3b (sz=32, trace=300080, class=java.util.HashMap$Node@500000d7)
	key		50000f39
	value		50001c14
OBJ 50000f3c (sz=24, trace=300733, class=java.lang.String@50000181)
	value		50000f3d
ARR 50000f3d (sz=10, trace=300734, nelems=5, elem type=char[])
OBJ 50000f3e (sz=32, trace=300080, class=java.util.HashMap$Node@500000d7)
	key		50000f3c
	value		50001c14
	next		50000f74
OBJ 50000f3f (sz=24, trace=300733, class=java.lang.String@50000181)
	value		50000f40
ARR 50000f40 (sz=10, trace=300734, nelems=5, elem type=char[])
OBJ 50000f41 (sz=32, trace=300080, class=java.util.HashMap$Node@500000d7)
	key		50000f3f
	value		50001c14
OBJ 50000f42 (sz=24, trace=300733, class=java.lang.String@50000181)
	value		50000f43
ARR 50000f43 (sz=4, trace=300734, nelems=2, elem type=char[])
OBJ 50000f44 (sz=32, trace=300080, class=java.util.HashMap$Node@500000d7)
	key		50000f42
	value		50001c14
OBJ 50000f45 (sz=24, trace=300733, class=java.lang.String@50000181)
	value		50000f46
ARR 50000f46 (sz=10, trace=300734, nelems=5, elem type=char[])
OBJ 50000f47 (sz=32, trace=300081, class=java.util.HashMap$Node@500000d7)
	key		50000f45
	value		50001c14
	next		50000f9e
OBJ 50000f48 (sz=24, trace=300733, class=java.lang.String@50000181)
	value		50000f49
ARR 50000f49 (sz=4, trace=300734, nelems=2, elem type=char[])
OBJ 50000f4a (sz=32, trace=300081, class=java.util.HashMap$Node@500000d7)
	key		50000f48
	value		50001c14
OBJ 50000f4b (sz=24, trace=300733, class=java.lang.String@50000181)
	value		50000f4c
ARR 50000f4c (sz=10, trace=300734, nelems=5, elem type=char[])
OBJ 50000f4d (sz=32, trace=300080, class=java.util.HashMap$Node@500000d7)
	key		50000f4b
	value		50001c14
OBJ 50000f4e (sz=24, trace=300733, class=java.lang.String@50000181)
	value		50000f4f
ARR 50000f4f (sz=4, trace=300734, nelems=2, elem type=char[])
OBJ 50000f50 (sz=32, trace=300080, class=java.util.HashMap$Node@500000d7)
	key		50000f4e
	value		50001c14
OBJ 50000f51 (sz=24, trace=300733, class=java.lang.String@50000181)
	value		50000f52
ARR 50000f52 (sz=10, trace=300734, nelems=5, elem type=char[])
OBJ 50000f53 (sz=32, trace=300080, class=java.util.HashMap$Node@500000d7)
	key		50000f51
	value		50001c14
OBJ 50000f54 (sz=24, trace=300733, class=java.lang.String@50000181)
	value		50000f55
ARR 50000f55 (sz=4, trace=300734, nelems=2, elem type=char[])
OBJ 50000f56 (sz=32, trace=300081, class=java.util.HashMap$Node@500000d7)
	key		50000f54
	value		50001c14
OBJ 50000f57 (sz=24, trace=300733, class=java.lang.String@50000181)
	value		50000f58
ARR 50000f58 (sz=10, trace=300734, nelems=5, elem type=char[])
OBJ 50000f59 (sz=32, trace=300081, class=java.util.HashMap$Node@500000d7)
	key		50000f57
	value		50001c14
OBJ 50000f5a (sz=24, trace=300733, class=java.lang.String@50000181)
	value		50000f5b
ARR 50000f5b (sz=4, trace=300734, nelems=2, elem type=char[])
OBJ 50000f5c (sz=32, trace=300081, class=java.util.HashMap$Node@500000d7)
	key		50000f5a
	value		50001c14
OBJ 50000f5d (sz=24, trace=300733, class=java.lang.String@50000181)
	value		50000f5e
ARR 50000f5e (sz=10, trace=300734, nelems=5, elem type=char[])
OBJ 50000f5f (sz=32, trace=300080, class=java.util.HashMap$Node@500000d7)
	key		50000f5d
	value		50001c14
OBJ 50000f60 (sz=24, trace=300733, class=java.lang.String@50000181)
	value		50000f61
ARR 50000f61 (sz=4, trace=300734, nelems=2, elem type=char[])
OBJ 50000f62 (sz=32, trace=300080, class=java.util.HashMap$Node@500000d7)
	key		50000f60
	value		50001c14
OBJ 50000f63 (sz=24, trace=300733, class=java.lang.String@50000181)
	value		50000f64
ARR 50000f64 (sz=10, trace=300734, nelems=5, elem type=char[])
OBJ 50000f65 (sz=32, trace=300080, class=java.util.HashMap$Node@500000d7)
	key		50000f63
	value		50001c14
OBJ 50000f66 (sz=24, trace=300733, class=java.lang.String@50000181)
	value		50000f67
ARR 50000f67 (sz=10, trace=300734, nelems=5, elem type=char[])
OBJ 50000f68 (sz=32, trace=300080, class=java.util.HashMap$Node@500000d7)
	key		50000f66
	value		50001c14
OBJ 50000f69 (sz=24, trace=300733, class=java.lang.String@50000181)
	value		50000f6a
ARR 50000f6a (sz=14, trace=300734, nelems=7, elem type=char[])
OBJ 50000f6b (sz=32, trace=300081, class=java.util.HashMap$Node@500000d7)
	key		50000f69
	value		50001c14
OBJ 50000f6c (sz=24, trace=300733, class=java.lang.String@50000181)
	value		50000f6d
ARR 50000f6d (sz=20, trace=300734, nelems=10, elem type=char[])
OBJ 50000f6e (sz=32, trace=300080, class=java.util.HashMap$Node@500000d7)
	key		50000f6c
	value		50001c14
OBJ 50000f6f (sz=24, trace=300733, class=java.lang.String@50000181)
	value		50000f70
ARR 50000f70 (sz=10, trace=300734, nelems=5, elem type=char[])
OBJ 50000f71 (sz=32, trace=300080, class=java.util.HashMap$Node@500000d7)
	key		50000f6f
	value		50001c14
OBJ 50000f72 (sz=24, trace=300733, class=java.lang.String@50000181)
	value		50000f73
ARR 50000f73 (sz=10, trace=300734, nelems=5, elem type=char[])
OBJ 50000f74 (sz=32, trace=300081, class=java.util.HashMap$Node@500000d7)
	key		50000f72
	value		50001c14
OBJ 50000f75 (sz=24, trace=300733, class=java.lang.String@50000181)
	value		50000f76
ARR 50000f76 (sz=4, trace=300734, nelems=2, elem type=char[])
OBJ 50000f77 (sz=32, trace=300080, class=java.util.HashMap$Node@500000d7)
	key		50000f75
	value		50001c14
OBJ 50000f78 (sz=24, trace=300733, class=java.lang.String@50000181)
	value		50000f79
ARR 50000f79 (sz=10, trace=300734, nelems=5, elem type=char[])
OBJ 50000f7a (sz=32, trace=300080, class=java.util.HashMap$Node@500000d7)
	key		50000f78
	value		50001c14
OBJ 50000f7b (sz=24, trace=300733, class=java.lang.String@50000181)
	value		50000f7c
ARR 50000f7c (sz=4, trace=300734, nelems=2, elem type=char[])
OBJ 50000f7d (sz=32, trace=300081, class=java.util.HashMap$Node@500000d7)
	key		50000f7b
	value		50001c14
OBJ 50000f7e (sz=24, trace=300733, class=java.lang.String@50000181)
	value		50000f7f
ARR 50000f7f (sz=10, trace=300734, nelems=5, elem type=char[])
OBJ 50000f80 (sz=32, trace=300080, class=java.util.HashMap$Node@500000d7)
	key		50000f7e
	value		50001c14
OBJ 50000f81 (sz=24, trace=300733, class=java.lang.String@50000181)
	value		50000f82
ARR 50000f82 (sz=4, trace=300734, nelems=2, elem type=char[])
OBJ 50000f83 (sz=32, trace=300080, class=java.util.HashMap$Node@500000d7)
	key		50000f81
	value		50001c14
OBJ 50000f84 (sz=24, trace=300733, class=java.lang.String@50000181)
	value		50000f85
ARR 50000f85 (sz=10, trace=300734, nelems=5, elem type=char[])
OBJ 50000f86 (sz=32, trace=300081, class=java.util.HashMap$Node@500000d7)
	key		50000f84
	value		50001c14
OBJ 50000f87 (sz=24, trace=300733, class=java.lang.String@50000181)
	value		50000f88
ARR 50000f88 (sz=4, trace=300734, nelems=2, elem type=char[])
OBJ 50000f89 (sz=32, trace=300080, class=java.util.HashMap$Node@500000d7)
	key		50000f87
	value		50001c14
OBJ 50000f8a (sz=24, trace=300733, class=java.lang.String@50000181)
	value		50000f8b
ARR 50000f8b (sz=10, trace=300734, nelems=5, elem type=char[])
OBJ 50000f8c (sz=32, trace=300081, class=java.util.HashMap$Node@500000d7)
	key		50000f8a
	value		50001c14
OBJ 50000f8d (sz=24, trace=300733, class=java.lang.String@50000181)
	value		50000f8e
ARR 50000f8e (sz=4, trace=300734, nelems=2, elem type=char[])
OBJ 50000f8f (sz=32, trace=300080, class=java.util.HashMap$Node@500000d7)
	key		50000f8d
	value		50001c14
OBJ 50000f90 (sz=24, trace=300733, class=java.lang.String@50000181)
	value		50000f91
ARR 50000f91 (sz=10, trace=300734, nelems=5, elem type=char[])
OBJ 50000f92 (sz=32, trace=300080, class=java.util.HashMap$Node@500000d7)
	key		50000f90
	value		50001c14
OBJ 50000f93 (sz=24, trace=300733, class=java.lang.String@50000181)
	value		50000f94
ARR 50000f94 (sz=4, trace=300734, nelems=2, elem type=char[])
OBJ 50000f95 (sz=32, trace=300081, class=java.util.HashMap$Node@500000d7)
	key		50000f93
	value		50001c14
OBJ 50000f96 (sz=24, trace=300733, class=java.lang.String@50000181)
	value		50000f97
ARR 50000f97 (sz=10, trace=300734, nelems=5, elem type=char[])
OBJ 50000f98 (sz=32, trace=300081, class=java.util.HashMap$Node@500000d7)
	key		50000f96
	value		50001c14
OBJ 50000f99 (sz=24, trace=300733, class=java.lang.String@50000181)
	value		50000f9a
ARR 50000f9a (sz=10, trace=300734, nelems=5, elem type=char[])
OBJ 50000f9b (sz=32, trace=300080, class=java.util.HashMap$Node@500000d7)
	key		50000f99
	value		50001c14
OBJ 50000f9c (sz=24, trace=300733, class=java.lang.String@50000181)
	value		50000f9d
ARR 50000f9d (sz=10, trace=300734, nelems=5, elem type=char[])
OBJ 50000f9e (sz=32, trace=300081, class=java.util.HashMap$Node@500000d7)
	key		50000f9c
	value		50001c14
OBJ 50000f9f (sz=24, trace=300733, class=java.lang.String@50000181)
	value		50000fa0
ARR 50000fa0 (sz=10, trace=300734, nelems=5, elem type=char[])
OBJ 50000fa1 (sz=32, trace=300080, class=java.util.HashMap$Node@500000d7)
	key		50000f9f
	value		50001c14
ARR 50000fa2 (sz=80, trace=300744, nelems=7, elem type=java.util.concurrent.ConcurrentHashMap$Node[]@50000022)
	[3]		50001704
	[6]		50000fa3
OBJ 50000fa3 (sz=32, trace=300745, class=java.util.concurrent.ConcurrentHashMap$Node@50000023)
	key		50003b42
	val		50000df3
OBJ 50000fa4 (sz=24, trace=300746, class=sun.util.locale.provider.NumberFormatProviderImpl@50000de5)
	type		50000dd0
	langtags	50000df3
OBJ 50000fa6 (sz=48, trace=300748, class=java.util.HashMap@500000d9)
	table		50000fea
ARR 50000fa8 (sz=120, trace=300749, nelems=0, elem type=java.lang.String[][]@50000fa7)
ARR 50000fa9 (sz=24, trace=300750, nelems=2, elem type=java.lang.String[]@500000db)
	[0]		5000222a
	[1]		50002242
ARR 50000faa (sz=24, trace=300751, nelems=2, elem type=java.lang.String[]@500000db)
	[0]		5000222c
	[1]		5000225a
ARR 50000fab (sz=24, trace=300752, nelems=2, elem type=java.lang.String[]@500000db)
	[0]		5000222e
	[1]		5000222f
ARR 50000fac (sz=24, trace=300753, nelems=2, elem type=java.lang.String[]@500000db)
	[0]		50002233
	[1]		50002229
ARR 50000fad (sz=24, trace=300754, nelems=2, elem type=java.lang.String[]@500000db)
	[0]		50002234
	[1]		5000222b
ARR 50000fae (sz=24, trace=300755, nelems=2, elem type=java.lang.String[]@500000db)
	[0]		50002235
	[1]		50002230
ARR 50000faf (sz=24, trace=300756, nelems=2, elem type=java.lang.String[]@500000db)
	[0]		50002236
	[1]		50002258
ARR 50000fb0 (sz=24, trace=300757, nelems=2, elem type=java.lang.String[]@500000db)
	[0]		50002237
	[1]		50002231
ARR 50000fb1 (sz=24, trace=300758, nelems=2, elem type=java.lang.String[]@500000db)
	[0]		50002238
	[1]		50002256
ARR 50000fb2 (sz=24, trace=300759, nelems=2, elem type=java.lang.String[]@500000db)
	[0]		50002239
	[1]		50002244
ARR 50000fb3 (sz=24, trace=300760, nelems=2, elem type=java.lang.String[]@500000db)
	[0]		5000223a
	[1]		5000224e
ARR 50000fb4 (sz=24, trace=300761, nelems=2, elem type=java.lang.String[]@500000db)
	[0]		5000223b
	[1]		5000224c
ARR 50000fb5 (sz=24, trace=300762, nelems=2, elem type=java.lang.String[]@500000db)
	[0]		5000223c
	[1]		5000224d
ARR 50000fb6 (sz=24, trace=300763, nelems=2, elem type=java.lang.String[]@500000db)
	[0]		5000223d
	[1]		50002254
ARR 50000fb7 (sz=24, trace=300764, nelems=2, elem type=java.lang.String[]@500000db)
	[0]		5000223e
	[1]		50002255
ARR 50000fb8 (sz=24, trace=300765, nelems=2, elem type=java.lang.String[]@500000db)
	[0]		5000223f
	[1]		50002257
ARR 50000fb9 (sz=24, trace=300766, nelems=2, elem type=java.lang.String[]@500000db)
	[0]		5000224a
	[1]		50002247
ARR 50000fba (sz=24, trace=300767, nelems=2, elem type=java.lang.String[]@500000db)
	[0]		5000224b
	[1]		50002248
ARR 50000fbb (sz=24, trace=300768, nelems=2, elem type=java.lang.String[]@500000db)
	[0]		50002251
	[1]		5000224f
ARR 50000fbc (sz=24, trace=300769, nelems=2, elem type=java.lang.String[]@500000db)
	[0]		50002252
	[1]		50002259
ARR 50000fbd (sz=24, trace=300770, nelems=2, elem type=java.lang.String[]@500000db)
	[0]		50002253
	[1]		50002250
ARR 50000fbe (sz=24, trace=300771, nelems=2, elem type=java.lang.String[]@500000db)
	[0]		5000225b
	[1]		5000222d
ARR 50000fbf (sz=24, trace=300772, nelems=2, elem type=java.lang.String[]@500000db)
	[0]		5000225c
	[1]		50002231
ARR 50000fc0 (sz=24, trace=300773, nelems=2, elem type=java.lang.String[]@500000db)
	[0]		5000225d
	[1]		50002246
ARR 50000fc1 (sz=24, trace=300774, nelems=2, elem type=java.lang.String[]@500000db)
	[0]		5000225e
	[1]		50002245
ARR 50000fc2 (sz=24, trace=300775, nelems=2, elem type=java.lang.String[]@500000db)
	[0]		5000225f
	[1]		50002232
ARR 50000fc3 (sz=80, trace=300776, nelems=0, elem type=java.util.HashMap$Node[]@500000d5)
OBJ 50000fc4 (sz=32, trace=300080, class=java.util.HashMap$Node@500000d7)
	key		5000222a
	value		50000fa9
OBJ 50000fc5 (sz=32, trace=300080, class=java.util.HashMap$Node@500000d7)
	key		5000222c
	value		50000faa
ARR 50000fc6 (sz=40, trace=300777, nelems=0, elem type=char[])
OBJ 50000fc7 (sz=24, trace=300778, class=java.lang.String@50000181)
	value		50000fc8
ARR 50000fc8 (sz=18, trace=300779, nelems=9, elem type=char[])
OBJ 50000fc9 (sz=32, trace=300080, class=java.util.HashMap$Node@500000d7)
	key		50000fc7
	value		50000fab
	next		50000fcd
OBJ 50000fca (sz=32, trace=300080, class=java.util.HashMap$Node@500000d7)
	key		50002233
	value		50000fac
OBJ 50000fcb (sz=32, trace=300081, class=java.util.HashMap$Node@500000d7)
	key		50002234
	value		50000fad
	next		50000fd5
OBJ 50000fcc (sz=32, trace=300081, class=java.util.HashMap$Node@500000d7)
	key		50002235
	value		50000fae
OBJ 50000fcd (sz=32, trace=300081, class=java.util.HashMap$Node@500000d7)
	key		50002236
	value		50000faf
	next		50000fe1
OBJ 50000fce (sz=32, trace=300081, class=java.util.HashMap$Node@500000d7)
	key		50002237
	value		50000fb0
OBJ 50000fcf (sz=32, trace=300080, class=java.util.HashMap$Node@500000d7)
	key		50002238
	value		50000fb1
	next		50000fe9
OBJ 50000fd0 (sz=32, trace=300080, class=java.util.HashMap$Node@500000d7)
	key		50002239
	value		50000fb2
OBJ 50000fd1 (sz=32, trace=300080, class=java.util.HashMap$Node@500000d7)
	key		5000223a
	value		50000fb3
OBJ 50000fd2 (sz=32, trace=300080, class=java.util.HashMap$Node@500000d7)
	key		5000223b
	value		50000fb4
OBJ 50000fd3 (sz=32, trace=300080, class=java.util.HashMap$Node@500000d7)
	key		5000223c
	value		50000fb5
ARR 50000fd4 (sz=144, trace=300780, nelems=0, elem type=java.util.HashMap$Node[]@500000d5)
OBJ 50000fd5 (sz=32, trace=300081, class=java.util.HashMap$Node@500000d7)
	key		5000223d
	value		50000fb6
OBJ 50000fd6 (sz=32, trace=300081, class=java.util.HashMap$Node@500000d7)
	key		5000223e
	value		50000fb7
	next		50000fd8
OBJ 50000fd7 (sz=32, trace=300080, class=java.util.HashMap$Node@500000d7)
	key		5000223f
	value		50000fb8
OBJ 50000fd8 (sz=32, trace=300081, class=java.util.HashMap$Node@500000d7)
	key		5000224a
	value		50000fb9
OBJ 50000fd9 (sz=32, trace=300080, class=java.util.HashMap$Node@500000d7)
	key		5000224b
	value		50000fba
ARR 50000fda (sz=40, trace=300777, nelems=0, elem type=char[])
OBJ 50000fdb (sz=24, trace=300778, class=java.lang.String@50000181)
	value		50000fdc
ARR 50000fdc (sz=18, trace=300779, nelems=9, elem type=char[])
OBJ 50000fdd (sz=32, trace=300080, class=java.util.HashMap$Node@500000d7)
	key		50000fdb
	value		50000fbb
	next		50000fe7
ARR 50000fde (sz=40, trace=300777, nelems=0, elem type=char[])
OBJ 50000fdf (sz=24, trace=300778, class=java.lang.String@50000181)
	value		50000fe0
ARR 50000fe0 (sz=18, trace=300779, nelems=9, elem type=char[])
OBJ 50000fe1 (sz=32, trace=300081, class=java.util.HashMap$Node@500000d7)
	key		50000fdf
	value		50000fbc
ARR 50000fe2 (sz=40, trace=300777, nelems=0, elem type=char[])
OBJ 50000fe3 (sz=24, trace=300778, class=java.lang.String@50000181)
	value		50000fe4
ARR 50000fe4 (sz=18, trace=300779, nelems=9, elem type=char[])
OBJ 50000fe5 (sz=32, trace=300081, class=java.util.HashMap$Node@500000d7)
	key		50000fe3
	value		50000fbd
	next		50000feb
OBJ 50000fe6 (sz=32, trace=300080, class=java.util.HashMap$Node@500000d7)
	key		5000225b
	value		50000fbe
OBJ 50000fe7 (sz=32, trace=300081, class=java.util.HashMap$Node@500000d7)
	key		5000225c
	value		50000fbf
OBJ 50000fe8 (sz=32, trace=300080, class=java.util.HashMap$Node@500000d7)
	key		5000225d
	value		50000fc0
OBJ 50000fe9 (sz=32, trace=300081, class=java.util.HashMap$Node@500000d7)
	key		5000225e
	value		50000fc1
ARR 50000fea (sz=272, trace=300780, nelems=64, elem type=java.util.HashMap$Node[]@500000d5)
	[1]		50000fdd
	[3]		50000fc5
	[4]		50000fca
	[7]		50000fe5
	[13]		50000fe8
	[16]		50000fd9
	[17]		50000fd2
	[21]		50000fd6
	[35]		50000fcb
	[39]		50000fcc
	[47]		50000fd7
	[51]		50000fce
	[53]		50000fc4
	[54]		50000fd0
	[55]		50000fc9
	[59]		50000fcf
	[61]		50000fe6
	[62]		50000fd3
	[63]		50000fd1
OBJ 50000feb (sz=32, trace=300081, class=java.util.HashMap$Node@500000d7)
	key		5000225f
	value		50000fc2
OBJ 50000fec (sz=40, trace=300781, class=sun.util.locale.LanguageTag@50000fa5)
OBJ 50000fed (sz=24, trace=300782, class=java.lang.StringBuilder@50000135)
ARR 50000fee (sz=48, trace=300783, nelems=0, elem type=char[])
OBJ 50000ff0 (sz=16, trace=300785, class=java.util.Collections$EmptyIterator@50000fef)
OBJ 50000ff1 (sz=24, trace=300786, class=java.lang.String@50000181)
	value		50000ff2
ARR 50000ff2 (sz=10, trace=300787, nelems=5, elem type=char[])
ARR 50000ff3 (sz=80, trace=300788, nelems=1, elem type=java.util.concurrent.ConcurrentHashMap$Node[]@50000022)
	[0]		50000ff4
OBJ 50000ff4 (sz=32, trace=300789, class=java.util.concurrent.ConcurrentHashMap$Node@50000023)
	key		500021a9
	val		50000dc3
OBJ 50000ff6 (sz=16, trace=300791, class=java.lang.Object@50000185)
OBJ 50000ff7 (sz=32, trace=300792, class=sun.util.locale.provider.LocaleResources@50000ff5)
	locale		500021a9
	localeData	50000ffc
	type		50000dd0
	cache		50000ff8
	referenceQueue	50000ff9
OBJ 50000ff8 (sz=64, trace=300793, class=java.util.concurrent.ConcurrentHashMap@5000002a)
	table		500013d1
OBJ 50000ff9 (sz=32, trace=300794, class=java.lang.ref.ReferenceQueue@500000e6)
	lock		50000ffa
OBJ 50000ffa (sz=16, trace=300795, class=java.lang.ref.ReferenceQueue$Lock@500000e4)
OBJ 50000ffc (sz=16, trace=300797, class=sun.util.resources.LocaleData@50000ffb)
	type		50000dd0
ARR 50000ffd (sz=80, trace=300798, nelems=1, elem type=java.util.concurrent.ConcurrentHashMap$Node[]@50000022)
	[0]		50000ffe
OBJ 50000ffe (sz=32, trace=300799, class=java.util.concurrent.ConcurrentHashMap$Node@50000023)
	key		500021a9
	val		50000ff7
OBJ 50000fff (sz=24, trace=300800, class=java.lang.StringBuilder@50000135)
ARR 50001000 (sz=48, trace=300801, nelems=0, elem type=char[])
ARR 50001001 (sz=88, trace=300010, nelems=0, elem type=char[])
OBJ 50001002 (sz=24, trace=300802, class=java.lang.String@50000181)
	value		50001003
ARR 50001003 (sz=58, trace=300803, nelems=29, elem type=char[])
OBJ 50001005 (sz=24, trace=300805, class=sun.util.resources.LocaleData$1@50001004)
OBJ 50001007 (sz=16, trace=300807, class=sun.util.resources.LocaleData$LocaleDataResourceBundleControl@50001006)
OBJ 50001008 (sz=56, trace=300808, class=java.util.ResourceBundle$CacheKey@500009da)
OBJ 50001009 (sz=32, trace=300403, class=java.util.ResourceBundle$LoaderReference@500009dd)
OBJ 5000100b (sz=24, trace=300425, class=java.util.ArrayList@500000f1)
ARR 5000100c (sz=40, trace=300810, nelems=0, elem type=java.lang.Object[]@5000011c)
OBJ 5000100d (sz=24, trace=300811, class=java.lang.String@50000181)
ARR 5000100e (sz=40, trace=300812, nelems=0, elem type=char[])
OBJ 5000100f (sz=32, trace=300813, class=java.util.ArrayList$Itr@50000dde)
OBJ 50001010 (sz=40, trace=300781, class=sun.util.locale.LanguageTag@50000fa5)
OBJ 50001011 (sz=24, trace=300782, class=java.lang.StringBuilder@50000135)
ARR 50001012 (sz=48, trace=300783, nelems=0, elem type=char[])
OBJ 50001013 (sz=24, trace=300786, class=java.lang.String@50000181)
	value		50001014
ARR 50001014 (sz=20, trace=300787, nelems=10, elem type=char[])
OBJ 50001015 (sz=24, trace=300814, class=java.lang.StringBuilder@50000135)
ARR 50001016 (sz=56, trace=300815, nelems=0, elem type=char[])
OBJ 50001017 (sz=24, trace=300816, class=java.lang.String@50000181)
ARR 50001018 (sz=40, trace=300817, nelems=0, elem type=char[])
ARR 50001019 (sz=40, trace=300818, nelems=0, elem type=char[])
OBJ 5000101a (sz=24, trace=300819, class=java.lang.String@50000181)
OBJ 5000101b (sz=40, trace=300781, class=sun.util.locale.LanguageTag@50000fa5)
OBJ 5000101c (sz=24, trace=300782, class=java.lang.StringBuilder@50000135)
ARR 5000101d (sz=48, trace=300783, nelems=0, elem type=char[])
OBJ 5000101e (sz=24, trace=300786, class=java.lang.String@50000181)
	value		5000101f
ARR 5000101f (sz=14, trace=300787, nelems=7, elem type=char[])
OBJ 50001020 (sz=24, trace=300814, class=java.lang.StringBuilder@50000135)
ARR 50001021 (sz=56, trace=300815, nelems=0, elem type=char[])
OBJ 50001022 (sz=24, trace=300816, class=java.lang.String@50000181)
ARR 50001023 (sz=40, trace=300817, nelems=0, elem type=char[])
ARR 50001024 (sz=40, trace=300818, nelems=0, elem type=char[])
OBJ 50001025 (sz=24, trace=300819, class=java.lang.String@50000181)
OBJ 50001026 (sz=40, trace=300781, class=sun.util.locale.LanguageTag@50000fa5)
OBJ 50001027 (sz=24, trace=300782, class=java.lang.StringBuilder@50000135)
ARR 50001028 (sz=48, trace=300783, nelems=0, elem type=char[])
OBJ 50001029 (sz=24, trace=300786, class=java.lang.String@50000181)
	value		5000102a
ARR 5000102a (sz=4, trace=300787, nelems=2, elem type=char[])
OBJ 5000102b (sz=32, trace=300427, class=java.util.ResourceBundle$LoaderReference@500009dd)
OBJ 5000102c (sz=16, trace=300428, class=java.lang.Object@50000185)
OBJ 5000102d (sz=32, trace=300617, class=java.util.concurrent.ConcurrentHashMap$Node@50000023)
	key		50001002
	val		5000102c
OBJ 5000102e (sz=16, trace=300431, class=java.lang.Object@50000185)
OBJ 5000102f (sz=32, trace=300617, class=java.util.concurrent.ConcurrentHashMap$Node@50000023)
	key		50001002
	val		5000102e
ARR 50001032 (sz=16, trace=300433, nelems=0, elem type=java.lang.Class[]@50000117)
OBJ 50001033 (sz=56, trace=300149, class=java.lang.Class$ReflectionData@500000c4)
OBJ 50001034 (sz=40, trace=300040, class=java.lang.ref.SoftReference@50000165)
OBJ 50001035 (sz=80, trace=300150, class=java.lang.reflect.Constructor@50000151)
OBJ 50001036 (sz=24, trace=300434, class=java.lang.Class$1@500000ae)
OBJ 50001037 (sz=24, trace=300152, class=sun.reflect.NativeConstructorAccessorImpl@500000ac)
OBJ 50001038 (sz=16, trace=300153, class=sun.reflect.DelegatingConstructorAccessorImpl@500000ab)
OBJ 50001039 (sz=48, trace=300820, class=sun.text.resources.FormatData@50001031)
	locale		500021aa
	name		50001002
	cacheKey	500034c5
	lookup		50001436
	keyset		50001512
	parallelContents	5000103f
OBJ 5000103b (sz=56, trace=300039, class=java.lang.Class$ReflectionData@500000c4)
OBJ 5000103c (sz=40, trace=300040, class=java.lang.ref.SoftReference@50000165)
OBJ 5000103e (sz=72, trace=300041, class=java.lang.reflect.Field@50000155)
OBJ 5000103f (sz=16, trace=300823, class=java.util.concurrent.atomic.AtomicMarkableReference@5000103a)
	pair		50001040
OBJ 50001040 (sz=24, trace=300824, class=java.util.concurrent.atomic.AtomicMarkableReference$Pair@5000103d)
OBJ 50001041 (sz=32, trace=300427, class=java.util.ResourceBundle$LoaderReference@500009dd)
	referent	500009bb
	queue		500003c3
	cacheKey	500034c5
OBJ 50001042 (sz=48, trace=300437, class=java.util.ResourceBundle$BundleReference@50000a2f)
	referent	50001039
	queue		500003c3
	cacheKey	500034c5
OBJ 50001043 (sz=32, trace=300439, class=java.util.concurrent.ConcurrentHashMap$Node@50000023)
	key		500034c5
	val		50001042
OBJ 50001044 (sz=32, trace=300427, class=java.util.ResourceBundle$LoaderReference@500009dd)
OBJ 50001045 (sz=24, trace=300825, class=java.lang.StringBuilder@50000135)
ARR 50001046 (sz=48, trace=300826, nelems=0, elem type=char[])
OBJ 50001047 (sz=24, trace=300827, class=java.lang.String@50000181)
ARR 50001048 (sz=56, trace=300828, nelems=0, elem type=char[])
ARR 50001049 (sz=88, trace=300010, nelems=0, elem type=char[])
OBJ 5000104a (sz=24, trace=300829, class=java.lang.String@50000181)
ARR 5000104b (sz=40, trace=300830, nelems=0, elem type=char[])
OBJ 5000104c (sz=24, trace=300831, class=java.lang.String@50000181)
ARR 5000104d (sz=80, trace=300832, nelems=0, elem type=char[])
OBJ 5000104e (sz=24, trace=300833, class=java.lang.StringBuilder@50000135)
ARR 5000104f (sz=112, trace=300834, nelems=0, elem type=char[])
OBJ 50001050 (sz=24, trace=300835, class=java.lang.String@50000181)
	value		50001051
ARR 50001051 (sz=70, trace=300443, nelems=35, elem type=char[])
OBJ 50001052 (sz=16, trace=300428, class=java.lang.Object@50000185)
OBJ 50001053 (sz=32, trace=300430, class=java.util.concurrent.ConcurrentHashMap$Node@50000023)
	key		50001050
	val		50001052
OBJ 50001054 (sz=16, trace=300431, class=java.lang.Object@50000185)
OBJ 50001055 (sz=32, trace=300430, class=java.util.concurrent.ConcurrentHashMap$Node@50000023)
OBJ 50001056 (sz=24, trace=300445, class=java.net.URLClassLoader$1@50000a3c)
ARR 50001057 (sz=88, trace=300446, nelems=0, elem type=char[])
OBJ 50001058 (sz=24, trace=300447, class=java.lang.String@50000181)
ARR 50001059 (sz=104, trace=300448, nelems=0, elem type=char[])
OBJ 5000105a (sz=24, trace=300449, class=java.lang.String@50000181)
OBJ 5000105b (sz=16, trace=300836, class=sun.misc.URLClassPath$JarLoader$1@500006d7)
OBJ 5000105c (sz=24, trace=300353, class=sun.misc.FileURLMapper@500006d9)
ARR 5000105d (sz=136, trace=300354, nelems=0, elem type=char[])
OBJ 5000105e (sz=24, trace=300355, class=java.lang.String@50000181)
OBJ 5000105f (sz=24, trace=300356, class=java.lang.StringBuilder@50000135)
ARR 50001060 (sz=136, trace=300357, nelems=0, elem type=char[])
ARR 50001061 (sz=80, trace=300358, nelems=0, elem type=byte[])
OBJ 50001062 (sz=48, trace=300225, class=java.nio.HeapByteBuffer@50000072)
ARR 50001063 (sz=136, trace=300359, nelems=0, elem type=char[])
OBJ 50001064 (sz=48, trace=300326, class=java.nio.HeapCharBuffer@5000006a)
OBJ 50001065 (sz=24, trace=300338, class=java.lang.String@50000181)
ARR 50001066 (sz=24, trace=300339, nelems=0, elem type=char[])
OBJ 50001067 (sz=24, trace=300340, class=java.lang.String@50000181)
ARR 50001068 (sz=24, trace=300341, nelems=0, elem type=char[])
OBJ 50001069 (sz=24, trace=300360, class=java.lang.String@50000181)
ARR 5000106a (sz=128, trace=300343, nelems=0, elem type=char[])
OBJ 5000106b (sz=32, trace=300361, class=java.io.File@5000012f)
OBJ 5000106c (sz=24, trace=300362, class=java.lang.StringBuffer@50000136)
ARR 5000106d (sz=128, trace=300363, nelems=0, elem type=char[])
ARR 5000106e (sz=128, trace=300364, nelems=0, elem type=char[])
OBJ 5000106f (sz=24, trace=300365, class=java.lang.String@50000181)
OBJ 50001070 (sz=32, trace=300481, class=java.io.File@5000012f)
OBJ 50001071 (sz=24, trace=300362, class=java.lang.StringBuffer@50000136)
ARR 50001072 (sz=128, trace=300363, nelems=0, elem type=char[])
ARR 50001073 (sz=110, trace=300364, nelems=55, elem type=char[])
OBJ 50001074 (sz=24, trace=300365, class=java.lang.String@50000181)
	value		50001073
OBJ 50001075 (sz=64, trace=300490, class=java.util.jar.JarFile@50000ab8)
	name		50001074
	zc		5000107d
	streams		50001077
	inflaterCache	5000107b
OBJ 50001076 (sz=40, trace=300133, class=java.lang.ref.Finalizer@50000160)
	referent	50001075
	queue		50001ade
	next		50000c06
	prev		500010a1
OBJ 50001077 (sz=48, trace=300491, class=java.util.WeakHashMap@500000ba)
	table		5000107a
	queue		50001078
OBJ 50001078 (sz=32, trace=300492, class=java.lang.ref.ReferenceQueue@500000e6)
	lock		50001079
OBJ 50001079 (sz=16, trace=300493, class=java.lang.ref.ReferenceQueue$Lock@500000e4)
ARR 5000107a (sz=80, trace=300494, nelems=0, elem type=java.util.WeakHashMap$Entry[]@5000003e)
OBJ 5000107b (sz=24, trace=300496, class=java.util.ArrayDeque@50000b1d)
	elements	5000107c
ARR 5000107c (sz=80, trace=300497, nelems=0, elem type=java.lang.Object[]@5000011c)
OBJ 5000107d (sz=32, trace=300499, class=java.util.zip.ZipCoder@50000b20)
	cs		500003aa
	enc		50001081
ARR 5000107e (sz=128, trace=300508, nelems=0, elem type=byte[])
ARR 5000107f (sz=72, trace=300163, nelems=0, elem type=byte[])
ARR 50001080 (sz=24, trace=300158, nelems=0, elem type=byte[])
OBJ 50001081 (sz=56, trace=300159, class=sun.nio.cs.UTF_8$Encoder@500003ad)
	charset		500003aa
	replacement	50001082
	malformedInputAction	50002717
	unmappableCharacterAction	50002717
ARR 50001082 (sz=1, trace=300160, nelems=1, elem type=byte[])
ARR 50001083 (sz=104, trace=300527, nelems=0, elem type=char[])
ARR 50001084 (sz=144, trace=300528, nelems=0, elem type=byte[])
ARR 50001085 (sz=64, trace=300529, nelems=0, elem type=byte[])
OBJ 50001086 (sz=16, trace=300836, class=sun.misc.URLClassPath$JarLoader$1@500006d7)
OBJ 50001087 (sz=24, trace=300353, class=sun.misc.FileURLMapper@500006d9)
ARR 50001088 (sz=136, trace=300354, nelems=0, elem type=char[])
OBJ 50001089 (sz=24, trace=300355, class=java.lang.String@50000181)
OBJ 5000108a (sz=24, trace=300356, class=java.lang.StringBuilder@50000135)
ARR 5000108b (sz=136, trace=300357, nelems=0, elem type=char[])
ARR 5000108c (sz=80, trace=300358, nelems=0, elem type=byte[])
OBJ 5000108d (sz=48, trace=300225, class=java.nio.HeapByteBuffer@50000072)
ARR 5000108e (sz=136, trace=300359, nelems=0, elem type=char[])
OBJ 5000108f (sz=48, trace=300326, class=java.nio.HeapCharBuffer@5000006a)
OBJ 50001090 (sz=24, trace=300338, class=java.lang.String@50000181)
ARR 50001091 (sz=24, trace=300339, nelems=0, elem type=char[])
OBJ 50001092 (sz=24, trace=300340, class=java.lang.String@50000181)
ARR 50001093 (sz=24, trace=300341, nelems=0, elem type=char[])
OBJ 50001094 (sz=24, trace=300360, class=java.lang.String@50000181)
ARR 50001095 (sz=136, trace=300343, nelems=0, elem type=char[])
OBJ 50001096 (sz=32, trace=300361, class=java.io.File@5000012f)
OBJ 50001097 (sz=24, trace=300362, class=java.lang.StringBuffer@50000136)
ARR 50001098 (sz=136, trace=300363, nelems=0, elem type=char[])
ARR 50001099 (sz=136, trace=300364, nelems=0, elem type=char[])
OBJ 5000109a (sz=24, trace=300365, class=java.lang.String@50000181)
OBJ 5000109b (sz=32, trace=300481, class=java.io.File@5000012f)
OBJ 5000109c (sz=24, trace=300362, class=java.lang.StringBuffer@50000136)
ARR 5000109d (sz=136, trace=300363, nelems=0, elem type=char[])
ARR 5000109e (sz=114, trace=300364, nelems=57, elem type=char[])
OBJ 5000109f (sz=24, trace=300365, class=java.lang.String@50000181)
	value		5000109e
OBJ 500010a0 (sz=64, trace=300490, class=java.util.jar.JarFile@50000ab8)
	name		5000109f
	zc		500010a8
	streams		500010a2
	inflaterCache	500010a6
	manRef		50001122
	manEntry	500010d4
OBJ 500010a1 (sz=40, trace=300133, class=java.lang.ref.Finalizer@50000160)
	referent	500010a0
	queue		50001ade
	next		50001076
	prev		500010d9
OBJ 500010a2 (sz=48, trace=300491, class=java.util.WeakHashMap@500000ba)
	table		500010a5
	queue		500010a3
OBJ 500010a3 (sz=32, trace=300492, class=java.lang.ref.ReferenceQueue@500000e6)
	lock		500010a4
OBJ 500010a4 (sz=16, trace=300493, class=java.lang.ref.ReferenceQueue$Lock@500000e4)
ARR 500010a5 (sz=80, trace=300494, nelems=0, elem type=java.util.WeakHashMap$Entry[]@5000003e)
OBJ 500010a6 (sz=24, trace=300496, class=java.util.ArrayDeque@50000b1d)
	elements	500010a7
ARR 500010a7 (sz=80, trace=300497, nelems=0, elem type=java.lang.Object[]@5000011c)
OBJ 500010a8 (sz=32, trace=300499, class=java.util.zip.ZipCoder@50000b20)
	cs		500003aa
	enc		500010ac
ARR 500010a9 (sz=136, trace=300508, nelems=0, elem type=byte[])
ARR 500010aa (sz=80, trace=300163, nelems=0, elem type=byte[])
ARR 500010ab (sz=24, trace=300158, nelems=0, elem type=byte[])
OBJ 500010ac (sz=56, trace=300159, class=sun.nio.cs.UTF_8$Encoder@500003ad)
	charset		500003aa
	replacement	500010ad
	malformedInputAction	50002717
	unmappableCharacterAction	50002717
ARR 500010ad (sz=1, trace=300160, nelems=1, elem type=byte[])
ARR 500010ae (sz=104, trace=300527, nelems=0, elem type=char[])
ARR 500010af (sz=144, trace=300528, nelems=0, elem type=byte[])
ARR 500010b0 (sz=64, trace=300529, nelems=0, elem type=byte[])
OBJ 500010b1 (sz=80, trace=300574, class=java.util.zip.ZipEntry@50000b8b)
OBJ 500010b2 (sz=96, trace=300576, class=java.util.jar.JarFile$JarFileEntry@50000b8e)
ARR 500010b3 (sz=216, trace=300837, nelems=0, elem type=char[])
ARR 500010b4 (sz=104, trace=300838, nelems=0, elem type=char[])
OBJ 500010b5 (sz=24, trace=300839, class=java.lang.String@50000181)
ARR 500010b6 (sz=104, trace=300840, nelems=0, elem type=char[])
OBJ 500010b7 (sz=64, trace=300841, class=java.net.URL@5000012d)
OBJ 500010b8 (sz=24, trace=300842, class=java.lang.String@50000181)
ARR 500010b9 (sz=24, trace=300843, nelems=0, elem type=char[])
OBJ 500010ba (sz=24, trace=300844, class=java.lang.StringBuilder@50000135)
ARR 500010bb (sz=48, trace=300845, nelems=0, elem type=char[])
ARR 500010bc (sz=152, trace=300010, nelems=0, elem type=char[])
ARR 500010bd (sz=288, trace=300010, nelems=0, elem type=char[])
OBJ 500010be (sz=24, trace=300846, class=java.lang.String@50000181)
ARR 500010bf (sz=232, trace=300847, nelems=0, elem type=char[])
OBJ 500010c0 (sz=24, trace=300848, class=java.lang.String@50000181)
ARR 500010c1 (sz=152, trace=300849, nelems=0, elem type=char[])
OBJ 500010c2 (sz=24, trace=300850, class=java.lang.String@50000181)
ARR 500010c3 (sz=104, trace=300851, nelems=0, elem type=char[])
OBJ 500010c4 (sz=16, trace=300852, class=sun.net.www.ParseUtil@50000012)
OBJ 500010c5 (sz=24, trace=300853, class=java.lang.StringBuilder@50000135)
ARR 500010c6 (sz=48, trace=300854, nelems=0, elem type=char[])
ARR 500010c7 (sz=152, trace=300010, nelems=0, elem type=char[])
ARR 500010c8 (sz=288, trace=300010, nelems=0, elem type=char[])
OBJ 500010c9 (sz=24, trace=300855, class=java.lang.String@50000181)
ARR 500010ca (sz=232, trace=300856, nelems=0, elem type=char[])
OBJ 500010cd (sz=32, trace=300858, class=sun.misc.URLClassPath$JarLoader$2@500010cc)
OBJ 500010ce (sz=24, trace=300859, class=java.lang.String@50000181)
	value		500010cf
ARR 500010cf (sz=42, trace=300860, nelems=21, elem type=char[])
ARR 500010d0 (sz=56, trace=300527, nelems=0, elem type=char[])
ARR 500010d1 (sz=80, trace=300528, nelems=0, elem type=byte[])
ARR 500010d2 (sz=40, trace=300529, nelems=0, elem type=byte[])
OBJ 500010d3 (sz=80, trace=300574, class=java.util.zip.ZipEntry@50000b8b)
OBJ 500010d4 (sz=96, trace=300576, class=java.util.jar.JarFile$JarFileEntry@50000b8e)
	name		5000214b
	this$0		500010a0
ARR 500010d5 (sz=56, trace=300577, nelems=0, elem type=char[])
ARR 500010d6 (sz=80, trace=300861, nelems=0, elem type=byte[])
ARR 500010d7 (sz=40, trace=300579, nelems=0, elem type=byte[])
OBJ 500010d8 (sz=56, trace=300581, class=java.util.zip.ZipFile$ZipFileInputStream@50000b93)
	this$0		500010a0
OBJ 500010d9 (sz=40, trace=300133, class=java.lang.ref.Finalizer@50000160)
	referent	500010d8
	queue		50001ade
	next		500010a1
	prev		5000119c
OBJ 500010da (sz=40, trace=300592, class=java.util.WeakHashMap$Entry@5000003f)
ARR 500010db (sz=16, trace=300862, nelems=0, elem type=byte[])
ARR 500010dc (sz=88, trace=300863, nelems=0, elem type=byte[])
OBJ 500010dd (sz=32, trace=300864, class=java.io.ByteArrayInputStream@50000130)
OBJ 500010de (sz=24, trace=300865, class=java.util.jar.Manifest@5000012c)
	attr		500010e0
	entries		500010e2
OBJ 500010e0 (sz=16, trace=300867, class=java.util.jar.Attributes@500010df)
	map		500010e1
OBJ 500010e1 (sz=48, trace=300868, class=java.util.HashMap@500000d9)
	table		50001105
OBJ 500010e2 (sz=48, trace=300869, class=java.util.HashMap@500000d9)
OBJ 500010e4 (sz=32, trace=300871, class=java.util.jar.Manifest$FastInputStream@500010e3)
ARR 500010e5 (sz=8208, trace=300872, nelems=0, elem type=byte[])
ARR 500010e6 (sz=528, trace=300873, nelems=0, elem type=byte[])
OBJ 500010e7 (sz=24, trace=300874, class=java.lang.String@50000181)
ARR 500010e8 (sz=48, trace=300875, nelems=0, elem type=char[])
OBJ 500010e9 (sz=24, trace=300876, class=java.lang.String@50000181)
	value		500010f1
ARR 500010ea (sz=24, trace=300140, nelems=0, elem type=char[])
OBJ 500010eb (sz=24, trace=300141, class=java.lang.String@50000181)
ARR 500010ec (sz=24, trace=300142, nelems=0, elem type=char[])
ARR 500010ed (sz=24, trace=300155, nelems=2, elem type=java.lang.Object[]@5000011c)
	[0]		50002363
	[1]		500003aa
OBJ 500010ee (sz=32, trace=300877, class=java.lang.StringCoding$StringDecoder@5000009b)
OBJ 500010ef (sz=40, trace=300337, class=sun.nio.cs.UTF_8$Decoder@50000675)
OBJ 500010f0 (sz=40, trace=300161, class=java.lang.ref.SoftReference@50000165)
ARR 500010f1 (sz=6, trace=300878, nelems=3, elem type=char[])
OBJ 500010f3 (sz=24, trace=300880, class=java.util.jar.Attributes$Name@500010f2)
	name		500032cf
OBJ 500010f4 (sz=24, trace=300881, class=java.util.jar.Attributes$Name@500010f2)
	name		500032d1
OBJ 500010f5 (sz=24, trace=300882, class=java.util.jar.Attributes$Name@500010f2)
	name		500032c5
OBJ 500010f6 (sz=24, trace=300883, class=java.util.jar.Attributes$Name@500010f2)
	name		500032c4
OBJ 500010f7 (sz=24, trace=300884, class=java.util.jar.Attributes$Name@500010f2)
	name		500032ce
OBJ 500010f8 (sz=24, trace=300885, class=java.util.jar.Attributes$Name@500010f2)
	name		500032d0
OBJ 500010f9 (sz=24, trace=300886, class=java.util.jar.Attributes$Name@500010f2)
	name		500032c7
OBJ 500010fa (sz=24, trace=300887, class=java.util.jar.Attributes$Name@500010f2)
	name		500032c8
OBJ 500010fb (sz=24, trace=300888, class=java.util.jar.Attributes$Name@500010f2)
	name		500032c6
OBJ 500010fc (sz=24, trace=300889, class=java.util.jar.Attributes$Name@500010f2)
	name		500032c9
OBJ 500010fd (sz=24, trace=300890, class=java.util.jar.Attributes$Name@500010f2)
	name		500032cd
OBJ 500010fe (sz=24, trace=300891, class=java.util.jar.Attributes$Name@500010f2)
	name		500032cb
OBJ 500010ff (sz=24, trace=300892, class=java.util.jar.Attributes$Name@500010f2)
	name		500032cc
OBJ 50001100 (sz=24, trace=300893, class=java.util.jar.Attributes$Name@500010f2)
	name		500032ca
OBJ 50001101 (sz=24, trace=300894, class=java.util.jar.Attributes$Name@500010f2)
	name		500032d2
OBJ 50001102 (sz=24, trace=300895, class=java.util.jar.Attributes$Name@500010f2)
	name		500032d4
OBJ 50001103 (sz=24, trace=300896, class=java.util.jar.Attributes$Name@500010f2)
	name		500032d3
OBJ 50001104 (sz=24, trace=300897, class=java.util.jar.Attributes$Name@500010f2)
	name		500032cf
ARR 50001105 (sz=80, trace=300898, nelems=16, elem type=java.util.HashMap$Node[]@500000d5)
	[14]		5000110c
	[15]		50001106
OBJ 50001106 (sz=32, trace=300080, class=java.util.HashMap$Node@500000d7)
	key		50001104
	value		500010e9
OBJ 50001107 (sz=24, trace=300874, class=java.lang.String@50000181)
	value		50001108
ARR 50001108 (sz=20, trace=300875, nelems=10, elem type=char[])
OBJ 50001109 (sz=24, trace=300876, class=java.lang.String@50000181)
	value		5000110a
ARR 5000110a (sz=58, trace=300878, nelems=29, elem type=char[])
OBJ 5000110b (sz=24, trace=300897, class=java.util.jar.Attributes$Name@500010f2)
	name		50001107
OBJ 5000110c (sz=32, trace=300080, class=java.util.HashMap$Node@500000d7)
	key		5000110b
	value		50001109
OBJ 5000110e (sz=88, trace=300900, class=java.util.jar.JarVerifier@5000110d)
OBJ 5000110f (sz=16, trace=300901, class=java.lang.Object@50000185)
OBJ 50001110 (sz=48, trace=300902, class=java.util.HashMap@500000d9)
OBJ 50001111 (sz=48, trace=300903, class=java.util.HashMap@500000d9)
ARR 50001114 (sz=16, trace=300905, nelems=0, elem type=java.security.CodeSigner[]@50001113)
OBJ 50001116 (sz=16, trace=300907, class=java.util.jar.JarVerifier$3@50001115)
OBJ 50001117 (sz=48, trace=300908, class=java.util.Hashtable@50000159)
ARR 50001118 (sz=64, trace=300909, nelems=0, elem type=java.util.Hashtable$Entry[]@500000d2)
OBJ 50001119 (sz=48, trace=300910, class=java.util.Hashtable@50000159)
ARR 5000111a (sz=64, trace=300911, nelems=0, elem type=java.util.Hashtable$Entry[]@500000d2)
OBJ 5000111b (sz=48, trace=300912, class=java.util.Hashtable@50000159)
ARR 5000111c (sz=64, trace=300913, nelems=0, elem type=java.util.Hashtable$Entry[]@500000d2)
OBJ 5000111d (sz=24, trace=300914, class=java.util.ArrayList@500000f1)
OBJ 5000111f (sz=24, trace=300916, class=java.io.ByteArrayOutputStream@5000111e)
ARR 50001120 (sz=48, trace=300917, nelems=0, elem type=byte[])
OBJ 50001121 (sz=24, trace=300918, class=java.util.ArrayList@500000f1)
OBJ 50001122 (sz=40, trace=300919, class=java.lang.ref.SoftReference@50000165)
	referent	500010de
	queue		5000213e
OBJ 50001124 (sz=48, trace=300921, class=java.util.HashMap@500000d9)
OBJ 50001125 (sz=48, trace=300922, class=java.util.HashMap@500000d9)
OBJ 50001126 (sz=48, trace=300923, class=java.util.HashMap@500000d9)
ARR 50001127 (sz=64, trace=300924, nelems=0, elem type=char[])
OBJ 50001128 (sz=24, trace=300925, class=java.lang.String@50000181)
ARR 50001129 (sz=64, trace=300926, nelems=0, elem type=char[])
OBJ 5000112a (sz=24, trace=300927, class=java.lang.String@50000181)
ARR 5000112b (sz=64, trace=300928, nelems=0, elem type=char[])
OBJ 5000112c (sz=24, trace=300929, class=java.lang.String@50000181)
ARR 5000112d (sz=64, trace=300930, nelems=0, elem type=char[])
OBJ 5000112e (sz=24, trace=300931, class=java.lang.String@50000181)
ARR 5000112f (sz=64, trace=300932, nelems=0, elem type=char[])
OBJ 50001130 (sz=24, trace=300925, class=java.lang.String@50000181)
ARR 50001131 (sz=64, trace=300926, nelems=0, elem type=char[])
OBJ 50001132 (sz=24, trace=300927, class=java.lang.String@50000181)
OBJ 50001133 (sz=56, trace=300933, class=java.lang.Package@50001123)
	pkgName		500010ce
	loader		50001ae6
ARR 50001134 (sz=80, trace=300934, nelems=3, elem type=java.util.HashMap$Node[]@500000d5)
	[1]		50001135
	[2]		500017a1
OBJ 50001135 (sz=32, trace=300080, class=java.util.HashMap$Node@500000d7)
	key		500010ce
	value		50001133
OBJ 50001138 (sz=24, trace=300937, class=java.security.CryptoPrimitive@50001137)
	name		50002167
OBJ 50001139 (sz=24, trace=300938, class=java.security.CryptoPrimitive@50001137)
	name		50002169
OBJ 5000113a (sz=24, trace=300939, class=java.security.CryptoPrimitive@50001137)
	name		50002162
OBJ 5000113b (sz=24, trace=300940, class=java.security.CryptoPrimitive@50001137)
	name		5000216b
OBJ 5000113c (sz=24, trace=300941, class=java.security.CryptoPrimitive@50001137)
	name		50002166
OBJ 5000113d (sz=24, trace=300942, class=java.security.CryptoPrimitive@50001137)
	name		50002165
OBJ 5000113e (sz=24, trace=300943, class=java.security.CryptoPrimitive@50001137)
	name		50002168
OBJ 5000113f (sz=24, trace=300944, class=java.security.CryptoPrimitive@50001137)
	name		5000216a
OBJ 50001140 (sz=24, trace=300945, class=java.security.CryptoPrimitive@50001137)
	name		50002164
OBJ 50001141 (sz=24, trace=300946, class=java.security.CryptoPrimitive@50001137)
	name		50002163
ARR 50001143 (sz=56, trace=300947, nelems=10, elem type=java.security.CryptoPrimitive[]@50001142)
	[0]		50001138
	[1]		50001139
	[2]		5000113a
	[3]		5000113b
	[4]		5000113c
	[5]		5000113d
	[6]		5000113e
	[7]		5000113f
	[8]		50001140
	[9]		50001141
ARR 50001145 (sz=16, trace=300949, nelems=0, elem type=java.lang.Enum[]@50000057)
ARR 50001146 (sz=16, trace=300950, nelems=0, elem type=java.lang.Class[]@50000117)
OBJ 50001148 (sz=24, trace=300952, class=java.lang.Class$MethodArray@50001147)
ARR 5000114a (sz=24, trace=300953, nelems=0, elem type=java.lang.reflect.Method[]@50001149)
OBJ 5000114b (sz=56, trace=300954, class=java.lang.Class$ReflectionData@500000c4)
OBJ 5000114c (sz=40, trace=300040, class=java.lang.ref.SoftReference@50000165)
OBJ 5000114d (sz=88, trace=300955, class=java.lang.reflect.Method@50000152)
OBJ 5000114f (sz=24, trace=300957, class=java.lang.Class$4@5000114e)
ARR 50001150 (sz=16, trace=300958, nelems=0, elem type=java.lang.Object[]@5000011c)
OBJ 50001152 (sz=24, trace=300960, class=sun.reflect.NativeMethodAccessorImpl@50001151)
OBJ 50001154 (sz=16, trace=300962, class=sun.reflect.DelegatingMethodAccessorImpl@50001153)
OBJ 50001156 (sz=32, trace=300964, class=java.util.RegularEnumSet@50001155)
	elementType	50001137
	universe	50002161
OBJ 50001158 (sz=16, trace=300966, class=java.util.Collections$UnmodifiableSet@50001157)
	c		50001156
OBJ 5000115c (sz=48, trace=300968, class=java.util.HashMap@500000d9)
	table		5000125b
OBJ 5000115d (sz=48, trace=300969, class=java.util.HashMap@500000d9)
	table		500012b2
OBJ 50001162 (sz=16, trace=300973, class=java.util.regex.Pattern$4@50001161)
OBJ 50001163 (sz=16, trace=300974, class=java.util.regex.Pattern$Node@50001160)
OBJ 50001165 (sz=16, trace=300976, class=java.util.regex.Pattern$LastNode@50001164)
	next		50001163
OBJ 50001166 (sz=72, trace=300977, class=java.util.regex.Pattern@5000115f)
	pattern		50002176
	normalizedPattern	50002176
	root		50001175
	matchRoot	5000116f
ARR 50001167 (sz=32, trace=300978, nelems=0, elem type=int[])
ARR 50001168 (sz=144, trace=300979, nelems=0, elem type=int[])
ARR 5000116b (sz=56, trace=300981, nelems=0, elem type=java.util.regex.Pattern$GroupHead[]@5000116a)
OBJ 5000116f (sz=24, trace=300983, class=java.util.regex.Pattern$Single@5000116e)
	next		50001165
OBJ 50001175 (sz=24, trace=300988, class=java.util.regex.Pattern$Start@50001174)
	next		5000116f
OBJ 50001177 (sz=24, trace=300990, class=java.util.regex.Pattern$TreeInfo@50001176)
OBJ 50001178 (sz=72, trace=300991, class=java.util.regex.Pattern@5000115f)
	pattern		50002177
	normalizedPattern	50002177
	root		50001189
	matchRoot	50001186
ARR 50001179 (sz=56, trace=300992, nelems=0, elem type=int[])
ARR 5000117a (sz=144, trace=300993, nelems=0, elem type=int[])
ARR 5000117b (sz=56, trace=300994, nelems=0, elem type=java.util.regex.Pattern$GroupHead[]@5000116a)
ARR 5000117c (sz=16, trace=300995, nelems=4, elem type=int[])
ARR 5000117e (sz=512, trace=300997, nelems=128, elem type=int[])
OBJ 50001180 (sz=24, trace=300999, class=java.util.regex.Pattern$SliceI@5000117f)
	next		50001184
	buffer		5000117c
ARR 50001181 (sz=12, trace=300995, nelems=3, elem type=int[])
OBJ 50001182 (sz=24, trace=300999, class=java.util.regex.Pattern$SliceI@5000117f)
	next		50001184
	buffer		50001181
OBJ 50001184 (sz=16, trace=301001, class=java.util.regex.Pattern$BranchConn@50001183)
	next		50001165
OBJ 50001186 (sz=32, trace=301003, class=java.util.regex.Pattern$Branch@50001185)
	next		50001163
	atoms		50001188
	conn		50001184
ARR 50001188 (sz=24, trace=301004, nelems=2, elem type=java.util.regex.Pattern$Node[]@50001187)
	[0]		50001180
	[1]		50001182
OBJ 50001189 (sz=24, trace=300988, class=java.util.regex.Pattern$Start@50001174)
	next		50001186
OBJ 5000118a (sz=24, trace=300990, class=java.util.regex.Pattern$TreeInfo@50001176)
OBJ 5000118b (sz=16, trace=301005, class=sun.security.util.AlgorithmDecomposer@5000115e)
OBJ 5000118c (sz=24, trace=301006, class=sun.security.util.DisabledAlgorithmConstraints@5000115b)
	decomposer	5000118b
	disabledAlgorithms	50001253
	keySizeConstraints	5000128a
OBJ 5000118e (sz=16, trace=301008, class=sun.security.util.AbstractAlgorithmConstraints$1@5000118d)
OBJ 50001191 (sz=16, trace=301011, class=java.security.Security$1@50001190)
OBJ 50001192 (sz=48, trace=301012, class=java.util.Properties@50000158)
	table		50001200
ARR 50001193 (sz=64, trace=301013, nelems=0, elem type=java.util.Hashtable$Entry[]@500000d2)
OBJ 50001194 (sz=24, trace=301014, class=java.lang.StringBuilder@50000135)
ARR 50001195 (sz=48, trace=301015, nelems=0, elem type=char[])
ARR 50001196 (sz=88, trace=300010, nelems=0, elem type=char[])
ARR 50001197 (sz=160, trace=300010, nelems=0, elem type=char[])
OBJ 50001198 (sz=24, trace=301016, class=java.lang.String@50000181)
	value		50001199
ARR 50001199 (sz=122, trace=301017, nelems=61, elem type=char[])
OBJ 5000119a (sz=32, trace=301018, class=java.io.File@5000012f)
OBJ 5000119b (sz=32, trace=301019, class=java.io.FileInputStream@5000008b)
	fd		5000119e
	path		50001198
	closeLock	5000119d
OBJ 5000119c (sz=40, trace=300133, class=java.lang.ref.Finalizer@50000160)
	referent	5000119b
	queue		50001ade
	next		500010d9
	prev		500012c7
OBJ 5000119d (sz=16, trace=301020, class=java.lang.Object@50000185)
OBJ 5000119e (sz=40, trace=301021, class=java.io.FileDescriptor@5000008a)
	parent		5000119b
OBJ 5000119f (sz=40, trace=301022, class=java.io.BufferedInputStream@50000083)
ARR 500011a0 (sz=8208, trace=301023, nelems=0, elem type=byte[])
OBJ 500011a2 (sz=48, trace=301025, class=java.util.Properties$LineReader@500011a1)
ARR 500011a3 (sz=2064, trace=301026, nelems=0, elem type=char[])
ARR 500011a4 (sz=8208, trace=301027, nelems=0, elem type=byte[])
ARR 500011a5 (sz=2064, trace=301028, nelems=0, elem type=char[])
OBJ 500011a6 (sz=24, trace=301029, class=java.lang.String@50000181)
	value		500011a7
ARR 500011a7 (sz=38, trace=301030, nelems=19, elem type=char[])
OBJ 500011a8 (sz=24, trace=301031, class=java.lang.String@50000181)
	value		500011a9
ARR 500011a9 (sz=50, trace=301032, nelems=25, elem type=char[])
OBJ 500011aa (sz=32, trace=301033, class=java.util.Hashtable$Entry@500000d3)
	key		500011a6
	value		500011a8
OBJ 500011ab (sz=24, trace=301029, class=java.lang.String@50000181)
	value		500011ac
ARR 500011ac (sz=38, trace=301030, nelems=19, elem type=char[])
OBJ 500011ad (sz=24, trace=301031, class=java.lang.String@50000181)
	value		500011ae
ARR 500011ae (sz=54, trace=301032, nelems=27, elem type=char[])
OBJ 500011af (sz=32, trace=301033, class=java.util.Hashtable$Entry@500000d3)
	key		500011ab
	value		500011ad
	next		500011dd
OBJ 500011b0 (sz=24, trace=301029, class=java.lang.String@50000181)
	value		500011b1
ARR 500011b1 (sz=38, trace=301030, nelems=19, elem type=char[])
OBJ 500011b2 (sz=24, trace=301031, class=java.lang.String@50000181)
	value		500011b3
ARR 500011b3 (sz=42, trace=301032, nelems=21, elem type=char[])
OBJ 500011b4 (sz=32, trace=301033, class=java.util.Hashtable$Entry@500000d3)
	key		500011b0
	value		500011b2
OBJ 500011b5 (sz=24, trace=301029, class=java.lang.String@50000181)
	value		500011b6
ARR 500011b6 (sz=38, trace=301030, nelems=19, elem type=char[])
OBJ 500011b7 (sz=24, trace=301031, class=java.lang.String@50000181)
	value		500011b8
ARR 500011b8 (sz=74, trace=301032, nelems=37, elem type=char[])
OBJ 500011b9 (sz=32, trace=301033, class=java.util.Hashtable$Entry@500000d3)
	key		500011b5
	value		500011b7
OBJ 500011ba (sz=24, trace=301029, class=java.lang.String@50000181)
	value		500011bb
ARR 500011bb (sz=38, trace=301030, nelems=19, elem type=char[])
OBJ 500011bc (sz=24, trace=301031, class=java.lang.String@50000181)
	value		500011bd
ARR 500011bd (sz=60, trace=301032, nelems=30, elem type=char[])
OBJ 500011be (sz=32, trace=301033, class=java.util.Hashtable$Entry@500000d3)
	key		500011ba
	value		500011bc
OBJ 500011bf (sz=24, trace=301029, class=java.lang.String@50000181)
	value		500011c0
ARR 500011c0 (sz=38, trace=301030, nelems=19, elem type=char[])
OBJ 500011c1 (sz=24, trace=301031, class=java.lang.String@50000181)
	value		500011c2
ARR 500011c2 (sz=58, trace=301032, nelems=29, elem type=char[])
OBJ 500011c3 (sz=32, trace=301033, class=java.util.Hashtable$Entry@500000d3)
	key		500011bf
	value		500011c1
OBJ 500011c4 (sz=24, trace=301029, class=java.lang.String@50000181)
	value		500011c5
ARR 500011c5 (sz=38, trace=301030, nelems=19, elem type=char[])
OBJ 500011c6 (sz=24, trace=301031, class=java.lang.String@50000181)
	value		500011c7
ARR 500011c7 (sz=60, trace=301032, nelems=30, elem type=char[])
OBJ 500011c8 (sz=32, trace=301033, class=java.util.Hashtable$Entry@500000d3)
	key		500011c4
	value		500011c6
	next		500011e7
OBJ 500011c9 (sz=24, trace=301029, class=java.lang.String@50000181)
	value		500011ca
ARR 500011ca (sz=38, trace=301030, nelems=19, elem type=char[])
OBJ 500011cb (sz=24, trace=301031, class=java.lang.String@50000181)
	value		500011cc
ARR 500011cc (sz=78, trace=301032, nelems=39, elem type=char[])
OBJ 500011cd (sz=32, trace=301033, class=java.util.Hashtable$Entry@500000d3)
	key		500011c9
	value		500011cb
OBJ 500011ce (sz=24, trace=301029, class=java.lang.String@50000181)
	value		500011cf
ARR 500011cf (sz=38, trace=301030, nelems=19, elem type=char[])
OBJ 500011d0 (sz=24, trace=301031, class=java.lang.String@50000181)
	value		500011d1
ARR 500011d1 (sz=64, trace=301032, nelems=32, elem type=char[])
ARR 500011d2 (sz=112, trace=301034, nelems=0, elem type=java.util.Hashtable$Entry[]@500000d2)
OBJ 500011d3 (sz=32, trace=301033, class=java.util.Hashtable$Entry@500000d3)
	key		500011ce
	value		500011d0
OBJ 500011d4 (sz=24, trace=301029, class=java.lang.String@50000181)
	value		500011d5
ARR 500011d5 (sz=40, trace=301030, nelems=20, elem type=char[])
OBJ 500011d6 (sz=24, trace=301031, class=java.lang.String@50000181)
	value		500011d7
ARR 500011d7 (sz=58, trace=301032, nelems=29, elem type=char[])
OBJ 500011d8 (sz=32, trace=301033, class=java.util.Hashtable$Entry@500000d3)
	key		500011d4
	value		500011d6
OBJ 500011d9 (sz=24, trace=301029, class=java.lang.String@50000181)
	value		500011da
ARR 500011da (sz=38, trace=301030, nelems=19, elem type=char[])
OBJ 500011db (sz=24, trace=301031, class=java.lang.String@50000181)
	value		500011dc
ARR 500011dc (sz=32, trace=301032, nelems=16, elem type=char[])
OBJ 500011dd (sz=32, trace=301033, class=java.util.Hashtable$Entry@500000d3)
	key		500011d9
	value		500011db
OBJ 500011de (sz=24, trace=301029, class=java.lang.String@50000181)
	value		500011df
ARR 500011df (sz=58, trace=301030, nelems=29, elem type=char[])
OBJ 500011e0 (sz=24, trace=301031, class=java.lang.String@50000181)
	value		500011e1
ARR 500011e1 (sz=70, trace=301032, nelems=35, elem type=char[])
OBJ 500011e2 (sz=32, trace=301033, class=java.util.Hashtable$Entry@500000d3)
	key		500011de
	value		500011e0
OBJ 500011e3 (sz=24, trace=301029, class=java.lang.String@50000181)
	value		500011e4
ARR 500011e4 (sz=56, trace=301030, nelems=28, elem type=char[])
OBJ 500011e5 (sz=24, trace=301031, class=java.lang.String@50000181)
	value		500011e6
ARR 500011e6 (sz=64, trace=301032, nelems=32, elem type=char[])
OBJ 500011e7 (sz=32, trace=301033, class=java.util.Hashtable$Entry@500000d3)
	key		500011e3
	value		500011e5
OBJ 500011e8 (sz=24, trace=301029, class=java.lang.String@50000181)
	value		500011e9
ARR 500011e9 (sz=30, trace=301030, nelems=15, elem type=char[])
OBJ 500011ea (sz=24, trace=301031, class=java.lang.String@50000181)
	value		500011eb
ARR 500011eb (sz=64, trace=301032, nelems=32, elem type=char[])
OBJ 500011ec (sz=32, trace=301033, class=java.util.Hashtable$Entry@500000d3)
	key		500011e8
	value		500011ea
OBJ 500011ed (sz=24, trace=301029, class=java.lang.String@50000181)
	value		500011ee
ARR 500011ee (sz=24, trace=301030, nelems=12, elem type=char[])
OBJ 500011ef (sz=24, trace=301031, class=java.lang.String@50000181)
	value		500011f0
ARR 500011f0 (sz=84, trace=301032, nelems=42, elem type=char[])
OBJ 500011f1 (sz=32, trace=301033, class=java.util.Hashtable$Entry@500000d3)
	key		500011ed
	value		500011ef
OBJ 500011f2 (sz=24, trace=301029, class=java.lang.String@50000181)
	value		500011f3
ARR 500011f3 (sz=24, trace=301030, nelems=12, elem type=char[])
OBJ 500011f4 (sz=24, trace=301031, class=java.lang.String@50000181)
	value		500011f5
ARR 500011f5 (sz=60, trace=301032, nelems=30, elem type=char[])
OBJ 500011f6 (sz=32, trace=301033, class=java.util.Hashtable$Entry@500000d3)
	key		500011f2
	value		500011f4
OBJ 500011f7 (sz=24, trace=301029, class=java.lang.String@50000181)
	value		500011f8
ARR 500011f8 (sz=46, trace=301030, nelems=23, elem type=char[])
OBJ 500011f9 (sz=24, trace=301031, class=java.lang.String@50000181)
	value		500011fa
ARR 500011fa (sz=8, trace=301032, nelems=4, elem type=char[])
OBJ 500011fb (sz=32, trace=301033, class=java.util.Hashtable$Entry@500000d3)
	key		500011f7
	value		500011f9
OBJ 500011fc (sz=24, trace=301029, class=java.lang.String@50000181)
	value		500011fd
ARR 500011fd (sz=52, trace=301030, nelems=26, elem type=char[])
OBJ 500011fe (sz=24, trace=301031, class=java.lang.String@50000181)
	value		500011ff
ARR 500011ff (sz=8, trace=301032, nelems=4, elem type=char[])
ARR 50001200 (sz=208, trace=301034, nelems=47, elem type=java.util.Hashtable$Entry[]@500000d2)
	[0]		50001210
	[1]		500011d8
	[2]		50001217
	[5]		50001206
	[6]		5000121d
	[7]		50001236
	[12]		50001222
	[16]		5000123b
	[18]		500011ec
	[20]		500011fb
	[24]		50001245
	[28]		50001240
	[29]		50001227
	[32]		5000120b
	[33]		5000124a
	[35]		5000122c
	[37]		500011f1
	[38]		50001201
	[39]		500011aa
	[40]		500011af
	[41]		500011b4
	[42]		500011b9
	[43]		500011be
	[44]		500011c3
	[45]		500011c8
	[46]		500011cd
OBJ 50001201 (sz=32, trace=301033, class=java.util.Hashtable$Entry@500000d3)
	key		500011fc
	value		500011fe
	next		500011f6
OBJ 50001202 (sz=24, trace=301029, class=java.lang.String@50000181)
	value		50001203
ARR 50001203 (sz=52, trace=301030, nelems=26, elem type=char[])
OBJ 50001204 (sz=24, trace=301031, class=java.lang.String@50000181)
	value		50001205
ARR 50001205 (sz=10, trace=301032, nelems=5, elem type=char[])
OBJ 50001206 (sz=32, trace=301033, class=java.util.Hashtable$Entry@500000d3)
	key		50001202
	value		50001204
OBJ 50001207 (sz=24, trace=301029, class=java.lang.String@50000181)
	value		50001208
ARR 50001208 (sz=26, trace=301030, nelems=13, elem type=char[])
OBJ 50001209 (sz=24, trace=301031, class=java.lang.String@50000181)
	value		5000120a
ARR 5000120a (sz=6, trace=301032, nelems=3, elem type=char[])
OBJ 5000120b (sz=32, trace=301033, class=java.util.Hashtable$Entry@500000d3)
	key		50001207
	value		50001209
OBJ 5000120c (sz=24, trace=301029, class=java.lang.String@50000181)
	value		5000120d
ARR 5000120d (sz=40, trace=301030, nelems=20, elem type=char[])
OBJ 5000120e (sz=24, trace=301031, class=java.lang.String@50000181)
	value		5000120f
ARR 5000120f (sz=8, trace=301032, nelems=4, elem type=char[])
OBJ 50001210 (sz=32, trace=301033, class=java.util.Hashtable$Entry@500000d3)
	key		5000120c
	value		5000120e
	next		500011d3
ARR 50001211 (sz=4112, trace=301035, nelems=0, elem type=char[])
OBJ 50001212 (sz=24, trace=301029, class=java.lang.String@50000181)
	value		50001213
ARR 50001213 (sz=28, trace=301030, nelems=14, elem type=char[])
ARR 50001214 (sz=5416, trace=301036, nelems=0, elem type=char[])
OBJ 50001215 (sz=24, trace=301031, class=java.lang.String@50000181)
	value		50001216
ARR 50001216 (sz=2698, trace=301032, nelems=1349, elem type=char[])
OBJ 50001217 (sz=32, trace=301033, class=java.util.Hashtable$Entry@500000d3)
	key		50001212
	value		50001215
	next		500011e2
OBJ 50001218 (sz=24, trace=301029, class=java.lang.String@50000181)
	value		50001219
ARR 50001219 (sz=36, trace=301030, nelems=18, elem type=char[])
ARR 5000121a (sz=5416, trace=301036, nelems=0, elem type=char[])
OBJ 5000121b (sz=24, trace=301031, class=java.lang.String@50000181)
	value		5000121c
ARR 5000121c (sz=2698, trace=301032, nelems=1349, elem type=char[])
OBJ 5000121d (sz=32, trace=301033, class=java.util.Hashtable$Entry@500000d3)
	key		50001218
	value		5000121b
OBJ 5000121e (sz=24, trace=301029, class=java.lang.String@50000181)
	value		5000121f
ARR 5000121f (sz=62, trace=301030, nelems=31, elem type=char[])
OBJ 50001220 (sz=24, trace=301031, class=java.lang.String@50000181)
	value		50001221
ARR 50001221 (sz=8, trace=301032, nelems=4, elem type=char[])
OBJ 50001222 (sz=32, trace=301033, class=java.util.Hashtable$Entry@500000d3)
	key		5000121e
	value		50001220
OBJ 50001223 (sz=24, trace=301029, class=java.lang.String@50000181)
	value		50001224
ARR 50001224 (sz=62, trace=301030, nelems=31, elem type=char[])
OBJ 50001225 (sz=24, trace=301031, class=java.lang.String@50000181)
	value		50001226
ARR 50001226 (sz=14, trace=301032, nelems=7, elem type=char[])
OBJ 50001227 (sz=32, trace=301033, class=java.util.Hashtable$Entry@500000d3)
	key		50001223
	value		50001225
OBJ 50001228 (sz=24, trace=301029, class=java.lang.String@50000181)
	value		50001229
ARR 50001229 (sz=66, trace=301030, nelems=33, elem type=char[])
OBJ 5000122a (sz=24, trace=301031, class=java.lang.String@50000181)
	value		5000122b
ARR 5000122b (sz=8, trace=301032, nelems=4, elem type=char[])
OBJ 5000122c (sz=32, trace=301033, class=java.util.Hashtable$Entry@500000d3)
	key		50001228
	value		5000122a
OBJ 5000122d (sz=24, trace=301029, class=java.lang.String@50000181)
	value		5000122e
ARR 5000122e (sz=66, trace=301030, nelems=33, elem type=char[])
OBJ 5000122f (sz=24, trace=301031, class=java.lang.String@50000181)
	value		50001230
ARR 50001230 (sz=4, trace=301032, nelems=2, elem type=char[])
OBJ 50001231 (sz=32, trace=301033, class=java.util.Hashtable$Entry@500000d3)
	key		5000122d
	value		5000122f
OBJ 50001232 (sz=24, trace=301029, class=java.lang.String@50000181)
	value		50001233
ARR 50001233 (sz=38, trace=301030, nelems=19, elem type=char[])
OBJ 50001234 (sz=24, trace=301031, class=java.lang.String@50000181)
	value		50001235
ARR 50001235 (sz=14, trace=301032, nelems=7, elem type=char[])
OBJ 50001236 (sz=32, trace=301033, class=java.util.Hashtable$Entry@500000d3)
	key		50001232
	value		50001234
	next		50001231
OBJ 50001237 (sz=24, trace=301029, class=java.lang.String@50000181)
	value		50001238
ARR 50001238 (sz=62, trace=301030, nelems=31, elem type=char[])
OBJ 50001239 (sz=24, trace=301031, class=java.lang.String@50000181)
	value		5000123a
ARR 5000123a (sz=56, trace=301032, nelems=28, elem type=char[])
OBJ 5000123b (sz=32, trace=301033, class=java.util.Hashtable$Entry@500000d3)
	key		50001237
	value		50001239
OBJ 5000123c (sz=24, trace=301029, class=java.lang.String@50000181)
	value		5000123d
ARR 5000123d (sz=52, trace=301030, nelems=26, elem type=char[])
OBJ 5000123e (sz=24, trace=301031, class=java.lang.String@50000181)
	value		5000123f
ARR 5000123f (sz=80, trace=301032, nelems=40, elem type=char[])
OBJ 50001240 (sz=32, trace=301033, class=java.util.Hashtable$Entry@500000d3)
	key		5000123c
	value		5000123e
OBJ 50001241 (sz=24, trace=301029, class=java.lang.String@50000181)
	value		50001242
ARR 50001242 (sz=48, trace=301030, nelems=24, elem type=char[])
OBJ 50001243 (sz=24, trace=301031, class=java.lang.String@50000181)
	value		50001244
ARR 50001244 (sz=338, trace=301032, nelems=169, elem type=char[])
OBJ 50001245 (sz=32, trace=301033, class=java.util.Hashtable$Entry@500000d3)
	key		50001241
	value		50001243
OBJ 50001246 (sz=24, trace=301029, class=java.lang.String@50000181)
	value		50001247
ARR 50001247 (sz=52, trace=301030, nelems=26, elem type=char[])
OBJ 50001248 (sz=24, trace=301031, class=java.lang.String@50000181)
	value		50001249
ARR 50001249 (sz=46, trace=301032, nelems=23, elem type=char[])
OBJ 5000124a (sz=32, trace=301033, class=java.util.Hashtable$Entry@500000d3)
	key		50001246
	value		50001248
OBJ 5000124b (sz=16, trace=301037, class=java.io.FileInputStream$1@50000013)
OBJ 5000124c (sz=64, trace=301038, class=java.util.concurrent.ConcurrentHashMap@5000002a)
OBJ 5000124d (sz=24, trace=301039, class=java.util.ArrayList@500000f1)
OBJ 5000124e (sz=24, trace=301040, class=java.lang.String@50000181)
	value		5000124f
ARR 5000124f (sz=6, trace=301041, nelems=3, elem type=char[])
ARR 50001250 (sz=56, trace=300238, nelems=0, elem type=java.lang.Object[]@5000011c)
OBJ 50001251 (sz=24, trace=301042, class=java.lang.String@50000181)
ARR 50001252 (sz=56, trace=301043, nelems=0, elem type=char[])
ARR 50001253 (sz=24, trace=301044, nelems=2, elem type=java.lang.String[]@500000db)
	[0]		5000124e
	[1]		50001259
OBJ 50001255 (sz=40, trace=301046, class=java.util.ArrayList$SubList@50001254)
OBJ 50001258 (sz=40, trace=301048, class=java.util.ArrayList$SubList$1@50001257)
OBJ 50001259 (sz=24, trace=301049, class=java.lang.String@50000181)
	value		5000125a
ARR 5000125a (sz=36, trace=301050, nelems=18, elem type=char[])
ARR 5000125b (sz=80, trace=301051, nelems=3, elem type=java.util.HashMap$Node[]@500000d5)
	[2]		5000125c
OBJ 5000125c (sz=32, trace=300080, class=java.util.HashMap$Node@500000d7)
	key		50002160
	value		50001253
OBJ 5000125e (sz=72, trace=301053, class=java.util.regex.Pattern@5000115f)
	pattern		5000218a
	normalizedPattern	5000218a
	root		50001288
	matchRoot	50001262
ARR 5000125f (sz=200, trace=301054, nelems=0, elem type=int[])
ARR 50001260 (sz=144, trace=301055, nelems=0, elem type=int[])
ARR 50001261 (sz=56, trace=301056, nelems=0, elem type=java.util.regex.Pattern$GroupHead[]@5000116a)
OBJ 50001262 (sz=24, trace=301057, class=java.util.regex.Pattern$GroupHead@50001169)
	next		5000126a
OBJ 50001264 (sz=24, trace=301059, class=java.util.regex.Pattern$GroupTail@50001263)
	next		5000126c
OBJ 50001266 (sz=24, trace=300983, class=java.util.regex.Pattern$Ctype@50001265)
	next		50001163
OBJ 50001268 (sz=24, trace=301062, class=java.util.regex.Pattern$CharProperty$1@50001267)
	next		50001163
	this$0		50001266
OBJ 5000126a (sz=32, trace=301064, class=java.util.regex.Pattern$Curly@50001269)
	next		50001264
	atom		50001268
OBJ 5000126b (sz=24, trace=300983, class=java.util.regex.Pattern$Ctype@50001265)
	next		50001163
OBJ 5000126c (sz=32, trace=301064, class=java.util.regex.Pattern$Curly@50001269)
	next		5000126e
	atom		5000126b
ARR 5000126d (sz=28, trace=300995, nelems=7, elem type=int[])
OBJ 5000126e (sz=24, trace=301065, class=java.util.regex.Pattern$Slice@50001171)
	next		50001270
	buffer		5000126d
OBJ 5000126f (sz=24, trace=300983, class=java.util.regex.Pattern$Ctype@50001265)
	next		50001163
OBJ 50001270 (sz=32, trace=301066, class=java.util.regex.Pattern$Curly@50001269)
	next		50001271
	atom		5000126f
OBJ 50001271 (sz=24, trace=301057, class=java.util.regex.Pattern$GroupHead@50001169)
	next		50001277
OBJ 50001272 (sz=24, trace=301059, class=java.util.regex.Pattern$GroupTail@50001263)
	next		50001283
ARR 50001273 (sz=8, trace=300995, nelems=2, elem type=int[])
OBJ 50001274 (sz=24, trace=301065, class=java.util.regex.Pattern$Slice@50001171)
	next		50001276
	buffer		50001273
OBJ 50001275 (sz=24, trace=300983, class=java.util.regex.Pattern$Single@5000116e)
	next		50001276
OBJ 50001276 (sz=16, trace=301067, class=java.util.regex.Pattern$BranchConn@50001183)
	next		50001272
OBJ 50001277 (sz=32, trace=301068, class=java.util.regex.Pattern$Branch@50001185)
	next		50001163
	atoms		5000127f
	conn		50001276
ARR 50001278 (sz=24, trace=301069, nelems=0, elem type=java.util.regex.Pattern$Node[]@50001187)
ARR 50001279 (sz=8, trace=300995, nelems=2, elem type=int[])
OBJ 5000127a (sz=24, trace=301065, class=java.util.regex.Pattern$Slice@50001171)
	next		50001276
	buffer		50001279
ARR 5000127b (sz=32, trace=301070, nelems=0, elem type=java.util.regex.Pattern$Node[]@50001187)
ARR 5000127c (sz=8, trace=300995, nelems=2, elem type=int[])
OBJ 5000127d (sz=24, trace=301065, class=java.util.regex.Pattern$Slice@50001171)
	next		50001276
	buffer		5000127c
OBJ 5000127e (sz=24, trace=300983, class=java.util.regex.Pattern$Single@5000116e)
	next		50001276
ARR 5000127f (sz=48, trace=301070, nelems=6, elem type=java.util.regex.Pattern$Node[]@50001187)
	[0]		50001274
	[1]		50001275
	[2]		5000127a
	[3]		5000127d
	[4]		5000127e
	[5]		50001281
ARR 50001280 (sz=8, trace=300995, nelems=2, elem type=int[])
OBJ 50001281 (sz=24, trace=301065, class=java.util.regex.Pattern$Slice@50001171)
	next		50001276
	buffer		50001280
OBJ 50001282 (sz=24, trace=300983, class=java.util.regex.Pattern$Ctype@50001265)
	next		50001163
OBJ 50001283 (sz=32, trace=301066, class=java.util.regex.Pattern$Curly@50001269)
	next		50001284
	atom		50001282
OBJ 50001284 (sz=24, trace=301057, class=java.util.regex.Pattern$GroupHead@50001169)
	next		50001287
OBJ 50001285 (sz=24, trace=301059, class=java.util.regex.Pattern$GroupTail@50001263)
	next		50001165
OBJ 50001286 (sz=24, trace=300983, class=java.util.regex.Pattern$Ctype@50001265)
	next		50001163
OBJ 50001287 (sz=32, trace=301064, class=java.util.regex.Pattern$Curly@50001269)
	next		50001285
	atom		50001286
OBJ 50001288 (sz=24, trace=300988, class=java.util.regex.Pattern$Start@50001174)
	next		50001262
OBJ 50001289 (sz=24, trace=300990, class=java.util.regex.Pattern$TreeInfo@50001176)
OBJ 5000128a (sz=16, trace=301071, class=sun.security.util.DisabledAlgorithmConstraints$KeySizeConstraints@5000125d)
	constraintsMap	5000128d
OBJ 5000128b (sz=48, trace=301072, class=java.util.HashMap@500000d9)
	table		500012aa
OBJ 5000128d (sz=32, trace=301074, class=java.util.Collections$SynchronizedMap@5000128c)
	m		5000128b
	mutex		5000128d
OBJ 50001290 (sz=64, trace=301076, class=java.util.regex.Matcher@5000128f)
ARR 50001291 (sz=96, trace=301077, nelems=0, elem type=int[])
ARR 50001292 (sz=32, trace=301078, nelems=0, elem type=int[])
OBJ 50001293 (sz=64, trace=301076, class=java.util.regex.Matcher@5000128f)
ARR 50001294 (sz=96, trace=301077, nelems=0, elem type=int[])
ARR 50001295 (sz=32, trace=301078, nelems=0, elem type=int[])
OBJ 50001296 (sz=24, trace=301079, class=java.lang.String@50000181)
ARR 50001297 (sz=24, trace=301080, nelems=0, elem type=char[])
OBJ 50001298 (sz=24, trace=301079, class=java.lang.String@50000181)
ARR 50001299 (sz=24, trace=301080, nelems=0, elem type=char[])
OBJ 5000129b (sz=24, trace=301082, class=sun.security.util.DisabledAlgorithmConstraints$KeySizeConstraint$Operator@5000129a)
	name		5000217d
OBJ 5000129c (sz=24, trace=301083, class=sun.security.util.DisabledAlgorithmConstraints$KeySizeConstraint$Operator@5000129a)
	name		50002182
OBJ 5000129d (sz=24, trace=301084, class=sun.security.util.DisabledAlgorithmConstraints$KeySizeConstraint$Operator@5000129a)
	name		50002181
OBJ 5000129e (sz=24, trace=301085, class=sun.security.util.DisabledAlgorithmConstraints$KeySizeConstraint$Operator@5000129a)
	name		50002180
OBJ 5000129f (sz=24, trace=301086, class=sun.security.util.DisabledAlgorithmConstraints$KeySizeConstraint$Operator@5000129a)
	name		5000217f
OBJ 500012a0 (sz=24, trace=301087, class=sun.security.util.DisabledAlgorithmConstraints$KeySizeConstraint$Operator@5000129a)
	name		5000217e
ARR 500012a2 (sz=40, trace=301088, nelems=6, elem type=sun.security.util.DisabledAlgorithmConstraints$KeySizeConstraint$Operator[]@500012a1)
	[0]		5000129b
	[1]		5000129c
	[2]		5000129d
	[3]		5000129e
	[4]		5000129f
	[5]		500012a0
OBJ 500012a3 (sz=24, trace=301079, class=java.lang.String@50000181)
ARR 500012a4 (sz=24, trace=301080, nelems=0, elem type=char[])
ARR 500012a5 (sz=24, trace=301089, nelems=0, elem type=char[])
OBJ 500012a6 (sz=24, trace=301090, class=java.lang.String@50000181)
	value		500012a7
ARR 500012a7 (sz=6, trace=301091, nelems=3, elem type=char[])
OBJ 500012a8 (sz=16, trace=301092, class=java.util.HashSet@50000005)
	map		500012a9
OBJ 500012a9 (sz=48, trace=301093, class=java.util.HashMap@500000d9)
	table		500012b0
ARR 500012aa (sz=80, trace=301094, nelems=2, elem type=java.util.HashMap$Node[]@500000d5)
	[1]		500012ab
OBJ 500012ab (sz=32, trace=300080, class=java.util.HashMap$Node@500000d7)
	key		500012a6
	value		500012a8
OBJ 500012ad (sz=24, trace=301096, class=sun.security.util.DisabledAlgorithmConstraints$KeySizeConstraint@500012ac)
ARR 500012af (sz=24, trace=301098, nelems=6, elem type=int[])
ARR 500012b0 (sz=80, trace=300213, nelems=4, elem type=java.util.HashMap$Node[]@500000d5)
	[3]		500012b1
OBJ 500012b1 (sz=32, trace=300080, class=java.util.HashMap$Node@500000d7)
	key		500012ad
	value		50001c14
ARR 500012b2 (sz=80, trace=301099, nelems=3, elem type=java.util.HashMap$Node[]@500000d5)
	[2]		500012b3
OBJ 500012b3 (sz=32, trace=300080, class=java.util.HashMap$Node@500000d7)
	key		50002160
	value		5000128a
ARR 500012b4 (sz=80, trace=301100, nelems=0, elem type=char[])
OBJ 500012b5 (sz=24, trace=301101, class=java.lang.String@50000181)
	value		500012b6
ARR 500012b6 (sz=64, trace=301102, nelems=32, elem type=char[])
ARR 500012b7 (sz=32, trace=301103, nelems=16, elem type=char[])
ARR 500012b8 (sz=56, trace=300527, nelems=0, elem type=char[])
ARR 500012b9 (sz=80, trace=300528, nelems=0, elem type=byte[])
ARR 500012ba (sz=40, trace=300529, nelems=0, elem type=byte[])
OBJ 500012bb (sz=80, trace=300574, class=java.util.zip.ZipEntry@50000b8b)
OBJ 500012bc (sz=96, trace=300576, class=java.util.jar.JarFile$JarFileEntry@50000b8e)
ARR 500012be (sz=32, trace=301105, nelems=16, elem type=char[])
OBJ 500012bf (sz=48, trace=301106, class=sun.security.util.ManifestEntryVerifier@500012bd)
OBJ 500012c0 (sz=48, trace=301107, class=java.util.HashMap@500000d9)
OBJ 500012c1 (sz=24, trace=301108, class=java.util.ArrayList@500000f1)
OBJ 500012c2 (sz=24, trace=301109, class=java.util.ArrayList@500000f1)
ARR 500012c3 (sz=56, trace=300577, nelems=0, elem type=char[])
ARR 500012c4 (sz=80, trace=301110, nelems=0, elem type=byte[])
ARR 500012c5 (sz=40, trace=300579, nelems=0, elem type=byte[])
OBJ 500012c6 (sz=56, trace=300581, class=java.util.zip.ZipFile$ZipFileInputStream@50000b93)
	this$0		500010a0
OBJ 500012c7 (sz=40, trace=300133, class=java.lang.ref.Finalizer@50000160)
	referent	500012c6
	queue		50001ade
	next		5000119c
	prev		500012cf
OBJ 500012c8 (sz=40, trace=300592, class=java.util.WeakHashMap$Entry@5000003f)
ARR 500012c9 (sz=16, trace=301111, nelems=0, elem type=byte[])
ARR 500012ca (sz=88, trace=301112, nelems=0, elem type=byte[])
ARR 500012cb (sz=104, trace=301113, nelems=0, elem type=char[])
ARR 500012cc (sz=144, trace=301114, nelems=0, elem type=byte[])
ARR 500012cd (sz=64, trace=301115, nelems=0, elem type=byte[])
OBJ 500012ce (sz=56, trace=301116, class=java.util.zip.ZipFile$ZipFileInputStream@50000b93)
	this$0		500010a0
OBJ 500012cf (sz=40, trace=300133, class=java.lang.ref.Finalizer@50000160)
	referent	500012ce
	queue		50001ade
	next		500012c7
	prev		500013a2
OBJ 500012d0 (sz=40, trace=300592, class=java.util.WeakHashMap$Entry@5000003f)
ARR 500012d2 (sz=16, trace=301118, nelems=0, elem type=byte[])
ARR 500012d3 (sz=1040, trace=301119, nelems=0, elem type=byte[])
ARR 500012d4 (sz=3072, trace=301119, nelems=0, elem type=byte[])
OBJ 500012d5 (sz=32, trace=301120, class=java.security.CodeSource@50000128)
	location	500036fe
ARR 500012d8 (sz=24, trace=301122, nelems=2, elem type=java.io.ObjectStreamField[]@5000010e)
	[0]		500012d9
	[1]		500012e6
OBJ 500012d9 (sz=40, trace=301123, class=java.io.ObjectStreamField@50000110)
	name		50003443
	signature	500012e4
	type		50000159
OBJ 500012da (sz=24, trace=301124, class=java.lang.StringBuilder@50000135)
ARR 500012db (sz=48, trace=301125, nelems=0, elem type=char[])
OBJ 500012dc (sz=24, trace=301126, class=java.lang.StringBuilder@50000135)
ARR 500012dd (sz=48, trace=301127, nelems=0, elem type=char[])
ARR 500012de (sz=56, trace=301128, nelems=0, elem type=char[])
OBJ 500012df (sz=24, trace=301129, class=java.lang.String@50000181)
ARR 500012e0 (sz=88, trace=300010, nelems=0, elem type=char[])
OBJ 500012e1 (sz=24, trace=301130, class=java.lang.String@50000181)
ARR 500012e2 (sz=64, trace=301131, nelems=0, elem type=char[])
ARR 500012e3 (sz=88, trace=300010, nelems=0, elem type=char[])
OBJ 500012e4 (sz=24, trace=301132, class=java.lang.String@50000181)
	value		500012e5
ARR 500012e5 (sz=42, trace=301133, nelems=21, elem type=char[])
OBJ 500012e6 (sz=40, trace=301134, class=java.io.ObjectStreamField@50000110)
	name		50003442
	signature	500012f2
	type		500012d6
OBJ 500012e7 (sz=24, trace=301124, class=java.lang.StringBuilder@50000135)
ARR 500012e8 (sz=48, trace=301125, nelems=0, elem type=char[])
OBJ 500012e9 (sz=24, trace=301126, class=java.lang.StringBuilder@50000135)
ARR 500012ea (sz=48, trace=301127, nelems=0, elem type=char[])
ARR 500012eb (sz=88, trace=301128, nelems=0, elem type=char[])
OBJ 500012ec (sz=24, trace=301129, class=java.lang.String@50000181)
ARR 500012ed (sz=88, trace=300010, nelems=0, elem type=char[])
ARR 500012ee (sz=160, trace=300270, nelems=0, elem type=char[])
OBJ 500012ef (sz=24, trace=301130, class=java.lang.String@50000181)
ARR 500012f0 (sz=88, trace=301131, nelems=0, elem type=char[])
ARR 500012f1 (sz=88, trace=300010, nelems=0, elem type=char[])
OBJ 500012f2 (sz=24, trace=301132, class=java.lang.String@50000181)
	value		500012f3
ARR 500012f3 (sz=72, trace=301133, nelems=36, elem type=char[])
OBJ 500012f4 (sz=32, trace=301135, class=java.security.Permissions@500012d7)
	permsMap	500012f5
OBJ 500012f5 (sz=48, trace=301136, class=java.util.HashMap@500000d9)
	table		5000133c
OBJ 500012f6 (sz=24, trace=301137, class=java.lang.StringBuilder@50000135)
ARR 500012f7 (sz=136, trace=301138, nelems=0, elem type=char[])
ARR 500012f8 (sz=80, trace=301139, nelems=0, elem type=byte[])
OBJ 500012f9 (sz=48, trace=300225, class=java.nio.HeapByteBuffer@50000072)
ARR 500012fa (sz=136, trace=301140, nelems=0, elem type=char[])
OBJ 500012fb (sz=48, trace=300326, class=java.nio.HeapCharBuffer@5000006a)
OBJ 500012fc (sz=24, trace=300338, class=java.lang.String@50000181)
ARR 500012fd (sz=24, trace=300339, nelems=0, elem type=char[])
OBJ 500012fe (sz=24, trace=300340, class=java.lang.String@50000181)
ARR 500012ff (sz=24, trace=300341, nelems=0, elem type=char[])
OBJ 50001300 (sz=24, trace=301141, class=java.lang.String@50000181)
ARR 50001301 (sz=136, trace=300343, nelems=0, elem type=char[])
ARR 50001302 (sz=136, trace=301142, nelems=0, elem type=char[])
OBJ 50001303 (sz=24, trace=301143, class=java.lang.String@50000181)
OBJ 50001304 (sz=32, trace=301144, class=java.io.File@5000012f)
OBJ 50001305 (sz=24, trace=300362, class=java.lang.StringBuffer@50000136)
ARR 50001306 (sz=136, trace=300363, nelems=0, elem type=char[])
ARR 50001307 (sz=136, trace=300364, nelems=0, elem type=char[])
OBJ 50001308 (sz=24, trace=300365, class=java.lang.String@50000181)
OBJ 5000130c (sz=48, trace=301146, class=java.util.Hashtable@50000159)
	table		5000130d
ARR 5000130d (sz=64, trace=301147, nelems=0, elem type=java.util.Hashtable$Entry[]@500000d2)
OBJ 5000130e (sz=48, trace=301148, class=java.util.HashMap@500000d9)
OBJ 5000130f (sz=104, trace=301149, class=sun.net.www.protocol.file.FileURLConnection@5000130b)
OBJ 50001311 (sz=24, trace=301151, class=sun.net.www.MessageHeader@50001310)
ARR 50001312 (sz=32, trace=301152, nelems=0, elem type=java.lang.String[]@500000db)
ARR 50001313 (sz=32, trace=301153, nelems=0, elem type=java.lang.String[]@500000db)
OBJ 50001314 (sz=24, trace=301154, class=java.lang.StringBuilder@50000135)
ARR 50001315 (sz=136, trace=301155, nelems=0, elem type=char[])
ARR 50001316 (sz=80, trace=301156, nelems=0, elem type=byte[])
OBJ 50001317 (sz=48, trace=300225, class=java.nio.HeapByteBuffer@50000072)
ARR 50001318 (sz=136, trace=301157, nelems=0, elem type=char[])
OBJ 50001319 (sz=48, trace=300326, class=java.nio.HeapCharBuffer@5000006a)
OBJ 5000131a (sz=24, trace=300338, class=java.lang.String@50000181)
ARR 5000131b (sz=24, trace=300339, nelems=0, elem type=char[])
OBJ 5000131c (sz=24, trace=300340, class=java.lang.String@50000181)
ARR 5000131d (sz=24, trace=300341, nelems=0, elem type=char[])
OBJ 5000131e (sz=24, trace=301158, class=java.lang.String@50000181)
ARR 5000131f (sz=136, trace=300343, nelems=0, elem type=char[])
ARR 50001321 (sz=116, trace=301160, nelems=58, elem type=char[])
OBJ 50001322 (sz=24, trace=301161, class=java.lang.String@50000181)
	value		50001321
OBJ 50001323 (sz=32, trace=301162, class=java.io.FilePermission@50001320)
	name		50001322
	cpath		50001ca2
OBJ 50001325 (sz=16, trace=301164, class=java.io.FilePermission$1@50001324)
OBJ 50001326 (sz=32, trace=301165, class=java.io.File@5000012f)
OBJ 50001327 (sz=24, trace=300362, class=java.lang.StringBuffer@50000136)
ARR 50001328 (sz=136, trace=300363, nelems=0, elem type=char[])
ARR 50001329 (sz=136, trace=300364, nelems=0, elem type=char[])
OBJ 5000132a (sz=24, trace=300365, class=java.lang.String@50000181)
ARR 5000132c (sz=24, trace=301167, nelems=1, elem type=java.io.ObjectStreamField[]@5000010e)
	[0]		5000132d
OBJ 5000132d (sz=40, trace=301168, class=java.io.ObjectStreamField@50000110)
	name		5000333e
	signature	50001338
	type		500000f7
OBJ 5000132e (sz=24, trace=301124, class=java.lang.StringBuilder@50000135)
ARR 5000132f (sz=48, trace=301125, nelems=0, elem type=char[])
OBJ 50001330 (sz=24, trace=301126, class=java.lang.StringBuilder@50000135)
ARR 50001331 (sz=48, trace=301127, nelems=0, elem type=char[])
ARR 50001332 (sz=48, trace=301128, nelems=0, elem type=char[])
OBJ 50001333 (sz=24, trace=301129, class=java.lang.String@50000181)
ARR 50001334 (sz=88, trace=300010, nelems=0, elem type=char[])
OBJ 50001335 (sz=24, trace=301130, class=java.lang.String@50000181)
ARR 50001336 (sz=56, trace=301131, nelems=0, elem type=char[])
ARR 50001337 (sz=88, trace=300010, nelems=0, elem type=char[])
OBJ 50001338 (sz=24, trace=301132, class=java.lang.String@50000181)
	value		50001339
ARR 50001339 (sz=36, trace=301133, nelems=18, elem type=char[])
OBJ 5000133a (sz=24, trace=301169, class=java.io.FilePermissionCollection@5000132b)
	perms		5000133b
OBJ 5000133b (sz=24, trace=301170, class=java.util.ArrayList@500000f1)
	elementData	5000133e
ARR 5000133c (sz=80, trace=301171, nelems=12, elem type=java.util.HashMap$Node[]@500000d5)
	[11]		5000133d
OBJ 5000133d (sz=32, trace=300080, class=java.util.HashMap$Node@500000d7)
	key		50001320
	value		5000133a
ARR 5000133e (sz=56, trace=300238, nelems=1, elem type=java.lang.Object[]@5000011c)
	[0]		50001323
OBJ 50001341 (sz=40, trace=301174, class=java.security.ProtectionDomain@50000173)
	codesource	500012d5
	classloader	50001ae6
	principals	50001343
	permissions	500012f4
	key		50001342
OBJ 50001342 (sz=16, trace=301175, class=java.security.ProtectionDomain$Key@50000008)
ARR 50001343 (sz=16, trace=301176, nelems=0, elem type=java.security.Principal[]@50000006)
ARR 50001344 (sz=80, trace=301177, nelems=13, elem type=java.util.HashMap$Node[]@500000d5)
	[12]		50001345
OBJ 50001345 (sz=32, trace=300080, class=java.util.HashMap$Node@500000d7)
	key		500012d5
	value		50001341
OBJ 50001346 (sz=24, trace=301178, class=java.lang.String@50000181)
	value		50001347
ARR 50001347 (sz=42, trace=301179, nelems=21, elem type=char[])
ARR 50001348 (sz=80, trace=301180, nelems=3, elem type=java.util.concurrent.ConcurrentHashMap$Node[]@50000022)
	[1]		50001349
	[2]		500017b0
OBJ 50001349 (sz=32, trace=301181, class=java.util.concurrent.ConcurrentHashMap$Node@50000023)
	key		50001346
	val		50001e1f
OBJ 5000134a (sz=24, trace=300313, class=java.lang.StringBuffer@50000136)
ARR 5000134b (sz=152, trace=300314, nelems=0, elem type=char[])
ARR 5000134c (sz=152, trace=300315, nelems=0, elem type=char[])
OBJ 5000134d (sz=24, trace=300316, class=java.lang.String@50000181)
OBJ 5000134e (sz=16, trace=301182, class=java.lang.Object@50000185)
OBJ 5000134f (sz=32, trace=300617, class=java.util.concurrent.ConcurrentHashMap$Node@50000023)
	key		50001e42
	val		5000134e
ARR 50001350 (sz=80, trace=300213, nelems=7, elem type=java.util.HashMap$Node[]@500000d5)
	[6]		50001351
OBJ 50001351 (sz=32, trace=300080, class=java.util.HashMap$Node@500000d7)
	key		50001341
	value		50001c14
ARR 50001353 (sz=16, trace=300433, nelems=0, elem type=java.lang.Class[]@50000117)
OBJ 50001354 (sz=56, trace=300149, class=java.lang.Class$ReflectionData@500000c4)
OBJ 50001355 (sz=40, trace=300040, class=java.lang.ref.SoftReference@50000165)
OBJ 50001356 (sz=80, trace=300150, class=java.lang.reflect.Constructor@50000151)
OBJ 50001357 (sz=24, trace=300434, class=java.lang.Class$1@500000ae)
OBJ 50001358 (sz=24, trace=300152, class=sun.reflect.NativeConstructorAccessorImpl@500000ac)
OBJ 50001359 (sz=16, trace=300153, class=sun.reflect.DelegatingConstructorAccessorImpl@500000ab)
OBJ 5000135a (sz=48, trace=301184, class=sun.text.resources.zh.FormatData_zh@50001352)
	parent		50001039
	locale		500021b5
	name		50001002
	cacheKey	500034c4
	lookup		500013ec
	keyset		50001435
	parallelContents	5000135b
OBJ 5000135b (sz=16, trace=301185, class=java.util.concurrent.atomic.AtomicMarkableReference@5000103a)
	pair		5000135c
OBJ 5000135c (sz=24, trace=300824, class=java.util.concurrent.atomic.AtomicMarkableReference$Pair@5000103d)
OBJ 5000135d (sz=32, trace=300427, class=java.util.ResourceBundle$LoaderReference@500009dd)
	referent	500009bb
	queue		500003c3
	cacheKey	500034c4
OBJ 5000135e (sz=48, trace=300437, class=java.util.ResourceBundle$BundleReference@50000a2f)
	referent	5000135a
	queue		500003c3
	cacheKey	500034c4
OBJ 5000135f (sz=32, trace=300439, class=java.util.concurrent.ConcurrentHashMap$Node@50000023)
	key		500034c4
	val		5000135e
OBJ 50001360 (sz=32, trace=300427, class=java.util.ResourceBundle$LoaderReference@500009dd)
OBJ 50001361 (sz=24, trace=300825, class=java.lang.StringBuilder@50000135)
ARR 50001362 (sz=48, trace=300826, nelems=0, elem type=char[])
OBJ 50001363 (sz=24, trace=300827, class=java.lang.String@50000181)
ARR 50001364 (sz=56, trace=300828, nelems=0, elem type=char[])
ARR 50001365 (sz=88, trace=300010, nelems=0, elem type=char[])
OBJ 50001366 (sz=24, trace=300829, class=java.lang.String@50000181)
ARR 50001367 (sz=40, trace=300830, nelems=0, elem type=char[])
OBJ 50001368 (sz=24, trace=300831, class=java.lang.String@50000181)
ARR 50001369 (sz=80, trace=300832, nelems=0, elem type=char[])
OBJ 5000136a (sz=24, trace=300833, class=java.lang.StringBuilder@50000135)
ARR 5000136b (sz=112, trace=300834, nelems=0, elem type=char[])
OBJ 5000136c (sz=24, trace=300835, class=java.lang.String@50000181)
	value		5000136d
ARR 5000136d (sz=76, trace=300443, nelems=38, elem type=char[])
OBJ 5000136e (sz=16, trace=300428, class=java.lang.Object@50000185)
OBJ 5000136f (sz=32, trace=300430, class=java.util.concurrent.ConcurrentHashMap$Node@50000023)
	key		5000136c
	val		5000136e
OBJ 50001370 (sz=16, trace=300431, class=java.lang.Object@50000185)
OBJ 50001371 (sz=32, trace=300430, class=java.util.concurrent.ConcurrentHashMap$Node@50000023)
	key		5000136c
	val		50001370
OBJ 50001372 (sz=24, trace=300445, class=java.net.URLClassLoader$1@50000a3c)
ARR 50001373 (sz=96, trace=300446, nelems=0, elem type=char[])
OBJ 50001374 (sz=24, trace=300447, class=java.lang.String@50000181)
ARR 50001375 (sz=104, trace=300448, nelems=0, elem type=char[])
OBJ 50001376 (sz=24, trace=300449, class=java.lang.String@50000181)
ARR 50001377 (sz=104, trace=300527, nelems=0, elem type=char[])
ARR 50001378 (sz=152, trace=300528, nelems=0, elem type=byte[])
ARR 50001379 (sz=64, trace=300529, nelems=0, elem type=byte[])
ARR 5000137a (sz=104, trace=300527, nelems=0, elem type=char[])
ARR 5000137b (sz=152, trace=300528, nelems=0, elem type=byte[])
ARR 5000137c (sz=64, trace=300529, nelems=0, elem type=byte[])
OBJ 5000137d (sz=80, trace=300574, class=java.util.zip.ZipEntry@50000b8b)
OBJ 5000137e (sz=96, trace=300576, class=java.util.jar.JarFile$JarFileEntry@50000b8e)
ARR 5000137f (sz=224, trace=300837, nelems=0, elem type=char[])
ARR 50001380 (sz=104, trace=300838, nelems=0, elem type=char[])
OBJ 50001381 (sz=24, trace=300839, class=java.lang.String@50000181)
ARR 50001382 (sz=104, trace=300840, nelems=0, elem type=char[])
OBJ 50001383 (sz=64, trace=300841, class=java.net.URL@5000012d)
OBJ 50001384 (sz=24, trace=300842, class=java.lang.String@50000181)
ARR 50001385 (sz=24, trace=300843, nelems=0, elem type=char[])
OBJ 50001386 (sz=24, trace=300844, class=java.lang.StringBuilder@50000135)
ARR 50001387 (sz=48, trace=300845, nelems=0, elem type=char[])
ARR 50001388 (sz=152, trace=300010, nelems=0, elem type=char[])
ARR 50001389 (sz=288, trace=300010, nelems=0, elem type=char[])
OBJ 5000138a (sz=24, trace=300846, class=java.lang.String@50000181)
ARR 5000138b (sz=240, trace=300847, nelems=0, elem type=char[])
OBJ 5000138c (sz=24, trace=300848, class=java.lang.String@50000181)
ARR 5000138d (sz=152, trace=300849, nelems=0, elem type=char[])
OBJ 5000138e (sz=24, trace=300850, class=java.lang.String@50000181)
ARR 5000138f (sz=112, trace=300851, nelems=0, elem type=char[])
OBJ 50001390 (sz=16, trace=300852, class=sun.net.www.ParseUtil@50000012)
OBJ 50001391 (sz=24, trace=300853, class=java.lang.StringBuilder@50000135)
ARR 50001392 (sz=48, trace=300854, nelems=0, elem type=char[])
ARR 50001393 (sz=152, trace=300010, nelems=0, elem type=char[])
ARR 50001394 (sz=288, trace=300010, nelems=0, elem type=char[])
OBJ 50001395 (sz=24, trace=300855, class=java.lang.String@50000181)
ARR 50001396 (sz=240, trace=300856, nelems=0, elem type=char[])
OBJ 50001397 (sz=32, trace=300858, class=sun.misc.URLClassPath$JarLoader$2@500010cc)
OBJ 50001398 (sz=24, trace=300859, class=java.lang.String@50000181)
ARR 50001399 (sz=64, trace=300860, nelems=0, elem type=char[])
ARR 5000139a (sz=64, trace=301186, nelems=0, elem type=char[])
OBJ 5000139b (sz=24, trace=301187, class=java.lang.String@50000181)
ARR 5000139c (sz=64, trace=301188, nelems=0, elem type=char[])
OBJ 5000139d (sz=24, trace=301189, class=java.lang.String@50000181)
ARR 5000139e (sz=104, trace=301190, nelems=0, elem type=char[])
ARR 5000139f (sz=152, trace=301191, nelems=0, elem type=byte[])
ARR 500013a0 (sz=64, trace=301192, nelems=0, elem type=byte[])
OBJ 500013a1 (sz=56, trace=301193, class=java.util.zip.ZipFile$ZipFileInputStream@50000b93)
	this$0		500010a0
OBJ 500013a2 (sz=40, trace=300133, class=java.lang.ref.Finalizer@50000160)
	referent	500013a1
	queue		50001ade
	next		500012cf
	prev		50001527
OBJ 500013a3 (sz=40, trace=300592, class=java.util.WeakHashMap$Entry@5000003f)
ARR 500013a4 (sz=16, trace=301118, nelems=0, elem type=byte[])
ARR 500013a5 (sz=528, trace=301119, nelems=0, elem type=byte[])
OBJ 500013a6 (sz=32, trace=301120, class=java.security.CodeSource@50000128)
OBJ 500013a7 (sz=24, trace=301178, class=java.lang.String@50000181)
ARR 500013a8 (sz=64, trace=301179, nelems=0, elem type=char[])
OBJ 500013a9 (sz=24, trace=300313, class=java.lang.StringBuffer@50000136)
ARR 500013aa (sz=152, trace=300314, nelems=0, elem type=char[])
ARR 500013ab (sz=152, trace=300315, nelems=0, elem type=char[])
OBJ 500013ac (sz=24, trace=300316, class=java.lang.String@50000181)
ARR 500013ae (sz=16, trace=300433, nelems=0, elem type=java.lang.Class[]@50000117)
OBJ 500013af (sz=56, trace=300149, class=java.lang.Class$ReflectionData@500000c4)
OBJ 500013b0 (sz=40, trace=300040, class=java.lang.ref.SoftReference@50000165)
OBJ 500013b1 (sz=80, trace=300150, class=java.lang.reflect.Constructor@50000151)
OBJ 500013b2 (sz=24, trace=300434, class=java.lang.Class$1@500000ae)
OBJ 500013b3 (sz=24, trace=300152, class=sun.reflect.NativeConstructorAccessorImpl@500000ac)
OBJ 500013b4 (sz=16, trace=300153, class=sun.reflect.DelegatingConstructorAccessorImpl@500000ab)
OBJ 500013b5 (sz=48, trace=301194, class=sun.text.resources.zh.FormatData_zh_CN@500013ad)
	parent		5000135a
	locale		500021a9
	name		50001002
	cacheKey	500034c3
	lookup		500013bb
	keyset		500013eb
	parallelContents	500013b6
OBJ 500013b6 (sz=16, trace=301195, class=java.util.concurrent.atomic.AtomicMarkableReference@5000103a)
	pair		500013b7
OBJ 500013b7 (sz=24, trace=300824, class=java.util.concurrent.atomic.AtomicMarkableReference$Pair@5000103d)
OBJ 500013b8 (sz=32, trace=300427, class=java.util.ResourceBundle$LoaderReference@500009dd)
	referent	500009bb
	queue		500003c3
	cacheKey	500034c3
OBJ 500013b9 (sz=48, trace=300437, class=java.util.ResourceBundle$BundleReference@50000a2f)
	referent	500013b5
	queue		500003c3
	cacheKey	500034c3
OBJ 500013ba (sz=32, trace=300439, class=java.util.concurrent.ConcurrentHashMap$Node@50000023)
	key		500034c3
	val		500013b9
OBJ 500013bb (sz=64, trace=301196, class=java.util.concurrent.ConcurrentHashMap@5000002a)
	table		500013cc
	keySet		500013ea
OBJ 500013bc (sz=16, trace=301197, class=java.lang.Object@50000185)
OBJ 500013bd (sz=32, trace=300430, class=java.util.concurrent.ConcurrentHashMap$Node@50000023)
	key		50001e3a
	val		500013bc
OBJ 500013be (sz=16, trace=301198, class=java.lang.Object@50000185)
OBJ 500013bf (sz=32, trace=300430, class=java.util.concurrent.ConcurrentHashMap$Node@50000023)
	key		50001e3e
	val		500013be
ARR 500013c0 (sz=24, trace=301199, nelems=0, elem type=java.lang.Object[][]@50000d25)
ARR 500013c1 (sz=24, trace=301200, nelems=0, elem type=java.lang.Object[]@5000011c)
OBJ 500013c2 (sz=16, trace=301201, class=java.lang.Object@50000185)
OBJ 500013c3 (sz=32, trace=300430, class=java.util.concurrent.ConcurrentHashMap$Node@50000023)
	key		50001e38
	val		500013c2
ARR 500013c4 (sz=144, trace=301202, nelems=31, elem type=java.util.concurrent.ConcurrentHashMap$Node[]@50000022)
	[2]		5000134f
	[6]		50000cc8
	[9]		5000176b
	[13]		5000174a
	[15]		50001371
	[16]		50000a23
	[18]		500013c9
	[19]		500013bf
	[21]		500017b6
	[22]		500013c8
	[26]		500013bd
	[27]		500013c3
	[30]		50000a3b
OBJ 500013c6 (sz=32, trace=301204, class=java.util.concurrent.ConcurrentHashMap$ForwardingNode@500013c5)
OBJ 500013c7 (sz=32, trace=301205, class=java.util.concurrent.ConcurrentHashMap$Node@50000023)
	key		50000c49
	val		50000c4d
OBJ 500013c8 (sz=32, trace=301205, class=java.util.concurrent.ConcurrentHashMap$Node@50000023)
	key		50000c5e
	val		50000c62
	next		500013c7
OBJ 500013c9 (sz=32, trace=301205, class=java.util.concurrent.ConcurrentHashMap$Node@50000023)
	key		50001050
	val		50001054
ARR 500013ca (sz=32, trace=301206, nelems=3, elem type=java.lang.String[]@500000db)
	[0]		50003536
	[1]		50003701
	[2]		50003538
ARR 500013cb (sz=24, trace=301207, nelems=0, elem type=java.lang.Object[]@5000011c)
ARR 500013cc (sz=80, trace=301208, nelems=12, elem type=java.util.concurrent.ConcurrentHashMap$Node[]@50000022)
	[6]		500013ce
	[11]		500013cd
OBJ 500013cd (sz=32, trace=301209, class=java.util.concurrent.ConcurrentHashMap$Node@50000023)
	key		50003534
	val		500013ca
OBJ 500013ce (sz=32, trace=301209, class=java.util.concurrent.ConcurrentHashMap$Node@50000023)
	key		5000363b
	val		50003703
OBJ 500013d0 (sz=48, trace=301211, class=sun.util.locale.provider.LocaleResources$ResourceReference@500013cf)
	referent	500013ca
	queue		50000ff9
	cacheKey	50003b51
ARR 500013d1 (sz=80, trace=301212, nelems=15, elem type=java.util.concurrent.ConcurrentHashMap$Node[]@50000022)
	[2]		500013d2
	[12]		50001518
	[14]		50001974
OBJ 500013d2 (sz=32, trace=301213, class=java.util.concurrent.ConcurrentHashMap$Node@50000023)
	key		50003b51
	val		500013d0
OBJ 500013d5 (sz=64, trace=301216, class=java.util.concurrent.ConcurrentHashMap@5000002a)
	table		500013dd
OBJ 500013d6 (sz=32, trace=300716, class=java.util.concurrent.ConcurrentHashMap$Node@50000023)
	key		500013d4
	val		500013d5
OBJ 500013d7 (sz=24, trace=300718, class=java.util.Collections$UnmodifiableCollection$1@50000ddc)
OBJ 500013d8 (sz=32, trace=300720, class=java.util.ArrayList$Itr@50000dde)
OBJ 500013d9 (sz=24, trace=300723, class=java.lang.String@50000181)
ARR 500013da (sz=72, trace=300724, nelems=0, elem type=char[])
OBJ 500013dc (sz=24, trace=301218, class=sun.util.locale.provider.DecimalFormatSymbolsProviderImpl@500013db)
	type		50000dd0
	langtags	50000df3
ARR 500013dd (sz=80, trace=300788, nelems=1, elem type=java.util.concurrent.ConcurrentHashMap$Node[]@50000022)
	[0]		500013de
OBJ 500013de (sz=32, trace=300789, class=java.util.concurrent.ConcurrentHashMap$Node@50000023)
	key		500021a9
	val		50000dc3
OBJ 500013df (sz=64, trace=301219, class=java.text.DecimalFormatSymbols@500013d3)
OBJ 500013e0 (sz=24, trace=301220, class=java.lang.StringBuilder@50000135)
ARR 500013e1 (sz=48, trace=301221, nelems=0, elem type=char[])
ARR 500013e2 (sz=88, trace=300010, nelems=0, elem type=char[])
OBJ 500013e3 (sz=24, trace=301222, class=java.lang.String@50000181)
ARR 500013e4 (sz=80, trace=300803, nelems=0, elem type=char[])
OBJ 500013e5 (sz=24, trace=301223, class=sun.util.resources.LocaleData$1@50001004)
OBJ 500013e6 (sz=56, trace=300808, class=java.util.ResourceBundle$CacheKey@500009da)
OBJ 500013e7 (sz=32, trace=300403, class=java.util.ResourceBundle$LoaderReference@500009dd)
ARR 500013e8 (sz=32, trace=301224, nelems=3, elem type=java.lang.Object[]@5000011c)
	[0]		5000145c
	[1]		5000157d
	[2]		5000206b
OBJ 500013ea (sz=24, trace=301226, class=java.util.concurrent.ConcurrentHashMap$KeySetView@5000001e)
	map		500013bb
OBJ 500013eb (sz=24, trace=301227, class=sun.util.resources.ParallelListResourceBundle$KeySet@500013e9)
	set		500013ea
	parent		5000135a
OBJ 500013ec (sz=64, trace=301228, class=java.util.concurrent.ConcurrentHashMap@5000002a)
	table		50001426
	keySet		50001434
ARR 500013ed (sz=24, trace=301229, nelems=0, elem type=java.lang.String[]@500000db)
ARR 500013ee (sz=104, trace=301230, nelems=0, elem type=java.lang.Object[][]@50000d25)
ARR 500013ef (sz=24, trace=301231, nelems=0, elem type=java.lang.Object[]@5000011c)
ARR 500013f0 (sz=72, trace=301232, nelems=13, elem type=java.lang.String[]@500000db)
	[0]		500036a0
	[1]		500036a1
	[2]		500036a2
	[3]		500036a3
	[4]		500036a4
	[5]		500036a5
	[6]		500036a6
	[7]		500036a7
	[8]		500036a8
	[9]		500036a9
	[10]		500036aa
	[11]		500036ab
	[12]		50001c1a
ARR 500013f1 (sz=24, trace=301233, nelems=0, elem type=java.lang.Object[]@5000011c)
ARR 500013f2 (sz=72, trace=301234, nelems=13, elem type=java.lang.String[]@500000db)
	[0]		500036a0
	[1]		500036a1
	[2]		500036a2
	[3]		500036a3
	[4]		500036a4
	[5]		500036a5
	[6]		500036a6
	[7]		500036a7
	[8]		500036a8
	[9]		500036a9
	[10]		500036aa
	[11]		500036ab
	[12]		50001c1a
ARR 500013f3 (sz=24, trace=301235, nelems=0, elem type=java.lang.Object[]@5000011c)
ARR 500013f4 (sz=72, trace=301236, nelems=13, elem type=java.lang.String[]@500000db)
	[0]		500036a0
	[1]		500036a1
	[2]		500036a2
	[3]		500036a3
	[4]		500036a4
	[5]		500036a5
	[6]		500036a6
	[7]		500036a7
	[8]		500036a8
	[9]		500036a9
	[10]		500036aa
	[11]		500036ab
	[12]		50001c1a
ARR 500013f5 (sz=24, trace=301237, nelems=0, elem type=java.lang.Object[]@5000011c)
ARR 500013f6 (sz=72, trace=301238, nelems=13, elem type=java.lang.String[]@500000db)
	[0]		500036a0
	[1]		500036a1
	[2]		500036a2
	[3]		500036a3
	[4]		500036a4
	[5]		500036a5
	[6]		500036a6
	[7]		500036a7
	[8]		500036a8
	[9]		500036a9
	[10]		500036aa
	[11]		500036ab
	[12]		50001c1a
ARR 500013f7 (sz=24, trace=301239, nelems=0, elem type=java.lang.Object[]@5000011c)
ARR 500013f8 (sz=72, trace=301240, nelems=13, elem type=java.lang.String[]@500000db)
	[0]		500035a8
	[1]		500035a9
	[2]		500035aa
	[3]		500035ab
	[4]		500035ac
	[5]		500035ad
	[6]		500035ae
	[7]		500035af
	[8]		500035b0
	[9]		500035b1
	[10]		500035b2
	[11]		500035b3
	[12]		50001c1a
ARR 500013f9 (sz=24, trace=301241, nelems=0, elem type=java.lang.Object[]@5000011c)
ARR 500013fa (sz=72, trace=301242, nelems=13, elem type=java.lang.String[]@500000db)
	[0]		50003670
	[1]		50003671
	[2]		50003672
	[3]		50003673
	[4]		50003674
	[5]		50003675
	[6]		50003676
	[7]		50003677
	[8]		50003678
	[9]		50003679
	[10]		5000367a
	[11]		5000367b
	[12]		50001c1a
ARR 500013fb (sz=24, trace=301243, nelems=0, elem type=java.lang.Object[]@5000011c)
ARR 500013fc (sz=48, trace=301244, nelems=7, elem type=java.lang.String[]@500000db)
	[0]		500036ba
	[1]		500036bb
	[2]		500036bc
	[3]		500036bd
	[4]		500036be
	[5]		500036bf
	[6]		500036c0
ARR 500013fd (sz=24, trace=301245, nelems=0, elem type=java.lang.Object[]@5000011c)
ARR 500013fe (sz=48, trace=301246, nelems=7, elem type=java.lang.String[]@500000db)
	[0]		500036ba
	[1]		500036bb
	[2]		500036bc
	[3]		500036bd
	[4]		500036be
	[5]		500036bf
	[6]		500036c0
ARR 500013ff (sz=24, trace=301247, nelems=0, elem type=java.lang.Object[]@5000011c)
ARR 50001400 (sz=48, trace=301248, nelems=7, elem type=java.lang.String[]@500000db)
	[0]		500036ba
	[1]		500036bb
	[2]		500036bc
	[3]		500036bd
	[4]		500036be
	[5]		500036bf
	[6]		500036c0
ARR 50001401 (sz=24, trace=301249, nelems=0, elem type=java.lang.Object[]@5000011c)
ARR 50001402 (sz=48, trace=301250, nelems=7, elem type=java.lang.String[]@500000db)
	[0]		500036ea
	[1]		500036eb
	[2]		500036ec
	[3]		500036ed
	[4]		500036ee
	[5]		500036ef
	[6]		500036f0
ARR 50001403 (sz=24, trace=301251, nelems=0, elem type=java.lang.Object[]@5000011c)
ARR 50001404 (sz=48, trace=301252, nelems=7, elem type=java.lang.String[]@500000db)
	[0]		50003690
	[1]		50003691
	[2]		50003692
	[3]		50003693
	[4]		50003694
	[5]		50003695
	[6]		50003696
ARR 50001405 (sz=24, trace=301253, nelems=0, elem type=java.lang.Object[]@5000011c)
ARR 50001406 (sz=48, trace=301254, nelems=7, elem type=java.lang.String[]@500000db)
	[0]		50003690
	[1]		50003691
	[2]		50003692
	[3]		50003693
	[4]		50003694
	[5]		50003695
	[6]		50003696
ARR 50001407 (sz=24, trace=301255, nelems=0, elem type=java.lang.Object[]@5000011c)
ARR 50001408 (sz=24, trace=301256, nelems=2, elem type=java.lang.String[]@500000db)
	[0]		500036e4
	[1]		500036e5
ARR 50001409 (sz=24, trace=301257, nelems=0, elem type=java.lang.Object[]@5000011c)
ARR 5000140a (sz=24, trace=301258, nelems=2, elem type=java.lang.String[]@500000db)
	[0]		5000366a
	[1]		5000366b
ARR 5000140b (sz=24, trace=301259, nelems=0, elem type=java.lang.Object[]@5000011c)
ARR 5000140c (sz=24, trace=301260, nelems=2, elem type=java.lang.String[]@500000db)
	[0]		500034c8
	[1]		500036c8
ARR 5000140d (sz=24, trace=301261, nelems=0, elem type=java.lang.Object[]@5000011c)
ARR 5000140e (sz=40, trace=301262, nelems=5, elem type=java.lang.String[]@500000db)
	[0]		5000366b
	[1]		50003688
	[2]		50003689
	[3]		5000368a
	[4]		5000368b
ARR 5000140f (sz=24, trace=301263, nelems=0, elem type=java.lang.Object[]@5000011c)
ARR 50001410 (sz=32, trace=301264, nelems=4, elem type=java.lang.String[]@500000db)
	[0]		500036de
	[1]		500036df
	[2]		500034eb
	[3]		500036e0
ARR 50001411 (sz=24, trace=301265, nelems=0, elem type=java.lang.Object[]@5000011c)
ARR 50001412 (sz=32, trace=301266, nelems=4, elem type=java.lang.String[]@500000db)
	[0]		500036d6
	[1]		500036d7
	[2]		500036d8
	[3]		500036d9
ARR 50001413 (sz=24, trace=301267, nelems=0, elem type=java.lang.Object[]@5000011c)
ARR 50001414 (sz=24, trace=301268, nelems=1, elem type=java.lang.String[]@500000db)
	[0]		50003514
ARR 50001415 (sz=24, trace=301269, nelems=0, elem type=java.lang.Object[]@5000011c)
ARR 50001416 (sz=32, trace=301270, nelems=4, elem type=java.lang.String[]@500000db)
	[0]		500036ca
	[1]		500036cb
	[2]		500036cc
	[3]		500036cd
ARR 50001417 (sz=24, trace=301271, nelems=0, elem type=java.lang.Object[]@5000011c)
ARR 50001418 (sz=32, trace=301272, nelems=4, elem type=java.lang.String[]@500000db)
	[0]		500036ca
	[1]		500036cb
	[2]		500036cb
	[3]		500036d2
ARR 50001419 (sz=80, trace=301208, nelems=0, elem type=java.util.concurrent.ConcurrentHashMap$Node[]@50000022)
OBJ 5000141a (sz=32, trace=301209, class=java.util.concurrent.ConcurrentHashMap$Node@50000023)
OBJ 5000141b (sz=32, trace=301209, class=java.util.concurrent.ConcurrentHashMap$Node@50000023)
	key		5000369e
	val		500013f2
	next		5000141d
OBJ 5000141c (sz=32, trace=301273, class=java.util.concurrent.ConcurrentHashMap$Node@50000023)
	key		500034f8
	val		500013f4
	next		50001421
OBJ 5000141d (sz=32, trace=301273, class=java.util.concurrent.ConcurrentHashMap$Node@50000023)
	key		500036b8
	val		500013f6
	next		50001422
OBJ 5000141e (sz=32, trace=301209, class=java.util.concurrent.ConcurrentHashMap$Node@50000023)
OBJ 5000141f (sz=32, trace=301209, class=java.util.concurrent.ConcurrentHashMap$Node@50000023)
	key		5000366e
	val		500013fa
OBJ 50001420 (sz=32, trace=301273, class=java.util.concurrent.ConcurrentHashMap$Node@50000023)
OBJ 50001421 (sz=32, trace=301273, class=java.util.concurrent.ConcurrentHashMap$Node@50000023)
	key		500036d4
	val		500013fe
	next		50001431
OBJ 50001422 (sz=32, trace=301273, class=java.util.concurrent.ConcurrentHashMap$Node@50000023)
	key		50003548
	val		50001400
OBJ 50001423 (sz=32, trace=301209, class=java.util.concurrent.ConcurrentHashMap$Node@50000023)
	key		500036e8
	val		50001402
OBJ 50001424 (sz=32, trace=301209, class=java.util.concurrent.ConcurrentHashMap$Node@50000023)
	key		5000353c
	val		50001404
OBJ 50001425 (sz=32, trace=301273, class=java.util.concurrent.ConcurrentHashMap$Node@50000023)
	key		500036f8
	val		50001406
ARR 50001426 (sz=144, trace=301274, nelems=31, elem type=java.util.concurrent.ConcurrentHashMap$Node[]@50000022)
	[0]		5000142a
	[3]		50001425
	[4]		50001423
	[7]		5000142b
	[11]		5000142f
	[12]		50001430
	[16]		5000141c
	[19]		50001429
	[20]		50001432
	[23]		5000142d
	[25]		5000141b
	[26]		50001424
	[28]		5000142e
	[29]		5000141f
	[30]		5000142c
OBJ 50001427 (sz=32, trace=301204, class=java.util.concurrent.ConcurrentHashMap$ForwardingNode@500013c5)
OBJ 50001428 (sz=32, trace=301205, class=java.util.concurrent.ConcurrentHashMap$Node@50000023)
	key		500035a6
	val		500013f8
	next		50001433
OBJ 50001429 (sz=32, trace=301205, class=java.util.concurrent.ConcurrentHashMap$Node@50000023)
	key		5000356a
	val		500013fc
	next		50001428
OBJ 5000142a (sz=32, trace=301275, class=java.util.concurrent.ConcurrentHashMap$Node@50000023)
	key		50003650
	val		500013f0
OBJ 5000142b (sz=32, trace=301209, class=java.util.concurrent.ConcurrentHashMap$Node@50000023)
	key		50003634
	val		50001408
OBJ 5000142c (sz=32, trace=301209, class=java.util.concurrent.ConcurrentHashMap$Node@50000023)
	key		500035e6
	val		5000140a
OBJ 5000142d (sz=32, trace=301209, class=java.util.concurrent.ConcurrentHashMap$Node@50000023)
	key		5000355c
	val		5000140c
OBJ 5000142e (sz=32, trace=301209, class=java.util.concurrent.ConcurrentHashMap$Node@50000023)
	key		500034de
	val		5000140e
OBJ 5000142f (sz=32, trace=301209, class=java.util.concurrent.ConcurrentHashMap$Node@50000023)
	key		5000362a
	val		50001410
OBJ 50001430 (sz=32, trace=301209, class=java.util.concurrent.ConcurrentHashMap$Node@50000023)
	key		5000351a
	val		50001412
OBJ 50001431 (sz=32, trace=301273, class=java.util.concurrent.ConcurrentHashMap$Node@50000023)
	key		500035d2
	val		50001414
OBJ 50001432 (sz=32, trace=301209, class=java.util.concurrent.ConcurrentHashMap$Node@50000023)
	key		50003560
	val		50001416
OBJ 50001433 (sz=32, trace=301273, class=java.util.concurrent.ConcurrentHashMap$Node@50000023)
	key		500035c0
	val		50001418
OBJ 50001434 (sz=24, trace=301226, class=java.util.concurrent.ConcurrentHashMap$KeySetView@5000001e)
	map		500013ec
OBJ 50001435 (sz=24, trace=301227, class=sun.util.resources.ParallelListResourceBundle$KeySet@500013e9)
	set		50001434
	parent		50001039
OBJ 50001436 (sz=64, trace=301228, class=java.util.concurrent.ConcurrentHashMap@5000002a)
	table		500014f3
	keySet		50001511
ARR 50001437 (sz=24, trace=301276, nelems=2, elem type=java.lang.String[]@500000db)
	[0]		500034c8
	[1]		500034c9
ARR 50001438 (sz=24, trace=301277, nelems=2, elem type=java.lang.String[]@500000db)
	[0]		500034c8
	[1]		5000355e
ARR 50001439 (sz=40, trace=301278, nelems=5, elem type=java.lang.String[]@500000db)
	[0]		50001c1a
	[1]		5000353f
	[2]		50003540
	[3]		5000353e
	[4]		50003618
ARR 5000143a (sz=40, trace=301279, nelems=5, elem type=java.lang.String[]@500000db)
	[0]		50001c1a
	[1]		500034e0
	[2]		500034e1
	[3]		500034e2
	[4]		500034e3
ARR 5000143b (sz=288, trace=301280, nelems=0, elem type=java.lang.Object[][]@50000d25)
ARR 5000143c (sz=24, trace=301281, nelems=0, elem type=java.lang.Object[]@5000011c)
ARR 5000143d (sz=72, trace=301282, nelems=13, elem type=java.lang.String[]@500000db)
	[0]		50003652
	[1]		50003653
	[2]		50003654
	[3]		50003655
	[4]		500034fe
	[5]		50003656
	[6]		50003657
	[7]		50003658
	[8]		50003659
	[9]		5000365a
	[10]		5000365b
	[11]		5000365c
	[12]		50001c1a
ARR 5000143e (sz=24, trace=301283, nelems=0, elem type=java.lang.Object[]@5000011c)
ARR 5000143f (sz=72, trace=301284, nelems=13, elem type=java.lang.String[]@500000db)
	[0]		500034fa
	[1]		500034fb
	[2]		500034fc
	[3]		500034fd
	[4]		500034fe
	[5]		500034ff
	[6]		50003500
	[7]		50003501
	[8]		50003502
	[9]		50003503
	[10]		50003504
	[11]		50003505
	[12]		50001c1a
ARR 50001440 (sz=24, trace=301285, nelems=0, elem type=java.lang.Object[]@5000011c)
ARR 50001441 (sz=72, trace=301286, nelems=13, elem type=java.lang.String[]@500000db)
	[0]		500035a8
	[1]		500035a9
	[2]		500035aa
	[3]		500035ab
	[4]		500035ac
	[5]		500035ad
	[6]		500035ae
	[7]		500035af
	[8]		500035b0
	[9]		500035b1
	[10]		500035b2
	[11]		500035b3
	[12]		50001c1a
ARR 50001442 (sz=24, trace=301287, nelems=0, elem type=java.lang.Object[]@5000011c)
ARR 50001443 (sz=48, trace=301288, nelems=7, elem type=java.lang.String[]@500000db)
	[0]		5000356c
	[1]		5000356d
	[2]		5000356e
	[3]		5000356f
	[4]		50003570
	[5]		50003571
	[6]		50003572
ARR 50001444 (sz=24, trace=301289, nelems=0, elem type=java.lang.Object[]@5000011c)
ARR 50001445 (sz=48, trace=301290, nelems=7, elem type=java.lang.String[]@500000db)
	[0]		5000354a
	[1]		5000354b
	[2]		5000354c
	[3]		5000354d
	[4]		5000354e
	[5]		5000354f
	[6]		50003550
ARR 50001446 (sz=24, trace=301291, nelems=0, elem type=java.lang.Object[]@5000011c)
ARR 50001447 (sz=48, trace=301292, nelems=7, elem type=java.lang.String[]@500000db)
	[0]		5000353e
	[1]		5000353f
	[2]		50003540
	[3]		50003541
	[4]		50003540
	[5]		50003542
	[6]		5000353e
ARR 50001448 (sz=24, trace=301293, nelems=0, elem type=java.lang.Object[]@5000011c)
ARR 50001449 (sz=24, trace=301294, nelems=2, elem type=java.lang.String[]@500000db)
	[0]		50003636
	[1]		50003637
ARR 5000144a (sz=24, trace=301295, nelems=0, elem type=java.lang.Object[]@5000011c)
ARR 5000144b (sz=24, trace=301296, nelems=2, elem type=java.lang.String[]@500000db)
	[0]		500035cc
	[1]		500035cd
ARR 5000144c (sz=24, trace=301297, nelems=0, elem type=java.lang.Object[]@5000011c)
ARR 5000144d (sz=24, trace=301298, nelems=0, elem type=java.lang.Object[]@5000011c)
ARR 5000144e (sz=24, trace=301299, nelems=0, elem type=java.lang.Object[]@5000011c)
ARR 5000144f (sz=24, trace=301300, nelems=2, elem type=java.lang.String[]@500000db)
	[0]		500035fc
	[1]		500035fd
ARR 50001450 (sz=24, trace=301301, nelems=0, elem type=java.lang.Object[]@5000011c)
ARR 50001451 (sz=24, trace=301302, nelems=0, elem type=java.lang.Object[]@5000011c)
ARR 50001452 (sz=24, trace=301303, nelems=0, elem type=java.lang.Object[]@5000011c)
ARR 50001453 (sz=24, trace=301304, nelems=0, elem type=java.lang.Object[]@5000011c)
ARR 50001454 (sz=24, trace=301305, nelems=0, elem type=java.lang.Object[]@5000011c)
ARR 50001455 (sz=24, trace=301306, nelems=0, elem type=java.lang.Object[]@5000011c)
ARR 50001456 (sz=24, trace=301307, nelems=0, elem type=java.lang.Object[]@5000011c)
ARR 50001457 (sz=16, trace=301308, nelems=0, elem type=java.lang.String[]@500000db)
ARR 50001458 (sz=24, trace=301309, nelems=0, elem type=java.lang.Object[]@5000011c)
ARR 50001459 (sz=32, trace=301310, nelems=3, elem type=java.lang.String[]@500000db)
	[0]		50003536
	[1]		50003537
	[2]		50003538
ARR 5000145a (sz=24, trace=301311, nelems=0, elem type=java.lang.Object[]@5000011c)
ARR 5000145b (sz=24, trace=301312, nelems=0, elem type=java.lang.Object[]@5000011c)
ARR 5000145c (sz=64, trace=301313, nelems=11, elem type=java.lang.String[]@500000db)
	[0]		50001ccb
	[1]		500022be
	[2]		500034ce
	[3]		500034cf
	[4]		500034f2
	[5]		500034d1
	[6]		5000218c
	[7]		500034d2
	[8]		500034d3
	[9]		500034d4
	[10]		5000272a
ARR 5000145d (sz=24, trace=301314, nelems=0, elem type=java.lang.Object[]@5000011c)
ARR 5000145e (sz=64, trace=301315, nelems=11, elem type=java.lang.String[]@500000db)
	[0]		5000358c
	[1]		5000358d
	[2]		5000358e
	[3]		5000358f
	[4]		50003590
	[5]		500034d1
	[6]		5000218c
	[7]		50003591
	[8]		50003592
	[9]		500034d4
	[10]		500034d5
ARR 5000145f (sz=24, trace=301316, nelems=0, elem type=java.lang.Object[]@5000011c)
ARR 50001460 (sz=64, trace=301317, nelems=11, elem type=java.lang.String[]@500000db)
	[0]		5000358c
	[1]		5000358d
	[2]		5000358e
	[3]		5000358f
	[4]		50003648
	[5]		500034d1
	[6]		5000218c
	[7]		50003649
	[8]		50003592
	[9]		500034d4
	[10]		500034d5
ARR 50001461 (sz=24, trace=301318, nelems=0, elem type=java.lang.Object[]@5000011c)
ARR 50001462 (sz=64, trace=301319, nelems=11, elem type=java.lang.String[]@500000db)
	[0]		50001ccb
	[1]		500022be
	[2]		500034ce
	[3]		500034cf
	[4]		50003518
	[5]		500034d1
	[6]		5000218c
	[7]		500034d2
	[8]		500034d3
	[9]		500034d4
	[10]		500034d5
ARR 50001463 (sz=24, trace=301320, nelems=0, elem type=java.lang.Object[]@5000011c)
ARR 50001464 (sz=64, trace=301321, nelems=11, elem type=java.lang.String[]@500000db)
	[0]		50001ccb
	[1]		500022be
	[2]		500034ce
	[3]		500034cf
	[4]		500035de
	[5]		500034d1
	[6]		5000218c
	[7]		500034d2
	[8]		500034d3
	[9]		500034d4
	[10]		500034d5
ARR 50001465 (sz=24, trace=301322, nelems=0, elem type=java.lang.Object[]@5000011c)
ARR 50001466 (sz=64, trace=301323, nelems=11, elem type=java.lang.String[]@500000db)
	[0]		50001ccb
	[1]		500022be
	[2]		500034ce
	[3]		500034cf
	[4]		500035a0
	[5]		500034d1
	[6]		5000218c
	[7]		500034d2
	[8]		500034d3
	[9]		500034d4
	[10]		500034d5
ARR 50001467 (sz=24, trace=301324, nelems=0, elem type=java.lang.Object[]@5000011c)
ARR 50001468 (sz=64, trace=301325, nelems=11, elem type=java.lang.String[]@500000db)
	[0]		50001ccb
	[1]		500022be
	[2]		500034ce
	[3]		500034cf
	[4]		50003584
	[5]		500034d1
	[6]		5000218c
	[7]		500034d2
	[8]		500034d3
	[9]		500034d4
	[10]		500034d5
ARR 50001469 (sz=24, trace=301326, nelems=0, elem type=java.lang.Object[]@5000011c)
ARR 5000146a (sz=64, trace=301327, nelems=11, elem type=java.lang.String[]@500000db)
	[0]		50001ccb
	[1]		500022be
	[2]		500034ce
	[3]		500034cf
	[4]		50003620
	[5]		500034d1
	[6]		5000218c
	[7]		500034d2
	[8]		500034d3
	[9]		500034d4
	[10]		500034d5
ARR 5000146b (sz=24, trace=301328, nelems=0, elem type=java.lang.Object[]@5000011c)
ARR 5000146c (sz=64, trace=301329, nelems=11, elem type=java.lang.String[]@500000db)
	[0]		50001ccb
	[1]		500022be
	[2]		500034ce
	[3]		500034cf
	[4]		50003532
	[5]		500034d1
	[6]		5000218c
	[7]		500034d2
	[8]		500034d3
	[9]		500034d4
	[10]		500034d5
ARR 5000146d (sz=24, trace=301330, nelems=0, elem type=java.lang.Object[]@5000011c)
ARR 5000146e (sz=64, trace=301331, nelems=11, elem type=java.lang.String[]@500000db)
	[0]		50001ccb
	[1]		500022be
	[2]		500034ce
	[3]		500034cf
	[4]		500035a4
	[5]		500034d1
	[6]		5000218c
	[7]		500034d2
	[8]		500034d3
	[9]		500034d4
	[10]		500034d5
ARR 5000146f (sz=24, trace=301332, nelems=0, elem type=java.lang.Object[]@5000011c)
ARR 50001470 (sz=64, trace=301333, nelems=11, elem type=java.lang.String[]@500000db)
	[0]		50001ccb
	[1]		500022be
	[2]		500034ce
	[3]		500034cf
	[4]		5000362e
	[5]		500034d1
	[6]		5000218c
	[7]		500034d2
	[8]		500034d3
	[9]		500034d4
	[10]		500034d5
ARR 50001471 (sz=24, trace=301334, nelems=0, elem type=java.lang.Object[]@5000011c)
ARR 50001472 (sz=64, trace=301335, nelems=11, elem type=java.lang.String[]@500000db)
	[0]		50001ccb
	[1]		500022be
	[2]		500034ce
	[3]		500034cf
	[4]		500035e4
	[5]		500034d1
	[6]		5000218c
	[7]		500034d2
	[8]		500034d3
	[9]		500034d4
	[10]		500034d5
ARR 50001473 (sz=24, trace=301336, nelems=0, elem type=java.lang.Object[]@5000011c)
ARR 50001474 (sz=64, trace=301337, nelems=11, elem type=java.lang.String[]@500000db)
	[0]		50001ccb
	[1]		500022be
	[2]		500034ce
	[3]		500034cf
	[4]		5000361c
	[5]		500034d1
	[6]		5000218c
	[7]		500034d2
	[8]		500034d3
	[9]		500034d4
	[10]		500034d5
ARR 50001475 (sz=24, trace=301338, nelems=0, elem type=java.lang.Object[]@5000011c)
ARR 50001476 (sz=64, trace=301339, nelems=11, elem type=java.lang.String[]@500000db)
	[0]		50001ccb
	[1]		500022be
	[2]		500034ce
	[3]		500034cf
	[4]		50003526
	[5]		500034d1
	[6]		5000218c
	[7]		500034d2
	[8]		500034d3
	[9]		500034d4
	[10]		500034d5
ARR 50001477 (sz=24, trace=301340, nelems=0, elem type=java.lang.Object[]@5000011c)
ARR 50001478 (sz=64, trace=301341, nelems=11, elem type=java.lang.String[]@500000db)
	[0]		50001ccb
	[1]		500022be
	[2]		500034ce
	[3]		500034cf
	[4]		50003602
	[5]		500034d1
	[6]		5000218c
	[7]		500034d2
	[8]		500034d3
	[9]		500034d4
	[10]		500034d5
ARR 50001479 (sz=24, trace=301342, nelems=0, elem type=java.lang.Object[]@5000011c)
ARR 5000147a (sz=64, trace=301343, nelems=11, elem type=java.lang.String[]@500000db)
	[0]		50001ccb
	[1]		500022be
	[2]		500034ce
	[3]		500034cf
	[4]		50003624
	[5]		500034d1
	[6]		5000218c
	[7]		500034d2
	[8]		500034d3
	[9]		500034d4
	[10]		500034d5
ARR 5000147b (sz=24, trace=301344, nelems=0, elem type=java.lang.Object[]@5000011c)
ARR 5000147c (sz=64, trace=301345, nelems=11, elem type=java.lang.String[]@500000db)
	[0]		50001ccb
	[1]		500022be
	[2]		500034ce
	[3]		500034cf
	[4]		5000357c
	[5]		500034d1
	[6]		5000218c
	[7]		500034d2
	[8]		500034d3
	[9]		500034d4
	[10]		500034d5
ARR 5000147d (sz=24, trace=301346, nelems=0, elem type=java.lang.Object[]@5000011c)
ARR 5000147e (sz=64, trace=301347, nelems=11, elem type=java.lang.String[]@500000db)
	[0]		50001ccb
	[1]		500022be
	[2]		500034ce
	[3]		500034cf
	[4]		500034f2
	[5]		500034d1
	[6]		5000218c
	[7]		500034d2
	[8]		500034d3
	[9]		500034d4
	[10]		5000272a
ARR 5000147f (sz=24, trace=301348, nelems=0, elem type=java.lang.Object[]@5000011c)
ARR 50001480 (sz=64, trace=301349, nelems=11, elem type=java.lang.String[]@500000db)
	[0]		50001ccb
	[1]		500022be
	[2]		500034ce
	[3]		500034cf
	[4]		50003628
	[5]		500034d1
	[6]		5000218c
	[7]		500034d2
	[8]		500034d3
	[9]		500034d4
	[10]		500034d5
ARR 50001481 (sz=24, trace=301350, nelems=0, elem type=java.lang.Object[]@5000011c)
ARR 50001482 (sz=64, trace=301351, nelems=11, elem type=java.lang.String[]@500000db)
	[0]		50001ccb
	[1]		500022be
	[2]		500034ce
	[3]		500034cf
	[4]		5000352e
	[5]		500034d1
	[6]		5000218c
	[7]		500034d2
	[8]		500034d3
	[9]		500034d4
	[10]		500034d5
ARR 50001483 (sz=24, trace=301352, nelems=0, elem type=java.lang.Object[]@5000011c)
ARR 50001484 (sz=64, trace=301353, nelems=11, elem type=java.lang.String[]@500000db)
	[0]		50001ccb
	[1]		500022be
	[2]		500034ce
	[3]		500034cf
	[4]		50003632
	[5]		500034d1
	[6]		5000218c
	[7]		500034d2
	[8]		500034d3
	[9]		500034d4
	[10]		500034d5
ARR 50001485 (sz=24, trace=301354, nelems=0, elem type=java.lang.Object[]@5000011c)
ARR 50001486 (sz=64, trace=301355, nelems=11, elem type=java.lang.String[]@500000db)
	[0]		50001ccb
	[1]		500022be
	[2]		500034ce
	[3]		500034cf
	[4]		500035da
	[5]		500034d1
	[6]		5000218c
	[7]		500034d2
	[8]		500034d3
	[9]		500034d4
	[10]		500034d5
ARR 50001487 (sz=24, trace=301356, nelems=0, elem type=java.lang.Object[]@5000011c)
ARR 50001488 (sz=64, trace=301357, nelems=11, elem type=java.lang.String[]@500000db)
	[0]		50001ccb
	[1]		500022be
	[2]		500034ce
	[3]		500034cf
	[4]		500035ea
	[5]		500034d1
	[6]		5000218c
	[7]		500034d2
	[8]		500034d3
	[9]		500034d4
	[10]		500034d5
ARR 50001489 (sz=24, trace=301358, nelems=0, elem type=java.lang.Object[]@5000011c)
ARR 5000148a (sz=64, trace=301359, nelems=11, elem type=java.lang.String[]@500000db)
	[0]		50001ccb
	[1]		500022be
	[2]		500034ce
	[3]		500034cf
	[4]		50003612
	[5]		500034d1
	[6]		5000218c
	[7]		500034d2
	[8]		500034d3
	[9]		500034d4
	[10]		500034d5
ARR 5000148b (sz=24, trace=301360, nelems=0, elem type=java.lang.Object[]@5000011c)
ARR 5000148c (sz=64, trace=301361, nelems=11, elem type=java.lang.String[]@500000db)
	[0]		50001ccb
	[1]		500022be
	[2]		500034ce
	[3]		500034cf
	[4]		50003644
	[5]		500034d1
	[6]		5000218c
	[7]		500034d2
	[8]		500034d3
	[9]		500034d4
	[10]		500034d5
ARR 5000148d (sz=24, trace=301362, nelems=0, elem type=java.lang.Object[]@5000011c)
ARR 5000148e (sz=64, trace=301363, nelems=11, elem type=java.lang.String[]@500000db)
	[0]		50001ccb
	[1]		500022be
	[2]		500034ce
	[3]		500034cf
	[4]		50003588
	[5]		500034d1
	[6]		5000218c
	[7]		500034d2
	[8]		500034d3
	[9]		500034d4
	[10]		500034d5
ARR 5000148f (sz=24, trace=301364, nelems=0, elem type=java.lang.Object[]@5000011c)
ARR 50001490 (sz=64, trace=301365, nelems=11, elem type=java.lang.String[]@500000db)
	[0]		50001ccb
	[1]		500022be
	[2]		500034ce
	[3]		500034cf
	[4]		500034d0
	[5]		500034d1
	[6]		5000218c
	[7]		500034d2
	[8]		500034d3
	[9]		500034d4
	[10]		500034d5
ARR 50001491 (sz=24, trace=301366, nelems=0, elem type=java.lang.Object[]@5000011c)
ARR 50001492 (sz=64, trace=301367, nelems=11, elem type=java.lang.String[]@500000db)
	[0]		50001ccb
	[1]		500022be
	[2]		500034ce
	[3]		500034cf
	[4]		5000352a
	[5]		500034d1
	[6]		5000218c
	[7]		500034d2
	[8]		500034d3
	[9]		500034d4
	[10]		500034d5
ARR 50001493 (sz=24, trace=301368, nelems=0, elem type=java.lang.Object[]@5000011c)
ARR 50001494 (sz=64, trace=301369, nelems=11, elem type=java.lang.String[]@500000db)
	[0]		50001ccb
	[1]		500022be
	[2]		500034ce
	[3]		500034cf
	[4]		500035d6
	[5]		500034d1
	[6]		5000218c
	[7]		500034d2
	[8]		500034d3
	[9]		500034d4
	[10]		500034d5
ARR 50001495 (sz=24, trace=301370, nelems=0, elem type=java.lang.Object[]@5000011c)
ARR 50001496 (sz=64, trace=301371, nelems=11, elem type=java.lang.String[]@500000db)
	[0]		50001ccb
	[1]		500022be
	[2]		500034ce
	[3]		500034cf
	[4]		500035f8
	[5]		500034d1
	[6]		5000218c
	[7]		500034d2
	[8]		500034d3
	[9]		500034d4
	[10]		500034d5
ARR 50001497 (sz=24, trace=301372, nelems=0, elem type=java.lang.Object[]@5000011c)
ARR 50001498 (sz=64, trace=301373, nelems=11, elem type=java.lang.String[]@500000db)
	[0]		50001ccb
	[1]		500022be
	[2]		500034ce
	[3]		500034cf
	[4]		50003606
	[5]		500034d1
	[6]		5000218c
	[7]		500034d2
	[8]		500034d3
	[9]		500034d4
	[10]		500034d5
ARR 50001499 (sz=24, trace=301374, nelems=0, elem type=java.lang.Object[]@5000011c)
ARR 5000149a (sz=64, trace=301375, nelems=11, elem type=java.lang.String[]@500000db)
	[0]		50001ccb
	[1]		500022be
	[2]		500034ce
	[3]		500034cf
	[4]		500035f4
	[5]		500034d1
	[6]		5000218c
	[7]		500034d2
	[8]		500034d3
	[9]		500034d4
	[10]		500034d5
ARR 5000149b (sz=24, trace=301376, nelems=0, elem type=java.lang.Object[]@5000011c)
ARR 5000149c (sz=64, trace=301377, nelems=11, elem type=java.lang.String[]@500000db)
	[0]		50001ccb
	[1]		500022be
	[2]		500034ce
	[3]		500034cf
	[4]		5000359c
	[5]		500034d1
	[6]		5000218c
	[7]		500034d2
	[8]		500034d3
	[9]		500034d4
	[10]		500034d5
ARR 5000149d (sz=24, trace=301378, nelems=0, elem type=java.lang.Object[]@5000011c)
ARR 5000149e (sz=64, trace=301379, nelems=11, elem type=java.lang.String[]@500000db)
	[0]		50001ccb
	[1]		500022be
	[2]		500034ce
	[3]		500034cf
	[4]		500035ee
	[5]		500034d1
	[6]		5000218c
	[7]		500034d2
	[8]		500034d3
	[9]		500034d4
	[10]		5000272a
ARR 5000149f (sz=24, trace=301380, nelems=0, elem type=java.lang.Object[]@5000011c)
ARR 500014a0 (sz=64, trace=301381, nelems=11, elem type=java.lang.String[]@500000db)
	[0]		50001ccb
	[1]		500022be
	[2]		500034ce
	[3]		500034cf
	[4]		50003580
	[5]		500034d1
	[6]		5000218c
	[7]		500034d2
	[8]		500034d3
	[9]		500034d4
	[10]		500034d5
ARR 500014a1 (sz=24, trace=301382, nelems=0, elem type=java.lang.Object[]@5000011c)
ARR 500014a2 (sz=64, trace=301383, nelems=11, elem type=java.lang.String[]@500000db)
	[0]		50001ccb
	[1]		500022be
	[2]		500034ce
	[3]		500034cf
	[4]		500034f6
	[5]		500034d1
	[6]		5000218c
	[7]		500034d2
	[8]		500034d3
	[9]		500034d4
	[10]		500034d5
ARR 500014a3 (sz=24, trace=301384, nelems=0, elem type=java.lang.Object[]@5000011c)
ARR 500014a4 (sz=32, trace=301385, nelems=4, elem type=java.lang.String[]@500000db)
	[0]		5000360a
	[1]		5000360a
	[2]		5000360b
	[3]		5000360c
ARR 500014a5 (sz=24, trace=301386, nelems=0, elem type=java.lang.Object[]@5000011c)
ARR 500014a6 (sz=32, trace=301387, nelems=4, elem type=java.lang.String[]@500000db)
	[0]		5000351c
	[1]		5000351d
	[2]		5000351e
	[3]		5000351f
ARR 500014a7 (sz=24, trace=301388, nelems=0, elem type=java.lang.Object[]@5000011c)
ARR 500014a8 (sz=24, trace=301389, nelems=1, elem type=java.lang.String[]@500000db)
	[0]		50003514
ARR 500014a9 (sz=24, trace=301390, nelems=0, elem type=java.lang.Object[]@5000011c)
ARR 500014aa (sz=32, trace=301391, nelems=4, elem type=java.lang.String[]@500000db)
	[0]		500034ea
	[1]		500034ea
	[2]		500034eb
	[3]		500034ec
ARR 500014ab (sz=24, trace=301392, nelems=0, elem type=java.lang.Object[]@5000011c)
ARR 500014ac (sz=32, trace=301393, nelems=4, elem type=java.lang.String[]@500000db)
	[0]		50003562
	[1]		50003563
	[2]		50003564
	[3]		50003565
ARR 500014ad (sz=24, trace=301394, nelems=0, elem type=java.lang.Object[]@5000011c)
ARR 500014ae (sz=24, trace=301395, nelems=1, elem type=java.lang.String[]@500000db)
	[0]		5000355a
ARR 500014af (sz=24, trace=301396, nelems=0, elem type=java.lang.Object[]@5000011c)
ARR 500014b0 (sz=32, trace=301397, nelems=4, elem type=java.lang.String[]@500000db)
	[0]		5000360a
	[1]		5000360a
	[2]		5000360b
	[3]		5000360c
ARR 500014b1 (sz=24, trace=301398, nelems=0, elem type=java.lang.Object[]@5000011c)
ARR 500014b2 (sz=32, trace=301399, nelems=4, elem type=java.lang.String[]@500000db)
	[0]		500035c2
	[1]		500035c3
	[2]		500035c4
	[3]		500035c5
ARR 500014b3 (sz=24, trace=301400, nelems=0, elem type=java.lang.Object[]@5000011c)
ARR 500014b4 (sz=24, trace=301401, nelems=1, elem type=java.lang.String[]@500000db)
	[0]		50003514
ARR 500014b5 (sz=24, trace=301402, nelems=0, elem type=java.lang.Object[]@5000011c)
ARR 500014b6 (sz=24, trace=301403, nelems=0, elem type=java.lang.Object[]@5000011c)
ARR 500014b7 (sz=80, trace=301208, nelems=0, elem type=java.util.concurrent.ConcurrentHashMap$Node[]@50000022)
OBJ 500014b8 (sz=32, trace=301209, class=java.util.concurrent.ConcurrentHashMap$Node@50000023)
OBJ 500014b9 (sz=32, trace=301273, class=java.util.concurrent.ConcurrentHashMap$Node@50000023)
	key		500034f8
	val		5000143f
OBJ 500014ba (sz=32, trace=301209, class=java.util.concurrent.ConcurrentHashMap$Node@50000023)
OBJ 500014bb (sz=32, trace=301273, class=java.util.concurrent.ConcurrentHashMap$Node@50000023)
OBJ 500014bc (sz=32, trace=301209, class=java.util.concurrent.ConcurrentHashMap$Node@50000023)
OBJ 500014bd (sz=32, trace=301209, class=java.util.concurrent.ConcurrentHashMap$Node@50000023)
	key		5000353c
	val		50001447
OBJ 500014be (sz=32, trace=301209, class=java.util.concurrent.ConcurrentHashMap$Node@50000023)
OBJ 500014bf (sz=32, trace=301209, class=java.util.concurrent.ConcurrentHashMap$Node@50000023)
OBJ 500014c0 (sz=32, trace=301209, class=java.util.concurrent.ConcurrentHashMap$Node@50000023)
OBJ 500014c1 (sz=32, trace=301273, class=java.util.concurrent.ConcurrentHashMap$Node@50000023)
	key		500034c6
	val		50001437
OBJ 500014c2 (sz=32, trace=301273, class=java.util.concurrent.ConcurrentHashMap$Node@50000023)
OBJ 500014c3 (sz=32, trace=301273, class=java.util.concurrent.ConcurrentHashMap$Node@50000023)
ARR 500014c4 (sz=144, trace=301274, nelems=0, elem type=java.util.concurrent.ConcurrentHashMap$Node[]@50000022)
OBJ 500014c5 (sz=32, trace=301204, class=java.util.concurrent.ConcurrentHashMap$ForwardingNode@500013c5)
OBJ 500014c6 (sz=32, trace=301275, class=java.util.concurrent.ConcurrentHashMap$Node@50000023)
OBJ 500014c7 (sz=32, trace=301275, class=java.util.concurrent.ConcurrentHashMap$Node@50000023)
	key		50003650
	val		5000143d
OBJ 500014c8 (sz=32, trace=301209, class=java.util.concurrent.ConcurrentHashMap$Node@50000023)
	key		50003614
	val		50001438
OBJ 500014c9 (sz=32, trace=301209, class=java.util.concurrent.ConcurrentHashMap$Node@50000023)
	key		5000363e
	val		50001438
	next		500014cb
OBJ 500014ca (sz=32, trace=301209, class=java.util.concurrent.ConcurrentHashMap$Node@50000023)
	key		500034de
	val		5000143a
OBJ 500014cb (sz=32, trace=301273, class=java.util.concurrent.ConcurrentHashMap$Node@50000023)
	key		50003640
	val		50001439
	next		500014ef
OBJ 500014cc (sz=32, trace=301273, class=java.util.concurrent.ConcurrentHashMap$Node@50000023)
	key		50003616
	val		50001439
OBJ 500014cd (sz=32, trace=301209, class=java.util.concurrent.ConcurrentHashMap$Node@50000023)
OBJ 500014ce (sz=32, trace=301209, class=java.util.concurrent.ConcurrentHashMap$Node@50000023)
	key		50003534
	val		50001459
OBJ 500014cf (sz=32, trace=301273, class=java.util.concurrent.ConcurrentHashMap$Node@50000023)
	key		500035f0
	val		50001c1a
	next		50001501
OBJ 500014d0 (sz=32, trace=301273, class=java.util.concurrent.ConcurrentHashMap$Node@50000023)
	key		500034f0
	val		5000145c
	next		50001505
OBJ 500014d1 (sz=32, trace=301209, class=java.util.concurrent.ConcurrentHashMap$Node@50000023)
	key		5000358a
	val		5000145e
OBJ 500014d2 (sz=32, trace=301273, class=java.util.concurrent.ConcurrentHashMap$Node@50000023)
	key		50003646
	val		50001460
OBJ 500014d3 (sz=32, trace=301209, class=java.util.concurrent.ConcurrentHashMap$Node@50000023)
	key		50003516
	val		50001462
	next		50001507
ARR 500014d4 (sz=272, trace=301274, nelems=0, elem type=java.util.concurrent.ConcurrentHashMap$Node[]@50000022)
OBJ 500014d5 (sz=32, trace=301204, class=java.util.concurrent.ConcurrentHashMap$ForwardingNode@500013c5)
OBJ 500014d6 (sz=32, trace=301275, class=java.util.concurrent.ConcurrentHashMap$Node@50000023)
	key		500035e6
	val		50001437
OBJ 500014d7 (sz=32, trace=301205, class=java.util.concurrent.ConcurrentHashMap$Node@50000023)
OBJ 500014d8 (sz=32, trace=301275, class=java.util.concurrent.ConcurrentHashMap$Node@50000023)
	key		5000356a
	val		50001443
	next		500014e7
OBJ 500014d9 (sz=32, trace=301205, class=java.util.concurrent.ConcurrentHashMap$Node@50000023)
	key		500035ca
	val		5000144b
	next		500014e8
OBJ 500014da (sz=32, trace=301205, class=java.util.concurrent.ConcurrentHashMap$Node@50000023)
	key		500035e0
	val		50001457
OBJ 500014db (sz=32, trace=301209, class=java.util.concurrent.ConcurrentHashMap$Node@50000023)
	key		500035dc
	val		50001464
OBJ 500014dc (sz=32, trace=301209, class=java.util.concurrent.ConcurrentHashMap$Node@50000023)
OBJ 500014dd (sz=32, trace=301209, class=java.util.concurrent.ConcurrentHashMap$Node@50000023)
OBJ 500014de (sz=32, trace=301273, class=java.util.concurrent.ConcurrentHashMap$Node@50000023)
	key		5000361e
	val		5000146a
	next		500014e6
OBJ 500014df (sz=32, trace=301209, class=java.util.concurrent.ConcurrentHashMap$Node@50000023)
OBJ 500014e0 (sz=32, trace=301209, class=java.util.concurrent.ConcurrentHashMap$Node@50000023)
	key		500035a2
	val		5000146e
OBJ 500014e1 (sz=32, trace=301209, class=java.util.concurrent.ConcurrentHashMap$Node@50000023)
	key		5000362c
	val		50001470
OBJ 500014e2 (sz=32, trace=301209, class=java.util.concurrent.ConcurrentHashMap$Node@50000023)
	key		500035e2
	val		50001472
OBJ 500014e3 (sz=32, trace=301209, class=java.util.concurrent.ConcurrentHashMap$Node@50000023)
	key		5000361a
	val		50001474
OBJ 500014e4 (sz=32, trace=301209, class=java.util.concurrent.ConcurrentHashMap$Node@50000023)
	key		50003524
	val		50001476
OBJ 500014e5 (sz=32, trace=301273, class=java.util.concurrent.ConcurrentHashMap$Node@50000023)
	key		50003600
	val		50001478
	next		50001500
OBJ 500014e6 (sz=32, trace=301273, class=java.util.concurrent.ConcurrentHashMap$Node@50000023)
	key		50003622
	val		5000147a
OBJ 500014e7 (sz=32, trace=301273, class=java.util.concurrent.ConcurrentHashMap$Node@50000023)
	key		5000357a
	val		5000147c
OBJ 500014e8 (sz=32, trace=301273, class=java.util.concurrent.ConcurrentHashMap$Node@50000023)
	key		500035d0
	val		5000147e
OBJ 500014e9 (sz=32, trace=301209, class=java.util.concurrent.ConcurrentHashMap$Node@50000023)
	key		50003626
	val		50001480
	next		50001506
OBJ 500014ea (sz=32, trace=301209, class=java.util.concurrent.ConcurrentHashMap$Node@50000023)
	key		5000352c
	val		50001482
OBJ 500014eb (sz=32, trace=301273, class=java.util.concurrent.ConcurrentHashMap$Node@50000023)
OBJ 500014ec (sz=32, trace=301209, class=java.util.concurrent.ConcurrentHashMap$Node@50000023)
	key		500035d8
	val		50001486
OBJ 500014ed (sz=32, trace=301273, class=java.util.concurrent.ConcurrentHashMap$Node@50000023)
	key		500035e8
	val		50001488
OBJ 500014ee (sz=32, trace=301209, class=java.util.concurrent.ConcurrentHashMap$Node@50000023)
	key		50003610
	val		5000148a
OBJ 500014ef (sz=32, trace=301273, class=java.util.concurrent.ConcurrentHashMap$Node@50000023)
	key		50003642
	val		5000148c
OBJ 500014f0 (sz=32, trace=301273, class=java.util.concurrent.ConcurrentHashMap$Node@50000023)
	key		50003586
	val		5000148e
OBJ 500014f1 (sz=32, trace=301273, class=java.util.concurrent.ConcurrentHashMap$Node@50000023)
	key		500034cc
	val		50001490
OBJ 500014f2 (sz=32, trace=301209, class=java.util.concurrent.ConcurrentHashMap$Node@50000023)
	key		50003528
	val		50001492
ARR 500014f3 (sz=528, trace=301274, nelems=127, elem type=java.util.concurrent.ConcurrentHashMap$Node[]@50000022)
	[0]		500014c7
	[2]		50001510
	[3]		500014d2
	[5]		500014c9
	[6]		5000150f
	[7]		500014fd
	[9]		500014e1
	[11]		500014e9
	[12]		500014de
	[15]		500014e3
	[17]		500014cc
	[18]		500014c8
	[21]		500014ee
	[22]		5000150c
	[23]		500014f9
	[24]		500014ff
	[25]		500014cf
	[27]		50001503
	[28]		500014ed
	[30]		500014d6
	[32]		500014e2
	[35]		500014da
	[39]		500014db
	[41]		500014ec
	[43]		500014fe
	[48]		50001508
	[49]		500014d9
	[51]		500014f6
	[52]		500014e0
	[61]		500014f5
	[67]		50001502
	[70]		500014d1
	[71]		500014f0
	[76]		500014fb
	[77]		50001504
	[83]		500014d8
	[84]		5000150a
	[87]		500014fa
	[89]		500014f8
	[90]		500014bd
	[91]		500014ce
	[92]		500014f7
	[93]		500014ea
	[101]		500014f2
	[104]		500014e4
	[108]		500014d3
	[110]		5000150e
	[112]		500014b9
	[115]		500014d0
	[117]		50001509
	[124]		500014ca
	[125]		500014f1
	[126]		500014c1
OBJ 500014f4 (sz=32, trace=301204, class=java.util.concurrent.ConcurrentHashMap$ForwardingNode@500013c5)
OBJ 500014f5 (sz=32, trace=301275, class=java.util.concurrent.ConcurrentHashMap$Node@50000023)
	key		5000359e
	val		50001466
OBJ 500014f6 (sz=32, trace=301275, class=java.util.concurrent.ConcurrentHashMap$Node@50000023)
	key		500035a6
	val		50001441
	next		5000150d
OBJ 500014f7 (sz=32, trace=301205, class=java.util.concurrent.ConcurrentHashMap$Node@50000023)
	key		50003530
	val		5000146c
OBJ 500014f8 (sz=32, trace=301205, class=java.util.concurrent.ConcurrentHashMap$Node@50000023)
	key		50003548
	val		50001445
	next		5000150b
OBJ 500014f9 (sz=32, trace=301275, class=java.util.concurrent.ConcurrentHashMap$Node@50000023)
	key		500035fa
	val		5000144f
	next		500014e5
OBJ 500014fa (sz=32, trace=301205, class=java.util.concurrent.ConcurrentHashMap$Node@50000023)
	key		5000355c
	val		50001438
OBJ 500014fb (sz=32, trace=301205, class=java.util.concurrent.ConcurrentHashMap$Node@50000023)
	key		50003582
	val		50001468
OBJ 500014fc (sz=32, trace=301275, class=java.util.concurrent.ConcurrentHashMap$Node@50000023)
	key		50003634
	val		50001449
OBJ 500014fd (sz=32, trace=301275, class=java.util.concurrent.ConcurrentHashMap$Node@50000023)
	key		50003630
	val		50001484
	next		500014fc
OBJ 500014fe (sz=32, trace=301209, class=java.util.concurrent.ConcurrentHashMap$Node@50000023)
	key		500035d4
	val		50001494
OBJ 500014ff (sz=32, trace=301209, class=java.util.concurrent.ConcurrentHashMap$Node@50000023)
	key		500035f6
	val		50001496
OBJ 50001500 (sz=32, trace=301273, class=java.util.concurrent.ConcurrentHashMap$Node@50000023)
	key		50003604
	val		50001498
OBJ 50001501 (sz=32, trace=301273, class=java.util.concurrent.ConcurrentHashMap$Node@50000023)
	key		500035f2
	val		5000149a
OBJ 50001502 (sz=32, trace=301209, class=java.util.concurrent.ConcurrentHashMap$Node@50000023)
	key		5000359a
	val		5000149c
OBJ 50001503 (sz=32, trace=301209, class=java.util.concurrent.ConcurrentHashMap$Node@50000023)
	key		500035ec
	val		5000149e
OBJ 50001504 (sz=32, trace=301209, class=java.util.concurrent.ConcurrentHashMap$Node@50000023)
	key		5000357e
	val		500014a0
OBJ 50001505 (sz=32, trace=301273, class=java.util.concurrent.ConcurrentHashMap$Node@50000023)
	key		500034f4
	val		500014a2
OBJ 50001506 (sz=32, trace=301273, class=java.util.concurrent.ConcurrentHashMap$Node@50000023)
	key		5000362a
	val		500014a4
OBJ 50001507 (sz=32, trace=301273, class=java.util.concurrent.ConcurrentHashMap$Node@50000023)
	key		5000351a
	val		500014a6
OBJ 50001508 (sz=32, trace=301209, class=java.util.concurrent.ConcurrentHashMap$Node@50000023)
	key		500035d2
	val		500014a8
OBJ 50001509 (sz=32, trace=301209, class=java.util.concurrent.ConcurrentHashMap$Node@50000023)
	key		500034e8
	val		500014aa
OBJ 5000150a (sz=32, trace=301209, class=java.util.concurrent.ConcurrentHashMap$Node@50000023)
	key		50003560
	val		500014ac
OBJ 5000150b (sz=32, trace=301273, class=java.util.concurrent.ConcurrentHashMap$Node@50000023)
	key		50003558
	val		500014ae
OBJ 5000150c (sz=32, trace=301209, class=java.util.concurrent.ConcurrentHashMap$Node@50000023)
	key		50003608
	val		500014b0
OBJ 5000150d (sz=32, trace=301273, class=java.util.concurrent.ConcurrentHashMap$Node@50000023)
	key		500035c0
	val		500014b2
OBJ 5000150e (sz=32, trace=301209, class=java.util.concurrent.ConcurrentHashMap$Node@50000023)
	key		50003512
	val		500014b4
OBJ 5000150f (sz=32, trace=301209, class=java.util.concurrent.ConcurrentHashMap$Node@50000023)
	key		5000363b
	val		5000363a
OBJ 50001510 (sz=32, trace=301209, class=java.util.concurrent.ConcurrentHashMap$Node@50000023)
	key		5000364d
	val		5000364c
OBJ 50001511 (sz=24, trace=301226, class=java.util.concurrent.ConcurrentHashMap$KeySetView@5000001e)
	map		50001436
OBJ 50001512 (sz=24, trace=301227, class=sun.util.resources.ParallelListResourceBundle$KeySet@500013e9)
	set		50001511
OBJ 50001513 (sz=24, trace=301404, class=java.lang.StringBuilder@50000135)
ARR 50001514 (sz=48, trace=301405, nelems=0, elem type=char[])
OBJ 50001515 (sz=24, trace=301406, class=java.lang.String@50000181)
ARR 50001516 (sz=48, trace=301407, nelems=0, elem type=char[])
OBJ 50001517 (sz=48, trace=301408, class=sun.util.locale.provider.LocaleResources$ResourceReference@500013cf)
	referent	500013e8
	queue		50000ff9
	cacheKey	50003b50
OBJ 50001518 (sz=32, trace=301409, class=java.util.concurrent.ConcurrentHashMap$Node@50000023)
	key		50003b50
	val		50001517
OBJ 5000151a (sz=64, trace=301411, class=java.util.concurrent.ConcurrentHashMap@5000002a)
	table		50001580
OBJ 5000151c (sz=16, trace=301413, class=java.util.Currency$1@5000151b)
OBJ 5000151d (sz=24, trace=301414, class=java.lang.StringBuilder@50000135)
ARR 5000151e (sz=48, trace=301415, nelems=0, elem type=char[])
ARR 5000151f (sz=88, trace=300010, nelems=0, elem type=char[])
ARR 50001520 (sz=160, trace=300010, nelems=0, elem type=char[])
OBJ 50001521 (sz=24, trace=301416, class=java.lang.String@50000181)
	value		50001522
ARR 50001522 (sz=104, trace=301417, nelems=52, elem type=char[])
OBJ 50001525 (sz=32, trace=301419, class=java.io.File@5000012f)
OBJ 50001526 (sz=32, trace=301420, class=java.io.FileInputStream@5000008b)
	fd		50001529
	path		50001521
	closeLock	50001528
OBJ 50001527 (sz=40, trace=300133, class=java.lang.ref.Finalizer@50000160)
	referent	50001526
	queue		50001ade
	next		500013a2
	prev		500017a6
OBJ 50001528 (sz=16, trace=301421, class=java.lang.Object@50000185)
OBJ 50001529 (sz=40, trace=301422, class=java.io.FileDescriptor@5000008a)
	parent		50001526
OBJ 5000152a (sz=40, trace=301022, class=java.io.BufferedInputStream@50000083)
ARR 5000152b (sz=8208, trace=301423, nelems=0, elem type=byte[])
OBJ 5000152c (sz=32, trace=301424, class=java.io.DataInputStream@50001524)
ARR 5000152d (sz=96, trace=301425, nelems=0, elem type=byte[])
ARR 5000152e (sz=176, trace=301426, nelems=0, elem type=char[])
ARR 5000152f (sz=24, trace=301427, nelems=0, elem type=byte[])
ARR 50001530 (sz=2704, trace=301428, nelems=676, elem type=int[])
ARR 50001531 (sz=136, trace=301429, nelems=17, elem type=long[])
ARR 50001532 (sz=88, trace=301430, nelems=17, elem type=java.lang.String[]@500000db)
	[0]		50001533
	[1]		50001535
	[2]		50001537
	[3]		50001539
	[4]		5000153b
	[5]		5000153d
	[6]		5000153f
	[7]		50001541
	[8]		50001543
	[9]		50001545
	[10]		50001547
	[11]		50001549
	[12]		5000154b
	[13]		5000154d
	[14]		5000154f
	[15]		50001551
	[16]		50001553
OBJ 50001533 (sz=24, trace=301431, class=java.lang.String@50000181)
	value		50001534
ARR 50001534 (sz=6, trace=301432, nelems=3, elem type=char[])
OBJ 50001535 (sz=24, trace=301431, class=java.lang.String@50000181)
	value		50001536
ARR 50001536 (sz=6, trace=301432, nelems=3, elem type=char[])
OBJ 50001537 (sz=24, trace=301431, class=java.lang.String@50000181)
	value		50001538
ARR 50001538 (sz=6, trace=301432, nelems=3, elem type=char[])
OBJ 50001539 (sz=24, trace=301431, class=java.lang.String@50000181)
	value		5000153a
ARR 5000153a (sz=6, trace=301432, nelems=3, elem type=char[])
OBJ 5000153b (sz=24, trace=301431, class=java.lang.String@50000181)
	value		5000153c
ARR 5000153c (sz=6, trace=301432, nelems=3, elem type=char[])
OBJ 5000153d (sz=24, trace=301431, class=java.lang.String@50000181)
	value		5000153e
ARR 5000153e (sz=6, trace=301432, nelems=3, elem type=char[])
OBJ 5000153f (sz=24, trace=301431, class=java.lang.String@50000181)
	value		50001540
ARR 50001540 (sz=6, trace=301432, nelems=3, elem type=char[])
OBJ 50001541 (sz=24, trace=301431, class=java.lang.String@50000181)
	value		50001542
ARR 50001542 (sz=6, trace=301432, nelems=3, elem type=char[])
OBJ 50001543 (sz=24, trace=301431, class=java.lang.String@50000181)
	value		50001544
ARR 50001544 (sz=6, trace=301432, nelems=3, elem type=char[])
OBJ 50001545 (sz=24, trace=301431, class=java.lang.String@50000181)
	value		50001546
ARR 50001546 (sz=6, trace=301432, nelems=3, elem type=char[])
OBJ 50001547 (sz=24, trace=301431, class=java.lang.String@50000181)
	value		50001548
ARR 50001548 (sz=6, trace=301432, nelems=3, elem type=char[])
OBJ 50001549 (sz=24, trace=301431, class=java.lang.String@50000181)
	value		5000154a
ARR 5000154a (sz=6, trace=301432, nelems=3, elem type=char[])
OBJ 5000154b (sz=24, trace=301431, class=java.lang.String@50000181)
	value		5000154c
ARR 5000154c (sz=6, trace=301432, nelems=3, elem type=char[])
OBJ 5000154d (sz=24, trace=301431, class=java.lang.String@50000181)
	value		5000154e
ARR 5000154e (sz=6, trace=301432, nelems=3, elem type=char[])
OBJ 5000154f (sz=24, trace=301431, class=java.lang.String@50000181)
	value		50001550
ARR 50001550 (sz=6, trace=301432, nelems=3, elem type=char[])
OBJ 50001551 (sz=24, trace=301431, class=java.lang.String@50000181)
	value		50001552
ARR 50001552 (sz=6, trace=301432, nelems=3, elem type=char[])
OBJ 50001553 (sz=24, trace=301431, class=java.lang.String@50000181)
	value		50001554
ARR 50001554 (sz=6, trace=301432, nelems=3, elem type=char[])
ARR 50001555 (sz=88, trace=301433, nelems=17, elem type=java.lang.String[]@500000db)
	[0]		50001556
	[1]		50001557
	[2]		50001558
	[3]		50001559
	[4]		5000155a
	[5]		5000155b
	[6]		5000155c
	[7]		5000155d
	[8]		5000155e
	[9]		5000155f
	[10]		50001560
	[11]		50001561
	[12]		50001562
	[13]		50001563
	[14]		50001565
	[15]		50001567
	[16]		50001568
OBJ 50001556 (sz=24, trace=301431, class=java.lang.String@50000181)
	value		50002122
OBJ 50001557 (sz=24, trace=301431, class=java.lang.String@50000181)
	value		50002122
OBJ 50001558 (sz=24, trace=301431, class=java.lang.String@50000181)
	value		50002122
OBJ 50001559 (sz=24, trace=301431, class=java.lang.String@50000181)
	value		50002122
OBJ 5000155a (sz=24, trace=301431, class=java.lang.String@50000181)
	value		50002122
OBJ 5000155b (sz=24, trace=301431, class=java.lang.String@50000181)
	value		50002122
OBJ 5000155c (sz=24, trace=301431, class=java.lang.String@50000181)
	value		50002122
OBJ 5000155d (sz=24, trace=301431, class=java.lang.String@50000181)
	value		50002122
OBJ 5000155e (sz=24, trace=301431, class=java.lang.String@50000181)
	value		50002122
OBJ 5000155f (sz=24, trace=301431, class=java.lang.String@50000181)
	value		50002122
OBJ 50001560 (sz=24, trace=301431, class=java.lang.String@50000181)
	value		50002122
OBJ 50001561 (sz=24, trace=301431, class=java.lang.String@50000181)
	value		50002122
OBJ 50001562 (sz=24, trace=301431, class=java.lang.String@50000181)
	value		50002122
OBJ 50001563 (sz=24, trace=301431, class=java.lang.String@50000181)
	value		50001564
ARR 50001564 (sz=6, trace=301432, nelems=3, elem type=char[])
OBJ 50001565 (sz=24, trace=301431, class=java.lang.String@50000181)
	value		50001566
ARR 50001566 (sz=6, trace=301432, nelems=3, elem type=char[])
OBJ 50001567 (sz=24, trace=301431, class=java.lang.String@50000181)
	value		50002122
OBJ 50001568 (sz=24, trace=301431, class=java.lang.String@50000181)
	value		50002122
ARR 50001569 (sz=68, trace=301434, nelems=17, elem type=int[])
ARR 5000156a (sz=68, trace=301435, nelems=17, elem type=int[])
ARR 5000156b (sz=68, trace=301436, nelems=17, elem type=int[])
ARR 5000156c (sz=68, trace=301437, nelems=17, elem type=int[])
ARR 5000156d (sz=592, trace=301438, nelems=0, elem type=byte[])
ARR 5000156e (sz=1168, trace=301439, nelems=0, elem type=char[])
OBJ 5000156f (sz=24, trace=301440, class=java.lang.String@50000181)
	value		50001570
ARR 50001570 (sz=574, trace=301432, nelems=287, elem type=char[])
ARR 50001571 (sz=288, trace=301441, nelems=72, elem type=int[])
ARR 50001572 (sz=288, trace=301442, nelems=72, elem type=int[])
OBJ 50001573 (sz=16, trace=301443, class=java.io.FileInputStream$1@50000013)
OBJ 50001574 (sz=24, trace=301444, class=java.lang.StringBuilder@50000135)
ARR 50001575 (sz=48, trace=301445, nelems=0, elem type=char[])
ARR 50001576 (sz=88, trace=300010, nelems=0, elem type=char[])
ARR 50001577 (sz=160, trace=300010, nelems=0, elem type=char[])
OBJ 50001578 (sz=24, trace=301446, class=java.lang.String@50000181)
ARR 50001579 (sz=136, trace=301447, nelems=0, elem type=char[])
OBJ 5000157a (sz=32, trace=301448, class=java.io.File@5000012f)
OBJ 5000157b (sz=24, trace=301449, class=java.lang.StringBuilder@50000135)
ARR 5000157c (sz=56, trace=301450, nelems=0, elem type=char[])
OBJ 5000157d (sz=24, trace=301451, class=java.lang.String@50000181)
	value		5000157e
ARR 5000157e (sz=6, trace=301452, nelems=3, elem type=char[])
OBJ 5000157f (sz=24, trace=301453, class=java.util.Currency@50001519)
	currencyCode	5000157d
ARR 50001580 (sz=80, trace=301454, nelems=16, elem type=java.util.concurrent.ConcurrentHashMap$Node[]@50000022)
	[15]		50001581
OBJ 50001581 (sz=32, trace=301455, class=java.util.concurrent.ConcurrentHashMap$Node@50000023)
	key		5000157d
	val		5000157f
OBJ 50001584 (sz=64, trace=301458, class=java.util.concurrent.ConcurrentHashMap@5000002a)
	table		5000171f
ARR 50001585 (sz=56, trace=301459, nelems=10, elem type=java.lang.Class[]@50000117)
	[0]		50001586
	[1]		50001587
	[2]		50001588
	[3]		50001589
	[4]		500013d4
	[5]		50000dbf
	[6]		50001582
	[7]		5000158a
	[8]		5000158b
	[9]		5000158c
OBJ 5000158d (sz=32, trace=301467, class=sun.util.locale.provider.LocaleServiceProviderPool@50001583)
	providers	5000158e
	providersCache	5000158f
	providerClass	50001582
OBJ 5000158e (sz=64, trace=301468, class=java.util.concurrent.ConcurrentHashMap@5000002a)
	table		50001706
OBJ 5000158f (sz=64, trace=301469, class=java.util.concurrent.ConcurrentHashMap@5000002a)
OBJ 50001590 (sz=24, trace=301470, class=java.util.Collections$UnmodifiableCollection$1@50000ddc)
OBJ 50001591 (sz=32, trace=300720, class=java.util.ArrayList$Itr@50000dde)
OBJ 50001592 (sz=24, trace=300723, class=java.lang.String@50000181)
ARR 50001593 (sz=56, trace=300724, nelems=0, elem type=char[])
OBJ 50001595 (sz=16, trace=300730, class=java.util.HashSet@50000005)
	map		50001596
OBJ 50001596 (sz=48, trace=300731, class=java.util.HashMap@500000d9)
	table		500016c1
OBJ 50001597 (sz=48, trace=300732, class=java.util.StringTokenizer@50000039)
OBJ 50001598 (sz=24, trace=300733, class=java.lang.String@50000181)
	value		50001599
ARR 50001599 (sz=10, trace=300734, nelems=5, elem type=char[])
ARR 5000159a (sz=80, trace=300213, nelems=0, elem type=java.util.HashMap$Node[]@500000d5)
OBJ 5000159b (sz=32, trace=300080, class=java.util.HashMap$Node@500000d7)
	key		50001598
	value		50001c14
	next		500015d4
OBJ 5000159c (sz=24, trace=300733, class=java.lang.String@50000181)
	value		5000159d
ARR 5000159d (sz=10, trace=300734, nelems=5, elem type=char[])
OBJ 5000159e (sz=32, trace=300080, class=java.util.HashMap$Node@500000d7)
	key		5000159c
	value		50001c14
OBJ 5000159f (sz=24, trace=300733, class=java.lang.String@50000181)
	value		500015a0
ARR 500015a0 (sz=10, trace=300734, nelems=5, elem type=char[])
OBJ 500015a1 (sz=32, trace=300080, class=java.util.HashMap$Node@500000d7)
	key		5000159f
	value		50001c14
OBJ 500015a2 (sz=24, trace=300733, class=java.lang.String@50000181)
	value		500015a3
ARR 500015a3 (sz=10, trace=300734, nelems=5, elem type=char[])
OBJ 500015a4 (sz=32, trace=300080, class=java.util.HashMap$Node@500000d7)
	key		500015a2
	value		50001c14
OBJ 500015a5 (sz=24, trace=300733, class=java.lang.String@50000181)
	value		500015a6
ARR 500015a6 (sz=10, trace=300734, nelems=5, elem type=char[])
OBJ 500015a7 (sz=32, trace=300080, class=java.util.HashMap$Node@500000d7)
	key		500015a5
	value		50001c14
	next		50001620
OBJ 500015a8 (sz=24, trace=300733, class=java.lang.String@50000181)
	value		500015a9
ARR 500015a9 (sz=10, trace=300734, nelems=5, elem type=char[])
OBJ 500015aa (sz=32, trace=300080, class=java.util.HashMap$Node@500000d7)
	key		500015a8
	value		50001c14
OBJ 500015ab (sz=24, trace=300733, class=java.lang.String@50000181)
	value		500015ac
ARR 500015ac (sz=10, trace=300734, nelems=5, elem type=char[])
OBJ 500015ad (sz=32, trace=300081, class=java.util.HashMap$Node@500000d7)
	key		500015ab
	value		50001c14
OBJ 500015ae (sz=24, trace=300733, class=java.lang.String@50000181)
	value		500015af
ARR 500015af (sz=10, trace=300734, nelems=5, elem type=char[])
OBJ 500015b0 (sz=32, trace=300080, class=java.util.HashMap$Node@500000d7)
	key		500015ae
	value		50001c14
OBJ 500015b1 (sz=24, trace=300733, class=java.lang.String@50000181)
	value		500015b2
ARR 500015b2 (sz=10, trace=300734, nelems=5, elem type=char[])
OBJ 500015b3 (sz=32, trace=300081, class=java.util.HashMap$Node@500000d7)
	key		500015b1
	value		50001c14
	next		500015c5
OBJ 500015b4 (sz=24, trace=300733, class=java.lang.String@50000181)
	value		500015b5
ARR 500015b5 (sz=10, trace=300734, nelems=5, elem type=char[])
OBJ 500015b6 (sz=32, trace=300081, class=java.util.HashMap$Node@500000d7)
	key		500015b4
	value		50001c14
OBJ 500015b7 (sz=24, trace=300733, class=java.lang.String@50000181)
	value		500015b8
ARR 500015b8 (sz=10, trace=300734, nelems=5, elem type=char[])
OBJ 500015b9 (sz=32, trace=300081, class=java.util.HashMap$Node@500000d7)
	key		500015b7
	value		50001c14
OBJ 500015ba (sz=24, trace=300733, class=java.lang.String@50000181)
ARR 500015bb (sz=24, trace=300734, nelems=0, elem type=char[])
OBJ 500015bc (sz=24, trace=300733, class=java.lang.String@50000181)
	value		500015bd
ARR 500015bd (sz=10, trace=300734, nelems=5, elem type=char[])
OBJ 500015be (sz=32, trace=300080, class=java.util.HashMap$Node@500000d7)
	key		500015bc
	value		50001c14
OBJ 500015bf (sz=24, trace=300733, class=java.lang.String@50000181)
	value		500015c0
ARR 500015c0 (sz=10, trace=300734, nelems=5, elem type=char[])
OBJ 500015c1 (sz=32, trace=300081, class=java.util.HashMap$Node@500000d7)
	key		500015bf
	value		50001c14
	next		50001636
ARR 500015c2 (sz=144, trace=300743, nelems=0, elem type=java.util.HashMap$Node[]@500000d5)
OBJ 500015c3 (sz=24, trace=300733, class=java.lang.String@50000181)
	value		500015c4
ARR 500015c4 (sz=10, trace=300734, nelems=5, elem type=char[])
OBJ 500015c5 (sz=32, trace=300081, class=java.util.HashMap$Node@500000d7)
	key		500015c3
	value		50001c14
	next		50001681
OBJ 500015c6 (sz=24, trace=300733, class=java.lang.String@50000181)
	value		500015c7
ARR 500015c7 (sz=10, trace=300734, nelems=5, elem type=char[])
OBJ 500015c8 (sz=32, trace=300080, class=java.util.HashMap$Node@500000d7)
	key		500015c6
	value		50001c14
	next		5000162c
OBJ 500015c9 (sz=24, trace=300733, class=java.lang.String@50000181)
	value		500015ca
ARR 500015ca (sz=10, trace=300734, nelems=5, elem type=char[])
OBJ 500015cb (sz=32, trace=300080, class=java.util.HashMap$Node@500000d7)
	key		500015c9
	value		50001c14
OBJ 500015cc (sz=24, trace=300733, class=java.lang.String@50000181)
	value		500015cd
ARR 500015cd (sz=10, trace=300734, nelems=5, elem type=char[])
OBJ 500015ce (sz=32, trace=300081, class=java.util.HashMap$Node@500000d7)
	key		500015cc
	value		50001c14
	next		5000165a
OBJ 500015cf (sz=24, trace=300733, class=java.lang.String@50000181)
	value		500015d0
ARR 500015d0 (sz=10, trace=300734, nelems=5, elem type=char[])
OBJ 500015d1 (sz=32, trace=300081, class=java.util.HashMap$Node@500000d7)
	key		500015cf
	value		50001c14
OBJ 500015d2 (sz=24, trace=300733, class=java.lang.String@50000181)
	value		500015d3
ARR 500015d3 (sz=10, trace=300734, nelems=5, elem type=char[])
OBJ 500015d4 (sz=32, trace=300081, class=java.util.HashMap$Node@500000d7)
	key		500015d2
	value		50001c14
OBJ 500015d5 (sz=24, trace=300733, class=java.lang.String@50000181)
	value		500015d6
ARR 500015d6 (sz=10, trace=300734, nelems=5, elem type=char[])
OBJ 500015d7 (sz=32, trace=300080, class=java.util.HashMap$Node@500000d7)
	key		500015d5
	value		50001c14
	next		5000167e
OBJ 500015d8 (sz=24, trace=300733, class=java.lang.String@50000181)
	value		500015d9
ARR 500015d9 (sz=10, trace=300734, nelems=5, elem type=char[])
OBJ 500015da (sz=32, trace=300080, class=java.util.HashMap$Node@500000d7)
	key		500015d8
	value		50001c14
OBJ 500015db (sz=24, trace=300733, class=java.lang.String@50000181)
	value		500015dc
ARR 500015dc (sz=10, trace=300734, nelems=5, elem type=char[])
OBJ 500015dd (sz=32, trace=300081, class=java.util.HashMap$Node@500000d7)
	key		500015db
	value		50001c14
	next		500016c7
OBJ 500015de (sz=24, trace=300733, class=java.lang.String@50000181)
	value		500015df
ARR 500015df (sz=10, trace=300734, nelems=5, elem type=char[])
OBJ 500015e0 (sz=32, trace=300080, class=java.util.HashMap$Node@500000d7)
	key		500015de
	value		50001c14
OBJ 500015e1 (sz=24, trace=300733, class=java.lang.String@50000181)
	value		500015e2
ARR 500015e2 (sz=10, trace=300734, nelems=5, elem type=char[])
OBJ 500015e3 (sz=32, trace=300081, class=java.util.HashMap$Node@500000d7)
	key		500015e1
	value		50001c14
OBJ 500015e4 (sz=24, trace=300733, class=java.lang.String@50000181)
	value		500015e5
ARR 500015e5 (sz=10, trace=300734, nelems=5, elem type=char[])
OBJ 500015e6 (sz=32, trace=300080, class=java.util.HashMap$Node@500000d7)
	key		500015e4
	value		50001c14
	next		500016bd
ARR 500015e7 (sz=272, trace=300743, nelems=0, elem type=java.util.HashMap$Node[]@500000d5)
OBJ 500015e8 (sz=24, trace=300733, class=java.lang.String@50000181)
	value		500015e9
ARR 500015e9 (sz=10, trace=300734, nelems=5, elem type=char[])
OBJ 500015ea (sz=32, trace=300080, class=java.util.HashMap$Node@500000d7)
	key		500015e8
	value		50001c14
OBJ 500015eb (sz=24, trace=300733, class=java.lang.String@50000181)
	value		500015ec
ARR 500015ec (sz=10, trace=300734, nelems=5, elem type=char[])
OBJ 500015ed (sz=32, trace=300081, class=java.util.HashMap$Node@500000d7)
	key		500015eb
	value		50001c14
OBJ 500015ee (sz=24, trace=300733, class=java.lang.String@50000181)
	value		500015ef
ARR 500015ef (sz=10, trace=300734, nelems=5, elem type=char[])
OBJ 500015f0 (sz=32, trace=300080, class=java.util.HashMap$Node@500000d7)
	key		500015ee
	value		50001c14
OBJ 500015f1 (sz=24, trace=300733, class=java.lang.String@50000181)
	value		500015f2
ARR 500015f2 (sz=10, trace=300734, nelems=5, elem type=char[])
OBJ 500015f3 (sz=32, trace=300080, class=java.util.HashMap$Node@500000d7)
	key		500015f1
	value		50001c14
OBJ 500015f4 (sz=24, trace=300733, class=java.lang.String@50000181)
	value		500015f5
ARR 500015f5 (sz=10, trace=300734, nelems=5, elem type=char[])
OBJ 500015f6 (sz=32, trace=300081, class=java.util.HashMap$Node@500000d7)
	key		500015f4
	value		50001c14
OBJ 500015f7 (sz=24, trace=300733, class=java.lang.String@50000181)
	value		500015f8
ARR 500015f8 (sz=10, trace=300734, nelems=5, elem type=char[])
OBJ 500015f9 (sz=32, trace=300081, class=java.util.HashMap$Node@500000d7)
	key		500015f7
	value		50001c14
	next		5000160b
OBJ 500015fa (sz=24, trace=300733, class=java.lang.String@50000181)
	value		500015fb
ARR 500015fb (sz=10, trace=300734, nelems=5, elem type=char[])
OBJ 500015fc (sz=32, trace=300080, class=java.util.HashMap$Node@500000d7)
	key		500015fa
	value		50001c14
OBJ 500015fd (sz=24, trace=300733, class=java.lang.String@50000181)
	value		500015fe
ARR 500015fe (sz=10, trace=300734, nelems=5, elem type=char[])
OBJ 500015ff (sz=32, trace=300080, class=java.util.HashMap$Node@500000d7)
	key		500015fd
	value		50001c14
OBJ 50001600 (sz=24, trace=300733, class=java.lang.String@50000181)
	value		50001601
ARR 50001601 (sz=4, trace=300734, nelems=2, elem type=char[])
OBJ 50001602 (sz=32, trace=300081, class=java.util.HashMap$Node@500000d7)
	key		50001600
	value		50001c14
	next		500016f4
OBJ 50001603 (sz=24, trace=300733, class=java.lang.String@50000181)
	value		50001604
ARR 50001604 (sz=10, trace=300734, nelems=5, elem type=char[])
OBJ 50001605 (sz=32, trace=300080, class=java.util.HashMap$Node@500000d7)
	key		50001603
	value		50001c14
OBJ 50001606 (sz=24, trace=300733, class=java.lang.String@50000181)
	value		50001607
ARR 50001607 (sz=10, trace=300734, nelems=5, elem type=char[])
OBJ 50001608 (sz=32, trace=300080, class=java.util.HashMap$Node@500000d7)
	key		50001606
	value		50001c14
	next		50001696
OBJ 50001609 (sz=24, trace=300733, class=java.lang.String@50000181)
	value		5000160a
ARR 5000160a (sz=10, trace=300734, nelems=5, elem type=char[])
OBJ 5000160b (sz=32, trace=300081, class=java.util.HashMap$Node@500000d7)
	key		50001609
	value		50001c14
OBJ 5000160c (sz=24, trace=300733, class=java.lang.String@50000181)
	value		5000160d
ARR 5000160d (sz=10, trace=300734, nelems=5, elem type=char[])
OBJ 5000160e (sz=32, trace=300080, class=java.util.HashMap$Node@500000d7)
	key		5000160c
	value		50001c14
OBJ 5000160f (sz=24, trace=300733, class=java.lang.String@50000181)
	value		50001610
ARR 50001610 (sz=10, trace=300734, nelems=5, elem type=char[])
OBJ 50001611 (sz=32, trace=300081, class=java.util.HashMap$Node@500000d7)
	key		5000160f
	value		50001c14
OBJ 50001612 (sz=24, trace=300733, class=java.lang.String@50000181)
	value		50001613
ARR 50001613 (sz=10, trace=300734, nelems=5, elem type=char[])
OBJ 50001614 (sz=32, trace=300081, class=java.util.HashMap$Node@500000d7)
	key		50001612
	value		50001c14
OBJ 50001615 (sz=24, trace=300733, class=java.lang.String@50000181)
	value		50001616
ARR 50001616 (sz=10, trace=300734, nelems=5, elem type=char[])
OBJ 50001617 (sz=32, trace=300081, class=java.util.HashMap$Node@500000d7)
	key		50001615
	value		50001c14
	next		500016df
OBJ 50001618 (sz=24, trace=300733, class=java.lang.String@50000181)
	value		50001619
ARR 50001619 (sz=4, trace=300734, nelems=2, elem type=char[])
OBJ 5000161a (sz=32, trace=300080, class=java.util.HashMap$Node@500000d7)
	key		50001618
	value		50001c14
OBJ 5000161b (sz=24, trace=300733, class=java.lang.String@50000181)
	value		5000161c
ARR 5000161c (sz=10, trace=300734, nelems=5, elem type=char[])
OBJ 5000161d (sz=32, trace=300080, class=java.util.HashMap$Node@500000d7)
	key		5000161b
	value		50001c14
OBJ 5000161e (sz=24, trace=300733, class=java.lang.String@50000181)
	value		5000161f
ARR 5000161f (sz=10, trace=300734, nelems=5, elem type=char[])
OBJ 50001620 (sz=32, trace=300081, class=java.util.HashMap$Node@500000d7)
	key		5000161e
	value		50001c14
OBJ 50001621 (sz=24, trace=300733, class=java.lang.String@50000181)
	value		50001622
ARR 50001622 (sz=10, trace=300734, nelems=5, elem type=char[])
OBJ 50001623 (sz=32, trace=300080, class=java.util.HashMap$Node@500000d7)
	key		50001621
	value		50001c14
OBJ 50001624 (sz=24, trace=300733, class=java.lang.String@50000181)
	value		50001625
ARR 50001625 (sz=10, trace=300734, nelems=5, elem type=char[])
OBJ 50001626 (sz=32, trace=300080, class=java.util.HashMap$Node@500000d7)
	key		50001624
	value		50001c14
OBJ 50001627 (sz=24, trace=300733, class=java.lang.String@50000181)
	value		50001628
ARR 50001628 (sz=10, trace=300734, nelems=5, elem type=char[])
OBJ 50001629 (sz=32, trace=300081, class=java.util.HashMap$Node@500000d7)
	key		50001627
	value		50001c14
OBJ 5000162a (sz=24, trace=300733, class=java.lang.String@50000181)
	value		5000162b
ARR 5000162b (sz=10, trace=300734, nelems=5, elem type=char[])
OBJ 5000162c (sz=32, trace=300081, class=java.util.HashMap$Node@500000d7)
	key		5000162a
	value		50001c14
	next		50001666
OBJ 5000162d (sz=24, trace=300733, class=java.lang.String@50000181)
	value		5000162e
ARR 5000162e (sz=10, trace=300734, nelems=5, elem type=char[])
OBJ 5000162f (sz=32, trace=300080, class=java.util.HashMap$Node@500000d7)
	key		5000162d
	value		50001c14
ARR 50001630 (sz=528, trace=300743, nelems=0, elem type=java.util.HashMap$Node[]@500000d5)
OBJ 50001631 (sz=24, trace=300733, class=java.lang.String@50000181)
	value		50001632
ARR 50001632 (sz=10, trace=300734, nelems=5, elem type=char[])
OBJ 50001633 (sz=32, trace=300081, class=java.util.HashMap$Node@500000d7)
	key		50001631
	value		50001c14
	next		50001654
OBJ 50001634 (sz=24, trace=300733, class=java.lang.String@50000181)
	value		50001635
ARR 50001635 (sz=10, trace=300734, nelems=5, elem type=char[])
OBJ 50001636 (sz=32, trace=300081, class=java.util.HashMap$Node@500000d7)
	key		50001634
	value		50001c14
OBJ 50001637 (sz=24, trace=300733, class=java.lang.String@50000181)
	value		50001638
ARR 50001638 (sz=10, trace=300734, nelems=5, elem type=char[])
OBJ 50001639 (sz=32, trace=300080, class=java.util.HashMap$Node@500000d7)
	key		50001637
	value		50001c14
OBJ 5000163a (sz=24, trace=300733, class=java.lang.String@50000181)
	value		5000163b
ARR 5000163b (sz=10, trace=300734, nelems=5, elem type=char[])
OBJ 5000163c (sz=32, trace=300080, class=java.util.HashMap$Node@500000d7)
	key		5000163a
	value		50001c14
OBJ 5000163d (sz=24, trace=300733, class=java.lang.String@50000181)
	value		5000163e
ARR 5000163e (sz=10, trace=300734, nelems=5, elem type=char[])
OBJ 5000163f (sz=32, trace=300080, class=java.util.HashMap$Node@500000d7)
	key		5000163d
	value		50001c14
OBJ 50001640 (sz=24, trace=300733, class=java.lang.String@50000181)
	value		50001641
ARR 50001641 (sz=10, trace=300734, nelems=5, elem type=char[])
OBJ 50001642 (sz=32, trace=300080, class=java.util.HashMap$Node@500000d7)
	key		50001640
	value		50001c14
OBJ 50001643 (sz=24, trace=300733, class=java.lang.String@50000181)
	value		50001644
ARR 50001644 (sz=10, trace=300734, nelems=5, elem type=char[])
OBJ 50001645 (sz=32, trace=300080, class=java.util.HashMap$Node@500000d7)
	key		50001643
	value		50001c14
	next		500016c4
OBJ 50001646 (sz=24, trace=300733, class=java.lang.String@50000181)
	value		50001647
ARR 50001647 (sz=10, trace=300734, nelems=5, elem type=char[])
OBJ 50001648 (sz=32, trace=300080, class=java.util.HashMap$Node@500000d7)
	key		50001646
	value		50001c14
OBJ 50001649 (sz=24, trace=300733, class=java.lang.String@50000181)
	value		5000164a
ARR 5000164a (sz=10, trace=300734, nelems=5, elem type=char[])
OBJ 5000164b (sz=32, trace=300080, class=java.util.HashMap$Node@500000d7)
	key		50001649
	value		50001c14
OBJ 5000164c (sz=24, trace=300733, class=java.lang.String@50000181)
	value		5000164d
ARR 5000164d (sz=10, trace=300734, nelems=5, elem type=char[])
OBJ 5000164e (sz=32, trace=300080, class=java.util.HashMap$Node@500000d7)
	key		5000164c
	value		50001c14
OBJ 5000164f (sz=24, trace=300733, class=java.lang.String@50000181)
	value		50001650
ARR 50001650 (sz=10, trace=300734, nelems=5, elem type=char[])
OBJ 50001651 (sz=32, trace=300080, class=java.util.HashMap$Node@500000d7)
	key		5000164f
	value		50001c14
OBJ 50001652 (sz=24, trace=300733, class=java.lang.String@50000181)
	value		50001653
ARR 50001653 (sz=10, trace=300734, nelems=5, elem type=char[])
OBJ 50001654 (sz=32, trace=300081, class=java.util.HashMap$Node@500000d7)
	key		50001652
	value		50001c14
OBJ 50001655 (sz=24, trace=300733, class=java.lang.String@50000181)
	value		50001656
ARR 50001656 (sz=10, trace=300734, nelems=5, elem type=char[])
OBJ 50001657 (sz=32, trace=300080, class=java.util.HashMap$Node@500000d7)
	key		50001655
	value		50001c14
OBJ 50001658 (sz=24, trace=300733, class=java.lang.String@50000181)
	value		50001659
ARR 50001659 (sz=10, trace=300734, nelems=5, elem type=char[])
OBJ 5000165a (sz=32, trace=300081, class=java.util.HashMap$Node@500000d7)
	key		50001658
	value		50001c14
OBJ 5000165b (sz=24, trace=300733, class=java.lang.String@50000181)
	value		5000165c
ARR 5000165c (sz=10, trace=300734, nelems=5, elem type=char[])
OBJ 5000165d (sz=32, trace=300080, class=java.util.HashMap$Node@500000d7)
	key		5000165b
	value		50001c14
	next		5000168a
OBJ 5000165e (sz=24, trace=300733, class=java.lang.String@50000181)
	value		5000165f
ARR 5000165f (sz=10, trace=300734, nelems=5, elem type=char[])
OBJ 50001660 (sz=32, trace=300080, class=java.util.HashMap$Node@500000d7)
	key		5000165e
	value		50001c14
OBJ 50001661 (sz=24, trace=300733, class=java.lang.String@50000181)
	value		50001662
ARR 50001662 (sz=4, trace=300734, nelems=2, elem type=char[])
OBJ 50001663 (sz=32, trace=300081, class=java.util.HashMap$Node@500000d7)
	key		50001661
	value		50001c14
	next		500016cd
OBJ 50001664 (sz=24, trace=300733, class=java.lang.String@50000181)
	value		50001665
ARR 50001665 (sz=10, trace=300734, nelems=5, elem type=char[])
OBJ 50001666 (sz=32, trace=300081, class=java.util.HashMap$Node@500000d7)
	key		50001664
	value		50001c14
OBJ 50001667 (sz=24, trace=300733, class=java.lang.String@50000181)
	value		50001668
ARR 50001668 (sz=10, trace=300734, nelems=5, elem type=char[])
OBJ 50001669 (sz=32, trace=300081, class=java.util.HashMap$Node@500000d7)
	key		50001667
	value		50001c14
OBJ 5000166a (sz=24, trace=300733, class=java.lang.String@50000181)
	value		5000166b
ARR 5000166b (sz=10, trace=300734, nelems=5, elem type=char[])
OBJ 5000166c (sz=32, trace=300080, class=java.util.HashMap$Node@500000d7)
	key		5000166a
	value		50001c14
OBJ 5000166d (sz=24, trace=300733, class=java.lang.String@50000181)
	value		5000166e
ARR 5000166e (sz=10, trace=300734, nelems=5, elem type=char[])
OBJ 5000166f (sz=32, trace=300080, class=java.util.HashMap$Node@500000d7)
	key		5000166d
	value		50001c14
OBJ 50001670 (sz=24, trace=300733, class=java.lang.String@50000181)
	value		50001671
ARR 50001671 (sz=10, trace=300734, nelems=5, elem type=char[])
OBJ 50001672 (sz=32, trace=300080, class=java.util.HashMap$Node@500000d7)
	key		50001670
	value		50001c14
OBJ 50001673 (sz=24, trace=300733, class=java.lang.String@50000181)
	value		50001674
ARR 50001674 (sz=10, trace=300734, nelems=5, elem type=char[])
OBJ 50001675 (sz=32, trace=300080, class=java.util.HashMap$Node@500000d7)
	key		50001673
	value		50001c14
	next		50001693
OBJ 50001676 (sz=24, trace=300733, class=java.lang.String@50000181)
	value		50001677
ARR 50001677 (sz=10, trace=300734, nelems=5, elem type=char[])
OBJ 50001678 (sz=32, trace=300081, class=java.util.HashMap$Node@500000d7)
	key		50001676
	value		50001c14
OBJ 50001679 (sz=24, trace=300733, class=java.lang.String@50000181)
	value		5000167a
ARR 5000167a (sz=10, trace=300734, nelems=5, elem type=char[])
OBJ 5000167b (sz=32, trace=300081, class=java.util.HashMap$Node@500000d7)
	key		50001679
	value		50001c14
OBJ 5000167c (sz=24, trace=300733, class=java.lang.String@50000181)
	value		5000167d
ARR 5000167d (sz=10, trace=300734, nelems=5, elem type=char[])
OBJ 5000167e (sz=32, trace=300081, class=java.util.HashMap$Node@500000d7)
	key		5000167c
	value		50001c14
OBJ 5000167f (sz=24, trace=300733, class=java.lang.String@50000181)
	value		50001680
ARR 50001680 (sz=10, trace=300734, nelems=5, elem type=char[])
OBJ 50001681 (sz=32, trace=300081, class=java.util.HashMap$Node@500000d7)
	key		5000167f
	value		50001c14
OBJ 50001682 (sz=24, trace=300733, class=java.lang.String@50000181)
	value		50001683
ARR 50001683 (sz=10, trace=300734, nelems=5, elem type=char[])
OBJ 50001684 (sz=32, trace=300080, class=java.util.HashMap$Node@500000d7)
	key		50001682
	value		50001c14
OBJ 50001685 (sz=24, trace=300733, class=java.lang.String@50000181)
	value		50001686
ARR 50001686 (sz=4, trace=300734, nelems=2, elem type=char[])
OBJ 50001687 (sz=32, trace=300080, class=java.util.HashMap$Node@500000d7)
	key		50001685
	value		50001c14
OBJ 50001688 (sz=24, trace=300733, class=java.lang.String@50000181)
	value		50001689
ARR 50001689 (sz=10, trace=300734, nelems=5, elem type=char[])
OBJ 5000168a (sz=32, trace=300081, class=java.util.HashMap$Node@500000d7)
	key		50001688
	value		50001c14
	next		500016f1
OBJ 5000168b (sz=24, trace=300733, class=java.lang.String@50000181)
	value		5000168c
ARR 5000168c (sz=10, trace=300734, nelems=5, elem type=char[])
OBJ 5000168d (sz=32, trace=300080, class=java.util.HashMap$Node@500000d7)
	key		5000168b
	value		50001c14
OBJ 5000168e (sz=24, trace=300733, class=java.lang.String@50000181)
	value		5000168f
ARR 5000168f (sz=10, trace=300734, nelems=5, elem type=char[])
OBJ 50001690 (sz=32, trace=300081, class=java.util.HashMap$Node@500000d7)
	key		5000168e
	value		50001c14
OBJ 50001691 (sz=24, trace=300733, class=java.lang.String@50000181)
	value		50001692
ARR 50001692 (sz=4, trace=300734, nelems=2, elem type=char[])
OBJ 50001693 (sz=32, trace=300081, class=java.util.HashMap$Node@500000d7)
	key		50001691
	value		50001c14
OBJ 50001694 (sz=24, trace=300733, class=java.lang.String@50000181)
	value		50001695
ARR 50001695 (sz=10, trace=300734, nelems=5, elem type=char[])
OBJ 50001696 (sz=32, trace=300081, class=java.util.HashMap$Node@500000d7)
	key		50001694
	value		50001c14
OBJ 50001697 (sz=24, trace=300733, class=java.lang.String@50000181)
	value		50001698
ARR 50001698 (sz=4, trace=300734, nelems=2, elem type=char[])
OBJ 50001699 (sz=32, trace=300080, class=java.util.HashMap$Node@500000d7)
	key		50001697
	value		50001c14
OBJ 5000169a (sz=24, trace=300733, class=java.lang.String@50000181)
	value		5000169b
ARR 5000169b (sz=10, trace=300734, nelems=5, elem type=char[])
OBJ 5000169c (sz=32, trace=300081, class=java.util.HashMap$Node@500000d7)
	key		5000169a
	value		50001c14
OBJ 5000169d (sz=24, trace=300733, class=java.lang.String@50000181)
	value		5000169e
ARR 5000169e (sz=10, trace=300734, nelems=5, elem type=char[])
OBJ 5000169f (sz=32, trace=300080, class=java.util.HashMap$Node@500000d7)
	key		5000169d
	value		50001c14
OBJ 500016a0 (sz=24, trace=300733, class=java.lang.String@50000181)
	value		500016a1
ARR 500016a1 (sz=10, trace=300734, nelems=5, elem type=char[])
OBJ 500016a2 (sz=32, trace=300080, class=java.util.HashMap$Node@500000d7)
	key		500016a0
	value		50001c14
OBJ 500016a3 (sz=24, trace=300733, class=java.lang.String@50000181)
	value		500016a4
ARR 500016a4 (sz=10, trace=300734, nelems=5, elem type=char[])
OBJ 500016a5 (sz=32, trace=300080, class=java.util.HashMap$Node@500000d7)
	key		500016a3
	value		50001c14
OBJ 500016a6 (sz=24, trace=300733, class=java.lang.String@50000181)
	value		500016a7
ARR 500016a7 (sz=10, trace=300734, nelems=5, elem type=char[])
OBJ 500016a8 (sz=32, trace=300080, class=java.util.HashMap$Node@500000d7)
	key		500016a6
	value		50001c14
OBJ 500016a9 (sz=24, trace=300733, class=java.lang.String@50000181)
	value		500016aa
ARR 500016aa (sz=10, trace=300734, nelems=5, elem type=char[])
OBJ 500016ab (sz=32, trace=300080, class=java.util.HashMap$Node@500000d7)
	key		500016a9
	value		50001c14
OBJ 500016ac (sz=24, trace=300733, class=java.lang.String@50000181)
	value		500016ad
ARR 500016ad (sz=10, trace=300734, nelems=5, elem type=char[])
OBJ 500016ae (sz=32, trace=300080, class=java.util.HashMap$Node@500000d7)
	key		500016ac
	value		50001c14
	next		500016fa
OBJ 500016af (sz=24, trace=300733, class=java.lang.String@50000181)
	value		500016b0
ARR 500016b0 (sz=10, trace=300734, nelems=5, elem type=char[])
OBJ 500016b1 (sz=32, trace=300080, class=java.util.HashMap$Node@500000d7)
	key		500016af
	value		50001c14
OBJ 500016b2 (sz=24, trace=300733, class=java.lang.String@50000181)
	value		500016b3
ARR 500016b3 (sz=10, trace=300734, nelems=5, elem type=char[])
OBJ 500016b4 (sz=32, trace=300080, class=java.util.HashMap$Node@500000d7)
	key		500016b2
	value		50001c14
OBJ 500016b5 (sz=24, trace=300733, class=java.lang.String@50000181)
	value		500016b6
ARR 500016b6 (sz=10, trace=300734, nelems=5, elem type=char[])
OBJ 500016b7 (sz=32, trace=300081, class=java.util.HashMap$Node@500000d7)
	key		500016b5
	value		50001c14
OBJ 500016b8 (sz=24, trace=300733, class=java.lang.String@50000181)
	value		500016b9
ARR 500016b9 (sz=4, trace=300734, nelems=2, elem type=char[])
OBJ 500016ba (sz=32, trace=300080, class=java.util.HashMap$Node@500000d7)
	key		500016b8
	value		50001c14
OBJ 500016bb (sz=24, trace=300733, class=java.lang.String@50000181)
	value		500016bc
ARR 500016bc (sz=10, trace=300734, nelems=5, elem type=char[])
OBJ 500016bd (sz=32, trace=300081, class=java.util.HashMap$Node@500000d7)
	key		500016bb
	value		50001c14
	next		500016e5
OBJ 500016be (sz=24, trace=300733, class=java.lang.String@50000181)
	value		500016bf
ARR 500016bf (sz=10, trace=300734, nelems=5, elem type=char[])
OBJ 500016c0 (sz=32, trace=300081, class=java.util.HashMap$Node@500000d7)
	key		500016be
	value		50001c14
ARR 500016c1 (sz=1040, trace=300743, nelems=256, elem type=java.util.HashMap$Node[]@500000d5)
	[1]		500015a4
	[3]		500015d1
	[4]		500016ba
	[7]		500016a8
	[8]		500015a7
	[9]		500015ea
	[10]		500015b9
	[12]		500016b4
	[14]		500016d9
	[16]		50001617
	[18]		500016b1
	[23]		500016d6
	[24]		5000160e
	[25]		5000159b
	[28]		500016a5
	[29]		500015ed
	[34]		500015d7
	[38]		50001651
	[42]		50001629
	[43]		50001687
	[44]		50001623
	[46]		50001669
	[47]		50001626
	[49]		500016b7
	[50]		500016c0
	[53]		500015c8
	[55]		50001675
	[57]		500015b3
	[59]		500015da
	[65]		5000163c
	[67]		5000167b
	[69]		5000164b
	[76]		5000164e
	[79]		500016e2
	[80]		50001605
	[81]		50001684
	[89]		500015f6
	[92]		500015fc
	[93]		500015b0
	[99]		500016e8
	[100]		50001699
	[101]		50001703
	[102]		5000169c
	[104]		500016ca
	[105]		500016dc
	[113]		500015dd
	[114]		500016d0
	[116]		5000161d
	[118]		500016eb
	[122]		500015ff
	[129]		50001602
	[131]		500015b6
	[133]		500016a2
	[138]		500015aa
	[141]		500016ae
	[152]		50001678
	[157]		50001614
	[158]		50001608
	[163]		500015f0
	[167]		500015e0
	[168]		50001639
	[174]		5000161a
	[176]		50001648
	[177]		500015ad
	[178]		500015f3
	[180]		50001645
	[184]		500016ab
	[186]		5000165d
	[188]		5000166f
	[189]		500016f7
	[190]		500015a1
	[192]		50001660
	[195]		5000159e
	[202]		5000169f
	[203]		500015be
	[204]		50001663
	[206]		5000162f
	[207]		500015cb
	[215]		5000166c
	[217]		50001633
	[220]		50001690
	[225]		500015e3
	[226]		500015f9
	[228]		500016d3
	[229]		500016fd
	[230]		500015e6
	[231]		50001657
	[233]		500015c1
	[234]		500015ce
	[238]		5000163f
	[240]		5000168d
	[250]		50001611
	[251]		50001672
	[254]		50001642
	[255]		500016ee
OBJ 500016c2 (sz=24, trace=300733, class=java.lang.String@50000181)
	value		500016c3
ARR 500016c3 (sz=10, trace=300734, nelems=5, elem type=char[])
OBJ 500016c4 (sz=32, trace=300081, class=java.util.HashMap$Node@500000d7)
	key		500016c2
	value		50001c14
	next		50001700
OBJ 500016c5 (sz=24, trace=300733, class=java.lang.String@50000181)
	value		500016c6
ARR 500016c6 (sz=10, trace=300734, nelems=5, elem type=char[])
OBJ 500016c7 (sz=32, trace=300081, class=java.util.HashMap$Node@500000d7)
	key		500016c5
	value		50001c14
OBJ 500016c8 (sz=24, trace=300733, class=java.lang.String@50000181)
	value		500016c9
ARR 500016c9 (sz=10, trace=300734, nelems=5, elem type=char[])
OBJ 500016ca (sz=32, trace=300080, class=java.util.HashMap$Node@500000d7)
	key		500016c8
	value		50001c14
OBJ 500016cb (sz=24, trace=300733, class=java.lang.String@50000181)
	value		500016cc
ARR 500016cc (sz=10, trace=300734, nelems=5, elem type=char[])
OBJ 500016cd (sz=32, trace=300081, class=java.util.HashMap$Node@500000d7)
	key		500016cb
	value		50001c14
OBJ 500016ce (sz=24, trace=300733, class=java.lang.String@50000181)
	value		500016cf
ARR 500016cf (sz=10, trace=300734, nelems=5, elem type=char[])
OBJ 500016d0 (sz=32, trace=300080, class=java.util.HashMap$Node@500000d7)
	key		500016ce
	value		50001c14
OBJ 500016d1 (sz=24, trace=300733, class=java.lang.String@50000181)
	value		500016d2
ARR 500016d2 (sz=10, trace=300734, nelems=5, elem type=char[])
OBJ 500016d3 (sz=32, trace=300080, class=java.util.HashMap$Node@500000d7)
	key		500016d1
	value		50001c14
OBJ 500016d4 (sz=24, trace=300733, class=java.lang.String@50000181)
	value		500016d5
ARR 500016d5 (sz=10, trace=300734, nelems=5, elem type=char[])
OBJ 500016d6 (sz=32, trace=300080, class=java.util.HashMap$Node@500000d7)
	key		500016d4
	value		50001c14
OBJ 500016d7 (sz=24, trace=300733, class=java.lang.String@50000181)
	value		500016d8
ARR 500016d8 (sz=20, trace=300734, nelems=10, elem type=char[])
OBJ 500016d9 (sz=32, trace=300080, class=java.util.HashMap$Node@500000d7)
	key		500016d7
	value		50001c14
OBJ 500016da (sz=24, trace=300733, class=java.lang.String@50000181)
	value		500016db
ARR 500016db (sz=20, trace=300734, nelems=10, elem type=char[])
OBJ 500016dc (sz=32, trace=300080, class=java.util.HashMap$Node@500000d7)
	key		500016da
	value		50001c14
OBJ 500016dd (sz=24, trace=300733, class=java.lang.String@50000181)
	value		500016de
ARR 500016de (sz=20, trace=300734, nelems=10, elem type=char[])
OBJ 500016df (sz=32, trace=300081, class=java.util.HashMap$Node@500000d7)
	key		500016dd
	value		50001c14
OBJ 500016e0 (sz=24, trace=300733, class=java.lang.String@50000181)
	value		500016e1
ARR 500016e1 (sz=10, trace=300734, nelems=5, elem type=char[])
OBJ 500016e2 (sz=32, trace=300080, class=java.util.HashMap$Node@500000d7)
	key		500016e0
	value		50001c14
OBJ 500016e3 (sz=24, trace=300733, class=java.lang.String@50000181)
	value		500016e4
ARR 500016e4 (sz=10, trace=300734, nelems=5, elem type=char[])
OBJ 500016e5 (sz=32, trace=300081, class=java.util.HashMap$Node@500000d7)
	key		500016e3
	value		50001c14
OBJ 500016e6 (sz=24, trace=300733, class=java.lang.String@50000181)
	value		500016e7
ARR 500016e7 (sz=4, trace=300734, nelems=2, elem type=char[])
OBJ 500016e8 (sz=32, trace=300080, class=java.util.HashMap$Node@500000d7)
	key		500016e6
	value		50001c14
OBJ 500016e9 (sz=24, trace=300733, class=java.lang.String@50000181)
	value		500016ea
ARR 500016ea (sz=10, trace=300734, nelems=5, elem type=char[])
OBJ 500016eb (sz=32, trace=300080, class=java.util.HashMap$Node@500000d7)
	key		500016e9
	value		50001c14
OBJ 500016ec (sz=24, trace=300733, class=java.lang.String@50000181)
	value		500016ed
ARR 500016ed (sz=10, trace=300734, nelems=5, elem type=char[])
OBJ 500016ee (sz=32, trace=300080, class=java.util.HashMap$Node@500000d7)
	key		500016ec
	value		50001c14
OBJ 500016ef (sz=24, trace=300733, class=java.lang.String@50000181)
	value		500016f0
ARR 500016f0 (sz=10, trace=300734, nelems=5, elem type=char[])
OBJ 500016f1 (sz=32, trace=300081, class=java.util.HashMap$Node@500000d7)
	key		500016ef
	value		50001c14
OBJ 500016f2 (sz=24, trace=300733, class=java.lang.String@50000181)
	value		500016f3
ARR 500016f3 (sz=10, trace=300734, nelems=5, elem type=char[])
OBJ 500016f4 (sz=32, trace=300081, class=java.util.HashMap$Node@500000d7)
	key		500016f2
	value		50001c14
OBJ 500016f5 (sz=24, trace=300733, class=java.lang.String@50000181)
	value		500016f6
ARR 500016f6 (sz=10, trace=300734, nelems=5, elem type=char[])
OBJ 500016f7 (sz=32, trace=300080, class=java.util.HashMap$Node@500000d7)
	key		500016f5
	value		50001c14
OBJ 500016f8 (sz=24, trace=300733, class=java.lang.String@50000181)
	value		500016f9
ARR 500016f9 (sz=10, trace=300734, nelems=5, elem type=char[])
OBJ 500016fa (sz=32, trace=300081, class=java.util.HashMap$Node@500000d7)
	key		500016f8
	value		50001c14
OBJ 500016fb (sz=24, trace=300733, class=java.lang.String@50000181)
	value		500016fc
ARR 500016fc (sz=10, trace=300734, nelems=5, elem type=char[])
OBJ 500016fd (sz=32, trace=300080, class=java.util.HashMap$Node@500000d7)
	key		500016fb
	value		50001c14
OBJ 500016fe (sz=24, trace=300733, class=java.lang.String@50000181)
	value		500016ff
ARR 500016ff (sz=10, trace=300734, nelems=5, elem type=char[])
OBJ 50001700 (sz=32, trace=300081, class=java.util.HashMap$Node@500000d7)
	key		500016fe
	value		50001c14
OBJ 50001701 (sz=24, trace=300733, class=java.lang.String@50000181)
	value		50001702
ARR 50001702 (sz=10, trace=300734, nelems=5, elem type=char[])
OBJ 50001703 (sz=32, trace=300080, class=java.util.HashMap$Node@500000d7)
	key		50001701
	value		50001c14
OBJ 50001704 (sz=32, trace=300745, class=java.util.concurrent.ConcurrentHashMap$Node@50000023)
	key		50003b44
	val		50001595
OBJ 50001705 (sz=24, trace=301472, class=sun.util.locale.provider.CurrencyNameProviderImpl@50001594)
	type		50000dd0
	langtags	50001595
ARR 50001706 (sz=80, trace=301473, nelems=6, elem type=java.util.concurrent.ConcurrentHashMap$Node[]@50000022)
	[5]		50001707
OBJ 50001707 (sz=32, trace=301474, class=java.util.concurrent.ConcurrentHashMap$Node@50000023)
	key		50000dd0
	val		50001705
OBJ 50001709 (sz=24, trace=301476, class=sun.util.locale.provider.SPILocaleProviderAdapter$1@50001708)
OBJ 5000170a (sz=32, trace=301477, class=java.util.ServiceLoader@500003c6)
OBJ 5000170b (sz=56, trace=300181, class=java.util.LinkedHashMap@5000005f)
OBJ 5000170c (sz=40, trace=300183, class=java.util.ServiceLoader$LazyIterator@500003c9)
OBJ 5000170d (sz=24, trace=301478, class=java.util.ServiceLoader$1@500003cb)
OBJ 5000170e (sz=16, trace=300187, class=java.util.LinkedHashMap$LinkedEntrySet@500003cd)
OBJ 5000170f (sz=32, trace=300189, class=java.util.LinkedHashMap$LinkedEntryIterator@500003d0)
OBJ 50001710 (sz=24, trace=300190, class=java.lang.StringBuilder@50000135)
ARR 50001711 (sz=48, trace=300191, nelems=0, elem type=char[])
ARR 50001712 (sz=88, trace=300010, nelems=0, elem type=char[])
ARR 50001713 (sz=160, trace=300010, nelems=0, elem type=char[])
OBJ 50001714 (sz=24, trace=300192, class=java.lang.String@50000181)
ARR 50001715 (sz=120, trace=300193, nelems=0, elem type=char[])
ARR 50001716 (sz=24, trace=300194, nelems=0, elem type=java.util.Enumeration[]@500003d8)
OBJ 50001717 (sz=40, trace=300291, class=sun.misc.URLClassPath$2@5000063f)
OBJ 50001718 (sz=16, trace=300293, class=java.lang.ClassLoader$2@50000641)
OBJ 50001719 (sz=40, trace=300295, class=sun.misc.URLClassPath$1@50000643)
OBJ 5000171a (sz=24, trace=300297, class=java.net.URLClassLoader$3@50000645)
OBJ 5000171b (sz=24, trace=300299, class=sun.misc.CompoundEnumeration@50000647)
OBJ 5000171c (sz=16, trace=300371, class=java.net.URLClassLoader$3$1@500007d3)
ARR 5000171d (sz=80, trace=301479, nelems=4, elem type=java.util.concurrent.ConcurrentHashMap$Node[]@50000022)
	[3]		5000171e
OBJ 5000171e (sz=32, trace=301480, class=java.util.concurrent.ConcurrentHashMap$Node@50000023)
	key		50001582
	val		50000dc9
ARR 5000171f (sz=80, trace=301481, nelems=4, elem type=java.util.concurrent.ConcurrentHashMap$Node[]@50000022)
	[3]		50001720
OBJ 50001720 (sz=32, trace=301482, class=java.util.concurrent.ConcurrentHashMap$Node@50000023)
	key		50001582
	val		5000158d
OBJ 50001723 (sz=16, trace=301484, class=java.util.Currency$CurrencyNameGetter@50001722)
ARR 50001724 (sz=24, trace=301485, nelems=0, elem type=java.lang.Object[]@5000011c)
OBJ 50001725 (sz=24, trace=301486, class=java.lang.StringBuilder@50000135)
ARR 50001726 (sz=48, trace=301487, nelems=0, elem type=char[])
OBJ 50001727 (sz=24, trace=301488, class=java.lang.String@50000181)
	value		50001728
ARR 50001728 (sz=12, trace=301489, nelems=6, elem type=char[])
OBJ 50001729 (sz=24, trace=301490, class=java.lang.StringBuilder@50000135)
ARR 5000172a (sz=48, trace=301491, nelems=0, elem type=char[])
ARR 5000172b (sz=88, trace=300010, nelems=0, elem type=char[])
OBJ 5000172c (sz=24, trace=301492, class=java.lang.String@50000181)
	value		5000172d
ARR 5000172d (sz=64, trace=301493, nelems=32, elem type=char[])
OBJ 5000172e (sz=24, trace=301494, class=sun.util.resources.LocaleData$1@50001004)
OBJ 5000172f (sz=56, trace=300808, class=java.util.ResourceBundle$CacheKey@500009da)
OBJ 50001730 (sz=32, trace=300403, class=java.util.ResourceBundle$LoaderReference@500009dd)
OBJ 50001731 (sz=24, trace=300425, class=java.util.ArrayList@500000f1)
ARR 50001732 (sz=40, trace=300810, nelems=0, elem type=java.lang.Object[]@5000011c)
OBJ 50001733 (sz=24, trace=300811, class=java.lang.String@50000181)
ARR 50001734 (sz=48, trace=300812, nelems=0, elem type=char[])
OBJ 50001735 (sz=32, trace=300813, class=java.util.ArrayList$Itr@50000dde)
OBJ 50001736 (sz=24, trace=300814, class=java.lang.StringBuilder@50000135)
ARR 50001737 (sz=56, trace=300815, nelems=0, elem type=char[])
OBJ 50001738 (sz=24, trace=300816, class=java.lang.String@50000181)
ARR 50001739 (sz=40, trace=300817, nelems=0, elem type=char[])
ARR 5000173a (sz=40, trace=300818, nelems=0, elem type=char[])
OBJ 5000173b (sz=24, trace=300819, class=java.lang.String@50000181)
OBJ 5000173c (sz=24, trace=300814, class=java.lang.StringBuilder@50000135)
ARR 5000173d (sz=56, trace=300815, nelems=0, elem type=char[])
OBJ 5000173e (sz=24, trace=300816, class=java.lang.String@50000181)
ARR 5000173f (sz=40, trace=300817, nelems=0, elem type=char[])
ARR 50001740 (sz=40, trace=300818, nelems=0, elem type=char[])
OBJ 50001741 (sz=24, trace=300819, class=java.lang.String@50000181)
OBJ 50001742 (sz=24, trace=300814, class=java.lang.StringBuilder@50000135)
ARR 50001743 (sz=56, trace=300815, nelems=0, elem type=char[])
OBJ 50001744 (sz=24, trace=300816, class=java.lang.String@50000181)
ARR 50001745 (sz=24, trace=300817, nelems=0, elem type=char[])
OBJ 50001746 (sz=32, trace=300427, class=java.util.ResourceBundle$LoaderReference@500009dd)
OBJ 50001747 (sz=16, trace=300428, class=java.lang.Object@50000185)
OBJ 50001748 (sz=32, trace=300430, class=java.util.concurrent.ConcurrentHashMap$Node@50000023)
	key		5000172c
	val		50001747
OBJ 50001749 (sz=16, trace=300431, class=java.lang.Object@50000185)
OBJ 5000174a (sz=32, trace=300430, class=java.util.concurrent.ConcurrentHashMap$Node@50000023)
	key		5000172c
	val		50001749
ARR 5000174e (sz=16, trace=300433, nelems=0, elem type=java.lang.Class[]@50000117)
OBJ 5000174f (sz=56, trace=300149, class=java.lang.Class$ReflectionData@500000c4)
OBJ 50001750 (sz=40, trace=300040, class=java.lang.ref.SoftReference@50000165)
OBJ 50001751 (sz=80, trace=300150, class=java.lang.reflect.Constructor@50000151)
OBJ 50001752 (sz=24, trace=300434, class=java.lang.Class$1@500000ae)
OBJ 50001753 (sz=24, trace=300152, class=sun.reflect.NativeConstructorAccessorImpl@500000ac)
OBJ 50001754 (sz=16, trace=300153, class=sun.reflect.DelegatingConstructorAccessorImpl@500000ab)
OBJ 50001755 (sz=48, trace=301495, class=sun.util.resources.CurrencyNames@5000174d)
	locale		500021aa
	name		5000172c
	cacheKey	50003706
OBJ 50001756 (sz=32, trace=300427, class=java.util.ResourceBundle$LoaderReference@500009dd)
	referent	500009bb
	queue		500003c3
	cacheKey	50003706
OBJ 50001757 (sz=48, trace=300437, class=java.util.ResourceBundle$BundleReference@50000a2f)
	referent	50001755
	queue		500003c3
	cacheKey	50003706
OBJ 50001758 (sz=32, trace=300439, class=java.util.concurrent.ConcurrentHashMap$Node@50000023)
	key		50003706
	val		50001757
OBJ 50001759 (sz=32, trace=300427, class=java.util.ResourceBundle$LoaderReference@500009dd)
OBJ 5000175a (sz=24, trace=300825, class=java.lang.StringBuilder@50000135)
ARR 5000175b (sz=48, trace=300826, nelems=0, elem type=char[])
OBJ 5000175c (sz=24, trace=300827, class=java.lang.String@50000181)
ARR 5000175d (sz=56, trace=300828, nelems=0, elem type=char[])
ARR 5000175e (sz=88, trace=300010, nelems=0, elem type=char[])
OBJ 5000175f (sz=24, trace=300829, class=java.lang.String@50000181)
ARR 50001760 (sz=48, trace=300830, nelems=0, elem type=char[])
ARR 50001761 (sz=160, trace=300010, nelems=0, elem type=char[])
OBJ 50001762 (sz=24, trace=300831, class=java.lang.String@50000181)
ARR 50001763 (sz=88, trace=300832, nelems=0, elem type=char[])
OBJ 50001764 (sz=24, trace=300833, class=java.lang.StringBuilder@50000135)
ARR 50001765 (sz=120, trace=300834, nelems=0, elem type=char[])
OBJ 50001766 (sz=24, trace=300835, class=java.lang.String@50000181)
	value		50001767
ARR 50001767 (sz=82, trace=300443, nelems=41, elem type=char[])
OBJ 50001768 (sz=16, trace=300428, class=java.lang.Object@50000185)
OBJ 50001769 (sz=32, trace=300430, class=java.util.concurrent.ConcurrentHashMap$Node@50000023)
	key		50001766
	val		50001768
OBJ 5000176a (sz=16, trace=300431, class=java.lang.Object@50000185)
OBJ 5000176b (sz=32, trace=300430, class=java.util.concurrent.ConcurrentHashMap$Node@50000023)
	key		50001766
	val		5000176a
OBJ 5000176c (sz=24, trace=300445, class=java.net.URLClassLoader$1@50000a3c)
ARR 5000176d (sz=104, trace=300446, nelems=0, elem type=char[])
OBJ 5000176e (sz=24, trace=300447, class=java.lang.String@50000181)
ARR 5000176f (sz=112, trace=300448, nelems=0, elem type=char[])
OBJ 50001770 (sz=24, trace=300449, class=java.lang.String@50000181)
ARR 50001771 (sz=112, trace=300527, nelems=0, elem type=char[])
ARR 50001772 (sz=160, trace=300528, nelems=0, elem type=byte[])
ARR 50001773 (sz=64, trace=300529, nelems=0, elem type=byte[])
ARR 50001774 (sz=112, trace=300527, nelems=0, elem type=char[])
ARR 50001775 (sz=160, trace=300528, nelems=0, elem type=byte[])
ARR 50001776 (sz=64, trace=300529, nelems=0, elem type=byte[])
OBJ 50001777 (sz=80, trace=300574, class=java.util.zip.ZipEntry@50000b8b)
OBJ 50001778 (sz=96, trace=300576, class=java.util.jar.JarFile$JarFileEntry@50000b8e)
ARR 50001779 (sz=240, trace=300837, nelems=0, elem type=char[])
ARR 5000177a (sz=112, trace=300838, nelems=0, elem type=char[])
OBJ 5000177b (sz=24, trace=300839, class=java.lang.String@50000181)
ARR 5000177c (sz=112, trace=300840, nelems=0, elem type=char[])
OBJ 5000177d (sz=64, trace=300841, class=java.net.URL@5000012d)
OBJ 5000177e (sz=24, trace=300842, class=java.lang.String@50000181)
ARR 5000177f (sz=24, trace=300843, nelems=0, elem type=char[])
OBJ 50001780 (sz=24, trace=300844, class=java.lang.StringBuilder@50000135)
ARR 50001781 (sz=48, trace=300845, nelems=0, elem type=char[])
ARR 50001782 (sz=152, trace=300010, nelems=0, elem type=char[])
ARR 50001783 (sz=288, trace=300010, nelems=0, elem type=char[])
OBJ 50001784 (sz=24, trace=300846, class=java.lang.String@50000181)
ARR 50001785 (sz=248, trace=300847, nelems=0, elem type=char[])
OBJ 50001786 (sz=24, trace=300848, class=java.lang.String@50000181)
ARR 50001787 (sz=152, trace=300849, nelems=0, elem type=char[])
OBJ 50001788 (sz=24, trace=300850, class=java.lang.String@50000181)
ARR 50001789 (sz=112, trace=300851, nelems=0, elem type=char[])
OBJ 5000178a (sz=16, trace=300852, class=sun.net.www.ParseUtil@50000012)
OBJ 5000178b (sz=24, trace=300853, class=java.lang.StringBuilder@50000135)
ARR 5000178c (sz=48, trace=300854, nelems=0, elem type=char[])
ARR 5000178d (sz=152, trace=300010, nelems=0, elem type=char[])
ARR 5000178e (sz=288, trace=300010, nelems=0, elem type=char[])
OBJ 5000178f (sz=24, trace=300855, class=java.lang.String@50000181)
ARR 50001790 (sz=248, trace=300856, nelems=0, elem type=char[])
OBJ 50001791 (sz=32, trace=300858, class=sun.misc.URLClassPath$JarLoader$2@500010cc)
OBJ 50001792 (sz=24, trace=300859, class=java.lang.String@50000181)
	value		50001793
ARR 50001793 (sz=42, trace=300860, nelems=21, elem type=char[])
ARR 50001794 (sz=64, trace=300924, nelems=0, elem type=char[])
OBJ 50001795 (sz=24, trace=300925, class=java.lang.String@50000181)
ARR 50001796 (sz=64, trace=300926, nelems=0, elem type=char[])
OBJ 50001797 (sz=24, trace=300927, class=java.lang.String@50000181)
ARR 50001798 (sz=64, trace=300928, nelems=0, elem type=char[])
OBJ 50001799 (sz=24, trace=300929, class=java.lang.String@50000181)
ARR 5000179a (sz=64, trace=300930, nelems=0, elem type=char[])
OBJ 5000179b (sz=24, trace=300931, class=java.lang.String@50000181)
ARR 5000179c (sz=64, trace=300932, nelems=0, elem type=char[])
OBJ 5000179d (sz=24, trace=300925, class=java.lang.String@50000181)
ARR 5000179e (sz=64, trace=300926, nelems=0, elem type=char[])
OBJ 5000179f (sz=24, trace=300927, class=java.lang.String@50000181)
OBJ 500017a0 (sz=56, trace=300933, class=java.lang.Package@50001123)
	pkgName		50001792
	loader		50001ae6
OBJ 500017a1 (sz=32, trace=300080, class=java.util.HashMap$Node@500000d7)
	key		50001792
	value		500017a0
ARR 500017a2 (sz=112, trace=301190, nelems=0, elem type=char[])
ARR 500017a3 (sz=160, trace=301191, nelems=0, elem type=byte[])
ARR 500017a4 (sz=64, trace=301192, nelems=0, elem type=byte[])
OBJ 500017a5 (sz=56, trace=301193, class=java.util.zip.ZipFile$ZipFileInputStream@50000b93)
	this$0		500010a0
OBJ 500017a6 (sz=40, trace=300133, class=java.lang.ref.Finalizer@50000160)
	referent	500017a5
	queue		50001ade
	next		50001527
OBJ 500017a7 (sz=40, trace=300592, class=java.util.WeakHashMap$Entry@5000003f)
ARR 500017a8 (sz=16, trace=301118, nelems=0, elem type=byte[])
ARR 500017a9 (sz=1040, trace=301119, nelems=0, elem type=byte[])
ARR 500017aa (sz=3088, trace=301119, nelems=0, elem type=byte[])
ARR 500017ab (sz=7184, trace=301119, nelems=0, elem type=byte[])
ARR 500017ac (sz=11200, trace=301119, nelems=0, elem type=byte[])
OBJ 500017ad (sz=32, trace=301120, class=java.security.CodeSource@50000128)
OBJ 500017ae (sz=24, trace=301178, class=java.lang.String@50000181)
	value		500017af
ARR 500017af (sz=42, trace=301179, nelems=21, elem type=char[])
OBJ 500017b0 (sz=32, trace=301181, class=java.util.concurrent.ConcurrentHashMap$Node@50000023)
	key		500017ae
	val		50001e1f
OBJ 500017b1 (sz=24, trace=300313, class=java.lang.StringBuffer@50000136)
ARR 500017b2 (sz=152, trace=300314, nelems=0, elem type=char[])
ARR 500017b3 (sz=152, trace=300315, nelems=0, elem type=char[])
OBJ 500017b4 (sz=24, trace=300316, class=java.lang.String@50000181)
OBJ 500017b5 (sz=16, trace=301182, class=java.lang.Object@50000185)
OBJ 500017b6 (sz=32, trace=300430, class=java.util.concurrent.ConcurrentHashMap$Node@50000023)
	key		50001e3c
	val		500017b5
ARR 500017b8 (sz=16, trace=300433, nelems=0, elem type=java.lang.Class[]@50000117)
OBJ 500017b9 (sz=56, trace=300149, class=java.lang.Class$ReflectionData@500000c4)
OBJ 500017ba (sz=40, trace=300040, class=java.lang.ref.SoftReference@50000165)
OBJ 500017bb (sz=80, trace=300150, class=java.lang.reflect.Constructor@50000151)
OBJ 500017bc (sz=24, trace=300434, class=java.lang.Class$1@500000ae)
OBJ 500017bd (sz=24, trace=300152, class=sun.reflect.NativeConstructorAccessorImpl@500000ac)
OBJ 500017be (sz=16, trace=300153, class=sun.reflect.DelegatingConstructorAccessorImpl@500000ab)
OBJ 500017bf (sz=48, trace=301496, class=sun.util.resources.zh.CurrencyNames_zh_CN@500017b7)
	parent		50001755
	locale		500021a9
	name		5000172c
	cacheKey	50003705
	lookup		50001899
OBJ 500017c0 (sz=32, trace=300427, class=java.util.ResourceBundle$LoaderReference@500009dd)
	referent	500009bb
	queue		500003c3
	cacheKey	50003705
OBJ 500017c1 (sz=48, trace=300437, class=java.util.ResourceBundle$BundleReference@50000a2f)
	referent	500017bf
	queue		500003c3
	cacheKey	50003705
OBJ 500017c2 (sz=32, trace=300439, class=java.util.concurrent.ConcurrentHashMap$Node@50000023)
	key		50003705
	val		500017c1
ARR 500017c3 (sz=872, trace=301497, nelems=0, elem type=java.lang.Object[][]@50000d25)
ARR 500017c4 (sz=24, trace=301498, nelems=0, elem type=java.lang.Object[]@5000011c)
ARR 500017c5 (sz=24, trace=301499, nelems=0, elem type=java.lang.Object[]@5000011c)
ARR 500017c6 (sz=24, trace=301500, nelems=0, elem type=java.lang.Object[]@5000011c)
ARR 500017c7 (sz=24, trace=301501, nelems=0, elem type=java.lang.Object[]@5000011c)
ARR 500017c8 (sz=24, trace=301502, nelems=0, elem type=java.lang.Object[]@5000011c)
ARR 500017c9 (sz=24, trace=301503, nelems=0, elem type=java.lang.Object[]@5000011c)
ARR 500017ca (sz=24, trace=301504, nelems=0, elem type=java.lang.Object[]@5000011c)
ARR 500017cb (sz=24, trace=301505, nelems=0, elem type=java.lang.Object[]@5000011c)
ARR 500017cc (sz=24, trace=301506, nelems=0, elem type=java.lang.Object[]@5000011c)
ARR 500017cd (sz=24, trace=301507, nelems=0, elem type=java.lang.Object[]@5000011c)
ARR 500017ce (sz=24, trace=301508, nelems=0, elem type=java.lang.Object[]@5000011c)
ARR 500017cf (sz=24, trace=301509, nelems=0, elem type=java.lang.Object[]@5000011c)
ARR 500017d0 (sz=24, trace=301510, nelems=0, elem type=java.lang.Object[]@5000011c)
ARR 500017d1 (sz=24, trace=301511, nelems=0, elem type=java.lang.Object[]@5000011c)
ARR 500017d2 (sz=24, trace=301512, nelems=0, elem type=java.lang.Object[]@5000011c)
ARR 500017d3 (sz=24, trace=301513, nelems=0, elem type=java.lang.Object[]@5000011c)
ARR 500017d4 (sz=24, trace=301514, nelems=0, elem type=java.lang.Object[]@5000011c)
ARR 500017d5 (sz=24, trace=301515, nelems=0, elem type=java.lang.Object[]@5000011c)
ARR 500017d6 (sz=24, trace=301516, nelems=0, elem type=java.lang.Object[]@5000011c)
ARR 500017d7 (sz=24, trace=301517, nelems=0, elem type=java.lang.Object[]@5000011c)
ARR 500017d8 (sz=24, trace=301518, nelems=0, elem type=java.lang.Object[]@5000011c)
ARR 500017d9 (sz=24, trace=301519, nelems=0, elem type=java.lang.Object[]@5000011c)
ARR 500017da (sz=24, trace=301520, nelems=0, elem type=java.lang.Object[]@5000011c)
ARR 500017db (sz=24, trace=301521, nelems=0, elem type=java.lang.Object[]@5000011c)
ARR 500017dc (sz=24, trace=301522, nelems=0, elem type=java.lang.Object[]@5000011c)
ARR 500017dd (sz=24, trace=301523, nelems=0, elem type=java.lang.Object[]@5000011c)
ARR 500017de (sz=24, trace=301524, nelems=0, elem type=java.lang.Object[]@5000011c)
ARR 500017df (sz=24, trace=301525, nelems=0, elem type=java.lang.Object[]@5000011c)
ARR 500017e0 (sz=24, trace=301526, nelems=0, elem type=java.lang.Object[]@5000011c)
ARR 500017e1 (sz=24, trace=301527, nelems=0, elem type=java.lang.Object[]@5000011c)
ARR 500017e2 (sz=24, trace=301528, nelems=0, elem type=java.lang.Object[]@5000011c)
ARR 500017e3 (sz=24, trace=301529, nelems=0, elem type=java.lang.Object[]@5000011c)
ARR 500017e4 (sz=24, trace=301530, nelems=0, elem type=java.lang.Object[]@5000011c)
ARR 500017e5 (sz=24, trace=301531, nelems=0, elem type=java.lang.Object[]@5000011c)
ARR 500017e6 (sz=24, trace=301532, nelems=0, elem type=java.lang.Object[]@5000011c)
ARR 500017e7 (sz=24, trace=301533, nelems=0, elem type=java.lang.Object[]@5000011c)
ARR 500017e8 (sz=24, trace=301534, nelems=0, elem type=java.lang.Object[]@5000011c)
ARR 500017e9 (sz=24, trace=301535, nelems=0, elem type=java.lang.Object[]@5000011c)
ARR 500017ea (sz=24, trace=301536, nelems=0, elem type=java.lang.Object[]@5000011c)
ARR 500017eb (sz=24, trace=301537, nelems=0, elem type=java.lang.Object[]@5000011c)
ARR 500017ec (sz=24, trace=301538, nelems=0, elem type=java.lang.Object[]@5000011c)
ARR 500017ed (sz=24, trace=301539, nelems=0, elem type=java.lang.Object[]@5000011c)
ARR 500017ee (sz=24, trace=301540, nelems=0, elem type=java.lang.Object[]@5000011c)
ARR 500017ef (sz=24, trace=301541, nelems=0, elem type=java.lang.Object[]@5000011c)
ARR 500017f0 (sz=24, trace=301542, nelems=0, elem type=java.lang.Object[]@5000011c)
ARR 500017f1 (sz=24, trace=301543, nelems=0, elem type=java.lang.Object[]@5000011c)
ARR 500017f2 (sz=24, trace=301544, nelems=0, elem type=java.lang.Object[]@5000011c)
ARR 500017f3 (sz=24, trace=301545, nelems=0, elem type=java.lang.Object[]@5000011c)
ARR 500017f4 (sz=24, trace=301546, nelems=0, elem type=java.lang.Object[]@5000011c)
ARR 500017f5 (sz=24, trace=301547, nelems=0, elem type=java.lang.Object[]@5000011c)
ARR 500017f6 (sz=24, trace=301548, nelems=0, elem type=java.lang.Object[]@5000011c)
ARR 500017f7 (sz=24, trace=301549, nelems=0, elem type=java.lang.Object[]@5000011c)
ARR 500017f8 (sz=24, trace=301550, nelems=0, elem type=java.lang.Object[]@5000011c)
ARR 500017f9 (sz=24, trace=301551, nelems=0, elem type=java.lang.Object[]@5000011c)
ARR 500017fa (sz=24, trace=301552, nelems=0, elem type=java.lang.Object[]@5000011c)
ARR 500017fb (sz=24, trace=301553, nelems=0, elem type=java.lang.Object[]@5000011c)
ARR 500017fc (sz=24, trace=301554, nelems=0, elem type=java.lang.Object[]@5000011c)
ARR 500017fd (sz=24, trace=301555, nelems=0, elem type=java.lang.Object[]@5000011c)
ARR 500017fe (sz=24, trace=301556, nelems=0, elem type=java.lang.Object[]@5000011c)
ARR 500017ff (sz=24, trace=301557, nelems=0, elem type=java.lang.Object[]@5000011c)
ARR 50001800 (sz=24, trace=301558, nelems=0, elem type=java.lang.Object[]@5000011c)
ARR 50001801 (sz=24, trace=301559, nelems=0, elem type=java.lang.Object[]@5000011c)
ARR 50001802 (sz=24, trace=301560, nelems=0, elem type=java.lang.Object[]@5000011c)
ARR 50001803 (sz=24, trace=301561, nelems=0, elem type=java.lang.Object[]@5000011c)
ARR 50001804 (sz=24, trace=301562, nelems=0, elem type=java.lang.Object[]@5000011c)
ARR 50001805 (sz=24, trace=301563, nelems=0, elem type=java.lang.Object[]@5000011c)
ARR 50001806 (sz=24, trace=301564, nelems=0, elem type=java.lang.Object[]@5000011c)
ARR 50001807 (sz=24, trace=301565, nelems=0, elem type=java.lang.Object[]@5000011c)
ARR 50001808 (sz=24, trace=301566, nelems=0, elem type=java.lang.Object[]@5000011c)
ARR 50001809 (sz=24, trace=301567, nelems=0, elem type=java.lang.Object[]@5000011c)
ARR 5000180a (sz=24, trace=301568, nelems=0, elem type=java.lang.Object[]@5000011c)
ARR 5000180b (sz=24, trace=301569, nelems=0, elem type=java.lang.Object[]@5000011c)
ARR 5000180c (sz=24, trace=301570, nelems=0, elem type=java.lang.Object[]@5000011c)
ARR 5000180d (sz=24, trace=301571, nelems=0, elem type=java.lang.Object[]@5000011c)
ARR 5000180e (sz=24, trace=301572, nelems=0, elem type=java.lang.Object[]@5000011c)
ARR 5000180f (sz=24, trace=301573, nelems=0, elem type=java.lang.Object[]@5000011c)
ARR 50001810 (sz=24, trace=301574, nelems=0, elem type=java.lang.Object[]@5000011c)
ARR 50001811 (sz=24, trace=301575, nelems=0, elem type=java.lang.Object[]@5000011c)
ARR 50001812 (sz=24, trace=301576, nelems=0, elem type=java.lang.Object[]@5000011c)
ARR 50001813 (sz=24, trace=301577, nelems=0, elem type=java.lang.Object[]@5000011c)
ARR 50001814 (sz=24, trace=301578, nelems=0, elem type=java.lang.Object[]@5000011c)
ARR 50001815 (sz=24, trace=301579, nelems=0, elem type=java.lang.Object[]@5000011c)
ARR 50001816 (sz=24, trace=301580, nelems=0, elem type=java.lang.Object[]@5000011c)
ARR 50001817 (sz=24, trace=301581, nelems=0, elem type=java.lang.Object[]@5000011c)
ARR 50001818 (sz=24, trace=301582, nelems=0, elem type=java.lang.Object[]@5000011c)
ARR 50001819 (sz=24, trace=301583, nelems=0, elem type=java.lang.Object[]@5000011c)
ARR 5000181a (sz=24, trace=301584, nelems=0, elem type=java.lang.Object[]@5000011c)
ARR 5000181b (sz=24, trace=301585, nelems=0, elem type=java.lang.Object[]@5000011c)
ARR 5000181c (sz=24, trace=301586, nelems=0, elem type=java.lang.Object[]@5000011c)
ARR 5000181d (sz=24, trace=301587, nelems=0, elem type=java.lang.Object[]@5000011c)
ARR 5000181e (sz=24, trace=301588, nelems=0, elem type=java.lang.Object[]@5000011c)
ARR 5000181f (sz=24, trace=301589, nelems=0, elem type=java.lang.Object[]@5000011c)
ARR 50001820 (sz=24, trace=301590, nelems=0, elem type=java.lang.Object[]@5000011c)
ARR 50001821 (sz=24, trace=301591, nelems=0, elem type=java.lang.Object[]@5000011c)
ARR 50001822 (sz=24, trace=301592, nelems=0, elem type=java.lang.Object[]@5000011c)
ARR 50001823 (sz=24, trace=301593, nelems=0, elem type=java.lang.Object[]@5000011c)
ARR 50001824 (sz=24, trace=301594, nelems=0, elem type=java.lang.Object[]@5000011c)
ARR 50001825 (sz=24, trace=301595, nelems=0, elem type=java.lang.Object[]@5000011c)
ARR 50001826 (sz=24, trace=301596, nelems=0, elem type=java.lang.Object[]@5000011c)
ARR 50001827 (sz=24, trace=301597, nelems=0, elem type=java.lang.Object[]@5000011c)
ARR 50001828 (sz=24, trace=301598, nelems=0, elem type=java.lang.Object[]@5000011c)
ARR 50001829 (sz=24, trace=301599, nelems=0, elem type=java.lang.Object[]@5000011c)
ARR 5000182a (sz=24, trace=301600, nelems=0, elem type=java.lang.Object[]@5000011c)
ARR 5000182b (sz=24, trace=301601, nelems=0, elem type=java.lang.Object[]@5000011c)
ARR 5000182c (sz=24, trace=301602, nelems=0, elem type=java.lang.Object[]@5000011c)
ARR 5000182d (sz=24, trace=301603, nelems=0, elem type=java.lang.Object[]@5000011c)
ARR 5000182e (sz=24, trace=301604, nelems=0, elem type=java.lang.Object[]@5000011c)
ARR 5000182f (sz=24, trace=301605, nelems=0, elem type=java.lang.Object[]@5000011c)
ARR 50001830 (sz=24, trace=301606, nelems=0, elem type=java.lang.Object[]@5000011c)
ARR 50001831 (sz=24, trace=301607, nelems=0, elem type=java.lang.Object[]@5000011c)
ARR 50001832 (sz=24, trace=301608, nelems=0, elem type=java.lang.Object[]@5000011c)
ARR 50001833 (sz=24, trace=301609, nelems=0, elem type=java.lang.Object[]@5000011c)
ARR 50001834 (sz=24, trace=301610, nelems=0, elem type=java.lang.Object[]@5000011c)
ARR 50001835 (sz=24, trace=301611, nelems=0, elem type=java.lang.Object[]@5000011c)
ARR 50001836 (sz=24, trace=301612, nelems=0, elem type=java.lang.Object[]@5000011c)
ARR 50001837 (sz=24, trace=301613, nelems=0, elem type=java.lang.Object[]@5000011c)
ARR 50001838 (sz=24, trace=301614, nelems=0, elem type=java.lang.Object[]@5000011c)
ARR 50001839 (sz=24, trace=301615, nelems=0, elem type=java.lang.Object[]@5000011c)
ARR 5000183a (sz=24, trace=301616, nelems=0, elem type=java.lang.Object[]@5000011c)
ARR 5000183b (sz=24, trace=301617, nelems=0, elem type=java.lang.Object[]@5000011c)
ARR 5000183c (sz=24, trace=301618, nelems=0, elem type=java.lang.Object[]@5000011c)
ARR 5000183d (sz=24, trace=301619, nelems=0, elem type=java.lang.Object[]@5000011c)
ARR 5000183e (sz=24, trace=301620, nelems=0, elem type=java.lang.Object[]@5000011c)
ARR 5000183f (sz=24, trace=301621, nelems=0, elem type=java.lang.Object[]@5000011c)
ARR 50001840 (sz=24, trace=301622, nelems=0, elem type=java.lang.Object[]@5000011c)
ARR 50001841 (sz=24, trace=301623, nelems=0, elem type=java.lang.Object[]@5000011c)
ARR 50001842 (sz=24, trace=301624, nelems=0, elem type=java.lang.Object[]@5000011c)
ARR 50001843 (sz=24, trace=301625, nelems=0, elem type=java.lang.Object[]@5000011c)
ARR 50001844 (sz=24, trace=301626, nelems=0, elem type=java.lang.Object[]@5000011c)
ARR 50001845 (sz=24, trace=301627, nelems=0, elem type=java.lang.Object[]@5000011c)
ARR 50001846 (sz=24, trace=301628, nelems=0, elem type=java.lang.Object[]@5000011c)
ARR 50001847 (sz=24, trace=301629, nelems=0, elem type=java.lang.Object[]@5000011c)
ARR 50001848 (sz=24, trace=301630, nelems=0, elem type=java.lang.Object[]@5000011c)
ARR 50001849 (sz=24, trace=301631, nelems=0, elem type=java.lang.Object[]@5000011c)
ARR 5000184a (sz=24, trace=301632, nelems=0, elem type=java.lang.Object[]@5000011c)
ARR 5000184b (sz=24, trace=301633, nelems=0, elem type=java.lang.Object[]@5000011c)
ARR 5000184c (sz=24, trace=301634, nelems=0, elem type=java.lang.Object[]@5000011c)
ARR 5000184d (sz=24, trace=301635, nelems=0, elem type=java.lang.Object[]@5000011c)
ARR 5000184e (sz=24, trace=301636, nelems=0, elem type=java.lang.Object[]@5000011c)
ARR 5000184f (sz=24, trace=301637, nelems=0, elem type=java.lang.Object[]@5000011c)
ARR 50001850 (sz=24, trace=301638, nelems=0, elem type=java.lang.Object[]@5000011c)
ARR 50001851 (sz=24, trace=301639, nelems=0, elem type=java.lang.Object[]@5000011c)
ARR 50001852 (sz=24, trace=301640, nelems=0, elem type=java.lang.Object[]@5000011c)
ARR 50001853 (sz=24, trace=301641, nelems=0, elem type=java.lang.Object[]@5000011c)
ARR 50001854 (sz=24, trace=301642, nelems=0, elem type=java.lang.Object[]@5000011c)
ARR 50001855 (sz=24, trace=301643, nelems=0, elem type=java.lang.Object[]@5000011c)
ARR 50001856 (sz=24, trace=301644, nelems=0, elem type=java.lang.Object[]@5000011c)
ARR 50001857 (sz=24, trace=301645, nelems=0, elem type=java.lang.Object[]@5000011c)
ARR 50001858 (sz=24, trace=301646, nelems=0, elem type=java.lang.Object[]@5000011c)
ARR 50001859 (sz=24, trace=301647, nelems=0, elem type=java.lang.Object[]@5000011c)
ARR 5000185a (sz=24, trace=301648, nelems=0, elem type=java.lang.Object[]@5000011c)
ARR 5000185b (sz=24, trace=301649, nelems=0, elem type=java.lang.Object[]@5000011c)
ARR 5000185c (sz=24, trace=301650, nelems=0, elem type=java.lang.Object[]@5000011c)
ARR 5000185d (sz=24, trace=301651, nelems=0, elem type=java.lang.Object[]@5000011c)
ARR 5000185e (sz=24, trace=301652, nelems=0, elem type=java.lang.Object[]@5000011c)
ARR 5000185f (sz=24, trace=301653, nelems=0, elem type=java.lang.Object[]@5000011c)
ARR 50001860 (sz=24, trace=301654, nelems=0, elem type=java.lang.Object[]@5000011c)
ARR 50001861 (sz=24, trace=301655, nelems=0, elem type=java.lang.Object[]@5000011c)
ARR 50001862 (sz=24, trace=301656, nelems=0, elem type=java.lang.Object[]@5000011c)
ARR 50001863 (sz=24, trace=301657, nelems=0, elem type=java.lang.Object[]@5000011c)
ARR 50001864 (sz=24, trace=301658, nelems=0, elem type=java.lang.Object[]@5000011c)
ARR 50001865 (sz=24, trace=301659, nelems=0, elem type=java.lang.Object[]@5000011c)
ARR 50001866 (sz=24, trace=301660, nelems=0, elem type=java.lang.Object[]@5000011c)
ARR 50001867 (sz=24, trace=301661, nelems=0, elem type=java.lang.Object[]@5000011c)
ARR 50001868 (sz=24, trace=301662, nelems=0, elem type=java.lang.Object[]@5000011c)
ARR 50001869 (sz=24, trace=301663, nelems=0, elem type=java.lang.Object[]@5000011c)
ARR 5000186a (sz=24, trace=301664, nelems=0, elem type=java.lang.Object[]@5000011c)
ARR 5000186b (sz=24, trace=301665, nelems=0, elem type=java.lang.Object[]@5000011c)
ARR 5000186c (sz=24, trace=301666, nelems=0, elem type=java.lang.Object[]@5000011c)
ARR 5000186d (sz=24, trace=301667, nelems=0, elem type=java.lang.Object[]@5000011c)
ARR 5000186e (sz=24, trace=301668, nelems=0, elem type=java.lang.Object[]@5000011c)
ARR 5000186f (sz=24, trace=301669, nelems=0, elem type=java.lang.Object[]@5000011c)
ARR 50001870 (sz=24, trace=301670, nelems=0, elem type=java.lang.Object[]@5000011c)
ARR 50001871 (sz=24, trace=301671, nelems=0, elem type=java.lang.Object[]@5000011c)
ARR 50001872 (sz=24, trace=301672, nelems=0, elem type=java.lang.Object[]@5000011c)
ARR 50001873 (sz=24, trace=301673, nelems=0, elem type=java.lang.Object[]@5000011c)
ARR 50001874 (sz=24, trace=301674, nelems=0, elem type=java.lang.Object[]@5000011c)
ARR 50001875 (sz=24, trace=301675, nelems=0, elem type=java.lang.Object[]@5000011c)
ARR 50001876 (sz=24, trace=301676, nelems=0, elem type=java.lang.Object[]@5000011c)
ARR 50001877 (sz=24, trace=301677, nelems=0, elem type=java.lang.Object[]@5000011c)
ARR 50001878 (sz=24, trace=301678, nelems=0, elem type=java.lang.Object[]@5000011c)
ARR 50001879 (sz=24, trace=301679, nelems=0, elem type=java.lang.Object[]@5000011c)
ARR 5000187a (sz=24, trace=301680, nelems=0, elem type=java.lang.Object[]@5000011c)
ARR 5000187b (sz=24, trace=301681, nelems=0, elem type=java.lang.Object[]@5000011c)
ARR 5000187c (sz=24, trace=301682, nelems=0, elem type=java.lang.Object[]@5000011c)
ARR 5000187d (sz=24, trace=301683, nelems=0, elem type=java.lang.Object[]@5000011c)
ARR 5000187e (sz=24, trace=301684, nelems=0, elem type=java.lang.Object[]@5000011c)
ARR 5000187f (sz=24, trace=301685, nelems=0, elem type=java.lang.Object[]@5000011c)
ARR 50001880 (sz=24, trace=301686, nelems=0, elem type=java.lang.Object[]@5000011c)
ARR 50001881 (sz=24, trace=301687, nelems=0, elem type=java.lang.Object[]@5000011c)
ARR 50001882 (sz=24, trace=301688, nelems=0, elem type=java.lang.Object[]@5000011c)
ARR 50001883 (sz=24, trace=301689, nelems=0, elem type=java.lang.Object[]@5000011c)
ARR 50001884 (sz=24, trace=301690, nelems=0, elem type=java.lang.Object[]@5000011c)
ARR 50001885 (sz=24, trace=301691, nelems=0, elem type=java.lang.Object[]@5000011c)
ARR 50001886 (sz=24, trace=301692, nelems=0, elem type=java.lang.Object[]@5000011c)
ARR 50001887 (sz=24, trace=301693, nelems=0, elem type=java.lang.Object[]@5000011c)
ARR 50001888 (sz=24, trace=301694, nelems=0, elem type=java.lang.Object[]@5000011c)
ARR 50001889 (sz=24, trace=301695, nelems=0, elem type=java.lang.Object[]@5000011c)
ARR 5000188a (sz=24, trace=301696, nelems=0, elem type=java.lang.Object[]@5000011c)
ARR 5000188b (sz=24, trace=301697, nelems=0, elem type=java.lang.Object[]@5000011c)
ARR 5000188c (sz=24, trace=301698, nelems=0, elem type=java.lang.Object[]@5000011c)
ARR 5000188d (sz=24, trace=301699, nelems=0, elem type=java.lang.Object[]@5000011c)
ARR 5000188e (sz=24, trace=301700, nelems=0, elem type=java.lang.Object[]@5000011c)
ARR 5000188f (sz=24, trace=301701, nelems=0, elem type=java.lang.Object[]@5000011c)
ARR 50001890 (sz=24, trace=301702, nelems=0, elem type=java.lang.Object[]@5000011c)
ARR 50001891 (sz=24, trace=301703, nelems=0, elem type=java.lang.Object[]@5000011c)
ARR 50001892 (sz=24, trace=301704, nelems=0, elem type=java.lang.Object[]@5000011c)
ARR 50001893 (sz=24, trace=301705, nelems=0, elem type=java.lang.Object[]@5000011c)
ARR 50001894 (sz=24, trace=301706, nelems=0, elem type=java.lang.Object[]@5000011c)
ARR 50001895 (sz=24, trace=301707, nelems=0, elem type=java.lang.Object[]@5000011c)
ARR 50001896 (sz=24, trace=301708, nelems=0, elem type=java.lang.Object[]@5000011c)
ARR 50001897 (sz=24, trace=301709, nelems=0, elem type=java.lang.Object[]@5000011c)
ARR 50001898 (sz=24, trace=301710, nelems=0, elem type=java.lang.Object[]@5000011c)
OBJ 50001899 (sz=48, trace=301711, class=java.util.HashMap@500000d9)
	keySet		50001972
	table		5000195c
ARR 5000189a (sz=1040, trace=301712, nelems=0, elem type=java.util.HashMap$Node[]@500000d5)
OBJ 5000189b (sz=32, trace=300080, class=java.util.HashMap$Node@500000d7)
	key		50001f70
	value		5000206b
	next		500018db
OBJ 5000189c (sz=32, trace=300080, class=java.util.HashMap$Node@500000d7)
	key		50001f71
	value		5000201d
	next		5000194c
OBJ 5000189d (sz=32, trace=300080, class=java.util.HashMap$Node@500000d7)
	key		50001f72
	value		50002060
OBJ 5000189e (sz=32, trace=300080, class=java.util.HashMap$Node@500000d7)
	key		50001f73
	value		5000205c
OBJ 5000189f (sz=32, trace=300080, class=java.util.HashMap$Node@500000d7)
	key		50001f74
	value		5000205b
OBJ 500018a0 (sz=32, trace=300080, class=java.util.HashMap$Node@500000d7)
	key		50001f75
	value		5000205e
OBJ 500018a1 (sz=32, trace=300080, class=java.util.HashMap$Node@500000d7)
	key		50001f76
	value		50001ff1
OBJ 500018a2 (sz=32, trace=300080, class=java.util.HashMap$Node@500000d7)
	key		50001f77
	value		50002054
OBJ 500018a3 (sz=32, trace=300080, class=java.util.HashMap$Node@500000d7)
	key		50001f78
	value		5000201c
	next		500018f4
OBJ 500018a4 (sz=32, trace=300080, class=java.util.HashMap$Node@500000d7)
	key		50001f79
	value		5000205f
	next		50001929
OBJ 500018a5 (sz=32, trace=300080, class=java.util.HashMap$Node@500000d7)
	key		50001f7a
	value		5000201a
	next		500018cc
OBJ 500018a6 (sz=32, trace=300080, class=java.util.HashMap$Node@500000d7)
	key		50001f7b
	value		5000203e
OBJ 500018a7 (sz=32, trace=300080, class=java.util.HashMap$Node@500000d7)
	key		50001f7c
	value		50002061
OBJ 500018a8 (sz=32, trace=300080, class=java.util.HashMap$Node@500000d7)
	key		50001f7d
	value		5000205a
	next		50001923
OBJ 500018a9 (sz=32, trace=300080, class=java.util.HashMap$Node@500000d7)
	key		50001f7e
	value		50002059
	next		50001946
OBJ 500018aa (sz=32, trace=300080, class=java.util.HashMap$Node@500000d7)
	key		50001f7f
	value		5000203a
	next		500018d1
OBJ 500018ab (sz=32, trace=300080, class=java.util.HashMap$Node@500000d7)
	key		50001f80
	value		5000201f
OBJ 500018ac (sz=32, trace=300080, class=java.util.HashMap$Node@500000d7)
	key		50001f81
	value		5000201b
OBJ 500018ad (sz=32, trace=300080, class=java.util.HashMap$Node@500000d7)
	key		50001f82
	value		50002036
OBJ 500018ae (sz=32, trace=300080, class=java.util.HashMap$Node@500000d7)
	key		50001f83
	value		50001ff9
	next		5000196f
OBJ 500018af (sz=32, trace=300080, class=java.util.HashMap$Node@500000d7)
	key		50001f84
	value		50001ff8
OBJ 500018b0 (sz=32, trace=300080, class=java.util.HashMap$Node@500000d7)
	key		50001f85
	value		50002020
	next		50001937
OBJ 500018b1 (sz=32, trace=300080, class=java.util.HashMap$Node@500000d7)
	key		50001f86
	value		50002022
OBJ 500018b2 (sz=32, trace=300080, class=java.util.HashMap$Node@500000d7)
	key		50001f87
	value		50002048
OBJ 500018b3 (sz=32, trace=300080, class=java.util.HashMap$Node@500000d7)
	key		50001f88
	value		5000202b
	next		5000196e
OBJ 500018b4 (sz=32, trace=300080, class=java.util.HashMap$Node@500000d7)
	key		50001f89
	value		50002044
	next		50001908
OBJ 500018b5 (sz=32, trace=300081, class=java.util.HashMap$Node@500000d7)
	key		50001f8a
	value		50002043
OBJ 500018b6 (sz=32, trace=300080, class=java.util.HashMap$Node@500000d7)
	key		50001f8b
	value		50002021
OBJ 500018b7 (sz=32, trace=300080, class=java.util.HashMap$Node@500000d7)
	key		50001f8c
	value		5000201e
	next		50001933
OBJ 500018b8 (sz=32, trace=300080, class=java.util.HashMap$Node@500000d7)
	key		50001f8d
	value		50001fee
OBJ 500018b9 (sz=32, trace=300080, class=java.util.HashMap$Node@500000d7)
	key		50001f8e
	value		50002006
	next		50001936
OBJ 500018ba (sz=32, trace=300080, class=java.util.HashMap$Node@500000d7)
	key		50001f8f
	value		50002047
OBJ 500018bb (sz=32, trace=300080, class=java.util.HashMap$Node@500000d7)
	key		50001f90
	value		50002046
OBJ 500018bc (sz=32, trace=300080, class=java.util.HashMap$Node@500000d7)
	key		50001f91
	value		50001ff6
OBJ 500018bd (sz=32, trace=300080, class=java.util.HashMap$Node@500000d7)
	key		50001f92
	value		50002002
OBJ 500018be (sz=32, trace=300080, class=java.util.HashMap$Node@500000d7)
	key		50001f93
	value		50001fff
OBJ 500018bf (sz=32, trace=300081, class=java.util.HashMap$Node@500000d7)
	key		50001f94
	value		50002045
	next		500018e7
OBJ 500018c0 (sz=32, trace=300080, class=java.util.HashMap$Node@500000d7)
	key		50001f95
	value		50002031
OBJ 500018c1 (sz=32, trace=300080, class=java.util.HashMap$Node@500000d7)
	key		50001f96
	value		50002032
OBJ 500018c2 (sz=32, trace=300080, class=java.util.HashMap$Node@500000d7)
	key		50001f97
	value		50001ff2
OBJ 500018c3 (sz=32, trace=300080, class=java.util.HashMap$Node@500000d7)
	key		50001f98
	value		50002011
OBJ 500018c4 (sz=32, trace=300080, class=java.util.HashMap$Node@500000d7)
	key		50001f99
	value		50002012
OBJ 500018c5 (sz=32, trace=300080, class=java.util.HashMap$Node@500000d7)
	key		50001f9a
	value		5000202f
OBJ 500018c6 (sz=32, trace=300080, class=java.util.HashMap$Node@500000d7)
	key		50001f9b
	value		5000200c
OBJ 500018c7 (sz=32, trace=300080, class=java.util.HashMap$Node@500000d7)
	key		50001f9c
	value		5000200d
	next		500018df
OBJ 500018c8 (sz=32, trace=300080, class=java.util.HashMap$Node@500000d7)
	key		50001f9d
	value		50001ff7
OBJ 500018c9 (sz=32, trace=300080, class=java.util.HashMap$Node@500000d7)
	key		50001f9e
	value		50002016
	next		50001960
OBJ 500018ca (sz=32, trace=300081, class=java.util.HashMap$Node@500000d7)
	key		50001f9f
	value		50002028
	next		500018eb
OBJ 500018cb (sz=32, trace=300081, class=java.util.HashMap$Node@500000d7)
	key		50001fa0
	value		50002025
	next		5000190a
OBJ 500018cc (sz=32, trace=300081, class=java.util.HashMap$Node@500000d7)
	key		50001fa1
	value		5000200f
OBJ 500018cd (sz=32, trace=300080, class=java.util.HashMap$Node@500000d7)
	key		50001fa2
	value		50001fef
OBJ 500018ce (sz=32, trace=300080, class=java.util.HashMap$Node@500000d7)
	key		50001fa3
	value		50002019
OBJ 500018cf (sz=32, trace=300080, class=java.util.HashMap$Node@500000d7)
	key		50001fa4
	value		5000205d
OBJ 500018d0 (sz=32, trace=300080, class=java.util.HashMap$Node@500000d7)
	key		50001fa5
	value		50002041
OBJ 500018d1 (sz=32, trace=300081, class=java.util.HashMap$Node@500000d7)
	key		50001fa6
	value		50002014
OBJ 500018d2 (sz=32, trace=300080, class=java.util.HashMap$Node@500000d7)
	key		50001fa7
	value		5000200b
OBJ 500018d3 (sz=32, trace=300080, class=java.util.HashMap$Node@500000d7)
	key		50001fa8
	value		50002058
OBJ 500018d4 (sz=32, trace=300080, class=java.util.HashMap$Node@500000d7)
	key		50001fa9
	value		50002015
	next		50001954
OBJ 500018d5 (sz=32, trace=300080, class=java.util.HashMap$Node@500000d7)
	key		50001faa
	value		50002035
OBJ 500018d6 (sz=32, trace=300080, class=java.util.HashMap$Node@500000d7)
	key		50001fab
	value		50002052
OBJ 500018d7 (sz=32, trace=300080, class=java.util.HashMap$Node@500000d7)
	key		50001fac
	value		5000202c
OBJ 500018d8 (sz=32, trace=300080, class=java.util.HashMap$Node@500000d7)
	key		50001fad
	value		5000204a
OBJ 500018d9 (sz=32, trace=300080, class=java.util.HashMap$Node@500000d7)
	key		50001fae
	value		50002039
OBJ 500018da (sz=32, trace=300080, class=java.util.HashMap$Node@500000d7)
	key		50001faf
	value		50002053
OBJ 500018db (sz=32, trace=300081, class=java.util.HashMap$Node@500000d7)
	key		50001fb0
	value		50001ff0
OBJ 500018dc (sz=32, trace=300080, class=java.util.HashMap$Node@500000d7)
	key		50001fb1
	value		50002004
OBJ 500018dd (sz=32, trace=300080, class=java.util.HashMap$Node@500000d7)
	key		50001fb2
	value		50002003
	next		500018e4
OBJ 500018de (sz=32, trace=300080, class=java.util.HashMap$Node@500000d7)
	key		50001fb3
	value		50002049
OBJ 500018df (sz=32, trace=300081, class=java.util.HashMap$Node@500000d7)
	key		50001fb4
	value		50001ffb
OBJ 500018e0 (sz=32, trace=300080, class=java.util.HashMap$Node@500000d7)
	key		50001fb5
	value		50001ffe
OBJ 500018e1 (sz=32, trace=300080, class=java.util.HashMap$Node@500000d7)
	key		50001fb6
	value		50002023
	next		50001961
OBJ 500018e2 (sz=32, trace=300081, class=java.util.HashMap$Node@500000d7)
	key		50001fb7
	value		5000200a
OBJ 500018e3 (sz=32, trace=300080, class=java.util.HashMap$Node@500000d7)
	key		50001fb8
	value		50001ffd
OBJ 500018e4 (sz=32, trace=300081, class=java.util.HashMap$Node@500000d7)
	key		50001fb9
	value		50002013
	next		500018f9
OBJ 500018e5 (sz=32, trace=300080, class=java.util.HashMap$Node@500000d7)
	key		50001fba
	value		5000203d
OBJ 500018e6 (sz=32, trace=300080, class=java.util.HashMap$Node@500000d7)
	key		50001fbb
	value		5000203b
	next		5000194e
OBJ 500018e7 (sz=32, trace=300081, class=java.util.HashMap$Node@500000d7)
	key		50001fbc
	value		50001ffa
	next		500018f1
OBJ 500018e8 (sz=32, trace=300080, class=java.util.HashMap$Node@500000d7)
	key		50001fbd
	value		5000203c
OBJ 500018e9 (sz=32, trace=300080, class=java.util.HashMap$Node@500000d7)
	key		50001fbe
	value		50002005
OBJ 500018ea (sz=32, trace=300080, class=java.util.HashMap$Node@500000d7)
	key		50001fbf
	value		50002009
	next		5000195d
OBJ 500018eb (sz=32, trace=300081, class=java.util.HashMap$Node@500000d7)
	key		50001fc0
	value		50002040
OBJ 500018ec (sz=32, trace=300081, class=java.util.HashMap$Node@500000d7)
	key		50001fc1
	value		50001ff3
OBJ 500018ed (sz=32, trace=300080, class=java.util.HashMap$Node@500000d7)
	key		50001fc2
	value		50002008
OBJ 500018ee (sz=32, trace=300080, class=java.util.HashMap$Node@500000d7)
	key		50001fc3
	value		50001ff4
OBJ 500018ef (sz=32, trace=300080, class=java.util.HashMap$Node@500000d7)
	key		50001fc4
	value		50001ff5
	next		5000191c
OBJ 500018f0 (sz=32, trace=300080, class=java.util.HashMap$Node@500000d7)
	key		50001fc5
	value		50001ffc
OBJ 500018f1 (sz=32, trace=300081, class=java.util.HashMap$Node@500000d7)
	key		50001fc6
	value		50002026
OBJ 500018f2 (sz=32, trace=300081, class=java.util.HashMap$Node@500000d7)
	key		50001fc7
	value		50002042
OBJ 500018f3 (sz=32, trace=300080, class=java.util.HashMap$Node@500000d7)
	key		50001fc8
	value		5000204e
OBJ 500018f4 (sz=32, trace=300081, class=java.util.HashMap$Node@500000d7)
	key		50001fc9
	value		5000202e
OBJ 500018f5 (sz=32, trace=300080, class=java.util.HashMap$Node@500000d7)
	key		50001fca
	value		50002051
	next		50001934
OBJ 500018f6 (sz=32, trace=300080, class=java.util.HashMap$Node@500000d7)
	key		50001fcb
	value		5000200e
OBJ 500018f7 (sz=32, trace=300081, class=java.util.HashMap$Node@500000d7)
	key		50001fcc
	value		50002034
OBJ 500018f8 (sz=32, trace=300080, class=java.util.HashMap$Node@500000d7)
	key		50001fcd
	value		5000204c
OBJ 500018f9 (sz=32, trace=300081, class=java.util.HashMap$Node@500000d7)
	key		50001fce
	value		50002033
OBJ 500018fa (sz=32, trace=300080, class=java.util.HashMap$Node@500000d7)
	key		50001fcf
	value		50002062
OBJ 500018fb (sz=32, trace=300080, class=java.util.HashMap$Node@500000d7)
	key		50001fd0
	value		5000204b
OBJ 500018fc (sz=32, trace=300080, class=java.util.HashMap$Node@500000d7)
	key		50001fd1
	value		50002024
OBJ 500018fd (sz=32, trace=300080, class=java.util.HashMap$Node@500000d7)
	key		50001fd2
	value		50002010
	next		50001940
OBJ 500018fe (sz=32, trace=300080, class=java.util.HashMap$Node@500000d7)
	key		50001fd3
	value		50002050
OBJ 500018ff (sz=32, trace=300081, class=java.util.HashMap$Node@500000d7)
	key		50001fd4
	value		5000206a
OBJ 50001900 (sz=32, trace=300080, class=java.util.HashMap$Node@500000d7)
	key		50001fd5
	value		5000202d
OBJ 50001901 (sz=32, trace=300080, class=java.util.HashMap$Node@500000d7)
	key		50001fd6
	value		50002000
OBJ 50001902 (sz=32, trace=300080, class=java.util.HashMap$Node@500000d7)
	key		50001fd7
	value		50002056
OBJ 50001903 (sz=32, trace=300080, class=java.util.HashMap$Node@500000d7)
	key		50001fd8
	value		5000204d
	next		50001930
OBJ 50001904 (sz=32, trace=300080, class=java.util.HashMap$Node@500000d7)
	key		50001fd9
	value		50002007
OBJ 50001905 (sz=32, trace=300080, class=java.util.HashMap$Node@500000d7)
	key		50001fda
	value		50002027
	next		50001932
OBJ 50001906 (sz=32, trace=300080, class=java.util.HashMap$Node@500000d7)
	key		50001fdb
	value		50002001
OBJ 50001907 (sz=32, trace=300080, class=java.util.HashMap$Node@500000d7)
	key		50001fdc
	value		5000202a
OBJ 50001908 (sz=32, trace=300081, class=java.util.HashMap$Node@500000d7)
	key		50001fdd
	value		50002029
OBJ 50001909 (sz=32, trace=300080, class=java.util.HashMap$Node@500000d7)
	key		50001fde
	value		50002069
OBJ 5000190a (sz=32, trace=300081, class=java.util.HashMap$Node@500000d7)
	key		50001fdf
	value		50002068
OBJ 5000190b (sz=32, trace=300080, class=java.util.HashMap$Node@500000d7)
	key		50001fe0
	value		50002063
OBJ 5000190c (sz=32, trace=300081, class=java.util.HashMap$Node@500000d7)
	key		50001fe1
	value		5000204f
OBJ 5000190d (sz=32, trace=300081, class=java.util.HashMap$Node@500000d7)
	key		50001fe2
	value		50002057
OBJ 5000190e (sz=32, trace=300081, class=java.util.HashMap$Node@500000d7)
	key		50001fe3
	value		5000203f
OBJ 5000190f (sz=32, trace=300080, class=java.util.HashMap$Node@500000d7)
	key		50001fe4
	value		50002037
OBJ 50001910 (sz=32, trace=300080, class=java.util.HashMap$Node@500000d7)
	key		50001fe5
	value		50002067
OBJ 50001911 (sz=32, trace=300080, class=java.util.HashMap$Node@500000d7)
	key		50001fe6
	value		50002038
OBJ 50001912 (sz=32, trace=300081, class=java.util.HashMap$Node@500000d7)
	key		50001fe7
	value		50002064
OBJ 50001913 (sz=32, trace=300080, class=java.util.HashMap$Node@500000d7)
	key		50001fe8
	value		50002065
OBJ 50001914 (sz=32, trace=300080, class=java.util.HashMap$Node@500000d7)
	key		50001fe9
	value		50002018
	next		5000193d
OBJ 50001915 (sz=32, trace=300080, class=java.util.HashMap$Node@500000d7)
	key		50001fea
	value		50002017
	next		5000196d
OBJ 50001916 (sz=32, trace=300080, class=java.util.HashMap$Node@500000d7)
	key		50001feb
	value		50002066
OBJ 50001917 (sz=32, trace=300080, class=java.util.HashMap$Node@500000d7)
	key		50001fec
	value		50002030
	next		5000193e
OBJ 50001918 (sz=32, trace=300081, class=java.util.HashMap$Node@500000d7)
	key		50001fed
	value		50002055
OBJ 50001919 (sz=32, trace=300080, class=java.util.HashMap$Node@500000d7)
	key		5000206c
	value		50002104
OBJ 5000191a (sz=32, trace=300080, class=java.util.HashMap$Node@500000d7)
	key		5000206d
	value		500020e0
OBJ 5000191b (sz=32, trace=300080, class=java.util.HashMap$Node@500000d7)
	key		5000206e
	value		500020df
OBJ 5000191c (sz=32, trace=300081, class=java.util.HashMap$Node@500000d7)
	key		5000206f
	value		5000210c
OBJ 5000191d (sz=32, trace=300081, class=java.util.HashMap$Node@500000d7)
	key		50002070
	value		500020e8
	next		5000193f
OBJ 5000191e (sz=32, trace=300081, class=java.util.HashMap$Node@500000d7)
	key		50002071
	value		500020e1
OBJ 5000191f (sz=32, trace=300080, class=java.util.HashMap$Node@500000d7)
	key		50002072
	value		500020ef
OBJ 50001920 (sz=32, trace=300081, class=java.util.HashMap$Node@500000d7)
	key		50002073
	value		50002117
OBJ 50001921 (sz=32, trace=300080, class=java.util.HashMap$Node@500000d7)
	key		50002074
	value		500020e5
OBJ 50001922 (sz=32, trace=300080, class=java.util.HashMap$Node@500000d7)
	key		50002075
	value		50002101
OBJ 50001923 (sz=32, trace=300081, class=java.util.HashMap$Node@500000d7)
	key		50002076
	value		500020e3
OBJ 50001924 (sz=32, trace=300081, class=java.util.HashMap$Node@500000d7)
	key		50002077
	value		5000210d
	next		5000196a
OBJ 50001925 (sz=32, trace=300080, class=java.util.HashMap$Node@500000d7)
	key		50002078
	value		500020e2
OBJ 50001926 (sz=32, trace=300080, class=java.util.HashMap$Node@500000d7)
	key		50002079
	value		500020f9
OBJ 50001927 (sz=32, trace=300080, class=java.util.HashMap$Node@500000d7)
	key		5000207a
	value		5000210f
OBJ 50001928 (sz=32, trace=300080, class=java.util.HashMap$Node@500000d7)
	key		5000207b
	value		500020e4
OBJ 50001929 (sz=32, trace=300081, class=java.util.HashMap$Node@500000d7)
	key		5000207c
	value		500020cf
OBJ 5000192a (sz=32, trace=300080, class=java.util.HashMap$Node@500000d7)
	key		5000207d
	value		500020f0
OBJ 5000192b (sz=32, trace=300080, class=java.util.HashMap$Node@500000d7)
	key		5000207e
	value		50002105
OBJ 5000192c (sz=32, trace=300080, class=java.util.HashMap$Node@500000d7)
	key		5000207f
	value		500020d9
OBJ 5000192d (sz=32, trace=300080, class=java.util.HashMap$Node@500000d7)
	key		50002080
	value		500020cb
OBJ 5000192e (sz=32, trace=300080, class=java.util.HashMap$Node@500000d7)
	key		50002081
	value		500020cc
OBJ 5000192f (sz=32, trace=300081, class=java.util.HashMap$Node@500000d7)
	key		50002082
	value		500020d0
OBJ 50001930 (sz=32, trace=300081, class=java.util.HashMap$Node@500000d7)
	key		50002083
	value		500020f6
	next		5000194a
OBJ 50001931 (sz=32, trace=300081, class=java.util.HashMap$Node@500000d7)
	key		50002084
	value		500020e7
OBJ 50001932 (sz=32, trace=300081, class=java.util.HashMap$Node@500000d7)
	key		50002085
	value		500020db
OBJ 50001933 (sz=32, trace=300081, class=java.util.HashMap$Node@500000d7)
	key		50002086
	value		50002109
OBJ 50001934 (sz=32, trace=300081, class=java.util.HashMap$Node@500000d7)
	key		50002087
	value		500020ff
OBJ 50001935 (sz=32, trace=300080, class=java.util.HashMap$Node@500000d7)
	key		50002088
	value		500020ec
OBJ 50001936 (sz=32, trace=300081, class=java.util.HashMap$Node@500000d7)
	key		50002089
	value		500020d6
OBJ 50001937 (sz=32, trace=300081, class=java.util.HashMap$Node@500000d7)
	key		5000208a
	value		500020eb
OBJ 50001938 (sz=32, trace=300080, class=java.util.HashMap$Node@500000d7)
	key		5000208b
	value		500020ea
OBJ 50001939 (sz=32, trace=300081, class=java.util.HashMap$Node@500000d7)
	key		5000208c
	value		500020da
OBJ 5000193a (sz=32, trace=300081, class=java.util.HashMap$Node@500000d7)
	key		5000208d
	value		50002103
	next		50001955
OBJ 5000193b (sz=32, trace=300081, class=java.util.HashMap$Node@500000d7)
	key		5000208e
	value		5000210a
OBJ 5000193c (sz=32, trace=300080, class=java.util.HashMap$Node@500000d7)
	key		5000208f
	value		5000210b
OBJ 5000193d (sz=32, trace=300081, class=java.util.HashMap$Node@500000d7)
	key		50002090
	value		500020d5
OBJ 5000193e (sz=32, trace=300081, class=java.util.HashMap$Node@500000d7)
	key		50002091
	value		5000210e
OBJ 5000193f (sz=32, trace=300081, class=java.util.HashMap$Node@500000d7)
	key		50002092
	value		500020d1
OBJ 50001940 (sz=32, trace=300081, class=java.util.HashMap$Node@500000d7)
	key		50002093
	value		500020e9
OBJ 50001941 (sz=32, trace=300081, class=java.util.HashMap$Node@500000d7)
	key		50002094
	value		500020fa
	next		50001953
OBJ 50001942 (sz=32, trace=300080, class=java.util.HashMap$Node@500000d7)
	key		50002095
	value		500020d8
OBJ 50001943 (sz=32, trace=300081, class=java.util.HashMap$Node@500000d7)
	key		50002096
	value		500020d3
OBJ 50001944 (sz=32, trace=300080, class=java.util.HashMap$Node@500000d7)
	key		50002097
	value		500020d2
OBJ 50001945 (sz=32, trace=300080, class=java.util.HashMap$Node@500000d7)
	key		50002098
	value		50002102
OBJ 50001946 (sz=32, trace=300081, class=java.util.HashMap$Node@500000d7)
	key		50002099
	value		500020f5
OBJ 50001947 (sz=32, trace=300081, class=java.util.HashMap$Node@500000d7)
	key		5000209a
	value		500020e6
OBJ 50001948 (sz=32, trace=300080, class=java.util.HashMap$Node@500000d7)
	key		5000209b
	value		500020d4
OBJ 50001949 (sz=32, trace=300081, class=java.util.HashMap$Node@500000d7)
	key		5000209c
	value		500020ee
OBJ 5000194a (sz=32, trace=300081, class=java.util.HashMap$Node@500000d7)
	key		5000209d
	value		500020fe
OBJ 5000194b (sz=32, trace=300080, class=java.util.HashMap$Node@500000d7)
	key		5000209e
	value		500020ed
OBJ 5000194c (sz=32, trace=300081, class=java.util.HashMap$Node@500000d7)
	key		5000209f
	value		500020d7
OBJ 5000194d (sz=32, trace=300081, class=java.util.HashMap$Node@500000d7)
	key		500020a0
	value		500020c6
OBJ 5000194e (sz=32, trace=300081, class=java.util.HashMap$Node@500000d7)
	key		500020a1
	value		500020c8
OBJ 5000194f (sz=32, trace=300081, class=java.util.HashMap$Node@500000d7)
	key		500020a2
	value		50002106
OBJ 50001950 (sz=32, trace=300081, class=java.util.HashMap$Node@500000d7)
	key		500020a3
	value		50002108
OBJ 50001951 (sz=32, trace=300080, class=java.util.HashMap$Node@500000d7)
	key		500020a4
	value		50002107
OBJ 50001952 (sz=32, trace=300080, class=java.util.HashMap$Node@500000d7)
	key		500020a5
	value		500020c9
OBJ 50001953 (sz=32, trace=300081, class=java.util.HashMap$Node@500000d7)
	key		500020a6
	value		500020c7
	next		50001967
OBJ 50001954 (sz=32, trace=300081, class=java.util.HashMap$Node@500000d7)
	key		500020a7
	value		500020dd
OBJ 50001955 (sz=32, trace=300081, class=java.util.HashMap$Node@500000d7)
	key		500020a8
	value		500020de
	next		50001957
OBJ 50001956 (sz=32, trace=300080, class=java.util.HashMap$Node@500000d7)
	key		500020a9
	value		50002113
	next		5000195b
OBJ 50001957 (sz=32, trace=300081, class=java.util.HashMap$Node@500000d7)
	key		500020aa
	value		50002100
OBJ 50001958 (sz=32, trace=300081, class=java.util.HashMap$Node@500000d7)
	key		500020ab
	value		50002110
OBJ 50001959 (sz=32, trace=300080, class=java.util.HashMap$Node@500000d7)
	key		500020ac
	value		500020c4
OBJ 5000195a (sz=32, trace=300081, class=java.util.HashMap$Node@500000d7)
	key		500020ad
	value		50002116
OBJ 5000195b (sz=32, trace=300081, class=java.util.HashMap$Node@500000d7)
	key		500020ae
	value		50002119
ARR 5000195c (sz=2064, trace=301713, nelems=509, elem type=java.util.HashMap$Node[]@500000d5)
	[0]		50001913
	[6]		50001909
	[11]		500018d6
	[13]		500018cb
	[15]		500018aa
	[21]		5000191b
	[25]		5000191f
	[29]		500018b6
	[33]		500018d7
	[34]		50001914
	[35]		50001905
	[36]		500018be
	[37]		500018ab
	[39]		500018e6
	[42]		50001915
	[48]		500018c6
	[50]		500018b7
	[61]		500018ee
	[63]		500018c7
	[64]		5000194b
	[66]		5000192c
	[71]		50001916
	[74]		500018d8
	[78]		50001965
	[80]		50001952
	[83]		500018c8
	[85]		50001920
	[88]		500018f5
	[93]		500018b8
	[94]		500018e0
	[96]		50001918
	[97]		50001917
	[99]		500018a4
	[104]		500018ef
	[109]		50001966
	[111]		50001941
	[115]		500018ac
	[118]		50001906
	[121]		500018fb
	[125]		50001968
	[126]		5000192d
	[128]		500018f0
	[130]		500018ad
	[135]		5000190b
	[142]		5000192e
	[143]		500018cf
	[144]		50001921
	[145]		50001935
	[150]		500018f6
	[156]		50001959
	[159]		5000195a
	[160]		500018bf
	[161]		500018a5
	[172]		5000189c
	[173]		50001956
	[177]		500018a6
	[180]		500018f7
	[182]		500018ea
	[183]		500018fc
	[184]		5000195f
	[185]		5000195e
	[186]		500018b9
	[187]		500018c9
	[188]		50001942
	[192]		5000192f
	[193]		5000189d
	[197]		500018cd
	[198]		500018ae
	[200]		500018af
	[202]		5000190c
	[203]		5000191d
	[206]		50001970
	[208]		5000196c
	[210]		50001900
	[213]		500018ca
	[216]		500018e1
	[218]		500018e8
	[221]		5000189e
	[223]		500018b0
	[224]		50001927
	[228]		500018fd
	[231]		5000196b
	[232]		5000189f
	[234]		500018ba
	[240]		500018a7
	[241]		5000191e
	[242]		5000190d
	[244]		500018da
	[246]		50001969
	[248]		500018e9
	[250]		500018bb
	[254]		500018b1
	[263]		50001962
	[269]		500018bc
	[271]		5000190e
	[272]		50001919
	[274]		50001938
	[277]		50001943
	[280]		50001922
	[281]		50001958
	[282]		50001944
	[283]		500018d9
	[284]		500018c0
	[293]		500018e2
	[294]		500018c1
	[299]		50001945
	[306]		50001939
	[320]		50001963
	[324]		500018ce
	[325]		500018f8
	[326]		50001964
	[335]		5000189b
	[337]		50001907
	[340]		500018a9
	[341]		500018a8
	[349]		5000194d
	[352]		500018d2
	[360]		50001947
	[363]		5000190f
	[367]		500018c2
	[376]		500018b2
	[377]		50001924
	[383]		50001928
	[384]		500018f2
	[385]		500018e3
	[387]		500018d3
	[389]		500018c3
	[391]		5000194f
	[401]		50001950
	[402]		500018d4
	[404]		50001951
	[406]		5000193a
	[407]		500018fe
	[409]		500018b3
	[415]		50001901
	[416]		500018a0
	[419]		500018dc
	[420]		50001910
	[431]		50001948
	[433]		500018ec
	[435]		500018dd
	[436]		500018b4
	[441]		500018a1
	[442]		50001949
	[443]		500018ff
	[446]		500018f3
	[448]		500018e5
	[451]		500018d5
	[452]		50001902
	[455]		500018bd
	[456]		500018b5
	[458]		500018d0
	[459]		50001911
	[462]		5000192a
	[463]		500018de
	[464]		5000192b
	[468]		5000191a
	[469]		500018c4
	[470]		50001925
	[475]		500018a2
	[484]		5000193b
	[485]		50001903
	[488]		50001912
	[489]		5000193c
	[492]		500018ed
	[497]		500018fa
	[498]		500018a3
	[499]		50001926
	[500]		50001931
	[501]		500018c5
	[508]		50001904
OBJ 5000195d (sz=32, trace=300081, class=java.util.HashMap$Node@500000d7)
	key		500020af
	value		500020f1
OBJ 5000195e (sz=32, trace=300080, class=java.util.HashMap$Node@500000d7)
	key		500020b0
	value		500020f4
OBJ 5000195f (sz=32, trace=300080, class=java.util.HashMap$Node@500000d7)
	key		500020b1
	value		500020f2
OBJ 50001960 (sz=32, trace=300081, class=java.util.HashMap$Node@500000d7)
	key		500020b2
	value		500020f3
OBJ 50001961 (sz=32, trace=300081, class=java.util.HashMap$Node@500000d7)
	key		500020b3
	value		500020c3
OBJ 50001962 (sz=32, trace=300080, class=java.util.HashMap$Node@500000d7)
	key		500020b4
	value		500020fd
OBJ 50001963 (sz=32, trace=300080, class=java.util.HashMap$Node@500000d7)
	key		500020b5
	value		500020f8
OBJ 50001964 (sz=32, trace=300080, class=java.util.HashMap$Node@500000d7)
	key		500020b6
	value		500020f7
OBJ 50001965 (sz=32, trace=300080, class=java.util.HashMap$Node@500000d7)
	key		500020b7
	value		50002118
OBJ 50001966 (sz=32, trace=300080, class=java.util.HashMap$Node@500000d7)
	key		500020b8
	value		50002114
OBJ 50001967 (sz=32, trace=300081, class=java.util.HashMap$Node@500000d7)
	key		500020b9
	value		500020dc
OBJ 50001968 (sz=32, trace=300080, class=java.util.HashMap$Node@500000d7)
	key		500020ba
	value		50002115
OBJ 50001969 (sz=32, trace=300080, class=java.util.HashMap$Node@500000d7)
	key		500020bb
	value		500020c5
OBJ 5000196a (sz=32, trace=300081, class=java.util.HashMap$Node@500000d7)
	key		500020bc
	value		50002111
OBJ 5000196b (sz=32, trace=300080, class=java.util.HashMap$Node@500000d7)
	key		500020bd
	value		500020ca
OBJ 5000196c (sz=32, trace=300080, class=java.util.HashMap$Node@500000d7)
	key		500020be
	value		500020cd
OBJ 5000196d (sz=32, trace=300081, class=java.util.HashMap$Node@500000d7)
	key		500020bf
	value		500020ce
OBJ 5000196e (sz=32, trace=300081, class=java.util.HashMap$Node@500000d7)
	key		500020c0
	value		50002112
OBJ 5000196f (sz=32, trace=300081, class=java.util.HashMap$Node@500000d7)
	key		500020c1
	value		500020fb
OBJ 50001970 (sz=32, trace=300080, class=java.util.HashMap$Node@500000d7)
	key		500020c2
	value		500020fc
OBJ 50001972 (sz=16, trace=301715, class=java.util.HashMap$KeySet@50001971)
	this$0		50001899
OBJ 50001973 (sz=48, trace=301716, class=sun.util.locale.provider.LocaleResources$ResourceReference@500013cf)
	referent	5000206b
	queue		50000ff9
	cacheKey	50001727
OBJ 50001974 (sz=32, trace=301717, class=java.util.concurrent.ConcurrentHashMap$Node@50000023)
	key		50001727
	val		50001973
ARR 50001977 (sz=16, trace=301719, nelems=0, elem type=java.text.FieldPosition[]@50001976)
OBJ 50001978 (sz=144, trace=301720, class=java.text.DecimalFormat@50001975)
ARR 5000197a (sz=38, trace=301722, nelems=19, elem type=char[])
OBJ 5000197b (sz=40, trace=301723, class=java.text.DigitList@50001979)
ARR 5000197c (sz=56, trace=301724, nelems=0, elem type=char[])
OBJ 5000197e (sz=24, trace=301726, class=java.math.RoundingMode@5000197d)
	name		50003b8b
OBJ 5000197f (sz=24, trace=301727, class=java.math.RoundingMode@5000197d)
	name		50003b85
OBJ 50001980 (sz=24, trace=301728, class=java.math.RoundingMode@5000197d)
	name		50003b84
OBJ 50001981 (sz=24, trace=301729, class=java.math.RoundingMode@5000197d)
	name		50003b86
OBJ 50001982 (sz=24, trace=301730, class=java.math.RoundingMode@5000197d)
	name		50003b89
OBJ 50001983 (sz=24, trace=301731, class=java.math.RoundingMode@5000197d)
	name		50003b87
OBJ 50001984 (sz=24, trace=301732, class=java.math.RoundingMode@5000197d)
	name		50003b88
OBJ 50001985 (sz=24, trace=301733, class=java.math.RoundingMode@5000197d)
	name		50003b8a
ARR 50001987 (sz=48, trace=301734, nelems=8, elem type=java.math.RoundingMode[]@50001986)
	[0]		5000197e
	[1]		5000197f
	[2]		50001980
	[3]		50001981
	[4]		50001982
	[5]		50001983
	[6]		50001984
	[7]		50001985
OBJ 50001988 (sz=24, trace=301735, class=java.lang.StringBuffer@50000136)
ARR 50001989 (sz=48, trace=301736, nelems=0, elem type=char[])
OBJ 5000198a (sz=24, trace=301737, class=java.lang.StringBuffer@50000136)
ARR 5000198b (sz=48, trace=301738, nelems=0, elem type=char[])
ARR 5000198c (sz=16, trace=301739, nelems=0, elem type=char[])
OBJ 5000198d (sz=24, trace=301740, class=java.lang.String@50000181)
ARR 5000198e (sz=16, trace=301741, nelems=0, elem type=char[])
OBJ 5000198f (sz=24, trace=301742, class=java.lang.String@50000181)
OBJ 50001990 (sz=24, trace=301735, class=java.lang.StringBuffer@50000136)
ARR 50001991 (sz=48, trace=301736, nelems=0, elem type=char[])
OBJ 50001992 (sz=24, trace=301737, class=java.lang.StringBuffer@50000136)
ARR 50001993 (sz=48, trace=301738, nelems=0, elem type=char[])
ARR 50001994 (sz=24, trace=301743, nelems=0, elem type=char[])
OBJ 50001995 (sz=24, trace=301744, class=java.lang.String@50000181)
ARR 50001996 (sz=16, trace=301745, nelems=0, elem type=char[])
OBJ 50001997 (sz=24, trace=301746, class=java.lang.String@50000181)
OBJ 50001998 (sz=24, trace=301747, class=java.lang.StringBuffer@50000136)
ARR 50001999 (sz=48, trace=301748, nelems=0, elem type=char[])
ARR 5000199a (sz=16, trace=301749, nelems=0, elem type=char[])
OBJ 5000199b (sz=24, trace=301750, class=java.lang.String@50000181)
ARR 5000199c (sz=16, trace=301751, nelems=0, elem type=char[])
OBJ 5000199d (sz=24, trace=301752, class=java.lang.String@50000181)
ARR 5000199e (sz=24, trace=301753, nelems=0, elem type=char[])
OBJ 5000199f (sz=24, trace=301754, class=java.lang.String@50000181)
ARR 500019a0 (sz=16, trace=301755, nelems=0, elem type=char[])
OBJ 500019a1 (sz=24, trace=301756, class=java.lang.String@50000181)
OBJ 500019a2 (sz=24, trace=301757, class=java.lang.StringBuffer@50000136)
ARR 500019a3 (sz=48, trace=301758, nelems=0, elem type=char[])
OBJ 500019a4 (sz=32, trace=301759, class=java.text.FieldPosition@50000d84)
OBJ 500019a7 (sz=24, trace=301761, class=java.text.FieldPosition$Delegate@500019a6)
OBJ 500019a9 (sz=48, trace=301763, class=java.util.HashMap@500000d9)
	table		500019ab
OBJ 500019aa (sz=16, trace=301764, class=java.text.NumberFormat$Field@500019a8)
	name		50003b1e
ARR 500019ab (sz=80, trace=301765, nelems=16, elem type=java.util.HashMap$Node[]@500000d5)
	[2]		500019b2
	[8]		500019b4
	[9]		500019b8
	[10]		500019be
	[11]		500019ac
	[12]		500019bc
	[13]		500019ba
	[15]		500019ae
OBJ 500019ac (sz=32, trace=300080, class=java.util.HashMap$Node@500000d7)
	key		50003b1e
	value		500019aa
	next		500019b6
OBJ 500019ad (sz=16, trace=301766, class=java.text.NumberFormat$Field@500019a8)
	name		50003b73
OBJ 500019ae (sz=32, trace=300080, class=java.util.HashMap$Node@500000d7)
	key		50003b73
	value		500019ad
	next		500019b0
OBJ 500019af (sz=16, trace=301767, class=java.text.NumberFormat$Field@500019a8)
	name		50003b70
OBJ 500019b0 (sz=32, trace=300081, class=java.util.HashMap$Node@500000d7)
	key		50003b70
	value		500019af
OBJ 500019b1 (sz=16, trace=301768, class=java.text.NumberFormat$Field@500019a8)
	name		50003b6f
OBJ 500019b2 (sz=32, trace=300080, class=java.util.HashMap$Node@500000d7)
	key		50003b6f
	value		500019b1
OBJ 500019b3 (sz=16, trace=301769, class=java.text.NumberFormat$Field@500019a8)
	name		50003b76
OBJ 500019b4 (sz=32, trace=300080, class=java.util.HashMap$Node@500000d7)
	key		50003b76
	value		500019b3
OBJ 500019b5 (sz=16, trace=301770, class=java.text.NumberFormat$Field@500019a8)
	name		50003b74
OBJ 500019b6 (sz=32, trace=300081, class=java.util.HashMap$Node@500000d7)
	key		50003b74
	value		500019b5
OBJ 500019b7 (sz=16, trace=301771, class=java.text.NumberFormat$Field@500019a8)
	name		50003b72
OBJ 500019b8 (sz=32, trace=300080, class=java.util.HashMap$Node@500000d7)
	key		50003b72
	value		500019b7
OBJ 500019b9 (sz=16, trace=301772, class=java.text.NumberFormat$Field@500019a8)
	name		50003b21
OBJ 500019ba (sz=32, trace=300080, class=java.util.HashMap$Node@500000d7)
	key		50003b21
	value		500019b9
OBJ 500019bb (sz=16, trace=301773, class=java.text.NumberFormat$Field@500019a8)
	name		50003b75
OBJ 500019bc (sz=32, trace=300080, class=java.util.HashMap$Node@500000d7)
	key		50003b75
	value		500019bb
OBJ 500019bd (sz=16, trace=301774, class=java.text.NumberFormat$Field@500019a8)
	name		50003b1b
OBJ 500019be (sz=32, trace=300080, class=java.util.HashMap$Node@500000d7)
	key		50003b1b
	value		500019bd
	next		500019c0
OBJ 500019bf (sz=16, trace=301775, class=java.text.NumberFormat$Field@500019a8)
	name		50003b71
OBJ 500019c0 (sz=32, trace=300081, class=java.util.HashMap$Node@500000d7)
	key		50003b71
	value		500019bf
ARR 500019c1 (sz=24, trace=301776, nelems=0, elem type=char[])
OBJ 500019c2 (sz=24, trace=301777, class=java.lang.String@50000181)
OBJ 500019c3 (sz=24, trace=300673, class=java.lang.String@50000181)
ARR 500019c4 (sz=32, trace=300674, nelems=0, elem type=char[])
OBJ 500019c5 (sz=64, trace=301219, class=java.text.DecimalFormatSymbols@500013d3)
OBJ 500019c6 (sz=24, trace=301449, class=java.lang.StringBuilder@50000135)
ARR 500019c7 (sz=56, trace=301450, nelems=0, elem type=char[])
OBJ 500019c8 (sz=24, trace=301451, class=java.lang.String@50000181)
ARR 500019c9 (sz=24, trace=301452, nelems=0, elem type=char[])
OBJ 500019ca (sz=144, trace=301720, class=java.text.DecimalFormat@50001975)
OBJ 500019cb (sz=40, trace=301723, class=java.text.DigitList@50001979)
ARR 500019cc (sz=56, trace=301724, nelems=0, elem type=char[])
OBJ 500019cd (sz=24, trace=301735, class=java.lang.StringBuffer@50000136)
ARR 500019ce (sz=48, trace=301736, nelems=0, elem type=char[])
OBJ 500019cf (sz=24, trace=301737, class=java.lang.StringBuffer@50000136)
ARR 500019d0 (sz=48, trace=301738, nelems=0, elem type=char[])
ARR 500019d1 (sz=16, trace=301739, nelems=0, elem type=char[])
OBJ 500019d2 (sz=24, trace=301740, class=java.lang.String@50000181)
ARR 500019d3 (sz=16, trace=301741, nelems=0, elem type=char[])
OBJ 500019d4 (sz=24, trace=301742, class=java.lang.String@50000181)
OBJ 500019d5 (sz=24, trace=301735, class=java.lang.StringBuffer@50000136)
ARR 500019d6 (sz=48, trace=301736, nelems=0, elem type=char[])
OBJ 500019d7 (sz=24, trace=301737, class=java.lang.StringBuffer@50000136)
ARR 500019d8 (sz=48, trace=301738, nelems=0, elem type=char[])
ARR 500019d9 (sz=24, trace=301743, nelems=0, elem type=char[])
OBJ 500019da (sz=24, trace=301744, class=java.lang.String@50000181)
ARR 500019db (sz=16, trace=301745, nelems=0, elem type=char[])
OBJ 500019dc (sz=24, trace=301746, class=java.lang.String@50000181)
OBJ 500019dd (sz=24, trace=301747, class=java.lang.StringBuffer@50000136)
ARR 500019de (sz=48, trace=301748, nelems=0, elem type=char[])
ARR 500019df (sz=16, trace=301749, nelems=0, elem type=char[])
OBJ 500019e0 (sz=24, trace=301750, class=java.lang.String@50000181)
ARR 500019e1 (sz=16, trace=301751, nelems=0, elem type=char[])
OBJ 500019e2 (sz=24, trace=301752, class=java.lang.String@50000181)
ARR 500019e3 (sz=24, trace=301753, nelems=0, elem type=char[])
OBJ 500019e4 (sz=24, trace=301754, class=java.lang.String@50000181)
ARR 500019e5 (sz=16, trace=301755, nelems=0, elem type=char[])
OBJ 500019e6 (sz=24, trace=301756, class=java.lang.String@50000181)
OBJ 500019e7 (sz=24, trace=301757, class=java.lang.StringBuffer@50000136)
ARR 500019e8 (sz=48, trace=301758, nelems=0, elem type=char[])
OBJ 500019e9 (sz=32, trace=301759, class=java.text.FieldPosition@50000d84)
OBJ 500019ea (sz=24, trace=301761, class=java.text.FieldPosition$Delegate@500019a6)
ARR 500019eb (sz=24, trace=301776, nelems=0, elem type=char[])
OBJ 500019ec (sz=24, trace=301777, class=java.lang.String@50000181)
OBJ 500019ed (sz=24, trace=300684, class=java.lang.String@50000181)
ARR 500019ee (sz=48, trace=300685, nelems=0, elem type=char[])
ARR 500019ef (sz=88, trace=300683, nelems=0, elem type=char[])
ARR 500019f0 (sz=80, trace=300686, nelems=0, elem type=char[])
OBJ 500019f1 (sz=24, trace=300687, class=java.lang.String@50000181)
ARR 500019f2 (sz=536, trace=300010, nelems=0, elem type=char[])
ARR 500019f3 (sz=24, trace=301778, nelems=0, elem type=java.lang.Object[]@5000011c)
OBJ 500019f4 (sz=40, trace=300645, class=java.text.MessageFormat@50000d50)
ARR 500019f5 (sz=56, trace=301779, nelems=0, elem type=java.text.Format[]@50000d56)
ARR 500019f6 (sz=56, trace=301780, nelems=0, elem type=int[])
ARR 500019f7 (sz=56, trace=301781, nelems=0, elem type=int[])
ARR 500019f8 (sz=32, trace=300659, nelems=0, elem type=java.lang.StringBuilder[]@50000d6b)
OBJ 500019f9 (sz=24, trace=300660, class=java.lang.StringBuilder@50000135)
ARR 500019fa (sz=48, trace=300661, nelems=0, elem type=char[])
OBJ 500019fb (sz=24, trace=300662, class=java.lang.StringBuilder@50000135)
ARR 500019fc (sz=48, trace=300663, nelems=0, elem type=char[])
ARR 500019fd (sz=32, trace=300664, nelems=0, elem type=java.lang.String[]@500000db)
OBJ 500019fe (sz=24, trace=300665, class=java.lang.String@50000181)
ARR 500019ff (sz=32, trace=300666, nelems=0, elem type=char[])
OBJ 50001a00 (sz=24, trace=300665, class=java.lang.String@50000181)
ARR 50001a01 (sz=24, trace=300666, nelems=0, elem type=char[])
OBJ 50001a02 (sz=24, trace=300662, class=java.lang.StringBuilder@50000135)
ARR 50001a03 (sz=48, trace=300663, nelems=0, elem type=char[])
ARR 50001a04 (sz=32, trace=300664, nelems=0, elem type=java.lang.String[]@500000db)
OBJ 50001a05 (sz=24, trace=300665, class=java.lang.String@50000181)
ARR 50001a06 (sz=40, trace=300666, nelems=0, elem type=char[])
OBJ 50001a07 (sz=24, trace=300665, class=java.lang.String@50000181)
ARR 50001a08 (sz=24, trace=300666, nelems=0, elem type=char[])
ARR 50001a09 (sz=88, trace=300270, nelems=0, elem type=char[])
OBJ 50001a0a (sz=24, trace=300667, class=java.lang.String@50000181)
ARR 50001a0b (sz=72, trace=300668, nelems=0, elem type=char[])
OBJ 50001a0c (sz=24, trace=300669, class=java.lang.StringBuffer@50000136)
ARR 50001a0d (sz=48, trace=300670, nelems=0, elem type=char[])
OBJ 50001a0e (sz=32, trace=300672, class=java.text.FieldPosition@50000d84)
OBJ 50001a0f (sz=24, trace=300673, class=java.lang.String@50000181)
ARR 50001a10 (sz=32, trace=300674, nelems=0, elem type=char[])
OBJ 50001a11 (sz=64, trace=301219, class=java.text.DecimalFormatSymbols@500013d3)
OBJ 50001a12 (sz=24, trace=301449, class=java.lang.StringBuilder@50000135)
ARR 50001a13 (sz=56, trace=301450, nelems=0, elem type=char[])
OBJ 50001a14 (sz=24, trace=301451, class=java.lang.String@50000181)
ARR 50001a15 (sz=24, trace=301452, nelems=0, elem type=char[])
OBJ 50001a16 (sz=144, trace=301720, class=java.text.DecimalFormat@50001975)
OBJ 50001a17 (sz=40, trace=301723, class=java.text.DigitList@50001979)
ARR 50001a18 (sz=56, trace=301724, nelems=0, elem type=char[])
OBJ 50001a19 (sz=24, trace=301735, class=java.lang.StringBuffer@50000136)
ARR 50001a1a (sz=48, trace=301736, nelems=0, elem type=char[])
OBJ 50001a1b (sz=24, trace=301737, class=java.lang.StringBuffer@50000136)
ARR 50001a1c (sz=48, trace=301738, nelems=0, elem type=char[])
ARR 50001a1d (sz=16, trace=301739, nelems=0, elem type=char[])
OBJ 50001a1e (sz=24, trace=301740, class=java.lang.String@50000181)
ARR 50001a1f (sz=16, trace=301741, nelems=0, elem type=char[])
OBJ 50001a20 (sz=24, trace=301742, class=java.lang.String@50000181)
OBJ 50001a21 (sz=24, trace=301735, class=java.lang.StringBuffer@50000136)
ARR 50001a22 (sz=48, trace=301736, nelems=0, elem type=char[])
OBJ 50001a23 (sz=24, trace=301737, class=java.lang.StringBuffer@50000136)
ARR 50001a24 (sz=48, trace=301738, nelems=0, elem type=char[])
ARR 50001a25 (sz=24, trace=301743, nelems=0, elem type=char[])
OBJ 50001a26 (sz=24, trace=301744, class=java.lang.String@50000181)
ARR 50001a27 (sz=16, trace=301745, nelems=0, elem type=char[])
OBJ 50001a28 (sz=24, trace=301746, class=java.lang.String@50000181)
OBJ 50001a29 (sz=24, trace=301747, class=java.lang.StringBuffer@50000136)
ARR 50001a2a (sz=48, trace=301748, nelems=0, elem type=char[])
ARR 50001a2b (sz=16, trace=301749, nelems=0, elem type=char[])
OBJ 50001a2c (sz=24, trace=301750, class=java.lang.String@50000181)
ARR 50001a2d (sz=16, trace=301751, nelems=0, elem type=char[])
OBJ 50001a2e (sz=24, trace=301752, class=java.lang.String@50000181)
ARR 50001a2f (sz=24, trace=301753, nelems=0, elem type=char[])
OBJ 50001a30 (sz=24, trace=301754, class=java.lang.String@50000181)
ARR 50001a31 (sz=16, trace=301755, nelems=0, elem type=char[])
OBJ 50001a32 (sz=24, trace=301756, class=java.lang.String@50000181)
OBJ 50001a33 (sz=24, trace=301757, class=java.lang.StringBuffer@50000136)
ARR 50001a34 (sz=48, trace=301758, nelems=0, elem type=char[])
OBJ 50001a35 (sz=32, trace=301759, class=java.text.FieldPosition@50000d84)
OBJ 50001a36 (sz=24, trace=301761, class=java.text.FieldPosition$Delegate@500019a6)
ARR 50001a37 (sz=24, trace=301776, nelems=0, elem type=char[])
OBJ 50001a38 (sz=24, trace=301777, class=java.lang.String@50000181)
OBJ 50001a39 (sz=24, trace=300673, class=java.lang.String@50000181)
ARR 50001a3a (sz=32, trace=300674, nelems=0, elem type=char[])
OBJ 50001a3b (sz=64, trace=301219, class=java.text.DecimalFormatSymbols@500013d3)
OBJ 50001a3c (sz=24, trace=301449, class=java.lang.StringBuilder@50000135)
ARR 50001a3d (sz=56, trace=301450, nelems=0, elem type=char[])
OBJ 50001a3e (sz=24, trace=301451, class=java.lang.String@50000181)
ARR 50001a3f (sz=24, trace=301452, nelems=0, elem type=char[])
OBJ 50001a40 (sz=144, trace=301720, class=java.text.DecimalFormat@50001975)
OBJ 50001a41 (sz=40, trace=301723, class=java.text.DigitList@50001979)
ARR 50001a42 (sz=56, trace=301724, nelems=0, elem type=char[])
OBJ 50001a43 (sz=24, trace=301735, class=java.lang.StringBuffer@50000136)
ARR 50001a44 (sz=48, trace=301736, nelems=0, elem type=char[])
OBJ 50001a45 (sz=24, trace=301737, class=java.lang.StringBuffer@50000136)
ARR 50001a46 (sz=48, trace=301738, nelems=0, elem type=char[])
ARR 50001a47 (sz=16, trace=301739, nelems=0, elem type=char[])
OBJ 50001a48 (sz=24, trace=301740, class=java.lang.String@50000181)
ARR 50001a49 (sz=16, trace=301741, nelems=0, elem type=char[])
OBJ 50001a4a (sz=24, trace=301742, class=java.lang.String@50000181)
OBJ 50001a4b (sz=24, trace=301735, class=java.lang.StringBuffer@50000136)
ARR 50001a4c (sz=48, trace=301736, nelems=0, elem type=char[])
OBJ 50001a4d (sz=24, trace=301737, class=java.lang.StringBuffer@50000136)
ARR 50001a4e (sz=48, trace=301738, nelems=0, elem type=char[])
ARR 50001a4f (sz=24, trace=301743, nelems=0, elem type=char[])
OBJ 50001a50 (sz=24, trace=301744, class=java.lang.String@50000181)
ARR 50001a51 (sz=16, trace=301745, nelems=0, elem type=char[])
OBJ 50001a52 (sz=24, trace=301746, class=java.lang.String@50000181)
OBJ 50001a53 (sz=24, trace=301747, class=java.lang.StringBuffer@50000136)
ARR 50001a54 (sz=48, trace=301748, nelems=0, elem type=char[])
ARR 50001a55 (sz=16, trace=301749, nelems=0, elem type=char[])
OBJ 50001a56 (sz=24, trace=301750, class=java.lang.String@50000181)
ARR 50001a57 (sz=16, trace=301751, nelems=0, elem type=char[])
OBJ 50001a58 (sz=24, trace=301752, class=java.lang.String@50000181)
ARR 50001a59 (sz=24, trace=301753, nelems=0, elem type=char[])
OBJ 50001a5a (sz=24, trace=301754, class=java.lang.String@50000181)
ARR 50001a5b (sz=16, trace=301755, nelems=0, elem type=char[])
OBJ 50001a5c (sz=24, trace=301756, class=java.lang.String@50000181)
OBJ 50001a5d (sz=24, trace=301757, class=java.lang.StringBuffer@50000136)
ARR 50001a5e (sz=48, trace=301758, nelems=0, elem type=char[])
OBJ 50001a5f (sz=32, trace=301759, class=java.text.FieldPosition@50000d84)
OBJ 50001a60 (sz=24, trace=301761, class=java.text.FieldPosition$Delegate@500019a6)
ARR 50001a61 (sz=24, trace=301776, nelems=0, elem type=char[])
OBJ 50001a62 (sz=24, trace=301777, class=java.lang.String@50000181)
OBJ 50001a63 (sz=24, trace=300684, class=java.lang.String@50000181)
ARR 50001a64 (sz=48, trace=300685, nelems=0, elem type=char[])
ARR 50001a65 (sz=88, trace=300683, nelems=0, elem type=char[])
ARR 50001a66 (sz=80, trace=300686, nelems=0, elem type=char[])
OBJ 50001a67 (sz=24, trace=300687, class=java.lang.String@50000181)
ARR 50001a68 (sz=24, trace=301782, nelems=0, elem type=java.lang.Object[]@5000011c)
OBJ 50001a69 (sz=40, trace=300645, class=java.text.MessageFormat@50000d50)
ARR 50001a6a (sz=56, trace=301783, nelems=0, elem type=java.text.Format[]@50000d56)
ARR 50001a6b (sz=56, trace=301784, nelems=0, elem type=int[])
ARR 50001a6c (sz=56, trace=301785, nelems=0, elem type=int[])
ARR 50001a6d (sz=32, trace=300659, nelems=0, elem type=java.lang.StringBuilder[]@50000d6b)
OBJ 50001a6e (sz=24, trace=300660, class=java.lang.StringBuilder@50000135)
ARR 50001a6f (sz=48, trace=300661, nelems=0, elem type=char[])
OBJ 50001a70 (sz=24, trace=300662, class=java.lang.StringBuilder@50000135)
ARR 50001a71 (sz=48, trace=300663, nelems=0, elem type=char[])
ARR 50001a72 (sz=32, trace=300664, nelems=0, elem type=java.lang.String[]@500000db)
OBJ 50001a73 (sz=24, trace=300665, class=java.lang.String@50000181)
ARR 50001a74 (sz=24, trace=300666, nelems=0, elem type=char[])
OBJ 50001a75 (sz=24, trace=300665, class=java.lang.String@50000181)
ARR 50001a76 (sz=24, trace=300666, nelems=0, elem type=char[])
OBJ 50001a77 (sz=24, trace=300662, class=java.lang.StringBuilder@50000135)
ARR 50001a78 (sz=48, trace=300663, nelems=0, elem type=char[])
ARR 50001a79 (sz=32, trace=300664, nelems=0, elem type=java.lang.String[]@500000db)
OBJ 50001a7a (sz=24, trace=300665, class=java.lang.String@50000181)
ARR 50001a7b (sz=40, trace=300666, nelems=0, elem type=char[])
OBJ 50001a7c (sz=24, trace=300665, class=java.lang.String@50000181)
ARR 50001a7d (sz=24, trace=300666, nelems=0, elem type=char[])
OBJ 50001a7e (sz=24, trace=300667, class=java.lang.String@50000181)
ARR 50001a7f (sz=48, trace=300668, nelems=0, elem type=char[])
OBJ 50001a80 (sz=24, trace=300669, class=java.lang.StringBuffer@50000136)
ARR 50001a81 (sz=48, trace=300670, nelems=0, elem type=char[])
OBJ 50001a82 (sz=32, trace=300672, class=java.text.FieldPosition@50000d84)
OBJ 50001a83 (sz=24, trace=300673, class=java.lang.String@50000181)
ARR 50001a84 (sz=24, trace=300674, nelems=0, elem type=char[])
OBJ 50001a85 (sz=24, trace=300673, class=java.lang.String@50000181)
ARR 50001a86 (sz=32, trace=300674, nelems=0, elem type=char[])
ARR 50001a87 (sz=88, trace=300683, nelems=0, elem type=char[])
OBJ 50001a88 (sz=24, trace=300684, class=java.lang.String@50000181)
ARR 50001a89 (sz=32, trace=300685, nelems=0, elem type=char[])
ARR 50001a8a (sz=80, trace=300686, nelems=0, elem type=char[])
OBJ 50001a8b (sz=24, trace=300687, class=java.lang.String@50000181)
ARR 50001a8c (sz=24, trace=301786, nelems=0, elem type=java.lang.Object[]@5000011c)
OBJ 50001a8d (sz=40, trace=300645, class=java.text.MessageFormat@50000d50)
ARR 50001a8e (sz=56, trace=301787, nelems=0, elem type=java.text.Format[]@50000d56)
ARR 50001a8f (sz=56, trace=301788, nelems=0, elem type=int[])
ARR 50001a90 (sz=56, trace=301789, nelems=0, elem type=int[])
ARR 50001a91 (sz=32, trace=300659, nelems=0, elem type=java.lang.StringBuilder[]@50000d6b)
OBJ 50001a92 (sz=24, trace=300660, class=java.lang.StringBuilder@50000135)
ARR 50001a93 (sz=48, trace=300661, nelems=0, elem type=char[])
ARR 50001a94 (sz=88, trace=300270, nelems=0, elem type=char[])
OBJ 50001a95 (sz=24, trace=300662, class=java.lang.StringBuilder@50000135)
ARR 50001a96 (sz=48, trace=300663, nelems=0, elem type=char[])
ARR 50001a97 (sz=32, trace=300664, nelems=0, elem type=java.lang.String[]@500000db)
OBJ 50001a98 (sz=24, trace=300665, class=java.lang.String@50000181)
ARR 50001a99 (sz=72, trace=300666, nelems=0, elem type=char[])
OBJ 50001a9a (sz=24, trace=300665, class=java.lang.String@50000181)
ARR 50001a9b (sz=24, trace=300666, nelems=0, elem type=char[])
OBJ 50001a9c (sz=24, trace=300667, class=java.lang.String@50000181)
ARR 50001a9d (sz=72, trace=300668, nelems=0, elem type=char[])
OBJ 50001a9e (sz=24, trace=300669, class=java.lang.StringBuffer@50000136)
ARR 50001a9f (sz=48, trace=300670, nelems=0, elem type=char[])
OBJ 50001aa0 (sz=32, trace=300672, class=java.text.FieldPosition@50000d84)
ARR 50001aa1 (sz=88, trace=300683, nelems=0, elem type=char[])
OBJ 50001aa2 (sz=24, trace=300684, class=java.lang.String@50000181)
ARR 50001aa3 (sz=80, trace=300686, nelems=0, elem type=char[])
OBJ 50001aa4 (sz=24, trace=300687, class=java.lang.String@50000181)
ARR 50001aa5 (sz=24, trace=301790, nelems=0, elem type=java.lang.Object[]@5000011c)
OBJ 50001aa6 (sz=40, trace=300645, class=java.text.MessageFormat@50000d50)
ARR 50001aa7 (sz=56, trace=301791, nelems=0, elem type=java.text.Format[]@50000d56)
ARR 50001aa8 (sz=56, trace=301792, nelems=0, elem type=int[])
ARR 50001aa9 (sz=56, trace=301793, nelems=0, elem type=int[])
ARR 50001aaa (sz=32, trace=300659, nelems=0, elem type=java.lang.StringBuilder[]@50000d6b)
OBJ 50001aab (sz=24, trace=300660, class=java.lang.StringBuilder@50000135)
ARR 50001aac (sz=48, trace=300661, nelems=0, elem type=char[])
ARR 50001aad (sz=88, trace=300270, nelems=0, elem type=char[])
ARR 50001aae (sz=160, trace=300270, nelems=0, elem type=char[])
ARR 50001aaf (sz=304, trace=300270, nelems=0, elem type=char[])
OBJ 50001ab0 (sz=24, trace=300662, class=java.lang.StringBuilder@50000135)
ARR 50001ab1 (sz=48, trace=300663, nelems=0, elem type=char[])
ARR 50001ab2 (sz=32, trace=300664, nelems=0, elem type=java.lang.String[]@500000db)
OBJ 50001ab3 (sz=24, trace=300665, class=java.lang.String@50000181)
ARR 50001ab4 (sz=200, trace=300666, nelems=0, elem type=char[])
OBJ 50001ab5 (sz=24, trace=300665, class=java.lang.String@50000181)
ARR 50001ab6 (sz=24, trace=300666, nelems=0, elem type=char[])
ARR 50001ab7 (sz=592, trace=300270, nelems=0, elem type=char[])
ARR 50001ab8 (sz=1168, trace=300270, nelems=0, elem type=char[])
ARR 50001ab9 (sz=2320, trace=300270, nelems=0, elem type=char[])
ARR 50001aba (sz=4624, trace=300270, nelems=0, elem type=char[])
OBJ 50001abb (sz=24, trace=300667, class=java.lang.String@50000181)
ARR 50001abc (sz=2864, trace=300668, nelems=0, elem type=char[])
OBJ 50001abd (sz=24, trace=300669, class=java.lang.StringBuffer@50000136)
ARR 50001abe (sz=48, trace=300670, nelems=0, elem type=char[])
OBJ 50001abf (sz=32, trace=300672, class=java.text.FieldPosition@50000d84)
OBJ 50001ac0 (sz=24, trace=300673, class=java.lang.String@50000181)
ARR 50001ac1 (sz=200, trace=300674, nelems=0, elem type=char[])
ARR 50001ac2 (sz=200, trace=300683, nelems=0, elem type=char[])
ARR 50001ac3 (sz=376, trace=300683, nelems=0, elem type=char[])
OBJ 50001ac4 (sz=24, trace=300684, class=java.lang.String@50000181)
ARR 50001ac5 (sz=2688, trace=300685, nelems=0, elem type=char[])
ARR 50001ac6 (sz=2864, trace=300683, nelems=0, elem type=char[])
ARR 50001ac7 (sz=2864, trace=300686, nelems=0, elem type=char[])
OBJ 50001ac8 (sz=24, trace=300687, class=java.lang.String@50000181)
ARR 50001ac9 (sz=3352, trace=300010, nelems=1676, elem type=char[])
OBJ 50001aca (sz=24, trace=301794, class=java.lang.String@50000181)
ARR 50001acb (sz=3368, trace=301795, nelems=0, elem type=char[])
OBJ 50001acc (sz=48, trace=300232, class=java.nio.HeapCharBuffer@5000006a)
OBJ 50001acd (sz=48, trace=300232, class=java.nio.HeapCharBuffer@5000006a)
OBJ 50001ace (sz=376, trace=300001, class=java.lang.Thread@5000015e)
	name		50003a98
	group		50001c10
	inheritedAccessControlContext	50003a97
	blockerLock	50001acf
OBJ 50001acf (sz=16, trace=300002, class=java.lang.Object@50000185)
ARR 50001ad1 (sz=56, trace=301796, nelems=0, elem type=java.lang.Runnable[]@500000e3)
OBJ 50001ad3 (sz=16, trace=301798, class=java.lang.Shutdown$Lock@50001ad2)
OBJ 50001ad4 (sz=16, trace=301799, class=java.lang.Shutdown$Lock@50001ad2)
OBJ 50001ada (sz=376, trace=300000, class=java.lang.Thread@5000015e)
	name		50003bc2
	contextClassLoader	50001ae4
	blockerLock	50003bc1
OBJ 50001adb (sz=376, trace=300000, class=java.lang.Thread@5000015e)
	name		50003a7d
	group		50001c11
	contextClassLoader	50001ae4
	inheritedAccessControlContext	50003a7c
	blockerLock	50003a7b
OBJ 50001adc (sz=376, trace=300000, class=java.lang.Thread@5000015e)
	name		50003a81
	group		50001c11
	contextClassLoader	50001ae4
	inheritedAccessControlContext	50003a80
	blockerLock	50003a7f
OBJ 50001add (sz=384, trace=300000, class=java.lang.ref.Finalizer$FinalizerThread@500000d0)
	name		50003a85
	group		50001c11
	inheritedAccessControlContext	50003a84
	blockerLock	50003a83
OBJ 50001ade (sz=32, trace=300000, class=java.lang.ref.ReferenceQueue@500000e6)
	lock		50001adf
OBJ 50001adf (sz=16, trace=300000, class=java.lang.ref.ReferenceQueue$Lock@500000e4)
OBJ 50001ae0 (sz=16, trace=300000, class=java.lang.System$2@50000047)
OBJ 50001ae1 (sz=376, trace=300000, class=java.lang.ref.Reference$ReferenceHandler@500000f3)
	name		50002144
	group		50001c11
	inheritedAccessControlContext	50003a93
	blockerLock	50003a92
OBJ 50001ae2 (sz=16, trace=300000, class=java.lang.ref.Reference$Lock@500000f4)
OBJ 50001ae3 (sz=24, trace=300000, class=java.lang.String@50000181)
	value		50001d7e
OBJ 50001ae4 (sz=96, trace=300000, class=sun.misc.Launcher$AppClassLoader@5000012a)
	parent		50001ae6
	parallelLockMap	50001e2b
	package2certs	50001e2a
	classes		50001e29
	defaultDomain	50001e28
	domains		50001e27
	packages	50001e26
	nativeLibraries	50001e25
	assertionLock	50001e24
	pdcache		50001e23
	ucp		50001e20
	acc		50001e22
	closeables	50001e21
	ucp		50001e20
ARR 50001ae5 (sz=0, trace=300000, nelems=0, elem type=int[])
OBJ 50001ae6 (sz=88, trace=300000, class=sun.misc.Launcher$ExtClassLoader@50000129)
	parallelLockMap	50001e37
	package2certs	50001e36
	classes		50001e35
	defaultDomain	50001e34
	domains		50001e33
	packages	50001e32
	nativeLibraries	50001e31
	assertionLock	50001e30
	pdcache		50001e2f
	ucp		50001e2e
	acc		50001e2d
	closeables	50001e2c
ARR 50001ae7 (sz=24, trace=300000, nelems=0, elem type=java.lang.Object[]@5000011c)
ARR 50001ae8 (sz=32, trace=300000, nelems=0, elem type=java.lang.Object[]@5000011c)
ARR 50001ae9 (sz=88, trace=300000, nelems=0, elem type=java.lang.Object[]@5000011c)
ARR 50001aea (sz=24, trace=300000, nelems=1, elem type=java.lang.Object[]@5000011c)
	[0]		50002144
ARR 50001aeb (sz=24, trace=300000, nelems=2, elem type=java.lang.Object[]@5000011c)
	[1]		50001cee
ARR 50001aec (sz=88, trace=300000, nelems=18, elem type=java.lang.Object[]@5000011c)
	[0]		50001c1a
	[13]		50001e17
	[14]		50001e18
	[17]		50001e19
ARR 50001aed (sz=56, trace=300000, nelems=10, elem type=java.lang.Object[]@5000011c)
	[9]		50003441
ARR 50001aee (sz=56, trace=300000, nelems=0, elem type=java.lang.Object[]@5000011c)
ARR 50001aef (sz=56, trace=300000, nelems=10, elem type=java.lang.Object[]@5000011c)
	[0]		50001c1a
	[1]		50001c22
	[2]		50001c17
	[3]		50001c23
	[4]		50001c24
	[5]		50001c25
	[6]		50001c18
	[7]		50001c04
	[8]		50001c16
	[9]		50001c26
ARR 50001af0 (sz=208, trace=300000, nelems=0, elem type=java.lang.Object[]@5000011c)
ARR 50001af1 (sz=32, trace=300000, nelems=3, elem type=java.lang.Object[]@5000011c)
	[0]		50001c29
	[1]		50001c2a
	[2]		50001c13
ARR 50001af2 (sz=72, trace=300000, nelems=13, elem type=java.lang.Object[]@5000011c)
	[0]		50001c1a
	[6]		50001c32
	[9]		50001c33
	[10]		50001c34
	[12]		50001c35
ARR 50001af3 (sz=48, trace=300000, nelems=7, elem type=java.lang.Object[]@5000011c)
	[6]		50001c31
ARR 50001af4 (sz=64, trace=300000, nelems=7, elem type=java.lang.Object[]@5000011c)
	[6]		50001c2b
ARR 50001af5 (sz=32, trace=300000, nelems=0, elem type=java.lang.Object[]@5000011c)
ARR 50001af6 (sz=40, trace=300000, nelems=2, elem type=java.lang.Object[]@5000011c)
	[1]		50001c2f
ARR 50001af7 (sz=48, trace=300000, nelems=0, elem type=java.lang.Object[]@5000011c)
ARR 50001af8 (sz=72, trace=300000, nelems=0, elem type=java.lang.Object[]@5000011c)
ARR 50001af9 (sz=80, trace=300000, nelems=0, elem type=java.lang.Object[]@5000011c)
ARR 50001afa (sz=32, trace=300000, nelems=0, elem type=java.lang.Object[]@5000011c)
ARR 50001afb (sz=112, trace=300000, nelems=23, elem type=java.lang.Object[]@5000011c)
	[3]		50001ccb
	[22]		50001ccc
ARR 50001afc (sz=32, trace=300000, nelems=3, elem type=java.lang.Object[]@5000011c)
	[2]		50001cd3
ARR 50001afd (sz=72, trace=300000, nelems=0, elem type=java.lang.Object[]@5000011c)
ARR 50001afe (sz=32, trace=300000, nelems=0, elem type=java.lang.Object[]@5000011c)
ARR 50001aff (sz=32, trace=300000, nelems=0, elem type=java.lang.Object[]@5000011c)
ARR 50001b00 (sz=24, trace=300000, nelems=0, elem type=java.lang.Object[]@5000011c)
ARR 50001b01 (sz=48, trace=300000, nelems=0, elem type=java.lang.Object[]@5000011c)
ARR 50001b02 (sz=24, trace=300000, nelems=2, elem type=java.lang.Object[]@5000011c)
	[1]		50001ccf
ARR 50001b03 (sz=48, trace=300000, nelems=0, elem type=java.lang.Object[]@5000011c)
ARR 50001b04 (sz=24, trace=300000, nelems=0, elem type=java.lang.Object[]@5000011c)
ARR 50001b05 (sz=24, trace=300000, nelems=0, elem type=java.lang.Object[]@5000011c)
ARR 50001b06 (sz=24, trace=300000, nelems=0, elem type=java.lang.Object[]@5000011c)
ARR 50001b07 (sz=24, trace=300000, nelems=0, elem type=java.lang.Object[]@5000011c)
ARR 50001b08 (sz=56, trace=300000, nelems=10, elem type=java.lang.Object[]@5000011c)
	[6]		50001cda
	[7]		50001cdb
	[8]		50001cdc
	[9]		50001cdd
ARR 50001b09 (sz=32, trace=300000, nelems=0, elem type=java.lang.Object[]@5000011c)
ARR 50001b0a (sz=152, trace=300000, nelems=0, elem type=java.lang.Object[]@5000011c)
ARR 50001b0b (sz=24, trace=300000, nelems=0, elem type=java.lang.Object[]@5000011c)
ARR 50001b0c (sz=64, trace=300000, nelems=11, elem type=java.lang.Object[]@5000011c)
	[0]		50001cef
	[3]		50001cf0
	[4]		50001cf1
	[5]		50001cf2
	[6]		50001cf3
	[7]		50001cf4
	[8]		50001cf5
	[9]		50001cf6
	[10]		50001c26
ARR 50001b0d (sz=40, trace=300000, nelems=0, elem type=java.lang.Object[]@5000011c)
ARR 50001b0e (sz=48, trace=300000, nelems=0, elem type=java.lang.Object[]@5000011c)
ARR 50001b0f (sz=32, trace=300000, nelems=1, elem type=java.lang.Object[]@5000011c)
	[0]		50001cca
ARR 50001b10 (sz=24, trace=300000, nelems=0, elem type=java.lang.Object[]@5000011c)
ARR 50001b11 (sz=56, trace=300000, nelems=10, elem type=java.lang.Object[]@5000011c)
	[9]		50001e12
ARR 50001b12 (sz=24, trace=300000, nelems=1, elem type=java.lang.Object[]@5000011c)
	[0]		50003a85
ARR 50001b13 (sz=24, trace=300000, nelems=0, elem type=java.lang.Object[]@5000011c)
ARR 50001b14 (sz=48, trace=300000, nelems=7, elem type=java.lang.Object[]@5000011c)
	[0]		50001c1a
	[1]		500025e4
	[5]		500025e5
	[6]		500025e6
ARR 50001b15 (sz=24, trace=300000, nelems=0, elem type=java.lang.Object[]@5000011c)
ARR 50001b16 (sz=24, trace=300000, nelems=2, elem type=java.lang.Object[]@5000011c)
	[0]		50001ccb
	[1]		500024ef
ARR 50001b17 (sz=864, trace=300000, nelems=212, elem type=java.lang.Object[]@5000011c)
	[0]		50002323
	[1]		50002311
	[2]		50002324
	[3]		50002325
	[4]		50002326
	[5]		50002327
	[6]		50002328
	[7]		50002329
	[8]		5000232a
	[9]		5000232b
	[10]		5000232c
	[11]		5000232d
	[12]		5000232e
	[13]		5000232f
	[14]		50002330
	[15]		50002331
	[16]		50002332
	[17]		50002333
	[18]		50002334
	[19]		50002335
	[20]		50002336
	[21]		50002337
	[22]		50002338
	[23]		50002339
	[24]		5000233a
	[25]		5000233b
	[26]		50002313
	[27]		50002308
	[28]		5000230a
	[29]		5000233c
	[30]		5000233d
	[31]		5000233e
	[32]		5000233f
	[33]		50002340
	[34]		5000230d
	[35]		50002341
	[36]		50002342
	[37]		50002343
	[38]		50002344
	[39]		5000230b
	[40]		50002345
	[41]		50002346
	[42]		50002347
	[43]		50002348
	[44]		50002349
	[45]		5000234a
	[46]		5000234b
	[47]		5000234c
	[48]		5000234d
	[49]		50002309
	[50]		5000234e
	[51]		5000234f
	[52]		50002350
	[53]		50002351
	[54]		50002352
	[55]		50002353
	[56]		50002354
	[57]		50002355
	[58]		50002356
	[59]		50002357
	[60]		50002358
	[61]		50002359
	[62]		5000235a
	[63]		5000235b
	[64]		5000235c
	[65]		5000235d
	[66]		5000235e
	[67]		5000235f
	[68]		50002360
	[69]		50002361
	[70]		50002362
	[71]		50002363
	[72]		50002364
	[73]		50002365
	[74]		50002366
	[75]		50002367
	[76]		50002368
	[77]		50002369
	[78]		5000236a
	[79]		5000236b
	[80]		5000236c
	[81]		5000236d
	[82]		5000236e
	[83]		5000236f
	[84]		50002370
	[85]		50002371
	[86]		50002372
	[87]		50002373
	[88]		50002374
	[89]		50002314
	[90]		50002375
	[91]		50002376
	[92]		50002377
	[93]		50002378
	[94]		50002379
	[95]		5000237a
	[96]		5000237b
	[97]		5000237c
	[98]		5000230e
	[99]		5000237d
	[100]		5000237e
	[101]		5000237f
	[102]		50002380
	[103]		50002381
	[104]		50002382
	[105]		50002383
	[106]		50002384
	[107]		50002385
	[108]		50002386
	[109]		50002387
	[110]		50002388
	[111]		50002389
	[112]		5000238a
	[113]		5000238b
	[114]		5000238c
	[115]		5000238d
	[116]		5000238e
	[117]		5000238f
	[118]		50002390
	[119]		50002391
	[120]		50002392
	[121]		50002393
	[122]		50002394
	[123]		5000230f
	[124]		50002395
	[125]		50002396
	[126]		50002397
	[127]		50002398
	[128]		50002399
	[129]		5000239a
	[130]		5000239b
	[131]		5000239c
	[132]		5000239d
	[133]		5000239e
	[134]		5000239f
	[135]		500023a0
	[136]		500023a1
	[137]		500023a2
	[138]		500023a3
	[139]		500023a4
	[140]		500023a5
	[141]		500023a6
	[142]		500023a7
	[143]		50002310
	[144]		500023a8
	[145]		500023a9
	[146]		500023aa
	[147]		500023ab
	[148]		500023ac
	[149]		500023ad
	[150]		500023ae
	[151]		500023af
	[152]		500023b0
	[153]		500023b1
	[154]		500023b2
	[155]		500023b3
	[156]		500023b4
	[157]		500023b5
	[158]		500023b6
	[159]		500023b7
	[160]		500023b8
	[161]		500023b9
	[162]		500023ba
	[163]		500023bb
	[164]		500023bc
	[165]		500023bd
	[166]		500023be
	[167]		500023bf
	[168]		500023c0
	[169]		500023c1
	[170]		500023c2
	[171]		500023c3
	[172]		500023c4
	[173]		500023c5
	[174]		500023c6
	[175]		500023c7
	[176]		500023c8
	[177]		500023c9
	[178]		500023ca
	[179]		500023cb
	[180]		50002307
	[181]		500023cc
	[182]		500023cd
	[183]		500023ce
	[184]		500023cf
	[185]		500023d0
	[186]		500023d1
	[187]		500023d2
	[188]		500023d3
	[189]		50002312
	[190]		500023d4
	[191]		500023d5
	[192]		500023d6
	[193]		500023d7
	[194]		500023d8
	[195]		500023d9
	[196]		500023da
	[197]		500023db
	[198]		500023dc
	[199]		500023dd
	[200]		500023de
	[201]		500023df
	[202]		500023e0
	[203]		500023e1
	[204]		500023e2
	[205]		500023e3
	[206]		5000230c
	[207]		500023e4
	[208]		500023e5
	[209]		500023e6
	[210]		500023e7
	[211]		500023e8
ARR 50001b18 (sz=984, trace=300000, nelems=241, elem type=java.lang.Object[]@5000011c)
	[0]		50002323
	[1]		50002311
	[2]		50002324
	[3]		50002325
	[4]		50002326
	[5]		50002327
	[6]		50002328
	[7]		50002329
	[8]		5000232a
	[9]		5000232b
	[10]		5000232c
	[11]		5000232d
	[12]		5000232e
	[13]		500023e6
	[14]		5000232f
	[15]		50002330
	[16]		50002331
	[17]		50002332
	[18]		50002333
	[19]		50002334
	[20]		50002335
	[21]		50002336
	[22]		50002337
	[23]		50002338
	[24]		50002339
	[25]		5000233a
	[26]		5000233b
	[27]		50002374
	[28]		5000254e
	[29]		5000254f
	[30]		50002550
	[31]		50002314
	[32]		50002375
	[33]		500024f2
	[34]		50002551
	[35]		50002376
	[36]		50002377
	[37]		50002378
	[38]		50002379
	[39]		5000237a
	[40]		5000237b
	[41]		5000237c
	[42]		5000230e
	[43]		5000237d
	[44]		5000237e
	[45]		5000237f
	[46]		50002380
	[47]		50002381
	[48]		50002382
	[49]		50002383
	[50]		50002384
	[51]		50002385
	[52]		50002386
	[53]		50002387
	[54]		50002388
	[55]		50002389
	[56]		5000238a
	[57]		5000238b
	[58]		5000238c
	[59]		5000238d
	[60]		5000238e
	[61]		5000238f
	[62]		50002390
	[63]		50002391
	[64]		50002392
	[65]		50002393
	[66]		50002394
	[67]		50002552
	[68]		50002553
	[69]		50002554
	[70]		50002555
	[71]		50002556
	[72]		50002557
	[73]		50002558
	[74]		50002559
	[75]		5000255a
	[76]		5000255b
	[77]		5000255c
	[78]		5000255d
	[79]		5000255e
	[80]		500023a2
	[81]		500023a3
	[82]		500023a4
	[83]		500023a5
	[84]		5000255f
	[85]		500023a6
	[86]		500023a7
	[87]		50002310
	[88]		50002560
	[89]		50002561
	[90]		500023a8
	[91]		500023a9
	[92]		500023aa
	[93]		500023ab
	[94]		500023ac
	[95]		500023ad
	[96]		50002562
	[97]		500023ae
	[98]		500023af
	[99]		500023b0
	[100]		500023b1
	[101]		500023b2
	[102]		500023b3
	[103]		500023e7
	[104]		500023b4
	[105]		500023b5
	[106]		500023b6
	[107]		500023b7
	[108]		50002563
	[109]		500024f3
	[110]		50002564
	[111]		500023b8
	[112]		500023b9
	[113]		500023ba
	[114]		500023bb
	[115]		50002565
	[116]		500023bc
	[117]		500023bd
	[118]		500023be
	[119]		500023bf
	[120]		500023c0
	[121]		500023c1
	[122]		500023e8
	[123]		500023c2
	[124]		500023c3
	[125]		500023c4
	[126]		500023c5
	[127]		50002566
	[128]		50002567
	[129]		500024f4
	[130]		500024f5
	[131]		500024f6
	[132]		500024f7
	[133]		500024f8
	[134]		500024f9
	[135]		500024fa
	[136]		500024fb
	[137]		500023c6
	[138]		500023c7
	[139]		500023c8
	[140]		500023c9
	[141]		500023ca
	[142]		500023cb
	[143]		50002307
	[144]		50002568
	[145]		50002569
	[146]		5000256a
	[147]		5000256b
	[148]		5000256c
	[149]		500023cc
	[150]		5000256d
	[151]		500023cd
	[152]		5000256e
	[153]		5000256f
	[154]		500023ce
	[155]		50002570
	[156]		50002571
	[157]		500023cf
	[158]		500023d0
	[159]		500023d1
	[160]		500023d2
	[161]		500023d3
	[162]		50002312
	[163]		50002572
	[164]		50002573
	[165]		500023d4
	[166]		50002574
	[167]		50002575
	[168]		50002576
	[169]		50002577
	[170]		50002578
	[171]		50002579
	[172]		5000257a
	[173]		5000257b
	[174]		5000257c
	[175]		5000257d
	[176]		5000257e
	[177]		5000257f
	[178]		50002580
	[179]		500023d5
	[180]		500024fc
	[181]		500024fd
	[182]		500023d6
	[183]		500023d7
	[184]		500023d8
	[185]		500023d9
	[186]		500023da
	[187]		500023db
	[188]		50002581
	[189]		50002582
	[190]		500023dc
	[191]		500023dd
	[192]		500023de
	[193]		500023df
	[194]		50002583
	[195]		50002584
	[196]		500023e1
	[197]		500023e2
	[198]		500023e3
	[199]		50002585
	[200]		50002586
	[201]		50002587
	[202]		50002588
	[203]		5000230c
	[204]		500024fe
	[205]		500024ff
	[206]		50002500
	[207]		50002501
	[208]		50002502
	[209]		50002503
	[210]		50002589
	[211]		50002504
	[212]		5000258a
	[213]		50002505
	[214]		500023e4
	[215]		5000258b
	[216]		5000258c
	[217]		5000258d
	[218]		5000258e
	[219]		5000258f
	[220]		50002590
	[221]		50002591
	[222]		50002592
	[223]		50002593
	[224]		50002594
	[225]		50002506
	[226]		50002507
	[227]		50002508
	[228]		50002509
	[229]		5000250a
	[230]		5000250b
	[231]		500023e5
	[232]		5000250c
	[233]		5000250d
	[234]		50002595
	[235]		50002596
	[236]		5000250e
	[237]		50002597
	[238]		5000250f
	[239]		50002598
	[240]		50002510
ARR 50001b19 (sz=328, trace=300000, nelems=78, elem type=java.lang.Object[]@5000011c)
	[0]		500024d4
	[1]		500024d5
	[2]		500024d6
	[3]		500024d7
	[4]		500024d8
	[5]		500024d9
	[6]		500024da
	[7]		500024db
	[8]		500024dc
	[9]		500024dd
	[10]		500024de
	[11]		500024df
	[12]		5000235b
	[13]		500024e0
	[14]		500024e1
	[15]		500024e2
	[16]		500024e3
	[17]		500024e4
	[18]		500024e5
	[19]		500024e6
	[20]		500024e7
	[21]		500024e8
	[22]		500024e9
	[23]		500024ea
	[24]		500024eb
	[25]		500024ec
	[26]		500024ed
	[27]		500024ee
	[28]		500024ef
	[29]		50002364
	[30]		50002365
	[31]		50002366
	[32]		500024f0
	[33]		50002367
	[34]		50002368
	[35]		50002369
	[36]		5000236a
	[37]		5000236b
	[38]		500024f1
	[39]		500024f2
	[40]		500024f3
	[41]		500023b8
	[42]		500023ba
	[43]		500023bc
	[44]		500023bd
	[45]		500023be
	[46]		500023bf
	[47]		500023c0
	[48]		500023c1
	[49]		500024f4
	[50]		500024f5
	[51]		500024f6
	[52]		500024f7
	[53]		500024f8
	[54]		500024f9
	[55]		500024fa
	[56]		500024fb
	[57]		500024fc
	[58]		500024fd
	[59]		500024fe
	[60]		500024ff
	[61]		50002500
	[62]		50002501
	[63]		50002502
	[64]		50002503
	[65]		50002504
	[66]		50002505
	[67]		50002506
	[68]		50002507
	[69]		50002508
	[70]		50002509
	[71]		5000250a
	[72]		5000250b
	[73]		5000250c
	[74]		5000250d
	[75]		5000250e
	[76]		5000250f
	[77]		50002510
ARR 50001b1a (sz=176, trace=300000, nelems=39, elem type=java.lang.Object[]@5000011c)
	[0]		500024f2
	[1]		500024f3
	[2]		500023b8
	[3]		500023ba
	[4]		500023bc
	[5]		500023bd
	[6]		500023be
	[7]		500023bf
	[8]		500023c0
	[9]		500023c1
	[10]		500024f4
	[11]		500024f5
	[12]		500024f6
	[13]		500024f7
	[14]		500024f8
	[15]		500024f9
	[16]		500024fa
	[17]		500024fb
	[18]		500024fc
	[19]		500024fd
	[20]		500024fe
	[21]		500024ff
	[22]		50002500
	[23]		50002501
	[24]		50002502
	[25]		50002503
	[26]		50002504
	[27]		50002505
	[28]		50002506
	[29]		50002507
	[30]		50002508
	[31]		50002509
	[32]		5000250a
	[33]		5000250b
	[34]		5000250c
	[35]		5000250d
	[36]		5000250e
	[37]		5000250f
	[38]		50002510
ARR 50001b1b (sz=24, trace=300000, nelems=1, elem type=java.lang.Object[]@5000011c)
	[0]		50001e4b
ARR 50001b1c (sz=24, trace=300000, nelems=1, elem type=java.lang.Object[]@5000011c)
	[0]		500039c3
ARR 50001b1d (sz=40, trace=300000, nelems=5, elem type=java.lang.Object[]@5000011c)
	[2]		500039bd
	[3]		500039be
	[4]		500039bf
ARR 50001b1e (sz=32, trace=300000, nelems=0, elem type=java.lang.Object[]@5000011c)
ARR 50001b1f (sz=72, trace=300000, nelems=0, elem type=java.lang.Object[]@5000011c)
ARR 50001b20 (sz=104, trace=300000, nelems=1, elem type=java.lang.Object[]@5000011c)
	[0]		50001c19
ARR 50001b21 (sz=24, trace=300000, nelems=1, elem type=java.lang.Object[]@5000011c)
	[0]		500032be
ARR 50001b22 (sz=24, trace=300000, nelems=1, elem type=java.lang.Object[]@5000011c)
	[0]		50001ccb
ARR 50001b23 (sz=3040, trace=300000, nelems=750, elem type=java.lang.Object[]@5000011c)
	[0]		500028c3
	[1]		500028c4
	[2]		500028c5
	[3]		500028c6
	[4]		500028c7
	[5]		500028c8
	[6]		500028c9
	[7]		500028ca
	[8]		500028cb
	[9]		500028cc
	[10]		500028cd
	[11]		500028ce
	[12]		500028cf
	[13]		5000273e
	[14]		500028d0
	[15]		500028d1
	[16]		500028d2
	[17]		500028d3
	[18]		500028d4
	[19]		500028d5
	[20]		500028d6
	[21]		500028d7
	[22]		500028d8
	[23]		500028d9
	[24]		500028da
	[25]		500028db
	[26]		500028dc
	[27]		500028dd
	[28]		5000273b
	[29]		500028de
	[30]		500028df
	[31]		500028e0
	[32]		500028e1
	[33]		500028e2
	[34]		500028e3
	[35]		500028e4
	[36]		500028e5
	[37]		500028e6
	[38]		500028e7
	[39]		500028e8
	[40]		500028e9
	[41]		500028ea
	[42]		500028eb
	[43]		500028ec
	[44]		500028ed
	[45]		500028ee
	[46]		500028ef
	[47]		500028f0
	[48]		500028f1
	[49]		500028f2
	[50]		500028f3
	[51]		500028f4
	[52]		500028f5
	[53]		500028f6
	[54]		500028f7
	[55]		500028f8
	[56]		500028f9
	[57]		500028fa
	[58]		500028fb
	[59]		500028fc
	[60]		500028fd
	[61]		500028fe
	[62]		500028ff
	[63]		50002900
	[64]		50002901
	[65]		50002902
	[66]		50002903
	[67]		50002904
	[68]		50002905
	[69]		50002906
	[70]		50002907
	[71]		50002908
	[72]		50002909
	[73]		5000290a
	[74]		5000290b
	[75]		5000290c
	[76]		5000290d
	[77]		5000290e
	[78]		5000290f
	[79]		50002910
	[80]		50002911
	[81]		50002912
	[82]		50002913
	[83]		50002914
	[84]		50002915
	[85]		50002916
	[86]		50002917
	[87]		50002918
	[88]		50002919
	[89]		5000291a
	[90]		5000291b
	[91]		5000291c
	[92]		5000291d
	[93]		5000291e
	[94]		5000291f
	[95]		50002920
	[96]		50002921
	[97]		50002922
	[98]		50002923
	[99]		50002924
	[100]		50002925
	[101]		50002926
	[102]		50002927
	[103]		50002928
	[104]		50002929
	[105]		5000292a
	[106]		5000292b
	[107]		5000292c
	[108]		5000292d
	[109]		5000292e
	[110]		5000292f
	[111]		50002930
	[112]		50002931
	[113]		50002932
	[114]		50002933
	[115]		50002934
	[116]		50002935
	[117]		50002936
	[118]		50002937
	[119]		50002938
	[120]		50002939
	[121]		5000293a
	[122]		5000293b
	[123]		5000293c
	[124]		5000293d
	[125]		5000293e
	[126]		5000293f
	[127]		50002940
	[128]		50002941
	[129]		50002942
	[130]		50002943
	[131]		50002944
	[132]		50002945
	[133]		50002946
	[134]		50002947
	[135]		50002948
	[136]		50002949
	[137]		5000294a
	[138]		5000294b
	[139]		5000294c
	[140]		5000294d
	[141]		5000294e
	[142]		5000294f
	[143]		50002950
	[144]		50002951
	[145]		50002952
	[146]		50002953
	[147]		50002954
	[148]		50002955
	[149]		50002956
	[150]		50002957
	[151]		50002958
	[152]		50002959
	[153]		5000295a
	[154]		5000295b
	[155]		5000295c
	[156]		5000295d
	[157]		5000295e
	[158]		5000295f
	[159]		50002960
	[160]		50002961
	[161]		50002962
	[162]		50002963
	[163]		50002964
	[164]		50002965
	[165]		50002966
	[166]		50002967
	[167]		50002968
	[168]		50002969
	[169]		5000296a
	[170]		5000296b
	[171]		5000296c
	[172]		5000296d
	[173]		5000296e
	[174]		5000296f
	[175]		50002970
	[176]		50002971
	[177]		50002972
	[178]		50002973
	[179]		50002974
	[180]		50002975
	[181]		50002976
	[182]		50002977
	[183]		50002978
	[184]		50002979
	[185]		5000297a
	[186]		5000297b
	[187]		5000297c
	[188]		5000297d
	[189]		5000297e
	[190]		5000297f
	[191]		50002980
	[192]		50002981
	[193]		50002982
	[194]		50002983
	[195]		50002984
	[196]		50002985
	[197]		50002986
	[198]		50002987
	[199]		50002988
	[200]		50002989
	[201]		5000298a
	[202]		5000298b
	[203]		5000298c
	[204]		5000298d
	[205]		5000298e
	[206]		5000298f
	[207]		50002990
	[208]		50002991
	[209]		50002992
	[210]		50002993
	[211]		50002994
	[212]		50002995
	[213]		50002996
	[214]		50002997
	[215]		5000273d
	[216]		50002998
	[217]		50002999
	[218]		5000299a
	[219]		5000299b
	[220]		5000299c
	[221]		5000299d
	[222]		5000299e
	[223]		5000299f
	[224]		500029a0
	[225]		500029a1
	[226]		500029a2
	[227]		500029a3
	[228]		500029a4
	[229]		500029a5
	[230]		500029a6
	[231]		500029a7
	[232]		500029a8
	[233]		500029a9
	[234]		500029aa
	[235]		500029ab
	[236]		500029ac
	[237]		500029ad
	[238]		500029ae
	[239]		500029af
	[240]		500029b0
	[241]		500029b1
	[242]		500029b2
	[243]		500029b3
	[244]		500029b4
	[245]		500029b5
	[246]		500029b6
	[247]		500029b7
	[248]		500029b8
	[249]		500029b9
	[250]		500029ba
	[252]		500029bb
	[253]		500029bc
	[254]		500029bd
	[255]		500029be
	[256]		500029bf
	[257]		500029c0
	[258]		500029c1
	[259]		500029c2
	[260]		500029c3
	[261]		500029c4
	[262]		500029c5
	[263]		500029c6
	[264]		500029c7
	[265]		500029c8
	[266]		500029c9
	[267]		500029ca
	[268]		500029cb
	[269]		500029cc
	[270]		500029cd
	[271]		500029ce
	[272]		500029cf
	[273]		500029d0
	[274]		500029d1
	[275]		500029d2
	[276]		500029d3
	[277]		500029d4
	[278]		500029d5
	[279]		500029d6
	[280]		500029d7
	[281]		500029d8
	[282]		500029d9
	[283]		500029da
	[284]		500029db
	[285]		500029dc
	[286]		500029dd
	[287]		500029de
	[288]		500029df
	[289]		500029e0
	[290]		500029e1
	[291]		500029e2
	[292]		500029e3
	[293]		500029e4
	[294]		500029e5
	[295]		500029e6
	[296]		500029e7
	[297]		500029e8
	[298]		500029e9
	[299]		500029ea
	[300]		500029eb
	[301]		500029ec
	[302]		500029ed
	[303]		500029ee
	[304]		500029ef
	[305]		500029f0
	[306]		500029f1
	[307]		500029f2
	[308]		500029f3
	[309]		500029f4
	[310]		500029f5
	[311]		500029f6
	[312]		500029f7
	[313]		500029f8
	[314]		500029f9
	[315]		500029fa
	[316]		500029fb
	[317]		500029fc
	[318]		500029fd
	[319]		500029fe
	[320]		500029ff
	[321]		50002a00
	[322]		50002a01
	[324]		50002a02
	[325]		50002a03
	[326]		50002a04
	[327]		50002a05
	[328]		50002a06
	[329]		50002a07
	[330]		50002a08
	[331]		50002a09
	[332]		50002a0a
	[333]		50002a0b
	[334]		50002a0c
	[335]		50002a0d
	[336]		50002a0e
	[337]		50002a0f
	[338]		50002a10
	[339]		50002a11
	[340]		50002a12
	[341]		50002a13
	[342]		50002a14
	[343]		50002a15
	[344]		50002a16
	[345]		50002a17
	[346]		50002a18
	[347]		50002a19
	[348]		50002a1a
	[349]		50002a1b
	[350]		50002a1c
	[351]		50002a1d
	[352]		50002a1e
	[353]		50002a1f
	[354]		50002a20
	[355]		50002a21
	[356]		50002a22
	[357]		50002a23
	[358]		50002a24
	[359]		50002a25
	[360]		50002a26
	[361]		50002a27
	[362]		50002a28
	[363]		50002a29
	[364]		50002a2a
	[365]		50002a2b
	[366]		50002a2c
	[367]		50002a2d
	[368]		50002a2e
	[369]		50002a2f
	[370]		50002a30
	[371]		50002a31
	[372]		50002a32
	[373]		50002a33
	[374]		50002a34
	[375]		50002a35
	[376]		50002a36
	[377]		50002a37
	[378]		50002a38
	[379]		50002a39
	[380]		50002a3a
	[381]		50002a3b
	[382]		50002a3c
	[383]		50002a3d
	[384]		50002a3e
	[385]		50002a3f
	[386]		50002a40
	[387]		50002a41
	[388]		50002a42
	[389]		50002a43
	[390]		50002a44
	[391]		50002a45
	[392]		50002a46
	[393]		50002a47
	[394]		50002a48
	[395]		50002a49
	[396]		50002a4a
	[397]		50002a4b
	[398]		50002a4c
	[399]		50002a4d
	[400]		50002a4e
	[401]		50002a4f
	[402]		50002a50
	[403]		50002a51
	[404]		50002a52
	[405]		50002a53
	[406]		50002a54
	[407]		50002a55
	[408]		50002a56
	[409]		50002a57
	[410]		50002a58
	[411]		50002a59
	[412]		50002a5a
	[413]		50002a5b
	[414]		50002a5c
	[415]		50002a5d
	[416]		50002a5e
	[417]		50002a5f
	[418]		50002a60
	[419]		50002a61
	[420]		50002a62
	[421]		50002a63
	[422]		50002a64
	[424]		50002a65
	[425]		50002a66
	[426]		50002a67
	[427]		50002a68
	[428]		50002a69
	[429]		50002a6a
	[430]		50002a6b
	[431]		50002a6c
	[432]		50002a6d
	[433]		50002a6e
	[434]		50002a6f
	[435]		50002a70
	[436]		50002a71
	[437]		50002a72
	[438]		50002a73
	[439]		50002a74
	[440]		50002a75
	[441]		50002a76
	[442]		50002a77
	[443]		50002a78
	[444]		50002a79
	[445]		50002a7a
	[446]		50002a7b
	[447]		50002a7c
	[448]		50002a7d
	[449]		50002a7e
	[450]		50002a7f
	[451]		50002a80
	[452]		50002a81
	[453]		50002a82
	[454]		50002a83
	[455]		50002a84
	[456]		50002a85
	[457]		50002a86
	[458]		50002a87
	[459]		50002a88
	[460]		50002a89
	[461]		50002a8a
	[462]		50002a8b
	[463]		50002a8c
	[464]		50002a8d
	[465]		50002a8e
	[466]		50002a8f
	[467]		50002a90
	[468]		50002a91
	[469]		50002a92
	[470]		50002a93
	[471]		50002a94
	[472]		50002a95
	[473]		50002a96
	[474]		50002a97
	[475]		50002a98
	[476]		50002a99
	[477]		50002a9a
	[478]		50002a9b
	[479]		50002a9c
	[480]		50002a9d
	[481]		50002a9e
	[482]		50002a9f
	[483]		50002aa0
	[484]		50002aa1
	[485]		50002aa2
	[486]		50002aa3
	[487]		50002aa4
	[488]		50002aa5
	[489]		50002aa6
	[490]		50002aa7
	[491]		50002aa8
	[492]		50002aa9
	[493]		50002aaa
	[494]		50002aab
	[495]		50002aac
	[496]		50002aad
	[497]		50002aae
	[498]		50002aaf
	[499]		50002ab0
	[500]		50002ab1
	[501]		50002ab2
	[502]		50002ab3
	[503]		50002ab4
	[504]		50002ab5
	[505]		50002ab6
	[506]		50002ab7
	[507]		50002ab8
	[508]		50002ab9
	[509]		50002aba
	[510]		50002abb
	[511]		50002abc
	[512]		50002abd
	[513]		50002abe
	[514]		50002abf
	[515]		50002ac0
	[516]		50002ac1
	[517]		50002ac2
	[518]		50002ac3
	[519]		50002ac4
	[520]		50002ac5
	[521]		50002ac6
	[522]		50002ac7
	[523]		50002ac8
	[524]		50002ac9
	[525]		50002aca
	[526]		50002acb
	[527]		50002acc
	[528]		50002acd
	[529]		50002ace
	[530]		50002acf
	[531]		50002ad0
	[532]		50002ad1
	[533]		50002ad2
	[534]		50002ad3
	[535]		50002ad4
	[536]		50002ad5
	[537]		50002ad6
	[538]		50002ad7
	[539]		50002ad8
	[540]		50002ad9
	[541]		50002ada
	[542]		50002adb
	[543]		50002adc
	[544]		50002add
	[545]		50002ade
	[546]		50002adf
	[547]		50002ae0
	[548]		50002ae1
	[549]		50002ae2
	[550]		50002ae3
	[551]		50002ae4
	[552]		50002ae5
	[553]		50002ae6
	[554]		50002ae7
	[555]		50002ae8
	[556]		50002ae9
	[557]		50002aea
	[558]		50002aeb
	[559]		50002aec
	[560]		50002aed
	[561]		50002aee
	[562]		50002aef
	[563]		50002af0
	[564]		50002af1
	[565]		50002af2
	[566]		50002af3
	[567]		50002af4
	[568]		50002af5
	[569]		50002af6
	[570]		50002af7
	[571]		50002af8
	[572]		50002af9
	[573]		50002afa
	[574]		50002afb
	[575]		50002afc
	[576]		50002afd
	[577]		50002afe
	[578]		50002aff
	[579]		50002b00
	[580]		50002b01
	[581]		50002b02
	[582]		50002b03
	[583]		50002b04
	[584]		50002b05
	[585]		50002b06
	[586]		50002b07
	[587]		50002b08
	[588]		50002b09
	[589]		50002b0a
	[590]		50002b0b
	[591]		50002b0c
	[592]		50002b0d
	[593]		50002b0e
	[594]		50002b0f
	[595]		50002b10
	[596]		50002b11
	[597]		50002b12
	[598]		50002b13
	[599]		50002b14
	[600]		50002b15
	[601]		50002b16
	[602]		50002b17
	[603]		50002b18
	[604]		50002b19
	[605]		50002b1a
	[606]		50002b1b
	[607]		50002b1c
	[608]		50002b1d
	[609]		50002b1e
	[610]		50002b1f
	[611]		50002b20
	[612]		50002b21
	[613]		50002b22
	[614]		50002b23
	[615]		50002b24
	[616]		50002b25
	[617]		50002b26
	[618]		50002b27
	[619]		50002b28
	[620]		50002b29
	[621]		50002b2a
	[622]		50002b2b
	[623]		50002b2c
	[624]		50002b2d
	[625]		50002b2e
	[626]		50002b2f
	[627]		50002b30
	[628]		50002b31
	[629]		50002b32
	[630]		50002b33
	[631]		50002b34
	[632]		50002b35
	[633]		50002b36
	[634]		50002b37
	[635]		50002b38
	[636]		50002b39
	[637]		50002b3a
	[638]		50002b3b
	[639]		50002b3c
	[640]		50002b3d
	[641]		50002b3e
	[642]		50002b3f
	[643]		50002b40
	[644]		50002b41
	[645]		50002b42
	[646]		50002b43
	[647]		50002b44
	[648]		50002b45
	[649]		50002b46
	[650]		50002b47
	[651]		50002b48
	[652]		50002b49
	[653]		50002b4a
	[654]		50002b4b
	[655]		50002b4c
	[656]		50002b4d
	[657]		50002b4e
	[658]		50002b4f
	[659]		50002b50
	[660]		50002b51
	[661]		50002b52
	[662]		50002b53
	[663]		50002b54
	[664]		50002b55
	[665]		50002b56
	[666]		50002b57
	[667]		50002b58
	[668]		50002b59
	[669]		50002b5a
	[670]		50002b5b
	[671]		50002b5c
	[672]		50002b5d
	[673]		50002b5e
	[674]		50002b5f
	[675]		50002b60
	[676]		50002b61
	[677]		50002b62
	[678]		50002b63
	[679]		50002b64
	[680]		50002b65
	[681]		50002b66
	[682]		50002b67
	[683]		50002b68
	[684]		50002b69
	[685]		50002b6a
	[686]		50002b6b
	[687]		50002b6c
	[688]		50002b6d
	[689]		50002b6e
	[690]		50002b6f
	[691]		50002b70
	[692]		50002b71
	[693]		50002b72
	[694]		50002b73
	[695]		50002b74
	[696]		50002b75
	[698]		50002b76
	[699]		50002b77
	[701]		50002b78
	[702]		50002b79
	[703]		50002b7a
	[704]		50002b7b
	[705]		50002b7c
	[706]		50002b7d
	[707]		50002b7e
	[708]		50002b7f
	[709]		50002b80
	[710]		50002b81
	[711]		50002b82
	[712]		50002b83
	[713]		50002b84
	[714]		50002b85
	[715]		50002b86
	[716]		50002b87
	[717]		50002b88
	[718]		50002b89
	[719]		50002b8a
	[720]		50002b8b
	[721]		50002b8c
	[722]		50002b8d
	[723]		50002b8e
	[724]		50002b8f
	[725]		50002b90
	[726]		50002b91
	[727]		50002b92
	[728]		50002b93
	[729]		50002b94
	[730]		50002b95
	[731]		50002b96
	[732]		50002b97
	[733]		50002b98
	[734]		50002b99
	[735]		50002b9a
	[736]		50002b9b
	[737]		50002b9c
	[738]		50002b9d
	[739]		50002b9e
	[740]		50002b9f
	[741]		50002ba0
	[742]		50002ba1
	[743]		50002ba2
	[744]		50002ba3
	[745]		50002ba4
	[746]		50002ba5
	[747]		50002ba6
	[748]		50002ba7
	[749]		50002ba8
ARR 50001b24 (sz=32, trace=300000, nelems=0, elem type=java.lang.Object[]@5000011c)
ARR 50001b25 (sz=32, trace=300000, nelems=3, elem type=java.lang.Object[]@5000011c)
	[1]		50001cd6
	[2]		50001cd7
ARR 50001b26 (sz=56, trace=300000, nelems=0, elem type=java.lang.Object[]@5000011c)
ARR 50001b27 (sz=80, trace=300000, nelems=0, elem type=java.lang.Object[]@5000011c)
ARR 50001b28 (sz=24, trace=300000, nelems=0, elem type=java.lang.Object[]@5000011c)
ARR 50001b29 (sz=72, trace=300000, nelems=0, elem type=java.lang.Object[]@5000011c)
ARR 50001b2a (sz=536, trace=300000, nelems=129, elem type=java.lang.Object[]@5000011c)
	[0]		50002741
	[1]		5000273b
	[3]		50002742
	[4]		50002743
	[5]		50002744
	[6]		50002745
	[7]		50002746
	[8]		50002747
	[9]		50002748
	[10]		50002749
	[11]		5000274a
	[12]		5000274b
	[13]		5000274c
	[14]		5000274d
	[15]		5000274e
	[16]		5000274f
	[17]		50002750
	[18]		50002751
	[19]		50002752
	[20]		50002753
	[21]		50002754
	[22]		50002755
	[23]		50002756
	[24]		50002757
	[25]		50002758
	[26]		50002759
	[27]		5000275a
	[28]		5000275b
	[29]		5000275c
	[30]		5000275d
	[31]		5000275e
	[32]		5000275f
	[33]		50002760
	[34]		50002761
	[35]		50002762
	[36]		50002763
	[37]		50002764
	[38]		50002765
	[39]		50002766
	[40]		50002767
	[41]		50002768
	[42]		50002769
	[43]		5000276a
	[44]		5000276b
	[45]		5000276c
	[46]		5000276d
	[47]		5000276e
	[48]		5000276f
	[49]		50002770
	[50]		50002771
	[51]		50002772
	[52]		50002773
	[53]		50002774
	[54]		50002775
	[55]		50002776
	[56]		50002777
	[57]		50002778
	[58]		50002779
	[59]		5000277a
	[60]		5000277b
	[61]		5000277c
	[62]		5000277d
	[63]		5000277e
	[64]		5000277f
	[65]		50002780
	[66]		50002781
	[67]		50002782
	[68]		50002783
	[69]		50002784
	[70]		50002785
	[71]		50002786
	[72]		50002787
	[73]		50002788
	[74]		50002789
	[75]		5000278a
	[76]		5000278b
	[77]		5000278c
	[78]		5000278d
	[79]		5000278e
	[80]		5000278f
	[81]		50002790
	[82]		50002791
	[83]		50002792
	[84]		50002793
	[85]		50002794
	[86]		50002795
	[87]		50002796
	[88]		50002797
	[89]		50002798
	[90]		50002799
	[91]		5000279a
	[92]		5000279b
	[93]		5000279c
	[94]		5000279d
	[95]		5000279e
	[96]		5000279f
	[97]		500027a0
	[98]		500027a1
	[99]		500027a2
	[100]		500027a3
	[101]		500027a4
	[102]		500027a5
	[103]		500027a6
	[104]		500027a7
	[105]		500027a8
	[106]		500027a9
	[107]		500027aa
	[108]		500027ab
	[109]		500027ac
	[110]		500027ad
	[111]		500027ae
	[112]		500027af
	[113]		500027b0
	[114]		500027b1
	[115]		500027b2
	[116]		500027b3
	[117]		500027b4
	[118]		500027b5
	[119]		500027b6
	[120]		500027b7
	[121]		500027b8
	[122]		500027b9
	[123]		500027ba
	[124]		500027bb
	[125]		500027bc
	[126]		500027bd
	[127]		500027be
	[128]		500027bf
ARR 50001b2b (sz=32, trace=300000, nelems=0, elem type=java.lang.Object[]@5000011c)
ARR 50001b2c (sz=80, trace=300000, nelems=15, elem type=java.lang.Object[]@5000011c)
	[1]		500025e4
	[2]		5000270b
	[3]		5000270c
	[6]		5000270d
	[11]		5000270e
	[14]		5000272a
ARR 50001b2d (sz=32, trace=300000, nelems=3, elem type=java.lang.Object[]@5000011c)
	[0]		50002714
	[1]		50002715
	[2]		50002716
ARR 50001b2e (sz=24, trace=300000, nelems=0, elem type=java.lang.Object[]@5000011c)
ARR 50001b2f (sz=24, trace=300000, nelems=0, elem type=java.lang.Object[]@5000011c)
ARR 50001b30 (sz=24, trace=300000, nelems=0, elem type=java.lang.Object[]@5000011c)
ARR 50001b31 (sz=40, trace=300000, nelems=0, elem type=java.lang.Object[]@5000011c)
ARR 50001b32 (sz=104, trace=300000, nelems=17, elem type=java.lang.Object[]@5000011c)
	[7]		500032f6
	[8]		50003a45
	[10]		50003a3a
	[14]		50003a3b
	[15]		50003a46
	[16]		500032f2
ARR 50001b33 (sz=24, trace=300000, nelems=0, elem type=java.lang.Object[]@5000011c)
ARR 50001b34 (sz=24, trace=300000, nelems=0, elem type=java.lang.Object[]@5000011c)
ARR 50001b35 (sz=24, trace=300000, nelems=0, elem type=java.lang.Object[]@5000011c)
ARR 50001b36 (sz=40, trace=300000, nelems=5, elem type=java.lang.Object[]@5000011c)
	[3]		50001c15
	[4]		500022cb
ARR 50001b37 (sz=40, trace=300000, nelems=0, elem type=java.lang.Object[]@5000011c)
ARR 50001b38 (sz=56, trace=300000, nelems=0, elem type=java.lang.Object[]@5000011c)
ARR 50001b39 (sz=40, trace=300000, nelems=3, elem type=java.lang.Object[]@5000011c)
	[0]		50003a01
	[2]		50001c24
ARR 50001b3a (sz=24, trace=300000, nelems=0, elem type=java.lang.Object[]@5000011c)
ARR 50001b3b (sz=536, trace=300000, nelems=130, elem type=java.lang.Object[]@5000011c)
	[0]		5000322c
	[3]		500029b1
	[4]		5000322d
	[5]		50002743
	[6]		50002744
	[7]		50002745
	[8]		50002746
	[9]		50002747
	[10]		50002748
	[11]		50002749
	[12]		5000274a
	[13]		5000274b
	[14]		5000274c
	[15]		5000274d
	[16]		5000274e
	[17]		5000274f
	[18]		50002750
	[19]		50002751
	[20]		50002752
	[21]		50002753
	[22]		50002754
	[23]		50002755
	[24]		50002756
	[25]		50002757
	[26]		50002758
	[27]		50002759
	[28]		5000275a
	[29]		5000275b
	[30]		5000275c
	[31]		5000275d
	[32]		5000275e
	[33]		5000275f
	[34]		50002760
	[35]		50002761
	[36]		50002762
	[37]		50002763
	[38]		50002764
	[39]		50002765
	[40]		50002766
	[41]		50002767
	[42]		50002768
	[43]		50002769
	[44]		5000276a
	[45]		5000276b
	[46]		5000276c
	[47]		5000276d
	[48]		5000276e
	[49]		5000276f
	[50]		50002770
	[51]		50002771
	[52]		50002772
	[53]		50002773
	[54]		50002774
	[55]		50002775
	[56]		50002776
	[57]		50002777
	[58]		50002778
	[59]		50002779
	[60]		5000277a
	[61]		5000277b
	[62]		5000277c
	[63]		5000277d
	[64]		5000277e
	[65]		5000277f
	[66]		50002780
	[67]		50002781
	[68]		50002782
	[69]		50002783
	[70]		50002784
	[71]		50002785
	[72]		50002786
	[73]		50002787
	[74]		50002788
	[75]		50002789
	[76]		5000278a
	[77]		5000278b
	[78]		5000278c
	[79]		5000278d
	[80]		5000278e
	[81]		5000278f
	[82]		50002790
	[83]		50002791
	[84]		50002792
	[85]		50002793
	[86]		50002794
	[87]		50002795
	[88]		50002796
	[89]		50002797
	[90]		50002798
	[91]		50002799
	[92]		5000279a
	[93]		5000279b
	[94]		5000279c
	[95]		5000279d
	[96]		5000279e
	[97]		5000279f
	[98]		500027a0
	[99]		500027a1
	[100]		500027a2
	[101]		500027a3
	[102]		500027a4
	[103]		500027a5
	[104]		500027a6
	[105]		500027a7
	[106]		500027a8
	[107]		500027a9
	[108]		500027aa
	[109]		500027ab
	[110]		500027ac
	[111]		500027ad
	[112]		500027ae
	[113]		500027af
	[114]		500027b0
	[115]		500027b1
	[116]		500027b2
	[117]		500027b3
	[118]		500027b4
	[119]		500027b5
	[120]		500027b6
	[121]		500027b7
	[122]		500027b8
	[123]		5000322e
	[124]		500027ba
	[125]		500027bb
	[126]		500027bc
	[127]		500027bd
	[128]		500027be
	[129]		500027bf
ARR 50001b3c (sz=24, trace=300000, nelems=0, elem type=java.lang.Object[]@5000011c)
ARR 50001b3d (sz=32, trace=300000, nelems=0, elem type=java.lang.Object[]@5000011c)
ARR 50001b3e (sz=24, trace=300000, nelems=0, elem type=java.lang.Object[]@5000011c)
ARR 50001b3f (sz=80, trace=300000, nelems=13, elem type=java.lang.Object[]@5000011c)
	[1]		500025e4
	[2]		5000270b
	[3]		5000270c
	[6]		5000270d
	[12]		5000270e
ARR 50001b40 (sz=32, trace=300000, nelems=0, elem type=java.lang.Object[]@5000011c)
ARR 50001b41 (sz=32, trace=300000, nelems=0, elem type=java.lang.Object[]@5000011c)
ARR 50001b42 (sz=48, trace=300000, nelems=6, elem type=java.lang.Object[]@5000011c)
	[2]		500022ed
	[3]		500022ee
	[4]		500022ef
	[5]		500022f0
ARR 50001b43 (sz=24, trace=300000, nelems=2, elem type=java.lang.Object[]@5000011c)
	[0]		500022e7
	[1]		500022e8
ARR 50001b44 (sz=24, trace=300000, nelems=1, elem type=java.lang.Object[]@5000011c)
	[0]		50001e4b
ARR 50001b45 (sz=48, trace=300000, nelems=0, elem type=java.lang.Object[]@5000011c)
ARR 50001b46 (sz=40, trace=300000, nelems=4, elem type=java.lang.Object[]@5000011c)
	[0]		5000271d
	[1]		5000271e
	[2]		5000271f
	[3]		50002720
ARR 50001b47 (sz=24, trace=300000, nelems=0, elem type=java.lang.Object[]@5000011c)
ARR 50001b48 (sz=32, trace=300000, nelems=3, elem type=java.lang.Object[]@5000011c)
	[2]		50001c32
ARR 50001b49 (sz=96, trace=300000, nelems=19, elem type=java.lang.Object[]@5000011c)
	[0]		50001c1a
	[17]		50001c43
	[18]		50001c44
ARR 50001b4a (sz=32, trace=300000, nelems=2, elem type=java.lang.Object[]@5000011c)
	[0]		500039df
	[1]		500039e0
ARR 50001b4b (sz=48, trace=300000, nelems=8, elem type=java.lang.Object[]@5000011c)
	[5]		500039db
	[6]		500039dc
	[7]		500039dd
ARR 50001b4c (sz=32, trace=300000, nelems=0, elem type=java.lang.Object[]@5000011c)
ARR 50001b4d (sz=24, trace=300000, nelems=2, elem type=java.lang.Object[]@5000011c)
	[0]		500039e8
	[1]		500039e9
ARR 50001b4e (sz=32, trace=300000, nelems=3, elem type=java.lang.Object[]@5000011c)
	[0]		50001e0d
	[2]		50001c26
ARR 50001b4f (sz=24, trace=300000, nelems=2, elem type=java.lang.Object[]@5000011c)
	[0]		50003a57
	[1]		50003a58
ARR 50001b50 (sz=40, trace=300000, nelems=0, elem type=java.lang.Object[]@5000011c)
ARR 50001b51 (sz=80, trace=300000, nelems=14, elem type=java.lang.Object[]@5000011c)
	[13]		50001e55
ARR 50001b52 (sz=24, trace=300000, nelems=1, elem type=java.lang.Object[]@5000011c)
	[0]		50001cf0
ARR 50001b53 (sz=24, trace=300000, nelems=1, elem type=java.lang.Object[]@5000011c)
	[0]		50001e14
ARR 50001b54 (sz=48, trace=300000, nelems=8, elem type=java.lang.Object[]@5000011c)
	[3]		50003ac5
	[6]		50003ac6
	[7]		50003ac7
ARR 50001b55 (sz=48, trace=300000, nelems=8, elem type=java.lang.Object[]@5000011c)
	[1]		50001ccb
	[6]		5000393b
	[7]		5000393c
ARR 50001b56 (sz=40, trace=300000, nelems=4, elem type=java.lang.Object[]@5000011c)
	[0]		50001ccb
	[1]		500032fb
	[3]		50003304
ARR 50001b57 (sz=32, trace=300000, nelems=4, elem type=java.lang.Object[]@5000011c)
	[3]		50003440
ARR 50001b58 (sz=64, trace=300000, nelems=12, elem type=java.lang.Object[]@5000011c)
	[2]		50002176
	[11]		50001c26
ARR 50001b59 (sz=32, trace=300000, nelems=2, elem type=java.lang.Object[]@5000011c)
	[0]		5000393a
	[1]		5000336e
ARR 50001b5a (sz=264, trace=300000, nelems=50, elem type=java.lang.Object[]@5000011c)
	[22]		500022c4
	[48]		500022c5
	[49]		500022c6
ARR 50001b5b (sz=24, trace=300000, nelems=0, elem type=java.lang.Object[]@5000011c)
ARR 50001b5c (sz=24, trace=300000, nelems=0, elem type=java.lang.Object[]@5000011c)
ARR 50001b5d (sz=24, trace=300000, nelems=0, elem type=java.lang.Object[]@5000011c)
ARR 50001b5e (sz=24, trace=300000, nelems=1, elem type=java.lang.Object[]@5000011c)
	[0]		50003362
ARR 50001b5f (sz=24, trace=300000, nelems=2, elem type=java.lang.Object[]@5000011c)
	[1]		50001f5c
ARR 50001b60 (sz=32, trace=300000, nelems=3, elem type=java.lang.Object[]@5000011c)
	[0]		5000336c
	[1]		5000336d
	[2]		5000336e
ARR 50001b61 (sz=32, trace=300000, nelems=0, elem type=java.lang.Object[]@5000011c)
ARR 50001b62 (sz=40, trace=300000, nelems=4, elem type=java.lang.Object[]@5000011c)
	[3]		50001c15
ARR 50001b63 (sz=32, trace=300000, nelems=0, elem type=java.lang.Object[]@5000011c)
ARR 50001b64 (sz=32, trace=300000, nelems=0, elem type=java.lang.Object[]@5000011c)
ARR 50001b65 (sz=256, trace=300000, nelems=60, elem type=java.lang.Object[]@5000011c)
	[0]		50001c1a
	[3]		5000218c
	[5]		5000211c
	[10]		5000218d
	[12]		5000218e
	[14]		5000218f
	[17]		50002190
	[23]		50002191
	[26]		50002192
	[28]		50002193
	[29]		50002194
	[30]		50002195
	[31]		50002196
	[32]		5000213f
	[33]		50002197
	[37]		50002198
	[39]		50002199
	[42]		5000219a
	[43]		5000219b
	[44]		5000219c
	[45]		5000219d
	[46]		5000219e
	[47]		5000219f
	[48]		500021a0
	[49]		500021a1
	[50]		500021a2
	[51]		500021a3
	[55]		5000211e
	[56]		500021a4
	[57]		500021a5
	[58]		500021a6
	[59]		500021a7
ARR 50001b66 (sz=88, trace=300000, nelems=0, elem type=java.lang.Object[]@5000011c)
ARR 50001b67 (sz=56, trace=300000, nelems=10, elem type=java.lang.Object[]@5000011c)
	[1]		50001e44
	[2]		50001e45
	[3]		50001e46
	[4]		50001e47
	[5]		50001e48
	[7]		50001e49
	[8]		50001e4a
	[9]		50001e4b
ARR 50001b68 (sz=24, trace=300000, nelems=0, elem type=java.lang.Object[]@5000011c)
ARR 50001b69 (sz=72, trace=300000, nelems=12, elem type=java.lang.Object[]@5000011c)
	[0]		50001c1a
	[2]		50002123
	[3]		50002124
	[11]		50002125
ARR 50001b6a (sz=24, trace=300000, nelems=1, elem type=java.lang.Object[]@5000011c)
	[0]		50001c1a
ARR 50001b6b (sz=24, trace=300000, nelems=0, elem type=java.lang.Object[]@5000011c)
ARR 50001b6c (sz=24, trace=300000, nelems=2, elem type=java.lang.Object[]@5000011c)
	[0]		50001c1d
	[1]		50001c1e
ARR 50001b6d (sz=32, trace=300000, nelems=3, elem type=java.lang.Object[]@5000011c)
	[0]		50003346
	[1]		50003347
	[2]		50001e4b
ARR 50001b6e (sz=40, trace=300000, nelems=5, elem type=java.lang.Object[]@5000011c)
	[4]		50001f62
ARR 50001b6f (sz=88, trace=300000, nelems=15, elem type=java.lang.Object[]@5000011c)
	[14]		50001e54
ARR 50001b70 (sz=40, trace=300000, nelems=5, elem type=java.lang.Object[]@5000011c)
	[4]		50001f60
ARR 50001b71 (sz=112, trace=300000, nelems=24, elem type=java.lang.Object[]@5000011c)
	[0]		50001c1a
	[1]		5000331e
	[2]		5000218c
	[3]		5000331f
	[4]		50003320
	[5]		50002176
	[6]		50003321
	[7]		50003322
	[8]		50003323
	[9]		50003324
	[14]		50003325
	[15]		50003326
	[16]		50003327
	[17]		50003328
	[20]		50002304
	[23]		500032fd
ARR 50001b72 (sz=80, trace=300000, nelems=4, elem type=java.lang.Object[]@5000011c)
	[3]		5000332c
ARR 50001b73 (sz=120, trace=300000, nelems=25, elem type=java.lang.Object[]@5000011c)
	[0]		50001c1a
	[1]		50001ccb
	[2]		500032fb
	[3]		50002176
	[10]		500032fc
	[12]		500032fd
	[13]		500032fe
	[14]		500032ff
	[15]		50003300
	[17]		50003301
	[18]		50003302
	[20]		50003303
	[21]		50003304
	[23]		50003305
	[24]		50003306
ARR 50001b74 (sz=80, trace=300000, nelems=10, elem type=java.lang.Object[]@5000011c)
	[0]		50001c1a
	[2]		50003344
	[4]		50003321
	[5]		50003322
	[6]		50003323
	[7]		50003324
	[9]		50003345
ARR 50001b75 (sz=48, trace=300000, nelems=6, elem type=java.lang.Object[]@5000011c)
	[0]		50001c1a
	[5]		50003310
ARR 50001b76 (sz=72, trace=300000, nelems=0, elem type=java.lang.Object[]@5000011c)
ARR 50001b77 (sz=32, trace=300000, nelems=0, elem type=java.lang.Object[]@5000011c)
ARR 50001b78 (sz=104, trace=300000, nelems=20, elem type=java.lang.Object[]@5000011c)
	[12]		5000215f
	[13]		500032f2
	[15]		50001cf1
	[16]		500032f3
	[17]		500032f4
	[18]		500032f5
	[19]		50001c26
ARR 50001b79 (sz=64, trace=300000, nelems=9, elem type=java.lang.Object[]@5000011c)
	[0]		50001c1a
	[4]		50002176
	[7]		5000215f
	[8]		50003935
ARR 50001b7a (sz=24, trace=300000, nelems=2, elem type=java.lang.Object[]@5000011c)
	[1]		5000393f
ARR 50001b7b (sz=24, trace=300000, nelems=1, elem type=java.lang.Object[]@5000011c)
	[0]		500039a7
ARR 50001b7c (sz=40, trace=300000, nelems=0, elem type=java.lang.Object[]@5000011c)
ARR 50001b7d (sz=80, trace=300000, nelems=11, elem type=java.lang.Object[]@5000011c)
	[10]		50003aad
ARR 50001b7e (sz=120, trace=300000, nelems=0, elem type=java.lang.Object[]@5000011c)
ARR 50001b7f (sz=24, trace=300000, nelems=1, elem type=java.lang.Object[]@5000011c)
	[0]		50003ac0
ARR 50001b80 (sz=64, trace=300000, nelems=0, elem type=java.lang.Object[]@5000011c)
ARR 50001b81 (sz=24, trace=300000, nelems=0, elem type=java.lang.Object[]@5000011c)
ARR 50001b82 (sz=24, trace=300000, nelems=0, elem type=java.lang.Object[]@5000011c)
ARR 50001b83 (sz=40, trace=300000, nelems=0, elem type=java.lang.Object[]@5000011c)
ARR 50001b84 (sz=56, trace=300000, nelems=10, elem type=java.lang.Object[]@5000011c)
	[0]		50003aae
	[1]		50003aaf
	[2]		50003ab0
	[3]		50003ab1
	[4]		50003ab2
	[5]		50003ab3
	[6]		50003ab4
	[7]		50003ab5
	[8]		50003ab6
	[9]		50001c26
ARR 50001b85 (sz=144, trace=300000, nelems=0, elem type=java.lang.Object[]@5000011c)
ARR 50001b86 (sz=128, trace=300000, nelems=0, elem type=java.lang.Object[]@5000011c)
ARR 50001b87 (sz=24, trace=300000, nelems=2, elem type=java.lang.Object[]@5000011c)
	[0]		50003acb
	[1]		50003acc
ARR 50001b88 (sz=216, trace=300000, nelems=47, elem type=java.lang.Object[]@5000011c)
	[6]		50003acd
	[7]		50003ace
	[8]		50003acf
	[11]		50003ad0
	[12]		50003ad1
	[13]		50003ad2
	[14]		50003ad3
	[15]		50002304
	[16]		50003ad4
	[23]		50003ad5
	[25]		50003ad6
	[36]		5000214f
	[37]		500022c1
	[39]		50003ad7
	[40]		50003ad8
	[41]		50002b76
	[42]		50003ad9
	[44]		50003ada
	[46]		50003adb
ARR 50001b89 (sz=24, trace=300000, nelems=1, elem type=java.lang.Object[]@5000011c)
	[0]		50001e4b
ARR 50001b8a (sz=32, trace=300000, nelems=4, elem type=java.lang.Object[]@5000011c)
	[1]		50003afd
	[2]		50003ae9
	[3]		50001c26
ARR 50001b8b (sz=32, trace=300000, nelems=0, elem type=java.lang.Object[]@5000011c)
ARR 50001b8c (sz=24, trace=300000, nelems=0, elem type=java.lang.Object[]@5000011c)
ARR 50001b8d (sz=192, trace=300000, nelems=0, elem type=java.lang.Object[]@5000011c)
ARR 50001b8e (sz=24, trace=300000, nelems=2, elem type=java.lang.Object[]@5000011c)
	[0]		50002304
	[1]		50002363
ARR 50001b8f (sz=296, trace=300000, nelems=66, elem type=java.lang.Object[]@5000011c)
	[18]		50003b0d
	[25]		50003b0e
	[45]		500038e2
	[50]		500038ca
	[51]		500038f2
	[52]		500038ce
	[54]		500038d6
	[65]		50001cf2
ARR 50001b90 (sz=24, trace=300000, nelems=1, elem type=java.lang.Object[]@5000011c)
	[0]		50001e40
ARR 50001b91 (sz=56, trace=300000, nelems=0, elem type=java.lang.Object[]@5000011c)
ARR 50001b92 (sz=24, trace=300000, nelems=0, elem type=java.lang.Object[]@5000011c)
ARR 50001b93 (sz=64, trace=300000, nelems=7, elem type=java.lang.Object[]@5000011c)
	[6]		50003901
ARR 50001b94 (sz=40, trace=300000, nelems=5, elem type=java.lang.Object[]@5000011c)
	[4]		50003902
ARR 50001b95 (sz=48, trace=300000, nelems=3, elem type=java.lang.Object[]@5000011c)
	[2]		500032fa
ARR 50001b96 (sz=24, trace=300000, nelems=2, elem type=java.lang.Object[]@5000011c)
	[0]		50002176
	[1]		500032fd
ARR 50001b97 (sz=24, trace=300000, nelems=0, elem type=java.lang.Object[]@5000011c)
ARR 50001b98 (sz=48, trace=300000, nelems=8, elem type=java.lang.Object[]@5000011c)
	[0]		50001c1a
	[1]		50003368
	[6]		500032fd
	[7]		5000215f
ARR 50001b99 (sz=56, trace=300000, nelems=8, elem type=java.lang.Object[]@5000011c)
	[7]		50001cf6
ARR 50001b9a (sz=24, trace=300000, nelems=0, elem type=java.lang.Object[]@5000011c)
ARR 50001b9b (sz=32, trace=300000, nelems=1, elem type=java.lang.Object[]@5000011c)
	[0]		50001c1a
ARR 50001b9c (sz=32, trace=300000, nelems=0, elem type=java.lang.Object[]@5000011c)
ARR 50001b9d (sz=24, trace=300000, nelems=0, elem type=java.lang.Object[]@5000011c)
ARR 50001b9e (sz=48, trace=300000, nelems=6, elem type=java.lang.Object[]@5000011c)
	[0]		50001c1a
	[2]		500032fa
	[3]		5000211b
	[4]		50003905
	[5]		500022c2
ARR 50001b9f (sz=72, trace=300000, nelems=14, elem type=java.lang.Object[]@5000011c)
	[0]		50001c1a
	[1]		5000211c
	[3]		5000211d
	[10]		50002247
	[11]		50002248
	[12]		50002249
	[13]		5000211e
ARR 50001ba0 (sz=48, trace=300000, nelems=0, elem type=java.lang.Object[]@5000011c)
ARR 50001ba1 (sz=24, trace=300000, nelems=0, elem type=java.lang.Object[]@5000011c)
ARR 50001ba2 (sz=64, trace=300000, nelems=0, elem type=java.lang.Object[]@5000011c)
ARR 50001ba3 (sz=48, trace=300000, nelems=0, elem type=java.lang.Object[]@5000011c)
ARR 50001ba4 (sz=24, trace=300000, nelems=0, elem type=java.lang.Object[]@5000011c)
ARR 50001ba5 (sz=168, trace=300000, nelems=0, elem type=java.lang.Object[]@5000011c)
ARR 50001ba6 (sz=24, trace=300000, nelems=1, elem type=java.lang.Object[]@5000011c)
	[0]		5000336d
ARR 50001ba7 (sz=32, trace=300000, nelems=3, elem type=java.lang.Object[]@5000011c)
	[0]		50001ccb
	[1]		50003439
	[2]		500032fd
ARR 50001ba8 (sz=104, trace=300000, nelems=21, elem type=java.lang.Object[]@5000011c)
	[4]		5000214b
	[5]		5000214c
	[6]		5000214d
	[8]		5000214e
	[11]		5000214f
	[12]		50002150
	[13]		50002151
	[14]		50002152
	[16]		50002153
	[17]		50002154
	[18]		50002155
	[19]		50002156
	[20]		50002157
ARR 50001ba9 (sz=48, trace=300000, nelems=7, elem type=java.lang.Object[]@5000011c)
	[0]		500022ff
	[2]		50002300
	[3]		50002301
	[4]		50002302
	[5]		50002303
	[6]		50002304
ARR 50001baa (sz=24, trace=300000, nelems=2, elem type=java.lang.Object[]@5000011c)
	[1]		50002300
ARR 50001bab (sz=24, trace=300000, nelems=1, elem type=java.lang.Object[]@5000011c)
	[0]		500022ff
ARR 50001bac (sz=24, trace=300000, nelems=1, elem type=java.lang.Object[]@5000011c)
	[0]		50002302
ARR 50001bad (sz=24, trace=300000, nelems=1, elem type=java.lang.Object[]@5000011c)
	[0]		50002303
ARR 50001bae (sz=24, trace=300000, nelems=1, elem type=java.lang.Object[]@5000011c)
	[0]		50002301
ARR 50001baf (sz=24, trace=300000, nelems=0, elem type=java.lang.Object[]@5000011c)
ARR 50001bb0 (sz=24, trace=300000, nelems=0, elem type=java.lang.Object[]@5000011c)
ARR 50001bb1 (sz=24, trace=300000, nelems=0, elem type=java.lang.Object[]@5000011c)
ARR 50001bb2 (sz=40, trace=300000, nelems=0, elem type=java.lang.Object[]@5000011c)
ARR 50001bb3 (sz=40, trace=300000, nelems=6, elem type=java.lang.Object[]@5000011c)
	[0]		500022e0
	[1]		500022e1
	[2]		500022e2
	[3]		500022e3
	[4]		500022e4
	[5]		500022e5
ARR 50001bb4 (sz=32, trace=300000, nelems=0, elem type=java.lang.Object[]@5000011c)
ARR 50001bb5 (sz=56, trace=300000, nelems=10, elem type=java.lang.Object[]@5000011c)
	[5]		50003369
	[8]		5000336a
	[9]		50001c26
ARR 50001bb6 (sz=160, trace=300000, nelems=0, elem type=java.lang.Object[]@5000011c)
ARR 50001bb7 (sz=64, trace=300000, nelems=3, elem type=java.lang.Object[]@5000011c)
	[0]		50002176
	[2]		500022fd
ARR 50001bb8 (sz=24, trace=300000, nelems=0, elem type=java.lang.Object[]@5000011c)
ARR 50001bb9 (sz=40, trace=300000, nelems=0, elem type=java.lang.Object[]@5000011c)
ARR 50001bba (sz=24, trace=300000, nelems=0, elem type=java.lang.Object[]@5000011c)
ARR 50001bbb (sz=24, trace=300000, nelems=0, elem type=java.lang.Object[]@5000011c)
ARR 50001bbc (sz=168, trace=300000, nelems=38, elem type=java.lang.Object[]@5000011c)
	[0]		500038dd
	[1]		500038d9
	[2]		500038e1
	[3]		500038e5
	[4]		500038f1
	[5]		500038c9
	[6]		500038ed
	[7]		500038d5
	[8]		500038de
	[9]		500038e6
	[10]		500038fa
	[11]		500038b6
	[12]		500038be
	[13]		500038c2
	[14]		500038c6
	[15]		500038e2
	[16]		500038da
	[17]		500038ea
	[18]		500038f6
	[19]		500038fe
	[20]		500038ba
	[21]		500038d2
	[22]		500038ca
	[23]		500038f2
	[24]		500038ce
	[25]		500038ee
	[26]		500038d6
	[27]		500038b9
	[28]		500038e9
	[29]		500038fd
	[30]		500038cd
	[31]		500038d1
	[32]		500038b5
	[33]		500038bd
	[34]		500038c1
	[35]		500038f5
	[36]		500038f9
	[37]		500038c5
ARR 50001bbd (sz=24, trace=300000, nelems=0, elem type=java.lang.Object[]@5000011c)
ARR 50001bbe (sz=152, trace=300000, nelems=30, elem type=java.lang.Object[]@5000011c)
	[0]		50001c1a
	[16]		50003b1a
	[17]		50003b1b
	[18]		50003b1c
	[20]		50003b1d
	[21]		50003b1e
	[22]		50001e54
	[23]		50003b1f
	[26]		50003b20
	[27]		50003b21
	[28]		50001f60
	[29]		50003b22
ARR 50001bbf (sz=56, trace=300000, nelems=10, elem type=java.lang.Object[]@5000011c)
	[0]		5000229e
	[1]		5000229f
	[2]		500022a0
	[3]		500022a1
	[4]		500022a2
	[5]		500022a3
	[6]		500022a4
	[7]		500022a5
	[8]		500022a6
	[9]		500022a7
ARR 50001bc0 (sz=32, trace=300000, nelems=0, elem type=java.lang.Object[]@5000011c)
ARR 50001bc1 (sz=48, trace=300000, nelems=5, elem type=java.lang.Object[]@5000011c)
	[2]		50003b7f
	[3]		5000219b
	[4]		50003b80
ARR 50001bc2 (sz=24, trace=300000, nelems=1, elem type=java.lang.Object[]@5000011c)
	[0]		50003bbe
ARR 50001bc3 (sz=32, trace=300000, nelems=0, elem type=java.lang.Object[]@5000011c)
ARR 50001bc4 (sz=48, trace=300000, nelems=6, elem type=java.lang.Object[]@5000011c)
	[2]		50003b2c
	[3]		50003b2d
	[4]		50003b2e
	[5]		50003b2f
ARR 50001bc5 (sz=136, trace=300000, nelems=29, elem type=java.lang.Object[]@5000011c)
	[8]		50003b4a
	[9]		50003b44
	[12]		50003b4b
	[13]		50003b42
	[17]		50003b4c
	[20]		50003b4d
	[22]		5000214f
	[23]		500022c1
	[24]		50002152
	[28]		50003306
ARR 50001bc6 (sz=56, trace=300000, nelems=9, elem type=java.lang.Object[]@5000011c)
	[0]		50003b32
	[1]		50003b33
	[2]		50003b34
	[3]		50003b35
	[4]		50003b30
	[5]		50003b36
	[6]		50003b37
	[7]		50003b38
	[8]		50003b39
ARR 50001bc7 (sz=88, trace=300000, nelems=17, elem type=java.lang.Object[]@5000011c)
	[0]		50003b96
	[1]		50003b97
	[2]		50003b98
	[3]		50003b99
	[4]		50003b9a
	[5]		50003b9b
	[6]		50003b9c
	[7]		50003b9d
	[8]		50003b9e
	[9]		50003b9f
	[10]		50003ba0
	[11]		50003ba1
	[12]		50003ba2
	[13]		50003b44
	[14]		50003b42
	[15]		50003ba3
	[16]		50003ba4
ARR 50001bc8 (sz=304, trace=300000, nelems=72, elem type=java.lang.Object[]@5000011c)
	[0]		50001c1a
	[10]		50002229
	[11]		5000222a
	[12]		5000222b
	[13]		5000222c
	[14]		5000222d
	[15]		5000222e
	[16]		5000222f
	[17]		50002230
	[18]		50002231
	[20]		50002232
	[21]		50002233
	[22]		50002234
	[23]		50002235
	[24]		50002236
	[25]		50002237
	[26]		50002238
	[27]		50002239
	[28]		5000223a
	[29]		5000223b
	[30]		5000223c
	[31]		5000223d
	[32]		5000223e
	[33]		5000223f
	[35]		50002240
	[36]		50002241
	[37]		50002242
	[38]		50002243
	[39]		50002244
	[42]		50002245
	[43]		50002246
	[44]		50002247
	[45]		50002248
	[46]		50002249
	[47]		5000224a
	[48]		5000224b
	[49]		5000224c
	[50]		5000224d
	[51]		5000224e
	[52]		5000224f
	[53]		50002250
	[54]		50002251
	[55]		50002252
	[56]		50002253
	[57]		50002254
	[58]		50002255
	[59]		50002256
	[60]		50002257
	[62]		50002258
	[63]		50002259
	[65]		5000225a
	[67]		5000225b
	[68]		5000225c
	[69]		5000225d
	[70]		5000225e
	[71]		5000225f
ARR 50001bc9 (sz=128, trace=300000, nelems=25, elem type=java.lang.Object[]@5000011c)
	[2]		50003b4e
	[6]		50003b4f
	[8]		50003b50
	[12]		500035f0
	[14]		50003b51
	[16]		500034f0
	[17]		50003534
	[24]		50003b52
ARR 50001bca (sz=48, trace=300000, nelems=5, elem type=java.lang.Object[]@5000011c)
	[3]		50003b46
	[4]		50003b47
ARR 50001bcb (sz=32, trace=300000, nelems=3, elem type=java.lang.Object[]@5000011c)
	[0]		50003b48
	[2]		50002195
ARR 50001bcc (sz=872, trace=300000, nelems=214, elem type=java.lang.Object[]@5000011c)
	[0]		50001c1a
	[1]		500034d1
	[2]		50003538
	[3]		50003536
	[4]		500034cf
	[5]		500022be
	[6]		5000218c
	[7]		50001ccb
	[8]		500034f2
	[9]		500035a8
	[10]		500035b1
	[11]		500035b2
	[12]		500035b3
	[13]		500035a9
	[14]		500035aa
	[15]		500035ab
	[16]		500035ac
	[17]		500035ad
	[18]		500035ae
	[19]		500035af
	[20]		500035b0
	[21]		500034ce
	[22]		500035fd
	[23]		500034c9
	[24]		50003636
	[25]		50003634
	[26]		500034fd
	[27]		50003655
	[28]		50003501
	[29]		50003658
	[30]		500035fc
	[31]		5000355e
	[32]		500034c8
	[33]		5000351a
	[34]		5000363b
	[35]		500035d2
	[36]		50003548
	[37]		5000356a
	[38]		5000353c
	[39]		50003505
	[40]		5000365c
	[41]		500035f0
	[42]		500034d2
	[43]		50003562
	[44]		5000351c
	[45]		500035e6
	[46]		50003542
	[47]		500034fb
	[48]		50003653
	[49]		5000354f
	[50]		50003571
	[51]		500035c4
	[52]		500035c3
	[53]		500035c2
	[54]		500035c5
	[55]		5000363a
	[56]		50003618
	[57]		500034ec
	[58]		500034eb
	[59]		500034ea
	[60]		500034e3
	[61]		5000364c
	[62]		500034fa
	[63]		50003652
	[64]		50003500
	[65]		50003657
	[66]		500034ff
	[67]		50003656
	[68]		5000353f
	[69]		5000351f
	[70]		5000351e
	[71]		5000351d
	[72]		500034fc
	[73]		50003654
	[74]		500034fe
	[75]		500034e0
	[76]		5000354b
	[77]		5000356d
	[78]		500034f8
	[79]		50003650
	[80]		500035a6
	[81]		500034d5
	[82]		50003504
	[83]		5000365b
	[84]		500034f0
	[85]		50003534
	[86]		50003503
	[87]		5000365a
	[88]		50003637
	[89]		5000353e
	[90]		50003550
	[91]		50003572
	[92]		50003502
	[93]		50003659
	[94]		500034e2
	[95]		5000354a
	[96]		5000356c
	[97]		50003540
	[98]		500034e1
	[99]		5000354e
	[100]		50003570
	[101]		5000362a
	[102]		5000354c
	[103]		5000356e
	[104]		50003541
	[105]		5000354d
	[106]		5000356f
	[107]		500035cc
	[108]		5000358a
	[109]		50003646
	[110]		50003516
	[111]		500035dc
	[112]		50003560
	[113]		50003558
	[114]		5000355c
	[115]		500034e8
	[116]		5000363e
	[117]		50003614
	[118]		5000364d
	[119]		5000359e
	[120]		50003564
	[121]		50003563
	[122]		50003565
	[123]		50003582
	[124]		5000361e
	[125]		50003530
	[126]		500035a2
	[127]		5000360c
	[128]		5000360b
	[129]		5000360a
	[130]		500035c0
	[131]		50003512
	[132]		500034de
	[133]		500035e0
	[134]		50003608
	[135]		50003616
	[136]		50003640
	[137]		5000362c
	[138]		500035e2
	[139]		5000361a
	[140]		50003524
	[141]		50003622
	[142]		5000357a
	[143]		50003600
	[144]		500035d0
	[145]		50003626
	[146]		5000352c
	[147]		50003630
	[148]		500035d8
	[149]		500035e8
	[150]		50003610
	[151]		50003642
	[152]		500035ca
	[153]		500035fa
	[154]		50003586
	[155]		500034cc
	[156]		50003528
	[157]		500035cd
	[158]		500035d4
	[159]		500034c6
	[160]		500035f6
	[161]		50003604
	[162]		500035f2
	[163]		5000359a
	[164]		500035ec
	[165]		5000357e
	[166]		500034f4
	[167]		50003514
	[168]		5000355a
	[169]		50003537
	[170]		50003649
	[171]		50003592
	[172]		5000358e
	[173]		50003591
	[174]		50003590
	[175]		5000358f
	[176]		5000358c
	[177]		5000358d
	[178]		50003648
	[179]		50003588
	[180]		50003584
	[181]		500035de
	[182]		500035a4
	[183]		50003532
	[184]		5000352a
	[185]		500035f4
	[186]		5000359c
	[187]		50003526
	[188]		50003632
	[189]		500035ee
	[190]		50003602
	[191]		50003580
	[192]		50003612
	[193]		50003644
	[194]		5000361c
	[195]		500035da
	[196]		5000352e
	[197]		50003606
	[198]		50003624
	[199]		5000357c
	[200]		50003518
	[201]		500035f8
	[202]		50003628
	[203]		500034d0
	[204]		500034d3
	[205]		500034d4
	[206]		500034f6
	[207]		500035d6
	[208]		500035e4
	[209]		5000362e
	[210]		500035a0
	[211]		500035ea
	[212]		50003620
	[213]		5000272a
ARR 50001bcd (sz=24, trace=300000, nelems=1, elem type=java.lang.Object[]@5000011c)
	[0]		50003668
ARR 50001bce (sz=24, trace=300000, nelems=0, elem type=java.lang.Object[]@5000011c)
ARR 50001bcf (sz=56, trace=300000, nelems=5, elem type=java.lang.Object[]@5000011c)
	[4]		50002363
ARR 50001bd0 (sz=88, trace=300000, nelems=17, elem type=java.lang.Object[]@5000011c)
	[0]		500032c4
	[1]		500032c5
	[2]		500032c6
	[3]		500032c7
	[4]		500032c8
	[5]		500032c9
	[6]		500032ca
	[7]		500032cb
	[8]		500032cc
	[9]		500032cd
	[10]		500032ce
	[11]		500032cf
	[12]		500032d0
	[13]		500032d1
	[14]		500032d2
	[15]		500032d3
	[16]		500032d4
ARR 50001bd1 (sz=72, trace=300000, nelems=11, elem type=java.lang.Object[]@5000011c)
	[5]		500032e6
	[7]		5000214b
	[10]		5000215f
ARR 50001bd2 (sz=24, trace=300000, nelems=0, elem type=java.lang.Object[]@5000011c)
ARR 50001bd3 (sz=56, trace=300000, nelems=5, elem type=java.lang.Object[]@5000011c)
	[4]		50002176
ARR 50001bd4 (sz=168, trace=300000, nelems=34, elem type=java.lang.Object[]@5000011c)
	[8]		5000215a
	[11]		5000215b
	[12]		5000215c
	[13]		5000215d
	[14]		5000215e
	[32]		5000215f
	[33]		50002160
ARR 50001bd5 (sz=56, trace=300000, nelems=10, elem type=java.lang.Object[]@5000011c)
	[0]		50002162
	[1]		50002163
	[2]		50002164
	[3]		50002165
	[4]		50002166
	[5]		50002167
	[6]		50002168
	[7]		50002169
	[8]		5000216a
	[9]		5000216b
ARR 50001bd6 (sz=40, trace=300000, nelems=0, elem type=java.lang.Object[]@5000011c)
ARR 50001bd7 (sz=24, trace=300000, nelems=0, elem type=java.lang.Object[]@5000011c)
ARR 50001bd8 (sz=24, trace=300000, nelems=0, elem type=java.lang.Object[]@5000011c)
ARR 50001bd9 (sz=24, trace=300000, nelems=1, elem type=java.lang.Object[]@5000011c)
	[0]		500022be
ARR 50001bda (sz=48, trace=300000, nelems=0, elem type=java.lang.Object[]@5000011c)
ARR 50001bdb (sz=64, trace=300000, nelems=12, elem type=java.lang.Object[]@5000011c)
	[0]		50002176
	[11]		50002177
ARR 50001bdc (sz=296, trace=300000, nelems=48, elem type=java.lang.Object[]@5000011c)
	[47]		50002179
ARR 50001bdd (sz=200, trace=300000, nelems=42, elem type=java.lang.Object[]@5000011c)
	[18]		5000214f
	[19]		500022bf
	[21]		500022c0
	[22]		500022c1
	[26]		500022c2
	[29]		50001cdd
	[30]		500022c3
	[41]		50001c26
ARR 50001bde (sz=24, trace=300000, nelems=0, elem type=java.lang.Object[]@5000011c)
ARR 50001bdf (sz=24, trace=300000, nelems=1, elem type=java.lang.Object[]@5000011c)
	[0]		5000218a
ARR 50001be0 (sz=128, trace=300000, nelems=0, elem type=java.lang.Object[]@5000011c)
ARR 50001be1 (sz=72, trace=300000, nelems=13, elem type=java.lang.Object[]@5000011c)
	[2]		5000217c
	[7]		5000217d
	[8]		5000217e
	[9]		5000217f
	[10]		50002180
	[11]		50002181
	[12]		50002182
ARR 50001be2 (sz=56, trace=300000, nelems=9, elem type=java.lang.Object[]@5000011c)
	[8]		5000215f
ARR 50001be3 (sz=32, trace=300000, nelems=0, elem type=java.lang.Object[]@5000011c)
ARR 50001be4 (sz=32, trace=300000, nelems=3, elem type=java.lang.Object[]@5000011c)
	[0]		50003442
	[2]		50003443
ARR 50001be5 (sz=144, trace=300000, nelems=0, elem type=java.lang.Object[]@5000011c)
ARR 50001be6 (sz=64, trace=300000, nelems=0, elem type=java.lang.Object[]@5000011c)
ARR 50001be7 (sz=56, trace=300000, nelems=10, elem type=java.lang.Object[]@5000011c)
	[5]		50003311
	[6]		50003312
	[7]		50003313
	[8]		50003314
	[9]		50003315
ARR 50001be8 (sz=56, trace=300000, nelems=0, elem type=java.lang.Object[]@5000011c)
ARR 50001be9 (sz=56, trace=300000, nelems=8, elem type=java.lang.Object[]@5000011c)
	[1]		5000333d
	[7]		50003314
ARR 50001bea (sz=24, trace=300000, nelems=1, elem type=java.lang.Object[]@5000011c)
	[0]		50003340
ARR 50001beb (sz=32, trace=300000, nelems=3, elem type=java.lang.Object[]@5000011c)
	[2]		5000333e
ARR 50001bec (sz=24, trace=300000, nelems=0, elem type=java.lang.Object[]@5000011c)
ARR 50001bed (sz=32, trace=300000, nelems=0, elem type=java.lang.Object[]@5000011c)
ARR 50001bee (sz=64, trace=300000, nelems=0, elem type=java.lang.Object[]@5000011c)
ARR 50001bef (sz=56, trace=300000, nelems=9, elem type=java.lang.Object[]@5000011c)
	[3]		50003b68
	[4]		50003b69
	[6]		5000214f
	[7]		50003b6a
	[8]		500022c1
ARR 50001bf0 (sz=24, trace=300000, nelems=0, elem type=java.lang.Object[]@5000011c)
ARR 50001bf1 (sz=40, trace=300000, nelems=0, elem type=java.lang.Object[]@5000011c)
ARR 50001bf2 (sz=32, trace=300000, nelems=0, elem type=java.lang.Object[]@5000011c)
ARR 50001bf3 (sz=24, trace=300000, nelems=0, elem type=java.lang.Object[]@5000011c)
ARR 50001bf4 (sz=2632, trace=300000, nelems=0, elem type=java.lang.Object[]@5000011c)
ARR 50001bf5 (sz=96, trace=300000, nelems=13, elem type=java.lang.Object[]@5000011c)
	[0]		50001c1a
	[1]		5000218c
	[7]		50003b6e
	[12]		500034d2
ARR 50001bf6 (sz=40, trace=300000, nelems=4, elem type=java.lang.Object[]@5000011c)
	[3]		50003b83
ARR 50001bf7 (sz=56, trace=300000, nelems=8, elem type=java.lang.Object[]@5000011c)
	[0]		50003b84
	[1]		50003b85
	[2]		50003b86
	[3]		50003b87
	[4]		50003b88
	[5]		50003b89
	[6]		50003b8a
	[7]		50003b8b
ARR 50001bf8 (sz=72, trace=300000, nelems=11, elem type=java.lang.Object[]@5000011c)
	[0]		50003b1b
	[1]		50003b6f
	[2]		50003b70
	[3]		50003b71
	[4]		50003b72
	[5]		50003b73
	[6]		50003b74
	[7]		50003b1e
	[8]		50003b75
	[9]		50003b21
	[10]		50003b76
ARR 50001bf9 (sz=32, trace=300000, nelems=0, elem type=java.lang.Object[]@5000011c)
OBJ 50001bfa (sz=104, trace=300000, class=java.lang.Class@5000017d)
OBJ 50001bfb (sz=104, trace=300000, class=java.lang.Class@5000017d)
OBJ 50001bfc (sz=104, trace=300000, class=java.lang.Class@5000017d)
OBJ 50001bfd (sz=104, trace=300000, class=java.lang.Class@5000017d)
OBJ 50001bfe (sz=104, trace=300000, class=java.lang.Class@5000017d)
OBJ 50001bff (sz=104, trace=300000, class=java.lang.Class@5000017d)
OBJ 50001c00 (sz=104, trace=300000, class=java.lang.Class@5000017d)
OBJ 50001c01 (sz=104, trace=300000, class=java.lang.Class@5000017d)
OBJ 50001c02 (sz=104, trace=300000, class=java.lang.Class@5000017d)
ARR 50001c03 (sz=16, trace=300000, nelems=0, elem type=java.lang.Class[]@50000117)
OBJ 50001c04 (sz=24, trace=300000, class=java.lang.String@50000181)
	value		50003a72
OBJ 50001c05 (sz=24, trace=300000, class=java.lang.String@50000181)
	value		50003aac
OBJ 50001c06 (sz=32, trace=300000, class=java.lang.OutOfMemoryError@50000169)
	detailMessage	50003aaa
OBJ 50001c07 (sz=32, trace=300000, class=java.lang.OutOfMemoryError@50000169)
	detailMessage	50003aa8
OBJ 50001c08 (sz=32, trace=300000, class=java.lang.OutOfMemoryError@50000169)
	detailMessage	50003aa6
OBJ 50001c09 (sz=32, trace=300000, class=java.lang.OutOfMemoryError@50000169)
	detailMessage	50003aa4
OBJ 50001c0a (sz=32, trace=300000, class=java.lang.OutOfMemoryError@50000169)
	detailMessage	50003aa2
OBJ 50001c0b (sz=32, trace=300000, class=java.lang.OutOfMemoryError@50000169)
	detailMessage	50003aa0
ARR 50001c0c (sz=32, trace=300000, nelems=4, elem type=java.lang.OutOfMemoryError[]@50000111)
	[0]		50003a9c
	[1]		50003a9d
	[2]		50003a9e
	[3]		50003a9f
OBJ 50001c0d (sz=32, trace=300000, class=java.lang.NullPointerException@50000116)
OBJ 50001c0e (sz=32, trace=300000, class=java.lang.ArithmeticException@50000115)
	detailMessage	50003a9a
OBJ 50001c0f (sz=32, trace=300000, class=java.lang.VirtualMachineError@5000016a)
OBJ 50001c10 (sz=48, trace=300000, class=java.lang.ThreadGroup@5000015c)
	parent		50001c11
	name		50003a95
	threads		50003a94
OBJ 50001c11 (sz=48, trace=300000, class=java.lang.ThreadGroup@5000015c)
	name		50001c31
	threads		50003a7a
	groups		50003a79
OBJ 50001c12 (sz=32, trace=300000, class=java.lang.VirtualMachineError@5000016a)
OBJ 50001c13 (sz=24, trace=300000, class=java.lang.String@50000181)
	value		50003a6c
OBJ 50001c14 (sz=16, trace=300000, class=java.lang.Object@50000185)
OBJ 50001c15 (sz=24, trace=300000, class=java.lang.String@50000181)
	value		500022d0
OBJ 50001c16 (sz=24, trace=300000, class=java.lang.String@50000181)
	value		50003a71
OBJ 50001c17 (sz=24, trace=300000, class=java.lang.String@50000181)
	value		50003a76
OBJ 50001c18 (sz=24, trace=300000, class=java.lang.String@50000181)
	value		50003a73
OBJ 50001c19 (sz=24, trace=300000, class=java.lang.String@50000181)
	value		50001e53
OBJ 50001c1a (sz=24, trace=300000, class=java.lang.String@50000181)
	value		50002122
ARR 50001c1b (sz=1024, trace=300000, nelems=256, elem type=int[])
OBJ 50001c1c (sz=16, trace=300000, class=java.lang.CharacterDataLatin1@50000014)
OBJ 50001c1d (sz=24, trace=300000, class=java.lang.String@50000181)
	value		50003a78
OBJ 50001c1e (sz=24, trace=300000, class=java.lang.String@50000181)
	value		50001c21
ARR 50001c1f (sz=512, trace=300000, nelems=256, elem type=char[])
ARR 50001c20 (sz=4, trace=300000, nelems=2, elem type=char[])
ARR 50001c21 (sz=1024, trace=300000, nelems=512, elem type=char[])
OBJ 50001c22 (sz=24, trace=300000, class=java.lang.String@50000181)
	value		50003a77
OBJ 50001c23 (sz=24, trace=300000, class=java.lang.String@50000181)
	value		50003a75
OBJ 50001c24 (sz=24, trace=300000, class=java.lang.String@50000181)
	value		50003a02
OBJ 50001c25 (sz=24, trace=300000, class=java.lang.String@50000181)
	value		50003a74
OBJ 50001c26 (sz=24, trace=300000, class=java.lang.String@50000181)
	value		50001e10
OBJ 50001c27 (sz=16, trace=300000, class=java.lang.String$CaseInsensitiveComparator@5000010c)
ARR 50001c28 (sz=16, trace=300000, nelems=0, elem type=java.io.ObjectStreamField[]@5000010e)
OBJ 50001c29 (sz=24, trace=300000, class=java.lang.String@50000181)
	value		50003a6e
OBJ 50001c2a (sz=24, trace=300000, class=java.lang.String@50000181)
	value		50003a6d
OBJ 50001c2b (sz=24, trace=300000, class=java.lang.String@50000181)
	value		50001c2e
OBJ 50001c2c (sz=24, trace=300000, class=java.lang.RuntimePermission@50000104)
	name		50001c2b
	path		50001c2b
ARR 50001c2d (sz=16, trace=300000, nelems=0, elem type=java.lang.StackTraceElement[]@50000108)
ARR 50001c2e (sz=64, trace=300000, nelems=32, elem type=char[])
OBJ 50001c2f (sz=24, trace=300000, class=java.lang.String@50000181)
	value		50001c30
ARR 50001c30 (sz=12, trace=300000, nelems=6, elem type=char[])
OBJ 50001c31 (sz=24, trace=300000, class=java.lang.String@50000181)
	value		50003a6b
OBJ 50001c32 (sz=24, trace=300000, class=java.lang.String@50000181)
	value		50003a00
OBJ 50001c33 (sz=24, trace=300000, class=java.lang.String@50000181)
	value		50003a6a
OBJ 50001c34 (sz=24, trace=300000, class=java.lang.String@50000181)
	value		50003a69
OBJ 50001c35 (sz=24, trace=300000, class=java.lang.String@50000181)
	value		50003a68
OBJ 50001c36 (sz=24, trace=300000, class=java.lang.String@50000181)
	value		50001d6f
OBJ 50001c37 (sz=48, trace=300000, class=java.util.Properties@50000158)
	table		50003a12
	entrySet	50003a11
OBJ 50001c38 (sz=32, trace=300000, class=java.io.PrintStream@5000007c)
	out		50003a06
	textOut		50003a05
	charOut		50003a04
OBJ 50001c39 (sz=32, trace=300000, class=java.io.PrintStream@5000007c)
	out		500039f5
	textOut		500039f4
	charOut		500039f3
OBJ 50001c3a (sz=40, trace=300000, class=java.io.BufferedInputStream@50000083)
	in		50001c3c
	buf		50001c3b
ARR 50001c3b (sz=8192, trace=300000, nelems=8192, elem type=byte[])
OBJ 50001c3c (sz=32, trace=300000, class=java.io.FileInputStream@5000008b)
	fd		50001c3e
	closeLock	50001c3d
OBJ 50001c3d (sz=16, trace=300000, class=java.lang.Object@50000185)
OBJ 50001c3e (sz=40, trace=300000, class=java.io.FileDescriptor@5000008a)
	parent		50001c3c
OBJ 50001c3f (sz=40, trace=300000, class=java.io.FileDescriptor@5000008a)
	parent		500039f1
OBJ 50001c40 (sz=40, trace=300000, class=java.io.FileDescriptor@5000008a)
	parent		50001c41
OBJ 50001c41 (sz=32, trace=300000, class=java.io.FileOutputStream@50000085)
	fd		50001c40
	closeLock	50001c42
OBJ 50001c42 (sz=16, trace=300000, class=java.lang.Object@50000185)
OBJ 50001c43 (sz=24, trace=300000, class=java.lang.String@50000181)
	value		500039f0
OBJ 50001c44 (sz=24, trace=300000, class=java.lang.String@50000181)
	value		500039ef
OBJ 50001c45 (sz=16, trace=300000, class=sun.misc.Unsafe@50000134)
OBJ 50001c46 (sz=24, trace=300000, class=java.lang.String@50000181)
	value		500039e7
OBJ 50001c47 (sz=24, trace=300000, class=java.lang.String@50000181)
	value		500039e6
OBJ 50001c48 (sz=32, trace=300000, class=java.io.WinNTFileSystem@50000061)
	cache		50001c4a
	prefixCache	50001c49
OBJ 50001c49 (sz=40, trace=300000, class=java.io.ExpiringCache@50000060)
	map		500039c7
OBJ 50001c4a (sz=40, trace=300000, class=java.io.ExpiringCache@50000060)
	map		50001c4b
OBJ 50001c4b (sz=64, trace=300000, class=java.io.ExpiringCache$1@5000005e)
	table		500005f4
	head		50001c4c
	tail		50000a5a
	this$0		50001c4a
OBJ 50001c4c (sz=40, trace=300000, class=java.util.LinkedHashMap$Entry@50000054)
	key		50001c5b
	value		50001c5a
	after		50001c57
OBJ 50001c4d (sz=40, trace=300000, class=java.util.LinkedHashMap$Entry@50000054)
	key		50001cbc
	value		50001cbb
	before		50001c55
	after		50001c4e
OBJ 50001c4e (sz=40, trace=300000, class=java.util.LinkedHashMap$Entry@50000054)
	key		50001cb7
	value		50001cb6
	next		50000599
	before		50001c4d
	after		50001c54
OBJ 50001c4f (sz=40, trace=300000, class=java.util.LinkedHashMap$Entry@50000054)
	key		50001c91
	value		50001c90
	before		50001c59
	after		50001c56
OBJ 50001c50 (sz=40, trace=300000, class=java.util.LinkedHashMap$Entry@50000054)
	key		50001c82
	value		50001c81
	before		50001c80
	after		50001c52
OBJ 50001c51 (sz=40, trace=300000, class=java.util.LinkedHashMap$Entry@50000054)
	key		50001cc6
	value		50001cc5
	before		50001c53
	after		50001c55
OBJ 50001c52 (sz=40, trace=300000, class=java.util.LinkedHashMap$Entry@50000054)
	key		50001c7c
	value		50001c7b
	before		50001c50
	after		50001c70
OBJ 50001c53 (sz=40, trace=300000, class=java.util.LinkedHashMap$Entry@50000054)
	key		50001c65
	value		50001c64
	next		50000413
	before		50001c57
	after		50001c51
OBJ 50001c54 (sz=40, trace=300000, class=java.util.LinkedHashMap$Entry@50000054)
	key		50001ca0
	value		50001c9f
	next		500005d5
	before		50001c4e
	after		50001c58
OBJ 50001c55 (sz=40, trace=300000, class=java.util.LinkedHashMap$Entry@50000054)
	key		50001cc1
	value		50001cc0
	before		50001c51
	after		50001c4d
OBJ 50001c56 (sz=40, trace=300000, class=java.util.LinkedHashMap$Entry@50000054)
	key		50001c8c
	value		50001c8b
	next		50001c80
	before		50001c4f
	after		50001c80
OBJ 50001c57 (sz=40, trace=300000, class=java.util.LinkedHashMap$Entry@50000054)
	key		50001c60
	value		50001c5f
	before		50001c4c
	after		50001c53
OBJ 50001c58 (sz=40, trace=300000, class=java.util.LinkedHashMap$Entry@50000054)
	key		50001c9b
	value		50001c9a
	next		50001c70
	before		50001c54
	after		50001c59
OBJ 50001c59 (sz=40, trace=300000, class=java.util.LinkedHashMap$Entry@50000054)
	key		50001c96
	value		50001c95
	next		50001c6b
	before		50001c58
	after		50001c4f
OBJ 50001c5a (sz=24, trace=300000, class=java.io.ExpiringCache$Entry@50000055)
	val		50001c5d
OBJ 50001c5b (sz=24, trace=300000, class=java.lang.String@50000181)
	value		50001c5c
ARR 50001c5c (sz=92, trace=300000, nelems=46, elem type=char[])
OBJ 50001c5d (sz=24, trace=300000, class=java.lang.String@50000181)
	value		50001c5e
ARR 50001c5e (sz=92, trace=300000, nelems=46, elem type=char[])
OBJ 50001c5f (sz=24, trace=300000, class=java.io.ExpiringCache$Entry@50000055)
	val		50001c62
OBJ 50001c60 (sz=24, trace=300000, class=java.lang.String@50000181)
	value		50001c61
ARR 50001c61 (sz=84, trace=300000, nelems=42, elem type=char[])
OBJ 50001c62 (sz=24, trace=300000, class=java.lang.String@50000181)
	value		50001c63
ARR 50001c63 (sz=84, trace=300000, nelems=42, elem type=char[])
OBJ 50001c64 (sz=24, trace=300000, class=java.io.ExpiringCache$Entry@50000055)
	val		50001c67
OBJ 50001c65 (sz=24, trace=300000, class=java.lang.String@50000181)
	value		50001c66
ARR 50001c66 (sz=126, trace=300000, nelems=63, elem type=char[])
OBJ 50001c67 (sz=24, trace=300000, class=java.lang.String@50000181)
	value		50001c68
ARR 50001c68 (sz=126, trace=300000, nelems=63, elem type=char[])
OBJ 50001c69 (sz=24, trace=300000, class=java.lang.String@50000181)
	value		50001c6a
ARR 50001c6a (sz=76, trace=300000, nelems=38, elem type=char[])
OBJ 50001c6b (sz=40, trace=300000, class=java.util.LinkedHashMap$Entry@50000054)
	key		50001c72
	value		50001c71
	before		50001c70
	after		50000376
OBJ 50001c6c (sz=24, trace=300000, class=java.lang.String@50000181)
	value		50001c6d
ARR 50001c6d (sz=68, trace=300000, nelems=34, elem type=char[])
OBJ 50001c6e (sz=24, trace=300000, class=java.lang.String@50000181)
	value		50001c6f
ARR 50001c6f (sz=68, trace=300000, nelems=34, elem type=char[])
OBJ 50001c70 (sz=40, trace=300000, class=java.util.LinkedHashMap$Entry@50000054)
	key		50001c77
	value		50001c76
	before		50001c52
	after		50001c6b
OBJ 50001c71 (sz=24, trace=300000, class=java.io.ExpiringCache$Entry@50000055)
	val		50001c74
OBJ 50001c72 (sz=24, trace=300000, class=java.lang.String@50000181)
	value		50001c73
ARR 50001c73 (sz=94, trace=300000, nelems=47, elem type=char[])
OBJ 50001c74 (sz=24, trace=300000, class=java.lang.String@50000181)
	value		50001c75
ARR 50001c75 (sz=94, trace=300000, nelems=47, elem type=char[])
OBJ 50001c76 (sz=24, trace=300000, class=java.io.ExpiringCache$Entry@50000055)
	val		50001c79
OBJ 50001c77 (sz=24, trace=300000, class=java.lang.String@50000181)
	value		50001c78
ARR 50001c78 (sz=88, trace=300000, nelems=44, elem type=char[])
OBJ 50001c79 (sz=24, trace=300000, class=java.lang.String@50000181)
	value		50001c7a
ARR 50001c7a (sz=88, trace=300000, nelems=44, elem type=char[])
OBJ 50001c7b (sz=24, trace=300000, class=java.io.ExpiringCache$Entry@50000055)
	val		50001c7e
OBJ 50001c7c (sz=24, trace=300000, class=java.lang.String@50000181)
	value		50001c7d
ARR 50001c7d (sz=132, trace=300000, nelems=66, elem type=char[])
OBJ 50001c7e (sz=24, trace=300000, class=java.lang.String@50000181)
	value		50001c7f
ARR 50001c7f (sz=128, trace=300000, nelems=64, elem type=char[])
OBJ 50001c80 (sz=40, trace=300000, class=java.util.LinkedHashMap$Entry@50000054)
	key		50001c87
	value		50001c86
	before		50001c56
	after		50001c50
OBJ 50001c81 (sz=24, trace=300000, class=java.io.ExpiringCache$Entry@50000055)
	val		50001c84
OBJ 50001c82 (sz=24, trace=300000, class=java.lang.String@50000181)
	value		50001c83
ARR 50001c83 (sz=104, trace=300000, nelems=52, elem type=char[])
OBJ 50001c84 (sz=24, trace=300000, class=java.lang.String@50000181)
	value		50001c85
ARR 50001c85 (sz=104, trace=300000, nelems=52, elem type=char[])
OBJ 50001c86 (sz=24, trace=300000, class=java.io.ExpiringCache$Entry@50000055)
	val		50001c89
OBJ 50001c87 (sz=24, trace=300000, class=java.lang.String@50000181)
	value		50001c88
ARR 50001c88 (sz=112, trace=300000, nelems=56, elem type=char[])
OBJ 50001c89 (sz=24, trace=300000, class=java.lang.String@50000181)
	value		50001c8a
ARR 50001c8a (sz=112, trace=300000, nelems=56, elem type=char[])
OBJ 50001c8b (sz=24, trace=300000, class=java.io.ExpiringCache$Entry@50000055)
	val		50001c8e
OBJ 50001c8c (sz=24, trace=300000, class=java.lang.String@50000181)
	value		50001c8d
ARR 50001c8d (sz=112, trace=300000, nelems=56, elem type=char[])
OBJ 50001c8e (sz=24, trace=300000, class=java.lang.String@50000181)
	value		50001c8f
ARR 50001c8f (sz=112, trace=300000, nelems=56, elem type=char[])
OBJ 50001c90 (sz=24, trace=300000, class=java.io.ExpiringCache$Entry@50000055)
	val		50001c93
OBJ 50001c91 (sz=24, trace=300000, class=java.lang.String@50000181)
	value		50001c92
ARR 50001c92 (sz=124, trace=300000, nelems=62, elem type=char[])
OBJ 50001c93 (sz=24, trace=300000, class=java.lang.String@50000181)
	value		50001c94
ARR 50001c94 (sz=124, trace=300000, nelems=62, elem type=char[])
OBJ 50001c95 (sz=24, trace=300000, class=java.io.ExpiringCache$Entry@50000055)
	val		50001c98
OBJ 50001c96 (sz=24, trace=300000, class=java.lang.String@50000181)
	value		50001c97
ARR 50001c97 (sz=104, trace=300000, nelems=52, elem type=char[])
OBJ 50001c98 (sz=24, trace=300000, class=java.lang.String@50000181)
	value		50001c99
ARR 50001c99 (sz=104, trace=300000, nelems=52, elem type=char[])
OBJ 50001c9a (sz=24, trace=300000, class=java.io.ExpiringCache$Entry@50000055)
	val		50001c9d
OBJ 50001c9b (sz=24, trace=300000, class=java.lang.String@50000181)
	value		50001c9c
ARR 50001c9c (sz=108, trace=300000, nelems=54, elem type=char[])
OBJ 50001c9d (sz=24, trace=300000, class=java.lang.String@50000181)
	value		50001c9e
ARR 50001c9e (sz=108, trace=300000, nelems=54, elem type=char[])
OBJ 50001c9f (sz=24, trace=300000, class=java.io.ExpiringCache$Entry@50000055)
	val		50001ca2
OBJ 50001ca0 (sz=24, trace=300000, class=java.lang.String@50000181)
	value		50001ca1
ARR 50001ca1 (sz=114, trace=300000, nelems=57, elem type=char[])
OBJ 50001ca2 (sz=24, trace=300000, class=java.lang.String@50000181)
	value		50001ca3
ARR 50001ca3 (sz=114, trace=300000, nelems=57, elem type=char[])
OBJ 50001ca4 (sz=24, trace=300000, class=java.lang.String@50000181)
	value		50001ca5
ARR 50001ca5 (sz=92, trace=300000, nelems=46, elem type=char[])
OBJ 50001ca6 (sz=24, trace=300000, class=java.lang.String@50000181)
	value		50001ca7
ARR 50001ca7 (sz=94, trace=300000, nelems=47, elem type=char[])
OBJ 50001ca8 (sz=24, trace=300000, class=java.lang.String@50000181)
	value		50001ca9
ARR 50001ca9 (sz=106, trace=300000, nelems=53, elem type=char[])
OBJ 50001caa (sz=24, trace=300000, class=java.lang.String@50000181)
	value		50001cab
ARR 50001cab (sz=90, trace=300000, nelems=45, elem type=char[])
OBJ 50001cac (sz=24, trace=300000, class=java.lang.String@50000181)
	value		50001cad
ARR 50001cad (sz=104, trace=300000, nelems=52, elem type=char[])
OBJ 50001cae (sz=24, trace=300000, class=java.lang.String@50000181)
	value		50001caf
ARR 50001caf (sz=102, trace=300000, nelems=51, elem type=char[])
OBJ 50001cb0 (sz=24, trace=300000, class=java.lang.String@50000181)
	value		50001cb1
ARR 50001cb1 (sz=92, trace=300000, nelems=46, elem type=char[])
OBJ 50001cb2 (sz=24, trace=300000, class=java.lang.String@50000181)
	value		50001cb3
ARR 50001cb3 (sz=84, trace=300000, nelems=42, elem type=char[])
OBJ 50001cb4 (sz=24, trace=300000, class=java.lang.String@50000181)
	value		50001cb5
ARR 50001cb5 (sz=128, trace=300000, nelems=64, elem type=char[])
OBJ 50001cb6 (sz=24, trace=300000, class=java.io.ExpiringCache$Entry@50000055)
	val		50001cb9
OBJ 50001cb7 (sz=24, trace=300000, class=java.lang.String@50000181)
	value		50001cb8
ARR 50001cb8 (sz=104, trace=300000, nelems=52, elem type=char[])
OBJ 50001cb9 (sz=24, trace=300000, class=java.lang.String@50000181)
	value		50001cba
ARR 50001cba (sz=104, trace=300000, nelems=52, elem type=char[])
OBJ 50001cbb (sz=24, trace=300000, class=java.io.ExpiringCache$Entry@50000055)
	val		50001cbe
OBJ 50001cbc (sz=24, trace=300000, class=java.lang.String@50000181)
	value		50001cbd
ARR 50001cbd (sz=108, trace=300000, nelems=54, elem type=char[])
OBJ 50001cbe (sz=24, trace=300000, class=java.lang.String@50000181)
	value		50001cbf
ARR 50001cbf (sz=108, trace=300000, nelems=54, elem type=char[])
OBJ 50001cc0 (sz=24, trace=300000, class=java.io.ExpiringCache$Entry@50000055)
	val		50001cc3
OBJ 50001cc1 (sz=24, trace=300000, class=java.lang.String@50000181)
	value		50001cc2
ARR 50001cc2 (sz=104, trace=300000, nelems=52, elem type=char[])
OBJ 50001cc3 (sz=24, trace=300000, class=java.lang.String@50000181)
	value		50001cc4
ARR 50001cc4 (sz=104, trace=300000, nelems=52, elem type=char[])
OBJ 50001cc5 (sz=24, trace=300000, class=java.io.ExpiringCache$Entry@50000055)
	val		50001cc8
OBJ 50001cc6 (sz=24, trace=300000, class=java.lang.String@50000181)
	value		50001cc7
ARR 50001cc7 (sz=110, trace=300000, nelems=55, elem type=char[])
OBJ 50001cc8 (sz=24, trace=300000, class=java.lang.String@50000181)
	value		50001cc9
ARR 50001cc9 (sz=110, trace=300000, nelems=55, elem type=char[])
OBJ 50001cca (sz=24, trace=300000, class=java.lang.String@50000181)
	value		500039c6
OBJ 50001ccb (sz=24, trace=300000, class=java.lang.String@50000181)
	value		500032b6
OBJ 50001ccc (sz=24, trace=300000, class=java.lang.String@50000181)
	value		500039c5
OBJ 50001ccd (sz=16, trace=300000, class=sun.reflect.ReflectionFactory@500000f5)
ARR 50001cce (sz=16, trace=300000, nelems=0, elem type=java.io.ObjectStreamField[]@5000010e)
OBJ 50001ccf (sz=24, trace=300000, class=java.lang.String@50000181)
	value		50001cd2
OBJ 50001cd0 (sz=16, trace=300000, class=java.lang.reflect.ReflectAccess@500000b6)
OBJ 50001cd1 (sz=24, trace=300000, class=java.lang.RuntimePermission@50000104)
	name		50001ccf
	path		50001ccf
ARR 50001cd2 (sz=46, trace=300000, nelems=23, elem type=char[])
OBJ 50001cd3 (sz=24, trace=300000, class=java.lang.String@50000181)
	value		50001cd5
OBJ 50001cd4 (sz=24, trace=300000, class=java.lang.reflect.ReflectPermission@50000102)
	name		50001cd3
	path		50001cd3
ARR 50001cd5 (sz=40, trace=300000, nelems=20, elem type=char[])
OBJ 50001cd6 (sz=24, trace=300000, class=java.lang.String@50000181)
	value		50001cd9
OBJ 50001cd7 (sz=24, trace=300000, class=java.lang.String@50000181)
	value		50001cd8
ARR 50001cd8 (sz=46, trace=300000, nelems=23, elem type=char[])
ARR 50001cd9 (sz=60, trace=300000, nelems=30, elem type=char[])
OBJ 50001cda (sz=24, trace=300000, class=java.lang.String@50000181)
	value		50001ce5
OBJ 50001cdb (sz=24, trace=300000, class=java.lang.String@50000181)
	value		50001cea
OBJ 50001cdc (sz=24, trace=300000, class=java.lang.String@50000181)
	value		50001ce9
OBJ 50001cdd (sz=24, trace=300000, class=java.lang.String@50000181)
	value		50001ce7
OBJ 50001cde (sz=48, trace=300000, class=java.util.HashMap@500000d9)
	table		50001ceb
OBJ 50001cdf (sz=48, trace=300000, class=java.util.HashMap@500000d9)
	table		50001ce0
ARR 50001ce0 (sz=80, trace=300000, nelems=11, elem type=java.util.HashMap$Node[]@500000d5)
	[2]		50001ce1
	[5]		50001ce2
	[10]		50001ce3
OBJ 50001ce1 (sz=32, trace=300000, class=java.util.HashMap$Node@500000d7)
	key		500000da
	value		50001ce8
OBJ 50001ce2 (sz=32, trace=300000, class=java.util.HashMap$Node@500000d7)
	key		5000017a
	value		50001ce6
OBJ 50001ce3 (sz=32, trace=300000, class=java.util.HashMap$Node@500000d7)
	key		5000017d
	value		50001ce4
ARR 50001ce4 (sz=24, trace=300000, nelems=1, elem type=java.lang.String[]@500000db)
	[0]		50001cda
ARR 50001ce5 (sz=22, trace=300000, nelems=11, elem type=char[])
ARR 50001ce6 (sz=24, trace=300000, nelems=1, elem type=java.lang.String[]@500000db)
	[0]		50001cdd
ARR 50001ce7 (sz=16, trace=300000, nelems=8, elem type=char[])
ARR 50001ce8 (sz=24, trace=300000, nelems=2, elem type=java.lang.String[]@500000db)
	[0]		50001cdb
	[1]		50001cdc
ARR 50001ce9 (sz=30, trace=300000, nelems=15, elem type=char[])
ARR 50001cea (sz=28, trace=300000, nelems=14, elem type=char[])
ARR 50001ceb (sz=80, trace=300000, nelems=4, elem type=java.util.HashMap$Node[]@500000d5)
	[3]		50001cec
OBJ 50001cec (sz=32, trace=300000, class=java.util.HashMap$Node@500000d7)
	key		50000134
	value		50001ced
ARR 50001ced (sz=24, trace=300000, nelems=1, elem type=java.lang.String[]@500000db)
	[0]		50001cee
OBJ 50001cee (sz=24, trace=300000, class=java.lang.String@50000181)
	value		500039bc
OBJ 50001cef (sz=24, trace=300000, class=java.lang.String@50000181)
	value		500039bb
OBJ 50001cf0 (sz=24, trace=300000, class=java.lang.String@50000181)
	value		50001f5b
OBJ 50001cf1 (sz=24, trace=300000, class=java.lang.String@50000181)
	value		5000343e
OBJ 50001cf2 (sz=24, trace=300000, class=java.lang.String@50000181)
	value		500039ba
OBJ 50001cf3 (sz=24, trace=300000, class=java.lang.String@50000181)
	value		500039b9
OBJ 50001cf4 (sz=24, trace=300000, class=java.lang.String@50000181)
	value		500039b8
OBJ 50001cf5 (sz=24, trace=300000, class=java.lang.String@50000181)
	value		500039b7
OBJ 50001cf6 (sz=24, trace=300000, class=java.lang.String@50000181)
	value		500032c3
OBJ 50001cf7 (sz=48, trace=300000, class=java.util.Properties@50000158)
	table		50001cf9
OBJ 50001cf8 (sz=16, trace=300000, class=java.lang.Object@50000185)
ARR 50001cf9 (sz=400, trace=300000, nelems=89, elem type=java.util.Hashtable$Entry[]@500000d2)
	[0]		50001cfa
	[2]		50001cfb
	[5]		50001cfc
	[9]		50001cfd
	[10]		50001cfe
	[11]		50001cff
	[13]		50001d00
	[16]		50001d01
	[17]		50001d02
	[18]		50001d03
	[19]		50001d04
	[21]		50001d05
	[22]		50001d06
	[24]		50001d07
	[26]		50001d08
	[27]		50001d09
	[33]		50001d0a
	[38]		50001d0b
	[39]		50001d0c
	[40]		50001d0d
	[41]		50001d0e
	[44]		50001d0f
	[47]		50001d10
	[49]		50001d11
	[54]		50001d12
	[57]		50001d13
	[63]		50001d14
	[64]		50001d15
	[65]		50001d16
	[67]		50001d17
	[70]		50001d18
	[72]		50001d19
	[76]		50001d1a
	[79]		50001d1b
	[80]		50001d1c
	[81]		50001d1d
	[82]		50001d1e
	[88]		50001d1f
OBJ 50001cfa (sz=32, trace=300000, class=java.util.Hashtable$Entry@500000d3)
	key		50001e06
	value		50001e05
OBJ 50001cfb (sz=32, trace=300000, class=java.util.Hashtable$Entry@500000d3)
	key		50001e02
	value		50001e01
OBJ 50001cfc (sz=32, trace=300000, class=java.util.Hashtable$Entry@500000d3)
	key		50001dfe
	value		50001dfd
OBJ 50001cfd (sz=32, trace=300000, class=java.util.Hashtable$Entry@500000d3)
	key		50001df6
	value		50001df5
	next		50001df4
OBJ 50001cfe (sz=32, trace=300000, class=java.util.Hashtable$Entry@500000d3)
	key		50001df1
	value		50001df0
OBJ 50001cff (sz=32, trace=300000, class=java.util.Hashtable$Entry@500000d3)
	key		50001ded
	value		50001dec
OBJ 50001d00 (sz=32, trace=300000, class=java.util.Hashtable$Entry@500000d3)
	key		50001de9
	value		50001de8
OBJ 50001d01 (sz=32, trace=300000, class=java.util.Hashtable$Entry@500000d3)
	key		50001de1
	value		50001de0
	next		50001ddf
OBJ 50001d02 (sz=32, trace=300000, class=java.util.Hashtable$Entry@500000d3)
	key		50001ddc
	value		50001ddb
OBJ 50001d03 (sz=32, trace=300000, class=java.util.Hashtable$Entry@500000d3)
	key		50001dd8
	value		50001dd7
OBJ 50001d04 (sz=32, trace=300000, class=java.util.Hashtable$Entry@500000d3)
	key		50001dd4
	value		50001dd3
OBJ 50001d05 (sz=32, trace=300000, class=java.util.Hashtable$Entry@500000d3)
	key		50001dcc
	value		50001dcb
	next		50001dca
OBJ 50001d06 (sz=32, trace=300000, class=java.util.Hashtable$Entry@500000d3)
	key		50001dc7
	value		50001dc6
OBJ 50001d07 (sz=32, trace=300000, class=java.util.Hashtable$Entry@500000d3)
	key		50001dbf
	value		50001dbe
	next		50001dbd
OBJ 50001d08 (sz=32, trace=300000, class=java.util.Hashtable$Entry@500000d3)
	key		50001db8
	value		50001db7
	next		50001db6
OBJ 50001d09 (sz=32, trace=300000, class=java.util.Hashtable$Entry@500000d3)
	key		50001db3
	value		50001db2
OBJ 50001d0a (sz=32, trace=300000, class=java.util.Hashtable$Entry@500000d3)
	key		50001dab
	value		50001daa
	next		50001da9
OBJ 50001d0b (sz=32, trace=300000, class=java.util.Hashtable$Entry@500000d3)
	key		50001da2
	value		50001da1
	next		50001da0
OBJ 50001d0c (sz=32, trace=300000, class=java.util.Hashtable$Entry@500000d3)
	key		50001d9d
	value		50001d9c
OBJ 50001d0d (sz=32, trace=300000, class=java.util.Hashtable$Entry@500000d3)
	key		50001d99
	value		50001d98
OBJ 50001d0e (sz=32, trace=300000, class=java.util.Hashtable$Entry@500000d3)
	key		50001d95
	value		50001d94
OBJ 50001d0f (sz=32, trace=300000, class=java.util.Hashtable$Entry@500000d3)
	key		50001d91
	value		50001d90
OBJ 50001d10 (sz=32, trace=300000, class=java.util.Hashtable$Entry@500000d3)
	key		50001d8d
	value		50001d8c
OBJ 50001d11 (sz=32, trace=300000, class=java.util.Hashtable$Entry@500000d3)
	key		50001d85
	value		50001d84
	next		50001d83
OBJ 50001d12 (sz=32, trace=300000, class=java.util.Hashtable$Entry@500000d3)
	key		50001d80
	value		50001d7f
OBJ 50001d13 (sz=32, trace=300000, class=java.util.Hashtable$Entry@500000d3)
	key		50001d7c
	value		50001ae3
OBJ 50001d14 (sz=32, trace=300000, class=java.util.Hashtable$Entry@500000d3)
	key		50001d79
	value		50001d78
OBJ 50001d15 (sz=32, trace=300000, class=java.util.Hashtable$Entry@500000d3)
	key		50001d75
	value		50001d74
OBJ 50001d16 (sz=32, trace=300000, class=java.util.Hashtable$Entry@500000d3)
	key		50001d71
	value		50001d70
OBJ 50001d17 (sz=32, trace=300000, class=java.util.Hashtable$Entry@500000d3)
	key		50001d6a
	value		50001d69
	next		50001d68
OBJ 50001d18 (sz=32, trace=300000, class=java.util.Hashtable$Entry@500000d3)
	key		50001d61
	value		50001d60
	next		50001d5f
OBJ 50001d19 (sz=32, trace=300000, class=java.util.Hashtable$Entry@500000d3)
	key		50001d5c
	value		50001d5b
OBJ 50001d1a (sz=32, trace=300000, class=java.util.Hashtable$Entry@500000d3)
	key		50001d54
	value		50001d53
	next		50001d52
OBJ 50001d1b (sz=32, trace=300000, class=java.util.Hashtable$Entry@500000d3)
	key		50001d41
	value		50001d40
	next		50001d3f
OBJ 50001d1c (sz=32, trace=300000, class=java.util.Hashtable$Entry@500000d3)
	key		50001d38
	value		50001d37
	next		50001d36
OBJ 50001d1d (sz=32, trace=300000, class=java.util.Hashtable$Entry@500000d3)
	key		50001d33
	value		50001d32
OBJ 50001d1e (sz=32, trace=300000, class=java.util.Hashtable$Entry@500000d3)
	key		50001d2b
	value		50001d2a
	next		50001d29
OBJ 50001d1f (sz=32, trace=300000, class=java.util.Hashtable$Entry@500000d3)
	key		50001d22
	value		50001d21
	next		50001d20
OBJ 50001d20 (sz=32, trace=300000, class=java.util.Hashtable$Entry@500000d3)
	key		50001d26
	value		50001d25
OBJ 50001d21 (sz=24, trace=300000, class=java.lang.String@50000181)
	value		50001d24
OBJ 50001d22 (sz=24, trace=300000, class=java.lang.String@50000181)
	value		50001d23
ARR 50001d23 (sz=42, trace=300000, nelems=21, elem type=char[])
ARR 50001d24 (sz=76, trace=300000, nelems=38, elem type=char[])
OBJ 50001d25 (sz=24, trace=300000, class=java.lang.String@50000181)
	value		50001d28
OBJ 50001d26 (sz=24, trace=300000, class=java.lang.String@50000181)
	value		50001d27
ARR 50001d27 (sz=30, trace=300000, nelems=15, elem type=char[])
ARR 50001d28 (sz=20, trace=300000, nelems=10, elem type=char[])
OBJ 50001d29 (sz=32, trace=300000, class=java.util.Hashtable$Entry@500000d3)
	key		50001d2f
	value		50001d2e
OBJ 50001d2a (sz=24, trace=300000, class=java.lang.String@50000181)
	value		50001d2d
OBJ 50001d2b (sz=24, trace=300000, class=java.lang.String@50000181)
	value		50001d2c
ARR 50001d2c (sz=28, trace=300000, nelems=14, elem type=char[])
ARR 50001d2d (sz=36, trace=300000, nelems=18, elem type=char[])
OBJ 50001d2e (sz=24, trace=300000, class=java.lang.String@50000181)
	value		50001d31
OBJ 50001d2f (sz=24, trace=300000, class=java.lang.String@50000181)
	value		50001d30
ARR 50001d30 (sz=30, trace=300000, nelems=15, elem type=char[])
ARR 50001d31 (sz=46, trace=300000, nelems=23, elem type=char[])
OBJ 50001d32 (sz=24, trace=300000, class=java.lang.String@50000181)
	value		50001d35
OBJ 50001d33 (sz=24, trace=300000, class=java.lang.String@50000181)
	value		50001d34
ARR 50001d34 (sz=28, trace=300000, nelems=14, elem type=char[])
ARR 50001d35 (sz=2, trace=300000, nelems=1, elem type=char[])
OBJ 50001d36 (sz=32, trace=300000, class=java.util.Hashtable$Entry@500000d3)
	key		50001d3c
	value		50001d3b
OBJ 50001d37 (sz=24, trace=300000, class=java.lang.String@50000181)
	value		50001d3a
OBJ 50001d38 (sz=24, trace=300000, class=java.lang.String@50000181)
	value		50001d39
ARR 50001d39 (sz=24, trace=300000, nelems=12, elem type=char[])
ARR 50001d3a (sz=66, trace=300000, nelems=33, elem type=char[])
OBJ 50001d3b (sz=24, trace=300000, class=java.lang.String@50000181)
	value		50001d3e
OBJ 50001d3c (sz=24, trace=300000, class=java.lang.String@50000181)
	value		50001d3d
ARR 50001d3d (sz=34, trace=300000, nelems=17, elem type=char[])
ARR 50001d3e (sz=12, trace=300000, nelems=6, elem type=char[])
OBJ 50001d3f (sz=32, trace=300000, class=java.util.Hashtable$Entry@500000d3)
	key		50001d46
	value		50001d45
	next		50001d44
OBJ 50001d40 (sz=24, trace=300000, class=java.lang.String@50000181)
	value		50001d43
OBJ 50001d41 (sz=24, trace=300000, class=java.lang.String@50000181)
	value		50001d42
ARR 50001d42 (sz=22, trace=300000, nelems=11, elem type=char[])
ARR 50001d43 (sz=0, trace=300000, nelems=0, elem type=char[])
OBJ 50001d44 (sz=32, trace=300000, class=java.util.Hashtable$Entry@500000d3)
	key		50001d4b
	value		50001d4a
	next		50001d49
OBJ 50001d45 (sz=24, trace=300000, class=java.lang.String@50000181)
	value		50001d48
OBJ 50001d46 (sz=24, trace=300000, class=java.lang.String@50000181)
	value		50001d47
ARR 50001d47 (sz=24, trace=300000, nelems=12, elem type=char[])
ARR 50001d48 (sz=4, trace=300000, nelems=2, elem type=char[])
OBJ 50001d49 (sz=32, trace=300000, class=java.util.Hashtable$Entry@500000d3)
	key		50001d4f
	value		50001d4e
OBJ 50001d4a (sz=24, trace=300000, class=java.lang.String@50000181)
	value		50001d4d
OBJ 50001d4b (sz=24, trace=300000, class=java.lang.String@50000181)
	value		50001d4c
ARR 50001d4c (sz=34, trace=300000, nelems=17, elem type=char[])
ARR 50001d4d (sz=24, trace=300000, nelems=12, elem type=char[])
OBJ 50001d4e (sz=24, trace=300000, class=java.lang.String@50000181)
	value		50001d51
OBJ 50001d4f (sz=24, trace=300000, class=java.lang.String@50000181)
	value		50001d50
ARR 50001d50 (sz=36, trace=300000, nelems=18, elem type=char[])
ARR 50001d51 (sz=28, trace=300000, nelems=14, elem type=char[])
OBJ 50001d52 (sz=32, trace=300000, class=java.util.Hashtable$Entry@500000d3)
	key		50001d58
	value		50001d57
OBJ 50001d53 (sz=24, trace=300000, class=java.lang.String@50000181)
	value		50001d56
OBJ 50001d54 (sz=24, trace=300000, class=java.lang.String@50000181)
	value		50001d55
ARR 50001d55 (sz=52, trace=300000, nelems=26, elem type=char[])
ARR 50001d56 (sz=68, trace=300000, nelems=34, elem type=char[])
OBJ 50001d57 (sz=24, trace=300000, class=java.lang.String@50000181)
	value		50001d5a
OBJ 50001d58 (sz=24, trace=300000, class=java.lang.String@50000181)
	value		50001d59
ARR 50001d59 (sz=16, trace=300000, nelems=8, elem type=char[])
ARR 50001d5a (sz=128, trace=300000, nelems=64, elem type=char[])
OBJ 50001d5b (sz=24, trace=300000, class=java.lang.String@50000181)
	value		50001d5e
OBJ 50001d5c (sz=24, trace=300000, class=java.lang.String@50000181)
	value		50001d5d
ARR 50001d5d (sz=40, trace=300000, nelems=20, elem type=char[])
ARR 50001d5e (sz=64, trace=300000, nelems=32, elem type=char[])
OBJ 50001d5f (sz=32, trace=300000, class=java.util.Hashtable$Entry@500000d3)
	key		50001d65
	value		50001d64
OBJ 50001d60 (sz=24, trace=300000, class=java.lang.String@50000181)
	value		50001d63
OBJ 50001d61 (sz=24, trace=300000, class=java.lang.String@50000181)
	value		50001d62
ARR 50001d62 (sz=36, trace=300000, nelems=18, elem type=char[])
ARR 50001d63 (sz=94, trace=300000, nelems=47, elem type=char[])
OBJ 50001d64 (sz=24, trace=300000, class=java.lang.String@50000181)
	value		50001d67
OBJ 50001d65 (sz=24, trace=300000, class=java.lang.String@50000181)
	value		50001d66
ARR 50001d66 (sz=14, trace=300000, nelems=7, elem type=char[])
ARR 50001d67 (sz=10, trace=300000, nelems=5, elem type=char[])
OBJ 50001d68 (sz=32, trace=300000, class=java.util.Hashtable$Entry@500000d3)
	key		50001d6d
	value		50001c36
OBJ 50001d69 (sz=24, trace=300000, class=java.lang.String@50000181)
	value		50001d6c
OBJ 50001d6a (sz=24, trace=300000, class=java.lang.String@50000181)
	value		50001d6b
ARR 50001d6b (sz=28, trace=300000, nelems=14, elem type=char[])
ARR 50001d6c (sz=80, trace=300000, nelems=40, elem type=char[])
OBJ 50001d6d (sz=24, trace=300000, class=java.lang.String@50000181)
	value		50001d6e
ARR 50001d6e (sz=28, trace=300000, nelems=14, elem type=char[])
ARR 50001d6f (sz=4, trace=300000, nelems=2, elem type=char[])
OBJ 50001d70 (sz=24, trace=300000, class=java.lang.String@50000181)
	value		50001d73
OBJ 50001d71 (sz=24, trace=300000, class=java.lang.String@50000181)
	value		50001d72
ARR 50001d72 (sz=56, trace=300000, nelems=28, elem type=char[])
ARR 50001d73 (sz=36, trace=300000, nelems=18, elem type=char[])
OBJ 50001d74 (sz=24, trace=300000, class=java.lang.String@50000181)
	value		50001d77
OBJ 50001d75 (sz=24, trace=300000, class=java.lang.String@50000181)
	value		50001d76
ARR 50001d76 (sz=24, trace=300000, nelems=12, elem type=char[])
ARR 50001d77 (sz=0, trace=300000, nelems=0, elem type=char[])
OBJ 50001d78 (sz=24, trace=300000, class=java.lang.String@50000181)
	value		50001d7b
OBJ 50001d79 (sz=24, trace=300000, class=java.lang.String@50000181)
	value		50001d7a
ARR 50001d7a (sz=14, trace=300000, nelems=7, elem type=char[])
ARR 50001d7b (sz=18, trace=300000, nelems=9, elem type=char[])
OBJ 50001d7c (sz=24, trace=300000, class=java.lang.String@50000181)
	value		50001d7d
ARR 50001d7d (sz=32, trace=300000, nelems=16, elem type=char[])
ARR 50001d7e (sz=6, trace=300000, nelems=3, elem type=char[])
OBJ 50001d7f (sz=24, trace=300000, class=java.lang.String@50000181)
	value		50001d82
OBJ 50001d80 (sz=24, trace=300000, class=java.lang.String@50000181)
	value		50001d81
ARR 50001d81 (sz=34, trace=300000, nelems=17, elem type=char[])
ARR 50001d82 (sz=2236, trace=300000, nelems=1118, elem type=char[])
OBJ 50001d83 (sz=32, trace=300000, class=java.util.Hashtable$Entry@500000d3)
	key		50001d89
	value		50001d88
OBJ 50001d84 (sz=24, trace=300000, class=java.lang.String@50000181)
	value		50001d87
OBJ 50001d85 (sz=24, trace=300000, class=java.lang.String@50000181)
	value		50001d86
ARR 50001d86 (sz=46, trace=300000, nelems=23, elem type=char[])
ARR 50001d87 (sz=62, trace=300000, nelems=31, elem type=char[])
OBJ 50001d88 (sz=24, trace=300000, class=java.lang.String@50000181)
	value		50001d8b
OBJ 50001d89 (sz=24, trace=300000, class=java.lang.String@50000181)
	value		50001d8a
ARR 50001d8a (sz=36, trace=300000, nelems=18, elem type=char[])
ARR 50001d8b (sz=8, trace=300000, nelems=4, elem type=char[])
OBJ 50001d8c (sz=24, trace=300000, class=java.lang.String@50000181)
	value		50001d8f
OBJ 50001d8d (sz=24, trace=300000, class=java.lang.String@50000181)
	value		50001d8e
ARR 50001d8e (sz=46, trace=300000, nelems=23, elem type=char[])
ARR 50001d8f (sz=62, trace=300000, nelems=31, elem type=char[])
OBJ 50001d90 (sz=24, trace=300000, class=java.lang.String@50000181)
	value		50001d93
OBJ 50001d91 (sz=24, trace=300000, class=java.lang.String@50000181)
	value		50001d92
ARR 50001d92 (sz=20, trace=300000, nelems=10, elem type=char[])
ARR 50001d93 (sz=6, trace=300000, nelems=3, elem type=char[])
OBJ 50001d94 (sz=24, trace=300000, class=java.lang.String@50000181)
	value		50001d97
OBJ 50001d95 (sz=24, trace=300000, class=java.lang.String@50000181)
	value		50001d96
ARR 50001d96 (sz=18, trace=300000, nelems=9, elem type=char[])
ARR 50001d97 (sz=50, trace=300000, nelems=25, elem type=char[])
OBJ 50001d98 (sz=24, trace=300000, class=java.lang.String@50000181)
	value		50001d9b
OBJ 50001d99 (sz=24, trace=300000, class=java.lang.String@50000181)
	value		50001d9a
ARR 50001d9a (sz=26, trace=300000, nelems=13, elem type=char[])
ARR 50001d9b (sz=0, trace=300000, nelems=0, elem type=char[])
OBJ 50001d9c (sz=24, trace=300000, class=java.lang.String@50000181)
	value		50001d9f
OBJ 50001d9d (sz=24, trace=300000, class=java.lang.String@50000181)
	value		50001d9e
ARR 50001d9e (sz=38, trace=300000, nelems=19, elem type=char[])
ARR 50001d9f (sz=54, trace=300000, nelems=27, elem type=char[])
OBJ 50001da0 (sz=32, trace=300000, class=java.util.Hashtable$Entry@500000d3)
	key		50001da6
	value		50001da5
OBJ 50001da1 (sz=24, trace=300000, class=java.lang.String@50000181)
	value		50001da4
OBJ 50001da2 (sz=24, trace=300000, class=java.lang.String@50000181)
	value		50001da3
ARR 50001da3 (sz=26, trace=300000, nelems=13, elem type=char[])
ARR 50001da4 (sz=6, trace=300000, nelems=3, elem type=char[])
OBJ 50001da5 (sz=24, trace=300000, class=java.lang.String@50000181)
	value		50001da8
OBJ 50001da6 (sz=24, trace=300000, class=java.lang.String@50000181)
	value		50001da7
ARR 50001da7 (sz=52, trace=300000, nelems=26, elem type=char[])
ARR 50001da8 (sz=6, trace=300000, nelems=3, elem type=char[])
OBJ 50001da9 (sz=32, trace=300000, class=java.util.Hashtable$Entry@500000d3)
	key		50001daf
	value		50001dae
OBJ 50001daa (sz=24, trace=300000, class=java.lang.String@50000181)
	value		50001dad
OBJ 50001dab (sz=24, trace=300000, class=java.lang.String@50000181)
	value		50001dac
ARR 50001dac (sz=18, trace=300000, nelems=9, elem type=char[])
ARR 50001dad (sz=26, trace=300000, nelems=13, elem type=char[])
OBJ 50001dae (sz=24, trace=300000, class=java.lang.String@50000181)
	value		50001db1
OBJ 50001daf (sz=24, trace=300000, class=java.lang.String@50000181)
	value		50001db0
ARR 50001db0 (sz=30, trace=300000, nelems=15, elem type=char[])
ARR 50001db1 (sz=190, trace=300000, nelems=95, elem type=char[])
OBJ 50001db2 (sz=24, trace=300000, class=java.lang.String@50000181)
	value		50001db5
OBJ 50001db3 (sz=24, trace=300000, class=java.lang.String@50000181)
	value		50001db4
ARR 50001db4 (sz=58, trace=300000, nelems=29, elem type=char[])
ARR 50001db5 (sz=6, trace=300000, nelems=3, elem type=char[])
OBJ 50001db6 (sz=32, trace=300000, class=java.util.Hashtable$Entry@500000d3)
	key		50001dbb
	value		50001c6c
OBJ 50001db7 (sz=24, trace=300000, class=java.lang.String@50000181)
	value		50001dba
OBJ 50001db8 (sz=24, trace=300000, class=java.lang.String@50000181)
	value		50001db9
ARR 50001db9 (sz=38, trace=300000, nelems=19, elem type=char[])
ARR 50001dba (sz=4, trace=300000, nelems=2, elem type=char[])
OBJ 50001dbb (sz=24, trace=300000, class=java.lang.String@50000181)
	value		50001dbc
ARR 50001dbc (sz=18, trace=300000, nelems=9, elem type=char[])
OBJ 50001dbd (sz=32, trace=300000, class=java.util.Hashtable$Entry@500000d3)
	key		50001dc3
	value		50001dc2
OBJ 50001dbe (sz=24, trace=300000, class=java.lang.String@50000181)
	value		50001dc1
OBJ 50001dbf (sz=24, trace=300000, class=java.lang.String@50000181)
	value		50001dc0
ARR 50001dc0 (sz=50, trace=300000, nelems=25, elem type=char[])
ARR 50001dc1 (sz=36, trace=300000, nelems=18, elem type=char[])
OBJ 50001dc2 (sz=24, trace=300000, class=java.lang.String@50000181)
	value		50001dc5
OBJ 50001dc3 (sz=24, trace=300000, class=java.lang.String@50000181)
	value		50001dc4
ARR 50001dc4 (sz=26, trace=300000, nelems=13, elem type=char[])
ARR 50001dc5 (sz=4, trace=300000, nelems=2, elem type=char[])
OBJ 50001dc6 (sz=24, trace=300000, class=java.lang.String@50000181)
	value		50001dc9
OBJ 50001dc7 (sz=24, trace=300000, class=java.lang.String@50000181)
	value		50001dc8
ARR 50001dc8 (sz=22, trace=300000, nelems=11, elem type=char[])
ARR 50001dc9 (sz=48, trace=300000, nelems=24, elem type=char[])
OBJ 50001dca (sz=32, trace=300000, class=java.util.Hashtable$Entry@500000d3)
	key		50001dd0
	value		50001dcf
OBJ 50001dcb (sz=24, trace=300000, class=java.lang.String@50000181)
	value		50001dce
OBJ 50001dcc (sz=24, trace=300000, class=java.lang.String@50000181)
	value		50001dcd
ARR 50001dcd (sz=24, trace=300000, nelems=12, elem type=char[])
ARR 50001dce (sz=38, trace=300000, nelems=19, elem type=char[])
OBJ 50001dcf (sz=24, trace=300000, class=java.lang.String@50000181)
	value		50001dd2
OBJ 50001dd0 (sz=24, trace=300000, class=java.lang.String@50000181)
	value		50001dd1
ARR 50001dd1 (sz=54, trace=300000, nelems=27, elem type=char[])
ARR 50001dd2 (sz=4, trace=300000, nelems=2, elem type=char[])
OBJ 50001dd3 (sz=24, trace=300000, class=java.lang.String@50000181)
	value		50001dd6
OBJ 50001dd4 (sz=24, trace=300000, class=java.lang.String@50000181)
	value		50001dd5
ARR 50001dd5 (sz=24, trace=300000, nelems=12, elem type=char[])
ARR 50001dd6 (sz=18, trace=300000, nelems=9, elem type=char[])
OBJ 50001dd7 (sz=24, trace=300000, class=java.lang.String@50000181)
	value		50001dda
OBJ 50001dd8 (sz=24, trace=300000, class=java.lang.String@50000181)
	value		50001dd9
ARR 50001dd9 (sz=26, trace=300000, nelems=13, elem type=char[])
ARR 50001dda (sz=140, trace=300000, nelems=70, elem type=char[])
OBJ 50001ddb (sz=24, trace=300000, class=java.lang.String@50000181)
	value		50001dde
OBJ 50001ddc (sz=24, trace=300000, class=java.lang.String@50000181)
	value		50001ddd
ARR 50001ddd (sz=38, trace=300000, nelems=19, elem type=char[])
ARR 50001dde (sz=778, trace=300000, nelems=389, elem type=char[])
OBJ 50001ddf (sz=32, trace=300000, class=java.util.Hashtable$Entry@500000d3)
	key		50001de5
	value		50001de4
OBJ 50001de0 (sz=24, trace=300000, class=java.lang.String@50000181)
	value		50001de3
OBJ 50001de1 (sz=24, trace=300000, class=java.lang.String@50000181)
	value		50001de2
ARR 50001de2 (sz=38, trace=300000, nelems=19, elem type=char[])
ARR 50001de3 (sz=10, trace=300000, nelems=5, elem type=char[])
OBJ 50001de4 (sz=24, trace=300000, class=java.lang.String@50000181)
	value		50001de7
OBJ 50001de5 (sz=24, trace=300000, class=java.lang.String@50000181)
	value		50001de6
ARR 50001de6 (sz=22, trace=300000, nelems=11, elem type=char[])
ARR 50001de7 (sz=36, trace=300000, nelems=18, elem type=char[])
OBJ 50001de8 (sz=24, trace=300000, class=java.lang.String@50000181)
	value		50001deb
OBJ 50001de9 (sz=24, trace=300000, class=java.lang.String@50000181)
	value		50001dea
ARR 50001dea (sz=28, trace=300000, nelems=14, elem type=char[])
ARR 50001deb (sz=2, trace=300000, nelems=1, elem type=char[])
OBJ 50001dec (sz=24, trace=300000, class=java.lang.String@50000181)
	value		50001def
OBJ 50001ded (sz=24, trace=300000, class=java.lang.String@50000181)
	value		50001dee
ARR 50001dee (sz=38, trace=300000, nelems=19, elem type=char[])
ARR 50001def (sz=70, trace=300000, nelems=35, elem type=char[])
OBJ 50001df0 (sz=24, trace=300000, class=java.lang.String@50000181)
	value		50001df3
OBJ 50001df1 (sz=24, trace=300000, class=java.lang.String@50000181)
	value		50001df2
ARR 50001df2 (sz=62, trace=300000, nelems=31, elem type=char[])
ARR 50001df3 (sz=10, trace=300000, nelems=5, elem type=char[])
OBJ 50001df4 (sz=32, trace=300000, class=java.util.Hashtable$Entry@500000d3)
	key		50001dfa
	value		50001df9
OBJ 50001df5 (sz=24, trace=300000, class=java.lang.String@50000181)
	value		50001df8
OBJ 50001df6 (sz=24, trace=300000, class=java.lang.String@50000181)
	value		50001df7
ARR 50001df7 (sz=28, trace=300000, nelems=14, elem type=char[])
ARR 50001df8 (sz=12, trace=300000, nelems=6, elem type=char[])
OBJ 50001df9 (sz=24, trace=300000, class=java.lang.String@50000181)
	value		50001dfc
OBJ 50001dfa (sz=24, trace=300000, class=java.lang.String@50000181)
	value		50001dfb
ARR 50001dfb (sz=46, trace=300000, nelems=23, elem type=char[])
ARR 50001dfc (sz=26, trace=300000, nelems=13, elem type=char[])
OBJ 50001dfd (sz=24, trace=300000, class=java.lang.String@50000181)
	value		50001e00
OBJ 50001dfe (sz=24, trace=300000, class=java.lang.String@50000181)
	value		50001dff
ARR 50001dff (sz=38, trace=300000, nelems=19, elem type=char[])
ARR 50001e00 (sz=10, trace=300000, nelems=5, elem type=char[])
OBJ 50001e01 (sz=24, trace=300000, class=java.lang.String@50000181)
	value		50001e04
OBJ 50001e02 (sz=24, trace=300000, class=java.lang.String@50000181)
	value		50001e03
ARR 50001e03 (sz=22, trace=300000, nelems=11, elem type=char[])
ARR 50001e04 (sz=14, trace=300000, nelems=7, elem type=char[])
OBJ 50001e05 (sz=24, trace=300000, class=java.lang.String@50000181)
	value		50001e08
OBJ 50001e06 (sz=24, trace=300000, class=java.lang.String@50000181)
	value		50001e07
ARR 50001e07 (sz=30, trace=300000, nelems=15, elem type=char[])
ARR 50001e08 (sz=10, trace=300000, nelems=5, elem type=char[])
ARR 50001e09 (sz=32, trace=300000, nelems=16, elem type=char[])
OBJ 50001e0a (sz=24, trace=300000, class=java.util.Collections$EmptyMap@500000ea)
OBJ 50001e0b (sz=16, trace=300000, class=java.util.Collections$EmptyList@500000ec)
OBJ 50001e0c (sz=16, trace=300000, class=java.util.Collections$EmptySet@500000ed)
OBJ 50001e0d (sz=24, trace=300000, class=java.lang.String@50000181)
	value		50001e11
OBJ 50001e0e (sz=16, trace=300000, class=java.lang.Boolean@50000125)
OBJ 50001e0f (sz=16, trace=300000, class=java.lang.Boolean@50000125)
ARR 50001e10 (sz=8, trace=300000, nelems=4, elem type=char[])
ARR 50001e11 (sz=14, trace=300000, nelems=7, elem type=char[])
OBJ 50001e12 (sz=24, trace=300000, class=java.lang.String@50000181)
	value		50001e13
ARR 50001e13 (sz=12, trace=300000, nelems=6, elem type=char[])
OBJ 50001e14 (sz=24, trace=300000, class=java.lang.String@50000181)
	value		50001e15
ARR 50001e15 (sz=70, trace=300000, nelems=35, elem type=char[])
OBJ 50001e16 (sz=16, trace=300000, class=java.lang.Runtime@5000008d)
OBJ 50001e17 (sz=24, trace=300000, class=java.lang.String@50000181)
	value		500039b6
OBJ 50001e18 (sz=24, trace=300000, class=java.lang.String@50000181)
	value		500039b5
OBJ 50001e19 (sz=24, trace=300000, class=java.lang.String@50000181)
	value		500039b4
ARR 50001e1a (sz=24, trace=300000, nelems=1, elem type=java.lang.String[]@500000db)
	[0]		50001d21
ARR 50001e1b (sz=152, trace=300000, nelems=33, elem type=java.lang.String[]@500000db)
	[0]		50003965
	[1]		50003966
	[2]		50003967
	[3]		50003968
	[4]		50003969
	[5]		5000396a
	[6]		5000396b
	[7]		5000396c
	[8]		5000396d
	[9]		5000396e
	[10]		5000396f
	[11]		50003970
	[12]		50003971
	[13]		50003972
	[14]		50003973
	[15]		50003974
	[16]		50003975
	[17]		50003976
	[18]		50003977
	[19]		50003978
	[20]		50003979
	[21]		5000397a
	[22]		5000397b
	[23]		5000397c
	[24]		5000397d
	[25]		5000397e
	[26]		5000397f
	[27]		50003980
	[28]		50003981
	[29]		50003982
	[30]		50003983
	[31]		50003984
	[32]		50003985
OBJ 50001e1c (sz=32, trace=300000, class=java.util.Stack@500000f6)
	elementData	50003964
OBJ 50001e1d (sz=32, trace=300000, class=java.util.Vector@500000f7)
	elementData	50003962
OBJ 50001e1e (sz=32, trace=300000, class=java.util.Vector@500000f7)
	elementData	50003961
ARR 50001e1f (sz=16, trace=300000, nelems=0, elem type=java.security.cert.Certificate[]@500000fe)
OBJ 50001e20 (sz=48, trace=300000, class=sun.misc.URLClassPath@50000004)
	path		5000394f
	urls		5000394e
	loaders		5000394d
	lmap		5000394c
	jarHandler	5000394b
OBJ 50001e21 (sz=48, trace=300000, class=java.util.WeakHashMap@500000ba)
	table		5000395f
	queue		5000395e
OBJ 50001e22 (sz=40, trace=300000, class=java.security.AccessControlContext@50000172)
OBJ 50001e23 (sz=48, trace=300000, class=java.util.HashMap@500000d9)
OBJ 50001e24 (sz=16, trace=300000, class=java.lang.Object@50000185)
OBJ 50001e25 (sz=32, trace=300000, class=java.util.Vector@500000f7)
	elementData	5000394a
OBJ 50001e26 (sz=48, trace=300000, class=java.util.HashMap@500000d9)
OBJ 50001e27 (sz=24, trace=300000, class=java.util.Collections$SynchronizedSet@50000092)
	c		50003948
	mutex		50001e27
OBJ 50001e28 (sz=40, trace=300000, class=java.security.ProtectionDomain@50000173)
	codesource	50003947
	classloader	50001ae4
	principals	50003946
	key		50003945
OBJ 50001e29 (sz=32, trace=300000, class=java.util.Vector@500000f7)
	elementData	50003944
OBJ 50001e2a (sz=64, trace=300000, class=java.util.concurrent.ConcurrentHashMap@5000002a)
OBJ 50001e2b (sz=64, trace=300000, class=java.util.concurrent.ConcurrentHashMap@5000002a)
	table		50000a1f
OBJ 50001e2c (sz=48, trace=300000, class=java.util.WeakHashMap@500000ba)
	table		50003938
	queue		50003937
OBJ 50001e2d (sz=40, trace=300000, class=java.security.AccessControlContext@50000172)
OBJ 50001e2e (sz=48, trace=300000, class=sun.misc.URLClassPath@50000004)
	path		50003911
	urls		50003910
	loaders		5000390f
	lmap		5000390e
	jarHandler	5000390d
OBJ 50001e2f (sz=48, trace=300000, class=java.util.HashMap@500000d9)
	table		50001344
OBJ 50001e30 (sz=16, trace=300000, class=java.lang.Object@50000185)
OBJ 50001e31 (sz=32, trace=300000, class=java.util.Vector@500000f7)
	elementData	5000390c
OBJ 50001e32 (sz=48, trace=300000, class=java.util.HashMap@500000d9)
	table		50001134
OBJ 50001e33 (sz=24, trace=300000, class=java.util.Collections$SynchronizedSet@50000092)
	c		5000390a
	mutex		50001e33
OBJ 50001e34 (sz=40, trace=300000, class=java.security.ProtectionDomain@50000173)
	codesource	50003909
	classloader	50001ae6
	principals	50003908
	key		50003907
OBJ 50001e35 (sz=32, trace=300000, class=java.util.Vector@500000f7)
	elementData	50001f6f
OBJ 50001e36 (sz=64, trace=300000, class=java.util.concurrent.ConcurrentHashMap@5000002a)
	table		50001348
OBJ 50001e37 (sz=64, trace=300000, class=java.util.concurrent.ConcurrentHashMap@5000002a)
	table		500013c4
OBJ 50001e38 (sz=24, trace=300000, class=java.lang.String@50000181)
	value		50001e39
ARR 50001e39 (sz=32, trace=300000, nelems=16, elem type=char[])
OBJ 50001e3a (sz=24, trace=300000, class=java.lang.String@50000181)
	value		50001e3b
ARR 50001e3b (sz=32, trace=300000, nelems=16, elem type=char[])
OBJ 50001e3c (sz=24, trace=300000, class=java.lang.String@50000181)
	value		50001e3d
ARR 50001e3d (sz=72, trace=300000, nelems=36, elem type=char[])
OBJ 50001e3e (sz=24, trace=300000, class=java.lang.String@50000181)
	value		50001e3f
ARR 50001e3f (sz=64, trace=300000, nelems=32, elem type=char[])
OBJ 50001e40 (sz=24, trace=300000, class=java.lang.String@50000181)
	value		50001e41
ARR 50001e41 (sz=62, trace=300000, nelems=31, elem type=char[])
OBJ 50001e42 (sz=24, trace=300000, class=java.lang.String@50000181)
	value		50001e43
ARR 50001e43 (sz=90, trace=300000, nelems=45, elem type=char[])
OBJ 50001e44 (sz=24, trace=300000, class=java.lang.String@50000181)
	value		50001f64
OBJ 50001e45 (sz=24, trace=300000, class=java.lang.String@50000181)
	value		50001e51
OBJ 50001e46 (sz=24, trace=300000, class=java.lang.String@50000181)
	value		50001f66
OBJ 50001e47 (sz=24, trace=300000, class=java.lang.String@50000181)
	value		50001f6e
OBJ 50001e48 (sz=24, trace=300000, class=java.lang.String@50000181)
	value		50001f6d
OBJ 50001e49 (sz=24, trace=300000, class=java.lang.String@50000181)
	value		50001f6c
OBJ 50001e4a (sz=24, trace=300000, class=java.lang.String@50000181)
	value		50001f6b
OBJ 50001e4b (sz=24, trace=300000, class=java.lang.String@50000181)
	value		50001f6a
ARR 50001e4c (sz=32, trace=300000, nelems=3, elem type=java.io.ObjectStreamField[]@5000010e)
	[0]		50001e4d
	[1]		50001e4e
	[2]		50001e4f
OBJ 50001e4d (sz=40, trace=300000, class=java.io.ObjectStreamField@50000110)
	name		50001e46
	signature	50001f65
	type		50000024
OBJ 50001e4e (sz=40, trace=300000, class=java.io.ObjectStreamField@50000110)
	name		50001e44
	signature	50001e50
	type		50001bfb
OBJ 50001e4f (sz=40, trace=300000, class=java.io.ObjectStreamField@50000110)
	name		50001e45
	signature	50001e50
	type		50001bfb
OBJ 50001e50 (sz=24, trace=300000, class=java.lang.String@50000181)
	value		50001e52
ARR 50001e51 (sz=24, trace=300000, nelems=12, elem type=char[])
ARR 50001e52 (sz=2, trace=300000, nelems=1, elem type=char[])
ARR 50001e53 (sz=6, trace=300000, nelems=3, elem type=char[])
OBJ 50001e54 (sz=24, trace=300000, class=java.lang.String@50000181)
	value		50001f5f
OBJ 50001e55 (sz=24, trace=300000, class=java.lang.String@50000181)
	value		50001f5e
ARR 50001e56 (sz=40, trace=300000, nelems=10, elem type=int[])
ARR 50001e57 (sz=200, trace=300000, nelems=100, elem type=char[])
ARR 50001e58 (sz=200, trace=300000, nelems=100, elem type=char[])
ARR 50001e59 (sz=72, trace=300000, nelems=36, elem type=char[])
ARR 50001e5a (sz=1040, trace=300000, nelems=256, elem type=java.lang.Integer[]@5000004b)
	[0]		50001e5b
	[1]		50001e5c
	[2]		50001e5d
	[3]		50001e5e
	[4]		50001e5f
	[5]		50001e60
	[6]		50001e61
	[7]		50001e62
	[8]		50001e63
	[9]		50001e64
	[10]		50001e65
	[11]		50001e66
	[12]		50001e67
	[13]		50001e68
	[14]		50001e69
	[15]		50001e6a
	[16]		50001e6b
	[17]		50001e6c
	[18]		50001e6d
	[19]		50001e6e
	[20]		50001e6f
	[21]		50001e70
	[22]		50001e71
	[23]		50001e72
	[24]		50001e73
	[25]		50001e74
	[26]		50001e75
	[27]		50001e76
	[28]		50001e77
	[29]		50001e78
	[30]		50001e79
	[31]		50001e7a
	[32]		50001e7b
	[33]		50001e7c
	[34]		50001e7d
	[35]		50001e7e
	[36]		50001e7f
	[37]		50001e80
	[38]		50001e81
	[39]		50001e82
	[40]		50001e83
	[41]		50001e84
	[42]		50001e85
	[43]		50001e86
	[44]		50001e87
	[45]		50001e88
	[46]		50001e89
	[47]		50001e8a
	[48]		50001e8b
	[49]		50001e8c
	[50]		50001e8d
	[51]		50001e8e
	[52]		50001e8f
	[53]		50001e90
	[54]		50001e91
	[55]		50001e92
	[56]		50001e93
	[57]		50001e94
	[58]		50001e95
	[59]		50001e96
	[60]		50001e97
	[61]		50001e98
	[62]		50001e99
	[63]		50001e9a
	[64]		50001e9b
	[65]		50001e9c
	[66]		50001e9d
	[67]		50001e9e
	[68]		50001e9f
	[69]		50001ea0
	[70]		50001ea1
	[71]		50001ea2
	[72]		50001ea3
	[73]		50001ea4
	[74]		50001ea5
	[75]		50001ea6
	[76]		50001ea7
	[77]		50001ea8
	[78]		50001ea9
	[79]		50001eaa
	[80]		50001eab
	[81]		50001eac
	[82]		50001ead
	[83]		50001eae
	[84]		50001eaf
	[85]		50001eb0
	[86]		50001eb1
	[87]		50001eb2
	[88]		50001eb3
	[89]		50001eb4
	[90]		50001eb5
	[91]		50001eb6
	[92]		50001eb7
	[93]		50001eb8
	[94]		50001eb9
	[95]		50001eba
	[96]		50001ebb
	[97]		50001ebc
	[98]		50001ebd
	[99]		50001ebe
	[100]		50001ebf
	[101]		50001ec0
	[102]		50001ec1
	[103]		50001ec2
	[104]		50001ec3
	[105]		50001ec4
	[106]		50001ec5
	[107]		50001ec6
	[108]		50001ec7
	[109]		50001ec8
	[110]		50001ec9
	[111]		50001eca
	[112]		50001ecb
	[113]		50001ecc
	[114]		50001ecd
	[115]		50001ece
	[116]		50001ecf
	[117]		50001ed0
	[118]		50001ed1
	[119]		50001ed2
	[120]		50001ed3
	[121]		50001ed4
	[122]		50001ed5
	[123]		50001ed6
	[124]		50001ed7
	[125]		50001ed8
	[126]		50001ed9
	[127]		50001eda
	[128]		50001edb
	[129]		50001edc
	[130]		50001edd
	[131]		50001ede
	[132]		50001edf
	[133]		50001ee0
	[134]		50001ee1
	[135]		50001ee2
	[136]		50001ee3
	[137]		50001ee4
	[138]		50001ee5
	[139]		50001ee6
	[140]		50001ee7
	[141]		50001ee8
	[142]		50001ee9
	[143]		50001eea
	[144]		50001eeb
	[145]		50001eec
	[146]		50001eed
	[147]		50001eee
	[148]		50001eef
	[149]		50001ef0
	[150]		50001ef1
	[151]		50001ef2
	[152]		50001ef3
	[153]		50001ef4
	[154]		50001ef5
	[155]		50001ef6
	[156]		50001ef7
	[157]		50001ef8
	[158]		50001ef9
	[159]		50001efa
	[160]		50001efb
	[161]		50001efc
	[162]		50001efd
	[163]		50001efe
	[164]		50001eff
	[165]		50001f00
	[166]		50001f01
	[167]		50001f02
	[168]		50001f03
	[169]		50001f04
	[170]		50001f05
	[171]		50001f06
	[172]		50001f07
	[173]		50001f08
	[174]		50001f09
	[175]		50001f0a
	[176]		50001f0b
	[177]		50001f0c
	[178]		50001f0d
	[179]		50001f0e
	[180]		50001f0f
	[181]		50001f10
	[182]		50001f11
	[183]		50001f12
	[184]		50001f13
	[185]		50001f14
	[186]		50001f15
	[187]		50001f16
	[188]		50001f17
	[189]		50001f18
	[190]		50001f19
	[191]		50001f1a
	[192]		50001f1b
	[193]		50001f1c
	[194]		50001f1d
	[195]		50001f1e
	[196]		50001f1f
	[197]		50001f20
	[198]		50001f21
	[199]		50001f22
	[200]		50001f23
	[201]		50001f24
	[202]		50001f25
	[203]		50001f26
	[204]		50001f27
	[205]		50001f28
	[206]		50001f29
	[207]		50001f2a
	[208]		50001f2b
	[209]		50001f2c
	[210]		50001f2d
	[211]		50001f2e
	[212]		50001f2f
	[213]		50001f30
	[214]		50001f31
	[215]		50001f32
	[216]		50001f33
	[217]		50001f34
	[218]		50001f35
	[219]		50001f36
	[220]		50001f37
	[221]		50001f38
	[222]		50001f39
	[223]		50001f3a
	[224]		50001f3b
	[225]		50001f3c
	[226]		50001f3d
	[227]		50001f3e
	[228]		50001f3f
	[229]		50001f40
	[230]		50001f41
	[231]		50001f42
	[232]		50001f43
	[233]		50001f44
	[234]		50001f45
	[235]		50001f46
	[236]		50001f47
	[237]		50001f48
	[238]		50001f49
	[239]		50001f4a
	[240]		50001f4b
	[241]		50001f4c
	[242]		50001f4d
	[243]		50001f4e
	[244]		50001f4f
	[245]		50001f50
	[246]		50001f51
	[247]		50001f52
	[248]		50001f53
	[249]		50001f54
	[250]		50001f55
	[251]		50001f56
	[252]		50001f57
	[253]		50001f58
	[254]		50001f59
	[255]		50001f5a
OBJ 50001e5b (sz=16, trace=300000, class=java.lang.Integer@5000011e)
OBJ 50001e5c (sz=16, trace=300000, class=java.lang.Integer@5000011e)
OBJ 50001e5d (sz=16, trace=300000, class=java.lang.Integer@5000011e)
OBJ 50001e5e (sz=16, trace=300000, class=java.lang.Integer@5000011e)
OBJ 50001e5f (sz=16, trace=300000, class=java.lang.Integer@5000011e)
OBJ 50001e60 (sz=16, trace=300000, class=java.lang.Integer@5000011e)
OBJ 50001e61 (sz=16, trace=300000, class=java.lang.Integer@5000011e)
OBJ 50001e62 (sz=16, trace=300000, class=java.lang.Integer@5000011e)
OBJ 50001e63 (sz=16, trace=300000, class=java.lang.Integer@5000011e)
OBJ 50001e64 (sz=16, trace=300000, class=java.lang.Integer@5000011e)
OBJ 50001e65 (sz=16, trace=300000, class=java.lang.Integer@5000011e)
OBJ 50001e66 (sz=16, trace=300000, class=java.lang.Integer@5000011e)
OBJ 50001e67 (sz=16, trace=300000, class=java.lang.Integer@5000011e)
OBJ 50001e68 (sz=16, trace=300000, class=java.lang.Integer@5000011e)
OBJ 50001e69 (sz=16, trace=300000, class=java.lang.Integer@5000011e)
OBJ 50001e6a (sz=16, trace=300000, class=java.lang.Integer@5000011e)
OBJ 50001e6b (sz=16, trace=300000, class=java.lang.Integer@5000011e)
OBJ 50001e6c (sz=16, trace=300000, class=java.lang.Integer@5000011e)
OBJ 50001e6d (sz=16, trace=300000, class=java.lang.Integer@5000011e)
OBJ 50001e6e (sz=16, trace=300000, class=java.lang.Integer@5000011e)
OBJ 50001e6f (sz=16, trace=300000, class=java.lang.Integer@5000011e)
OBJ 50001e70 (sz=16, trace=300000, class=java.lang.Integer@5000011e)
OBJ 50001e71 (sz=16, trace=300000, class=java.lang.Integer@5000011e)
OBJ 50001e72 (sz=16, trace=300000, class=java.lang.Integer@5000011e)
OBJ 50001e73 (sz=16, trace=300000, class=java.lang.Integer@5000011e)
OBJ 50001e74 (sz=16, trace=300000, class=java.lang.Integer@5000011e)
OBJ 50001e75 (sz=16, trace=300000, class=java.lang.Integer@5000011e)
OBJ 50001e76 (sz=16, trace=300000, class=java.lang.Integer@5000011e)
OBJ 50001e77 (sz=16, trace=300000, class=java.lang.Integer@5000011e)
OBJ 50001e78 (sz=16, trace=300000, class=java.lang.Integer@5000011e)
OBJ 50001e79 (sz=16, trace=300000, class=java.lang.Integer@5000011e)
OBJ 50001e7a (sz=16, trace=300000, class=java.lang.Integer@5000011e)
OBJ 50001e7b (sz=16, trace=300000, class=java.lang.Integer@5000011e)
OBJ 50001e7c (sz=16, trace=300000, class=java.lang.Integer@5000011e)
OBJ 50001e7d (sz=16, trace=300000, class=java.lang.Integer@5000011e)
OBJ 50001e7e (sz=16, trace=300000, class=java.lang.Integer@5000011e)
OBJ 50001e7f (sz=16, trace=300000, class=java.lang.Integer@5000011e)
OBJ 50001e80 (sz=16, trace=300000, class=java.lang.Integer@5000011e)
OBJ 50001e81 (sz=16, trace=300000, class=java.lang.Integer@5000011e)
OBJ 50001e82 (sz=16, trace=300000, class=java.lang.Integer@5000011e)
OBJ 50001e83 (sz=16, trace=300000, class=java.lang.Integer@5000011e)
OBJ 50001e84 (sz=16, trace=300000, class=java.lang.Integer@5000011e)
OBJ 50001e85 (sz=16, trace=300000, class=java.lang.Integer@5000011e)
OBJ 50001e86 (sz=16, trace=300000, class=java.lang.Integer@5000011e)
OBJ 50001e87 (sz=16, trace=300000, class=java.lang.Integer@5000011e)
OBJ 50001e88 (sz=16, trace=300000, class=java.lang.Integer@5000011e)
OBJ 50001e89 (sz=16, trace=300000, class=java.lang.Integer@5000011e)
OBJ 50001e8a (sz=16, trace=300000, class=java.lang.Integer@5000011e)
OBJ 50001e8b (sz=16, trace=300000, class=java.lang.Integer@5000011e)
OBJ 50001e8c (sz=16, trace=300000, class=java.lang.Integer@5000011e)
OBJ 50001e8d (sz=16, trace=300000, class=java.lang.Integer@5000011e)
OBJ 50001e8e (sz=16, trace=300000, class=java.lang.Integer@5000011e)
OBJ 50001e8f (sz=16, trace=300000, class=java.lang.Integer@5000011e)
OBJ 50001e90 (sz=16, trace=300000, class=java.lang.Integer@5000011e)
OBJ 50001e91 (sz=16, trace=300000, class=java.lang.Integer@5000011e)
OBJ 50001e92 (sz=16, trace=300000, class=java.lang.Integer@5000011e)
OBJ 50001e93 (sz=16, trace=300000, class=java.lang.Integer@5000011e)
OBJ 50001e94 (sz=16, trace=300000, class=java.lang.Integer@5000011e)
OBJ 50001e95 (sz=16, trace=300000, class=java.lang.Integer@5000011e)
OBJ 50001e96 (sz=16, trace=300000, class=java.lang.Integer@5000011e)
OBJ 50001e97 (sz=16, trace=300000, class=java.lang.Integer@5000011e)
OBJ 50001e98 (sz=16, trace=300000, class=java.lang.Integer@5000011e)
OBJ 50001e99 (sz=16, trace=300000, class=java.lang.Integer@5000011e)
OBJ 50001e9a (sz=16, trace=300000, class=java.lang.Integer@5000011e)
OBJ 50001e9b (sz=16, trace=300000, class=java.lang.Integer@5000011e)
OBJ 50001e9c (sz=16, trace=300000, class=java.lang.Integer@5000011e)
OBJ 50001e9d (sz=16, trace=300000, class=java.lang.Integer@5000011e)
OBJ 50001e9e (sz=16, trace=300000, class=java.lang.Integer@5000011e)
OBJ 50001e9f (sz=16, trace=300000, class=java.lang.Integer@5000011e)
OBJ 50001ea0 (sz=16, trace=300000, class=java.lang.Integer@5000011e)
OBJ 50001ea1 (sz=16, trace=300000, class=java.lang.Integer@5000011e)
OBJ 50001ea2 (sz=16, trace=300000, class=java.lang.Integer@5000011e)
OBJ 50001ea3 (sz=16, trace=300000, class=java.lang.Integer@5000011e)
OBJ 50001ea4 (sz=16, trace=300000, class=java.lang.Integer@5000011e)
OBJ 50001ea5 (sz=16, trace=300000, class=java.lang.Integer@5000011e)
OBJ 50001ea6 (sz=16, trace=300000, class=java.lang.Integer@5000011e)
OBJ 50001ea7 (sz=16, trace=300000, class=java.lang.Integer@5000011e)
OBJ 50001ea8 (sz=16, trace=300000, class=java.lang.Integer@5000011e)
OBJ 50001ea9 (sz=16, trace=300000, class=java.lang.Integer@5000011e)
OBJ 50001eaa (sz=16, trace=300000, class=java.lang.Integer@5000011e)
OBJ 50001eab (sz=16, trace=300000, class=java.lang.Integer@5000011e)
OBJ 50001eac (sz=16, trace=300000, class=java.lang.Integer@5000011e)
OBJ 50001ead (sz=16, trace=300000, class=java.lang.Integer@5000011e)
OBJ 50001eae (sz=16, trace=300000, class=java.lang.Integer@5000011e)
OBJ 50001eaf (sz=16, trace=300000, class=java.lang.Integer@5000011e)
OBJ 50001eb0 (sz=16, trace=300000, class=java.lang.Integer@5000011e)
OBJ 50001eb1 (sz=16, trace=300000, class=java.lang.Integer@5000011e)
OBJ 50001eb2 (sz=16, trace=300000, class=java.lang.Integer@5000011e)
OBJ 50001eb3 (sz=16, trace=300000, class=java.lang.Integer@5000011e)
OBJ 50001eb4 (sz=16, trace=300000, class=java.lang.Integer@5000011e)
OBJ 50001eb5 (sz=16, trace=300000, class=java.lang.Integer@5000011e)
OBJ 50001eb6 (sz=16, trace=300000, class=java.lang.Integer@5000011e)
OBJ 50001eb7 (sz=16, trace=300000, class=java.lang.Integer@5000011e)
OBJ 50001eb8 (sz=16, trace=300000, class=java.lang.Integer@5000011e)
OBJ 50001eb9 (sz=16, trace=300000, class=java.lang.Integer@5000011e)
OBJ 50001eba (sz=16, trace=300000, class=java.lang.Integer@5000011e)
OBJ 50001ebb (sz=16, trace=300000, class=java.lang.Integer@5000011e)
OBJ 50001ebc (sz=16, trace=300000, class=java.lang.Integer@5000011e)
OBJ 50001ebd (sz=16, trace=300000, class=java.lang.Integer@5000011e)
OBJ 50001ebe (sz=16, trace=300000, class=java.lang.Integer@5000011e)
OBJ 50001ebf (sz=16, trace=300000, class=java.lang.Integer@5000011e)
OBJ 50001ec0 (sz=16, trace=300000, class=java.lang.Integer@5000011e)
OBJ 50001ec1 (sz=16, trace=300000, class=java.lang.Integer@5000011e)
OBJ 50001ec2 (sz=16, trace=300000, class=java.lang.Integer@5000011e)
OBJ 50001ec3 (sz=16, trace=300000, class=java.lang.Integer@5000011e)
OBJ 50001ec4 (sz=16, trace=300000, class=java.lang.Integer@5000011e)
OBJ 50001ec5 (sz=16, trace=300000, class=java.lang.Integer@5000011e)
OBJ 50001ec6 (sz=16, trace=300000, class=java.lang.Integer@5000011e)
OBJ 50001ec7 (sz=16, trace=300000, class=java.lang.Integer@5000011e)
OBJ 50001ec8 (sz=16, trace=300000, class=java.lang.Integer@5000011e)
OBJ 50001ec9 (sz=16, trace=300000, class=java.lang.Integer@5000011e)
OBJ 50001eca (sz=16, trace=300000, class=java.lang.Integer@5000011e)
OBJ 50001ecb (sz=16, trace=300000, class=java.lang.Integer@5000011e)
OBJ 50001ecc (sz=16, trace=300000, class=java.lang.Integer@5000011e)
OBJ 50001ecd (sz=16, trace=300000, class=java.lang.Integer@5000011e)
OBJ 50001ece (sz=16, trace=300000, class=java.lang.Integer@5000011e)
OBJ 50001ecf (sz=16, trace=300000, class=java.lang.Integer@5000011e)
OBJ 50001ed0 (sz=16, trace=300000, class=java.lang.Integer@5000011e)
OBJ 50001ed1 (sz=16, trace=300000, class=java.lang.Integer@5000011e)
OBJ 50001ed2 (sz=16, trace=300000, class=java.lang.Integer@5000011e)
OBJ 50001ed3 (sz=16, trace=300000, class=java.lang.Integer@5000011e)
OBJ 50001ed4 (sz=16, trace=300000, class=java.lang.Integer@5000011e)
OBJ 50001ed5 (sz=16, trace=300000, class=java.lang.Integer@5000011e)
OBJ 50001ed6 (sz=16, trace=300000, class=java.lang.Integer@5000011e)
OBJ 50001ed7 (sz=16, trace=300000, class=java.lang.Integer@5000011e)
OBJ 50001ed8 (sz=16, trace=300000, class=java.lang.Integer@5000011e)
OBJ 50001ed9 (sz=16, trace=300000, class=java.lang.Integer@5000011e)
OBJ 50001eda (sz=16, trace=300000, class=java.lang.Integer@5000011e)
OBJ 50001edb (sz=16, trace=300000, class=java.lang.Integer@5000011e)
OBJ 50001edc (sz=16, trace=300000, class=java.lang.Integer@5000011e)
OBJ 50001edd (sz=16, trace=300000, class=java.lang.Integer@5000011e)
OBJ 50001ede (sz=16, trace=300000, class=java.lang.Integer@5000011e)
OBJ 50001edf (sz=16, trace=300000, class=java.lang.Integer@5000011e)
OBJ 50001ee0 (sz=16, trace=300000, class=java.lang.Integer@5000011e)
OBJ 50001ee1 (sz=16, trace=300000, class=java.lang.Integer@5000011e)
OBJ 50001ee2 (sz=16, trace=300000, class=java.lang.Integer@5000011e)
OBJ 50001ee3 (sz=16, trace=300000, class=java.lang.Integer@5000011e)
OBJ 50001ee4 (sz=16, trace=300000, class=java.lang.Integer@5000011e)
OBJ 50001ee5 (sz=16, trace=300000, class=java.lang.Integer@5000011e)
OBJ 50001ee6 (sz=16, trace=300000, class=java.lang.Integer@5000011e)
OBJ 50001ee7 (sz=16, trace=300000, class=java.lang.Integer@5000011e)
OBJ 50001ee8 (sz=16, trace=300000, class=java.lang.Integer@5000011e)
OBJ 50001ee9 (sz=16, trace=300000, class=java.lang.Integer@5000011e)
OBJ 50001eea (sz=16, trace=300000, class=java.lang.Integer@5000011e)
OBJ 50001eeb (sz=16, trace=300000, class=java.lang.Integer@5000011e)
OBJ 50001eec (sz=16, trace=300000, class=java.lang.Integer@5000011e)
OBJ 50001eed (sz=16, trace=300000, class=java.lang.Integer@5000011e)
OBJ 50001eee (sz=16, trace=300000, class=java.lang.Integer@5000011e)
OBJ 50001eef (sz=16, trace=300000, class=java.lang.Integer@5000011e)
OBJ 50001ef0 (sz=16, trace=300000, class=java.lang.Integer@5000011e)
OBJ 50001ef1 (sz=16, trace=300000, class=java.lang.Integer@5000011e)
OBJ 50001ef2 (sz=16, trace=300000, class=java.lang.Integer@5000011e)
OBJ 50001ef3 (sz=16, trace=300000, class=java.lang.Integer@5000011e)
OBJ 50001ef4 (sz=16, trace=300000, class=java.lang.Integer@5000011e)
OBJ 50001ef5 (sz=16, trace=300000, class=java.lang.Integer@5000011e)
OBJ 50001ef6 (sz=16, trace=300000, class=java.lang.Integer@5000011e)
OBJ 50001ef7 (sz=16, trace=300000, class=java.lang.Integer@5000011e)
OBJ 50001ef8 (sz=16, trace=300000, class=java.lang.Integer@5000011e)
OBJ 50001ef9 (sz=16, trace=300000, class=java.lang.Integer@5000011e)
OBJ 50001efa (sz=16, trace=300000, class=java.lang.Integer@5000011e)
OBJ 50001efb (sz=16, trace=300000, class=java.lang.Integer@5000011e)
OBJ 50001efc (sz=16, trace=300000, class=java.lang.Integer@5000011e)
OBJ 50001efd (sz=16, trace=300000, class=java.lang.Integer@5000011e)
OBJ 50001efe (sz=16, trace=300000, class=java.lang.Integer@5000011e)
OBJ 50001eff (sz=16, trace=300000, class=java.lang.Integer@5000011e)
OBJ 50001f00 (sz=16, trace=300000, class=java.lang.Integer@5000011e)
OBJ 50001f01 (sz=16, trace=300000, class=java.lang.Integer@5000011e)
OBJ 50001f02 (sz=16, trace=300000, class=java.lang.Integer@5000011e)
OBJ 50001f03 (sz=16, trace=300000, class=java.lang.Integer@5000011e)
OBJ 50001f04 (sz=16, trace=300000, class=java.lang.Integer@5000011e)
OBJ 50001f05 (sz=16, trace=300000, class=java.lang.Integer@5000011e)
OBJ 50001f06 (sz=16, trace=300000, class=java.lang.Integer@5000011e)
OBJ 50001f07 (sz=16, trace=300000, class=java.lang.Integer@5000011e)
OBJ 50001f08 (sz=16, trace=300000, class=java.lang.Integer@5000011e)
OBJ 50001f09 (sz=16, trace=300000, class=java.lang.Integer@5000011e)
OBJ 50001f0a (sz=16, trace=300000, class=java.lang.Integer@5000011e)
OBJ 50001f0b (sz=16, trace=300000, class=java.lang.Integer@5000011e)
OBJ 50001f0c (sz=16, trace=300000, class=java.lang.Integer@5000011e)
OBJ 50001f0d (sz=16, trace=300000, class=java.lang.Integer@5000011e)
OBJ 50001f0e (sz=16, trace=300000, class=java.lang.Integer@5000011e)
OBJ 50001f0f (sz=16, trace=300000, class=java.lang.Integer@5000011e)
OBJ 50001f10 (sz=16, trace=300000, class=java.lang.Integer@5000011e)
OBJ 50001f11 (sz=16, trace=300000, class=java.lang.Integer@5000011e)
OBJ 50001f12 (sz=16, trace=300000, class=java.lang.Integer@5000011e)
OBJ 50001f13 (sz=16, trace=300000, class=java.lang.Integer@5000011e)
OBJ 50001f14 (sz=16, trace=300000, class=java.lang.Integer@5000011e)
OBJ 50001f15 (sz=16, trace=300000, class=java.lang.Integer@5000011e)
OBJ 50001f16 (sz=16, trace=300000, class=java.lang.Integer@5000011e)
OBJ 50001f17 (sz=16, trace=300000, class=java.lang.Integer@5000011e)
OBJ 50001f18 (sz=16, trace=300000, class=java.lang.Integer@5000011e)
OBJ 50001f19 (sz=16, trace=300000, class=java.lang.Integer@5000011e)
OBJ 50001f1a (sz=16, trace=300000, class=java.lang.Integer@5000011e)
OBJ 50001f1b (sz=16, trace=300000, class=java.lang.Integer@5000011e)
OBJ 50001f1c (sz=16, trace=300000, class=java.lang.Integer@5000011e)
OBJ 50001f1d (sz=16, trace=300000, class=java.lang.Integer@5000011e)
OBJ 50001f1e (sz=16, trace=300000, class=java.lang.Integer@5000011e)
OBJ 50001f1f (sz=16, trace=300000, class=java.lang.Integer@5000011e)
OBJ 50001f20 (sz=16, trace=300000, class=java.lang.Integer@5000011e)
OBJ 50001f21 (sz=16, trace=300000, class=java.lang.Integer@5000011e)
OBJ 50001f22 (sz=16, trace=300000, class=java.lang.Integer@5000011e)
OBJ 50001f23 (sz=16, trace=300000, class=java.lang.Integer@5000011e)
OBJ 50001f24 (sz=16, trace=300000, class=java.lang.Integer@5000011e)
OBJ 50001f25 (sz=16, trace=300000, class=java.lang.Integer@5000011e)
OBJ 50001f26 (sz=16, trace=300000, class=java.lang.Integer@5000011e)
OBJ 50001f27 (sz=16, trace=300000, class=java.lang.Integer@5000011e)
OBJ 50001f28 (sz=16, trace=300000, class=java.lang.Integer@5000011e)
OBJ 50001f29 (sz=16, trace=300000, class=java.lang.Integer@5000011e)
OBJ 50001f2a (sz=16, trace=300000, class=java.lang.Integer@5000011e)
OBJ 50001f2b (sz=16, trace=300000, class=java.lang.Integer@5000011e)
OBJ 50001f2c (sz=16, trace=300000, class=java.lang.Integer@5000011e)
OBJ 50001f2d (sz=16, trace=300000, class=java.lang.Integer@5000011e)
OBJ 50001f2e (sz=16, trace=300000, class=java.lang.Integer@5000011e)
OBJ 50001f2f (sz=16, trace=300000, class=java.lang.Integer@5000011e)
OBJ 50001f30 (sz=16, trace=300000, class=java.lang.Integer@5000011e)
OBJ 50001f31 (sz=16, trace=300000, class=java.lang.Integer@5000011e)
OBJ 50001f32 (sz=16, trace=300000, class=java.lang.Integer@5000011e)
OBJ 50001f33 (sz=16, trace=300000, class=java.lang.Integer@5000011e)
OBJ 50001f34 (sz=16, trace=300000, class=java.lang.Integer@5000011e)
OBJ 50001f35 (sz=16, trace=300000, class=java.lang.Integer@5000011e)
OBJ 50001f36 (sz=16, trace=300000, class=java.lang.Integer@5000011e)
OBJ 50001f37 (sz=16, trace=300000, class=java.lang.Integer@5000011e)
OBJ 50001f38 (sz=16, trace=300000, class=java.lang.Integer@5000011e)
OBJ 50001f39 (sz=16, trace=300000, class=java.lang.Integer@5000011e)
OBJ 50001f3a (sz=16, trace=300000, class=java.lang.Integer@5000011e)
OBJ 50001f3b (sz=16, trace=300000, class=java.lang.Integer@5000011e)
OBJ 50001f3c (sz=16, trace=300000, class=java.lang.Integer@5000011e)
OBJ 50001f3d (sz=16, trace=300000, class=java.lang.Integer@5000011e)
OBJ 50001f3e (sz=16, trace=300000, class=java.lang.Integer@5000011e)
OBJ 50001f3f (sz=16, trace=300000, class=java.lang.Integer@5000011e)
OBJ 50001f40 (sz=16, trace=300000, class=java.lang.Integer@5000011e)
OBJ 50001f41 (sz=16, trace=300000, class=java.lang.Integer@5000011e)
OBJ 50001f42 (sz=16, trace=300000, class=java.lang.Integer@5000011e)
OBJ 50001f43 (sz=16, trace=300000, class=java.lang.Integer@5000011e)
OBJ 50001f44 (sz=16, trace=300000, class=java.lang.Integer@5000011e)
OBJ 50001f45 (sz=16, trace=300000, class=java.lang.Integer@5000011e)
OBJ 50001f46 (sz=16, trace=300000, class=java.lang.Integer@5000011e)
OBJ 50001f47 (sz=16, trace=300000, class=java.lang.Integer@5000011e)
OBJ 50001f48 (sz=16, trace=300000, class=java.lang.Integer@5000011e)
OBJ 50001f49 (sz=16, trace=300000, class=java.lang.Integer@5000011e)
OBJ 50001f4a (sz=16, trace=300000, class=java.lang.Integer@5000011e)
OBJ 50001f4b (sz=16, trace=300000, class=java.lang.Integer@5000011e)
OBJ 50001f4c (sz=16, trace=300000, class=java.lang.Integer@5000011e)
OBJ 50001f4d (sz=16, trace=300000, class=java.lang.Integer@5000011e)
OBJ 50001f4e (sz=16, trace=300000, class=java.lang.Integer@5000011e)
OBJ 50001f4f (sz=16, trace=300000, class=java.lang.Integer@5000011e)
OBJ 50001f50 (sz=16, trace=300000, class=java.lang.Integer@5000011e)
OBJ 50001f51 (sz=16, trace=300000, class=java.lang.Integer@5000011e)
OBJ 50001f52 (sz=16, trace=300000, class=java.lang.Integer@5000011e)
OBJ 50001f53 (sz=16, trace=300000, class=java.lang.Integer@5000011e)
OBJ 50001f54 (sz=16, trace=300000, class=java.lang.Integer@5000011e)
OBJ 50001f55 (sz=16, trace=300000, class=java.lang.Integer@5000011e)
OBJ 50001f56 (sz=16, trace=300000, class=java.lang.Integer@5000011e)
OBJ 50001f57 (sz=16, trace=300000, class=java.lang.Integer@5000011e)
OBJ 50001f58 (sz=16, trace=300000, class=java.lang.Integer@5000011e)
OBJ 50001f59 (sz=16, trace=300000, class=java.lang.Integer@5000011e)
OBJ 50001f5a (sz=16, trace=300000, class=java.lang.Integer@5000011e)
ARR 50001f5b (sz=70, trace=300000, nelems=35, elem type=char[])
OBJ 50001f5c (sz=24, trace=300000, class=java.lang.String@50000181)
	value		50001f5d
ARR 50001f5d (sz=8, trace=300000, nelems=4, elem type=char[])
ARR 50001f5e (sz=6, trace=300000, nelems=3, elem type=char[])
ARR 50001f5f (sz=8, trace=300000, nelems=4, elem type=char[])
OBJ 50001f60 (sz=24, trace=300000, class=java.lang.String@50000181)
	value		50001f61
ARR 50001f61 (sz=10, trace=300000, nelems=5, elem type=char[])
OBJ 50001f62 (sz=24, trace=300000, class=java.lang.String@50000181)
	value		50001f63
ARR 50001f63 (sz=8, trace=300000, nelems=4, elem type=char[])
ARR 50001f64 (sz=22, trace=300000, nelems=11, elem type=char[])
OBJ 50001f65 (sz=24, trace=300000, class=java.lang.String@50000181)
	value		50001f67
ARR 50001f66 (sz=16, trace=300000, nelems=8, elem type=char[])
ARR 50001f67 (sz=98, trace=300000, nelems=49, elem type=char[])
OBJ 50001f68 (sz=24, trace=300000, class=java.lang.String@50000181)
	value		50001f69
ARR 50001f69 (sz=58, trace=300000, nelems=29, elem type=char[])
ARR 50001f6a (sz=10, trace=300000, nelems=5, elem type=char[])
ARR 50001f6b (sz=26, trace=300000, nelems=13, elem type=char[])
ARR 50001f6c (sz=14, trace=300000, nelems=7, elem type=char[])
ARR 50001f6d (sz=18, trace=300000, nelems=9, elem type=char[])
ARR 50001f6e (sz=18, trace=300000, nelems=9, elem type=char[])
ARR 50001f6f (sz=56, trace=300000, nelems=3, elem type=java.lang.Object[]@5000011c)
	[0]		50001352
	[1]		500013ad
	[2]		500017b7
OBJ 50001f70 (sz=24, trace=300000, class=java.lang.String@50000181)
	value		50003797
OBJ 50001f71 (sz=24, trace=300000, class=java.lang.String@50000181)
	value		50003821
OBJ 50001f72 (sz=24, trace=300000, class=java.lang.String@50000181)
	value		50003801
OBJ 50001f73 (sz=24, trace=300000, class=java.lang.String@50000181)
	value		500037e1
OBJ 50001f74 (sz=24, trace=300000, class=java.lang.String@50000181)
	value		500037d3
OBJ 50001f75 (sz=24, trace=300000, class=java.lang.String@50000181)
	value		50003759
OBJ 50001f76 (sz=24, trace=300000, class=java.lang.String@50000181)
	value		50003745
OBJ 50001f77 (sz=24, trace=300000, class=java.lang.String@50000181)
	value		50003723
OBJ 50001f78 (sz=24, trace=300000, class=java.lang.String@50000181)
	value		5000370f
OBJ 50001f79 (sz=24, trace=300000, class=java.lang.String@50000181)
	value		50003859
OBJ 50001f7a (sz=24, trace=300000, class=java.lang.String@50000181)
	value		50003825
OBJ 50001f7b (sz=24, trace=300000, class=java.lang.String@50000181)
	value		5000381b
OBJ 50001f7c (sz=24, trace=300000, class=java.lang.String@50000181)
	value		500037cf
OBJ 50001f7d (sz=24, trace=300000, class=java.lang.String@50000181)
	value		5000378d
OBJ 50001f7e (sz=24, trace=300000, class=java.lang.String@50000181)
	value		50003791
OBJ 50001f7f (sz=24, trace=300000, class=java.lang.String@50000181)
	value		500038a3
OBJ 50001f80 (sz=24, trace=300000, class=java.lang.String@50000181)
	value		5000388f
OBJ 50001f81 (sz=24, trace=300000, class=java.lang.String@50000181)
	value		5000384b
OBJ 50001f82 (sz=24, trace=300000, class=java.lang.String@50000181)
	value		5000383f
OBJ 50001f83 (sz=24, trace=300000, class=java.lang.String@50000181)
	value		500037fb
OBJ 50001f84 (sz=24, trace=300000, class=java.lang.String@50000181)
	value		500037f9
OBJ 50001f85 (sz=24, trace=300000, class=java.lang.String@50000181)
	value		500037dd
OBJ 50001f86 (sz=24, trace=300000, class=java.lang.String@50000181)
	value		500037c1
OBJ 50001f87 (sz=24, trace=300000, class=java.lang.String@50000181)
	value		50003781
OBJ 50001f88 (sz=24, trace=300000, class=java.lang.String@50000181)
	value		5000375d
OBJ 50001f89 (sz=24, trace=300000, class=java.lang.String@50000181)
	value		50003747
OBJ 50001f8a (sz=24, trace=300000, class=java.lang.String@50000181)
	value		50003735
OBJ 50001f8b (sz=24, trace=300000, class=java.lang.String@50000181)
	value		5000389d
OBJ 50001f8c (sz=24, trace=300000, class=java.lang.String@50000181)
	value		50003881
OBJ 50001f8d (sz=24, trace=300000, class=java.lang.String@50000181)
	value		50003865
OBJ 50001f8e (sz=24, trace=300000, class=java.lang.String@50000181)
	value		5000380b
OBJ 50001f8f (sz=24, trace=300000, class=java.lang.String@50000181)
	value		500037d1
OBJ 50001f90 (sz=24, trace=300000, class=java.lang.String@50000181)
	value		500037c3
OBJ 50001f91 (sz=24, trace=300000, class=java.lang.String@50000181)
	value		500037bd
OBJ 50001f92 (sz=24, trace=300000, class=java.lang.String@50000181)
	value		50003737
OBJ 50001f93 (sz=24, trace=300000, class=java.lang.String@50000181)
	value		50003891
OBJ 50001f94 (sz=24, trace=300000, class=java.lang.String@50000181)
	value		50003829
OBJ 50001f95 (sz=24, trace=300000, class=java.lang.String@50000181)
	value		500037ab
OBJ 50001f96 (sz=24, trace=300000, class=java.lang.String@50000181)
	value		500037a7
OBJ 50001f97 (sz=24, trace=300000, class=java.lang.String@50000181)
	value		50003783
OBJ 50001f98 (sz=24, trace=300000, class=java.lang.String@50000181)
	value		50003773
OBJ 50001f99 (sz=24, trace=300000, class=java.lang.String@50000181)
	value		50003727
OBJ 50001f9a (sz=24, trace=300000, class=java.lang.String@50000181)
	value		50003709
OBJ 50001f9b (sz=24, trace=300000, class=java.lang.String@50000181)
	value		50003885
OBJ 50001f9c (sz=24, trace=300000, class=java.lang.String@50000181)
	value		5000387b
OBJ 50001f9d (sz=24, trace=300000, class=java.lang.String@50000181)
	value		5000386d
OBJ 50001f9e (sz=24, trace=300000, class=java.lang.String@50000181)
	value		50003807
OBJ 50001f9f (sz=24, trace=300000, class=java.lang.String@50000181)
	value		500037e9
OBJ 50001fa0 (sz=24, trace=300000, class=java.lang.String@50000181)
	value		500038a7
OBJ 50001fa1 (sz=24, trace=300000, class=java.lang.String@50000181)
	value		50003827
OBJ 50001fa2 (sz=24, trace=300000, class=java.lang.String@50000181)
	value		500037ff
OBJ 50001fa3 (sz=24, trace=300000, class=java.lang.String@50000181)
	value		5000379f
OBJ 50001fa4 (sz=24, trace=300000, class=java.lang.String@50000181)
	value		50003839
OBJ 50001fa5 (sz=24, trace=300000, class=java.lang.String@50000181)
	value		50003733
OBJ 50001fa6 (sz=24, trace=300000, class=java.lang.String@50000181)
	value		500038a5
OBJ 50001fa7 (sz=24, trace=300000, class=java.lang.String@50000181)
	value		50003789
OBJ 50001fa8 (sz=24, trace=300000, class=java.lang.String@50000181)
	value		50003775
OBJ 50001fa9 (sz=24, trace=300000, class=java.lang.String@50000181)
	value		5000376b
OBJ 50001faa (sz=24, trace=300000, class=java.lang.String@50000181)
	value		5000373b
OBJ 50001fab (sz=24, trace=300000, class=java.lang.String@50000181)
	value		500038ab
OBJ 50001fac (sz=24, trace=300000, class=java.lang.String@50000181)
	value		5000389b
OBJ 50001fad (sz=24, trace=300000, class=java.lang.String@50000181)
	value		50003873
OBJ 50001fae (sz=24, trace=300000, class=java.lang.String@50000181)
	value		500037ad
OBJ 50001faf (sz=24, trace=300000, class=java.lang.String@50000181)
	value		500037c9
OBJ 50001fb0 (sz=24, trace=300000, class=java.lang.String@50000181)
	value		50003799
OBJ 50001fb1 (sz=24, trace=300000, class=java.lang.String@50000181)
	value		50003757
OBJ 50001fb2 (sz=24, trace=300000, class=java.lang.String@50000181)
	value		5000374b
OBJ 50001fb3 (sz=24, trace=300000, class=java.lang.String@50000181)
	value		5000372d
OBJ 50001fb4 (sz=24, trace=300000, class=java.lang.String@50000181)
	value		5000387d
OBJ 50001fb5 (sz=24, trace=300000, class=java.lang.String@50000181)
	value		50003863
OBJ 50001fb6 (sz=24, trace=300000, class=java.lang.String@50000181)
	value		500037e5
OBJ 50001fb7 (sz=24, trace=300000, class=java.lang.String@50000181)
	value		500037a9
OBJ 50001fb8 (sz=24, trace=300000, class=java.lang.String@50000181)
	value		50003777
OBJ 50001fb9 (sz=24, trace=300000, class=java.lang.String@50000181)
	value		5000374d
OBJ 50001fba (sz=24, trace=300000, class=java.lang.String@50000181)
	value		5000373d
OBJ 50001fbb (sz=24, trace=300000, class=java.lang.String@50000181)
	value		5000388b
OBJ 50001fbc (sz=24, trace=300000, class=java.lang.String@50000181)
	value		5000382b
OBJ 50001fbd (sz=24, trace=300000, class=java.lang.String@50000181)
	value		500037e3
OBJ 50001fbe (sz=24, trace=300000, class=java.lang.String@50000181)
	value		500037c5
OBJ 50001fbf (sz=24, trace=300000, class=java.lang.String@50000181)
	value		50003815
OBJ 50001fc0 (sz=24, trace=300000, class=java.lang.String@50000181)
	value		500037eb
OBJ 50001fc1 (sz=24, trace=300000, class=java.lang.String@50000181)
	value		50003751
OBJ 50001fc2 (sz=24, trace=300000, class=java.lang.String@50000181)
	value		50003715
OBJ 50001fc3 (sz=24, trace=300000, class=java.lang.String@50000181)
	value		5000387f
OBJ 50001fc4 (sz=24, trace=300000, class=java.lang.String@50000181)
	value		50003855
OBJ 50001fc5 (sz=24, trace=300000, class=java.lang.String@50000181)
	value		50003841
OBJ 50001fc6 (sz=24, trace=300000, class=java.lang.String@50000181)
	value		5000382d
OBJ 50001fc7 (sz=24, trace=300000, class=java.lang.String@50000181)
	value		50003779
OBJ 50001fc8 (sz=24, trace=300000, class=java.lang.String@50000181)
	value		5000373f
OBJ 50001fc9 (sz=24, trace=300000, class=java.lang.String@50000181)
	value		50003711
OBJ 50001fca (sz=24, trace=300000, class=java.lang.String@50000181)
	value		50003867
OBJ 50001fcb (sz=24, trace=300000, class=java.lang.String@50000181)
	value		50003833
OBJ 50001fcc (sz=24, trace=300000, class=java.lang.String@50000181)
	value		50003819
OBJ 50001fcd (sz=24, trace=300000, class=java.lang.String@50000181)
	value		5000379d
OBJ 50001fce (sz=24, trace=300000, class=java.lang.String@50000181)
	value		5000374f
OBJ 50001fcf (sz=24, trace=300000, class=java.lang.String@50000181)
	value		50003713
OBJ 50001fd0 (sz=24, trace=300000, class=java.lang.String@50000181)
	value		50003847
OBJ 50001fd1 (sz=24, trace=300000, class=java.lang.String@50000181)
	value		50003813
OBJ 50001fd2 (sz=24, trace=300000, class=java.lang.String@50000181)
	value		500037d7
OBJ 50001fd3 (sz=24, trace=300000, class=java.lang.String@50000181)
	value		50003761
OBJ 50001fd4 (sz=24, trace=300000, class=java.lang.String@50000181)
	value		50003741
OBJ 50001fd5 (sz=24, trace=300000, class=java.lang.String@50000181)
	value		500037ed
OBJ 50001fd6 (sz=24, trace=300000, class=java.lang.String@50000181)
	value		5000375b
OBJ 50001fd7 (sz=24, trace=300000, class=java.lang.String@50000181)
	value		50003739
OBJ 50001fd8 (sz=24, trace=300000, class=java.lang.String@50000181)
	value		5000371b
OBJ 50001fd9 (sz=24, trace=300000, class=java.lang.String@50000181)
	value		50003707
OBJ 50001fda (sz=24, trace=300000, class=java.lang.String@50000181)
	value		50003893
OBJ 50001fdb (sz=24, trace=300000, class=java.lang.String@50000181)
	value		50003849
OBJ 50001fdc (sz=24, trace=300000, class=java.lang.String@50000181)
	value		50003795
OBJ 50001fdd (sz=24, trace=300000, class=java.lang.String@50000181)
	value		50003749
OBJ 50001fde (sz=24, trace=300000, class=java.lang.String@50000181)
	value		500038ad
OBJ 50001fdf (sz=24, trace=300000, class=java.lang.String@50000181)
	value		500038a9
OBJ 50001fe0 (sz=24, trace=300000, class=java.lang.String@50000181)
	value		5000383d
OBJ 50001fe1 (sz=24, trace=300000, class=java.lang.String@50000181)
	value		500037f7
OBJ 50001fe2 (sz=24, trace=300000, class=java.lang.String@50000181)
	value		500037cb
OBJ 50001fe3 (sz=24, trace=300000, class=java.lang.String@50000181)
	value		500037bb
OBJ 50001fe4 (sz=24, trace=300000, class=java.lang.String@50000181)
	value		50003785
OBJ 50001fe5 (sz=24, trace=300000, class=java.lang.String@50000181)
	value		50003755
OBJ 50001fe6 (sz=24, trace=300000, class=java.lang.String@50000181)
	value		50003731
OBJ 50001fe7 (sz=24, trace=300000, class=java.lang.String@50000181)
	value		50003719
OBJ 50001fe8 (sz=24, trace=300000, class=java.lang.String@50000181)
	value		500038af
OBJ 50001fe9 (sz=24, trace=300000, class=java.lang.String@50000181)
	value		50003897
OBJ 50001fea (sz=24, trace=300000, class=java.lang.String@50000181)
	value		50003887
OBJ 50001feb (sz=24, trace=300000, class=java.lang.String@50000181)
	value		50003875
OBJ 50001fec (sz=24, trace=300000, class=java.lang.String@50000181)
	value		5000385d
OBJ 50001fed (sz=24, trace=300000, class=java.lang.String@50000181)
	value		50003861
OBJ 50001fee (sz=24, trace=300000, class=java.lang.String@50000181)
	value		50003866
OBJ 50001fef (sz=24, trace=300000, class=java.lang.String@50000181)
	value		50003800
OBJ 50001ff0 (sz=24, trace=300000, class=java.lang.String@50000181)
	value		5000379a
OBJ 50001ff1 (sz=24, trace=300000, class=java.lang.String@50000181)
	value		50003746
OBJ 50001ff2 (sz=24, trace=300000, class=java.lang.String@50000181)
	value		50003784
OBJ 50001ff3 (sz=24, trace=300000, class=java.lang.String@50000181)
	value		50003752
OBJ 50001ff4 (sz=24, trace=300000, class=java.lang.String@50000181)
	value		50003880
OBJ 50001ff5 (sz=24, trace=300000, class=java.lang.String@50000181)
	value		50003856
OBJ 50001ff6 (sz=24, trace=300000, class=java.lang.String@50000181)
	value		500037be
OBJ 50001ff7 (sz=24, trace=300000, class=java.lang.String@50000181)
	value		5000386e
OBJ 50001ff8 (sz=24, trace=300000, class=java.lang.String@50000181)
	value		500037fa
OBJ 50001ff9 (sz=24, trace=300000, class=java.lang.String@50000181)
	value		500037fc
OBJ 50001ffa (sz=24, trace=300000, class=java.lang.String@50000181)
	value		5000382c
OBJ 50001ffb (sz=24, trace=300000, class=java.lang.String@50000181)
	value		5000387e
OBJ 50001ffc (sz=24, trace=300000, class=java.lang.String@50000181)
	value		50003842
OBJ 50001ffd (sz=24, trace=300000, class=java.lang.String@50000181)
	value		50003778
OBJ 50001ffe (sz=24, trace=300000, class=java.lang.String@50000181)
	value		50003864
OBJ 50001fff (sz=24, trace=300000, class=java.lang.String@50000181)
	value		50003892
OBJ 50002000 (sz=24, trace=300000, class=java.lang.String@50000181)
	value		5000375c
OBJ 50002001 (sz=24, trace=300000, class=java.lang.String@50000181)
	value		5000384a
OBJ 50002002 (sz=24, trace=300000, class=java.lang.String@50000181)
	value		50003738
OBJ 50002003 (sz=24, trace=300000, class=java.lang.String@50000181)
	value		5000374c
OBJ 50002004 (sz=24, trace=300000, class=java.lang.String@50000181)
	value		50003758
OBJ 50002005 (sz=24, trace=300000, class=java.lang.String@50000181)
	value		500037c6
OBJ 50002006 (sz=24, trace=300000, class=java.lang.String@50000181)
	value		5000380c
OBJ 50002007 (sz=24, trace=300000, class=java.lang.String@50000181)
	value		50003708
OBJ 50002008 (sz=24, trace=300000, class=java.lang.String@50000181)
	value		50003716
OBJ 50002009 (sz=24, trace=300000, class=java.lang.String@50000181)
	value		50003816
OBJ 5000200a (sz=24, trace=300000, class=java.lang.String@50000181)
	value		500037aa
OBJ 5000200b (sz=24, trace=300000, class=java.lang.String@50000181)
	value		5000378a
OBJ 5000200c (sz=24, trace=300000, class=java.lang.String@50000181)
	value		50003886
OBJ 5000200d (sz=24, trace=300000, class=java.lang.String@50000181)
	value		5000387c
OBJ 5000200e (sz=24, trace=300000, class=java.lang.String@50000181)
	value		50003834
OBJ 5000200f (sz=24, trace=300000, class=java.lang.String@50000181)
	value		50003828
OBJ 50002010 (sz=24, trace=300000, class=java.lang.String@50000181)
	value		500037d8
OBJ 50002011 (sz=24, trace=300000, class=java.lang.String@50000181)
	value		50003774
OBJ 50002012 (sz=24, trace=300000, class=java.lang.String@50000181)
	value		50003728
OBJ 50002013 (sz=24, trace=300000, class=java.lang.String@50000181)
	value		5000374e
OBJ 50002014 (sz=24, trace=300000, class=java.lang.String@50000181)
	value		500038a6
OBJ 50002015 (sz=24, trace=300000, class=java.lang.String@50000181)
	value		5000376c
OBJ 50002016 (sz=24, trace=300000, class=java.lang.String@50000181)
	value		50003808
OBJ 50002017 (sz=24, trace=300000, class=java.lang.String@50000181)
	value		50003888
OBJ 50002018 (sz=24, trace=300000, class=java.lang.String@50000181)
	value		50003898
OBJ 50002019 (sz=24, trace=300000, class=java.lang.String@50000181)
	value		500037a0
OBJ 5000201a (sz=24, trace=300000, class=java.lang.String@50000181)
	value		50003826
OBJ 5000201b (sz=24, trace=300000, class=java.lang.String@50000181)
	value		5000384c
OBJ 5000201c (sz=24, trace=300000, class=java.lang.String@50000181)
	value		50003710
OBJ 5000201d (sz=24, trace=300000, class=java.lang.String@50000181)
	value		50003822
OBJ 5000201e (sz=24, trace=300000, class=java.lang.String@50000181)
	value		50003882
OBJ 5000201f (sz=24, trace=300000, class=java.lang.String@50000181)
	value		50003890
OBJ 50002020 (sz=24, trace=300000, class=java.lang.String@50000181)
	value		500037de
OBJ 50002021 (sz=24, trace=300000, class=java.lang.String@50000181)
	value		5000389e
OBJ 50002022 (sz=24, trace=300000, class=java.lang.String@50000181)
	value		500037c2
OBJ 50002023 (sz=24, trace=300000, class=java.lang.String@50000181)
	value		500037e6
OBJ 50002024 (sz=24, trace=300000, class=java.lang.String@50000181)
	value		50003814
OBJ 50002025 (sz=24, trace=300000, class=java.lang.String@50000181)
	value		500038a8
OBJ 50002026 (sz=24, trace=300000, class=java.lang.String@50000181)
	value		5000382e
OBJ 50002027 (sz=24, trace=300000, class=java.lang.String@50000181)
	value		50003894
OBJ 50002028 (sz=24, trace=300000, class=java.lang.String@50000181)
	value		500037ea
OBJ 50002029 (sz=24, trace=300000, class=java.lang.String@50000181)
	value		5000374a
OBJ 5000202a (sz=24, trace=300000, class=java.lang.String@50000181)
	value		50003796
OBJ 5000202b (sz=24, trace=300000, class=java.lang.String@50000181)
	value		5000375e
OBJ 5000202c (sz=24, trace=300000, class=java.lang.String@50000181)
	value		5000389c
OBJ 5000202d (sz=24, trace=300000, class=java.lang.String@50000181)
	value		500037ee
OBJ 5000202e (sz=24, trace=300000, class=java.lang.String@50000181)
	value		50003712
OBJ 5000202f (sz=24, trace=300000, class=java.lang.String@50000181)
	value		5000370a
OBJ 50002030 (sz=24, trace=300000, class=java.lang.String@50000181)
	value		5000385e
OBJ 50002031 (sz=24, trace=300000, class=java.lang.String@50000181)
	value		500037ac
OBJ 50002032 (sz=24, trace=300000, class=java.lang.String@50000181)
	value		500037a8
OBJ 50002033 (sz=24, trace=300000, class=java.lang.String@50000181)
	value		50003750
OBJ 50002034 (sz=24, trace=300000, class=java.lang.String@50000181)
	value		5000381a
OBJ 50002035 (sz=24, trace=300000, class=java.lang.String@50000181)
	value		5000373c
OBJ 50002036 (sz=24, trace=300000, class=java.lang.String@50000181)
	value		50003840
OBJ 50002037 (sz=24, trace=300000, class=java.lang.String@50000181)
	value		50003786
OBJ 50002038 (sz=24, trace=300000, class=java.lang.String@50000181)
	value		50003732
OBJ 50002039 (sz=24, trace=300000, class=java.lang.String@50000181)
	value		500037ae
OBJ 5000203a (sz=24, trace=300000, class=java.lang.String@50000181)
	value		500038a4
OBJ 5000203b (sz=24, trace=300000, class=java.lang.String@50000181)
	value		5000388c
OBJ 5000203c (sz=24, trace=300000, class=java.lang.String@50000181)
	value		500037e4
OBJ 5000203d (sz=24, trace=300000, class=java.lang.String@50000181)
	value		5000373e
OBJ 5000203e (sz=24, trace=300000, class=java.lang.String@50000181)
	value		5000381c
OBJ 5000203f (sz=24, trace=300000, class=java.lang.String@50000181)
	value		500037bc
OBJ 50002040 (sz=24, trace=300000, class=java.lang.String@50000181)
	value		500037ec
OBJ 50002041 (sz=24, trace=300000, class=java.lang.String@50000181)
	value		50003734
OBJ 50002042 (sz=24, trace=300000, class=java.lang.String@50000181)
	value		5000377a
OBJ 50002043 (sz=24, trace=300000, class=java.lang.String@50000181)
	value		50003736
OBJ 50002044 (sz=24, trace=300000, class=java.lang.String@50000181)
	value		50003748
OBJ 50002045 (sz=24, trace=300000, class=java.lang.String@50000181)
	value		5000382a
OBJ 50002046 (sz=24, trace=300000, class=java.lang.String@50000181)
	value		500037c4
OBJ 50002047 (sz=24, trace=300000, class=java.lang.String@50000181)
	value		500037d2
OBJ 50002048 (sz=24, trace=300000, class=java.lang.String@50000181)
	value		50003782
OBJ 50002049 (sz=24, trace=300000, class=java.lang.String@50000181)
	value		5000372e
OBJ 5000204a (sz=24, trace=300000, class=java.lang.String@50000181)
	value		50003874
OBJ 5000204b (sz=24, trace=300000, class=java.lang.String@50000181)
	value		50003848
OBJ 5000204c (sz=24, trace=300000, class=java.lang.String@50000181)
	value		5000379e
OBJ 5000204d (sz=24, trace=300000, class=java.lang.String@50000181)
	value		5000371c
OBJ 5000204e (sz=24, trace=300000, class=java.lang.String@50000181)
	value		50003740
OBJ 5000204f (sz=24, trace=300000, class=java.lang.String@50000181)
	value		500037f8
OBJ 50002050 (sz=24, trace=300000, class=java.lang.String@50000181)
	value		50003762
OBJ 50002051 (sz=24, trace=300000, class=java.lang.String@50000181)
	value		50003868
OBJ 50002052 (sz=24, trace=300000, class=java.lang.String@50000181)
	value		500038ac
OBJ 50002053 (sz=24, trace=300000, class=java.lang.String@50000181)
	value		500037ca
OBJ 50002054 (sz=24, trace=300000, class=java.lang.String@50000181)
	value		50003724
OBJ 50002055 (sz=24, trace=300000, class=java.lang.String@50000181)
	value		50003862
OBJ 50002056 (sz=24, trace=300000, class=java.lang.String@50000181)
	value		5000373a
OBJ 50002057 (sz=24, trace=300000, class=java.lang.String@50000181)
	value		500037cc
OBJ 50002058 (sz=24, trace=300000, class=java.lang.String@50000181)
	value		50003776
OBJ 50002059 (sz=24, trace=300000, class=java.lang.String@50000181)
	value		50003792
OBJ 5000205a (sz=24, trace=300000, class=java.lang.String@50000181)
	value		5000378e
OBJ 5000205b (sz=24, trace=300000, class=java.lang.String@50000181)
	value		500037d4
OBJ 5000205c (sz=24, trace=300000, class=java.lang.String@50000181)
	value		500037e2
OBJ 5000205d (sz=24, trace=300000, class=java.lang.String@50000181)
	value		5000383a
OBJ 5000205e (sz=24, trace=300000, class=java.lang.String@50000181)
	value		5000375a
OBJ 5000205f (sz=24, trace=300000, class=java.lang.String@50000181)
	value		5000385a
OBJ 50002060 (sz=24, trace=300000, class=java.lang.String@50000181)
	value		50003802
OBJ 50002061 (sz=24, trace=300000, class=java.lang.String@50000181)
	value		500037d0
OBJ 50002062 (sz=24, trace=300000, class=java.lang.String@50000181)
	value		50003714
OBJ 50002063 (sz=24, trace=300000, class=java.lang.String@50000181)
	value		5000383e
OBJ 50002064 (sz=24, trace=300000, class=java.lang.String@50000181)
	value		5000371a
OBJ 50002065 (sz=24, trace=300000, class=java.lang.String@50000181)
	value		500038b0
OBJ 50002066 (sz=24, trace=300000, class=java.lang.String@50000181)
	value		50003876
OBJ 50002067 (sz=24, trace=300000, class=java.lang.String@50000181)
	value		50003756
OBJ 50002068 (sz=24, trace=300000, class=java.lang.String@50000181)
	value		500038aa
OBJ 50002069 (sz=24, trace=300000, class=java.lang.String@50000181)
	value		500038ae
OBJ 5000206a (sz=24, trace=300000, class=java.lang.String@50000181)
	value		50003742
OBJ 5000206b (sz=24, trace=300000, class=java.lang.String@50000181)
	value		50003798
OBJ 5000206c (sz=24, trace=300000, class=java.lang.String@50000181)
	value		500037b9
OBJ 5000206d (sz=24, trace=300000, class=java.lang.String@50000181)
	value		50003729
OBJ 5000206e (sz=24, trace=300000, class=java.lang.String@50000181)
	value		500038a1
OBJ 5000206f (sz=24, trace=300000, class=java.lang.String@50000181)
	value		50003857
OBJ 50002070 (sz=24, trace=300000, class=java.lang.String@50000181)
	value		500037f3
OBJ 50002071 (sz=24, trace=300000, class=java.lang.String@50000181)
	value		500037cd
OBJ 50002072 (sz=24, trace=300000, class=java.lang.String@50000181)
	value		5000389f
OBJ 50002073 (sz=24, trace=300000, class=java.lang.String@50000181)
	value		5000386b
OBJ 50002074 (sz=24, trace=300000, class=java.lang.String@50000181)
	value		50003837
OBJ 50002075 (sz=24, trace=300000, class=java.lang.String@50000181)
	value		500037b3
OBJ 50002076 (sz=24, trace=300000, class=java.lang.String@50000181)
	value		5000378f
OBJ 50002077 (sz=24, trace=300000, class=java.lang.String@50000181)
	value		5000377d
OBJ 50002078 (sz=24, trace=300000, class=java.lang.String@50000181)
	value		50003725
OBJ 50002079 (sz=24, trace=300000, class=java.lang.String@50000181)
	value		5000370d
OBJ 5000207a (sz=24, trace=300000, class=java.lang.String@50000181)
	value		500037db
OBJ 5000207b (sz=24, trace=300000, class=java.lang.String@50000181)
	value		5000377b
OBJ 5000207c (sz=24, trace=300000, class=java.lang.String@50000181)
	value		5000385b
OBJ 5000207d (sz=24, trace=300000, class=java.lang.String@50000181)
	value		5000372f
OBJ 5000207e (sz=24, trace=300000, class=java.lang.String@50000181)
	value		5000372b
OBJ 5000207f (sz=24, trace=300000, class=java.lang.String@50000181)
	value		50003877
OBJ 50002080 (sz=24, trace=300000, class=java.lang.String@50000181)
	value		50003843
OBJ 50002081 (sz=24, trace=300000, class=java.lang.String@50000181)
	value		5000383b
OBJ 50002082 (sz=24, trace=300000, class=java.lang.String@50000181)
	value		50003803
OBJ 50002083 (sz=24, trace=300000, class=java.lang.String@50000181)
	value		5000371d
OBJ 50002084 (sz=24, trace=300000, class=java.lang.String@50000181)
	value		5000370b
OBJ 50002085 (sz=24, trace=300000, class=java.lang.String@50000181)
	value		50003895
OBJ 50002086 (sz=24, trace=300000, class=java.lang.String@50000181)
	value		50003883
OBJ 50002087 (sz=24, trace=300000, class=java.lang.String@50000181)
	value		50003869
OBJ 50002088 (sz=24, trace=300000, class=java.lang.String@50000181)
	value		50003835
OBJ 50002089 (sz=24, trace=300000, class=java.lang.String@50000181)
	value		5000380d
OBJ 5000208a (sz=24, trace=300000, class=java.lang.String@50000181)
	value		500037df
OBJ 5000208b (sz=24, trace=300000, class=java.lang.String@50000181)
	value		500037b7
OBJ 5000208c (sz=24, trace=300000, class=java.lang.String@50000181)
	value		500037a3
OBJ 5000208d (sz=24, trace=300000, class=java.lang.String@50000181)
	value		50003763
OBJ 5000208e (sz=24, trace=300000, class=java.lang.String@50000181)
	value		50003721
OBJ 5000208f (sz=24, trace=300000, class=java.lang.String@50000181)
	value		50003717
OBJ 50002090 (sz=24, trace=300000, class=java.lang.String@50000181)
	value		50003899
OBJ 50002091 (sz=24, trace=300000, class=java.lang.String@50000181)
	value		5000385f
OBJ 50002092 (sz=24, trace=300000, class=java.lang.String@50000181)
	value		500037f5
OBJ 50002093 (sz=24, trace=300000, class=java.lang.String@50000181)
	value		500037d9
OBJ 50002094 (sz=24, trace=300000, class=java.lang.String@50000181)
	value		5000384d
OBJ 50002095 (sz=24, trace=300000, class=java.lang.String@50000181)
	value		50003805
OBJ 50002096 (sz=24, trace=300000, class=java.lang.String@50000181)
	value		500037b5
OBJ 50002097 (sz=24, trace=300000, class=java.lang.String@50000181)
	value		500037af
OBJ 50002098 (sz=24, trace=300000, class=java.lang.String@50000181)
	value		500037a5
OBJ 50002099 (sz=24, trace=300000, class=java.lang.String@50000181)
	value		50003793
OBJ 5000209a (sz=24, trace=300000, class=java.lang.String@50000181)
	value		50003787
OBJ 5000209b (sz=24, trace=300000, class=java.lang.String@50000181)
	value		50003753
OBJ 5000209c (sz=24, trace=300000, class=java.lang.String@50000181)
	value		50003743
OBJ 5000209d (sz=24, trace=300000, class=java.lang.String@50000181)
	value		5000371f
OBJ 5000209e (sz=24, trace=300000, class=java.lang.String@50000181)
	value		50003879
OBJ 5000209f (sz=24, trace=300000, class=java.lang.String@50000181)
	value		50003823
OBJ 500020a0 (sz=24, trace=300000, class=java.lang.String@50000181)
	value		5000378b
OBJ 500020a1 (sz=24, trace=300000, class=java.lang.String@50000181)
	value		5000388d
OBJ 500020a2 (sz=24, trace=300000, class=java.lang.String@50000181)
	value		50003771
OBJ 500020a3 (sz=24, trace=300000, class=java.lang.String@50000181)
	value		5000376f
OBJ 500020a4 (sz=24, trace=300000, class=java.lang.String@50000181)
	value		50003769
OBJ 500020a5 (sz=24, trace=300000, class=java.lang.String@50000181)
	value		5000386f
OBJ 500020a6 (sz=24, trace=300000, class=java.lang.String@50000181)
	value		5000384f
OBJ 500020a7 (sz=24, trace=300000, class=java.lang.String@50000181)
	value		5000376d
OBJ 500020a8 (sz=24, trace=300000, class=java.lang.String@50000181)
	value		50003765
OBJ 500020a9 (sz=24, trace=300000, class=java.lang.String@50000181)
	value		5000381d
OBJ 500020aa (sz=24, trace=300000, class=java.lang.String@50000181)
	value		50003767
OBJ 500020ab (sz=24, trace=300000, class=java.lang.String@50000181)
	value		500037b1
OBJ 500020ac (sz=24, trace=300000, class=java.lang.String@50000181)
	value		50003831
OBJ 500020ad (sz=24, trace=300000, class=java.lang.String@50000181)
	value		5000382f
OBJ 500020ae (sz=24, trace=300000, class=java.lang.String@50000181)
	value		5000381f
OBJ 500020af (sz=24, trace=300000, class=java.lang.String@50000181)
	value		50003817
OBJ 500020b0 (sz=24, trace=300000, class=java.lang.String@50000181)
	value		5000380f
OBJ 500020b1 (sz=24, trace=300000, class=java.lang.String@50000181)
	value		50003811
OBJ 500020b2 (sz=24, trace=300000, class=java.lang.String@50000181)
	value		50003809
OBJ 500020b3 (sz=24, trace=300000, class=java.lang.String@50000181)
	value		500037e7
OBJ 500020b4 (sz=24, trace=300000, class=java.lang.String@50000181)
	value		500037bf
OBJ 500020b5 (sz=24, trace=300000, class=java.lang.String@50000181)
	value		500037a1
OBJ 500020b6 (sz=24, trace=300000, class=java.lang.String@50000181)
	value		5000379b
OBJ 500020b7 (sz=24, trace=300000, class=java.lang.String@50000181)
	value		50003871
OBJ 500020b8 (sz=24, trace=300000, class=java.lang.String@50000181)
	value		50003853
OBJ 500020b9 (sz=24, trace=300000, class=java.lang.String@50000181)
	value		50003851
OBJ 500020ba (sz=24, trace=300000, class=java.lang.String@50000181)
	value		50003845
OBJ 500020bb (sz=24, trace=300000, class=java.lang.String@50000181)
	value		500037c7
OBJ 500020bc (sz=24, trace=300000, class=java.lang.String@50000181)
	value		5000377f
OBJ 500020bd (sz=24, trace=300000, class=java.lang.String@50000181)
	value		500037d5
OBJ 500020be (sz=24, trace=300000, class=java.lang.String@50000181)
	value		500037ef
OBJ 500020bf (sz=24, trace=300000, class=java.lang.String@50000181)
	value		50003889
OBJ 500020c0 (sz=24, trace=300000, class=java.lang.String@50000181)
	value		5000375f
OBJ 500020c1 (sz=24, trace=300000, class=java.lang.String@50000181)
	value		500037fd
OBJ 500020c2 (sz=24, trace=300000, class=java.lang.String@50000181)
	value		500037f1
OBJ 500020c3 (sz=24, trace=300000, class=java.lang.String@50000181)
	value		500037e8
OBJ 500020c4 (sz=24, trace=300000, class=java.lang.String@50000181)
	value		50003832
OBJ 500020c5 (sz=24, trace=300000, class=java.lang.String@50000181)
	value		500037c8
OBJ 500020c6 (sz=24, trace=300000, class=java.lang.String@50000181)
	value		5000378c
OBJ 500020c7 (sz=24, trace=300000, class=java.lang.String@50000181)
	value		50003850
OBJ 500020c8 (sz=24, trace=300000, class=java.lang.String@50000181)
	value		5000388e
OBJ 500020c9 (sz=24, trace=300000, class=java.lang.String@50000181)
	value		50003870
OBJ 500020ca (sz=24, trace=300000, class=java.lang.String@50000181)
	value		500037d6
OBJ 500020cb (sz=24, trace=300000, class=java.lang.String@50000181)
	value		50003844
OBJ 500020cc (sz=24, trace=300000, class=java.lang.String@50000181)
	value		5000383c
OBJ 500020cd (sz=24, trace=300000, class=java.lang.String@50000181)
	value		500037f0
OBJ 500020ce (sz=24, trace=300000, class=java.lang.String@50000181)
	value		5000388a
OBJ 500020cf (sz=24, trace=300000, class=java.lang.String@50000181)
	value		5000385c
OBJ 500020d0 (sz=24, trace=300000, class=java.lang.String@50000181)
	value		50003804
OBJ 500020d1 (sz=24, trace=300000, class=java.lang.String@50000181)
	value		500037f6
OBJ 500020d2 (sz=24, trace=300000, class=java.lang.String@50000181)
	value		500037b0
OBJ 500020d3 (sz=24, trace=300000, class=java.lang.String@50000181)
	value		500037b6
OBJ 500020d4 (sz=24, trace=300000, class=java.lang.String@50000181)
	value		50003754
OBJ 500020d5 (sz=24, trace=300000, class=java.lang.String@50000181)
	value		5000389a
OBJ 500020d6 (sz=24, trace=300000, class=java.lang.String@50000181)
	value		5000380e
OBJ 500020d7 (sz=24, trace=300000, class=java.lang.String@50000181)
	value		50003824
OBJ 500020d8 (sz=24, trace=300000, class=java.lang.String@50000181)
	value		50003806
OBJ 500020d9 (sz=24, trace=300000, class=java.lang.String@50000181)
	value		50003878
OBJ 500020da (sz=24, trace=300000, class=java.lang.String@50000181)
	value		500037a4
OBJ 500020db (sz=24, trace=300000, class=java.lang.String@50000181)
	value		50003896
OBJ 500020dc (sz=24, trace=300000, class=java.lang.String@50000181)
	value		50003852
OBJ 500020dd (sz=24, trace=300000, class=java.lang.String@50000181)
	value		5000376e
OBJ 500020de (sz=24, trace=300000, class=java.lang.String@50000181)
	value		50003766
OBJ 500020df (sz=24, trace=300000, class=java.lang.String@50000181)
	value		500038a2
OBJ 500020e0 (sz=24, trace=300000, class=java.lang.String@50000181)
	value		5000372a
OBJ 500020e1 (sz=24, trace=300000, class=java.lang.String@50000181)
	value		500037ce
OBJ 500020e2 (sz=24, trace=300000, class=java.lang.String@50000181)
	value		50003726
OBJ 500020e3 (sz=24, trace=300000, class=java.lang.String@50000181)
	value		50003790
OBJ 500020e4 (sz=24, trace=300000, class=java.lang.String@50000181)
	value		5000377c
OBJ 500020e5 (sz=24, trace=300000, class=java.lang.String@50000181)
	value		50003838
OBJ 500020e6 (sz=24, trace=300000, class=java.lang.String@50000181)
	value		50003788
OBJ 500020e7 (sz=24, trace=300000, class=java.lang.String@50000181)
	value		5000370c
OBJ 500020e8 (sz=24, trace=300000, class=java.lang.String@50000181)
	value		500037f4
OBJ 500020e9 (sz=24, trace=300000, class=java.lang.String@50000181)
	value		500037da
OBJ 500020ea (sz=24, trace=300000, class=java.lang.String@50000181)
	value		500037b8
OBJ 500020eb (sz=24, trace=300000, class=java.lang.String@50000181)
	value		500037e0
OBJ 500020ec (sz=24, trace=300000, class=java.lang.String@50000181)
	value		50003836
OBJ 500020ed (sz=24, trace=300000, class=java.lang.String@50000181)
	value		5000387a
OBJ 500020ee (sz=24, trace=300000, class=java.lang.String@50000181)
	value		50003744
OBJ 500020ef (sz=24, trace=300000, class=java.lang.String@50000181)
	value		500038a0
OBJ 500020f0 (sz=24, trace=300000, class=java.lang.String@50000181)
	value		50003730
OBJ 500020f1 (sz=24, trace=300000, class=java.lang.String@50000181)
	value		50003818
OBJ 500020f2 (sz=24, trace=300000, class=java.lang.String@50000181)
	value		50003812
OBJ 500020f3 (sz=24, trace=300000, class=java.lang.String@50000181)
	value		5000380a
OBJ 500020f4 (sz=24, trace=300000, class=java.lang.String@50000181)
	value		50003810
OBJ 500020f5 (sz=24, trace=300000, class=java.lang.String@50000181)
	value		50003794
OBJ 500020f6 (sz=24, trace=300000, class=java.lang.String@50000181)
	value		5000371e
OBJ 500020f7 (sz=24, trace=300000, class=java.lang.String@50000181)
	value		5000379c
OBJ 500020f8 (sz=24, trace=300000, class=java.lang.String@50000181)
	value		500037a2
OBJ 500020f9 (sz=24, trace=300000, class=java.lang.String@50000181)
	value		5000370e
OBJ 500020fa (sz=24, trace=300000, class=java.lang.String@50000181)
	value		5000384e
OBJ 500020fb (sz=24, trace=300000, class=java.lang.String@50000181)
	value		500037fe
OBJ 500020fc (sz=24, trace=300000, class=java.lang.String@50000181)
	value		500037f2
OBJ 500020fd (sz=24, trace=300000, class=java.lang.String@50000181)
	value		500037c0
OBJ 500020fe (sz=24, trace=300000, class=java.lang.String@50000181)
	value		50003720
OBJ 500020ff (sz=24, trace=300000, class=java.lang.String@50000181)
	value		5000386a
OBJ 50002100 (sz=24, trace=300000, class=java.lang.String@50000181)
	value		50003768
OBJ 50002101 (sz=24, trace=300000, class=java.lang.String@50000181)
	value		500037b4
OBJ 50002102 (sz=24, trace=300000, class=java.lang.String@50000181)
	value		500037a6
OBJ 50002103 (sz=24, trace=300000, class=java.lang.String@50000181)
	value		50003764
OBJ 50002104 (sz=24, trace=300000, class=java.lang.String@50000181)
	value		500037ba
OBJ 50002105 (sz=24, trace=300000, class=java.lang.String@50000181)
	value		5000372c
OBJ 50002106 (sz=24, trace=300000, class=java.lang.String@50000181)
	value		50003772
OBJ 50002107 (sz=24, trace=300000, class=java.lang.String@50000181)
	value		5000376a
OBJ 50002108 (sz=24, trace=300000, class=java.lang.String@50000181)
	value		50003770
OBJ 50002109 (sz=24, trace=300000, class=java.lang.String@50000181)
	value		50003884
OBJ 5000210a (sz=24, trace=300000, class=java.lang.String@50000181)
	value		50003722
OBJ 5000210b (sz=24, trace=300000, class=java.lang.String@50000181)
	value		50003718
OBJ 5000210c (sz=24, trace=300000, class=java.lang.String@50000181)
	value		50003858
OBJ 5000210d (sz=24, trace=300000, class=java.lang.String@50000181)
	value		5000377e
OBJ 5000210e (sz=24, trace=300000, class=java.lang.String@50000181)
	value		50003860
OBJ 5000210f (sz=24, trace=300000, class=java.lang.String@50000181)
	value		500037dc
OBJ 50002110 (sz=24, trace=300000, class=java.lang.String@50000181)
	value		500037b2
OBJ 50002111 (sz=24, trace=300000, class=java.lang.String@50000181)
	value		50003780
OBJ 50002112 (sz=24, trace=300000, class=java.lang.String@50000181)
	value		50003760
OBJ 50002113 (sz=24, trace=300000, class=java.lang.String@50000181)
	value		5000381e
OBJ 50002114 (sz=24, trace=300000, class=java.lang.String@50000181)
	value		50003854
OBJ 50002115 (sz=24, trace=300000, class=java.lang.String@50000181)
	value		50003846
OBJ 50002116 (sz=24, trace=300000, class=java.lang.String@50000181)
	value		50003830
OBJ 50002117 (sz=24, trace=300000, class=java.lang.String@50000181)
	value		5000386c
OBJ 50002118 (sz=24, trace=300000, class=java.lang.String@50000181)
	value		50003872
OBJ 50002119 (sz=24, trace=300000, class=java.lang.String@50000181)
	value		50003820
OBJ 5000211a (sz=56, trace=300000, class=java.util.ResourceBundle$CacheKey@500009da)
	name		50001e40
	locale		500009f2
	loaderRef	50000d22
	format		5000211b
OBJ 5000211b (sz=24, trace=300000, class=java.lang.String@50000181)
	value		500034c2
OBJ 5000211c (sz=24, trace=300000, class=java.lang.String@50000181)
	value		50002121
OBJ 5000211d (sz=24, trace=300000, class=java.lang.String@50000181)
	value		50002120
OBJ 5000211e (sz=24, trace=300000, class=java.lang.String@50000181)
	value		5000211f
ARR 5000211f (sz=4, trace=300000, nelems=2, elem type=char[])
ARR 50002120 (sz=8, trace=300000, nelems=4, elem type=char[])
ARR 50002121 (sz=4, trace=300000, nelems=2, elem type=char[])
ARR 50002122 (sz=0, trace=300000, nelems=0, elem type=char[])
OBJ 50002123 (sz=24, trace=300000, class=java.lang.String@50000181)
	value		500034c1
OBJ 50002124 (sz=24, trace=300000, class=java.lang.String@50000181)
	value		500034c0
OBJ 50002125 (sz=24, trace=300000, class=java.lang.String@50000181)
	value		500034bf
OBJ 50002126 (sz=24, trace=300000, class=sun.util.locale.BaseLocale$Cache@5000001a)
	map		5000212a
	queue		50002129
OBJ 50002127 (sz=24, trace=300000, class=java.lang.String@50000181)
	value		50002128
ARR 50002128 (sz=2, trace=300000, nelems=1, elem type=char[])
OBJ 50002129 (sz=32, trace=300000, class=java.lang.ref.ReferenceQueue@500000e6)
	lock		5000344b
OBJ 5000212a (sz=64, trace=300000, class=java.util.concurrent.ConcurrentHashMap@5000002a)
	table		5000212b
ARR 5000212b (sz=144, trace=300000, nelems=27, elem type=java.util.concurrent.ConcurrentHashMap$Node[]@50000022)
	[0]		5000212c
	[1]		5000212d
	[4]		5000212e
	[7]		5000212f
	[8]		50002130
	[9]		50002131
	[11]		50002132
	[12]		50002133
	[13]		500009f0
	[14]		50002134
	[21]		50000a03
	[23]		50002135
	[25]		50002136
	[26]		50002137
OBJ 5000212c (sz=32, trace=300000, class=java.util.concurrent.ConcurrentHashMap$Node@50000023)
	key		500034b4
	val		500034b3
	next		500034b2
OBJ 5000212d (sz=32, trace=300000, class=java.util.concurrent.ConcurrentHashMap$Node@50000023)
	key		500034ad
	val		500034ac
OBJ 5000212e (sz=32, trace=300000, class=java.util.concurrent.ConcurrentHashMap$Node@50000023)
	key		500034a7
	val		500034a6
OBJ 5000212f (sz=32, trace=300000, class=java.util.concurrent.ConcurrentHashMap$Node@50000023)
	key		500034a1
	val		500034a0
OBJ 50002130 (sz=32, trace=300000, class=java.util.concurrent.ConcurrentHashMap$Node@50000023)
	key		50003487
	val		50003486
	next		50003485
OBJ 50002131 (sz=32, trace=300000, class=java.util.concurrent.ConcurrentHashMap$Node@50000023)
	key		50003480
	val		5000347f
OBJ 50002132 (sz=32, trace=300000, class=java.util.concurrent.ConcurrentHashMap$Node@50000023)
	key		50003474
	val		50003473
	next		50003472
OBJ 50002133 (sz=32, trace=300000, class=java.util.concurrent.ConcurrentHashMap$Node@50000023)
	key		50003460
	val		5000345f
	next		5000345e
OBJ 50002134 (sz=32, trace=300000, class=java.util.concurrent.ConcurrentHashMap$Node@50000023)
	key		50003459
	val		50003458
OBJ 50002135 (sz=32, trace=300000, class=java.util.concurrent.ConcurrentHashMap$Node@50000023)
	key		50003453
	val		50003452
OBJ 50002136 (sz=32, trace=300000, class=java.util.concurrent.ConcurrentHashMap$Node@50000023)
	key		5000344d
	val		5000344c
OBJ 50002137 (sz=32, trace=300000, class=java.util.concurrent.ConcurrentHashMap$Node@50000023)
	key		50002139
	val		50002138
OBJ 50002138 (sz=48, trace=300000, class=sun.util.locale.LocaleObjectCache$CacheEntry@50000018)
	referent	5000220b
	queue		50002129
	key		50002139
OBJ 50002139 (sz=40, trace=300000, class=sun.util.locale.BaseLocale$Key@50000019)
	lang		5000213d
	scrt		5000213c
	regn		5000213b
	vart		5000213a
OBJ 5000213a (sz=40, trace=300000, class=java.lang.ref.SoftReference@50000165)
	referent	50001c1a
	queue		5000213e
OBJ 5000213b (sz=40, trace=300000, class=java.lang.ref.SoftReference@50000165)
	referent	500021a4
	queue		5000213e
OBJ 5000213c (sz=40, trace=300000, class=java.lang.ref.SoftReference@50000165)
	referent	50001c1a
	queue		5000213e
OBJ 5000213d (sz=40, trace=300000, class=java.lang.ref.SoftReference@50000165)
	referent	5000213f
	queue		5000213e
OBJ 5000213e (sz=32, trace=300000, class=java.lang.ref.ReferenceQueue$Null@500000e5)
	lock		50002141
OBJ 5000213f (sz=24, trace=300000, class=java.lang.String@50000181)
	value		50002140
ARR 50002140 (sz=4, trace=300000, nelems=2, elem type=char[])
OBJ 50002141 (sz=16, trace=300000, class=java.lang.ref.ReferenceQueue$Lock@500000e4)
OBJ 50002142 (sz=32, trace=300000, class=java.lang.ref.ReferenceQueue$Null@500000e5)
	lock		50002143
OBJ 50002143 (sz=16, trace=300000, class=java.lang.ref.ReferenceQueue$Lock@500000e4)
OBJ 50002144 (sz=24, trace=300000, class=java.lang.String@50000181)
	value		5000344a
OBJ 50002145 (sz=16, trace=300000, class=java.security.ProtectionDomain$JavaSecurityAccessImpl@5000000b)
OBJ 50002146 (sz=16, trace=300000, class=java.security.ProtectionDomain$2@50000009)
OBJ 50002147 (sz=16, trace=300000, class=java.io.FileDescriptor$1@50000088)
OBJ 50002148 (sz=16, trace=300000, class=java.nio.Bits$1@5000006d)
OBJ 50002149 (sz=16, trace=300000, class=java.net.URLClassLoader$7@5000003a)
OBJ 5000214a (sz=16, trace=300000, class=java.lang.ref.Reference$1@500000e0)
OBJ 5000214b (sz=24, trace=300000, class=java.lang.String@50000181)
	value		50002158
OBJ 5000214c (sz=24, trace=300000, class=java.lang.String@50000181)
	value		500032f1
OBJ 5000214d (sz=24, trace=300000, class=java.lang.String@50000181)
	value		50002159
OBJ 5000214e (sz=24, trace=300000, class=java.lang.String@50000181)
	value		500032f0
OBJ 5000214f (sz=24, trace=300000, class=java.lang.String@50000181)
	value		500022d6
OBJ 50002150 (sz=24, trace=300000, class=java.lang.String@50000181)
	value		500032ef
OBJ 50002151 (sz=24, trace=300000, class=java.lang.String@50000181)
	value		500032ee
OBJ 50002152 (sz=24, trace=300000, class=java.lang.String@50000181)
	value		500032ed
OBJ 50002153 (sz=24, trace=300000, class=java.lang.String@50000181)
	value		500032ec
OBJ 50002154 (sz=24, trace=300000, class=java.lang.String@50000181)
	value		500032eb
OBJ 50002155 (sz=24, trace=300000, class=java.lang.String@50000181)
	value		500032ea
OBJ 50002156 (sz=24, trace=300000, class=java.lang.String@50000181)
	value		500032e9
OBJ 50002157 (sz=24, trace=300000, class=java.lang.String@50000181)
	value		500032e8
ARR 50002158 (sz=40, trace=300000, nelems=20, elem type=char[])
ARR 50002159 (sz=24, trace=300000, nelems=12, elem type=char[])
OBJ 5000215a (sz=24, trace=300000, class=java.lang.String@50000181)
	value		500022dd
OBJ 5000215b (sz=24, trace=300000, class=java.lang.String@50000181)
	value		500022dc
OBJ 5000215c (sz=24, trace=300000, class=java.lang.String@50000181)
	value		500022db
OBJ 5000215d (sz=24, trace=300000, class=java.lang.String@50000181)
	value		500022da
OBJ 5000215e (sz=24, trace=300000, class=java.lang.String@50000181)
	value		500022d9
OBJ 5000215f (sz=24, trace=300000, class=java.lang.String@50000181)
	value		500022d8
OBJ 50002160 (sz=24, trace=300000, class=java.lang.String@50000181)
	value		500022bd
ARR 50002161 (sz=56, trace=300000, nelems=10, elem type=java.security.CryptoPrimitive[]@50001142)
	[0]		50001138
	[1]		50001139
	[2]		5000113a
	[3]		5000113b
	[4]		5000113c
	[5]		5000113d
	[6]		5000113e
	[7]		5000113f
	[8]		50001140
	[9]		50001141
OBJ 50002162 (sz=24, trace=300000, class=java.lang.String@50000181)
	value		5000216e
OBJ 50002163 (sz=24, trace=300000, class=java.lang.String@50000181)
	value		50002175
OBJ 50002164 (sz=24, trace=300000, class=java.lang.String@50000181)
	value		50002174
OBJ 50002165 (sz=24, trace=300000, class=java.lang.String@50000181)
	value		50002171
OBJ 50002166 (sz=24, trace=300000, class=java.lang.String@50000181)
	value		50002170
OBJ 50002167 (sz=24, trace=300000, class=java.lang.String@50000181)
	value		5000216c
OBJ 50002168 (sz=24, trace=300000, class=java.lang.String@50000181)
	value		50002172
OBJ 50002169 (sz=24, trace=300000, class=java.lang.String@50000181)
	value		5000216d
OBJ 5000216a (sz=24, trace=300000, class=java.lang.String@50000181)
	value		50002173
OBJ 5000216b (sz=24, trace=300000, class=java.lang.String@50000181)
	value		5000216f
ARR 5000216c (sz=28, trace=300000, nelems=14, elem type=char[])
ARR 5000216d (sz=26, trace=300000, nelems=13, elem type=char[])
ARR 5000216e (sz=24, trace=300000, nelems=12, elem type=char[])
ARR 5000216f (sz=26, trace=300000, nelems=13, elem type=char[])
ARR 50002170 (sz=6, trace=300000, nelems=3, elem type=char[])
ARR 50002171 (sz=16, trace=300000, nelems=8, elem type=char[])
ARR 50002172 (sz=42, trace=300000, nelems=21, elem type=char[])
ARR 50002173 (sz=18, trace=300000, nelems=9, elem type=char[])
ARR 50002174 (sz=34, trace=300000, nelems=17, elem type=char[])
ARR 50002175 (sz=26, trace=300000, nelems=13, elem type=char[])
OBJ 50002176 (sz=24, trace=300000, class=java.lang.String@50000181)
	value		50002178
OBJ 50002177 (sz=24, trace=300000, class=java.lang.String@50000181)
	value		5000217b
ARR 50002178 (sz=2, trace=300000, nelems=1, elem type=char[])
OBJ 50002179 (sz=24, trace=300000, class=java.lang.String@50000181)
	value		5000217a
ARR 5000217a (sz=28, trace=300000, nelems=14, elem type=char[])
ARR 5000217b (sz=16, trace=300000, nelems=8, elem type=char[])
OBJ 5000217c (sz=24, trace=300000, class=java.lang.String@50000181)
	value		50002189
OBJ 5000217d (sz=24, trace=300000, class=java.lang.String@50000181)
	value		50002183
OBJ 5000217e (sz=24, trace=300000, class=java.lang.String@50000181)
	value		50002188
OBJ 5000217f (sz=24, trace=300000, class=java.lang.String@50000181)
	value		50002187
OBJ 50002180 (sz=24, trace=300000, class=java.lang.String@50000181)
	value		50002186
OBJ 50002181 (sz=24, trace=300000, class=java.lang.String@50000181)
	value		50002185
OBJ 50002182 (sz=24, trace=300000, class=java.lang.String@50000181)
	value		50002184
ARR 50002183 (sz=4, trace=300000, nelems=2, elem type=char[])
ARR 50002184 (sz=4, trace=300000, nelems=2, elem type=char[])
ARR 50002185 (sz=4, trace=300000, nelems=2, elem type=char[])
ARR 50002186 (sz=4, trace=300000, nelems=2, elem type=char[])
ARR 50002187 (sz=4, trace=300000, nelems=2, elem type=char[])
ARR 50002188 (sz=4, trace=300000, nelems=2, elem type=char[])
ARR 50002189 (sz=2, trace=300000, nelems=1, elem type=char[])
OBJ 5000218a (sz=24, trace=300000, class=java.lang.String@50000181)
	value		5000218b
ARR 5000218b (sz=86, trace=300000, nelems=43, elem type=char[])
OBJ 5000218c (sz=24, trace=300000, class=java.lang.String@50000181)
	value		50002263
OBJ 5000218d (sz=24, trace=300000, class=java.lang.String@50000181)
	value		500021f5
OBJ 5000218e (sz=24, trace=300000, class=java.lang.String@50000181)
	value		500021e2
OBJ 5000218f (sz=24, trace=300000, class=java.lang.String@50000181)
	value		500021e7
OBJ 50002190 (sz=24, trace=300000, class=java.lang.String@50000181)
	value		50002213
OBJ 50002191 (sz=24, trace=300000, class=java.lang.String@50000181)
	value		50002205
OBJ 50002192 (sz=24, trace=300000, class=java.lang.String@50000181)
	value		500022b8
OBJ 50002193 (sz=24, trace=300000, class=java.lang.String@50000181)
	value		50002227
OBJ 50002194 (sz=24, trace=300000, class=java.lang.String@50000181)
	value		500021f1
OBJ 50002195 (sz=24, trace=300000, class=java.lang.String@50000181)
	value		500021d3
OBJ 50002196 (sz=24, trace=300000, class=java.lang.String@50000181)
	value		50002222
OBJ 50002197 (sz=24, trace=300000, class=java.lang.String@50000181)
	value		50002225
OBJ 50002198 (sz=24, trace=300000, class=java.lang.String@50000181)
	value		500021e6
OBJ 50002199 (sz=24, trace=300000, class=java.lang.String@50000181)
	value		50002201
OBJ 5000219a (sz=24, trace=300000, class=java.lang.String@50000181)
	value		500021f9
OBJ 5000219b (sz=24, trace=300000, class=java.lang.String@50000181)
	value		50002228
OBJ 5000219c (sz=24, trace=300000, class=java.lang.String@50000181)
	value		50002224
OBJ 5000219d (sz=24, trace=300000, class=java.lang.String@50000181)
	value		500022b7
OBJ 5000219e (sz=24, trace=300000, class=java.lang.String@50000181)
	value		500022b6
OBJ 5000219f (sz=24, trace=300000, class=java.lang.String@50000181)
	value		500022b5
OBJ 500021a0 (sz=24, trace=300000, class=java.lang.String@50000181)
	value		500022b4
OBJ 500021a1 (sz=24, trace=300000, class=java.lang.String@50000181)
	value		500022b3
OBJ 500021a2 (sz=24, trace=300000, class=java.lang.String@50000181)
	value		500022b2
OBJ 500021a3 (sz=24, trace=300000, class=java.lang.String@50000181)
	value		50002226
OBJ 500021a4 (sz=24, trace=300000, class=java.lang.String@50000181)
	value		500021de
OBJ 500021a5 (sz=24, trace=300000, class=java.lang.String@50000181)
	value		500021d4
OBJ 500021a6 (sz=24, trace=300000, class=java.lang.String@50000181)
	value		5000220f
OBJ 500021a7 (sz=24, trace=300000, class=java.lang.String@50000181)
	value		500021da
ARR 500021a8 (sz=40, trace=300000, nelems=6, elem type=java.io.ObjectStreamField[]@5000010e)
	[0]		5000221b
	[1]		5000221c
	[2]		5000221d
	[3]		5000221e
	[4]		5000221f
	[5]		50002220
OBJ 500021a9 (sz=32, trace=300000, class=java.util.Locale@5000002e)
	baseLocale	50002217
	languageTag	50000ff1
OBJ 500021aa (sz=32, trace=300000, class=java.util.Locale@5000002e)
	baseLocale	5000221a
OBJ 500021ab (sz=32, trace=300000, class=java.util.Locale@5000002e)
	baseLocale	5000220b
OBJ 500021ac (sz=32, trace=300000, class=java.util.Locale@5000002e)
	baseLocale	500021dd
OBJ 500021ad (sz=32, trace=300000, class=java.util.Locale@5000002e)
	baseLocale	500021d9
OBJ 500021ae (sz=32, trace=300000, class=java.util.Locale@5000002e)
	baseLocale	500021d2
OBJ 500021af (sz=32, trace=300000, class=java.util.Locale@5000002e)
	baseLocale	50002204
OBJ 500021b0 (sz=32, trace=300000, class=java.util.Locale@5000002e)
	baseLocale	5000220e
OBJ 500021b1 (sz=32, trace=300000, class=java.util.Locale@5000002e)
	baseLocale	50002212
OBJ 500021b2 (sz=32, trace=300000, class=java.util.Locale@5000002e)
	baseLocale	500021e5
OBJ 500021b3 (sz=32, trace=300000, class=java.util.Locale@5000002e)
	baseLocale	500021f4
OBJ 500021b4 (sz=32, trace=300000, class=java.util.Locale@5000002e)
	baseLocale	500021e1
OBJ 500021b5 (sz=32, trace=300000, class=java.util.Locale@5000002e)
	baseLocale	500021ed
	languageTag	50001029
OBJ 500021b6 (sz=32, trace=300000, class=java.util.Locale@5000002e)
	baseLocale	500021f8
OBJ 500021b7 (sz=32, trace=300000, class=java.util.Locale@5000002e)
	baseLocale	50002200
OBJ 500021b8 (sz=32, trace=300000, class=java.util.Locale@5000002e)
	baseLocale	500021fc
OBJ 500021b9 (sz=32, trace=300000, class=java.util.Locale@5000002e)
	baseLocale	500021f0
OBJ 500021ba (sz=32, trace=300000, class=java.util.Locale@5000002e)
	baseLocale	50002208
OBJ 500021bb (sz=32, trace=300000, class=java.util.Locale@5000002e)
	baseLocale	500021ea
OBJ 500021bc (sz=24, trace=300000, class=java.util.Locale$Cache@5000002c)
	map		500021be
	queue		500021bd
OBJ 500021bd (sz=32, trace=300000, class=java.lang.ref.ReferenceQueue@500000e6)
	lock		500021d5
OBJ 500021be (sz=64, trace=300000, class=java.util.concurrent.ConcurrentHashMap@5000002a)
	table		500021bf
ARR 500021bf (sz=144, trace=300000, nelems=31, elem type=java.util.concurrent.ConcurrentHashMap$Node[]@50000022)
	[0]		500021c0
	[1]		500021c1
	[2]		500021c2
	[4]		500021c3
	[5]		500021c4
	[8]		500021c5
	[9]		500021c6
	[10]		500021c7
	[14]		500021c8
	[16]		500021c9
	[20]		500021ca
	[22]		500021cb
	[23]		500021cc
	[26]		500021cd
	[27]		500021ce
	[29]		50000a07
	[30]		500021cf
OBJ 500021c0 (sz=32, trace=300000, class=java.util.concurrent.ConcurrentHashMap$Node@50000023)
	key		50002216
	val		50002215
	next		50002214
OBJ 500021c1 (sz=32, trace=300000, class=java.util.concurrent.ConcurrentHashMap$Node@50000023)
	key		50002211
	val		50002210
OBJ 500021c2 (sz=32, trace=300000, class=java.util.concurrent.ConcurrentHashMap$Node@50000023)
	key		5000220d
	val		5000220c
OBJ 500021c3 (sz=32, trace=300000, class=java.util.concurrent.ConcurrentHashMap$Node@50000023)
	key		5000220a
	val		50002209
OBJ 500021c4 (sz=32, trace=300000, class=java.util.concurrent.ConcurrentHashMap$Node@50000023)
	key		50002207
	val		50002206
OBJ 500021c5 (sz=32, trace=300000, class=java.util.concurrent.ConcurrentHashMap$Node@50000023)
	key		500021ff
	val		500021fe
	next		500021fd
OBJ 500021c6 (sz=32, trace=300000, class=java.util.concurrent.ConcurrentHashMap$Node@50000023)
	key		500021fb
	val		500021fa
OBJ 500021c7 (sz=32, trace=300000, class=java.util.concurrent.ConcurrentHashMap$Node@50000023)
	key		500021f7
	val		500021f6
	next		500009f4
OBJ 500021c8 (sz=32, trace=300000, class=java.util.concurrent.ConcurrentHashMap$Node@50000023)
	key		500021f3
	val		500021f2
OBJ 500021c9 (sz=32, trace=300000, class=java.util.concurrent.ConcurrentHashMap$Node@50000023)
	key		500021ef
	val		500021ee
OBJ 500021ca (sz=32, trace=300000, class=java.util.concurrent.ConcurrentHashMap$Node@50000023)
	key		500021ec
	val		500021eb
OBJ 500021cb (sz=32, trace=300000, class=java.util.concurrent.ConcurrentHashMap$Node@50000023)
	key		500021e9
	val		500021e8
OBJ 500021cc (sz=32, trace=300000, class=java.util.concurrent.ConcurrentHashMap$Node@50000023)
	key		500021e4
	val		500021e3
OBJ 500021cd (sz=32, trace=300000, class=java.util.concurrent.ConcurrentHashMap$Node@50000023)
	key		500021e0
	val		500021df
OBJ 500021ce (sz=32, trace=300000, class=java.util.concurrent.ConcurrentHashMap$Node@50000023)
	key		500021d8
	val		500021d7
	next		500021d6
OBJ 500021cf (sz=32, trace=300000, class=java.util.concurrent.ConcurrentHashMap$Node@50000023)
	key		500021d1
	val		500021d0
OBJ 500021d0 (sz=48, trace=300000, class=sun.util.locale.LocaleObjectCache$CacheEntry@50000018)
	referent	500021ae
	queue		500021bd
	key		500021d1
OBJ 500021d1 (sz=24, trace=300000, class=java.util.Locale$LocaleKey@50000017)
	base		500021d2
OBJ 500021d2 (sz=32, trace=300000, class=sun.util.locale.BaseLocale@5000001b)
	language	50002195
	script		50001c1a
	region		500021a5
	variant		50001c1a
ARR 500021d3 (sz=4, trace=300000, nelems=2, elem type=char[])
ARR 500021d4 (sz=4, trace=300000, nelems=2, elem type=char[])
OBJ 500021d5 (sz=16, trace=300000, class=java.lang.ref.ReferenceQueue$Lock@500000e4)
OBJ 500021d6 (sz=32, trace=300000, class=java.util.concurrent.ConcurrentHashMap$Node@50000023)
	key		500021dc
	val		500021db
OBJ 500021d7 (sz=48, trace=300000, class=sun.util.locale.LocaleObjectCache$CacheEntry@50000018)
	referent	500021ad
	queue		500021bd
	key		500021d8
OBJ 500021d8 (sz=24, trace=300000, class=java.util.Locale$LocaleKey@50000017)
	base		500021d9
OBJ 500021d9 (sz=32, trace=300000, class=sun.util.locale.BaseLocale@5000001b)
	language	50002195
	script		50001c1a
	region		500021a7
	variant		50001c1a
ARR 500021da (sz=4, trace=300000, nelems=2, elem type=char[])
OBJ 500021db (sz=48, trace=300000, class=sun.util.locale.LocaleObjectCache$CacheEntry@50000018)
	referent	500021ac
	queue		500021bd
	key		500021dc
OBJ 500021dc (sz=24, trace=300000, class=java.util.Locale$LocaleKey@50000017)
	base		500021dd
OBJ 500021dd (sz=32, trace=300000, class=sun.util.locale.BaseLocale@5000001b)
	language	50002195
	script		50001c1a
	region		500021a4
	variant		50001c1a
ARR 500021de (sz=4, trace=300000, nelems=2, elem type=char[])
OBJ 500021df (sz=48, trace=300000, class=sun.util.locale.LocaleObjectCache$CacheEntry@50000018)
	referent	500021b4
	queue		500021bd
	key		500021e0
OBJ 500021e0 (sz=24, trace=300000, class=java.util.Locale$LocaleKey@50000017)
	base		500021e1
OBJ 500021e1 (sz=32, trace=300000, class=sun.util.locale.BaseLocale@5000001b)
	language	5000213f
	script		50001c1a
	region		5000218e
	variant		50001c1a
ARR 500021e2 (sz=4, trace=300000, nelems=2, elem type=char[])
OBJ 500021e3 (sz=48, trace=300000, class=sun.util.locale.LocaleObjectCache$CacheEntry@50000018)
	referent	500021b2
	queue		500021bd
	key		500021e4
OBJ 500021e4 (sz=24, trace=300000, class=java.util.Locale$LocaleKey@50000017)
	base		500021e5
OBJ 500021e5 (sz=32, trace=300000, class=sun.util.locale.BaseLocale@5000001b)
	language	50002198
	script		50001c1a
	region		5000218f
	variant		50001c1a
ARR 500021e6 (sz=4, trace=300000, nelems=2, elem type=char[])
ARR 500021e7 (sz=4, trace=300000, nelems=2, elem type=char[])
OBJ 500021e8 (sz=48, trace=300000, class=sun.util.locale.LocaleObjectCache$CacheEntry@50000018)
	referent	500021bb
	queue		500021bd
	key		500021e9
OBJ 500021e9 (sz=24, trace=300000, class=java.util.Locale$LocaleKey@50000017)
	base		500021ea
OBJ 500021ea (sz=32, trace=300000, class=sun.util.locale.BaseLocale@5000001b)
	language	50002195
	script		50001c1a
	region		50001c1a
	variant		50001c1a
OBJ 500021eb (sz=48, trace=300000, class=sun.util.locale.LocaleObjectCache$CacheEntry@50000018)
	referent	500021b5
	queue		500021bd
	key		500021ec
OBJ 500021ec (sz=24, trace=300000, class=java.util.Locale$LocaleKey@50000017)
	base		500021ed
OBJ 500021ed (sz=32, trace=300000, class=sun.util.locale.BaseLocale@5000001b)
	language	5000211e
	script		50001c1a
	region		50001c1a
	variant		50001c1a
OBJ 500021ee (sz=48, trace=300000, class=sun.util.locale.LocaleObjectCache$CacheEntry@50000018)
	referent	500021b9
	queue		500021bd
	key		500021ef
OBJ 500021ef (sz=24, trace=300000, class=java.util.Locale$LocaleKey@50000017)
	base		500021f0
OBJ 500021f0 (sz=32, trace=300000, class=sun.util.locale.BaseLocale@5000001b)
	language	50002194
	script		50001c1a
	region		50001c1a
	variant		50001c1a
ARR 500021f1 (sz=4, trace=300000, nelems=2, elem type=char[])
OBJ 500021f2 (sz=48, trace=300000, class=sun.util.locale.LocaleObjectCache$CacheEntry@50000018)
	referent	500021b3
	queue		500021bd
	key		500021f3
OBJ 500021f3 (sz=24, trace=300000, class=java.util.Locale$LocaleKey@50000017)
	base		500021f4
OBJ 500021f4 (sz=32, trace=300000, class=sun.util.locale.BaseLocale@5000001b)
	language	50002194
	script		50001c1a
	region		5000218d
	variant		50001c1a
ARR 500021f5 (sz=4, trace=300000, nelems=2, elem type=char[])
OBJ 500021f6 (sz=48, trace=300000, class=sun.util.locale.LocaleObjectCache$CacheEntry@50000018)
	referent	500021b6
	queue		500021bd
	key		500021f7
OBJ 500021f7 (sz=24, trace=300000, class=java.util.Locale$LocaleKey@50000017)
	base		500021f8
OBJ 500021f8 (sz=32, trace=300000, class=sun.util.locale.BaseLocale@5000001b)
	language	5000219a
	script		50001c1a
	region		50001c1a
	variant		50001c1a
ARR 500021f9 (sz=4, trace=300000, nelems=2, elem type=char[])
OBJ 500021fa (sz=48, trace=300000, class=sun.util.locale.LocaleObjectCache$CacheEntry@50000018)
	referent	500021b8
	queue		500021bd
	key		500021fb
OBJ 500021fb (sz=24, trace=300000, class=java.util.Locale$LocaleKey@50000017)
	base		500021fc
OBJ 500021fc (sz=32, trace=300000, class=sun.util.locale.BaseLocale@5000001b)
	language	50002198
	script		50001c1a
	region		50001c1a
	variant		50001c1a
OBJ 500021fd (sz=32, trace=300000, class=java.util.concurrent.ConcurrentHashMap$Node@50000023)
	key		50002203
	val		50002202
OBJ 500021fe (sz=48, trace=300000, class=sun.util.locale.LocaleObjectCache$CacheEntry@50000018)
	referent	500021b7
	queue		500021bd
	key		500021ff
OBJ 500021ff (sz=24, trace=300000, class=java.util.Locale$LocaleKey@50000017)
	base		50002200
OBJ 50002200 (sz=32, trace=300000, class=sun.util.locale.BaseLocale@5000001b)
	language	50002199
	script		50001c1a
	region		50001c1a
	variant		50001c1a
ARR 50002201 (sz=4, trace=300000, nelems=2, elem type=char[])
OBJ 50002202 (sz=48, trace=300000, class=sun.util.locale.LocaleObjectCache$CacheEntry@50000018)
	referent	500021af
	queue		500021bd
	key		50002203
OBJ 50002203 (sz=24, trace=300000, class=java.util.Locale$LocaleKey@50000017)
	base		50002204
OBJ 50002204 (sz=32, trace=300000, class=sun.util.locale.BaseLocale@5000001b)
	language	5000211e
	script		50001c1a
	region		50002191
	variant		50001c1a
ARR 50002205 (sz=4, trace=300000, nelems=2, elem type=char[])
OBJ 50002206 (sz=48, trace=300000, class=sun.util.locale.LocaleObjectCache$CacheEntry@50000018)
	referent	500021ba
	queue		500021bd
	key		50002207
OBJ 50002207 (sz=24, trace=300000, class=java.util.Locale$LocaleKey@50000017)
	base		50002208
OBJ 50002208 (sz=32, trace=300000, class=sun.util.locale.BaseLocale@5000001b)
	language	5000213f
	script		50001c1a
	region		50001c1a
	variant		50001c1a
OBJ 50002209 (sz=48, trace=300000, class=sun.util.locale.LocaleObjectCache$CacheEntry@50000018)
	referent	500021ab
	queue		500021bd
	key		5000220a
OBJ 5000220a (sz=24, trace=300000, class=java.util.Locale$LocaleKey@50000017)
	base		5000220b
OBJ 5000220b (sz=32, trace=300000, class=sun.util.locale.BaseLocale@5000001b)
	language	5000213f
	script		50001c1a
	region		500021a4
	variant		50001c1a
OBJ 5000220c (sz=48, trace=300000, class=sun.util.locale.LocaleObjectCache$CacheEntry@50000018)
	referent	500021b0
	queue		500021bd
	key		5000220d
OBJ 5000220d (sz=24, trace=300000, class=java.util.Locale$LocaleKey@50000017)
	base		5000220e
OBJ 5000220e (sz=32, trace=300000, class=sun.util.locale.BaseLocale@5000001b)
	language	5000219a
	script		50001c1a
	region		500021a6
	variant		50001c1a
ARR 5000220f (sz=4, trace=300000, nelems=2, elem type=char[])
OBJ 50002210 (sz=48, trace=300000, class=sun.util.locale.LocaleObjectCache$CacheEntry@50000018)
	referent	500021b1
	queue		500021bd
	key		50002211
OBJ 50002211 (sz=24, trace=300000, class=java.util.Locale$LocaleKey@50000017)
	base		50002212
OBJ 50002212 (sz=32, trace=300000, class=sun.util.locale.BaseLocale@5000001b)
	language	50002199
	script		50001c1a
	region		50002190
	variant		50001c1a
ARR 50002213 (sz=4, trace=300000, nelems=2, elem type=char[])
OBJ 50002214 (sz=32, trace=300000, class=java.util.concurrent.ConcurrentHashMap$Node@50000023)
	key		50002219
	val		50002218
OBJ 50002215 (sz=48, trace=300000, class=sun.util.locale.LocaleObjectCache$CacheEntry@50000018)
	referent	500021a9
	queue		500021bd
	key		50002216
OBJ 50002216 (sz=24, trace=300000, class=java.util.Locale$LocaleKey@50000017)
	base		50002217
OBJ 50002217 (sz=32, trace=300000, class=sun.util.locale.BaseLocale@5000001b)
	language	5000211e
	script		50001c1a
	region		5000211c
	variant		50001c1a
OBJ 50002218 (sz=48, trace=300000, class=sun.util.locale.LocaleObjectCache$CacheEntry@50000018)
	referent	500021aa
	queue		500021bd
	key		50002219
OBJ 50002219 (sz=24, trace=300000, class=java.util.Locale$LocaleKey@50000017)
	base		5000221a
OBJ 5000221a (sz=32, trace=300000, class=sun.util.locale.BaseLocale@5000001b)
	language	50001c1a
	script		50001c1a
	region		50001c1a
	variant		50001c1a
OBJ 5000221b (sz=40, trace=300000, class=java.io.ObjectStreamField@50000110)
	name		5000219b
	signature	50002221
	type		50000181
OBJ 5000221c (sz=40, trace=300000, class=java.io.ObjectStreamField@50000110)
	name		50002193
	signature	50002221
	type		50000181
OBJ 5000221d (sz=40, trace=300000, class=java.io.ObjectStreamField@50000110)
	name		500021a3
	signature	50002221
	type		50000181
OBJ 5000221e (sz=40, trace=300000, class=java.io.ObjectStreamField@50000110)
	name		50002197
	signature	50001e50
	type		50001bfb
OBJ 5000221f (sz=40, trace=300000, class=java.io.ObjectStreamField@50000110)
	name		5000219c
	signature	50002221
	type		50000181
OBJ 50002220 (sz=40, trace=300000, class=java.io.ObjectStreamField@50000110)
	name		50002196
	signature	50002221
	type		50000181
OBJ 50002221 (sz=24, trace=300000, class=java.lang.String@50000181)
	value		50002223
ARR 50002222 (sz=20, trace=300000, nelems=10, elem type=char[])
ARR 50002223 (sz=36, trace=300000, nelems=18, elem type=char[])
ARR 50002224 (sz=12, trace=300000, nelems=6, elem type=char[])
ARR 50002225 (sz=16, trace=300000, nelems=8, elem type=char[])
ARR 50002226 (sz=14, trace=300000, nelems=7, elem type=char[])
ARR 50002227 (sz=14, trace=300000, nelems=7, elem type=char[])
ARR 50002228 (sz=16, trace=300000, nelems=8, elem type=char[])
OBJ 50002229 (sz=24, trace=300000, class=java.lang.String@50000181)
	value		50002294
OBJ 5000222a (sz=24, trace=300000, class=java.lang.String@50000181)
	value		50002279
OBJ 5000222b (sz=24, trace=300000, class=java.lang.String@50000181)
	value		50002282
OBJ 5000222c (sz=24, trace=300000, class=java.lang.String@50000181)
	value		50002295
OBJ 5000222d (sz=24, trace=300000, class=java.lang.String@50000181)
	value		5000226c
OBJ 5000222e (sz=24, trace=300000, class=java.lang.String@50000181)
	value		50002272
OBJ 5000222f (sz=24, trace=300000, class=java.lang.String@50000181)
	value		50002271
OBJ 50002230 (sz=24, trace=300000, class=java.lang.String@50000181)
	value		50002280
OBJ 50002231 (sz=24, trace=300000, class=java.lang.String@50000181)
	value		5000227c
OBJ 50002232 (sz=24, trace=300000, class=java.lang.String@50000181)
	value		50002292
OBJ 50002233 (sz=24, trace=300000, class=java.lang.String@50000181)
	value		50002293
OBJ 50002234 (sz=24, trace=300000, class=java.lang.String@50000181)
	value		50002281
OBJ 50002235 (sz=24, trace=300000, class=java.lang.String@50000181)
	value		5000227f
OBJ 50002236 (sz=24, trace=300000, class=java.lang.String@50000181)
	value		50002273
OBJ 50002237 (sz=24, trace=300000, class=java.lang.String@50000181)
	value		5000227b
OBJ 50002238 (sz=24, trace=300000, class=java.lang.String@50000181)
	value		5000226d
OBJ 50002239 (sz=24, trace=300000, class=java.lang.String@50000181)
	value		50002277
OBJ 5000223a (sz=24, trace=300000, class=java.lang.String@50000181)
	value		50002267
OBJ 5000223b (sz=24, trace=300000, class=java.lang.String@50000181)
	value		50002289
OBJ 5000223c (sz=24, trace=300000, class=java.lang.String@50000181)
	value		50002269
OBJ 5000223d (sz=24, trace=300000, class=java.lang.String@50000181)
	value		50002283
OBJ 5000223e (sz=24, trace=300000, class=java.lang.String@50000181)
	value		50002285
OBJ 5000223f (sz=24, trace=300000, class=java.lang.String@50000181)
	value		5000227d
OBJ 50002240 (sz=24, trace=300000, class=java.lang.String@50000181)
	value		5000229d
OBJ 50002241 (sz=24, trace=300000, class=java.lang.String@50000181)
	value		5000229c
OBJ 50002242 (sz=24, trace=300000, class=java.lang.String@50000181)
	value		5000227a
OBJ 50002243 (sz=24, trace=300000, class=java.lang.String@50000181)
	value		5000229b
OBJ 50002244 (sz=24, trace=300000, class=java.lang.String@50000181)
	value		50002278
OBJ 50002245 (sz=24, trace=300000, class=java.lang.String@50000181)
	value		50002270
OBJ 50002246 (sz=24, trace=300000, class=java.lang.String@50000181)
	value		5000228e
OBJ 50002247 (sz=24, trace=300000, class=java.lang.String@50000181)
	value		50002288
OBJ 50002248 (sz=24, trace=300000, class=java.lang.String@50000181)
	value		5000228c
OBJ 50002249 (sz=24, trace=300000, class=java.lang.String@50000181)
	value		5000229a
OBJ 5000224a (sz=24, trace=300000, class=java.lang.String@50000181)
	value		50002287
OBJ 5000224b (sz=24, trace=300000, class=java.lang.String@50000181)
	value		5000228b
OBJ 5000224c (sz=24, trace=300000, class=java.lang.String@50000181)
	value		5000228a
OBJ 5000224d (sz=24, trace=300000, class=java.lang.String@50000181)
	value		5000226a
OBJ 5000224e (sz=24, trace=300000, class=java.lang.String@50000181)
	value		50002268
OBJ 5000224f (sz=24, trace=300000, class=java.lang.String@50000181)
	value		50002297
OBJ 50002250 (sz=24, trace=300000, class=java.lang.String@50000181)
	value		5000228f
OBJ 50002251 (sz=24, trace=300000, class=java.lang.String@50000181)
	value		50002298
OBJ 50002252 (sz=24, trace=300000, class=java.lang.String@50000181)
	value		50002276
OBJ 50002253 (sz=24, trace=300000, class=java.lang.String@50000181)
	value		50002290
OBJ 50002254 (sz=24, trace=300000, class=java.lang.String@50000181)
	value		50002284
OBJ 50002255 (sz=24, trace=300000, class=java.lang.String@50000181)
	value		50002286
OBJ 50002256 (sz=24, trace=300000, class=java.lang.String@50000181)
	value		5000226e
OBJ 50002257 (sz=24, trace=300000, class=java.lang.String@50000181)
	value		5000227e
OBJ 50002258 (sz=24, trace=300000, class=java.lang.String@50000181)
	value		50002274
OBJ 50002259 (sz=24, trace=300000, class=java.lang.String@50000181)
	value		50002275
OBJ 5000225a (sz=24, trace=300000, class=java.lang.String@50000181)
	value		50002296
OBJ 5000225b (sz=24, trace=300000, class=java.lang.String@50000181)
	value		5000226b
OBJ 5000225c (sz=24, trace=300000, class=java.lang.String@50000181)
	value		50002299
OBJ 5000225d (sz=24, trace=300000, class=java.lang.String@50000181)
	value		5000228d
OBJ 5000225e (sz=24, trace=300000, class=java.lang.String@50000181)
	value		5000226f
OBJ 5000225f (sz=24, trace=300000, class=java.lang.String@50000181)
	value		50002291
OBJ 50002260 (sz=24, trace=300000, class=java.lang.String@50000181)
	value		50002266
OBJ 50002261 (sz=24, trace=300000, class=java.lang.String@50000181)
	value		50002265
OBJ 50002262 (sz=24, trace=300000, class=java.lang.String@50000181)
	value		50002264
ARR 50002263 (sz=2, trace=300000, nelems=1, elem type=char[])
ARR 50002264 (sz=2, trace=300000, nelems=1, elem type=char[])
ARR 50002265 (sz=6, trace=300000, nelems=3, elem type=char[])
ARR 50002266 (sz=16, trace=300000, nelems=8, elem type=char[])
ARR 50002267 (sz=14, trace=300000, nelems=7, elem type=char[])
ARR 50002268 (sz=26, trace=300000, nelems=13, elem type=char[])
ARR 50002269 (sz=10, trace=300000, nelems=5, elem type=char[])
ARR 5000226a (sz=6, trace=300000, nelems=3, elem type=char[])
ARR 5000226b (sz=16, trace=300000, nelems=8, elem type=char[])
ARR 5000226c (sz=6, trace=300000, nelems=3, elem type=char[])
ARR 5000226d (sz=18, trace=300000, nelems=9, elem type=char[])
ARR 5000226e (sz=6, trace=300000, nelems=3, elem type=char[])
ARR 5000226f (sz=20, trace=300000, nelems=10, elem type=char[])
ARR 50002270 (sz=6, trace=300000, nelems=3, elem type=char[])
ARR 50002271 (sz=22, trace=300000, nelems=11, elem type=char[])
ARR 50002272 (sz=18, trace=300000, nelems=9, elem type=char[])
ARR 50002273 (sz=20, trace=300000, nelems=10, elem type=char[])
ARR 50002274 (sz=32, trace=300000, nelems=16, elem type=char[])
ARR 50002275 (sz=6, trace=300000, nelems=3, elem type=char[])
ARR 50002276 (sz=18, trace=300000, nelems=9, elem type=char[])
ARR 50002277 (sz=10, trace=300000, nelems=5, elem type=char[])
ARR 50002278 (sz=4, trace=300000, nelems=2, elem type=char[])
ARR 50002279 (sz=20, trace=300000, nelems=10, elem type=char[])
ARR 5000227a (sz=6, trace=300000, nelems=3, elem type=char[])
ARR 5000227b (sz=10, trace=300000, nelems=5, elem type=char[])
ARR 5000227c (sz=6, trace=300000, nelems=3, elem type=char[])
ARR 5000227d (sz=10, trace=300000, nelems=5, elem type=char[])
ARR 5000227e (sz=6, trace=300000, nelems=3, elem type=char[])
ARR 5000227f (sz=18, trace=300000, nelems=9, elem type=char[])
ARR 50002280 (sz=28, trace=300000, nelems=14, elem type=char[])
ARR 50002281 (sz=10, trace=300000, nelems=5, elem type=char[])
ARR 50002282 (sz=6, trace=300000, nelems=3, elem type=char[])
ARR 50002283 (sz=10, trace=300000, nelems=5, elem type=char[])
ARR 50002284 (sz=6, trace=300000, nelems=3, elem type=char[])
ARR 50002285 (sz=10, trace=300000, nelems=5, elem type=char[])
ARR 50002286 (sz=6, trace=300000, nelems=3, elem type=char[])
ARR 50002287 (sz=12, trace=300000, nelems=6, elem type=char[])
ARR 50002288 (sz=4, trace=300000, nelems=2, elem type=char[])
ARR 50002289 (sz=16, trace=300000, nelems=8, elem type=char[])
ARR 5000228a (sz=4, trace=300000, nelems=2, elem type=char[])
ARR 5000228b (sz=12, trace=300000, nelems=6, elem type=char[])
ARR 5000228c (sz=4, trace=300000, nelems=2, elem type=char[])
ARR 5000228d (sz=12, trace=300000, nelems=6, elem type=char[])
ARR 5000228e (sz=24, trace=300000, nelems=12, elem type=char[])
ARR 5000228f (sz=6, trace=300000, nelems=3, elem type=char[])
ARR 50002290 (sz=18, trace=300000, nelems=9, elem type=char[])
ARR 50002291 (sz=16, trace=300000, nelems=8, elem type=char[])
ARR 50002292 (sz=6, trace=300000, nelems=3, elem type=char[])
ARR 50002293 (sz=10, trace=300000, nelems=5, elem type=char[])
ARR 50002294 (sz=6, trace=300000, nelems=3, elem type=char[])
ARR 50002295 (sz=22, trace=300000, nelems=11, elem type=char[])
ARR 50002296 (sz=34, trace=300000, nelems=17, elem type=char[])
ARR 50002297 (sz=6, trace=300000, nelems=3, elem type=char[])
ARR 50002298 (sz=18, trace=300000, nelems=9, elem type=char[])
ARR 50002299 (sz=16, trace=300000, nelems=8, elem type=char[])
ARR 5000229a (sz=4, trace=300000, nelems=2, elem type=char[])
ARR 5000229b (sz=4, trace=300000, nelems=2, elem type=char[])
ARR 5000229c (sz=4, trace=300000, nelems=2, elem type=char[])
ARR 5000229d (sz=4, trace=300000, nelems=2, elem type=char[])
OBJ 5000229e (sz=24, trace=300000, class=java.lang.String@50000181)
	value		500022a8
OBJ 5000229f (sz=24, trace=300000, class=java.lang.String@50000181)
	value		500022ad
OBJ 500022a0 (sz=24, trace=300000, class=java.lang.String@50000181)
	value		500022ab
OBJ 500022a1 (sz=24, trace=300000, class=java.lang.String@50000181)
	value		500022b0
OBJ 500022a2 (sz=24, trace=300000, class=java.lang.String@50000181)
	value		500022a9
OBJ 500022a3 (sz=24, trace=300000, class=java.lang.String@50000181)
	value		500022ae
OBJ 500022a4 (sz=24, trace=300000, class=java.lang.String@50000181)
	value		500022aa
OBJ 500022a5 (sz=24, trace=300000, class=java.lang.String@50000181)
	value		500022af
OBJ 500022a6 (sz=24, trace=300000, class=java.lang.String@50000181)
	value		500022ac
OBJ 500022a7 (sz=24, trace=300000, class=java.lang.String@50000181)
	value		500022b1
ARR 500022a8 (sz=14, trace=300000, nelems=7, elem type=char[])
ARR 500022a9 (sz=42, trace=300000, nelems=21, elem type=char[])
ARR 500022aa (sz=38, trace=300000, nelems=19, elem type=char[])
ARR 500022ab (sz=40, trace=300000, nelems=20, elem type=char[])
ARR 500022ac (sz=40, trace=300000, nelems=20, elem type=char[])
ARR 500022ad (sz=12, trace=300000, nelems=6, elem type=char[])
ARR 500022ae (sz=40, trace=300000, nelems=20, elem type=char[])
ARR 500022af (sz=36, trace=300000, nelems=18, elem type=char[])
ARR 500022b0 (sz=38, trace=300000, nelems=19, elem type=char[])
ARR 500022b1 (sz=38, trace=300000, nelems=19, elem type=char[])
ARR 500022b2 (sz=24, trace=300000, nelems=12, elem type=char[])
ARR 500022b3 (sz=22, trace=300000, nelems=11, elem type=char[])
ARR 500022b4 (sz=22, trace=300000, nelems=11, elem type=char[])
ARR 500022b5 (sz=26, trace=300000, nelems=13, elem type=char[])
ARR 500022b6 (sz=24, trace=300000, nelems=12, elem type=char[])
ARR 500022b7 (sz=4, trace=300000, nelems=2, elem type=char[])
ARR 500022b8 (sz=4, trace=300000, nelems=2, elem type=char[])
OBJ 500022b9 (sz=24, trace=300000, class=java.lang.String@50000181)
	value		500022bc
OBJ 500022ba (sz=24, trace=300000, class=java.lang.String@50000181)
	value		500022bb
ARR 500022bb (sz=62, trace=300000, nelems=31, elem type=char[])
ARR 500022bc (sz=52, trace=300000, nelems=26, elem type=char[])
ARR 500022bd (sz=52, trace=300000, nelems=26, elem type=char[])
OBJ 500022be (sz=24, trace=300000, class=java.lang.String@50000181)
	value		500022d7
OBJ 500022bf (sz=24, trace=300000, class=java.lang.String@50000181)
	value		500022d5
OBJ 500022c0 (sz=24, trace=300000, class=java.lang.String@50000181)
	value		500022d4
OBJ 500022c1 (sz=24, trace=300000, class=java.lang.String@50000181)
	value		500022d3
OBJ 500022c2 (sz=24, trace=300000, class=java.lang.String@50000181)
	value		500022d2
OBJ 500022c3 (sz=24, trace=300000, class=java.lang.String@50000181)
	value		500022d1
OBJ 500022c4 (sz=24, trace=300000, class=java.lang.String@50000181)
	value		500022ca
OBJ 500022c5 (sz=24, trace=300000, class=java.lang.String@50000181)
	value		500022c9
OBJ 500022c6 (sz=24, trace=300000, class=java.lang.String@50000181)
	value		500022c8
ARR 500022c7 (sz=32, trace=300000, nelems=16, elem type=char[])
ARR 500022c8 (sz=38, trace=300000, nelems=19, elem type=char[])
ARR 500022c9 (sz=48, trace=300000, nelems=24, elem type=char[])
ARR 500022ca (sz=32, trace=300000, nelems=16, elem type=char[])
OBJ 500022cb (sz=24, trace=300000, class=java.lang.String@50000181)
	value		500022cf
OBJ 500022cc (sz=32, trace=300000, class=java.util.concurrent.atomic.AtomicReferenceFieldUpdater$AtomicReferenceFieldUpdaterImpl@50000081)
	cclass		50000083
	tclass		50000083
	vclass		50000189
OBJ 500022cd (sz=24, trace=300000, class=java.lang.String@50000181)
	value		500022ce
ARR 500022ce (sz=26, trace=300000, nelems=13, elem type=char[])
ARR 500022cf (sz=6, trace=300000, nelems=3, elem type=char[])
ARR 500022d0 (sz=26, trace=300000, nelems=13, elem type=char[])
ARR 500022d1 (sz=62, trace=300000, nelems=31, elem type=char[])
ARR 500022d2 (sz=20, trace=300000, nelems=10, elem type=char[])
ARR 500022d3 (sz=6, trace=300000, nelems=3, elem type=char[])
ARR 500022d4 (sz=48, trace=300000, nelems=24, elem type=char[])
ARR 500022d5 (sz=26, trace=300000, nelems=13, elem type=char[])
ARR 500022d6 (sz=18, trace=300000, nelems=9, elem type=char[])
ARR 500022d7 (sz=2, trace=300000, nelems=1, elem type=char[])
ARR 500022d8 (sz=6, trace=300000, nelems=3, elem type=char[])
ARR 500022d9 (sz=6, trace=300000, nelems=3, elem type=char[])
ARR 500022da (sz=8, trace=300000, nelems=4, elem type=char[])
ARR 500022db (sz=6, trace=300000, nelems=3, elem type=char[])
ARR 500022dc (sz=8, trace=300000, nelems=4, elem type=char[])
ARR 500022dd (sz=64, trace=300000, nelems=32, elem type=char[])
ARR 500022de (sz=16, trace=300000, nelems=0, elem type=java.lang.Object[]@5000011c)
ARR 500022df (sz=16, trace=300000, nelems=0, elem type=java.lang.Object[]@5000011c)
OBJ 500022e0 (sz=24, trace=300000, class=java.lang.String@50000181)
	value		500022f9
OBJ 500022e1 (sz=24, trace=300000, class=java.lang.String@50000181)
	value		500022f8
OBJ 500022e2 (sz=24, trace=300000, class=java.lang.String@50000181)
	value		500022e6
OBJ 500022e3 (sz=24, trace=300000, class=java.lang.String@50000181)
	value		500022fa
OBJ 500022e4 (sz=24, trace=300000, class=java.lang.String@50000181)
	value		500022fc
OBJ 500022e5 (sz=24, trace=300000, class=java.lang.String@50000181)
	value		500022fb
ARR 500022e6 (sz=72, trace=300000, nelems=36, elem type=char[])
OBJ 500022e7 (sz=24, trace=300000, class=java.lang.String@50000181)
	value		500022eb
OBJ 500022e8 (sz=24, trace=300000, class=java.lang.String@50000181)
	value		500022ec
OBJ 500022e9 (sz=16, trace=300000, class=java.nio.ByteOrder@50000070)
	name		500022e8
OBJ 500022ea (sz=16, trace=300000, class=java.nio.ByteOrder@50000070)
	name		500022e7
ARR 500022eb (sz=20, trace=300000, nelems=10, elem type=char[])
ARR 500022ec (sz=26, trace=300000, nelems=13, elem type=char[])
OBJ 500022ed (sz=24, trace=300000, class=java.lang.String@50000181)
	value		500022f7
OBJ 500022ee (sz=24, trace=300000, class=java.lang.String@50000181)
	value		500022f6
OBJ 500022ef (sz=24, trace=300000, class=java.lang.String@50000181)
	value		500022f5
OBJ 500022f0 (sz=24, trace=300000, class=java.lang.String@50000181)
	value		500022f4
OBJ 500022f1 (sz=24, trace=300000, class=java.util.concurrent.atomic.AtomicLong@5000006f)
OBJ 500022f2 (sz=24, trace=300000, class=java.util.concurrent.atomic.AtomicLong@5000006f)
OBJ 500022f3 (sz=24, trace=300000, class=java.util.concurrent.atomic.AtomicLong@5000006f)
ARR 500022f4 (sz=6, trace=300000, nelems=3, elem type=char[])
ARR 500022f5 (sz=14, trace=300000, nelems=7, elem type=char[])
ARR 500022f6 (sz=8, trace=300000, nelems=4, elem type=char[])
ARR 500022f7 (sz=10, trace=300000, nelems=5, elem type=char[])
ARR 500022f8 (sz=54, trace=300000, nelems=27, elem type=char[])
ARR 500022f9 (sz=58, trace=300000, nelems=29, elem type=char[])
ARR 500022fa (sz=74, trace=300000, nelems=37, elem type=char[])
ARR 500022fb (sz=32, trace=300000, nelems=16, elem type=char[])
ARR 500022fc (sz=48, trace=300000, nelems=24, elem type=char[])
OBJ 500022fd (sz=24, trace=300000, class=java.lang.String@50000181)
	value		500022fe
ARR 500022fe (sz=10, trace=300000, nelems=5, elem type=char[])
OBJ 500022ff (sz=24, trace=300000, class=java.lang.String@50000181)
	value		5000272f
OBJ 50002300 (sz=24, trace=300000, class=java.lang.String@50000181)
	value		50002306
OBJ 50002301 (sz=24, trace=300000, class=java.lang.String@50000181)
	value		50002732
OBJ 50002302 (sz=24, trace=300000, class=java.lang.String@50000181)
	value		50002730
OBJ 50002303 (sz=24, trace=300000, class=java.lang.String@50000181)
	value		50002738
OBJ 50002304 (sz=24, trace=300000, class=java.lang.String@50000181)
	value		5000270a
ARR 50002305 (sz=72, trace=300000, nelems=14, elem type=java.lang.String[]@500000db)
	[0]		50002307
	[1]		50002308
	[2]		50002309
	[3]		5000230a
	[4]		5000230b
	[5]		5000230c
	[6]		5000230d
	[7]		5000230e
	[8]		5000230f
	[9]		50002310
	[10]		50002311
	[11]		50002312
	[12]		50002313
	[13]		50002314
ARR 50002306 (sz=16, trace=300000, nelems=8, elem type=char[])
OBJ 50002307 (sz=24, trace=300000, class=java.lang.String@50000181)
	value		50002322
OBJ 50002308 (sz=24, trace=300000, class=java.lang.String@50000181)
	value		50002321
OBJ 50002309 (sz=24, trace=300000, class=java.lang.String@50000181)
	value		50002320
OBJ 5000230a (sz=24, trace=300000, class=java.lang.String@50000181)
	value		5000231f
OBJ 5000230b (sz=24, trace=300000, class=java.lang.String@50000181)
	value		5000231e
OBJ 5000230c (sz=24, trace=300000, class=java.lang.String@50000181)
	value		5000231d
OBJ 5000230d (sz=24, trace=300000, class=java.lang.String@50000181)
	value		5000231c
OBJ 5000230e (sz=24, trace=300000, class=java.lang.String@50000181)
	value		5000231b
OBJ 5000230f (sz=24, trace=300000, class=java.lang.String@50000181)
	value		5000231a
OBJ 50002310 (sz=24, trace=300000, class=java.lang.String@50000181)
	value		50002319
OBJ 50002311 (sz=24, trace=300000, class=java.lang.String@50000181)
	value		50002318
OBJ 50002312 (sz=24, trace=300000, class=java.lang.String@50000181)
	value		50002317
OBJ 50002313 (sz=24, trace=300000, class=java.lang.String@50000181)
	value		50002316
OBJ 50002314 (sz=24, trace=300000, class=java.lang.String@50000181)
	value		50002315
ARR 50002315 (sz=12, trace=300000, nelems=6, elem type=char[])
ARR 50002316 (sz=28, trace=300000, nelems=14, elem type=char[])
ARR 50002317 (sz=32, trace=300000, nelems=16, elem type=char[])
ARR 50002318 (sz=6, trace=300000, nelems=3, elem type=char[])
ARR 50002319 (sz=14, trace=300000, nelems=7, elem type=char[])
ARR 5000231a (sz=14, trace=300000, nelems=7, elem type=char[])
ARR 5000231b (sz=10, trace=300000, nelems=5, elem type=char[])
ARR 5000231c (sz=12, trace=300000, nelems=6, elem type=char[])
ARR 5000231d (sz=4, trace=300000, nelems=2, elem type=char[])
ARR 5000231e (sz=18, trace=300000, nelems=9, elem type=char[])
ARR 5000231f (sz=10, trace=300000, nelems=5, elem type=char[])
ARR 50002320 (sz=32, trace=300000, nelems=16, elem type=char[])
ARR 50002321 (sz=28, trace=300000, nelems=14, elem type=char[])
ARR 50002322 (sz=16, trace=300000, nelems=8, elem type=char[])
OBJ 50002323 (sz=24, trace=300000, class=java.lang.String@50000181)
	value		500024a0
OBJ 50002324 (sz=24, trace=300000, class=java.lang.String@50000181)
	value		500024a4
OBJ 50002325 (sz=24, trace=300000, class=java.lang.String@50000181)
	value		500024a8
OBJ 50002326 (sz=24, trace=300000, class=java.lang.String@50000181)
	value		5000245f
OBJ 50002327 (sz=24, trace=300000, class=java.lang.String@50000181)
	value		5000242f
OBJ 50002328 (sz=24, trace=300000, class=java.lang.String@50000181)
	value		500024ad
OBJ 50002329 (sz=24, trace=300000, class=java.lang.String@50000181)
	value		500024b2
OBJ 5000232a (sz=24, trace=300000, class=java.lang.String@50000181)
	value		500024b7
OBJ 5000232b (sz=24, trace=300000, class=java.lang.String@50000181)
	value		500024bc
OBJ 5000232c (sz=24, trace=300000, class=java.lang.String@50000181)
	value		500024c1
OBJ 5000232d (sz=24, trace=300000, class=java.lang.String@50000181)
	value		500024c7
OBJ 5000232e (sz=24, trace=300000, class=java.lang.String@50000181)
	value		500024cc
OBJ 5000232f (sz=24, trace=300000, class=java.lang.String@50000181)
	value		5000242a
OBJ 50002330 (sz=24, trace=300000, class=java.lang.String@50000181)
	value		5000247c
OBJ 50002331 (sz=24, trace=300000, class=java.lang.String@50000181)
	value		5000248b
OBJ 50002332 (sz=24, trace=300000, class=java.lang.String@50000181)
	value		50002442
OBJ 50002333 (sz=24, trace=300000, class=java.lang.String@50000181)
	value		5000244e
OBJ 50002334 (sz=24, trace=300000, class=java.lang.String@50000181)
	value		5000245b
OBJ 50002335 (sz=24, trace=300000, class=java.lang.String@50000181)
	value		5000246b
OBJ 50002336 (sz=24, trace=300000, class=java.lang.String@50000181)
	value		50002478
OBJ 50002337 (sz=24, trace=300000, class=java.lang.String@50000181)
	value		50002438
OBJ 50002338 (sz=24, trace=300000, class=java.lang.String@50000181)
	value		50002445
OBJ 50002339 (sz=24, trace=300000, class=java.lang.String@50000181)
	value		50002452
OBJ 5000233a (sz=24, trace=300000, class=java.lang.String@50000181)
	value		5000246f
OBJ 5000233b (sz=24, trace=300000, class=java.lang.String@50000181)
	value		50002484
OBJ 5000233c (sz=24, trace=300000, class=java.lang.String@50000181)
	value		50002412
OBJ 5000233d (sz=24, trace=300000, class=java.lang.String@50000181)
	value		50002466
OBJ 5000233e (sz=24, trace=300000, class=java.lang.String@50000181)
	value		50002467
OBJ 5000233f (sz=24, trace=300000, class=java.lang.String@50000181)
	value		5000242e
OBJ 50002340 (sz=24, trace=300000, class=java.lang.String@50000181)
	value		50002486
OBJ 50002341 (sz=24, trace=300000, class=java.lang.String@50000181)
	value		50002432
OBJ 50002342 (sz=24, trace=300000, class=java.lang.String@50000181)
	value		50002487
OBJ 50002343 (sz=24, trace=300000, class=java.lang.String@50000181)
	value		50002419
OBJ 50002344 (sz=24, trace=300000, class=java.lang.String@50000181)
	value		5000248a
OBJ 50002345 (sz=24, trace=300000, class=java.lang.String@50000181)
	value		50002429
OBJ 50002346 (sz=24, trace=300000, class=java.lang.String@50000181)
	value		5000247a
OBJ 50002347 (sz=24, trace=300000, class=java.lang.String@50000181)
	value		50002488
OBJ 50002348 (sz=24, trace=300000, class=java.lang.String@50000181)
	value		5000243e
OBJ 50002349 (sz=24, trace=300000, class=java.lang.String@50000181)
	value		50002457
OBJ 5000234a (sz=24, trace=300000, class=java.lang.String@50000181)
	value		50002474
OBJ 5000234b (sz=24, trace=300000, class=java.lang.String@50000181)
	value		5000242d
OBJ 5000234c (sz=24, trace=300000, class=java.lang.String@50000181)
	value		50002489
OBJ 5000234d (sz=24, trace=300000, class=java.lang.String@50000181)
	value		5000247e
OBJ 5000234e (sz=24, trace=300000, class=java.lang.String@50000181)
	value		50002435
OBJ 5000234f (sz=24, trace=300000, class=java.lang.String@50000181)
	value		5000248c
OBJ 50002350 (sz=24, trace=300000, class=java.lang.String@50000181)
	value		5000242c
OBJ 50002351 (sz=24, trace=300000, class=java.lang.String@50000181)
	value		50002440
OBJ 50002352 (sz=24, trace=300000, class=java.lang.String@50000181)
	value		5000243f
OBJ 50002353 (sz=24, trace=300000, class=java.lang.String@50000181)
	value		5000244c
OBJ 50002354 (sz=24, trace=300000, class=java.lang.String@50000181)
	value		5000244b
OBJ 50002355 (sz=24, trace=300000, class=java.lang.String@50000181)
	value		50002459
OBJ 50002356 (sz=24, trace=300000, class=java.lang.String@50000181)
	value		50002458
OBJ 50002357 (sz=24, trace=300000, class=java.lang.String@50000181)
	value		50002469
OBJ 50002358 (sz=24, trace=300000, class=java.lang.String@50000181)
	value		50002468
OBJ 50002359 (sz=24, trace=300000, class=java.lang.String@50000181)
	value		50002476
OBJ 5000235a (sz=24, trace=300000, class=java.lang.String@50000181)
	value		50002475
OBJ 5000235b (sz=24, trace=300000, class=java.lang.String@50000181)
	value		5000242b
OBJ 5000235c (sz=24, trace=300000, class=java.lang.String@50000181)
	value		50002481
OBJ 5000235d (sz=24, trace=300000, class=java.lang.String@50000181)
	value		50002483
OBJ 5000235e (sz=24, trace=300000, class=java.lang.String@50000181)
	value		50002482
OBJ 5000235f (sz=24, trace=300000, class=java.lang.String@50000181)
	value		500024c0
OBJ 50002360 (sz=24, trace=300000, class=java.lang.String@50000181)
	value		50002427
OBJ 50002361 (sz=24, trace=300000, class=java.lang.String@50000181)
	value		50002425
OBJ 50002362 (sz=24, trace=300000, class=java.lang.String@50000181)
	value		5000241f
OBJ 50002363 (sz=24, trace=300000, class=java.lang.String@50000181)
	value		50002410
OBJ 50002364 (sz=24, trace=300000, class=java.lang.String@50000181)
	value		50002416
OBJ 50002365 (sz=24, trace=300000, class=java.lang.String@50000181)
	value		5000241a
OBJ 50002366 (sz=24, trace=300000, class=java.lang.String@50000181)
	value		5000241d
OBJ 50002367 (sz=24, trace=300000, class=java.lang.String@50000181)
	value		50002420
OBJ 50002368 (sz=24, trace=300000, class=java.lang.String@50000181)
	value		50002424
OBJ 50002369 (sz=24, trace=300000, class=java.lang.String@50000181)
	value		50002428
OBJ 5000236a (sz=24, trace=300000, class=java.lang.String@50000181)
	value		50002422
OBJ 5000236b (sz=24, trace=300000, class=java.lang.String@50000181)
	value		50002426
OBJ 5000236c (sz=24, trace=300000, class=java.lang.String@50000181)
	value		50002413
OBJ 5000236d (sz=24, trace=300000, class=java.lang.String@50000181)
	value		50002417
OBJ 5000236e (sz=24, trace=300000, class=java.lang.String@50000181)
	value		5000241e
OBJ 5000236f (sz=24, trace=300000, class=java.lang.String@50000181)
	value		5000241b
OBJ 50002370 (sz=24, trace=300000, class=java.lang.String@50000181)
	value		50002418
OBJ 50002371 (sz=24, trace=300000, class=java.lang.String@50000181)
	value		5000241c
OBJ 50002372 (sz=24, trace=300000, class=java.lang.String@50000181)
	value		50002423
OBJ 50002373 (sz=24, trace=300000, class=java.lang.String@50000181)
	value		50002421
OBJ 50002374 (sz=24, trace=300000, class=java.lang.String@50000181)
	value		50002493
OBJ 50002375 (sz=24, trace=300000, class=java.lang.String@50000181)
	value		500024c3
OBJ 50002376 (sz=24, trace=300000, class=java.lang.String@50000181)
	value		500024c2
OBJ 50002377 (sz=24, trace=300000, class=java.lang.String@50000181)
	value		50002492
OBJ 50002378 (sz=24, trace=300000, class=java.lang.String@50000181)
	value		50002495
OBJ 50002379 (sz=24, trace=300000, class=java.lang.String@50000181)
	value		50002497
OBJ 5000237a (sz=24, trace=300000, class=java.lang.String@50000181)
	value		50002499
OBJ 5000237b (sz=24, trace=300000, class=java.lang.String@50000181)
	value		5000249b
OBJ 5000237c (sz=24, trace=300000, class=java.lang.String@50000181)
	value		5000249d
OBJ 5000237d (sz=24, trace=300000, class=java.lang.String@50000181)
	value		500024a3
OBJ 5000237e (sz=24, trace=300000, class=java.lang.String@50000181)
	value		50002491
OBJ 5000237f (sz=24, trace=300000, class=java.lang.String@50000181)
	value		50002494
OBJ 50002380 (sz=24, trace=300000, class=java.lang.String@50000181)
	value		50002496
OBJ 50002381 (sz=24, trace=300000, class=java.lang.String@50000181)
	value		50002498
OBJ 50002382 (sz=24, trace=300000, class=java.lang.String@50000181)
	value		5000249a
OBJ 50002383 (sz=24, trace=300000, class=java.lang.String@50000181)
	value		5000249c
OBJ 50002384 (sz=24, trace=300000, class=java.lang.String@50000181)
	value		500024a7
OBJ 50002385 (sz=24, trace=300000, class=java.lang.String@50000181)
	value		500024ab
OBJ 50002386 (sz=24, trace=300000, class=java.lang.String@50000181)
	value		5000245e
OBJ 50002387 (sz=24, trace=300000, class=java.lang.String@50000181)
	value		50002431
OBJ 50002388 (sz=24, trace=300000, class=java.lang.String@50000181)
	value		500024b0
OBJ 50002389 (sz=24, trace=300000, class=java.lang.String@50000181)
	value		500024b5
OBJ 5000238a (sz=24, trace=300000, class=java.lang.String@50000181)
	value		500024ba
OBJ 5000238b (sz=24, trace=300000, class=java.lang.String@50000181)
	value		500024bf
OBJ 5000238c (sz=24, trace=300000, class=java.lang.String@50000181)
	value		500024c4
OBJ 5000238d (sz=24, trace=300000, class=java.lang.String@50000181)
	value		500024ca
OBJ 5000238e (sz=24, trace=300000, class=java.lang.String@50000181)
	value		500024cf
OBJ 5000238f (sz=24, trace=300000, class=java.lang.String@50000181)
	value		500024d3
OBJ 50002390 (sz=24, trace=300000, class=java.lang.String@50000181)
	value		50002439
OBJ 50002391 (sz=24, trace=300000, class=java.lang.String@50000181)
	value		50002446
OBJ 50002392 (sz=24, trace=300000, class=java.lang.String@50000181)
	value		50002453
OBJ 50002393 (sz=24, trace=300000, class=java.lang.String@50000181)
	value		5000246e
OBJ 50002394 (sz=24, trace=300000, class=java.lang.String@50000181)
	value		50002485
OBJ 50002395 (sz=24, trace=300000, class=java.lang.String@50000181)
	value		50002411
OBJ 50002396 (sz=24, trace=300000, class=java.lang.String@50000181)
	value		500024bb
OBJ 50002397 (sz=24, trace=300000, class=java.lang.String@50000181)
	value		500024c6
OBJ 50002398 (sz=24, trace=300000, class=java.lang.String@50000181)
	value		500024cb
OBJ 50002399 (sz=24, trace=300000, class=java.lang.String@50000181)
	value		50002430
OBJ 5000239a (sz=24, trace=300000, class=java.lang.String@50000181)
	value		50002437
OBJ 5000239b (sz=24, trace=300000, class=java.lang.String@50000181)
	value		50002444
OBJ 5000239c (sz=24, trace=300000, class=java.lang.String@50000181)
	value		5000246d
OBJ 5000239d (sz=24, trace=300000, class=java.lang.String@50000181)
	value		50002451
OBJ 5000239e (sz=24, trace=300000, class=java.lang.String@50000181)
	value		50002463
OBJ 5000239f (sz=24, trace=300000, class=java.lang.String@50000181)
	value		50002480
OBJ 500023a0 (sz=24, trace=300000, class=java.lang.String@50000181)
	value		5000247f
OBJ 500023a1 (sz=24, trace=300000, class=java.lang.String@50000181)
	value		500024b1
OBJ 500023a2 (sz=24, trace=300000, class=java.lang.String@50000181)
	value		5000248d
OBJ 500023a3 (sz=24, trace=300000, class=java.lang.String@50000181)
	value		500024ac
OBJ 500023a4 (sz=24, trace=300000, class=java.lang.String@50000181)
	value		500024c5
OBJ 500023a5 (sz=24, trace=300000, class=java.lang.String@50000181)
	value		5000249f
OBJ 500023a6 (sz=24, trace=300000, class=java.lang.String@50000181)
	value		500024b6
OBJ 500023a7 (sz=24, trace=300000, class=java.lang.String@50000181)
	value		50002456
OBJ 500023a8 (sz=24, trace=300000, class=java.lang.String@50000181)
	value		50002465
OBJ 500023a9 (sz=24, trace=300000, class=java.lang.String@50000181)
	value		50002464
OBJ 500023aa (sz=24, trace=300000, class=java.lang.String@50000181)
	value		500024a1
OBJ 500023ab (sz=24, trace=300000, class=java.lang.String@50000181)
	value		500024a5
OBJ 500023ac (sz=24, trace=300000, class=java.lang.String@50000181)
	value		500024a9
OBJ 500023ad (sz=24, trace=300000, class=java.lang.String@50000181)
	value		50002460
OBJ 500023ae (sz=24, trace=300000, class=java.lang.String@50000181)
	value		500024af
OBJ 500023af (sz=24, trace=300000, class=java.lang.String@50000181)
	value		500024b3
OBJ 500023b0 (sz=24, trace=300000, class=java.lang.String@50000181)
	value		500024b9
OBJ 500023b1 (sz=24, trace=300000, class=java.lang.String@50000181)
	value		500024bd
OBJ 500023b2 (sz=24, trace=300000, class=java.lang.String@50000181)
	value		500024c8
OBJ 500023b3 (sz=24, trace=300000, class=java.lang.String@50000181)
	value		500024cd
OBJ 500023b4 (sz=24, trace=300000, class=java.lang.String@50000181)
	value		5000243a
OBJ 500023b5 (sz=24, trace=300000, class=java.lang.String@50000181)
	value		50002447
OBJ 500023b6 (sz=24, trace=300000, class=java.lang.String@50000181)
	value		50002454
OBJ 500023b7 (sz=24, trace=300000, class=java.lang.String@50000181)
	value		50002470
OBJ 500023b8 (sz=24, trace=300000, class=java.lang.String@50000181)
	value		500024a2
OBJ 500023b9 (sz=24, trace=300000, class=java.lang.String@50000181)
	value		500024a6
OBJ 500023ba (sz=24, trace=300000, class=java.lang.String@50000181)
	value		500024aa
OBJ 500023bb (sz=24, trace=300000, class=java.lang.String@50000181)
	value		50002461
OBJ 500023bc (sz=24, trace=300000, class=java.lang.String@50000181)
	value		500024ae
OBJ 500023bd (sz=24, trace=300000, class=java.lang.String@50000181)
	value		500024b4
OBJ 500023be (sz=24, trace=300000, class=java.lang.String@50000181)
	value		500024b8
OBJ 500023bf (sz=24, trace=300000, class=java.lang.String@50000181)
	value		500024be
OBJ 500023c0 (sz=24, trace=300000, class=java.lang.String@50000181)
	value		500024c9
OBJ 500023c1 (sz=24, trace=300000, class=java.lang.String@50000181)
	value		500024ce
OBJ 500023c2 (sz=24, trace=300000, class=java.lang.String@50000181)
	value		5000243b
OBJ 500023c3 (sz=24, trace=300000, class=java.lang.String@50000181)
	value		50002448
OBJ 500023c4 (sz=24, trace=300000, class=java.lang.String@50000181)
	value		50002455
OBJ 500023c5 (sz=24, trace=300000, class=java.lang.String@50000181)
	value		50002471
OBJ 500023c6 (sz=24, trace=300000, class=java.lang.String@50000181)
	value		50002436
OBJ 500023c7 (sz=24, trace=300000, class=java.lang.String@50000181)
	value		50002441
OBJ 500023c8 (sz=24, trace=300000, class=java.lang.String@50000181)
	value		5000244d
OBJ 500023c9 (sz=24, trace=300000, class=java.lang.String@50000181)
	value		5000246a
OBJ 500023ca (sz=24, trace=300000, class=java.lang.String@50000181)
	value		5000245a
OBJ 500023cb (sz=24, trace=300000, class=java.lang.String@50000181)
	value		50002477
OBJ 500023cc (sz=24, trace=300000, class=java.lang.String@50000181)
	value		5000244f
OBJ 500023cd (sz=24, trace=300000, class=java.lang.String@50000181)
	value		5000245d
OBJ 500023ce (sz=24, trace=300000, class=java.lang.String@50000181)
	value		5000247d
OBJ 500023cf (sz=24, trace=300000, class=java.lang.String@50000181)
	value		50002443
OBJ 500023d0 (sz=24, trace=300000, class=java.lang.String@50000181)
	value		50002450
OBJ 500023d1 (sz=24, trace=300000, class=java.lang.String@50000181)
	value		5000245c
OBJ 500023d2 (sz=24, trace=300000, class=java.lang.String@50000181)
	value		5000246c
OBJ 500023d3 (sz=24, trace=300000, class=java.lang.String@50000181)
	value		50002479
OBJ 500023d4 (sz=24, trace=300000, class=java.lang.String@50000181)
	value		5000247b
OBJ 500023d5 (sz=24, trace=300000, class=java.lang.String@50000181)
	value		5000248e
OBJ 500023d6 (sz=24, trace=300000, class=java.lang.String@50000181)
	value		5000248f
OBJ 500023d7 (sz=24, trace=300000, class=java.lang.String@50000181)
	value		50002490
OBJ 500023d8 (sz=24, trace=300000, class=java.lang.String@50000181)
	value		50002433
OBJ 500023d9 (sz=24, trace=300000, class=java.lang.String@50000181)
	value		5000243c
OBJ 500023da (sz=24, trace=300000, class=java.lang.String@50000181)
	value		50002449
OBJ 500023db (sz=24, trace=300000, class=java.lang.String@50000181)
	value		50002472
OBJ 500023dc (sz=24, trace=300000, class=java.lang.String@50000181)
	value		50002434
OBJ 500023dd (sz=24, trace=300000, class=java.lang.String@50000181)
	value		5000243d
OBJ 500023de (sz=24, trace=300000, class=java.lang.String@50000181)
	value		5000244a
OBJ 500023df (sz=24, trace=300000, class=java.lang.String@50000181)
	value		50002473
OBJ 500023e0 (sz=24, trace=300000, class=java.lang.String@50000181)
	value		50002739
OBJ 500023e1 (sz=24, trace=300000, class=java.lang.String@50000181)
	value		50002462
OBJ 500023e2 (sz=24, trace=300000, class=java.lang.String@50000181)
	value		50002414
OBJ 500023e3 (sz=24, trace=300000, class=java.lang.String@50000181)
	value		5000240f
OBJ 500023e4 (sz=24, trace=300000, class=java.lang.String@50000181)
	value		50002415
OBJ 500023e5 (sz=24, trace=300000, class=java.lang.String@50000181)
	value		5000249e
OBJ 500023e6 (sz=24, trace=300000, class=java.lang.String@50000181)
	value		500024d0
OBJ 500023e7 (sz=24, trace=300000, class=java.lang.String@50000181)
	value		500024d1
OBJ 500023e8 (sz=24, trace=300000, class=java.lang.String@50000181)
	value		500024d2
ARR 500023e9 (sz=32, trace=300000, nelems=4, elem type=java.lang.String[]@500000db)
	[0]		5000238f
	[1]		500023e8
	[2]		500023e7
	[3]		500023e6
ARR 500023ea (sz=40, trace=300000, nelems=5, elem type=java.lang.String[]@500000db)
	[0]		5000238e
	[1]		500023c1
	[2]		500023b3
	[3]		5000232e
	[4]		50002398
ARR 500023eb (sz=40, trace=300000, nelems=6, elem type=java.lang.String[]@500000db)
	[0]		5000238d
	[1]		500023c0
	[2]		500023b2
	[3]		5000232d
	[4]		50002397
	[5]		500023a4
ARR 500023ec (sz=40, trace=300000, nelems=5, elem type=java.lang.String[]@500000db)
	[0]		5000238c
	[1]		50002375
	[2]		50002376
	[3]		5000232c
	[4]		5000235f
ARR 500023ed (sz=40, trace=300000, nelems=5, elem type=java.lang.String[]@500000db)
	[0]		5000238b
	[1]		500023bf
	[2]		500023b1
	[3]		5000232b
	[4]		50002396
ARR 500023ee (sz=40, trace=300000, nelems=5, elem type=java.lang.String[]@500000db)
	[0]		5000238a
	[1]		500023b0
	[2]		500023be
	[3]		5000232a
	[4]		500023a6
ARR 500023ef (sz=40, trace=300000, nelems=5, elem type=java.lang.String[]@500000db)
	[0]		50002389
	[1]		500023bd
	[2]		500023af
	[3]		50002329
	[4]		500023a1
ARR 500023f0 (sz=40, trace=300000, nelems=5, elem type=java.lang.String[]@500000db)
	[0]		50002388
	[1]		500023ae
	[2]		500023bc
	[3]		50002328
	[4]		500023a3
ARR 500023f1 (sz=32, trace=300000, nelems=4, elem type=java.lang.String[]@500000db)
	[0]		50002385
	[1]		500023ba
	[2]		500023ac
	[3]		50002325
ARR 500023f2 (sz=32, trace=300000, nelems=4, elem type=java.lang.String[]@500000db)
	[0]		50002384
	[1]		500023b9
	[2]		500023ab
	[3]		50002324
ARR 500023f3 (sz=40, trace=300000, nelems=6, elem type=java.lang.String[]@500000db)
	[0]		5000237d
	[1]		500023b8
	[2]		500023aa
	[3]		50002323
	[4]		500023a5
	[5]		500023e5
ARR 500023f4 (sz=24, trace=300000, nelems=2, elem type=java.lang.String[]@500000db)
	[0]		5000237c
	[1]		50002383
ARR 500023f5 (sz=24, trace=300000, nelems=2, elem type=java.lang.String[]@500000db)
	[0]		5000237b
	[1]		50002382
ARR 500023f6 (sz=24, trace=300000, nelems=2, elem type=java.lang.String[]@500000db)
	[0]		5000237a
	[1]		50002381
ARR 500023f7 (sz=24, trace=300000, nelems=2, elem type=java.lang.String[]@500000db)
	[0]		50002379
	[1]		50002380
ARR 500023f8 (sz=32, trace=300000, nelems=3, elem type=java.lang.String[]@500000db)
	[0]		50002378
	[1]		5000237f
	[2]		50002374
ARR 500023f9 (sz=24, trace=300000, nelems=2, elem type=java.lang.String[]@500000db)
	[0]		50002377
	[1]		5000237e
ARR 500023fa (sz=24, trace=300000, nelems=1, elem type=java.lang.String[]@500000db)
	[0]		500023d7
ARR 500023fb (sz=32, trace=300000, nelems=3, elem type=java.lang.String[]@500000db)
	[0]		500023d6
	[1]		500023d5
	[2]		500023a2
ARR 500023fc (sz=80, trace=300000, nelems=15, elem type=java.lang.String[]@500000db)
	[0]		5000234f
	[1]		50002331
	[2]		50002344
	[3]		5000234c
	[4]		50002347
	[5]		50002342
	[6]		50002340
	[7]		50002394
	[8]		5000233b
	[9]		5000235d
	[10]		5000235e
	[11]		5000235c
	[12]		5000239f
	[13]		500023a0
	[14]		5000234d
ARR 500023fd (sz=32, trace=300000, nelems=4, elem type=java.lang.String[]@500000db)
	[0]		500023ce
	[1]		50002330
	[2]		500023d4
	[3]		50002346
ARR 500023fe (sz=72, trace=300000, nelems=13, elem type=java.lang.String[]@500000db)
	[0]		500023d3
	[1]		50002336
	[2]		500023cb
	[3]		50002359
	[4]		5000235a
	[5]		5000234a
	[6]		500023df
	[7]		500023db
	[8]		500023c5
	[9]		500023b7
	[10]		5000233a
	[11]		50002393
	[12]		5000239c
ARR 500023ff (sz=80, trace=300000, nelems=16, elem type=java.lang.String[]@500000db)
	[0]		500023d2
	[1]		50002335
	[2]		500023c9
	[3]		50002357
	[4]		50002358
	[5]		5000233e
	[6]		5000233d
	[7]		500023a8
	[8]		500023a9
	[9]		5000239e
	[10]		500023e1
	[11]		500023bb
	[12]		500023ad
	[13]		50002326
	[14]		50002386
	[15]		500023cd
ARR 50002400 (sz=64, trace=300000, nelems=12, elem type=java.lang.String[]@500000db)
	[0]		500023d1
	[1]		50002334
	[2]		500023ca
	[3]		50002355
	[4]		50002356
	[5]		50002349
	[6]		500023a7
	[7]		500023c4
	[8]		500023b6
	[9]		50002392
	[10]		50002339
	[11]		5000239d
ARR 50002401 (sz=72, trace=300000, nelems=13, elem type=java.lang.String[]@500000db)
	[0]		500023d0
	[1]		500023cc
	[2]		50002333
	[3]		500023c8
	[4]		50002353
	[5]		50002354
	[6]		500023de
	[7]		500023da
	[8]		500023c3
	[9]		500023b5
	[10]		50002391
	[11]		50002338
	[12]		5000239b
ARR 50002402 (sz=72, trace=300000, nelems=13, elem type=java.lang.String[]@500000db)
	[0]		500023cf
	[1]		50002332
	[2]		500023c7
	[3]		50002351
	[4]		50002352
	[5]		50002348
	[6]		500023dd
	[7]		500023d9
	[8]		500023c2
	[9]		500023b4
	[10]		50002390
	[11]		50002337
	[12]		5000239a
ARR 50002403 (sz=72, trace=300000, nelems=14, elem type=java.lang.String[]@500000db)
	[0]		500023c6
	[1]		5000234e
	[2]		500023dc
	[3]		500023d8
	[4]		50002341
	[5]		50002387
	[6]		50002399
	[7]		50002327
	[8]		5000233f
	[9]		5000234b
	[10]		50002350
	[11]		5000235b
	[12]		5000232f
	[13]		50002345
ARR 50002404 (sz=24, trace=300000, nelems=2, elem type=java.lang.String[]@500000db)
	[0]		50002369
	[1]		50002360
ARR 50002405 (sz=24, trace=300000, nelems=2, elem type=java.lang.String[]@500000db)
	[0]		5000236b
	[1]		50002361
ARR 50002406 (sz=24, trace=300000, nelems=2, elem type=java.lang.String[]@500000db)
	[0]		50002368
	[1]		50002372
ARR 50002407 (sz=24, trace=300000, nelems=2, elem type=java.lang.String[]@500000db)
	[0]		5000236a
	[1]		50002373
ARR 50002408 (sz=24, trace=300000, nelems=2, elem type=java.lang.String[]@500000db)
	[0]		50002367
	[1]		50002362
ARR 50002409 (sz=24, trace=300000, nelems=1, elem type=java.lang.String[]@500000db)
	[0]		5000236e
ARR 5000240a (sz=32, trace=300000, nelems=3, elem type=java.lang.String[]@500000db)
	[0]		50002366
	[1]		50002371
	[2]		5000236f
ARR 5000240b (sz=32, trace=300000, nelems=4, elem type=java.lang.String[]@500000db)
	[0]		50002365
	[1]		50002343
	[2]		50002370
	[3]		5000236d
ARR 5000240c (sz=32, trace=300000, nelems=4, elem type=java.lang.String[]@500000db)
	[0]		50002364
	[1]		500023e4
	[2]		500023e2
	[3]		5000236c
ARR 5000240d (sz=24, trace=300000, nelems=2, elem type=java.lang.String[]@500000db)
	[0]		5000233c
	[1]		50002395
ARR 5000240e (sz=24, trace=300000, nelems=2, elem type=java.lang.String[]@500000db)
	[0]		50002363
	[1]		500023e3
ARR 5000240f (sz=34, trace=300000, nelems=17, elem type=char[])
ARR 50002410 (sz=8, trace=300000, nelems=4, elem type=char[])
ARR 50002411 (sz=16, trace=300000, nelems=8, elem type=char[])
ARR 50002412 (sz=10, trace=300000, nelems=5, elem type=char[])
ARR 50002413 (sz=20, trace=300000, nelems=10, elem type=char[])
ARR 50002414 (sz=14, trace=300000, nelems=7, elem type=char[])
ARR 50002415 (sz=10, trace=300000, nelems=5, elem type=char[])
ARR 50002416 (sz=12, trace=300000, nelems=6, elem type=char[])
ARR 50002417 (sz=36, trace=300000, nelems=18, elem type=char[])
ARR 50002418 (sz=20, trace=300000, nelems=10, elem type=char[])
ARR 50002419 (sz=30, trace=300000, nelems=15, elem type=char[])
ARR 5000241a (sz=16, trace=300000, nelems=8, elem type=char[])
ARR 5000241b (sz=42, trace=300000, nelems=21, elem type=char[])
ARR 5000241c (sz=20, trace=300000, nelems=10, elem type=char[])
ARR 5000241d (sz=16, trace=300000, nelems=8, elem type=char[])
ARR 5000241e (sz=26, trace=300000, nelems=13, elem type=char[])
ARR 5000241f (sz=10, trace=300000, nelems=5, elem type=char[])
ARR 50002420 (sz=12, trace=300000, nelems=6, elem type=char[])
ARR 50002421 (sz=20, trace=300000, nelems=10, elem type=char[])
ARR 50002422 (sz=16, trace=300000, nelems=8, elem type=char[])
ARR 50002423 (sz=20, trace=300000, nelems=10, elem type=char[])
ARR 50002424 (sz=16, trace=300000, nelems=8, elem type=char[])
ARR 50002425 (sz=24, trace=300000, nelems=12, elem type=char[])
ARR 50002426 (sz=24, trace=300000, nelems=12, elem type=char[])
ARR 50002427 (sz=24, trace=300000, nelems=12, elem type=char[])
ARR 50002428 (sz=24, trace=300000, nelems=12, elem type=char[])
ARR 50002429 (sz=18, trace=300000, nelems=9, elem type=char[])
ARR 5000242a (sz=12, trace=300000, nelems=6, elem type=char[])
ARR 5000242b (sz=20, trace=300000, nelems=10, elem type=char[])
ARR 5000242c (sz=30, trace=300000, nelems=15, elem type=char[])
ARR 5000242d (sz=18, trace=300000, nelems=9, elem type=char[])
ARR 5000242e (sz=14, trace=300000, nelems=7, elem type=char[])
ARR 5000242f (sz=6, trace=300000, nelems=3, elem type=char[])
ARR 50002430 (sz=22, trace=300000, nelems=11, elem type=char[])
ARR 50002431 (sz=10, trace=300000, nelems=5, elem type=char[])
ARR 50002432 (sz=12, trace=300000, nelems=6, elem type=char[])
ARR 50002433 (sz=4, trace=300000, nelems=2, elem type=char[])
ARR 50002434 (sz=12, trace=300000, nelems=6, elem type=char[])
ARR 50002435 (sz=20, trace=300000, nelems=10, elem type=char[])
ARR 50002436 (sz=20, trace=300000, nelems=10, elem type=char[])
ARR 50002437 (sz=22, trace=300000, nelems=11, elem type=char[])
ARR 50002438 (sz=6, trace=300000, nelems=3, elem type=char[])
ARR 50002439 (sz=10, trace=300000, nelems=5, elem type=char[])
ARR 5000243a (sz=14, trace=300000, nelems=7, elem type=char[])
ARR 5000243b (sz=12, trace=300000, nelems=6, elem type=char[])
ARR 5000243c (sz=4, trace=300000, nelems=2, elem type=char[])
ARR 5000243d (sz=12, trace=300000, nelems=6, elem type=char[])
ARR 5000243e (sz=18, trace=300000, nelems=9, elem type=char[])
ARR 5000243f (sz=30, trace=300000, nelems=15, elem type=char[])
ARR 50002440 (sz=20, trace=300000, nelems=10, elem type=char[])
ARR 50002441 (sz=20, trace=300000, nelems=10, elem type=char[])
ARR 50002442 (sz=12, trace=300000, nelems=6, elem type=char[])
ARR 50002443 (sz=18, trace=300000, nelems=9, elem type=char[])
ARR 50002444 (sz=22, trace=300000, nelems=11, elem type=char[])
ARR 50002445 (sz=6, trace=300000, nelems=3, elem type=char[])
ARR 50002446 (sz=10, trace=300000, nelems=5, elem type=char[])
ARR 50002447 (sz=14, trace=300000, nelems=7, elem type=char[])
ARR 50002448 (sz=12, trace=300000, nelems=6, elem type=char[])
ARR 50002449 (sz=4, trace=300000, nelems=2, elem type=char[])
ARR 5000244a (sz=12, trace=300000, nelems=6, elem type=char[])
ARR 5000244b (sz=30, trace=300000, nelems=15, elem type=char[])
ARR 5000244c (sz=20, trace=300000, nelems=10, elem type=char[])
ARR 5000244d (sz=20, trace=300000, nelems=10, elem type=char[])
ARR 5000244e (sz=12, trace=300000, nelems=6, elem type=char[])
ARR 5000244f (sz=18, trace=300000, nelems=9, elem type=char[])
ARR 50002450 (sz=18, trace=300000, nelems=9, elem type=char[])
ARR 50002451 (sz=36, trace=300000, nelems=18, elem type=char[])
ARR 50002452 (sz=6, trace=300000, nelems=3, elem type=char[])
ARR 50002453 (sz=10, trace=300000, nelems=5, elem type=char[])
ARR 50002454 (sz=14, trace=300000, nelems=7, elem type=char[])
ARR 50002455 (sz=12, trace=300000, nelems=6, elem type=char[])
ARR 50002456 (sz=16, trace=300000, nelems=8, elem type=char[])
ARR 50002457 (sz=18, trace=300000, nelems=9, elem type=char[])
ARR 50002458 (sz=30, trace=300000, nelems=15, elem type=char[])
ARR 50002459 (sz=20, trace=300000, nelems=10, elem type=char[])
ARR 5000245a (sz=20, trace=300000, nelems=10, elem type=char[])
ARR 5000245b (sz=12, trace=300000, nelems=6, elem type=char[])
ARR 5000245c (sz=18, trace=300000, nelems=9, elem type=char[])
ARR 5000245d (sz=18, trace=300000, nelems=9, elem type=char[])
ARR 5000245e (sz=10, trace=300000, nelems=5, elem type=char[])
ARR 5000245f (sz=6, trace=300000, nelems=3, elem type=char[])
ARR 50002460 (sz=14, trace=300000, nelems=7, elem type=char[])
ARR 50002461 (sz=12, trace=300000, nelems=6, elem type=char[])
ARR 50002462 (sz=24, trace=300000, nelems=12, elem type=char[])
ARR 50002463 (sz=30, trace=300000, nelems=15, elem type=char[])
ARR 50002464 (sz=12, trace=300000, nelems=6, elem type=char[])
ARR 50002465 (sz=10, trace=300000, nelems=5, elem type=char[])
ARR 50002466 (sz=16, trace=300000, nelems=8, elem type=char[])
ARR 50002467 (sz=16, trace=300000, nelems=8, elem type=char[])
ARR 50002468 (sz=30, trace=300000, nelems=15, elem type=char[])
ARR 50002469 (sz=20, trace=300000, nelems=10, elem type=char[])
ARR 5000246a (sz=20, trace=300000, nelems=10, elem type=char[])
ARR 5000246b (sz=12, trace=300000, nelems=6, elem type=char[])
ARR 5000246c (sz=18, trace=300000, nelems=9, elem type=char[])
ARR 5000246d (sz=22, trace=300000, nelems=11, elem type=char[])
ARR 5000246e (sz=10, trace=300000, nelems=5, elem type=char[])
ARR 5000246f (sz=6, trace=300000, nelems=3, elem type=char[])
ARR 50002470 (sz=14, trace=300000, nelems=7, elem type=char[])
ARR 50002471 (sz=12, trace=300000, nelems=6, elem type=char[])
ARR 50002472 (sz=4, trace=300000, nelems=2, elem type=char[])
ARR 50002473 (sz=12, trace=300000, nelems=6, elem type=char[])
ARR 50002474 (sz=18, trace=300000, nelems=9, elem type=char[])
ARR 50002475 (sz=30, trace=300000, nelems=15, elem type=char[])
ARR 50002476 (sz=20, trace=300000, nelems=10, elem type=char[])
ARR 50002477 (sz=20, trace=300000, nelems=10, elem type=char[])
ARR 50002478 (sz=12, trace=300000, nelems=6, elem type=char[])
ARR 50002479 (sz=18, trace=300000, nelems=9, elem type=char[])
ARR 5000247a (sz=20, trace=300000, nelems=10, elem type=char[])
ARR 5000247b (sz=22, trace=300000, nelems=11, elem type=char[])
ARR 5000247c (sz=14, trace=300000, nelems=7, elem type=char[])
ARR 5000247d (sz=20, trace=300000, nelems=10, elem type=char[])
ARR 5000247e (sz=30, trace=300000, nelems=15, elem type=char[])
ARR 5000247f (sz=22, trace=300000, nelems=11, elem type=char[])
ARR 50002480 (sz=22, trace=300000, nelems=11, elem type=char[])
ARR 50002481 (sz=4, trace=300000, nelems=2, elem type=char[])
ARR 50002482 (sz=12, trace=300000, nelems=6, elem type=char[])
ARR 50002483 (sz=12, trace=300000, nelems=6, elem type=char[])
ARR 50002484 (sz=6, trace=300000, nelems=3, elem type=char[])
ARR 50002485 (sz=10, trace=300000, nelems=5, elem type=char[])
ARR 50002486 (sz=14, trace=300000, nelems=7, elem type=char[])
ARR 50002487 (sz=12, trace=300000, nelems=6, elem type=char[])
ARR 50002488 (sz=20, trace=300000, nelems=10, elem type=char[])
ARR 50002489 (sz=20, trace=300000, nelems=10, elem type=char[])
ARR 5000248a (sz=22, trace=300000, nelems=11, elem type=char[])
ARR 5000248b (sz=14, trace=300000, nelems=7, elem type=char[])
ARR 5000248c (sz=22, trace=300000, nelems=11, elem type=char[])
ARR 5000248d (sz=14, trace=300000, nelems=7, elem type=char[])
ARR 5000248e (sz=8, trace=300000, nelems=4, elem type=char[])
ARR 5000248f (sz=12, trace=300000, nelems=6, elem type=char[])
ARR 50002490 (sz=12, trace=300000, nelems=6, elem type=char[])
ARR 50002491 (sz=12, trace=300000, nelems=6, elem type=char[])
ARR 50002492 (sz=12, trace=300000, nelems=6, elem type=char[])
ARR 50002493 (sz=18, trace=300000, nelems=9, elem type=char[])
ARR 50002494 (sz=12, trace=300000, nelems=6, elem type=char[])
ARR 50002495 (sz=12, trace=300000, nelems=6, elem type=char[])
ARR 50002496 (sz=12, trace=300000, nelems=6, elem type=char[])
ARR 50002497 (sz=12, trace=300000, nelems=6, elem type=char[])
ARR 50002498 (sz=12, trace=300000, nelems=6, elem type=char[])
ARR 50002499 (sz=12, trace=300000, nelems=6, elem type=char[])
ARR 5000249a (sz=12, trace=300000, nelems=6, elem type=char[])
ARR 5000249b (sz=12, trace=300000, nelems=6, elem type=char[])
ARR 5000249c (sz=12, trace=300000, nelems=6, elem type=char[])
ARR 5000249d (sz=12, trace=300000, nelems=6, elem type=char[])
ARR 5000249e (sz=22, trace=300000, nelems=11, elem type=char[])
ARR 5000249f (sz=32, trace=300000, nelems=16, elem type=char[])
ARR 500024a0 (sz=6, trace=300000, nelems=3, elem type=char[])
ARR 500024a1 (sz=14, trace=300000, nelems=7, elem type=char[])
ARR 500024a2 (sz=12, trace=300000, nelems=6, elem type=char[])
ARR 500024a3 (sz=10, trace=300000, nelems=5, elem type=char[])
ARR 500024a4 (sz=6, trace=300000, nelems=3, elem type=char[])
ARR 500024a5 (sz=14, trace=300000, nelems=7, elem type=char[])
ARR 500024a6 (sz=12, trace=300000, nelems=6, elem type=char[])
ARR 500024a7 (sz=10, trace=300000, nelems=5, elem type=char[])
ARR 500024a8 (sz=6, trace=300000, nelems=3, elem type=char[])
ARR 500024a9 (sz=14, trace=300000, nelems=7, elem type=char[])
ARR 500024aa (sz=12, trace=300000, nelems=6, elem type=char[])
ARR 500024ab (sz=10, trace=300000, nelems=5, elem type=char[])
ARR 500024ac (sz=38, trace=300000, nelems=19, elem type=char[])
ARR 500024ad (sz=6, trace=300000, nelems=3, elem type=char[])
ARR 500024ae (sz=12, trace=300000, nelems=6, elem type=char[])
ARR 500024af (sz=14, trace=300000, nelems=7, elem type=char[])
ARR 500024b0 (sz=10, trace=300000, nelems=5, elem type=char[])
ARR 500024b1 (sz=16, trace=300000, nelems=8, elem type=char[])
ARR 500024b2 (sz=6, trace=300000, nelems=3, elem type=char[])
ARR 500024b3 (sz=14, trace=300000, nelems=7, elem type=char[])
ARR 500024b4 (sz=12, trace=300000, nelems=6, elem type=char[])
ARR 500024b5 (sz=10, trace=300000, nelems=5, elem type=char[])
ARR 500024b6 (sz=16, trace=300000, nelems=8, elem type=char[])
ARR 500024b7 (sz=6, trace=300000, nelems=3, elem type=char[])
ARR 500024b8 (sz=12, trace=300000, nelems=6, elem type=char[])
ARR 500024b9 (sz=14, trace=300000, nelems=7, elem type=char[])
ARR 500024ba (sz=10, trace=300000, nelems=5, elem type=char[])
ARR 500024bb (sz=16, trace=300000, nelems=8, elem type=char[])
ARR 500024bc (sz=6, trace=300000, nelems=3, elem type=char[])
ARR 500024bd (sz=14, trace=300000, nelems=7, elem type=char[])
ARR 500024be (sz=12, trace=300000, nelems=6, elem type=char[])
ARR 500024bf (sz=10, trace=300000, nelems=5, elem type=char[])
ARR 500024c0 (sz=48, trace=300000, nelems=24, elem type=char[])
ARR 500024c1 (sz=6, trace=300000, nelems=3, elem type=char[])
ARR 500024c2 (sz=14, trace=300000, nelems=7, elem type=char[])
ARR 500024c3 (sz=20, trace=300000, nelems=10, elem type=char[])
ARR 500024c4 (sz=10, trace=300000, nelems=5, elem type=char[])
ARR 500024c5 (sz=36, trace=300000, nelems=18, elem type=char[])
ARR 500024c6 (sz=16, trace=300000, nelems=8, elem type=char[])
ARR 500024c7 (sz=6, trace=300000, nelems=3, elem type=char[])
ARR 500024c8 (sz=14, trace=300000, nelems=7, elem type=char[])
ARR 500024c9 (sz=12, trace=300000, nelems=6, elem type=char[])
ARR 500024ca (sz=10, trace=300000, nelems=5, elem type=char[])
ARR 500024cb (sz=16, trace=300000, nelems=8, elem type=char[])
ARR 500024cc (sz=6, trace=300000, nelems=3, elem type=char[])
ARR 500024cd (sz=14, trace=300000, nelems=7, elem type=char[])
ARR 500024ce (sz=12, trace=300000, nelems=6, elem type=char[])
ARR 500024cf (sz=10, trace=300000, nelems=5, elem type=char[])
ARR 500024d0 (sz=6, trace=300000, nelems=3, elem type=char[])
ARR 500024d1 (sz=14, trace=300000, nelems=7, elem type=char[])
ARR 500024d2 (sz=12, trace=300000, nelems=6, elem type=char[])
ARR 500024d3 (sz=10, trace=300000, nelems=5, elem type=char[])
OBJ 500024d4 (sz=24, trace=300000, class=java.lang.String@50000181)
	value		5000254d
OBJ 500024d5 (sz=24, trace=300000, class=java.lang.String@50000181)
	value		5000254c
OBJ 500024d6 (sz=24, trace=300000, class=java.lang.String@50000181)
	value		5000254b
OBJ 500024d7 (sz=24, trace=300000, class=java.lang.String@50000181)
	value		5000254a
OBJ 500024d8 (sz=24, trace=300000, class=java.lang.String@50000181)
	value		50002549
OBJ 500024d9 (sz=24, trace=300000, class=java.lang.String@50000181)
	value		50002548
OBJ 500024da (sz=24, trace=300000, class=java.lang.String@50000181)
	value		50002547
OBJ 500024db (sz=24, trace=300000, class=java.lang.String@50000181)
	value		50002546
OBJ 500024dc (sz=24, trace=300000, class=java.lang.String@50000181)
	value		50002545
OBJ 500024dd (sz=24, trace=300000, class=java.lang.String@50000181)
	value		50002544
OBJ 500024de (sz=24, trace=300000, class=java.lang.String@50000181)
	value		50002543
OBJ 500024df (sz=24, trace=300000, class=java.lang.String@50000181)
	value		50002542
OBJ 500024e0 (sz=24, trace=300000, class=java.lang.String@50000181)
	value		50002541
OBJ 500024e1 (sz=24, trace=300000, class=java.lang.String@50000181)
	value		50002540
OBJ 500024e2 (sz=24, trace=300000, class=java.lang.String@50000181)
	value		5000253f
OBJ 500024e3 (sz=24, trace=300000, class=java.lang.String@50000181)
	value		5000253e
OBJ 500024e4 (sz=24, trace=300000, class=java.lang.String@50000181)
	value		5000253d
OBJ 500024e5 (sz=24, trace=300000, class=java.lang.String@50000181)
	value		5000253c
OBJ 500024e6 (sz=24, trace=300000, class=java.lang.String@50000181)
	value		5000253b
OBJ 500024e7 (sz=24, trace=300000, class=java.lang.String@50000181)
	value		5000253a
OBJ 500024e8 (sz=24, trace=300000, class=java.lang.String@50000181)
	value		50002539
OBJ 500024e9 (sz=24, trace=300000, class=java.lang.String@50000181)
	value		50002538
OBJ 500024ea (sz=24, trace=300000, class=java.lang.String@50000181)
	value		50002537
OBJ 500024eb (sz=24, trace=300000, class=java.lang.String@50000181)
	value		50002536
OBJ 500024ec (sz=24, trace=300000, class=java.lang.String@50000181)
	value		50002535
OBJ 500024ed (sz=24, trace=300000, class=java.lang.String@50000181)
	value		50002534
OBJ 500024ee (sz=24, trace=300000, class=java.lang.String@50000181)
	value		50002533
OBJ 500024ef (sz=24, trace=300000, class=java.lang.String@50000181)
	value		50002532
OBJ 500024f0 (sz=24, trace=300000, class=java.lang.String@50000181)
	value		50002531
OBJ 500024f1 (sz=24, trace=300000, class=java.lang.String@50000181)
	value		50002530
OBJ 500024f2 (sz=24, trace=300000, class=java.lang.String@50000181)
	value		5000252f
OBJ 500024f3 (sz=24, trace=300000, class=java.lang.String@50000181)
	value		5000252e
OBJ 500024f4 (sz=24, trace=300000, class=java.lang.String@50000181)
	value		5000252d
OBJ 500024f5 (sz=24, trace=300000, class=java.lang.String@50000181)
	value		5000252c
OBJ 500024f6 (sz=24, trace=300000, class=java.lang.String@50000181)
	value		5000252b
OBJ 500024f7 (sz=24, trace=300000, class=java.lang.String@50000181)
	value		5000252a
OBJ 500024f8 (sz=24, trace=300000, class=java.lang.String@50000181)
	value		50002529
OBJ 500024f9 (sz=24, trace=300000, class=java.lang.String@50000181)
	value		50002528
OBJ 500024fa (sz=24, trace=300000, class=java.lang.String@50000181)
	value		50002527
OBJ 500024fb (sz=24, trace=300000, class=java.lang.String@50000181)
	value		50002526
OBJ 500024fc (sz=24, trace=300000, class=java.lang.String@50000181)
	value		50002525
OBJ 500024fd (sz=24, trace=300000, class=java.lang.String@50000181)
	value		50002524
OBJ 500024fe (sz=24, trace=300000, class=java.lang.String@50000181)
	value		50002523
OBJ 500024ff (sz=24, trace=300000, class=java.lang.String@50000181)
	value		50002522
OBJ 50002500 (sz=24, trace=300000, class=java.lang.String@50000181)
	value		50002521
OBJ 50002501 (sz=24, trace=300000, class=java.lang.String@50000181)
	value		50002520
OBJ 50002502 (sz=24, trace=300000, class=java.lang.String@50000181)
	value		5000251f
OBJ 50002503 (sz=24, trace=300000, class=java.lang.String@50000181)
	value		5000251e
OBJ 50002504 (sz=24, trace=300000, class=java.lang.String@50000181)
	value		5000251d
OBJ 50002505 (sz=24, trace=300000, class=java.lang.String@50000181)
	value		5000251c
OBJ 50002506 (sz=24, trace=300000, class=java.lang.String@50000181)
	value		5000251b
OBJ 50002507 (sz=24, trace=300000, class=java.lang.String@50000181)
	value		5000251a
OBJ 50002508 (sz=24, trace=300000, class=java.lang.String@50000181)
	value		50002519
OBJ 50002509 (sz=24, trace=300000, class=java.lang.String@50000181)
	value		50002518
OBJ 5000250a (sz=24, trace=300000, class=java.lang.String@50000181)
	value		50002517
OBJ 5000250b (sz=24, trace=300000, class=java.lang.String@50000181)
	value		50002516
OBJ 5000250c (sz=24, trace=300000, class=java.lang.String@50000181)
	value		50002515
OBJ 5000250d (sz=24, trace=300000, class=java.lang.String@50000181)
	value		50002514
OBJ 5000250e (sz=24, trace=300000, class=java.lang.String@50000181)
	value		50002513
OBJ 5000250f (sz=24, trace=300000, class=java.lang.String@50000181)
	value		50002512
OBJ 50002510 (sz=24, trace=300000, class=java.lang.String@50000181)
	value		50002511
ARR 50002511 (sz=28, trace=300000, nelems=14, elem type=char[])
ARR 50002512 (sz=28, trace=300000, nelems=14, elem type=char[])
ARR 50002513 (sz=28, trace=300000, nelems=14, elem type=char[])
ARR 50002514 (sz=16, trace=300000, nelems=8, elem type=char[])
ARR 50002515 (sz=16, trace=300000, nelems=8, elem type=char[])
ARR 50002516 (sz=24, trace=300000, nelems=12, elem type=char[])
ARR 50002517 (sz=24, trace=300000, nelems=12, elem type=char[])
ARR 50002518 (sz=24, trace=300000, nelems=12, elem type=char[])
ARR 50002519 (sz=24, trace=300000, nelems=12, elem type=char[])
ARR 5000251a (sz=24, trace=300000, nelems=12, elem type=char[])
ARR 5000251b (sz=24, trace=300000, nelems=12, elem type=char[])
ARR 5000251c (sz=10, trace=300000, nelems=5, elem type=char[])
ARR 5000251d (sz=16, trace=300000, nelems=8, elem type=char[])
ARR 5000251e (sz=16, trace=300000, nelems=8, elem type=char[])
ARR 5000251f (sz=12, trace=300000, nelems=6, elem type=char[])
ARR 50002520 (sz=16, trace=300000, nelems=8, elem type=char[])
ARR 50002521 (sz=16, trace=300000, nelems=8, elem type=char[])
ARR 50002522 (sz=12, trace=300000, nelems=6, elem type=char[])
ARR 50002523 (sz=16, trace=300000, nelems=8, elem type=char[])
ARR 50002524 (sz=12, trace=300000, nelems=6, elem type=char[])
ARR 50002525 (sz=12, trace=300000, nelems=6, elem type=char[])
ARR 50002526 (sz=20, trace=300000, nelems=10, elem type=char[])
ARR 50002527 (sz=20, trace=300000, nelems=10, elem type=char[])
ARR 50002528 (sz=20, trace=300000, nelems=10, elem type=char[])
ARR 50002529 (sz=20, trace=300000, nelems=10, elem type=char[])
ARR 5000252a (sz=20, trace=300000, nelems=10, elem type=char[])
ARR 5000252b (sz=22, trace=300000, nelems=11, elem type=char[])
ARR 5000252c (sz=22, trace=300000, nelems=11, elem type=char[])
ARR 5000252d (sz=20, trace=300000, nelems=10, elem type=char[])
ARR 5000252e (sz=16, trace=300000, nelems=8, elem type=char[])
ARR 5000252f (sz=12, trace=300000, nelems=6, elem type=char[])
ARR 50002530 (sz=10, trace=300000, nelems=5, elem type=char[])
ARR 50002531 (sz=24, trace=300000, nelems=12, elem type=char[])
ARR 50002532 (sz=16, trace=300000, nelems=8, elem type=char[])
ARR 50002533 (sz=12, trace=300000, nelems=6, elem type=char[])
ARR 50002534 (sz=12, trace=300000, nelems=6, elem type=char[])
ARR 50002535 (sz=12, trace=300000, nelems=6, elem type=char[])
ARR 50002536 (sz=12, trace=300000, nelems=6, elem type=char[])
ARR 50002537 (sz=12, trace=300000, nelems=6, elem type=char[])
ARR 50002538 (sz=12, trace=300000, nelems=6, elem type=char[])
ARR 50002539 (sz=12, trace=300000, nelems=6, elem type=char[])
ARR 5000253a (sz=12, trace=300000, nelems=6, elem type=char[])
ARR 5000253b (sz=20, trace=300000, nelems=10, elem type=char[])
ARR 5000253c (sz=20, trace=300000, nelems=10, elem type=char[])
ARR 5000253d (sz=20, trace=300000, nelems=10, elem type=char[])
ARR 5000253e (sz=20, trace=300000, nelems=10, elem type=char[])
ARR 5000253f (sz=20, trace=300000, nelems=10, elem type=char[])
ARR 50002540 (sz=22, trace=300000, nelems=11, elem type=char[])
ARR 50002541 (sz=22, trace=300000, nelems=11, elem type=char[])
ARR 50002542 (sz=12, trace=300000, nelems=6, elem type=char[])
ARR 50002543 (sz=12, trace=300000, nelems=6, elem type=char[])
ARR 50002544 (sz=12, trace=300000, nelems=6, elem type=char[])
ARR 50002545 (sz=12, trace=300000, nelems=6, elem type=char[])
ARR 50002546 (sz=12, trace=300000, nelems=6, elem type=char[])
ARR 50002547 (sz=12, trace=300000, nelems=6, elem type=char[])
ARR 50002548 (sz=12, trace=300000, nelems=6, elem type=char[])
ARR 50002549 (sz=12, trace=300000, nelems=6, elem type=char[])
ARR 5000254a (sz=12, trace=300000, nelems=6, elem type=char[])
ARR 5000254b (sz=12, trace=300000, nelems=6, elem type=char[])
ARR 5000254c (sz=12, trace=300000, nelems=6, elem type=char[])
ARR 5000254d (sz=12, trace=300000, nelems=6, elem type=char[])
OBJ 5000254e (sz=24, trace=300000, class=java.lang.String@50000181)
	value		500025e3
OBJ 5000254f (sz=24, trace=300000, class=java.lang.String@50000181)
	value		500025e2
OBJ 50002550 (sz=24, trace=300000, class=java.lang.String@50000181)
	value		500025e1
OBJ 50002551 (sz=24, trace=300000, class=java.lang.String@50000181)
	value		500025e0
OBJ 50002552 (sz=24, trace=300000, class=java.lang.String@50000181)
	value		500025df
OBJ 50002553 (sz=24, trace=300000, class=java.lang.String@50000181)
	value		500025de
OBJ 50002554 (sz=24, trace=300000, class=java.lang.String@50000181)
	value		500025dd
OBJ 50002555 (sz=24, trace=300000, class=java.lang.String@50000181)
	value		500025dc
OBJ 50002556 (sz=24, trace=300000, class=java.lang.String@50000181)
	value		500025db
OBJ 50002557 (sz=24, trace=300000, class=java.lang.String@50000181)
	value		500025da
OBJ 50002558 (sz=24, trace=300000, class=java.lang.String@50000181)
	value		500025d9
OBJ 50002559 (sz=24, trace=300000, class=java.lang.String@50000181)
	value		500025d8
OBJ 5000255a (sz=24, trace=300000, class=java.lang.String@50000181)
	value		500025d7
OBJ 5000255b (sz=24, trace=300000, class=java.lang.String@50000181)
	value		500025d6
OBJ 5000255c (sz=24, trace=300000, class=java.lang.String@50000181)
	value		500025d5
OBJ 5000255d (sz=24, trace=300000, class=java.lang.String@50000181)
	value		500025d4
OBJ 5000255e (sz=24, trace=300000, class=java.lang.String@50000181)
	value		500025d3
OBJ 5000255f (sz=24, trace=300000, class=java.lang.String@50000181)
	value		500025d2
OBJ 50002560 (sz=24, trace=300000, class=java.lang.String@50000181)
	value		500025d1
OBJ 50002561 (sz=24, trace=300000, class=java.lang.String@50000181)
	value		500025d0
OBJ 50002562 (sz=24, trace=300000, class=java.lang.String@50000181)
	value		500025cf
OBJ 50002563 (sz=24, trace=300000, class=java.lang.String@50000181)
	value		500025ce
OBJ 50002564 (sz=24, trace=300000, class=java.lang.String@50000181)
	value		500025cd
OBJ 50002565 (sz=24, trace=300000, class=java.lang.String@50000181)
	value		500025cc
OBJ 50002566 (sz=24, trace=300000, class=java.lang.String@50000181)
	value		500025cb
OBJ 50002567 (sz=24, trace=300000, class=java.lang.String@50000181)
	value		500025ca
OBJ 50002568 (sz=24, trace=300000, class=java.lang.String@50000181)
	value		500025c9
OBJ 50002569 (sz=24, trace=300000, class=java.lang.String@50000181)
	value		500025c8
OBJ 5000256a (sz=24, trace=300000, class=java.lang.String@50000181)
	value		500025c7
OBJ 5000256b (sz=24, trace=300000, class=java.lang.String@50000181)
	value		500025c6
OBJ 5000256c (sz=24, trace=300000, class=java.lang.String@50000181)
	value		500025c5
OBJ 5000256d (sz=24, trace=300000, class=java.lang.String@50000181)
	value		500025c4
OBJ 5000256e (sz=24, trace=300000, class=java.lang.String@50000181)
	value		500025c3
OBJ 5000256f (sz=24, trace=300000, class=java.lang.String@50000181)
	value		500025c2
OBJ 50002570 (sz=24, trace=300000, class=java.lang.String@50000181)
	value		500025c1
OBJ 50002571 (sz=24, trace=300000, class=java.lang.String@50000181)
	value		500025c0
OBJ 50002572 (sz=24, trace=300000, class=java.lang.String@50000181)
	value		500025bf
OBJ 50002573 (sz=24, trace=300000, class=java.lang.String@50000181)
	value		500025be
OBJ 50002574 (sz=24, trace=300000, class=java.lang.String@50000181)
	value		500025bd
OBJ 50002575 (sz=24, trace=300000, class=java.lang.String@50000181)
	value		500025bc
OBJ 50002576 (sz=24, trace=300000, class=java.lang.String@50000181)
	value		500025bb
OBJ 50002577 (sz=24, trace=300000, class=java.lang.String@50000181)
	value		500025ba
OBJ 50002578 (sz=24, trace=300000, class=java.lang.String@50000181)
	value		500025b9
OBJ 50002579 (sz=24, trace=300000, class=java.lang.String@50000181)
	value		500025b8
OBJ 5000257a (sz=24, trace=300000, class=java.lang.String@50000181)
	value		500025b7
OBJ 5000257b (sz=24, trace=300000, class=java.lang.String@50000181)
	value		500025b6
OBJ 5000257c (sz=24, trace=300000, class=java.lang.String@50000181)
	value		500025b5
OBJ 5000257d (sz=24, trace=300000, class=java.lang.String@50000181)
	value		500025b4
OBJ 5000257e (sz=24, trace=300000, class=java.lang.String@50000181)
	value		500025b3
OBJ 5000257f (sz=24, trace=300000, class=java.lang.String@50000181)
	value		500025b2
OBJ 50002580 (sz=24, trace=300000, class=java.lang.String@50000181)
	value		500025b1
OBJ 50002581 (sz=24, trace=300000, class=java.lang.String@50000181)
	value		500025b0
OBJ 50002582 (sz=24, trace=300000, class=java.lang.String@50000181)
	value		500025af
OBJ 50002583 (sz=24, trace=300000, class=java.lang.String@50000181)
	value		500025ae
OBJ 50002584 (sz=24, trace=300000, class=java.lang.String@50000181)
	value		500025ad
OBJ 50002585 (sz=24, trace=300000, class=java.lang.String@50000181)
	value		500025ac
OBJ 50002586 (sz=24, trace=300000, class=java.lang.String@50000181)
	value		500025ab
OBJ 50002587 (sz=24, trace=300000, class=java.lang.String@50000181)
	value		500025aa
OBJ 50002588 (sz=24, trace=300000, class=java.lang.String@50000181)
	value		500025a9
OBJ 50002589 (sz=24, trace=300000, class=java.lang.String@50000181)
	value		500025a8
OBJ 5000258a (sz=24, trace=300000, class=java.lang.String@50000181)
	value		500025a7
OBJ 5000258b (sz=24, trace=300000, class=java.lang.String@50000181)
	value		500025a6
OBJ 5000258c (sz=24, trace=300000, class=java.lang.String@50000181)
	value		500025a5
OBJ 5000258d (sz=24, trace=300000, class=java.lang.String@50000181)
	value		500025a4
OBJ 5000258e (sz=24, trace=300000, class=java.lang.String@50000181)
	value		500025a3
OBJ 5000258f (sz=24, trace=300000, class=java.lang.String@50000181)
	value		500025a2
OBJ 50002590 (sz=24, trace=300000, class=java.lang.String@50000181)
	value		500025a1
OBJ 50002591 (sz=24, trace=300000, class=java.lang.String@50000181)
	value		500025a0
OBJ 50002592 (sz=24, trace=300000, class=java.lang.String@50000181)
	value		5000259f
OBJ 50002593 (sz=24, trace=300000, class=java.lang.String@50000181)
	value		5000259e
OBJ 50002594 (sz=24, trace=300000, class=java.lang.String@50000181)
	value		5000259d
OBJ 50002595 (sz=24, trace=300000, class=java.lang.String@50000181)
	value		5000259c
OBJ 50002596 (sz=24, trace=300000, class=java.lang.String@50000181)
	value		5000259b
OBJ 50002597 (sz=24, trace=300000, class=java.lang.String@50000181)
	value		5000259a
OBJ 50002598 (sz=24, trace=300000, class=java.lang.String@50000181)
	value		50002599
ARR 50002599 (sz=20, trace=300000, nelems=10, elem type=char[])
ARR 5000259a (sz=20, trace=300000, nelems=10, elem type=char[])
ARR 5000259b (sz=20, trace=300000, nelems=10, elem type=char[])
ARR 5000259c (sz=20, trace=300000, nelems=10, elem type=char[])
ARR 5000259d (sz=24, trace=300000, nelems=12, elem type=char[])
ARR 5000259e (sz=16, trace=300000, nelems=8, elem type=char[])
ARR 5000259f (sz=24, trace=300000, nelems=12, elem type=char[])
ARR 500025a0 (sz=16, trace=300000, nelems=8, elem type=char[])
ARR 500025a1 (sz=12, trace=300000, nelems=6, elem type=char[])
ARR 500025a2 (sz=16, trace=300000, nelems=8, elem type=char[])
ARR 500025a3 (sz=16, trace=300000, nelems=8, elem type=char[])
ARR 500025a4 (sz=12, trace=300000, nelems=6, elem type=char[])
ARR 500025a5 (sz=8, trace=300000, nelems=4, elem type=char[])
ARR 500025a6 (sz=10, trace=300000, nelems=5, elem type=char[])
ARR 500025a7 (sz=24, trace=300000, nelems=12, elem type=char[])
ARR 500025a8 (sz=24, trace=300000, nelems=12, elem type=char[])
ARR 500025a9 (sz=42, trace=300000, nelems=21, elem type=char[])
ARR 500025aa (sz=26, trace=300000, nelems=13, elem type=char[])
ARR 500025ab (sz=36, trace=300000, nelems=18, elem type=char[])
ARR 500025ac (sz=20, trace=300000, nelems=10, elem type=char[])
ARR 500025ad (sz=48, trace=300000, nelems=24, elem type=char[])
ARR 500025ae (sz=12, trace=300000, nelems=6, elem type=char[])
ARR 500025af (sz=12, trace=300000, nelems=6, elem type=char[])
ARR 500025b0 (sz=4, trace=300000, nelems=2, elem type=char[])
ARR 500025b1 (sz=20, trace=300000, nelems=10, elem type=char[])
ARR 500025b2 (sz=30, trace=300000, nelems=15, elem type=char[])
ARR 500025b3 (sz=20, trace=300000, nelems=10, elem type=char[])
ARR 500025b4 (sz=30, trace=300000, nelems=15, elem type=char[])
ARR 500025b5 (sz=20, trace=300000, nelems=10, elem type=char[])
ARR 500025b6 (sz=30, trace=300000, nelems=15, elem type=char[])
ARR 500025b7 (sz=20, trace=300000, nelems=10, elem type=char[])
ARR 500025b8 (sz=30, trace=300000, nelems=15, elem type=char[])
ARR 500025b9 (sz=20, trace=300000, nelems=10, elem type=char[])
ARR 500025ba (sz=30, trace=300000, nelems=15, elem type=char[])
ARR 500025bb (sz=20, trace=300000, nelems=10, elem type=char[])
ARR 500025bc (sz=30, trace=300000, nelems=15, elem type=char[])
ARR 500025bd (sz=22, trace=300000, nelems=11, elem type=char[])
ARR 500025be (sz=20, trace=300000, nelems=10, elem type=char[])
ARR 500025bf (sz=32, trace=300000, nelems=16, elem type=char[])
ARR 500025c0 (sz=30, trace=300000, nelems=15, elem type=char[])
ARR 500025c1 (sz=20, trace=300000, nelems=10, elem type=char[])
ARR 500025c2 (sz=18, trace=300000, nelems=9, elem type=char[])
ARR 500025c3 (sz=18, trace=300000, nelems=9, elem type=char[])
ARR 500025c4 (sz=18, trace=300000, nelems=9, elem type=char[])
ARR 500025c5 (sz=18, trace=300000, nelems=9, elem type=char[])
ARR 500025c6 (sz=20, trace=300000, nelems=10, elem type=char[])
ARR 500025c7 (sz=20, trace=300000, nelems=10, elem type=char[])
ARR 500025c8 (sz=18, trace=300000, nelems=9, elem type=char[])
ARR 500025c9 (sz=18, trace=300000, nelems=9, elem type=char[])
ARR 500025ca (sz=30, trace=300000, nelems=15, elem type=char[])
ARR 500025cb (sz=12, trace=300000, nelems=6, elem type=char[])
ARR 500025cc (sz=12, trace=300000, nelems=6, elem type=char[])
ARR 500025cd (sz=12, trace=300000, nelems=6, elem type=char[])
ARR 500025ce (sz=14, trace=300000, nelems=7, elem type=char[])
ARR 500025cf (sz=14, trace=300000, nelems=7, elem type=char[])
ARR 500025d0 (sz=16, trace=300000, nelems=8, elem type=char[])
ARR 500025d1 (sz=16, trace=300000, nelems=8, elem type=char[])
ARR 500025d2 (sz=16, trace=300000, nelems=8, elem type=char[])
ARR 500025d3 (sz=30, trace=300000, nelems=15, elem type=char[])
ARR 500025d4 (sz=36, trace=300000, nelems=18, elem type=char[])
ARR 500025d5 (sz=22, trace=300000, nelems=11, elem type=char[])
ARR 500025d6 (sz=22, trace=300000, nelems=11, elem type=char[])
ARR 500025d7 (sz=22, trace=300000, nelems=11, elem type=char[])
ARR 500025d8 (sz=22, trace=300000, nelems=11, elem type=char[])
ARR 500025d9 (sz=22, trace=300000, nelems=11, elem type=char[])
ARR 500025da (sz=22, trace=300000, nelems=11, elem type=char[])
ARR 500025db (sz=16, trace=300000, nelems=8, elem type=char[])
ARR 500025dc (sz=16, trace=300000, nelems=8, elem type=char[])
ARR 500025dd (sz=16, trace=300000, nelems=8, elem type=char[])
ARR 500025de (sz=16, trace=300000, nelems=8, elem type=char[])
ARR 500025df (sz=14, trace=300000, nelems=7, elem type=char[])
ARR 500025e0 (sz=10, trace=300000, nelems=5, elem type=char[])
ARR 500025e1 (sz=10, trace=300000, nelems=5, elem type=char[])
ARR 500025e2 (sz=28, trace=300000, nelems=14, elem type=char[])
ARR 500025e3 (sz=28, trace=300000, nelems=14, elem type=char[])
OBJ 500025e4 (sz=24, trace=300000, class=java.lang.String@50000181)
	value		5000272d
OBJ 500025e5 (sz=24, trace=300000, class=java.lang.String@50000181)
	value		500032c1
OBJ 500025e6 (sz=24, trace=300000, class=java.lang.String@50000181)
	value		500032c0
OBJ 500025e7 (sz=24, trace=300000, class=sun.nio.cs.ext.GBK@500000a4)
	name		5000273b
	aliases		5000273a
OBJ 500025e8 (sz=16, trace=300000, class=java.lang.ThreadLocal@500000c7)
OBJ 500025e9 (sz=32, trace=300000, class=sun.nio.cs.StandardCharsets@500000cc)
	classMap	500025ec
	aliasMap	500025eb
	cache		500025ea
	packagePrefix	500023e0
OBJ 500025ea (sz=40, trace=300000, class=sun.nio.cs.StandardCharsets$Cache@500000c8)
	ht		500026e9
OBJ 500025eb (sz=40, trace=300000, class=sun.nio.cs.StandardCharsets$Aliases@500000ca)
	ht		50002615
OBJ 500025ec (sz=40, trace=300000, class=sun.nio.cs.StandardCharsets$Classes@500000c9)
	ht		500025ed
ARR 500025ed (sz=144, trace=300000, nelems=32, elem type=java.lang.Object[]@5000011c)
	[0]		500025ee
	[2]		500025ef
	[3]		500025f0
	[4]		500025f1
	[5]		500025f2
	[6]		500025f3
	[7]		500025f4
	[8]		500025f5
	[9]		500025f6
	[10]		500025f7
	[11]		500025f8
	[12]		500025f9
	[14]		500025fa
	[15]		500025fb
	[16]		500025fc
	[17]		500025fd
	[18]		500025fe
	[19]		500025ff
	[22]		50002600
	[23]		50002601
	[24]		50002602
	[28]		50002603
	[29]		50002604
	[31]		50002605
ARR 500025ee (sz=24, trace=300000, nelems=2, elem type=java.lang.Object[]@5000011c)
	[0]		500023c0
	[1]		500024dd
ARR 500025ef (sz=32, trace=300000, nelems=3, elem type=java.lang.Object[]@5000011c)
	[0]		500023c1
	[1]		500024de
	[2]		50002613
ARR 500025f0 (sz=32, trace=300000, nelems=3, elem type=java.lang.Object[]@5000011c)
	[0]		50002507
	[1]		500024ea
	[2]		50002612
ARR 500025f1 (sz=32, trace=300000, nelems=3, elem type=java.lang.Object[]@5000011c)
	[0]		50002509
	[1]		500024ec
	[2]		50002610
ARR 500025f2 (sz=32, trace=300000, nelems=3, elem type=java.lang.Object[]@5000011c)
	[0]		5000250a
	[1]		500024ed
	[2]		5000260f
ARR 500025f3 (sz=24, trace=300000, nelems=2, elem type=java.lang.Object[]@5000011c)
	[0]		5000250b
	[1]		500024ee
ARR 500025f4 (sz=24, trace=300000, nelems=2, elem type=java.lang.Object[]@5000011c)
	[0]		50002500
	[1]		50002365
ARR 500025f5 (sz=32, trace=300000, nelems=3, elem type=java.lang.Object[]@5000011c)
	[0]		500024f7
	[1]		500024e2
	[2]		5000260e
ARR 500025f6 (sz=32, trace=300000, nelems=3, elem type=java.lang.Object[]@5000011c)
	[0]		500024f8
	[1]		500024e3
	[2]		5000260d
ARR 500025f7 (sz=24, trace=300000, nelems=2, elem type=java.lang.Object[]@5000011c)
	[0]		500024f9
	[1]		500024e4
ARR 500025f8 (sz=32, trace=300000, nelems=3, elem type=java.lang.Object[]@5000011c)
	[0]		5000250d
	[1]		500024df
	[2]		5000260c
ARR 500025f9 (sz=24, trace=300000, nelems=2, elem type=java.lang.Object[]@5000011c)
	[0]		500024fb
	[1]		500024e6
ARR 500025fa (sz=24, trace=300000, nelems=2, elem type=java.lang.Object[]@5000011c)
	[0]		5000250c
	[1]		500024d6
ARR 500025fb (sz=24, trace=300000, nelems=2, elem type=java.lang.Object[]@5000011c)
	[0]		500023bc
	[1]		500024d8
ARR 500025fc (sz=32, trace=300000, nelems=3, elem type=java.lang.Object[]@5000011c)
	[0]		500023bd
	[1]		500024d9
	[2]		5000260b
ARR 500025fd (sz=32, trace=300000, nelems=3, elem type=java.lang.Object[]@5000011c)
	[0]		500024f5
	[1]		500024e0
	[2]		5000260a
ARR 500025fe (sz=32, trace=300000, nelems=3, elem type=java.lang.Object[]@5000011c)
	[0]		500023be
	[1]		500024da
	[2]		50002608
ARR 500025ff (sz=32, trace=300000, nelems=3, elem type=java.lang.Object[]@5000011c)
	[0]		500024f3
	[1]		500024dc
	[2]		50002606
ARR 50002600 (sz=24, trace=300000, nelems=2, elem type=java.lang.Object[]@5000011c)
	[0]		5000250e
	[1]		500024f0
ARR 50002601 (sz=24, trace=300000, nelems=2, elem type=java.lang.Object[]@5000011c)
	[0]		500024f2
	[1]		500024d4
ARR 50002602 (sz=24, trace=300000, nelems=2, elem type=java.lang.Object[]@5000011c)
	[0]		5000250f
	[1]		50002369
ARR 50002603 (sz=24, trace=300000, nelems=2, elem type=java.lang.Object[]@5000011c)
	[0]		500024fc
	[1]		500024e7
ARR 50002604 (sz=24, trace=300000, nelems=2, elem type=java.lang.Object[]@5000011c)
	[0]		500024fd
	[1]		500024e8
ARR 50002605 (sz=24, trace=300000, nelems=2, elem type=java.lang.Object[]@5000011c)
	[0]		50002504
	[1]		5000236a
ARR 50002606 (sz=32, trace=300000, nelems=3, elem type=java.lang.Object[]@5000011c)
	[0]		500023bf
	[1]		500024db
	[2]		50002607
ARR 50002607 (sz=24, trace=300000, nelems=2, elem type=java.lang.Object[]@5000011c)
	[0]		50002510
	[1]		5000236b
ARR 50002608 (sz=32, trace=300000, nelems=3, elem type=java.lang.Object[]@5000011c)
	[0]		500023b8
	[1]		500024d5
	[2]		50002609
ARR 50002609 (sz=24, trace=300000, nelems=2, elem type=java.lang.Object[]@5000011c)
	[0]		500024f6
	[1]		500024e1
ARR 5000260a (sz=24, trace=300000, nelems=2, elem type=java.lang.Object[]@5000011c)
	[0]		500024fe
	[1]		500024ef
ARR 5000260b (sz=24, trace=300000, nelems=2, elem type=java.lang.Object[]@5000011c)
	[0]		500023ba
	[1]		500024d7
ARR 5000260c (sz=24, trace=300000, nelems=2, elem type=java.lang.Object[]@5000011c)
	[0]		500024fa
	[1]		500024e5
ARR 5000260d (sz=24, trace=300000, nelems=2, elem type=java.lang.Object[]@5000011c)
	[0]		50002505
	[1]		500024f1
ARR 5000260e (sz=24, trace=300000, nelems=2, elem type=java.lang.Object[]@5000011c)
	[0]		500024f4
	[1]		5000235b
ARR 5000260f (sz=24, trace=300000, nelems=2, elem type=java.lang.Object[]@5000011c)
	[0]		500024ff
	[1]		50002364
ARR 50002610 (sz=32, trace=300000, nelems=3, elem type=java.lang.Object[]@5000011c)
	[0]		50002508
	[1]		500024eb
	[2]		50002611
ARR 50002611 (sz=24, trace=300000, nelems=2, elem type=java.lang.Object[]@5000011c)
	[0]		50002503
	[1]		50002368
ARR 50002612 (sz=24, trace=300000, nelems=2, elem type=java.lang.Object[]@5000011c)
	[0]		50002506
	[1]		500024e9
ARR 50002613 (sz=32, trace=300000, nelems=3, elem type=java.lang.Object[]@5000011c)
	[0]		50002502
	[1]		50002367
	[2]		50002614
ARR 50002614 (sz=24, trace=300000, nelems=2, elem type=java.lang.Object[]@5000011c)
	[0]		50002501
	[1]		50002366
ARR 50002615 (sz=4112, trace=300000, nelems=1016, elem type=java.lang.Object[]@5000011c)
	[1]		50002616
	[2]		50002617
	[3]		50002618
	[5]		50002619
	[6]		5000261a
	[10]		5000261b
	[19]		5000261c
	[24]		5000261d
	[25]		5000261e
	[26]		5000261f
	[28]		50002620
	[29]		50002621
	[55]		50002622
	[58]		50002623
	[86]		50002624
	[87]		50002625
	[89]		50002626
	[90]		50002627
	[92]		50002628
	[94]		50002629
	[95]		5000262a
	[96]		5000262b
	[106]		5000262c
	[121]		5000262d
	[125]		5000262e
	[134]		5000262f
	[137]		50002630
	[141]		50002631
	[143]		50002632
	[144]		50002633
	[170]		50002634
	[173]		50002635
	[177]		50002636
	[192]		50002637
	[199]		50002638
	[205]		50002639
	[211]		5000263a
	[213]		5000263b
	[216]		5000263c
	[218]		5000263d
	[219]		5000263e
	[225]		5000263f
	[244]		50002640
	[248]		50002641
	[253]		50002642
	[254]		50002643
	[259]		50002644
	[269]		50002645
	[277]		50002646
	[280]		50002647
	[283]		50002648
	[284]		50002649
	[286]		5000264a
	[287]		5000264b
	[289]		5000264c
	[291]		5000264d
	[294]		5000264e
	[296]		5000264f
	[297]		50002650
	[305]		50002651
	[307]		50002652
	[312]		50002653
	[321]		50002654
	[323]		50002655
	[324]		50002656
	[325]		50002657
	[326]		50002658
	[327]		50002659
	[328]		5000265a
	[329]		5000265b
	[331]		5000265c
	[333]		5000265d
	[334]		5000265e
	[336]		5000265f
	[339]		50002660
	[341]		50002661
	[345]		50002662
	[350]		50002663
	[353]		50002664
	[358]		50002665
	[359]		50002666
	[363]		50002667
	[364]		50002668
	[378]		50002669
	[385]		5000266a
	[391]		5000266b
	[392]		5000266c
	[405]		5000266d
	[406]		5000266e
	[408]		5000266f
	[421]		50002670
	[428]		50002671
	[429]		50002672
	[430]		50002673
	[432]		50002674
	[433]		50002675
	[436]		50002676
	[437]		50002677
	[438]		50002678
	[443]		50002679
	[456]		5000267a
	[473]		5000267b
	[479]		5000267c
	[481]		5000267d
	[484]		5000267e
	[486]		5000267f
	[487]		50002680
	[502]		50002681
	[506]		50002682
	[508]		50002683
	[511]		50002684
	[512]		50002685
	[513]		50002686
	[514]		50002687
	[516]		50002688
	[520]		50002689
	[523]		5000268a
	[524]		5000268b
	[533]		5000268c
	[537]		5000268d
	[539]		5000268e
	[543]		5000268f
	[545]		50002690
	[563]		50002691
	[572]		50002692
	[573]		50002693
	[577]		50002694
	[582]		50002695
	[583]		50002696
	[588]		50002697
	[593]		50002698
	[598]		50002699
	[609]		5000269a
	[617]		5000269b
	[618]		5000269c
	[619]		5000269d
	[620]		5000269e
	[621]		5000269f
	[624]		500026a0
	[628]		500026a1
	[632]		500026a2
	[634]		500026a3
	[635]		500026a4
	[636]		500026a5
	[654]		500026a6
	[669]		500026a7
	[670]		500026a8
	[671]		500026a9
	[676]		500026aa
	[679]		500026ab
	[686]		500026ac
	[703]		500026ad
	[710]		500026ae
	[712]		500026af
	[732]		500026b0
	[733]		500026b1
	[768]		500026b2
	[774]		500026b3
	[781]		500026b4
	[782]		500026b5
	[783]		500026b6
	[784]		500026b7
	[785]		500026b8
	[787]		500026b9
	[789]		500026ba
	[813]		500026bb
	[818]		500026bc
	[832]		500026bd
	[834]		500026be
	[835]		500026bf
	[836]		500026c0
	[837]		500026c1
	[838]		500026c2
	[840]		500026c3
	[842]		500026c4
	[843]		500026c5
	[846]		500026c6
	[849]		500026c7
	[863]		500026c8
	[881]		500026c9
	[896]		500026ca
	[909]		500026cb
	[910]		500026cc
	[911]		500026cd
	[912]		500026ce
	[925]		500026cf
	[934]		500026d0
	[937]		500026d1
	[944]		500026d2
	[957]		500026d3
	[993]		500026d4
	[1009]		500026d5
	[1015]		500026d6
ARR 50002616 (sz=24, trace=300000, nelems=2, elem type=java.lang.Object[]@5000011c)
	[0]		50002557
	[1]		500024f6
ARR 50002617 (sz=24, trace=300000, nelems=2, elem type=java.lang.Object[]@5000011c)
	[0]		50002558
	[1]		500024f4
ARR 50002618 (sz=24, trace=300000, nelems=2, elem type=java.lang.Object[]@5000011c)
	[0]		50002559
	[1]		500024f7
ARR 50002619 (sz=24, trace=300000, nelems=2, elem type=java.lang.Object[]@5000011c)
	[0]		5000255a
	[1]		500024f8
ARR 5000261a (sz=24, trace=300000, nelems=2, elem type=java.lang.Object[]@5000011c)
	[0]		5000255b
	[1]		500024fb
ARR 5000261b (sz=24, trace=300000, nelems=2, elem type=java.lang.Object[]@5000011c)
	[0]		5000255c
	[1]		500024f6
ARR 5000261c (sz=24, trace=300000, nelems=2, elem type=java.lang.Object[]@5000011c)
	[0]		50002587
	[1]		5000250e
ARR 5000261d (sz=24, trace=300000, nelems=2, elem type=java.lang.Object[]@5000011c)
	[0]		50002568
	[1]		500024fe
ARR 5000261e (sz=24, trace=300000, nelems=2, elem type=java.lang.Object[]@5000011c)
	[0]		5000257d
	[1]		500024fa
ARR 5000261f (sz=24, trace=300000, nelems=2, elem type=java.lang.Object[]@5000011c)
	[0]		50002337
	[1]		500024f7
ARR 50002620 (sz=24, trace=300000, nelems=2, elem type=java.lang.Object[]@5000011c)
	[0]		50002338
	[1]		500024f8
ARR 50002621 (sz=24, trace=300000, nelems=2, elem type=java.lang.Object[]@5000011c)
	[0]		50002339
	[1]		500024f9
ARR 50002622 (sz=24, trace=300000, nelems=2, elem type=java.lang.Object[]@5000011c)
	[0]		5000233a
	[1]		500024fb
ARR 50002623 (sz=24, trace=300000, nelems=2, elem type=java.lang.Object[]@5000011c)
	[0]		5000233b
	[1]		500024f6
ARR 50002624 (sz=32, trace=300000, nelems=3, elem type=java.lang.Object[]@5000011c)
	[0]		5000255d
	[1]		500024f9
	[2]		500026e8
ARR 50002625 (sz=24, trace=300000, nelems=2, elem type=java.lang.Object[]@5000011c)
	[0]		50002332
	[1]		500024f7
ARR 50002626 (sz=24, trace=300000, nelems=2, elem type=java.lang.Object[]@5000011c)
	[0]		50002333
	[1]		500024f8
ARR 50002627 (sz=32, trace=300000, nelems=3, elem type=java.lang.Object[]@5000011c)
	[0]		50002326
	[1]		500024fa
	[2]		500026e7
ARR 50002628 (sz=24, trace=300000, nelems=2, elem type=java.lang.Object[]@5000011c)
	[0]		50002335
	[1]		500024fa
ARR 50002629 (sz=24, trace=300000, nelems=2, elem type=java.lang.Object[]@5000011c)
	[0]		50002336
	[1]		500024fb
ARR 5000262a (sz=24, trace=300000, nelems=2, elem type=java.lang.Object[]@5000011c)
	[0]		50002575
	[1]		500024f4
ARR 5000262b (sz=24, trace=300000, nelems=2, elem type=java.lang.Object[]@5000011c)
	[0]		50002327
	[1]		500024f4
ARR 5000262c (sz=24, trace=300000, nelems=2, elem type=java.lang.Object[]@5000011c)
	[0]		500023e3
	[1]		50002505
ARR 5000262d (sz=24, trace=300000, nelems=2, elem type=java.lang.Object[]@5000011c)
	[0]		50002596
	[1]		50002501
ARR 5000262e (sz=24, trace=300000, nelems=2, elem type=java.lang.Object[]@5000011c)
	[0]		50002560
	[1]		500024fa
ARR 5000262f (sz=24, trace=300000, nelems=2, elem type=java.lang.Object[]@5000011c)
	[0]		500023d6
	[1]		500024fc
ARR 50002630 (sz=24, trace=300000, nelems=2, elem type=java.lang.Object[]@5000011c)
	[0]		500023d7
	[1]		500024fd
ARR 50002631 (sz=24, trace=300000, nelems=2, elem type=java.lang.Object[]@5000011c)
	[0]		50002390
	[1]		500024f7
ARR 50002632 (sz=24, trace=300000, nelems=2, elem type=java.lang.Object[]@5000011c)
	[0]		50002391
	[1]		500024f8
ARR 50002633 (sz=24, trace=300000, nelems=2, elem type=java.lang.Object[]@5000011c)
	[0]		50002392
	[1]		500024f9
ARR 50002634 (sz=24, trace=300000, nelems=2, elem type=java.lang.Object[]@5000011c)
	[0]		50002393
	[1]		500024fb
ARR 50002635 (sz=24, trace=300000, nelems=2, elem type=java.lang.Object[]@5000011c)
	[0]		50002394
	[1]		500024f6
ARR 50002636 (sz=24, trace=300000, nelems=2, elem type=java.lang.Object[]@5000011c)
	[0]		50002594
	[1]		50002510
ARR 50002637 (sz=24, trace=300000, nelems=2, elem type=java.lang.Object[]@5000011c)
	[0]		5000258e
	[1]		50002500
ARR 50002638 (sz=32, trace=300000, nelems=3, elem type=java.lang.Object[]@5000011c)
	[0]		500023a5
	[1]		500023b8
	[2]		500026e6
ARR 50002639 (sz=24, trace=300000, nelems=2, elem type=java.lang.Object[]@5000011c)
	[0]		50002386
	[1]		500024fa
ARR 5000263a (sz=32, trace=300000, nelems=3, elem type=java.lang.Object[]@5000011c)
	[0]		50002328
	[1]		500023bc
	[2]		500026e5
ARR 5000263b (sz=24, trace=300000, nelems=2, elem type=java.lang.Object[]@5000011c)
	[0]		50002329
	[1]		500023bd
ARR 5000263c (sz=24, trace=300000, nelems=2, elem type=java.lang.Object[]@5000011c)
	[0]		5000232a
	[1]		500023be
ARR 5000263d (sz=32, trace=300000, nelems=3, elem type=java.lang.Object[]@5000011c)
	[0]		5000232b
	[1]		500023bf
	[2]		500026e4
ARR 5000263e (sz=32, trace=300000, nelems=3, elem type=java.lang.Object[]@5000011c)
	[0]		5000232c
	[1]		500024f3
	[2]		500026e3
ARR 5000263f (sz=24, trace=300000, nelems=2, elem type=java.lang.Object[]@5000011c)
	[0]		50002552
	[1]		500024fe
ARR 50002640 (sz=24, trace=300000, nelems=2, elem type=java.lang.Object[]@5000011c)
	[0]		5000232d
	[1]		500023c0
ARR 50002641 (sz=24, trace=300000, nelems=2, elem type=java.lang.Object[]@5000011c)
	[0]		5000232e
	[1]		500023c1
ARR 50002642 (sz=24, trace=300000, nelems=2, elem type=java.lang.Object[]@5000011c)
	[0]		50002597
	[1]		50002503
ARR 50002643 (sz=24, trace=300000, nelems=2, elem type=java.lang.Object[]@5000011c)
	[0]		50002577
	[1]		500024f7
ARR 50002644 (sz=24, trace=300000, nelems=2, elem type=java.lang.Object[]@5000011c)
	[0]		50002585
	[1]		500024ff
ARR 50002645 (sz=24, trace=300000, nelems=2, elem type=java.lang.Object[]@5000011c)
	[0]		50002571
	[1]		500024f6
ARR 50002646 (sz=24, trace=300000, nelems=2, elem type=java.lang.Object[]@5000011c)
	[0]		500023e6
	[1]		5000250d
ARR 50002647 (sz=24, trace=300000, nelems=2, elem type=java.lang.Object[]@5000011c)
	[0]		50002588
	[1]		50002501
ARR 50002648 (sz=24, trace=300000, nelems=2, elem type=java.lang.Object[]@5000011c)
	[0]		5000256f
	[1]		500024f4
ARR 50002649 (sz=24, trace=300000, nelems=2, elem type=java.lang.Object[]@5000011c)
	[0]		500023cf
	[1]		500024f7
ARR 5000264a (sz=24, trace=300000, nelems=2, elem type=java.lang.Object[]@5000011c)
	[0]		500023d0
	[1]		500024f8
ARR 5000264b (sz=24, trace=300000, nelems=2, elem type=java.lang.Object[]@5000011c)
	[0]		500023d1
	[1]		500024f9
ARR 5000264c (sz=24, trace=300000, nelems=2, elem type=java.lang.Object[]@5000011c)
	[0]		500023d2
	[1]		500024fa
ARR 5000264d (sz=24, trace=300000, nelems=2, elem type=java.lang.Object[]@5000011c)
	[0]		500023d3
	[1]		500024fb
ARR 5000264e (sz=24, trace=300000, nelems=2, elem type=java.lang.Object[]@5000011c)
	[0]		500023c2
	[1]		500024f7
ARR 5000264f (sz=24, trace=300000, nelems=2, elem type=java.lang.Object[]@5000011c)
	[0]		500023c3
	[1]		500024f8
ARR 50002650 (sz=24, trace=300000, nelems=2, elem type=java.lang.Object[]@5000011c)
	[0]		500023c4
	[1]		500024f9
ARR 50002651 (sz=24, trace=300000, nelems=2, elem type=java.lang.Object[]@5000011c)
	[0]		500023d4
	[1]		500024f5
ARR 50002652 (sz=24, trace=300000, nelems=2, elem type=java.lang.Object[]@5000011c)
	[0]		50002574
	[1]		500024f6
ARR 50002653 (sz=32, trace=300000, nelems=3, elem type=java.lang.Object[]@5000011c)
	[0]		500023a9
	[1]		500024fa
	[2]		500026e2
ARR 50002654 (sz=24, trace=300000, nelems=2, elem type=java.lang.Object[]@5000011c)
	[0]		500023b4
	[1]		500024f7
ARR 50002655 (sz=32, trace=300000, nelems=3, elem type=java.lang.Object[]@5000011c)
	[0]		500023c5
	[1]		500024fb
	[2]		500026e1
ARR 50002656 (sz=24, trace=300000, nelems=2, elem type=java.lang.Object[]@5000011c)
	[0]		500023b6
	[1]		500024f9
ARR 50002657 (sz=24, trace=300000, nelems=2, elem type=java.lang.Object[]@5000011c)
	[0]		500023d8
	[1]		500024f4
ARR 50002658 (sz=32, trace=300000, nelems=3, elem type=java.lang.Object[]@5000011c)
	[0]		50002388
	[1]		500023bc
	[2]		500026df
ARR 50002659 (sz=24, trace=300000, nelems=2, elem type=java.lang.Object[]@5000011c)
	[0]		500023a7
	[1]		500024f9
ARR 5000265a (sz=32, trace=300000, nelems=3, elem type=java.lang.Object[]@5000011c)
	[0]		50002389
	[1]		500023bd
	[2]		500026de
ARR 5000265b (sz=24, trace=300000, nelems=2, elem type=java.lang.Object[]@5000011c)
	[0]		500023db
	[1]		500024fb
ARR 5000265c (sz=24, trace=300000, nelems=2, elem type=java.lang.Object[]@5000011c)
	[0]		5000238a
	[1]		500023be
ARR 5000265d (sz=32, trace=300000, nelems=3, elem type=java.lang.Object[]@5000011c)
	[0]		5000238b
	[1]		500023bf
	[2]		500026dd
ARR 5000265e (sz=32, trace=300000, nelems=3, elem type=java.lang.Object[]@5000011c)
	[0]		5000238c
	[1]		500024f3
	[2]		500026dc
ARR 5000265f (sz=24, trace=300000, nelems=2, elem type=java.lang.Object[]@5000011c)
	[0]		50002580
	[1]		500024f4
ARR 50002660 (sz=24, trace=300000, nelems=2, elem type=java.lang.Object[]@5000011c)
	[0]		500023d5
	[1]		500024fc
ARR 50002661 (sz=24, trace=300000, nelems=2, elem type=java.lang.Object[]@5000011c)
	[0]		50002325
	[1]		500023ba
ARR 50002662 (sz=24, trace=300000, nelems=2, elem type=java.lang.Object[]@5000011c)
	[0]		5000257f
	[1]		500024fb
ARR 50002663 (sz=24, trace=300000, nelems=2, elem type=java.lang.Object[]@5000011c)
	[0]		500023b7
	[1]		500024fb
ARR 50002664 (sz=24, trace=300000, nelems=2, elem type=java.lang.Object[]@5000011c)
	[0]		50002563
	[1]		500024f6
ARR 50002665 (sz=24, trace=300000, nelems=2, elem type=java.lang.Object[]@5000011c)
	[0]		500023bb
	[1]		500024fa
ARR 50002666 (sz=24, trace=300000, nelems=2, elem type=java.lang.Object[]@5000011c)
	[0]		5000238d
	[1]		500023c0
ARR 50002667 (sz=24, trace=300000, nelems=2, elem type=java.lang.Object[]@5000011c)
	[0]		5000238e
	[1]		500023c1
ARR 50002668 (sz=24, trace=300000, nelems=2, elem type=java.lang.Object[]@5000011c)
	[0]		50002565
	[1]		500024f4
ARR 50002669 (sz=24, trace=300000, nelems=2, elem type=java.lang.Object[]@5000011c)
	[0]		5000254e
	[1]		500024fe
ARR 5000266a (sz=24, trace=300000, nelems=2, elem type=java.lang.Object[]@5000011c)
	[0]		500023ad
	[1]		500024fa
ARR 5000266b (sz=24, trace=300000, nelems=2, elem type=java.lang.Object[]@5000011c)
	[0]		50002562
	[1]		500024f4
ARR 5000266c (sz=24, trace=300000, nelems=2, elem type=java.lang.Object[]@5000011c)
	[0]		5000238f
	[1]		5000250d
ARR 5000266d (sz=24, trace=300000, nelems=2, elem type=java.lang.Object[]@5000011c)
	[0]		500023c6
	[1]		500024f4
ARR 5000266e (sz=24, trace=300000, nelems=2, elem type=java.lang.Object[]@5000011c)
	[0]		500023c7
	[1]		500024f7
ARR 5000266f (sz=24, trace=300000, nelems=2, elem type=java.lang.Object[]@5000011c)
	[0]		50002323
	[1]		500023b8
ARR 50002670 (sz=24, trace=300000, nelems=2, elem type=java.lang.Object[]@5000011c)
	[0]		500024f6
	[1]		500024f6
ARR 50002671 (sz=24, trace=300000, nelems=2, elem type=java.lang.Object[]@5000011c)
	[0]		50002582
	[1]		500024f6
ARR 50002672 (sz=24, trace=300000, nelems=2, elem type=java.lang.Object[]@5000011c)
	[0]		500023dc
	[1]		500024f4
ARR 50002673 (sz=24, trace=300000, nelems=2, elem type=java.lang.Object[]@5000011c)
	[0]		500023dd
	[1]		500024f7
ARR 50002674 (sz=24, trace=300000, nelems=2, elem type=java.lang.Object[]@5000011c)
	[0]		500023de
	[1]		500024f8
ARR 50002675 (sz=24, trace=300000, nelems=2, elem type=java.lang.Object[]@5000011c)
	[0]		500023df
	[1]		500024fb
ARR 50002676 (sz=24, trace=300000, nelems=2, elem type=java.lang.Object[]@5000011c)
	[0]		500023c8
	[1]		500024f8
ARR 50002677 (sz=24, trace=300000, nelems=2, elem type=java.lang.Object[]@5000011c)
	[0]		50002583
	[1]		500024f6
ARR 50002678 (sz=24, trace=300000, nelems=2, elem type=java.lang.Object[]@5000011c)
	[0]		5000254f
	[1]		500024fe
ARR 50002679 (sz=24, trace=300000, nelems=2, elem type=java.lang.Object[]@5000011c)
	[0]		50002589
	[1]		5000250f
ARR 5000267a (sz=24, trace=300000, nelems=2, elem type=java.lang.Object[]@5000011c)
	[0]		50002385
	[1]		500023ba
ARR 5000267b (sz=24, trace=300000, nelems=2, elem type=java.lang.Object[]@5000011c)
	[0]		500023c9
	[1]		500024fa
ARR 5000267c (sz=24, trace=300000, nelems=2, elem type=java.lang.Object[]@5000011c)
	[0]		500023bc
	[1]		500023bc
ARR 5000267d (sz=24, trace=300000, nelems=2, elem type=java.lang.Object[]@5000011c)
	[0]		500023bd
	[1]		500023bd
ARR 5000267e (sz=24, trace=300000, nelems=2, elem type=java.lang.Object[]@5000011c)
	[0]		500023be
	[1]		500023be
ARR 5000267f (sz=24, trace=300000, nelems=2, elem type=java.lang.Object[]@5000011c)
	[0]		500023bf
	[1]		500023bf
ARR 50002680 (sz=24, trace=300000, nelems=2, elem type=java.lang.Object[]@5000011c)
	[0]		500023b9
	[1]		5000250c
ARR 50002681 (sz=24, trace=300000, nelems=2, elem type=java.lang.Object[]@5000011c)
	[0]		5000258f
	[1]		50002501
ARR 50002682 (sz=24, trace=300000, nelems=2, elem type=java.lang.Object[]@5000011c)
	[0]		500023ae
	[1]		500023bc
ARR 50002683 (sz=24, trace=300000, nelems=2, elem type=java.lang.Object[]@5000011c)
	[0]		500023af
	[1]		500023bd
ARR 50002684 (sz=24, trace=300000, nelems=2, elem type=java.lang.Object[]@5000011c)
	[0]		500023b0
	[1]		500023be
ARR 50002685 (sz=24, trace=300000, nelems=2, elem type=java.lang.Object[]@5000011c)
	[0]		500023c0
	[1]		500023c0
ARR 50002686 (sz=24, trace=300000, nelems=2, elem type=java.lang.Object[]@5000011c)
	[0]		500023b1
	[1]		500023bf
ARR 50002687 (sz=24, trace=300000, nelems=2, elem type=java.lang.Object[]@5000011c)
	[0]		500023ab
	[1]		5000250c
ARR 50002688 (sz=24, trace=300000, nelems=2, elem type=java.lang.Object[]@5000011c)
	[0]		500023c1
	[1]		500023c1
ARR 50002689 (sz=24, trace=300000, nelems=2, elem type=java.lang.Object[]@5000011c)
	[0]		50002586
	[1]		50002500
ARR 5000268a (sz=24, trace=300000, nelems=2, elem type=java.lang.Object[]@5000011c)
	[0]		5000237d
	[1]		500023b8
ARR 5000268b (sz=24, trace=300000, nelems=2, elem type=java.lang.Object[]@5000011c)
	[0]		500023e4
	[1]		500024ff
ARR 5000268c (sz=24, trace=300000, nelems=2, elem type=java.lang.Object[]@5000011c)
	[0]		500023ca
	[1]		500024f9
ARR 5000268d (sz=24, trace=300000, nelems=2, elem type=java.lang.Object[]@5000011c)
	[0]		500023cb
	[1]		500024fb
ARR 5000268e (sz=24, trace=300000, nelems=2, elem type=java.lang.Object[]@5000011c)
	[0]		500023b2
	[1]		500023c0
ARR 5000268f (sz=24, trace=300000, nelems=2, elem type=java.lang.Object[]@5000011c)
	[0]		500023b3
	[1]		500023c1
ARR 50002690 (sz=24, trace=300000, nelems=2, elem type=java.lang.Object[]@5000011c)
	[0]		500023e8
	[1]		5000250d
ARR 50002691 (sz=24, trace=300000, nelems=2, elem type=java.lang.Object[]@5000011c)
	[0]		50002598
	[1]		50002504
ARR 50002692 (sz=24, trace=300000, nelems=2, elem type=java.lang.Object[]@5000011c)
	[0]		500023e7
	[1]		5000250d
ARR 50002693 (sz=24, trace=300000, nelems=2, elem type=java.lang.Object[]@5000011c)
	[0]		50002579
	[1]		500024f8
ARR 50002694 (sz=24, trace=300000, nelems=2, elem type=java.lang.Object[]@5000011c)
	[0]		50002310
	[1]		500024fe
ARR 50002695 (sz=24, trace=300000, nelems=2, elem type=java.lang.Object[]@5000011c)
	[0]		5000258b
	[1]		50002502
ARR 50002696 (sz=24, trace=300000, nelems=2, elem type=java.lang.Object[]@5000011c)
	[0]		50002584
	[1]		500024f3
ARR 50002697 (sz=24, trace=300000, nelems=2, elem type=java.lang.Object[]@5000011c)
	[0]		50002561
	[1]		500024fa
ARR 50002698 (sz=24, trace=300000, nelems=2, elem type=java.lang.Object[]@5000011c)
	[0]		5000255e
	[1]		500024fa
ARR 50002699 (sz=24, trace=300000, nelems=2, elem type=java.lang.Object[]@5000011c)
	[0]		50002554
	[1]		500023bf
ARR 5000269a (sz=24, trace=300000, nelems=2, elem type=java.lang.Object[]@5000011c)
	[0]		500023ba
	[1]		500023ba
ARR 5000269b (sz=24, trace=300000, nelems=2, elem type=java.lang.Object[]@5000011c)
	[0]		50002377
	[1]		50002506
ARR 5000269c (sz=24, trace=300000, nelems=2, elem type=java.lang.Object[]@5000011c)
	[0]		50002378
	[1]		50002507
ARR 5000269d (sz=24, trace=300000, nelems=2, elem type=java.lang.Object[]@5000011c)
	[0]		50002379
	[1]		50002508
ARR 5000269e (sz=24, trace=300000, nelems=2, elem type=java.lang.Object[]@5000011c)
	[0]		5000237a
	[1]		50002509
ARR 5000269f (sz=24, trace=300000, nelems=2, elem type=java.lang.Object[]@5000011c)
	[0]		5000237b
	[1]		5000250a
ARR 500026a0 (sz=32, trace=300000, nelems=3, elem type=java.lang.Object[]@5000011c)
	[0]		50002555
	[1]		500023c0
	[2]		500026db
ARR 500026a1 (sz=32, trace=300000, nelems=3, elem type=java.lang.Object[]@5000011c)
	[0]		50002556
	[1]		500023c1
	[2]		500026da
ARR 500026a2 (sz=24, trace=300000, nelems=2, elem type=java.lang.Object[]@5000011c)
	[0]		500023ce
	[1]		500024f5
ARR 500026a3 (sz=32, trace=300000, nelems=3, elem type=java.lang.Object[]@5000011c)
	[0]		50002570
	[1]		500024f6
	[2]		500026d9
ARR 500026a4 (sz=24, trace=300000, nelems=2, elem type=java.lang.Object[]@5000011c)
	[0]		50002592
	[1]		5000250f
ARR 500026a5 (sz=24, trace=300000, nelems=2, elem type=java.lang.Object[]@5000011c)
	[0]		500023ac
	[1]		500023ba
ARR 500026a6 (sz=24, trace=300000, nelems=2, elem type=java.lang.Object[]@5000011c)
	[0]		50002376
	[1]		500024f3
ARR 500026a7 (sz=24, trace=300000, nelems=2, elem type=java.lang.Object[]@5000011c)
	[0]		50002330
	[1]		500024f5
ARR 500026a8 (sz=24, trace=300000, nelems=2, elem type=java.lang.Object[]@5000011c)
	[0]		5000230c
	[1]		500024fe
ARR 500026a9 (sz=24, trace=300000, nelems=2, elem type=java.lang.Object[]@5000011c)
	[0]		50002331
	[1]		500024f6
ARR 500026aa (sz=24, trace=300000, nelems=2, elem type=java.lang.Object[]@5000011c)
	[0]		500023b8
	[1]		500023b8
ARR 500026ab (sz=24, trace=300000, nelems=2, elem type=java.lang.Object[]@5000011c)
	[0]		5000230e
	[1]		500024fe
ARR 500026ac (sz=24, trace=300000, nelems=2, elem type=java.lang.Object[]@5000011c)
	[0]		50002567
	[1]		50002500
ARR 500026ad (sz=24, trace=300000, nelems=2, elem type=java.lang.Object[]@5000011c)
	[0]		500023aa
	[1]		500023b8
ARR 500026ae (sz=24, trace=300000, nelems=2, elem type=java.lang.Object[]@5000011c)
	[0]		5000256a
	[1]		500024f5
ARR 500026af (sz=24, trace=300000, nelems=2, elem type=java.lang.Object[]@5000011c)
	[0]		5000256b
	[1]		500024f6
ARR 500026b0 (sz=24, trace=300000, nelems=2, elem type=java.lang.Object[]@5000011c)
	[0]		5000257b
	[1]		500024f9
ARR 500026b1 (sz=24, trace=300000, nelems=2, elem type=java.lang.Object[]@5000011c)
	[0]		500023e2
	[1]		500024ff
ARR 500026b2 (sz=24, trace=300000, nelems=2, elem type=java.lang.Object[]@5000011c)
	[0]		500023a8
	[1]		500024fa
ARR 500026b3 (sz=24, trace=300000, nelems=2, elem type=java.lang.Object[]@5000011c)
	[0]		50002314
	[1]		500024fe
ARR 500026b4 (sz=24, trace=300000, nelems=2, elem type=java.lang.Object[]@5000011c)
	[0]		50002569
	[1]		500024f4
ARR 500026b5 (sz=24, trace=300000, nelems=2, elem type=java.lang.Object[]@5000011c)
	[0]		5000256c
	[1]		500024f7
ARR 500026b6 (sz=24, trace=300000, nelems=2, elem type=java.lang.Object[]@5000011c)
	[0]		500023a2
	[1]		500024fc
ARR 500026b7 (sz=24, trace=300000, nelems=2, elem type=java.lang.Object[]@5000011c)
	[0]		500023cc
	[1]		500024f8
ARR 500026b8 (sz=24, trace=300000, nelems=2, elem type=java.lang.Object[]@5000011c)
	[0]		5000256d
	[1]		500024f9
ARR 500026b9 (sz=24, trace=300000, nelems=2, elem type=java.lang.Object[]@5000011c)
	[0]		500023cd
	[1]		500024fa
ARR 500026ba (sz=24, trace=300000, nelems=2, elem type=java.lang.Object[]@5000011c)
	[0]		5000256e
	[1]		500024fb
ARR 500026bb (sz=24, trace=300000, nelems=2, elem type=java.lang.Object[]@5000011c)
	[0]		50002375
	[1]		500024f3
ARR 500026bc (sz=24, trace=300000, nelems=2, elem type=java.lang.Object[]@5000011c)
	[0]		500023a4
	[1]		500023c0
ARR 500026bd (sz=24, trace=300000, nelems=2, elem type=java.lang.Object[]@5000011c)
	[0]		50002564
	[1]		500024fe
ARR 500026be (sz=24, trace=300000, nelems=2, elem type=java.lang.Object[]@5000011c)
	[0]		50002573
	[1]		500024f4
ARR 500026bf (sz=32, trace=300000, nelems=3, elem type=java.lang.Object[]@5000011c)
	[0]		50002576
	[1]		500024f7
	[2]		500026d8
ARR 500026c0 (sz=24, trace=300000, nelems=2, elem type=java.lang.Object[]@5000011c)
	[0]		500023e1
	[1]		500024fa
ARR 500026c1 (sz=24, trace=300000, nelems=2, elem type=java.lang.Object[]@5000011c)
	[0]		50002578
	[1]		500024f8
ARR 500026c2 (sz=24, trace=300000, nelems=2, elem type=java.lang.Object[]@5000011c)
	[0]		5000257a
	[1]		500024f9
ARR 500026c3 (sz=32, trace=300000, nelems=3, elem type=java.lang.Object[]@5000011c)
	[0]		5000255f
	[1]		500023bd
	[2]		500026d7
ARR 500026c4 (sz=24, trace=300000, nelems=2, elem type=java.lang.Object[]@5000011c)
	[0]		5000257e
	[1]		500024fb
ARR 500026c5 (sz=24, trace=300000, nelems=2, elem type=java.lang.Object[]@5000011c)
	[0]		500023a6
	[1]		500023be
ARR 500026c6 (sz=24, trace=300000, nelems=2, elem type=java.lang.Object[]@5000011c)
	[0]		500023e5
	[1]		500023b8
ARR 500026c7 (sz=24, trace=300000, nelems=2, elem type=java.lang.Object[]@5000011c)
	[0]		50002550
	[1]		500024fe
ARR 500026c8 (sz=24, trace=300000, nelems=2, elem type=java.lang.Object[]@5000011c)
	[0]		50002553
	[1]		500024f2
ARR 500026c9 (sz=24, trace=300000, nelems=2, elem type=java.lang.Object[]@5000011c)
	[0]		5000258c
	[1]		50002505
ARR 500026ca (sz=24, trace=300000, nelems=2, elem type=java.lang.Object[]@5000011c)
	[0]		50002312
	[1]		500024fe
ARR 500026cb (sz=24, trace=300000, nelems=2, elem type=java.lang.Object[]@5000011c)
	[0]		5000237e
	[1]		50002506
ARR 500026cc (sz=24, trace=300000, nelems=2, elem type=java.lang.Object[]@5000011c)
	[0]		5000237f
	[1]		50002507
ARR 500026cd (sz=24, trace=300000, nelems=2, elem type=java.lang.Object[]@5000011c)
	[0]		50002380
	[1]		50002508
ARR 500026ce (sz=24, trace=300000, nelems=2, elem type=java.lang.Object[]@5000011c)
	[0]		50002381
	[1]		50002509
ARR 500026cf (sz=24, trace=300000, nelems=2, elem type=java.lang.Object[]@5000011c)
	[0]		50002572
	[1]		500024fe
ARR 500026d0 (sz=24, trace=300000, nelems=2, elem type=java.lang.Object[]@5000011c)
	[0]		50002382
	[1]		5000250a
ARR 500026d1 (sz=24, trace=300000, nelems=2, elem type=java.lang.Object[]@5000011c)
	[0]		50002383
	[1]		5000250b
ARR 500026d2 (sz=24, trace=300000, nelems=2, elem type=java.lang.Object[]@5000011c)
	[0]		50002593
	[1]		50002504
ARR 500026d3 (sz=24, trace=300000, nelems=2, elem type=java.lang.Object[]@5000011c)
	[0]		5000258d
	[1]		500024ff
ARR 500026d4 (sz=24, trace=300000, nelems=2, elem type=java.lang.Object[]@5000011c)
	[0]		500023a3
	[1]		500023bc
ARR 500026d5 (sz=24, trace=300000, nelems=2, elem type=java.lang.Object[]@5000011c)
	[0]		5000258a
	[1]		50002510
ARR 500026d6 (sz=24, trace=300000, nelems=2, elem type=java.lang.Object[]@5000011c)
	[0]		50002590
	[1]		50002502
ARR 500026d7 (sz=24, trace=300000, nelems=2, elem type=java.lang.Object[]@5000011c)
	[0]		5000257c
	[1]		500024fa
ARR 500026d8 (sz=24, trace=300000, nelems=2, elem type=java.lang.Object[]@5000011c)
	[0]		50002595
	[1]		50002500
ARR 500026d9 (sz=24, trace=300000, nelems=2, elem type=java.lang.Object[]@5000011c)
	[0]		50002591
	[1]		50002503
ARR 500026da (sz=24, trace=300000, nelems=2, elem type=java.lang.Object[]@5000011c)
	[0]		50002551
	[1]		500024f2
ARR 500026db (sz=24, trace=300000, nelems=2, elem type=java.lang.Object[]@5000011c)
	[0]		5000237c
	[1]		5000250b
ARR 500026dc (sz=24, trace=300000, nelems=2, elem type=java.lang.Object[]@5000011c)
	[0]		50002384
	[1]		5000250c
ARR 500026dd (sz=24, trace=300000, nelems=2, elem type=java.lang.Object[]@5000011c)
	[0]		50002581
	[1]		500024f6
ARR 500026de (sz=24, trace=300000, nelems=2, elem type=java.lang.Object[]@5000011c)
	[0]		500023da
	[1]		500024f8
ARR 500026df (sz=32, trace=300000, nelems=3, elem type=java.lang.Object[]@5000011c)
	[0]		50002566
	[1]		500024f6
	[2]		500026e0
ARR 500026e0 (sz=24, trace=300000, nelems=2, elem type=java.lang.Object[]@5000011c)
	[0]		500023d9
	[1]		500024f7
ARR 500026e1 (sz=24, trace=300000, nelems=2, elem type=java.lang.Object[]@5000011c)
	[0]		500023b5
	[1]		500024f8
ARR 500026e2 (sz=24, trace=300000, nelems=2, elem type=java.lang.Object[]@5000011c)
	[0]		50002311
	[1]		500024fe
ARR 500026e3 (sz=24, trace=300000, nelems=2, elem type=java.lang.Object[]@5000011c)
	[0]		50002324
	[1]		5000250c
ARR 500026e4 (sz=24, trace=300000, nelems=2, elem type=java.lang.Object[]@5000011c)
	[0]		50002307
	[1]		500024fe
ARR 500026e5 (sz=24, trace=300000, nelems=2, elem type=java.lang.Object[]@5000011c)
	[0]		50002387
	[1]		500024f4
ARR 500026e6 (sz=24, trace=300000, nelems=2, elem type=java.lang.Object[]@5000011c)
	[0]		50002374
	[1]		50002507
ARR 500026e7 (sz=24, trace=300000, nelems=2, elem type=java.lang.Object[]@5000011c)
	[0]		50002334
	[1]		500024f9
ARR 500026e8 (sz=24, trace=300000, nelems=2, elem type=java.lang.Object[]@5000011c)
	[0]		5000232f
	[1]		500024f4
ARR 500026e9 (sz=144, trace=300000, nelems=32, elem type=java.lang.Object[]@5000011c)
	[0]		500026ea
	[2]		500026eb
	[3]		500026ec
	[4]		500026ed
	[5]		500026ee
	[6]		500026ef
	[7]		500026f0
	[8]		500026f1
	[9]		500026f2
	[10]		500026f3
	[11]		500026f4
	[12]		500026f5
	[14]		500026f6
	[15]		500026f7
	[16]		500026f8
	[17]		500026f9
	[18]		500026fa
	[19]		500026fb
	[22]		500026fc
	[23]		500026fd
	[24]		500026fe
	[28]		500026ff
	[29]		50002700
	[31]		50002701
ARR 500026ea (sz=24, trace=300000, nelems=1, elem type=java.lang.Object[]@5000011c)
	[0]		500023c0
ARR 500026eb (sz=32, trace=300000, nelems=3, elem type=java.lang.Object[]@5000011c)
	[0]		500023c1
	[2]		50002736
ARR 500026ec (sz=32, trace=300000, nelems=3, elem type=java.lang.Object[]@5000011c)
	[0]		50002507
	[2]		50002735
ARR 500026ed (sz=32, trace=300000, nelems=3, elem type=java.lang.Object[]@5000011c)
	[0]		50002509
	[2]		50002733
ARR 500026ee (sz=32, trace=300000, nelems=3, elem type=java.lang.Object[]@5000011c)
	[0]		5000250a
	[2]		50002731
ARR 500026ef (sz=24, trace=300000, nelems=1, elem type=java.lang.Object[]@5000011c)
	[0]		5000250b
ARR 500026f0 (sz=24, trace=300000, nelems=2, elem type=java.lang.Object[]@5000011c)
	[0]		50002500
	[1]		50000af1
ARR 500026f1 (sz=32, trace=300000, nelems=3, elem type=java.lang.Object[]@5000011c)
	[0]		500024f7
	[2]		5000272e
ARR 500026f2 (sz=32, trace=300000, nelems=3, elem type=java.lang.Object[]@5000011c)
	[0]		500024f8
	[2]		50002709
ARR 500026f3 (sz=24, trace=300000, nelems=1, elem type=java.lang.Object[]@5000011c)
	[0]		500024f9
ARR 500026f4 (sz=32, trace=300000, nelems=3, elem type=java.lang.Object[]@5000011c)
	[0]		5000250d
	[2]		50002708
ARR 500026f5 (sz=24, trace=300000, nelems=1, elem type=java.lang.Object[]@5000011c)
	[0]		500024fb
ARR 500026f6 (sz=24, trace=300000, nelems=1, elem type=java.lang.Object[]@5000011c)
	[0]		5000250c
ARR 500026f7 (sz=24, trace=300000, nelems=1, elem type=java.lang.Object[]@5000011c)
	[0]		500023bc
ARR 500026f8 (sz=32, trace=300000, nelems=3, elem type=java.lang.Object[]@5000011c)
	[0]		500023bd
	[2]		50002707
ARR 500026f9 (sz=32, trace=300000, nelems=3, elem type=java.lang.Object[]@5000011c)
	[0]		500024f5
	[2]		50002706
ARR 500026fa (sz=32, trace=300000, nelems=3, elem type=java.lang.Object[]@5000011c)
	[0]		500023be
	[2]		50002704
ARR 500026fb (sz=32, trace=300000, nelems=3, elem type=java.lang.Object[]@5000011c)
	[0]		500024f3
	[2]		50002702
ARR 500026fc (sz=24, trace=300000, nelems=1, elem type=java.lang.Object[]@5000011c)
	[0]		5000250e
ARR 500026fd (sz=24, trace=300000, nelems=1, elem type=java.lang.Object[]@5000011c)
	[0]		500024f2
ARR 500026fe (sz=24, trace=300000, nelems=1, elem type=java.lang.Object[]@5000011c)
	[0]		5000250f
ARR 500026ff (sz=24, trace=300000, nelems=1, elem type=java.lang.Object[]@5000011c)
	[0]		500024fc
ARR 50002700 (sz=24, trace=300000, nelems=1, elem type=java.lang.Object[]@5000011c)
	[0]		500024fd
ARR 50002701 (sz=24, trace=300000, nelems=1, elem type=java.lang.Object[]@5000011c)
	[0]		50002504
ARR 50002702 (sz=32, trace=300000, nelems=3, elem type=java.lang.Object[]@5000011c)
	[0]		500023bf
	[2]		50002703
ARR 50002703 (sz=24, trace=300000, nelems=1, elem type=java.lang.Object[]@5000011c)
	[0]		50002510
ARR 50002704 (sz=32, trace=300000, nelems=3, elem type=java.lang.Object[]@5000011c)
	[0]		500023b8
	[2]		50002705
ARR 50002705 (sz=24, trace=300000, nelems=1, elem type=java.lang.Object[]@5000011c)
	[0]		500024f6
ARR 50002706 (sz=24, trace=300000, nelems=2, elem type=java.lang.Object[]@5000011c)
	[0]		500024fe
	[1]		50000ac9
ARR 50002707 (sz=24, trace=300000, nelems=1, elem type=java.lang.Object[]@5000011c)
	[0]		500023ba
ARR 50002708 (sz=24, trace=300000, nelems=1, elem type=java.lang.Object[]@5000011c)
	[0]		500024fa
ARR 50002709 (sz=24, trace=300000, nelems=2, elem type=java.lang.Object[]@5000011c)
	[0]		50002505
	[1]		500003aa
ARR 5000270a (sz=10, trace=300000, nelems=5, elem type=char[])
OBJ 5000270b (sz=24, trace=300000, class=java.lang.String@50000181)
	value		50002712
OBJ 5000270c (sz=24, trace=300000, class=java.lang.String@50000181)
	value		50002711
OBJ 5000270d (sz=24, trace=300000, class=java.lang.String@50000181)
	value		50002710
OBJ 5000270e (sz=24, trace=300000, class=java.lang.String@50000181)
	value		50002713
ARR 5000270f (sz=32, trace=300000, nelems=4, elem type=java.lang.String[]@500000db)
	[0]		5000270e
	[1]		5000270b
	[2]		5000270c
	[3]		5000270d
ARR 50002710 (sz=14, trace=300000, nelems=7, elem type=char[])
ARR 50002711 (sz=20, trace=300000, nelems=10, elem type=char[])
ARR 50002712 (sz=12, trace=300000, nelems=6, elem type=char[])
ARR 50002713 (sz=10, trace=300000, nelems=5, elem type=char[])
OBJ 50002714 (sz=24, trace=300000, class=java.lang.String@50000181)
	value		5000271a
OBJ 50002715 (sz=24, trace=300000, class=java.lang.String@50000181)
	value		5000271b
OBJ 50002716 (sz=24, trace=300000, class=java.lang.String@50000181)
	value		5000271c
OBJ 50002717 (sz=16, trace=300000, class=java.nio.charset.CodingErrorAction@50000095)
	name		50002716
OBJ 50002718 (sz=16, trace=300000, class=java.nio.charset.CodingErrorAction@50000095)
	name		50002715
OBJ 50002719 (sz=16, trace=300000, class=java.nio.charset.CodingErrorAction@50000095)
	name		50002714
ARR 5000271a (sz=12, trace=300000, nelems=6, elem type=char[])
ARR 5000271b (sz=14, trace=300000, nelems=7, elem type=char[])
ARR 5000271c (sz=12, trace=300000, nelems=6, elem type=char[])
OBJ 5000271d (sz=24, trace=300000, class=java.lang.String@50000181)
	value		50002727
OBJ 5000271e (sz=24, trace=300000, class=java.lang.String@50000181)
	value		50002728
OBJ 5000271f (sz=24, trace=300000, class=java.lang.String@50000181)
	value		50002729
OBJ 50002720 (sz=24, trace=300000, class=java.lang.String@50000181)
	value		50002726
OBJ 50002721 (sz=16, trace=300000, class=java.nio.charset.CoderResult$2@50000066)
OBJ 50002722 (sz=16, trace=300000, class=java.nio.charset.CoderResult$1@50000067)
OBJ 50002723 (sz=24, trace=300000, class=java.nio.charset.CoderResult@50000069)
OBJ 50002724 (sz=24, trace=300000, class=java.nio.charset.CoderResult@50000069)
ARR 50002725 (sz=32, trace=300000, nelems=4, elem type=java.lang.String[]@500000db)
	[0]		5000271f
	[1]		5000271e
	[2]		5000271d
	[3]		50002720
ARR 50002726 (sz=20, trace=300000, nelems=10, elem type=char[])
ARR 50002727 (sz=18, trace=300000, nelems=9, elem type=char[])
ARR 50002728 (sz=16, trace=300000, nelems=8, elem type=char[])
ARR 50002729 (sz=18, trace=300000, nelems=9, elem type=char[])
OBJ 5000272a (sz=24, trace=300000, class=java.lang.String@50000181)
	value		5000272c
ARR 5000272b (sz=32, trace=300000, nelems=4, elem type=java.lang.String[]@500000db)
	[0]		5000270e
	[1]		5000270b
	[2]		5000270c
	[3]		5000270d
ARR 5000272c (sz=2, trace=300000, nelems=1, elem type=char[])
ARR 5000272d (sz=6, trace=300000, nelems=3, elem type=char[])
ARR 5000272e (sz=24, trace=300000, nelems=2, elem type=java.lang.Object[]@5000011c)
	[0]		500024f4
	[1]		50000adb
ARR 5000272f (sz=20, trace=300000, nelems=10, elem type=char[])
ARR 50002730 (sz=16, trace=300000, nelems=8, elem type=char[])
ARR 50002731 (sz=24, trace=300000, nelems=2, elem type=java.lang.Object[]@5000011c)
	[0]		500024ff
	[1]		50000b15
ARR 50002732 (sz=12, trace=300000, nelems=6, elem type=char[])
ARR 50002733 (sz=32, trace=300000, nelems=3, elem type=java.lang.Object[]@5000011c)
	[0]		50002508
	[2]		50002734
ARR 50002734 (sz=24, trace=300000, nelems=1, elem type=java.lang.Object[]@5000011c)
	[0]		50002503
ARR 50002735 (sz=24, trace=300000, nelems=1, elem type=java.lang.Object[]@5000011c)
	[0]		50002506
ARR 50002736 (sz=32, trace=300000, nelems=3, elem type=java.lang.Object[]@5000011c)
	[0]		50002502
	[2]		50002737
ARR 50002737 (sz=24, trace=300000, nelems=2, elem type=java.lang.Object[]@5000011c)
	[0]		50002501
	[1]		50000b03
ARR 50002738 (sz=16, trace=300000, nelems=8, elem type=char[])
ARR 50002739 (sz=20, trace=300000, nelems=10, elem type=char[])
ARR 5000273a (sz=24, trace=300000, nelems=2, elem type=java.lang.String[]@500000db)
	[0]		5000273d
	[1]		5000273e
OBJ 5000273b (sz=24, trace=300000, class=java.lang.String@50000181)
	value		5000273c
ARR 5000273c (sz=6, trace=300000, nelems=3, elem type=char[])
OBJ 5000273d (sz=24, trace=300000, class=java.lang.String@50000181)
	value		50002740
OBJ 5000273e (sz=24, trace=300000, class=java.lang.String@50000181)
	value		5000273f
ARR 5000273f (sz=10, trace=300000, nelems=5, elem type=char[])
ARR 50002740 (sz=22, trace=300000, nelems=11, elem type=char[])
OBJ 50002741 (sz=24, trace=300000, class=java.lang.String@50000181)
	value		500027c5
OBJ 50002742 (sz=24, trace=300000, class=java.lang.String@50000181)
	value		5000281c
OBJ 50002743 (sz=24, trace=300000, class=java.lang.String@50000181)
	value		5000281b
OBJ 50002744 (sz=24, trace=300000, class=java.lang.String@50000181)
	value		50002843
OBJ 50002745 (sz=24, trace=300000, class=java.lang.String@50000181)
	value		50002842
OBJ 50002746 (sz=24, trace=300000, class=java.lang.String@50000181)
	value		50002841
OBJ 50002747 (sz=24, trace=300000, class=java.lang.String@50000181)
	value		50002840
OBJ 50002748 (sz=24, trace=300000, class=java.lang.String@50000181)
	value		5000283f
OBJ 50002749 (sz=24, trace=300000, class=java.lang.String@50000181)
	value		5000283e
OBJ 5000274a (sz=24, trace=300000, class=java.lang.String@50000181)
	value		5000283d
OBJ 5000274b (sz=24, trace=300000, class=java.lang.String@50000181)
	value		5000283c
OBJ 5000274c (sz=24, trace=300000, class=java.lang.String@50000181)
	value		5000283b
OBJ 5000274d (sz=24, trace=300000, class=java.lang.String@50000181)
	value		5000283a
OBJ 5000274e (sz=24, trace=300000, class=java.lang.String@50000181)
	value		50002839
OBJ 5000274f (sz=24, trace=300000, class=java.lang.String@50000181)
	value		50002838
OBJ 50002750 (sz=24, trace=300000, class=java.lang.String@50000181)
	value		50002837
OBJ 50002751 (sz=24, trace=300000, class=java.lang.String@50000181)
	value		50002836
OBJ 50002752 (sz=24, trace=300000, class=java.lang.String@50000181)
	value		50002835
OBJ 50002753 (sz=24, trace=300000, class=java.lang.String@50000181)
	value		50002834
OBJ 50002754 (sz=24, trace=300000, class=java.lang.String@50000181)
	value		50002833
OBJ 50002755 (sz=24, trace=300000, class=java.lang.String@50000181)
	value		50002832
OBJ 50002756 (sz=24, trace=300000, class=java.lang.String@50000181)
	value		50002831
OBJ 50002757 (sz=24, trace=300000, class=java.lang.String@50000181)
	value		50002830
OBJ 50002758 (sz=24, trace=300000, class=java.lang.String@50000181)
	value		5000282f
OBJ 50002759 (sz=24, trace=300000, class=java.lang.String@50000181)
	value		5000282e
OBJ 5000275a (sz=24, trace=300000, class=java.lang.String@50000181)
	value		5000282d
OBJ 5000275b (sz=24, trace=300000, class=java.lang.String@50000181)
	value		5000282c
OBJ 5000275c (sz=24, trace=300000, class=java.lang.String@50000181)
	value		5000282b
OBJ 5000275d (sz=24, trace=300000, class=java.lang.String@50000181)
	value		5000282a
OBJ 5000275e (sz=24, trace=300000, class=java.lang.String@50000181)
	value		50002829
OBJ 5000275f (sz=24, trace=300000, class=java.lang.String@50000181)
	value		50002828
OBJ 50002760 (sz=24, trace=300000, class=java.lang.String@50000181)
	value		50002827
OBJ 50002761 (sz=24, trace=300000, class=java.lang.String@50000181)
	value		50002826
OBJ 50002762 (sz=24, trace=300000, class=java.lang.String@50000181)
	value		50002825
OBJ 50002763 (sz=24, trace=300000, class=java.lang.String@50000181)
	value		50002824
OBJ 50002764 (sz=24, trace=300000, class=java.lang.String@50000181)
	value		5000281a
OBJ 50002765 (sz=24, trace=300000, class=java.lang.String@50000181)
	value		50002819
OBJ 50002766 (sz=24, trace=300000, class=java.lang.String@50000181)
	value		50002818
OBJ 50002767 (sz=24, trace=300000, class=java.lang.String@50000181)
	value		50002817
OBJ 50002768 (sz=24, trace=300000, class=java.lang.String@50000181)
	value		50002816
OBJ 50002769 (sz=24, trace=300000, class=java.lang.String@50000181)
	value		50002815
OBJ 5000276a (sz=24, trace=300000, class=java.lang.String@50000181)
	value		50002814
OBJ 5000276b (sz=24, trace=300000, class=java.lang.String@50000181)
	value		50002813
OBJ 5000276c (sz=24, trace=300000, class=java.lang.String@50000181)
	value		50002812
OBJ 5000276d (sz=24, trace=300000, class=java.lang.String@50000181)
	value		50002811
OBJ 5000276e (sz=24, trace=300000, class=java.lang.String@50000181)
	value		50002810
OBJ 5000276f (sz=24, trace=300000, class=java.lang.String@50000181)
	value		5000280f
OBJ 50002770 (sz=24, trace=300000, class=java.lang.String@50000181)
	value		5000280e
OBJ 50002771 (sz=24, trace=300000, class=java.lang.String@50000181)
	value		5000280d
OBJ 50002772 (sz=24, trace=300000, class=java.lang.String@50000181)
	value		5000280c
OBJ 50002773 (sz=24, trace=300000, class=java.lang.String@50000181)
	value		5000280b
OBJ 50002774 (sz=24, trace=300000, class=java.lang.String@50000181)
	value		5000280a
OBJ 50002775 (sz=24, trace=300000, class=java.lang.String@50000181)
	value		50002809
OBJ 50002776 (sz=24, trace=300000, class=java.lang.String@50000181)
	value		50002808
OBJ 50002777 (sz=24, trace=300000, class=java.lang.String@50000181)
	value		50002807
OBJ 50002778 (sz=24, trace=300000, class=java.lang.String@50000181)
	value		50002806
OBJ 50002779 (sz=24, trace=300000, class=java.lang.String@50000181)
	value		50002805
OBJ 5000277a (sz=24, trace=300000, class=java.lang.String@50000181)
	value		50002804
OBJ 5000277b (sz=24, trace=300000, class=java.lang.String@50000181)
	value		50002803
OBJ 5000277c (sz=24, trace=300000, class=java.lang.String@50000181)
	value		50002802
OBJ 5000277d (sz=24, trace=300000, class=java.lang.String@50000181)
	value		50002801
OBJ 5000277e (sz=24, trace=300000, class=java.lang.String@50000181)
	value		50002800
OBJ 5000277f (sz=24, trace=300000, class=java.lang.String@50000181)
	value		500027ff
OBJ 50002780 (sz=24, trace=300000, class=java.lang.String@50000181)
	value		500027fe
OBJ 50002781 (sz=24, trace=300000, class=java.lang.String@50000181)
	value		500027fd
OBJ 50002782 (sz=24, trace=300000, class=java.lang.String@50000181)
	value		500027fc
OBJ 50002783 (sz=24, trace=300000, class=java.lang.String@50000181)
	value		500027fb
OBJ 50002784 (sz=24, trace=300000, class=java.lang.String@50000181)
	value		500027fa
OBJ 50002785 (sz=24, trace=300000, class=java.lang.String@50000181)
	value		500027f9
OBJ 50002786 (sz=24, trace=300000, class=java.lang.String@50000181)
	value		500027f8
OBJ 50002787 (sz=24, trace=300000, class=java.lang.String@50000181)
	value		500027f7
OBJ 50002788 (sz=24, trace=300000, class=java.lang.String@50000181)
	value		500027f6
OBJ 50002789 (sz=24, trace=300000, class=java.lang.String@50000181)
	value		500027f5
OBJ 5000278a (sz=24, trace=300000, class=java.lang.String@50000181)
	value		500027f4
OBJ 5000278b (sz=24, trace=300000, class=java.lang.String@50000181)
	value		500027f3
OBJ 5000278c (sz=24, trace=300000, class=java.lang.String@50000181)
	value		500027f2
OBJ 5000278d (sz=24, trace=300000, class=java.lang.String@50000181)
	value		500027f1
OBJ 5000278e (sz=24, trace=300000, class=java.lang.String@50000181)
	value		500027f0
OBJ 5000278f (sz=24, trace=300000, class=java.lang.String@50000181)
	value		500027ef
OBJ 50002790 (sz=24, trace=300000, class=java.lang.String@50000181)
	value		500027ee
OBJ 50002791 (sz=24, trace=300000, class=java.lang.String@50000181)
	value		500027ed
OBJ 50002792 (sz=24, trace=300000, class=java.lang.String@50000181)
	value		500027ec
OBJ 50002793 (sz=24, trace=300000, class=java.lang.String@50000181)
	value		500027eb
OBJ 50002794 (sz=24, trace=300000, class=java.lang.String@50000181)
	value		500027ea
OBJ 50002795 (sz=24, trace=300000, class=java.lang.String@50000181)
	value		500027e9
OBJ 50002796 (sz=24, trace=300000, class=java.lang.String@50000181)
	value		500027e8
OBJ 50002797 (sz=24, trace=300000, class=java.lang.String@50000181)
	value		500027e7
OBJ 50002798 (sz=24, trace=300000, class=java.lang.String@50000181)
	value		500027e6
OBJ 50002799 (sz=24, trace=300000, class=java.lang.String@50000181)
	value		500027e5
OBJ 5000279a (sz=24, trace=300000, class=java.lang.String@50000181)
	value		500027e4
OBJ 5000279b (sz=24, trace=300000, class=java.lang.String@50000181)
	value		500027e3
OBJ 5000279c (sz=24, trace=300000, class=java.lang.String@50000181)
	value		500027e2
OBJ 5000279d (sz=24, trace=300000, class=java.lang.String@50000181)
	value		500027e1
OBJ 5000279e (sz=24, trace=300000, class=java.lang.String@50000181)
	value		500027e0
OBJ 5000279f (sz=24, trace=300000, class=java.lang.String@50000181)
	value		500027df
OBJ 500027a0 (sz=24, trace=300000, class=java.lang.String@50000181)
	value		500027de
OBJ 500027a1 (sz=24, trace=300000, class=java.lang.String@50000181)
	value		500027dd
OBJ 500027a2 (sz=24, trace=300000, class=java.lang.String@50000181)
	value		500027dc
OBJ 500027a3 (sz=24, trace=300000, class=java.lang.String@50000181)
	value		500027db
OBJ 500027a4 (sz=24, trace=300000, class=java.lang.String@50000181)
	value		500027da
OBJ 500027a5 (sz=24, trace=300000, class=java.lang.String@50000181)
	value		500027d9
OBJ 500027a6 (sz=24, trace=300000, class=java.lang.String@50000181)
	value		500027d8
OBJ 500027a7 (sz=24, trace=300000, class=java.lang.String@50000181)
	value		500027d7
OBJ 500027a8 (sz=24, trace=300000, class=java.lang.String@50000181)
	value		500027d6
OBJ 500027a9 (sz=24, trace=300000, class=java.lang.String@50000181)
	value		500027d5
OBJ 500027aa (sz=24, trace=300000, class=java.lang.String@50000181)
	value		500027d4
OBJ 500027ab (sz=24, trace=300000, class=java.lang.String@50000181)
	value		500027d3
OBJ 500027ac (sz=24, trace=300000, class=java.lang.String@50000181)
	value		500027d2
OBJ 500027ad (sz=24, trace=300000, class=java.lang.String@50000181)
	value		500027d1
OBJ 500027ae (sz=24, trace=300000, class=java.lang.String@50000181)
	value		500027d0
OBJ 500027af (sz=24, trace=300000, class=java.lang.String@50000181)
	value		500027cf
OBJ 500027b0 (sz=24, trace=300000, class=java.lang.String@50000181)
	value		500027ce
OBJ 500027b1 (sz=24, trace=300000, class=java.lang.String@50000181)
	value		500027cd
OBJ 500027b2 (sz=24, trace=300000, class=java.lang.String@50000181)
	value		500027cc
OBJ 500027b3 (sz=24, trace=300000, class=java.lang.String@50000181)
	value		500027cb
OBJ 500027b4 (sz=24, trace=300000, class=java.lang.String@50000181)
	value		500027ca
OBJ 500027b5 (sz=24, trace=300000, class=java.lang.String@50000181)
	value		500027c9
OBJ 500027b6 (sz=24, trace=300000, class=java.lang.String@50000181)
	value		500027c8
OBJ 500027b7 (sz=24, trace=300000, class=java.lang.String@50000181)
	value		500027c7
OBJ 500027b8 (sz=24, trace=300000, class=java.lang.String@50000181)
	value		50002823
OBJ 500027b9 (sz=24, trace=300000, class=java.lang.String@50000181)
	value		50002822
OBJ 500027ba (sz=24, trace=300000, class=java.lang.String@50000181)
	value		50002821
OBJ 500027bb (sz=24, trace=300000, class=java.lang.String@50000181)
	value		50002820
OBJ 500027bc (sz=24, trace=300000, class=java.lang.String@50000181)
	value		5000281f
OBJ 500027bd (sz=24, trace=300000, class=java.lang.String@50000181)
	value		5000281e
OBJ 500027be (sz=24, trace=300000, class=java.lang.String@50000181)
	value		5000281d
OBJ 500027bf (sz=24, trace=300000, class=java.lang.String@50000181)
	value		500027c6
ARR 500027c0 (sz=512, trace=300000, nelems=256, elem type=char[])
ARR 500027c1 (sz=57344, trace=300000, nelems=28672, elem type=char[])
ARR 500027c2 (sz=512, trace=300000, nelems=256, elem type=char[])
ARR 500027c3 (sz=1040, trace=300000, nelems=256, elem type=char[][]@500000a2)
	[0]		50002844
	[1]		50002844
	[2]		50002844
	[3]		50002844
	[4]		50002844
	[5]		50002844
	[6]		50002844
	[7]		50002844
	[8]		50002844
	[9]		50002844
	[10]		50002844
	[11]		50002844
	[12]		50002844
	[13]		50002844
	[14]		50002844
	[15]		50002844
	[16]		50002844
	[17]		50002844
	[18]		50002844
	[19]		50002844
	[20]		50002844
	[21]		50002844
	[22]		50002844
	[23]		50002844
	[24]		50002844
	[25]		50002844
	[26]		50002844
	[27]		50002844
	[28]		50002844
	[29]		50002844
	[30]		50002844
	[31]		50002844
	[32]		50002844
	[33]		50002844
	[34]		50002844
	[35]		50002844
	[36]		50002844
	[37]		50002844
	[38]		50002844
	[39]		50002844
	[40]		50002844
	[41]		50002844
	[42]		50002844
	[43]		50002844
	[44]		50002844
	[45]		50002844
	[46]		50002844
	[47]		50002844
	[48]		50002844
	[49]		50002844
	[50]		50002844
	[51]		50002844
	[52]		50002844
	[53]		50002844
	[54]		50002844
	[55]		50002844
	[56]		50002844
	[57]		50002844
	[58]		50002844
	[59]		50002844
	[60]		50002844
	[61]		50002844
	[62]		50002844
	[63]		50002844
	[64]		50002844
	[65]		50002844
	[66]		50002844
	[67]		50002844
	[68]		50002844
	[69]		50002844
	[70]		50002844
	[71]		50002844
	[72]		50002844
	[73]		50002844
	[74]		50002844
	[75]		50002844
	[76]		50002844
	[77]		50002844
	[78]		50002844
	[79]		50002844
	[80]		50002844
	[81]		50002844
	[82]		50002844
	[83]		50002844
	[84]		50002844
	[85]		50002844
	[86]		50002844
	[87]		50002844
	[88]		50002844
	[89]		50002844
	[90]		50002844
	[91]		50002844
	[92]		50002844
	[93]		50002844
	[94]		50002844
	[95]		50002844
	[96]		50002844
	[97]		50002844
	[98]		50002844
	[99]		50002844
	[100]		50002844
	[101]		50002844
	[102]		50002844
	[103]		50002844
	[104]		50002844
	[105]		50002844
	[106]		50002844
	[107]		50002844
	[108]		50002844
	[109]		50002844
	[110]		50002844
	[111]		50002844
	[112]		50002844
	[113]		50002844
	[114]		50002844
	[115]		50002844
	[116]		50002844
	[117]		50002844
	[118]		50002844
	[119]		50002844
	[120]		50002844
	[121]		50002844
	[122]		50002844
	[123]		50002844
	[124]		50002844
	[125]		50002844
	[126]		50002844
	[127]		50002844
	[128]		50002844
	[129]		50002845
	[130]		50002846
	[131]		50002847
	[132]		50002848
	[133]		50002849
	[134]		5000284a
	[135]		5000284b
	[136]		5000284c
	[137]		5000284d
	[138]		5000284e
	[139]		5000284f
	[140]		50002850
	[141]		50002851
	[142]		50002852
	[143]		50002853
	[144]		50002854
	[145]		50002855
	[146]		50002856
	[147]		50002857
	[148]		50002858
	[149]		50002859
	[150]		5000285a
	[151]		5000285b
	[152]		5000285c
	[153]		5000285d
	[154]		5000285e
	[155]		5000285f
	[156]		50002860
	[157]		50002861
	[158]		50002862
	[159]		50002863
	[160]		50002864
	[161]		50002865
	[162]		50002866
	[163]		50002867
	[164]		50002868
	[165]		50002869
	[166]		5000286a
	[167]		5000286b
	[168]		5000286c
	[169]		5000286d
	[170]		5000286e
	[171]		5000286f
	[172]		50002870
	[173]		50002871
	[174]		50002872
	[175]		50002873
	[176]		50002874
	[177]		50002875
	[178]		50002876
	[179]		50002877
	[180]		50002878
	[181]		50002879
	[182]		5000287a
	[183]		5000287b
	[184]		5000287c
	[185]		5000287d
	[186]		5000287e
	[187]		5000287f
	[188]		50002880
	[189]		50002881
	[190]		50002882
	[191]		50002883
	[192]		50002884
	[193]		50002885
	[194]		50002886
	[195]		50002887
	[196]		50002888
	[197]		50002889
	[198]		5000288a
	[199]		5000288b
	[200]		5000288c
	[201]		5000288d
	[202]		5000288e
	[203]		5000288f
	[204]		50002890
	[205]		50002891
	[206]		50002892
	[207]		50002893
	[208]		50002894
	[209]		50002895
	[210]		50002896
	[211]		50002897
	[212]		50002898
	[213]		50002899
	[214]		5000289a
	[215]		5000289b
	[216]		5000289c
	[217]		5000289d
	[218]		5000289e
	[219]		5000289f
	[220]		500028a0
	[221]		500028a1
	[222]		500028a2
	[223]		500028a3
	[224]		500028a4
	[225]		500028a5
	[226]		500028a6
	[227]		500028a7
	[228]		500028a8
	[229]		500028a9
	[230]		500028aa
	[231]		500028ab
	[232]		500028ac
	[233]		500028ad
	[234]		500028ae
	[235]		500028af
	[236]		500028b0
	[237]		500028b1
	[238]		500028b2
	[239]		500028b3
	[240]		500028b4
	[241]		500028b5
	[242]		500028b6
	[243]		500028b7
	[244]		500028b8
	[245]		500028b9
	[246]		500028ba
	[247]		500028bb
	[248]		500028bc
	[249]		500028bd
	[250]		500028be
	[251]		500028bf
	[252]		500028c0
	[253]		500028c1
	[254]		500028c2
	[255]		50002844
ARR 500027c4 (sz=1040, trace=300000, nelems=255, elem type=java.lang.String[]@500000db)
	[129]		50002744
	[130]		50002745
	[131]		50002746
	[132]		50002747
	[133]		50002748
	[134]		50002749
	[135]		5000274a
	[136]		5000274b
	[137]		5000274c
	[138]		5000274d
	[139]		5000274e
	[140]		5000274f
	[141]		50002750
	[142]		50002751
	[143]		50002752
	[144]		50002753
	[145]		50002754
	[146]		50002755
	[147]		50002756
	[148]		50002757
	[149]		50002758
	[150]		50002759
	[151]		5000275a
	[152]		5000275b
	[153]		5000275c
	[154]		5000275d
	[155]		5000275e
	[156]		5000275f
	[157]		50002760
	[158]		50002761
	[159]		50002762
	[160]		50002763
	[161]		500027b8
	[162]		500027b9
	[163]		500027ba
	[164]		500027bb
	[165]		500027bc
	[166]		500027bd
	[167]		500027be
	[168]		50002742
	[169]		50002743
	[170]		50002764
	[171]		50002765
	[172]		50002766
	[173]		50002767
	[174]		50002768
	[175]		50002769
	[176]		5000276a
	[177]		5000276b
	[178]		5000276c
	[179]		5000276d
	[180]		5000276e
	[181]		5000276f
	[182]		50002770
	[183]		50002771
	[184]		50002772
	[185]		50002773
	[186]		50002774
	[187]		50002775
	[188]		50002776
	[189]		50002777
	[190]		50002778
	[191]		50002779
	[192]		5000277a
	[193]		5000277b
	[194]		5000277c
	[195]		5000277d
	[196]		5000277e
	[197]		5000277f
	[198]		50002780
	[199]		50002781
	[200]		50002782
	[201]		50002783
	[202]		50002784
	[203]		50002785
	[204]		50002786
	[205]		50002787
	[206]		50002788
	[207]		50002789
	[208]		5000278a
	[209]		5000278b
	[210]		5000278c
	[211]		5000278d
	[212]		5000278e
	[213]		5000278f
	[214]		50002790
	[215]		50002791
	[216]		50002792
	[217]		50002793
	[218]		50002794
	[219]		50002795
	[220]		50002796
	[221]		50002797
	[222]		50002798
	[223]		50002799
	[224]		5000279a
	[225]		5000279b
	[226]		5000279c
	[227]		5000279d
	[228]		5000279e
	[229]		5000279f
	[230]		500027a0
	[231]		500027a1
	[232]		500027a2
	[233]		500027a3
	[234]		500027a4
	[235]		500027a5
	[236]		500027a6
	[237]		500027a7
	[238]		500027a8
	[239]		500027a9
	[240]		500027aa
	[241]		500027ab
	[242]		500027ac
	[243]		500027ad
	[244]		500027ae
	[245]		500027af
	[246]		500027b0
	[247]		500027b1
	[248]		500027b2
	[249]		500027b3
	[250]		500027b4
	[251]		500027b5
	[252]		500027b6
	[253]		500027b7
	[254]		500027bf
ARR 500027c5 (sz=512, trace=300000, nelems=256, elem type=char[])
ARR 500027c6 (sz=382, trace=300000, nelems=191, elem type=char[])
ARR 500027c7 (sz=382, trace=300000, nelems=191, elem type=char[])
ARR 500027c8 (sz=382, trace=300000, nelems=191, elem type=char[])
ARR 500027c9 (sz=382, trace=300000, nelems=191, elem type=char[])
ARR 500027ca (sz=382, trace=300000, nelems=191, elem type=char[])
ARR 500027cb (sz=382, trace=300000, nelems=191, elem type=char[])
ARR 500027cc (sz=382, trace=300000, nelems=191, elem type=char[])
ARR 500027cd (sz=382, trace=300000, nelems=191, elem type=char[])
ARR 500027ce (sz=382, trace=300000, nelems=191, elem type=char[])
ARR 500027cf (sz=382, trace=300000, nelems=191, elem type=char[])
ARR 500027d0 (sz=382, trace=300000, nelems=191, elem type=char[])
ARR 500027d1 (sz=382, trace=300000, nelems=191, elem type=char[])
ARR 500027d2 (sz=382, trace=300000, nelems=191, elem type=char[])
ARR 500027d3 (sz=382, trace=300000, nelems=191, elem type=char[])
ARR 500027d4 (sz=382, trace=300000, nelems=191, elem type=char[])
ARR 500027d5 (sz=382, trace=300000, nelems=191, elem type=char[])
ARR 500027d6 (sz=382, trace=300000, nelems=191, elem type=char[])
ARR 500027d7 (sz=382, trace=300000, nelems=191, elem type=char[])
ARR 500027d8 (sz=382, trace=300000, nelems=191, elem type=char[])
ARR 500027d9 (sz=382, trace=300000, nelems=191, elem type=char[])
ARR 500027da (sz=382, trace=300000, nelems=191, elem type=char[])
ARR 500027db (sz=382, trace=300000, nelems=191, elem type=char[])
ARR 500027dc (sz=382, trace=300000, nelems=191, elem type=char[])
ARR 500027dd (sz=382, trace=300000, nelems=191, elem type=char[])
ARR 500027de (sz=382, trace=300000, nelems=191, elem type=char[])
ARR 500027df (sz=382, trace=300000, nelems=191, elem type=char[])
ARR 500027e0 (sz=382, trace=300000, nelems=191, elem type=char[])
ARR 500027e1 (sz=382, trace=300000, nelems=191, elem type=char[])
ARR 500027e2 (sz=382, trace=300000, nelems=191, elem type=char[])
ARR 500027e3 (sz=382, trace=300000, nelems=191, elem type=char[])
ARR 500027e4 (sz=382, trace=300000, nelems=191, elem type=char[])
ARR 500027e5 (sz=382, trace=300000, nelems=191, elem type=char[])
ARR 500027e6 (sz=382, trace=300000, nelems=191, elem type=char[])
ARR 500027e7 (sz=382, trace=300000, nelems=191, elem type=char[])
ARR 500027e8 (sz=382, trace=300000, nelems=191, elem type=char[])
ARR 500027e9 (sz=382, trace=300000, nelems=191, elem type=char[])
ARR 500027ea (sz=382, trace=300000, nelems=191, elem type=char[])
ARR 500027eb (sz=382, trace=300000, nelems=191, elem type=char[])
ARR 500027ec (sz=382, trace=300000, nelems=191, elem type=char[])
ARR 500027ed (sz=382, trace=300000, nelems=191, elem type=char[])
ARR 500027ee (sz=382, trace=300000, nelems=191, elem type=char[])
ARR 500027ef (sz=382, trace=300000, nelems=191, elem type=char[])
ARR 500027f0 (sz=382, trace=300000, nelems=191, elem type=char[])
ARR 500027f1 (sz=382, trace=300000, nelems=191, elem type=char[])
ARR 500027f2 (sz=382, trace=300000, nelems=191, elem type=char[])
ARR 500027f3 (sz=382, trace=300000, nelems=191, elem type=char[])
ARR 500027f4 (sz=382, trace=300000, nelems=191, elem type=char[])
ARR 500027f5 (sz=382, trace=300000, nelems=191, elem type=char[])
ARR 500027f6 (sz=382, trace=300000, nelems=191, elem type=char[])
ARR 500027f7 (sz=382, trace=300000, nelems=191, elem type=char[])
ARR 500027f8 (sz=382, trace=300000, nelems=191, elem type=char[])
ARR 500027f9 (sz=382, trace=300000, nelems=191, elem type=char[])
ARR 500027fa (sz=382, trace=300000, nelems=191, elem type=char[])
ARR 500027fb (sz=382, trace=300000, nelems=191, elem type=char[])
ARR 500027fc (sz=382, trace=300000, nelems=191, elem type=char[])
ARR 500027fd (sz=382, trace=300000, nelems=191, elem type=char[])
ARR 500027fe (sz=382, trace=300000, nelems=191, elem type=char[])
ARR 500027ff (sz=382, trace=300000, nelems=191, elem type=char[])
ARR 50002800 (sz=382, trace=300000, nelems=191, elem type=char[])
ARR 50002801 (sz=382, trace=300000, nelems=191, elem type=char[])
ARR 50002802 (sz=382, trace=300000, nelems=191, elem type=char[])
ARR 50002803 (sz=382, trace=300000, nelems=191, elem type=char[])
ARR 50002804 (sz=382, trace=300000, nelems=191, elem type=char[])
ARR 50002805 (sz=382, trace=300000, nelems=191, elem type=char[])
ARR 50002806 (sz=382, trace=300000, nelems=191, elem type=char[])
ARR 50002807 (sz=382, trace=300000, nelems=191, elem type=char[])
ARR 50002808 (sz=382, trace=300000, nelems=191, elem type=char[])
ARR 50002809 (sz=382, trace=300000, nelems=191, elem type=char[])
ARR 5000280a (sz=382, trace=300000, nelems=191, elem type=char[])
ARR 5000280b (sz=382, trace=300000, nelems=191, elem type=char[])
ARR 5000280c (sz=382, trace=300000, nelems=191, elem type=char[])
ARR 5000280d (sz=382, trace=300000, nelems=191, elem type=char[])
ARR 5000280e (sz=382, trace=300000, nelems=191, elem type=char[])
ARR 5000280f (sz=382, trace=300000, nelems=191, elem type=char[])
ARR 50002810 (sz=382, trace=300000, nelems=191, elem type=char[])
ARR 50002811 (sz=382, trace=300000, nelems=191, elem type=char[])
ARR 50002812 (sz=382, trace=300000, nelems=191, elem type=char[])
ARR 50002813 (sz=382, trace=300000, nelems=191, elem type=char[])
ARR 50002814 (sz=382, trace=300000, nelems=191, elem type=char[])
ARR 50002815 (sz=382, trace=300000, nelems=191, elem type=char[])
ARR 50002816 (sz=382, trace=300000, nelems=191, elem type=char[])
ARR 50002817 (sz=382, trace=300000, nelems=191, elem type=char[])
ARR 50002818 (sz=382, trace=300000, nelems=191, elem type=char[])
ARR 50002819 (sz=382, trace=300000, nelems=191, elem type=char[])
ARR 5000281a (sz=382, trace=300000, nelems=191, elem type=char[])
ARR 5000281b (sz=382, trace=300000, nelems=191, elem type=char[])
ARR 5000281c (sz=382, trace=300000, nelems=191, elem type=char[])
ARR 5000281d (sz=382, trace=300000, nelems=191, elem type=char[])
ARR 5000281e (sz=382, trace=300000, nelems=191, elem type=char[])
ARR 5000281f (sz=382, trace=300000, nelems=191, elem type=char[])
ARR 50002820 (sz=382, trace=300000, nelems=191, elem type=char[])
ARR 50002821 (sz=382, trace=300000, nelems=191, elem type=char[])
ARR 50002822 (sz=382, trace=300000, nelems=191, elem type=char[])
ARR 50002823 (sz=382, trace=300000, nelems=191, elem type=char[])
ARR 50002824 (sz=382, trace=300000, nelems=191, elem type=char[])
ARR 50002825 (sz=382, trace=300000, nelems=191, elem type=char[])
ARR 50002826 (sz=382, trace=300000, nelems=191, elem type=char[])
ARR 50002827 (sz=382, trace=300000, nelems=191, elem type=char[])
ARR 50002828 (sz=382, trace=300000, nelems=191, elem type=char[])
ARR 50002829 (sz=382, trace=300000, nelems=191, elem type=char[])
ARR 5000282a (sz=382, trace=300000, nelems=191, elem type=char[])
ARR 5000282b (sz=382, trace=300000, nelems=191, elem type=char[])
ARR 5000282c (sz=382, trace=300000, nelems=191, elem type=char[])
ARR 5000282d (sz=382, trace=300000, nelems=191, elem type=char[])
ARR 5000282e (sz=382, trace=300000, nelems=191, elem type=char[])
ARR 5000282f (sz=382, trace=300000, nelems=191, elem type=char[])
ARR 50002830 (sz=382, trace=300000, nelems=191, elem type=char[])
ARR 50002831 (sz=382, trace=300000, nelems=191, elem type=char[])
ARR 50002832 (sz=382, trace=300000, nelems=191, elem type=char[])
ARR 50002833 (sz=382, trace=300000, nelems=191, elem type=char[])
ARR 50002834 (sz=382, trace=300000, nelems=191, elem type=char[])
ARR 50002835 (sz=382, trace=300000, nelems=191, elem type=char[])
ARR 50002836 (sz=382, trace=300000, nelems=191, elem type=char[])
ARR 50002837 (sz=382, trace=300000, nelems=191, elem type=char[])
ARR 50002838 (sz=382, trace=300000, nelems=191, elem type=char[])
ARR 50002839 (sz=382, trace=300000, nelems=191, elem type=char[])
ARR 5000283a (sz=382, trace=300000, nelems=191, elem type=char[])
ARR 5000283b (sz=382, trace=300000, nelems=191, elem type=char[])
ARR 5000283c (sz=382, trace=300000, nelems=191, elem type=char[])
ARR 5000283d (sz=382, trace=300000, nelems=191, elem type=char[])
ARR 5000283e (sz=382, trace=300000, nelems=191, elem type=char[])
ARR 5000283f (sz=382, trace=300000, nelems=191, elem type=char[])
ARR 50002840 (sz=382, trace=300000, nelems=191, elem type=char[])
ARR 50002841 (sz=382, trace=300000, nelems=191, elem type=char[])
ARR 50002842 (sz=382, trace=300000, nelems=191, elem type=char[])
ARR 50002843 (sz=382, trace=300000, nelems=191, elem type=char[])
ARR 50002844 (sz=512, trace=300000, nelems=256, elem type=char[])
ARR 50002845 (sz=382, trace=300000, nelems=191, elem type=char[])
ARR 50002846 (sz=382, trace=300000, nelems=191, elem type=char[])
ARR 50002847 (sz=382, trace=300000, nelems=191, elem type=char[])
ARR 50002848 (sz=382, trace=300000, nelems=191, elem type=char[])
ARR 50002849 (sz=382, trace=300000, nelems=191, elem type=char[])
ARR 5000284a (sz=382, trace=300000, nelems=191, elem type=char[])
ARR 5000284b (sz=382, trace=300000, nelems=191, elem type=char[])
ARR 5000284c (sz=382, trace=300000, nelems=191, elem type=char[])
ARR 5000284d (sz=382, trace=300000, nelems=191, elem type=char[])
ARR 5000284e (sz=382, trace=300000, nelems=191, elem type=char[])
ARR 5000284f (sz=382, trace=300000, nelems=191, elem type=char[])
ARR 50002850 (sz=382, trace=300000, nelems=191, elem type=char[])
ARR 50002851 (sz=382, trace=300000, nelems=191, elem type=char[])
ARR 50002852 (sz=382, trace=300000, nelems=191, elem type=char[])
ARR 50002853 (sz=382, trace=300000, nelems=191, elem type=char[])
ARR 50002854 (sz=382, trace=300000, nelems=191, elem type=char[])
ARR 50002855 (sz=382, trace=300000, nelems=191, elem type=char[])
ARR 50002856 (sz=382, trace=300000, nelems=191, elem type=char[])
ARR 50002857 (sz=382, trace=300000, nelems=191, elem type=char[])
ARR 50002858 (sz=382, trace=300000, nelems=191, elem type=char[])
ARR 50002859 (sz=382, trace=300000, nelems=191, elem type=char[])
ARR 5000285a (sz=382, trace=300000, nelems=191, elem type=char[])
ARR 5000285b (sz=382, trace=300000, nelems=191, elem type=char[])
ARR 5000285c (sz=382, trace=300000, nelems=191, elem type=char[])
ARR 5000285d (sz=382, trace=300000, nelems=191, elem type=char[])
ARR 5000285e (sz=382, trace=300000, nelems=191, elem type=char[])
ARR 5000285f (sz=382, trace=300000, nelems=191, elem type=char[])
ARR 50002860 (sz=382, trace=300000, nelems=191, elem type=char[])
ARR 50002861 (sz=382, trace=300000, nelems=191, elem type=char[])
ARR 50002862 (sz=382, trace=300000, nelems=191, elem type=char[])
ARR 50002863 (sz=382, trace=300000, nelems=191, elem type=char[])
ARR 50002864 (sz=382, trace=300000, nelems=191, elem type=char[])
ARR 50002865 (sz=382, trace=300000, nelems=191, elem type=char[])
ARR 50002866 (sz=382, trace=300000, nelems=191, elem type=char[])
ARR 50002867 (sz=382, trace=300000, nelems=191, elem type=char[])
ARR 50002868 (sz=382, trace=300000, nelems=191, elem type=char[])
ARR 50002869 (sz=382, trace=300000, nelems=191, elem type=char[])
ARR 5000286a (sz=382, trace=300000, nelems=191, elem type=char[])
ARR 5000286b (sz=382, trace=300000, nelems=191, elem type=char[])
ARR 5000286c (sz=382, trace=300000, nelems=191, elem type=char[])
ARR 5000286d (sz=382, trace=300000, nelems=191, elem type=char[])
ARR 5000286e (sz=382, trace=300000, nelems=191, elem type=char[])
ARR 5000286f (sz=382, trace=300000, nelems=191, elem type=char[])
ARR 50002870 (sz=382, trace=300000, nelems=191, elem type=char[])
ARR 50002871 (sz=382, trace=300000, nelems=191, elem type=char[])
ARR 50002872 (sz=382, trace=300000, nelems=191, elem type=char[])
ARR 50002873 (sz=382, trace=300000, nelems=191, elem type=char[])
ARR 50002874 (sz=382, trace=300000, nelems=191, elem type=char[])
ARR 50002875 (sz=382, trace=300000, nelems=191, elem type=char[])
ARR 50002876 (sz=382, trace=300000, nelems=191, elem type=char[])
ARR 50002877 (sz=382, trace=300000, nelems=191, elem type=char[])
ARR 50002878 (sz=382, trace=300000, nelems=191, elem type=char[])
ARR 50002879 (sz=382, trace=300000, nelems=191, elem type=char[])
ARR 5000287a (sz=382, trace=300000, nelems=191, elem type=char[])
ARR 5000287b (sz=382, trace=300000, nelems=191, elem type=char[])
ARR 5000287c (sz=382, trace=300000, nelems=191, elem type=char[])
ARR 5000287d (sz=382, trace=300000, nelems=191, elem type=char[])
ARR 5000287e (sz=382, trace=300000, nelems=191, elem type=char[])
ARR 5000287f (sz=382, trace=300000, nelems=191, elem type=char[])
ARR 50002880 (sz=382, trace=300000, nelems=191, elem type=char[])
ARR 50002881 (sz=382, trace=300000, nelems=191, elem type=char[])
ARR 50002882 (sz=382, trace=300000, nelems=191, elem type=char[])
ARR 50002883 (sz=382, trace=300000, nelems=191, elem type=char[])
ARR 50002884 (sz=382, trace=300000, nelems=191, elem type=char[])
ARR 50002885 (sz=382, trace=300000, nelems=191, elem type=char[])
ARR 50002886 (sz=382, trace=300000, nelems=191, elem type=char[])
ARR 50002887 (sz=382, trace=300000, nelems=191, elem type=char[])
ARR 50002888 (sz=382, trace=300000, nelems=191, elem type=char[])
ARR 50002889 (sz=382, trace=300000, nelems=191, elem type=char[])
ARR 5000288a (sz=382, trace=300000, nelems=191, elem type=char[])
ARR 5000288b (sz=382, trace=300000, nelems=191, elem type=char[])
ARR 5000288c (sz=382, trace=300000, nelems=191, elem type=char[])
ARR 5000288d (sz=382, trace=300000, nelems=191, elem type=char[])
ARR 5000288e (sz=382, trace=300000, nelems=191, elem type=char[])
ARR 5000288f (sz=382, trace=300000, nelems=191, elem type=char[])
ARR 50002890 (sz=382, trace=300000, nelems=191, elem type=char[])
ARR 50002891 (sz=382, trace=300000, nelems=191, elem type=char[])
ARR 50002892 (sz=382, trace=300000, nelems=191, elem type=char[])
ARR 50002893 (sz=382, trace=300000, nelems=191, elem type=char[])
ARR 50002894 (sz=382, trace=300000, nelems=191, elem type=char[])
ARR 50002895 (sz=382, trace=300000, nelems=191, elem type=char[])
ARR 50002896 (sz=382, trace=300000, nelems=191, elem type=char[])
ARR 50002897 (sz=382, trace=300000, nelems=191, elem type=char[])
ARR 50002898 (sz=382, trace=300000, nelems=191, elem type=char[])
ARR 50002899 (sz=382, trace=300000, nelems=191, elem type=char[])
ARR 5000289a (sz=382, trace=300000, nelems=191, elem type=char[])
ARR 5000289b (sz=382, trace=300000, nelems=191, elem type=char[])
ARR 5000289c (sz=382, trace=300000, nelems=191, elem type=char[])
ARR 5000289d (sz=382, trace=300000, nelems=191, elem type=char[])
ARR 5000289e (sz=382, trace=300000, nelems=191, elem type=char[])
ARR 5000289f (sz=382, trace=300000, nelems=191, elem type=char[])
ARR 500028a0 (sz=382, trace=300000, nelems=191, elem type=char[])
ARR 500028a1 (sz=382, trace=300000, nelems=191, elem type=char[])
ARR 500028a2 (sz=382, trace=300000, nelems=191, elem type=char[])
ARR 500028a3 (sz=382, trace=300000, nelems=191, elem type=char[])
ARR 500028a4 (sz=382, trace=300000, nelems=191, elem type=char[])
ARR 500028a5 (sz=382, trace=300000, nelems=191, elem type=char[])
ARR 500028a6 (sz=382, trace=300000, nelems=191, elem type=char[])
ARR 500028a7 (sz=382, trace=300000, nelems=191, elem type=char[])
ARR 500028a8 (sz=382, trace=300000, nelems=191, elem type=char[])
ARR 500028a9 (sz=382, trace=300000, nelems=191, elem type=char[])
ARR 500028aa (sz=382, trace=300000, nelems=191, elem type=char[])
ARR 500028ab (sz=382, trace=300000, nelems=191, elem type=char[])
ARR 500028ac (sz=382, trace=300000, nelems=191, elem type=char[])
ARR 500028ad (sz=382, trace=300000, nelems=191, elem type=char[])
ARR 500028ae (sz=382, trace=300000, nelems=191, elem type=char[])
ARR 500028af (sz=382, trace=300000, nelems=191, elem type=char[])
ARR 500028b0 (sz=382, trace=300000, nelems=191, elem type=char[])
ARR 500028b1 (sz=382, trace=300000, nelems=191, elem type=char[])
ARR 500028b2 (sz=382, trace=300000, nelems=191, elem type=char[])
ARR 500028b3 (sz=382, trace=300000, nelems=191, elem type=char[])
ARR 500028b4 (sz=382, trace=300000, nelems=191, elem type=char[])
ARR 500028b5 (sz=382, trace=300000, nelems=191, elem type=char[])
ARR 500028b6 (sz=382, trace=300000, nelems=191, elem type=char[])
ARR 500028b7 (sz=382, trace=300000, nelems=191, elem type=char[])
ARR 500028b8 (sz=382, trace=300000, nelems=191, elem type=char[])
ARR 500028b9 (sz=382, trace=300000, nelems=191, elem type=char[])
ARR 500028ba (sz=382, trace=300000, nelems=191, elem type=char[])
ARR 500028bb (sz=382, trace=300000, nelems=191, elem type=char[])
ARR 500028bc (sz=382, trace=300000, nelems=191, elem type=char[])
ARR 500028bd (sz=382, trace=300000, nelems=191, elem type=char[])
ARR 500028be (sz=382, trace=300000, nelems=191, elem type=char[])
ARR 500028bf (sz=382, trace=300000, nelems=191, elem type=char[])
ARR 500028c0 (sz=382, trace=300000, nelems=191, elem type=char[])
ARR 500028c1 (sz=382, trace=300000, nelems=191, elem type=char[])
ARR 500028c2 (sz=382, trace=300000, nelems=191, elem type=char[])
OBJ 500028c3 (sz=24, trace=300000, class=java.lang.String@50000181)
	value		50002d39
OBJ 500028c4 (sz=24, trace=300000, class=java.lang.String@50000181)
	value		50002d78
OBJ 500028c5 (sz=24, trace=300000, class=java.lang.String@50000181)
	value		50002d91
OBJ 500028c6 (sz=24, trace=300000, class=java.lang.String@50000181)
	value		50002d9c
OBJ 500028c7 (sz=24, trace=300000, class=java.lang.String@50000181)
	value		50002d9d
OBJ 500028c8 (sz=24, trace=300000, class=java.lang.String@50000181)
	value		50002d86
OBJ 500028c9 (sz=24, trace=300000, class=java.lang.String@50000181)
	value		50002da4
OBJ 500028ca (sz=24, trace=300000, class=java.lang.String@50000181)
	value		50002dc2
OBJ 500028cb (sz=24, trace=300000, class=java.lang.String@50000181)
	value		50002bc5
OBJ 500028cc (sz=24, trace=300000, class=java.lang.String@50000181)
	value		50002bc3
OBJ 500028cd (sz=24, trace=300000, class=java.lang.String@50000181)
	value		50002bc4
OBJ 500028ce (sz=24, trace=300000, class=java.lang.String@50000181)
	value		50002c44
OBJ 500028cf (sz=24, trace=300000, class=java.lang.String@50000181)
	value		50002bb3
OBJ 500028d0 (sz=24, trace=300000, class=java.lang.String@50000181)
	value		50002f36
OBJ 500028d1 (sz=24, trace=300000, class=java.lang.String@50000181)
	value		50002bca
OBJ 500028d2 (sz=24, trace=300000, class=java.lang.String@50000181)
	value		50002bcc
OBJ 500028d3 (sz=24, trace=300000, class=java.lang.String@50000181)
	value		50002ef7
OBJ 500028d4 (sz=24, trace=300000, class=java.lang.String@50000181)
	value		50002bcf
OBJ 500028d5 (sz=24, trace=300000, class=java.lang.String@50000181)
	value		50002bcb
OBJ 500028d6 (sz=24, trace=300000, class=java.lang.String@50000181)
	value		50002c5a
OBJ 500028d7 (sz=24, trace=300000, class=java.lang.String@50000181)
	value		50002c5c
OBJ 500028d8 (sz=24, trace=300000, class=java.lang.String@50000181)
	value		50002f41
OBJ 500028d9 (sz=24, trace=300000, class=java.lang.String@50000181)
	value		50002bcd
OBJ 500028da (sz=24, trace=300000, class=java.lang.String@50000181)
	value		50002c58
OBJ 500028db (sz=24, trace=300000, class=java.lang.String@50000181)
	value		50002f50
OBJ 500028dc (sz=24, trace=300000, class=java.lang.String@50000181)
	value		50002bc8
OBJ 500028dd (sz=24, trace=300000, class=java.lang.String@50000181)
	value		50002bce
OBJ 500028de (sz=24, trace=300000, class=java.lang.String@50000181)
	value		50002c8b
OBJ 500028df (sz=24, trace=300000, class=java.lang.String@50000181)
	value		50002cbf
OBJ 500028e0 (sz=24, trace=300000, class=java.lang.String@50000181)
	value		50002c18
OBJ 500028e1 (sz=24, trace=300000, class=java.lang.String@50000181)
	value		5000306c
OBJ 500028e2 (sz=24, trace=300000, class=java.lang.String@50000181)
	value		5000306b
OBJ 500028e3 (sz=24, trace=300000, class=java.lang.String@50000181)
	value		50002c1d
OBJ 500028e4 (sz=24, trace=300000, class=java.lang.String@50000181)
	value		50002bb6
OBJ 500028e5 (sz=24, trace=300000, class=java.lang.String@50000181)
	value		50002c27
OBJ 500028e6 (sz=24, trace=300000, class=java.lang.String@50000181)
	value		50002c25
OBJ 500028e7 (sz=24, trace=300000, class=java.lang.String@50000181)
	value		50002c2d
OBJ 500028e8 (sz=24, trace=300000, class=java.lang.String@50000181)
	value		50002c2b
OBJ 500028e9 (sz=24, trace=300000, class=java.lang.String@50000181)
	value		50003078
OBJ 500028ea (sz=24, trace=300000, class=java.lang.String@50000181)
	value		50003077
OBJ 500028eb (sz=24, trace=300000, class=java.lang.String@50000181)
	value		5000307b
OBJ 500028ec (sz=24, trace=300000, class=java.lang.String@50000181)
	value		5000308e
OBJ 500028ed (sz=24, trace=300000, class=java.lang.String@50000181)
	value		50002c19
OBJ 500028ee (sz=24, trace=300000, class=java.lang.String@50000181)
	value		50002c48
OBJ 500028ef (sz=24, trace=300000, class=java.lang.String@50000181)
	value		50002cce
OBJ 500028f0 (sz=24, trace=300000, class=java.lang.String@50000181)
	value		50002c1e
OBJ 500028f1 (sz=24, trace=300000, class=java.lang.String@50000181)
	value		50002bb7
OBJ 500028f2 (sz=24, trace=300000, class=java.lang.String@50000181)
	value		50002c28
OBJ 500028f3 (sz=24, trace=300000, class=java.lang.String@50000181)
	value		5000308d
OBJ 500028f4 (sz=24, trace=300000, class=java.lang.String@50000181)
	value		50003092
OBJ 500028f5 (sz=24, trace=300000, class=java.lang.String@50000181)
	value		50003091
OBJ 500028f6 (sz=24, trace=300000, class=java.lang.String@50000181)
	value		50003087
OBJ 500028f7 (sz=24, trace=300000, class=java.lang.String@50000181)
	value		5000309d
OBJ 500028f8 (sz=24, trace=300000, class=java.lang.String@50000181)
	value		5000309c
OBJ 500028f9 (sz=24, trace=300000, class=java.lang.String@50000181)
	value		500030a1
OBJ 500028fa (sz=24, trace=300000, class=java.lang.String@50000181)
	value		500030a0
OBJ 500028fb (sz=24, trace=300000, class=java.lang.String@50000181)
	value		500030a2
OBJ 500028fc (sz=24, trace=300000, class=java.lang.String@50000181)
	value		50002cd0
OBJ 500028fd (sz=24, trace=300000, class=java.lang.String@50000181)
	value		50002c26
OBJ 500028fe (sz=24, trace=300000, class=java.lang.String@50000181)
	value		50002c2e
OBJ 500028ff (sz=24, trace=300000, class=java.lang.String@50000181)
	value		50002c2c
OBJ 50002900 (sz=24, trace=300000, class=java.lang.String@50000181)
	value		500030a3
OBJ 50002901 (sz=24, trace=300000, class=java.lang.String@50000181)
	value		50003084
OBJ 50002902 (sz=24, trace=300000, class=java.lang.String@50000181)
	value		500030a9
OBJ 50002903 (sz=24, trace=300000, class=java.lang.String@50000181)
	value		50002cd2
OBJ 50002904 (sz=24, trace=300000, class=java.lang.String@50000181)
	value		500030a8
OBJ 50002905 (sz=24, trace=300000, class=java.lang.String@50000181)
	value		50002c2f
OBJ 50002906 (sz=24, trace=300000, class=java.lang.String@50000181)
	value		500030ab
OBJ 50002907 (sz=24, trace=300000, class=java.lang.String@50000181)
	value		50002c21
OBJ 50002908 (sz=24, trace=300000, class=java.lang.String@50000181)
	value		50002c30
OBJ 50002909 (sz=24, trace=300000, class=java.lang.String@50000181)
	value		50002ccb
OBJ 5000290a (sz=24, trace=300000, class=java.lang.String@50000181)
	value		50002c22
OBJ 5000290b (sz=24, trace=300000, class=java.lang.String@50000181)
	value		50002cc7
OBJ 5000290c (sz=24, trace=300000, class=java.lang.String@50000181)
	value		50002c40
OBJ 5000290d (sz=24, trace=300000, class=java.lang.String@50000181)
	value		50002c3e
OBJ 5000290e (sz=24, trace=300000, class=java.lang.String@50000181)
	value		50002c42
OBJ 5000290f (sz=24, trace=300000, class=java.lang.String@50000181)
	value		50002d13
OBJ 50002910 (sz=24, trace=300000, class=java.lang.String@50000181)
	value		50002d11
OBJ 50002911 (sz=24, trace=300000, class=java.lang.String@50000181)
	value		50002d0e
OBJ 50002912 (sz=24, trace=300000, class=java.lang.String@50000181)
	value		50002c34
OBJ 50002913 (sz=24, trace=300000, class=java.lang.String@50000181)
	value		500030e1
OBJ 50002914 (sz=24, trace=300000, class=java.lang.String@50000181)
	value		500030e3
OBJ 50002915 (sz=24, trace=300000, class=java.lang.String@50000181)
	value		50002cfe
OBJ 50002916 (sz=24, trace=300000, class=java.lang.String@50000181)
	value		50002d06
OBJ 50002917 (sz=24, trace=300000, class=java.lang.String@50000181)
	value		50002d19
OBJ 50002918 (sz=24, trace=300000, class=java.lang.String@50000181)
	value		50002d17
OBJ 50002919 (sz=24, trace=300000, class=java.lang.String@50000181)
	value		50002ce4
OBJ 5000291a (sz=24, trace=300000, class=java.lang.String@50000181)
	value		50002d08
OBJ 5000291b (sz=24, trace=300000, class=java.lang.String@50000181)
	value		50002d1b
OBJ 5000291c (sz=24, trace=300000, class=java.lang.String@50000181)
	value		50002d0a
OBJ 5000291d (sz=24, trace=300000, class=java.lang.String@50000181)
	value		50002c3a
OBJ 5000291e (sz=24, trace=300000, class=java.lang.String@50000181)
	value		50002d02
OBJ 5000291f (sz=24, trace=300000, class=java.lang.String@50000181)
	value		50003101
OBJ 50002920 (sz=24, trace=300000, class=java.lang.String@50000181)
	value		50002c39
OBJ 50002921 (sz=24, trace=300000, class=java.lang.String@50000181)
	value		50002c37
OBJ 50002922 (sz=24, trace=300000, class=java.lang.String@50000181)
	value		50002c38
OBJ 50002923 (sz=24, trace=300000, class=java.lang.String@50000181)
	value		50003120
OBJ 50002924 (sz=24, trace=300000, class=java.lang.String@50000181)
	value		50002dc7
OBJ 50002925 (sz=24, trace=300000, class=java.lang.String@50000181)
	value		50002dc8
OBJ 50002926 (sz=24, trace=300000, class=java.lang.String@50000181)
	value		50002db5
OBJ 50002927 (sz=24, trace=300000, class=java.lang.String@50000181)
	value		50002dcb
OBJ 50002928 (sz=24, trace=300000, class=java.lang.String@50000181)
	value		50002d26
OBJ 50002929 (sz=24, trace=300000, class=java.lang.String@50000181)
	value		50002dd9
OBJ 5000292a (sz=24, trace=300000, class=java.lang.String@50000181)
	value		50002dd8
OBJ 5000292b (sz=24, trace=300000, class=java.lang.String@50000181)
	value		50002dda
OBJ 5000292c (sz=24, trace=300000, class=java.lang.String@50000181)
	value		50002dd2
OBJ 5000292d (sz=24, trace=300000, class=java.lang.String@50000181)
	value		50002e18
OBJ 5000292e (sz=24, trace=300000, class=java.lang.String@50000181)
	value		50002e34
OBJ 5000292f (sz=24, trace=300000, class=java.lang.String@50000181)
	value		50002e38
OBJ 50002930 (sz=24, trace=300000, class=java.lang.String@50000181)
	value		50002e0f
OBJ 50002931 (sz=24, trace=300000, class=java.lang.String@50000181)
	value		50002e58
OBJ 50002932 (sz=24, trace=300000, class=java.lang.String@50000181)
	value		50002d23
OBJ 50002933 (sz=24, trace=300000, class=java.lang.String@50000181)
	value		50002e7e
OBJ 50002934 (sz=24, trace=300000, class=java.lang.String@50000181)
	value		50002e62
OBJ 50002935 (sz=24, trace=300000, class=java.lang.String@50000181)
	value		50002e5c
OBJ 50002936 (sz=24, trace=300000, class=java.lang.String@50000181)
	value		50002ec2
OBJ 50002937 (sz=24, trace=300000, class=java.lang.String@50000181)
	value		50002ec1
OBJ 50002938 (sz=24, trace=300000, class=java.lang.String@50000181)
	value		50002ebf
OBJ 50002939 (sz=24, trace=300000, class=java.lang.String@50000181)
	value		50002ee0
OBJ 5000293a (sz=24, trace=300000, class=java.lang.String@50000181)
	value		50002eb6
OBJ 5000293b (sz=24, trace=300000, class=java.lang.String@50000181)
	value		50002ee8
OBJ 5000293c (sz=24, trace=300000, class=java.lang.String@50000181)
	value		50002ee7
OBJ 5000293d (sz=24, trace=300000, class=java.lang.String@50000181)
	value		50002eea
OBJ 5000293e (sz=24, trace=300000, class=java.lang.String@50000181)
	value		50002eeb
OBJ 5000293f (sz=24, trace=300000, class=java.lang.String@50000181)
	value		50002ee4
OBJ 50002940 (sz=24, trace=300000, class=java.lang.String@50000181)
	value		50002ef2
OBJ 50002941 (sz=24, trace=300000, class=java.lang.String@50000181)
	value		50002ef1
OBJ 50002942 (sz=24, trace=300000, class=java.lang.String@50000181)
	value		50002ef3
OBJ 50002943 (sz=24, trace=300000, class=java.lang.String@50000181)
	value		50002ef4
OBJ 50002944 (sz=24, trace=300000, class=java.lang.String@50000181)
	value		50002eb3
OBJ 50002945 (sz=24, trace=300000, class=java.lang.String@50000181)
	value		50002eee
OBJ 50002946 (sz=24, trace=300000, class=java.lang.String@50000181)
	value		50002f34
OBJ 50002947 (sz=24, trace=300000, class=java.lang.String@50000181)
	value		50002f38
OBJ 50002948 (sz=24, trace=300000, class=java.lang.String@50000181)
	value		50002f4d
OBJ 50002949 (sz=24, trace=300000, class=java.lang.String@50000181)
	value		50002f3e
OBJ 5000294a (sz=24, trace=300000, class=java.lang.String@50000181)
	value		50002f42
OBJ 5000294b (sz=24, trace=300000, class=java.lang.String@50000181)
	value		50002f43
OBJ 5000294c (sz=24, trace=300000, class=java.lang.String@50000181)
	value		50002f3b
OBJ 5000294d (sz=24, trace=300000, class=java.lang.String@50000181)
	value		50002f47
OBJ 5000294e (sz=24, trace=300000, class=java.lang.String@50000181)
	value		50002f46
OBJ 5000294f (sz=24, trace=300000, class=java.lang.String@50000181)
	value		50002f4e
OBJ 50002950 (sz=24, trace=300000, class=java.lang.String@50000181)
	value		50002f4f
OBJ 50002951 (sz=24, trace=300000, class=java.lang.String@50000181)
	value		50002f4a
OBJ 50002952 (sz=24, trace=300000, class=java.lang.String@50000181)
	value		50002d20
OBJ 50002953 (sz=24, trace=300000, class=java.lang.String@50000181)
	value		50002f6a
OBJ 50002954 (sz=24, trace=300000, class=java.lang.String@50000181)
	value		50002f6b
OBJ 50002955 (sz=24, trace=300000, class=java.lang.String@50000181)
	value		50002f68
OBJ 50002956 (sz=24, trace=300000, class=java.lang.String@50000181)
	value		50002f6d
OBJ 50002957 (sz=24, trace=300000, class=java.lang.String@50000181)
	value		50002f62
OBJ 50002958 (sz=24, trace=300000, class=java.lang.String@50000181)
	value		50002fb4
OBJ 50002959 (sz=24, trace=300000, class=java.lang.String@50000181)
	value		50002fc8
OBJ 5000295a (sz=24, trace=300000, class=java.lang.String@50000181)
	value		50002fdc
OBJ 5000295b (sz=24, trace=300000, class=java.lang.String@50000181)
	value		50002f56
OBJ 5000295c (sz=24, trace=300000, class=java.lang.String@50000181)
	value		5000304a
OBJ 5000295d (sz=24, trace=300000, class=java.lang.String@50000181)
	value		50003062
OBJ 5000295e (sz=24, trace=300000, class=java.lang.String@50000181)
	value		5000306f
OBJ 5000295f (sz=24, trace=300000, class=java.lang.String@50000181)
	value		5000306e
OBJ 50002960 (sz=24, trace=300000, class=java.lang.String@50000181)
	value		50003068
OBJ 50002961 (sz=24, trace=300000, class=java.lang.String@50000181)
	value		50003073
OBJ 50002962 (sz=24, trace=300000, class=java.lang.String@50000181)
	value		50003072
OBJ 50002963 (sz=24, trace=300000, class=java.lang.String@50000181)
	value		50003074
OBJ 50002964 (sz=24, trace=300000, class=java.lang.String@50000181)
	value		50003065
OBJ 50002965 (sz=24, trace=300000, class=java.lang.String@50000181)
	value		5000307a
OBJ 50002966 (sz=24, trace=300000, class=java.lang.String@50000181)
	value		50002f53
OBJ 50002967 (sz=24, trace=300000, class=java.lang.String@50000181)
	value		50003093
OBJ 50002968 (sz=24, trace=300000, class=java.lang.String@50000181)
	value		5000308a
OBJ 50002969 (sz=24, trace=300000, class=java.lang.String@50000181)
	value		50003095
OBJ 5000296a (sz=24, trace=300000, class=java.lang.String@50000181)
	value		50003096
OBJ 5000296b (sz=24, trace=300000, class=java.lang.String@50000181)
	value		50003099
OBJ 5000296c (sz=24, trace=300000, class=java.lang.String@50000181)
	value		500030aa
OBJ 5000296d (sz=24, trace=300000, class=java.lang.String@50000181)
	value		50003081
OBJ 5000296e (sz=24, trace=300000, class=java.lang.String@50000181)
	value		500030b7
OBJ 5000296f (sz=24, trace=300000, class=java.lang.String@50000181)
	value		500030b8
OBJ 50002970 (sz=24, trace=300000, class=java.lang.String@50000181)
	value		500030b4
OBJ 50002971 (sz=24, trace=300000, class=java.lang.String@50000181)
	value		500030ba
OBJ 50002972 (sz=24, trace=300000, class=java.lang.String@50000181)
	value		500030bb
OBJ 50002973 (sz=24, trace=300000, class=java.lang.String@50000181)
	value		500030b1
OBJ 50002974 (sz=24, trace=300000, class=java.lang.String@50000181)
	value		500030bf
OBJ 50002975 (sz=24, trace=300000, class=java.lang.String@50000181)
	value		500030be
OBJ 50002976 (sz=24, trace=300000, class=java.lang.String@50000181)
	value		500030c0
OBJ 50002977 (sz=24, trace=300000, class=java.lang.String@50000181)
	value		500030ae
OBJ 50002978 (sz=24, trace=300000, class=java.lang.String@50000181)
	value		500030c3
OBJ 50002979 (sz=24, trace=300000, class=java.lang.String@50000181)
	value		500030d4
OBJ 5000297a (sz=24, trace=300000, class=java.lang.String@50000181)
	value		500030d3
OBJ 5000297b (sz=24, trace=300000, class=java.lang.String@50000181)
	value		500030d5
OBJ 5000297c (sz=24, trace=300000, class=java.lang.String@50000181)
	value		5000307e
OBJ 5000297d (sz=24, trace=300000, class=java.lang.String@50000181)
	value		500030de
OBJ 5000297e (sz=24, trace=300000, class=java.lang.String@50000181)
	value		500030e8
OBJ 5000297f (sz=24, trace=300000, class=java.lang.String@50000181)
	value		500030e7
OBJ 50002980 (sz=24, trace=300000, class=java.lang.String@50000181)
	value		500030db
OBJ 50002981 (sz=24, trace=300000, class=java.lang.String@50000181)
	value		500030f1
OBJ 50002982 (sz=24, trace=300000, class=java.lang.String@50000181)
	value		500030f0
OBJ 50002983 (sz=24, trace=300000, class=java.lang.String@50000181)
	value		500030ee
OBJ 50002984 (sz=24, trace=300000, class=java.lang.String@50000181)
	value		500030f2
OBJ 50002985 (sz=24, trace=300000, class=java.lang.String@50000181)
	value		500030eb
OBJ 50002986 (sz=24, trace=300000, class=java.lang.String@50000181)
	value		500030fc
OBJ 50002987 (sz=24, trace=300000, class=java.lang.String@50000181)
	value		500030fb
OBJ 50002988 (sz=24, trace=300000, class=java.lang.String@50000181)
	value		500030fd
OBJ 50002989 (sz=24, trace=300000, class=java.lang.String@50000181)
	value		500030f8
OBJ 5000298a (sz=24, trace=300000, class=java.lang.String@50000181)
	value		500030fe
OBJ 5000298b (sz=24, trace=300000, class=java.lang.String@50000181)
	value		500030f5
OBJ 5000298c (sz=24, trace=300000, class=java.lang.String@50000181)
	value		50003102
OBJ 5000298d (sz=24, trace=300000, class=java.lang.String@50000181)
	value		500032b5
OBJ 5000298e (sz=24, trace=300000, class=java.lang.String@50000181)
	value		50003104
OBJ 5000298f (sz=24, trace=300000, class=java.lang.String@50000181)
	value		50003105
OBJ 50002990 (sz=24, trace=300000, class=java.lang.String@50000181)
	value		50002c3f
OBJ 50002991 (sz=24, trace=300000, class=java.lang.String@50000181)
	value		50002c3d
OBJ 50002992 (sz=24, trace=300000, class=java.lang.String@50000181)
	value		50002c41
OBJ 50002993 (sz=24, trace=300000, class=java.lang.String@50000181)
	value		50002c33
OBJ 50002994 (sz=24, trace=300000, class=java.lang.String@50000181)
	value		500030d8
OBJ 50002995 (sz=24, trace=300000, class=java.lang.String@50000181)
	value		5000310c
OBJ 50002996 (sz=24, trace=300000, class=java.lang.String@50000181)
	value		5000310b
OBJ 50002997 (sz=24, trace=300000, class=java.lang.String@50000181)
	value		5000310f
OBJ 50002998 (sz=24, trace=300000, class=java.lang.String@50000181)
	value		50003110
OBJ 50002999 (sz=24, trace=300000, class=java.lang.String@50000181)
	value		50003108
OBJ 5000299a (sz=24, trace=300000, class=java.lang.String@50000181)
	value		5000311a
OBJ 5000299b (sz=24, trace=300000, class=java.lang.String@50000181)
	value		50003119
OBJ 5000299c (sz=24, trace=300000, class=java.lang.String@50000181)
	value		50002c43
OBJ 5000299d (sz=24, trace=300000, class=java.lang.String@50000181)
	value		50002bb2
OBJ 5000299e (sz=24, trace=300000, class=java.lang.String@50000181)
	value		5000311b
OBJ 5000299f (sz=24, trace=300000, class=java.lang.String@50000181)
	value		50002c57
OBJ 500029a0 (sz=24, trace=300000, class=java.lang.String@50000181)
	value		50002c8a
OBJ 500029a1 (sz=24, trace=300000, class=java.lang.String@50000181)
	value		50002cbe
OBJ 500029a2 (sz=24, trace=300000, class=java.lang.String@50000181)
	value		50002c47
OBJ 500029a3 (sz=24, trace=300000, class=java.lang.String@50000181)
	value		50002ccd
OBJ 500029a4 (sz=24, trace=300000, class=java.lang.String@50000181)
	value		50002ccf
OBJ 500029a5 (sz=24, trace=300000, class=java.lang.String@50000181)
	value		50002cca
OBJ 500029a6 (sz=24, trace=300000, class=java.lang.String@50000181)
	value		50002cd1
OBJ 500029a7 (sz=24, trace=300000, class=java.lang.String@50000181)
	value		50002cc6
OBJ 500029a8 (sz=24, trace=300000, class=java.lang.String@50000181)
	value		50002cfd
OBJ 500029a9 (sz=24, trace=300000, class=java.lang.String@50000181)
	value		50002ce3
OBJ 500029aa (sz=24, trace=300000, class=java.lang.String@50000181)
	value		50002d07
OBJ 500029ab (sz=24, trace=300000, class=java.lang.String@50000181)
	value		50002d09
OBJ 500029ac (sz=24, trace=300000, class=java.lang.String@50000181)
	value		50002d01
OBJ 500029ad (sz=24, trace=300000, class=java.lang.String@50000181)
	value		50003116
OBJ 500029ae (sz=24, trace=300000, class=java.lang.String@50000181)
	value		50002c59
OBJ 500029af (sz=24, trace=300000, class=java.lang.String@50000181)
	value		5000311c
OBJ 500029b0 (sz=24, trace=300000, class=java.lang.String@50000181)
	value		50002c5b
OBJ 500029b1 (sz=24, trace=300000, class=java.lang.String@50000181)
	value		50002d05
OBJ 500029b2 (sz=24, trace=300000, class=java.lang.String@50000181)
	value		50003113
OBJ 500029b3 (sz=24, trace=300000, class=java.lang.String@50000181)
	value		50002d12
OBJ 500029b4 (sz=24, trace=300000, class=java.lang.String@50000181)
	value		50002d10
OBJ 500029b5 (sz=24, trace=300000, class=java.lang.String@50000181)
	value		50002d0d
OBJ 500029b6 (sz=24, trace=300000, class=java.lang.String@50000181)
	value		50002d18
OBJ 500029b7 (sz=24, trace=300000, class=java.lang.String@50000181)
	value		50002d16
OBJ 500029b8 (sz=24, trace=300000, class=java.lang.String@50000181)
	value		50002d1a
OBJ 500029b9 (sz=24, trace=300000, class=java.lang.String@50000181)
	value		5000311f
OBJ 500029ba (sz=24, trace=300000, class=java.lang.String@50000181)
	value		50003121
OBJ 500029bb (sz=24, trace=300000, class=java.lang.String@50000181)
	value		50002d33
OBJ 500029bc (sz=24, trace=300000, class=java.lang.String@50000181)
	value		50002d32
OBJ 500029bd (sz=24, trace=300000, class=java.lang.String@50000181)
	value		50002d35
OBJ 500029be (sz=24, trace=300000, class=java.lang.String@50000181)
	value		50002d36
OBJ 500029bf (sz=24, trace=300000, class=java.lang.String@50000181)
	value		50002d2f
OBJ 500029c0 (sz=24, trace=300000, class=java.lang.String@50000181)
	value		50002d3a
OBJ 500029c1 (sz=24, trace=300000, class=java.lang.String@50000181)
	value		50002d3d
OBJ 500029c2 (sz=24, trace=300000, class=java.lang.String@50000181)
	value		50002d3c
OBJ 500029c3 (sz=24, trace=300000, class=java.lang.String@50000181)
	value		50002d2c
OBJ 500029c4 (sz=24, trace=300000, class=java.lang.String@50000181)
	value		50002d47
OBJ 500029c5 (sz=24, trace=300000, class=java.lang.String@50000181)
	value		50002d46
OBJ 500029c6 (sz=24, trace=300000, class=java.lang.String@50000181)
	value		50002d48
OBJ 500029c7 (sz=24, trace=300000, class=java.lang.String@50000181)
	value		50002d43
OBJ 500029c8 (sz=24, trace=300000, class=java.lang.String@50000181)
	value		50002d4f
OBJ 500029c9 (sz=24, trace=300000, class=java.lang.String@50000181)
	value		50002d4e
OBJ 500029ca (sz=24, trace=300000, class=java.lang.String@50000181)
	value		50002d50
OBJ 500029cb (sz=24, trace=300000, class=java.lang.String@50000181)
	value		50002d4b
OBJ 500029cc (sz=24, trace=300000, class=java.lang.String@50000181)
	value		50002d54
OBJ 500029cd (sz=24, trace=300000, class=java.lang.String@50000181)
	value		50002d53
OBJ 500029ce (sz=24, trace=300000, class=java.lang.String@50000181)
	value		50002d58
OBJ 500029cf (sz=24, trace=300000, class=java.lang.String@50000181)
	value		50002d57
OBJ 500029d0 (sz=24, trace=300000, class=java.lang.String@50000181)
	value		50002d5a
OBJ 500029d1 (sz=24, trace=300000, class=java.lang.String@50000181)
	value		50002d5b
OBJ 500029d2 (sz=24, trace=300000, class=java.lang.String@50000181)
	value		50002d40
OBJ 500029d3 (sz=24, trace=300000, class=java.lang.String@50000181)
	value		50002d65
OBJ 500029d4 (sz=24, trace=300000, class=java.lang.String@50000181)
	value		50002d64
OBJ 500029d5 (sz=24, trace=300000, class=java.lang.String@50000181)
	value		50002d66
OBJ 500029d6 (sz=24, trace=300000, class=java.lang.String@50000181)
	value		50002d61
OBJ 500029d7 (sz=24, trace=300000, class=java.lang.String@50000181)
	value		50002d67
OBJ 500029d8 (sz=24, trace=300000, class=java.lang.String@50000181)
	value		50002d5e
OBJ 500029d9 (sz=24, trace=300000, class=java.lang.String@50000181)
	value		50002d6e
OBJ 500029da (sz=24, trace=300000, class=java.lang.String@50000181)
	value		50002d6d
OBJ 500029db (sz=24, trace=300000, class=java.lang.String@50000181)
	value		50002d72
OBJ 500029dc (sz=24, trace=300000, class=java.lang.String@50000181)
	value		50002d71
OBJ 500029dd (sz=24, trace=300000, class=java.lang.String@50000181)
	value		50002d75
OBJ 500029de (sz=24, trace=300000, class=java.lang.String@50000181)
	value		50002d74
OBJ 500029df (sz=24, trace=300000, class=java.lang.String@50000181)
	value		50002d6a
OBJ 500029e0 (sz=24, trace=300000, class=java.lang.String@50000181)
	value		50002d7a
OBJ 500029e1 (sz=24, trace=300000, class=java.lang.String@50000181)
	value		50002d7b
OBJ 500029e2 (sz=24, trace=300000, class=java.lang.String@50000181)
	value		50002d7f
OBJ 500029e3 (sz=24, trace=300000, class=java.lang.String@50000181)
	value		50002d7e
OBJ 500029e4 (sz=24, trace=300000, class=java.lang.String@50000181)
	value		50002d80
OBJ 500029e5 (sz=24, trace=300000, class=java.lang.String@50000181)
	value		50002d29
OBJ 500029e6 (sz=24, trace=300000, class=java.lang.String@50000181)
	value		50002d8d
OBJ 500029e7 (sz=24, trace=300000, class=java.lang.String@50000181)
	value		50002d8c
OBJ 500029e8 (sz=24, trace=300000, class=java.lang.String@50000181)
	value		50002d8e
OBJ 500029e9 (sz=24, trace=300000, class=java.lang.String@50000181)
	value		50002d89
OBJ 500029ea (sz=24, trace=300000, class=java.lang.String@50000181)
	value		50002d95
OBJ 500029eb (sz=24, trace=300000, class=java.lang.String@50000181)
	value		50002d94
OBJ 500029ec (sz=24, trace=300000, class=java.lang.String@50000181)
	value		50002d99
OBJ 500029ed (sz=24, trace=300000, class=java.lang.String@50000181)
	value		50002d98
OBJ 500029ee (sz=24, trace=300000, class=java.lang.String@50000181)
	value		50002d9a
OBJ 500029ef (sz=24, trace=300000, class=java.lang.String@50000181)
	value		50002da3
OBJ 500029f0 (sz=24, trace=300000, class=java.lang.String@50000181)
	value		50002da6
OBJ 500029f1 (sz=24, trace=300000, class=java.lang.String@50000181)
	value		50002da7
OBJ 500029f2 (sz=24, trace=300000, class=java.lang.String@50000181)
	value		50002da0
OBJ 500029f3 (sz=24, trace=300000, class=java.lang.String@50000181)
	value		50002db0
OBJ 500029f4 (sz=24, trace=300000, class=java.lang.String@50000181)
	value		50002daf
OBJ 500029f5 (sz=24, trace=300000, class=java.lang.String@50000181)
	value		50002dad
OBJ 500029f6 (sz=24, trace=300000, class=java.lang.String@50000181)
	value		50002db1
OBJ 500029f7 (sz=24, trace=300000, class=java.lang.String@50000181)
	value		50002daa
OBJ 500029f8 (sz=24, trace=300000, class=java.lang.String@50000181)
	value		50002db2
OBJ 500029f9 (sz=24, trace=300000, class=java.lang.String@50000181)
	value		50002d83
OBJ 500029fa (sz=24, trace=300000, class=java.lang.String@50000181)
	value		50002dbc
OBJ 500029fb (sz=24, trace=300000, class=java.lang.String@50000181)
	value		50002dbb
OBJ 500029fc (sz=24, trace=300000, class=java.lang.String@50000181)
	value		50002dbe
OBJ 500029fd (sz=24, trace=300000, class=java.lang.String@50000181)
	value		50002dbf
OBJ 500029fe (sz=24, trace=300000, class=java.lang.String@50000181)
	value		50002db8
OBJ 500029ff (sz=24, trace=300000, class=java.lang.String@50000181)
	value		50002dc6
OBJ 50002a00 (sz=24, trace=300000, class=java.lang.String@50000181)
	value		50002dc5
OBJ 50002a01 (sz=24, trace=300000, class=java.lang.String@50000181)
	value		500032bc
OBJ 50002a02 (sz=24, trace=300000, class=java.lang.String@50000181)
	value		50002f2e
OBJ 50002a03 (sz=24, trace=300000, class=java.lang.String@50000181)
	value		50002bd4
OBJ 50002a04 (sz=24, trace=300000, class=java.lang.String@50000181)
	value		50002bd2
OBJ 50002a05 (sz=24, trace=300000, class=java.lang.String@50000181)
	value		50002bd6
OBJ 50002a06 (sz=24, trace=300000, class=java.lang.String@50000181)
	value		50002bbd
OBJ 50002a07 (sz=24, trace=300000, class=java.lang.String@50000181)
	value		50002bdf
OBJ 50002a08 (sz=24, trace=300000, class=java.lang.String@50000181)
	value		50002bdd
OBJ 50002a09 (sz=24, trace=300000, class=java.lang.String@50000181)
	value		50002be5
OBJ 50002a0a (sz=24, trace=300000, class=java.lang.String@50000181)
	value		50002be3
OBJ 50002a0b (sz=24, trace=300000, class=java.lang.String@50000181)
	value		50002beb
OBJ 50002a0c (sz=24, trace=300000, class=java.lang.String@50000181)
	value		50002be9
OBJ 50002a0d (sz=24, trace=300000, class=java.lang.String@50000181)
	value		50002bed
OBJ 50002a0e (sz=24, trace=300000, class=java.lang.String@50000181)
	value		50002bda
OBJ 50002a0f (sz=24, trace=300000, class=java.lang.String@50000181)
	value		50002c54
OBJ 50002a10 (sz=24, trace=300000, class=java.lang.String@50000181)
	value		50002c62
OBJ 50002a11 (sz=24, trace=300000, class=java.lang.String@50000181)
	value		50002bf2
OBJ 50002a12 (sz=24, trace=300000, class=java.lang.String@50000181)
	value		50002c60
OBJ 50002a13 (sz=24, trace=300000, class=java.lang.String@50000181)
	value		50002bf1
OBJ 50002a14 (sz=24, trace=300000, class=java.lang.String@50000181)
	value		50002c67
OBJ 50002a15 (sz=24, trace=300000, class=java.lang.String@50000181)
	value		50002c65
OBJ 50002a16 (sz=24, trace=300000, class=java.lang.String@50000181)
	value		50002c50
OBJ 50002a17 (sz=24, trace=300000, class=java.lang.String@50000181)
	value		50002c71
OBJ 50002a18 (sz=24, trace=300000, class=java.lang.String@50000181)
	value		50002c6f
OBJ 50002a19 (sz=24, trace=300000, class=java.lang.String@50000181)
	value		50002c74
OBJ 50002a1a (sz=24, trace=300000, class=java.lang.String@50000181)
	value		50002bd3
OBJ 50002a1b (sz=24, trace=300000, class=java.lang.String@50000181)
	value		50002bd7
OBJ 50002a1c (sz=24, trace=300000, class=java.lang.String@50000181)
	value		50002bbe
OBJ 50002a1d (sz=24, trace=300000, class=java.lang.String@50000181)
	value		50002be0
OBJ 50002a1e (sz=24, trace=300000, class=java.lang.String@50000181)
	value		50002bde
OBJ 50002a1f (sz=24, trace=300000, class=java.lang.String@50000181)
	value		50002be6
OBJ 50002a20 (sz=24, trace=300000, class=java.lang.String@50000181)
	value		50002be4
OBJ 50002a21 (sz=24, trace=300000, class=java.lang.String@50000181)
	value		50002bec
OBJ 50002a22 (sz=24, trace=300000, class=java.lang.String@50000181)
	value		50002bea
OBJ 50002a23 (sz=24, trace=300000, class=java.lang.String@50000181)
	value		50002bee
OBJ 50002a24 (sz=24, trace=300000, class=java.lang.String@50000181)
	value		50002c76
OBJ 50002a25 (sz=24, trace=300000, class=java.lang.String@50000181)
	value		50002c6b
OBJ 50002a26 (sz=24, trace=300000, class=java.lang.String@50000181)
	value		50002c80
OBJ 50002a27 (sz=24, trace=300000, class=java.lang.String@50000181)
	value		50002c7e
OBJ 50002a28 (sz=24, trace=300000, class=java.lang.String@50000181)
	value		50002bf3
OBJ 50002a29 (sz=24, trace=300000, class=java.lang.String@50000181)
	value		50002bba
OBJ 50002a2a (sz=24, trace=300000, class=java.lang.String@50000181)
	value		50002bfd
OBJ 50002a2b (sz=24, trace=300000, class=java.lang.String@50000181)
	value		50002bfc
OBJ 50002a2c (sz=24, trace=300000, class=java.lang.String@50000181)
	value		50002bfe
OBJ 50002a2d (sz=24, trace=300000, class=java.lang.String@50000181)
	value		50002bf9
OBJ 50002a2e (sz=24, trace=300000, class=java.lang.String@50000181)
	value		50002c07
OBJ 50002a2f (sz=24, trace=300000, class=java.lang.String@50000181)
	value		50002c06
OBJ 50002a30 (sz=24, trace=300000, class=java.lang.String@50000181)
	value		50002c85
OBJ 50002a31 (sz=24, trace=300000, class=java.lang.String@50000181)
	value		50002c83
OBJ 50002a32 (sz=24, trace=300000, class=java.lang.String@50000181)
	value		50002c04
OBJ 50002a33 (sz=24, trace=300000, class=java.lang.String@50000181)
	value		50002c0b
OBJ 50002a34 (sz=24, trace=300000, class=java.lang.String@50000181)
	value		50002c0a
OBJ 50002a35 (sz=24, trace=300000, class=java.lang.String@50000181)
	value		50002c7a
OBJ 50002a36 (sz=24, trace=300000, class=java.lang.String@50000181)
	value		50002c87
OBJ 50002a37 (sz=24, trace=300000, class=java.lang.String@50000181)
	value		50002bd5
OBJ 50002a38 (sz=24, trace=300000, class=java.lang.String@50000181)
	value		50002c4c
OBJ 50002a39 (sz=24, trace=300000, class=java.lang.String@50000181)
	value		50002c0c
OBJ 50002a3a (sz=24, trace=300000, class=java.lang.String@50000181)
	value		50002c01
OBJ 50002a3b (sz=24, trace=300000, class=java.lang.String@50000181)
	value		50002c0d
OBJ 50002a3c (sz=24, trace=300000, class=java.lang.String@50000181)
	value		50002bf6
OBJ 50002a3d (sz=24, trace=300000, class=java.lang.String@50000181)
	value		50002c14
OBJ 50002a3e (sz=24, trace=300000, class=java.lang.String@50000181)
	value		50002c13
OBJ 50002a3f (sz=24, trace=300000, class=java.lang.String@50000181)
	value		50002c15
OBJ 50002a40 (sz=24, trace=300000, class=java.lang.String@50000181)
	value		50002c10
OBJ 50002a41 (sz=24, trace=300000, class=java.lang.String@50000181)
	value		50002c1b
OBJ 50002a42 (sz=24, trace=300000, class=java.lang.String@50000181)
	value		50002c95
OBJ 50002a43 (sz=24, trace=300000, class=java.lang.String@50000181)
	value		50002c1c
OBJ 50002a44 (sz=24, trace=300000, class=java.lang.String@50000181)
	value		50002c93
OBJ 50002a45 (sz=24, trace=300000, class=java.lang.String@50000181)
	value		50002c97
OBJ 50002a46 (sz=24, trace=300000, class=java.lang.String@50000181)
	value		50002c8f
OBJ 50002a47 (sz=24, trace=300000, class=java.lang.String@50000181)
	value		50002ca0
OBJ 50002a48 (sz=24, trace=300000, class=java.lang.String@50000181)
	value		50002c9e
OBJ 50002a49 (sz=24, trace=300000, class=java.lang.String@50000181)
	value		50002c9b
OBJ 50002a4a (sz=24, trace=300000, class=java.lang.String@50000181)
	value		50002ca2
OBJ 50002a4b (sz=24, trace=300000, class=java.lang.String@50000181)
	value		50002cac
OBJ 50002a4c (sz=24, trace=300000, class=java.lang.String@50000181)
	value		50002caa
OBJ 50002a4d (sz=24, trace=300000, class=java.lang.String@50000181)
	value		50002cae
OBJ 50002a4e (sz=24, trace=300000, class=java.lang.String@50000181)
	value		50002ca6
OBJ 50002a4f (sz=24, trace=300000, class=java.lang.String@50000181)
	value		50002cb5
OBJ 50002a50 (sz=24, trace=300000, class=java.lang.String@50000181)
	value		50002cb7
OBJ 50002a51 (sz=24, trace=300000, class=java.lang.String@50000181)
	value		50002cb2
OBJ 50002a52 (sz=24, trace=300000, class=java.lang.String@50000181)
	value		50002cbd
OBJ 50002a53 (sz=24, trace=300000, class=java.lang.String@50000181)
	value		50002cbb
OBJ 50002a54 (sz=24, trace=300000, class=java.lang.String@50000181)
	value		500032bb
OBJ 50002a55 (sz=24, trace=300000, class=java.lang.String@50000181)
	value		50002cdb
OBJ 50002a56 (sz=24, trace=300000, class=java.lang.String@50000181)
	value		50002cd9
OBJ 50002a57 (sz=24, trace=300000, class=java.lang.String@50000181)
	value		50002cd6
OBJ 50002a58 (sz=24, trace=300000, class=java.lang.String@50000181)
	value		50002cde
OBJ 50002a59 (sz=24, trace=300000, class=java.lang.String@50000181)
	value		50002ce0
OBJ 50002a5a (sz=24, trace=300000, class=java.lang.String@50000181)
	value		50002cc3
OBJ 50002a5b (sz=24, trace=300000, class=java.lang.String@50000181)
	value		50002cef
OBJ 50002a5c (sz=24, trace=300000, class=java.lang.String@50000181)
	value		50002cf1
OBJ 50002a5d (sz=24, trace=300000, class=java.lang.String@50000181)
	value		50002cec
OBJ 50002a5e (sz=24, trace=300000, class=java.lang.String@50000181)
	value		50002cf4
OBJ 50002a5f (sz=24, trace=300000, class=java.lang.String@50000181)
	value		50002cf6
OBJ 50002a60 (sz=24, trace=300000, class=java.lang.String@50000181)
	value		50002ce8
OBJ 50002a61 (sz=24, trace=300000, class=java.lang.String@50000181)
	value		50002cfc
OBJ 50002a62 (sz=24, trace=300000, class=java.lang.String@50000181)
	value		50002cfa
OBJ 50002a63 (sz=24, trace=300000, class=java.lang.String@50000181)
	value		500032ba
OBJ 50002a64 (sz=24, trace=300000, class=java.lang.String@50000181)
	value		500032b9
OBJ 50002a65 (sz=24, trace=300000, class=java.lang.String@50000181)
	value		50002dd5
OBJ 50002a66 (sz=24, trace=300000, class=java.lang.String@50000181)
	value		50002de1
OBJ 50002a67 (sz=24, trace=300000, class=java.lang.String@50000181)
	value		50002de0
OBJ 50002a68 (sz=24, trace=300000, class=java.lang.String@50000181)
	value		50002de2
OBJ 50002a69 (sz=24, trace=300000, class=java.lang.String@50000181)
	value		50002ddd
OBJ 50002a6a (sz=24, trace=300000, class=java.lang.String@50000181)
	value		50002de6
OBJ 50002a6b (sz=24, trace=300000, class=java.lang.String@50000181)
	value		50002de5
OBJ 50002a6c (sz=24, trace=300000, class=java.lang.String@50000181)
	value		50002dea
OBJ 50002a6d (sz=24, trace=300000, class=java.lang.String@50000181)
	value		50002de9
OBJ 50002a6e (sz=24, trace=300000, class=java.lang.String@50000181)
	value		50002deb
OBJ 50002a6f (sz=24, trace=300000, class=java.lang.String@50000181)
	value		50002df3
OBJ 50002a70 (sz=24, trace=300000, class=java.lang.String@50000181)
	value		50002df4
OBJ 50002a71 (sz=24, trace=300000, class=java.lang.String@50000181)
	value		50002df1
OBJ 50002a72 (sz=24, trace=300000, class=java.lang.String@50000181)
	value		50002df5
OBJ 50002a73 (sz=24, trace=300000, class=java.lang.String@50000181)
	value		50002dee
OBJ 50002a74 (sz=24, trace=300000, class=java.lang.String@50000181)
	value		50002dfc
OBJ 50002a75 (sz=24, trace=300000, class=java.lang.String@50000181)
	value		50002dfb
OBJ 50002a76 (sz=24, trace=300000, class=java.lang.String@50000181)
	value		50002dfd
OBJ 50002a77 (sz=24, trace=300000, class=java.lang.String@50000181)
	value		50002df8
OBJ 50002a78 (sz=24, trace=300000, class=java.lang.String@50000181)
	value		50002e04
OBJ 50002a79 (sz=24, trace=300000, class=java.lang.String@50000181)
	value		50002e03
OBJ 50002a7a (sz=24, trace=300000, class=java.lang.String@50000181)
	value		50002e08
OBJ 50002a7b (sz=24, trace=300000, class=java.lang.String@50000181)
	value		50002e07
OBJ 50002a7c (sz=24, trace=300000, class=java.lang.String@50000181)
	value		50002e09
OBJ 50002a7d (sz=24, trace=300000, class=java.lang.String@50000181)
	value		50002e00
OBJ 50002a7e (sz=24, trace=300000, class=java.lang.String@50000181)
	value		50002e0b
OBJ 50002a7f (sz=24, trace=300000, class=java.lang.String@50000181)
	value		50002e0c
OBJ 50002a80 (sz=24, trace=300000, class=java.lang.String@50000181)
	value		50002dcf
OBJ 50002a81 (sz=24, trace=300000, class=java.lang.String@50000181)
	value		50002e19
OBJ 50002a82 (sz=24, trace=300000, class=java.lang.String@50000181)
	value		50002e1c
OBJ 50002a83 (sz=24, trace=300000, class=java.lang.String@50000181)
	value		50002e1b
OBJ 50002a84 (sz=24, trace=300000, class=java.lang.String@50000181)
	value		50002e15
OBJ 50002a85 (sz=24, trace=300000, class=java.lang.String@50000181)
	value		50002e20
OBJ 50002a86 (sz=24, trace=300000, class=java.lang.String@50000181)
	value		50002e1f
OBJ 50002a87 (sz=24, trace=300000, class=java.lang.String@50000181)
	value		50002e21
OBJ 50002a88 (sz=24, trace=300000, class=java.lang.String@50000181)
	value		50002e12
OBJ 50002a89 (sz=24, trace=300000, class=java.lang.String@50000181)
	value		50002e28
OBJ 50002a8a (sz=24, trace=300000, class=java.lang.String@50000181)
	value		50002e27
OBJ 50002a8b (sz=24, trace=300000, class=java.lang.String@50000181)
	value		50002e29
OBJ 50002a8c (sz=24, trace=300000, class=java.lang.String@50000181)
	value		50002e24
OBJ 50002a8d (sz=24, trace=300000, class=java.lang.String@50000181)
	value		50002e30
OBJ 50002a8e (sz=24, trace=300000, class=java.lang.String@50000181)
	value		50002e2f
OBJ 50002a8f (sz=24, trace=300000, class=java.lang.String@50000181)
	value		50002e31
OBJ 50002a90 (sz=24, trace=300000, class=java.lang.String@50000181)
	value		50002e2c
OBJ 50002a91 (sz=24, trace=300000, class=java.lang.String@50000181)
	value		50002e36
OBJ 50002a92 (sz=24, trace=300000, class=java.lang.String@50000181)
	value		50002e37
OBJ 50002a93 (sz=24, trace=300000, class=java.lang.String@50000181)
	value		50002e42
OBJ 50002a94 (sz=24, trace=300000, class=java.lang.String@50000181)
	value		50002e41
OBJ 50002a95 (sz=24, trace=300000, class=java.lang.String@50000181)
	value		50002e43
OBJ 50002a96 (sz=24, trace=300000, class=java.lang.String@50000181)
	value		50002e3e
OBJ 50002a97 (sz=24, trace=300000, class=java.lang.String@50000181)
	value		50002e44
OBJ 50002a98 (sz=24, trace=300000, class=java.lang.String@50000181)
	value		50002e3b
OBJ 50002a99 (sz=24, trace=300000, class=java.lang.String@50000181)
	value		50002e4b
OBJ 50002a9a (sz=24, trace=300000, class=java.lang.String@50000181)
	value		50002e4a
OBJ 50002a9b (sz=24, trace=300000, class=java.lang.String@50000181)
	value		50002e4d
OBJ 50002a9c (sz=24, trace=300000, class=java.lang.String@50000181)
	value		50002e4e
OBJ 50002a9d (sz=24, trace=300000, class=java.lang.String@50000181)
	value		50002e47
OBJ 50002a9e (sz=24, trace=300000, class=java.lang.String@50000181)
	value		50002e55
OBJ 50002a9f (sz=24, trace=300000, class=java.lang.String@50000181)
	value		50002e54
OBJ 50002aa0 (sz=24, trace=300000, class=java.lang.String@50000181)
	value		50002e56
OBJ 50002aa1 (sz=24, trace=300000, class=java.lang.String@50000181)
	value		50002e51
OBJ 50002aa2 (sz=24, trace=300000, class=java.lang.String@50000181)
	value		50002e59
OBJ 50002aa3 (sz=24, trace=300000, class=java.lang.String@50000181)
	value		50002e6c
OBJ 50002aa4 (sz=24, trace=300000, class=java.lang.String@50000181)
	value		50002e6b
OBJ 50002aa5 (sz=24, trace=300000, class=java.lang.String@50000181)
	value		50002e6f
OBJ 50002aa6 (sz=24, trace=300000, class=java.lang.String@50000181)
	value		50002e6e
OBJ 50002aa7 (sz=24, trace=300000, class=java.lang.String@50000181)
	value		50002e68
OBJ 50002aa8 (sz=24, trace=300000, class=java.lang.String@50000181)
	value		50002e70
OBJ 50002aa9 (sz=24, trace=300000, class=java.lang.String@50000181)
	value		50002e65
OBJ 50002aaa (sz=24, trace=300000, class=java.lang.String@50000181)
	value		50002e77
OBJ 50002aab (sz=24, trace=300000, class=java.lang.String@50000181)
	value		50002e76
OBJ 50002aac (sz=24, trace=300000, class=java.lang.String@50000181)
	value		50002e78
OBJ 50002aad (sz=24, trace=300000, class=java.lang.String@50000181)
	value		50002e73
OBJ 50002aae (sz=24, trace=300000, class=java.lang.String@50000181)
	value		50002e7c
OBJ 50002aaf (sz=24, trace=300000, class=java.lang.String@50000181)
	value		50002e7b
OBJ 50002ab0 (sz=24, trace=300000, class=java.lang.String@50000181)
	value		50002e7f
OBJ 50002ab1 (sz=24, trace=300000, class=java.lang.String@50000181)
	value		50002e86
OBJ 50002ab2 (sz=24, trace=300000, class=java.lang.String@50000181)
	value		50002e85
OBJ 50002ab3 (sz=24, trace=300000, class=java.lang.String@50000181)
	value		50002e8a
OBJ 50002ab4 (sz=24, trace=300000, class=java.lang.String@50000181)
	value		50002e89
OBJ 50002ab5 (sz=24, trace=300000, class=java.lang.String@50000181)
	value		50002e8b
OBJ 50002ab6 (sz=24, trace=300000, class=java.lang.String@50000181)
	value		50002e82
OBJ 50002ab7 (sz=24, trace=300000, class=java.lang.String@50000181)
	value		50002e8e
OBJ 50002ab8 (sz=24, trace=300000, class=java.lang.String@50000181)
	value		50002e8f
OBJ 50002ab9 (sz=24, trace=300000, class=java.lang.String@50000181)
	value		50002e5f
OBJ 50002aba (sz=24, trace=300000, class=java.lang.String@50000181)
	value		50002e96
OBJ 50002abb (sz=24, trace=300000, class=java.lang.String@50000181)
	value		50002e95
OBJ 50002abc (sz=24, trace=300000, class=java.lang.String@50000181)
	value		50002e97
OBJ 50002abd (sz=24, trace=300000, class=java.lang.String@50000181)
	value		50002e92
OBJ 50002abe (sz=24, trace=300000, class=java.lang.String@50000181)
	value		50002e9e
OBJ 50002abf (sz=24, trace=300000, class=java.lang.String@50000181)
	value		50002e9d
OBJ 50002ac0 (sz=24, trace=300000, class=java.lang.String@50000181)
	value		50002ea2
OBJ 50002ac1 (sz=24, trace=300000, class=java.lang.String@50000181)
	value		50002ea1
OBJ 50002ac2 (sz=24, trace=300000, class=java.lang.String@50000181)
	value		50002ea3
OBJ 50002ac3 (sz=24, trace=300000, class=java.lang.String@50000181)
	value		50002e9a
OBJ 50002ac4 (sz=24, trace=300000, class=java.lang.String@50000181)
	value		50002eaa
OBJ 50002ac5 (sz=24, trace=300000, class=java.lang.String@50000181)
	value		50002ea9
OBJ 50002ac6 (sz=24, trace=300000, class=java.lang.String@50000181)
	value		50002eab
OBJ 50002ac7 (sz=24, trace=300000, class=java.lang.String@50000181)
	value		50002ea6
OBJ 50002ac8 (sz=24, trace=300000, class=java.lang.String@50000181)
	value		50002eaf
OBJ 50002ac9 (sz=24, trace=300000, class=java.lang.String@50000181)
	value		50002eae
OBJ 50002aca (sz=24, trace=300000, class=java.lang.String@50000181)
	value		50002eb0
OBJ 50002acb (sz=24, trace=300000, class=java.lang.String@50000181)
	value		50002ec3
OBJ 50002acc (sz=24, trace=300000, class=java.lang.String@50000181)
	value		50002ebc
OBJ 50002acd (sz=24, trace=300000, class=java.lang.String@50000181)
	value		50002ec7
OBJ 50002ace (sz=24, trace=300000, class=java.lang.String@50000181)
	value		50002ec6
OBJ 50002acf (sz=24, trace=300000, class=java.lang.String@50000181)
	value		50002ecd
OBJ 50002ad0 (sz=24, trace=300000, class=java.lang.String@50000181)
	value		50002ecc
OBJ 50002ad1 (sz=24, trace=300000, class=java.lang.String@50000181)
	value		50002eca
OBJ 50002ad2 (sz=24, trace=300000, class=java.lang.String@50000181)
	value		50002ed1
OBJ 50002ad3 (sz=24, trace=300000, class=java.lang.String@50000181)
	value		50002ed0
OBJ 50002ad4 (sz=24, trace=300000, class=java.lang.String@50000181)
	value		50002ed2
OBJ 50002ad5 (sz=24, trace=300000, class=java.lang.String@50000181)
	value		50002eb9
OBJ 50002ad6 (sz=24, trace=300000, class=java.lang.String@50000181)
	value		50002ed9
OBJ 50002ad7 (sz=24, trace=300000, class=java.lang.String@50000181)
	value		50002ed8
OBJ 50002ad8 (sz=24, trace=300000, class=java.lang.String@50000181)
	value		50002eda
OBJ 50002ad9 (sz=24, trace=300000, class=java.lang.String@50000181)
	value		50002ed5
OBJ 50002ada (sz=24, trace=300000, class=java.lang.String@50000181)
	value		50002ede
OBJ 50002adb (sz=24, trace=300000, class=java.lang.String@50000181)
	value		50002edd
OBJ 50002adc (sz=24, trace=300000, class=java.lang.String@50000181)
	value		50002ee1
OBJ 50002add (sz=24, trace=300000, class=java.lang.String@50000181)
	value		50002f07
OBJ 50002ade (sz=24, trace=300000, class=java.lang.String@50000181)
	value		50002f06
OBJ 50002adf (sz=24, trace=300000, class=java.lang.String@50000181)
	value		50002f08
OBJ 50002ae0 (sz=24, trace=300000, class=java.lang.String@50000181)
	value		50002f03
OBJ 50002ae1 (sz=24, trace=300000, class=java.lang.String@50000181)
	value		50002f09
OBJ 50002ae2 (sz=24, trace=300000, class=java.lang.String@50000181)
	value		50002f00
OBJ 50002ae3 (sz=24, trace=300000, class=java.lang.String@50000181)
	value		50002f10
OBJ 50002ae4 (sz=24, trace=300000, class=java.lang.String@50000181)
	value		50002f0f
OBJ 50002ae5 (sz=24, trace=300000, class=java.lang.String@50000181)
	value		50002f11
OBJ 50002ae6 (sz=24, trace=300000, class=java.lang.String@50000181)
	value		50002f0c
OBJ 50002ae7 (sz=24, trace=300000, class=java.lang.String@50000181)
	value		50002f14
OBJ 50002ae8 (sz=24, trace=300000, class=java.lang.String@50000181)
	value		50002f13
OBJ 50002ae9 (sz=24, trace=300000, class=java.lang.String@50000181)
	value		50002efd
OBJ 50002aea (sz=24, trace=300000, class=java.lang.String@50000181)
	value		50002f18
OBJ 50002aeb (sz=24, trace=300000, class=java.lang.String@50000181)
	value		50002f17
OBJ 50002aec (sz=24, trace=300000, class=java.lang.String@50000181)
	value		50002f19
OBJ 50002aed (sz=24, trace=300000, class=java.lang.String@50000181)
	value		50002efa
OBJ 50002aee (sz=24, trace=300000, class=java.lang.String@50000181)
	value		50002f26
OBJ 50002aef (sz=24, trace=300000, class=java.lang.String@50000181)
	value		50002f25
OBJ 50002af0 (sz=24, trace=300000, class=java.lang.String@50000181)
	value		50002f27
OBJ 50002af1 (sz=24, trace=300000, class=java.lang.String@50000181)
	value		50002f22
OBJ 50002af2 (sz=24, trace=300000, class=java.lang.String@50000181)
	value		50002f28
OBJ 50002af3 (sz=24, trace=300000, class=java.lang.String@50000181)
	value		50002f1f
OBJ 50002af4 (sz=24, trace=300000, class=java.lang.String@50000181)
	value		50002f2d
OBJ 50002af5 (sz=24, trace=300000, class=java.lang.String@50000181)
	value		50002f2b
OBJ 50002af6 (sz=24, trace=300000, class=java.lang.String@50000181)
	value		50002f31
OBJ 50002af7 (sz=24, trace=300000, class=java.lang.String@50000181)
	value		50002f30
OBJ 50002af8 (sz=24, trace=300000, class=java.lang.String@50000181)
	value		50002f1c
OBJ 50002af9 (sz=24, trace=300000, class=java.lang.String@50000181)
	value		50002f37
OBJ 50002afa (sz=24, trace=300000, class=java.lang.String@50000181)
	value		50002f6e
OBJ 50002afb (sz=24, trace=300000, class=java.lang.String@50000181)
	value		50002f65
OBJ 50002afc (sz=24, trace=300000, class=java.lang.String@50000181)
	value		50002f73
OBJ 50002afd (sz=24, trace=300000, class=java.lang.String@50000181)
	value		50002f74
OBJ 50002afe (sz=24, trace=300000, class=java.lang.String@50000181)
	value		50002f71
OBJ 50002aff (sz=24, trace=300000, class=java.lang.String@50000181)
	value		50002f75
OBJ 50002b00 (sz=24, trace=300000, class=java.lang.String@50000181)
	value		50002f7b
OBJ 50002b01 (sz=24, trace=300000, class=java.lang.String@50000181)
	value		50002f7a
OBJ 50002b02 (sz=24, trace=300000, class=java.lang.String@50000181)
	value		50002f78
OBJ 50002b03 (sz=24, trace=300000, class=java.lang.String@50000181)
	value		50002f7c
OBJ 50002b04 (sz=24, trace=300000, class=java.lang.String@50000181)
	value		50002f5f
OBJ 50002b05 (sz=24, trace=300000, class=java.lang.String@50000181)
	value		50002f87
OBJ 50002b06 (sz=24, trace=300000, class=java.lang.String@50000181)
	value		50002f88
OBJ 50002b07 (sz=24, trace=300000, class=java.lang.String@50000181)
	value		50002f85
OBJ 50002b08 (sz=24, trace=300000, class=java.lang.String@50000181)
	value		50002f8c
OBJ 50002b09 (sz=24, trace=300000, class=java.lang.String@50000181)
	value		50002f8b
OBJ 50002b0a (sz=24, trace=300000, class=java.lang.String@50000181)
	value		50002f8d
OBJ 50002b0b (sz=24, trace=300000, class=java.lang.String@50000181)
	value		50002f82
OBJ 50002b0c (sz=24, trace=300000, class=java.lang.String@50000181)
	value		50002f94
OBJ 50002b0d (sz=24, trace=300000, class=java.lang.String@50000181)
	value		50002f93
OBJ 50002b0e (sz=24, trace=300000, class=java.lang.String@50000181)
	value		50002f95
OBJ 50002b0f (sz=24, trace=300000, class=java.lang.String@50000181)
	value		50002f90
OBJ 50002b10 (sz=24, trace=300000, class=java.lang.String@50000181)
	value		50002f9c
OBJ 50002b11 (sz=24, trace=300000, class=java.lang.String@50000181)
	value		50002f9b
OBJ 50002b12 (sz=24, trace=300000, class=java.lang.String@50000181)
	value		50002f9d
OBJ 50002b13 (sz=24, trace=300000, class=java.lang.String@50000181)
	value		50002f98
OBJ 50002b14 (sz=24, trace=300000, class=java.lang.String@50000181)
	value		50002f9e
OBJ 50002b15 (sz=24, trace=300000, class=java.lang.String@50000181)
	value		50002f7f
OBJ 50002b16 (sz=24, trace=300000, class=java.lang.String@50000181)
	value		50002fa5
OBJ 50002b17 (sz=24, trace=300000, class=java.lang.String@50000181)
	value		50002fa4
OBJ 50002b18 (sz=24, trace=300000, class=java.lang.String@50000181)
	value		50002fa7
OBJ 50002b19 (sz=24, trace=300000, class=java.lang.String@50000181)
	value		50002fa8
OBJ 50002b1a (sz=24, trace=300000, class=java.lang.String@50000181)
	value		50002fa1
OBJ 50002b1b (sz=24, trace=300000, class=java.lang.String@50000181)
	value		50002faf
OBJ 50002b1c (sz=24, trace=300000, class=java.lang.String@50000181)
	value		50002fae
OBJ 50002b1d (sz=24, trace=300000, class=java.lang.String@50000181)
	value		50002fb0
OBJ 50002b1e (sz=24, trace=300000, class=java.lang.String@50000181)
	value		50002fab
OBJ 50002b1f (sz=24, trace=300000, class=java.lang.String@50000181)
	value		50002fb1
OBJ 50002b20 (sz=24, trace=300000, class=java.lang.String@50000181)
	value		50002f5c
OBJ 50002b21 (sz=24, trace=300000, class=java.lang.String@50000181)
	value		50002fb8
OBJ 50002b22 (sz=24, trace=300000, class=java.lang.String@50000181)
	value		50002fb7
OBJ 50002b23 (sz=24, trace=300000, class=java.lang.String@50000181)
	value		50002fbc
OBJ 50002b24 (sz=24, trace=300000, class=java.lang.String@50000181)
	value		50002fbb
OBJ 50002b25 (sz=24, trace=300000, class=java.lang.String@50000181)
	value		50002fc0
OBJ 50002b26 (sz=24, trace=300000, class=java.lang.String@50000181)
	value		50002fbf
OBJ 50002b27 (sz=24, trace=300000, class=java.lang.String@50000181)
	value		50002fc1
OBJ 50002b28 (sz=24, trace=300000, class=java.lang.String@50000181)
	value		50002fc7
OBJ 50002b29 (sz=24, trace=300000, class=java.lang.String@50000181)
	value		50002fca
OBJ 50002b2a (sz=24, trace=300000, class=java.lang.String@50000181)
	value		50002fcb
OBJ 50002b2b (sz=24, trace=300000, class=java.lang.String@50000181)
	value		50002fc4
OBJ 50002b2c (sz=24, trace=300000, class=java.lang.String@50000181)
	value		50002fd4
OBJ 50002b2d (sz=24, trace=300000, class=java.lang.String@50000181)
	value		50002fd3
OBJ 50002b2e (sz=24, trace=300000, class=java.lang.String@50000181)
	value		50002fd1
OBJ 50002b2f (sz=24, trace=300000, class=java.lang.String@50000181)
	value		50002fd5
OBJ 50002b30 (sz=24, trace=300000, class=java.lang.String@50000181)
	value		50002fce
OBJ 50002b31 (sz=24, trace=300000, class=java.lang.String@50000181)
	value		50002fd6
OBJ 50002b32 (sz=24, trace=300000, class=java.lang.String@50000181)
	value		50002f59
OBJ 50002b33 (sz=24, trace=300000, class=java.lang.String@50000181)
	value		50002fe3
OBJ 50002b34 (sz=24, trace=300000, class=java.lang.String@50000181)
	value		50002fe2
OBJ 50002b35 (sz=24, trace=300000, class=java.lang.String@50000181)
	value		50002fe5
OBJ 50002b36 (sz=24, trace=300000, class=java.lang.String@50000181)
	value		50002fe6
OBJ 50002b37 (sz=24, trace=300000, class=java.lang.String@50000181)
	value		50002fdf
OBJ 50002b38 (sz=24, trace=300000, class=java.lang.String@50000181)
	value		50002fef
OBJ 50002b39 (sz=24, trace=300000, class=java.lang.String@50000181)
	value		50002fee
OBJ 50002b3a (sz=24, trace=300000, class=java.lang.String@50000181)
	value		50002fec
OBJ 50002b3b (sz=24, trace=300000, class=java.lang.String@50000181)
	value		50002ff0
OBJ 50002b3c (sz=24, trace=300000, class=java.lang.String@50000181)
	value		50002fe9
OBJ 50002b3d (sz=24, trace=300000, class=java.lang.String@50000181)
	value		50002ff4
OBJ 50002b3e (sz=24, trace=300000, class=java.lang.String@50000181)
	value		50002ff3
OBJ 50002b3f (sz=24, trace=300000, class=java.lang.String@50000181)
	value		50002ff5
OBJ 50002b40 (sz=24, trace=300000, class=java.lang.String@50000181)
	value		50002ffb
OBJ 50002b41 (sz=24, trace=300000, class=java.lang.String@50000181)
	value		50002ffa
OBJ 50002b42 (sz=24, trace=300000, class=java.lang.String@50000181)
	value		50002ff8
OBJ 50002b43 (sz=24, trace=300000, class=java.lang.String@50000181)
	value		50002ffc
OBJ 50002b44 (sz=24, trace=300000, class=java.lang.String@50000181)
	value		50002fd9
OBJ 50002b45 (sz=24, trace=300000, class=java.lang.String@50000181)
	value		50003007
OBJ 50002b46 (sz=24, trace=300000, class=java.lang.String@50000181)
	value		50003008
OBJ 50002b47 (sz=24, trace=300000, class=java.lang.String@50000181)
	value		50003005
OBJ 50002b48 (sz=24, trace=300000, class=java.lang.String@50000181)
	value		5000300c
OBJ 50002b49 (sz=24, trace=300000, class=java.lang.String@50000181)
	value		5000300b
OBJ 50002b4a (sz=24, trace=300000, class=java.lang.String@50000181)
	value		5000300d
OBJ 50002b4b (sz=24, trace=300000, class=java.lang.String@50000181)
	value		50003002
OBJ 50002b4c (sz=24, trace=300000, class=java.lang.String@50000181)
	value		50003011
OBJ 50002b4d (sz=24, trace=300000, class=java.lang.String@50000181)
	value		50003010
OBJ 50002b4e (sz=24, trace=300000, class=java.lang.String@50000181)
	value		50003012
OBJ 50002b4f (sz=24, trace=300000, class=java.lang.String@50000181)
	value		50002fff
OBJ 50002b50 (sz=24, trace=300000, class=java.lang.String@50000181)
	value		5000301f
OBJ 50002b51 (sz=24, trace=300000, class=java.lang.String@50000181)
	value		5000301e
OBJ 50002b52 (sz=24, trace=300000, class=java.lang.String@50000181)
	value		50003022
OBJ 50002b53 (sz=24, trace=300000, class=java.lang.String@50000181)
	value		50003021
OBJ 50002b54 (sz=24, trace=300000, class=java.lang.String@50000181)
	value		5000301b
OBJ 50002b55 (sz=24, trace=300000, class=java.lang.String@50000181)
	value		50003023
OBJ 50002b56 (sz=24, trace=300000, class=java.lang.String@50000181)
	value		50003018
OBJ 50002b57 (sz=24, trace=300000, class=java.lang.String@50000181)
	value		5000302a
OBJ 50002b58 (sz=24, trace=300000, class=java.lang.String@50000181)
	value		50003029
OBJ 50002b59 (sz=24, trace=300000, class=java.lang.String@50000181)
	value		5000302d
OBJ 50002b5a (sz=24, trace=300000, class=java.lang.String@50000181)
	value		5000302c
OBJ 50002b5b (sz=24, trace=300000, class=java.lang.String@50000181)
	value		50003026
OBJ 50002b5c (sz=24, trace=300000, class=java.lang.String@50000181)
	value		5000302e
OBJ 50002b5d (sz=24, trace=300000, class=java.lang.String@50000181)
	value		50003015
OBJ 50002b5e (sz=24, trace=300000, class=java.lang.String@50000181)
	value		50003032
OBJ 50002b5f (sz=24, trace=300000, class=java.lang.String@50000181)
	value		50003031
OBJ 50002b60 (sz=24, trace=300000, class=java.lang.String@50000181)
	value		50003036
OBJ 50002b61 (sz=24, trace=300000, class=java.lang.String@50000181)
	value		50003035
OBJ 50002b62 (sz=24, trace=300000, class=java.lang.String@50000181)
	value		5000303a
OBJ 50002b63 (sz=24, trace=300000, class=java.lang.String@50000181)
	value		50003039
OBJ 50002b64 (sz=24, trace=300000, class=java.lang.String@50000181)
	value		5000303b
OBJ 50002b65 (sz=24, trace=300000, class=java.lang.String@50000181)
	value		50003049
OBJ 50002b66 (sz=24, trace=300000, class=java.lang.String@50000181)
	value		5000304b
OBJ 50002b67 (sz=24, trace=300000, class=java.lang.String@50000181)
	value		50003046
OBJ 50002b68 (sz=24, trace=300000, class=java.lang.String@50000181)
	value		5000304e
OBJ 50002b69 (sz=24, trace=300000, class=java.lang.String@50000181)
	value		5000304d
OBJ 50002b6a (sz=24, trace=300000, class=java.lang.String@50000181)
	value		50003043
OBJ 50002b6b (sz=24, trace=300000, class=java.lang.String@50000181)
	value		50003052
OBJ 50002b6c (sz=24, trace=300000, class=java.lang.String@50000181)
	value		50003051
OBJ 50002b6d (sz=24, trace=300000, class=java.lang.String@50000181)
	value		50003053
OBJ 50002b6e (sz=24, trace=300000, class=java.lang.String@50000181)
	value		50003040
OBJ 50002b6f (sz=24, trace=300000, class=java.lang.String@50000181)
	value		50003057
OBJ 50002b70 (sz=24, trace=300000, class=java.lang.String@50000181)
	value		50003056
OBJ 50002b71 (sz=24, trace=300000, class=java.lang.String@50000181)
	value		5000305c
OBJ 50002b72 (sz=24, trace=300000, class=java.lang.String@50000181)
	value		5000305d
OBJ 50002b73 (sz=24, trace=300000, class=java.lang.String@50000181)
	value		5000305a
OBJ 50002b74 (sz=24, trace=300000, class=java.lang.String@50000181)
	value		50003061
OBJ 50002b75 (sz=24, trace=300000, class=java.lang.String@50000181)
	value		50003060
OBJ 50002b76 (sz=24, trace=300000, class=java.lang.String@50000181)
	value		500032b8
OBJ 50002b77 (sz=24, trace=300000, class=java.lang.String@50000181)
	value		500032b7
OBJ 50002b78 (sz=24, trace=300000, class=java.lang.String@50000181)
	value		50002c53
OBJ 50002b79 (sz=24, trace=300000, class=java.lang.String@50000181)
	value		50002c61
OBJ 50002b7a (sz=24, trace=300000, class=java.lang.String@50000181)
	value		50002c5f
OBJ 50002b7b (sz=24, trace=300000, class=java.lang.String@50000181)
	value		50002c66
OBJ 50002b7c (sz=24, trace=300000, class=java.lang.String@50000181)
	value		50002c64
OBJ 50002b7d (sz=24, trace=300000, class=java.lang.String@50000181)
	value		50002c4f
OBJ 50002b7e (sz=24, trace=300000, class=java.lang.String@50000181)
	value		50002c70
OBJ 50002b7f (sz=24, trace=300000, class=java.lang.String@50000181)
	value		50002c6e
OBJ 50002b80 (sz=24, trace=300000, class=java.lang.String@50000181)
	value		50002c73
OBJ 50002b81 (sz=24, trace=300000, class=java.lang.String@50000181)
	value		50002c75
OBJ 50002b82 (sz=24, trace=300000, class=java.lang.String@50000181)
	value		50002c6a
OBJ 50002b83 (sz=24, trace=300000, class=java.lang.String@50000181)
	value		50002c7f
OBJ 50002b84 (sz=24, trace=300000, class=java.lang.String@50000181)
	value		50002c7d
OBJ 50002b85 (sz=24, trace=300000, class=java.lang.String@50000181)
	value		50002c84
OBJ 50002b86 (sz=24, trace=300000, class=java.lang.String@50000181)
	value		50002c82
OBJ 50002b87 (sz=24, trace=300000, class=java.lang.String@50000181)
	value		50002c79
OBJ 50002b88 (sz=24, trace=300000, class=java.lang.String@50000181)
	value		50002c86
OBJ 50002b89 (sz=24, trace=300000, class=java.lang.String@50000181)
	value		50002c4b
OBJ 50002b8a (sz=24, trace=300000, class=java.lang.String@50000181)
	value		50002c94
OBJ 50002b8b (sz=24, trace=300000, class=java.lang.String@50000181)
	value		50002c92
OBJ 50002b8c (sz=24, trace=300000, class=java.lang.String@50000181)
	value		50002c96
OBJ 50002b8d (sz=24, trace=300000, class=java.lang.String@50000181)
	value		50002c8e
OBJ 50002b8e (sz=24, trace=300000, class=java.lang.String@50000181)
	value		50002c9f
OBJ 50002b8f (sz=24, trace=300000, class=java.lang.String@50000181)
	value		50002c9d
OBJ 50002b90 (sz=24, trace=300000, class=java.lang.String@50000181)
	value		50002c9a
OBJ 50002b91 (sz=24, trace=300000, class=java.lang.String@50000181)
	value		50002ca1
OBJ 50002b92 (sz=24, trace=300000, class=java.lang.String@50000181)
	value		50002cab
OBJ 50002b93 (sz=24, trace=300000, class=java.lang.String@50000181)
	value		50002ca9
OBJ 50002b94 (sz=24, trace=300000, class=java.lang.String@50000181)
	value		50002cad
OBJ 50002b95 (sz=24, trace=300000, class=java.lang.String@50000181)
	value		50002ca5
OBJ 50002b96 (sz=24, trace=300000, class=java.lang.String@50000181)
	value		50002cb4
OBJ 50002b97 (sz=24, trace=300000, class=java.lang.String@50000181)
	value		50002cb6
OBJ 50002b98 (sz=24, trace=300000, class=java.lang.String@50000181)
	value		50002cb1
OBJ 50002b99 (sz=24, trace=300000, class=java.lang.String@50000181)
	value		50002cbc
OBJ 50002b9a (sz=24, trace=300000, class=java.lang.String@50000181)
	value		50002cba
OBJ 50002b9b (sz=24, trace=300000, class=java.lang.String@50000181)
	value		50002cda
OBJ 50002b9c (sz=24, trace=300000, class=java.lang.String@50000181)
	value		50002cd8
OBJ 50002b9d (sz=24, trace=300000, class=java.lang.String@50000181)
	value		50002cd5
OBJ 50002b9e (sz=24, trace=300000, class=java.lang.String@50000181)
	value		50002cdd
OBJ 50002b9f (sz=24, trace=300000, class=java.lang.String@50000181)
	value		50002cdf
OBJ 50002ba0 (sz=24, trace=300000, class=java.lang.String@50000181)
	value		50002cc2
OBJ 50002ba1 (sz=24, trace=300000, class=java.lang.String@50000181)
	value		50002cee
OBJ 50002ba2 (sz=24, trace=300000, class=java.lang.String@50000181)
	value		50002cf0
OBJ 50002ba3 (sz=24, trace=300000, class=java.lang.String@50000181)
	value		50002ceb
OBJ 50002ba4 (sz=24, trace=300000, class=java.lang.String@50000181)
	value		50002cf3
OBJ 50002ba5 (sz=24, trace=300000, class=java.lang.String@50000181)
	value		50002cf5
OBJ 50002ba6 (sz=24, trace=300000, class=java.lang.String@50000181)
	value		50002ce7
OBJ 50002ba7 (sz=24, trace=300000, class=java.lang.String@50000181)
	value		50002cfb
OBJ 50002ba8 (sz=24, trace=300000, class=java.lang.String@50000181)
	value		50002cf9
OBJ 50002ba9 (sz=40, trace=300000, class=sun.nio.cs.ext.ExtendedCharsets@500000b1)
	classMap	50002bad
	aliasMap	50002bac
	aliasNameMap	50002bab
	cache		50002baa
	packagePrefix	5000298d
OBJ 50002baa (sz=48, trace=300000, class=java.util.TreeMap@500000a8)
	comparator	50002baf
	root		50003227
OBJ 50002bab (sz=48, trace=300000, class=java.util.TreeMap@500000a8)
	comparator	50002baf
	root		50003122
OBJ 50002bac (sz=48, trace=300000, class=java.util.TreeMap@500000a8)
	comparator	50002baf
	root		50002d1d
OBJ 50002bad (sz=48, trace=300000, class=java.util.TreeMap@500000a8)
	comparator	50002baf
	root		50002bae
OBJ 50002bae (sz=40, trace=300000, class=java.util.TreeMap$Entry@500000a6)
	key		5000299d
	value		500028cf
	left		50002bb1
	right		50002bb0
OBJ 50002baf (sz=16, trace=300000, class=sun.misc.ASCIICaseInsensitiveComparator@500000a7)
OBJ 50002bb0 (sz=40, trace=300000, class=java.util.TreeMap$Entry@500000a6)
	key		500029a2
	value		500028ee
	left		50002c46
	right		50002c45
	parent		50002bae
OBJ 50002bb1 (sz=40, trace=300000, class=java.util.TreeMap$Entry@500000a6)
	key		500028e4
	value		500028f1
	left		50002bb5
	right		50002bb4
	parent		50002bae
ARR 50002bb2 (sz=28, trace=300000, nelems=14, elem type=char[])
ARR 50002bb3 (sz=24, trace=300000, nelems=12, elem type=char[])
OBJ 50002bb4 (sz=40, trace=300000, class=java.util.TreeMap$Entry@500000a6)
	key		50002907
	value		5000290a
	left		50002c20
	right		50002c1f
	parent		50002bb1
OBJ 50002bb5 (sz=40, trace=300000, class=java.util.TreeMap$Entry@500000a6)
	key		50002a29
	value		50002a29
	left		50002bb9
	right		50002bb8
	parent		50002bb1
ARR 50002bb6 (sz=26, trace=300000, nelems=13, elem type=char[])
ARR 50002bb7 (sz=24, trace=300000, nelems=12, elem type=char[])
OBJ 50002bb8 (sz=40, trace=300000, class=java.util.TreeMap$Entry@500000a6)
	key		50002a3c
	value		50002a3c
	left		50002bf5
	right		50002bf4
	parent		50002bb5
OBJ 50002bb9 (sz=40, trace=300000, class=java.util.TreeMap$Entry@500000a6)
	key		50002a06
	value		50002a1c
	left		50002bbc
	right		50002bbb
	parent		50002bb5
ARR 50002bba (sz=12, trace=300000, nelems=6, elem type=char[])
OBJ 50002bbb (sz=40, trace=300000, class=java.util.TreeMap$Entry@500000a6)
	key		50002a0e
	value		50002a0e
	left		50002bd9
	right		50002bd8
	parent		50002bb9
OBJ 50002bbc (sz=40, trace=300000, class=java.util.TreeMap$Entry@500000a6)
	key		5000273b
	value		5000273b
	left		50002bc0
	right		50002bbf
	parent		50002bb9
ARR 50002bbd (sz=16, trace=300000, nelems=8, elem type=char[])
ARR 50002bbe (sz=14, trace=300000, nelems=7, elem type=char[])
OBJ 50002bbf (sz=40, trace=300000, class=java.util.TreeMap$Entry@500000a6)
	key		50002a04
	value		50002a1a
	left		50002bd1
	right		50002bd0
	parent		50002bbc
OBJ 50002bc0 (sz=40, trace=300000, class=java.util.TreeMap$Entry@500000a6)
	key		500028cc
	value		500028cd
	left		50002bc2
	right		50002bc1
	parent		50002bbc
OBJ 50002bc1 (sz=40, trace=300000, class=java.util.TreeMap$Entry@500000a6)
	key		500028dc
	value		500028dc
	left		50002bc7
	right		50002bc6
	parent		50002bc0
OBJ 50002bc2 (sz=40, trace=300000, class=java.util.TreeMap$Entry@500000a6)
	key		500028cb
	value		500028cb
	parent		50002bc0
ARR 50002bc3 (sz=20, trace=300000, nelems=10, elem type=char[])
ARR 50002bc4 (sz=20, trace=300000, nelems=10, elem type=char[])
ARR 50002bc5 (sz=8, trace=300000, nelems=4, elem type=char[])
OBJ 50002bc6 (sz=40, trace=300000, class=java.util.TreeMap$Entry@500000a6)
	key		500028dd
	value		500028d4
	parent		50002bc1
OBJ 50002bc7 (sz=40, trace=300000, class=java.util.TreeMap$Entry@500000a6)
	key		500028d1
	value		500028d5
	right		50002bc9
	parent		50002bc1
ARR 50002bc8 (sz=14, trace=300000, nelems=7, elem type=char[])
OBJ 50002bc9 (sz=40, trace=300000, class=java.util.TreeMap$Entry@500000a6)
	key		500028d2
	value		500028d9
	parent		50002bc7
ARR 50002bca (sz=12, trace=300000, nelems=6, elem type=char[])
ARR 50002bcb (sz=12, trace=300000, nelems=6, elem type=char[])
ARR 50002bcc (sz=12, trace=300000, nelems=6, elem type=char[])
ARR 50002bcd (sz=12, trace=300000, nelems=6, elem type=char[])
ARR 50002bce (sz=12, trace=300000, nelems=6, elem type=char[])
ARR 50002bcf (sz=12, trace=300000, nelems=6, elem type=char[])
OBJ 50002bd0 (sz=40, trace=300000, class=java.util.TreeMap$Entry@500000a6)
	key		50002a05
	value		50002a1b
	parent		50002bbf
OBJ 50002bd1 (sz=40, trace=300000, class=java.util.TreeMap$Entry@500000a6)
	key		50002a03
	value		50002a37
	parent		50002bbf
ARR 50002bd2 (sz=16, trace=300000, nelems=8, elem type=char[])
ARR 50002bd3 (sz=14, trace=300000, nelems=7, elem type=char[])
ARR 50002bd4 (sz=16, trace=300000, nelems=8, elem type=char[])
ARR 50002bd5 (sz=12, trace=300000, nelems=6, elem type=char[])
ARR 50002bd6 (sz=16, trace=300000, nelems=8, elem type=char[])
ARR 50002bd7 (sz=14, trace=300000, nelems=7, elem type=char[])
OBJ 50002bd8 (sz=40, trace=300000, class=java.util.TreeMap$Entry@500000a6)
	key		50002a13
	value		50002a13
	left		50002bf0
	right		50002bef
	parent		50002bbb
OBJ 50002bd9 (sz=40, trace=300000, class=java.util.TreeMap$Entry@500000a6)
	key		50002a08
	value		50002a1e
	left		50002bdc
	right		50002bdb
	parent		50002bbb
ARR 50002bda (sz=12, trace=300000, nelems=6, elem type=char[])
OBJ 50002bdb (sz=40, trace=300000, class=java.util.TreeMap$Entry@500000a6)
	key		50002a0a
	value		50002a20
	left		50002be2
	right		50002be1
	parent		50002bd9
OBJ 50002bdc (sz=40, trace=300000, class=java.util.TreeMap$Entry@500000a6)
	key		50002a07
	value		50002a1d
	parent		50002bd9
ARR 50002bdd (sz=16, trace=300000, nelems=8, elem type=char[])
ARR 50002bde (sz=14, trace=300000, nelems=7, elem type=char[])
ARR 50002bdf (sz=16, trace=300000, nelems=8, elem type=char[])
ARR 50002be0 (sz=14, trace=300000, nelems=7, elem type=char[])
OBJ 50002be1 (sz=40, trace=300000, class=java.util.TreeMap$Entry@500000a6)
	key		50002a0c
	value		50002a22
	left		50002be8
	right		50002be7
	parent		50002bdb
OBJ 50002be2 (sz=40, trace=300000, class=java.util.TreeMap$Entry@500000a6)
	key		50002a09
	value		50002a1f
	parent		50002bdb
ARR 50002be3 (sz=16, trace=300000, nelems=8, elem type=char[])
ARR 50002be4 (sz=14, trace=300000, nelems=7, elem type=char[])
ARR 50002be5 (sz=16, trace=300000, nelems=8, elem type=char[])
ARR 50002be6 (sz=14, trace=300000, nelems=7, elem type=char[])
OBJ 50002be7 (sz=40, trace=300000, class=java.util.TreeMap$Entry@500000a6)
	key		50002a0d
	value		50002a23
	parent		50002be1
OBJ 50002be8 (sz=40, trace=300000, class=java.util.TreeMap$Entry@500000a6)
	key		50002a0b
	value		50002a21
	parent		50002be1
ARR 50002be9 (sz=16, trace=300000, nelems=8, elem type=char[])
ARR 50002bea (sz=14, trace=300000, nelems=7, elem type=char[])
ARR 50002beb (sz=16, trace=300000, nelems=8, elem type=char[])
ARR 50002bec (sz=14, trace=300000, nelems=7, elem type=char[])
ARR 50002bed (sz=16, trace=300000, nelems=8, elem type=char[])
ARR 50002bee (sz=14, trace=300000, nelems=7, elem type=char[])
OBJ 50002bef (sz=40, trace=300000, class=java.util.TreeMap$Entry@500000a6)
	key		50002a28
	value		50002a28
	parent		50002bd8
OBJ 50002bf0 (sz=40, trace=300000, class=java.util.TreeMap$Entry@500000a6)
	key		50002a11
	value		50002a11
	parent		50002bd8
ARR 50002bf1 (sz=14, trace=300000, nelems=7, elem type=char[])
ARR 50002bf2 (sz=14, trace=300000, nelems=7, elem type=char[])
ARR 50002bf3 (sz=12, trace=300000, nelems=6, elem type=char[])
OBJ 50002bf4 (sz=40, trace=300000, class=java.util.TreeMap$Entry@500000a6)
	key		50002a40
	value		50002a40
	left		50002c0f
	right		50002c0e
	parent		50002bb8
OBJ 50002bf5 (sz=40, trace=300000, class=java.util.TreeMap$Entry@500000a6)
	key		50002a2d
	value		50002a2d
	left		50002bf8
	right		50002bf7
	parent		50002bb8
ARR 50002bf6 (sz=12, trace=300000, nelems=6, elem type=char[])
OBJ 50002bf7 (sz=40, trace=300000, class=java.util.TreeMap$Entry@500000a6)
	key		50002a3a
	value		50002a3a
	left		50002c00
	right		50002bff
	parent		50002bf5
OBJ 50002bf8 (sz=40, trace=300000, class=java.util.TreeMap$Entry@500000a6)
	key		50002a2b
	value		50002a2b
	left		50002bfb
	right		50002bfa
	parent		50002bf5
ARR 50002bf9 (sz=12, trace=300000, nelems=6, elem type=char[])
OBJ 50002bfa (sz=40, trace=300000, class=java.util.TreeMap$Entry@500000a6)
	key		50002a2c
	value		50002a2c
	parent		50002bf8
OBJ 50002bfb (sz=40, trace=300000, class=java.util.TreeMap$Entry@500000a6)
	key		50002a2a
	value		50002a2a
	parent		50002bf8
ARR 50002bfc (sz=12, trace=300000, nelems=6, elem type=char[])
ARR 50002bfd (sz=12, trace=300000, nelems=6, elem type=char[])
ARR 50002bfe (sz=12, trace=300000, nelems=6, elem type=char[])
OBJ 50002bff (sz=40, trace=300000, class=java.util.TreeMap$Entry@500000a6)
	key		50002a3b
	value		50002a3b
	parent		50002bf7
OBJ 50002c00 (sz=40, trace=300000, class=java.util.TreeMap$Entry@500000a6)
	key		50002a32
	value		50002a32
	left		50002c03
	right		50002c02
	parent		50002bf7
ARR 50002c01 (sz=12, trace=300000, nelems=6, elem type=char[])
OBJ 50002c02 (sz=40, trace=300000, class=java.util.TreeMap$Entry@500000a6)
	key		50002a34
	value		50002a34
	left		50002c09
	right		50002c08
	parent		50002c00
OBJ 50002c03 (sz=40, trace=300000, class=java.util.TreeMap$Entry@500000a6)
	key		50002a2f
	value		50002a2f
	left		50002c05
	parent		50002c00
ARR 50002c04 (sz=12, trace=300000, nelems=6, elem type=char[])
OBJ 50002c05 (sz=40, trace=300000, class=java.util.TreeMap$Entry@500000a6)
	key		50002a2e
	value		50002a2e
	parent		50002c03
ARR 50002c06 (sz=12, trace=300000, nelems=6, elem type=char[])
ARR 50002c07 (sz=12, trace=300000, nelems=6, elem type=char[])
OBJ 50002c08 (sz=40, trace=300000, class=java.util.TreeMap$Entry@500000a6)
	key		50002a39
	value		50002a39
	parent		50002c02
OBJ 50002c09 (sz=40, trace=300000, class=java.util.TreeMap$Entry@500000a6)
	key		50002a33
	value		50002a33
	parent		50002c02
ARR 50002c0a (sz=12, trace=300000, nelems=6, elem type=char[])
ARR 50002c0b (sz=12, trace=300000, nelems=6, elem type=char[])
ARR 50002c0c (sz=12, trace=300000, nelems=6, elem type=char[])
ARR 50002c0d (sz=12, trace=300000, nelems=6, elem type=char[])
OBJ 50002c0e (sz=40, trace=300000, class=java.util.TreeMap$Entry@500000a6)
	key		500028e0
	value		500028ed
	left		50002c17
	right		50002c16
	parent		50002bf4
OBJ 50002c0f (sz=40, trace=300000, class=java.util.TreeMap$Entry@500000a6)
	key		50002a3e
	value		50002a3e
	left		50002c12
	right		50002c11
	parent		50002bf4
ARR 50002c10 (sz=12, trace=300000, nelems=6, elem type=char[])
OBJ 50002c11 (sz=40, trace=300000, class=java.util.TreeMap$Entry@500000a6)
	key		50002a3f
	value		50002a3f
	parent		50002c0f
OBJ 50002c12 (sz=40, trace=300000, class=java.util.TreeMap$Entry@500000a6)
	key		50002a3d
	value		50002a3d
	parent		50002c0f
ARR 50002c13 (sz=12, trace=300000, nelems=6, elem type=char[])
ARR 50002c14 (sz=12, trace=300000, nelems=6, elem type=char[])
ARR 50002c15 (sz=12, trace=300000, nelems=6, elem type=char[])
OBJ 50002c16 (sz=40, trace=300000, class=java.util.TreeMap$Entry@500000a6)
	key		500028e3
	value		500028f0
	parent		50002c0e
OBJ 50002c17 (sz=40, trace=300000, class=java.util.TreeMap$Entry@500000a6)
	key		50002a41
	value		50002a41
	right		50002c1a
	parent		50002c0e
ARR 50002c18 (sz=22, trace=300000, nelems=11, elem type=char[])
ARR 50002c19 (sz=20, trace=300000, nelems=10, elem type=char[])
OBJ 50002c1a (sz=40, trace=300000, class=java.util.TreeMap$Entry@500000a6)
	key		50002a43
	value		50002a43
	parent		50002c17
ARR 50002c1b (sz=12, trace=300000, nelems=6, elem type=char[])
ARR 50002c1c (sz=12, trace=300000, nelems=6, elem type=char[])
ARR 50002c1d (sz=22, trace=300000, nelems=11, elem type=char[])
ARR 50002c1e (sz=20, trace=300000, nelems=10, elem type=char[])
OBJ 50002c1f (sz=40, trace=300000, class=java.util.TreeMap$Entry@500000a6)
	key		50002993
	value		50002912
	left		50002c32
	right		50002c31
	parent		50002bb4
OBJ 50002c20 (sz=40, trace=300000, class=java.util.TreeMap$Entry@500000a6)
	key		500028e6
	value		500028fd
	left		50002c24
	right		50002c23
	parent		50002bb4
ARR 50002c21 (sz=28, trace=300000, nelems=14, elem type=char[])
ARR 50002c22 (sz=20, trace=300000, nelems=10, elem type=char[])
OBJ 50002c23 (sz=40, trace=300000, class=java.util.TreeMap$Entry@500000a6)
	key		500028e8
	value		500028ff
	left		50002c2a
	right		50002c29
	parent		50002c20
OBJ 50002c24 (sz=40, trace=300000, class=java.util.TreeMap$Entry@500000a6)
	key		500028e5
	value		500028f2
	parent		50002c20
ARR 50002c25 (sz=20, trace=300000, nelems=10, elem type=char[])
ARR 50002c26 (sz=20, trace=300000, nelems=10, elem type=char[])
ARR 50002c27 (sz=22, trace=300000, nelems=11, elem type=char[])
ARR 50002c28 (sz=20, trace=300000, nelems=10, elem type=char[])
OBJ 50002c29 (sz=40, trace=300000, class=java.util.TreeMap$Entry@500000a6)
	key		50002905
	value		50002908
	parent		50002c23
OBJ 50002c2a (sz=40, trace=300000, class=java.util.TreeMap$Entry@500000a6)
	key		500028e7
	value		500028fe
	parent		50002c23
ARR 50002c2b (sz=20, trace=300000, nelems=10, elem type=char[])
ARR 50002c2c (sz=20, trace=300000, nelems=10, elem type=char[])
ARR 50002c2d (sz=20, trace=300000, nelems=10, elem type=char[])
ARR 50002c2e (sz=20, trace=300000, nelems=10, elem type=char[])
ARR 50002c2f (sz=18, trace=300000, nelems=9, elem type=char[])
ARR 50002c30 (sz=20, trace=300000, nelems=10, elem type=char[])
OBJ 50002c31 (sz=40, trace=300000, class=java.util.TreeMap$Entry@500000a6)
	key		5000299c
	value		500028ce
	parent		50002c1f
OBJ 50002c32 (sz=40, trace=300000, class=java.util.TreeMap$Entry@500000a6)
	key		50002921
	value		50002922
	left		50002c36
	right		50002c35
	parent		50002c1f
ARR 50002c33 (sz=22, trace=300000, nelems=11, elem type=char[])
ARR 50002c34 (sz=10, trace=300000, nelems=5, elem type=char[])
OBJ 50002c35 (sz=40, trace=300000, class=java.util.TreeMap$Entry@500000a6)
	key		50002991
	value		5000290d
	left		50002c3c
	right		50002c3b
	parent		50002c32
OBJ 50002c36 (sz=40, trace=300000, class=java.util.TreeMap$Entry@500000a6)
	key		50002920
	value		5000291d
	parent		50002c32
ARR 50002c37 (sz=14, trace=300000, nelems=7, elem type=char[])
ARR 50002c38 (sz=14, trace=300000, nelems=7, elem type=char[])
ARR 50002c39 (sz=18, trace=300000, nelems=9, elem type=char[])
ARR 50002c3a (sz=8, trace=300000, nelems=4, elem type=char[])
OBJ 50002c3b (sz=40, trace=300000, class=java.util.TreeMap$Entry@500000a6)
	key		50002992
	value		5000290e
	parent		50002c35
OBJ 50002c3c (sz=40, trace=300000, class=java.util.TreeMap$Entry@500000a6)
	key		50002990
	value		5000290c
	parent		50002c35
ARR 50002c3d (sz=24, trace=300000, nelems=12, elem type=char[])
ARR 50002c3e (sz=12, trace=300000, nelems=6, elem type=char[])
ARR 50002c3f (sz=24, trace=300000, nelems=12, elem type=char[])
ARR 50002c40 (sz=12, trace=300000, nelems=6, elem type=char[])
ARR 50002c41 (sz=24, trace=300000, nelems=12, elem type=char[])
ARR 50002c42 (sz=12, trace=300000, nelems=6, elem type=char[])
ARR 50002c43 (sz=34, trace=300000, nelems=17, elem type=char[])
ARR 50002c44 (sz=30, trace=300000, nelems=15, elem type=char[])
OBJ 50002c45 (sz=40, trace=300000, class=java.util.TreeMap$Entry@500000a6)
	key		50002ba0
	value		50002a5a
	left		50002cc1
	right		50002cc0
	parent		50002bb0
OBJ 50002c46 (sz=40, trace=300000, class=java.util.TreeMap$Entry@500000a6)
	key		50002b89
	value		50002a38
	left		50002c4a
	right		50002c49
	parent		50002bb0
ARR 50002c47 (sz=34, trace=300000, nelems=17, elem type=char[])
ARR 50002c48 (sz=28, trace=300000, nelems=14, elem type=char[])
OBJ 50002c49 (sz=40, trace=300000, class=java.util.TreeMap$Entry@500000a6)
	key		500029a0
	value		500028de
	left		50002c89
	right		50002c88
	parent		50002c46
OBJ 50002c4a (sz=40, trace=300000, class=java.util.TreeMap$Entry@500000a6)
	key		50002b7d
	value		50002a16
	left		50002c4e
	right		50002c4d
	parent		50002c46
ARR 50002c4b (sz=16, trace=300000, nelems=8, elem type=char[])
ARR 50002c4c (sz=12, trace=300000, nelems=6, elem type=char[])
OBJ 50002c4d (sz=40, trace=300000, class=java.util.TreeMap$Entry@500000a6)
	key		50002b82
	value		50002a25
	left		50002c69
	right		50002c68
	parent		50002c4a
OBJ 50002c4e (sz=40, trace=300000, class=java.util.TreeMap$Entry@500000a6)
	key		50002b78
	value		50002a0f
	left		50002c52
	right		50002c51
	parent		50002c4a
ARR 50002c4f (sz=18, trace=300000, nelems=9, elem type=char[])
ARR 50002c50 (sz=14, trace=300000, nelems=7, elem type=char[])
OBJ 50002c51 (sz=40, trace=300000, class=java.util.TreeMap$Entry@500000a6)
	key		50002b7a
	value		50002a12
	left		50002c5e
	right		50002c5d
	parent		50002c4e
OBJ 50002c52 (sz=40, trace=300000, class=java.util.TreeMap$Entry@500000a6)
	key		5000299f
	value		500028da
	left		50002c56
	right		50002c55
	parent		50002c4e
ARR 50002c53 (sz=18, trace=300000, nelems=9, elem type=char[])
ARR 50002c54 (sz=14, trace=300000, nelems=7, elem type=char[])
OBJ 50002c55 (sz=40, trace=300000, class=java.util.TreeMap$Entry@500000a6)
	key		500029b0
	value		500028d7
	parent		50002c52
OBJ 50002c56 (sz=40, trace=300000, class=java.util.TreeMap$Entry@500000a6)
	key		500029ae
	value		500028d6
	parent		50002c52
ARR 50002c57 (sz=16, trace=300000, nelems=8, elem type=char[])
ARR 50002c58 (sz=12, trace=300000, nelems=6, elem type=char[])
ARR 50002c59 (sz=28, trace=300000, nelems=14, elem type=char[])
ARR 50002c5a (sz=24, trace=300000, nelems=12, elem type=char[])
ARR 50002c5b (sz=24, trace=300000, nelems=12, elem type=char[])
ARR 50002c5c (sz=22, trace=300000, nelems=11, elem type=char[])
OBJ 50002c5d (sz=40, trace=300000, class=java.util.TreeMap$Entry@500000a6)
	key		50002b7c
	value		50002a15
	left		50002c63
	parent		50002c51
OBJ 50002c5e (sz=40, trace=300000, class=java.util.TreeMap$Entry@500000a6)
	key		50002b79
	value		50002a10
	parent		50002c51
ARR 50002c5f (sz=18, trace=300000, nelems=9, elem type=char[])
ARR 50002c60 (sz=14, trace=300000, nelems=7, elem type=char[])
ARR 50002c61 (sz=18, trace=300000, nelems=9, elem type=char[])
ARR 50002c62 (sz=14, trace=300000, nelems=7, elem type=char[])
OBJ 50002c63 (sz=40, trace=300000, class=java.util.TreeMap$Entry@500000a6)
	key		50002b7b
	value		50002a14
	parent		50002c5d
ARR 50002c64 (sz=18, trace=300000, nelems=9, elem type=char[])
ARR 50002c65 (sz=14, trace=300000, nelems=7, elem type=char[])
ARR 50002c66 (sz=18, trace=300000, nelems=9, elem type=char[])
ARR 50002c67 (sz=14, trace=300000, nelems=7, elem type=char[])
OBJ 50002c68 (sz=40, trace=300000, class=java.util.TreeMap$Entry@500000a6)
	key		50002b87
	value		50002a35
	left		50002c78
	right		50002c77
	parent		50002c4d
OBJ 50002c69 (sz=40, trace=300000, class=java.util.TreeMap$Entry@500000a6)
	key		50002b7f
	value		50002a18
	left		50002c6d
	right		50002c6c
	parent		50002c4d
ARR 50002c6a (sz=18, trace=300000, nelems=9, elem type=char[])
ARR 50002c6b (sz=14, trace=300000, nelems=7, elem type=char[])
OBJ 50002c6c (sz=40, trace=300000, class=java.util.TreeMap$Entry@500000a6)
	key		50002b80
	value		50002a19
	right		50002c72
	parent		50002c69
OBJ 50002c6d (sz=40, trace=300000, class=java.util.TreeMap$Entry@500000a6)
	key		50002b7e
	value		50002a17
	parent		50002c69
ARR 50002c6e (sz=18, trace=300000, nelems=9, elem type=char[])
ARR 50002c6f (sz=14, trace=300000, nelems=7, elem type=char[])
ARR 50002c70 (sz=18, trace=300000, nelems=9, elem type=char[])
ARR 50002c71 (sz=14, trace=300000, nelems=7, elem type=char[])
OBJ 50002c72 (sz=40, trace=300000, class=java.util.TreeMap$Entry@500000a6)
	key		50002b81
	value		50002a24
	parent		50002c6c
ARR 50002c73 (sz=18, trace=300000, nelems=9, elem type=char[])
ARR 50002c74 (sz=14, trace=300000, nelems=7, elem type=char[])
ARR 50002c75 (sz=18, trace=300000, nelems=9, elem type=char[])
ARR 50002c76 (sz=14, trace=300000, nelems=7, elem type=char[])
OBJ 50002c77 (sz=40, trace=300000, class=java.util.TreeMap$Entry@500000a6)
	key		50002b88
	value		50002a36
	parent		50002c68
OBJ 50002c78 (sz=40, trace=300000, class=java.util.TreeMap$Entry@500000a6)
	key		50002b84
	value		50002a27
	left		50002c7c
	right		50002c7b
	parent		50002c68
ARR 50002c79 (sz=16, trace=300000, nelems=8, elem type=char[])
ARR 50002c7a (sz=12, trace=300000, nelems=6, elem type=char[])
OBJ 50002c7b (sz=40, trace=300000, class=java.util.TreeMap$Entry@500000a6)
	key		50002b86
	value		50002a31
	left		50002c81
	parent		50002c78
OBJ 50002c7c (sz=40, trace=300000, class=java.util.TreeMap$Entry@500000a6)
	key		50002b83
	value		50002a26
	parent		50002c78
ARR 50002c7d (sz=18, trace=300000, nelems=9, elem type=char[])
ARR 50002c7e (sz=14, trace=300000, nelems=7, elem type=char[])
ARR 50002c7f (sz=18, trace=300000, nelems=9, elem type=char[])
ARR 50002c80 (sz=14, trace=300000, nelems=7, elem type=char[])
OBJ 50002c81 (sz=40, trace=300000, class=java.util.TreeMap$Entry@500000a6)
	key		50002b85
	value		50002a30
	parent		50002c7b
ARR 50002c82 (sz=20, trace=300000, nelems=10, elem type=char[])
ARR 50002c83 (sz=16, trace=300000, nelems=8, elem type=char[])
ARR 50002c84 (sz=16, trace=300000, nelems=8, elem type=char[])
ARR 50002c85 (sz=12, trace=300000, nelems=6, elem type=char[])
ARR 50002c86 (sz=16, trace=300000, nelems=8, elem type=char[])
ARR 50002c87 (sz=12, trace=300000, nelems=6, elem type=char[])
OBJ 50002c88 (sz=40, trace=300000, class=java.util.TreeMap$Entry@500000a6)
	key		50002b95
	value		50002a4e
	left		50002ca4
	right		50002ca3
	parent		50002c49
OBJ 50002c89 (sz=40, trace=300000, class=java.util.TreeMap$Entry@500000a6)
	key		50002b8d
	value		50002a46
	left		50002c8d
	right		50002c8c
	parent		50002c49
ARR 50002c8a (sz=16, trace=300000, nelems=8, elem type=char[])
ARR 50002c8b (sz=12, trace=300000, nelems=6, elem type=char[])
OBJ 50002c8c (sz=40, trace=300000, class=java.util.TreeMap$Entry@500000a6)
	key		50002b90
	value		50002a49
	left		50002c99
	right		50002c98
	parent		50002c89
OBJ 50002c8d (sz=40, trace=300000, class=java.util.TreeMap$Entry@500000a6)
	key		50002b8b
	value		50002a44
	left		50002c91
	right		50002c90
	parent		50002c89
ARR 50002c8e (sz=16, trace=300000, nelems=8, elem type=char[])
ARR 50002c8f (sz=12, trace=300000, nelems=6, elem type=char[])
OBJ 50002c90 (sz=40, trace=300000, class=java.util.TreeMap$Entry@500000a6)
	key		50002b8c
	value		50002a45
	parent		50002c8d
OBJ 50002c91 (sz=40, trace=300000, class=java.util.TreeMap$Entry@500000a6)
	key		50002b8a
	value		50002a42
	parent		50002c8d
ARR 50002c92 (sz=16, trace=300000, nelems=8, elem type=char[])
ARR 50002c93 (sz=12, trace=300000, nelems=6, elem type=char[])
ARR 50002c94 (sz=16, trace=300000, nelems=8, elem type=char[])
ARR 50002c95 (sz=12, trace=300000, nelems=6, elem type=char[])
ARR 50002c96 (sz=16, trace=300000, nelems=8, elem type=char[])
ARR 50002c97 (sz=12, trace=300000, nelems=6, elem type=char[])
OBJ 50002c98 (sz=40, trace=300000, class=java.util.TreeMap$Entry@500000a6)
	key		50002b91
	value		50002a4a
	parent		50002c8c
OBJ 50002c99 (sz=40, trace=300000, class=java.util.TreeMap$Entry@500000a6)
	key		50002b8f
	value		50002a48
	left		50002c9c
	parent		50002c8c
ARR 50002c9a (sz=16, trace=300000, nelems=8, elem type=char[])
ARR 50002c9b (sz=12, trace=300000, nelems=6, elem type=char[])
OBJ 50002c9c (sz=40, trace=300000, class=java.util.TreeMap$Entry@500000a6)
	key		50002b8e
	value		50002a47
	parent		50002c99
ARR 50002c9d (sz=16, trace=300000, nelems=8, elem type=char[])
ARR 50002c9e (sz=12, trace=300000, nelems=6, elem type=char[])
ARR 50002c9f (sz=16, trace=300000, nelems=8, elem type=char[])
ARR 50002ca0 (sz=12, trace=300000, nelems=6, elem type=char[])
ARR 50002ca1 (sz=16, trace=300000, nelems=8, elem type=char[])
ARR 50002ca2 (sz=12, trace=300000, nelems=6, elem type=char[])
OBJ 50002ca3 (sz=40, trace=300000, class=java.util.TreeMap$Entry@500000a6)
	key		50002b98
	value		50002a51
	left		50002cb0
	right		50002caf
	parent		50002c88
OBJ 50002ca4 (sz=40, trace=300000, class=java.util.TreeMap$Entry@500000a6)
	key		50002b93
	value		50002a4c
	left		50002ca8
	right		50002ca7
	parent		50002c88
ARR 50002ca5 (sz=16, trace=300000, nelems=8, elem type=char[])
ARR 50002ca6 (sz=12, trace=300000, nelems=6, elem type=char[])
OBJ 50002ca7 (sz=40, trace=300000, class=java.util.TreeMap$Entry@500000a6)
	key		50002b94
	value		50002a4d
	parent		50002ca4
OBJ 50002ca8 (sz=40, trace=300000, class=java.util.TreeMap$Entry@500000a6)
	key		50002b92
	value		50002a4b
	parent		50002ca4
ARR 50002ca9 (sz=16, trace=300000, nelems=8, elem type=char[])
ARR 50002caa (sz=12, trace=300000, nelems=6, elem type=char[])
ARR 50002cab (sz=18, trace=300000, nelems=9, elem type=char[])
ARR 50002cac (sz=14, trace=300000, nelems=7, elem type=char[])
ARR 50002cad (sz=18, trace=300000, nelems=9, elem type=char[])
ARR 50002cae (sz=14, trace=300000, nelems=7, elem type=char[])
OBJ 50002caf (sz=40, trace=300000, class=java.util.TreeMap$Entry@500000a6)
	key		50002b9a
	value		50002a53
	left		50002cb9
	right		50002cb8
	parent		50002ca3
OBJ 50002cb0 (sz=40, trace=300000, class=java.util.TreeMap$Entry@500000a6)
	key		50002b96
	value		50002a4f
	right		50002cb3
	parent		50002ca3
ARR 50002cb1 (sz=16, trace=300000, nelems=8, elem type=char[])
ARR 50002cb2 (sz=12, trace=300000, nelems=6, elem type=char[])
OBJ 50002cb3 (sz=40, trace=300000, class=java.util.TreeMap$Entry@500000a6)
	key		50002b97
	value		50002a50
	parent		50002cb0
ARR 50002cb4 (sz=16, trace=300000, nelems=8, elem type=char[])
ARR 50002cb5 (sz=12, trace=300000, nelems=6, elem type=char[])
ARR 50002cb6 (sz=18, trace=300000, nelems=9, elem type=char[])
ARR 50002cb7 (sz=14, trace=300000, nelems=7, elem type=char[])
OBJ 50002cb8 (sz=40, trace=300000, class=java.util.TreeMap$Entry@500000a6)
	key		500029a1
	value		500028df
	parent		50002caf
OBJ 50002cb9 (sz=40, trace=300000, class=java.util.TreeMap$Entry@500000a6)
	key		50002b99
	value		50002a52
	parent		50002caf
ARR 50002cba (sz=16, trace=300000, nelems=8, elem type=char[])
ARR 50002cbb (sz=12, trace=300000, nelems=6, elem type=char[])
ARR 50002cbc (sz=16, trace=300000, nelems=8, elem type=char[])
ARR 50002cbd (sz=12, trace=300000, nelems=6, elem type=char[])
ARR 50002cbe (sz=18, trace=300000, nelems=9, elem type=char[])
ARR 50002cbf (sz=14, trace=300000, nelems=7, elem type=char[])
OBJ 50002cc0 (sz=40, trace=300000, class=java.util.TreeMap$Entry@500000a6)
	key		500029a9
	value		50002919
	left		50002ce2
	right		50002ce1
	parent		50002c45
OBJ 50002cc1 (sz=40, trace=300000, class=java.util.TreeMap$Entry@500000a6)
	key		500029a7
	value		5000290b
	left		50002cc5
	right		50002cc4
	parent		50002c45
ARR 50002cc2 (sz=20, trace=300000, nelems=10, elem type=char[])
ARR 50002cc3 (sz=16, trace=300000, nelems=8, elem type=char[])
OBJ 50002cc4 (sz=40, trace=300000, class=java.util.TreeMap$Entry@500000a6)
	key		50002b9d
	value		50002a57
	left		50002cd4
	right		50002cd3
	parent		50002cc1
OBJ 50002cc5 (sz=40, trace=300000, class=java.util.TreeMap$Entry@500000a6)
	key		500029a5
	value		50002909
	left		50002cc9
	right		50002cc8
	parent		50002cc1
ARR 50002cc6 (sz=14, trace=300000, nelems=7, elem type=char[])
ARR 50002cc7 (sz=10, trace=300000, nelems=5, elem type=char[])
OBJ 50002cc8 (sz=40, trace=300000, class=java.util.TreeMap$Entry@500000a6)
	key		500029a6
	value		50002903
	parent		50002cc5
OBJ 50002cc9 (sz=40, trace=300000, class=java.util.TreeMap$Entry@500000a6)
	key		500029a3
	value		500028ef
	right		50002ccc
	parent		50002cc5
ARR 50002cca (sz=18, trace=300000, nelems=9, elem type=char[])
ARR 50002ccb (sz=20, trace=300000, nelems=10, elem type=char[])
OBJ 50002ccc (sz=40, trace=300000, class=java.util.TreeMap$Entry@500000a6)
	key		500029a4
	value		500028fc
	parent		50002cc9
ARR 50002ccd (sz=32, trace=300000, nelems=16, elem type=char[])
ARR 50002cce (sz=26, trace=300000, nelems=13, elem type=char[])
ARR 50002ccf (sz=26, trace=300000, nelems=13, elem type=char[])
ARR 50002cd0 (sz=22, trace=300000, nelems=11, elem type=char[])
ARR 50002cd1 (sz=30, trace=300000, nelems=15, elem type=char[])
ARR 50002cd2 (sz=26, trace=300000, nelems=13, elem type=char[])
OBJ 50002cd3 (sz=40, trace=300000, class=java.util.TreeMap$Entry@500000a6)
	key		50002b9e
	value		50002a58
	right		50002cdc
	parent		50002cc4
OBJ 50002cd4 (sz=40, trace=300000, class=java.util.TreeMap$Entry@500000a6)
	key		50002b9c
	value		50002a56
	left		50002cd7
	parent		50002cc4
ARR 50002cd5 (sz=26, trace=300000, nelems=13, elem type=char[])
ARR 50002cd6 (sz=22, trace=300000, nelems=11, elem type=char[])
OBJ 50002cd7 (sz=40, trace=300000, class=java.util.TreeMap$Entry@500000a6)
	key		50002b9b
	value		50002a55
	parent		50002cd4
ARR 50002cd8 (sz=36, trace=300000, nelems=18, elem type=char[])
ARR 50002cd9 (sz=32, trace=300000, nelems=16, elem type=char[])
ARR 50002cda (sz=22, trace=300000, nelems=11, elem type=char[])
ARR 50002cdb (sz=18, trace=300000, nelems=9, elem type=char[])
OBJ 50002cdc (sz=40, trace=300000, class=java.util.TreeMap$Entry@500000a6)
	key		50002b9f
	value		50002a59
	parent		50002cd3
ARR 50002cdd (sz=26, trace=300000, nelems=13, elem type=char[])
ARR 50002cde (sz=22, trace=300000, nelems=11, elem type=char[])
ARR 50002cdf (sz=24, trace=300000, nelems=12, elem type=char[])
ARR 50002ce0 (sz=20, trace=300000, nelems=10, elem type=char[])
OBJ 50002ce1 (sz=40, trace=300000, class=java.util.TreeMap$Entry@500000a6)
	key		500029ac
	value		5000291e
	left		50002d00
	right		50002cff
	parent		50002cc0
OBJ 50002ce2 (sz=40, trace=300000, class=java.util.TreeMap$Entry@500000a6)
	key		50002ba6
	value		50002a60
	left		50002ce6
	right		50002ce5
	parent		50002cc0
ARR 50002ce3 (sz=26, trace=300000, nelems=13, elem type=char[])
ARR 50002ce4 (sz=22, trace=300000, nelems=11, elem type=char[])
OBJ 50002ce5 (sz=40, trace=300000, class=java.util.TreeMap$Entry@500000a6)
	key		50002ba8
	value		50002a62
	left		50002cf8
	right		50002cf7
	parent		50002ce2
OBJ 50002ce6 (sz=40, trace=300000, class=java.util.TreeMap$Entry@500000a6)
	key		50002ba3
	value		50002a5d
	left		50002cea
	right		50002ce9
	parent		50002ce2
ARR 50002ce7 (sz=18, trace=300000, nelems=9, elem type=char[])
ARR 50002ce8 (sz=14, trace=300000, nelems=7, elem type=char[])
OBJ 50002ce9 (sz=40, trace=300000, class=java.util.TreeMap$Entry@500000a6)
	key		50002ba4
	value		50002a5e
	right		50002cf2
	parent		50002ce6
OBJ 50002cea (sz=40, trace=300000, class=java.util.TreeMap$Entry@500000a6)
	key		50002ba1
	value		50002a5b
	right		50002ced
	parent		50002ce6
ARR 50002ceb (sz=20, trace=300000, nelems=10, elem type=char[])
ARR 50002cec (sz=16, trace=300000, nelems=8, elem type=char[])
OBJ 50002ced (sz=40, trace=300000, class=java.util.TreeMap$Entry@500000a6)
	key		50002ba2
	value		50002a5c
	parent		50002cea
ARR 50002cee (sz=22, trace=300000, nelems=11, elem type=char[])
ARR 50002cef (sz=18, trace=300000, nelems=9, elem type=char[])
ARR 50002cf0 (sz=24, trace=300000, nelems=12, elem type=char[])
ARR 50002cf1 (sz=20, trace=300000, nelems=10, elem type=char[])
OBJ 50002cf2 (sz=40, trace=300000, class=java.util.TreeMap$Entry@500000a6)
	key		50002ba5
	value		50002a5f
	parent		50002ce9
ARR 50002cf3 (sz=24, trace=300000, nelems=12, elem type=char[])
ARR 50002cf4 (sz=20, trace=300000, nelems=10, elem type=char[])
ARR 50002cf5 (sz=22, trace=300000, nelems=11, elem type=char[])
ARR 50002cf6 (sz=18, trace=300000, nelems=9, elem type=char[])
OBJ 50002cf7 (sz=40, trace=300000, class=java.util.TreeMap$Entry@500000a6)
	key		500029a8
	value		50002915
	parent		50002ce5
OBJ 50002cf8 (sz=40, trace=300000, class=java.util.TreeMap$Entry@500000a6)
	key		50002ba7
	value		50002a61
	parent		50002ce5
ARR 50002cf9 (sz=24, trace=300000, nelems=12, elem type=char[])
ARR 50002cfa (sz=20, trace=300000, nelems=10, elem type=char[])
ARR 50002cfb (sz=24, trace=300000, nelems=12, elem type=char[])
ARR 50002cfc (sz=20, trace=300000, nelems=10, elem type=char[])
ARR 50002cfd (sz=24, trace=300000, nelems=12, elem type=char[])
ARR 50002cfe (sz=20, trace=300000, nelems=10, elem type=char[])
OBJ 50002cff (sz=40, trace=300000, class=java.util.TreeMap$Entry@500000a6)
	key		500029b5
	value		50002911
	left		50002d0c
	right		50002d0b
	parent		50002ce1
OBJ 50002d00 (sz=40, trace=300000, class=java.util.TreeMap$Entry@500000a6)
	key		500029b1
	value		50002916
	left		50002d04
	right		50002d03
	parent		50002ce1
ARR 50002d01 (sz=22, trace=300000, nelems=11, elem type=char[])
ARR 50002d02 (sz=18, trace=300000, nelems=9, elem type=char[])
OBJ 50002d03 (sz=40, trace=300000, class=java.util.TreeMap$Entry@500000a6)
	key		500029ab
	value		5000291c
	parent		50002d00
OBJ 50002d04 (sz=40, trace=300000, class=java.util.TreeMap$Entry@500000a6)
	key		500029aa
	value		5000291a
	parent		50002d00
ARR 50002d05 (sz=22, trace=300000, nelems=11, elem type=char[])
ARR 50002d06 (sz=10, trace=300000, nelems=5, elem type=char[])
ARR 50002d07 (sz=32, trace=300000, nelems=16, elem type=char[])
ARR 50002d08 (sz=28, trace=300000, nelems=14, elem type=char[])
ARR 50002d09 (sz=10, trace=300000, nelems=5, elem type=char[])
ARR 50002d0a (sz=6, trace=300000, nelems=3, elem type=char[])
OBJ 50002d0b (sz=40, trace=300000, class=java.util.TreeMap$Entry@500000a6)
	key		500029b7
	value		50002918
	left		50002d15
	right		50002d14
	parent		50002cff
OBJ 50002d0c (sz=40, trace=300000, class=java.util.TreeMap$Entry@500000a6)
	key		500029b4
	value		50002910
	left		50002d0f
	parent		50002cff
ARR 50002d0d (sz=26, trace=300000, nelems=13, elem type=char[])
ARR 50002d0e (sz=10, trace=300000, nelems=5, elem type=char[])
OBJ 50002d0f (sz=40, trace=300000, class=java.util.TreeMap$Entry@500000a6)
	key		500029b3
	value		5000290f
	parent		50002d0c
ARR 50002d10 (sz=30, trace=300000, nelems=15, elem type=char[])
ARR 50002d11 (sz=14, trace=300000, nelems=7, elem type=char[])
ARR 50002d12 (sz=30, trace=300000, nelems=15, elem type=char[])
ARR 50002d13 (sz=14, trace=300000, nelems=7, elem type=char[])
OBJ 50002d14 (sz=40, trace=300000, class=java.util.TreeMap$Entry@500000a6)
	key		500029b8
	value		5000291b
	parent		50002d0b
OBJ 50002d15 (sz=40, trace=300000, class=java.util.TreeMap$Entry@500000a6)
	key		500029b6
	value		50002917
	parent		50002d0b
ARR 50002d16 (sz=26, trace=300000, nelems=13, elem type=char[])
ARR 50002d17 (sz=10, trace=300000, nelems=5, elem type=char[])
ARR 50002d18 (sz=26, trace=300000, nelems=13, elem type=char[])
ARR 50002d19 (sz=10, trace=300000, nelems=5, elem type=char[])
ARR 50002d1a (sz=38, trace=300000, nelems=19, elem type=char[])
ARR 50002d1b (sz=22, trace=300000, nelems=11, elem type=char[])
OBJ 50002d1c (sz=16, trace=300000, class=java.lang.Object@50000185)
OBJ 50002d1d (sz=40, trace=300000, class=java.util.TreeMap$Entry@500000a6)
	key		50002952
	value		500028dc
	left		50002d1f
	right		50002d1e
OBJ 50002d1e (sz=40, trace=300000, class=java.util.TreeMap$Entry@500000a6)
	key		50002966
	value		500028e4
	left		50002f52
	right		50002f51
	parent		50002d1d
OBJ 50002d1f (sz=40, trace=300000, class=java.util.TreeMap$Entry@500000a6)
	key		50002932
	value		500029b4
	left		50002d22
	right		50002d21
	parent		50002d1d
ARR 50002d20 (sz=24, trace=300000, nelems=12, elem type=char[])
OBJ 50002d21 (sz=40, trace=300000, class=java.util.TreeMap$Entry@500000a6)
	key		50002935
	value		500028cb
	left		50002e5b
	right		50002e5a
	parent		50002d1f
OBJ 50002d22 (sz=40, trace=300000, class=java.util.TreeMap$Entry@500000a6)
	key		50002928
	value		500028cc
	left		50002d25
	right		50002d24
	parent		50002d1f
ARR 50002d23 (sz=14, trace=300000, nelems=7, elem type=char[])
OBJ 50002d24 (sz=40, trace=300000, class=java.util.TreeMap$Entry@500000a6)
	key		50002a80
	value		50002b7a
	left		50002dce
	right		50002dcd
	parent		50002d22
OBJ 50002d25 (sz=40, trace=300000, class=java.util.TreeMap$Entry@500000a6)
	key		500029e5
	value		50002a39
	left		50002d28
	right		50002d27
	parent		50002d22
ARR 50002d26 (sz=12, trace=300000, nelems=6, elem type=char[])
OBJ 50002d27 (sz=40, trace=300000, class=java.util.TreeMap$Entry@500000a6)
	key		500029f9
	value		50002b93
	left		50002d82
	right		50002d81
	parent		50002d25
OBJ 50002d28 (sz=40, trace=300000, class=java.util.TreeMap$Entry@500000a6)
	key		500029c3
	value		50002b7d
	left		50002d2b
	right		50002d2a
	parent		50002d25
ARR 50002d29 (sz=6, trace=300000, nelems=3, elem type=char[])
OBJ 50002d2a (sz=40, trace=300000, class=java.util.TreeMap$Entry@500000a6)
	key		500029d2
	value		50002b82
	left		50002d3f
	right		50002d3e
	parent		50002d28
OBJ 50002d2b (sz=40, trace=300000, class=java.util.TreeMap$Entry@500000a6)
	key		500029bf
	value		50002b7a
	left		50002d2e
	right		50002d2d
	parent		50002d28
ARR 50002d2c (sz=8, trace=300000, nelems=4, elem type=char[])
OBJ 50002d2d (sz=40, trace=300000, class=java.util.TreeMap$Entry@500000a6)
	key		500028c3
	value		500028e7
	left		50002d38
	right		50002d37
	parent		50002d2b
OBJ 50002d2e (sz=40, trace=300000, class=java.util.TreeMap$Entry@500000a6)
	key		500029bc
	value		50002b78
	left		50002d31
	right		50002d30
	parent		50002d2b
ARR 50002d2f (sz=8, trace=300000, nelems=4, elem type=char[])
OBJ 50002d30 (sz=40, trace=300000, class=java.util.TreeMap$Entry@500000a6)
	key		500029bd
	value		50002b79
	right		50002d34
	parent		50002d2e
OBJ 50002d31 (sz=40, trace=300000, class=java.util.TreeMap$Entry@500000a6)
	key		500029bb
	value		50002a0e
	parent		50002d2e
ARR 50002d32 (sz=8, trace=300000, nelems=4, elem type=char[])
ARR 50002d33 (sz=6, trace=300000, nelems=3, elem type=char[])
OBJ 50002d34 (sz=40, trace=300000, class=java.util.TreeMap$Entry@500000a6)
	key		500029be
	value		50002a11
	parent		50002d30
ARR 50002d35 (sz=8, trace=300000, nelems=4, elem type=char[])
ARR 50002d36 (sz=8, trace=300000, nelems=4, elem type=char[])
OBJ 50002d37 (sz=40, trace=300000, class=java.util.TreeMap$Entry@500000a6)
	key		500029c2
	value		50002b7c
	left		50002d3b
	parent		50002d2d
OBJ 50002d38 (sz=40, trace=300000, class=java.util.TreeMap$Entry@500000a6)
	key		500029c0
	value		50002a13
	parent		50002d2d
ARR 50002d39 (sz=8, trace=300000, nelems=4, elem type=char[])
ARR 50002d3a (sz=8, trace=300000, nelems=4, elem type=char[])
OBJ 50002d3b (sz=40, trace=300000, class=java.util.TreeMap$Entry@500000a6)
	key		500029c1
	value		50002b7b
	parent		50002d37
ARR 50002d3c (sz=8, trace=300000, nelems=4, elem type=char[])
ARR 50002d3d (sz=8, trace=300000, nelems=4, elem type=char[])
OBJ 50002d3e (sz=40, trace=300000, class=java.util.TreeMap$Entry@500000a6)
	key		500029d8
	value		50002a2b
	left		50002d5d
	right		50002d5c
	parent		50002d2a
OBJ 50002d3f (sz=40, trace=300000, class=java.util.TreeMap$Entry@500000a6)
	key		500029c7
	value		50002a04
	left		50002d42
	right		50002d41
	parent		50002d2a
ARR 50002d40 (sz=8, trace=300000, nelems=4, elem type=char[])
OBJ 50002d41 (sz=40, trace=300000, class=java.util.TreeMap$Entry@500000a6)
	key		500029cb
	value		50002a08
	left		50002d4a
	right		50002d49
	parent		50002d3f
OBJ 50002d42 (sz=40, trace=300000, class=java.util.TreeMap$Entry@500000a6)
	key		500029c5
	value		50002b7f
	left		50002d45
	right		50002d44
	parent		50002d3f
ARR 50002d43 (sz=8, trace=300000, nelems=4, elem type=char[])
OBJ 50002d44 (sz=40, trace=300000, class=java.util.TreeMap$Entry@500000a6)
	key		500029c6
	value		50002b80
	parent		50002d42
OBJ 50002d45 (sz=40, trace=300000, class=java.util.TreeMap$Entry@500000a6)
	key		500029c4
	value		50002b7e
	parent		50002d42
ARR 50002d46 (sz=8, trace=300000, nelems=4, elem type=char[])
ARR 50002d47 (sz=8, trace=300000, nelems=4, elem type=char[])
ARR 50002d48 (sz=8, trace=300000, nelems=4, elem type=char[])
OBJ 50002d49 (sz=40, trace=300000, class=java.util.TreeMap$Entry@500000a6)
	key		500029cd
	value		50002a0a
	left		50002d52
	right		50002d51
	parent		50002d41
OBJ 50002d4a (sz=40, trace=300000, class=java.util.TreeMap$Entry@500000a6)
	key		500029c9
	value		50002a06
	left		50002d4d
	right		50002d4c
	parent		50002d41
ARR 50002d4b (sz=8, trace=300000, nelems=4, elem type=char[])
OBJ 50002d4c (sz=40, trace=300000, class=java.util.TreeMap$Entry@500000a6)
	key		500029ca
	value		50002a07
	parent		50002d4a
OBJ 50002d4d (sz=40, trace=300000, class=java.util.TreeMap$Entry@500000a6)
	key		500029c8
	value		50002a05
	parent		50002d4a
ARR 50002d4e (sz=8, trace=300000, nelems=4, elem type=char[])
ARR 50002d4f (sz=8, trace=300000, nelems=4, elem type=char[])
ARR 50002d50 (sz=8, trace=300000, nelems=4, elem type=char[])
OBJ 50002d51 (sz=40, trace=300000, class=java.util.TreeMap$Entry@500000a6)
	key		500029cf
	value		50002a0c
	left		50002d56
	right		50002d55
	parent		50002d49
OBJ 50002d52 (sz=40, trace=300000, class=java.util.TreeMap$Entry@500000a6)
	key		500029cc
	value		50002a09
	parent		50002d49
ARR 50002d53 (sz=8, trace=300000, nelems=4, elem type=char[])
ARR 50002d54 (sz=8, trace=300000, nelems=4, elem type=char[])
OBJ 50002d55 (sz=40, trace=300000, class=java.util.TreeMap$Entry@500000a6)
	key		500029d0
	value		50002a0d
	right		50002d59
	parent		50002d51
OBJ 50002d56 (sz=40, trace=300000, class=java.util.TreeMap$Entry@500000a6)
	key		500029ce
	value		50002a0b
	parent		50002d51
ARR 50002d57 (sz=8, trace=300000, nelems=4, elem type=char[])
ARR 50002d58 (sz=8, trace=300000, nelems=4, elem type=char[])
OBJ 50002d59 (sz=40, trace=300000, class=java.util.TreeMap$Entry@500000a6)
	key		500029d1
	value		50002b81
	parent		50002d55
ARR 50002d5a (sz=8, trace=300000, nelems=4, elem type=char[])
ARR 50002d5b (sz=8, trace=300000, nelems=4, elem type=char[])
OBJ 50002d5c (sz=40, trace=300000, class=java.util.TreeMap$Entry@500000a6)
	key		500029df
	value		50002a32
	left		50002d69
	right		50002d68
	parent		50002d3e
OBJ 50002d5d (sz=40, trace=300000, class=java.util.TreeMap$Entry@500000a6)
	key		500029d6
	value		50002a29
	left		50002d60
	right		50002d5f
	parent		50002d3e
ARR 50002d5e (sz=6, trace=300000, nelems=3, elem type=char[])
OBJ 50002d5f (sz=40, trace=300000, class=java.util.TreeMap$Entry@500000a6)
	key		500029d7
	value		50002a2a
	parent		50002d5d
OBJ 50002d60 (sz=40, trace=300000, class=java.util.TreeMap$Entry@500000a6)
	key		500029d4
	value		50002b84
	left		50002d63
	right		50002d62
	parent		50002d5d
ARR 50002d61 (sz=6, trace=300000, nelems=3, elem type=char[])
OBJ 50002d62 (sz=40, trace=300000, class=java.util.TreeMap$Entry@500000a6)
	key		500029d5
	value		50002a28
	parent		50002d60
OBJ 50002d63 (sz=40, trace=300000, class=java.util.TreeMap$Entry@500000a6)
	key		500029d3
	value		50002b83
	parent		50002d60
ARR 50002d64 (sz=8, trace=300000, nelems=4, elem type=char[])
ARR 50002d65 (sz=8, trace=300000, nelems=4, elem type=char[])
ARR 50002d66 (sz=6, trace=300000, nelems=3, elem type=char[])
ARR 50002d67 (sz=6, trace=300000, nelems=3, elem type=char[])
OBJ 50002d68 (sz=40, trace=300000, class=java.util.TreeMap$Entry@500000a6)
	key		500028c4
	value		500028d2
	left		50002d77
	right		50002d76
	parent		50002d5c
OBJ 50002d69 (sz=40, trace=300000, class=java.util.TreeMap$Entry@500000a6)
	key		500029da
	value		50002a2d
	left		50002d6c
	right		50002d6b
	parent		50002d5c
ARR 50002d6a (sz=6, trace=300000, nelems=3, elem type=char[])
OBJ 50002d6b (sz=40, trace=300000, class=java.util.TreeMap$Entry@500000a6)
	key		500029dc
	value		50002a2f
	left		50002d70
	right		50002d6f
	parent		50002d69
OBJ 50002d6c (sz=40, trace=300000, class=java.util.TreeMap$Entry@500000a6)
	key		500029d9
	value		50002a2c
	parent		50002d69
ARR 50002d6d (sz=6, trace=300000, nelems=3, elem type=char[])
ARR 50002d6e (sz=6, trace=300000, nelems=3, elem type=char[])
OBJ 50002d6f (sz=40, trace=300000, class=java.util.TreeMap$Entry@500000a6)
	key		500029de
	value		50002b86
	left		50002d73
	parent		50002d6b
OBJ 50002d70 (sz=40, trace=300000, class=java.util.TreeMap$Entry@500000a6)
	key		500029db
	value		50002a2e
	parent		50002d6b
ARR 50002d71 (sz=6, trace=300000, nelems=3, elem type=char[])
ARR 50002d72 (sz=6, trace=300000, nelems=3, elem type=char[])
OBJ 50002d73 (sz=40, trace=300000, class=java.util.TreeMap$Entry@500000a6)
	key		500029dd
	value		50002b85
	parent		50002d6f
ARR 50002d74 (sz=10, trace=300000, nelems=5, elem type=char[])
ARR 50002d75 (sz=6, trace=300000, nelems=3, elem type=char[])
OBJ 50002d76 (sz=40, trace=300000, class=java.util.TreeMap$Entry@500000a6)
	key		500029e3
	value		50002a03
	left		50002d7d
	right		50002d7c
	parent		50002d68
OBJ 50002d77 (sz=40, trace=300000, class=java.util.TreeMap$Entry@500000a6)
	key		500029e0
	value		50002a33
	right		50002d79
	parent		50002d68
ARR 50002d78 (sz=8, trace=300000, nelems=4, elem type=char[])
OBJ 50002d79 (sz=40, trace=300000, class=java.util.TreeMap$Entry@500000a6)
	key		500029e1
	value		50002a34
	parent		50002d77
ARR 50002d7a (sz=6, trace=300000, nelems=3, elem type=char[])
ARR 50002d7b (sz=6, trace=300000, nelems=3, elem type=char[])
OBJ 50002d7c (sz=40, trace=300000, class=java.util.TreeMap$Entry@500000a6)
	key		500029e4
	value		50002b89
	parent		50002d76
OBJ 50002d7d (sz=40, trace=300000, class=java.util.TreeMap$Entry@500000a6)
	key		500029e2
	value		50002b88
	parent		50002d76
ARR 50002d7e (sz=6, trace=300000, nelems=3, elem type=char[])
ARR 50002d7f (sz=6, trace=300000, nelems=3, elem type=char[])
ARR 50002d80 (sz=6, trace=300000, nelems=3, elem type=char[])
OBJ 50002d81 (sz=40, trace=300000, class=java.util.TreeMap$Entry@500000a6)
	key		50002926
	value		5000299c
	left		50002db4
	right		50002db3
	parent		50002d27
OBJ 50002d82 (sz=40, trace=300000, class=java.util.TreeMap$Entry@500000a6)
	key		500028c8
	value		500028e6
	left		50002d85
	right		50002d84
	parent		50002d27
ARR 50002d83 (sz=6, trace=300000, nelems=3, elem type=char[])
OBJ 50002d84 (sz=40, trace=300000, class=java.util.TreeMap$Entry@500000a6)
	key		500029f2
	value		50002b8d
	left		50002d9f
	right		50002d9e
	parent		50002d82
OBJ 50002d85 (sz=40, trace=300000, class=java.util.TreeMap$Entry@500000a6)
	key		500029e9
	value		50002a3d
	left		50002d88
	right		50002d87
	parent		50002d82
ARR 50002d86 (sz=6, trace=300000, nelems=3, elem type=char[])
OBJ 50002d87 (sz=40, trace=300000, class=java.util.TreeMap$Entry@500000a6)
	key		500028c5
	value		500028e6
	left		50002d90
	right		50002d8f
	parent		50002d85
OBJ 50002d88 (sz=40, trace=300000, class=java.util.TreeMap$Entry@500000a6)
	key		500029e7
	value		50002a3b
	left		50002d8b
	right		50002d8a
	parent		50002d85
ARR 50002d89 (sz=6, trace=300000, nelems=3, elem type=char[])
OBJ 50002d8a (sz=40, trace=300000, class=java.util.TreeMap$Entry@500000a6)
	key		500029e8
	value		50002a3c
	parent		50002d88
OBJ 50002d8b (sz=40, trace=300000, class=java.util.TreeMap$Entry@500000a6)
	key		500029e6
	value		50002a3a
	parent		50002d88
ARR 50002d8c (sz=6, trace=300000, nelems=3, elem type=char[])
ARR 50002d8d (sz=6, trace=300000, nelems=3, elem type=char[])
ARR 50002d8e (sz=6, trace=300000, nelems=3, elem type=char[])
OBJ 50002d8f (sz=40, trace=300000, class=java.util.TreeMap$Entry@500000a6)
	key		500028c6
	value		500028e7
	right		50002d9b
	parent		50002d87
OBJ 50002d90 (sz=40, trace=300000, class=java.util.TreeMap$Entry@500000a6)
	key		500029eb
	value		50002a3f
	left		50002d93
	right		50002d92
	parent		50002d87
ARR 50002d91 (sz=12, trace=300000, nelems=6, elem type=char[])
OBJ 50002d92 (sz=40, trace=300000, class=java.util.TreeMap$Entry@500000a6)
	key		500029ed
	value		50002a41
	left		50002d97
	right		50002d96
	parent		50002d90
OBJ 50002d93 (sz=40, trace=300000, class=java.util.TreeMap$Entry@500000a6)
	key		500029ea
	value		50002a3e
	parent		50002d90
ARR 50002d94 (sz=6, trace=300000, nelems=3, elem type=char[])
ARR 50002d95 (sz=6, trace=300000, nelems=3, elem type=char[])
OBJ 50002d96 (sz=40, trace=300000, class=java.util.TreeMap$Entry@500000a6)
	key		500029ee
	value		50002b8a
	parent		50002d92
OBJ 50002d97 (sz=40, trace=300000, class=java.util.TreeMap$Entry@500000a6)
	key		500029ec
	value		50002a40
	parent		50002d92
ARR 50002d98 (sz=6, trace=300000, nelems=3, elem type=char[])
ARR 50002d99 (sz=6, trace=300000, nelems=3, elem type=char[])
ARR 50002d9a (sz=6, trace=300000, nelems=3, elem type=char[])
OBJ 50002d9b (sz=40, trace=300000, class=java.util.TreeMap$Entry@500000a6)
	key		500028c7
	value		500028e8
	parent		50002d8f
ARR 50002d9c (sz=12, trace=300000, nelems=6, elem type=char[])
ARR 50002d9d (sz=12, trace=300000, nelems=6, elem type=char[])
OBJ 50002d9e (sz=40, trace=300000, class=java.util.TreeMap$Entry@500000a6)
	key		500029f7
	value		500029a0
	left		50002da9
	right		50002da8
	parent		50002d84
OBJ 50002d9f (sz=40, trace=300000, class=java.util.TreeMap$Entry@500000a6)
	key		500029ef
	value		50002a43
	left		50002da2
	right		50002da1
	parent		50002d84
ARR 50002da0 (sz=6, trace=300000, nelems=3, elem type=char[])
OBJ 50002da1 (sz=40, trace=300000, class=java.util.TreeMap$Entry@500000a6)
	key		500029f0
	value		50002b8b
	right		50002da5
	parent		50002d9f
OBJ 50002da2 (sz=40, trace=300000, class=java.util.TreeMap$Entry@500000a6)
	key		500028c9
	value		500028e8
	parent		50002d9f
ARR 50002da3 (sz=6, trace=300000, nelems=3, elem type=char[])
ARR 50002da4 (sz=6, trace=300000, nelems=3, elem type=char[])
OBJ 50002da5 (sz=40, trace=300000, class=java.util.TreeMap$Entry@500000a6)
	key		500029f1
	value		50002b8c
	parent		50002da1
ARR 50002da6 (sz=6, trace=300000, nelems=3, elem type=char[])
ARR 50002da7 (sz=6, trace=300000, nelems=3, elem type=char[])
OBJ 50002da8 (sz=40, trace=300000, class=java.util.TreeMap$Entry@500000a6)
	key		500029f8
	value		50002b92
	parent		50002d9e
OBJ 50002da9 (sz=40, trace=300000, class=java.util.TreeMap$Entry@500000a6)
	key		500029f5
	value		50002b90
	left		50002dac
	right		50002dab
	parent		50002d9e
ARR 50002daa (sz=6, trace=300000, nelems=3, elem type=char[])
OBJ 50002dab (sz=40, trace=300000, class=java.util.TreeMap$Entry@500000a6)
	key		500029f6
	value		50002b91
	parent		50002da9
OBJ 50002dac (sz=40, trace=300000, class=java.util.TreeMap$Entry@500000a6)
	key		500029f4
	value		50002b8f
	left		50002dae
	parent		50002da9
ARR 50002dad (sz=6, trace=300000, nelems=3, elem type=char[])
OBJ 50002dae (sz=40, trace=300000, class=java.util.TreeMap$Entry@500000a6)
	key		500029f3
	value		50002b8e
	parent		50002dac
ARR 50002daf (sz=6, trace=300000, nelems=3, elem type=char[])
ARR 50002db0 (sz=6, trace=300000, nelems=3, elem type=char[])
ARR 50002db1 (sz=6, trace=300000, nelems=3, elem type=char[])
ARR 50002db2 (sz=8, trace=300000, nelems=4, elem type=char[])
OBJ 50002db3 (sz=40, trace=300000, class=java.util.TreeMap$Entry@500000a6)
	key		500028cd
	value		500028cc
	left		50002dca
	right		50002dc9
	parent		50002d81
OBJ 50002db4 (sz=40, trace=300000, class=java.util.TreeMap$Entry@500000a6)
	key		500029fe
	value		50002b98
	left		50002db7
	right		50002db6
	parent		50002d81
ARR 50002db5 (sz=30, trace=300000, nelems=15, elem type=char[])
OBJ 50002db6 (sz=40, trace=300000, class=java.util.TreeMap$Entry@500000a6)
	key		500028ca
	value		500028e7
	left		50002dc1
	right		50002dc0
	parent		50002db4
OBJ 50002db7 (sz=40, trace=300000, class=java.util.TreeMap$Entry@500000a6)
	key		500029fb
	value		50002b95
	left		50002dba
	right		50002db9
	parent		50002db4
ARR 50002db8 (sz=6, trace=300000, nelems=3, elem type=char[])
OBJ 50002db9 (sz=40, trace=300000, class=java.util.TreeMap$Entry@500000a6)
	key		500029fc
	value		50002b96
	right		50002dbd
	parent		50002db7
OBJ 50002dba (sz=40, trace=300000, class=java.util.TreeMap$Entry@500000a6)
	key		500029fa
	value		50002b94
	parent		50002db7
ARR 50002dbb (sz=6, trace=300000, nelems=3, elem type=char[])
ARR 50002dbc (sz=8, trace=300000, nelems=4, elem type=char[])
OBJ 50002dbd (sz=40, trace=300000, class=java.util.TreeMap$Entry@500000a6)
	key		500029fd
	value		50002b97
	parent		50002db9
ARR 50002dbe (sz=6, trace=300000, nelems=3, elem type=char[])
ARR 50002dbf (sz=8, trace=300000, nelems=4, elem type=char[])
OBJ 50002dc0 (sz=40, trace=300000, class=java.util.TreeMap$Entry@500000a6)
	key		50002925
	value		500028cc
	parent		50002db6
OBJ 50002dc1 (sz=40, trace=300000, class=java.util.TreeMap$Entry@500000a6)
	key		50002a00
	value		50002b9a
	left		50002dc4
	right		50002dc3
	parent		50002db6
ARR 50002dc2 (sz=16, trace=300000, nelems=8, elem type=char[])
OBJ 50002dc3 (sz=40, trace=300000, class=java.util.TreeMap$Entry@500000a6)
	key		50002924
	value		500028e7
	parent		50002dc1
OBJ 50002dc4 (sz=40, trace=300000, class=java.util.TreeMap$Entry@500000a6)
	key		500029ff
	value		50002b99
	parent		50002dc1
ARR 50002dc5 (sz=6, trace=300000, nelems=3, elem type=char[])
ARR 50002dc6 (sz=6, trace=300000, nelems=3, elem type=char[])
ARR 50002dc7 (sz=12, trace=300000, nelems=6, elem type=char[])
ARR 50002dc8 (sz=20, trace=300000, nelems=10, elem type=char[])
OBJ 50002dc9 (sz=40, trace=300000, class=java.util.TreeMap$Entry@500000a6)
	key		500028ce
	value		5000299c
	right		50002dcc
	parent		50002db3
OBJ 50002dca (sz=40, trace=300000, class=java.util.TreeMap$Entry@500000a6)
	key		50002927
	value		5000299c
	parent		50002db3
ARR 50002dcb (sz=42, trace=300000, nelems=21, elem type=char[])
OBJ 50002dcc (sz=40, trace=300000, class=java.util.TreeMap$Entry@500000a6)
	key		500028cf
	value		5000299d
	parent		50002dc9
OBJ 50002dcd (sz=40, trace=300000, class=java.util.TreeMap$Entry@500000a6)
	key		50002930
	value		50002992
	left		50002e0e
	right		50002e0d
	parent		50002d24
OBJ 50002dce (sz=40, trace=300000, class=java.util.TreeMap$Entry@500000a6)
	key		5000292c
	value		5000299f
	left		50002dd1
	right		50002dd0
	parent		50002d24
ARR 50002dcf (sz=12, trace=300000, nelems=6, elem type=char[])
OBJ 50002dd0 (sz=40, trace=300000, class=java.util.TreeMap$Entry@500000a6)
	key		50002a73
	value		50002a05
	left		50002ded
	right		50002dec
	parent		50002dce
OBJ 50002dd1 (sz=40, trace=300000, class=java.util.TreeMap$Entry@500000a6)
	key		50002a65
	value		50002a04
	left		50002dd4
	right		50002dd3
	parent		50002dce
ARR 50002dd2 (sz=16, trace=300000, nelems=8, elem type=char[])
OBJ 50002dd3 (sz=40, trace=300000, class=java.util.TreeMap$Entry@500000a6)
	key		50002a69
	value		50002a08
	left		50002ddc
	right		50002ddb
	parent		50002dd1
OBJ 50002dd4 (sz=40, trace=300000, class=java.util.TreeMap$Entry@500000a6)
	key		5000292a
	value		500028cc
	left		50002dd7
	right		50002dd6
	parent		50002dd1
ARR 50002dd5 (sz=20, trace=300000, nelems=10, elem type=char[])
OBJ 50002dd6 (sz=40, trace=300000, class=java.util.TreeMap$Entry@500000a6)
	key		5000292b
	value		5000299c
	parent		50002dd4
OBJ 50002dd7 (sz=40, trace=300000, class=java.util.TreeMap$Entry@500000a6)
	key		50002929
	value		5000299c
	parent		50002dd4
ARR 50002dd8 (sz=18, trace=300000, nelems=9, elem type=char[])
ARR 50002dd9 (sz=22, trace=300000, nelems=11, elem type=char[])
ARR 50002dda (sz=28, trace=300000, nelems=14, elem type=char[])
OBJ 50002ddb (sz=40, trace=300000, class=java.util.TreeMap$Entry@500000a6)
	key		50002a6b
	value		50002a0a
	left		50002de4
	right		50002de3
	parent		50002dd3
OBJ 50002ddc (sz=40, trace=300000, class=java.util.TreeMap$Entry@500000a6)
	key		50002a67
	value		50002a06
	left		50002ddf
	right		50002dde
	parent		50002dd3
ARR 50002ddd (sz=20, trace=300000, nelems=10, elem type=char[])
OBJ 50002dde (sz=40, trace=300000, class=java.util.TreeMap$Entry@500000a6)
	key		50002a68
	value		50002a07
	parent		50002ddc
OBJ 50002ddf (sz=40, trace=300000, class=java.util.TreeMap$Entry@500000a6)
	key		50002a66
	value		50002a05
	parent		50002ddc
ARR 50002de0 (sz=20, trace=300000, nelems=10, elem type=char[])
ARR 50002de1 (sz=20, trace=300000, nelems=10, elem type=char[])
ARR 50002de2 (sz=20, trace=300000, nelems=10, elem type=char[])
OBJ 50002de3 (sz=40, trace=300000, class=java.util.TreeMap$Entry@500000a6)
	key		50002a6d
	value		50002a0c
	left		50002de8
	right		50002de7
	parent		50002ddb
OBJ 50002de4 (sz=40, trace=300000, class=java.util.TreeMap$Entry@500000a6)
	key		50002a6a
	value		50002a09
	parent		50002ddb
ARR 50002de5 (sz=20, trace=300000, nelems=10, elem type=char[])
ARR 50002de6 (sz=20, trace=300000, nelems=10, elem type=char[])
OBJ 50002de7 (sz=40, trace=300000, class=java.util.TreeMap$Entry@500000a6)
	key		50002a6e
	value		50002a0d
	parent		50002de3
OBJ 50002de8 (sz=40, trace=300000, class=java.util.TreeMap$Entry@500000a6)
	key		50002a6c
	value		50002a0b
	parent		50002de3
ARR 50002de9 (sz=20, trace=300000, nelems=10, elem type=char[])
ARR 50002dea (sz=20, trace=300000, nelems=10, elem type=char[])
ARR 50002deb (sz=20, trace=300000, nelems=10, elem type=char[])
OBJ 50002dec (sz=40, trace=300000, class=java.util.TreeMap$Entry@500000a6)
	key		50002a77
	value		50002a09
	left		50002df7
	right		50002df6
	parent		50002dd0
OBJ 50002ded (sz=40, trace=300000, class=java.util.TreeMap$Entry@500000a6)
	key		50002a71
	value		50002a3a
	left		50002df0
	right		50002def
	parent		50002dd0
ARR 50002dee (sz=14, trace=300000, nelems=7, elem type=char[])
OBJ 50002def (sz=40, trace=300000, class=java.util.TreeMap$Entry@500000a6)
	key		50002a72
	value		50002a04
	parent		50002ded
OBJ 50002df0 (sz=40, trace=300000, class=java.util.TreeMap$Entry@500000a6)
	key		50002a6f
	value		50002a3e
	right		50002df2
	parent		50002ded
ARR 50002df1 (sz=10, trace=300000, nelems=5, elem type=char[])
OBJ 50002df2 (sz=40, trace=300000, class=java.util.TreeMap$Entry@500000a6)
	key		50002a70
	value		50002a3f
	parent		50002df0
ARR 50002df3 (sz=10, trace=300000, nelems=5, elem type=char[])
ARR 50002df4 (sz=10, trace=300000, nelems=5, elem type=char[])
ARR 50002df5 (sz=14, trace=300000, nelems=7, elem type=char[])
OBJ 50002df6 (sz=40, trace=300000, class=java.util.TreeMap$Entry@500000a6)
	key		50002a7d
	value		50002b78
	left		50002dff
	right		50002dfe
	parent		50002dec
OBJ 50002df7 (sz=40, trace=300000, class=java.util.TreeMap$Entry@500000a6)
	key		50002a75
	value		50002a07
	left		50002dfa
	right		50002df9
	parent		50002dec
ARR 50002df8 (sz=14, trace=300000, nelems=7, elem type=char[])
OBJ 50002df9 (sz=40, trace=300000, class=java.util.TreeMap$Entry@500000a6)
	key		50002a76
	value		50002a08
	parent		50002df7
OBJ 50002dfa (sz=40, trace=300000, class=java.util.TreeMap$Entry@500000a6)
	key		50002a74
	value		50002a06
	parent		50002df7
ARR 50002dfb (sz=14, trace=300000, nelems=7, elem type=char[])
ARR 50002dfc (sz=14, trace=300000, nelems=7, elem type=char[])
ARR 50002dfd (sz=14, trace=300000, nelems=7, elem type=char[])
OBJ 50002dfe (sz=40, trace=300000, class=java.util.TreeMap$Entry@500000a6)
	key		50002a7e
	value		50002b79
	right		50002e0a
	parent		50002df6
OBJ 50002dff (sz=40, trace=300000, class=java.util.TreeMap$Entry@500000a6)
	key		50002a79
	value		50002a0b
	left		50002e02
	right		50002e01
	parent		50002df6
ARR 50002e00 (sz=12, trace=300000, nelems=6, elem type=char[])
OBJ 50002e01 (sz=40, trace=300000, class=java.util.TreeMap$Entry@500000a6)
	key		50002a7b
	value		50002a0d
	left		50002e06
	right		50002e05
	parent		50002dff
OBJ 50002e02 (sz=40, trace=300000, class=java.util.TreeMap$Entry@500000a6)
	key		50002a78
	value		50002a0a
	parent		50002dff
ARR 50002e03 (sz=14, trace=300000, nelems=7, elem type=char[])
ARR 50002e04 (sz=14, trace=300000, nelems=7, elem type=char[])
OBJ 50002e05 (sz=40, trace=300000, class=java.util.TreeMap$Entry@500000a6)
	key		50002a7c
	value		50002a0e
	parent		50002e01
OBJ 50002e06 (sz=40, trace=300000, class=java.util.TreeMap$Entry@500000a6)
	key		50002a7a
	value		50002a0c
	parent		50002e01
ARR 50002e07 (sz=14, trace=300000, nelems=7, elem type=char[])
ARR 50002e08 (sz=14, trace=300000, nelems=7, elem type=char[])
ARR 50002e09 (sz=10, trace=300000, nelems=5, elem type=char[])
OBJ 50002e0a (sz=40, trace=300000, class=java.util.TreeMap$Entry@500000a6)
	key		50002a7f
	value		50002a11
	parent		50002dfe
ARR 50002e0b (sz=12, trace=300000, nelems=6, elem type=char[])
ARR 50002e0c (sz=12, trace=300000, nelems=6, elem type=char[])
OBJ 50002e0d (sz=40, trace=300000, class=java.util.TreeMap$Entry@500000a6)
	key		50002a98
	value		50002a2a
	left		50002e3a
	right		50002e39
	parent		50002dcd
OBJ 50002e0e (sz=40, trace=300000, class=java.util.TreeMap$Entry@500000a6)
	key		50002a88
	value		50002a04
	left		50002e11
	right		50002e10
	parent		50002dcd
ARR 50002e0f (sz=12, trace=300000, nelems=6, elem type=char[])
OBJ 50002e10 (sz=40, trace=300000, class=java.util.TreeMap$Entry@500000a6)
	key		50002a8c
	value		50002a08
	left		50002e23
	right		50002e22
	parent		50002e0e
OBJ 50002e11 (sz=40, trace=300000, class=java.util.TreeMap$Entry@500000a6)
	key		50002a84
	value		50002b7d
	left		50002e14
	right		50002e13
	parent		50002e0e
ARR 50002e12 (sz=12, trace=300000, nelems=6, elem type=char[])
OBJ 50002e13 (sz=40, trace=300000, class=java.util.TreeMap$Entry@500000a6)
	key		50002a86
	value		50002b7f
	left		50002e1e
	right		50002e1d
	parent		50002e11
OBJ 50002e14 (sz=40, trace=300000, class=java.util.TreeMap$Entry@500000a6)
	key		5000292d
	value		500028e7
	left		50002e17
	right		50002e16
	parent		50002e11
ARR 50002e15 (sz=12, trace=300000, nelems=6, elem type=char[])
OBJ 50002e16 (sz=40, trace=300000, class=java.util.TreeMap$Entry@500000a6)
	key		50002a83
	value		50002b7c
	left		50002e1a
	parent		50002e14
OBJ 50002e17 (sz=40, trace=300000, class=java.util.TreeMap$Entry@500000a6)
	key		50002a81
	value		50002a13
	parent		50002e14
ARR 50002e18 (sz=12, trace=300000, nelems=6, elem type=char[])
ARR 50002e19 (sz=12, trace=300000, nelems=6, elem type=char[])
OBJ 50002e1a (sz=40, trace=300000, class=java.util.TreeMap$Entry@500000a6)
	key		50002a82
	value		50002b7b
	parent		50002e16
ARR 50002e1b (sz=12, trace=300000, nelems=6, elem type=char[])
ARR 50002e1c (sz=12, trace=300000, nelems=6, elem type=char[])
OBJ 50002e1d (sz=40, trace=300000, class=java.util.TreeMap$Entry@500000a6)
	key		50002a87
	value		50002b80
	parent		50002e13
OBJ 50002e1e (sz=40, trace=300000, class=java.util.TreeMap$Entry@500000a6)
	key		50002a85
	value		50002b7e
	parent		50002e13
ARR 50002e1f (sz=12, trace=300000, nelems=6, elem type=char[])
ARR 50002e20 (sz=12, trace=300000, nelems=6, elem type=char[])
ARR 50002e21 (sz=12, trace=300000, nelems=6, elem type=char[])
OBJ 50002e22 (sz=40, trace=300000, class=java.util.TreeMap$Entry@500000a6)
	key		50002a90
	value		50002a0c
	left		50002e2b
	right		50002e2a
	parent		50002e10
OBJ 50002e23 (sz=40, trace=300000, class=java.util.TreeMap$Entry@500000a6)
	key		50002a8a
	value		50002a06
	left		50002e26
	right		50002e25
	parent		50002e10
ARR 50002e24 (sz=12, trace=300000, nelems=6, elem type=char[])
OBJ 50002e25 (sz=40, trace=300000, class=java.util.TreeMap$Entry@500000a6)
	key		50002a8b
	value		50002a07
	parent		50002e23
OBJ 50002e26 (sz=40, trace=300000, class=java.util.TreeMap$Entry@500000a6)
	key		50002a89
	value		50002a05
	parent		50002e23
ARR 50002e27 (sz=12, trace=300000, nelems=6, elem type=char[])
ARR 50002e28 (sz=12, trace=300000, nelems=6, elem type=char[])
ARR 50002e29 (sz=12, trace=300000, nelems=6, elem type=char[])
OBJ 50002e2a (sz=40, trace=300000, class=java.util.TreeMap$Entry@500000a6)
	key		5000292e
	value		50002990
	left		50002e33
	right		50002e32
	parent		50002e22
OBJ 50002e2b (sz=40, trace=300000, class=java.util.TreeMap$Entry@500000a6)
	key		50002a8e
	value		50002a0a
	left		50002e2e
	right		50002e2d
	parent		50002e22
ARR 50002e2c (sz=12, trace=300000, nelems=6, elem type=char[])
OBJ 50002e2d (sz=40, trace=300000, class=java.util.TreeMap$Entry@500000a6)
	key		50002a8f
	value		50002a0b
	parent		50002e2b
OBJ 50002e2e (sz=40, trace=300000, class=java.util.TreeMap$Entry@500000a6)
	key		50002a8d
	value		50002a09
	parent		50002e2b
ARR 50002e2f (sz=12, trace=300000, nelems=6, elem type=char[])
ARR 50002e30 (sz=12, trace=300000, nelems=6, elem type=char[])
ARR 50002e31 (sz=12, trace=300000, nelems=6, elem type=char[])
OBJ 50002e32 (sz=40, trace=300000, class=java.util.TreeMap$Entry@500000a6)
	key		5000292f
	value		50002991
	parent		50002e2a
OBJ 50002e33 (sz=40, trace=300000, class=java.util.TreeMap$Entry@500000a6)
	key		50002a91
	value		50002a0d
	right		50002e35
	parent		50002e2a
ARR 50002e34 (sz=12, trace=300000, nelems=6, elem type=char[])
OBJ 50002e35 (sz=40, trace=300000, class=java.util.TreeMap$Entry@500000a6)
	key		50002a92
	value		50002b81
	parent		50002e33
ARR 50002e36 (sz=12, trace=300000, nelems=6, elem type=char[])
ARR 50002e37 (sz=12, trace=300000, nelems=6, elem type=char[])
ARR 50002e38 (sz=12, trace=300000, nelems=6, elem type=char[])
OBJ 50002e39 (sz=40, trace=300000, class=java.util.TreeMap$Entry@500000a6)
	key		50002a9d
	value		50002a2f
	left		50002e46
	right		50002e45
	parent		50002e0d
OBJ 50002e3a (sz=40, trace=300000, class=java.util.TreeMap$Entry@500000a6)
	key		50002a96
	value		50002a28
	left		50002e3d
	right		50002e3c
	parent		50002e0d
ARR 50002e3b (sz=10, trace=300000, nelems=5, elem type=char[])
OBJ 50002e3c (sz=40, trace=300000, class=java.util.TreeMap$Entry@500000a6)
	key		50002a97
	value		50002a29
	parent		50002e3a
OBJ 50002e3d (sz=40, trace=300000, class=java.util.TreeMap$Entry@500000a6)
	key		50002a94
	value		50002b83
	left		50002e40
	right		50002e3f
	parent		50002e3a
ARR 50002e3e (sz=10, trace=300000, nelems=5, elem type=char[])
OBJ 50002e3f (sz=40, trace=300000, class=java.util.TreeMap$Entry@500000a6)
	key		50002a95
	value		50002b84
	parent		50002e3d
OBJ 50002e40 (sz=40, trace=300000, class=java.util.TreeMap$Entry@500000a6)
	key		50002a93
	value		50002b82
	parent		50002e3d
ARR 50002e41 (sz=12, trace=300000, nelems=6, elem type=char[])
ARR 50002e42 (sz=12, trace=300000, nelems=6, elem type=char[])
ARR 50002e43 (sz=12, trace=300000, nelems=6, elem type=char[])
ARR 50002e44 (sz=10, trace=300000, nelems=5, elem type=char[])
OBJ 50002e45 (sz=40, trace=300000, class=java.util.TreeMap$Entry@500000a6)
	key		50002aa1
	value		50002a33
	left		50002e50
	right		50002e4f
	parent		50002e39
OBJ 50002e46 (sz=40, trace=300000, class=java.util.TreeMap$Entry@500000a6)
	key		50002a9a
	value		50002a2c
	left		50002e49
	right		50002e48
	parent		50002e39
ARR 50002e47 (sz=10, trace=300000, nelems=5, elem type=char[])
OBJ 50002e48 (sz=40, trace=300000, class=java.util.TreeMap$Entry@500000a6)
	key		50002a9b
	value		50002a2d
	right		50002e4c
	parent		50002e46
OBJ 50002e49 (sz=40, trace=300000, class=java.util.TreeMap$Entry@500000a6)
	key		50002a99
	value		50002a2b
	parent		50002e46
ARR 50002e4a (sz=10, trace=300000, nelems=5, elem type=char[])
ARR 50002e4b (sz=10, trace=300000, nelems=5, elem type=char[])
OBJ 50002e4c (sz=40, trace=300000, class=java.util.TreeMap$Entry@500000a6)
	key		50002a9c
	value		50002a2e
	parent		50002e48
ARR 50002e4d (sz=10, trace=300000, nelems=5, elem type=char[])
ARR 50002e4e (sz=10, trace=300000, nelems=5, elem type=char[])
OBJ 50002e4f (sz=40, trace=300000, class=java.util.TreeMap$Entry@500000a6)
	key		50002931
	value		500029b3
	left		50002e57
	parent		50002e45
OBJ 50002e50 (sz=40, trace=300000, class=java.util.TreeMap$Entry@500000a6)
	key		50002a9f
	value		50002b86
	left		50002e53
	right		50002e52
	parent		50002e45
ARR 50002e51 (sz=10, trace=300000, nelems=5, elem type=char[])
OBJ 50002e52 (sz=40, trace=300000, class=java.util.TreeMap$Entry@500000a6)
	key		50002aa0
	value		50002a32
	parent		50002e50
OBJ 50002e53 (sz=40, trace=300000, class=java.util.TreeMap$Entry@500000a6)
	key		50002a9e
	value		50002b85
	parent		50002e50
ARR 50002e54 (sz=14, trace=300000, nelems=7, elem type=char[])
ARR 50002e55 (sz=10, trace=300000, nelems=5, elem type=char[])
ARR 50002e56 (sz=10, trace=300000, nelems=5, elem type=char[])
OBJ 50002e57 (sz=40, trace=300000, class=java.util.TreeMap$Entry@500000a6)
	key		50002aa2
	value		50002a34
	parent		50002e4f
ARR 50002e58 (sz=14, trace=300000, nelems=7, elem type=char[])
ARR 50002e59 (sz=10, trace=300000, nelems=5, elem type=char[])
OBJ 50002e5a (sz=40, trace=300000, class=java.util.TreeMap$Entry@500000a6)
	key		50002944
	value		50002993
	left		50002eb2
	right		50002eb1
	parent		50002d21
OBJ 50002e5b (sz=40, trace=300000, class=java.util.TreeMap$Entry@500000a6)
	key		50002ab9
	value		500029a0
	left		50002e5e
	right		50002e5d
	parent		50002d21
ARR 50002e5c (sz=12, trace=300000, nelems=6, elem type=char[])
OBJ 50002e5d (sz=40, trace=300000, class=java.util.TreeMap$Entry@500000a6)
	key		50002abd
	value		50002b95
	left		50002e91
	right		50002e90
	parent		50002e5b
OBJ 50002e5e (sz=40, trace=300000, class=java.util.TreeMap$Entry@500000a6)
	key		50002934
	value		500028e8
	left		50002e61
	right		50002e60
	parent		50002e5b
ARR 50002e5f (sz=10, trace=300000, nelems=5, elem type=char[])
OBJ 50002e60 (sz=40, trace=300000, class=java.util.TreeMap$Entry@500000a6)
	key		50002ab6
	value		50002b8f
	left		50002e81
	right		50002e80
	parent		50002e5e
OBJ 50002e61 (sz=40, trace=300000, class=java.util.TreeMap$Entry@500000a6)
	key		50002aa9
	value		50002a3b
	left		50002e64
	right		50002e63
	parent		50002e5e
ARR 50002e62 (sz=10, trace=300000, nelems=5, elem type=char[])
OBJ 50002e63 (sz=40, trace=300000, class=java.util.TreeMap$Entry@500000a6)
	key		50002aad
	value		50002a3f
	left		50002e72
	right		50002e71
	parent		50002e61
OBJ 50002e64 (sz=40, trace=300000, class=java.util.TreeMap$Entry@500000a6)
	key		50002aa7
	value		50002a39
	left		50002e67
	right		50002e66
	parent		50002e61
ARR 50002e65 (sz=10, trace=300000, nelems=5, elem type=char[])
OBJ 50002e66 (sz=40, trace=300000, class=java.util.TreeMap$Entry@500000a6)
	key		50002aa8
	value		50002a3a
	parent		50002e64
OBJ 50002e67 (sz=40, trace=300000, class=java.util.TreeMap$Entry@500000a6)
	key		50002aa4
	value		50002b88
	left		50002e6a
	right		50002e69
	parent		50002e64
ARR 50002e68 (sz=10, trace=300000, nelems=5, elem type=char[])
OBJ 50002e69 (sz=40, trace=300000, class=java.util.TreeMap$Entry@500000a6)
	key		50002aa6
	value		50002b89
	left		50002e6d
	parent		50002e67
OBJ 50002e6a (sz=40, trace=300000, class=java.util.TreeMap$Entry@500000a6)
	key		50002aa3
	value		50002b87
	parent		50002e67
ARR 50002e6b (sz=10, trace=300000, nelems=5, elem type=char[])
ARR 50002e6c (sz=10, trace=300000, nelems=5, elem type=char[])
OBJ 50002e6d (sz=40, trace=300000, class=java.util.TreeMap$Entry@500000a6)
	key		50002aa5
	value		50002a03
	parent		50002e69
ARR 50002e6e (sz=10, trace=300000, nelems=5, elem type=char[])
ARR 50002e6f (sz=10, trace=300000, nelems=5, elem type=char[])
ARR 50002e70 (sz=10, trace=300000, nelems=5, elem type=char[])
OBJ 50002e71 (sz=40, trace=300000, class=java.util.TreeMap$Entry@500000a6)
	key		50002aaf
	value		50002a41
	left		50002e7a
	right		50002e79
	parent		50002e63
OBJ 50002e72 (sz=40, trace=300000, class=java.util.TreeMap$Entry@500000a6)
	key		50002aab
	value		50002a3d
	left		50002e75
	right		50002e74
	parent		50002e63
ARR 50002e73 (sz=10, trace=300000, nelems=5, elem type=char[])
OBJ 50002e74 (sz=40, trace=300000, class=java.util.TreeMap$Entry@500000a6)
	key		50002aac
	value		50002a3e
	parent		50002e72
OBJ 50002e75 (sz=40, trace=300000, class=java.util.TreeMap$Entry@500000a6)
	key		50002aaa
	value		50002a3c
	parent		50002e72
ARR 50002e76 (sz=10, trace=300000, nelems=5, elem type=char[])
ARR 50002e77 (sz=10, trace=300000, nelems=5, elem type=char[])
ARR 50002e78 (sz=10, trace=300000, nelems=5, elem type=char[])
OBJ 50002e79 (sz=40, trace=300000, class=java.util.TreeMap$Entry@500000a6)
	key		50002933
	value		500028e6
	left		50002e7d
	parent		50002e71
OBJ 50002e7a (sz=40, trace=300000, class=java.util.TreeMap$Entry@500000a6)
	key		50002aae
	value		50002a40
	parent		50002e71
ARR 50002e7b (sz=10, trace=300000, nelems=5, elem type=char[])
ARR 50002e7c (sz=10, trace=300000, nelems=5, elem type=char[])
OBJ 50002e7d (sz=40, trace=300000, class=java.util.TreeMap$Entry@500000a6)
	key		50002ab0
	value		50002b8a
	parent		50002e79
ARR 50002e7e (sz=10, trace=300000, nelems=5, elem type=char[])
ARR 50002e7f (sz=10, trace=300000, nelems=5, elem type=char[])
OBJ 50002e80 (sz=40, trace=300000, class=java.util.TreeMap$Entry@500000a6)
	key		50002ab7
	value		50002b90
	left		50002e8d
	right		50002e8c
	parent		50002e60
OBJ 50002e81 (sz=40, trace=300000, class=java.util.TreeMap$Entry@500000a6)
	key		50002ab2
	value		50002b8b
	left		50002e84
	right		50002e83
	parent		50002e60
ARR 50002e82 (sz=10, trace=300000, nelems=5, elem type=char[])
OBJ 50002e83 (sz=40, trace=300000, class=java.util.TreeMap$Entry@500000a6)
	key		50002ab4
	value		50002b8d
	left		50002e88
	right		50002e87
	parent		50002e81
OBJ 50002e84 (sz=40, trace=300000, class=java.util.TreeMap$Entry@500000a6)
	key		50002ab1
	value		50002a43
	parent		50002e81
ARR 50002e85 (sz=10, trace=300000, nelems=5, elem type=char[])
ARR 50002e86 (sz=10, trace=300000, nelems=5, elem type=char[])
OBJ 50002e87 (sz=40, trace=300000, class=java.util.TreeMap$Entry@500000a6)
	key		50002ab5
	value		50002b8e
	parent		50002e83
OBJ 50002e88 (sz=40, trace=300000, class=java.util.TreeMap$Entry@500000a6)
	key		50002ab3
	value		50002b8c
	parent		50002e83
ARR 50002e89 (sz=10, trace=300000, nelems=5, elem type=char[])
ARR 50002e8a (sz=10, trace=300000, nelems=5, elem type=char[])
ARR 50002e8b (sz=10, trace=300000, nelems=5, elem type=char[])
OBJ 50002e8c (sz=40, trace=300000, class=java.util.TreeMap$Entry@500000a6)
	key		50002ab8
	value		50002b91
	parent		50002e80
OBJ 50002e8d (sz=40, trace=300000, class=java.util.TreeMap$Entry@500000a6)
	key		5000273e
	value		5000273b
	parent		50002e80
ARR 50002e8e (sz=10, trace=300000, nelems=5, elem type=char[])
ARR 50002e8f (sz=10, trace=300000, nelems=5, elem type=char[])
OBJ 50002e90 (sz=40, trace=300000, class=java.util.TreeMap$Entry@500000a6)
	key		50002ac3
	value		50002a2c
	left		50002e99
	right		50002e98
	parent		50002e5d
OBJ 50002e91 (sz=40, trace=300000, class=java.util.TreeMap$Entry@500000a6)
	key		50002abb
	value		50002b93
	left		50002e94
	right		50002e93
	parent		50002e5d
ARR 50002e92 (sz=10, trace=300000, nelems=5, elem type=char[])
OBJ 50002e93 (sz=40, trace=300000, class=java.util.TreeMap$Entry@500000a6)
	key		50002abc
	value		50002b94
	parent		50002e91
OBJ 50002e94 (sz=40, trace=300000, class=java.util.TreeMap$Entry@500000a6)
	key		50002aba
	value		50002b92
	parent		50002e91
ARR 50002e95 (sz=10, trace=300000, nelems=5, elem type=char[])
ARR 50002e96 (sz=12, trace=300000, nelems=6, elem type=char[])
ARR 50002e97 (sz=12, trace=300000, nelems=6, elem type=char[])
OBJ 50002e98 (sz=40, trace=300000, class=java.util.TreeMap$Entry@500000a6)
	key		50002ac7
	value		50002a0e
	left		50002ea5
	right		50002ea4
	parent		50002e90
OBJ 50002e99 (sz=40, trace=300000, class=java.util.TreeMap$Entry@500000a6)
	key		50002abf
	value		50002b97
	left		50002e9c
	right		50002e9b
	parent		50002e90
ARR 50002e9a (sz=16, trace=300000, nelems=8, elem type=char[])
OBJ 50002e9b (sz=40, trace=300000, class=java.util.TreeMap$Entry@500000a6)
	key		50002ac1
	value		50002b99
	left		50002ea0
	right		50002e9f
	parent		50002e99
OBJ 50002e9c (sz=40, trace=300000, class=java.util.TreeMap$Entry@500000a6)
	key		50002abe
	value		50002b96
	parent		50002e99
ARR 50002e9d (sz=12, trace=300000, nelems=6, elem type=char[])
ARR 50002e9e (sz=10, trace=300000, nelems=5, elem type=char[])
OBJ 50002e9f (sz=40, trace=300000, class=java.util.TreeMap$Entry@500000a6)
	key		50002ac2
	value		50002b9a
	parent		50002e9b
OBJ 50002ea0 (sz=40, trace=300000, class=java.util.TreeMap$Entry@500000a6)
	key		50002ac0
	value		50002b98
	parent		50002e9b
ARR 50002ea1 (sz=10, trace=300000, nelems=5, elem type=char[])
ARR 50002ea2 (sz=10, trace=300000, nelems=5, elem type=char[])
ARR 50002ea3 (sz=10, trace=300000, nelems=5, elem type=char[])
OBJ 50002ea4 (sz=40, trace=300000, class=java.util.TreeMap$Entry@500000a6)
	key		50002ac9
	value		50002a0e
	left		50002ead
	right		50002eac
	parent		50002e98
OBJ 50002ea5 (sz=40, trace=300000, class=java.util.TreeMap$Entry@500000a6)
	key		50002ac5
	value		50002a2f
	left		50002ea8
	right		50002ea7
	parent		50002e98
ARR 50002ea6 (sz=30, trace=300000, nelems=15, elem type=char[])
OBJ 50002ea7 (sz=40, trace=300000, class=java.util.TreeMap$Entry@500000a6)
	key		50002ac6
	value		50002a0e
	parent		50002ea5
OBJ 50002ea8 (sz=40, trace=300000, class=java.util.TreeMap$Entry@500000a6)
	key		50002ac4
	value		50002a2d
	parent		50002ea5
ARR 50002ea9 (sz=16, trace=300000, nelems=8, elem type=char[])
ARR 50002eaa (sz=16, trace=300000, nelems=8, elem type=char[])
ARR 50002eab (sz=14, trace=300000, nelems=7, elem type=char[])
OBJ 50002eac (sz=40, trace=300000, class=java.util.TreeMap$Entry@500000a6)
	key		50002aca
	value		50002a0e
	parent		50002ea4
OBJ 50002ead (sz=40, trace=300000, class=java.util.TreeMap$Entry@500000a6)
	key		50002ac8
	value		50002a0e
	parent		50002ea4
ARR 50002eae (sz=30, trace=300000, nelems=15, elem type=char[])
ARR 50002eaf (sz=30, trace=300000, nelems=15, elem type=char[])
ARR 50002eb0 (sz=30, trace=300000, nelems=15, elem type=char[])
OBJ 50002eb1 (sz=40, trace=300000, class=java.util.TreeMap$Entry@500000a6)
	key		500028d3
	value		5000299f
	left		50002ef6
	right		50002ef5
	parent		50002e5a
OBJ 50002eb2 (sz=40, trace=300000, class=java.util.TreeMap$Entry@500000a6)
	key		5000293a
	value		50002907
	left		50002eb5
	right		50002eb4
	parent		50002e5a
ARR 50002eb3 (sz=24, trace=300000, nelems=12, elem type=char[])
OBJ 50002eb4 (sz=40, trace=300000, class=java.util.TreeMap$Entry@500000a6)
	key		5000293f
	value		500029a5
	left		50002ee3
	right		50002ee2
	parent		50002eb2
OBJ 50002eb5 (sz=40, trace=300000, class=java.util.TreeMap$Entry@500000a6)
	key		50002ad5
	value		50002a3a
	left		50002eb8
	right		50002eb7
	parent		50002eb2
ARR 50002eb6 (sz=40, trace=300000, nelems=20, elem type=char[])
OBJ 50002eb7 (sz=40, trace=300000, class=java.util.TreeMap$Entry@500000a6)
	key		50002ad9
	value		50002a3e
	left		50002ed4
	right		50002ed3
	parent		50002eb5
OBJ 50002eb8 (sz=40, trace=300000, class=java.util.TreeMap$Entry@500000a6)
	key		50002acc
	value		50002a2a
	left		50002ebb
	right		50002eba
	parent		50002eb5
ARR 50002eb9 (sz=16, trace=300000, nelems=8, elem type=char[])
OBJ 50002eba (sz=40, trace=300000, class=java.util.TreeMap$Entry@500000a6)
	key		50002ace
	value		50002a2d
	left		50002ec5
	right		50002ec4
	parent		50002eb8
OBJ 50002ebb (sz=40, trace=300000, class=java.util.TreeMap$Entry@500000a6)
	key		50002938
	value		50002905
	left		50002ebe
	right		50002ebd
	parent		50002eb8
ARR 50002ebc (sz=16, trace=300000, nelems=8, elem type=char[])
OBJ 50002ebd (sz=40, trace=300000, class=java.util.TreeMap$Entry@500000a6)
	key		50002acb
	value		50002a0e
	parent		50002ebb
OBJ 50002ebe (sz=40, trace=300000, class=java.util.TreeMap$Entry@500000a6)
	key		50002937
	value		500028d1
	left		50002ec0
	parent		50002ebb
ARR 50002ebf (sz=38, trace=300000, nelems=19, elem type=char[])
OBJ 50002ec0 (sz=40, trace=300000, class=java.util.TreeMap$Entry@500000a6)
	key		50002936
	value		500028d2
	parent		50002ebe
ARR 50002ec1 (sz=38, trace=300000, nelems=19, elem type=char[])
ARR 50002ec2 (sz=14, trace=300000, nelems=7, elem type=char[])
ARR 50002ec3 (sz=16, trace=300000, nelems=8, elem type=char[])
OBJ 50002ec4 (sz=40, trace=300000, class=java.util.TreeMap$Entry@500000a6)
	key		50002ad1
	value		50002a32
	left		50002ec9
	right		50002ec8
	parent		50002eba
OBJ 50002ec5 (sz=40, trace=300000, class=java.util.TreeMap$Entry@500000a6)
	key		50002acd
	value		50002a2c
	parent		50002eba
ARR 50002ec6 (sz=16, trace=300000, nelems=8, elem type=char[])
ARR 50002ec7 (sz=16, trace=300000, nelems=8, elem type=char[])
OBJ 50002ec8 (sz=40, trace=300000, class=java.util.TreeMap$Entry@500000a6)
	key		50002ad3
	value		50002a34
	left		50002ecf
	right		50002ece
	parent		50002ec4
OBJ 50002ec9 (sz=40, trace=300000, class=java.util.TreeMap$Entry@500000a6)
	key		50002ad0
	value		50002a2f
	left		50002ecb
	parent		50002ec4
ARR 50002eca (sz=16, trace=300000, nelems=8, elem type=char[])
OBJ 50002ecb (sz=40, trace=300000, class=java.util.TreeMap$Entry@500000a6)
	key		50002acf
	value		50002a2e
	parent		50002ec9
ARR 50002ecc (sz=16, trace=300000, nelems=8, elem type=char[])
ARR 50002ecd (sz=16, trace=300000, nelems=8, elem type=char[])
OBJ 50002ece (sz=40, trace=300000, class=java.util.TreeMap$Entry@500000a6)
	key		50002ad4
	value		50002a39
	parent		50002ec8
OBJ 50002ecf (sz=40, trace=300000, class=java.util.TreeMap$Entry@500000a6)
	key		50002ad2
	value		50002a33
	parent		50002ec8
ARR 50002ed0 (sz=16, trace=300000, nelems=8, elem type=char[])
ARR 50002ed1 (sz=16, trace=300000, nelems=8, elem type=char[])
ARR 50002ed2 (sz=16, trace=300000, nelems=8, elem type=char[])
OBJ 50002ed3 (sz=40, trace=300000, class=java.util.TreeMap$Entry@500000a6)
	key		50002adb
	value		50002a40
	left		50002edc
	right		50002edb
	parent		50002eb7
OBJ 50002ed4 (sz=40, trace=300000, class=java.util.TreeMap$Entry@500000a6)
	key		50002ad7
	value		50002a3c
	left		50002ed7
	right		50002ed6
	parent		50002eb7
ARR 50002ed5 (sz=16, trace=300000, nelems=8, elem type=char[])
OBJ 50002ed6 (sz=40, trace=300000, class=java.util.TreeMap$Entry@500000a6)
	key		50002ad8
	value		50002a3d
	parent		50002ed4
OBJ 50002ed7 (sz=40, trace=300000, class=java.util.TreeMap$Entry@500000a6)
	key		50002ad6
	value		50002a3b
	parent		50002ed4
ARR 50002ed8 (sz=16, trace=300000, nelems=8, elem type=char[])
ARR 50002ed9 (sz=16, trace=300000, nelems=8, elem type=char[])
ARR 50002eda (sz=16, trace=300000, nelems=8, elem type=char[])
OBJ 50002edb (sz=40, trace=300000, class=java.util.TreeMap$Entry@500000a6)
	key		50002939
	value		500029a1
	left		50002edf
	parent		50002ed3
OBJ 50002edc (sz=40, trace=300000, class=java.util.TreeMap$Entry@500000a6)
	key		50002ada
	value		50002a3f
	parent		50002ed3
ARR 50002edd (sz=16, trace=300000, nelems=8, elem type=char[])
ARR 50002ede (sz=16, trace=300000, nelems=8, elem type=char[])
OBJ 50002edf (sz=40, trace=300000, class=java.util.TreeMap$Entry@500000a6)
	key		50002adc
	value		50002a41
	parent		50002edb
ARR 50002ee0 (sz=38, trace=300000, nelems=19, elem type=char[])
ARR 50002ee1 (sz=16, trace=300000, nelems=8, elem type=char[])
OBJ 50002ee2 (sz=40, trace=300000, class=java.util.TreeMap$Entry@500000a6)
	key		50002945
	value		500028e3
	left		50002eed
	right		50002eec
	parent		50002eb4
OBJ 50002ee3 (sz=40, trace=300000, class=java.util.TreeMap$Entry@500000a6)
	key		5000293c
	value		500028e3
	left		50002ee6
	right		50002ee5
	parent		50002eb4
ARR 50002ee4 (sz=30, trace=300000, nelems=15, elem type=char[])
OBJ 50002ee5 (sz=40, trace=300000, class=java.util.TreeMap$Entry@500000a6)
	key		5000293d
	value		500028e4
	right		50002ee9
	parent		50002ee3
OBJ 50002ee6 (sz=40, trace=300000, class=java.util.TreeMap$Entry@500000a6)
	key		5000293b
	value		500028e0
	parent		50002ee3
ARR 50002ee7 (sz=22, trace=300000, nelems=11, elem type=char[])
ARR 50002ee8 (sz=22, trace=300000, nelems=11, elem type=char[])
OBJ 50002ee9 (sz=40, trace=300000, class=java.util.TreeMap$Entry@500000a6)
	key		5000293e
	value		500028e5
	parent		50002ee5
ARR 50002eea (sz=24, trace=300000, nelems=12, elem type=char[])
ARR 50002eeb (sz=22, trace=300000, nelems=11, elem type=char[])
OBJ 50002eec (sz=40, trace=300000, class=java.util.TreeMap$Entry@500000a6)
	key		50002943
	value		50002920
	parent		50002ee2
OBJ 50002eed (sz=40, trace=300000, class=java.util.TreeMap$Entry@500000a6)
	key		50002941
	value		500028e7
	left		50002ef0
	right		50002eef
	parent		50002ee2
ARR 50002eee (sz=26, trace=300000, nelems=13, elem type=char[])
OBJ 50002eef (sz=40, trace=300000, class=java.util.TreeMap$Entry@500000a6)
	key		50002942
	value		500028e8
	parent		50002eed
OBJ 50002ef0 (sz=40, trace=300000, class=java.util.TreeMap$Entry@500000a6)
	key		50002940
	value		500028e6
	parent		50002eed
ARR 50002ef1 (sz=32, trace=300000, nelems=16, elem type=char[])
ARR 50002ef2 (sz=22, trace=300000, nelems=11, elem type=char[])
ARR 50002ef3 (sz=32, trace=300000, nelems=16, elem type=char[])
ARR 50002ef4 (sz=20, trace=300000, nelems=10, elem type=char[])
OBJ 50002ef5 (sz=40, trace=300000, class=java.util.TreeMap$Entry@500000a6)
	key		5000294c
	value		5000299f
	left		50002f3a
	right		50002f39
	parent		50002eb1
OBJ 50002ef6 (sz=40, trace=300000, class=java.util.TreeMap$Entry@500000a6)
	key		50002aed
	value		50002a06
	left		50002ef9
	right		50002ef8
	parent		50002eb1
ARR 50002ef7 (sz=12, trace=300000, nelems=6, elem type=char[])
OBJ 50002ef8 (sz=40, trace=300000, class=java.util.TreeMap$Entry@500000a6)
	key		50002af8
	value		50002a2a
	left		50002f1b
	right		50002f1a
	parent		50002ef6
OBJ 50002ef9 (sz=40, trace=300000, class=java.util.TreeMap$Entry@500000a6)
	key		50002ae9
	value		50002a0e
	left		50002efc
	right		50002efb
	parent		50002ef6
ARR 50002efa (sz=36, trace=300000, nelems=18, elem type=char[])
OBJ 50002efb (sz=40, trace=300000, class=java.util.TreeMap$Entry@500000a6)
	key		50002aeb
	value		50002a40
	left		50002f16
	right		50002f15
	parent		50002ef9
OBJ 50002efc (sz=40, trace=300000, class=java.util.TreeMap$Entry@500000a6)
	key		50002ae2
	value		50002a2f
	left		50002eff
	right		50002efe
	parent		50002ef9
ARR 50002efd (sz=24, trace=300000, nelems=12, elem type=char[])
OBJ 50002efe (sz=40, trace=300000, class=java.util.TreeMap$Entry@500000a6)
	key		50002ae6
	value		50002a0e
	left		50002f0b
	right		50002f0a
	parent		50002efc
OBJ 50002eff (sz=40, trace=300000, class=java.util.TreeMap$Entry@500000a6)
	key		50002ae0
	value		50002a0e
	left		50002f02
	right		50002f01
	parent		50002efc
ARR 50002f00 (sz=24, trace=300000, nelems=12, elem type=char[])
OBJ 50002f01 (sz=40, trace=300000, class=java.util.TreeMap$Entry@500000a6)
	key		50002ae1
	value		50002a34
	parent		50002eff
OBJ 50002f02 (sz=40, trace=300000, class=java.util.TreeMap$Entry@500000a6)
	key		50002ade
	value		50002a43
	left		50002f05
	right		50002f04
	parent		50002eff
ARR 50002f03 (sz=24, trace=300000, nelems=12, elem type=char[])
OBJ 50002f04 (sz=40, trace=300000, class=java.util.TreeMap$Entry@500000a6)
	key		50002adf
	value		50002a34
	parent		50002f02
OBJ 50002f05 (sz=40, trace=300000, class=java.util.TreeMap$Entry@500000a6)
	key		50002add
	value		50002a32
	parent		50002f02
ARR 50002f06 (sz=26, trace=300000, nelems=13, elem type=char[])
ARR 50002f07 (sz=26, trace=300000, nelems=13, elem type=char[])
ARR 50002f08 (sz=24, trace=300000, nelems=12, elem type=char[])
ARR 50002f09 (sz=24, trace=300000, nelems=12, elem type=char[])
OBJ 50002f0a (sz=40, trace=300000, class=java.util.TreeMap$Entry@500000a6)
	key		50002ae8
	value		50002a2a
	left		50002f12
	parent		50002efe
OBJ 50002f0b (sz=40, trace=300000, class=java.util.TreeMap$Entry@500000a6)
	key		50002ae4
	value		50002a33
	left		50002f0e
	right		50002f0d
	parent		50002efe
ARR 50002f0c (sz=24, trace=300000, nelems=12, elem type=char[])
OBJ 50002f0d (sz=40, trace=300000, class=java.util.TreeMap$Entry@500000a6)
	key		50002ae5
	value		50002a41
	parent		50002f0b
OBJ 50002f0e (sz=40, trace=300000, class=java.util.TreeMap$Entry@500000a6)
	key		50002ae3
	value		50002a2d
	parent		50002f0b
ARR 50002f0f (sz=24, trace=300000, nelems=12, elem type=char[])
ARR 50002f10 (sz=24, trace=300000, nelems=12, elem type=char[])
ARR 50002f11 (sz=24, trace=300000, nelems=12, elem type=char[])
OBJ 50002f12 (sz=40, trace=300000, class=java.util.TreeMap$Entry@500000a6)
	key		50002ae7
	value		50002a40
	parent		50002f0a
ARR 50002f13 (sz=24, trace=300000, nelems=12, elem type=char[])
ARR 50002f14 (sz=30, trace=300000, nelems=15, elem type=char[])
OBJ 50002f15 (sz=40, trace=300000, class=java.util.TreeMap$Entry@500000a6)
	key		50002aec
	value		50002a05
	parent		50002efb
OBJ 50002f16 (sz=40, trace=300000, class=java.util.TreeMap$Entry@500000a6)
	key		50002aea
	value		50002a0e
	parent		50002efb
ARR 50002f17 (sz=24, trace=300000, nelems=12, elem type=char[])
ARR 50002f18 (sz=24, trace=300000, nelems=12, elem type=char[])
ARR 50002f19 (sz=36, trace=300000, nelems=18, elem type=char[])
OBJ 50002f1a (sz=40, trace=300000, class=java.util.TreeMap$Entry@500000a6)
	key		50002946
	value		500028dd
	left		50002f33
	right		50002f32
	parent		50002ef8
OBJ 50002f1b (sz=40, trace=300000, class=java.util.TreeMap$Entry@500000a6)
	key		50002af3
	value		50002a0c
	left		50002f1e
	right		50002f1d
	parent		50002ef8
ARR 50002f1c (sz=18, trace=300000, nelems=9, elem type=char[])
OBJ 50002f1d (sz=40, trace=300000, class=java.util.TreeMap$Entry@500000a6)
	key		50002af5
	value		50002a06
	left		50002f2a
	right		50002f29
	parent		50002f1b
OBJ 50002f1e (sz=40, trace=300000, class=java.util.TreeMap$Entry@500000a6)
	key		50002af1
	value		50002a2d
	left		50002f21
	right		50002f20
	parent		50002f1b
ARR 50002f1f (sz=58, trace=300000, nelems=29, elem type=char[])
OBJ 50002f20 (sz=40, trace=300000, class=java.util.TreeMap$Entry@500000a6)
	key		50002af2
	value		50002a0a
	parent		50002f1e
OBJ 50002f21 (sz=40, trace=300000, class=java.util.TreeMap$Entry@500000a6)
	key		50002aef
	value		50002a07
	left		50002f24
	right		50002f23
	parent		50002f1e
ARR 50002f22 (sz=18, trace=300000, nelems=9, elem type=char[])
OBJ 50002f23 (sz=40, trace=300000, class=java.util.TreeMap$Entry@500000a6)
	key		50002af0
	value		50002a0b
	parent		50002f21
OBJ 50002f24 (sz=40, trace=300000, class=java.util.TreeMap$Entry@500000a6)
	key		50002aee
	value		50002a09
	parent		50002f21
ARR 50002f25 (sz=36, trace=300000, nelems=18, elem type=char[])
ARR 50002f26 (sz=36, trace=300000, nelems=18, elem type=char[])
ARR 50002f27 (sz=36, trace=300000, nelems=18, elem type=char[])
ARR 50002f28 (sz=36, trace=300000, nelems=18, elem type=char[])
OBJ 50002f29 (sz=40, trace=300000, class=java.util.TreeMap$Entry@500000a6)
	key		50002af7
	value		50002a07
	left		50002f2f
	parent		50002f1d
OBJ 50002f2a (sz=40, trace=300000, class=java.util.TreeMap$Entry@500000a6)
	key		50002af4
	value		50002a08
	right		50002f2c
	parent		50002f1d
ARR 50002f2b (sz=36, trace=300000, nelems=18, elem type=char[])
OBJ 50002f2c (sz=40, trace=300000, class=java.util.TreeMap$Entry@500000a6)
	key		50002a02
	value		50002a2e
	parent		50002f2a
ARR 50002f2d (sz=36, trace=300000, nelems=18, elem type=char[])
ARR 50002f2e (sz=28, trace=300000, nelems=14, elem type=char[])
OBJ 50002f2f (sz=40, trace=300000, class=java.util.TreeMap$Entry@500000a6)
	key		50002af6
	value		50002a0d
	parent		50002f29
ARR 50002f30 (sz=36, trace=300000, nelems=18, elem type=char[])
ARR 50002f31 (sz=34, trace=300000, nelems=17, elem type=char[])
OBJ 50002f32 (sz=40, trace=300000, class=java.util.TreeMap$Entry@500000a6)
	key		50002947
	value		500029ae
	parent		50002f1a
OBJ 50002f33 (sz=40, trace=300000, class=java.util.TreeMap$Entry@500000a6)
	key		500028d0
	value		500028e7
	left		50002f35
	parent		50002f1a
ARR 50002f34 (sz=12, trace=300000, nelems=6, elem type=char[])
OBJ 50002f35 (sz=40, trace=300000, class=java.util.TreeMap$Entry@500000a6)
	key		50002af9
	value		50002a04
	parent		50002f33
ARR 50002f36 (sz=16, trace=300000, nelems=8, elem type=char[])
ARR 50002f37 (sz=36, trace=300000, nelems=18, elem type=char[])
ARR 50002f38 (sz=24, trace=300000, nelems=12, elem type=char[])
OBJ 50002f39 (sz=40, trace=300000, class=java.util.TreeMap$Entry@500000a6)
	key		5000294e
	value		500028d1
	left		50002f45
	right		50002f44
	parent		50002ef5
OBJ 50002f3a (sz=40, trace=300000, class=java.util.TreeMap$Entry@500000a6)
	key		50002949
	value		500028d1
	left		50002f3d
	right		50002f3c
	parent		50002ef5
ARR 50002f3b (sz=12, trace=300000, nelems=6, elem type=char[])
OBJ 50002f3c (sz=40, trace=300000, class=java.util.TreeMap$Entry@500000a6)
	key		500028d8
	value		500029b0
	left		50002f40
	right		50002f3f
	parent		50002f3a
OBJ 50002f3d (sz=40, trace=300000, class=java.util.TreeMap$Entry@500000a6)
	key		500028d4
	value		500028dd
	parent		50002f3a
ARR 50002f3e (sz=12, trace=300000, nelems=6, elem type=char[])
OBJ 50002f3f (sz=40, trace=300000, class=java.util.TreeMap$Entry@500000a6)
	key		5000294b
	value		500028d2
	parent		50002f3c
OBJ 50002f40 (sz=40, trace=300000, class=java.util.TreeMap$Entry@500000a6)
	key		5000294a
	value		500029ae
	parent		50002f3c
ARR 50002f41 (sz=28, trace=300000, nelems=14, elem type=char[])
ARR 50002f42 (sz=24, trace=300000, nelems=12, elem type=char[])
ARR 50002f43 (sz=12, trace=300000, nelems=6, elem type=char[])
OBJ 50002f44 (sz=40, trace=300000, class=java.util.TreeMap$Entry@500000a6)
	key		50002951
	value		5000299f
	left		50002f49
	right		50002f48
	parent		50002f39
OBJ 50002f45 (sz=40, trace=300000, class=java.util.TreeMap$Entry@500000a6)
	key		5000294d
	value		500028dd
	parent		50002f39
ARR 50002f46 (sz=12, trace=300000, nelems=6, elem type=char[])
ARR 50002f47 (sz=10, trace=300000, nelems=5, elem type=char[])
OBJ 50002f48 (sz=40, trace=300000, class=java.util.TreeMap$Entry@500000a6)
	key		500028db
	value		500028d1
	parent		50002f44
OBJ 50002f49 (sz=40, trace=300000, class=java.util.TreeMap$Entry@500000a6)
	key		50002948
	value		500029b0
	left		50002f4c
	right		50002f4b
	parent		50002f44
ARR 50002f4a (sz=10, trace=300000, nelems=5, elem type=char[])
OBJ 50002f4b (sz=40, trace=300000, class=java.util.TreeMap$Entry@500000a6)
	key		50002950
	value		500028d2
	parent		50002f49
OBJ 50002f4c (sz=40, trace=300000, class=java.util.TreeMap$Entry@500000a6)
	key		5000294f
	value		500028d1
	parent		50002f49
ARR 50002f4d (sz=20, trace=300000, nelems=10, elem type=char[])
ARR 50002f4e (sz=10, trace=300000, nelems=5, elem type=char[])
ARR 50002f4f (sz=10, trace=300000, nelems=5, elem type=char[])
ARR 50002f50 (sz=90, trace=300000, nelems=45, elem type=char[])
OBJ 50002f51 (sz=40, trace=300000, class=java.util.TreeMap$Entry@500000a6)
	key		5000297c
	value		500029b5
	left		5000307d
	right		5000307c
	parent		50002d1e
OBJ 50002f52 (sz=40, trace=300000, class=java.util.TreeMap$Entry@500000a6)
	key		5000295b
	value		500028e6
	left		50002f55
	right		50002f54
	parent		50002d1e
ARR 50002f53 (sz=20, trace=300000, nelems=10, elem type=char[])
OBJ 50002f54 (sz=40, trace=300000, class=java.util.TreeMap$Entry@500000a6)
	key		500028df
	value		500029a1
	left		5000303d
	right		5000303c
	parent		50002f52
OBJ 50002f55 (sz=40, trace=300000, class=java.util.TreeMap$Entry@500000a6)
	key		50002b32
	value		50002b93
	left		50002f58
	right		50002f57
	parent		50002f52
ARR 50002f56 (sz=12, trace=300000, nelems=6, elem type=char[])
OBJ 50002f57 (sz=40, trace=300000, class=java.util.TreeMap$Entry@500000a6)
	key		50002b44
	value		50002b7f
	left		50002fd8
	right		50002fd7
	parent		50002f55
OBJ 50002f58 (sz=40, trace=300000, class=java.util.TreeMap$Entry@500000a6)
	key		50002b20
	value		50002a3b
	left		50002f5b
	right		50002f5a
	parent		50002f55
ARR 50002f59 (sz=14, trace=300000, nelems=7, elem type=char[])
OBJ 50002f5a (sz=40, trace=300000, class=java.util.TreeMap$Entry@500000a6)
	key		50002958
	value		500028e6
	left		50002fb3
	right		50002fb2
	parent		50002f58
OBJ 50002f5b (sz=40, trace=300000, class=java.util.TreeMap$Entry@500000a6)
	key		50002b04
	value		50002b7f
	left		50002f5e
	right		50002f5d
	parent		50002f58
ARR 50002f5c (sz=14, trace=300000, nelems=7, elem type=char[])
OBJ 50002f5d (sz=40, trace=300000, class=java.util.TreeMap$Entry@500000a6)
	key		50002b15
	value		50002a0e
	left		50002f7e
	right		50002f7d
	parent		50002f5b
OBJ 50002f5e (sz=40, trace=300000, class=java.util.TreeMap$Entry@500000a6)
	key		50002957
	value		500028e7
	left		50002f61
	right		50002f60
	parent		50002f5b
ARR 50002f5f (sz=16, trace=300000, nelems=8, elem type=char[])
OBJ 50002f60 (sz=40, trace=300000, class=java.util.TreeMap$Entry@500000a6)
	key		50002b02
	value		50002b7d
	left		50002f77
	right		50002f76
	parent		50002f5e
OBJ 50002f61 (sz=40, trace=300000, class=java.util.TreeMap$Entry@500000a6)
	key		50002afb
	value		50002b78
	left		50002f64
	right		50002f63
	parent		50002f5e
ARR 50002f62 (sz=16, trace=300000, nelems=8, elem type=char[])
OBJ 50002f63 (sz=40, trace=300000, class=java.util.TreeMap$Entry@500000a6)
	key		50002afe
	value		50002b7a
	left		50002f70
	right		50002f6f
	parent		50002f61
OBJ 50002f64 (sz=40, trace=300000, class=java.util.TreeMap$Entry@500000a6)
	key		50002955
	value		500028dd
	left		50002f67
	right		50002f66
	parent		50002f61
ARR 50002f65 (sz=16, trace=300000, nelems=8, elem type=char[])
OBJ 50002f66 (sz=40, trace=300000, class=java.util.TreeMap$Entry@500000a6)
	key		50002956
	value		500028e8
	right		50002f6c
	parent		50002f64
OBJ 50002f67 (sz=40, trace=300000, class=java.util.TreeMap$Entry@500000a6)
	key		50002953
	value		500028dd
	right		50002f69
	parent		50002f64
ARR 50002f68 (sz=18, trace=300000, nelems=9, elem type=char[])
OBJ 50002f69 (sz=40, trace=300000, class=java.util.TreeMap$Entry@500000a6)
	key		50002954
	value		500028dd
	parent		50002f67
ARR 50002f6a (sz=12, trace=300000, nelems=6, elem type=char[])
ARR 50002f6b (sz=22, trace=300000, nelems=11, elem type=char[])
OBJ 50002f6c (sz=40, trace=300000, class=java.util.TreeMap$Entry@500000a6)
	key		50002afa
	value		50002a0e
	parent		50002f66
ARR 50002f6d (sz=12, trace=300000, nelems=6, elem type=char[])
ARR 50002f6e (sz=14, trace=300000, nelems=7, elem type=char[])
OBJ 50002f6f (sz=40, trace=300000, class=java.util.TreeMap$Entry@500000a6)
	key		50002aff
	value		50002a13
	parent		50002f63
OBJ 50002f70 (sz=40, trace=300000, class=java.util.TreeMap$Entry@500000a6)
	key		50002afc
	value		50002b79
	right		50002f72
	parent		50002f63
ARR 50002f71 (sz=16, trace=300000, nelems=8, elem type=char[])
OBJ 50002f72 (sz=40, trace=300000, class=java.util.TreeMap$Entry@500000a6)
	key		50002afd
	value		50002a11
	parent		50002f70
ARR 50002f73 (sz=16, trace=300000, nelems=8, elem type=char[])
ARR 50002f74 (sz=16, trace=300000, nelems=8, elem type=char[])
ARR 50002f75 (sz=16, trace=300000, nelems=8, elem type=char[])
OBJ 50002f76 (sz=40, trace=300000, class=java.util.TreeMap$Entry@500000a6)
	key		50002b03
	value		50002b7e
	parent		50002f60
OBJ 50002f77 (sz=40, trace=300000, class=java.util.TreeMap$Entry@500000a6)
	key		50002b01
	value		50002b7c
	left		50002f79
	parent		50002f60
ARR 50002f78 (sz=16, trace=300000, nelems=8, elem type=char[])
OBJ 50002f79 (sz=40, trace=300000, class=java.util.TreeMap$Entry@500000a6)
	key		50002b00
	value		50002b7b
	parent		50002f77
ARR 50002f7a (sz=16, trace=300000, nelems=8, elem type=char[])
ARR 50002f7b (sz=16, trace=300000, nelems=8, elem type=char[])
ARR 50002f7c (sz=16, trace=300000, nelems=8, elem type=char[])
OBJ 50002f7d (sz=40, trace=300000, class=java.util.TreeMap$Entry@500000a6)
	key		50002b1a
	value		50002b87
	left		50002fa0
	right		50002f9f
	parent		50002f5d
OBJ 50002f7e (sz=40, trace=300000, class=java.util.TreeMap$Entry@500000a6)
	key		50002b0b
	value		50002a29
	left		50002f81
	right		50002f80
	parent		50002f5d
ARR 50002f7f (sz=12, trace=300000, nelems=6, elem type=char[])
OBJ 50002f80 (sz=40, trace=300000, class=java.util.TreeMap$Entry@500000a6)
	key		50002b0f
	value		50002a2d
	left		50002f8f
	right		50002f8e
	parent		50002f7e
OBJ 50002f81 (sz=40, trace=300000, class=java.util.TreeMap$Entry@500000a6)
	key		50002b07
	value		50002b82
	left		50002f84
	right		50002f83
	parent		50002f7e
ARR 50002f82 (sz=14, trace=300000, nelems=7, elem type=char[])
OBJ 50002f83 (sz=40, trace=300000, class=java.util.TreeMap$Entry@500000a6)
	key		50002b09
	value		50002b84
	left		50002f8a
	right		50002f89
	parent		50002f81
OBJ 50002f84 (sz=40, trace=300000, class=java.util.TreeMap$Entry@500000a6)
	key		50002b05
	value		50002b80
	right		50002f86
	parent		50002f81
ARR 50002f85 (sz=16, trace=300000, nelems=8, elem type=char[])
OBJ 50002f86 (sz=40, trace=300000, class=java.util.TreeMap$Entry@500000a6)
	key		50002b06
	value		50002b81
	parent		50002f84
ARR 50002f87 (sz=16, trace=300000, nelems=8, elem type=char[])
ARR 50002f88 (sz=16, trace=300000, nelems=8, elem type=char[])
OBJ 50002f89 (sz=40, trace=300000, class=java.util.TreeMap$Entry@500000a6)
	key		50002b0a
	value		50002a28
	parent		50002f83
OBJ 50002f8a (sz=40, trace=300000, class=java.util.TreeMap$Entry@500000a6)
	key		50002b08
	value		50002b83
	parent		50002f83
ARR 50002f8b (sz=16, trace=300000, nelems=8, elem type=char[])
ARR 50002f8c (sz=16, trace=300000, nelems=8, elem type=char[])
ARR 50002f8d (sz=14, trace=300000, nelems=7, elem type=char[])
OBJ 50002f8e (sz=40, trace=300000, class=java.util.TreeMap$Entry@500000a6)
	key		50002b13
	value		50002b86
	left		50002f97
	right		50002f96
	parent		50002f80
OBJ 50002f8f (sz=40, trace=300000, class=java.util.TreeMap$Entry@500000a6)
	key		50002b0d
	value		50002a2b
	left		50002f92
	right		50002f91
	parent		50002f80
ARR 50002f90 (sz=14, trace=300000, nelems=7, elem type=char[])
OBJ 50002f91 (sz=40, trace=300000, class=java.util.TreeMap$Entry@500000a6)
	key		50002b0e
	value		50002a2c
	parent		50002f8f
OBJ 50002f92 (sz=40, trace=300000, class=java.util.TreeMap$Entry@500000a6)
	key		50002b0c
	value		50002a2a
	parent		50002f8f
ARR 50002f93 (sz=14, trace=300000, nelems=7, elem type=char[])
ARR 50002f94 (sz=14, trace=300000, nelems=7, elem type=char[])
ARR 50002f95 (sz=14, trace=300000, nelems=7, elem type=char[])
OBJ 50002f96 (sz=40, trace=300000, class=java.util.TreeMap$Entry@500000a6)
	key		50002b14
	value		50002b86
	parent		50002f8e
OBJ 50002f97 (sz=40, trace=300000, class=java.util.TreeMap$Entry@500000a6)
	key		50002b11
	value		50002a2f
	left		50002f9a
	right		50002f99
	parent		50002f8e
ARR 50002f98 (sz=18, trace=300000, nelems=9, elem type=char[])
OBJ 50002f99 (sz=40, trace=300000, class=java.util.TreeMap$Entry@500000a6)
	key		50002b12
	value		50002b85
	parent		50002f97
OBJ 50002f9a (sz=40, trace=300000, class=java.util.TreeMap$Entry@500000a6)
	key		50002b10
	value		50002a2e
	parent		50002f97
ARR 50002f9b (sz=14, trace=300000, nelems=7, elem type=char[])
ARR 50002f9c (sz=14, trace=300000, nelems=7, elem type=char[])
ARR 50002f9d (sz=14, trace=300000, nelems=7, elem type=char[])
ARR 50002f9e (sz=42, trace=300000, nelems=21, elem type=char[])
OBJ 50002f9f (sz=40, trace=300000, class=java.util.TreeMap$Entry@500000a6)
	key		50002b1e
	value		50002a39
	left		50002faa
	right		50002fa9
	parent		50002f7d
OBJ 50002fa0 (sz=40, trace=300000, class=java.util.TreeMap$Entry@500000a6)
	key		50002b17
	value		50002a33
	left		50002fa3
	right		50002fa2
	parent		50002f7d
ARR 50002fa1 (sz=14, trace=300000, nelems=7, elem type=char[])
OBJ 50002fa2 (sz=40, trace=300000, class=java.util.TreeMap$Entry@500000a6)
	key		50002b18
	value		50002a34
	right		50002fa6
	parent		50002fa0
OBJ 50002fa3 (sz=40, trace=300000, class=java.util.TreeMap$Entry@500000a6)
	key		50002b16
	value		50002a32
	parent		50002fa0
ARR 50002fa4 (sz=14, trace=300000, nelems=7, elem type=char[])
ARR 50002fa5 (sz=14, trace=300000, nelems=7, elem type=char[])
OBJ 50002fa6 (sz=40, trace=300000, class=java.util.TreeMap$Entry@500000a6)
	key		50002b19
	value		50002b86
	parent		50002fa2
ARR 50002fa7 (sz=14, trace=300000, nelems=7, elem type=char[])
ARR 50002fa8 (sz=16, trace=300000, nelems=8, elem type=char[])
OBJ 50002fa9 (sz=40, trace=300000, class=java.util.TreeMap$Entry@500000a6)
	key		50002b1f
	value		50002a3a
	parent		50002f9f
OBJ 50002faa (sz=40, trace=300000, class=java.util.TreeMap$Entry@500000a6)
	key		50002b1c
	value		50002a03
	left		50002fad
	right		50002fac
	parent		50002f9f
ARR 50002fab (sz=14, trace=300000, nelems=7, elem type=char[])
OBJ 50002fac (sz=40, trace=300000, class=java.util.TreeMap$Entry@500000a6)
	key		50002b1d
	value		50002b89
	parent		50002faa
OBJ 50002fad (sz=40, trace=300000, class=java.util.TreeMap$Entry@500000a6)
	key		50002b1b
	value		50002b88
	parent		50002faa
ARR 50002fae (sz=14, trace=300000, nelems=7, elem type=char[])
ARR 50002faf (sz=14, trace=300000, nelems=7, elem type=char[])
ARR 50002fb0 (sz=14, trace=300000, nelems=7, elem type=char[])
ARR 50002fb1 (sz=14, trace=300000, nelems=7, elem type=char[])
OBJ 50002fb2 (sz=40, trace=300000, class=java.util.TreeMap$Entry@500000a6)
	key		50002b2b
	value		50002b8d
	left		50002fc3
	right		50002fc2
	parent		50002f5a
OBJ 50002fb3 (sz=40, trace=300000, class=java.util.TreeMap$Entry@500000a6)
	key		50002b22
	value		50002a3d
	left		50002fb6
	right		50002fb5
	parent		50002f5a
ARR 50002fb4 (sz=14, trace=300000, nelems=7, elem type=char[])
OBJ 50002fb5 (sz=40, trace=300000, class=java.util.TreeMap$Entry@500000a6)
	key		50002b24
	value		50002a3f
	left		50002fba
	right		50002fb9
	parent		50002fb3
OBJ 50002fb6 (sz=40, trace=300000, class=java.util.TreeMap$Entry@500000a6)
	key		50002b21
	value		50002a3c
	parent		50002fb3
ARR 50002fb7 (sz=14, trace=300000, nelems=7, elem type=char[])
ARR 50002fb8 (sz=14, trace=300000, nelems=7, elem type=char[])
OBJ 50002fb9 (sz=40, trace=300000, class=java.util.TreeMap$Entry@500000a6)
	key		50002b26
	value		50002a41
	left		50002fbe
	right		50002fbd
	parent		50002fb5
OBJ 50002fba (sz=40, trace=300000, class=java.util.TreeMap$Entry@500000a6)
	key		50002b23
	value		50002a3e
	parent		50002fb5
ARR 50002fbb (sz=14, trace=300000, nelems=7, elem type=char[])
ARR 50002fbc (sz=14, trace=300000, nelems=7, elem type=char[])
OBJ 50002fbd (sz=40, trace=300000, class=java.util.TreeMap$Entry@500000a6)
	key		50002b27
	value		50002b8a
	parent		50002fb9
OBJ 50002fbe (sz=40, trace=300000, class=java.util.TreeMap$Entry@500000a6)
	key		50002b25
	value		50002a40
	parent		50002fb9
ARR 50002fbf (sz=14, trace=300000, nelems=7, elem type=char[])
ARR 50002fc0 (sz=14, trace=300000, nelems=7, elem type=char[])
ARR 50002fc1 (sz=14, trace=300000, nelems=7, elem type=char[])
OBJ 50002fc2 (sz=40, trace=300000, class=java.util.TreeMap$Entry@500000a6)
	key		50002b30
	value		500029a0
	left		50002fcd
	right		50002fcc
	parent		50002fb2
OBJ 50002fc3 (sz=40, trace=300000, class=java.util.TreeMap$Entry@500000a6)
	key		50002b28
	value		50002a43
	left		50002fc6
	right		50002fc5
	parent		50002fb2
ARR 50002fc4 (sz=14, trace=300000, nelems=7, elem type=char[])
OBJ 50002fc5 (sz=40, trace=300000, class=java.util.TreeMap$Entry@500000a6)
	key		50002b29
	value		50002b8b
	right		50002fc9
	parent		50002fc3
OBJ 50002fc6 (sz=40, trace=300000, class=java.util.TreeMap$Entry@500000a6)
	key		50002959
	value		500028e8
	parent		50002fc3
ARR 50002fc7 (sz=14, trace=300000, nelems=7, elem type=char[])
ARR 50002fc8 (sz=14, trace=300000, nelems=7, elem type=char[])
OBJ 50002fc9 (sz=40, trace=300000, class=java.util.TreeMap$Entry@500000a6)
	key		50002b2a
	value		50002b8c
	parent		50002fc5
ARR 50002fca (sz=14, trace=300000, nelems=7, elem type=char[])
ARR 50002fcb (sz=14, trace=300000, nelems=7, elem type=char[])
OBJ 50002fcc (sz=40, trace=300000, class=java.util.TreeMap$Entry@500000a6)
	key		50002b31
	value		50002b92
	parent		50002fc2
OBJ 50002fcd (sz=40, trace=300000, class=java.util.TreeMap$Entry@500000a6)
	key		50002b2e
	value		50002b90
	left		50002fd0
	right		50002fcf
	parent		50002fc2
ARR 50002fce (sz=14, trace=300000, nelems=7, elem type=char[])
OBJ 50002fcf (sz=40, trace=300000, class=java.util.TreeMap$Entry@500000a6)
	key		50002b2f
	value		50002b91
	parent		50002fcd
OBJ 50002fd0 (sz=40, trace=300000, class=java.util.TreeMap$Entry@500000a6)
	key		50002b2d
	value		50002b8f
	left		50002fd2
	parent		50002fcd
ARR 50002fd1 (sz=14, trace=300000, nelems=7, elem type=char[])
OBJ 50002fd2 (sz=40, trace=300000, class=java.util.TreeMap$Entry@500000a6)
	key		50002b2c
	value		50002b8e
	parent		50002fd0
ARR 50002fd3 (sz=14, trace=300000, nelems=7, elem type=char[])
ARR 50002fd4 (sz=14, trace=300000, nelems=7, elem type=char[])
ARR 50002fd5 (sz=14, trace=300000, nelems=7, elem type=char[])
ARR 50002fd6 (sz=16, trace=300000, nelems=8, elem type=char[])
OBJ 50002fd7 (sz=40, trace=300000, class=java.util.TreeMap$Entry@500000a6)
	key		50002b4f
	value		50002a2d
	left		50002ffe
	right		50002ffd
	parent		50002f57
OBJ 50002fd8 (sz=40, trace=300000, class=java.util.TreeMap$Entry@500000a6)
	key		5000295a
	value		500028e7
	left		50002fdb
	right		50002fda
	parent		50002f57
ARR 50002fd9 (sz=14, trace=300000, nelems=7, elem type=char[])
OBJ 50002fda (sz=40, trace=300000, class=java.util.TreeMap$Entry@500000a6)
	key		50002b42
	value		50002b7d
	left		50002ff7
	right		50002ff6
	parent		50002fd8
OBJ 50002fdb (sz=40, trace=300000, class=java.util.TreeMap$Entry@500000a6)
	key		50002b37
	value		50002b98
	left		50002fde
	right		50002fdd
	parent		50002fd8
ARR 50002fdc (sz=14, trace=300000, nelems=7, elem type=char[])
OBJ 50002fdd (sz=40, trace=300000, class=java.util.TreeMap$Entry@500000a6)
	key		50002b3c
	value		50002b78
	left		50002fe8
	right		50002fe7
	parent		50002fdb
OBJ 50002fde (sz=40, trace=300000, class=java.util.TreeMap$Entry@500000a6)
	key		50002b34
	value		50002b95
	left		50002fe1
	right		50002fe0
	parent		50002fdb
ARR 50002fdf (sz=14, trace=300000, nelems=7, elem type=char[])
OBJ 50002fe0 (sz=40, trace=300000, class=java.util.TreeMap$Entry@500000a6)
	key		50002b35
	value		50002b96
	right		50002fe4
	parent		50002fde
OBJ 50002fe1 (sz=40, trace=300000, class=java.util.TreeMap$Entry@500000a6)
	key		50002b33
	value		50002b94
	parent		50002fde
ARR 50002fe2 (sz=14, trace=300000, nelems=7, elem type=char[])
ARR 50002fe3 (sz=16, trace=300000, nelems=8, elem type=char[])
OBJ 50002fe4 (sz=40, trace=300000, class=java.util.TreeMap$Entry@500000a6)
	key		50002b36
	value		50002b97
	parent		50002fe0
ARR 50002fe5 (sz=14, trace=300000, nelems=7, elem type=char[])
ARR 50002fe6 (sz=16, trace=300000, nelems=8, elem type=char[])
OBJ 50002fe7 (sz=40, trace=300000, class=java.util.TreeMap$Entry@500000a6)
	key		50002b3e
	value		50002a11
	left		50002ff2
	right		50002ff1
	parent		50002fdd
OBJ 50002fe8 (sz=40, trace=300000, class=java.util.TreeMap$Entry@500000a6)
	key		50002b3a
	value		50002b9a
	left		50002feb
	right		50002fea
	parent		50002fdd
ARR 50002fe9 (sz=14, trace=300000, nelems=7, elem type=char[])
OBJ 50002fea (sz=40, trace=300000, class=java.util.TreeMap$Entry@500000a6)
	key		50002b3b
	value		50002a0e
	parent		50002fe8
OBJ 50002feb (sz=40, trace=300000, class=java.util.TreeMap$Entry@500000a6)
	key		50002b39
	value		50002b9a
	left		50002fed
	parent		50002fe8
ARR 50002fec (sz=18, trace=300000, nelems=9, elem type=char[])
OBJ 50002fed (sz=40, trace=300000, class=java.util.TreeMap$Entry@500000a6)
	key		50002b38
	value		50002b99
	parent		50002feb
ARR 50002fee (sz=14, trace=300000, nelems=7, elem type=char[])
ARR 50002fef (sz=14, trace=300000, nelems=7, elem type=char[])
ARR 50002ff0 (sz=12, trace=300000, nelems=6, elem type=char[])
OBJ 50002ff1 (sz=40, trace=300000, class=java.util.TreeMap$Entry@500000a6)
	key		50002b3f
	value		50002b7a
	parent		50002fe7
OBJ 50002ff2 (sz=40, trace=300000, class=java.util.TreeMap$Entry@500000a6)
	key		50002b3d
	value		50002b79
	parent		50002fe7
ARR 50002ff3 (sz=14, trace=300000, nelems=7, elem type=char[])
ARR 50002ff4 (sz=14, trace=300000, nelems=7, elem type=char[])
ARR 50002ff5 (sz=14, trace=300000, nelems=7, elem type=char[])
OBJ 50002ff6 (sz=40, trace=300000, class=java.util.TreeMap$Entry@500000a6)
	key		50002b43
	value		50002b7e
	parent		50002fda
OBJ 50002ff7 (sz=40, trace=300000, class=java.util.TreeMap$Entry@500000a6)
	key		50002b41
	value		50002b7c
	left		50002ff9
	parent		50002fda
ARR 50002ff8 (sz=14, trace=300000, nelems=7, elem type=char[])
OBJ 50002ff9 (sz=40, trace=300000, class=java.util.TreeMap$Entry@500000a6)
	key		50002b40
	value		50002b7b
	parent		50002ff7
ARR 50002ffa (sz=14, trace=300000, nelems=7, elem type=char[])
ARR 50002ffb (sz=14, trace=300000, nelems=7, elem type=char[])
ARR 50002ffc (sz=14, trace=300000, nelems=7, elem type=char[])
OBJ 50002ffd (sz=40, trace=300000, class=java.util.TreeMap$Entry@500000a6)
	key		50002b5d
	value		50002a3b
	left		50003014
	right		50003013
	parent		50002fd7
OBJ 50002ffe (sz=40, trace=300000, class=java.util.TreeMap$Entry@500000a6)
	key		50002b4b
	value		50002a29
	left		50003001
	right		50003000
	parent		50002fd7
ARR 50002fff (sz=12, trace=300000, nelems=6, elem type=char[])
OBJ 50003000 (sz=40, trace=300000, class=java.util.TreeMap$Entry@500000a6)
	key		50002b4d
	value		50002a2b
	left		5000300f
	right		5000300e
	parent		50002ffe
OBJ 50003001 (sz=40, trace=300000, class=java.util.TreeMap$Entry@500000a6)
	key		50002b47
	value		50002b82
	left		50003004
	right		50003003
	parent		50002ffe
ARR 50003002 (sz=12, trace=300000, nelems=6, elem type=char[])
OBJ 50003003 (sz=40, trace=300000, class=java.util.TreeMap$Entry@500000a6)
	key		50002b49
	value		50002b84
	left		5000300a
	right		50003009
	parent		50003001
OBJ 50003004 (sz=40, trace=300000, class=java.util.TreeMap$Entry@500000a6)
	key		50002b45
	value		50002b80
	right		50003006
	parent		50003001
ARR 50003005 (sz=14, trace=300000, nelems=7, elem type=char[])
OBJ 50003006 (sz=40, trace=300000, class=java.util.TreeMap$Entry@500000a6)
	key		50002b46
	value		50002b81
	parent		50003004
ARR 50003007 (sz=14, trace=300000, nelems=7, elem type=char[])
ARR 50003008 (sz=14, trace=300000, nelems=7, elem type=char[])
OBJ 50003009 (sz=40, trace=300000, class=java.util.TreeMap$Entry@500000a6)
	key		50002b4a
	value		50002a28
	parent		50003003
OBJ 5000300a (sz=40, trace=300000, class=java.util.TreeMap$Entry@500000a6)
	key		50002b48
	value		50002b83
	parent		50003003
ARR 5000300b (sz=14, trace=300000, nelems=7, elem type=char[])
ARR 5000300c (sz=14, trace=300000, nelems=7, elem type=char[])
ARR 5000300d (sz=12, trace=300000, nelems=6, elem type=char[])
OBJ 5000300e (sz=40, trace=300000, class=java.util.TreeMap$Entry@500000a6)
	key		50002b4e
	value		50002a2c
	parent		50003000
OBJ 5000300f (sz=40, trace=300000, class=java.util.TreeMap$Entry@500000a6)
	key		50002b4c
	value		50002a2a
	parent		50003000
ARR 50003010 (sz=12, trace=300000, nelems=6, elem type=char[])
ARR 50003011 (sz=12, trace=300000, nelems=6, elem type=char[])
ARR 50003012 (sz=12, trace=300000, nelems=6, elem type=char[])
OBJ 50003013 (sz=40, trace=300000, class=java.util.TreeMap$Entry@500000a6)
	key		50002b5f
	value		50002a3d
	left		50003030
	right		5000302f
	parent		50002ffd
OBJ 50003014 (sz=40, trace=300000, class=java.util.TreeMap$Entry@500000a6)
	key		50002b56
	value		50002a34
	left		50003017
	right		50003016
	parent		50002ffd
ARR 50003015 (sz=12, trace=300000, nelems=6, elem type=char[])
OBJ 50003016 (sz=40, trace=300000, class=java.util.TreeMap$Entry@500000a6)
	key		50002b5b
	value		50002a39
	left		50003025
	right		50003024
	parent		50003014
OBJ 50003017 (sz=40, trace=300000, class=java.util.TreeMap$Entry@500000a6)
	key		50002b54
	value		50002a32
	left		5000301a
	right		50003019
	parent		50003014
ARR 50003018 (sz=12, trace=300000, nelems=6, elem type=char[])
OBJ 50003019 (sz=40, trace=300000, class=java.util.TreeMap$Entry@500000a6)
	key		50002b55
	value		50002a33
	parent		50003017
OBJ 5000301a (sz=40, trace=300000, class=java.util.TreeMap$Entry@500000a6)
	key		50002b51
	value		50002a2f
	left		5000301d
	right		5000301c
	parent		50003017
ARR 5000301b (sz=12, trace=300000, nelems=6, elem type=char[])
OBJ 5000301c (sz=40, trace=300000, class=java.util.TreeMap$Entry@500000a6)
	key		50002b53
	value		50002b86
	left		50003020
	parent		5000301a
OBJ 5000301d (sz=40, trace=300000, class=java.util.TreeMap$Entry@500000a6)
	key		50002b50
	value		50002a2e
	parent		5000301a
ARR 5000301e (sz=12, trace=300000, nelems=6, elem type=char[])
ARR 5000301f (sz=12, trace=300000, nelems=6, elem type=char[])
OBJ 50003020 (sz=40, trace=300000, class=java.util.TreeMap$Entry@500000a6)
	key		50002b52
	value		50002b85
	parent		5000301c
ARR 50003021 (sz=16, trace=300000, nelems=8, elem type=char[])
ARR 50003022 (sz=12, trace=300000, nelems=6, elem type=char[])
ARR 50003023 (sz=12, trace=300000, nelems=6, elem type=char[])
OBJ 50003024 (sz=40, trace=300000, class=java.util.TreeMap$Entry@500000a6)
	key		50002b5c
	value		50002a3a
	parent		50003016
OBJ 50003025 (sz=40, trace=300000, class=java.util.TreeMap$Entry@500000a6)
	key		50002b58
	value		50002b88
	left		50003028
	right		50003027
	parent		50003016
ARR 50003026 (sz=12, trace=300000, nelems=6, elem type=char[])
OBJ 50003027 (sz=40, trace=300000, class=java.util.TreeMap$Entry@500000a6)
	key		50002b5a
	value		50002b89
	left		5000302b
	parent		50003025
OBJ 50003028 (sz=40, trace=300000, class=java.util.TreeMap$Entry@500000a6)
	key		50002b57
	value		50002b87
	parent		50003025
ARR 50003029 (sz=12, trace=300000, nelems=6, elem type=char[])
ARR 5000302a (sz=12, trace=300000, nelems=6, elem type=char[])
OBJ 5000302b (sz=40, trace=300000, class=java.util.TreeMap$Entry@500000a6)
	key		50002b59
	value		50002a03
	parent		50003027
ARR 5000302c (sz=12, trace=300000, nelems=6, elem type=char[])
ARR 5000302d (sz=12, trace=300000, nelems=6, elem type=char[])
ARR 5000302e (sz=12, trace=300000, nelems=6, elem type=char[])
OBJ 5000302f (sz=40, trace=300000, class=java.util.TreeMap$Entry@500000a6)
	key		50002b61
	value		50002a3f
	left		50003034
	right		50003033
	parent		50003013
OBJ 50003030 (sz=40, trace=300000, class=java.util.TreeMap$Entry@500000a6)
	key		50002b5e
	value		50002a3c
	parent		50003013
ARR 50003031 (sz=12, trace=300000, nelems=6, elem type=char[])
ARR 50003032 (sz=12, trace=300000, nelems=6, elem type=char[])
OBJ 50003033 (sz=40, trace=300000, class=java.util.TreeMap$Entry@500000a6)
	key		50002b63
	value		50002a41
	left		50003038
	right		50003037
	parent		5000302f
OBJ 50003034 (sz=40, trace=300000, class=java.util.TreeMap$Entry@500000a6)
	key		50002b60
	value		50002a3e
	parent		5000302f
ARR 50003035 (sz=12, trace=300000, nelems=6, elem type=char[])
ARR 50003036 (sz=12, trace=300000, nelems=6, elem type=char[])
OBJ 50003037 (sz=40, trace=300000, class=java.util.TreeMap$Entry@500000a6)
	key		50002b64
	value		50002b8a
	parent		50003033
OBJ 50003038 (sz=40, trace=300000, class=java.util.TreeMap$Entry@500000a6)
	key		50002b62
	value		50002a40
	parent		50003033
ARR 50003039 (sz=12, trace=300000, nelems=6, elem type=char[])
ARR 5000303a (sz=12, trace=300000, nelems=6, elem type=char[])
ARR 5000303b (sz=12, trace=300000, nelems=6, elem type=char[])
OBJ 5000303c (sz=40, trace=300000, class=java.util.TreeMap$Entry@500000a6)
	key		50002964
	value		500029a5
	left		50003064
	right		50003063
	parent		50002f54
OBJ 5000303d (sz=40, trace=300000, class=java.util.TreeMap$Entry@500000a6)
	key		50002b6e
	value		50002b93
	left		5000303f
	right		5000303e
	parent		50002f54
OBJ 5000303e (sz=40, trace=300000, class=java.util.TreeMap$Entry@500000a6)
	key		50002b70
	value		50002b95
	left		50003055
	right		50003054
	parent		5000303d
OBJ 5000303f (sz=40, trace=300000, class=java.util.TreeMap$Entry@500000a6)
	key		50002b6a
	value		50002b90
	left		50003042
	right		50003041
	parent		5000303d
ARR 50003040 (sz=12, trace=300000, nelems=6, elem type=char[])
OBJ 50003041 (sz=40, trace=300000, class=java.util.TreeMap$Entry@500000a6)
	key		50002b6c
	value		500029a0
	left		50003050
	right		5000304f
	parent		5000303f
OBJ 50003042 (sz=40, trace=300000, class=java.util.TreeMap$Entry@500000a6)
	key		50002b67
	value		50002b8d
	left		50003045
	right		50003044
	parent		5000303f
ARR 50003043 (sz=12, trace=300000, nelems=6, elem type=char[])
OBJ 50003044 (sz=40, trace=300000, class=java.util.TreeMap$Entry@500000a6)
	key		50002b69
	value		50002b8f
	left		5000304c
	parent		50003042
OBJ 50003045 (sz=40, trace=300000, class=java.util.TreeMap$Entry@500000a6)
	key		50002b65
	value		50002b8b
	left		50003048
	right		50003047
	parent		50003042
ARR 50003046 (sz=12, trace=300000, nelems=6, elem type=char[])
OBJ 50003047 (sz=40, trace=300000, class=java.util.TreeMap$Entry@500000a6)
	key		50002b66
	value		50002b8c
	parent		50003045
OBJ 50003048 (sz=40, trace=300000, class=java.util.TreeMap$Entry@500000a6)
	key		5000295c
	value		500028e8
	parent		50003045
ARR 50003049 (sz=12, trace=300000, nelems=6, elem type=char[])
ARR 5000304a (sz=12, trace=300000, nelems=6, elem type=char[])
ARR 5000304b (sz=12, trace=300000, nelems=6, elem type=char[])
OBJ 5000304c (sz=40, trace=300000, class=java.util.TreeMap$Entry@500000a6)
	key		50002b68
	value		50002b8e
	parent		50003044
ARR 5000304d (sz=12, trace=300000, nelems=6, elem type=char[])
ARR 5000304e (sz=12, trace=300000, nelems=6, elem type=char[])
OBJ 5000304f (sz=40, trace=300000, class=java.util.TreeMap$Entry@500000a6)
	key		50002b6d
	value		50002b92
	parent		50003041
OBJ 50003050 (sz=40, trace=300000, class=java.util.TreeMap$Entry@500000a6)
	key		50002b6b
	value		50002b91
	parent		50003041
ARR 50003051 (sz=12, trace=300000, nelems=6, elem type=char[])
ARR 50003052 (sz=12, trace=300000, nelems=6, elem type=char[])
ARR 50003053 (sz=14, trace=300000, nelems=7, elem type=char[])
OBJ 50003054 (sz=40, trace=300000, class=java.util.TreeMap$Entry@500000a6)
	key		50002b73
	value		50002b98
	left		50003059
	right		50003058
	parent		5000303e
OBJ 50003055 (sz=40, trace=300000, class=java.util.TreeMap$Entry@500000a6)
	key		50002b6f
	value		50002b94
	parent		5000303e
ARR 50003056 (sz=12, trace=300000, nelems=6, elem type=char[])
ARR 50003057 (sz=14, trace=300000, nelems=7, elem type=char[])
OBJ 50003058 (sz=40, trace=300000, class=java.util.TreeMap$Entry@500000a6)
	key		50002b75
	value		50002b9a
	left		5000305f
	right		5000305e
	parent		50003054
OBJ 50003059 (sz=40, trace=300000, class=java.util.TreeMap$Entry@500000a6)
	key		50002b71
	value		50002b96
	right		5000305b
	parent		50003054
ARR 5000305a (sz=12, trace=300000, nelems=6, elem type=char[])
OBJ 5000305b (sz=40, trace=300000, class=java.util.TreeMap$Entry@500000a6)
	key		50002b72
	value		50002b97
	parent		50003059
ARR 5000305c (sz=12, trace=300000, nelems=6, elem type=char[])
ARR 5000305d (sz=14, trace=300000, nelems=7, elem type=char[])
OBJ 5000305e (sz=40, trace=300000, class=java.util.TreeMap$Entry@500000a6)
	key		5000295d
	value		500029a1
	parent		50003058
OBJ 5000305f (sz=40, trace=300000, class=java.util.TreeMap$Entry@500000a6)
	key		50002b74
	value		50002b99
	parent		50003058
ARR 50003060 (sz=12, trace=300000, nelems=6, elem type=char[])
ARR 50003061 (sz=12, trace=300000, nelems=6, elem type=char[])
ARR 50003062 (sz=10, trace=300000, nelems=5, elem type=char[])
OBJ 50003063 (sz=40, trace=300000, class=java.util.TreeMap$Entry@500000a6)
	key		500028ea
	value		500029a2
	left		50003076
	right		50003075
	parent		5000303c
OBJ 50003064 (sz=40, trace=300000, class=java.util.TreeMap$Entry@500000a6)
	key		50002960
	value		500028e7
	left		50003067
	right		50003066
	parent		5000303c
ARR 50003065 (sz=18, trace=300000, nelems=9, elem type=char[])
OBJ 50003066 (sz=40, trace=300000, class=java.util.TreeMap$Entry@500000a6)
	key		50002962
	value		500029a1
	left		50003071
	right		50003070
	parent		50003064
OBJ 50003067 (sz=40, trace=300000, class=java.util.TreeMap$Entry@500000a6)
	key		500028e2
	value		500029a3
	left		5000306a
	right		50003069
	parent		50003064
ARR 50003068 (sz=20, trace=300000, nelems=10, elem type=char[])
OBJ 50003069 (sz=40, trace=300000, class=java.util.TreeMap$Entry@500000a6)
	key		5000295f
	value		500028e6
	left		5000306d
	parent		50003067
OBJ 5000306a (sz=40, trace=300000, class=java.util.TreeMap$Entry@500000a6)
	key		500028e1
	value		500029a2
	parent		50003067
ARR 5000306b (sz=28, trace=300000, nelems=14, elem type=char[])
ARR 5000306c (sz=30, trace=300000, nelems=15, elem type=char[])
OBJ 5000306d (sz=40, trace=300000, class=java.util.TreeMap$Entry@500000a6)
	key		5000295e
	value		500029a4
	parent		50003069
ARR 5000306e (sz=20, trace=300000, nelems=10, elem type=char[])
ARR 5000306f (sz=22, trace=300000, nelems=11, elem type=char[])
OBJ 50003070 (sz=40, trace=300000, class=java.util.TreeMap$Entry@500000a6)
	key		50002963
	value		50002907
	parent		50003066
OBJ 50003071 (sz=40, trace=300000, class=java.util.TreeMap$Entry@500000a6)
	key		50002961
	value		500028e8
	parent		50003066
ARR 50003072 (sz=20, trace=300000, nelems=10, elem type=char[])
ARR 50003073 (sz=20, trace=300000, nelems=10, elem type=char[])
ARR 50003074 (sz=20, trace=300000, nelems=10, elem type=char[])
OBJ 50003075 (sz=40, trace=300000, class=java.util.TreeMap$Entry@500000a6)
	key		50002965
	value		500028e3
	left		50003079
	parent		50003063
OBJ 50003076 (sz=40, trace=300000, class=java.util.TreeMap$Entry@500000a6)
	key		500028e9
	value		500028e0
	parent		50003063
ARR 50003077 (sz=26, trace=300000, nelems=13, elem type=char[])
ARR 50003078 (sz=18, trace=300000, nelems=9, elem type=char[])
OBJ 50003079 (sz=40, trace=300000, class=java.util.TreeMap$Entry@500000a6)
	key		500028eb
	value		500029a3
	parent		50003075
ARR 5000307a (sz=18, trace=300000, nelems=9, elem type=char[])
ARR 5000307b (sz=24, trace=300000, nelems=12, elem type=char[])
OBJ 5000307c (sz=40, trace=300000, class=java.util.TreeMap$Entry@500000a6)
	key		50002994
	value		500029b5
	left		500030d7
	right		500030d6
	parent		50002f51
OBJ 5000307d (sz=40, trace=300000, class=java.util.TreeMap$Entry@500000a6)
	key		5000296d
	value		50002907
	left		50003080
	right		5000307f
	parent		50002f51
ARR 5000307e (sz=10, trace=300000, nelems=5, elem type=char[])
OBJ 5000307f (sz=40, trace=300000, class=java.util.TreeMap$Entry@500000a6)
	key		50002977
	value		500028e6
	left		500030ad
	right		500030ac
	parent		5000307d
OBJ 50003080 (sz=40, trace=300000, class=java.util.TreeMap$Entry@500000a6)
	key		50002901
	value		500029a5
	left		50003083
	right		50003082
	parent		5000307d
ARR 50003081 (sz=28, trace=300000, nelems=14, elem type=char[])
OBJ 50003082 (sz=40, trace=300000, class=java.util.TreeMap$Entry@500000a6)
	key		50002905
	value		50002905
	left		500030a5
	right		500030a4
	parent		50003080
OBJ 50003083 (sz=40, trace=300000, class=java.util.TreeMap$Entry@500000a6)
	key		500028f6
	value		500028e6
	left		50003086
	right		50003085
	parent		50003080
ARR 50003084 (sz=14, trace=300000, nelems=7, elem type=char[])
OBJ 50003085 (sz=40, trace=300000, class=java.util.TreeMap$Entry@500000a6)
	key		5000296b
	value		500028e3
	left		50003098
	right		50003097
	parent		50003083
OBJ 50003086 (sz=40, trace=300000, class=java.util.TreeMap$Entry@500000a6)
	key		50002968
	value		500028e6
	left		50003089
	right		50003088
	parent		50003083
ARR 50003087 (sz=20, trace=300000, nelems=10, elem type=char[])
OBJ 50003088 (sz=40, trace=300000, class=java.util.TreeMap$Entry@500000a6)
	key		50002969
	value		500028e7
	right		50003094
	parent		50003086
OBJ 50003089 (sz=40, trace=300000, class=java.util.TreeMap$Entry@500000a6)
	key		500028f3
	value		500028e6
	left		5000308c
	right		5000308b
	parent		50003086
ARR 5000308a (sz=18, trace=300000, nelems=9, elem type=char[])
OBJ 5000308b (sz=40, trace=300000, class=java.util.TreeMap$Entry@500000a6)
	key		500028f5
	value		500028e8
	left		50003090
	right		5000308f
	parent		50003089
OBJ 5000308c (sz=40, trace=300000, class=java.util.TreeMap$Entry@500000a6)
	key		500028ec
	value		500028e5
	parent		50003089
ARR 5000308d (sz=18, trace=300000, nelems=9, elem type=char[])
ARR 5000308e (sz=18, trace=300000, nelems=9, elem type=char[])
OBJ 5000308f (sz=40, trace=300000, class=java.util.TreeMap$Entry@500000a6)
	key		50002967
	value		500029a4
	parent		5000308b
OBJ 50003090 (sz=40, trace=300000, class=java.util.TreeMap$Entry@500000a6)
	key		500028f4
	value		500028e7
	parent		5000308b
ARR 50003091 (sz=18, trace=300000, nelems=9, elem type=char[])
ARR 50003092 (sz=18, trace=300000, nelems=9, elem type=char[])
ARR 50003093 (sz=20, trace=300000, nelems=10, elem type=char[])
OBJ 50003094 (sz=40, trace=300000, class=java.util.TreeMap$Entry@500000a6)
	key		5000296a
	value		500028e8
	parent		50003088
ARR 50003095 (sz=18, trace=300000, nelems=9, elem type=char[])
ARR 50003096 (sz=18, trace=300000, nelems=9, elem type=char[])
OBJ 50003097 (sz=40, trace=300000, class=java.util.TreeMap$Entry@500000a6)
	key		50002900
	value		50002905
	parent		50003085
OBJ 50003098 (sz=40, trace=300000, class=java.util.TreeMap$Entry@500000a6)
	key		500028f8
	value		500028e7
	left		5000309b
	right		5000309a
	parent		50003085
ARR 50003099 (sz=6, trace=300000, nelems=3, elem type=char[])
OBJ 5000309a (sz=40, trace=300000, class=java.util.TreeMap$Entry@500000a6)
	key		500028fa
	value		500028e8
	left		5000309f
	right		5000309e
	parent		50003098
OBJ 5000309b (sz=40, trace=300000, class=java.util.TreeMap$Entry@500000a6)
	key		500028f7
	value		500028e6
	parent		50003098
ARR 5000309c (sz=20, trace=300000, nelems=10, elem type=char[])
ARR 5000309d (sz=30, trace=300000, nelems=15, elem type=char[])
OBJ 5000309e (sz=40, trace=300000, class=java.util.TreeMap$Entry@500000a6)
	key		500028fb
	value		500028e8
	parent		5000309a
OBJ 5000309f (sz=40, trace=300000, class=java.util.TreeMap$Entry@500000a6)
	key		500028f9
	value		500028e7
	parent		5000309a
ARR 500030a0 (sz=20, trace=300000, nelems=10, elem type=char[])
ARR 500030a1 (sz=30, trace=300000, nelems=15, elem type=char[])
ARR 500030a2 (sz=30, trace=300000, nelems=15, elem type=char[])
ARR 500030a3 (sz=14, trace=300000, nelems=7, elem type=char[])
OBJ 500030a4 (sz=40, trace=300000, class=java.util.TreeMap$Entry@500000a6)
	key		50002906
	value		500029a5
	parent		50003082
OBJ 500030a5 (sz=40, trace=300000, class=java.util.TreeMap$Entry@500000a6)
	key		50002904
	value		500029a5
	left		500030a7
	right		500030a6
	parent		50003082
OBJ 500030a6 (sz=40, trace=300000, class=java.util.TreeMap$Entry@500000a6)
	key		5000296c
	value		500028e3
	parent		500030a5
OBJ 500030a7 (sz=40, trace=300000, class=java.util.TreeMap$Entry@500000a6)
	key		50002902
	value		50002907
	parent		500030a5
ARR 500030a8 (sz=28, trace=300000, nelems=14, elem type=char[])
ARR 500030a9 (sz=14, trace=300000, nelems=7, elem type=char[])
ARR 500030aa (sz=24, trace=300000, nelems=12, elem type=char[])
ARR 500030ab (sz=28, trace=300000, nelems=14, elem type=char[])
OBJ 500030ac (sz=40, trace=300000, class=java.util.TreeMap$Entry@500000a6)
	key		50002978
	value		500029b5
	left		500030c2
	right		500030c1
	parent		5000307f
OBJ 500030ad (sz=40, trace=300000, class=java.util.TreeMap$Entry@500000a6)
	key		50002973
	value		500028d2
	left		500030b0
	right		500030af
	parent		5000307f
ARR 500030ae (sz=12, trace=300000, nelems=6, elem type=char[])
OBJ 500030af (sz=40, trace=300000, class=java.util.TreeMap$Entry@500000a6)
	key		50002975
	value		500028d2
	left		500030bd
	right		500030bc
	parent		500030ad
OBJ 500030b0 (sz=40, trace=300000, class=java.util.TreeMap$Entry@500000a6)
	key		50002970
	value		500028d2
	left		500030b3
	right		500030b2
	parent		500030ad
ARR 500030b1 (sz=24, trace=300000, nelems=12, elem type=char[])
OBJ 500030b2 (sz=40, trace=300000, class=java.util.TreeMap$Entry@500000a6)
	key		50002971
	value		500028d2
	right		500030b9
	parent		500030b0
OBJ 500030b3 (sz=40, trace=300000, class=java.util.TreeMap$Entry@500000a6)
	key		5000296e
	value		500029a7
	left		500030b6
	right		500030b5
	parent		500030b0
ARR 500030b4 (sz=14, trace=300000, nelems=7, elem type=char[])
OBJ 500030b5 (sz=40, trace=300000, class=java.util.TreeMap$Entry@500000a6)
	key		5000296f
	value		500028d2
	parent		500030b3
OBJ 500030b6 (sz=40, trace=300000, class=java.util.TreeMap$Entry@500000a6)
	key		50002903
	value		500029a6
	parent		500030b3
ARR 500030b7 (sz=10, trace=300000, nelems=5, elem type=char[])
ARR 500030b8 (sz=28, trace=300000, nelems=14, elem type=char[])
OBJ 500030b9 (sz=40, trace=300000, class=java.util.TreeMap$Entry@500000a6)
	key		50002972
	value		500029a7
	parent		500030b2
ARR 500030ba (sz=24, trace=300000, nelems=12, elem type=char[])
ARR 500030bb (sz=24, trace=300000, nelems=12, elem type=char[])
OBJ 500030bc (sz=40, trace=300000, class=java.util.TreeMap$Entry@500000a6)
	key		50002976
	value		500028e6
	parent		500030af
OBJ 500030bd (sz=40, trace=300000, class=java.util.TreeMap$Entry@500000a6)
	key		50002974
	value		500029a7
	parent		500030af
ARR 500030be (sz=16, trace=300000, nelems=8, elem type=char[])
ARR 500030bf (sz=24, trace=300000, nelems=12, elem type=char[])
ARR 500030c0 (sz=4, trace=300000, nelems=2, elem type=char[])
OBJ 500030c1 (sz=40, trace=300000, class=java.util.TreeMap$Entry@500000a6)
	key		5000297a
	value		500029b3
	left		500030d2
	right		500030d1
	parent		500030ac
OBJ 500030c2 (sz=40, trace=300000, class=java.util.TreeMap$Entry@500000a6)
	key		50002a5a
	value		50002ba0
	left		500030c5
	right		500030c4
	parent		500030ac
ARR 500030c3 (sz=12, trace=300000, nelems=6, elem type=char[])
OBJ 500030c4 (sz=40, trace=300000, class=java.util.TreeMap$Entry@500000a6)
	key		50002a5e
	value		50002ba4
	left		500030cb
	right		500030ca
	parent		500030c2
OBJ 500030c5 (sz=40, trace=300000, class=java.util.TreeMap$Entry@500000a6)
	key		50002a57
	value		50002b9d
	left		500030c7
	right		500030c6
	parent		500030c2
OBJ 500030c6 (sz=40, trace=300000, class=java.util.TreeMap$Entry@500000a6)
	key		50002a58
	value		50002b9e
	right		500030c9
	parent		500030c5
OBJ 500030c7 (sz=40, trace=300000, class=java.util.TreeMap$Entry@500000a6)
	key		50002a56
	value		50002b9c
	left		500030c8
	parent		500030c5
OBJ 500030c8 (sz=40, trace=300000, class=java.util.TreeMap$Entry@500000a6)
	key		50002a55
	value		50002b9b
	parent		500030c7
OBJ 500030c9 (sz=40, trace=300000, class=java.util.TreeMap$Entry@500000a6)
	key		50002a59
	value		50002b9f
	parent		500030c6
OBJ 500030ca (sz=40, trace=300000, class=java.util.TreeMap$Entry@500000a6)
	key		50002a61
	value		50002ba7
	left		500030cf
	right		500030ce
	parent		500030c4
OBJ 500030cb (sz=40, trace=300000, class=java.util.TreeMap$Entry@500000a6)
	key		50002a5c
	value		50002ba2
	left		500030cd
	right		500030cc
	parent		500030c4
OBJ 500030cc (sz=40, trace=300000, class=java.util.TreeMap$Entry@500000a6)
	key		50002a5d
	value		50002ba3
	parent		500030cb
OBJ 500030cd (sz=40, trace=300000, class=java.util.TreeMap$Entry@500000a6)
	key		50002a5b
	value		50002ba1
	parent		500030cb
OBJ 500030ce (sz=40, trace=300000, class=java.util.TreeMap$Entry@500000a6)
	key		50002a62
	value		50002ba8
	parent		500030ca
OBJ 500030cf (sz=40, trace=300000, class=java.util.TreeMap$Entry@500000a6)
	key		50002a60
	value		50002ba6
	left		500030d0
	parent		500030ca
OBJ 500030d0 (sz=40, trace=300000, class=java.util.TreeMap$Entry@500000a6)
	key		50002a5f
	value		50002ba5
	parent		500030cf
OBJ 500030d1 (sz=40, trace=300000, class=java.util.TreeMap$Entry@500000a6)
	key		5000297b
	value		500029b4
	parent		500030c1
OBJ 500030d2 (sz=40, trace=300000, class=java.util.TreeMap$Entry@500000a6)
	key		50002979
	value		500029a7
	parent		500030c1
ARR 500030d3 (sz=14, trace=300000, nelems=7, elem type=char[])
ARR 500030d4 (sz=12, trace=300000, nelems=6, elem type=char[])
ARR 500030d5 (sz=14, trace=300000, nelems=7, elem type=char[])
OBJ 500030d6 (sz=40, trace=300000, class=java.util.TreeMap$Entry@500000a6)
	key		50002999
	value		500029b7
	left		50003107
	right		50003106
	parent		5000307c
OBJ 500030d7 (sz=40, trace=300000, class=java.util.TreeMap$Entry@500000a6)
	key		50002980
	value		500029b1
	left		500030da
	right		500030d9
	parent		5000307c
ARR 500030d8 (sz=22, trace=300000, nelems=11, elem type=char[])
OBJ 500030d9 (sz=40, trace=300000, class=java.util.TreeMap$Entry@500000a6)
	key		50002985
	value		50002920
	left		500030ea
	right		500030e9
	parent		500030d7
OBJ 500030da (sz=40, trace=300000, class=java.util.TreeMap$Entry@500000a6)
	key		5000297d
	value		500029b1
	left		500030dd
	right		500030dc
	parent		500030d7
ARR 500030db (sz=12, trace=300000, nelems=6, elem type=char[])
OBJ 500030dc (sz=40, trace=300000, class=java.util.TreeMap$Entry@500000a6)
	key		50002919
	value		500029a9
	left		500030e5
	right		500030e4
	parent		500030da
OBJ 500030dd (sz=40, trace=300000, class=java.util.TreeMap$Entry@500000a6)
	key		50002913
	value		500029a8
	left		500030e0
	right		500030df
	parent		500030da
ARR 500030de (sz=10, trace=300000, nelems=5, elem type=char[])
OBJ 500030df (sz=40, trace=300000, class=java.util.TreeMap$Entry@500000a6)
	key		50002915
	value		500029a8
	left		500030e2
	parent		500030dd
OBJ 500030e0 (sz=40, trace=300000, class=java.util.TreeMap$Entry@500000a6)
	key		50002912
	value		50002993
	parent		500030dd
ARR 500030e1 (sz=20, trace=300000, nelems=10, elem type=char[])
OBJ 500030e2 (sz=40, trace=300000, class=java.util.TreeMap$Entry@500000a6)
	key		50002914
	value		500029a8
	parent		500030df
ARR 500030e3 (sz=20, trace=300000, nelems=10, elem type=char[])
OBJ 500030e4 (sz=40, trace=300000, class=java.util.TreeMap$Entry@500000a6)
	key		5000291a
	value		500029aa
	parent		500030dc
OBJ 500030e5 (sz=40, trace=300000, class=java.util.TreeMap$Entry@500000a6)
	key		5000297f
	value		500029b7
	left		500030e6
	parent		500030dc
OBJ 500030e6 (sz=40, trace=300000, class=java.util.TreeMap$Entry@500000a6)
	key		5000297e
	value		500029b6
	parent		500030e5
ARR 500030e7 (sz=10, trace=300000, nelems=5, elem type=char[])
ARR 500030e8 (sz=10, trace=300000, nelems=5, elem type=char[])
OBJ 500030e9 (sz=40, trace=300000, class=java.util.TreeMap$Entry@500000a6)
	key		5000298b
	value		500029ac
	left		500030f4
	right		500030f3
	parent		500030d9
OBJ 500030ea (sz=40, trace=300000, class=java.util.TreeMap$Entry@500000a6)
	key		50002983
	value		500029ab
	left		500030ed
	right		500030ec
	parent		500030d9
ARR 500030eb (sz=18, trace=300000, nelems=9, elem type=char[])
OBJ 500030ec (sz=40, trace=300000, class=java.util.TreeMap$Entry@500000a6)
	key		50002984
	value		50002920
	parent		500030ea
OBJ 500030ed (sz=40, trace=300000, class=java.util.TreeMap$Entry@500000a6)
	key		50002982
	value		50002920
	left		500030ef
	parent		500030ea
ARR 500030ee (sz=6, trace=300000, nelems=3, elem type=char[])
OBJ 500030ef (sz=40, trace=300000, class=java.util.TreeMap$Entry@500000a6)
	key		50002981
	value		500029b6
	parent		500030ed
ARR 500030f0 (sz=16, trace=300000, nelems=8, elem type=char[])
ARR 500030f1 (sz=12, trace=300000, nelems=6, elem type=char[])
ARR 500030f2 (sz=18, trace=300000, nelems=9, elem type=char[])
OBJ 500030f3 (sz=40, trace=300000, class=java.util.TreeMap$Entry@500000a6)
	key		5000291f
	value		500029a1
	left		50003100
	right		500030ff
	parent		500030e9
OBJ 500030f4 (sz=40, trace=300000, class=java.util.TreeMap$Entry@500000a6)
	key		50002989
	value		500029ac
	left		500030f7
	right		500030f6
	parent		500030e9
ARR 500030f5 (sz=18, trace=300000, nelems=9, elem type=char[])
OBJ 500030f6 (sz=40, trace=300000, class=java.util.TreeMap$Entry@500000a6)
	key		5000298a
	value		500029ac
	parent		500030f4
OBJ 500030f7 (sz=40, trace=300000, class=java.util.TreeMap$Entry@500000a6)
	key		50002987
	value		500029ac
	left		500030fa
	right		500030f9
	parent		500030f4
ARR 500030f8 (sz=18, trace=300000, nelems=9, elem type=char[])
OBJ 500030f9 (sz=40, trace=300000, class=java.util.TreeMap$Entry@500000a6)
	key		50002988
	value		50002920
	parent		500030f7
OBJ 500030fa (sz=40, trace=300000, class=java.util.TreeMap$Entry@500000a6)
	key		50002986
	value		500029ac
	parent		500030f7
ARR 500030fb (sz=38, trace=300000, nelems=19, elem type=char[])
ARR 500030fc (sz=28, trace=300000, nelems=14, elem type=char[])
ARR 500030fd (sz=8, trace=300000, nelems=4, elem type=char[])
ARR 500030fe (sz=18, trace=300000, nelems=9, elem type=char[])
OBJ 500030ff (sz=40, trace=300000, class=java.util.TreeMap$Entry@500000a6)
	key		5000298e
	value		50002921
	right		50003103
	parent		500030f3
OBJ 50003100 (sz=40, trace=300000, class=java.util.TreeMap$Entry@500000a6)
	key		5000298c
	value		500029ac
	parent		500030f3
ARR 50003101 (sz=26, trace=300000, nelems=13, elem type=char[])
ARR 50003102 (sz=28, trace=300000, nelems=14, elem type=char[])
OBJ 50003103 (sz=40, trace=300000, class=java.util.TreeMap$Entry@500000a6)
	key		5000298f
	value		50002921
	parent		500030ff
ARR 50003104 (sz=12, trace=300000, nelems=6, elem type=char[])
ARR 50003105 (sz=22, trace=300000, nelems=11, elem type=char[])
OBJ 50003106 (sz=40, trace=300000, class=java.util.TreeMap$Entry@500000a6)
	key		500029b2
	value		50002920
	left		50003112
	right		50003111
	parent		500030d6
OBJ 50003107 (sz=40, trace=300000, class=java.util.TreeMap$Entry@500000a6)
	key		50002996
	value		500029a8
	left		5000310a
	right		50003109
	parent		500030d6
ARR 50003108 (sz=22, trace=300000, nelems=11, elem type=char[])
OBJ 50003109 (sz=40, trace=300000, class=java.util.TreeMap$Entry@500000a6)
	key		5000273d
	value		5000273b
	left		5000310e
	right		5000310d
	parent		50003107
OBJ 5000310a (sz=40, trace=300000, class=java.util.TreeMap$Entry@500000a6)
	key		50002995
	value		50002993
	parent		50003107
ARR 5000310b (sz=32, trace=300000, nelems=16, elem type=char[])
ARR 5000310c (sz=22, trace=300000, nelems=11, elem type=char[])
OBJ 5000310d (sz=40, trace=300000, class=java.util.TreeMap$Entry@500000a6)
	key		50002998
	value		500029b6
	parent		50003109
OBJ 5000310e (sz=40, trace=300000, class=java.util.TreeMap$Entry@500000a6)
	key		50002997
	value		500029a8
	parent		50003109
ARR 5000310f (sz=32, trace=300000, nelems=16, elem type=char[])
ARR 50003110 (sz=22, trace=300000, nelems=11, elem type=char[])
OBJ 50003111 (sz=40, trace=300000, class=java.util.TreeMap$Entry@500000a6)
	key		500029b9
	value		500029a5
	left		5000311e
	right		5000311d
	parent		50003106
OBJ 50003112 (sz=40, trace=300000, class=java.util.TreeMap$Entry@500000a6)
	key		500029ad
	value		500028d1
	left		50003115
	right		50003114
	parent		50003106
ARR 50003113 (sz=12, trace=300000, nelems=6, elem type=char[])
OBJ 50003114 (sz=40, trace=300000, class=java.util.TreeMap$Entry@500000a6)
	key		500029af
	value		500028d1
	parent		50003112
OBJ 50003115 (sz=40, trace=300000, class=java.util.TreeMap$Entry@500000a6)
	key		5000299b
	value		500029b6
	left		50003118
	right		50003117
	parent		50003112
ARR 50003116 (sz=16, trace=300000, nelems=8, elem type=char[])
OBJ 50003117 (sz=40, trace=300000, class=java.util.TreeMap$Entry@500000a6)
	key		5000299e
	value		500028dd
	parent		50003115
OBJ 50003118 (sz=40, trace=300000, class=java.util.TreeMap$Entry@500000a6)
	key		5000299a
	value		500029b8
	parent		50003115
ARR 50003119 (sz=20, trace=300000, nelems=10, elem type=char[])
ARR 5000311a (sz=34, trace=300000, nelems=17, elem type=char[])
ARR 5000311b (sz=16, trace=300000, nelems=8, elem type=char[])
ARR 5000311c (sz=14, trace=300000, nelems=7, elem type=char[])
OBJ 5000311d (sz=40, trace=300000, class=java.util.TreeMap$Entry@500000a6)
	key		500029ba
	value		50002907
	parent		50003111
OBJ 5000311e (sz=40, trace=300000, class=java.util.TreeMap$Entry@500000a6)
	key		50002923
	value		50002905
	parent		50003111
ARR 5000311f (sz=10, trace=300000, nelems=5, elem type=char[])
ARR 50003120 (sz=10, trace=300000, nelems=5, elem type=char[])
ARR 50003121 (sz=10, trace=300000, nelems=5, elem type=char[])
OBJ 50003122 (sz=40, trace=300000, class=java.util.TreeMap$Entry@500000a6)
	key		5000299d
	value		50003125
	left		50003124
	right		50003123
OBJ 50003123 (sz=40, trace=300000, class=java.util.TreeMap$Entry@500000a6)
	key		500029a2
	value		5000319a
	left		50003199
	right		50003198
	parent		50003122
OBJ 50003124 (sz=40, trace=300000, class=java.util.TreeMap$Entry@500000a6)
	key		500028e4
	value		50003128
	left		50003127
	right		50003126
	parent		50003122
ARR 50003125 (sz=24, trace=300000, nelems=1, elem type=java.lang.String[]@500000db)
	[0]		500028cf
OBJ 50003126 (sz=40, trace=300000, class=java.util.TreeMap$Entry@500000a6)
	key		50002907
	value		50003181
	left		50003180
	right		5000317f
	parent		50003124
OBJ 50003127 (sz=40, trace=300000, class=java.util.TreeMap$Entry@500000a6)
	key		50002a29
	value		5000312b
	left		5000312a
	right		50003129
	parent		50003124
ARR 50003128 (sz=24, trace=300000, nelems=2, elem type=java.lang.String[]@500000db)
	[0]		5000293d
	[1]		50002966
OBJ 50003129 (sz=40, trace=300000, class=java.util.TreeMap$Entry@500000a6)
	key		50002a3c
	value		50003158
	left		50003157
	right		50003156
	parent		50003127
OBJ 5000312a (sz=40, trace=300000, class=java.util.TreeMap$Entry@500000a6)
	key		50002a06
	value		5000312e
	left		5000312d
	right		5000312c
	parent		50003127
ARR 5000312b (sz=32, trace=300000, nelems=4, elem type=java.lang.String[]@500000db)
	[0]		50002a97
	[1]		50002b4b
	[2]		50002b0b
	[3]		500029d6
OBJ 5000312c (sz=40, trace=300000, class=java.util.TreeMap$Entry@500000a6)
	key		50002a0e
	value		50003143
	left		50003142
	right		50003141
	parent		5000312a
OBJ 5000312d (sz=40, trace=300000, class=java.util.TreeMap$Entry@500000a6)
	key		5000273b
	value		5000273a
	left		50003130
	right		5000312f
	parent		5000312a
ARR 5000312e (sz=40, trace=300000, nelems=6, elem type=java.lang.String[]@500000db)
	[0]		50002a8a
	[1]		50002a67
	[2]		50002a74
	[3]		500029c9
	[4]		50002af5
	[5]		50002aed
OBJ 5000312f (sz=40, trace=300000, class=java.util.TreeMap$Entry@500000a6)
	key		50002a04
	value		5000313e
	left		5000313d
	right		5000313c
	parent		5000312d
OBJ 50003130 (sz=40, trace=300000, class=java.util.TreeMap$Entry@500000a6)
	key		500028cc
	value		50003133
	left		50003132
	right		50003131
	parent		5000312d
OBJ 50003131 (sz=40, trace=300000, class=java.util.TreeMap$Entry@500000a6)
	key		500028dc
	value		50003137
	left		50003136
	right		50003135
	parent		50003130
OBJ 50003132 (sz=40, trace=300000, class=java.util.TreeMap$Entry@500000a6)
	key		500028cb
	value		50003134
	parent		50003130
ARR 50003133 (sz=32, trace=300000, nelems=4, elem type=java.lang.String[]@500000db)
	[0]		500028cd
	[1]		50002928
	[2]		50002925
	[3]		5000292a
ARR 50003134 (sz=24, trace=300000, nelems=1, elem type=java.lang.String[]@500000db)
	[0]		50002935
OBJ 50003135 (sz=40, trace=300000, class=java.util.TreeMap$Entry@500000a6)
	key		500028dd
	value		5000313b
	parent		50003131
OBJ 50003136 (sz=40, trace=300000, class=java.util.TreeMap$Entry@500000a6)
	key		500028d1
	value		50003139
	right		50003138
	parent		50003131
ARR 50003137 (sz=24, trace=300000, nelems=1, elem type=java.lang.String[]@500000db)
	[0]		50002952
OBJ 50003138 (sz=40, trace=300000, class=java.util.TreeMap$Entry@500000a6)
	key		500028d2
	value		5000313a
	parent		50003136
ARR 50003139 (sz=48, trace=300000, nelems=7, elem type=java.lang.String[]@500000db)
	[0]		50002949
	[1]		5000294e
	[2]		5000294f
	[3]		500028db
	[4]		50002937
	[5]		500029ad
	[6]		500029af
ARR 5000313a (sz=56, trace=300000, nelems=9, elem type=java.lang.String[]@500000db)
	[0]		5000294b
	[1]		50002970
	[2]		50002950
	[3]		5000296f
	[4]		50002971
	[5]		50002973
	[6]		50002975
	[7]		50002936
	[8]		500028c4
ARR 5000313b (sz=48, trace=300000, nelems=7, elem type=java.lang.String[]@500000db)
	[0]		50002953
	[1]		50002955
	[2]		50002954
	[3]		50002946
	[4]		5000294d
	[5]		5000299e
	[6]		500028d4
OBJ 5000313c (sz=40, trace=300000, class=java.util.TreeMap$Entry@500000a6)
	key		50002a05
	value		50003140
	parent		5000312f
OBJ 5000313d (sz=40, trace=300000, class=java.util.TreeMap$Entry@500000a6)
	key		50002a03
	value		5000313f
	parent		5000312f
ARR 5000313e (sz=40, trace=300000, nelems=5, elem type=java.lang.String[]@500000db)
	[0]		50002a88
	[1]		50002a65
	[2]		50002a72
	[3]		500029c7
	[4]		50002af9
ARR 5000313f (sz=32, trace=300000, nelems=4, elem type=java.lang.String[]@500000db)
	[0]		50002aa5
	[1]		50002b59
	[2]		50002b1c
	[3]		500029e3
ARR 50003140 (sz=40, trace=300000, nelems=5, elem type=java.lang.String[]@500000db)
	[0]		50002a89
	[1]		50002a66
	[2]		50002a73
	[3]		500029c8
	[4]		50002aec
OBJ 50003141 (sz=40, trace=300000, class=java.util.TreeMap$Entry@500000a6)
	key		50002a13
	value		50003153
	left		50003152
	right		50003151
	parent		5000312c
OBJ 50003142 (sz=40, trace=300000, class=java.util.TreeMap$Entry@500000a6)
	key		50002a08
	value		50003146
	left		50003145
	right		50003144
	parent		5000312c
ARR 50003143 (sz=80, trace=300000, nelems=15, elem type=java.lang.String[]@500000db)
	[0]		50002a7c
	[1]		50002b3b
	[2]		50002ae9
	[3]		50002ae0
	[4]		50002aea
	[5]		50002ae6
	[6]		50002acb
	[7]		50002ac9
	[8]		50002ac7
	[9]		50002aca
	[10]		50002ac8
	[11]		50002afa
	[12]		50002b15
	[13]		50002ac6
	[14]		500029bb
OBJ 50003144 (sz=40, trace=300000, class=java.util.TreeMap$Entry@500000a6)
	key		50002a0a
	value		5000314a
	left		50003149
	right		50003148
	parent		50003142
OBJ 50003145 (sz=40, trace=300000, class=java.util.TreeMap$Entry@500000a6)
	key		50002a07
	value		50003147
	parent		50003142
ARR 50003146 (sz=40, trace=300000, nelems=5, elem type=java.lang.String[]@500000db)
	[0]		50002a8c
	[1]		50002a69
	[2]		50002a76
	[3]		500029cb
	[4]		50002af4
ARR 50003147 (sz=40, trace=300000, nelems=6, elem type=java.lang.String[]@500000db)
	[0]		50002a8b
	[1]		50002a68
	[2]		50002a75
	[3]		500029ca
	[4]		50002aef
	[5]		50002af7
OBJ 50003148 (sz=40, trace=300000, class=java.util.TreeMap$Entry@500000a6)
	key		50002a0c
	value		5000314e
	left		5000314d
	right		5000314c
	parent		50003144
OBJ 50003149 (sz=40, trace=300000, class=java.util.TreeMap$Entry@500000a6)
	key		50002a09
	value		5000314b
	parent		50003144
ARR 5000314a (sz=40, trace=300000, nelems=5, elem type=java.lang.String[]@500000db)
	[0]		50002a8e
	[1]		50002a6b
	[2]		50002a78
	[3]		500029cd
	[4]		50002af2
ARR 5000314b (sz=40, trace=300000, nelems=5, elem type=java.lang.String[]@500000db)
	[0]		50002a8d
	[1]		50002a6a
	[2]		50002a77
	[3]		500029cc
	[4]		50002aee
OBJ 5000314c (sz=40, trace=300000, class=java.util.TreeMap$Entry@500000a6)
	key		50002a0d
	value		50003150
	parent		50003148
OBJ 5000314d (sz=40, trace=300000, class=java.util.TreeMap$Entry@500000a6)
	key		50002a0b
	value		5000314f
	parent		50003148
ARR 5000314e (sz=40, trace=300000, nelems=5, elem type=java.lang.String[]@500000db)
	[0]		50002a90
	[1]		50002a6d
	[2]		50002a7a
	[3]		500029cf
	[4]		50002af3
ARR 5000314f (sz=40, trace=300000, nelems=5, elem type=java.lang.String[]@500000db)
	[0]		50002a8f
	[1]		50002a6c
	[2]		50002a79
	[3]		500029ce
	[4]		50002af0
ARR 50003150 (sz=40, trace=300000, nelems=5, elem type=java.lang.String[]@500000db)
	[0]		50002a91
	[1]		50002a6e
	[2]		50002a7b
	[3]		500029d0
	[4]		50002af6
OBJ 50003151 (sz=40, trace=300000, class=java.util.TreeMap$Entry@500000a6)
	key		50002a28
	value		50003155
	parent		50003141
OBJ 50003152 (sz=40, trace=300000, class=java.util.TreeMap$Entry@500000a6)
	key		50002a11
	value		50003154
	parent		50003141
ARR 50003153 (sz=32, trace=300000, nelems=3, elem type=java.lang.String[]@500000db)
	[0]		50002a81
	[1]		50002aff
	[2]		500029c0
ARR 50003154 (sz=32, trace=300000, nelems=4, elem type=java.lang.String[]@500000db)
	[0]		50002a7f
	[1]		50002b3e
	[2]		50002afd
	[3]		500029be
ARR 50003155 (sz=32, trace=300000, nelems=4, elem type=java.lang.String[]@500000db)
	[0]		50002a96
	[1]		50002b4a
	[2]		50002b0a
	[3]		500029d5
OBJ 50003156 (sz=40, trace=300000, class=java.util.TreeMap$Entry@500000a6)
	key		50002a40
	value		50003172
	left		50003171
	right		50003170
	parent		50003129
OBJ 50003157 (sz=40, trace=300000, class=java.util.TreeMap$Entry@500000a6)
	key		50002a2d
	value		5000315b
	left		5000315a
	right		50003159
	parent		50003129
ARR 50003158 (sz=40, trace=300000, nelems=5, elem type=java.lang.String[]@500000db)
	[0]		50002aaa
	[1]		50002b5e
	[2]		50002b21
	[3]		500029e8
	[4]		50002ad7
OBJ 50003159 (sz=40, trace=300000, class=java.util.TreeMap$Entry@500000a6)
	key		50002a3a
	value		50003163
	left		50003162
	right		50003161
	parent		50003157
OBJ 5000315a (sz=40, trace=300000, class=java.util.TreeMap$Entry@500000a6)
	key		50002a2b
	value		5000315e
	left		5000315d
	right		5000315c
	parent		50003157
ARR 5000315b (sz=48, trace=300000, nelems=8, elem type=java.lang.String[]@500000db)
	[0]		50002a9b
	[1]		50002b4f
	[2]		50002b0f
	[3]		500029da
	[4]		50002ae3
	[5]		50002af1
	[6]		50002ace
	[7]		50002ac4
OBJ 5000315c (sz=40, trace=300000, class=java.util.TreeMap$Entry@500000a6)
	key		50002a2c
	value		50003160
	parent		5000315a
OBJ 5000315d (sz=40, trace=300000, class=java.util.TreeMap$Entry@500000a6)
	key		50002a2a
	value		5000315f
	parent		5000315a
ARR 5000315e (sz=32, trace=300000, nelems=4, elem type=java.lang.String[]@500000db)
	[0]		50002a99
	[1]		50002b4d
	[2]		50002b0d
	[3]		500029d8
ARR 5000315f (sz=48, trace=300000, nelems=7, elem type=java.lang.String[]@500000db)
	[0]		50002a98
	[1]		50002b4c
	[2]		50002b0c
	[3]		500029d7
	[4]		50002af8
	[5]		50002ae8
	[6]		50002acc
ARR 50003160 (sz=40, trace=300000, nelems=6, elem type=java.lang.String[]@500000db)
	[0]		50002a9a
	[1]		50002b4e
	[2]		50002b0e
	[3]		500029d9
	[4]		50002acd
	[5]		50002ac3
OBJ 50003161 (sz=40, trace=300000, class=java.util.TreeMap$Entry@500000a6)
	key		50002a3b
	value		5000316f
	parent		50003159
OBJ 50003162 (sz=40, trace=300000, class=java.util.TreeMap$Entry@500000a6)
	key		50002a32
	value		50003166
	left		50003165
	right		50003164
	parent		50003159
ARR 50003163 (sz=40, trace=300000, nelems=6, elem type=java.lang.String[]@500000db)
	[0]		50002aa8
	[1]		50002b5c
	[2]		50002b1f
	[3]		500029e6
	[4]		50002ad5
	[5]		50002a71
OBJ 50003164 (sz=40, trace=300000, class=java.util.TreeMap$Entry@500000a6)
	key		50002a34
	value		5000316c
	left		5000316b
	right		5000316a
	parent		50003162
OBJ 50003165 (sz=40, trace=300000, class=java.util.TreeMap$Entry@500000a6)
	key		50002a2f
	value		50003168
	left		50003167
	parent		50003162
ARR 50003166 (sz=40, trace=300000, nelems=6, elem type=java.lang.String[]@500000db)
	[0]		50002aa0
	[1]		50002b54
	[2]		50002b16
	[3]		50002add
	[4]		500029df
	[5]		50002ad1
OBJ 50003167 (sz=40, trace=300000, class=java.util.TreeMap$Entry@500000a6)
	key		50002a2e
	value		50003169
	parent		50003165
ARR 50003168 (sz=48, trace=300000, nelems=7, elem type=java.lang.String[]@500000db)
	[0]		50002a9d
	[1]		50002b51
	[2]		50002b11
	[3]		500029dc
	[4]		50002ae2
	[5]		50002ac5
	[6]		50002ad0
ARR 50003169 (sz=40, trace=300000, nelems=6, elem type=java.lang.String[]@500000db)
	[0]		50002a9c
	[1]		50002b50
	[2]		50002b10
	[3]		50002acf
	[4]		50002a02
	[5]		500029db
OBJ 5000316a (sz=40, trace=300000, class=java.util.TreeMap$Entry@500000a6)
	key		50002a39
	value		5000316e
	parent		50003164
OBJ 5000316b (sz=40, trace=300000, class=java.util.TreeMap$Entry@500000a6)
	key		50002a33
	value		5000316d
	parent		50003164
ARR 5000316c (sz=48, trace=300000, nelems=7, elem type=java.lang.String[]@500000db)
	[0]		50002aa2
	[1]		50002b56
	[2]		50002b18
	[3]		500029e1
	[4]		50002ae1
	[5]		50002adf
	[6]		50002ad3
ARR 5000316d (sz=40, trace=300000, nelems=6, elem type=java.lang.String[]@500000db)
	[0]		50002aa1
	[1]		50002b55
	[2]		50002b17
	[3]		500029e0
	[4]		50002ae4
	[5]		50002ad2
ARR 5000316e (sz=40, trace=300000, nelems=5, elem type=java.lang.String[]@500000db)
	[0]		50002aa7
	[1]		50002b5b
	[2]		50002b1e
	[3]		500029e5
	[4]		50002ad4
ARR 5000316f (sz=40, trace=300000, nelems=5, elem type=java.lang.String[]@500000db)
	[0]		50002aa9
	[1]		50002b5d
	[2]		50002b20
	[3]		500029e7
	[4]		50002ad6
OBJ 50003170 (sz=40, trace=300000, class=java.util.TreeMap$Entry@500000a6)
	key		500028e0
	value		5000317a
	left		50003179
	right		50003178
	parent		50003156
OBJ 50003171 (sz=40, trace=300000, class=java.util.TreeMap$Entry@500000a6)
	key		50002a3e
	value		50003175
	left		50003174
	right		50003173
	parent		50003156
ARR 50003172 (sz=48, trace=300000, nelems=7, elem type=java.lang.String[]@500000db)
	[0]		50002aae
	[1]		50002b62
	[2]		50002b25
	[3]		500029ec
	[4]		50002ae7
	[5]		50002aeb
	[6]		50002adb
OBJ 50003173 (sz=40, trace=300000, class=java.util.TreeMap$Entry@500000a6)
	key		50002a3f
	value		50003177
	parent		50003171
OBJ 50003174 (sz=40, trace=300000, class=java.util.TreeMap$Entry@500000a6)
	key		50002a3d
	value		50003176
	parent		50003171
ARR 50003175 (sz=40, trace=300000, nelems=6, elem type=java.lang.String[]@500000db)
	[0]		50002aac
	[1]		50002b60
	[2]		50002b23
	[3]		500029ea
	[4]		50002a6f
	[5]		50002ad9
ARR 50003176 (sz=40, trace=300000, nelems=5, elem type=java.lang.String[]@500000db)
	[0]		50002aab
	[1]		50002b5f
	[2]		50002b22
	[3]		500029e9
	[4]		50002ad8
ARR 50003177 (sz=40, trace=300000, nelems=6, elem type=java.lang.String[]@500000db)
	[0]		50002aad
	[1]		50002b61
	[2]		50002b24
	[3]		500029eb
	[4]		50002a70
	[5]		50002ada
OBJ 50003178 (sz=40, trace=300000, class=java.util.TreeMap$Entry@500000a6)
	key		500028e3
	value		5000317e
	parent		50003170
OBJ 50003179 (sz=40, trace=300000, class=java.util.TreeMap$Entry@500000a6)
	key		50002a41
	value		5000317c
	right		5000317b
	parent		50003170
ARR 5000317a (sz=24, trace=300000, nelems=2, elem type=java.lang.String[]@500000db)
	[0]		500028e9
	[1]		5000293b
OBJ 5000317b (sz=40, trace=300000, class=java.util.TreeMap$Entry@500000a6)
	key		50002a43
	value		5000317d
	parent		50003179
ARR 5000317c (sz=40, trace=300000, nelems=6, elem type=java.lang.String[]@500000db)
	[0]		50002aaf
	[1]		50002b63
	[2]		50002b26
	[3]		500029ed
	[4]		50002ae5
	[5]		50002adc
ARR 5000317d (sz=32, trace=300000, nelems=4, elem type=java.lang.String[]@500000db)
	[0]		50002ab1
	[1]		50002b28
	[2]		500029ef
	[3]		50002ade
ARR 5000317e (sz=40, trace=300000, nelems=5, elem type=java.lang.String[]@500000db)
	[0]		50002965
	[1]		5000296b
	[2]		5000293c
	[3]		5000296c
	[4]		50002945
OBJ 5000317f (sz=40, trace=300000, class=java.util.TreeMap$Entry@500000a6)
	key		50002993
	value		5000318d
	left		5000318c
	right		5000318b
	parent		50003126
OBJ 50003180 (sz=40, trace=300000, class=java.util.TreeMap$Entry@500000a6)
	key		500028e6
	value		50003184
	left		50003183
	right		50003182
	parent		50003126
ARR 50003181 (sz=40, trace=300000, nelems=5, elem type=java.lang.String[]@500000db)
	[0]		50002902
	[1]		5000296d
	[2]		500029ba
	[3]		50002963
	[4]		5000293a
OBJ 50003182 (sz=40, trace=300000, class=java.util.TreeMap$Entry@500000a6)
	key		500028e8
	value		50003188
	left		50003187
	right		50003186
	parent		50003180
OBJ 50003183 (sz=40, trace=300000, class=java.util.TreeMap$Entry@500000a6)
	key		500028e5
	value		50003185
	parent		50003180
ARR 50003184 (sz=72, trace=300000, nelems=13, elem type=java.lang.String[]@500000db)
	[0]		50002968
	[1]		500028c5
	[2]		500028f7
	[3]		5000295f
	[4]		500028f6
	[5]		500028f3
	[6]		50002977
	[7]		50002976
	[8]		5000295b
	[9]		50002958
	[10]		50002933
	[11]		500028c8
	[12]		50002940
ARR 50003185 (sz=24, trace=300000, nelems=2, elem type=java.lang.String[]@500000db)
	[0]		500028ec
	[1]		5000293e
OBJ 50003186 (sz=40, trace=300000, class=java.util.TreeMap$Entry@500000a6)
	key		50002905
	value		5000318a
	parent		50003182
OBJ 50003187 (sz=40, trace=300000, class=java.util.TreeMap$Entry@500000a6)
	key		500028e7
	value		50003189
	parent		50003182
ARR 50003188 (sz=64, trace=300000, nelems=12, elem type=java.lang.String[]@500000db)
	[0]		5000296a
	[1]		500028c7
	[2]		50002961
	[3]		500028fa
	[4]		500028fb
	[5]		500028f5
	[6]		50002934
	[7]		500028c9
	[8]		5000295c
	[9]		50002959
	[10]		50002956
	[11]		50002942
ARR 50003189 (sz=72, trace=300000, nelems=14, elem type=java.lang.String[]@500000db)
	[0]		50002969
	[1]		500028c6
	[2]		50002960
	[3]		500028f8
	[4]		500028f9
	[5]		500028f4
	[6]		500028d0
	[7]		500028ca
	[8]		50002924
	[9]		5000295a
	[10]		50002957
	[11]		5000292d
	[12]		500028c3
	[13]		50002941
ARR 5000318a (sz=32, trace=300000, nelems=4, elem type=java.lang.String[]@500000db)
	[0]		50002900
	[1]		50002905
	[2]		50002923
	[3]		50002938
OBJ 5000318b (sz=40, trace=300000, class=java.util.TreeMap$Entry@500000a6)
	key		5000299c
	value		50003197
	parent		5000317f
OBJ 5000318c (sz=40, trace=300000, class=java.util.TreeMap$Entry@500000a6)
	key		50002921
	value		50003190
	left		5000318f
	right		5000318e
	parent		5000317f
ARR 5000318d (sz=32, trace=300000, nelems=3, elem type=java.lang.String[]@500000db)
	[0]		50002912
	[1]		50002995
	[2]		50002944
OBJ 5000318e (sz=40, trace=300000, class=java.util.TreeMap$Entry@500000a6)
	key		50002991
	value		50003194
	left		50003193
	right		50003192
	parent		5000318c
OBJ 5000318f (sz=40, trace=300000, class=java.util.TreeMap$Entry@500000a6)
	key		50002920
	value		50003191
	parent		5000318c
ARR 50003190 (sz=24, trace=300000, nelems=2, elem type=java.lang.String[]@500000db)
	[0]		5000298e
	[1]		5000298f
ARR 50003191 (sz=40, trace=300000, nelems=6, elem type=java.lang.String[]@500000db)
	[0]		50002988
	[1]		50002985
	[2]		50002984
	[3]		50002982
	[4]		500029b2
	[5]		50002943
OBJ 50003192 (sz=40, trace=300000, class=java.util.TreeMap$Entry@500000a6)
	key		50002992
	value		50003196
	parent		5000318e
OBJ 50003193 (sz=40, trace=300000, class=java.util.TreeMap$Entry@500000a6)
	key		50002990
	value		50003195
	parent		5000318e
ARR 50003194 (sz=24, trace=300000, nelems=1, elem type=java.lang.String[]@500000db)
	[0]		5000292f
ARR 50003195 (sz=24, trace=300000, nelems=1, elem type=java.lang.String[]@500000db)
	[0]		5000292e
ARR 50003196 (sz=24, trace=300000, nelems=1, elem type=java.lang.String[]@500000db)
	[0]		50002930
ARR 50003197 (sz=40, trace=300000, nelems=5, elem type=java.lang.String[]@500000db)
	[0]		500028ce
	[1]		50002929
	[2]		50002926
	[3]		50002927
	[4]		5000292b
OBJ 50003198 (sz=40, trace=300000, class=java.util.TreeMap$Entry@500000a6)
	key		50002ba0
	value		500031ec
	left		500031eb
	right		500031ea
	parent		50003123
OBJ 50003199 (sz=40, trace=300000, class=java.util.TreeMap$Entry@500000a6)
	key		50002b89
	value		5000319d
	left		5000319c
	right		5000319b
	parent		50003123
ARR 5000319a (sz=24, trace=300000, nelems=2, elem type=java.lang.String[]@500000db)
	[0]		500028ea
	[1]		500028e1
OBJ 5000319b (sz=40, trace=300000, class=java.util.TreeMap$Entry@500000a6)
	key		500029a0
	value		500031c7
	left		500031c6
	right		500031c5
	parent		50003199
OBJ 5000319c (sz=40, trace=300000, class=java.util.TreeMap$Entry@500000a6)
	key		50002b7d
	value		500031a0
	left		5000319f
	right		5000319e
	parent		50003199
ARR 5000319d (sz=32, trace=300000, nelems=4, elem type=java.lang.String[]@500000db)
	[0]		50002aa6
	[1]		50002b1d
	[2]		50002b5a
	[3]		500029e4
OBJ 5000319e (sz=40, trace=300000, class=java.util.TreeMap$Entry@500000a6)
	key		50002b82
	value		500031b2
	left		500031b1
	right		500031b0
	parent		5000319c
OBJ 5000319f (sz=40, trace=300000, class=java.util.TreeMap$Entry@500000a6)
	key		50002b78
	value		500031a3
	left		500031a2
	right		500031a1
	parent		5000319c
ARR 500031a0 (sz=32, trace=300000, nelems=4, elem type=java.lang.String[]@500000db)
	[0]		50002a84
	[1]		50002b42
	[2]		50002b02
	[3]		500029c3
OBJ 500031a1 (sz=40, trace=300000, class=java.util.TreeMap$Entry@500000a6)
	key		50002b7a
	value		500031ab
	left		500031aa
	right		500031a9
	parent		5000319f
OBJ 500031a2 (sz=40, trace=300000, class=java.util.TreeMap$Entry@500000a6)
	key		5000299f
	value		500031a6
	left		500031a5
	right		500031a4
	parent		5000319f
ARR 500031a3 (sz=32, trace=300000, nelems=4, elem type=java.lang.String[]@500000db)
	[0]		50002a7d
	[1]		50002b3c
	[2]		50002afb
	[3]		500029bc
OBJ 500031a4 (sz=40, trace=300000, class=java.util.TreeMap$Entry@500000a6)
	key		500029b0
	value		500031a8
	parent		500031a2
OBJ 500031a5 (sz=40, trace=300000, class=java.util.TreeMap$Entry@500000a6)
	key		500029ae
	value		500031a7
	parent		500031a2
ARR 500031a6 (sz=32, trace=300000, nelems=4, elem type=java.lang.String[]@500000db)
	[0]		5000294c
	[1]		50002951
	[2]		5000292c
	[3]		500028d3
ARR 500031a7 (sz=24, trace=300000, nelems=2, elem type=java.lang.String[]@500000db)
	[0]		5000294a
	[1]		50002947
ARR 500031a8 (sz=24, trace=300000, nelems=2, elem type=java.lang.String[]@500000db)
	[0]		500028d8
	[1]		50002948
OBJ 500031a9 (sz=40, trace=300000, class=java.util.TreeMap$Entry@500000a6)
	key		50002b7c
	value		500031ae
	left		500031ad
	parent		500031a1
OBJ 500031aa (sz=40, trace=300000, class=java.util.TreeMap$Entry@500000a6)
	key		50002b79
	value		500031ac
	parent		500031a1
ARR 500031ab (sz=32, trace=300000, nelems=4, elem type=java.lang.String[]@500000db)
	[0]		50002a80
	[1]		50002b3f
	[2]		50002afe
	[3]		500029bf
ARR 500031ac (sz=32, trace=300000, nelems=4, elem type=java.lang.String[]@500000db)
	[0]		50002a7e
	[1]		50002b3d
	[2]		50002afc
	[3]		500029bd
OBJ 500031ad (sz=40, trace=300000, class=java.util.TreeMap$Entry@500000a6)
	key		50002b7b
	value		500031af
	parent		500031a9
ARR 500031ae (sz=32, trace=300000, nelems=4, elem type=java.lang.String[]@500000db)
	[0]		50002a83
	[1]		50002b41
	[2]		50002b01
	[3]		500029c2
ARR 500031af (sz=32, trace=300000, nelems=4, elem type=java.lang.String[]@500000db)
	[0]		50002a82
	[1]		50002b40
	[2]		50002b00
	[3]		500029c1
OBJ 500031b0 (sz=40, trace=300000, class=java.util.TreeMap$Entry@500000a6)
	key		50002b87
	value		500031bc
	left		500031bb
	right		500031ba
	parent		5000319e
OBJ 500031b1 (sz=40, trace=300000, class=java.util.TreeMap$Entry@500000a6)
	key		50002b7f
	value		500031b5
	left		500031b4
	right		500031b3
	parent		5000319e
ARR 500031b2 (sz=32, trace=300000, nelems=4, elem type=java.lang.String[]@500000db)
	[0]		50002a93
	[1]		50002b47
	[2]		50002b07
	[3]		500029d2
OBJ 500031b3 (sz=40, trace=300000, class=java.util.TreeMap$Entry@500000a6)
	key		50002b80
	value		500031b8
	right		500031b7
	parent		500031b1
OBJ 500031b4 (sz=40, trace=300000, class=java.util.TreeMap$Entry@500000a6)
	key		50002b7e
	value		500031b6
	parent		500031b1
ARR 500031b5 (sz=32, trace=300000, nelems=4, elem type=java.lang.String[]@500000db)
	[0]		50002a86
	[1]		50002b44
	[2]		50002b04
	[3]		500029c5
ARR 500031b6 (sz=32, trace=300000, nelems=4, elem type=java.lang.String[]@500000db)
	[0]		50002a85
	[1]		50002b43
	[2]		50002b03
	[3]		500029c4
OBJ 500031b7 (sz=40, trace=300000, class=java.util.TreeMap$Entry@500000a6)
	key		50002b81
	value		500031b9
	parent		500031b3
ARR 500031b8 (sz=32, trace=300000, nelems=4, elem type=java.lang.String[]@500000db)
	[0]		50002a87
	[1]		50002b45
	[2]		50002b05
	[3]		500029c6
ARR 500031b9 (sz=32, trace=300000, nelems=4, elem type=java.lang.String[]@500000db)
	[0]		50002a92
	[1]		50002b46
	[2]		50002b06
	[3]		500029d1
OBJ 500031ba (sz=40, trace=300000, class=java.util.TreeMap$Entry@500000a6)
	key		50002b88
	value		500031c4
	parent		500031b0
OBJ 500031bb (sz=40, trace=300000, class=java.util.TreeMap$Entry@500000a6)
	key		50002b84
	value		500031bf
	left		500031be
	right		500031bd
	parent		500031b0
ARR 500031bc (sz=32, trace=300000, nelems=3, elem type=java.lang.String[]@500000db)
	[0]		50002aa3
	[1]		50002b57
	[2]		50002b1a
OBJ 500031bd (sz=40, trace=300000, class=java.util.TreeMap$Entry@500000a6)
	key		50002b86
	value		500031c2
	left		500031c1
	parent		500031bb
OBJ 500031be (sz=40, trace=300000, class=java.util.TreeMap$Entry@500000a6)
	key		50002b83
	value		500031c0
	parent		500031bb
ARR 500031bf (sz=32, trace=300000, nelems=4, elem type=java.lang.String[]@500000db)
	[0]		50002a95
	[1]		50002b49
	[2]		50002b09
	[3]		500029d4
ARR 500031c0 (sz=32, trace=300000, nelems=4, elem type=java.lang.String[]@500000db)
	[0]		50002a94
	[1]		50002b48
	[2]		50002b08
	[3]		500029d3
OBJ 500031c1 (sz=40, trace=300000, class=java.util.TreeMap$Entry@500000a6)
	key		50002b85
	value		500031c3
	parent		500031bd
ARR 500031c2 (sz=40, trace=300000, nelems=6, elem type=java.lang.String[]@500000db)
	[0]		50002a9f
	[1]		50002b53
	[2]		50002b13
	[3]		50002b19
	[4]		50002b14
	[5]		500029de
ARR 500031c3 (sz=32, trace=300000, nelems=4, elem type=java.lang.String[]@500000db)
	[0]		50002a9e
	[1]		50002b52
	[2]		50002b12
	[3]		500029dd
ARR 500031c4 (sz=32, trace=300000, nelems=4, elem type=java.lang.String[]@500000db)
	[0]		50002aa4
	[1]		50002b58
	[2]		500029e2
	[3]		50002b1b
OBJ 500031c5 (sz=40, trace=300000, class=java.util.TreeMap$Entry@500000a6)
	key		50002b95
	value		500031d9
	left		500031d8
	right		500031d7
	parent		5000319b
OBJ 500031c6 (sz=40, trace=300000, class=java.util.TreeMap$Entry@500000a6)
	key		50002b8d
	value		500031ca
	left		500031c9
	right		500031c8
	parent		5000319b
ARR 500031c7 (sz=32, trace=300000, nelems=4, elem type=java.lang.String[]@500000db)
	[0]		50002ab9
	[1]		50002b6c
	[2]		50002b30
	[3]		500029f7
OBJ 500031c8 (sz=40, trace=300000, class=java.util.TreeMap$Entry@500000a6)
	key		50002b90
	value		500031d2
	left		500031d1
	right		500031d0
	parent		500031c6
OBJ 500031c9 (sz=40, trace=300000, class=java.util.TreeMap$Entry@500000a6)
	key		50002b8b
	value		500031cd
	left		500031cc
	right		500031cb
	parent		500031c6
ARR 500031ca (sz=32, trace=300000, nelems=4, elem type=java.lang.String[]@500000db)
	[0]		50002ab4
	[1]		50002b67
	[2]		50002b2b
	[3]		500029f2
OBJ 500031cb (sz=40, trace=300000, class=java.util.TreeMap$Entry@500000a6)
	key		50002b8c
	value		500031cf
	parent		500031c9
OBJ 500031cc (sz=40, trace=300000, class=java.util.TreeMap$Entry@500000a6)
	key		50002b8a
	value		500031ce
	parent		500031c9
ARR 500031cd (sz=32, trace=300000, nelems=4, elem type=java.lang.String[]@500000db)
	[0]		50002ab2
	[1]		50002b65
	[2]		50002b29
	[3]		500029f0
ARR 500031ce (sz=32, trace=300000, nelems=4, elem type=java.lang.String[]@500000db)
	[0]		50002ab0
	[1]		50002b64
	[2]		50002b27
	[3]		500029ee
ARR 500031cf (sz=32, trace=300000, nelems=4, elem type=java.lang.String[]@500000db)
	[0]		50002ab3
	[1]		50002b66
	[2]		50002b2a
	[3]		500029f1
OBJ 500031d0 (sz=40, trace=300000, class=java.util.TreeMap$Entry@500000a6)
	key		50002b91
	value		500031d6
	parent		500031c8
OBJ 500031d1 (sz=40, trace=300000, class=java.util.TreeMap$Entry@500000a6)
	key		50002b8f
	value		500031d4
	left		500031d3
	parent		500031c8
ARR 500031d2 (sz=32, trace=300000, nelems=4, elem type=java.lang.String[]@500000db)
	[0]		50002ab7
	[1]		50002b6a
	[2]		50002b2e
	[3]		500029f5
OBJ 500031d3 (sz=40, trace=300000, class=java.util.TreeMap$Entry@500000a6)
	key		50002b8e
	value		500031d5
	parent		500031d1
ARR 500031d4 (sz=32, trace=300000, nelems=4, elem type=java.lang.String[]@500000db)
	[0]		50002ab6
	[1]		50002b69
	[2]		50002b2d
	[3]		500029f4
ARR 500031d5 (sz=32, trace=300000, nelems=4, elem type=java.lang.String[]@500000db)
	[0]		50002ab5
	[1]		50002b68
	[2]		50002b2c
	[3]		500029f3
ARR 500031d6 (sz=32, trace=300000, nelems=4, elem type=java.lang.String[]@500000db)
	[0]		50002ab8
	[1]		50002b6b
	[2]		50002b2f
	[3]		500029f6
OBJ 500031d7 (sz=40, trace=300000, class=java.util.TreeMap$Entry@500000a6)
	key		50002b98
	value		500031e1
	left		500031e0
	right		500031df
	parent		500031c5
OBJ 500031d8 (sz=40, trace=300000, class=java.util.TreeMap$Entry@500000a6)
	key		50002b93
	value		500031dc
	left		500031db
	right		500031da
	parent		500031c5
ARR 500031d9 (sz=32, trace=300000, nelems=4, elem type=java.lang.String[]@500000db)
	[0]		50002abd
	[1]		50002b70
	[2]		50002b34
	[3]		500029fb
OBJ 500031da (sz=40, trace=300000, class=java.util.TreeMap$Entry@500000a6)
	key		50002b94
	value		500031de
	parent		500031d8
OBJ 500031db (sz=40, trace=300000, class=java.util.TreeMap$Entry@500000a6)
	key		50002b92
	value		500031dd
	parent		500031d8
ARR 500031dc (sz=32, trace=300000, nelems=4, elem type=java.lang.String[]@500000db)
	[0]		50002abb
	[1]		50002b6e
	[2]		50002b32
	[3]		500029f9
ARR 500031dd (sz=32, trace=300000, nelems=4, elem type=java.lang.String[]@500000db)
	[0]		50002aba
	[1]		50002b6d
	[2]		50002b31
	[3]		500029f8
ARR 500031de (sz=32, trace=300000, nelems=4, elem type=java.lang.String[]@500000db)
	[0]		50002abc
	[1]		50002b6f
	[2]		50002b33
	[3]		500029fa
OBJ 500031df (sz=40, trace=300000, class=java.util.TreeMap$Entry@500000a6)
	key		50002b9a
	value		500031e7
	left		500031e6
	right		500031e5
	parent		500031d7
OBJ 500031e0 (sz=40, trace=300000, class=java.util.TreeMap$Entry@500000a6)
	key		50002b96
	value		500031e3
	right		500031e2
	parent		500031d7
ARR 500031e1 (sz=32, trace=300000, nelems=4, elem type=java.lang.String[]@500000db)
	[0]		50002ac0
	[1]		50002b73
	[2]		50002b37
	[3]		500029fe
OBJ 500031e2 (sz=40, trace=300000, class=java.util.TreeMap$Entry@500000a6)
	key		50002b97
	value		500031e4
	parent		500031e0
ARR 500031e3 (sz=32, trace=300000, nelems=4, elem type=java.lang.String[]@500000db)
	[0]		50002abe
	[1]		50002b71
	[2]		50002b35
	[3]		500029fc
ARR 500031e4 (sz=32, trace=300000, nelems=4, elem type=java.lang.String[]@500000db)
	[0]		50002abf
	[1]		50002b72
	[2]		50002b36
	[3]		500029fd
OBJ 500031e5 (sz=40, trace=300000, class=java.util.TreeMap$Entry@500000a6)
	key		500029a1
	value		500031e9
	parent		500031df
OBJ 500031e6 (sz=40, trace=300000, class=java.util.TreeMap$Entry@500000a6)
	key		50002b99
	value		500031e8
	parent		500031df
ARR 500031e7 (sz=40, trace=300000, nelems=5, elem type=java.lang.String[]@500000db)
	[0]		50002ac2
	[1]		50002b75
	[2]		50002b39
	[3]		50002b3a
	[4]		50002a00
ARR 500031e8 (sz=32, trace=300000, nelems=4, elem type=java.lang.String[]@500000db)
	[0]		50002ac1
	[1]		50002b74
	[2]		50002b38
	[3]		500029ff
ARR 500031e9 (sz=40, trace=300000, nelems=5, elem type=java.lang.String[]@500000db)
	[0]		5000295d
	[1]		5000291f
	[2]		50002962
	[3]		50002939
	[4]		500028df
OBJ 500031ea (sz=40, trace=300000, class=java.util.TreeMap$Entry@500000a6)
	key		500029a9
	value		50003202
	left		50003201
	right		50003200
	parent		50003198
OBJ 500031eb (sz=40, trace=300000, class=java.util.TreeMap$Entry@500000a6)
	key		500029a7
	value		500031ef
	left		500031ee
	right		500031ed
	parent		50003198
ARR 500031ec (sz=24, trace=300000, nelems=1, elem type=java.lang.String[]@500000db)
	[0]		50002a5a
OBJ 500031ed (sz=40, trace=300000, class=java.util.TreeMap$Entry@500000a6)
	key		50002b9d
	value		500031f9
	left		500031f8
	right		500031f7
	parent		500031eb
OBJ 500031ee (sz=40, trace=300000, class=java.util.TreeMap$Entry@500000a6)
	key		500029a5
	value		500031f2
	left		500031f1
	right		500031f0
	parent		500031eb
ARR 500031ef (sz=32, trace=300000, nelems=4, elem type=java.lang.String[]@500000db)
	[0]		50002972
	[1]		50002974
	[2]		50002979
	[3]		5000296e
OBJ 500031f0 (sz=40, trace=300000, class=java.util.TreeMap$Entry@500000a6)
	key		500029a6
	value		500031f6
	parent		500031ee
OBJ 500031f1 (sz=40, trace=300000, class=java.util.TreeMap$Entry@500000a6)
	key		500029a3
	value		500031f4
	right		500031f3
	parent		500031ee
ARR 500031f2 (sz=40, trace=300000, nelems=6, elem type=java.lang.String[]@500000db)
	[0]		50002901
	[1]		50002904
	[2]		50002964
	[3]		500029b9
	[4]		50002906
	[5]		5000293f
OBJ 500031f3 (sz=40, trace=300000, class=java.util.TreeMap$Entry@500000a6)
	key		500029a4
	value		500031f5
	parent		500031f1
ARR 500031f4 (sz=24, trace=300000, nelems=2, elem type=java.lang.String[]@500000db)
	[0]		500028eb
	[1]		500028e2
ARR 500031f5 (sz=24, trace=300000, nelems=2, elem type=java.lang.String[]@500000db)
	[0]		5000295e
	[1]		50002967
ARR 500031f6 (sz=24, trace=300000, nelems=1, elem type=java.lang.String[]@500000db)
	[0]		50002903
OBJ 500031f7 (sz=40, trace=300000, class=java.util.TreeMap$Entry@500000a6)
	key		50002b9e
	value		500031fe
	right		500031fd
	parent		500031ed
OBJ 500031f8 (sz=40, trace=300000, class=java.util.TreeMap$Entry@500000a6)
	key		50002b9c
	value		500031fb
	left		500031fa
	parent		500031ed
ARR 500031f9 (sz=24, trace=300000, nelems=1, elem type=java.lang.String[]@500000db)
	[0]		50002a57
OBJ 500031fa (sz=40, trace=300000, class=java.util.TreeMap$Entry@500000a6)
	key		50002b9b
	value		500031fc
	parent		500031f8
ARR 500031fb (sz=24, trace=300000, nelems=1, elem type=java.lang.String[]@500000db)
	[0]		50002a56
ARR 500031fc (sz=24, trace=300000, nelems=1, elem type=java.lang.String[]@500000db)
	[0]		50002a55
OBJ 500031fd (sz=40, trace=300000, class=java.util.TreeMap$Entry@500000a6)
	key		50002b9f
	value		500031ff
	parent		500031f7
ARR 500031fe (sz=24, trace=300000, nelems=1, elem type=java.lang.String[]@500000db)
	[0]		50002a58
ARR 500031ff (sz=24, trace=300000, nelems=1, elem type=java.lang.String[]@500000db)
	[0]		50002a59
OBJ 50003200 (sz=40, trace=300000, class=java.util.TreeMap$Entry@500000a6)
	key		500029ac
	value		50003216
	left		50003215
	right		50003214
	parent		500031ea
OBJ 50003201 (sz=40, trace=300000, class=java.util.TreeMap$Entry@500000a6)
	key		50002ba6
	value		50003205
	left		50003204
	right		50003203
	parent		500031ea
ARR 50003202 (sz=24, trace=300000, nelems=1, elem type=java.lang.String[]@500000db)
	[0]		50002919
OBJ 50003203 (sz=40, trace=300000, class=java.util.TreeMap$Entry@500000a6)
	key		50002ba8
	value		50003211
	left		50003210
	right		5000320f
	parent		50003201
OBJ 50003204 (sz=40, trace=300000, class=java.util.TreeMap$Entry@500000a6)
	key		50002ba3
	value		50003208
	left		50003207
	right		50003206
	parent		50003201
ARR 50003205 (sz=24, trace=300000, nelems=1, elem type=java.lang.String[]@500000db)
	[0]		50002a60
OBJ 50003206 (sz=40, trace=300000, class=java.util.TreeMap$Entry@500000a6)
	key		50002ba4
	value		5000320d
	right		5000320c
	parent		50003204
OBJ 50003207 (sz=40, trace=300000, class=java.util.TreeMap$Entry@500000a6)
	key		50002ba1
	value		5000320a
	right		50003209
	parent		50003204
ARR 50003208 (sz=24, trace=300000, nelems=1, elem type=java.lang.String[]@500000db)
	[0]		50002a5d
OBJ 50003209 (sz=40, trace=300000, class=java.util.TreeMap$Entry@500000a6)
	key		50002ba2
	value		5000320b
	parent		50003207
ARR 5000320a (sz=24, trace=300000, nelems=1, elem type=java.lang.String[]@500000db)
	[0]		50002a5b
ARR 5000320b (sz=24, trace=300000, nelems=1, elem type=java.lang.String[]@500000db)
	[0]		50002a5c
OBJ 5000320c (sz=40, trace=300000, class=java.util.TreeMap$Entry@500000a6)
	key		50002ba5
	value		5000320e
	parent		50003206
ARR 5000320d (sz=24, trace=300000, nelems=1, elem type=java.lang.String[]@500000db)
	[0]		50002a5e
ARR 5000320e (sz=24, trace=300000, nelems=1, elem type=java.lang.String[]@500000db)
	[0]		50002a5f
OBJ 5000320f (sz=40, trace=300000, class=java.util.TreeMap$Entry@500000a6)
	key		500029a8
	value		50003213
	parent		50003203
OBJ 50003210 (sz=40, trace=300000, class=java.util.TreeMap$Entry@500000a6)
	key		50002ba7
	value		50003212
	parent		50003203
ARR 50003211 (sz=24, trace=300000, nelems=1, elem type=java.lang.String[]@500000db)
	[0]		50002a62
ARR 50003212 (sz=24, trace=300000, nelems=1, elem type=java.lang.String[]@500000db)
	[0]		50002a61
ARR 50003213 (sz=40, trace=300000, nelems=5, elem type=java.lang.String[]@500000db)
	[0]		50002913
	[1]		50002915
	[2]		50002914
	[3]		50002996
	[4]		50002997
OBJ 50003214 (sz=40, trace=300000, class=java.util.TreeMap$Entry@500000a6)
	key		500029b5
	value		5000321e
	left		5000321d
	right		5000321c
	parent		50003200
OBJ 50003215 (sz=40, trace=300000, class=java.util.TreeMap$Entry@500000a6)
	key		500029b1
	value		50003219
	left		50003218
	right		50003217
	parent		50003200
ARR 50003216 (sz=40, trace=300000, nelems=6, elem type=java.lang.String[]@500000db)
	[0]		50002989
	[1]		5000298b
	[2]		5000298a
	[3]		5000298c
	[4]		50002987
	[5]		50002986
OBJ 50003217 (sz=40, trace=300000, class=java.util.TreeMap$Entry@500000a6)
	key		500029ab
	value		5000321b
	parent		50003215
OBJ 50003218 (sz=40, trace=300000, class=java.util.TreeMap$Entry@500000a6)
	key		500029aa
	value		5000321a
	parent		50003215
ARR 50003219 (sz=24, trace=300000, nelems=2, elem type=java.lang.String[]@500000db)
	[0]		5000297d
	[1]		50002980
ARR 5000321a (sz=24, trace=300000, nelems=1, elem type=java.lang.String[]@500000db)
	[0]		5000291a
ARR 5000321b (sz=24, trace=300000, nelems=1, elem type=java.lang.String[]@500000db)
	[0]		50002983
OBJ 5000321c (sz=40, trace=300000, class=java.util.TreeMap$Entry@500000a6)
	key		500029b7
	value		50003224
	left		50003223
	right		50003222
	parent		50003214
OBJ 5000321d (sz=40, trace=300000, class=java.util.TreeMap$Entry@500000a6)
	key		500029b4
	value		50003220
	left		5000321f
	parent		50003214
ARR 5000321e (sz=32, trace=300000, nelems=3, elem type=java.lang.String[]@500000db)
	[0]		5000297c
	[1]		50002978
	[2]		50002994
OBJ 5000321f (sz=40, trace=300000, class=java.util.TreeMap$Entry@500000a6)
	key		500029b3
	value		50003221
	parent		5000321d
ARR 50003220 (sz=24, trace=300000, nelems=2, elem type=java.lang.String[]@500000db)
	[0]		5000297b
	[1]		50002932
ARR 50003221 (sz=24, trace=300000, nelems=2, elem type=java.lang.String[]@500000db)
	[0]		5000297a
	[1]		50002931
OBJ 50003222 (sz=40, trace=300000, class=java.util.TreeMap$Entry@500000a6)
	key		500029b8
	value		50003226
	parent		5000321c
OBJ 50003223 (sz=40, trace=300000, class=java.util.TreeMap$Entry@500000a6)
	key		500029b6
	value		50003225
	parent		5000321c
ARR 50003224 (sz=24, trace=300000, nelems=2, elem type=java.lang.String[]@500000db)
	[0]		5000297f
	[1]		50002999
ARR 50003225 (sz=32, trace=300000, nelems=4, elem type=java.lang.String[]@500000db)
	[0]		5000297e
	[1]		5000299b
	[2]		50002998
	[3]		50002981
ARR 50003226 (sz=24, trace=300000, nelems=1, elem type=java.lang.String[]@500000db)
	[0]		5000299a
OBJ 50003227 (sz=40, trace=300000, class=java.util.TreeMap$Entry@500000a6)
	key		50001ae3
	value		50003229
	right		50003228
OBJ 50003228 (sz=40, trace=300000, class=java.util.TreeMap$Entry@500000a6)
	key		500029b1
	value		5000322a
	parent		50003227
OBJ 50003229 (sz=40, trace=300000, class=java.lang.ref.SoftReference@50000165)
	referent	500025e7
	queue		5000213e
OBJ 5000322a (sz=40, trace=300000, class=java.lang.ref.SoftReference@50000165)
	referent	5000322b
	queue		5000213e
OBJ 5000322b (sz=24, trace=300000, class=sun.nio.cs.ext.MS936@5000007a)
	name		500029b1
	aliases		50003219
OBJ 5000322c (sz=24, trace=300000, class=java.lang.String@50000181)
	value		50003234
OBJ 5000322d (sz=24, trace=300000, class=java.lang.String@50000181)
	value		50003235
OBJ 5000322e (sz=24, trace=300000, class=java.lang.String@50000181)
	value		50003236
ARR 5000322f (sz=512, trace=300000, nelems=256, elem type=char[])
ARR 50003230 (sz=57344, trace=300000, nelems=28672, elem type=char[])
ARR 50003231 (sz=512, trace=300000, nelems=256, elem type=char[])
ARR 50003232 (sz=1040, trace=300000, nelems=256, elem type=char[][]@500000a2)
	[0]		50002844
	[1]		50002844
	[2]		50002844
	[3]		50002844
	[4]		50002844
	[5]		50002844
	[6]		50002844
	[7]		50002844
	[8]		50002844
	[9]		50002844
	[10]		50002844
	[11]		50002844
	[12]		50002844
	[13]		50002844
	[14]		50002844
	[15]		50002844
	[16]		50002844
	[17]		50002844
	[18]		50002844
	[19]		50002844
	[20]		50002844
	[21]		50002844
	[22]		50002844
	[23]		50002844
	[24]		50002844
	[25]		50002844
	[26]		50002844
	[27]		50002844
	[28]		50002844
	[29]		50002844
	[30]		50002844
	[31]		50002844
	[32]		50002844
	[33]		50002844
	[34]		50002844
	[35]		50002844
	[36]		50002844
	[37]		50002844
	[38]		50002844
	[39]		50002844
	[40]		50002844
	[41]		50002844
	[42]		50002844
	[43]		50002844
	[44]		50002844
	[45]		50002844
	[46]		50002844
	[47]		50002844
	[48]		50002844
	[49]		50002844
	[50]		50002844
	[51]		50002844
	[52]		50002844
	[53]		50002844
	[54]		50002844
	[55]		50002844
	[56]		50002844
	[57]		50002844
	[58]		50002844
	[59]		50002844
	[60]		50002844
	[61]		50002844
	[62]		50002844
	[63]		50002844
	[64]		50002844
	[65]		50002844
	[66]		50002844
	[67]		50002844
	[68]		50002844
	[69]		50002844
	[70]		50002844
	[71]		50002844
	[72]		50002844
	[73]		50002844
	[74]		50002844
	[75]		50002844
	[76]		50002844
	[77]		50002844
	[78]		50002844
	[79]		50002844
	[80]		50002844
	[81]		50002844
	[82]		50002844
	[83]		50002844
	[84]		50002844
	[85]		50002844
	[86]		50002844
	[87]		50002844
	[88]		50002844
	[89]		50002844
	[90]		50002844
	[91]		50002844
	[92]		50002844
	[93]		50002844
	[94]		50002844
	[95]		50002844
	[96]		50002844
	[97]		50002844
	[98]		50002844
	[99]		50002844
	[100]		50002844
	[101]		50002844
	[102]		50002844
	[103]		50002844
	[104]		50002844
	[105]		50002844
	[106]		50002844
	[107]		50002844
	[108]		50002844
	[109]		50002844
	[110]		50002844
	[111]		50002844
	[112]		50002844
	[113]		50002844
	[114]		50002844
	[115]		50002844
	[116]		50002844
	[117]		50002844
	[118]		50002844
	[119]		50002844
	[120]		50002844
	[121]		50002844
	[122]		50002844
	[123]		50002844
	[124]		50002844
	[125]		50002844
	[126]		50002844
	[127]		50002844
	[128]		50002844
	[129]		50003237
	[130]		50003238
	[131]		50003239
	[132]		5000323a
	[133]		5000323b
	[134]		5000323c
	[135]		5000323d
	[136]		5000323e
	[137]		5000323f
	[138]		50003240
	[139]		50003241
	[140]		50003242
	[141]		50003243
	[142]		50003244
	[143]		50003245
	[144]		50003246
	[145]		50003247
	[146]		50003248
	[147]		50003249
	[148]		5000324a
	[149]		5000324b
	[150]		5000324c
	[151]		5000324d
	[152]		5000324e
	[153]		5000324f
	[154]		50003250
	[155]		50003251
	[156]		50003252
	[157]		50003253
	[158]		50003254
	[159]		50003255
	[160]		50003256
	[161]		50003257
	[162]		50003258
	[163]		50003259
	[164]		5000325a
	[165]		5000325b
	[166]		5000325c
	[167]		5000325d
	[168]		5000325e
	[169]		5000325f
	[170]		50003260
	[171]		50003261
	[172]		50003262
	[173]		50003263
	[174]		50003264
	[175]		50003265
	[176]		50003266
	[177]		50003267
	[178]		50003268
	[179]		50003269
	[180]		5000326a
	[181]		5000326b
	[182]		5000326c
	[183]		5000326d
	[184]		5000326e
	[185]		5000326f
	[186]		50003270
	[187]		50003271
	[188]		50003272
	[189]		50003273
	[190]		50003274
	[191]		50003275
	[192]		50003276
	[193]		50003277
	[194]		50003278
	[195]		50003279
	[196]		5000327a
	[197]		5000327b
	[198]		5000327c
	[199]		5000327d
	[200]		5000327e
	[201]		5000327f
	[202]		50003280
	[203]		50003281
	[204]		50003282
	[205]		50003283
	[206]		50003284
	[207]		50003285
	[208]		50003286
	[209]		50003287
	[210]		50003288
	[211]		50003289
	[212]		5000328a
	[213]		5000328b
	[214]		5000328c
	[215]		5000328d
	[216]		5000328e
	[217]		5000328f
	[218]		50003290
	[219]		50003291
	[220]		50003292
	[221]		50003293
	[222]		50003294
	[223]		50003295
	[224]		50003296
	[225]		50003297
	[226]		50003298
	[227]		50003299
	[228]		5000329a
	[229]		5000329b
	[230]		5000329c
	[231]		5000329d
	[232]		5000329e
	[233]		5000329f
	[234]		500032a0
	[235]		500032a1
	[236]		500032a2
	[237]		500032a3
	[238]		500032a4
	[239]		500032a5
	[240]		500032a6
	[241]		500032a7
	[242]		500032a8
	[243]		500032a9
	[244]		500032aa
	[245]		500032ab
	[246]		500032ac
	[247]		500032ad
	[248]		500032ae
	[249]		500032af
	[250]		500032b0
	[251]		500032b1
	[252]		500032b2
	[253]		500032b3
	[254]		500032b4
	[255]		50002844
ARR 50003233 (sz=1040, trace=300000, nelems=255, elem type=java.lang.String[]@500000db)
	[129]		50002744
	[130]		50002745
	[131]		50002746
	[132]		50002747
	[133]		50002748
	[134]		50002749
	[135]		5000274a
	[136]		5000274b
	[137]		5000274c
	[138]		5000274d
	[139]		5000274e
	[140]		5000274f
	[141]		50002750
	[142]		50002751
	[143]		50002752
	[144]		50002753
	[145]		50002754
	[146]		50002755
	[147]		50002756
	[148]		50002757
	[149]		50002758
	[150]		50002759
	[151]		5000275a
	[152]		5000275b
	[153]		5000275c
	[154]		5000275d
	[155]		5000275e
	[156]		5000275f
	[157]		50002760
	[158]		50002761
	[159]		50002762
	[160]		50002763
	[161]		500027b8
	[162]		5000322e
	[163]		500027ba
	[164]		500027bb
	[165]		500027bc
	[166]		500027bd
	[167]		500027be
	[168]		5000322d
	[169]		50002743
	[170]		50002764
	[171]		50002765
	[172]		50002766
	[173]		50002767
	[174]		50002768
	[175]		50002769
	[176]		5000276a
	[177]		5000276b
	[178]		5000276c
	[179]		5000276d
	[180]		5000276e
	[181]		5000276f
	[182]		50002770
	[183]		50002771
	[184]		50002772
	[185]		50002773
	[186]		50002774
	[187]		50002775
	[188]		50002776
	[189]		50002777
	[190]		50002778
	[191]		50002779
	[192]		5000277a
	[193]		5000277b
	[194]		5000277c
	[195]		5000277d
	[196]		5000277e
	[197]		5000277f
	[198]		50002780
	[199]		50002781
	[200]		50002782
	[201]		50002783
	[202]		50002784
	[203]		50002785
	[204]		50002786
	[205]		50002787
	[206]		50002788
	[207]		50002789
	[208]		5000278a
	[209]		5000278b
	[210]		5000278c
	[211]		5000278d
	[212]		5000278e
	[213]		5000278f
	[214]		50002790
	[215]		50002791
	[216]		50002792
	[217]		50002793
	[218]		50002794
	[219]		50002795
	[220]		50002796
	[221]		50002797
	[222]		50002798
	[223]		50002799
	[224]		5000279a
	[225]		5000279b
	[226]		5000279c
	[227]		5000279d
	[228]		5000279e
	[229]		5000279f
	[230]		500027a0
	[231]		500027a1
	[232]		500027a2
	[233]		500027a3
	[234]		500027a4
	[235]		500027a5
	[236]		500027a6
	[237]		500027a7
	[238]		500027a8
	[239]		500027a9
	[240]		500027aa
	[241]		500027ab
	[242]		500027ac
	[243]		500027ad
	[244]		500027ae
	[245]		500027af
	[246]		500027b0
	[247]		500027b1
	[248]		500027b2
	[249]		500027b3
	[250]		500027b4
	[251]		500027b5
	[252]		500027b6
	[253]		500027b7
	[254]		500027bf
ARR 50003234 (sz=512, trace=300000, nelems=256, elem type=char[])
ARR 50003235 (sz=382, trace=300000, nelems=191, elem type=char[])
ARR 50003236 (sz=382, trace=300000, nelems=191, elem type=char[])
ARR 50003237 (sz=382, trace=300000, nelems=191, elem type=char[])
ARR 50003238 (sz=382, trace=300000, nelems=191, elem type=char[])
ARR 50003239 (sz=382, trace=300000, nelems=191, elem type=char[])
ARR 5000323a (sz=382, trace=300000, nelems=191, elem type=char[])
ARR 5000323b (sz=382, trace=300000, nelems=191, elem type=char[])
ARR 5000323c (sz=382, trace=300000, nelems=191, elem type=char[])
ARR 5000323d (sz=382, trace=300000, nelems=191, elem type=char[])
ARR 5000323e (sz=382, trace=300000, nelems=191, elem type=char[])
ARR 5000323f (sz=382, trace=300000, nelems=191, elem type=char[])
ARR 50003240 (sz=382, trace=300000, nelems=191, elem type=char[])
ARR 50003241 (sz=382, trace=300000, nelems=191, elem type=char[])
ARR 50003242 (sz=382, trace=300000, nelems=191, elem type=char[])
ARR 50003243 (sz=382, trace=300000, nelems=191, elem type=char[])
ARR 50003244 (sz=382, trace=300000, nelems=191, elem type=char[])
ARR 50003245 (sz=382, trace=300000, nelems=191, elem type=char[])
ARR 50003246 (sz=382, trace=300000, nelems=191, elem type=char[])
ARR 50003247 (sz=382, trace=300000, nelems=191, elem type=char[])
ARR 50003248 (sz=382, trace=300000, nelems=191, elem type=char[])
ARR 50003249 (sz=382, trace=300000, nelems=191, elem type=char[])
ARR 5000324a (sz=382, trace=300000, nelems=191, elem type=char[])
ARR 5000324b (sz=382, trace=300000, nelems=191, elem type=char[])
ARR 5000324c (sz=382, trace=300000, nelems=191, elem type=char[])
ARR 5000324d (sz=382, trace=300000, nelems=191, elem type=char[])
ARR 5000324e (sz=382, trace=300000, nelems=191, elem type=char[])
ARR 5000324f (sz=382, trace=300000, nelems=191, elem type=char[])
ARR 50003250 (sz=382, trace=300000, nelems=191, elem type=char[])
ARR 50003251 (sz=382, trace=300000, nelems=191, elem type=char[])
ARR 50003252 (sz=382, trace=300000, nelems=191, elem type=char[])
ARR 50003253 (sz=382, trace=300000, nelems=191, elem type=char[])
ARR 50003254 (sz=382, trace=300000, nelems=191, elem type=char[])
ARR 50003255 (sz=382, trace=300000, nelems=191, elem type=char[])
ARR 50003256 (sz=382, trace=300000, nelems=191, elem type=char[])
ARR 50003257 (sz=382, trace=300000, nelems=191, elem type=char[])
ARR 50003258 (sz=382, trace=300000, nelems=191, elem type=char[])
ARR 50003259 (sz=382, trace=300000, nelems=191, elem type=char[])
ARR 5000325a (sz=382, trace=300000, nelems=191, elem type=char[])
ARR 5000325b (sz=382, trace=300000, nelems=191, elem type=char[])
ARR 5000325c (sz=382, trace=300000, nelems=191, elem type=char[])
ARR 5000325d (sz=382, trace=300000, nelems=191, elem type=char[])
ARR 5000325e (sz=382, trace=300000, nelems=191, elem type=char[])
ARR 5000325f (sz=382, trace=300000, nelems=191, elem type=char[])
ARR 50003260 (sz=382, trace=300000, nelems=191, elem type=char[])
ARR 50003261 (sz=382, trace=300000, nelems=191, elem type=char[])
ARR 50003262 (sz=382, trace=300000, nelems=191, elem type=char[])
ARR 50003263 (sz=382, trace=300000, nelems=191, elem type=char[])
ARR 50003264 (sz=382, trace=300000, nelems=191, elem type=char[])
ARR 50003265 (sz=382, trace=300000, nelems=191, elem type=char[])
ARR 50003266 (sz=382, trace=300000, nelems=191, elem type=char[])
ARR 50003267 (sz=382, trace=300000, nelems=191, elem type=char[])
ARR 50003268 (sz=382, trace=300000, nelems=191, elem type=char[])
ARR 50003269 (sz=382, trace=300000, nelems=191, elem type=char[])
ARR 5000326a (sz=382, trace=300000, nelems=191, elem type=char[])
ARR 5000326b (sz=382, trace=300000, nelems=191, elem type=char[])
ARR 5000326c (sz=382, trace=300000, nelems=191, elem type=char[])
ARR 5000326d (sz=382, trace=300000, nelems=191, elem type=char[])
ARR 5000326e (sz=382, trace=300000, nelems=191, elem type=char[])
ARR 5000326f (sz=382, trace=300000, nelems=191, elem type=char[])
ARR 50003270 (sz=382, trace=300000, nelems=191, elem type=char[])
ARR 50003271 (sz=382, trace=300000, nelems=191, elem type=char[])
ARR 50003272 (sz=382, trace=300000, nelems=191, elem type=char[])
ARR 50003273 (sz=382, trace=300000, nelems=191, elem type=char[])
ARR 50003274 (sz=382, trace=300000, nelems=191, elem type=char[])
ARR 50003275 (sz=382, trace=300000, nelems=191, elem type=char[])
ARR 50003276 (sz=382, trace=300000, nelems=191, elem type=char[])
ARR 50003277 (sz=382, trace=300000, nelems=191, elem type=char[])
ARR 50003278 (sz=382, trace=300000, nelems=191, elem type=char[])
ARR 50003279 (sz=382, trace=300000, nelems=191, elem type=char[])
ARR 5000327a (sz=382, trace=300000, nelems=191, elem type=char[])
ARR 5000327b (sz=382, trace=300000, nelems=191, elem type=char[])
ARR 5000327c (sz=382, trace=300000, nelems=191, elem type=char[])
ARR 5000327d (sz=382, trace=300000, nelems=191, elem type=char[])
ARR 5000327e (sz=382, trace=300000, nelems=191, elem type=char[])
ARR 5000327f (sz=382, trace=300000, nelems=191, elem type=char[])
ARR 50003280 (sz=382, trace=300000, nelems=191, elem type=char[])
ARR 50003281 (sz=382, trace=300000, nelems=191, elem type=char[])
ARR 50003282 (sz=382, trace=300000, nelems=191, elem type=char[])
ARR 50003283 (sz=382, trace=300000, nelems=191, elem type=char[])
ARR 50003284 (sz=382, trace=300000, nelems=191, elem type=char[])
ARR 50003285 (sz=382, trace=300000, nelems=191, elem type=char[])
ARR 50003286 (sz=382, trace=300000, nelems=191, elem type=char[])
ARR 50003287 (sz=382, trace=300000, nelems=191, elem type=char[])
ARR 50003288 (sz=382, trace=300000, nelems=191, elem type=char[])
ARR 50003289 (sz=382, trace=300000, nelems=191, elem type=char[])
ARR 5000328a (sz=382, trace=300000, nelems=191, elem type=char[])
ARR 5000328b (sz=382, trace=300000, nelems=191, elem type=char[])
ARR 5000328c (sz=382, trace=300000, nelems=191, elem type=char[])
ARR 5000328d (sz=382, trace=300000, nelems=191, elem type=char[])
ARR 5000328e (sz=382, trace=300000, nelems=191, elem type=char[])
ARR 5000328f (sz=382, trace=300000, nelems=191, elem type=char[])
ARR 50003290 (sz=382, trace=300000, nelems=191, elem type=char[])
ARR 50003291 (sz=382, trace=300000, nelems=191, elem type=char[])
ARR 50003292 (sz=382, trace=300000, nelems=191, elem type=char[])
ARR 50003293 (sz=382, trace=300000, nelems=191, elem type=char[])
ARR 50003294 (sz=382, trace=300000, nelems=191, elem type=char[])
ARR 50003295 (sz=382, trace=300000, nelems=191, elem type=char[])
ARR 50003296 (sz=382, trace=300000, nelems=191, elem type=char[])
ARR 50003297 (sz=382, trace=300000, nelems=191, elem type=char[])
ARR 50003298 (sz=382, trace=300000, nelems=191, elem type=char[])
ARR 50003299 (sz=382, trace=300000, nelems=191, elem type=char[])
ARR 5000329a (sz=382, trace=300000, nelems=191, elem type=char[])
ARR 5000329b (sz=382, trace=300000, nelems=191, elem type=char[])
ARR 5000329c (sz=382, trace=300000, nelems=191, elem type=char[])
ARR 5000329d (sz=382, trace=300000, nelems=191, elem type=char[])
ARR 5000329e (sz=382, trace=300000, nelems=191, elem type=char[])
ARR 5000329f (sz=382, trace=300000, nelems=191, elem type=char[])
ARR 500032a0 (sz=382, trace=300000, nelems=191, elem type=char[])
ARR 500032a1 (sz=382, trace=300000, nelems=191, elem type=char[])
ARR 500032a2 (sz=382, trace=300000, nelems=191, elem type=char[])
ARR 500032a3 (sz=382, trace=300000, nelems=191, elem type=char[])
ARR 500032a4 (sz=382, trace=300000, nelems=191, elem type=char[])
ARR 500032a5 (sz=382, trace=300000, nelems=191, elem type=char[])
ARR 500032a6 (sz=382, trace=300000, nelems=191, elem type=char[])
ARR 500032a7 (sz=382, trace=300000, nelems=191, elem type=char[])
ARR 500032a8 (sz=382, trace=300000, nelems=191, elem type=char[])
ARR 500032a9 (sz=382, trace=300000, nelems=191, elem type=char[])
ARR 500032aa (sz=382, trace=300000, nelems=191, elem type=char[])
ARR 500032ab (sz=382, trace=300000, nelems=191, elem type=char[])
ARR 500032ac (sz=382, trace=300000, nelems=191, elem type=char[])
ARR 500032ad (sz=382, trace=300000, nelems=191, elem type=char[])
ARR 500032ae (sz=382, trace=300000, nelems=191, elem type=char[])
ARR 500032af (sz=382, trace=300000, nelems=191, elem type=char[])
ARR 500032b0 (sz=382, trace=300000, nelems=191, elem type=char[])
ARR 500032b1 (sz=382, trace=300000, nelems=191, elem type=char[])
ARR 500032b2 (sz=382, trace=300000, nelems=191, elem type=char[])
ARR 500032b3 (sz=382, trace=300000, nelems=191, elem type=char[])
ARR 500032b4 (sz=382, trace=300000, nelems=191, elem type=char[])
ARR 500032b5 (sz=28, trace=300000, nelems=14, elem type=char[])
ARR 500032b6 (sz=2, trace=300000, nelems=1, elem type=char[])
ARR 500032b7 (sz=28, trace=300000, nelems=14, elem type=char[])
ARR 500032b8 (sz=14, trace=300000, nelems=7, elem type=char[])
ARR 500032b9 (sz=10, trace=300000, nelems=5, elem type=char[])
ARR 500032ba (sz=8, trace=300000, nelems=4, elem type=char[])
ARR 500032bb (sz=10, trace=300000, nelems=5, elem type=char[])
ARR 500032bc (sz=6, trace=300000, nelems=3, elem type=char[])
OBJ 500032bd (sz=16, trace=300000, class=java.util.concurrent.atomic.AtomicInteger@500000c6)
OBJ 500032be (sz=24, trace=300000, class=java.lang.String@50000181)
	value		500032bf
ARR 500032bf (sz=62, trace=300000, nelems=31, elem type=char[])
ARR 500032c0 (sz=38, trace=300000, nelems=19, elem type=char[])
ARR 500032c1 (sz=26, trace=300000, nelems=13, elem type=char[])
OBJ 500032c2 (sz=16, trace=300000, class=java.lang.Object@50000185)
ARR 500032c3 (sz=56, trace=300000, nelems=28, elem type=char[])
OBJ 500032c4 (sz=24, trace=300000, class=java.lang.String@50000181)
	value		500032d8
OBJ 500032c5 (sz=24, trace=300000, class=java.lang.String@50000181)
	value		500032d7
OBJ 500032c6 (sz=24, trace=300000, class=java.lang.String@50000181)
	value		500032dd
OBJ 500032c7 (sz=24, trace=300000, class=java.lang.String@50000181)
	value		500032db
OBJ 500032c8 (sz=24, trace=300000, class=java.lang.String@50000181)
	value		500032dc
OBJ 500032c9 (sz=24, trace=300000, class=java.lang.String@50000181)
	value		500032de
OBJ 500032ca (sz=24, trace=300000, class=java.lang.String@50000181)
	value		500032e2
OBJ 500032cb (sz=24, trace=300000, class=java.lang.String@50000181)
	value		500032e0
OBJ 500032cc (sz=24, trace=300000, class=java.lang.String@50000181)
	value		500032e1
OBJ 500032cd (sz=24, trace=300000, class=java.lang.String@50000181)
	value		500032df
OBJ 500032ce (sz=24, trace=300000, class=java.lang.String@50000181)
	value		500032d9
OBJ 500032cf (sz=24, trace=300000, class=java.lang.String@50000181)
	value		500032d5
OBJ 500032d0 (sz=24, trace=300000, class=java.lang.String@50000181)
	value		500032da
OBJ 500032d1 (sz=24, trace=300000, class=java.lang.String@50000181)
	value		500032d6
OBJ 500032d2 (sz=24, trace=300000, class=java.lang.String@50000181)
	value		500032e3
OBJ 500032d3 (sz=24, trace=300000, class=java.lang.String@50000181)
	value		500032e5
OBJ 500032d4 (sz=24, trace=300000, class=java.lang.String@50000181)
	value		500032e4
ARR 500032d5 (sz=32, trace=300000, nelems=16, elem type=char[])
ARR 500032d6 (sz=34, trace=300000, nelems=17, elem type=char[])
ARR 500032d7 (sz=24, trace=300000, nelems=12, elem type=char[])
ARR 500032d8 (sz=20, trace=300000, nelems=10, elem type=char[])
ARR 500032d9 (sz=20, trace=300000, nelems=10, elem type=char[])
ARR 500032da (sz=12, trace=300000, nelems=6, elem type=char[])
ARR 500032db (sz=28, trace=300000, nelems=14, elem type=char[])
ARR 500032dc (sz=28, trace=300000, nelems=14, elem type=char[])
ARR 500032dd (sz=44, trace=300000, nelems=22, elem type=char[])
ARR 500032de (sz=40, trace=300000, nelems=20, elem type=char[])
ARR 500032df (sz=44, trace=300000, nelems=22, elem type=char[])
ARR 500032e0 (sz=42, trace=300000, nelems=21, elem type=char[])
ARR 500032e1 (sz=48, trace=300000, nelems=24, elem type=char[])
ARR 500032e2 (sz=36, trace=300000, nelems=18, elem type=char[])
ARR 500032e3 (sz=38, trace=300000, nelems=19, elem type=char[])
ARR 500032e4 (sz=42, trace=300000, nelems=21, elem type=char[])
ARR 500032e5 (sz=40, trace=300000, nelems=20, elem type=char[])
OBJ 500032e6 (sz=24, trace=300000, class=java.lang.String@50000181)
	value		500032e7
ARR 500032e7 (sz=18, trace=300000, nelems=9, elem type=char[])
ARR 500032e8 (sz=18, trace=300000, nelems=9, elem type=char[])
ARR 500032e9 (sz=26, trace=300000, nelems=13, elem type=char[])
ARR 500032ea (sz=38, trace=300000, nelems=19, elem type=char[])
ARR 500032eb (sz=18, trace=300000, nelems=9, elem type=char[])
ARR 500032ec (sz=12, trace=300000, nelems=6, elem type=char[])
ARR 500032ed (sz=28, trace=300000, nelems=14, elem type=char[])
ARR 500032ee (sz=16, trace=300000, nelems=8, elem type=char[])
ARR 500032ef (sz=14, trace=300000, nelems=7, elem type=char[])
ARR 500032f0 (sz=18, trace=300000, nelems=9, elem type=char[])
ARR 500032f1 (sz=24, trace=300000, nelems=12, elem type=char[])
OBJ 500032f2 (sz=24, trace=300000, class=java.lang.String@50000181)
	value		5000343f
OBJ 500032f3 (sz=24, trace=300000, class=java.lang.String@50000181)
	value		5000343d
OBJ 500032f4 (sz=24, trace=300000, class=java.lang.String@50000181)
	value		5000343c
OBJ 500032f5 (sz=24, trace=300000, class=java.lang.String@50000181)
	value		5000343b
OBJ 500032f6 (sz=24, trace=300000, class=java.lang.String@50000181)
	value		500032f9
OBJ 500032f7 (sz=24, trace=300000, class=java.lang.String@50000181)
	value		500032f8
ARR 500032f8 (sz=30, trace=300000, nelems=15, elem type=char[])
ARR 500032f9 (sz=18, trace=300000, nelems=9, elem type=char[])
OBJ 500032fa (sz=24, trace=300000, class=java.lang.String@50000181)
	value		50003367
OBJ 500032fb (sz=24, trace=300000, class=java.lang.String@50000181)
	value		50003366
OBJ 500032fc (sz=24, trace=300000, class=java.lang.String@50000181)
	value		5000335e
OBJ 500032fd (sz=24, trace=300000, class=java.lang.String@50000181)
	value		5000330f
OBJ 500032fe (sz=24, trace=300000, class=java.lang.String@50000181)
	value		5000335c
OBJ 500032ff (sz=24, trace=300000, class=java.lang.String@50000181)
	value		50003360
OBJ 50003300 (sz=24, trace=300000, class=java.lang.String@50000181)
	value		5000330b
OBJ 50003301 (sz=24, trace=300000, class=java.lang.String@50000181)
	value		5000335f
OBJ 50003302 (sz=24, trace=300000, class=java.lang.String@50000181)
	value		50003361
OBJ 50003303 (sz=24, trace=300000, class=java.lang.String@50000181)
	value		5000335d
OBJ 50003304 (sz=24, trace=300000, class=java.lang.String@50000181)
	value		5000330a
OBJ 50003305 (sz=24, trace=300000, class=java.lang.String@50000181)
	value		50003365
OBJ 50003306 (sz=24, trace=300000, class=java.lang.String@50000181)
	value		50003364
ARR 50003307 (sz=48, trace=300000, nelems=7, elem type=java.io.ObjectStreamField[]@5000010e)
	[0]		50003355
	[1]		50003356
	[2]		50003357
	[3]		50003358
	[4]		50003359
	[5]		5000335a
	[6]		5000335b
OBJ 50003308 (sz=16, trace=300000, class=java.lang.Object@50000185)
OBJ 50003309 (sz=48, trace=300000, class=java.util.Hashtable@50000159)
	table		5000330c
ARR 5000330a (sz=40, trace=300000, nelems=20, elem type=char[])
ARR 5000330b (sz=52, trace=300000, nelems=26, elem type=char[])
ARR 5000330c (sz=64, trace=300000, nelems=7, elem type=java.util.Hashtable$Entry[]@500000d2)
	[6]		5000330d
OBJ 5000330d (sz=32, trace=300000, class=java.util.Hashtable$Entry@500000d3)
	key		500032fd
	value		5000330e
OBJ 5000330e (sz=16, trace=300000, class=sun.net.www.protocol.file.Handler@5000000e)
ARR 5000330f (sz=8, trace=300000, nelems=4, elem type=char[])
OBJ 50003310 (sz=24, trace=300000, class=java.lang.String@50000181)
	value		50003354
OBJ 50003311 (sz=24, trace=300000, class=java.lang.String@50000181)
	value		50003316
OBJ 50003312 (sz=24, trace=300000, class=java.lang.String@50000181)
	value		50003317
OBJ 50003313 (sz=24, trace=300000, class=java.lang.String@50000181)
	value		50003319
OBJ 50003314 (sz=24, trace=300000, class=java.lang.String@50000181)
	value		50003342
OBJ 50003315 (sz=24, trace=300000, class=java.lang.String@50000181)
	value		50003318
ARR 50003316 (sz=28, trace=300000, nelems=14, elem type=char[])
ARR 50003317 (sz=24, trace=300000, nelems=12, elem type=char[])
ARR 50003318 (sz=20, trace=300000, nelems=10, elem type=char[])
ARR 50003319 (sz=26, trace=300000, nelems=13, elem type=char[])
OBJ 5000331a (sz=24, trace=300000, class=java.lang.String@50000181)
	value		5000331d
OBJ 5000331b (sz=24, trace=300000, class=java.lang.String@50000181)
	value		5000331c
ARR 5000331c (sz=38, trace=300000, nelems=19, elem type=char[])
ARR 5000331d (sz=50, trace=300000, nelems=25, elem type=char[])
OBJ 5000331e (sz=24, trace=300000, class=java.lang.String@50000181)
	value		5000333c
OBJ 5000331f (sz=24, trace=300000, class=java.lang.String@50000181)
	value		5000333b
OBJ 50003320 (sz=24, trace=300000, class=java.lang.String@50000181)
	value		5000333a
OBJ 50003321 (sz=24, trace=300000, class=java.lang.String@50000181)
	value		50003339
OBJ 50003322 (sz=24, trace=300000, class=java.lang.String@50000181)
	value		50003338
OBJ 50003323 (sz=24, trace=300000, class=java.lang.String@50000181)
	value		50003337
OBJ 50003324 (sz=24, trace=300000, class=java.lang.String@50000181)
	value		50003336
OBJ 50003325 (sz=24, trace=300000, class=java.lang.String@50000181)
	value		50003335
OBJ 50003326 (sz=24, trace=300000, class=java.lang.String@50000181)
	value		50003334
OBJ 50003327 (sz=24, trace=300000, class=java.lang.String@50000181)
	value		50003333
OBJ 50003328 (sz=24, trace=300000, class=java.lang.String@50000181)
	value		50003332
ARR 50003329 (sz=32, trace=300000, nelems=16, elem type=char[])
OBJ 5000332a (sz=24, trace=300000, class=java.util.BitSet@50000011)
	words		5000332b
ARR 5000332b (sz=32, trace=300000, nelems=4, elem type=long[])
OBJ 5000332c (sz=24, trace=300000, class=java.lang.String@50000181)
	value		50003330
ARR 5000332d (sz=24, trace=300000, nelems=1, elem type=java.io.ObjectStreamField[]@5000010e)
	[0]		5000332e
OBJ 5000332e (sz=40, trace=300000, class=java.io.ObjectStreamField@50000110)
	name		5000332c
	signature	5000332f
	type		50000186
OBJ 5000332f (sz=24, trace=300000, class=java.lang.String@50000181)
	value		50003331
ARR 50003330 (sz=8, trace=300000, nelems=4, elem type=char[])
ARR 50003331 (sz=4, trace=300000, nelems=2, elem type=char[])
ARR 50003332 (sz=14, trace=300000, nelems=7, elem type=char[])
ARR 50003333 (sz=24, trace=300000, nelems=12, elem type=char[])
ARR 50003334 (sz=4, trace=300000, nelems=2, elem type=char[])
ARR 50003335 (sz=14, trace=300000, nelems=7, elem type=char[])
ARR 50003336 (sz=6, trace=300000, nelems=3, elem type=char[])
ARR 50003337 (sz=8, trace=300000, nelems=4, elem type=char[])
ARR 50003338 (sz=6, trace=300000, nelems=3, elem type=char[])
ARR 50003339 (sz=4, trace=300000, nelems=2, elem type=char[])
ARR 5000333a (sz=10, trace=300000, nelems=5, elem type=char[])
ARR 5000333b (sz=18, trace=300000, nelems=9, elem type=char[])
ARR 5000333c (sz=16, trace=300000, nelems=8, elem type=char[])
OBJ 5000333d (sz=24, trace=300000, class=java.lang.String@50000181)
	value		50003343
OBJ 5000333e (sz=24, trace=300000, class=java.lang.String@50000181)
	value		5000333f
ARR 5000333f (sz=22, trace=300000, nelems=11, elem type=char[])
OBJ 50003340 (sz=24, trace=300000, class=java.lang.String@50000181)
	value		50003341
ARR 50003341 (sz=2, trace=300000, nelems=1, elem type=char[])
ARR 50003342 (sz=8, trace=300000, nelems=4, elem type=char[])
ARR 50003343 (sz=26, trace=300000, nelems=13, elem type=char[])
OBJ 50003344 (sz=24, trace=300000, class=java.lang.String@50000181)
	value		50003353
OBJ 50003345 (sz=24, trace=300000, class=java.lang.String@50000181)
	value		50003352
OBJ 50003346 (sz=24, trace=300000, class=java.lang.String@50000181)
	value		5000334f
OBJ 50003347 (sz=24, trace=300000, class=java.lang.String@50000181)
	value		5000334d
ARR 50003348 (sz=32, trace=300000, nelems=3, elem type=java.io.ObjectStreamField[]@5000010e)
	[0]		50003349
	[1]		5000334a
	[2]		5000334b
OBJ 50003349 (sz=40, trace=300000, class=java.io.ObjectStreamField@50000110)
	name		50001e4b
	signature	50003350
	type		5000018c
OBJ 5000334a (sz=40, trace=300000, class=java.io.ObjectStreamField@50000110)
	name		50003346
	signature	50001e50
	type		50001bfb
OBJ 5000334b (sz=40, trace=300000, class=java.io.ObjectStreamField@50000110)
	name		50003347
	signature	5000334c
	type		50001c01
OBJ 5000334c (sz=24, trace=300000, class=java.lang.String@50000181)
	value		5000334e
ARR 5000334d (sz=12, trace=300000, nelems=6, elem type=char[])
ARR 5000334e (sz=2, trace=300000, nelems=1, elem type=char[])
ARR 5000334f (sz=10, trace=300000, nelems=5, elem type=char[])
OBJ 50003350 (sz=24, trace=300000, class=java.lang.String@50000181)
	value		50003351
ARR 50003351 (sz=4, trace=300000, nelems=2, elem type=char[])
ARR 50003352 (sz=2, trace=300000, nelems=1, elem type=char[])
ARR 50003353 (sz=4, trace=300000, nelems=2, elem type=char[])
ARR 50003354 (sz=18, trace=300000, nelems=9, elem type=char[])
OBJ 50003355 (sz=40, trace=300000, class=java.io.ObjectStreamField@50000110)
	name		50003302
	signature	50002221
	type		50000181
OBJ 50003356 (sz=40, trace=300000, class=java.io.ObjectStreamField@50000110)
	name		500032ff
	signature	50002221
	type		50000181
OBJ 50003357 (sz=40, trace=300000, class=java.io.ObjectStreamField@50000110)
	name		50003301
	signature	50001e50
	type		50001bfb
OBJ 50003358 (sz=40, trace=300000, class=java.io.ObjectStreamField@50000110)
	name		500032fc
	signature	50002221
	type		50000181
OBJ 50003359 (sz=40, trace=300000, class=java.io.ObjectStreamField@50000110)
	name		500032fd
	signature	50002221
	type		50000181
OBJ 5000335a (sz=40, trace=300000, class=java.io.ObjectStreamField@50000110)
	name		50003303
	signature	50002221
	type		50000181
OBJ 5000335b (sz=40, trace=300000, class=java.io.ObjectStreamField@50000110)
	name		500032fe
	signature	50001e50
	type		50001bfb
ARR 5000335c (sz=16, trace=300000, nelems=8, elem type=char[])
ARR 5000335d (sz=6, trace=300000, nelems=3, elem type=char[])
ARR 5000335e (sz=18, trace=300000, nelems=9, elem type=char[])
ARR 5000335f (sz=8, trace=300000, nelems=4, elem type=char[])
ARR 50003360 (sz=8, trace=300000, nelems=4, elem type=char[])
ARR 50003361 (sz=16, trace=300000, nelems=8, elem type=char[])
OBJ 50003362 (sz=24, trace=300000, class=java.lang.String@50000181)
	value		50003363
ARR 50003363 (sz=10, trace=300000, nelems=5, elem type=char[])
ARR 50003364 (sz=2, trace=300000, nelems=1, elem type=char[])
ARR 50003365 (sz=8, trace=300000, nelems=4, elem type=char[])
ARR 50003366 (sz=16, trace=300000, nelems=8, elem type=char[])
ARR 50003367 (sz=6, trace=300000, nelems=3, elem type=char[])
OBJ 50003368 (sz=24, trace=300000, class=java.lang.String@50000181)
	value		50003438
OBJ 50003369 (sz=24, trace=300000, class=java.lang.String@50000181)
	value		5000336b
OBJ 5000336a (sz=24, trace=300000, class=java.lang.String@50000181)
	value		5000342b
ARR 5000336b (sz=38, trace=300000, nelems=19, elem type=char[])
OBJ 5000336c (sz=24, trace=300000, class=java.lang.String@50000181)
	value		5000342a
OBJ 5000336d (sz=24, trace=300000, class=java.lang.String@50000181)
	value		50003429
OBJ 5000336e (sz=24, trace=300000, class=java.lang.String@50000181)
	value		50003428
OBJ 5000336f (sz=48, trace=300000, class=java.util.HashMap@500000d9)
	table		50000436
OBJ 50003370 (sz=32, trace=300000, class=java.util.HashMap$Node@500000d7)
	key		50003422
	value		50003421
OBJ 50003371 (sz=32, trace=300000, class=java.util.HashMap$Node@500000d7)
	key		50003418
	value		50003417
	next		5000044c
OBJ 50003372 (sz=32, trace=300000, class=java.util.HashMap$Node@500000d7)
	key		500033db
	value		500033da
OBJ 50003373 (sz=32, trace=300000, class=java.util.HashMap$Node@500000d7)
	key		500033ca
	value		500033c9
	next		500033c8
OBJ 50003374 (sz=32, trace=300000, class=java.util.HashMap$Node@500000d7)
	key		500033bd
	value		500033bc
OBJ 50003375 (sz=32, trace=300000, class=java.util.HashMap$Node@500000d7)
	key		500033b2
	value		500033b1
OBJ 50003376 (sz=32, trace=300000, class=java.util.HashMap$Node@500000d7)
	key		500033a7
	value		500033a6
OBJ 50003377 (sz=32, trace=300000, class=java.util.HashMap$Node@500000d7)
	key		5000339c
	value		5000339b
OBJ 50003378 (sz=32, trace=300000, class=java.util.HashMap$Node@500000d7)
	key		50003391
	value		50003390
OBJ 50003379 (sz=32, trace=300000, class=java.util.HashMap$Node@500000d7)
	key		5000337c
	value		5000337b
	next		5000337a
OBJ 5000337a (sz=32, trace=300000, class=java.util.HashMap$Node@500000d7)
	key		50003385
	value		50003384
	next		50000472
OBJ 5000337b (sz=24, trace=300000, class=sun.misc.MetaIndex@50000036)
	contents	5000337f
OBJ 5000337c (sz=32, trace=300000, class=java.io.File@5000012f)
	path		5000337d
OBJ 5000337d (sz=24, trace=300000, class=java.lang.String@50000181)
	value		5000337e
ARR 5000337e (sz=114, trace=300000, nelems=57, elem type=char[])
ARR 5000337f (sz=24, trace=300000, nelems=2, elem type=java.lang.String[]@500000db)
	[0]		50003380
	[1]		50003381
OBJ 50003380 (sz=24, trace=300000, class=java.lang.String@50000181)
	value		50003383
OBJ 50003381 (sz=24, trace=300000, class=java.lang.String@50000181)
	value		50003382
ARR 50003382 (sz=16, trace=300000, nelems=8, elem type=char[])
ARR 50003383 (sz=16, trace=300000, nelems=8, elem type=char[])
OBJ 50003384 (sz=24, trace=300000, class=sun.misc.MetaIndex@50000036)
	contents	50003388
OBJ 50003385 (sz=32, trace=300000, class=java.io.File@5000012f)
	path		50003386
OBJ 50003386 (sz=24, trace=300000, class=java.lang.String@50000181)
	value		50003387
ARR 50003387 (sz=108, trace=300000, nelems=54, elem type=char[])
ARR 50003388 (sz=32, trace=300000, nelems=3, elem type=java.lang.String[]@500000db)
	[0]		50003389
	[1]		5000338a
	[2]		5000338b
OBJ 50003389 (sz=24, trace=300000, class=java.lang.String@50000181)
	value		5000338e
OBJ 5000338a (sz=24, trace=300000, class=java.lang.String@50000181)
	value		5000338d
OBJ 5000338b (sz=24, trace=300000, class=java.lang.String@50000181)
	value		5000338c
ARR 5000338c (sz=24, trace=300000, nelems=12, elem type=char[])
ARR 5000338d (sz=100, trace=300000, nelems=50, elem type=char[])
ARR 5000338e (sz=22, trace=300000, nelems=11, elem type=char[])
ARR 5000338f (sz=24, trace=300000, nelems=2, elem type=java.lang.String[]@500000db)
	[0]		50000463
	[1]		50000465
OBJ 50003390 (sz=24, trace=300000, class=sun.misc.MetaIndex@50000036)
	contents	50003394
OBJ 50003391 (sz=32, trace=300000, class=java.io.File@5000012f)
	path		50003392
OBJ 50003392 (sz=24, trace=300000, class=java.lang.String@50000181)
	value		50003393
ARR 50003393 (sz=104, trace=300000, nelems=52, elem type=char[])
ARR 50003394 (sz=32, trace=300000, nelems=3, elem type=java.lang.String[]@500000db)
	[0]		50003395
	[1]		50003396
	[2]		50003397
OBJ 50003395 (sz=24, trace=300000, class=java.lang.String@50000181)
	value		5000339a
OBJ 50003396 (sz=24, trace=300000, class=java.lang.String@50000181)
	value		50003399
OBJ 50003397 (sz=24, trace=300000, class=java.lang.String@50000181)
	value		50003398
ARR 50003398 (sz=40, trace=300000, nelems=20, elem type=char[])
ARR 50003399 (sz=42, trace=300000, nelems=21, elem type=char[])
ARR 5000339a (sz=24, trace=300000, nelems=12, elem type=char[])
OBJ 5000339b (sz=24, trace=300000, class=sun.misc.MetaIndex@50000036)
	contents	5000339f
OBJ 5000339c (sz=32, trace=300000, class=java.io.File@5000012f)
	path		5000339d
OBJ 5000339d (sz=24, trace=300000, class=java.lang.String@50000181)
	value		5000339e
ARR 5000339e (sz=124, trace=300000, nelems=62, elem type=char[])
ARR 5000339f (sz=32, trace=300000, nelems=3, elem type=java.lang.String[]@500000db)
	[0]		500033a0
	[1]		500033a1
	[2]		500033a2
OBJ 500033a0 (sz=24, trace=300000, class=java.lang.String@50000181)
	value		500033a5
OBJ 500033a1 (sz=24, trace=300000, class=java.lang.String@50000181)
	value		500033a4
OBJ 500033a2 (sz=24, trace=300000, class=java.lang.String@50000181)
	value		500033a3
ARR 500033a3 (sz=40, trace=300000, nelems=20, elem type=char[])
ARR 500033a4 (sz=42, trace=300000, nelems=21, elem type=char[])
ARR 500033a5 (sz=30, trace=300000, nelems=15, elem type=char[])
OBJ 500033a6 (sz=24, trace=300000, class=sun.misc.MetaIndex@50000036)
	contents	500033aa
OBJ 500033a7 (sz=32, trace=300000, class=java.io.File@5000012f)
	path		500033a8
OBJ 500033a8 (sz=24, trace=300000, class=java.lang.String@50000181)
	value		500033a9
ARR 500033a9 (sz=110, trace=300000, nelems=55, elem type=char[])
ARR 500033aa (sz=24, trace=300000, nelems=2, elem type=java.lang.String[]@500000db)
	[0]		500033ab
	[1]		500033ac
OBJ 500033ab (sz=24, trace=300000, class=java.lang.String@50000181)
	value		500033ae
OBJ 500033ac (sz=24, trace=300000, class=java.lang.String@50000181)
	value		500033ad
ARR 500033ad (sz=16, trace=300000, nelems=8, elem type=char[])
ARR 500033ae (sz=16, trace=300000, nelems=8, elem type=char[])
ARR 500033af (sz=152, trace=300000, nelems=33, elem type=java.lang.String[]@500000db)
	[0]		50000479
	[1]		5000047b
	[2]		5000047d
	[3]		5000047f
	[4]		50000481
	[5]		50000483
	[6]		50000485
	[7]		50000487
	[8]		50000489
	[9]		5000048b
	[10]		5000048d
	[11]		50000490
	[12]		50000492
	[13]		50000494
	[14]		50000496
	[15]		50000498
	[16]		5000049b
	[17]		5000049d
	[18]		5000049f
	[19]		500004a1
	[20]		500004a3
	[21]		500004a5
	[22]		500004a7
	[23]		500004aa
	[24]		500004ac
	[25]		500004ae
	[26]		500004b0
	[27]		500004b2
	[28]		500004b4
	[29]		500004b6
	[30]		500004b8
	[31]		500004ba
	[32]		500004bc
ARR 500033b0 (sz=168, trace=300000, nelems=37, elem type=java.lang.String[]@500000db)
	[0]		500004cc
	[1]		500004ce
	[2]		500004d0
	[3]		500004d2
	[4]		500004d4
	[5]		500004d6
	[6]		500004d8
	[7]		500004da
	[8]		500004dc
	[9]		500004de
	[10]		500004e0
	[11]		500004e2
	[12]		500004e4
	[13]		500004e6
	[14]		500004e8
	[15]		500004ea
	[16]		500004ec
	[17]		500004ee
	[18]		500004f0
	[19]		500004f2
	[20]		500004f4
	[21]		500004f6
	[22]		500004f8
	[23]		500004fa
	[24]		500004fc
	[25]		500004fe
	[26]		50000500
	[27]		50000502
	[28]		50000504
	[29]		50000506
	[30]		50000508
	[31]		5000050a
	[32]		5000050c
	[33]		5000050e
	[34]		50000511
	[35]		50000513
	[36]		50000515
OBJ 500033b1 (sz=24, trace=300000, class=sun.misc.MetaIndex@50000036)
	contents	500033b5
OBJ 500033b2 (sz=32, trace=300000, class=java.io.File@5000012f)
	path		500033b3
OBJ 500033b3 (sz=24, trace=300000, class=java.lang.String@50000181)
	value		500033b4
ARR 500033b4 (sz=112, trace=300000, nelems=56, elem type=char[])
ARR 500033b5 (sz=32, trace=300000, nelems=3, elem type=java.lang.String[]@500000db)
	[0]		500033b6
	[1]		500033b7
	[2]		500033b8
OBJ 500033b6 (sz=24, trace=300000, class=java.lang.String@50000181)
	value		500033bb
OBJ 500033b7 (sz=24, trace=300000, class=java.lang.String@50000181)
	value		500033ba
OBJ 500033b8 (sz=24, trace=300000, class=java.lang.String@50000181)
	value		500033b9
ARR 500033b9 (sz=40, trace=300000, nelems=20, elem type=char[])
ARR 500033ba (sz=42, trace=300000, nelems=21, elem type=char[])
ARR 500033bb (sz=24, trace=300000, nelems=12, elem type=char[])
OBJ 500033bc (sz=24, trace=300000, class=sun.misc.MetaIndex@50000036)
	contents	500033c0
OBJ 500033bd (sz=32, trace=300000, class=java.io.File@5000012f)
	path		500033be
OBJ 500033be (sz=24, trace=300000, class=java.lang.String@50000181)
	value		500033bf
ARR 500033bf (sz=112, trace=300000, nelems=56, elem type=char[])
ARR 500033c0 (sz=32, trace=300000, nelems=3, elem type=java.lang.String[]@500000db)
	[0]		500033c1
	[1]		500033c2
	[2]		500033c3
OBJ 500033c1 (sz=24, trace=300000, class=java.lang.String@50000181)
	value		500033c6
OBJ 500033c2 (sz=24, trace=300000, class=java.lang.String@50000181)
	value		500033c5
OBJ 500033c3 (sz=24, trace=300000, class=java.lang.String@50000181)
	value		500033c4
ARR 500033c4 (sz=40, trace=300000, nelems=20, elem type=char[])
ARR 500033c5 (sz=42, trace=300000, nelems=21, elem type=char[])
ARR 500033c6 (sz=24, trace=300000, nelems=12, elem type=char[])
ARR 500033c7 (sz=32, trace=300000, nelems=3, elem type=java.lang.String[]@500000db)
	[0]		5000044f
	[1]		50000451
	[2]		50000453
OBJ 500033c8 (sz=32, trace=300000, class=java.util.HashMap$Node@500000d7)
	key		500033d1
	value		500033d0
	next		50000435
OBJ 500033c9 (sz=24, trace=300000, class=sun.misc.MetaIndex@50000036)
	contents	500033cd
OBJ 500033ca (sz=32, trace=300000, class=java.io.File@5000012f)
	path		500033cb
OBJ 500033cb (sz=24, trace=300000, class=java.lang.String@50000181)
	value		500033cc
ARR 500033cc (sz=126, trace=300000, nelems=63, elem type=char[])
ARR 500033cd (sz=24, trace=300000, nelems=1, elem type=java.lang.String[]@500000db)
	[0]		500033ce
OBJ 500033ce (sz=24, trace=300000, class=java.lang.String@50000181)
	value		500033cf
ARR 500033cf (sz=54, trace=300000, nelems=27, elem type=char[])
OBJ 500033d0 (sz=24, trace=300000, class=sun.misc.MetaIndex@50000036)
	contents	500033d4
OBJ 500033d1 (sz=32, trace=300000, class=java.io.File@5000012f)
	path		500033d2
OBJ 500033d2 (sz=24, trace=300000, class=java.lang.String@50000181)
	value		500033d3
ARR 500033d3 (sz=104, trace=300000, nelems=52, elem type=char[])
ARR 500033d4 (sz=24, trace=300000, nelems=2, elem type=java.lang.String[]@500000db)
	[0]		500033d5
	[1]		500033d6
OBJ 500033d5 (sz=24, trace=300000, class=java.lang.String@50000181)
	value		500033d8
OBJ 500033d6 (sz=24, trace=300000, class=java.lang.String@50000181)
	value		500033d7
ARR 500033d7 (sz=14, trace=300000, nelems=7, elem type=char[])
ARR 500033d8 (sz=126, trace=300000, nelems=63, elem type=char[])
ARR 500033d9 (sz=24, trace=300000, nelems=2, elem type=java.lang.String[]@500000db)
	[0]		50000425
	[1]		50000428
OBJ 500033da (sz=24, trace=300000, class=sun.misc.MetaIndex@50000036)
	contents	500033de
OBJ 500033db (sz=32, trace=300000, class=java.io.File@5000012f)
	path		500033dc
OBJ 500033dc (sz=24, trace=300000, class=java.lang.String@50000181)
	value		500033dd
ARR 500033dd (sz=104, trace=300000, nelems=52, elem type=char[])
ARR 500033de (sz=128, trace=300000, nelems=28, elem type=java.lang.String[]@500000db)
	[0]		500033df
	[1]		500033e0
	[2]		500033e1
	[3]		500033e2
	[4]		500033e3
	[5]		500033e4
	[6]		500033e5
	[7]		500033e6
	[8]		500033e7
	[9]		500033e8
	[10]		500033e9
	[11]		500033ea
	[12]		500033eb
	[13]		500033ec
	[14]		500033ed
	[15]		500033ee
	[16]		500033ef
	[17]		500033f0
	[18]		500033f1
	[19]		500033f2
	[20]		500033f3
	[21]		500033f4
	[22]		500033f5
	[23]		500033f6
	[24]		500033f7
	[25]		500033f8
	[26]		500033f9
	[27]		500033fa
OBJ 500033df (sz=24, trace=300000, class=java.lang.String@50000181)
	value		50003416
OBJ 500033e0 (sz=24, trace=300000, class=java.lang.String@50000181)
	value		50003415
OBJ 500033e1 (sz=24, trace=300000, class=java.lang.String@50000181)
	value		50003414
OBJ 500033e2 (sz=24, trace=300000, class=java.lang.String@50000181)
	value		50003413
OBJ 500033e3 (sz=24, trace=300000, class=java.lang.String@50000181)
	value		50003412
OBJ 500033e4 (sz=24, trace=300000, class=java.lang.String@50000181)
	value		50003411
OBJ 500033e5 (sz=24, trace=300000, class=java.lang.String@50000181)
	value		50003410
OBJ 500033e6 (sz=24, trace=300000, class=java.lang.String@50000181)
	value		5000340f
OBJ 500033e7 (sz=24, trace=300000, class=java.lang.String@50000181)
	value		5000340e
OBJ 500033e8 (sz=24, trace=300000, class=java.lang.String@50000181)
	value		5000340d
OBJ 500033e9 (sz=24, trace=300000, class=java.lang.String@50000181)
	value		5000340c
OBJ 500033ea (sz=24, trace=300000, class=java.lang.String@50000181)
	value		5000340b
OBJ 500033eb (sz=24, trace=300000, class=java.lang.String@50000181)
	value		5000340a
OBJ 500033ec (sz=24, trace=300000, class=java.lang.String@50000181)
	value		50003409
OBJ 500033ed (sz=24, trace=300000, class=java.lang.String@50000181)
	value		50003408
OBJ 500033ee (sz=24, trace=300000, class=java.lang.String@50000181)
	value		50003407
OBJ 500033ef (sz=24, trace=300000, class=java.lang.String@50000181)
	value		50003406
OBJ 500033f0 (sz=24, trace=300000, class=java.lang.String@50000181)
	value		50003405
OBJ 500033f1 (sz=24, trace=300000, class=java.lang.String@50000181)
	value		50003404
OBJ 500033f2 (sz=24, trace=300000, class=java.lang.String@50000181)
	value		50003403
OBJ 500033f3 (sz=24, trace=300000, class=java.lang.String@50000181)
	value		50003402
OBJ 500033f4 (sz=24, trace=300000, class=java.lang.String@50000181)
	value		50003401
OBJ 500033f5 (sz=24, trace=300000, class=java.lang.String@50000181)
	value		50003400
OBJ 500033f6 (sz=24, trace=300000, class=java.lang.String@50000181)
	value		500033ff
OBJ 500033f7 (sz=24, trace=300000, class=java.lang.String@50000181)
	value		500033fe
OBJ 500033f8 (sz=24, trace=300000, class=java.lang.String@50000181)
	value		500033fd
OBJ 500033f9 (sz=24, trace=300000, class=java.lang.String@50000181)
	value		500033fc
OBJ 500033fa (sz=24, trace=300000, class=java.lang.String@50000181)
	value		500033fb
ARR 500033fb (sz=40, trace=300000, nelems=20, elem type=char[])
ARR 500033fc (sz=24, trace=300000, nelems=12, elem type=char[])
ARR 500033fd (sz=26, trace=300000, nelems=13, elem type=char[])
ARR 500033fe (sz=26, trace=300000, nelems=13, elem type=char[])
ARR 500033ff (sz=26, trace=300000, nelems=13, elem type=char[])
ARR 50003400 (sz=32, trace=300000, nelems=16, elem type=char[])
ARR 50003401 (sz=24, trace=300000, nelems=12, elem type=char[])
ARR 50003402 (sz=26, trace=300000, nelems=13, elem type=char[])
ARR 50003403 (sz=38, trace=300000, nelems=19, elem type=char[])
ARR 50003404 (sz=22, trace=300000, nelems=11, elem type=char[])
ARR 50003405 (sz=36, trace=300000, nelems=18, elem type=char[])
ARR 50003406 (sz=38, trace=300000, nelems=19, elem type=char[])
ARR 50003407 (sz=26, trace=300000, nelems=13, elem type=char[])
ARR 50003408 (sz=38, trace=300000, nelems=19, elem type=char[])
ARR 50003409 (sz=34, trace=300000, nelems=17, elem type=char[])
ARR 5000340a (sz=30, trace=300000, nelems=15, elem type=char[])
ARR 5000340b (sz=34, trace=300000, nelems=17, elem type=char[])
ARR 5000340c (sz=28, trace=300000, nelems=14, elem type=char[])
ARR 5000340d (sz=30, trace=300000, nelems=15, elem type=char[])
ARR 5000340e (sz=38, trace=300000, nelems=19, elem type=char[])
ARR 5000340f (sz=54, trace=300000, nelems=27, elem type=char[])
ARR 50003410 (sz=46, trace=300000, nelems=23, elem type=char[])
ARR 50003411 (sz=30, trace=300000, nelems=15, elem type=char[])
ARR 50003412 (sz=40, trace=300000, nelems=20, elem type=char[])
ARR 50003413 (sz=34, trace=300000, nelems=17, elem type=char[])
ARR 50003414 (sz=42, trace=300000, nelems=21, elem type=char[])
ARR 50003415 (sz=66, trace=300000, nelems=33, elem type=char[])
ARR 50003416 (sz=38, trace=300000, nelems=19, elem type=char[])
OBJ 50003417 (sz=24, trace=300000, class=sun.misc.MetaIndex@50000036)
	contents	5000341b
OBJ 50003418 (sz=32, trace=300000, class=java.io.File@5000012f)
	path		50003419
OBJ 50003419 (sz=24, trace=300000, class=java.lang.String@50000181)
	value		5000341a
ARR 5000341a (sz=104, trace=300000, nelems=52, elem type=char[])
ARR 5000341b (sz=24, trace=300000, nelems=2, elem type=java.lang.String[]@500000db)
	[0]		5000341c
	[1]		5000341d
OBJ 5000341c (sz=24, trace=300000, class=java.lang.String@50000181)
	value		5000341f
OBJ 5000341d (sz=24, trace=300000, class=java.lang.String@50000181)
	value		5000341e
ARR 5000341e (sz=24, trace=300000, nelems=12, elem type=char[])
ARR 5000341f (sz=108, trace=300000, nelems=54, elem type=char[])
ARR 50003420 (sz=32, trace=300000, nelems=4, elem type=java.lang.String[]@500000db)
	[0]		50000439
	[1]		5000043b
	[2]		5000043d
	[3]		5000043f
OBJ 50003421 (sz=24, trace=300000, class=sun.misc.MetaIndex@50000036)
	contents	50003425
OBJ 50003422 (sz=32, trace=300000, class=java.io.File@5000012f)
	path		50003423
OBJ 50003423 (sz=24, trace=300000, class=java.lang.String@50000181)
	value		50003424
ARR 50003424 (sz=108, trace=300000, nelems=54, elem type=char[])
ARR 50003425 (sz=24, trace=300000, nelems=1, elem type=java.lang.String[]@500000db)
	[0]		50003426
OBJ 50003426 (sz=24, trace=300000, class=java.lang.String@50000181)
	value		50003427
ARR 50003427 (sz=54, trace=300000, nelems=27, elem type=char[])
ARR 50003428 (sz=20, trace=300000, nelems=10, elem type=char[])
ARR 50003429 (sz=12, trace=300000, nelems=6, elem type=char[])
ARR 5000342a (sz=22, trace=300000, nelems=11, elem type=char[])
ARR 5000342b (sz=68, trace=300000, nelems=34, elem type=char[])
ARR 5000342c (sz=16, trace=300000, nelems=0, elem type=java.lang.Throwable[]@50000114)
OBJ 5000342d (sz=24, trace=300000, class=java.lang.String@50000181)
	value		50003437
OBJ 5000342e (sz=24, trace=300000, class=java.lang.String@50000181)
	value		50003436
OBJ 5000342f (sz=24, trace=300000, class=java.lang.String@50000181)
	value		50003435
OBJ 50003430 (sz=24, trace=300000, class=java.lang.String@50000181)
	value		50003434
OBJ 50003431 (sz=24, trace=300000, class=java.util.Collections$UnmodifiableRandomAccessList@500000e7)
	c		50003433
	list		50003433
ARR 50003432 (sz=16, trace=300000, nelems=0, elem type=java.lang.StackTraceElement[]@50000108)
OBJ 50003433 (sz=24, trace=300000, class=java.util.ArrayList@500000f1)
	elementData	500022df
ARR 50003434 (sz=66, trace=300000, nelems=33, elem type=char[])
ARR 50003435 (sz=60, trace=300000, nelems=30, elem type=char[])
ARR 50003436 (sz=22, trace=300000, nelems=11, elem type=char[])
ARR 50003437 (sz=24, trace=300000, nelems=12, elem type=char[])
ARR 50003438 (sz=4, trace=300000, nelems=2, elem type=char[])
OBJ 50003439 (sz=24, trace=300000, class=java.lang.String@50000181)
	value		5000343a
ARR 5000343a (sz=4, trace=300000, nelems=2, elem type=char[])
ARR 5000343b (sz=80, trace=300000, nelems=40, elem type=char[])
ARR 5000343c (sz=76, trace=300000, nelems=38, elem type=char[])
ARR 5000343d (sz=54, trace=300000, nelems=27, elem type=char[])
ARR 5000343e (sz=62, trace=300000, nelems=31, elem type=char[])
ARR 5000343f (sz=24, trace=300000, nelems=12, elem type=char[])
OBJ 50003440 (sz=24, trace=300000, class=java.lang.String@50000181)
	value		50003447
OBJ 50003441 (sz=24, trace=300000, class=java.lang.String@50000181)
	value		50003446
OBJ 50003442 (sz=24, trace=300000, class=java.lang.String@50000181)
	value		50003444
OBJ 50003443 (sz=24, trace=300000, class=java.lang.String@50000181)
	value		50003445
ARR 50003444 (sz=26, trace=300000, nelems=13, elem type=char[])
ARR 50003445 (sz=10, trace=300000, nelems=5, elem type=char[])
ARR 50003446 (sz=12, trace=300000, nelems=6, elem type=char[])
ARR 50003447 (sz=6, trace=300000, nelems=3, elem type=char[])
OBJ 50003448 (sz=32, trace=300000, class=java.lang.ref.ReferenceQueue@500000e6)
	lock		50003449
OBJ 50003449 (sz=16, trace=300000, class=java.lang.ref.ReferenceQueue$Lock@500000e4)
ARR 5000344a (sz=34, trace=300000, nelems=17, elem type=char[])
OBJ 5000344b (sz=16, trace=300000, class=java.lang.ref.ReferenceQueue$Lock@500000e4)
OBJ 5000344c (sz=48, trace=300000, class=sun.util.locale.LocaleObjectCache$CacheEntry@50000018)
	referent	5000220e
	queue		50002129
	key		5000344d
OBJ 5000344d (sz=40, trace=300000, class=sun.util.locale.BaseLocale$Key@50000019)
	lang		50003451
	scrt		50003450
	regn		5000344f
	vart		5000344e
OBJ 5000344e (sz=40, trace=300000, class=java.lang.ref.SoftReference@50000165)
	referent	50001c1a
	queue		5000213e
OBJ 5000344f (sz=40, trace=300000, class=java.lang.ref.SoftReference@50000165)
	referent	500021a6
	queue		5000213e
OBJ 50003450 (sz=40, trace=300000, class=java.lang.ref.SoftReference@50000165)
	referent	50001c1a
	queue		5000213e
OBJ 50003451 (sz=40, trace=300000, class=java.lang.ref.SoftReference@50000165)
	referent	5000219a
	queue		5000213e
OBJ 50003452 (sz=48, trace=300000, class=sun.util.locale.LocaleObjectCache$CacheEntry@50000018)
	referent	50002200
	queue		50002129
	key		50003453
OBJ 50003453 (sz=40, trace=300000, class=sun.util.locale.BaseLocale$Key@50000019)
	lang		50003457
	scrt		50003456
	regn		50003455
	vart		50003454
OBJ 50003454 (sz=40, trace=300000, class=java.lang.ref.SoftReference@50000165)
	referent	50001c1a
	queue		5000213e
OBJ 50003455 (sz=40, trace=300000, class=java.lang.ref.SoftReference@50000165)
	referent	50001c1a
	queue		5000213e
OBJ 50003456 (sz=40, trace=300000, class=java.lang.ref.SoftReference@50000165)
	referent	50001c1a
	queue		5000213e
OBJ 50003457 (sz=40, trace=300000, class=java.lang.ref.SoftReference@50000165)
	referent	50002199
	queue		5000213e
OBJ 50003458 (sz=48, trace=300000, class=sun.util.locale.LocaleObjectCache$CacheEntry@50000018)
	referent	500021ed
	queue		50002129
	key		50003459
OBJ 50003459 (sz=40, trace=300000, class=sun.util.locale.BaseLocale$Key@50000019)
	lang		5000345d
	scrt		5000345c
	regn		5000345b
	vart		5000345a
OBJ 5000345a (sz=40, trace=300000, class=java.lang.ref.SoftReference@50000165)
	referent	50001c1a
	queue		5000213e
OBJ 5000345b (sz=40, trace=300000, class=java.lang.ref.SoftReference@50000165)
	referent	50001c1a
	queue		5000213e
OBJ 5000345c (sz=40, trace=300000, class=java.lang.ref.SoftReference@50000165)
	referent	50001c1a
	queue		5000213e
OBJ 5000345d (sz=40, trace=300000, class=java.lang.ref.SoftReference@50000165)
	referent	5000211e
	queue		5000213e
OBJ 5000345e (sz=32, trace=300000, class=java.util.concurrent.ConcurrentHashMap$Node@50000023)
	key		50003467
	val		50003466
	next		50003465
OBJ 5000345f (sz=48, trace=300000, class=sun.util.locale.LocaleObjectCache$CacheEntry@50000018)
	referent	50002208
	queue		50002129
	key		50003460
OBJ 50003460 (sz=40, trace=300000, class=sun.util.locale.BaseLocale$Key@50000019)
	lang		50003464
	scrt		50003463
	regn		50003462
	vart		50003461
OBJ 50003461 (sz=40, trace=300000, class=java.lang.ref.SoftReference@50000165)
	referent	50001c1a
	queue		5000213e
OBJ 50003462 (sz=40, trace=300000, class=java.lang.ref.SoftReference@50000165)
	referent	50001c1a
	queue		5000213e
OBJ 50003463 (sz=40, trace=300000, class=java.lang.ref.SoftReference@50000165)
	referent	50001c1a
	queue		5000213e
OBJ 50003464 (sz=40, trace=300000, class=java.lang.ref.SoftReference@50000165)
	referent	5000213f
	queue		5000213e
OBJ 50003465 (sz=32, trace=300000, class=java.util.concurrent.ConcurrentHashMap$Node@50000023)
	key		5000346d
	val		5000346c
OBJ 50003466 (sz=48, trace=300000, class=sun.util.locale.LocaleObjectCache$CacheEntry@50000018)
	referent	500021f4
	queue		50002129
	key		50003467
OBJ 50003467 (sz=40, trace=300000, class=sun.util.locale.BaseLocale$Key@50000019)
	lang		5000346b
	scrt		5000346a
	regn		50003469
	vart		50003468
OBJ 50003468 (sz=40, trace=300000, class=java.lang.ref.SoftReference@50000165)
	referent	50001c1a
	queue		5000213e
OBJ 50003469 (sz=40, trace=300000, class=java.lang.ref.SoftReference@50000165)
	referent	5000218d
	queue		5000213e
OBJ 5000346a (sz=40, trace=300000, class=java.lang.ref.SoftReference@50000165)
	referent	50001c1a
	queue		5000213e
OBJ 5000346b (sz=40, trace=300000, class=java.lang.ref.SoftReference@50000165)
	referent	50002194
	queue		5000213e
OBJ 5000346c (sz=48, trace=300000, class=sun.util.locale.LocaleObjectCache$CacheEntry@50000018)
	referent	50002212
	queue		50002129
	key		5000346d
OBJ 5000346d (sz=40, trace=300000, class=sun.util.locale.BaseLocale$Key@50000019)
	lang		50003471
	scrt		50003470
	regn		5000346f
	vart		5000346e
OBJ 5000346e (sz=40, trace=300000, class=java.lang.ref.SoftReference@50000165)
	referent	50001c1a
	queue		5000213e
OBJ 5000346f (sz=40, trace=300000, class=java.lang.ref.SoftReference@50000165)
	referent	50002190
	queue		5000213e
OBJ 50003470 (sz=40, trace=300000, class=java.lang.ref.SoftReference@50000165)
	referent	50001c1a
	queue		5000213e
OBJ 50003471 (sz=40, trace=300000, class=java.lang.ref.SoftReference@50000165)
	referent	50002199
	queue		5000213e
OBJ 50003472 (sz=32, trace=300000, class=java.util.concurrent.ConcurrentHashMap$Node@50000023)
	key		5000347a
	val		50003479
OBJ 50003473 (sz=48, trace=300000, class=sun.util.locale.LocaleObjectCache$CacheEntry@50000018)
	referent	500021fc
	queue		50002129
	key		50003474
OBJ 50003474 (sz=40, trace=300000, class=sun.util.locale.BaseLocale$Key@50000019)
	lang		50003478
	scrt		50003477
	regn		50003476
	vart		50003475
OBJ 50003475 (sz=40, trace=300000, class=java.lang.ref.SoftReference@50000165)
	referent	50001c1a
	queue		5000213e
OBJ 50003476 (sz=40, trace=300000, class=java.lang.ref.SoftReference@50000165)
	referent	50001c1a
	queue		5000213e
OBJ 50003477 (sz=40, trace=300000, class=java.lang.ref.SoftReference@50000165)
	referent	50001c1a
	queue		5000213e
OBJ 50003478 (sz=40, trace=300000, class=java.lang.ref.SoftReference@50000165)
	referent	50002198
	queue		5000213e
OBJ 50003479 (sz=48, trace=300000, class=sun.util.locale.LocaleObjectCache$CacheEntry@50000018)
	referent	500021d2
	queue		50002129
	key		5000347a
OBJ 5000347a (sz=40, trace=300000, class=sun.util.locale.BaseLocale$Key@50000019)
	lang		5000347e
	scrt		5000347d
	regn		5000347c
	vart		5000347b
OBJ 5000347b (sz=40, trace=300000, class=java.lang.ref.SoftReference@50000165)
	referent	50001c1a
	queue		5000213e
OBJ 5000347c (sz=40, trace=300000, class=java.lang.ref.SoftReference@50000165)
	referent	500021a5
	queue		5000213e
OBJ 5000347d (sz=40, trace=300000, class=java.lang.ref.SoftReference@50000165)
	referent	50001c1a
	queue		5000213e
OBJ 5000347e (sz=40, trace=300000, class=java.lang.ref.SoftReference@50000165)
	referent	50002195
	queue		5000213e
OBJ 5000347f (sz=48, trace=300000, class=sun.util.locale.LocaleObjectCache$CacheEntry@50000018)
	referent	500021ea
	queue		50002129
	key		50003480
OBJ 50003480 (sz=40, trace=300000, class=sun.util.locale.BaseLocale$Key@50000019)
	lang		50003484
	scrt		50003483
	regn		50003482
	vart		50003481
OBJ 50003481 (sz=40, trace=300000, class=java.lang.ref.SoftReference@50000165)
	referent	50001c1a
	queue		5000213e
OBJ 50003482 (sz=40, trace=300000, class=java.lang.ref.SoftReference@50000165)
	referent	50001c1a
	queue		5000213e
OBJ 50003483 (sz=40, trace=300000, class=java.lang.ref.SoftReference@50000165)
	referent	50001c1a
	queue		5000213e
OBJ 50003484 (sz=40, trace=300000, class=java.lang.ref.SoftReference@50000165)
	referent	50002195
	queue		5000213e
OBJ 50003485 (sz=32, trace=300000, class=java.util.concurrent.ConcurrentHashMap$Node@50000023)
	key		5000348e
	val		5000348d
	next		5000348c
OBJ 50003486 (sz=48, trace=300000, class=sun.util.locale.LocaleObjectCache$CacheEntry@50000018)
	referent	50002204
	queue		50002129
	key		50003487
OBJ 50003487 (sz=40, trace=300000, class=sun.util.locale.BaseLocale$Key@50000019)
	lang		5000348b
	scrt		5000348a
	regn		50003489
	vart		50003488
OBJ 50003488 (sz=40, trace=300000, class=java.lang.ref.SoftReference@50000165)
	referent	50001c1a
	queue		5000213e
OBJ 50003489 (sz=40, trace=300000, class=java.lang.ref.SoftReference@50000165)
	referent	50002191
	queue		5000213e
OBJ 5000348a (sz=40, trace=300000, class=java.lang.ref.SoftReference@50000165)
	referent	50001c1a
	queue		5000213e
OBJ 5000348b (sz=40, trace=300000, class=java.lang.ref.SoftReference@50000165)
	referent	5000211e
	queue		5000213e
OBJ 5000348c (sz=32, trace=300000, class=java.util.concurrent.ConcurrentHashMap$Node@50000023)
	key		50003495
	val		50003494
	next		50003493
OBJ 5000348d (sz=48, trace=300000, class=sun.util.locale.LocaleObjectCache$CacheEntry@50000018)
	referent	500021e1
	queue		50002129
	key		5000348e
OBJ 5000348e (sz=40, trace=300000, class=sun.util.locale.BaseLocale$Key@50000019)
	lang		50003492
	scrt		50003491
	regn		50003490
	vart		5000348f
OBJ 5000348f (sz=40, trace=300000, class=java.lang.ref.SoftReference@50000165)
	referent	50001c1a
	queue		5000213e
OBJ 50003490 (sz=40, trace=300000, class=java.lang.ref.SoftReference@50000165)
	referent	5000218e
	queue		5000213e
OBJ 50003491 (sz=40, trace=300000, class=java.lang.ref.SoftReference@50000165)
	referent	50001c1a
	queue		5000213e
OBJ 50003492 (sz=40, trace=300000, class=java.lang.ref.SoftReference@50000165)
	referent	5000213f
	queue		5000213e
OBJ 50003493 (sz=32, trace=300000, class=java.util.concurrent.ConcurrentHashMap$Node@50000023)
	key		5000349b
	val		5000349a
OBJ 50003494 (sz=48, trace=300000, class=sun.util.locale.LocaleObjectCache$CacheEntry@50000018)
	referent	500021d9
	queue		50002129
	key		50003495
OBJ 50003495 (sz=40, trace=300000, class=sun.util.locale.BaseLocale$Key@50000019)
	lang		50003499
	scrt		50003498
	regn		50003497
	vart		50003496
OBJ 50003496 (sz=40, trace=300000, class=java.lang.ref.SoftReference@50000165)
	referent	50001c1a
	queue		5000213e
OBJ 50003497 (sz=40, trace=300000, class=java.lang.ref.SoftReference@50000165)
	referent	500021a7
	queue		5000213e
OBJ 50003498 (sz=40, trace=300000, class=java.lang.ref.SoftReference@50000165)
	referent	50001c1a
	queue		5000213e
OBJ 50003499 (sz=40, trace=300000, class=java.lang.ref.SoftReference@50000165)
	referent	50002195
	queue		5000213e
OBJ 5000349a (sz=48, trace=300000, class=sun.util.locale.LocaleObjectCache$CacheEntry@50000018)
	referent	500021dd
	queue		50002129
	key		5000349b
OBJ 5000349b (sz=40, trace=300000, class=sun.util.locale.BaseLocale$Key@50000019)
	lang		5000349f
	scrt		5000349e
	regn		5000349d
	vart		5000349c
OBJ 5000349c (sz=40, trace=300000, class=java.lang.ref.SoftReference@50000165)
	referent	50001c1a
	queue		5000213e
OBJ 5000349d (sz=40, trace=300000, class=java.lang.ref.SoftReference@50000165)
	referent	500021a4
	queue		5000213e
OBJ 5000349e (sz=40, trace=300000, class=java.lang.ref.SoftReference@50000165)
	referent	50001c1a
	queue		5000213e
OBJ 5000349f (sz=40, trace=300000, class=java.lang.ref.SoftReference@50000165)
	referent	50002195
	queue		5000213e
OBJ 500034a0 (sz=48, trace=300000, class=sun.util.locale.LocaleObjectCache$CacheEntry@50000018)
	referent	500021e5
	queue		50002129
	key		500034a1
OBJ 500034a1 (sz=40, trace=300000, class=sun.util.locale.BaseLocale$Key@50000019)
	lang		500034a5
	scrt		500034a4
	regn		500034a3
	vart		500034a2
OBJ 500034a2 (sz=40, trace=300000, class=java.lang.ref.SoftReference@50000165)
	referent	50001c1a
	queue		5000213e
OBJ 500034a3 (sz=40, trace=300000, class=java.lang.ref.SoftReference@50000165)
	referent	5000218f
	queue		5000213e
OBJ 500034a4 (sz=40, trace=300000, class=java.lang.ref.SoftReference@50000165)
	referent	50001c1a
	queue		5000213e
OBJ 500034a5 (sz=40, trace=300000, class=java.lang.ref.SoftReference@50000165)
	referent	50002198
	queue		5000213e
OBJ 500034a6 (sz=48, trace=300000, class=sun.util.locale.LocaleObjectCache$CacheEntry@50000018)
	referent	500021f8
	queue		50002129
	key		500034a7
OBJ 500034a7 (sz=40, trace=300000, class=sun.util.locale.BaseLocale$Key@50000019)
	lang		500034ab
	scrt		500034aa
	regn		500034a9
	vart		500034a8
OBJ 500034a8 (sz=40, trace=300000, class=java.lang.ref.SoftReference@50000165)
	referent	50001c1a
	queue		5000213e
OBJ 500034a9 (sz=40, trace=300000, class=java.lang.ref.SoftReference@50000165)
	referent	50001c1a
	queue		5000213e
OBJ 500034aa (sz=40, trace=300000, class=java.lang.ref.SoftReference@50000165)
	referent	50001c1a
	queue		5000213e
OBJ 500034ab (sz=40, trace=300000, class=java.lang.ref.SoftReference@50000165)
	referent	5000219a
	queue		5000213e
OBJ 500034ac (sz=48, trace=300000, class=sun.util.locale.LocaleObjectCache$CacheEntry@50000018)
	referent	500021f0
	queue		50002129
	key		500034ad
OBJ 500034ad (sz=40, trace=300000, class=sun.util.locale.BaseLocale$Key@50000019)
	lang		500034b1
	scrt		500034b0
	regn		500034af
	vart		500034ae
OBJ 500034ae (sz=40, trace=300000, class=java.lang.ref.SoftReference@50000165)
	referent	50001c1a
	queue		5000213e
OBJ 500034af (sz=40, trace=300000, class=java.lang.ref.SoftReference@50000165)
	referent	50001c1a
	queue		5000213e
OBJ 500034b0 (sz=40, trace=300000, class=java.lang.ref.SoftReference@50000165)
	referent	50001c1a
	queue		5000213e
OBJ 500034b1 (sz=40, trace=300000, class=java.lang.ref.SoftReference@50000165)
	referent	50002194
	queue		5000213e
OBJ 500034b2 (sz=32, trace=300000, class=java.util.concurrent.ConcurrentHashMap$Node@50000023)
	key		500034ba
	val		500034b9
OBJ 500034b3 (sz=48, trace=300000, class=sun.util.locale.LocaleObjectCache$CacheEntry@50000018)
	referent	50002217
	queue		50002129
	key		500034b4
OBJ 500034b4 (sz=40, trace=300000, class=sun.util.locale.BaseLocale$Key@50000019)
	lang		500034b8
	scrt		500034b7
	regn		500034b6
	vart		500034b5
OBJ 500034b5 (sz=40, trace=300000, class=java.lang.ref.SoftReference@50000165)
	referent	50001c1a
	queue		5000213e
OBJ 500034b6 (sz=40, trace=300000, class=java.lang.ref.SoftReference@50000165)
	referent	5000211c
	queue		5000213e
OBJ 500034b7 (sz=40, trace=300000, class=java.lang.ref.SoftReference@50000165)
	referent	50001c1a
	queue		5000213e
OBJ 500034b8 (sz=40, trace=300000, class=java.lang.ref.SoftReference@50000165)
	referent	5000211e
	queue		5000213e
OBJ 500034b9 (sz=48, trace=300000, class=sun.util.locale.LocaleObjectCache$CacheEntry@50000018)
	referent	5000221a
	queue		50002129
	key		500034ba
OBJ 500034ba (sz=40, trace=300000, class=sun.util.locale.BaseLocale$Key@50000019)
	lang		500034be
	scrt		500034bd
	regn		500034bc
	vart		500034bb
OBJ 500034bb (sz=40, trace=300000, class=java.lang.ref.SoftReference@50000165)
	referent	50001c1a
	queue		5000213e
OBJ 500034bc (sz=40, trace=300000, class=java.lang.ref.SoftReference@50000165)
	referent	50001c1a
	queue		5000213e
OBJ 500034bd (sz=40, trace=300000, class=java.lang.ref.SoftReference@50000165)
	referent	50001c1a
	queue		5000213e
OBJ 500034be (sz=40, trace=300000, class=java.lang.ref.SoftReference@50000165)
	referent	50001c1a
	queue		5000213e
ARR 500034bf (sz=4, trace=300000, nelems=2, elem type=char[])
ARR 500034c0 (sz=4, trace=300000, nelems=2, elem type=char[])
ARR 500034c1 (sz=4, trace=300000, nelems=2, elem type=char[])
ARR 500034c2 (sz=20, trace=300000, nelems=10, elem type=char[])
OBJ 500034c3 (sz=56, trace=300000, class=java.util.ResourceBundle$CacheKey@500009da)
	name		50001002
	locale		500021a9
	loaderRef	500013b8
	format		5000211b
OBJ 500034c4 (sz=56, trace=300000, class=java.util.ResourceBundle$CacheKey@500009da)
	name		50001002
	locale		500021b5
	loaderRef	5000135d
	format		5000211b
OBJ 500034c5 (sz=56, trace=300000, class=java.util.ResourceBundle$CacheKey@500009da)
	name		50001002
	locale		500021aa
	loaderRef	50001041
	format		5000211b
OBJ 500034c6 (sz=24, trace=300000, class=java.lang.String@50000181)
	value		500034c7
ARR 500034c7 (sz=20, trace=300000, nelems=10, elem type=char[])
OBJ 500034c8 (sz=24, trace=300000, class=java.lang.String@50000181)
	value		500034cb
OBJ 500034c9 (sz=24, trace=300000, class=java.lang.String@50000181)
	value		500034ca
ARR 500034ca (sz=4, trace=300000, nelems=2, elem type=char[])
ARR 500034cb (sz=4, trace=300000, nelems=2, elem type=char[])
OBJ 500034cc (sz=24, trace=300000, class=java.lang.String@50000181)
	value		500034cd
ARR 500034cd (sz=38, trace=300000, nelems=19, elem type=char[])
OBJ 500034ce (sz=24, trace=300000, class=java.lang.String@50000181)
	value		500034dd
OBJ 500034cf (sz=24, trace=300000, class=java.lang.String@50000181)
	value		500034dc
OBJ 500034d0 (sz=24, trace=300000, class=java.lang.String@50000181)
	value		500034db
OBJ 500034d1 (sz=24, trace=300000, class=java.lang.String@50000181)
	value		500034da
OBJ 500034d2 (sz=24, trace=300000, class=java.lang.String@50000181)
	value		500034d9
OBJ 500034d3 (sz=24, trace=300000, class=java.lang.String@50000181)
	value		500034d8
OBJ 500034d4 (sz=24, trace=300000, class=java.lang.String@50000181)
	value		500034d7
OBJ 500034d5 (sz=24, trace=300000, class=java.lang.String@50000181)
	value		500034d6
ARR 500034d6 (sz=6, trace=300000, nelems=3, elem type=char[])
ARR 500034d7 (sz=2, trace=300000, nelems=1, elem type=char[])
ARR 500034d8 (sz=2, trace=300000, nelems=1, elem type=char[])
ARR 500034d9 (sz=2, trace=300000, nelems=1, elem type=char[])
ARR 500034da (sz=2, trace=300000, nelems=1, elem type=char[])
ARR 500034db (sz=2, trace=300000, nelems=1, elem type=char[])
ARR 500034dc (sz=2, trace=300000, nelems=1, elem type=char[])
ARR 500034dd (sz=2, trace=300000, nelems=1, elem type=char[])
OBJ 500034de (sz=24, trace=300000, class=java.lang.String@50000181)
	value		500034df
ARR 500034df (sz=26, trace=300000, nelems=13, elem type=char[])
OBJ 500034e0 (sz=24, trace=300000, class=java.lang.String@50000181)
	value		500034e7
OBJ 500034e1 (sz=24, trace=300000, class=java.lang.String@50000181)
	value		500034e6
OBJ 500034e2 (sz=24, trace=300000, class=java.lang.String@50000181)
	value		500034e5
OBJ 500034e3 (sz=24, trace=300000, class=java.lang.String@50000181)
	value		500034e4
ARR 500034e4 (sz=12, trace=300000, nelems=6, elem type=char[])
ARR 500034e5 (sz=10, trace=300000, nelems=5, elem type=char[])
ARR 500034e6 (sz=12, trace=300000, nelems=6, elem type=char[])
ARR 500034e7 (sz=10, trace=300000, nelems=5, elem type=char[])
OBJ 500034e8 (sz=24, trace=300000, class=java.lang.String@50000181)
	value		500034e9
ARR 500034e9 (sz=42, trace=300000, nelems=21, elem type=char[])
OBJ 500034ea (sz=24, trace=300000, class=java.lang.String@50000181)
	value		500034ef
OBJ 500034eb (sz=24, trace=300000, class=java.lang.String@50000181)
	value		500034ee
OBJ 500034ec (sz=24, trace=300000, class=java.lang.String@50000181)
	value		500034ed
ARR 500034ed (sz=8, trace=300000, nelems=4, elem type=char[])
ARR 500034ee (sz=14, trace=300000, nelems=7, elem type=char[])
ARR 500034ef (sz=18, trace=300000, nelems=9, elem type=char[])
OBJ 500034f0 (sz=24, trace=300000, class=java.lang.String@50000181)
	value		500034f1
ARR 500034f1 (sz=28, trace=300000, nelems=14, elem type=char[])
OBJ 500034f2 (sz=24, trace=300000, class=java.lang.String@50000181)
	value		500034f3
ARR 500034f3 (sz=2, trace=300000, nelems=1, elem type=char[])
OBJ 500034f4 (sz=24, trace=300000, class=java.lang.String@50000181)
	value		500034f5
ARR 500034f5 (sz=38, trace=300000, nelems=19, elem type=char[])
OBJ 500034f6 (sz=24, trace=300000, class=java.lang.String@50000181)
	value		500034f7
ARR 500034f7 (sz=2, trace=300000, nelems=1, elem type=char[])
OBJ 500034f8 (sz=24, trace=300000, class=java.lang.String@50000181)
	value		500034f9
ARR 500034f9 (sz=36, trace=300000, nelems=18, elem type=char[])
OBJ 500034fa (sz=24, trace=300000, class=java.lang.String@50000181)
	value		50003511
OBJ 500034fb (sz=24, trace=300000, class=java.lang.String@50000181)
	value		50003510
OBJ 500034fc (sz=24, trace=300000, class=java.lang.String@50000181)
	value		5000350f
OBJ 500034fd (sz=24, trace=300000, class=java.lang.String@50000181)
	value		5000350e
OBJ 500034fe (sz=24, trace=300000, class=java.lang.String@50000181)
	value		5000350d
OBJ 500034ff (sz=24, trace=300000, class=java.lang.String@50000181)
	value		5000350c
OBJ 50003500 (sz=24, trace=300000, class=java.lang.String@50000181)
	value		5000350b
OBJ 50003501 (sz=24, trace=300000, class=java.lang.String@50000181)
	value		5000350a
OBJ 50003502 (sz=24, trace=300000, class=java.lang.String@50000181)
	value		50003509
OBJ 50003503 (sz=24, trace=300000, class=java.lang.String@50000181)
	value		50003508
OBJ 50003504 (sz=24, trace=300000, class=java.lang.String@50000181)
	value		50003507
OBJ 50003505 (sz=24, trace=300000, class=java.lang.String@50000181)
	value		50003506
ARR 50003506 (sz=6, trace=300000, nelems=3, elem type=char[])
ARR 50003507 (sz=6, trace=300000, nelems=3, elem type=char[])
ARR 50003508 (sz=6, trace=300000, nelems=3, elem type=char[])
ARR 50003509 (sz=6, trace=300000, nelems=3, elem type=char[])
ARR 5000350a (sz=6, trace=300000, nelems=3, elem type=char[])
ARR 5000350b (sz=6, trace=300000, nelems=3, elem type=char[])
ARR 5000350c (sz=6, trace=300000, nelems=3, elem type=char[])
ARR 5000350d (sz=6, trace=300000, nelems=3, elem type=char[])
ARR 5000350e (sz=6, trace=300000, nelems=3, elem type=char[])
ARR 5000350f (sz=6, trace=300000, nelems=3, elem type=char[])
ARR 50003510 (sz=6, trace=300000, nelems=3, elem type=char[])
ARR 50003511 (sz=6, trace=300000, nelems=3, elem type=char[])
OBJ 50003512 (sz=24, trace=300000, class=java.lang.String@50000181)
	value		50003513
ARR 50003513 (sz=50, trace=300000, nelems=25, elem type=char[])
OBJ 50003514 (sz=24, trace=300000, class=java.lang.String@50000181)
	value		50003515
ARR 50003515 (sz=14, trace=300000, nelems=7, elem type=char[])
OBJ 50003516 (sz=24, trace=300000, class=java.lang.String@50000181)
	value		50003517
ARR 50003517 (sz=38, trace=300000, nelems=19, elem type=char[])
OBJ 50003518 (sz=24, trace=300000, class=java.lang.String@50000181)
	value		50003519
ARR 50003519 (sz=2, trace=300000, nelems=1, elem type=char[])
OBJ 5000351a (sz=24, trace=300000, class=java.lang.String@50000181)
	value		5000351b
ARR 5000351b (sz=24, trace=300000, nelems=12, elem type=char[])
OBJ 5000351c (sz=24, trace=300000, class=java.lang.String@50000181)
	value		50003523
OBJ 5000351d (sz=24, trace=300000, class=java.lang.String@50000181)
	value		50003522
OBJ 5000351e (sz=24, trace=300000, class=java.lang.String@50000181)
	value		50003521
OBJ 5000351f (sz=24, trace=300000, class=java.lang.String@50000181)
	value		50003520
ARR 50003520 (sz=12, trace=300000, nelems=6, elem type=char[])
ARR 50003521 (sz=22, trace=300000, nelems=11, elem type=char[])
ARR 50003522 (sz=24, trace=300000, nelems=12, elem type=char[])
ARR 50003523 (sz=36, trace=300000, nelems=18, elem type=char[])
OBJ 50003524 (sz=24, trace=300000, class=java.lang.String@50000181)
	value		50003525
ARR 50003525 (sz=38, trace=300000, nelems=19, elem type=char[])
OBJ 50003526 (sz=24, trace=300000, class=java.lang.String@50000181)
	value		50003527
ARR 50003527 (sz=2, trace=300000, nelems=1, elem type=char[])
OBJ 50003528 (sz=24, trace=300000, class=java.lang.String@50000181)
	value		50003529
ARR 50003529 (sz=38, trace=300000, nelems=19, elem type=char[])
OBJ 5000352a (sz=24, trace=300000, class=java.lang.String@50000181)
	value		5000352b
ARR 5000352b (sz=2, trace=300000, nelems=1, elem type=char[])
OBJ 5000352c (sz=24, trace=300000, class=java.lang.String@50000181)
	value		5000352d
ARR 5000352d (sz=38, trace=300000, nelems=19, elem type=char[])
OBJ 5000352e (sz=24, trace=300000, class=java.lang.String@50000181)
	value		5000352f
ARR 5000352f (sz=2, trace=300000, nelems=1, elem type=char[])
OBJ 50003530 (sz=24, trace=300000, class=java.lang.String@50000181)
	value		50003531
ARR 50003531 (sz=38, trace=300000, nelems=19, elem type=char[])
OBJ 50003532 (sz=24, trace=300000, class=java.lang.String@50000181)
	value		50003533
ARR 50003533 (sz=2, trace=300000, nelems=1, elem type=char[])
OBJ 50003534 (sz=24, trace=300000, class=java.lang.String@50000181)
	value		50003535
ARR 50003535 (sz=28, trace=300000, nelems=14, elem type=char[])
OBJ 50003536 (sz=24, trace=300000, class=java.lang.String@50000181)
	value		5000353b
OBJ 50003537 (sz=24, trace=300000, class=java.lang.String@50000181)
	value		5000353a
OBJ 50003538 (sz=24, trace=300000, class=java.lang.String@50000181)
	value		50003539
ARR 50003539 (sz=12, trace=300000, nelems=6, elem type=char[])
ARR 5000353a (sz=44, trace=300000, nelems=22, elem type=char[])
ARR 5000353b (sz=40, trace=300000, nelems=20, elem type=char[])
OBJ 5000353c (sz=24, trace=300000, class=java.lang.String@50000181)
	value		5000353d
ARR 5000353d (sz=20, trace=300000, nelems=10, elem type=char[])
OBJ 5000353e (sz=24, trace=300000, class=java.lang.String@50000181)
	value		50003543
OBJ 5000353f (sz=24, trace=300000, class=java.lang.String@50000181)
	value		50003547
OBJ 50003540 (sz=24, trace=300000, class=java.lang.String@50000181)
	value		50003545
OBJ 50003541 (sz=24, trace=300000, class=java.lang.String@50000181)
	value		50003546
OBJ 50003542 (sz=24, trace=300000, class=java.lang.String@50000181)
	value		50003544
ARR 50003543 (sz=2, trace=300000, nelems=1, elem type=char[])
ARR 50003544 (sz=2, trace=300000, nelems=1, elem type=char[])
ARR 50003545 (sz=2, trace=300000, nelems=1, elem type=char[])
ARR 50003546 (sz=2, trace=300000, nelems=1, elem type=char[])
ARR 50003547 (sz=2, trace=300000, nelems=1, elem type=char[])
OBJ 50003548 (sz=24, trace=300000, class=java.lang.String@50000181)
	value		50003549
ARR 50003549 (sz=32, trace=300000, nelems=16, elem type=char[])
OBJ 5000354a (sz=24, trace=300000, class=java.lang.String@50000181)
	value		50003557
OBJ 5000354b (sz=24, trace=300000, class=java.lang.String@50000181)
	value		50003556
OBJ 5000354c (sz=24, trace=300000, class=java.lang.String@50000181)
	value		50003555
OBJ 5000354d (sz=24, trace=300000, class=java.lang.String@50000181)
	value		50003554
OBJ 5000354e (sz=24, trace=300000, class=java.lang.String@50000181)
	value		50003553
OBJ 5000354f (sz=24, trace=300000, class=java.lang.String@50000181)
	value		50003552
OBJ 50003550 (sz=24, trace=300000, class=java.lang.String@50000181)
	value		50003551
ARR 50003551 (sz=6, trace=300000, nelems=3, elem type=char[])
ARR 50003552 (sz=6, trace=300000, nelems=3, elem type=char[])
ARR 50003553 (sz=6, trace=300000, nelems=3, elem type=char[])
ARR 50003554 (sz=6, trace=300000, nelems=3, elem type=char[])
ARR 50003555 (sz=6, trace=300000, nelems=3, elem type=char[])
ARR 50003556 (sz=6, trace=300000, nelems=3, elem type=char[])
ARR 50003557 (sz=6, trace=300000, nelems=3, elem type=char[])
OBJ 50003558 (sz=24, trace=300000, class=java.lang.String@50000181)
	value		50003559
ARR 50003559 (sz=50, trace=300000, nelems=25, elem type=char[])
OBJ 5000355a (sz=24, trace=300000, class=java.lang.String@50000181)
	value		5000355b
ARR 5000355b (sz=16, trace=300000, nelems=8, elem type=char[])
OBJ 5000355c (sz=24, trace=300000, class=java.lang.String@50000181)
	value		5000355d
ARR 5000355d (sz=26, trace=300000, nelems=13, elem type=char[])
OBJ 5000355e (sz=24, trace=300000, class=java.lang.String@50000181)
	value		5000355f
ARR 5000355f (sz=8, trace=300000, nelems=4, elem type=char[])
OBJ 50003560 (sz=24, trace=300000, class=java.lang.String@50000181)
	value		50003561
ARR 50003561 (sz=42, trace=300000, nelems=21, elem type=char[])
OBJ 50003562 (sz=24, trace=300000, class=java.lang.String@50000181)
	value		50003569
OBJ 50003563 (sz=24, trace=300000, class=java.lang.String@50000181)
	value		50003568
OBJ 50003564 (sz=24, trace=300000, class=java.lang.String@50000181)
	value		50003567
OBJ 50003565 (sz=24, trace=300000, class=java.lang.String@50000181)
	value		50003566
ARR 50003566 (sz=16, trace=300000, nelems=8, elem type=char[])
ARR 50003567 (sz=20, trace=300000, nelems=10, elem type=char[])
ARR 50003568 (sz=22, trace=300000, nelems=11, elem type=char[])
ARR 50003569 (sz=36, trace=300000, nelems=18, elem type=char[])
OBJ 5000356a (sz=24, trace=300000, class=java.lang.String@50000181)
	value		5000356b
ARR 5000356b (sz=16, trace=300000, nelems=8, elem type=char[])
OBJ 5000356c (sz=24, trace=300000, class=java.lang.String@50000181)
	value		50003579
OBJ 5000356d (sz=24, trace=300000, class=java.lang.String@50000181)
	value		50003578
OBJ 5000356e (sz=24, trace=300000, class=java.lang.String@50000181)
	value		50003577
OBJ 5000356f (sz=24, trace=300000, class=java.lang.String@50000181)
	value		50003576
OBJ 50003570 (sz=24, trace=300000, class=java.lang.String@50000181)
	value		50003575
OBJ 50003571 (sz=24, trace=300000, class=java.lang.String@50000181)
	value		50003574
OBJ 50003572 (sz=24, trace=300000, class=java.lang.String@50000181)
	value		50003573
ARR 50003573 (sz=16, trace=300000, nelems=8, elem type=char[])
ARR 50003574 (sz=12, trace=300000, nelems=6, elem type=char[])
ARR 50003575 (sz=16, trace=300000, nelems=8, elem type=char[])
ARR 50003576 (sz=18, trace=300000, nelems=9, elem type=char[])
ARR 50003577 (sz=14, trace=300000, nelems=7, elem type=char[])
ARR 50003578 (sz=12, trace=300000, nelems=6, elem type=char[])
ARR 50003579 (sz=12, trace=300000, nelems=6, elem type=char[])
OBJ 5000357a (sz=24, trace=300000, class=java.lang.String@50000181)
	value		5000357b
ARR 5000357b (sz=46, trace=300000, nelems=23, elem type=char[])
OBJ 5000357c (sz=24, trace=300000, class=java.lang.String@50000181)
	value		5000357d
ARR 5000357d (sz=2, trace=300000, nelems=1, elem type=char[])
OBJ 5000357e (sz=24, trace=300000, class=java.lang.String@50000181)
	value		5000357f
ARR 5000357f (sz=38, trace=300000, nelems=19, elem type=char[])
OBJ 50003580 (sz=24, trace=300000, class=java.lang.String@50000181)
	value		50003581
ARR 50003581 (sz=2, trace=300000, nelems=1, elem type=char[])
OBJ 50003582 (sz=24, trace=300000, class=java.lang.String@50000181)
	value		50003583
ARR 50003583 (sz=38, trace=300000, nelems=19, elem type=char[])
OBJ 50003584 (sz=24, trace=300000, class=java.lang.String@50000181)
	value		50003585
ARR 50003585 (sz=2, trace=300000, nelems=1, elem type=char[])
OBJ 50003586 (sz=24, trace=300000, class=java.lang.String@50000181)
	value		50003587
ARR 50003587 (sz=38, trace=300000, nelems=19, elem type=char[])
OBJ 50003588 (sz=24, trace=300000, class=java.lang.String@50000181)
	value		50003589
ARR 50003589 (sz=2, trace=300000, nelems=1, elem type=char[])
OBJ 5000358a (sz=24, trace=300000, class=java.lang.String@50000181)
	value		5000358b
ARR 5000358b (sz=38, trace=300000, nelems=19, elem type=char[])
OBJ 5000358c (sz=24, trace=300000, class=java.lang.String@50000181)
	value		50003599
OBJ 5000358d (sz=24, trace=300000, class=java.lang.String@50000181)
	value		50003598
OBJ 5000358e (sz=24, trace=300000, class=java.lang.String@50000181)
	value		50003597
OBJ 5000358f (sz=24, trace=300000, class=java.lang.String@50000181)
	value		50003596
OBJ 50003590 (sz=24, trace=300000, class=java.lang.String@50000181)
	value		50003595
OBJ 50003591 (sz=24, trace=300000, class=java.lang.String@50000181)
	value		50003594
OBJ 50003592 (sz=24, trace=300000, class=java.lang.String@50000181)
	value		50003593
ARR 50003593 (sz=2, trace=300000, nelems=1, elem type=char[])
ARR 50003594 (sz=4, trace=300000, nelems=2, elem type=char[])
ARR 50003595 (sz=2, trace=300000, nelems=1, elem type=char[])
ARR 50003596 (sz=2, trace=300000, nelems=1, elem type=char[])
ARR 50003597 (sz=2, trace=300000, nelems=1, elem type=char[])
ARR 50003598 (sz=2, trace=300000, nelems=1, elem type=char[])
ARR 50003599 (sz=2, trace=300000, nelems=1, elem type=char[])
OBJ 5000359a (sz=24, trace=300000, class=java.lang.String@50000181)
	value		5000359b
ARR 5000359b (sz=38, trace=300000, nelems=19, elem type=char[])
OBJ 5000359c (sz=24, trace=300000, class=java.lang.String@50000181)
	value		5000359d
ARR 5000359d (sz=2, trace=300000, nelems=1, elem type=char[])
OBJ 5000359e (sz=24, trace=300000, class=java.lang.String@50000181)
	value		5000359f
ARR 5000359f (sz=38, trace=300000, nelems=19, elem type=char[])
OBJ 500035a0 (sz=24, trace=300000, class=java.lang.String@50000181)
	value		500035a1
ARR 500035a1 (sz=2, trace=300000, nelems=1, elem type=char[])
OBJ 500035a2 (sz=24, trace=300000, class=java.lang.String@50000181)
	value		500035a3
ARR 500035a3 (sz=38, trace=300000, nelems=19, elem type=char[])
OBJ 500035a4 (sz=24, trace=300000, class=java.lang.String@50000181)
	value		500035a5
ARR 500035a5 (sz=2, trace=300000, nelems=1, elem type=char[])
OBJ 500035a6 (sz=24, trace=300000, class=java.lang.String@50000181)
	value		500035a7
ARR 500035a7 (sz=24, trace=300000, nelems=12, elem type=char[])
OBJ 500035a8 (sz=24, trace=300000, class=java.lang.String@50000181)
	value		500035bf
OBJ 500035a9 (sz=24, trace=300000, class=java.lang.String@50000181)
	value		500035be
OBJ 500035aa (sz=24, trace=300000, class=java.lang.String@50000181)
	value		500035bd
OBJ 500035ab (sz=24, trace=300000, class=java.lang.String@50000181)
	value		500035bc
OBJ 500035ac (sz=24, trace=300000, class=java.lang.String@50000181)
	value		500035bb
OBJ 500035ad (sz=24, trace=300000, class=java.lang.String@50000181)
	value		500035ba
OBJ 500035ae (sz=24, trace=300000, class=java.lang.String@50000181)
	value		500035b9
OBJ 500035af (sz=24, trace=300000, class=java.lang.String@50000181)
	value		500035b8
OBJ 500035b0 (sz=24, trace=300000, class=java.lang.String@50000181)
	value		500035b7
OBJ 500035b1 (sz=24, trace=300000, class=java.lang.String@50000181)
	value		500035b6
OBJ 500035b2 (sz=24, trace=300000, class=java.lang.String@50000181)
	value		500035b5
OBJ 500035b3 (sz=24, trace=300000, class=java.lang.String@50000181)
	value		500035b4
ARR 500035b4 (sz=4, trace=300000, nelems=2, elem type=char[])
ARR 500035b5 (sz=4, trace=300000, nelems=2, elem type=char[])
ARR 500035b6 (sz=4, trace=300000, nelems=2, elem type=char[])
ARR 500035b7 (sz=2, trace=300000, nelems=1, elem type=char[])
ARR 500035b8 (sz=2, trace=300000, nelems=1, elem type=char[])
ARR 500035b9 (sz=2, trace=300000, nelems=1, elem type=char[])
ARR 500035ba (sz=2, trace=300000, nelems=1, elem type=char[])
ARR 500035bb (sz=2, trace=300000, nelems=1, elem type=char[])
ARR 500035bc (sz=2, trace=300000, nelems=1, elem type=char[])
ARR 500035bd (sz=2, trace=300000, nelems=1, elem type=char[])
ARR 500035be (sz=2, trace=300000, nelems=1, elem type=char[])
ARR 500035bf (sz=2, trace=300000, nelems=1, elem type=char[])
OBJ 500035c0 (sz=24, trace=300000, class=java.lang.String@50000181)
	value		500035c1
ARR 500035c1 (sz=42, trace=300000, nelems=21, elem type=char[])
OBJ 500035c2 (sz=24, trace=300000, class=java.lang.String@50000181)
	value		500035c9
OBJ 500035c3 (sz=24, trace=300000, class=java.lang.String@50000181)
	value		500035c8
OBJ 500035c4 (sz=24, trace=300000, class=java.lang.String@50000181)
	value		500035c7
OBJ 500035c5 (sz=24, trace=300000, class=java.lang.String@50000181)
	value		500035c6
ARR 500035c6 (sz=16, trace=300000, nelems=8, elem type=char[])
ARR 500035c7 (sz=30, trace=300000, nelems=15, elem type=char[])
ARR 500035c8 (sz=32, trace=300000, nelems=16, elem type=char[])
ARR 500035c9 (sz=46, trace=300000, nelems=23, elem type=char[])
OBJ 500035ca (sz=24, trace=300000, class=java.lang.String@50000181)
	value		500035cb
ARR 500035cb (sz=36, trace=300000, nelems=18, elem type=char[])
OBJ 500035cc (sz=24, trace=300000, class=java.lang.String@50000181)
	value		500035cf
OBJ 500035cd (sz=24, trace=300000, class=java.lang.String@50000181)
	value		500035ce
ARR 500035ce (sz=2, trace=300000, nelems=1, elem type=char[])
ARR 500035cf (sz=2, trace=300000, nelems=1, elem type=char[])
OBJ 500035d0 (sz=24, trace=300000, class=java.lang.String@50000181)
	value		500035d1
ARR 500035d1 (sz=38, trace=300000, nelems=19, elem type=char[])
OBJ 500035d2 (sz=24, trace=300000, class=java.lang.String@50000181)
	value		500035d3
ARR 500035d3 (sz=32, trace=300000, nelems=16, elem type=char[])
OBJ 500035d4 (sz=24, trace=300000, class=java.lang.String@50000181)
	value		500035d5
ARR 500035d5 (sz=38, trace=300000, nelems=19, elem type=char[])
OBJ 500035d6 (sz=24, trace=300000, class=java.lang.String@50000181)
	value		500035d7
ARR 500035d7 (sz=2, trace=300000, nelems=1, elem type=char[])
OBJ 500035d8 (sz=24, trace=300000, class=java.lang.String@50000181)
	value		500035d9
ARR 500035d9 (sz=38, trace=300000, nelems=19, elem type=char[])
OBJ 500035da (sz=24, trace=300000, class=java.lang.String@50000181)
	value		500035db
ARR 500035db (sz=2, trace=300000, nelems=1, elem type=char[])
OBJ 500035dc (sz=24, trace=300000, class=java.lang.String@50000181)
	value		500035dd
ARR 500035dd (sz=38, trace=300000, nelems=19, elem type=char[])
OBJ 500035de (sz=24, trace=300000, class=java.lang.String@50000181)
	value		500035df
ARR 500035df (sz=2, trace=300000, nelems=1, elem type=char[])
OBJ 500035e0 (sz=24, trace=300000, class=java.lang.String@50000181)
	value		500035e1
ARR 500035e1 (sz=36, trace=300000, nelems=18, elem type=char[])
OBJ 500035e2 (sz=24, trace=300000, class=java.lang.String@50000181)
	value		500035e3
ARR 500035e3 (sz=38, trace=300000, nelems=19, elem type=char[])
OBJ 500035e4 (sz=24, trace=300000, class=java.lang.String@50000181)
	value		500035e5
ARR 500035e5 (sz=2, trace=300000, nelems=1, elem type=char[])
OBJ 500035e6 (sz=24, trace=300000, class=java.lang.String@50000181)
	value		500035e7
ARR 500035e7 (sz=8, trace=300000, nelems=4, elem type=char[])
OBJ 500035e8 (sz=24, trace=300000, class=java.lang.String@50000181)
	value		500035e9
ARR 500035e9 (sz=38, trace=300000, nelems=19, elem type=char[])
OBJ 500035ea (sz=24, trace=300000, class=java.lang.String@50000181)
	value		500035eb
ARR 500035eb (sz=2, trace=300000, nelems=1, elem type=char[])
OBJ 500035ec (sz=24, trace=300000, class=java.lang.String@50000181)
	value		500035ed
ARR 500035ed (sz=38, trace=300000, nelems=19, elem type=char[])
OBJ 500035ee (sz=24, trace=300000, class=java.lang.String@50000181)
	value		500035ef
ARR 500035ef (sz=2, trace=300000, nelems=1, elem type=char[])
OBJ 500035f0 (sz=24, trace=300000, class=java.lang.String@50000181)
	value		500035f1
ARR 500035f1 (sz=44, trace=300000, nelems=22, elem type=char[])
OBJ 500035f2 (sz=24, trace=300000, class=java.lang.String@50000181)
	value		500035f3
ARR 500035f3 (sz=44, trace=300000, nelems=22, elem type=char[])
OBJ 500035f4 (sz=24, trace=300000, class=java.lang.String@50000181)
	value		500035f5
ARR 500035f5 (sz=2, trace=300000, nelems=1, elem type=char[])
OBJ 500035f6 (sz=24, trace=300000, class=java.lang.String@50000181)
	value		500035f7
ARR 500035f7 (sz=38, trace=300000, nelems=19, elem type=char[])
OBJ 500035f8 (sz=24, trace=300000, class=java.lang.String@50000181)
	value		500035f9
ARR 500035f9 (sz=2, trace=300000, nelems=1, elem type=char[])
OBJ 500035fa (sz=24, trace=300000, class=java.lang.String@50000181)
	value		500035fb
ARR 500035fb (sz=22, trace=300000, nelems=11, elem type=char[])
OBJ 500035fc (sz=24, trace=300000, class=java.lang.String@50000181)
	value		500035ff
OBJ 500035fd (sz=24, trace=300000, class=java.lang.String@50000181)
	value		500035fe
ARR 500035fe (sz=2, trace=300000, nelems=1, elem type=char[])
ARR 500035ff (sz=2, trace=300000, nelems=1, elem type=char[])
OBJ 50003600 (sz=24, trace=300000, class=java.lang.String@50000181)
	value		50003601
ARR 50003601 (sz=38, trace=300000, nelems=19, elem type=char[])
OBJ 50003602 (sz=24, trace=300000, class=java.lang.String@50000181)
	value		50003603
ARR 50003603 (sz=2, trace=300000, nelems=1, elem type=char[])
OBJ 50003604 (sz=24, trace=300000, class=java.lang.String@50000181)
	value		50003605
ARR 50003605 (sz=38, trace=300000, nelems=19, elem type=char[])
OBJ 50003606 (sz=24, trace=300000, class=java.lang.String@50000181)
	value		50003607
ARR 50003607 (sz=2, trace=300000, nelems=1, elem type=char[])
OBJ 50003608 (sz=24, trace=300000, class=java.lang.String@50000181)
	value		50003609
ARR 50003609 (sz=42, trace=300000, nelems=21, elem type=char[])
OBJ 5000360a (sz=24, trace=300000, class=java.lang.String@50000181)
	value		5000360f
OBJ 5000360b (sz=24, trace=300000, class=java.lang.String@50000181)
	value		5000360e
OBJ 5000360c (sz=24, trace=300000, class=java.lang.String@50000181)
	value		5000360d
ARR 5000360d (sz=12, trace=300000, nelems=6, elem type=char[])
ARR 5000360e (sz=18, trace=300000, nelems=9, elem type=char[])
ARR 5000360f (sz=22, trace=300000, nelems=11, elem type=char[])
OBJ 50003610 (sz=24, trace=300000, class=java.lang.String@50000181)
	value		50003611
ARR 50003611 (sz=38, trace=300000, nelems=19, elem type=char[])
OBJ 50003612 (sz=24, trace=300000, class=java.lang.String@50000181)
	value		50003613
ARR 50003613 (sz=2, trace=300000, nelems=1, elem type=char[])
OBJ 50003614 (sz=24, trace=300000, class=java.lang.String@50000181)
	value		50003615
ARR 50003615 (sz=38, trace=300000, nelems=19, elem type=char[])
OBJ 50003616 (sz=24, trace=300000, class=java.lang.String@50000181)
	value		50003617
ARR 50003617 (sz=40, trace=300000, nelems=20, elem type=char[])
OBJ 50003618 (sz=24, trace=300000, class=java.lang.String@50000181)
	value		50003619
ARR 50003619 (sz=2, trace=300000, nelems=1, elem type=char[])
OBJ 5000361a (sz=24, trace=300000, class=java.lang.String@50000181)
	value		5000361b
ARR 5000361b (sz=38, trace=300000, nelems=19, elem type=char[])
OBJ 5000361c (sz=24, trace=300000, class=java.lang.String@50000181)
	value		5000361d
ARR 5000361d (sz=2, trace=300000, nelems=1, elem type=char[])
OBJ 5000361e (sz=24, trace=300000, class=java.lang.String@50000181)
	value		5000361f
ARR 5000361f (sz=46, trace=300000, nelems=23, elem type=char[])
OBJ 50003620 (sz=24, trace=300000, class=java.lang.String@50000181)
	value		50003621
ARR 50003621 (sz=2, trace=300000, nelems=1, elem type=char[])
OBJ 50003622 (sz=24, trace=300000, class=java.lang.String@50000181)
	value		50003623
ARR 50003623 (sz=38, trace=300000, nelems=19, elem type=char[])
OBJ 50003624 (sz=24, trace=300000, class=java.lang.String@50000181)
	value		50003625
ARR 50003625 (sz=2, trace=300000, nelems=1, elem type=char[])
OBJ 50003626 (sz=24, trace=300000, class=java.lang.String@50000181)
	value		50003627
ARR 50003627 (sz=38, trace=300000, nelems=19, elem type=char[])
OBJ 50003628 (sz=24, trace=300000, class=java.lang.String@50000181)
	value		50003629
ARR 50003629 (sz=2, trace=300000, nelems=1, elem type=char[])
OBJ 5000362a (sz=24, trace=300000, class=java.lang.String@50000181)
	value		5000362b
ARR 5000362b (sz=24, trace=300000, nelems=12, elem type=char[])
OBJ 5000362c (sz=24, trace=300000, class=java.lang.String@50000181)
	value		5000362d
ARR 5000362d (sz=38, trace=300000, nelems=19, elem type=char[])
OBJ 5000362e (sz=24, trace=300000, class=java.lang.String@50000181)
	value		5000362f
ARR 5000362f (sz=2, trace=300000, nelems=1, elem type=char[])
OBJ 50003630 (sz=24, trace=300000, class=java.lang.String@50000181)
	value		50003631
ARR 50003631 (sz=38, trace=300000, nelems=19, elem type=char[])
OBJ 50003632 (sz=24, trace=300000, class=java.lang.String@50000181)
	value		50003633
ARR 50003633 (sz=2, trace=300000, nelems=1, elem type=char[])
OBJ 50003634 (sz=24, trace=300000, class=java.lang.String@50000181)
	value		50003635
ARR 50003635 (sz=22, trace=300000, nelems=11, elem type=char[])
OBJ 50003636 (sz=24, trace=300000, class=java.lang.String@50000181)
	value		50003639
OBJ 50003637 (sz=24, trace=300000, class=java.lang.String@50000181)
	value		50003638
ARR 50003638 (sz=4, trace=300000, nelems=2, elem type=char[])
ARR 50003639 (sz=4, trace=300000, nelems=2, elem type=char[])
OBJ 5000363a (sz=24, trace=300000, class=java.lang.String@50000181)
	value		5000363d
OBJ 5000363b (sz=24, trace=300000, class=java.lang.String@50000181)
	value		5000363c
ARR 5000363c (sz=40, trace=300000, nelems=20, elem type=char[])
ARR 5000363d (sz=38, trace=300000, nelems=19, elem type=char[])
OBJ 5000363e (sz=24, trace=300000, class=java.lang.String@50000181)
	value		5000363f
ARR 5000363f (sz=40, trace=300000, nelems=20, elem type=char[])
OBJ 50003640 (sz=24, trace=300000, class=java.lang.String@50000181)
	value		50003641
ARR 50003641 (sz=38, trace=300000, nelems=19, elem type=char[])
OBJ 50003642 (sz=24, trace=300000, class=java.lang.String@50000181)
	value		50003643
ARR 50003643 (sz=46, trace=300000, nelems=23, elem type=char[])
OBJ 50003644 (sz=24, trace=300000, class=java.lang.String@50000181)
	value		50003645
ARR 50003645 (sz=2, trace=300000, nelems=1, elem type=char[])
OBJ 50003646 (sz=24, trace=300000, class=java.lang.String@50000181)
	value		50003647
ARR 50003647 (sz=44, trace=300000, nelems=22, elem type=char[])
OBJ 50003648 (sz=24, trace=300000, class=java.lang.String@50000181)
	value		5000364b
OBJ 50003649 (sz=24, trace=300000, class=java.lang.String@50000181)
	value		5000364a
ARR 5000364a (sz=8, trace=300000, nelems=4, elem type=char[])
ARR 5000364b (sz=2, trace=300000, nelems=1, elem type=char[])
OBJ 5000364c (sz=24, trace=300000, class=java.lang.String@50000181)
	value		5000364f
OBJ 5000364d (sz=24, trace=300000, class=java.lang.String@50000181)
	value		5000364e
ARR 5000364e (sz=58, trace=300000, nelems=29, elem type=char[])
ARR 5000364f (sz=56, trace=300000, nelems=28, elem type=char[])
OBJ 50003650 (sz=24, trace=300000, class=java.lang.String@50000181)
	value		50003651
ARR 50003651 (sz=20, trace=300000, nelems=10, elem type=char[])
OBJ 50003652 (sz=24, trace=300000, class=java.lang.String@50000181)
	value		50003667
OBJ 50003653 (sz=24, trace=300000, class=java.lang.String@50000181)
	value		50003666
OBJ 50003654 (sz=24, trace=300000, class=java.lang.String@50000181)
	value		50003665
OBJ 50003655 (sz=24, trace=300000, class=java.lang.String@50000181)
	value		50003664
OBJ 50003656 (sz=24, trace=300000, class=java.lang.String@50000181)
	value		50003663
OBJ 50003657 (sz=24, trace=300000, class=java.lang.String@50000181)
	value		50003662
OBJ 50003658 (sz=24, trace=300000, class=java.lang.String@50000181)
	value		50003661
OBJ 50003659 (sz=24, trace=300000, class=java.lang.String@50000181)
	value		50003660
OBJ 5000365a (sz=24, trace=300000, class=java.lang.String@50000181)
	value		5000365f
OBJ 5000365b (sz=24, trace=300000, class=java.lang.String@50000181)
	value		5000365e
OBJ 5000365c (sz=24, trace=300000, class=java.lang.String@50000181)
	value		5000365d
ARR 5000365d (sz=16, trace=300000, nelems=8, elem type=char[])
ARR 5000365e (sz=16, trace=300000, nelems=8, elem type=char[])
ARR 5000365f (sz=14, trace=300000, nelems=7, elem type=char[])
ARR 50003660 (sz=18, trace=300000, nelems=9, elem type=char[])
ARR 50003661 (sz=12, trace=300000, nelems=6, elem type=char[])
ARR 50003662 (sz=8, trace=300000, nelems=4, elem type=char[])
ARR 50003663 (sz=8, trace=300000, nelems=4, elem type=char[])
ARR 50003664 (sz=10, trace=300000, nelems=5, elem type=char[])
ARR 50003665 (sz=10, trace=300000, nelems=5, elem type=char[])
ARR 50003666 (sz=16, trace=300000, nelems=8, elem type=char[])
ARR 50003667 (sz=14, trace=300000, nelems=7, elem type=char[])
OBJ 50003668 (sz=24, trace=300000, class=java.lang.String@50000181)
	value		50003669
ARR 50003669 (sz=8, trace=300000, nelems=4, elem type=char[])
OBJ 5000366a (sz=24, trace=300000, class=java.lang.String@50000181)
	value		5000366d
OBJ 5000366b (sz=24, trace=300000, class=java.lang.String@50000181)
	value		5000366c
ARR 5000366c (sz=4, trace=300000, nelems=2, elem type=char[])
ARR 5000366d (sz=6, trace=300000, nelems=3, elem type=char[])
OBJ 5000366e (sz=24, trace=300000, class=java.lang.String@50000181)
	value		5000366f
ARR 5000366f (sz=46, trace=300000, nelems=23, elem type=char[])
OBJ 50003670 (sz=24, trace=300000, class=java.lang.String@50000181)
	value		50003687
OBJ 50003671 (sz=24, trace=300000, class=java.lang.String@50000181)
	value		50003686
OBJ 50003672 (sz=24, trace=300000, class=java.lang.String@50000181)
	value		50003685
OBJ 50003673 (sz=24, trace=300000, class=java.lang.String@50000181)
	value		50003684
OBJ 50003674 (sz=24, trace=300000, class=java.lang.String@50000181)
	value		50003683
OBJ 50003675 (sz=24, trace=300000, class=java.lang.String@50000181)
	value		50003682
OBJ 50003676 (sz=24, trace=300000, class=java.lang.String@50000181)
	value		50003681
OBJ 50003677 (sz=24, trace=300000, class=java.lang.String@50000181)
	value		50003680
OBJ 50003678 (sz=24, trace=300000, class=java.lang.String@50000181)
	value		5000367f
OBJ 50003679 (sz=24, trace=300000, class=java.lang.String@50000181)
	value		5000367e
OBJ 5000367a (sz=24, trace=300000, class=java.lang.String@50000181)
	value		5000367d
OBJ 5000367b (sz=24, trace=300000, class=java.lang.String@50000181)
	value		5000367c
ARR 5000367c (sz=6, trace=300000, nelems=3, elem type=char[])
ARR 5000367d (sz=6, trace=300000, nelems=3, elem type=char[])
ARR 5000367e (sz=6, trace=300000, nelems=3, elem type=char[])
ARR 5000367f (sz=4, trace=300000, nelems=2, elem type=char[])
ARR 50003680 (sz=4, trace=300000, nelems=2, elem type=char[])
ARR 50003681 (sz=4, trace=300000, nelems=2, elem type=char[])
ARR 50003682 (sz=4, trace=300000, nelems=2, elem type=char[])
ARR 50003683 (sz=4, trace=300000, nelems=2, elem type=char[])
ARR 50003684 (sz=4, trace=300000, nelems=2, elem type=char[])
ARR 50003685 (sz=4, trace=300000, nelems=2, elem type=char[])
ARR 50003686 (sz=4, trace=300000, nelems=2, elem type=char[])
ARR 50003687 (sz=4, trace=300000, nelems=2, elem type=char[])
OBJ 50003688 (sz=24, trace=300000, class=java.lang.String@50000181)
	value		5000368f
OBJ 50003689 (sz=24, trace=300000, class=java.lang.String@50000181)
	value		5000368e
OBJ 5000368a (sz=24, trace=300000, class=java.lang.String@50000181)
	value		5000368d
OBJ 5000368b (sz=24, trace=300000, class=java.lang.String@50000181)
	value		5000368c
ARR 5000368c (sz=4, trace=300000, nelems=2, elem type=char[])
ARR 5000368d (sz=4, trace=300000, nelems=2, elem type=char[])
ARR 5000368e (sz=4, trace=300000, nelems=2, elem type=char[])
ARR 5000368f (sz=4, trace=300000, nelems=2, elem type=char[])
OBJ 50003690 (sz=24, trace=300000, class=java.lang.String@50000181)
	value		5000369d
OBJ 50003691 (sz=24, trace=300000, class=java.lang.String@50000181)
	value		5000369c
OBJ 50003692 (sz=24, trace=300000, class=java.lang.String@50000181)
	value		5000369b
OBJ 50003693 (sz=24, trace=300000, class=java.lang.String@50000181)
	value		5000369a
OBJ 50003694 (sz=24, trace=300000, class=java.lang.String@50000181)
	value		50003699
OBJ 50003695 (sz=24, trace=300000, class=java.lang.String@50000181)
	value		50003698
OBJ 50003696 (sz=24, trace=300000, class=java.lang.String@50000181)
	value		50003697
ARR 50003697 (sz=2, trace=300000, nelems=1, elem type=char[])
ARR 50003698 (sz=2, trace=300000, nelems=1, elem type=char[])
ARR 50003699 (sz=2, trace=300000, nelems=1, elem type=char[])
ARR 5000369a (sz=2, trace=300000, nelems=1, elem type=char[])
ARR 5000369b (sz=2, trace=300000, nelems=1, elem type=char[])
ARR 5000369c (sz=2, trace=300000, nelems=1, elem type=char[])
ARR 5000369d (sz=2, trace=300000, nelems=1, elem type=char[])
OBJ 5000369e (sz=24, trace=300000, class=java.lang.String@50000181)
	value		5000369f
ARR 5000369f (sz=42, trace=300000, nelems=21, elem type=char[])
OBJ 500036a0 (sz=24, trace=300000, class=java.lang.String@50000181)
	value		500036b7
OBJ 500036a1 (sz=24, trace=300000, class=java.lang.String@50000181)
	value		500036b6
OBJ 500036a2 (sz=24, trace=300000, class=java.lang.String@50000181)
	value		500036b5
OBJ 500036a3 (sz=24, trace=300000, class=java.lang.String@50000181)
	value		500036b4
OBJ 500036a4 (sz=24, trace=300000, class=java.lang.String@50000181)
	value		500036b3
OBJ 500036a5 (sz=24, trace=300000, class=java.lang.String@50000181)
	value		500036b2
OBJ 500036a6 (sz=24, trace=300000, class=java.lang.String@50000181)
	value		500036b1
OBJ 500036a7 (sz=24, trace=300000, class=java.lang.String@50000181)
	value		500036b0
OBJ 500036a8 (sz=24, trace=300000, class=java.lang.String@50000181)
	value		500036af
OBJ 500036a9 (sz=24, trace=300000, class=java.lang.String@50000181)
	value		500036ae
OBJ 500036aa (sz=24, trace=300000, class=java.lang.String@50000181)
	value		500036ad
OBJ 500036ab (sz=24, trace=300000, class=java.lang.String@50000181)
	value		500036ac
ARR 500036ac (sz=6, trace=300000, nelems=3, elem type=char[])
ARR 500036ad (sz=6, trace=300000, nelems=3, elem type=char[])
ARR 500036ae (sz=4, trace=300000, nelems=2, elem type=char[])
ARR 500036af (sz=4, trace=300000, nelems=2, elem type=char[])
ARR 500036b0 (sz=4, trace=300000, nelems=2, elem type=char[])
ARR 500036b1 (sz=4, trace=300000, nelems=2, elem type=char[])
ARR 500036b2 (sz=4, trace=300000, nelems=2, elem type=char[])
ARR 500036b3 (sz=4, trace=300000, nelems=2, elem type=char[])
ARR 500036b4 (sz=4, trace=300000, nelems=2, elem type=char[])
ARR 500036b5 (sz=4, trace=300000, nelems=2, elem type=char[])
ARR 500036b6 (sz=4, trace=300000, nelems=2, elem type=char[])
ARR 500036b7 (sz=4, trace=300000, nelems=2, elem type=char[])
OBJ 500036b8 (sz=24, trace=300000, class=java.lang.String@50000181)
	value		500036b9
ARR 500036b9 (sz=58, trace=300000, nelems=29, elem type=char[])
OBJ 500036ba (sz=24, trace=300000, class=java.lang.String@50000181)
	value		500036c7
OBJ 500036bb (sz=24, trace=300000, class=java.lang.String@50000181)
	value		500036c6
OBJ 500036bc (sz=24, trace=300000, class=java.lang.String@50000181)
	value		500036c5
OBJ 500036bd (sz=24, trace=300000, class=java.lang.String@50000181)
	value		500036c4
OBJ 500036be (sz=24, trace=300000, class=java.lang.String@50000181)
	value		500036c3
OBJ 500036bf (sz=24, trace=300000, class=java.lang.String@50000181)
	value		500036c2
OBJ 500036c0 (sz=24, trace=300000, class=java.lang.String@50000181)
	value		500036c1
ARR 500036c1 (sz=6, trace=300000, nelems=3, elem type=char[])
ARR 500036c2 (sz=6, trace=300000, nelems=3, elem type=char[])
ARR 500036c3 (sz=6, trace=300000, nelems=3, elem type=char[])
ARR 500036c4 (sz=6, trace=300000, nelems=3, elem type=char[])
ARR 500036c5 (sz=6, trace=300000, nelems=3, elem type=char[])
ARR 500036c6 (sz=6, trace=300000, nelems=3, elem type=char[])
ARR 500036c7 (sz=6, trace=300000, nelems=3, elem type=char[])
OBJ 500036c8 (sz=24, trace=300000, class=java.lang.String@50000181)
	value		500036c9
ARR 500036c9 (sz=4, trace=300000, nelems=2, elem type=char[])
OBJ 500036ca (sz=24, trace=300000, class=java.lang.String@50000181)
	value		500036d1
OBJ 500036cb (sz=24, trace=300000, class=java.lang.String@50000181)
	value		500036d0
OBJ 500036cc (sz=24, trace=300000, class=java.lang.String@50000181)
	value		500036cf
OBJ 500036cd (sz=24, trace=300000, class=java.lang.String@50000181)
	value		500036ce
ARR 500036ce (sz=18, trace=300000, nelems=9, elem type=char[])
ARR 500036cf (sz=24, trace=300000, nelems=12, elem type=char[])
ARR 500036d0 (sz=20, trace=300000, nelems=10, elem type=char[])
ARR 500036d1 (sz=28, trace=300000, nelems=14, elem type=char[])
OBJ 500036d2 (sz=24, trace=300000, class=java.lang.String@50000181)
	value		500036d3
ARR 500036d3 (sz=24, trace=300000, nelems=12, elem type=char[])
OBJ 500036d4 (sz=24, trace=300000, class=java.lang.String@50000181)
	value		500036d5
ARR 500036d5 (sz=38, trace=300000, nelems=19, elem type=char[])
OBJ 500036d6 (sz=24, trace=300000, class=java.lang.String@50000181)
	value		500036dd
OBJ 500036d7 (sz=24, trace=300000, class=java.lang.String@50000181)
	value		500036dc
OBJ 500036d8 (sz=24, trace=300000, class=java.lang.String@50000181)
	value		500036db
OBJ 500036d9 (sz=24, trace=300000, class=java.lang.String@50000181)
	value		500036da
ARR 500036da (sz=12, trace=300000, nelems=6, elem type=char[])
ARR 500036db (sz=16, trace=300000, nelems=8, elem type=char[])
ARR 500036dc (sz=30, trace=300000, nelems=15, elem type=char[])
ARR 500036dd (sz=40, trace=300000, nelems=20, elem type=char[])
OBJ 500036de (sz=24, trace=300000, class=java.lang.String@50000181)
	value		500036e3
OBJ 500036df (sz=24, trace=300000, class=java.lang.String@50000181)
	value		500036e2
OBJ 500036e0 (sz=24, trace=300000, class=java.lang.String@50000181)
	value		500036e1
ARR 500036e1 (sz=10, trace=300000, nelems=5, elem type=char[])
ARR 500036e2 (sz=32, trace=300000, nelems=16, elem type=char[])
ARR 500036e3 (sz=36, trace=300000, nelems=18, elem type=char[])
OBJ 500036e4 (sz=24, trace=300000, class=java.lang.String@50000181)
	value		500036e7
OBJ 500036e5 (sz=24, trace=300000, class=java.lang.String@50000181)
	value		500036e6
ARR 500036e6 (sz=4, trace=300000, nelems=2, elem type=char[])
ARR 500036e7 (sz=4, trace=300000, nelems=2, elem type=char[])
OBJ 500036e8 (sz=24, trace=300000, class=java.lang.String@50000181)
	value		500036e9
ARR 500036e9 (sz=54, trace=300000, nelems=27, elem type=char[])
OBJ 500036ea (sz=24, trace=300000, class=java.lang.String@50000181)
	value		500036f7
OBJ 500036eb (sz=24, trace=300000, class=java.lang.String@50000181)
	value		500036f6
OBJ 500036ec (sz=24, trace=300000, class=java.lang.String@50000181)
	value		500036f5
OBJ 500036ed (sz=24, trace=300000, class=java.lang.String@50000181)
	value		500036f4
OBJ 500036ee (sz=24, trace=300000, class=java.lang.String@50000181)
	value		500036f3
OBJ 500036ef (sz=24, trace=300000, class=java.lang.String@50000181)
	value		500036f2
OBJ 500036f0 (sz=24, trace=300000, class=java.lang.String@50000181)
	value		500036f1
ARR 500036f1 (sz=4, trace=300000, nelems=2, elem type=char[])
ARR 500036f2 (sz=4, trace=300000, nelems=2, elem type=char[])
ARR 500036f3 (sz=4, trace=300000, nelems=2, elem type=char[])
ARR 500036f4 (sz=4, trace=300000, nelems=2, elem type=char[])
ARR 500036f5 (sz=4, trace=300000, nelems=2, elem type=char[])
ARR 500036f6 (sz=4, trace=300000, nelems=2, elem type=char[])
ARR 500036f7 (sz=4, trace=300000, nelems=2, elem type=char[])
OBJ 500036f8 (sz=24, trace=300000, class=java.lang.String@50000181)
	value		500036f9
ARR 500036f9 (sz=42, trace=300000, nelems=21, elem type=char[])
OBJ 500036fa (sz=24, trace=300000, class=java.lang.String@50000181)
	value		500036fd
OBJ 500036fb (sz=24, trace=300000, class=java.lang.String@50000181)
	value		500036fc
ARR 500036fc (sz=6, trace=300000, nelems=3, elem type=char[])
ARR 500036fd (sz=4, trace=300000, nelems=2, elem type=char[])
OBJ 500036fe (sz=64, trace=300000, class=java.net.URL@5000012d)
	protocol	500032fd
	host		50001c1a
	file		500036ff
	authority	50001c1a
	path		500036ff
	handler		5000330e
OBJ 500036ff (sz=24, trace=300000, class=java.lang.String@50000181)
	value		50003700
ARR 50003700 (sz=120, trace=300000, nelems=60, elem type=char[])
OBJ 50003701 (sz=24, trace=300000, class=java.lang.String@50000181)
	value		50003702
ARR 50003702 (sz=40, trace=300000, nelems=20, elem type=char[])
OBJ 50003703 (sz=24, trace=300000, class=java.lang.String@50000181)
	value		50003704
ARR 50003704 (sz=38, trace=300000, nelems=19, elem type=char[])
OBJ 50003705 (sz=56, trace=300000, class=java.util.ResourceBundle$CacheKey@500009da)
	name		5000172c
	locale		500021a9
	loaderRef	500017c0
	format		5000211b
OBJ 50003706 (sz=56, trace=300000, class=java.util.ResourceBundle$CacheKey@500009da)
	name		5000172c
	locale		500021aa
	loaderRef	50001756
	format		5000211b
ARR 50003707 (sz=6, trace=300000, nelems=3, elem type=char[])
ARR 50003708 (sz=10, trace=300000, nelems=5, elem type=char[])
ARR 50003709 (sz=6, trace=300000, nelems=3, elem type=char[])
ARR 5000370a (sz=16, trace=300000, nelems=8, elem type=char[])
ARR 5000370b (sz=6, trace=300000, nelems=3, elem type=char[])
ARR 5000370c (sz=12, trace=300000, nelems=6, elem type=char[])
ARR 5000370d (sz=6, trace=300000, nelems=3, elem type=char[])
ARR 5000370e (sz=10, trace=300000, nelems=5, elem type=char[])
ARR 5000370f (sz=6, trace=300000, nelems=3, elem type=char[])
ARR 50003710 (sz=10, trace=300000, nelems=5, elem type=char[])
ARR 50003711 (sz=6, trace=300000, nelems=3, elem type=char[])
ARR 50003712 (sz=4, trace=300000, nelems=2, elem type=char[])
ARR 50003713 (sz=6, trace=300000, nelems=3, elem type=char[])
ARR 50003714 (sz=4, trace=300000, nelems=2, elem type=char[])
ARR 50003715 (sz=6, trace=300000, nelems=3, elem type=char[])
ARR 50003716 (sz=8, trace=300000, nelems=4, elem type=char[])
ARR 50003717 (sz=6, trace=300000, nelems=3, elem type=char[])
ARR 50003718 (sz=8, trace=300000, nelems=4, elem type=char[])
ARR 50003719 (sz=6, trace=300000, nelems=3, elem type=char[])
ARR 5000371a (sz=14, trace=300000, nelems=7, elem type=char[])
ARR 5000371b (sz=6, trace=300000, nelems=3, elem type=char[])
ARR 5000371c (sz=10, trace=300000, nelems=5, elem type=char[])
ARR 5000371d (sz=6, trace=300000, nelems=3, elem type=char[])
ARR 5000371e (sz=10, trace=300000, nelems=5, elem type=char[])
ARR 5000371f (sz=6, trace=300000, nelems=3, elem type=char[])
ARR 50003720 (sz=18, trace=300000, nelems=9, elem type=char[])
ARR 50003721 (sz=6, trace=300000, nelems=3, elem type=char[])
ARR 50003722 (sz=8, trace=300000, nelems=4, elem type=char[])
ARR 50003723 (sz=6, trace=300000, nelems=3, elem type=char[])
ARR 50003724 (sz=12, trace=300000, nelems=6, elem type=char[])
ARR 50003725 (sz=6, trace=300000, nelems=3, elem type=char[])
ARR 50003726 (sz=12, trace=300000, nelems=6, elem type=char[])
ARR 50003727 (sz=6, trace=300000, nelems=3, elem type=char[])
ARR 50003728 (sz=14, trace=300000, nelems=7, elem type=char[])
ARR 50003729 (sz=6, trace=300000, nelems=3, elem type=char[])
ARR 5000372a (sz=12, trace=300000, nelems=6, elem type=char[])
ARR 5000372b (sz=6, trace=300000, nelems=3, elem type=char[])
ARR 5000372c (sz=12, trace=300000, nelems=6, elem type=char[])
ARR 5000372d (sz=6, trace=300000, nelems=3, elem type=char[])
ARR 5000372e (sz=10, trace=300000, nelems=5, elem type=char[])
ARR 5000372f (sz=6, trace=300000, nelems=3, elem type=char[])
ARR 50003730 (sz=14, trace=300000, nelems=7, elem type=char[])
ARR 50003731 (sz=6, trace=300000, nelems=3, elem type=char[])
ARR 50003732 (sz=12, trace=300000, nelems=6, elem type=char[])
ARR 50003733 (sz=6, trace=300000, nelems=3, elem type=char[])
ARR 50003734 (sz=12, trace=300000, nelems=6, elem type=char[])
ARR 50003735 (sz=6, trace=300000, nelems=3, elem type=char[])
ARR 50003736 (sz=28, trace=300000, nelems=14, elem type=char[])
ARR 50003737 (sz=6, trace=300000, nelems=3, elem type=char[])
ARR 50003738 (sz=8, trace=300000, nelems=4, elem type=char[])
ARR 50003739 (sz=6, trace=300000, nelems=3, elem type=char[])
ARR 5000373a (sz=10, trace=300000, nelems=5, elem type=char[])
ARR 5000373b (sz=6, trace=300000, nelems=3, elem type=char[])
ARR 5000373c (sz=4, trace=300000, nelems=2, elem type=char[])
ARR 5000373d (sz=6, trace=300000, nelems=3, elem type=char[])
ARR 5000373e (sz=4, trace=300000, nelems=2, elem type=char[])
ARR 5000373f (sz=6, trace=300000, nelems=3, elem type=char[])
ARR 50003740 (sz=10, trace=300000, nelems=5, elem type=char[])
ARR 50003741 (sz=6, trace=300000, nelems=3, elem type=char[])
ARR 50003742 (sz=8, trace=300000, nelems=4, elem type=char[])
ARR 50003743 (sz=6, trace=300000, nelems=3, elem type=char[])
ARR 50003744 (sz=12, trace=300000, nelems=6, elem type=char[])
ARR 50003745 (sz=6, trace=300000, nelems=3, elem type=char[])
ARR 50003746 (sz=14, trace=300000, nelems=7, elem type=char[])
ARR 50003747 (sz=6, trace=300000, nelems=3, elem type=char[])
ARR 50003748 (sz=10, trace=300000, nelems=5, elem type=char[])
ARR 50003749 (sz=6, trace=300000, nelems=3, elem type=char[])
ARR 5000374a (sz=12, trace=300000, nelems=6, elem type=char[])
ARR 5000374b (sz=6, trace=300000, nelems=3, elem type=char[])
ARR 5000374c (sz=8, trace=300000, nelems=4, elem type=char[])
ARR 5000374d (sz=6, trace=300000, nelems=3, elem type=char[])
ARR 5000374e (sz=8, trace=300000, nelems=4, elem type=char[])
ARR 5000374f (sz=6, trace=300000, nelems=3, elem type=char[])
ARR 50003750 (sz=6, trace=300000, nelems=3, elem type=char[])
ARR 50003751 (sz=6, trace=300000, nelems=3, elem type=char[])
ARR 50003752 (sz=14, trace=300000, nelems=7, elem type=char[])
ARR 50003753 (sz=6, trace=300000, nelems=3, elem type=char[])
ARR 50003754 (sz=10, trace=300000, nelems=5, elem type=char[])
ARR 50003755 (sz=6, trace=300000, nelems=3, elem type=char[])
ARR 50003756 (sz=10, trace=300000, nelems=5, elem type=char[])
ARR 50003757 (sz=6, trace=300000, nelems=3, elem type=char[])
ARR 50003758 (sz=8, trace=300000, nelems=4, elem type=char[])
ARR 50003759 (sz=6, trace=300000, nelems=3, elem type=char[])
ARR 5000375a (sz=14, trace=300000, nelems=7, elem type=char[])
ARR 5000375b (sz=6, trace=300000, nelems=3, elem type=char[])
ARR 5000375c (sz=8, trace=300000, nelems=4, elem type=char[])
ARR 5000375d (sz=6, trace=300000, nelems=3, elem type=char[])
ARR 5000375e (sz=6, trace=300000, nelems=3, elem type=char[])
ARR 5000375f (sz=6, trace=300000, nelems=3, elem type=char[])
ARR 50003760 (sz=12, trace=300000, nelems=6, elem type=char[])
ARR 50003761 (sz=6, trace=300000, nelems=3, elem type=char[])
ARR 50003762 (sz=8, trace=300000, nelems=4, elem type=char[])
ARR 50003763 (sz=6, trace=300000, nelems=3, elem type=char[])
ARR 50003764 (sz=10, trace=300000, nelems=5, elem type=char[])
ARR 50003765 (sz=6, trace=300000, nelems=3, elem type=char[])
ARR 50003766 (sz=18, trace=300000, nelems=9, elem type=char[])
ARR 50003767 (sz=6, trace=300000, nelems=3, elem type=char[])
ARR 50003768 (sz=12, trace=300000, nelems=6, elem type=char[])
ARR 50003769 (sz=6, trace=300000, nelems=3, elem type=char[])
ARR 5000376a (sz=12, trace=300000, nelems=6, elem type=char[])
ARR 5000376b (sz=6, trace=300000, nelems=3, elem type=char[])
ARR 5000376c (sz=14, trace=300000, nelems=7, elem type=char[])
ARR 5000376d (sz=6, trace=300000, nelems=3, elem type=char[])
ARR 5000376e (sz=14, trace=300000, nelems=7, elem type=char[])
ARR 5000376f (sz=6, trace=300000, nelems=3, elem type=char[])
ARR 50003770 (sz=12, trace=300000, nelems=6, elem type=char[])
ARR 50003771 (sz=6, trace=300000, nelems=3, elem type=char[])
ARR 50003772 (sz=4, trace=300000, nelems=2, elem type=char[])
ARR 50003773 (sz=6, trace=300000, nelems=3, elem type=char[])
ARR 50003774 (sz=12, trace=300000, nelems=6, elem type=char[])
ARR 50003775 (sz=6, trace=300000, nelems=3, elem type=char[])
ARR 50003776 (sz=12, trace=300000, nelems=6, elem type=char[])
ARR 50003777 (sz=6, trace=300000, nelems=3, elem type=char[])
ARR 50003778 (sz=14, trace=300000, nelems=7, elem type=char[])
ARR 50003779 (sz=6, trace=300000, nelems=3, elem type=char[])
ARR 5000377a (sz=8, trace=300000, nelems=4, elem type=char[])
ARR 5000377b (sz=6, trace=300000, nelems=3, elem type=char[])
ARR 5000377c (sz=12, trace=300000, nelems=6, elem type=char[])
ARR 5000377d (sz=6, trace=300000, nelems=3, elem type=char[])
ARR 5000377e (sz=10, trace=300000, nelems=5, elem type=char[])
ARR 5000377f (sz=6, trace=300000, nelems=3, elem type=char[])
ARR 50003780 (sz=14, trace=300000, nelems=7, elem type=char[])
ARR 50003781 (sz=6, trace=300000, nelems=3, elem type=char[])
ARR 50003782 (sz=8, trace=300000, nelems=4, elem type=char[])
ARR 50003783 (sz=6, trace=300000, nelems=3, elem type=char[])
ARR 50003784 (sz=6, trace=300000, nelems=3, elem type=char[])
ARR 50003785 (sz=6, trace=300000, nelems=3, elem type=char[])
ARR 50003786 (sz=16, trace=300000, nelems=8, elem type=char[])
ARR 50003787 (sz=6, trace=300000, nelems=3, elem type=char[])
ARR 50003788 (sz=12, trace=300000, nelems=6, elem type=char[])
ARR 50003789 (sz=6, trace=300000, nelems=3, elem type=char[])
ARR 5000378a (sz=16, trace=300000, nelems=8, elem type=char[])
ARR 5000378b (sz=6, trace=300000, nelems=3, elem type=char[])
ARR 5000378c (sz=16, trace=300000, nelems=8, elem type=char[])
ARR 5000378d (sz=6, trace=300000, nelems=3, elem type=char[])
ARR 5000378e (sz=38, trace=300000, nelems=19, elem type=char[])
ARR 5000378f (sz=6, trace=300000, nelems=3, elem type=char[])
ARR 50003790 (sz=18, trace=300000, nelems=9, elem type=char[])
ARR 50003791 (sz=6, trace=300000, nelems=3, elem type=char[])
ARR 50003792 (sz=14, trace=300000, nelems=7, elem type=char[])
ARR 50003793 (sz=6, trace=300000, nelems=3, elem type=char[])
ARR 50003794 (sz=8, trace=300000, nelems=4, elem type=char[])
ARR 50003795 (sz=6, trace=300000, nelems=3, elem type=char[])
ARR 50003796 (sz=12, trace=300000, nelems=6, elem type=char[])
ARR 50003797 (sz=6, trace=300000, nelems=3, elem type=char[])
ARR 50003798 (sz=2, trace=300000, nelems=1, elem type=char[])
ARR 50003799 (sz=6, trace=300000, nelems=3, elem type=char[])
ARR 5000379a (sz=10, trace=300000, nelems=5, elem type=char[])
ARR 5000379b (sz=6, trace=300000, nelems=3, elem type=char[])
ARR 5000379c (sz=18, trace=300000, nelems=9, elem type=char[])
ARR 5000379d (sz=6, trace=300000, nelems=3, elem type=char[])
ARR 5000379e (sz=10, trace=300000, nelems=5, elem type=char[])
ARR 5000379f (sz=6, trace=300000, nelems=3, elem type=char[])
ARR 500037a0 (sz=12, trace=300000, nelems=6, elem type=char[])
ARR 500037a1 (sz=6, trace=300000, nelems=3, elem type=char[])
ARR 500037a2 (sz=10, trace=300000, nelems=5, elem type=char[])
ARR 500037a3 (sz=6, trace=300000, nelems=3, elem type=char[])
ARR 500037a4 (sz=12, trace=300000, nelems=6, elem type=char[])
ARR 500037a5 (sz=6, trace=300000, nelems=3, elem type=char[])
ARR 500037a6 (sz=12, trace=300000, nelems=6, elem type=char[])
ARR 500037a7 (sz=6, trace=300000, nelems=3, elem type=char[])
ARR 500037a8 (sz=8, trace=300000, nelems=4, elem type=char[])
ARR 500037a9 (sz=6, trace=300000, nelems=3, elem type=char[])
ARR 500037aa (sz=14, trace=300000, nelems=7, elem type=char[])
ARR 500037ab (sz=6, trace=300000, nelems=3, elem type=char[])
ARR 500037ac (sz=52, trace=300000, nelems=26, elem type=char[])
ARR 500037ad (sz=6, trace=300000, nelems=3, elem type=char[])
ARR 500037ae (sz=8, trace=300000, nelems=4, elem type=char[])
ARR 500037af (sz=6, trace=300000, nelems=3, elem type=char[])
ARR 500037b0 (sz=18, trace=300000, nelems=9, elem type=char[])
ARR 500037b1 (sz=6, trace=300000, nelems=3, elem type=char[])
ARR 500037b2 (sz=12, trace=300000, nelems=6, elem type=char[])
ARR 500037b3 (sz=6, trace=300000, nelems=3, elem type=char[])
ARR 500037b4 (sz=10, trace=300000, nelems=5, elem type=char[])
ARR 500037b5 (sz=6, trace=300000, nelems=3, elem type=char[])
ARR 500037b6 (sz=16, trace=300000, nelems=8, elem type=char[])
ARR 500037b7 (sz=6, trace=300000, nelems=3, elem type=char[])
ARR 500037b8 (sz=12, trace=300000, nelems=6, elem type=char[])
ARR 500037b9 (sz=6, trace=300000, nelems=3, elem type=char[])
ARR 500037ba (sz=10, trace=300000, nelems=5, elem type=char[])
ARR 500037bb (sz=6, trace=300000, nelems=3, elem type=char[])
ARR 500037bc (sz=6, trace=300000, nelems=3, elem type=char[])
ARR 500037bd (sz=6, trace=300000, nelems=3, elem type=char[])
ARR 500037be (sz=8, trace=300000, nelems=4, elem type=char[])
ARR 500037bf (sz=6, trace=300000, nelems=3, elem type=char[])
ARR 500037c0 (sz=10, trace=300000, nelems=5, elem type=char[])
ARR 500037c1 (sz=6, trace=300000, nelems=3, elem type=char[])
ARR 500037c2 (sz=10, trace=300000, nelems=5, elem type=char[])
ARR 500037c3 (sz=6, trace=300000, nelems=3, elem type=char[])
ARR 500037c4 (sz=12, trace=300000, nelems=6, elem type=char[])
ARR 500037c5 (sz=6, trace=300000, nelems=3, elem type=char[])
ARR 500037c6 (sz=10, trace=300000, nelems=5, elem type=char[])
ARR 500037c7 (sz=6, trace=300000, nelems=3, elem type=char[])
ARR 500037c8 (sz=16, trace=300000, nelems=8, elem type=char[])
ARR 500037c9 (sz=6, trace=300000, nelems=3, elem type=char[])
ARR 500037ca (sz=4, trace=300000, nelems=2, elem type=char[])
ARR 500037cb (sz=6, trace=300000, nelems=3, elem type=char[])
ARR 500037cc (sz=12, trace=300000, nelems=6, elem type=char[])
ARR 500037cd (sz=6, trace=300000, nelems=3, elem type=char[])
ARR 500037ce (sz=10, trace=300000, nelems=5, elem type=char[])
ARR 500037cf (sz=6, trace=300000, nelems=3, elem type=char[])
ARR 500037d0 (sz=14, trace=300000, nelems=7, elem type=char[])
ARR 500037d1 (sz=6, trace=300000, nelems=3, elem type=char[])
ARR 500037d2 (sz=38, trace=300000, nelems=19, elem type=char[])
ARR 500037d3 (sz=6, trace=300000, nelems=3, elem type=char[])
ARR 500037d4 (sz=8, trace=300000, nelems=4, elem type=char[])
ARR 500037d5 (sz=6, trace=300000, nelems=3, elem type=char[])
ARR 500037d6 (sz=10, trace=300000, nelems=5, elem type=char[])
ARR 500037d7 (sz=6, trace=300000, nelems=3, elem type=char[])
ARR 500037d8 (sz=14, trace=300000, nelems=7, elem type=char[])
ARR 500037d9 (sz=6, trace=300000, nelems=3, elem type=char[])
ARR 500037da (sz=16, trace=300000, nelems=8, elem type=char[])
ARR 500037db (sz=6, trace=300000, nelems=3, elem type=char[])
ARR 500037dc (sz=14, trace=300000, nelems=7, elem type=char[])
ARR 500037dd (sz=6, trace=300000, nelems=3, elem type=char[])
ARR 500037de (sz=10, trace=300000, nelems=5, elem type=char[])
ARR 500037df (sz=6, trace=300000, nelems=3, elem type=char[])
ARR 500037e0 (sz=16, trace=300000, nelems=8, elem type=char[])
ARR 500037e1 (sz=6, trace=300000, nelems=3, elem type=char[])
ARR 500037e2 (sz=32, trace=300000, nelems=16, elem type=char[])
ARR 500037e3 (sz=6, trace=300000, nelems=3, elem type=char[])
ARR 500037e4 (sz=8, trace=300000, nelems=4, elem type=char[])
ARR 500037e5 (sz=6, trace=300000, nelems=3, elem type=char[])
ARR 500037e6 (sz=12, trace=300000, nelems=6, elem type=char[])
ARR 500037e7 (sz=6, trace=300000, nelems=3, elem type=char[])
ARR 500037e8 (sz=10, trace=300000, nelems=5, elem type=char[])
ARR 500037e9 (sz=6, trace=300000, nelems=3, elem type=char[])
ARR 500037ea (sz=8, trace=300000, nelems=4, elem type=char[])
ARR 500037eb (sz=6, trace=300000, nelems=3, elem type=char[])
ARR 500037ec (sz=8, trace=300000, nelems=4, elem type=char[])
ARR 500037ed (sz=6, trace=300000, nelems=3, elem type=char[])
ARR 500037ee (sz=12, trace=300000, nelems=6, elem type=char[])
ARR 500037ef (sz=6, trace=300000, nelems=3, elem type=char[])
ARR 500037f0 (sz=18, trace=300000, nelems=9, elem type=char[])
ARR 500037f1 (sz=6, trace=300000, nelems=3, elem type=char[])
ARR 500037f2 (sz=24, trace=300000, nelems=12, elem type=char[])
ARR 500037f3 (sz=6, trace=300000, nelems=3, elem type=char[])
ARR 500037f4 (sz=8, trace=300000, nelems=4, elem type=char[])
ARR 500037f5 (sz=6, trace=300000, nelems=3, elem type=char[])
ARR 500037f6 (sz=8, trace=300000, nelems=4, elem type=char[])
ARR 500037f7 (sz=6, trace=300000, nelems=3, elem type=char[])
ARR 500037f8 (sz=10, trace=300000, nelems=5, elem type=char[])
ARR 500037f9 (sz=6, trace=300000, nelems=3, elem type=char[])
ARR 500037fa (sz=14, trace=300000, nelems=7, elem type=char[])
ARR 500037fb (sz=6, trace=300000, nelems=3, elem type=char[])
ARR 500037fc (sz=14, trace=300000, nelems=7, elem type=char[])
ARR 500037fd (sz=6, trace=300000, nelems=3, elem type=char[])
ARR 500037fe (sz=10, trace=300000, nelems=5, elem type=char[])
ARR 500037ff (sz=6, trace=300000, nelems=3, elem type=char[])
ARR 50003800 (sz=8, trace=300000, nelems=4, elem type=char[])
ARR 50003801 (sz=6, trace=300000, nelems=3, elem type=char[])
ARR 50003802 (sz=12, trace=300000, nelems=6, elem type=char[])
ARR 50003803 (sz=6, trace=300000, nelems=3, elem type=char[])
ARR 50003804 (sz=10, trace=300000, nelems=5, elem type=char[])
ARR 50003805 (sz=6, trace=300000, nelems=3, elem type=char[])
ARR 50003806 (sz=16, trace=300000, nelems=8, elem type=char[])
ARR 50003807 (sz=6, trace=300000, nelems=3, elem type=char[])
ARR 50003808 (sz=10, trace=300000, nelems=5, elem type=char[])
ARR 50003809 (sz=6, trace=300000, nelems=3, elem type=char[])
ARR 5000380a (sz=24, trace=300000, nelems=12, elem type=char[])
ARR 5000380b (sz=6, trace=300000, nelems=3, elem type=char[])
ARR 5000380c (sz=12, trace=300000, nelems=6, elem type=char[])
ARR 5000380d (sz=6, trace=300000, nelems=3, elem type=char[])
ARR 5000380e (sz=14, trace=300000, nelems=7, elem type=char[])
ARR 5000380f (sz=6, trace=300000, nelems=3, elem type=char[])
ARR 50003810 (sz=12, trace=300000, nelems=6, elem type=char[])
ARR 50003811 (sz=6, trace=300000, nelems=3, elem type=char[])
ARR 50003812 (sz=24, trace=300000, nelems=12, elem type=char[])
ARR 50003813 (sz=6, trace=300000, nelems=3, elem type=char[])
ARR 50003814 (sz=6, trace=300000, nelems=3, elem type=char[])
ARR 50003815 (sz=6, trace=300000, nelems=3, elem type=char[])
ARR 50003816 (sz=12, trace=300000, nelems=6, elem type=char[])
ARR 50003817 (sz=6, trace=300000, nelems=3, elem type=char[])
ARR 50003818 (sz=12, trace=300000, nelems=6, elem type=char[])
ARR 50003819 (sz=6, trace=300000, nelems=3, elem type=char[])
ARR 5000381a (sz=10, trace=300000, nelems=5, elem type=char[])
ARR 5000381b (sz=6, trace=300000, nelems=3, elem type=char[])
ARR 5000381c (sz=10, trace=300000, nelems=5, elem type=char[])
ARR 5000381d (sz=6, trace=300000, nelems=3, elem type=char[])
ARR 5000381e (sz=6, trace=300000, nelems=3, elem type=char[])
ARR 5000381f (sz=6, trace=300000, nelems=3, elem type=char[])
ARR 50003820 (sz=4, trace=300000, nelems=2, elem type=char[])
ARR 50003821 (sz=6, trace=300000, nelems=3, elem type=char[])
ARR 50003822 (sz=12, trace=300000, nelems=6, elem type=char[])
ARR 50003823 (sz=6, trace=300000, nelems=3, elem type=char[])
ARR 50003824 (sz=12, trace=300000, nelems=6, elem type=char[])
ARR 50003825 (sz=6, trace=300000, nelems=3, elem type=char[])
ARR 50003826 (sz=10, trace=300000, nelems=5, elem type=char[])
ARR 50003827 (sz=6, trace=300000, nelems=3, elem type=char[])
ARR 50003828 (sz=10, trace=300000, nelems=5, elem type=char[])
ARR 50003829 (sz=6, trace=300000, nelems=3, elem type=char[])
ARR 5000382a (sz=8, trace=300000, nelems=4, elem type=char[])
ARR 5000382b (sz=6, trace=300000, nelems=3, elem type=char[])
ARR 5000382c (sz=12, trace=300000, nelems=6, elem type=char[])
ARR 5000382d (sz=6, trace=300000, nelems=3, elem type=char[])
ARR 5000382e (sz=10, trace=300000, nelems=5, elem type=char[])
ARR 5000382f (sz=6, trace=300000, nelems=3, elem type=char[])
ARR 50003830 (sz=2, trace=300000, nelems=1, elem type=char[])
ARR 50003831 (sz=6, trace=300000, nelems=3, elem type=char[])
ARR 50003832 (sz=16, trace=300000, nelems=8, elem type=char[])
ARR 50003833 (sz=6, trace=300000, nelems=3, elem type=char[])
ARR 50003834 (sz=16, trace=300000, nelems=8, elem type=char[])
ARR 50003835 (sz=6, trace=300000, nelems=3, elem type=char[])
ARR 50003836 (sz=8, trace=300000, nelems=4, elem type=char[])
ARR 50003837 (sz=6, trace=300000, nelems=3, elem type=char[])
ARR 50003838 (sz=12, trace=300000, nelems=6, elem type=char[])
ARR 50003839 (sz=6, trace=300000, nelems=3, elem type=char[])
ARR 5000383a (sz=16, trace=300000, nelems=8, elem type=char[])
ARR 5000383b (sz=6, trace=300000, nelems=3, elem type=char[])
ARR 5000383c (sz=32, trace=300000, nelems=16, elem type=char[])
ARR 5000383d (sz=6, trace=300000, nelems=3, elem type=char[])
ARR 5000383e (sz=14, trace=300000, nelems=7, elem type=char[])
ARR 5000383f (sz=6, trace=300000, nelems=3, elem type=char[])
ARR 50003840 (sz=10, trace=300000, nelems=5, elem type=char[])
ARR 50003841 (sz=6, trace=300000, nelems=3, elem type=char[])
ARR 50003842 (sz=8, trace=300000, nelems=4, elem type=char[])
ARR 50003843 (sz=6, trace=300000, nelems=3, elem type=char[])
ARR 50003844 (sz=8, trace=300000, nelems=4, elem type=char[])
ARR 50003845 (sz=6, trace=300000, nelems=3, elem type=char[])
ARR 50003846 (sz=2, trace=300000, nelems=1, elem type=char[])
ARR 50003847 (sz=6, trace=300000, nelems=3, elem type=char[])
ARR 50003848 (sz=12, trace=300000, nelems=6, elem type=char[])
ARR 50003849 (sz=6, trace=300000, nelems=3, elem type=char[])
ARR 5000384a (sz=12, trace=300000, nelems=6, elem type=char[])
ARR 5000384b (sz=6, trace=300000, nelems=3, elem type=char[])
ARR 5000384c (sz=10, trace=300000, nelems=5, elem type=char[])
ARR 5000384d (sz=6, trace=300000, nelems=3, elem type=char[])
ARR 5000384e (sz=4, trace=300000, nelems=2, elem type=char[])
ARR 5000384f (sz=6, trace=300000, nelems=3, elem type=char[])
ARR 50003850 (sz=14, trace=300000, nelems=7, elem type=char[])
ARR 50003851 (sz=6, trace=300000, nelems=3, elem type=char[])
ARR 50003852 (sz=10, trace=300000, nelems=5, elem type=char[])
ARR 50003853 (sz=6, trace=300000, nelems=3, elem type=char[])
ARR 50003854 (sz=2, trace=300000, nelems=1, elem type=char[])
ARR 50003855 (sz=6, trace=300000, nelems=3, elem type=char[])
ARR 50003856 (sz=10, trace=300000, nelems=5, elem type=char[])
ARR 50003857 (sz=6, trace=300000, nelems=3, elem type=char[])
ARR 50003858 (sz=6, trace=300000, nelems=3, elem type=char[])
ARR 50003859 (sz=6, trace=300000, nelems=3, elem type=char[])
ARR 5000385a (sz=10, trace=300000, nelems=5, elem type=char[])
ARR 5000385b (sz=6, trace=300000, nelems=3, elem type=char[])
ARR 5000385c (sz=12, trace=300000, nelems=6, elem type=char[])
ARR 5000385d (sz=6, trace=300000, nelems=3, elem type=char[])
ARR 5000385e (sz=16, trace=300000, nelems=8, elem type=char[])
ARR 5000385f (sz=6, trace=300000, nelems=3, elem type=char[])
ARR 50003860 (sz=12, trace=300000, nelems=6, elem type=char[])
ARR 50003861 (sz=6, trace=300000, nelems=3, elem type=char[])
ARR 50003862 (sz=14, trace=300000, nelems=7, elem type=char[])
ARR 50003863 (sz=6, trace=300000, nelems=3, elem type=char[])
ARR 50003864 (sz=10, trace=300000, nelems=5, elem type=char[])
ARR 50003865 (sz=6, trace=300000, nelems=3, elem type=char[])
ARR 50003866 (sz=10, trace=300000, nelems=5, elem type=char[])
ARR 50003867 (sz=6, trace=300000, nelems=3, elem type=char[])
ARR 50003868 (sz=10, trace=300000, nelems=5, elem type=char[])
ARR 50003869 (sz=6, trace=300000, nelems=3, elem type=char[])
ARR 5000386a (sz=8, trace=300000, nelems=4, elem type=char[])
ARR 5000386b (sz=6, trace=300000, nelems=3, elem type=char[])
ARR 5000386c (sz=10, trace=300000, nelems=5, elem type=char[])
ARR 5000386d (sz=6, trace=300000, nelems=3, elem type=char[])
ARR 5000386e (sz=14, trace=300000, nelems=7, elem type=char[])
ARR 5000386f (sz=6, trace=300000, nelems=3, elem type=char[])
ARR 50003870 (sz=10, trace=300000, nelems=5, elem type=char[])
ARR 50003871 (sz=6, trace=300000, nelems=3, elem type=char[])
ARR 50003872 (sz=18, trace=300000, nelems=9, elem type=char[])
ARR 50003873 (sz=6, trace=300000, nelems=3, elem type=char[])
ARR 50003874 (sz=8, trace=300000, nelems=4, elem type=char[])
ARR 50003875 (sz=6, trace=300000, nelems=3, elem type=char[])
ARR 50003876 (sz=14, trace=300000, nelems=7, elem type=char[])
ARR 50003877 (sz=6, trace=300000, nelems=3, elem type=char[])
ARR 50003878 (sz=14, trace=300000, nelems=7, elem type=char[])
ARR 50003879 (sz=6, trace=300000, nelems=3, elem type=char[])
ARR 5000387a (sz=6, trace=300000, nelems=3, elem type=char[])
ARR 5000387b (sz=6, trace=300000, nelems=3, elem type=char[])
ARR 5000387c (sz=8, trace=300000, nelems=4, elem type=char[])
ARR 5000387d (sz=6, trace=300000, nelems=3, elem type=char[])
ARR 5000387e (sz=12, trace=300000, nelems=6, elem type=char[])
ARR 5000387f (sz=6, trace=300000, nelems=3, elem type=char[])
ARR 50003880 (sz=12, trace=300000, nelems=6, elem type=char[])
ARR 50003881 (sz=6, trace=300000, nelems=3, elem type=char[])
ARR 50003882 (sz=8, trace=300000, nelems=4, elem type=char[])
ARR 50003883 (sz=6, trace=300000, nelems=3, elem type=char[])
ARR 50003884 (sz=10, trace=300000, nelems=5, elem type=char[])
ARR 50003885 (sz=6, trace=300000, nelems=3, elem type=char[])
ARR 50003886 (sz=14, trace=300000, nelems=7, elem type=char[])
ARR 50003887 (sz=6, trace=300000, nelems=3, elem type=char[])
ARR 50003888 (sz=66, trace=300000, nelems=33, elem type=char[])
ARR 50003889 (sz=6, trace=300000, nelems=3, elem type=char[])
ARR 5000388a (sz=8, trace=300000, nelems=4, elem type=char[])
ARR 5000388b (sz=6, trace=300000, nelems=3, elem type=char[])
ARR 5000388c (sz=16, trace=300000, nelems=8, elem type=char[])
ARR 5000388d (sz=6, trace=300000, nelems=3, elem type=char[])
ARR 5000388e (sz=10, trace=300000, nelems=5, elem type=char[])
ARR 5000388f (sz=6, trace=300000, nelems=3, elem type=char[])
ARR 50003890 (sz=10, trace=300000, nelems=5, elem type=char[])
ARR 50003891 (sz=6, trace=300000, nelems=3, elem type=char[])
ARR 50003892 (sz=8, trace=300000, nelems=4, elem type=char[])
ARR 50003893 (sz=6, trace=300000, nelems=3, elem type=char[])
ARR 50003894 (sz=12, trace=300000, nelems=6, elem type=char[])
ARR 50003895 (sz=6, trace=300000, nelems=3, elem type=char[])
ARR 50003896 (sz=10, trace=300000, nelems=5, elem type=char[])
ARR 50003897 (sz=6, trace=300000, nelems=3, elem type=char[])
ARR 50003898 (sz=10, trace=300000, nelems=5, elem type=char[])
ARR 50003899 (sz=6, trace=300000, nelems=3, elem type=char[])
ARR 5000389a (sz=22, trace=300000, nelems=11, elem type=char[])
ARR 5000389b (sz=6, trace=300000, nelems=3, elem type=char[])
ARR 5000389c (sz=6, trace=300000, nelems=3, elem type=char[])
ARR 5000389d (sz=6, trace=300000, nelems=3, elem type=char[])
ARR 5000389e (sz=10, trace=300000, nelems=5, elem type=char[])
ARR 5000389f (sz=6, trace=300000, nelems=3, elem type=char[])
ARR 500038a0 (sz=8, trace=300000, nelems=4, elem type=char[])
ARR 500038a1 (sz=6, trace=300000, nelems=3, elem type=char[])
ARR 500038a2 (sz=16, trace=300000, nelems=8, elem type=char[])
ARR 500038a3 (sz=6, trace=300000, nelems=3, elem type=char[])
ARR 500038a4 (sz=26, trace=300000, nelems=13, elem type=char[])
ARR 500038a5 (sz=6, trace=300000, nelems=3, elem type=char[])
ARR 500038a6 (sz=6, trace=300000, nelems=3, elem type=char[])
ARR 500038a7 (sz=6, trace=300000, nelems=3, elem type=char[])
ARR 500038a8 (sz=8, trace=300000, nelems=4, elem type=char[])
ARR 500038a9 (sz=6, trace=300000, nelems=3, elem type=char[])
ARR 500038aa (sz=14, trace=300000, nelems=7, elem type=char[])
ARR 500038ab (sz=6, trace=300000, nelems=3, elem type=char[])
ARR 500038ac (sz=8, trace=300000, nelems=4, elem type=char[])
ARR 500038ad (sz=6, trace=300000, nelems=3, elem type=char[])
ARR 500038ae (sz=18, trace=300000, nelems=9, elem type=char[])
ARR 500038af (sz=6, trace=300000, nelems=3, elem type=char[])
ARR 500038b0 (sz=12, trace=300000, nelems=6, elem type=char[])
OBJ 500038b1 (sz=56, trace=300000, class=java.util.ResourceBundle$CacheKey@500009da)
	name		50001e40
	locale		500021aa
	loaderRef	50000a2e
	format		5000211b
OBJ 500038b2 (sz=56, trace=300000, class=java.util.ResourceBundle$CacheKey@500009da)
	name		50001e40
	locale		50000a05
	loaderRef	50000cbd
	format		5000211b
OBJ 500038b3 (sz=56, trace=300000, class=java.util.ResourceBundle$CacheKey@500009da)
	name		50001e40
	locale		500021b5
	loaderRef	50000c43
	format		5000211b
OBJ 500038b4 (sz=56, trace=300000, class=java.util.ResourceBundle$CacheKey@500009da)
	name		50001e40
	locale		500021a9
	loaderRef	50000c58
	format		5000211b
OBJ 500038b5 (sz=24, trace=300000, class=java.lang.String@50000181)
	value		500038b8
OBJ 500038b6 (sz=24, trace=300000, class=java.lang.String@50000181)
	value		500038b7
ARR 500038b7 (sz=48, trace=300000, nelems=24, elem type=char[])
ARR 500038b8 (sz=164, trace=300000, nelems=82, elem type=char[])
OBJ 500038b9 (sz=24, trace=300000, class=java.lang.String@50000181)
	value		500038bc
OBJ 500038ba (sz=24, trace=300000, class=java.lang.String@50000181)
	value		500038bb
ARR 500038bb (sz=48, trace=300000, nelems=24, elem type=char[])
ARR 500038bc (sz=22, trace=300000, nelems=11, elem type=char[])
OBJ 500038bd (sz=24, trace=300000, class=java.lang.String@50000181)
	value		500038c0
OBJ 500038be (sz=24, trace=300000, class=java.lang.String@50000181)
	value		500038bf
ARR 500038bf (sz=48, trace=300000, nelems=24, elem type=char[])
ARR 500038c0 (sz=172, trace=300000, nelems=86, elem type=char[])
OBJ 500038c1 (sz=24, trace=300000, class=java.lang.String@50000181)
	value		500038c4
OBJ 500038c2 (sz=24, trace=300000, class=java.lang.String@50000181)
	value		500038c3
ARR 500038c3 (sz=48, trace=300000, nelems=24, elem type=char[])
ARR 500038c4 (sz=208, trace=300000, nelems=104, elem type=char[])
OBJ 500038c5 (sz=24, trace=300000, class=java.lang.String@50000181)
	value		500038c8
OBJ 500038c6 (sz=24, trace=300000, class=java.lang.String@50000181)
	value		500038c7
ARR 500038c7 (sz=48, trace=300000, nelems=24, elem type=char[])
ARR 500038c8 (sz=72, trace=300000, nelems=36, elem type=char[])
OBJ 500038c9 (sz=24, trace=300000, class=java.lang.String@50000181)
	value		500038cc
OBJ 500038ca (sz=24, trace=300000, class=java.lang.String@50000181)
	value		500038cb
ARR 500038cb (sz=54, trace=300000, nelems=27, elem type=char[])
ARR 500038cc (sz=64, trace=300000, nelems=32, elem type=char[])
OBJ 500038cd (sz=24, trace=300000, class=java.lang.String@50000181)
	value		500038d0
OBJ 500038ce (sz=24, trace=300000, class=java.lang.String@50000181)
	value		500038cf
ARR 500038cf (sz=48, trace=300000, nelems=24, elem type=char[])
ARR 500038d0 (sz=254, trace=300000, nelems=127, elem type=char[])
OBJ 500038d1 (sz=24, trace=300000, class=java.lang.String@50000181)
	value		500038d4
OBJ 500038d2 (sz=24, trace=300000, class=java.lang.String@50000181)
	value		500038d3
ARR 500038d3 (sz=54, trace=300000, nelems=27, elem type=char[])
ARR 500038d4 (sz=122, trace=300000, nelems=61, elem type=char[])
OBJ 500038d5 (sz=24, trace=300000, class=java.lang.String@50000181)
	value		500038d8
OBJ 500038d6 (sz=24, trace=300000, class=java.lang.String@50000181)
	value		500038d7
ARR 500038d7 (sz=52, trace=300000, nelems=26, elem type=char[])
ARR 500038d8 (sz=44, trace=300000, nelems=22, elem type=char[])
OBJ 500038d9 (sz=24, trace=300000, class=java.lang.String@50000181)
	value		500038dc
OBJ 500038da (sz=24, trace=300000, class=java.lang.String@50000181)
	value		500038db
ARR 500038db (sz=54, trace=300000, nelems=27, elem type=char[])
ARR 500038dc (sz=70, trace=300000, nelems=35, elem type=char[])
OBJ 500038dd (sz=24, trace=300000, class=java.lang.String@50000181)
	value		500038e0
OBJ 500038de (sz=24, trace=300000, class=java.lang.String@50000181)
	value		500038df
ARR 500038df (sz=56, trace=300000, nelems=28, elem type=char[])
ARR 500038e0 (sz=458, trace=300000, nelems=229, elem type=char[])
OBJ 500038e1 (sz=24, trace=300000, class=java.lang.String@50000181)
	value		500038e4
OBJ 500038e2 (sz=24, trace=300000, class=java.lang.String@50000181)
	value		500038e3
ARR 500038e3 (sz=54, trace=300000, nelems=27, elem type=char[])
ARR 500038e4 (sz=58, trace=300000, nelems=29, elem type=char[])
OBJ 500038e5 (sz=24, trace=300000, class=java.lang.String@50000181)
	value		500038e8
OBJ 500038e6 (sz=24, trace=300000, class=java.lang.String@50000181)
	value		500038e7
ARR 500038e7 (sz=42, trace=300000, nelems=21, elem type=char[])
ARR 500038e8 (sz=2292, trace=300000, nelems=1146, elem type=char[])
OBJ 500038e9 (sz=24, trace=300000, class=java.lang.String@50000181)
	value		500038ec
OBJ 500038ea (sz=24, trace=300000, class=java.lang.String@50000181)
	value		500038eb
ARR 500038eb (sz=48, trace=300000, nelems=24, elem type=char[])
ARR 500038ec (sz=10, trace=300000, nelems=5, elem type=char[])
OBJ 500038ed (sz=24, trace=300000, class=java.lang.String@50000181)
	value		500038f0
OBJ 500038ee (sz=24, trace=300000, class=java.lang.String@50000181)
	value		500038ef
ARR 500038ef (sz=50, trace=300000, nelems=25, elem type=char[])
ARR 500038f0 (sz=64, trace=300000, nelems=32, elem type=char[])
OBJ 500038f1 (sz=24, trace=300000, class=java.lang.String@50000181)
	value		500038f4
OBJ 500038f2 (sz=24, trace=300000, class=java.lang.String@50000181)
	value		500038f3
ARR 500038f3 (sz=48, trace=300000, nelems=24, elem type=char[])
ARR 500038f4 (sz=2850, trace=300000, nelems=1425, elem type=char[])
OBJ 500038f5 (sz=24, trace=300000, class=java.lang.String@50000181)
	value		500038f8
OBJ 500038f6 (sz=24, trace=300000, class=java.lang.String@50000181)
	value		500038f7
ARR 500038f7 (sz=48, trace=300000, nelems=24, elem type=char[])
ARR 500038f8 (sz=40, trace=300000, nelems=20, elem type=char[])
OBJ 500038f9 (sz=24, trace=300000, class=java.lang.String@50000181)
	value		500038fc
OBJ 500038fa (sz=24, trace=300000, class=java.lang.String@50000181)
	value		500038fb
ARR 500038fb (sz=48, trace=300000, nelems=24, elem type=char[])
ARR 500038fc (sz=36, trace=300000, nelems=18, elem type=char[])
OBJ 500038fd (sz=24, trace=300000, class=java.lang.String@50000181)
	value		50003900
OBJ 500038fe (sz=24, trace=300000, class=java.lang.String@50000181)
	value		500038ff
ARR 500038ff (sz=48, trace=300000, nelems=24, elem type=char[])
ARR 50003900 (sz=20, trace=300000, nelems=10, elem type=char[])
OBJ 50003901 (sz=24, trace=300000, class=java.lang.String@50000181)
	value		50003904
OBJ 50003902 (sz=24, trace=300000, class=java.lang.String@50000181)
	value		50003903
ARR 50003903 (sz=36, trace=300000, nelems=18, elem type=char[])
ARR 50003904 (sz=64, trace=300000, nelems=32, elem type=char[])
OBJ 50003905 (sz=24, trace=300000, class=java.lang.String@50000181)
	value		50003906
ARR 50003906 (sz=30, trace=300000, nelems=15, elem type=char[])
OBJ 50003907 (sz=16, trace=300000, class=java.security.ProtectionDomain$Key@50000008)
ARR 50003908 (sz=16, trace=300000, nelems=0, elem type=java.security.Principal[]@50000006)
OBJ 50003909 (sz=32, trace=300000, class=java.security.CodeSource@50000128)
OBJ 5000390a (sz=16, trace=300000, class=java.util.HashSet@50000005)
	map		5000390b
OBJ 5000390b (sz=48, trace=300000, class=java.util.HashMap@500000d9)
	table		50001350
ARR 5000390c (sz=56, trace=300000, nelems=0, elem type=java.lang.Object[]@5000011c)
OBJ 5000390d (sz=16, trace=300000, class=sun.net.www.protocol.jar.Handler@50000003)
OBJ 5000390e (sz=48, trace=300000, class=java.util.HashMap@500000d9)
	table		500007fd
OBJ 5000390f (sz=24, trace=300000, class=java.util.ArrayList@500000f1)
	elementData	5000098e
OBJ 50003910 (sz=32, trace=300000, class=java.util.Stack@500000f6)
	elementData	50003934
OBJ 50003911 (sz=24, trace=300000, class=java.util.ArrayList@500000f1)
	elementData	50003912
ARR 50003912 (sz=80, trace=300000, nelems=12, elem type=java.lang.Object[]@5000011c)
	[0]		50003913
	[1]		50003914
	[2]		50003915
	[3]		50003916
	[4]		50003917
	[5]		500036fe
	[6]		50003918
	[7]		50003919
	[8]		5000391a
	[9]		5000391b
	[10]		5000391c
	[11]		5000391d
OBJ 50003913 (sz=64, trace=300000, class=java.net.URL@5000012d)
	protocol	500032fd
	host		50001c1a
	file		50003932
	authority	50001c1a
	path		50003932
	handler		5000330e
OBJ 50003914 (sz=64, trace=300000, class=java.net.URL@5000012d)
	protocol	500032fd
	host		50001c1a
	file		50003930
	authority	50001c1a
	path		50003930
	handler		5000330e
OBJ 50003915 (sz=64, trace=300000, class=java.net.URL@5000012d)
	protocol	500032fd
	host		50001c1a
	file		5000392e
	authority	50001c1a
	path		5000392e
	handler		5000330e
OBJ 50003916 (sz=64, trace=300000, class=java.net.URL@5000012d)
	protocol	500032fd
	host		50001c1a
	file		5000392c
	authority	50001c1a
	path		5000392c
	handler		5000330e
OBJ 50003917 (sz=64, trace=300000, class=java.net.URL@5000012d)
	protocol	500032fd
	host		50001c1a
	file		5000392a
	authority	50001c1a
	path		5000392a
	handler		5000330e
OBJ 50003918 (sz=64, trace=300000, class=java.net.URL@5000012d)
	protocol	500032fd
	host		50001c1a
	file		50003928
	authority	50001c1a
	path		50003928
	handler		5000330e
OBJ 50003919 (sz=64, trace=300000, class=java.net.URL@5000012d)
	protocol	500032fd
	host		50001c1a
	file		50003926
	authority	50001c1a
	path		50003926
	handler		5000330e
OBJ 5000391a (sz=64, trace=300000, class=java.net.URL@5000012d)
	protocol	500032fd
	host		50001c1a
	file		50003924
	authority	50001c1a
	path		50003924
	handler		5000330e
OBJ 5000391b (sz=64, trace=300000, class=java.net.URL@5000012d)
	protocol	500032fd
	host		50001c1a
	file		50003922
	authority	50001c1a
	path		50003922
	handler		5000330e
OBJ 5000391c (sz=64, trace=300000, class=java.net.URL@5000012d)
	protocol	500032fd
	host		50001c1a
	file		50003920
	authority	50001c1a
	path		50003920
	handler		5000330e
OBJ 5000391d (sz=64, trace=300000, class=java.net.URL@5000012d)
	protocol	500032fd
	host		50001c1a
	file		5000391e
	authority	50001c1a
	path		5000391e
	handler		5000330e
OBJ 5000391e (sz=24, trace=300000, class=java.lang.String@50000181)
	value		5000391f
ARR 5000391f (sz=110, trace=300000, nelems=55, elem type=char[])
OBJ 50003920 (sz=24, trace=300000, class=java.lang.String@50000181)
	value		50003921
ARR 50003921 (sz=118, trace=300000, nelems=59, elem type=char[])
OBJ 50003922 (sz=24, trace=300000, class=java.lang.String@50000181)
	value		50003923
ARR 50003923 (sz=118, trace=300000, nelems=59, elem type=char[])
OBJ 50003924 (sz=24, trace=300000, class=java.lang.String@50000181)
	value		50003925
ARR 50003925 (sz=130, trace=300000, nelems=65, elem type=char[])
OBJ 50003926 (sz=24, trace=300000, class=java.lang.String@50000181)
	value		50003927
ARR 50003927 (sz=110, trace=300000, nelems=55, elem type=char[])
OBJ 50003928 (sz=24, trace=300000, class=java.lang.String@50000181)
	value		50003929
ARR 50003929 (sz=114, trace=300000, nelems=57, elem type=char[])
OBJ 5000392a (sz=24, trace=300000, class=java.lang.String@50000181)
	value		5000392b
ARR 5000392b (sz=110, trace=300000, nelems=55, elem type=char[])
OBJ 5000392c (sz=24, trace=300000, class=java.lang.String@50000181)
	value		5000392d
ARR 5000392d (sz=114, trace=300000, nelems=57, elem type=char[])
OBJ 5000392e (sz=24, trace=300000, class=java.lang.String@50000181)
	value		5000392f
ARR 5000392f (sz=110, trace=300000, nelems=55, elem type=char[])
OBJ 50003930 (sz=24, trace=300000, class=java.lang.String@50000181)
	value		50003931
ARR 50003931 (sz=116, trace=300000, nelems=58, elem type=char[])
OBJ 50003932 (sz=24, trace=300000, class=java.lang.String@50000181)
	value		50003933
ARR 50003933 (sz=132, trace=300000, nelems=66, elem type=char[])
ARR 50003934 (sz=96, trace=300000, nelems=0, elem type=java.lang.Object[]@5000011c)
OBJ 50003935 (sz=24, trace=300000, class=java.lang.String@50000181)
	value		50003936
ARR 50003936 (sz=8, trace=300000, nelems=4, elem type=char[])
OBJ 50003937 (sz=32, trace=300000, class=java.lang.ref.ReferenceQueue@500000e6)
	lock		50003939
ARR 50003938 (sz=80, trace=300000, nelems=0, elem type=java.util.WeakHashMap$Entry[]@5000003e)
OBJ 50003939 (sz=16, trace=300000, class=java.lang.ref.ReferenceQueue$Lock@500000e4)
OBJ 5000393a (sz=24, trace=300000, class=java.lang.String@50000181)
	value		50003943
OBJ 5000393b (sz=24, trace=300000, class=java.lang.String@50000181)
	value		50003942
OBJ 5000393c (sz=24, trace=300000, class=java.lang.String@50000181)
	value		50003941
OBJ 5000393d (sz=16, trace=300000, class=sun.misc.Launcher@5000012b)
	loader		50001ae4
OBJ 5000393e (sz=16, trace=300000, class=sun.misc.Launcher$Factory@50000042)
OBJ 5000393f (sz=24, trace=300000, class=java.lang.String@50000181)
	value		50003940
ARR 50003940 (sz=30, trace=300000, nelems=15, elem type=char[])
ARR 50003941 (sz=38, trace=300000, nelems=19, elem type=char[])
ARR 50003942 (sz=42, trace=300000, nelems=21, elem type=char[])
ARR 50003943 (sz=26, trace=300000, nelems=13, elem type=char[])
ARR 50003944 (sz=56, trace=300000, nelems=0, elem type=java.lang.Object[]@5000011c)
OBJ 50003945 (sz=16, trace=300000, class=java.security.ProtectionDomain$Key@50000008)
ARR 50003946 (sz=16, trace=300000, nelems=0, elem type=java.security.Principal[]@50000006)
OBJ 50003947 (sz=32, trace=300000, class=java.security.CodeSource@50000128)
OBJ 50003948 (sz=16, trace=300000, class=java.util.HashSet@50000005)
	map		50003949
OBJ 50003949 (sz=48, trace=300000, class=java.util.HashMap@500000d9)
ARR 5000394a (sz=56, trace=300000, nelems=0, elem type=java.lang.Object[]@5000011c)
OBJ 5000394b (sz=16, trace=300000, class=sun.net.www.protocol.jar.Handler@50000003)
OBJ 5000394c (sz=48, trace=300000, class=java.util.HashMap@500000d9)
	table		50000a60
OBJ 5000394d (sz=24, trace=300000, class=java.util.ArrayList@500000f1)
	elementData	50000a5f
OBJ 5000394e (sz=32, trace=300000, class=java.util.Stack@500000f6)
	elementData	5000395d
OBJ 5000394f (sz=24, trace=300000, class=java.util.ArrayList@500000f1)
	elementData	50003950
ARR 50003950 (sz=56, trace=300000, nelems=4, elem type=java.lang.Object[]@5000011c)
	[0]		50003951
	[1]		50003952
	[2]		50003953
	[3]		50003954
OBJ 50003951 (sz=64, trace=300000, class=java.net.URL@5000012d)
	protocol	500032fd
	host		50001c1a
	file		5000395b
	authority	50001c1a
	path		5000395b
	handler		5000330e
OBJ 50003952 (sz=64, trace=300000, class=java.net.URL@5000012d)
	protocol	500032fd
	host		50001c1a
	file		50003959
	authority	50001c1a
	path		50003959
	handler		5000330e
OBJ 50003953 (sz=64, trace=300000, class=java.net.URL@5000012d)
	protocol	500032fd
	host		50001c1a
	file		50003957
	authority	50001c1a
	path		50003957
	handler		5000330e
OBJ 50003954 (sz=64, trace=300000, class=java.net.URL@5000012d)
	protocol	500032fd
	host		50001c1a
	file		50003955
	authority	50001c1a
	path		50003955
	handler		5000330e
OBJ 50003955 (sz=24, trace=300000, class=java.lang.String@50000181)
	value		50003956
ARR 50003956 (sz=132, trace=300000, nelems=66, elem type=char[])
OBJ 50003957 (sz=24, trace=300000, class=java.lang.String@50000181)
	value		50003958
ARR 50003958 (sz=100, trace=300000, nelems=50, elem type=char[])
OBJ 50003959 (sz=24, trace=300000, class=java.lang.String@50000181)
	value		5000395a
ARR 5000395a (sz=94, trace=300000, nelems=47, elem type=char[])
OBJ 5000395b (sz=24, trace=300000, class=java.lang.String@50000181)
	value		5000395c
ARR 5000395c (sz=132, trace=300000, nelems=66, elem type=char[])
ARR 5000395d (sz=56, trace=300000, nelems=0, elem type=java.lang.Object[]@5000011c)
OBJ 5000395e (sz=32, trace=300000, class=java.lang.ref.ReferenceQueue@500000e6)
	lock		50003960
ARR 5000395f (sz=80, trace=300000, nelems=0, elem type=java.util.WeakHashMap$Entry[]@5000003e)
OBJ 50003960 (sz=16, trace=300000, class=java.lang.ref.ReferenceQueue$Lock@500000e4)
ARR 50003961 (sz=56, trace=300000, nelems=1, elem type=java.lang.Object[]@5000011c)
	[0]		50001c5d
ARR 50003962 (sz=56, trace=300000, nelems=1, elem type=java.lang.Object[]@5000011c)
	[0]		50003963
OBJ 50003963 (sz=40, trace=300000, class=java.lang.ClassLoader$NativeLibrary@50000053)
	fromClass	5000017a
	name		50001c5d
ARR 50003964 (sz=56, trace=300000, nelems=0, elem type=java.lang.Object[]@5000011c)
OBJ 50003965 (sz=24, trace=300000, class=java.lang.String@50000181)
	value		500039a6
OBJ 50003966 (sz=24, trace=300000, class=java.lang.String@50000181)
	value		500039a5
OBJ 50003967 (sz=24, trace=300000, class=java.lang.String@50000181)
	value		500039a4
OBJ 50003968 (sz=24, trace=300000, class=java.lang.String@50000181)
	value		500039a3
OBJ 50003969 (sz=24, trace=300000, class=java.lang.String@50000181)
	value		500039a2
OBJ 5000396a (sz=24, trace=300000, class=java.lang.String@50000181)
	value		500039a1
OBJ 5000396b (sz=24, trace=300000, class=java.lang.String@50000181)
	value		500039a0
OBJ 5000396c (sz=24, trace=300000, class=java.lang.String@50000181)
	value		5000399f
OBJ 5000396d (sz=24, trace=300000, class=java.lang.String@50000181)
	value		5000399e
OBJ 5000396e (sz=24, trace=300000, class=java.lang.String@50000181)
	value		5000399d
OBJ 5000396f (sz=24, trace=300000, class=java.lang.String@50000181)
	value		5000399c
OBJ 50003970 (sz=24, trace=300000, class=java.lang.String@50000181)
	value		5000399b
OBJ 50003971 (sz=24, trace=300000, class=java.lang.String@50000181)
	value		5000399a
OBJ 50003972 (sz=24, trace=300000, class=java.lang.String@50000181)
	value		50003999
OBJ 50003973 (sz=24, trace=300000, class=java.lang.String@50000181)
	value		50003998
OBJ 50003974 (sz=24, trace=300000, class=java.lang.String@50000181)
	value		50003997
OBJ 50003975 (sz=24, trace=300000, class=java.lang.String@50000181)
	value		50003996
OBJ 50003976 (sz=24, trace=300000, class=java.lang.String@50000181)
	value		50003995
OBJ 50003977 (sz=24, trace=300000, class=java.lang.String@50000181)
	value		50003994
OBJ 50003978 (sz=24, trace=300000, class=java.lang.String@50000181)
	value		50003993
OBJ 50003979 (sz=24, trace=300000, class=java.lang.String@50000181)
	value		50003992
OBJ 5000397a (sz=24, trace=300000, class=java.lang.String@50000181)
	value		50003991
OBJ 5000397b (sz=24, trace=300000, class=java.lang.String@50000181)
	value		50003990
OBJ 5000397c (sz=24, trace=300000, class=java.lang.String@50000181)
	value		5000398f
OBJ 5000397d (sz=24, trace=300000, class=java.lang.String@50000181)
	value		5000398e
OBJ 5000397e (sz=24, trace=300000, class=java.lang.String@50000181)
	value		5000398d
OBJ 5000397f (sz=24, trace=300000, class=java.lang.String@50000181)
	value		5000398c
OBJ 50003980 (sz=24, trace=300000, class=java.lang.String@50000181)
	value		5000398b
OBJ 50003981 (sz=24, trace=300000, class=java.lang.String@50000181)
	value		5000398a
OBJ 50003982 (sz=24, trace=300000, class=java.lang.String@50000181)
	value		50003989
OBJ 50003983 (sz=24, trace=300000, class=java.lang.String@50000181)
	value		50003988
OBJ 50003984 (sz=24, trace=300000, class=java.lang.String@50000181)
	value		50003987
OBJ 50003985 (sz=24, trace=300000, class=java.lang.String@50000181)
	value		50003986
ARR 50003986 (sz=2, trace=300000, nelems=1, elem type=char[])
ARR 50003987 (sz=58, trace=300000, nelems=29, elem type=char[])
ARR 50003988 (sz=74, trace=300000, nelems=37, elem type=char[])
ARR 50003989 (sz=92, trace=300000, nelems=46, elem type=char[])
ARR 5000398a (sz=64, trace=300000, nelems=32, elem type=char[])
ARR 5000398b (sz=64, trace=300000, nelems=32, elem type=char[])
ARR 5000398c (sz=48, trace=300000, nelems=24, elem type=char[])
ARR 5000398d (sz=62, trace=300000, nelems=31, elem type=char[])
ARR 5000398e (sz=82, trace=300000, nelems=41, elem type=char[])
ARR 5000398f (sz=74, trace=300000, nelems=37, elem type=char[])
ARR 50003990 (sz=32, trace=300000, nelems=16, elem type=char[])
ARR 50003991 (sz=26, trace=300000, nelems=13, elem type=char[])
ARR 50003992 (sz=50, trace=300000, nelems=25, elem type=char[])
ARR 50003993 (sz=128, trace=300000, nelems=64, elem type=char[])
ARR 50003994 (sz=140, trace=300000, nelems=70, elem type=char[])
ARR 50003995 (sz=128, trace=300000, nelems=64, elem type=char[])
ARR 50003996 (sz=140, trace=300000, nelems=70, elem type=char[])
ARR 50003997 (sz=92, trace=300000, nelems=46, elem type=char[])
ARR 50003998 (sz=102, trace=300000, nelems=51, elem type=char[])
ARR 50003999 (sz=64, trace=300000, nelems=32, elem type=char[])
ARR 5000399a (sz=86, trace=300000, nelems=43, elem type=char[])
ARR 5000399b (sz=48, trace=300000, nelems=24, elem type=char[])
ARR 5000399c (sz=20, trace=300000, nelems=10, elem type=char[])
ARR 5000399d (sz=38, trace=300000, nelems=19, elem type=char[])
ARR 5000399e (sz=70, trace=300000, nelems=35, elem type=char[])
ARR 5000399f (sz=82, trace=300000, nelems=41, elem type=char[])
ARR 500039a0 (sz=70, trace=300000, nelems=35, elem type=char[])
ARR 500039a1 (sz=26, trace=300000, nelems=13, elem type=char[])
ARR 500039a2 (sz=36, trace=300000, nelems=18, elem type=char[])
ARR 500039a3 (sz=20, trace=300000, nelems=10, elem type=char[])
ARR 500039a4 (sz=38, trace=300000, nelems=19, elem type=char[])
ARR 500039a5 (sz=46, trace=300000, nelems=23, elem type=char[])
ARR 500039a6 (sz=70, trace=300000, nelems=35, elem type=char[])
OBJ 500039a7 (sz=24, trace=300000, class=java.lang.String@50000181)
	value		500039a8
ARR 500039a8 (sz=48, trace=300000, nelems=24, elem type=char[])
OBJ 500039a9 (sz=24, trace=300000, class=java.util.Collections$SetFromMap@5000003d)
	m		500039ab
	s		500039aa
OBJ 500039aa (sz=16, trace=300000, class=java.util.WeakHashMap$KeySet@5000003c)
	this$0		500039ab
OBJ 500039ab (sz=48, trace=300000, class=java.util.WeakHashMap@500000ba)
	keySet		500039aa
	table		500039ad
	queue		500039ac
OBJ 500039ac (sz=32, trace=300000, class=java.lang.ref.ReferenceQueue@500000e6)
	lock		500039b2
ARR 500039ad (sz=80, trace=300000, nelems=14, elem type=java.util.WeakHashMap$Entry[]@5000003e)
	[4]		500039ae
	[6]		500039af
	[13]		500039b0
OBJ 500039ae (sz=40, trace=300000, class=java.util.WeakHashMap$Entry@5000003f)
	referent	5000012e
	queue		500039ac
	value		50001e0f
OBJ 500039af (sz=40, trace=300000, class=java.util.WeakHashMap$Entry@5000003f)
	referent	50000171
	queue		500039ac
	value		50001e0f
	next		500039b3
OBJ 500039b0 (sz=40, trace=300000, class=java.util.WeakHashMap$Entry@5000003f)
	referent	5000012a
	queue		500039ac
	value		50001e0f
	next		500039b1
OBJ 500039b1 (sz=40, trace=300000, class=java.util.WeakHashMap$Entry@5000003f)
	referent	50000129
	queue		500039ac
	value		50001e0f
OBJ 500039b2 (sz=16, trace=300000, class=java.lang.ref.ReferenceQueue$Lock@500000e4)
OBJ 500039b3 (sz=40, trace=300000, class=java.util.WeakHashMap$Entry@5000003f)
	referent	5000017b
	queue		500039ac
	value		50001e0f
ARR 500039b4 (sz=42, trace=300000, nelems=21, elem type=char[])
ARR 500039b5 (sz=34, trace=300000, nelems=17, elem type=char[])
ARR 500039b6 (sz=10, trace=300000, nelems=5, elem type=char[])
ARR 500039b7 (sz=58, trace=300000, nelems=29, elem type=char[])
ARR 500039b8 (sz=54, trace=300000, nelems=27, elem type=char[])
ARR 500039b9 (sz=74, trace=300000, nelems=37, elem type=char[])
ARR 500039ba (sz=44, trace=300000, nelems=22, elem type=char[])
ARR 500039bb (sz=4, trace=300000, nelems=2, elem type=char[])
ARR 500039bc (sz=18, trace=300000, nelems=9, elem type=char[])
OBJ 500039bd (sz=24, trace=300000, class=java.lang.String@50000181)
	value		500039c2
OBJ 500039be (sz=24, trace=300000, class=java.lang.String@50000181)
	value		500039c1
OBJ 500039bf (sz=24, trace=300000, class=java.lang.String@50000181)
	value		500039c0
ARR 500039c0 (sz=28, trace=300000, nelems=14, elem type=char[])
ARR 500039c1 (sz=28, trace=300000, nelems=14, elem type=char[])
ARR 500039c2 (sz=28, trace=300000, nelems=14, elem type=char[])
OBJ 500039c3 (sz=24, trace=300000, class=java.lang.String@50000181)
	value		500039c4
ARR 500039c4 (sz=40, trace=300000, nelems=20, elem type=char[])
ARR 500039c5 (sz=12, trace=300000, nelems=6, elem type=char[])
ARR 500039c6 (sz=10, trace=300000, nelems=5, elem type=char[])
OBJ 500039c7 (sz=64, trace=300000, class=java.io.ExpiringCache$1@5000005e)
	table		500039c9
	head		500039c8
	tail		5000055d
	this$0		50001c49
OBJ 500039c8 (sz=40, trace=300000, class=java.util.LinkedHashMap$Entry@50000054)
	key		500039d2
	value		500039d1
	next		500039cb
	after		500039ca
ARR 500039c9 (sz=80, trace=300000, nelems=15, elem type=java.util.HashMap$Node[]@500000d5)
	[9]		5000055d
	[11]		500039c8
	[14]		500039ca
OBJ 500039ca (sz=40, trace=300000, class=java.util.LinkedHashMap$Entry@50000054)
	key		500039cd
	value		500039cc
	before		500039c8
	after		500039cb
OBJ 500039cb (sz=40, trace=300000, class=java.util.LinkedHashMap$Entry@50000054)
	key		500039d7
	value		500039d6
	before		500039ca
	after		5000055d
OBJ 500039cc (sz=24, trace=300000, class=java.io.ExpiringCache$Entry@50000055)
	val		500039cf
OBJ 500039cd (sz=24, trace=300000, class=java.lang.String@50000181)
	value		500039ce
ARR 500039ce (sz=84, trace=300000, nelems=42, elem type=char[])
OBJ 500039cf (sz=24, trace=300000, class=java.lang.String@50000181)
	value		500039d0
ARR 500039d0 (sz=84, trace=300000, nelems=42, elem type=char[])
OBJ 500039d1 (sz=24, trace=300000, class=java.io.ExpiringCache$Entry@50000055)
	val		500039d4
OBJ 500039d2 (sz=24, trace=300000, class=java.lang.String@50000181)
	value		500039d3
ARR 500039d3 (sz=76, trace=300000, nelems=38, elem type=char[])
OBJ 500039d4 (sz=24, trace=300000, class=java.lang.String@50000181)
	value		500039d5
ARR 500039d5 (sz=76, trace=300000, nelems=38, elem type=char[])
OBJ 500039d6 (sz=24, trace=300000, class=java.io.ExpiringCache$Entry@50000055)
	val		500039d9
OBJ 500039d7 (sz=24, trace=300000, class=java.lang.String@50000181)
	value		500039d8
ARR 500039d8 (sz=74, trace=300000, nelems=37, elem type=char[])
OBJ 500039d9 (sz=24, trace=300000, class=java.lang.String@50000181)
	value		500039da
ARR 500039da (sz=74, trace=300000, nelems=37, elem type=char[])
OBJ 500039db (sz=24, trace=300000, class=java.lang.String@50000181)
	value		500039e5
OBJ 500039dc (sz=24, trace=300000, class=java.lang.String@50000181)
	value		500039e4
OBJ 500039dd (sz=24, trace=300000, class=java.lang.String@50000181)
	value		500039e3
ARR 500039de (sz=120, trace=300000, nelems=0, elem type=java.lang.String[]@500000db)
OBJ 500039df (sz=24, trace=300000, class=java.lang.String@50000181)
	value		500039e2
OBJ 500039e0 (sz=24, trace=300000, class=java.lang.String@50000181)
	value		500039e1
ARR 500039e1 (sz=52, trace=300000, nelems=26, elem type=char[])
ARR 500039e2 (sz=42, trace=300000, nelems=21, elem type=char[])
ARR 500039e3 (sz=16, trace=300000, nelems=8, elem type=char[])
ARR 500039e4 (sz=28, trace=300000, nelems=14, elem type=char[])
ARR 500039e5 (sz=28, trace=300000, nelems=14, elem type=char[])
ARR 500039e6 (sz=2, trace=300000, nelems=1, elem type=char[])
ARR 500039e7 (sz=2, trace=300000, nelems=1, elem type=char[])
OBJ 500039e8 (sz=24, trace=300000, class=java.lang.String@50000181)
	value		500039ee
OBJ 500039e9 (sz=24, trace=300000, class=java.lang.String@50000181)
	value		500039ed
ARR 500039ea (sz=24, trace=300000, nelems=2, elem type=java.io.File$PathStatus[]@50000056)
	[0]		500039ec
	[1]		500039eb
OBJ 500039eb (sz=24, trace=300000, class=java.io.File$PathStatus@5000005c)
	name		500039e8
OBJ 500039ec (sz=24, trace=300000, class=java.io.File$PathStatus@5000005c)
	name		500039e9
ARR 500039ed (sz=14, trace=300000, nelems=7, elem type=char[])
ARR 500039ee (sz=14, trace=300000, nelems=7, elem type=char[])
ARR 500039ef (sz=24, trace=300000, nelems=12, elem type=char[])
ARR 500039f0 (sz=8, trace=300000, nelems=4, elem type=char[])
OBJ 500039f1 (sz=32, trace=300000, class=java.io.FileOutputStream@50000085)
	fd		50001c3f
	closeLock	500039f2
OBJ 500039f2 (sz=16, trace=300000, class=java.lang.Object@50000185)
OBJ 500039f3 (sz=24, trace=300000, class=java.io.OutputStreamWriter@50000078)
	lock		50001c39
	se		500039f8
OBJ 500039f4 (sz=40, trace=300000, class=java.io.BufferedWriter@50000065)
	lock		500039f3
	out		500039f3
	cb		500039f7
	lineSeparator	50001c36
OBJ 500039f5 (sz=24, trace=300000, class=java.io.BufferedOutputStream@5000007b)
	out		50001c41
	buf		500039f6
ARR 500039f6 (sz=128, trace=300000, nelems=128, elem type=byte[])
ARR 500039f7 (sz=16384, trace=300000, nelems=8192, elem type=char[])
OBJ 500039f8 (sz=48, trace=300000, class=sun.nio.cs.StreamEncoder@50000077)
	lock		500039f3
	cs		5000322b
	encoder		500039fa
	bb		500039f9
	out		50001c39
OBJ 500039f9 (sz=48, trace=300000, class=java.nio.HeapByteBuffer@50000072)
	hb		500039ff
OBJ 500039fa (sz=64, trace=300000, class=sun.nio.cs.ext.DoubleByte$Encoder@50000074)
	charset		5000322b
	replacement	500039fd
	malformedInputAction	50002718
	unmappableCharacterAction	50002718
	cachedDecoder	500039fc
	c2b		50003230
	c2bIndex	5000322f
	repl		500039fb
ARR 500039fb (sz=1, trace=300000, nelems=1, elem type=byte[])
OBJ 500039fc (sz=32, trace=300000, class=java.lang.ref.WeakReference@50000164)
	referent	500039fe
	queue		5000213e
ARR 500039fd (sz=1, trace=300000, nelems=1, elem type=byte[])
OBJ 500039fe (sz=56, trace=300000, class=sun.nio.cs.ext.DoubleByte$Decoder@50000096)
	charset		5000322b
	replacement	5000272a
	malformedInputAction	50002717
	unmappableCharacterAction	50002717
	b2c		50003232
	b2cSB		50003231
ARR 500039ff (sz=8192, trace=300000, nelems=8192, elem type=byte[])
ARR 50003a00 (sz=28, trace=300000, nelems=14, elem type=char[])
OBJ 50003a01 (sz=24, trace=300000, class=java.lang.String@50000181)
	value		50003a03
ARR 50003a02 (sz=22, trace=300000, nelems=11, elem type=char[])
ARR 50003a03 (sz=36, trace=300000, nelems=18, elem type=char[])
OBJ 50003a04 (sz=24, trace=300000, class=java.io.OutputStreamWriter@50000078)
	lock		50001c38
	se		50003a09
OBJ 50003a05 (sz=40, trace=300000, class=java.io.BufferedWriter@50000065)
	lock		50003a04
	out		50003a04
	cb		50003a08
	lineSeparator	50001c36
OBJ 50003a06 (sz=24, trace=300000, class=java.io.BufferedOutputStream@5000007b)
	out		500039f1
	buf		50003a07
ARR 50003a07 (sz=128, trace=300000, nelems=128, elem type=byte[])
ARR 50003a08 (sz=16384, trace=300000, nelems=8192, elem type=char[])
OBJ 50003a09 (sz=48, trace=300000, class=sun.nio.cs.StreamEncoder@50000077)
	lock		50003a04
	cs		5000322b
	encoder		50003a0b
	bb		50003a0a
	out		50001c38
OBJ 50003a0a (sz=48, trace=300000, class=java.nio.HeapByteBuffer@50000072)
	hb		50003a10
OBJ 50003a0b (sz=64, trace=300000, class=sun.nio.cs.ext.DoubleByte$Encoder@50000074)
	charset		5000322b
	replacement	50003a0e
	malformedInputAction	50002718
	unmappableCharacterAction	50002718
	cachedDecoder	50003a0d
	c2b		50003230
	c2bIndex	5000322f
	repl		50003a0c
ARR 50003a0c (sz=1, trace=300000, nelems=1, elem type=byte[])
OBJ 50003a0d (sz=32, trace=300000, class=java.lang.ref.WeakReference@50000164)
	referent	50003a0f
	queue		5000213e
ARR 50003a0e (sz=1, trace=300000, nelems=1, elem type=byte[])
OBJ 50003a0f (sz=56, trace=300000, class=sun.nio.cs.ext.DoubleByte$Decoder@50000096)
	charset		5000322b
	replacement	5000272a
	malformedInputAction	50002717
	unmappableCharacterAction	50002717
	b2c		50003232
	b2cSB		50003231
ARR 50003a10 (sz=8192, trace=300000, nelems=8192, elem type=byte[])
OBJ 50003a11 (sz=24, trace=300000, class=java.util.Collections$SynchronizedSet@50000092)
	c		50003a54
	mutex		50001c37
ARR 50003a12 (sz=400, trace=300000, nelems=92, elem type=java.util.Hashtable$Entry[]@500000d2)
	[0]		50003a13
	[2]		50003a14
	[5]		50003a15
	[9]		50003a16
	[11]		50003a17
	[13]		50003a18
	[16]		50003a19
	[17]		50003a1a
	[18]		50003a1b
	[19]		50003a1c
	[21]		50003a1d
	[22]		50003a1e
	[24]		50003a1f
	[26]		50003a20
	[27]		50003a21
	[33]		50003a22
	[38]		50003a23
	[39]		50003a24
	[40]		50003a25
	[41]		50003a26
	[44]		50003a27
	[47]		50003a28
	[49]		50003a29
	[54]		50003a2a
	[57]		50003a2b
	[63]		50003a2c
	[64]		50003a2d
	[65]		50003a2e
	[67]		50003a2f
	[70]		50003a30
	[72]		50003a31
	[74]		50003a32
	[76]		50003a33
	[79]		50003a34
	[80]		50003a35
	[81]		50003a36
	[82]		50003a37
	[88]		50003a38
	[91]		50003a39
OBJ 50003a13 (sz=32, trace=300000, class=java.util.Hashtable$Entry@500000d3)
	key		50001e06
	value		50001e05
OBJ 50003a14 (sz=32, trace=300000, class=java.util.Hashtable$Entry@500000d3)
	key		50001e02
	value		50001e01
OBJ 50003a15 (sz=32, trace=300000, class=java.util.Hashtable$Entry@500000d3)
	key		50001dfe
	value		50001dfd
OBJ 50003a16 (sz=32, trace=300000, class=java.util.Hashtable$Entry@500000d3)
	key		50001dfa
	value		50001df9
	next		50003a53
OBJ 50003a17 (sz=32, trace=300000, class=java.util.Hashtable$Entry@500000d3)
	key		50001ded
	value		50001dec
OBJ 50003a18 (sz=32, trace=300000, class=java.util.Hashtable$Entry@500000d3)
	key		50001de9
	value		50001de8
OBJ 50003a19 (sz=32, trace=300000, class=java.util.Hashtable$Entry@500000d3)
	key		50001de5
	value		50001de4
	next		50003a52
OBJ 50003a1a (sz=32, trace=300000, class=java.util.Hashtable$Entry@500000d3)
	key		50001ddc
	value		50001ddb
OBJ 50003a1b (sz=32, trace=300000, class=java.util.Hashtable$Entry@500000d3)
	key		50001dd8
	value		50001dd7
OBJ 50003a1c (sz=32, trace=300000, class=java.util.Hashtable$Entry@500000d3)
	key		50001dd4
	value		500032f6
OBJ 50003a1d (sz=32, trace=300000, class=java.util.Hashtable$Entry@500000d3)
	key		50001dcc
	value		50003a50
OBJ 50003a1e (sz=32, trace=300000, class=java.util.Hashtable$Entry@500000d3)
	key		50001dc7
	value		50001dc6
OBJ 50003a1f (sz=32, trace=300000, class=java.util.Hashtable$Entry@500000d3)
	key		50001dc3
	value		50001dc2
	next		50003a4f
OBJ 50003a20 (sz=32, trace=300000, class=java.util.Hashtable$Entry@500000d3)
	key		50001dbb
	value		50001c6c
	next		50003a4e
OBJ 50003a21 (sz=32, trace=300000, class=java.util.Hashtable$Entry@500000d3)
	key		50001db3
	value		50001db2
OBJ 50003a22 (sz=32, trace=300000, class=java.util.Hashtable$Entry@500000d3)
	key		50001daf
	value		50001dae
	next		50003a4d
OBJ 50003a23 (sz=32, trace=300000, class=java.util.Hashtable$Entry@500000d3)
	key		50001da2
	value		50001da1
	next		50003a4c
OBJ 50003a24 (sz=32, trace=300000, class=java.util.Hashtable$Entry@500000d3)
	key		50001d9d
	value		50001d9c
OBJ 50003a25 (sz=32, trace=300000, class=java.util.Hashtable$Entry@500000d3)
	key		50001d99
	value		50001d98
OBJ 50003a26 (sz=32, trace=300000, class=java.util.Hashtable$Entry@500000d3)
	key		50001d95
	value		50001d94
OBJ 50003a27 (sz=32, trace=300000, class=java.util.Hashtable$Entry@500000d3)
	key		50001d91
	value		50001d90
OBJ 50003a28 (sz=32, trace=300000, class=java.util.Hashtable$Entry@500000d3)
	key		50001d8d
	value		50001d8c
OBJ 50003a29 (sz=32, trace=300000, class=java.util.Hashtable$Entry@500000d3)
	key		50001d85
	value		50001d84
	next		50003a4b
OBJ 50003a2a (sz=32, trace=300000, class=java.util.Hashtable$Entry@500000d3)
	key		50001d80
	value		50001d7f
OBJ 50003a2b (sz=32, trace=300000, class=java.util.Hashtable$Entry@500000d3)
	key		50001d7c
	value		50001ae3
OBJ 50003a2c (sz=32, trace=300000, class=java.util.Hashtable$Entry@500000d3)
	key		50001d79
	value		50001d78
OBJ 50003a2d (sz=32, trace=300000, class=java.util.Hashtable$Entry@500000d3)
	key		50001d75
	value		50001d74
OBJ 50003a2e (sz=32, trace=300000, class=java.util.Hashtable$Entry@500000d3)
	key		50001d71
	value		50001d70
OBJ 50003a2f (sz=32, trace=300000, class=java.util.Hashtable$Entry@500000d3)
	key		50001d6a
	value		50001d69
	next		50003a4a
OBJ 50003a30 (sz=32, trace=300000, class=java.util.Hashtable$Entry@500000d3)
	key		50001d61
	value		50001d60
	next		50003a49
OBJ 50003a31 (sz=32, trace=300000, class=java.util.Hashtable$Entry@500000d3)
	key		50001d5c
	value		50001d5b
OBJ 50003a32 (sz=32, trace=300000, class=java.util.Hashtable$Entry@500000d3)
	key		50003a46
	value		50003a45
OBJ 50003a33 (sz=32, trace=300000, class=java.util.Hashtable$Entry@500000d3)
	key		50001d54
	value		50001d53
	next		50003a44
OBJ 50003a34 (sz=32, trace=300000, class=java.util.Hashtable$Entry@500000d3)
	key		50001d46
	value		50001d45
	next		50003a41
OBJ 50003a35 (sz=32, trace=300000, class=java.util.Hashtable$Entry@500000d3)
	key		50001d38
	value		50001d37
	next		50003a40
OBJ 50003a36 (sz=32, trace=300000, class=java.util.Hashtable$Entry@500000d3)
	key		50001d33
	value		50001d32
OBJ 50003a37 (sz=32, trace=300000, class=java.util.Hashtable$Entry@500000d3)
	key		50001d2b
	value		50001d2a
	next		50003a3f
OBJ 50003a38 (sz=32, trace=300000, class=java.util.Hashtable$Entry@500000d3)
	key		50001d22
	value		50001d21
	next		50003a3e
OBJ 50003a39 (sz=32, trace=300000, class=java.util.Hashtable$Entry@500000d3)
	key		50003a3b
	value		50003a3a
OBJ 50003a3a (sz=24, trace=300000, class=java.lang.String@50000181)
	value		50003a3d
OBJ 50003a3b (sz=24, trace=300000, class=java.lang.String@50000181)
	value		50003a3c
ARR 50003a3c (sz=34, trace=300000, nelems=17, elem type=char[])
ARR 50003a3d (sz=62, trace=300000, nelems=31, elem type=char[])
OBJ 50003a3e (sz=32, trace=300000, class=java.util.Hashtable$Entry@500000d3)
	key		50001d26
	value		50001d25
OBJ 50003a3f (sz=32, trace=300000, class=java.util.Hashtable$Entry@500000d3)
	key		50001d2f
	value		50001d2e
OBJ 50003a40 (sz=32, trace=300000, class=java.util.Hashtable$Entry@500000d3)
	key		50001d3c
	value		50001d3b
OBJ 50003a41 (sz=32, trace=300000, class=java.util.Hashtable$Entry@500000d3)
	key		50001d41
	value		50001d40
	next		50003a42
OBJ 50003a42 (sz=32, trace=300000, class=java.util.Hashtable$Entry@500000d3)
	key		50001d4b
	value		50001d4a
	next		50003a43
OBJ 50003a43 (sz=32, trace=300000, class=java.util.Hashtable$Entry@500000d3)
	key		50001d4f
	value		50001d4e
OBJ 50003a44 (sz=32, trace=300000, class=java.util.Hashtable$Entry@500000d3)
	key		50001d58
	value		50001d57
OBJ 50003a45 (sz=24, trace=300000, class=java.lang.String@50000181)
	value		50003a48
OBJ 50003a46 (sz=24, trace=300000, class=java.lang.String@50000181)
	value		50003a47
ARR 50003a47 (sz=40, trace=300000, nelems=20, elem type=char[])
ARR 50003a48 (sz=26, trace=300000, nelems=13, elem type=char[])
OBJ 50003a49 (sz=32, trace=300000, class=java.util.Hashtable$Entry@500000d3)
	key		50001d65
	value		50001d64
OBJ 50003a4a (sz=32, trace=300000, class=java.util.Hashtable$Entry@500000d3)
	key		50001d6d
	value		50001c36
OBJ 50003a4b (sz=32, trace=300000, class=java.util.Hashtable$Entry@500000d3)
	key		50001d89
	value		50001d88
OBJ 50003a4c (sz=32, trace=300000, class=java.util.Hashtable$Entry@500000d3)
	key		50001da6
	value		50001da5
OBJ 50003a4d (sz=32, trace=300000, class=java.util.Hashtable$Entry@500000d3)
	key		50001dab
	value		50001daa
OBJ 50003a4e (sz=32, trace=300000, class=java.util.Hashtable$Entry@500000d3)
	key		50001db8
	value		50001db7
OBJ 50003a4f (sz=32, trace=300000, class=java.util.Hashtable$Entry@500000d3)
	key		50001dbf
	value		50001dbe
OBJ 50003a50 (sz=24, trace=300000, class=java.lang.String@50000181)
	value		50003a51
ARR 50003a51 (sz=20, trace=300000, nelems=10, elem type=char[])
OBJ 50003a52 (sz=32, trace=300000, class=java.util.Hashtable$Entry@500000d3)
	key		50001de1
	value		50001de0
OBJ 50003a53 (sz=32, trace=300000, class=java.util.Hashtable$Entry@500000d3)
	key		50001df6
	value		50001df5
OBJ 50003a54 (sz=16, trace=300000, class=java.util.Hashtable$EntrySet@50000094)
	this$0		50001c37
OBJ 50003a55 (sz=24, trace=300000, class=java.lang.String@50000181)
	value		50003a56
ARR 50003a56 (sz=8, trace=300000, nelems=4, elem type=char[])
OBJ 50003a57 (sz=24, trace=300000, class=java.lang.String@50000181)
	value		50003a64
OBJ 50003a58 (sz=24, trace=300000, class=java.lang.String@50000181)
	value		50003a62
OBJ 50003a59 (sz=16, trace=300000, class=java.lang.Terminator$1@50000050)
OBJ 50003a5a (sz=24, trace=300000, class=sun.misc.NativeSignalHandler@5000004e)
OBJ 50003a5b (sz=24, trace=300000, class=sun.misc.NativeSignalHandler@5000004e)
OBJ 50003a5c (sz=48, trace=300000, class=java.util.Hashtable@50000159)
	table		50003a65
OBJ 50003a5d (sz=48, trace=300000, class=java.util.Hashtable@50000159)
	table		50003a5e
ARR 50003a5e (sz=32, trace=300000, nelems=4, elem type=java.util.Hashtable$Entry[]@500000d2)
	[2]		50003a5f
	[3]		50003a60
OBJ 50003a5f (sz=32, trace=300000, class=java.util.Hashtable$Entry@500000d3)
	key		50003a63
	value		50003a59
OBJ 50003a60 (sz=32, trace=300000, class=java.util.Hashtable$Entry@500000d3)
	key		50003a61
	value		50003a59
OBJ 50003a61 (sz=24, trace=300000, class=sun.misc.Signal@5000004f)
	name		50003a58
ARR 50003a62 (sz=8, trace=300000, nelems=4, elem type=char[])
OBJ 50003a63 (sz=24, trace=300000, class=sun.misc.Signal@5000004f)
	name		50003a57
ARR 50003a64 (sz=6, trace=300000, nelems=3, elem type=char[])
ARR 50003a65 (sz=32, trace=300000, nelems=4, elem type=java.util.Hashtable$Entry[]@500000d2)
	[2]		50003a66
	[3]		50003a67
OBJ 50003a66 (sz=32, trace=300000, class=java.util.Hashtable$Entry@500000d3)
	key		50001edd
	value		50003a63
OBJ 50003a67 (sz=32, trace=300000, class=java.util.Hashtable$Entry@500000d3)
	key		50001eea
	value		50003a61
ARR 50003a68 (sz=6, trace=300000, nelems=3, elem type=char[])
ARR 50003a69 (sz=38, trace=300000, nelems=19, elem type=char[])
ARR 50003a6a (sz=38, trace=300000, nelems=19, elem type=char[])
ARR 50003a6b (sz=12, trace=300000, nelems=6, elem type=char[])
ARR 50003a6c (sz=24, trace=300000, nelems=12, elem type=char[])
ARR 50003a6d (sz=42, trace=300000, nelems=21, elem type=char[])
ARR 50003a6e (sz=40, trace=300000, nelems=20, elem type=char[])
OBJ 50003a6f (sz=16, trace=300000, class=java.lang.ThreadLocal@500000c7)
OBJ 50003a70 (sz=16, trace=300000, class=java.lang.ThreadLocal@500000c7)
ARR 50003a71 (sz=4, trace=300000, nelems=2, elem type=char[])
ARR 50003a72 (sz=8, trace=300000, nelems=4, elem type=char[])
ARR 50003a73 (sz=4, trace=300000, nelems=2, elem type=char[])
ARR 50003a74 (sz=10, trace=300000, nelems=5, elem type=char[])
ARR 50003a75 (sz=14, trace=300000, nelems=7, elem type=char[])
ARR 50003a76 (sz=4, trace=300000, nelems=2, elem type=char[])
ARR 50003a77 (sz=24, trace=300000, nelems=12, elem type=char[])
ARR 50003a78 (sz=512, trace=300000, nelems=256, elem type=char[])
ARR 50003a79 (sz=32, trace=300000, nelems=1, elem type=java.lang.ThreadGroup[]@50000109)
	[0]		50001c10
ARR 50003a7a (sz=32, trace=300000, nelems=4, elem type=java.lang.Thread[]@500000e2)
	[0]		50001ae1
	[1]		50001add
	[2]		50001adc
	[3]		50001adb
OBJ 50003a7b (sz=16, trace=300000, class=java.lang.Object@50000185)
OBJ 50003a7c (sz=40, trace=300000, class=java.security.AccessControlContext@50000172)
OBJ 50003a7d (sz=24, trace=300000, class=java.lang.String@50000181)
	value		50003a7e
ARR 50003a7e (sz=30, trace=300000, nelems=15, elem type=char[])
OBJ 50003a7f (sz=16, trace=300000, class=java.lang.Object@50000185)
OBJ 50003a80 (sz=40, trace=300000, class=java.security.AccessControlContext@50000172)
OBJ 50003a81 (sz=24, trace=300000, class=java.lang.String@50000181)
	value		50003a82
ARR 50003a82 (sz=34, trace=300000, nelems=17, elem type=char[])
OBJ 50003a83 (sz=16, trace=300000, class=java.lang.Object@50000185)
OBJ 50003a84 (sz=40, trace=300000, class=java.security.AccessControlContext@50000172)
OBJ 50003a85 (sz=24, trace=300000, class=java.lang.String@50000181)
	value		50003a86
ARR 50003a86 (sz=18, trace=300000, nelems=9, elem type=char[])
OBJ 50003a87 (sz=16, trace=300000, class=java.lang.Object@50000185)
OBJ 50003a88 (sz=40, trace=300000, class=java.lang.ref.Finalizer@50000160)
	referent	50003a8a
	queue		50001ade
	next		50003a89
	prev		50000391
OBJ 50003a89 (sz=40, trace=300000, class=java.lang.ref.Finalizer@50000160)
	referent	50003963
	queue		50001ade
	next		50003a8f
	prev		50003a88
OBJ 50003a8a (sz=32, trace=300000, class=java.io.FileInputStream@5000008b)
	fd		50003a8d
	path		50003a8c
	closeLock	50003a8b
OBJ 50003a8b (sz=16, trace=300000, class=java.lang.Object@50000185)
OBJ 50003a8c (sz=24, trace=300000, class=java.lang.String@50000181)
	value		50003a8e
OBJ 50003a8d (sz=40, trace=300000, class=java.io.FileDescriptor@5000008a)
	parent		50003a8a
ARR 50003a8e (sz=106, trace=300000, nelems=53, elem type=char[])
OBJ 50003a8f (sz=40, trace=300000, class=java.lang.ref.Finalizer@50000160)
	referent	500039f1
	queue		50001ade
	next		50003a90
	prev		50003a89
OBJ 50003a90 (sz=40, trace=300000, class=java.lang.ref.Finalizer@50000160)
	referent	50001c41
	queue		50001ade
	next		50003a91
	prev		50003a8f
OBJ 50003a91 (sz=40, trace=300000, class=java.lang.ref.Finalizer@50000160)
	referent	50001c3c
	queue		50001ade
	prev		50003a90
OBJ 50003a92 (sz=16, trace=300000, class=java.lang.Object@50000185)
OBJ 50003a93 (sz=40, trace=300000, class=java.security.AccessControlContext@50000172)
ARR 50003a94 (sz=32, trace=300000, nelems=1, elem type=java.lang.Thread[]@500000e2)
	[0]		50001ace
OBJ 50003a95 (sz=24, trace=300000, class=java.lang.String@50000181)
	value		50003a96
ARR 50003a96 (sz=8, trace=300000, nelems=4, elem type=char[])
OBJ 50003a97 (sz=40, trace=300000, class=java.security.AccessControlContext@50000172)
OBJ 50003a98 (sz=24, trace=300000, class=java.lang.String@50000181)
	value		50003a99
ARR 50003a99 (sz=26, trace=300000, nelems=13, elem type=char[])
OBJ 50003a9a (sz=24, trace=300000, class=java.lang.String@50000181)
	value		50003a9b
ARR 50003a9b (sz=18, trace=300000, nelems=9, elem type=char[])
OBJ 50003a9c (sz=32, trace=300000, class=java.lang.OutOfMemoryError@50000169)
OBJ 50003a9d (sz=32, trace=300000, class=java.lang.OutOfMemoryError@50000169)
OBJ 50003a9e (sz=32, trace=300000, class=java.lang.OutOfMemoryError@50000169)
OBJ 50003a9f (sz=32, trace=300000, class=java.lang.OutOfMemoryError@50000169)
OBJ 50003aa0 (sz=24, trace=300000, class=java.lang.String@50000181)
	value		50003aa1
ARR 50003aa1 (sz=126, trace=300000, nelems=63, elem type=char[])
OBJ 50003aa2 (sz=24, trace=300000, class=java.lang.String@50000181)
	value		50003aa3
ARR 50003aa3 (sz=52, trace=300000, nelems=26, elem type=char[])
OBJ 50003aa4 (sz=24, trace=300000, class=java.lang.String@50000181)
	value		50003aa5
ARR 50003aa5 (sz=74, trace=300000, nelems=37, elem type=char[])
OBJ 50003aa6 (sz=24, trace=300000, class=java.lang.String@50000181)
	value		50003aa7
ARR 50003aa7 (sz=44, trace=300000, nelems=22, elem type=char[])
OBJ 50003aa8 (sz=24, trace=300000, class=java.lang.String@50000181)
	value		50003aa9
ARR 50003aa9 (sz=18, trace=300000, nelems=9, elem type=char[])
OBJ 50003aaa (sz=24, trace=300000, class=java.lang.String@50000181)
	value		50003aab
ARR 50003aab (sz=30, trace=300000, nelems=15, elem type=char[])
ARR 50003aac (sz=22, trace=300000, nelems=11, elem type=char[])
OBJ 50003aad (sz=24, trace=300000, class=java.lang.String@50000181)
	value		50003ac4
OBJ 50003aae (sz=24, trace=300000, class=java.lang.String@50000181)
	value		50003abf
OBJ 50003aaf (sz=24, trace=300000, class=java.lang.String@50000181)
	value		50003abe
OBJ 50003ab0 (sz=24, trace=300000, class=java.lang.String@50000181)
	value		50003abd
OBJ 50003ab1 (sz=24, trace=300000, class=java.lang.String@50000181)
	value		50003abc
OBJ 50003ab2 (sz=24, trace=300000, class=java.lang.String@50000181)
	value		50003abb
OBJ 50003ab3 (sz=24, trace=300000, class=java.lang.String@50000181)
	value		50003aba
OBJ 50003ab4 (sz=24, trace=300000, class=java.lang.String@50000181)
	value		50003ab9
OBJ 50003ab5 (sz=24, trace=300000, class=java.lang.String@50000181)
	value		50003ab8
OBJ 50003ab6 (sz=24, trace=300000, class=java.lang.String@50000181)
	value		50003ab7
ARR 50003ab7 (sz=100, trace=300000, nelems=50, elem type=char[])
ARR 50003ab8 (sz=94, trace=300000, nelems=47, elem type=char[])
ARR 50003ab9 (sz=86, trace=300000, nelems=43, elem type=char[])
ARR 50003aba (sz=82, trace=300000, nelems=41, elem type=char[])
ARR 50003abb (sz=92, trace=300000, nelems=46, elem type=char[])
ARR 50003abc (sz=102, trace=300000, nelems=51, elem type=char[])
ARR 50003abd (sz=82, trace=300000, nelems=41, elem type=char[])
ARR 50003abe (sz=98, trace=300000, nelems=49, elem type=char[])
ARR 50003abf (sz=94, trace=300000, nelems=47, elem type=char[])
OBJ 50003ac0 (sz=24, trace=300000, class=java.lang.String@50000181)
	value		50003ac1
ARR 50003ac1 (sz=20, trace=300000, nelems=10, elem type=char[])
OBJ 50003ac2 (sz=24, trace=300000, class=java.lang.String@50000181)
	value		50003ac3
ARR 50003ac3 (sz=12, trace=300000, nelems=6, elem type=char[])
ARR 50003ac4 (sz=8, trace=300000, nelems=4, elem type=char[])
OBJ 50003ac5 (sz=24, trace=300000, class=java.lang.String@50000181)
	value		50003aca
OBJ 50003ac6 (sz=24, trace=300000, class=java.lang.String@50000181)
	value		50003ac9
OBJ 50003ac7 (sz=24, trace=300000, class=java.lang.String@50000181)
	value		50003ac8
ARR 50003ac8 (sz=24, trace=300000, nelems=12, elem type=char[])
ARR 50003ac9 (sz=26, trace=300000, nelems=13, elem type=char[])
ARR 50003aca (sz=14, trace=300000, nelems=7, elem type=char[])
OBJ 50003acb (sz=24, trace=300000, class=java.lang.String@50000181)
	value		50003b0c
OBJ 50003acc (sz=24, trace=300000, class=java.lang.String@50000181)
	value		50003b0b
OBJ 50003acd (sz=24, trace=300000, class=java.lang.String@50000181)
	value		50003b0a
OBJ 50003ace (sz=24, trace=300000, class=java.lang.String@50000181)
	value		50003aec
OBJ 50003acf (sz=24, trace=300000, class=java.lang.String@50000181)
	value		50003b09
OBJ 50003ad0 (sz=24, trace=300000, class=java.lang.String@50000181)
	value		50003b08
OBJ 50003ad1 (sz=24, trace=300000, class=java.lang.String@50000181)
	value		50003b07
OBJ 50003ad2 (sz=24, trace=300000, class=java.lang.String@50000181)
	value		50003b06
OBJ 50003ad3 (sz=24, trace=300000, class=java.lang.String@50000181)
	value		50003b05
OBJ 50003ad4 (sz=24, trace=300000, class=java.lang.String@50000181)
	value		50003b04
OBJ 50003ad5 (sz=24, trace=300000, class=java.lang.String@50000181)
	value		50003b03
OBJ 50003ad6 (sz=24, trace=300000, class=java.lang.String@50000181)
	value		50003aef
OBJ 50003ad7 (sz=24, trace=300000, class=java.lang.String@50000181)
	value		50003b02
OBJ 50003ad8 (sz=24, trace=300000, class=java.lang.String@50000181)
	value		50003b01
OBJ 50003ad9 (sz=24, trace=300000, class=java.lang.String@50000181)
	value		50003b00
OBJ 50003ada (sz=24, trace=300000, class=java.lang.String@50000181)
	value		50003aeb
OBJ 50003adb (sz=24, trace=300000, class=java.lang.String@50000181)
	value		50003aff
OBJ 50003adc (sz=24, trace=300000, class=java.lang.String@50000181)
	value		50003afc
OBJ 50003add (sz=24, trace=300000, class=java.lang.String@50000181)
	value		50003afb
OBJ 50003ade (sz=24, trace=300000, class=java.lang.String@50000181)
	value		50003afa
OBJ 50003adf (sz=24, trace=300000, class=java.lang.String@50000181)
	value		50003af9
OBJ 50003ae0 (sz=24, trace=300000, class=java.lang.String@50000181)
	value		50003af8
OBJ 50003ae1 (sz=24, trace=300000, class=java.lang.String@50000181)
	value		50003af7
OBJ 50003ae2 (sz=24, trace=300000, class=java.lang.String@50000181)
	value		50003af6
OBJ 50003ae3 (sz=24, trace=300000, class=java.lang.String@50000181)
	value		50003af5
OBJ 50003ae4 (sz=24, trace=300000, class=java.lang.String@50000181)
	value		50003af4
OBJ 50003ae5 (sz=24, trace=300000, class=java.lang.String@50000181)
	value		50003af3
OBJ 50003ae6 (sz=24, trace=300000, class=java.lang.String@50000181)
	value		50003af2
OBJ 50003ae7 (sz=24, trace=300000, class=java.lang.String@50000181)
	value		50003af1
OBJ 50003ae8 (sz=24, trace=300000, class=java.lang.String@50000181)
	value		50003af0
OBJ 50003ae9 (sz=24, trace=300000, class=java.lang.String@50000181)
	value		50003aee
OBJ 50003aea (sz=24, trace=300000, class=java.lang.String@50000181)
	value		50003aed
ARR 50003aeb (sz=46, trace=300000, nelems=23, elem type=char[])
ARR 50003aec (sz=34, trace=300000, nelems=17, elem type=char[])
ARR 50003aed (sz=48, trace=300000, nelems=24, elem type=char[])
ARR 50003aee (sz=78, trace=300000, nelems=39, elem type=char[])
ARR 50003aef (sz=70, trace=300000, nelems=35, elem type=char[])
ARR 50003af0 (sz=66, trace=300000, nelems=33, elem type=char[])
ARR 50003af1 (sz=76, trace=300000, nelems=38, elem type=char[])
ARR 50003af2 (sz=64, trace=300000, nelems=32, elem type=char[])
ARR 50003af3 (sz=80, trace=300000, nelems=40, elem type=char[])
ARR 50003af4 (sz=62, trace=300000, nelems=31, elem type=char[])
ARR 50003af5 (sz=58, trace=300000, nelems=29, elem type=char[])
ARR 50003af6 (sz=88, trace=300000, nelems=44, elem type=char[])
ARR 50003af7 (sz=66, trace=300000, nelems=33, elem type=char[])
ARR 50003af8 (sz=58, trace=300000, nelems=29, elem type=char[])
ARR 50003af9 (sz=68, trace=300000, nelems=34, elem type=char[])
ARR 50003afa (sz=2, trace=300000, nelems=1, elem type=char[])
ARR 50003afb (sz=2, trace=300000, nelems=1, elem type=char[])
ARR 50003afc (sz=24, trace=300000, nelems=12, elem type=char[])
OBJ 50003afd (sz=24, trace=300000, class=java.lang.String@50000181)
	value		50003afe
ARR 50003afe (sz=68, trace=300000, nelems=34, elem type=char[])
ARR 50003aff (sz=6, trace=300000, nelems=3, elem type=char[])
ARR 50003b00 (sz=10, trace=300000, nelems=5, elem type=char[])
ARR 50003b01 (sz=20, trace=300000, nelems=10, elem type=char[])
ARR 50003b02 (sz=6, trace=300000, nelems=3, elem type=char[])
ARR 50003b03 (sz=22, trace=300000, nelems=11, elem type=char[])
ARR 50003b04 (sz=36, trace=300000, nelems=18, elem type=char[])
ARR 50003b05 (sz=24, trace=300000, nelems=12, elem type=char[])
ARR 50003b06 (sz=22, trace=300000, nelems=11, elem type=char[])
ARR 50003b07 (sz=12, trace=300000, nelems=6, elem type=char[])
ARR 50003b08 (sz=8, trace=300000, nelems=4, elem type=char[])
ARR 50003b09 (sz=20, trace=300000, nelems=10, elem type=char[])
ARR 50003b0a (sz=30, trace=300000, nelems=15, elem type=char[])
ARR 50003b0b (sz=32, trace=300000, nelems=16, elem type=char[])
ARR 50003b0c (sz=16, trace=300000, nelems=8, elem type=char[])
OBJ 50003b0d (sz=24, trace=300000, class=java.lang.String@50000181)
	value		50003bc0
OBJ 50003b0e (sz=24, trace=300000, class=java.lang.String@50000181)
	value		50003b14
OBJ 50003b0f (sz=24, trace=300000, class=java.lang.String@50000181)
	value		50003b19
OBJ 50003b10 (sz=24, trace=300000, class=java.lang.String@50000181)
	value		50003b18
OBJ 50003b11 (sz=24, trace=300000, class=java.lang.String@50000181)
	value		50003b17
OBJ 50003b12 (sz=24, trace=300000, class=java.lang.String@50000181)
	value		50003b16
OBJ 50003b13 (sz=24, trace=300000, class=java.lang.String@50000181)
	value		50003b15
ARR 50003b14 (sz=16, trace=300000, nelems=8, elem type=char[])
ARR 50003b15 (sz=8, trace=300000, nelems=4, elem type=char[])
ARR 50003b16 (sz=24, trace=300000, nelems=12, elem type=char[])
ARR 50003b17 (sz=36, trace=300000, nelems=18, elem type=char[])
ARR 50003b18 (sz=32, trace=300000, nelems=16, elem type=char[])
ARR 50003b19 (sz=32, trace=300000, nelems=16, elem type=char[])
OBJ 50003b1a (sz=24, trace=300000, class=java.lang.String@50000181)
	value		50003b23
OBJ 50003b1b (sz=24, trace=300000, class=java.lang.String@50000181)
	value		50003b29
OBJ 50003b1c (sz=24, trace=300000, class=java.lang.String@50000181)
	value		50003b25
OBJ 50003b1d (sz=24, trace=300000, class=java.lang.String@50000181)
	value		50003b2a
OBJ 50003b1e (sz=24, trace=300000, class=java.lang.String@50000181)
	value		50003b27
OBJ 50003b1f (sz=24, trace=300000, class=java.lang.String@50000181)
	value		50003b2b
OBJ 50003b20 (sz=24, trace=300000, class=java.lang.String@50000181)
	value		50003b26
OBJ 50003b21 (sz=24, trace=300000, class=java.lang.String@50000181)
	value		50003b28
OBJ 50003b22 (sz=24, trace=300000, class=java.lang.String@50000181)
	value		50003b24
ARR 50003b23 (sz=12, trace=300000, nelems=6, elem type=char[])
ARR 50003b24 (sz=8, trace=300000, nelems=4, elem type=char[])
ARR 50003b25 (sz=8, trace=300000, nelems=4, elem type=char[])
ARR 50003b26 (sz=12, trace=300000, nelems=6, elem type=char[])
ARR 50003b27 (sz=14, trace=300000, nelems=7, elem type=char[])
ARR 50003b28 (sz=14, trace=300000, nelems=7, elem type=char[])
ARR 50003b29 (sz=16, trace=300000, nelems=8, elem type=char[])
ARR 50003b2a (sz=8, trace=300000, nelems=4, elem type=char[])
ARR 50003b2b (sz=12, trace=300000, nelems=6, elem type=char[])
OBJ 50003b2c (sz=24, trace=300000, class=java.lang.String@50000181)
	value		50003bbd
OBJ 50003b2d (sz=24, trace=300000, class=java.lang.String@50000181)
	value		50003bbc
OBJ 50003b2e (sz=24, trace=300000, class=java.lang.String@50000181)
	value		50003bbb
OBJ 50003b2f (sz=24, trace=300000, class=java.lang.String@50000181)
	value		50003bba
OBJ 50003b30 (sz=24, trace=300000, class=java.lang.String@50000181)
	value		50003b31
ARR 50003b31 (sz=6, trace=300000, nelems=3, elem type=char[])
OBJ 50003b32 (sz=24, trace=300000, class=java.lang.String@50000181)
	value		50003b3d
OBJ 50003b33 (sz=24, trace=300000, class=java.lang.String@50000181)
	value		50003b41
OBJ 50003b34 (sz=24, trace=300000, class=java.lang.String@50000181)
	value		50003b40
OBJ 50003b35 (sz=24, trace=300000, class=java.lang.String@50000181)
	value		50003b3a
OBJ 50003b36 (sz=24, trace=300000, class=java.lang.String@50000181)
	value		50003b3c
OBJ 50003b37 (sz=24, trace=300000, class=java.lang.String@50000181)
	value		50003b3f
OBJ 50003b38 (sz=24, trace=300000, class=java.lang.String@50000181)
	value		50003b3b
OBJ 50003b39 (sz=24, trace=300000, class=java.lang.String@50000181)
	value		50003b3e
ARR 50003b3a (sz=6, trace=300000, nelems=3, elem type=char[])
ARR 50003b3b (sz=36, trace=300000, nelems=18, elem type=char[])
ARR 50003b3c (sz=36, trace=300000, nelems=18, elem type=char[])
ARR 50003b3d (sz=8, trace=300000, nelems=4, elem type=char[])
ARR 50003b3e (sz=46, trace=300000, nelems=23, elem type=char[])
ARR 50003b3f (sz=46, trace=300000, nelems=23, elem type=char[])
ARR 50003b40 (sz=8, trace=300000, nelems=4, elem type=char[])
ARR 50003b41 (sz=16, trace=300000, nelems=8, elem type=char[])
OBJ 50003b42 (sz=24, trace=300000, class=java.lang.String@50000181)
	value		50003b43
ARR 50003b43 (sz=20, trace=300000, nelems=10, elem type=char[])
OBJ 50003b44 (sz=24, trace=300000, class=java.lang.String@50000181)
	value		50003b45
ARR 50003b45 (sz=26, trace=300000, nelems=13, elem type=char[])
OBJ 50003b46 (sz=24, trace=300000, class=java.lang.String@50000181)
	value		50003bb9
OBJ 50003b47 (sz=24, trace=300000, class=java.lang.String@50000181)
	value		50003bb8
OBJ 50003b48 (sz=24, trace=300000, class=java.lang.String@50000181)
	value		50003b49
ARR 50003b49 (sz=10, trace=300000, nelems=5, elem type=char[])
OBJ 50003b4a (sz=24, trace=300000, class=java.lang.String@50000181)
	value		50003bb7
OBJ 50003b4b (sz=24, trace=300000, class=java.lang.String@50000181)
	value		50003bb6
OBJ 50003b4c (sz=24, trace=300000, class=java.lang.String@50000181)
	value		50003bb5
OBJ 50003b4d (sz=24, trace=300000, class=java.lang.String@50000181)
	value		50003bb4
OBJ 50003b4e (sz=24, trace=300000, class=java.lang.String@50000181)
	value		50003b67
OBJ 50003b4f (sz=24, trace=300000, class=java.lang.String@50000181)
	value		50003b5f
OBJ 50003b50 (sz=24, trace=300000, class=java.lang.String@50000181)
	value		50003b5e
OBJ 50003b51 (sz=24, trace=300000, class=java.lang.String@50000181)
	value		50003b64
OBJ 50003b52 (sz=24, trace=300000, class=java.lang.String@50000181)
	value		50003b66
OBJ 50003b53 (sz=24, trace=300000, class=java.lang.String@50000181)
	value		50003b65
OBJ 50003b54 (sz=24, trace=300000, class=java.lang.String@50000181)
	value		50003b63
OBJ 50003b55 (sz=24, trace=300000, class=java.lang.String@50000181)
	value		50003b62
OBJ 50003b56 (sz=24, trace=300000, class=java.lang.String@50000181)
	value		50003b61
OBJ 50003b57 (sz=24, trace=300000, class=java.lang.String@50000181)
	value		50003b60
OBJ 50003b58 (sz=24, trace=300000, class=java.lang.String@50000181)
	value		50003b5d
OBJ 50003b59 (sz=24, trace=300000, class=java.lang.String@50000181)
	value		50003b5c
OBJ 50003b5a (sz=24, trace=300000, class=java.lang.String@50000181)
	value		50003b5b
ARR 50003b5b (sz=8, trace=300000, nelems=4, elem type=char[])
ARR 50003b5c (sz=10, trace=300000, nelems=5, elem type=char[])
ARR 50003b5d (sz=8, trace=300000, nelems=4, elem type=char[])
ARR 50003b5e (sz=8, trace=300000, nelems=4, elem type=char[])
ARR 50003b5f (sz=6, trace=300000, nelems=3, elem type=char[])
ARR 50003b60 (sz=6, trace=300000, nelems=3, elem type=char[])
ARR 50003b61 (sz=8, trace=300000, nelems=4, elem type=char[])
ARR 50003b62 (sz=6, trace=300000, nelems=3, elem type=char[])
ARR 50003b63 (sz=10, trace=300000, nelems=5, elem type=char[])
ARR 50003b64 (sz=4, trace=300000, nelems=2, elem type=char[])
ARR 50003b65 (sz=8, trace=300000, nelems=4, elem type=char[])
ARR 50003b66 (sz=4, trace=300000, nelems=2, elem type=char[])
ARR 50003b67 (sz=30, trace=300000, nelems=15, elem type=char[])
OBJ 50003b68 (sz=24, trace=300000, class=java.lang.String@50000181)
	value		50003b6d
OBJ 50003b69 (sz=24, trace=300000, class=java.lang.String@50000181)
	value		50003b6c
OBJ 50003b6a (sz=24, trace=300000, class=java.lang.String@50000181)
	value		50003b6b
ARR 50003b6b (sz=46, trace=300000, nelems=23, elem type=char[])
ARR 50003b6c (sz=38, trace=300000, nelems=19, elem type=char[])
ARR 50003b6d (sz=26, trace=300000, nelems=13, elem type=char[])
OBJ 50003b6e (sz=24, trace=300000, class=java.lang.String@50000181)
	value		50003b95
OBJ 50003b6f (sz=24, trace=300000, class=java.lang.String@50000181)
	value		50003b7e
OBJ 50003b70 (sz=24, trace=300000, class=java.lang.String@50000181)
	value		50003b78
OBJ 50003b71 (sz=24, trace=300000, class=java.lang.String@50000181)
	value		50003b7b
OBJ 50003b72 (sz=24, trace=300000, class=java.lang.String@50000181)
	value		50003b7c
OBJ 50003b73 (sz=24, trace=300000, class=java.lang.String@50000181)
	value		50003b77
OBJ 50003b74 (sz=24, trace=300000, class=java.lang.String@50000181)
	value		50003b7a
OBJ 50003b75 (sz=24, trace=300000, class=java.lang.String@50000181)
	value		50003b79
OBJ 50003b76 (sz=24, trace=300000, class=java.lang.String@50000181)
	value		50003b7d
ARR 50003b77 (sz=16, trace=300000, nelems=8, elem type=char[])
ARR 50003b78 (sz=16, trace=300000, nelems=8, elem type=char[])
ARR 50003b79 (sz=18, trace=300000, nelems=9, elem type=char[])
ARR 50003b7a (sz=36, trace=300000, nelems=18, elem type=char[])
ARR 50003b7b (sz=26, trace=300000, nelems=13, elem type=char[])
ARR 50003b7c (sz=30, trace=300000, nelems=15, elem type=char[])
ARR 50003b7d (sz=8, trace=300000, nelems=4, elem type=char[])
ARR 50003b7e (sz=34, trace=300000, nelems=17, elem type=char[])
OBJ 50003b7f (sz=24, trace=300000, class=java.lang.String@50000181)
	value		50003b81
OBJ 50003b80 (sz=24, trace=300000, class=java.lang.String@50000181)
	value		50003b82
ARR 50003b81 (sz=40, trace=300000, nelems=20, elem type=char[])
ARR 50003b82 (sz=14, trace=300000, nelems=7, elem type=char[])
OBJ 50003b83 (sz=24, trace=300000, class=java.lang.String@50000181)
	value		50003b94
OBJ 50003b84 (sz=24, trace=300000, class=java.lang.String@50000181)
	value		50003b8e
OBJ 50003b85 (sz=24, trace=300000, class=java.lang.String@50000181)
	value		50003b8d
OBJ 50003b86 (sz=24, trace=300000, class=java.lang.String@50000181)
	value		50003b8f
OBJ 50003b87 (sz=24, trace=300000, class=java.lang.String@50000181)
	value		50003b91
OBJ 50003b88 (sz=24, trace=300000, class=java.lang.String@50000181)
	value		50003b92
OBJ 50003b89 (sz=24, trace=300000, class=java.lang.String@50000181)
	value		50003b90
OBJ 50003b8a (sz=24, trace=300000, class=java.lang.String@50000181)
	value		50003b93
OBJ 50003b8b (sz=24, trace=300000, class=java.lang.String@50000181)
	value		50003b8c
ARR 50003b8c (sz=4, trace=300000, nelems=2, elem type=char[])
ARR 50003b8d (sz=8, trace=300000, nelems=4, elem type=char[])
ARR 50003b8e (sz=14, trace=300000, nelems=7, elem type=char[])
ARR 50003b8f (sz=10, trace=300000, nelems=5, elem type=char[])
ARR 50003b90 (sz=14, trace=300000, nelems=7, elem type=char[])
ARR 50003b91 (sz=18, trace=300000, nelems=9, elem type=char[])
ARR 50003b92 (sz=18, trace=300000, nelems=9, elem type=char[])
ARR 50003b93 (sz=22, trace=300000, nelems=11, elem type=char[])
ARR 50003b94 (sz=38, trace=300000, nelems=19, elem type=char[])
ARR 50003b95 (sz=4, trace=300000, nelems=2, elem type=char[])
OBJ 50003b96 (sz=24, trace=300000, class=java.lang.String@50000181)
	value		50003bab
OBJ 50003b97 (sz=24, trace=300000, class=java.lang.String@50000181)
	value		50003ba8
OBJ 50003b98 (sz=24, trace=300000, class=java.lang.String@50000181)
	value		50003baf
OBJ 50003b99 (sz=24, trace=300000, class=java.lang.String@50000181)
	value		50003baa
OBJ 50003b9a (sz=24, trace=300000, class=java.lang.String@50000181)
	value		50003bb2
OBJ 50003b9b (sz=24, trace=300000, class=java.lang.String@50000181)
	value		50003bad
OBJ 50003b9c (sz=24, trace=300000, class=java.lang.String@50000181)
	value		50003ba6
OBJ 50003b9d (sz=24, trace=300000, class=java.lang.String@50000181)
	value		50003bb1
OBJ 50003b9e (sz=24, trace=300000, class=java.lang.String@50000181)
	value		50003bb0
OBJ 50003b9f (sz=24, trace=300000, class=java.lang.String@50000181)
	value		50003ba5
OBJ 50003ba0 (sz=24, trace=300000, class=java.lang.String@50000181)
	value		50003bb3
OBJ 50003ba1 (sz=24, trace=300000, class=java.lang.String@50000181)
	value		50003bae
OBJ 50003ba2 (sz=24, trace=300000, class=java.lang.String@50000181)
	value		50003bac
OBJ 50003ba3 (sz=24, trace=300000, class=java.lang.String@50000181)
	value		50003ba9
OBJ 50003ba4 (sz=24, trace=300000, class=java.lang.String@50000181)
	value		50003ba7
ARR 50003ba5 (sz=34, trace=300000, nelems=17, elem type=char[])
ARR 50003ba6 (sz=16, trace=300000, nelems=8, elem type=char[])
ARR 50003ba7 (sz=26, trace=300000, nelems=13, elem type=char[])
ARR 50003ba8 (sz=148, trace=300000, nelems=74, elem type=char[])
ARR 50003ba9 (sz=22, trace=300000, nelems=11, elem type=char[])
ARR 50003baa (sz=416, trace=300000, nelems=208, elem type=char[])
ARR 50003bab (sz=1416, trace=300000, nelems=708, elem type=char[])
ARR 50003bac (sz=26, trace=300000, nelems=13, elem type=char[])
ARR 50003bad (sz=260, trace=300000, nelems=130, elem type=char[])
ARR 50003bae (sz=24, trace=300000, nelems=12, elem type=char[])
ARR 50003baf (sz=466, trace=300000, nelems=233, elem type=char[])
ARR 50003bb0 (sz=32, trace=300000, nelems=16, elem type=char[])
ARR 50003bb1 (sz=1702, trace=300000, nelems=851, elem type=char[])
ARR 50003bb2 (sz=1420, trace=300000, nelems=710, elem type=char[])
ARR 50003bb3 (sz=36, trace=300000, nelems=18, elem type=char[])
ARR 50003bb4 (sz=6, trace=300000, nelems=3, elem type=char[])
ARR 50003bb5 (sz=40, trace=300000, nelems=20, elem type=char[])
ARR 50003bb6 (sz=56, trace=300000, nelems=28, elem type=char[])
ARR 50003bb7 (sz=40, trace=300000, nelems=20, elem type=char[])
ARR 50003bb8 (sz=22, trace=300000, nelems=11, elem type=char[])
ARR 50003bb9 (sz=28, trace=300000, nelems=14, elem type=char[])
ARR 50003bba (sz=16, trace=300000, nelems=8, elem type=char[])
ARR 50003bbb (sz=16, trace=300000, nelems=8, elem type=char[])
ARR 50003bbc (sz=42, trace=300000, nelems=21, elem type=char[])
ARR 50003bbd (sz=16, trace=300000, nelems=8, elem type=char[])
OBJ 50003bbe (sz=24, trace=300000, class=java.lang.String@50000181)
	value		50003bbf
ARR 50003bbf (sz=44, trace=300000, nelems=22, elem type=char[])
ARR 50003bc0 (sz=6, trace=300000, nelems=3, elem type=char[])
OBJ 50003bc1 (sz=16, trace=300000, class=java.lang.Object@50000185)
OBJ 50003bc2 (sz=24, trace=300000, class=java.lang.String@50000181)
	value		50003bc3
ARR 50003bc3 (sz=46, trace=300000, nelems=23, elem type=char[])
CLS 50000185 (name=java.lang.Object, trace=300000)
	constant pool entry 76	5000010b
	constant pool entry 49	50000185
CLS 50000001 (name=java.lang.SystemClassLoaderAction, trace=300000)
	super		50000185
	constant pool entry 36	50000001
	constant pool entry 35	5000017a
	constant pool entry 33	50000185
	constant pool entry 1	500039a7
CLS 50000002 (name=sun.misc.Launcher$AppClassLoader$1, trace=300000)
	super		50000185
	constant pool entry 30	50000002
	constant pool entry 29	5000012a
	constant pool entry 28	5000012b
	constant pool entry 25	50000185
CLS 5000000f (name=java.net.URLStreamHandler, trace=300000)
	super		50000185
	constant pool entry 112	5000000f
	constant pool entry 111	5000012d
	constant pool entry 108	50000135
	constant pool entry 107	50000136
	constant pool entry 106	50000181
	constant pool entry 104	50000185
	constant pool entry 10	50003345
	constant pool entry 8	50003324
	constant pool entry 7	50003323
	constant pool entry 6	50003322
	constant pool entry 5	50003321
	constant pool entry 3	50003344
	constant pool entry 1	50001c1a
CLS 50000003 (name=sun.net.www.protocol.jar.Handler, trace=300000)
	super		5000000f
	static separator	50003368
	constant pool entry 83	50000003
	constant pool entry 82	50000012
	constant pool entry 81	5000000f
	constant pool entry 80	5000012d
	constant pool entry 78	50000135
	constant pool entry 77	50000181
	constant pool entry 9	50003935
	constant pool entry 8	5000215f
	constant pool entry 5	50002176
	constant pool entry 1	50001c1a
CLS 50000004 (name=sun.misc.URLClassPath, trace=300000)
	super		50000185
	static USER_AGENT_JAVA_VERSION	500032f7
	static JAVA_VERSION	500032f6
	constant pool entry 235	50000064
	constant pool entry 233	50000649
	constant pool entry 232	500000d4
	constant pool entry 231	50000651
	constant pool entry 228	5000064f
	constant pool entry 227	5000063f
	constant pool entry 226	50000643
	constant pool entry 225	50000004
	constant pool entry 223	500000f6
	constant pool entry 219	500000d9
	constant pool entry 217	500000f1
	constant pool entry 216	500006f1
	constant pool entry 214	50000103
	constant pool entry 213	50000043
	constant pool entry 211	5000012d
	constant pool entry 207	5000017a
	constant pool entry 205	50000181
	constant pool entry 202	50000185
	constant pool entry 199	500006ee
	constant pool entry 20	50001c26
	constant pool entry 19	500032f5
	constant pool entry 18	500032f4
	constant pool entry 17	500032f3
	constant pool entry 16	50001cf1
	constant pool entry 14	500032f2
	constant pool entry 13	5000215f
CLS 500000f9 (name=java.util.AbstractCollection, trace=300000)
	super		50000185
	constant pool entry 75	5000008f
	constant pool entry 72	500000f9
	constant pool entry 66	50000185
CLS 500000ee (name=java.util.AbstractSet, trace=300000)
	super		500000f9
	constant pool entry 34	500000f9
CLS 50000005 (name=java.util.HashSet, trace=300000)
	super		500000ee
	static PRESENT	50001c14
	constant pool entry 114	50000005
	constant pool entry 112	500000d9
	constant pool entry 110	500000ee
	constant pool entry 108	50000185
CLS 50000006 (name=java.security.Principal[], trace=300000)
	super		50000185
CLS 50000007 (name=java.security.Principal, trace=300000)
CLS 50000008 (name=java.security.ProtectionDomain$Key, trace=300000)
	super		50000185
	constant pool entry 9	50000185
CLS 50000009 (name=java.security.ProtectionDomain$2, trace=300000)
	super		50000185
	constant pool entry 16	50000185
CLS 5000000a (name=sun.misc.JavaSecurityProtectionDomainAccess, trace=300000)
CLS 5000000b (name=java.security.ProtectionDomain$JavaSecurityAccessImpl, trace=300000)
	super		50000185
	constant pool entry 27	5000000b
	constant pool entry 22	50000185
CLS 5000000c (name=sun.misc.JavaSecurityAccess, trace=300000)
CLS 5000000d (name=java.net.URL[], trace=300000)
	super		50000185
CLS 5000000e (name=sun.net.www.protocol.file.Handler, trace=300000)
	super		5000000f
	constant pool entry 64	5000000e
	constant pool entry 63	5000130b
	constant pool entry 62	50000012
	constant pool entry 61	5000000f
	constant pool entry 59	5000012d
	constant pool entry 56	50000181
	constant pool entry 54	5000012f
	constant pool entry 6	50003310
	constant pool entry 1	50001c1a
CLS 50000010 (name=java.net.Parts, trace=300000)
	super		50000185
	constant pool entry 25	50000010
	constant pool entry 24	50000181
	constant pool entry 23	50000185
CLS 50000011 (name=java.util.BitSet, trace=300000)
	super		50000185
	static serialPersistentFields	5000332d
	constant pool entry 391	5000010b
	constant pool entry 196	50000185
	constant pool entry 187	5000017d
	constant pool entry 184	50000110
	constant pool entry 11	50000011
	constant pool entry 10	50000186
	constant pool entry 4	5000332c
CLS 50000012 (name=sun.net.www.ParseUtil, trace=300000)
	super		50000185
	static encodedInPath	5000332a
	static hexDigits	50003329
	constant pool entry 505	5000010b
	constant pool entry 242	5000066b
	constant pool entry 241	50000011
	constant pool entry 240	50000095
	constant pool entry 239	50000069
	constant pool entry 237	50000097
	constant pool entry 235	5000006b
	constant pool entry 234	50000073
	constant pool entry 233	5000012d
	constant pool entry 228	50000135
	constant pool entry 226	50000181
	constant pool entry 225	50000185
	constant pool entry 223	500000d1
	constant pool entry 222	5000011e
	constant pool entry 220	5000017d
	constant pool entry 219	50000124
	constant pool entry 217	5000012f
	constant pool entry 26	50000012
	constant pool entry 25	500032fd
	constant pool entry 22	50002304
	constant pool entry 19	50003328
	constant pool entry 18	50003327
	constant pool entry 17	50003326
	constant pool entry 16	50003325
	constant pool entry 11	50003324
	constant pool entry 10	50003323
	constant pool entry 9	50003322
	constant pool entry 8	50003321
	constant pool entry 7	50002176
	constant pool entry 6	50003320
	constant pool entry 5	5000331f
	constant pool entry 4	5000218c
	constant pool entry 3	5000331e
	constant pool entry 2	50001c1a
CLS 50000013 (name=java.io.FileInputStream$1, trace=300000)
	super		50000185
	constant pool entry 19	50000185
	constant pool entry 17	50000013
	constant pool entry 16	5000008b
CLS 50000015 (name=java.lang.CharacterData, trace=300000)
	super		50000185
	constant pool entry 50	50000185
	constant pool entry 47	50000014
CLS 50000014 (name=java.lang.CharacterDataLatin1, trace=300000)
	super		50000015
	static sharpsMap	50001c20
	static instance	50001c1c
	static A	50001c1b
	static A_DATA	50001c1e
	static B	50001c1f
	constant pool entry 94	5000010b
	constant pool entry 67	50000181
	constant pool entry 66	5000017d
	constant pool entry 65	50000015
	constant pool entry 8	50000014
	constant pool entry 7	50001c1e
	constant pool entry 6	50001c1d
CLS 50000016 (name=sun.util.locale.LocaleUtils, trace=300000)
	super		50000185
	constant pool entry 87	5000010b
	constant pool entry 47	50000016
	constant pool entry 43	50000181
CLS 50000017 (name=java.util.Locale$LocaleKey, trace=300000)
	super		50000185
	constant pool entry 26	5000001b
	constant pool entry 25	50000017
	constant pool entry 22	50000185
CLS 50000166 (name=java.lang.ref.Reference, trace=300000)
	super		50000185
	static lock	50001ae2
	constant pool entry 67	500000df
	constant pool entry 65	500000e6
	constant pool entry 64	500000f3
	constant pool entry 63	500000f4
	constant pool entry 62	500000e0
	constant pool entry 61	50000166
	constant pool entry 59	5000015c
	constant pool entry 58	5000015e
	constant pool entry 56	50000185
	constant pool entry 1	50002144
CLS 50000165 (name=java.lang.ref.SoftReference, trace=300000)
	super		50000166
	constant pool entry 17	50000165
	constant pool entry 16	50000166
CLS 50000018 (name=sun.util.locale.LocaleObjectCache$CacheEntry, trace=300000)
	super		50000165
	constant pool entry 16	50000018
	constant pool entry 14	50000165
CLS 50000019 (name=sun.util.locale.BaseLocale$Key, trace=300000)
	super		50000185
	constant pool entry 63	50000016
	constant pool entry 62	50000019
	constant pool entry 60	50000165
	constant pool entry 59	50000181
	constant pool entry 58	50000185
	constant pool entry 57	5000017d
	constant pool entry 2	5000001b
	constant pool entry 1	50001c1a
CLS 5000002d (name=sun.util.locale.LocaleObjectCache, trace=300000)
	super		50000185
	constant pool entry 36	50000018
	constant pool entry 35	5000002d
	constant pool entry 34	5000002b
	constant pool entry 33	5000002a
	constant pool entry 32	500000e6
	constant pool entry 31	50000185
CLS 5000001a (name=sun.util.locale.BaseLocale$Cache, trace=300000)
	super		5000002d
	constant pool entry 40	5000002d
	constant pool entry 39	50000019
	constant pool entry 38	5000001a
	constant pool entry 36	50000165
	constant pool entry 35	50000181
	constant pool entry 34	5000017d
	constant pool entry 1	5000001b
CLS 5000001b (name=sun.util.locale.BaseLocale, trace=300000)
	super		50000185
	static SEP	50002127
	static CACHE	50002126
	constant pool entry 83	50000016
	constant pool entry 82	50000019
	constant pool entry 81	5000001a
	constant pool entry 79	5000001b
	constant pool entry 77	50000181
	constant pool entry 76	50000185
	constant pool entry 12	50002125
	constant pool entry 4	50002124
	constant pool entry 3	50002123
	constant pool entry 1	50001c1a
CLS 5000001f (name=java.util.concurrent.ConcurrentHashMap$CollectionView, trace=300000)
	super		50000185
	static oomeMsg	50001f68
	constant pool entry 75	5000001f
	constant pool entry 67	50000185
CLS 5000001c (name=java.util.concurrent.ConcurrentHashMap$EntrySetView, trace=300000)
	super		5000001f
CLS 5000001d (name=java.util.concurrent.ConcurrentHashMap$ValuesView, trace=300000)
	super		5000001f
CLS 5000001e (name=java.util.concurrent.ConcurrentHashMap$KeySetView, trace=300000)
	super		5000001f
	constant pool entry 73	5000001e
	constant pool entry 71	5000001f
	constant pool entry 70	5000002a
CLS 50000020 (name=java.util.concurrent.ConcurrentHashMap$CounterCell[], trace=300000)
	super		50000185
CLS 50000021 (name=java.util.concurrent.ConcurrentHashMap$CounterCell, trace=300000)
	super		50000185
CLS 50000022 (name=java.util.concurrent.ConcurrentHashMap$Node[], trace=300000)
	super		50000185
CLS 50000023 (name=java.util.concurrent.ConcurrentHashMap$Node, trace=300000)
	super		50000185
	constant pool entry 48	50000023
	constant pool entry 42	50000185
CLS 50000024 (name=java.util.concurrent.ConcurrentHashMap$Segment[], trace=300000)
	super		50000185
CLS 50000025 (name=java.util.concurrent.locks.ReentrantLock[], trace=300000)
	super		50000185
CLS 50000026 (name=java.util.concurrent.locks.Lock[], trace=300000)
	super		50000185
CLS 50000028 (name=java.util.concurrent.locks.ReentrantLock, trace=300000)
	super		50000185
CLS 50000027 (name=java.util.concurrent.ConcurrentHashMap$Segment, trace=300000)
	super		50000028
CLS 50000029 (name=java.util.concurrent.locks.Lock, trace=300000)
CLS 500000eb (name=java.util.AbstractMap, trace=300000)
	super		50000185
	constant pool entry 75	500000ef
	constant pool entry 74	500000d8
	constant pool entry 73	5000015b
	constant pool entry 72	5000008f
	constant pool entry 66	500000eb
	constant pool entry 63	50000185
CLS 5000002a (name=java.util.concurrent.ConcurrentHashMap, trace=300000)
	super		500000eb
	static serialPersistentFields	50001e4c
	static U	50001c45
	constant pool entry 1010	5000010b
	constant pool entry 435	50000134
	constant pool entry 411	50000023
	constant pool entry 392	5000001e
	constant pool entry 390	500013c5
	constant pool entry 370	500000eb
	constant pool entry 364	5000008d
	constant pool entry 363	50000185
	constant pool entry 360	5000011e
	constant pool entry 354	5000017d
	constant pool entry 351	50000110
	constant pool entry 344	50001e4b
	constant pool entry 343	50001e4a
	constant pool entry 342	50001e49
	constant pool entry 340	50001e48
	constant pool entry 339	50001e47
	constant pool entry 14	50000021
	constant pool entry 13	5000002a
	constant pool entry 10	50000024
	constant pool entry 9	50000022
	constant pool entry 8	50001e46
	constant pool entry 7	50001e45
	constant pool entry 6	50001e44
CLS 5000002b (name=java.util.concurrent.ConcurrentMap, trace=300000)
CLS 5000002c (name=java.util.Locale$Cache, trace=300000)
	super		5000002d
	constant pool entry 19	5000002d
	constant pool entry 18	50000017
	constant pool entry 17	5000002c
	constant pool entry 15	5000002e
CLS 5000002e (name=java.util.Locale, trace=300000)
	super		50000185
	static LOCALECACHE	500021bc
	static ENGLISH	500021bb
	static FRENCH	500021ba
	static GERMAN	500021b9
	static ITALIAN	500021b8
	static JAPANESE	500021b7
	static KOREAN	500021b6
	static CHINESE	500021b5
	static SIMPLIFIED_CHINESE	500021a9
	static TRADITIONAL_CHINESE	500021af
	static FRANCE	500021b4
	static GERMANY	500021b3
	static ITALY	500021b2
	static JAPAN	500021b1
	static KOREA	500021b0
	static CHINA	500021a9
	static PRC	500021a9
	static TAIWAN	500021af
	static UK	500021ae
	static US	500021ad
	static CANADA	500021ac
	static CANADA_FRENCH	500021ab
	static ROOT	500021aa
	static defaultLocale	500021a9
	static defaultFormatLocale	500021a9
	static serialPersistentFields	500021a8
	constant pool entry 889	5000010b
	constant pool entry 443	50000016
	constant pool entry 439	50000fa5
	constant pool entry 437	5000001b
	constant pool entry 436	50000064
	constant pool entry 431	50000017
	constant pool entry 428	50000d5a
	constant pool entry 427	5000002c
	constant pool entry 425	50000d5f
	constant pool entry 424	500000fb
	constant pool entry 423	5000008f
	constant pool entry 417	50000103
	constant pool entry 414	50000135
	constant pool entry 412	50000185
	constant pool entry 409	5000011e
	constant pool entry 404	5000017d
	constant pool entry 400	50000110
	constant pool entry 391	500021a7
	constant pool entry 390	500021a6
	constant pool entry 389	500021a5
	constant pool entry 388	500021a4
	constant pool entry 58	5000002e
	constant pool entry 57	50000181
	constant pool entry 56	5000211e
	constant pool entry 52	500021a3
	constant pool entry 51	500021a2
	constant pool entry 50	500021a1
	constant pool entry 49	500021a0
	constant pool entry 48	5000219f
	constant pool entry 47	5000219e
	constant pool entry 46	5000219d
	constant pool entry 45	5000219c
	constant pool entry 44	5000219b
	constant pool entry 43	5000219a
	constant pool entry 40	50002199
	constant pool entry 38	50002198
	constant pool entry 34	50002197
	constant pool entry 33	5000213f
	constant pool entry 32	50002196
	constant pool entry 31	50002195
	constant pool entry 30	50002194
	constant pool entry 29	50002193
	constant pool entry 27	50002192
	constant pool entry 24	50002191
	constant pool entry 18	50002190
	constant pool entry 15	5000218f
	constant pool entry 13	5000218e
	constant pool entry 11	5000218d
	constant pool entry 6	5000211c
	constant pool entry 4	5000218c
	constant pool entry 1	50001c1a
CLS 5000002f (name=java.lang.reflect.Array, trace=300000)
	super		50000185
	constant pool entry 37	5000002f
CLS 500000d7 (name=java.util.HashMap$Node, trace=300000)
	super		50000185
	constant pool entry 44	500000d7
	constant pool entry 41	50000185
CLS 50000054 (name=java.util.LinkedHashMap$Entry, trace=300000)
	super		500000d7
	constant pool entry 14	500000d7
CLS 50000030 (name=java.util.HashMap$TreeNode, trace=300000)
	super		50000054
CLS 50000035 (name=java.io.Reader, trace=300000)
	super		50000185
	constant pool entry 57	50000185
	constant pool entry 53	50000035
CLS 50000031 (name=sun.nio.cs.StreamDecoder, trace=300000)
	super		50000035
	constant pool entry 136	50000095
	constant pool entry 135	50000069
	constant pool entry 134	50000097
	constant pool entry 133	500000cf
	constant pool entry 130	5000006b
	constant pool entry 129	50000073
	constant pool entry 122	5000017d
	constant pool entry 119	50000035
	constant pool entry 118	50000131
	constant pool entry 5	50000031
CLS 50000033 (name=java.io.InputStreamReader, trace=300000)
	super		50000035
	constant pool entry 45	50000031
	constant pool entry 38	50000035
	constant pool entry 37	50000033
CLS 50000032 (name=java.io.FileReader, trace=300000)
	super		50000033
	constant pool entry 12	50000033
	constant pool entry 9	5000008b
CLS 50000034 (name=java.io.BufferedReader, trace=300000)
	super		50000035
	constant pool entry 176	5000010b
	constant pool entry 93	50000136
	constant pool entry 92	50000181
	constant pool entry 87	50000035
	constant pool entry 84	50000034
	constant pool entry 4	50001c15
CLS 50000036 (name=sun.misc.MetaIndex, trace=300000)
	super		50000185
	static jarMap	5000336f
	constant pool entry 149	5000010b
	constant pool entry 78	5000015b
	constant pool entry 77	500000fb
	constant pool entry 76	500000d9
	constant pool entry 75	500000f1
	constant pool entry 73	50000181
	constant pool entry 72	50000185
	constant pool entry 70	5000017d
	constant pool entry 67	50000032
	constant pool entry 66	5000012f
	constant pool entry 65	50000034
	constant pool entry 64	500000db
	constant pool entry 4	50000036
	constant pool entry 3	5000336e
	constant pool entry 2	5000336d
	constant pool entry 1	5000336c
CLS 50000037 (name=sun.misc.Launcher$ExtClassLoader$1, trace=300000)
	super		50000185
	constant pool entry 30	50000036
	constant pool entry 29	50000037
	constant pool entry 28	50000129
	constant pool entry 25	50000185
CLS 50000038 (name=java.io.File[], trace=300000)
	super		50000185
CLS 50000039 (name=java.util.StringTokenizer, trace=300000)
	super		50000185
	constant pool entry 63	50000039
	constant pool entry 60	50000181
	constant pool entry 59	50000185
	constant pool entry 57	50000124
	constant pool entry 3	50003362
CLS 5000003a (name=java.net.URLClassLoader$7, trace=300000)
	super		50000185
	constant pool entry 20	5000012e
	constant pool entry 17	50000185
CLS 5000003b (name=sun.misc.JavaNetAccess, trace=300000)
CLS 5000003c (name=java.util.WeakHashMap$KeySet, trace=300000)
	super		500000ee
	constant pool entry 28	5000003c
	constant pool entry 24	500000ee
CLS 5000003d (name=java.util.Collections$SetFromMap, trace=300000)
	super		500000ee
	constant pool entry 72	5000015b
	constant pool entry 71	5000003d
	constant pool entry 69	500000ee
	constant pool entry 65	50000125
CLS 5000003e (name=java.util.WeakHashMap$Entry[], trace=300000)
	super		50000185
CLS 50000164 (name=java.lang.ref.WeakReference, trace=300000)
	super		50000166
	constant pool entry 7	50000166
CLS 5000003f (name=java.util.WeakHashMap$Entry, trace=300000)
	super		50000164
	constant pool entry 48	5000003f
	constant pool entry 43	50000164
CLS 50000040 (name=java.lang.ClassLoader$ParallelLoaders, trace=300000)
	super		50000185
	static loaderTypes	500039a9
	constant pool entry 31	500000ba
	constant pool entry 30	500000ef
	constant pool entry 29	500000f0
	constant pool entry 26	50000040
	constant pool entry 25	5000017d
	constant pool entry 1	5000017b
CLS 50000041 (name=sun.security.util.Debug, trace=300000)
	super		50000185
	static hexDigits	500022c7
	constant pool entry 202	50000041
	constant pool entry 201	50000064
	constant pool entry 197	50000103
	constant pool entry 192	50000181
	constant pool entry 50	500022c6
	constant pool entry 49	500022c5
	constant pool entry 23	500022c4
CLS 50000042 (name=sun.misc.Launcher$Factory, trace=300000)
	super		50000185
	static PREFIX	50003304
	constant pool entry 48	50000042
	constant pool entry 44	5000000f
	constant pool entry 43	50000135
	constant pool entry 40	50000185
	constant pool entry 38	5000017d
	constant pool entry 4	50003304
	constant pool entry 2	500032fb
	constant pool entry 1	50001ccb
CLS 50000043 (name=java.net.URLStreamHandlerFactory, trace=300000)
CLS 50000044 (name=java.lang.Compiler$1, trace=300000)
	super		50000185
	constant pool entry 55	5000017a
	constant pool entry 54	50000135
	constant pool entry 52	50000185
	constant pool entry 51	50000044
	constant pool entry 8	50003ac7
	constant pool entry 7	50003ac6
	constant pool entry 4	50003ac5
CLS 50000045 (name=java.lang.Compiler, trace=300000)
	super		50000185
	constant pool entry 25	50000103
	constant pool entry 23	50000044
	constant pool entry 22	50000045
CLS 50000179 (name=java.lang.Throwable, trace=300000)
	super		50000185
	static UNASSIGNED_STACK	50003432
	static SUPPRESSED_SENTINEL	50003431
	static NULL_CAUSE_MESSAGE	50003430
	static SELF_SUPPRESSION_MESSAGE	5000342f
	static CAUSE_CAPTION	5000342e
	static SUPPRESSED_CAPTION	5000342d
	static EMPTY_THROWABLE_ARRAY	5000342c
	constant pool entry 325	5000010b
	constant pool entry 171	500000f0
	constant pool entry 170	500000f1
	constant pool entry 160	50000127
	constant pool entry 159	50000185
	constant pool entry 154	5000017d
	constant pool entry 18	50000179
CLS 50000176 (name=java.lang.Exception, trace=300000)
	super		50000179
	constant pool entry 14	50000179
CLS 50000175 (name=java.lang.RuntimeException, trace=300000)
	super		50000176
CLS 50000046 (name=java.lang.IllegalArgumentException, trace=300000)
	super		50000175
CLS 50000047 (name=java.lang.System$2, trace=300000)
	super		50000185
	constant pool entry 44	50000185
	constant pool entry 43	5000017d
	constant pool entry 42	50000057
CLS 50000048 (name=sun.misc.JavaLangAccess, trace=300000)
CLS 50000049 (name=sun.io.Win32ErrorMode, trace=300000)
	super		50000185
	constant pool entry 44	500000d4
	constant pool entry 43	50000049
	constant pool entry 42	5000017a
	constant pool entry 1	50001e14
CLS 5000004a (name=sun.misc.OSEnvironment, trace=300000)
	super		50000185
	constant pool entry 9	50000049
CLS 5000004b (name=java.lang.Integer[], trace=300000)
	super		50000185
CLS 5000004c (name=java.lang.Number[], trace=300000)
	super		50000185
CLS 5000004d (name=java.lang.Integer$IntegerCache, trace=300000)
	super		50000185
	static cache	50001e5a
	constant pool entry 70	5000010b
	constant pool entry 46	500000d4
	constant pool entry 41	5000004d
	constant pool entry 40	5000017d
	constant pool entry 3	5000011e
	constant pool entry 2	50001cf0
CLS 5000004e (name=sun.misc.NativeSignalHandler, trace=300000)
	super		50000185
	constant pool entry 19	5000004e
	constant pool entry 18	50000185
CLS 5000004f (name=sun.misc.Signal, trace=300000)
	super		50000185
	static handlers	50003a5d
	static signals	50003a5c
	constant pool entry 84	50000051
	constant pool entry 82	5000004f
	constant pool entry 81	5000004e
	constant pool entry 80	50000159
	constant pool entry 74	50000185
	constant pool entry 73	5000011e
CLS 50000050 (name=java.lang.Terminator$1, trace=300000)
	super		50000185
	constant pool entry 18	50000185
CLS 50000051 (name=sun.misc.SignalHandler, trace=300000)
	static SIG_DFL	50003a5b
	static SIG_IGN	50003a5a
	constant pool entry 14	50000051
	constant pool entry 13	5000004e
CLS 50000052 (name=java.lang.Terminator, trace=300000)
	super		50000185
	static handler	50003a59
	constant pool entry 26	5000004f
	constant pool entry 25	50000050
	constant pool entry 24	50000052
	constant pool entry 2	50003a58
	constant pool entry 1	50003a57
CLS 50000053 (name=java.lang.ClassLoader$NativeLibrary, trace=300000)
	super		50000185
	constant pool entry 54	500000f6
	constant pool entry 51	50000185
	constant pool entry 50	50000053
	constant pool entry 49	5000017b
CLS 50000055 (name=java.io.ExpiringCache$Entry, trace=300000)
	super		50000185
	constant pool entry 21	50000185
	constant pool entry 20	50000055
CLS 50000056 (name=java.io.File$PathStatus[], trace=300000)
	super		50000185
CLS 50000057 (name=java.lang.Enum[], trace=300000)
	super		50000185
CLS 50000058 (name=java.lang.ClassLoader$3, trace=300000)
	super		50000185
	constant pool entry 25	50000185
	constant pool entry 24	50000058
	constant pool entry 22	50000125
	constant pool entry 21	5000012f
CLS 50000059 (name=java.lang.StringCoding$StringEncoder, trace=300000)
	super		50000185
	constant pool entry 143	5000010b
	constant pool entry 72	500000a5
	constant pool entry 71	50000076
	constant pool entry 70	50000095
	constant pool entry 68	50000075
	constant pool entry 67	500000cf
	constant pool entry 63	50000059
	constant pool entry 61	500000a1
	constant pool entry 59	50000185
	constant pool entry 57	5000017d
CLS 5000005a (name=java.nio.file.Path, trace=300000)
CLS 5000005b (name=java.nio.file.Watchable, trace=300000)
CLS 5000005d (name=java.lang.Enum, trace=300000)
	super		50000185
	constant pool entry 70	50000185
	constant pool entry 63	5000017d
	constant pool entry 5	5000005d
CLS 5000005c (name=java.io.File$PathStatus, trace=300000)
	super		5000005d
	static INVALID	500039ec
	static CHECKED	500039eb
	static $VALUES	500039ea
	constant pool entry 45	5000010b
	constant pool entry 23	5000005d
	constant pool entry 3	5000005c
	constant pool entry 2	500039e9
	constant pool entry 1	500039e8
CLS 500000d9 (name=java.util.HashMap, trace=300000)
	super		500000eb
	constant pool entry 466	5000010b
	constant pool entry 227	5000015b
	constant pool entry 222	50000030
	constant pool entry 221	500000d7
	constant pool entry 219	50001971
	constant pool entry 214	500002f1
	constant pool entry 212	500000d9
	constant pool entry 209	500000eb
	constant pool entry 205	50000185
	constant pool entry 200	50000122
	constant pool entry 190	500000d5
CLS 5000005f (name=java.util.LinkedHashMap, trace=300000)
	super		500000d9
	constant pool entry 98	500003cd
	constant pool entry 96	50000054
	constant pool entry 95	5000005f
	constant pool entry 93	500000d7
	constant pool entry 92	500000d9
CLS 5000005e (name=java.io.ExpiringCache$1, trace=300000)
	super		5000005f
	constant pool entry 24	5000005f
	constant pool entry 22	5000005e
	constant pool entry 21	50000060
CLS 50000060 (name=java.io.ExpiringCache, trace=300000)
	super		50000185
	constant pool entry 62	5000015b
	constant pool entry 60	5000017a
	constant pool entry 58	50000185
	constant pool entry 57	50000055
	constant pool entry 56	5000005e
	constant pool entry 55	50000060
CLS 50000062 (name=java.io.FileSystem, trace=300000)
	super		50000185
	constant pool entry 75	5000017a
	constant pool entry 73	50000185
	constant pool entry 71	50000062
	constant pool entry 2	500039e0
	constant pool entry 1	500039df
CLS 50000061 (name=java.io.WinNTFileSystem, trace=300000)
	super		50000062
	static driveDirCache	500039de
	constant pool entry 310	5000010b
	constant pool entry 153	50000064
	constant pool entry 152	5000002e
	constant pool entry 151	50000103
	constant pool entry 150	5000017a
	constant pool entry 149	50000135
	constant pool entry 148	50000136
	constant pool entry 147	50000181
	constant pool entry 143	50000061
	constant pool entry 141	50000062
	constant pool entry 140	5000012f
	constant pool entry 139	50000060
	constant pool entry 9	500039dd
	constant pool entry 8	500039dc
	constant pool entry 7	500039db
CLS 50000063 (name=java.io.DefaultFileSystem, trace=300000)
	super		50000185
	constant pool entry 9	50000061
CLS 50000064 (name=sun.security.action.GetPropertyAction, trace=300000)
	super		50000185
	constant pool entry 25	50000064
	constant pool entry 23	5000017a
	constant pool entry 21	50000185
CLS 50000079 (name=java.io.Writer, trace=300000)
	super		50000185
	constant pool entry 50	50000181
	constant pool entry 49	50000185
	constant pool entry 45	50000079
CLS 50000065 (name=java.io.BufferedWriter, trace=300000)
	super		50000079
	constant pool entry 117	5000010b
	constant pool entry 64	50000064
	constant pool entry 63	50000103
	constant pool entry 60	50000181
	constant pool entry 56	50000079
	constant pool entry 54	50000065
	constant pool entry 3	50001c32
CLS 50000068 (name=java.nio.charset.CoderResult$Cache, trace=300000)
	super		50000185
	constant pool entry 33	50000068
	constant pool entry 29	50000185
CLS 50000066 (name=java.nio.charset.CoderResult$2, trace=300000)
	super		50000068
	constant pool entry 14	50000068
CLS 50000067 (name=java.nio.charset.CoderResult$1, trace=300000)
	super		50000068
	constant pool entry 12	50000068
CLS 50000069 (name=java.nio.charset.CoderResult, trace=300000)
	super		50000185
	static names	50002725
	static UNDERFLOW	50002724
	static OVERFLOW	50002723
	static malformedCache	50002722
	static unmappableCache	50002721
	constant pool entry 137	5000010b
	constant pool entry 82	50000066
	constant pool entry 81	50000067
	constant pool entry 75	50000181
	constant pool entry 74	50000185
	constant pool entry 73	5000017d
	constant pool entry 7	50000069
	constant pool entry 4	50002720
	constant pool entry 3	5000271f
	constant pool entry 2	5000271e
	constant pool entry 1	5000271d
CLS 50000126 (name=java.nio.Buffer, trace=300000)
	super		50000185
	constant pool entry 64	50000126
	constant pool entry 62	50000185
CLS 5000006b (name=java.nio.CharBuffer, trace=300000)
	super		50000126
	constant pool entry 114	5000006a
	constant pool entry 112	5000006b
	constant pool entry 109	50000126
CLS 5000006a (name=java.nio.HeapCharBuffer, trace=300000)
	super		5000006b
	constant pool entry 136	5000010b
	constant pool entry 66	5000006a
	constant pool entry 65	5000006b
	constant pool entry 59	50000181
CLS 5000006c (name=java.lang.Readable, trace=300000)
CLS 5000006d (name=java.nio.Bits$1, trace=300000)
	super		50000185
	constant pool entry 18	50000185
CLS 5000006e (name=sun.misc.JavaNioAccess, trace=300000)
CLS 50000123 (name=java.lang.Number, trace=300000)
	super		50000185
	constant pool entry 26	50000185
CLS 5000006f (name=java.util.concurrent.atomic.AtomicLong, trace=300000)
	super		50000123
	static unsafe	50001c45
	constant pool entry 79	50000134
	constant pool entry 76	50000123
	constant pool entry 72	5000017d
	constant pool entry 2	5000006f
	constant pool entry 1	50001e4b
CLS 50000070 (name=java.nio.ByteOrder, trace=300000)
	super		50000185
	static BIG_ENDIAN	500022ea
	static LITTLE_ENDIAN	500022e9
	constant pool entry 21	50000070
	constant pool entry 20	50000071
	constant pool entry 19	50000185
	constant pool entry 2	500022e8
	constant pool entry 1	500022e7
CLS 50000071 (name=java.nio.Bits, trace=300000)
	super		50000185
	static unsafe	50001c45
	static byteOrder	500022e9
	static reservedMemory	500022f3
	static totalCapacity	500022f2
	static count	500022f1
	constant pool entry 269	50000064
	constant pool entry 268	500000d4
	constant pool entry 267	50000134
	constant pool entry 266	500000df
	constant pool entry 264	5000006f
	constant pool entry 263	50000103
	constant pool entry 262	50000070
	constant pool entry 260	5000006d
	constant pool entry 256	50000181
	constant pool entry 246	5000017d
	constant pool entry 8	50000071
	constant pool entry 6	500022f0
	constant pool entry 5	500022ef
	constant pool entry 4	500022ee
	constant pool entry 3	500022ed
CLS 50000073 (name=java.nio.ByteBuffer, trace=300000)
	super		50000126
	constant pool entry 138	50000072
	constant pool entry 136	50000070
	constant pool entry 135	50000073
	constant pool entry 132	50000126
	constant pool entry 131	50000071
CLS 50000072 (name=java.nio.HeapByteBuffer, trace=300000)
	super		50000073
	constant pool entry 257	5000010b
	constant pool entry 120	50000072
	constant pool entry 104	50000073
	constant pool entry 100	5000017a
CLS 50000075 (name=java.nio.charset.CharsetEncoder, trace=300000)
	super		50000185
	static stateNames	5000270f
	constant pool entry 355	5000010b
	constant pool entry 164	500000b5
	constant pool entry 163	50000095
	constant pool entry 162	50000069
	constant pool entry 160	50000097
	constant pool entry 159	500000cf
	constant pool entry 157	5000006b
	constant pool entry 156	50000073
	constant pool entry 153	50000164
	constant pool entry 150	50000181
	constant pool entry 149	50000185
	constant pool entry 146	5000017d
	constant pool entry 16	50000075
	constant pool entry 13	5000270e
	constant pool entry 7	5000270d
	constant pool entry 4	5000270c
	constant pool entry 3	5000270b
	constant pool entry 2	500025e4
CLS 50000074 (name=sun.nio.cs.ext.DoubleByte$Encoder, trace=300000)
	super		50000075
	constant pool entry 190	5000010b
	constant pool entry 87	50000074
	constant pool entry 82	500000b5
	constant pool entry 81	50000069
	constant pool entry 80	50000075
	constant pool entry 79	5000006b
	constant pool entry 78	50000073
	constant pool entry 76	50000181
	constant pool entry 72	5000018c
CLS 50000076 (name=sun.nio.cs.ArrayEncoder, trace=300000)
CLS 50000077 (name=sun.nio.cs.StreamEncoder, trace=300000)
	super		50000079
	constant pool entry 119	50000095
	constant pool entry 118	50000069
	constant pool entry 117	50000075
	constant pool entry 116	500000cf
	constant pool entry 114	5000006b
	constant pool entry 113	50000073
	constant pool entry 108	5000017d
	constant pool entry 106	50000079
	constant pool entry 104	50000086
	constant pool entry 2	50000077
CLS 50000078 (name=java.io.OutputStreamWriter, trace=300000)
	super		50000079
	constant pool entry 45	50000077
	constant pool entry 39	50000079
	constant pool entry 37	50000078
CLS 500000cf (name=java.nio.charset.Charset, trace=300000)
	super		50000185
	static bugLevel	50001c1a
	static standardProvider	500025e9
	static cache1	500010ed
	static cache2	50000b27
	static gate	500025e8
	static defaultCharset	500025e7
	constant pool entry 316	5000010b
	constant pool entry 157	50000064
	constant pool entry 155	500000cc
	constant pool entry 154	500000d4
	constant pool entry 148	50000103
	constant pool entry 147	500000ce
	constant pool entry 141	500000b4
	constant pool entry 134	500000c7
	constant pool entry 133	50000181
	constant pool entry 132	50000185
	constant pool entry 9	500000cf
	constant pool entry 7	500025e6
	constant pool entry 6	500025e5
	constant pool entry 2	500025e4
	constant pool entry 1	50001c1a
CLS 5000007a (name=sun.nio.cs.ext.MS936, trace=300000)
	super		500000cf
	static b2cSBStr	5000322c
	static b2cStr	50003233
	static b2c	50003232
	static b2cSB	50003231
	static c2b	50003230
	static c2bIndex	5000322f
	constant pool entry 364	5000010b
	constant pool entry 309	5000007a
	constant pool entry 308	500000b1
	constant pool entry 307	50000074
	constant pool entry 306	50000096
	constant pool entry 305	5000009a
	constant pool entry 303	500000cf
	constant pool entry 301	50000181
	constant pool entry 299	5000018c
	constant pool entry 130	500027bf
	constant pool entry 129	500027be
	constant pool entry 128	500027bd
	constant pool entry 127	500027bc
	constant pool entry 126	500027bb
	constant pool entry 125	500027ba
	constant pool entry 124	5000322e
	constant pool entry 123	500027b8
	constant pool entry 122	500027b7
	constant pool entry 121	500027b6
	constant pool entry 120	500027b5
	constant pool entry 119	500027b4
	constant pool entry 118	500027b3
	constant pool entry 117	500027b2
	constant pool entry 116	500027b1
	constant pool entry 115	500027b0
	constant pool entry 114	500027af
	constant pool entry 113	500027ae
	constant pool entry 112	500027ad
	constant pool entry 111	500027ac
	constant pool entry 110	500027ab
	constant pool entry 109	500027aa
	constant pool entry 108	500027a9
	constant pool entry 107	500027a8
	constant pool entry 106	500027a7
	constant pool entry 105	500027a6
	constant pool entry 104	500027a5
	constant pool entry 103	500027a4
	constant pool entry 102	500027a3
	constant pool entry 101	500027a2
	constant pool entry 100	500027a1
	constant pool entry 99	500027a0
	constant pool entry 98	5000279f
	constant pool entry 97	5000279e
	constant pool entry 96	5000279d
	constant pool entry 95	5000279c
	constant pool entry 94	5000279b
	constant pool entry 93	5000279a
	constant pool entry 92	50002799
	constant pool entry 91	50002798
	constant pool entry 90	50002797
	constant pool entry 89	50002796
	constant pool entry 88	50002795
	constant pool entry 87	50002794
	constant pool entry 86	50002793
	constant pool entry 85	50002792
	constant pool entry 84	50002791
	constant pool entry 83	50002790
	constant pool entry 82	5000278f
	constant pool entry 81	5000278e
	constant pool entry 80	5000278d
	constant pool entry 79	5000278c
	constant pool entry 78	5000278b
	constant pool entry 77	5000278a
	constant pool entry 76	50002789
	constant pool entry 75	50002788
	constant pool entry 74	50002787
	constant pool entry 73	50002786
	constant pool entry 72	50002785
	constant pool entry 71	50002784
	constant pool entry 70	50002783
	constant pool entry 69	50002782
	constant pool entry 68	50002781
	constant pool entry 67	50002780
	constant pool entry 66	5000277f
	constant pool entry 65	5000277e
	constant pool entry 64	5000277d
	constant pool entry 63	5000277c
	constant pool entry 62	5000277b
	constant pool entry 61	5000277a
	constant pool entry 60	50002779
	constant pool entry 59	50002778
	constant pool entry 58	50002777
	constant pool entry 57	50002776
	constant pool entry 56	50002775
	constant pool entry 55	50002774
	constant pool entry 54	50002773
	constant pool entry 53	50002772
	constant pool entry 52	50002771
	constant pool entry 51	50002770
	constant pool entry 50	5000276f
	constant pool entry 49	5000276e
	constant pool entry 48	5000276d
	constant pool entry 47	5000276c
	constant pool entry 46	5000276b
	constant pool entry 45	5000276a
	constant pool entry 44	50002769
	constant pool entry 43	50002768
	constant pool entry 42	50002767
	constant pool entry 41	50002766
	constant pool entry 40	50002765
	constant pool entry 39	50002764
	constant pool entry 38	50002763
	constant pool entry 37	50002762
	constant pool entry 36	50002761
	constant pool entry 35	50002760
	constant pool entry 34	5000275f
	constant pool entry 33	5000275e
	constant pool entry 32	5000275d
	constant pool entry 31	5000275c
	constant pool entry 30	5000275b
	constant pool entry 29	5000275a
	constant pool entry 28	50002759
	constant pool entry 27	50002758
	constant pool entry 26	50002757
	constant pool entry 25	50002756
	constant pool entry 24	50002755
	constant pool entry 23	50002754
	constant pool entry 22	50002753
	constant pool entry 21	50002752
	constant pool entry 20	50002751
	constant pool entry 19	50002750
	constant pool entry 18	5000274f
	constant pool entry 17	5000274e
	constant pool entry 16	5000274d
	constant pool entry 15	5000274c
	constant pool entry 14	5000274b
	constant pool entry 13	5000274a
	constant pool entry 12	50002749
	constant pool entry 11	50002748
	constant pool entry 10	50002747
	constant pool entry 9	50002746
	constant pool entry 8	50002745
	constant pool entry 7	50002744
	constant pool entry 6	50002743
	constant pool entry 5	5000322d
	constant pool entry 4	500029b1
	constant pool entry 1	5000322c
CLS 50000086 (name=java.io.OutputStream, trace=300000)
	super		50000185
	constant pool entry 25	50000185
CLS 5000007d (name=java.io.FilterOutputStream, trace=300000)
	super		50000086
	constant pool entry 22	50000086
	constant pool entry 20	5000007d
CLS 5000007b (name=java.io.BufferedOutputStream, trace=300000)
	super		5000007d
	constant pool entry 57	5000010b
	constant pool entry 31	5000017a
	constant pool entry 29	50000086
	constant pool entry 27	5000007d
	constant pool entry 26	5000007b
CLS 5000007c (name=java.io.PrintStream, trace=300000)
	super		5000007d
	constant pool entry 113	500000cf
	constant pool entry 110	50000181
	constant pool entry 103	5000007c
	constant pool entry 102	50000078
	constant pool entry 101	50000086
	constant pool entry 98	5000007d
	constant pool entry 94	50000065
	constant pool entry 3	50001c24
	constant pool entry 1	50003a01
CLS 5000007e (name=sun.reflect.misc.ReflectUtil, trace=300000)
	super		50000185
	static PROXY_PACKAGE	500022cd
	constant pool entry 115	500000da
	constant pool entry 113	500000b8
CLS 5000007f (name=java.util.concurrent.atomic.AtomicReferenceFieldUpdater$AtomicReferenceFieldUpdaterImpl$1, trace=300000)
	super		50000185
	constant pool entry 31	5000007f
	constant pool entry 27	50000185
	constant pool entry 24	5000017d
CLS 50000080 (name=java.security.PrivilegedExceptionAction, trace=300000)
CLS 50000082 (name=java.util.concurrent.atomic.AtomicReferenceFieldUpdater, trace=300000)
	super		50000185
	constant pool entry 38	500000da
	constant pool entry 35	50000081
	constant pool entry 33	50000185
CLS 50000081 (name=java.util.concurrent.atomic.AtomicReferenceFieldUpdater$AtomicReferenceFieldUpdaterImpl, trace=300000)
	super		50000082
	static U	50001c45
	constant pool entry 111	5000007e
	constant pool entry 110	50000134
	constant pool entry 109	5000007f
	constant pool entry 108	50000081
	constant pool entry 107	50000082
	constant pool entry 105	50000103
	constant pool entry 104	500000b8
	constant pool entry 103	50000155
	constant pool entry 93	5000017d
CLS 50000131 (name=java.io.InputStream, trace=300000)
	super		50000185
	constant pool entry 45	50000185
CLS 50000084 (name=java.io.FilterInputStream, trace=300000)
	super		50000131
	constant pool entry 24	50000131
	constant pool entry 22	50000084
CLS 50000083 (name=java.io.BufferedInputStream, trace=300000)
	super		50000084
	static bufUpdater	500022cc
	constant pool entry 130	5000010b
	constant pool entry 69	50000082
	constant pool entry 68	5000017a
	constant pool entry 64	50000131
	constant pool entry 62	50000084
	constant pool entry 9	50000083
	constant pool entry 8	50000189
	constant pool entry 7	500022cb
	constant pool entry 6	50001c15
CLS 50000085 (name=java.io.FileOutputStream, trace=300000)
	super		50000086
	constant pool entry 74	5000017a
	constant pool entry 71	50000185
	constant pool entry 69	50000086
	constant pool entry 67	500003b4
	constant pool entry 66	50000085
	constant pool entry 64	5000008a
	constant pool entry 63	5000012f
CLS 50000087 (name=java.io.Flushable, trace=300000)
CLS 50000088 (name=java.io.FileDescriptor$1, trace=300000)
	super		50000185
	constant pool entry 20	50000185
CLS 50000089 (name=sun.misc.JavaIOFileDescriptorAccess, trace=300000)
CLS 5000008a (name=java.io.FileDescriptor, trace=300000)
	super		50000185
	static in	50001c3e
	static out	50001c40
	static err	50001c3f
	constant pool entry 66	500000df
	constant pool entry 61	50000185
	constant pool entry 58	50000088
	constant pool entry 57	5000008a
	constant pool entry 56	50000132
CLS 5000008b (name=java.io.FileInputStream, trace=300000)
	super		50000131
	constant pool entry 72	5000017a
	constant pool entry 69	50000185
	constant pool entry 67	50000131
	constant pool entry 64	50000013
	constant pool entry 63	5000008b
	constant pool entry 62	5000008a
	constant pool entry 61	5000012f
CLS 5000008c (name=sun.misc.Version, trace=300000)
	super		50000185
	static launcher_name	50003a55
	static java_version	500032f6
	static java_runtime_name	50003a3a
	static java_profile_name	50001c1a
	static java_runtime_version	50003a45
	constant pool entry 143	5000008c
	constant pool entry 142	5000017a
	constant pool entry 17	500032f2
	constant pool entry 16	50003a46
	constant pool entry 15	50003a3b
	constant pool entry 11	50003a3a
	constant pool entry 9	50003a45
	constant pool entry 8	500032f6
CLS 5000008d (name=java.lang.Runtime, trace=300000)
	super		50000185
	static currentRuntime	50001e16
	constant pool entry 105	5000017a
	constant pool entry 103	50000181
	constant pool entry 98	5000008d
	constant pool entry 96	50000185
	constant pool entry 94	5000017b
	constant pool entry 91	5000012f
CLS 5000008e (name=java.util.Hashtable$Enumerator, trace=300000)
	super		50000185
	constant pool entry 59	5000008e
	constant pool entry 58	500000d3
	constant pool entry 57	50000159
	constant pool entry 52	50000185
CLS 5000008f (name=java.util.Iterator, trace=300000)
CLS 50000090 (name=java.util.Enumeration, trace=300000)
CLS 50000091 (name=java.util.Objects, trace=300000)
	super		50000185
CLS 50000093 (name=java.util.Collections$SynchronizedCollection, trace=300000)
	super		50000185
	constant pool entry 65	50000091
	constant pool entry 64	50000093
	constant pool entry 62	500000fc
	constant pool entry 60	50000185
CLS 50000092 (name=java.util.Collections$SynchronizedSet, trace=300000)
	super		50000093
	constant pool entry 29	50000093
CLS 50000094 (name=java.util.Hashtable$EntrySet, trace=300000)
	super		500000ee
	constant pool entry 47	50000094
	constant pool entry 44	50000159
	constant pool entry 43	500000ee
CLS 50000095 (name=java.nio.charset.CodingErrorAction, trace=300000)
	super		50000185
	static IGNORE	50002719
	static REPLACE	50002718
	static REPORT	50002717
	constant pool entry 19	50000095
	constant pool entry 18	50000185
	constant pool entry 3	50002716
	constant pool entry 2	50002715
	constant pool entry 1	50002714
CLS 50000097 (name=java.nio.charset.CharsetDecoder, trace=300000)
	super		50000185
	static stateNames	5000272b
	constant pool entry 273	5000010b
	constant pool entry 140	50000095
	constant pool entry 139	50000069
	constant pool entry 137	500000cf
	constant pool entry 134	50000073
	constant pool entry 129	50000181
	constant pool entry 128	50000185
	constant pool entry 125	5000017d
	constant pool entry 16	50000097
	constant pool entry 15	5000272a
	constant pool entry 12	5000270e
	constant pool entry 7	5000270d
	constant pool entry 4	5000270c
	constant pool entry 3	5000270b
	constant pool entry 2	500025e4
CLS 50000096 (name=sun.nio.cs.ext.DoubleByte$Decoder, trace=300000)
	super		50000097
	constant pool entry 68	50000096
	constant pool entry 64	50000069
	constant pool entry 63	50000097
	constant pool entry 62	5000006b
	constant pool entry 61	50000073
	constant pool entry 59	50000181
CLS 50000098 (name=sun.nio.cs.ArrayDecoder, trace=300000)
CLS 50000099 (name=sun.nio.cs.ext.DelegatableDecoder, trace=300000)
CLS 5000009a (name=sun.nio.cs.ext.DoubleByte, trace=300000)
	super		50000185
	static B2C_UNMAPPABLE	50002844
	constant pool entry 48	5000010b
	constant pool entry 22	5000009a
	constant pool entry 21	500000b5
CLS 5000009b (name=java.lang.StringCoding$StringDecoder, trace=300000)
	super		50000185
	constant pool entry 143	5000010b
	constant pool entry 72	500000a5
	constant pool entry 71	50000098
	constant pool entry 70	50000095
	constant pool entry 68	50000097
	constant pool entry 67	500000cf
	constant pool entry 63	5000009b
	constant pool entry 61	500000a1
	constant pool entry 59	50000185
	constant pool entry 57	5000017d
CLS 5000009c (name=java.lang.ThreadLocal$ThreadLocalMap$Entry[], trace=300000)
	super		50000185
CLS 5000009d (name=java.lang.ref.WeakReference[], trace=300000)
	super		50000185
CLS 5000009e (name=java.lang.ref.Reference[], trace=300000)
	super		50000185
CLS 5000009f (name=java.lang.ThreadLocal$ThreadLocalMap$Entry, trace=300000)
	super		50000164
	constant pool entry 15	50000164
	constant pool entry 14	5000009f
CLS 500000a0 (name=java.lang.ThreadLocal$ThreadLocalMap, trace=300000)
	super		50000185
	constant pool entry 121	5000010b
	constant pool entry 54	5000009f
	constant pool entry 53	500000a0
	constant pool entry 51	500000c7
	constant pool entry 50	50000185
CLS 500000a1 (name=java.lang.StringCoding, trace=300000)
	super		50000185
	static decoder	50003a70
	static encoder	50003a6f
	constant pool entry 134	500000b5
	constant pool entry 127	500000cf
	constant pool entry 123	50000165
	constant pool entry 122	500000c7
	constant pool entry 120	50000059
	constant pool entry 119	5000009b
	constant pool entry 117	500000a1
	constant pool entry 115	50000181
CLS 500000a2 (name=char[][], trace=300000)
	super		50000185
CLS 500000a3 (name=java.lang.Cloneable[], trace=300000)
	super		50000185
CLS 500000a4 (name=sun.nio.cs.ext.GBK, trace=300000)
	super		500000cf
	static b2cSBStr	50002741
	static b2cStr	500027c4
	static b2c	500027c3
	static b2cSB	500027c2
	static c2b	500027c1
	static c2bIndex	500027c0
	constant pool entry 362	5000010b
	constant pool entry 307	500000a4
	constant pool entry 306	500000b1
	constant pool entry 305	50000074
	constant pool entry 304	50000096
	constant pool entry 303	5000009a
	constant pool entry 301	500000cf
	constant pool entry 299	50000181
	constant pool entry 297	5000018c
	constant pool entry 129	500027bf
	constant pool entry 128	500027be
	constant pool entry 127	500027bd
	constant pool entry 126	500027bc
	constant pool entry 125	500027bb
	constant pool entry 124	500027ba
	constant pool entry 123	500027b9
	constant pool entry 122	500027b8
	constant pool entry 121	500027b7
	constant pool entry 120	500027b6
	constant pool entry 119	500027b5
	constant pool entry 118	500027b4
	constant pool entry 117	500027b3
	constant pool entry 116	500027b2
	constant pool entry 115	500027b1
	constant pool entry 114	500027b0
	constant pool entry 113	500027af
	constant pool entry 112	500027ae
	constant pool entry 111	500027ad
	constant pool entry 110	500027ac
	constant pool entry 109	500027ab
	constant pool entry 108	500027aa
	constant pool entry 107	500027a9
	constant pool entry 106	500027a8
	constant pool entry 105	500027a7
	constant pool entry 104	500027a6
	constant pool entry 103	500027a5
	constant pool entry 102	500027a4
	constant pool entry 101	500027a3
	constant pool entry 100	500027a2
	constant pool entry 99	500027a1
	constant pool entry 98	500027a0
	constant pool entry 97	5000279f
	constant pool entry 96	5000279e
	constant pool entry 95	5000279d
	constant pool entry 94	5000279c
	constant pool entry 93	5000279b
	constant pool entry 92	5000279a
	constant pool entry 91	50002799
	constant pool entry 90	50002798
	constant pool entry 89	50002797
	constant pool entry 88	50002796
	constant pool entry 87	50002795
	constant pool entry 86	50002794
	constant pool entry 85	50002793
	constant pool entry 84	50002792
	constant pool entry 83	50002791
	constant pool entry 82	50002790
	constant pool entry 81	5000278f
	constant pool entry 80	5000278e
	constant pool entry 79	5000278d
	constant pool entry 78	5000278c
	constant pool entry 77	5000278b
	constant pool entry 76	5000278a
	constant pool entry 75	50002789
	constant pool entry 74	50002788
	constant pool entry 73	50002787
	constant pool entry 72	50002786
	constant pool entry 71	50002785
	constant pool entry 70	50002784
	constant pool entry 69	50002783
	constant pool entry 68	50002782
	constant pool entry 67	50002781
	constant pool entry 66	50002780
	constant pool entry 65	5000277f
	constant pool entry 64	5000277e
	constant pool entry 63	5000277d
	constant pool entry 62	5000277c
	constant pool entry 61	5000277b
	constant pool entry 60	5000277a
	constant pool entry 59	50002779
	constant pool entry 58	50002778
	constant pool entry 57	50002777
	constant pool entry 56	50002776
	constant pool entry 55	50002775
	constant pool entry 54	50002774
	constant pool entry 53	50002773
	constant pool entry 52	50002772
	constant pool entry 51	50002771
	constant pool entry 50	50002770
	constant pool entry 49	5000276f
	constant pool entry 48	5000276e
	constant pool entry 47	5000276d
	constant pool entry 46	5000276c
	constant pool entry 45	5000276b
	constant pool entry 44	5000276a
	constant pool entry 43	50002769
	constant pool entry 42	50002768
	constant pool entry 41	50002767
	constant pool entry 40	50002766
	constant pool entry 39	50002765
	constant pool entry 38	50002764
	constant pool entry 37	50002763
	constant pool entry 36	50002762
	constant pool entry 35	50002761
	constant pool entry 34	50002760
	constant pool entry 33	5000275f
	constant pool entry 32	5000275e
	constant pool entry 31	5000275d
	constant pool entry 30	5000275c
	constant pool entry 29	5000275b
	constant pool entry 28	5000275a
	constant pool entry 27	50002759
	constant pool entry 26	50002758
	constant pool entry 25	50002757
	constant pool entry 24	50002756
	constant pool entry 23	50002755
	constant pool entry 22	50002754
	constant pool entry 21	50002753
	constant pool entry 20	50002752
	constant pool entry 19	50002751
	constant pool entry 18	50002750
	constant pool entry 17	5000274f
	constant pool entry 16	5000274e
	constant pool entry 15	5000274d
	constant pool entry 14	5000274c
	constant pool entry 13	5000274b
	constant pool entry 12	5000274a
	constant pool entry 11	50002749
	constant pool entry 10	50002748
	constant pool entry 9	50002747
	constant pool entry 8	50002746
	constant pool entry 7	50002745
	constant pool entry 6	50002744
	constant pool entry 5	50002743
	constant pool entry 4	50002742
	constant pool entry 2	5000273b
	constant pool entry 1	50002741
CLS 500000a5 (name=sun.nio.cs.HistoricallyNamedCharset, trace=300000)
CLS 500000a6 (name=java.util.TreeMap$Entry, trace=300000)
	super		50000185
	constant pool entry 47	500000a6
	constant pool entry 42	50000185
CLS 500000a7 (name=sun.misc.ASCIICaseInsensitiveComparator, trace=300000)
	super		50000185
	static CASE_INSENSITIVE_ORDER	50002baf
	constant pool entry 36	50000181
	constant pool entry 35	50000185
	constant pool entry 34	5000017d
	constant pool entry 1	500000a7
CLS 500000a8 (name=java.util.TreeMap, trace=300000)
	super		500000eb
	static UNBOUNDED	50002d1c
	constant pool entry 218	500000a6
	constant pool entry 213	500000a8
	constant pool entry 211	500000aa
	constant pool entry 204	5000015b
	constant pool entry 201	5000010d
	constant pool entry 198	500000eb
	constant pool entry 197	50000185
CLS 500000a9 (name=java.util.NavigableMap, trace=300000)
CLS 500000aa (name=java.util.SortedMap, trace=300000)
CLS 50000150 (name=sun.reflect.MagicAccessorImpl, trace=300000)
	super		50000185
	constant pool entry 6	50000185
CLS 5000014c (name=sun.reflect.ConstructorAccessorImpl, trace=300000)
	super		50000150
	constant pool entry 18	50000150
CLS 500000ab (name=sun.reflect.DelegatingConstructorAccessorImpl, trace=300000)
	super		5000014c
	constant pool entry 18	500000ab
	constant pool entry 17	5000014c
CLS 500000ac (name=sun.reflect.NativeConstructorAccessorImpl, trace=300000)
	super		5000014c
	constant pool entry 42	500000f5
	constant pool entry 41	500000ac
	constant pool entry 38	5000014c
CLS 500000ad (name=sun.reflect.ReflectionFactory$1, trace=300000)
	super		50000185
	constant pool entry 49	500000ad
	constant pool entry 48	500000f5
	constant pool entry 46	5000017a
	constant pool entry 43	50000185
	constant pool entry 3	50001cd7
	constant pool entry 2	50001cd6
CLS 500000ae (name=java.lang.Class$1, trace=300000)
	super		50000185
	constant pool entry 23	50000151
	constant pool entry 22	50000185
	constant pool entry 21	500000ae
CLS 500000af (name=java.lang.reflect.Constructor[], trace=300000)
	super		50000185
CLS 500000b0 (name=java.lang.reflect.Executable[], trace=300000)
	super		50000185
CLS 500000ce (name=java.nio.charset.spi.CharsetProvider, trace=300000)
	super		50000185
	constant pool entry 21	5000017a
	constant pool entry 18	50000185
CLS 500000b2 (name=sun.nio.cs.AbstractCharsetProvider, trace=300000)
	super		500000ce
	constant pool entry 86	500000a7
	constant pool entry 85	500000a8
	constant pool entry 84	5000015b
	constant pool entry 82	500000ce
	constant pool entry 81	500000cf
	constant pool entry 80	50000165
	constant pool entry 78	50000135
	constant pool entry 77	50000181
	constant pool entry 76	50000185
	constant pool entry 72	5000017d
	constant pool entry 70	500000db
	constant pool entry 3	500000b2
	constant pool entry 1	50001ccb
CLS 500000b1 (name=sun.nio.cs.ext.ExtendedCharsets, trace=300000)
	super		500000b2
	static instance	50002ba9
	constant pool entry 1580	5000010b
	constant pool entry 1542	50000064
	constant pool entry 1541	500000b1
	constant pool entry 1540	500000b2
	constant pool entry 1539	500000d4
	constant pool entry 1538	50000103
	constant pool entry 1537	50000181
	constant pool entry 1530	50002ba8
	constant pool entry 1529	50002ba7
	constant pool entry 1528	50002ba6
	constant pool entry 1527	50002ba5
	constant pool entry 1526	50002ba4
	constant pool entry 1525	50002ba3
	constant pool entry 1524	50002ba2
	constant pool entry 1523	50002ba1
	constant pool entry 1522	50002ba0
	constant pool entry 1521	50002b9f
	constant pool entry 1520	50002b9e
	constant pool entry 1519	50002b9d
	constant pool entry 1518	50002b9c
	constant pool entry 1517	50002b9b
	constant pool entry 1516	50002b9a
	constant pool entry 1515	50002b99
	constant pool entry 1514	50002b98
	constant pool entry 1513	50002b97
	constant pool entry 1512	50002b96
	constant pool entry 1511	50002b95
	constant pool entry 1510	50002b94
	constant pool entry 1509	50002b93
	constant pool entry 1508	50002b92
	constant pool entry 1507	50002b91
	constant pool entry 1506	50002b90
	constant pool entry 1505	50002b8f
	constant pool entry 1504	50002b8e
	constant pool entry 1503	50002b8d
	constant pool entry 1502	50002b8c
	constant pool entry 1501	50002b8b
	constant pool entry 1500	50002b8a
	constant pool entry 1499	50002b89
	constant pool entry 1498	50002b88
	constant pool entry 1497	50002b87
	constant pool entry 1496	50002b86
	constant pool entry 1495	50002b85
	constant pool entry 1494	50002b84
	constant pool entry 1493	50002b83
	constant pool entry 1492	50002b82
	constant pool entry 1491	50002b81
	constant pool entry 1490	50002b80
	constant pool entry 1489	50002b7f
	constant pool entry 1488	50002b7e
	constant pool entry 1487	50002b7d
	constant pool entry 1486	50002b7c
	constant pool entry 1485	50002b7b
	constant pool entry 1484	50002b7a
	constant pool entry 1483	50002b79
	constant pool entry 1482	50002b78
	constant pool entry 1480	50002b77
	constant pool entry 1479	50002b76
	constant pool entry 1477	50002b75
	constant pool entry 1476	50002b74
	constant pool entry 1475	50002b73
	constant pool entry 1474	50002b72
	constant pool entry 1473	50002b71
	constant pool entry 1472	50002b70
	constant pool entry 1471	50002b6f
	constant pool entry 1470	50002b6e
	constant pool entry 1469	50002b6d
	constant pool entry 1468	50002b6c
	constant pool entry 1467	50002b6b
	constant pool entry 1466	50002b6a
	constant pool entry 1465	50002b69
	constant pool entry 1464	50002b68
	constant pool entry 1463	50002b67
	constant pool entry 1462	50002b66
	constant pool entry 1461	50002b65
	constant pool entry 1460	50002b64
	constant pool entry 1459	50002b63
	constant pool entry 1458	50002b62
	constant pool entry 1457	50002b61
	constant pool entry 1456	50002b60
	constant pool entry 1455	50002b5f
	constant pool entry 1454	50002b5e
	constant pool entry 1453	50002b5d
	constant pool entry 1452	50002b5c
	constant pool entry 1451	50002b5b
	constant pool entry 1450	50002b5a
	constant pool entry 1449	50002b59
	constant pool entry 1448	50002b58
	constant pool entry 1447	50002b57
	constant pool entry 1446	50002b56
	constant pool entry 1445	50002b55
	constant pool entry 1444	50002b54
	constant pool entry 1443	50002b53
	constant pool entry 1442	50002b52
	constant pool entry 1441	50002b51
	constant pool entry 1440	50002b50
	constant pool entry 1439	50002b4f
	constant pool entry 1438	50002b4e
	constant pool entry 1437	50002b4d
	constant pool entry 1436	50002b4c
	constant pool entry 1435	50002b4b
	constant pool entry 1434	50002b4a
	constant pool entry 1433	50002b49
	constant pool entry 1432	50002b48
	constant pool entry 1431	50002b47
	constant pool entry 1430	50002b46
	constant pool entry 1429	50002b45
	constant pool entry 1428	50002b44
	constant pool entry 1427	50002b43
	constant pool entry 1426	50002b42
	constant pool entry 1425	50002b41
	constant pool entry 1424	50002b40
	constant pool entry 1423	50002b3f
	constant pool entry 1422	50002b3e
	constant pool entry 1421	50002b3d
	constant pool entry 1420	50002b3c
	constant pool entry 1419	50002b3b
	constant pool entry 1418	50002b3a
	constant pool entry 1417	50002b39
	constant pool entry 1416	50002b38
	constant pool entry 1415	50002b37
	constant pool entry 1414	50002b36
	constant pool entry 1413	50002b35
	constant pool entry 1412	50002b34
	constant pool entry 1411	50002b33
	constant pool entry 1410	50002b32
	constant pool entry 1409	50002b31
	constant pool entry 1408	50002b30
	constant pool entry 1407	50002b2f
	constant pool entry 1406	50002b2e
	constant pool entry 1405	50002b2d
	constant pool entry 1404	50002b2c
	constant pool entry 1403	50002b2b
	constant pool entry 1402	50002b2a
	constant pool entry 1401	50002b29
	constant pool entry 1400	50002b28
	constant pool entry 1399	50002b27
	constant pool entry 1398	50002b26
	constant pool entry 1397	50002b25
	constant pool entry 1396	50002b24
	constant pool entry 1395	50002b23
	constant pool entry 1394	50002b22
	constant pool entry 1393	50002b21
	constant pool entry 1392	50002b20
	constant pool entry 1391	50002b1f
	constant pool entry 1390	50002b1e
	constant pool entry 1389	50002b1d
	constant pool entry 1388	50002b1c
	constant pool entry 1387	50002b1b
	constant pool entry 1386	50002b1a
	constant pool entry 1385	50002b19
	constant pool entry 1384	50002b18
	constant pool entry 1383	50002b17
	constant pool entry 1382	50002b16
	constant pool entry 1381	50002b15
	constant pool entry 1380	50002b14
	constant pool entry 1379	50002b13
	constant pool entry 1378	50002b12
	constant pool entry 1377	50002b11
	constant pool entry 1376	50002b10
	constant pool entry 1375	50002b0f
	constant pool entry 1374	50002b0e
	constant pool entry 1373	50002b0d
	constant pool entry 1372	50002b0c
	constant pool entry 1371	50002b0b
	constant pool entry 1370	50002b0a
	constant pool entry 1369	50002b09
	constant pool entry 1368	50002b08
	constant pool entry 1367	50002b07
	constant pool entry 1366	50002b06
	constant pool entry 1365	50002b05
	constant pool entry 1364	50002b04
	constant pool entry 1363	50002b03
	constant pool entry 1362	50002b02
	constant pool entry 1361	50002b01
	constant pool entry 1360	50002b00
	constant pool entry 1359	50002aff
	constant pool entry 1358	50002afe
	constant pool entry 1357	50002afd
	constant pool entry 1356	50002afc
	constant pool entry 1355	50002afb
	constant pool entry 1354	50002afa
	constant pool entry 1353	50002af9
	constant pool entry 1352	50002af8
	constant pool entry 1351	50002af7
	constant pool entry 1350	50002af6
	constant pool entry 1349	50002af5
	constant pool entry 1348	50002af4
	constant pool entry 1347	50002af3
	constant pool entry 1346	50002af2
	constant pool entry 1345	50002af1
	constant pool entry 1344	50002af0
	constant pool entry 1343	50002aef
	constant pool entry 1342	50002aee
	constant pool entry 1341	50002aed
	constant pool entry 1340	50002aec
	constant pool entry 1339	50002aeb
	constant pool entry 1338	50002aea
	constant pool entry 1337	50002ae9
	constant pool entry 1336	50002ae8
	constant pool entry 1335	50002ae7
	constant pool entry 1334	50002ae6
	constant pool entry 1333	50002ae5
	constant pool entry 1332	50002ae4
	constant pool entry 1331	50002ae3
	constant pool entry 1330	50002ae2
	constant pool entry 1329	50002ae1
	constant pool entry 1328	50002ae0
	constant pool entry 1327	50002adf
	constant pool entry 1326	50002ade
	constant pool entry 1325	50002add
	constant pool entry 1324	50002adc
	constant pool entry 1323	50002adb
	constant pool entry 1322	50002ada
	constant pool entry 1321	50002ad9
	constant pool entry 1320	50002ad8
	constant pool entry 1319	50002ad7
	constant pool entry 1318	50002ad6
	constant pool entry 1317	50002ad5
	constant pool entry 1316	50002ad4
	constant pool entry 1315	50002ad3
	constant pool entry 1314	50002ad2
	constant pool entry 1313	50002ad1
	constant pool entry 1312	50002ad0
	constant pool entry 1311	50002acf
	constant pool entry 1310	50002ace
	constant pool entry 1309	50002acd
	constant pool entry 1308	50002acc
	constant pool entry 1307	50002acb
	constant pool entry 1306	50002aca
	constant pool entry 1305	50002ac9
	constant pool entry 1304	50002ac8
	constant pool entry 1303	50002ac7
	constant pool entry 1302	50002ac6
	constant pool entry 1301	50002ac5
	constant pool entry 1300	50002ac4
	constant pool entry 1299	50002ac3
	constant pool entry 1298	50002ac2
	constant pool entry 1297	50002ac1
	constant pool entry 1296	50002ac0
	constant pool entry 1295	50002abf
	constant pool entry 1294	50002abe
	constant pool entry 1293	50002abd
	constant pool entry 1292	50002abc
	constant pool entry 1291	50002abb
	constant pool entry 1290	50002aba
	constant pool entry 1289	50002ab9
	constant pool entry 1288	50002ab8
	constant pool entry 1287	50002ab7
	constant pool entry 1286	50002ab6
	constant pool entry 1285	50002ab5
	constant pool entry 1284	50002ab4
	constant pool entry 1283	50002ab3
	constant pool entry 1282	50002ab2
	constant pool entry 1281	50002ab1
	constant pool entry 1280	50002ab0
	constant pool entry 1279	50002aaf
	constant pool entry 1278	50002aae
	constant pool entry 1277	50002aad
	constant pool entry 1276	50002aac
	constant pool entry 1275	50002aab
	constant pool entry 1274	50002aaa
	constant pool entry 1273	50002aa9
	constant pool entry 1272	50002aa8
	constant pool entry 1271	50002aa7
	constant pool entry 1270	50002aa6
	constant pool entry 1269	50002aa5
	constant pool entry 1268	50002aa4
	constant pool entry 1267	50002aa3
	constant pool entry 1266	50002aa2
	constant pool entry 1265	50002aa1
	constant pool entry 1264	50002aa0
	constant pool entry 1263	50002a9f
	constant pool entry 1262	50002a9e
	constant pool entry 1261	50002a9d
	constant pool entry 1260	50002a9c
	constant pool entry 1259	50002a9b
	constant pool entry 1258	50002a9a
	constant pool entry 1257	50002a99
	constant pool entry 1256	50002a98
	constant pool entry 1255	50002a97
	constant pool entry 1254	50002a96
	constant pool entry 1253	50002a95
	constant pool entry 1252	50002a94
	constant pool entry 1251	50002a93
	constant pool entry 1250	50002a92
	constant pool entry 1249	50002a91
	constant pool entry 1248	50002a90
	constant pool entry 1247	50002a8f
	constant pool entry 1246	50002a8e
	constant pool entry 1245	50002a8d
	constant pool entry 1244	50002a8c
	constant pool entry 1243	50002a8b
	constant pool entry 1242	50002a8a
	constant pool entry 1241	50002a89
	constant pool entry 1240	50002a88
	constant pool entry 1239	50002a87
	constant pool entry 1238	50002a86
	constant pool entry 1237	50002a85
	constant pool entry 1236	50002a84
	constant pool entry 1235	50002a83
	constant pool entry 1234	50002a82
	constant pool entry 1233	50002a81
	constant pool entry 1232	50002a80
	constant pool entry 1231	50002a7f
	constant pool entry 1230	50002a7e
	constant pool entry 1229	50002a7d
	constant pool entry 1228	50002a7c
	constant pool entry 1227	50002a7b
	constant pool entry 1226	50002a7a
	constant pool entry 1225	50002a79
	constant pool entry 1224	50002a78
	constant pool entry 1223	50002a77
	constant pool entry 1222	50002a76
	constant pool entry 1221	50002a75
	constant pool entry 1220	50002a74
	constant pool entry 1219	50002a73
	constant pool entry 1218	50002a72
	constant pool entry 1217	50002a71
	constant pool entry 1216	50002a70
	constant pool entry 1215	50002a6f
	constant pool entry 1214	50002a6e
	constant pool entry 1213	50002a6d
	constant pool entry 1212	50002a6c
	constant pool entry 1211	50002a6b
	constant pool entry 1210	50002a6a
	constant pool entry 1209	50002a69
	constant pool entry 1208	50002a68
	constant pool entry 1207	50002a67
	constant pool entry 1206	50002a66
	constant pool entry 1205	50002a65
	constant pool entry 1203	50002a64
	constant pool entry 1202	50002a63
	constant pool entry 1201	50002a62
	constant pool entry 1200	50002a61
	constant pool entry 1199	50002a60
	constant pool entry 1198	50002a5f
	constant pool entry 1197	50002a5e
	constant pool entry 1196	50002a5d
	constant pool entry 1195	50002a5c
	constant pool entry 1194	50002a5b
	constant pool entry 1193	50002a5a
	constant pool entry 1192	50002a59
	constant pool entry 1191	50002a58
	constant pool entry 1190	50002a57
	constant pool entry 1189	50002a56
	constant pool entry 1188	50002a55
	constant pool entry 1187	50002a54
	constant pool entry 1186	50002a53
	constant pool entry 1185	50002a52
	constant pool entry 1184	50002a51
	constant pool entry 1183	50002a50
	constant pool entry 1182	50002a4f
	constant pool entry 1181	50002a4e
	constant pool entry 1180	50002a4d
	constant pool entry 1179	50002a4c
	constant pool entry 1178	50002a4b
	constant pool entry 1177	50002a4a
	constant pool entry 1176	50002a49
	constant pool entry 1175	50002a48
	constant pool entry 1174	50002a47
	constant pool entry 1173	50002a46
	constant pool entry 1172	50002a45
	constant pool entry 1171	50002a44
	constant pool entry 1170	50002a43
	constant pool entry 1169	50002a42
	constant pool entry 1168	50002a41
	constant pool entry 1167	50002a40
	constant pool entry 1166	50002a3f
	constant pool entry 1165	50002a3e
	constant pool entry 1164	50002a3d
	constant pool entry 1163	50002a3c
	constant pool entry 1162	50002a3b
	constant pool entry 1161	50002a3a
	constant pool entry 1160	50002a39
	constant pool entry 1159	50002a38
	constant pool entry 1158	50002a37
	constant pool entry 1157	50002a36
	constant pool entry 1156	50002a35
	constant pool entry 1155	50002a34
	constant pool entry 1154	50002a33
	constant pool entry 1153	50002a32
	constant pool entry 1152	50002a31
	constant pool entry 1151	50002a30
	constant pool entry 1150	50002a2f
	constant pool entry 1149	50002a2e
	constant pool entry 1148	50002a2d
	constant pool entry 1147	50002a2c
	constant pool entry 1146	50002a2b
	constant pool entry 1145	50002a2a
	constant pool entry 1144	50002a29
	constant pool entry 1143	50002a28
	constant pool entry 1142	50002a27
	constant pool entry 1141	50002a26
	constant pool entry 1140	50002a25
	constant pool entry 1139	50002a24
	constant pool entry 1138	50002a23
	constant pool entry 1137	50002a22
	constant pool entry 1136	50002a21
	constant pool entry 1135	50002a20
	constant pool entry 1134	50002a1f
	constant pool entry 1133	50002a1e
	constant pool entry 1132	50002a1d
	constant pool entry 1131	50002a1c
	constant pool entry 1130	50002a1b
	constant pool entry 1129	50002a1a
	constant pool entry 1128	50002a19
	constant pool entry 1127	50002a18
	constant pool entry 1126	50002a17
	constant pool entry 1125	50002a16
	constant pool entry 1124	50002a15
	constant pool entry 1123	50002a14
	constant pool entry 1122	50002a13
	constant pool entry 1121	50002a12
	constant pool entry 1120	50002a11
	constant pool entry 1119	50002a10
	constant pool entry 1118	50002a0f
	constant pool entry 1117	50002a0e
	constant pool entry 1116	50002a0d
	constant pool entry 1115	50002a0c
	constant pool entry 1114	50002a0b
	constant pool entry 1113	50002a0a
	constant pool entry 1112	50002a09
	constant pool entry 1111	50002a08
	constant pool entry 1110	50002a07
	constant pool entry 1109	50002a06
	constant pool entry 1108	50002a05
	constant pool entry 1107	50002a04
	constant pool entry 1106	50002a03
	constant pool entry 1105	50002a02
	constant pool entry 1103	50002a01
	constant pool entry 1102	50002a00
	constant pool entry 1101	500029ff
	constant pool entry 1100	500029fe
	constant pool entry 1099	500029fd
	constant pool entry 1098	500029fc
	constant pool entry 1097	500029fb
	constant pool entry 1096	500029fa
	constant pool entry 1095	500029f9
	constant pool entry 1094	500029f8
	constant pool entry 1093	500029f7
	constant pool entry 1092	500029f6
	constant pool entry 1091	500029f5
	constant pool entry 1090	500029f4
	constant pool entry 1089	500029f3
	constant pool entry 1088	500029f2
	constant pool entry 1087	500029f1
	constant pool entry 1086	500029f0
	constant pool entry 1085	500029ef
	constant pool entry 1084	500029ee
	constant pool entry 1083	500029ed
	constant pool entry 1082	500029ec
	constant pool entry 1081	500029eb
	constant pool entry 1080	500029ea
	constant pool entry 1079	500029e9
	constant pool entry 1078	500029e8
	constant pool entry 1077	500029e7
	constant pool entry 1076	500029e6
	constant pool entry 1075	500029e5
	constant pool entry 1074	500029e4
	constant pool entry 1073	500029e3
	constant pool entry 1072	500029e2
	constant pool entry 1071	500029e1
	constant pool entry 1070	500029e0
	constant pool entry 1069	500029df
	constant pool entry 1068	500029de
	constant pool entry 1067	500029dd
	constant pool entry 1066	500029dc
	constant pool entry 1065	500029db
	constant pool entry 1064	500029da
	constant pool entry 1063	500029d9
	constant pool entry 1062	500029d8
	constant pool entry 1061	500029d7
	constant pool entry 1060	500029d6
	constant pool entry 1059	500029d5
	constant pool entry 1058	500029d4
	constant pool entry 1057	500029d3
	constant pool entry 1056	500029d2
	constant pool entry 1055	500029d1
	constant pool entry 1054	500029d0
	constant pool entry 1053	500029cf
	constant pool entry 1052	500029ce
	constant pool entry 1051	500029cd
	constant pool entry 1050	500029cc
	constant pool entry 1049	500029cb
	constant pool entry 1048	500029ca
	constant pool entry 1047	500029c9
	constant pool entry 1046	500029c8
	constant pool entry 1045	500029c7
	constant pool entry 1044	500029c6
	constant pool entry 1043	500029c5
	constant pool entry 1042	500029c4
	constant pool entry 1041	500029c3
	constant pool entry 1040	500029c2
	constant pool entry 1039	500029c1
	constant pool entry 1038	500029c0
	constant pool entry 1037	500029bf
	constant pool entry 1036	500029be
	constant pool entry 1035	500029bd
	constant pool entry 1034	500029bc
	constant pool entry 1033	500029bb
	constant pool entry 251	500029ba
	constant pool entry 250	500029b9
	constant pool entry 249	500029b8
	constant pool entry 248	500029b7
	constant pool entry 247	500029b6
	constant pool entry 246	500029b5
	constant pool entry 245	500029b4
	constant pool entry 244	500029b3
	constant pool entry 243	500029b2
	constant pool entry 242	500029b1
	constant pool entry 241	500029b0
	constant pool entry 240	500029af
	constant pool entry 239	500029ae
	constant pool entry 238	500029ad
	constant pool entry 237	500029ac
	constant pool entry 236	500029ab
	constant pool entry 235	500029aa
	constant pool entry 234	500029a9
	constant pool entry 233	500029a8
	constant pool entry 232	500029a7
	constant pool entry 231	500029a6
	constant pool entry 230	500029a5
	constant pool entry 229	500029a4
	constant pool entry 228	500029a3
	constant pool entry 227	500029a2
	constant pool entry 226	500029a1
	constant pool entry 225	500029a0
	constant pool entry 224	5000299f
	constant pool entry 223	5000299e
	constant pool entry 222	5000299d
	constant pool entry 221	5000299c
	constant pool entry 220	5000299b
	constant pool entry 219	5000299a
	constant pool entry 218	50002999
	constant pool entry 217	50002998
	constant pool entry 216	5000273d
	constant pool entry 215	50002997
	constant pool entry 214	50002996
	constant pool entry 213	50002995
	constant pool entry 212	50002994
	constant pool entry 211	50002993
	constant pool entry 210	50002992
	constant pool entry 209	50002991
	constant pool entry 208	50002990
	constant pool entry 207	5000298f
	constant pool entry 206	5000298e
	constant pool entry 205	5000298d
	constant pool entry 204	5000298c
	constant pool entry 203	5000298b
	constant pool entry 202	5000298a
	constant pool entry 201	50002989
	constant pool entry 200	50002988
	constant pool entry 199	50002987
	constant pool entry 198	50002986
	constant pool entry 197	50002985
	constant pool entry 196	50002984
	constant pool entry 195	50002983
	constant pool entry 194	50002982
	constant pool entry 193	50002981
	constant pool entry 192	50002980
	constant pool entry 191	5000297f
	constant pool entry 190	5000297e
	constant pool entry 189	5000297d
	constant pool entry 188	5000297c
	constant pool entry 187	5000297b
	constant pool entry 186	5000297a
	constant pool entry 185	50002979
	constant pool entry 184	50002978
	constant pool entry 183	50002977
	constant pool entry 182	50002976
	constant pool entry 181	50002975
	constant pool entry 180	50002974
	constant pool entry 179	50002973
	constant pool entry 178	50002972
	constant pool entry 177	50002971
	constant pool entry 176	50002970
	constant pool entry 175	5000296f
	constant pool entry 174	5000296e
	constant pool entry 173	5000296d
	constant pool entry 172	5000296c
	constant pool entry 171	5000296b
	constant pool entry 170	5000296a
	constant pool entry 169	50002969
	constant pool entry 168	50002968
	constant pool entry 167	50002967
	constant pool entry 166	50002966
	constant pool entry 165	50002965
	constant pool entry 164	50002964
	constant pool entry 163	50002963
	constant pool entry 162	50002962
	constant pool entry 161	50002961
	constant pool entry 160	50002960
	constant pool entry 159	5000295f
	constant pool entry 158	5000295e
	constant pool entry 157	5000295d
	constant pool entry 156	5000295c
	constant pool entry 155	5000295b
	constant pool entry 154	5000295a
	constant pool entry 153	50002959
	constant pool entry 152	50002958
	constant pool entry 151	50002957
	constant pool entry 150	50002956
	constant pool entry 149	50002955
	constant pool entry 148	50002954
	constant pool entry 147	50002953
	constant pool entry 146	50002952
	constant pool entry 145	50002951
	constant pool entry 144	50002950
	constant pool entry 143	5000294f
	constant pool entry 142	5000294e
	constant pool entry 141	5000294d
	constant pool entry 140	5000294c
	constant pool entry 139	5000294b
	constant pool entry 138	5000294a
	constant pool entry 137	50002949
	constant pool entry 136	50002948
	constant pool entry 135	50002947
	constant pool entry 134	50002946
	constant pool entry 133	50002945
	constant pool entry 132	50002944
	constant pool entry 131	50002943
	constant pool entry 130	50002942
	constant pool entry 129	50002941
	constant pool entry 128	50002940
	constant pool entry 127	5000293f
	constant pool entry 126	5000293e
	constant pool entry 125	5000293d
	constant pool entry 124	5000293c
	constant pool entry 123	5000293b
	constant pool entry 122	5000293a
	constant pool entry 121	50002939
	constant pool entry 120	50002938
	constant pool entry 119	50002937
	constant pool entry 118	50002936
	constant pool entry 117	50002935
	constant pool entry 116	50002934
	constant pool entry 115	50002933
	constant pool entry 114	50002932
	constant pool entry 113	50002931
	constant pool entry 112	50002930
	constant pool entry 111	5000292f
	constant pool entry 110	5000292e
	constant pool entry 109	5000292d
	constant pool entry 108	5000292c
	constant pool entry 107	5000292b
	constant pool entry 106	5000292a
	constant pool entry 105	50002929
	constant pool entry 104	50002928
	constant pool entry 103	50002927
	constant pool entry 102	50002926
	constant pool entry 101	50002925
	constant pool entry 100	50002924
	constant pool entry 99	50002923
	constant pool entry 98	50002922
	constant pool entry 97	50002921
	constant pool entry 96	50002920
	constant pool entry 95	5000291f
	constant pool entry 94	5000291e
	constant pool entry 93	5000291d
	constant pool entry 92	5000291c
	constant pool entry 91	5000291b
	constant pool entry 90	5000291a
	constant pool entry 89	50002919
	constant pool entry 88	50002918
	constant pool entry 87	50002917
	constant pool entry 86	50002916
	constant pool entry 85	50002915
	constant pool entry 84	50002914
	constant pool entry 83	50002913
	constant pool entry 82	50002912
	constant pool entry 81	50002911
	constant pool entry 80	50002910
	constant pool entry 79	5000290f
	constant pool entry 78	5000290e
	constant pool entry 77	5000290d
	constant pool entry 76	5000290c
	constant pool entry 75	5000290b
	constant pool entry 74	5000290a
	constant pool entry 73	50002909
	constant pool entry 72	50002908
	constant pool entry 71	50002907
	constant pool entry 70	50002906
	constant pool entry 69	50002905
	constant pool entry 68	50002904
	constant pool entry 67	50002903
	constant pool entry 66	50002902
	constant pool entry 65	50002901
	constant pool entry 64	50002900
	constant pool entry 63	500028ff
	constant pool entry 62	500028fe
	constant pool entry 61	500028fd
	constant pool entry 60	500028fc
	constant pool entry 59	500028fb
	constant pool entry 58	500028fa
	constant pool entry 57	500028f9
	constant pool entry 56	500028f8
	constant pool entry 55	500028f7
	constant pool entry 54	500028f6
	constant pool entry 53	500028f5
	constant pool entry 52	500028f4
	constant pool entry 51	500028f3
	constant pool entry 50	500028f2
	constant pool entry 49	500028f1
	constant pool entry 48	500028f0
	constant pool entry 47	500028ef
	constant pool entry 46	500028ee
	constant pool entry 45	500028ed
	constant pool entry 44	500028ec
	constant pool entry 43	500028eb
	constant pool entry 42	500028ea
	constant pool entry 41	500028e9
	constant pool entry 40	500028e8
	constant pool entry 39	500028e7
	constant pool entry 38	500028e6
	constant pool entry 37	500028e5
	constant pool entry 36	500028e4
	constant pool entry 35	500028e3
	constant pool entry 34	500028e2
	constant pool entry 33	500028e1
	constant pool entry 32	500028e0
	constant pool entry 31	500028df
	constant pool entry 30	500028de
	constant pool entry 29	5000273b
	constant pool entry 28	500028dd
	constant pool entry 27	500028dc
	constant pool entry 26	500028db
	constant pool entry 25	500028da
	constant pool entry 24	500028d9
	constant pool entry 23	500028d8
	constant pool entry 22	500028d7
	constant pool entry 21	500028d6
	constant pool entry 20	500028d5
	constant pool entry 19	500028d4
	constant pool entry 18	500028d3
	constant pool entry 17	500028d2
	constant pool entry 16	500028d1
	constant pool entry 15	500028d0
	constant pool entry 14	5000273e
	constant pool entry 13	500028cf
	constant pool entry 12	500028ce
	constant pool entry 11	500028cd
	constant pool entry 10	500028cc
	constant pool entry 9	500028cb
	constant pool entry 8	500028ca
	constant pool entry 7	500028c9
	constant pool entry 6	500028c8
	constant pool entry 5	500028c7
	constant pool entry 4	500028c6
	constant pool entry 3	500028c5
	constant pool entry 2	500028c4
	constant pool entry 1	500028c3
CLS 500000b3 (name=java.nio.charset.Charset$ExtendedProviderHolder$1, trace=300000)
	super		50000185
	constant pool entry 39	500000ce
	constant pool entry 38	500000b3
	constant pool entry 34	50000185
	constant pool entry 29	5000017d
	constant pool entry 1	500032be
CLS 500000b4 (name=java.nio.charset.Charset$ExtendedProviderHolder, trace=300000)
	super		50000185
	static extendedProvider	50002ba9
	constant pool entry 19	50000103
	constant pool entry 18	500000ce
	constant pool entry 17	500000b3
	constant pool entry 16	500000b4
CLS 500000b5 (name=java.util.Arrays, trace=300000)
	super		50000185
	constant pool entry 798	5000010b
	constant pool entry 298	500009cb
	constant pool entry 292	5000002f
	constant pool entry 288	5000017a
	constant pool entry 285	50000185
	constant pool entry 284	500000d1
	constant pool entry 279	5000017d
	constant pool entry 19	500000b5
	constant pool entry 16	5000011c
	constant pool entry 2	50001c19
CLS 500000b6 (name=java.lang.reflect.ReflectAccess, trace=300000)
	super		50000185
	constant pool entry 40	50000152
	constant pool entry 39	50000155
	constant pool entry 37	50000151
	constant pool entry 36	50000185
CLS 500000b7 (name=sun.reflect.LangReflectAccess, trace=300000)
CLS 500000b8 (name=java.lang.reflect.Modifier, trace=300000)
	super		50000185
	constant pool entry 127	50000100
	constant pool entry 126	500000f5
	constant pool entry 125	50000103
	constant pool entry 124	500000b6
CLS 500000ba (name=java.util.WeakHashMap, trace=300000)
	super		500000eb
	static NULL_KEY	500032c2
	constant pool entry 318	5000010b
	constant pool entry 145	5000003c
	constant pool entry 139	5000003f
	constant pool entry 137	500000ba
	constant pool entry 128	500000eb
	constant pool entry 127	500000e6
	constant pool entry 124	50000185
	constant pool entry 121	50000122
	constant pool entry 120	5000003e
CLS 500000b9 (name=java.lang.ClassValue$ClassValueMap, trace=300000)
	super		500000ba
CLS 500000bb (name=sun.reflect.annotation.AnnotationType, trace=300000)
	super		50000185
CLS 500000bc (name=java.lang.Class$AnnotationData, trace=300000)
	super		50000185
CLS 500000bf (name=sun.reflect.generics.repository.AbstractRepository, trace=300000)
	super		50000185
CLS 500000be (name=sun.reflect.generics.repository.GenericDeclRepository, trace=300000)
	super		500000bf
CLS 500000bd (name=sun.reflect.generics.repository.ClassRepository, trace=300000)
	super		500000be
CLS 500000c0 (name=java.lang.reflect.Field[], trace=300000)
	super		50000185
CLS 500000c1 (name=java.lang.reflect.Member[], trace=300000)
	super		50000185
CLS 500000c2 (name=java.lang.reflect.AccessibleObject[], trace=300000)
	super		50000185
CLS 500000c3 (name=java.lang.Class$Atomic, trace=300000)
	super		50000185
	static unsafe	50001c45
	constant pool entry 52	50000134
	constant pool entry 46	500000c3
	constant pool entry 6	5000017d
	constant pool entry 5	500039bf
	constant pool entry 4	500039be
	constant pool entry 3	500039bd
CLS 500000c4 (name=java.lang.Class$ReflectionData, trace=300000)
	super		50000185
	constant pool entry 27	50000185
	constant pool entry 26	500000c4
CLS 500000c5 (name=java.lang.Class$3, trace=300000)
	super		50000185
	constant pool entry 34	5000017a
	constant pool entry 32	50000185
	constant pool entry 31	500000c5
	constant pool entry 30	5000017d
	constant pool entry 1	500039c3
CLS 500000c6 (name=java.util.concurrent.atomic.AtomicInteger, trace=300000)
	super		50000123
	static unsafe	50001c45
	constant pool entry 75	50000134
	constant pool entry 72	50000123
	constant pool entry 68	5000017d
	constant pool entry 2	500000c6
	constant pool entry 1	50001e4b
CLS 500000c7 (name=java.lang.ThreadLocal, trace=300000)
	super		50000185
	static nextHashCode	500032bd
	constant pool entry 58	500000c6
	constant pool entry 56	5000009f
	constant pool entry 55	500000a0
	constant pool entry 52	500000c7
	constant pool entry 51	5000015e
	constant pool entry 50	50000185
CLS 500000cb (name=sun.util.PreHashedMap, trace=300000)
	super		500000eb
	constant pool entry 91	5000010b
	constant pool entry 47	500000cb
	constant pool entry 44	500000eb
	constant pool entry 42	50000181
	constant pool entry 41	50000185
	constant pool entry 40	5000011c
CLS 500000c8 (name=sun.nio.cs.StandardCharsets$Cache, trace=300000)
	super		500000cb
	constant pool entry 115	5000010b
	constant pool entry 105	500000cb
	constant pool entry 104	500000c8
	constant pool entry 101	50000185
	constant pool entry 39	50002510
	constant pool entry 38	5000250f
	constant pool entry 37	5000250e
	constant pool entry 36	5000250d
	constant pool entry 35	5000250c
	constant pool entry 34	5000250b
	constant pool entry 33	5000250a
	constant pool entry 32	50002509
	constant pool entry 31	50002508
	constant pool entry 30	50002507
	constant pool entry 29	50002506
	constant pool entry 28	50002505
	constant pool entry 27	50002504
	constant pool entry 26	50002503
	constant pool entry 25	50002502
	constant pool entry 24	50002501
	constant pool entry 23	50002500
	constant pool entry 22	500024ff
	constant pool entry 21	500024fe
	constant pool entry 20	500024fd
	constant pool entry 19	500024fc
	constant pool entry 18	500024fb
	constant pool entry 17	500024fa
	constant pool entry 16	500024f9
	constant pool entry 15	500024f8
	constant pool entry 14	500024f7
	constant pool entry 13	500024f6
	constant pool entry 12	500024f5
	constant pool entry 11	500024f4
	constant pool entry 10	500023c1
	constant pool entry 9	500023c0
	constant pool entry 8	500023bf
	constant pool entry 7	500023be
	constant pool entry 6	500023bd
	constant pool entry 5	500023bc
	constant pool entry 4	500023ba
	constant pool entry 3	500023b8
	constant pool entry 2	500024f3
	constant pool entry 1	500024f2
CLS 500000c9 (name=sun.nio.cs.StandardCharsets$Classes, trace=300000)
	super		500000cb
	constant pool entry 193	5000010b
	constant pool entry 183	500000cb
	constant pool entry 182	500000c9
	constant pool entry 179	50000185
	constant pool entry 78	50002510
	constant pool entry 77	5000250f
	constant pool entry 76	5000250e
	constant pool entry 75	5000250d
	constant pool entry 74	5000250c
	constant pool entry 73	5000250b
	constant pool entry 72	5000250a
	constant pool entry 71	50002509
	constant pool entry 70	50002508
	constant pool entry 69	50002507
	constant pool entry 68	50002506
	constant pool entry 67	50002505
	constant pool entry 66	50002504
	constant pool entry 65	50002503
	constant pool entry 64	50002502
	constant pool entry 63	50002501
	constant pool entry 62	50002500
	constant pool entry 61	500024ff
	constant pool entry 60	500024fe
	constant pool entry 59	500024fd
	constant pool entry 58	500024fc
	constant pool entry 57	500024fb
	constant pool entry 56	500024fa
	constant pool entry 55	500024f9
	constant pool entry 54	500024f8
	constant pool entry 53	500024f7
	constant pool entry 52	500024f6
	constant pool entry 51	500024f5
	constant pool entry 50	500024f4
	constant pool entry 49	500023c1
	constant pool entry 48	500023c0
	constant pool entry 47	500023bf
	constant pool entry 46	500023be
	constant pool entry 45	500023bd
	constant pool entry 44	500023bc
	constant pool entry 43	500023ba
	constant pool entry 42	500023b8
	constant pool entry 41	500024f3
	constant pool entry 40	500024f2
	constant pool entry 39	500024f1
	constant pool entry 38	5000236b
	constant pool entry 37	5000236a
	constant pool entry 36	50002369
	constant pool entry 35	50002368
	constant pool entry 34	50002367
	constant pool entry 33	500024f0
	constant pool entry 32	50002366
	constant pool entry 31	50002365
	constant pool entry 30	50002364
	constant pool entry 29	500024ef
	constant pool entry 28	500024ee
	constant pool entry 27	500024ed
	constant pool entry 26	500024ec
	constant pool entry 25	500024eb
	constant pool entry 24	500024ea
	constant pool entry 23	500024e9
	constant pool entry 22	500024e8
	constant pool entry 21	500024e7
	constant pool entry 20	500024e6
	constant pool entry 19	500024e5
	constant pool entry 18	500024e4
	constant pool entry 17	500024e3
	constant pool entry 16	500024e2
	constant pool entry 15	500024e1
	constant pool entry 14	500024e0
	constant pool entry 13	5000235b
	constant pool entry 12	500024df
	constant pool entry 11	500024de
	constant pool entry 10	500024dd
	constant pool entry 9	500024dc
	constant pool entry 8	500024db
	constant pool entry 7	500024da
	constant pool entry 6	500024d9
	constant pool entry 5	500024d8
	constant pool entry 4	500024d7
	constant pool entry 3	500024d6
	constant pool entry 2	500024d5
	constant pool entry 1	500024d4
CLS 500000ca (name=sun.nio.cs.StandardCharsets$Aliases, trace=300000)
	super		500000cb
	constant pool entry 519	5000010b
	constant pool entry 509	500000cb
	constant pool entry 508	500000ca
	constant pool entry 505	50000185
	constant pool entry 241	50002510
	constant pool entry 240	50002598
	constant pool entry 239	5000250f
	constant pool entry 238	50002597
	constant pool entry 237	5000250e
	constant pool entry 236	50002596
	constant pool entry 235	50002595
	constant pool entry 234	5000250d
	constant pool entry 233	5000250c
	constant pool entry 232	500023e5
	constant pool entry 231	5000250b
	constant pool entry 230	5000250a
	constant pool entry 229	50002509
	constant pool entry 228	50002508
	constant pool entry 227	50002507
	constant pool entry 226	50002506
	constant pool entry 225	50002594
	constant pool entry 224	50002593
	constant pool entry 223	50002592
	constant pool entry 222	50002591
	constant pool entry 221	50002590
	constant pool entry 220	5000258f
	constant pool entry 219	5000258e
	constant pool entry 218	5000258d
	constant pool entry 217	5000258c
	constant pool entry 216	5000258b
	constant pool entry 215	500023e4
	constant pool entry 214	50002505
	constant pool entry 213	5000258a
	constant pool entry 212	50002504
	constant pool entry 211	50002589
	constant pool entry 210	50002503
	constant pool entry 209	50002502
	constant pool entry 208	50002501
	constant pool entry 207	50002500
	constant pool entry 206	500024ff
	constant pool entry 205	500024fe
	constant pool entry 204	5000230c
	constant pool entry 203	50002588
	constant pool entry 202	50002587
	constant pool entry 201	50002586
	constant pool entry 200	50002585
	constant pool entry 199	500023e3
	constant pool entry 198	500023e2
	constant pool entry 197	500023e1
	constant pool entry 196	50002584
	constant pool entry 195	50002583
	constant pool entry 194	500023df
	constant pool entry 193	500023de
	constant pool entry 192	500023dd
	constant pool entry 191	500023dc
	constant pool entry 190	50002582
	constant pool entry 189	50002581
	constant pool entry 188	500023db
	constant pool entry 187	500023da
	constant pool entry 186	500023d9
	constant pool entry 185	500023d8
	constant pool entry 184	500023d7
	constant pool entry 183	500023d6
	constant pool entry 182	500024fd
	constant pool entry 181	500024fc
	constant pool entry 180	500023d5
	constant pool entry 179	50002580
	constant pool entry 178	5000257f
	constant pool entry 177	5000257e
	constant pool entry 176	5000257d
	constant pool entry 175	5000257c
	constant pool entry 174	5000257b
	constant pool entry 173	5000257a
	constant pool entry 172	50002579
	constant pool entry 171	50002578
	constant pool entry 170	50002577
	constant pool entry 169	50002576
	constant pool entry 168	50002575
	constant pool entry 167	50002574
	constant pool entry 166	500023d4
	constant pool entry 165	50002573
	constant pool entry 164	50002572
	constant pool entry 163	50002312
	constant pool entry 162	500023d3
	constant pool entry 161	500023d2
	constant pool entry 160	500023d1
	constant pool entry 159	500023d0
	constant pool entry 158	500023cf
	constant pool entry 157	50002571
	constant pool entry 156	50002570
	constant pool entry 155	500023ce
	constant pool entry 154	5000256f
	constant pool entry 153	5000256e
	constant pool entry 152	500023cd
	constant pool entry 151	5000256d
	constant pool entry 150	500023cc
	constant pool entry 149	5000256c
	constant pool entry 148	5000256b
	constant pool entry 147	5000256a
	constant pool entry 146	50002569
	constant pool entry 145	50002568
	constant pool entry 144	50002307
	constant pool entry 143	500023cb
	constant pool entry 142	500023ca
	constant pool entry 141	500023c9
	constant pool entry 140	500023c8
	constant pool entry 139	500023c7
	constant pool entry 138	500023c6
	constant pool entry 137	500024fb
	constant pool entry 136	500024fa
	constant pool entry 135	500024f9
	constant pool entry 134	500024f8
	constant pool entry 133	500024f7
	constant pool entry 132	500024f6
	constant pool entry 131	500024f5
	constant pool entry 130	500024f4
	constant pool entry 129	50002567
	constant pool entry 128	50002566
	constant pool entry 127	500023c5
	constant pool entry 126	500023c4
	constant pool entry 125	500023c3
	constant pool entry 124	500023c2
	constant pool entry 123	500023e8
	constant pool entry 122	500023c1
	constant pool entry 121	500023c0
	constant pool entry 120	500023bf
	constant pool entry 119	500023be
	constant pool entry 118	500023bd
	constant pool entry 117	500023bc
	constant pool entry 116	50002565
	constant pool entry 115	500023bb
	constant pool entry 114	500023ba
	constant pool entry 113	500023b9
	constant pool entry 112	500023b8
	constant pool entry 111	50002564
	constant pool entry 110	500024f3
	constant pool entry 109	50002563
	constant pool entry 108	500023b7
	constant pool entry 107	500023b6
	constant pool entry 106	500023b5
	constant pool entry 105	500023b4
	constant pool entry 104	500023e7
	constant pool entry 103	500023b3
	constant pool entry 102	500023b2
	constant pool entry 101	500023b1
	constant pool entry 100	500023b0
	constant pool entry 99	500023af
	constant pool entry 98	500023ae
	constant pool entry 97	50002562
	constant pool entry 96	500023ad
	constant pool entry 95	500023ac
	constant pool entry 94	500023ab
	constant pool entry 93	500023aa
	constant pool entry 92	500023a9
	constant pool entry 91	500023a8
	constant pool entry 90	50002561
	constant pool entry 89	50002560
	constant pool entry 88	50002310
	constant pool entry 87	500023a7
	constant pool entry 86	500023a6
	constant pool entry 85	5000255f
	constant pool entry 84	500023a5
	constant pool entry 83	500023a4
	constant pool entry 82	500023a3
	constant pool entry 81	500023a2
	constant pool entry 80	5000255e
	constant pool entry 79	5000255d
	constant pool entry 78	5000255c
	constant pool entry 77	5000255b
	constant pool entry 76	5000255a
	constant pool entry 75	50002559
	constant pool entry 74	50002558
	constant pool entry 73	50002557
	constant pool entry 72	50002556
	constant pool entry 71	50002555
	constant pool entry 70	50002554
	constant pool entry 69	50002553
	constant pool entry 68	50002552
	constant pool entry 67	50002394
	constant pool entry 66	50002393
	constant pool entry 65	50002392
	constant pool entry 64	50002391
	constant pool entry 63	50002390
	constant pool entry 62	5000238f
	constant pool entry 61	5000238e
	constant pool entry 60	5000238d
	constant pool entry 59	5000238c
	constant pool entry 58	5000238b
	constant pool entry 57	5000238a
	constant pool entry 56	50002389
	constant pool entry 55	50002388
	constant pool entry 54	50002387
	constant pool entry 53	50002386
	constant pool entry 52	50002385
	constant pool entry 51	50002384
	constant pool entry 50	50002383
	constant pool entry 49	50002382
	constant pool entry 48	50002381
	constant pool entry 47	50002380
	constant pool entry 46	5000237f
	constant pool entry 45	5000237e
	constant pool entry 44	5000237d
	constant pool entry 43	5000230e
	constant pool entry 42	5000237c
	constant pool entry 41	5000237b
	constant pool entry 40	5000237a
	constant pool entry 39	50002379
	constant pool entry 38	50002378
	constant pool entry 37	50002377
	constant pool entry 36	50002376
	constant pool entry 35	50002551
	constant pool entry 34	500024f2
	constant pool entry 33	50002375
	constant pool entry 32	50002314
	constant pool entry 31	50002550
	constant pool entry 30	5000254f
	constant pool entry 29	5000254e
	constant pool entry 28	50002374
	constant pool entry 27	5000233b
	constant pool entry 26	5000233a
	constant pool entry 25	50002339
	constant pool entry 24	50002338
	constant pool entry 23	50002337
	constant pool entry 22	50002336
	constant pool entry 21	50002335
	constant pool entry 20	50002334
	constant pool entry 19	50002333
	constant pool entry 18	50002332
	constant pool entry 17	50002331
	constant pool entry 16	50002330
	constant pool entry 15	5000232f
	constant pool entry 14	500023e6
	constant pool entry 13	5000232e
	constant pool entry 12	5000232d
	constant pool entry 11	5000232c
	constant pool entry 10	5000232b
	constant pool entry 9	5000232a
	constant pool entry 8	50002329
	constant pool entry 7	50002328
	constant pool entry 6	50002327
	constant pool entry 5	50002326
	constant pool entry 4	50002325
	constant pool entry 3	50002324
	constant pool entry 2	50002311
	constant pool entry 1	50002323
CLS 500000cd (name=sun.nio.cs.FastCharsetProvider, trace=300000)
	super		500000ce
	constant pool entry 135	5000010b
	constant pool entry 73	50000ac8
	constant pool entry 71	500000cd
	constant pool entry 70	5000015b
	constant pool entry 69	500000ce
	constant pool entry 68	500000cf
	constant pool entry 66	50000135
	constant pool entry 65	50000181
	constant pool entry 63	50000185
	constant pool entry 59	5000017d
	constant pool entry 2	500024ef
	constant pool entry 1	50001ccb
CLS 500000cc (name=sun.nio.cs.StandardCharsets, trace=300000)
	super		500000cd
	static aliases_US_ASCII	50002305
	static aliases_UTF_8	5000240e
	static aliases_CESU_8	5000240d
	static aliases_UTF_16	5000240c
	static aliases_UTF_16BE	5000240b
	static aliases_UTF_16LE	5000240a
	static aliases_UTF_16LE_BOM	50002409
	static aliases_UTF_32	50002408
	static aliases_UTF_32LE	50002407
	static aliases_UTF_32BE	50002406
	static aliases_UTF_32LE_BOM	50002405
	static aliases_UTF_32BE_BOM	50002404
	static aliases_ISO_8859_1	50002403
	static aliases_ISO_8859_2	50002402
	static aliases_ISO_8859_4	50002401
	static aliases_ISO_8859_5	50002400
	static aliases_ISO_8859_7	500023ff
	static aliases_ISO_8859_9	500023fe
	static aliases_ISO_8859_13	500023fd
	static aliases_ISO_8859_15	500023fc
	static aliases_KOI8_R	500023fb
	static aliases_KOI8_U	500023fa
	static aliases_MS1250	500023f9
	static aliases_MS1251	500023f8
	static aliases_MS1252	500023f7
	static aliases_MS1253	500023f6
	static aliases_MS1254	500023f5
	static aliases_MS1257	500023f4
	static aliases_IBM437	500023f3
	static aliases_IBM737	500023f2
	static aliases_IBM775	500023f1
	static aliases_IBM850	500023f0
	static aliases_IBM852	500023ef
	static aliases_IBM855	500023ee
	static aliases_IBM857	500023ed
	static aliases_IBM858	500023ec
	static aliases_IBM862	500023eb
	static aliases_IBM866	500023ea
	static aliases_IBM874	500023e9
	constant pool entry 574	5000010b
	constant pool entry 483	500000c9
	constant pool entry 482	500000c8
	constant pool entry 481	500000ca
	constant pool entry 479	500000cc
	constant pool entry 478	500000cd
	constant pool entry 477	50000181
	constant pool entry 476	500023e8
	constant pool entry 475	500023e7
	constant pool entry 474	500023e6
	constant pool entry 209	500023e5
	constant pool entry 208	500023e4
	constant pool entry 207	5000230c
	constant pool entry 206	500023e3
	constant pool entry 205	500023e2
	constant pool entry 204	500023e1
	constant pool entry 203	500023e0
	constant pool entry 202	500023df
	constant pool entry 201	500023de
	constant pool entry 200	500023dd
	constant pool entry 199	500023dc
	constant pool entry 198	500023db
	constant pool entry 197	500023da
	constant pool entry 196	500023d9
	constant pool entry 195	500023d8
	constant pool entry 194	500023d7
	constant pool entry 193	500023d6
	constant pool entry 192	500023d5
	constant pool entry 191	500023d4
	constant pool entry 190	50002312
	constant pool entry 189	500023d3
	constant pool entry 188	500023d2
	constant pool entry 187	500023d1
	constant pool entry 186	500023d0
	constant pool entry 185	500023cf
	constant pool entry 184	500023ce
	constant pool entry 183	500023cd
	constant pool entry 182	500023cc
	constant pool entry 181	50002307
	constant pool entry 180	500023cb
	constant pool entry 179	500023ca
	constant pool entry 178	500023c9
	constant pool entry 177	500023c8
	constant pool entry 176	500023c7
	constant pool entry 175	500023c6
	constant pool entry 174	500023c5
	constant pool entry 173	500023c4
	constant pool entry 172	500023c3
	constant pool entry 171	500023c2
	constant pool entry 170	500023c1
	constant pool entry 169	500023c0
	constant pool entry 168	500023bf
	constant pool entry 167	500023be
	constant pool entry 166	500023bd
	constant pool entry 165	500023bc
	constant pool entry 164	500023bb
	constant pool entry 163	500023ba
	constant pool entry 162	500023b9
	constant pool entry 161	500023b8
	constant pool entry 160	500023b7
	constant pool entry 159	500023b6
	constant pool entry 158	500023b5
	constant pool entry 157	500023b4
	constant pool entry 156	500023b3
	constant pool entry 155	500023b2
	constant pool entry 154	500023b1
	constant pool entry 153	500023b0
	constant pool entry 152	500023af
	constant pool entry 151	500023ae
	constant pool entry 150	500023ad
	constant pool entry 149	500023ac
	constant pool entry 148	500023ab
	constant pool entry 147	500023aa
	constant pool entry 146	500023a9
	constant pool entry 145	500023a8
	constant pool entry 144	50002310
	constant pool entry 143	500023a7
	constant pool entry 142	500023a6
	constant pool entry 141	500023a5
	constant pool entry 140	500023a4
	constant pool entry 139	500023a3
	constant pool entry 138	500023a2
	constant pool entry 137	500023a1
	constant pool entry 136	500023a0
	constant pool entry 135	5000239f
	constant pool entry 134	5000239e
	constant pool entry 133	5000239d
	constant pool entry 132	5000239c
	constant pool entry 131	5000239b
	constant pool entry 130	5000239a
	constant pool entry 129	50002399
	constant pool entry 128	50002398
	constant pool entry 127	50002397
	constant pool entry 126	50002396
	constant pool entry 125	50002395
	constant pool entry 124	5000230f
	constant pool entry 123	50002394
	constant pool entry 122	50002393
	constant pool entry 121	50002392
	constant pool entry 120	50002391
	constant pool entry 119	50002390
	constant pool entry 118	5000238f
	constant pool entry 117	5000238e
	constant pool entry 116	5000238d
	constant pool entry 115	5000238c
	constant pool entry 114	5000238b
	constant pool entry 113	5000238a
	constant pool entry 112	50002389
	constant pool entry 111	50002388
	constant pool entry 110	50002387
	constant pool entry 109	50002386
	constant pool entry 108	50002385
	constant pool entry 107	50002384
	constant pool entry 106	50002383
	constant pool entry 105	50002382
	constant pool entry 104	50002381
	constant pool entry 103	50002380
	constant pool entry 102	5000237f
	constant pool entry 101	5000237e
	constant pool entry 100	5000237d
	constant pool entry 99	5000230e
	constant pool entry 98	5000237c
	constant pool entry 97	5000237b
	constant pool entry 96	5000237a
	constant pool entry 95	50002379
	constant pool entry 94	50002378
	constant pool entry 93	50002377
	constant pool entry 92	50002376
	constant pool entry 91	50002375
	constant pool entry 90	50002314
	constant pool entry 89	50002374
	constant pool entry 88	50002373
	constant pool entry 87	50002372
	constant pool entry 86	50002371
	constant pool entry 85	50002370
	constant pool entry 84	5000236f
	constant pool entry 83	5000236e
	constant pool entry 82	5000236d
	constant pool entry 81	5000236c
	constant pool entry 80	5000236b
	constant pool entry 79	5000236a
	constant pool entry 78	50002369
	constant pool entry 77	50002368
	constant pool entry 76	50002367
	constant pool entry 75	50002366
	constant pool entry 74	50002365
	constant pool entry 73	50002364
	constant pool entry 72	50002363
	constant pool entry 71	50002362
	constant pool entry 70	50002361
	constant pool entry 69	50002360
	constant pool entry 68	5000235f
	constant pool entry 67	5000235e
	constant pool entry 66	5000235d
	constant pool entry 65	5000235c
	constant pool entry 64	5000235b
	constant pool entry 63	5000235a
	constant pool entry 62	50002359
	constant pool entry 61	50002358
	constant pool entry 60	50002357
	constant pool entry 59	50002356
	constant pool entry 58	50002355
	constant pool entry 57	50002354
	constant pool entry 56	50002353
	constant pool entry 55	50002352
	constant pool entry 54	50002351
	constant pool entry 53	50002350
	constant pool entry 52	5000234f
	constant pool entry 51	5000234e
	constant pool entry 50	50002309
	constant pool entry 49	5000234d
	constant pool entry 48	5000234c
	constant pool entry 47	5000234b
	constant pool entry 46	5000234a
	constant pool entry 45	50002349
	constant pool entry 44	50002348
	constant pool entry 43	50002347
	constant pool entry 42	50002346
	constant pool entry 41	50002345
	constant pool entry 40	5000230b
	constant pool entry 39	50002344
	constant pool entry 38	50002343
	constant pool entry 37	50002342
	constant pool entry 36	50002341
	constant pool entry 35	5000230d
	constant pool entry 34	50002340
	constant pool entry 33	5000233f
	constant pool entry 32	5000233e
	constant pool entry 31	5000233d
	constant pool entry 30	5000233c
	constant pool entry 29	5000230a
	constant pool entry 28	50002308
	constant pool entry 27	50002313
	constant pool entry 26	5000233b
	constant pool entry 25	5000233a
	constant pool entry 24	50002339
	constant pool entry 23	50002338
	constant pool entry 22	50002337
	constant pool entry 21	50002336
	constant pool entry 20	50002335
	constant pool entry 19	50002334
	constant pool entry 18	50002333
	constant pool entry 17	50002332
	constant pool entry 16	50002331
	constant pool entry 15	50002330
	constant pool entry 14	5000232f
	constant pool entry 13	5000232e
	constant pool entry 12	5000232d
	constant pool entry 11	5000232c
	constant pool entry 10	5000232b
	constant pool entry 9	5000232a
	constant pool entry 8	50002329
	constant pool entry 7	50002328
	constant pool entry 6	50002327
	constant pool entry 5	50002326
	constant pool entry 4	50002325
	constant pool entry 3	50002324
	constant pool entry 2	50002311
	constant pool entry 1	50002323
CLS 5000015e (name=java.lang.Thread, trace=300000)
	super		50000185
	static EMPTY_STACK_TRACE	50001c2d
	static SUBCLASS_IMPLEMENTATION_PERMISSION	50001c2c
	constant pool entry 537	5000010b
	constant pool entry 260	50000103
	constant pool entry 252	5000015c
	constant pool entry 245	5000017a
	constant pool entry 242	50000127
	constant pool entry 240	50000104
	constant pool entry 238	50000185
	constant pool entry 15	5000015e
	constant pool entry 9	50001c2b
CLS 500000d0 (name=java.lang.ref.Finalizer$FinalizerThread, trace=300000)
	super		5000015e
	constant pool entry 33	500000d4
	constant pool entry 32	500000df
	constant pool entry 30	500000e6
	constant pool entry 29	500000d0
	constant pool entry 28	50000160
	constant pool entry 27	5000015e
	constant pool entry 1	50003a85
CLS 500000d1 (name=java.lang.Math, trace=300000)
	super		50000185
	constant pool entry 166	50000122
	constant pool entry 165	50000121
	constant pool entry 164	5000017d
	constant pool entry 14	500000d1
CLS 500000d2 (name=java.util.Hashtable$Entry[], trace=300000)
	super		50000185
CLS 500000d3 (name=java.util.Hashtable$Entry, trace=300000)
	super		50000185
	constant pool entry 46	500000d3
	constant pool entry 43	50000185
CLS 500000d4 (name=sun.misc.VM, trace=300000)
	super		50000185
	static lock	50001cf8
	static savedProps	50001cf7
	constant pool entry 146	500000d4
	constant pool entry 145	5000004a
	constant pool entry 144	50000158
	constant pool entry 139	50000181
	constant pool entry 138	5000008d
	constant pool entry 137	50000185
	constant pool entry 11	50001c26
	constant pool entry 10	50001cf6
	constant pool entry 9	50001cf5
	constant pool entry 8	50001cf4
	constant pool entry 7	50001cf3
	constant pool entry 6	50001cf2
	constant pool entry 5	50001cf1
	constant pool entry 4	50001cf0
	constant pool entry 1	50001cef
CLS 500000d5 (name=java.util.HashMap$Node[], trace=300000)
	super		50000185
CLS 500000d6 (name=java.util.Map$Entry[], trace=300000)
	super		50000185
CLS 500000d8 (name=java.util.Map$Entry, trace=300000)
CLS 500000da (name=sun.reflect.Reflection, trace=300000)
	super		50000185
	static fieldFilterMap	50001cdf
	static methodFilterMap	50001cde
	constant pool entry 231	5000010b
	constant pool entry 114	5000015b
	constant pool entry 113	500000d9
	constant pool entry 112	500000b8
	constant pool entry 107	50000181
	constant pool entry 101	50001149
	constant pool entry 99	500000c0
	constant pool entry 14	500000da
	constant pool entry 12	5000017a
	constant pool entry 11	5000017d
	constant pool entry 10	50001cdd
	constant pool entry 9	50001cdc
	constant pool entry 8	50001cdb
	constant pool entry 7	50001cda
CLS 500000db (name=java.lang.String[], trace=300000)
	super		50000185
CLS 500000dc (name=java.lang.CharSequence[], trace=300000)
	super		50000185
CLS 50000178 (name=java.lang.Error, trace=300000)
	super		50000179
	constant pool entry 14	50000179
CLS 5000016e (name=java.lang.LinkageError, trace=300000)
	super		50000178
	constant pool entry 12	50000178
CLS 500000de (name=java.lang.IncompatibleClassChangeError, trace=300000)
	super		5000016e
	constant pool entry 13	5000016e
CLS 500000dd (name=java.lang.NoSuchMethodError, trace=300000)
	super		500000de
	constant pool entry 12	500000de
CLS 500000df (name=sun.misc.SharedSecrets, trace=300000)
	super		50000185
	static unsafe	50001c45
	static javaUtilJarAccess	50000abb
	static javaLangAccess	50001ae0
	static javaLangRefAccess	5000214a
	static javaNetAccess	50002149
	static javaNioAccess	50002148
	static javaIOFileDescriptorAccess	50002147
	static javaSecurityProtectionDomainAccess	50002146
	static javaSecurityAccess	50002145
	static javaUtilZipFileAccess	50000657
	constant pool entry 70	50000134
	constant pool entry 69	500000df
	constant pool entry 9	50000654
CLS 500000e0 (name=java.lang.ref.Reference$1, trace=300000)
	super		50000185
	constant pool entry 14	50000185
CLS 500000e1 (name=sun.misc.JavaLangRefAccess, trace=300000)
CLS 500000e2 (name=java.lang.Thread[], trace=300000)
	super		50000185
CLS 500000e3 (name=java.lang.Runnable[], trace=300000)
	super		50000185
CLS 500000e4 (name=java.lang.ref.ReferenceQueue$Lock, trace=300000)
	super		50000185
	constant pool entry 12	500000e4
	constant pool entry 9	50000185
CLS 500000e6 (name=java.lang.ref.ReferenceQueue, trace=300000)
	super		50000185
	static NULL	5000213e
	static ENQUEUED	50002142
	constant pool entry 64	500000e5
	constant pool entry 63	500000e4
	constant pool entry 57	50000185
	constant pool entry 54	5000017d
	constant pool entry 2	500000e6
CLS 500000e5 (name=java.lang.ref.ReferenceQueue$Null, trace=300000)
	super		500000e6
	constant pool entry 13	500000e5
	constant pool entry 11	500000e6
CLS 500000e9 (name=java.util.Collections$UnmodifiableCollection, trace=300000)
	super		50000185
	constant pool entry 51	50000ddc
	constant pool entry 50	500000e9
	constant pool entry 48	500000fc
	constant pool entry 46	50000185
CLS 500000e8 (name=java.util.Collections$UnmodifiableList, trace=300000)
	super		500000e9
	constant pool entry 49	500000fb
	constant pool entry 46	500000e8
	constant pool entry 45	500000e9
CLS 500000e7 (name=java.util.Collections$UnmodifiableRandomAccessList, trace=300000)
	super		500000e8
	constant pool entry 20	500000e8
CLS 500000ea (name=java.util.Collections$EmptyMap, trace=300000)
	super		500000eb
	constant pool entry 58	500000ea
	constant pool entry 55	500000eb
CLS 500000f8 (name=java.util.AbstractList, trace=300000)
	super		500000f9
	constant pool entry 72	500000f8
	constant pool entry 71	500000f9
CLS 500000ec (name=java.util.Collections$EmptyList, trace=300000)
	super		500000f8
	constant pool entry 67	500000ec
	constant pool entry 65	500000f0
	constant pool entry 63	500000f8
CLS 500000ed (name=java.util.Collections$EmptySet, trace=300000)
	super		500000ee
	constant pool entry 46	500000ed
	constant pool entry 42	500000ee
CLS 500000ef (name=java.util.Set, trace=300000)
CLS 500000f0 (name=java.util.Collections, trace=300000)
	super		50000185
	static EMPTY_SET	50001e0c
	static EMPTY_LIST	50001e0b
	static EMPTY_MAP	50001e0a
	constant pool entry 267	500000fa
	constant pool entry 258	50001157
	constant pool entry 257	500000e7
	constant pool entry 253	500001ea
	constant pool entry 248	50000092
	constant pool entry 244	5000128c
	constant pool entry 238	5000003d
	constant pool entry 235	500000ed
	constant pool entry 234	500000ea
	constant pool entry 232	500000ec
	constant pool entry 231	50000fef
	constant pool entry 214	500000f0
CLS 500000f1 (name=java.util.ArrayList, trace=300000)
	super		500000f8
	static EMPTY_ELEMENTDATA	500022df
	static DEFAULTCAPACITY_EMPTY_ELEMENTDATA	500022de
	constant pool entry 340	5000010b
	constant pool entry 175	500000fc
	constant pool entry 173	500000b5
	constant pool entry 172	50001254
	constant pool entry 170	50000dde
	constant pool entry 167	500000f1
	constant pool entry 166	500000f8
	constant pool entry 164	5000017a
	constant pool entry 161	50000185
	constant pool entry 160	500000d1
	constant pool entry 11	5000011c
CLS 500000f2 (name=java.lang.InterruptedException, trace=300000)
	super		50000176
CLS 500000f3 (name=java.lang.ref.Reference$ReferenceHandler, trace=300000)
	super		5000015e
	constant pool entry 36	500000f3
	constant pool entry 35	50000166
	constant pool entry 34	5000015e
	constant pool entry 30	5000017d
	constant pool entry 2	50000161
	constant pool entry 1	500000f2
CLS 500000f4 (name=java.lang.ref.Reference$Lock, trace=300000)
	super		50000185
	constant pool entry 12	500000f4
	constant pool entry 9	50000185
CLS 500000f5 (name=sun.reflect.ReflectionFactory, trace=300000)
	super		50000185
	static reflectionFactoryAccessPerm	50001cd1
	static soleInstance	50001ccd
	static langReflectAccess	50001cd0
	constant pool entry 112	500000ad
	constant pool entry 111	500000f5
	constant pool entry 110	500000da
	constant pool entry 109	50001151
	constant pool entry 108	500000ac
	constant pool entry 106	500000b7
	constant pool entry 104	50001153
	constant pool entry 103	500000ab
	constant pool entry 101	50000103
	constant pool entry 100	500000b8
	constant pool entry 98	50000151
	constant pool entry 97	5000017a
	constant pool entry 95	50000104
	constant pool entry 94	50000185
	constant pool entry 4	5000014c
	constant pool entry 3	5000017d
	constant pool entry 2	50001ccf
CLS 500000f7 (name=java.util.Vector, trace=300000)
	super		500000f8
	constant pool entry 351	5000010b
	constant pool entry 171	500000f7
	constant pool entry 162	500000b5
	constant pool entry 161	500000f8
	constant pool entry 159	5000017a
	constant pool entry 156	50000185
CLS 500000f6 (name=java.util.Stack, trace=300000)
	super		500000f7
	constant pool entry 33	500000f7
	constant pool entry 32	500000f6
CLS 500000fa (name=java.util.RandomAccess, trace=300000)
CLS 500000fb (name=java.util.List, trace=300000)
CLS 500000fc (name=java.util.Collection, trace=300000)
CLS 500000fd (name=java.lang.Iterable, trace=300000)
CLS 500000fe (name=java.security.cert.Certificate[], trace=300000)
	super		50000185
CLS 500000ff (name=java.security.cert.Certificate, trace=300000)
	super		50000185
CLS 50000100 (name=sun.reflect.ReflectionFactory$GetReflectionFactoryAction, trace=300000)
	super		50000185
	constant pool entry 16	50000100
	constant pool entry 15	500000f5
	constant pool entry 13	50000185
CLS 50000101 (name=java.security.PrivilegedAction, trace=300000)
CLS 50000106 (name=java.security.Permission, trace=300000)
	super		50000185
	constant pool entry 55	50000106
	constant pool entry 48	50000185
CLS 50000105 (name=java.security.BasicPermission, trace=300000)
	super		50000106
	constant pool entry 72	50000106
	constant pool entry 70	50000105
	constant pool entry 69	50000181
	constant pool entry 2	50001c2f
CLS 50000102 (name=java.lang.reflect.ReflectPermission, trace=300000)
	super		50000105
	constant pool entry 13	50000105
CLS 50000103 (name=java.security.AccessController, trace=300000)
	super		50000185
	constant pool entry 77	50000103
	constant pool entry 75	50000172
CLS 50000104 (name=java.lang.RuntimePermission, trace=300000)
	super		50000105
	constant pool entry 13	50000105
CLS 50000107 (name=java.security.Guard, trace=300000)
CLS 50000108 (name=java.lang.StackTraceElement[], trace=300000)
	super		50000185
CLS 50000109 (name=java.lang.ThreadGroup[], trace=300000)
	super		50000185
CLS 5000010a (name=java.lang.Thread$UncaughtExceptionHandler[], trace=300000)
	super		50000185
CLS 5000010b (name=com.sun.demo.jvmti.hprof.Tracker, trace=300000)
	super		50000185
	constant pool entry 33	5000015e
	constant pool entry 30	5000010b
	constant pool entry 3	50001c13
	constant pool entry 2	50001c2a
	constant pool entry 1	50001c29
CLS 5000010c (name=java.lang.String$CaseInsensitiveComparator, trace=300000)
	super		50000185
	constant pool entry 40	5000010c
	constant pool entry 38	50000181
	constant pool entry 37	50000185
	constant pool entry 36	500000d1
CLS 5000010d (name=java.util.Comparator, trace=300000)
CLS 5000010e (name=java.io.ObjectStreamField[], trace=300000)
	super		50000185
CLS 5000010f (name=java.lang.Comparable[], trace=300000)
	super		50000185
CLS 50000110 (name=java.io.ObjectStreamField, trace=300000)
	super		50000185
	constant pool entry 90	50000135
	constant pool entry 89	50000181
	constant pool entry 88	5000011f
	constant pool entry 86	5000011d
	constant pool entry 84	5000011e
	constant pool entry 82	50000122
	constant pool entry 81	50000121
	constant pool entry 79	5000017d
	constant pool entry 78	50000124
	constant pool entry 77	50000120
	constant pool entry 76	50000125
	constant pool entry 75	50000110
	constant pool entry 2	50000185
CLS 50000111 (name=java.lang.OutOfMemoryError[], trace=300000)
	super		50000185
CLS 50000112 (name=java.lang.VirtualMachineError[], trace=300000)
	super		50000185
CLS 50000113 (name=java.lang.Error[], trace=300000)
	super		50000185
CLS 50000114 (name=java.lang.Throwable[], trace=300000)
	super		50000185
CLS 50000115 (name=java.lang.ArithmeticException, trace=300000)
	super		50000175
CLS 50000116 (name=java.lang.NullPointerException, trace=300000)
	super		50000175
CLS 50000117 (name=java.lang.Class[], trace=300000)
	super		50000185
CLS 50000118 (name=java.io.Serializable[], trace=300000)
	super		50000185
CLS 50000119 (name=java.lang.reflect.GenericDeclaration[], trace=300000)
	super		50000185
CLS 5000011a (name=java.lang.reflect.AnnotatedElement[], trace=300000)
	super		50000185
CLS 5000011b (name=java.lang.reflect.Type[], trace=300000)
	super		50000185
CLS 5000011c (name=java.lang.Object[], trace=300000)
	super		50000185
CLS 5000011d (name=java.lang.Long, trace=300000)
	super		50000123
	static TYPE	50001bfa
	constant pool entry 354	5000010b
	constant pool entry 208	50000181
	constant pool entry 202	500000d1
	constant pool entry 200	5000011d
	constant pool entry 199	5000011e
	constant pool entry 196	5000017d
	constant pool entry 17	50001e54
CLS 5000011e (name=java.lang.Integer, trace=300000)
	super		50000123
	static TYPE	50001bfb
	static digits	50001e59
	static DigitTens	50001e58
	static DigitOnes	50001e57
	static sizeTable	50001e56
	constant pool entry 307	5000010b
	constant pool entry 192	5000017a
	constant pool entry 190	50000181
	constant pool entry 186	50000123
	constant pool entry 182	5000004d
	constant pool entry 181	5000011e
	constant pool entry 178	5000017d
	constant pool entry 177	50000124
	constant pool entry 29	50001e55
CLS 5000011f (name=java.lang.Short, trace=300000)
	super		50000123
	static TYPE	50001bfc
	constant pool entry 93	5000011f
	constant pool entry 88	5000017d
	constant pool entry 7	50001f60
CLS 50000120 (name=java.lang.Byte, trace=300000)
	super		50000123
	static TYPE	50001bfd
	constant pool entry 86	5000017d
	constant pool entry 84	50000120
	constant pool entry 5	50001f62
CLS 50000121 (name=java.lang.Double, trace=300000)
	super		50000123
	static TYPE	50001bfe
	constant pool entry 140	50000121
	constant pool entry 138	5000017d
	constant pool entry 10	50001e12
CLS 50000122 (name=java.lang.Float, trace=300000)
	super		50000123
	static TYPE	50001bff
	constant pool entry 108	50000122
	constant pool entry 105	5000017d
	constant pool entry 8	50001cca
CLS 50000124 (name=java.lang.Character, trace=300000)
	super		50000185
	static TYPE	50001c00
	constant pool entry 273	5000017d
	constant pool entry 271	50000015
	constant pool entry 266	50000182
	constant pool entry 11	50000124
	constant pool entry 10	50001f5c
CLS 50000125 (name=java.lang.Boolean, trace=300000)
	super		50000185
	static TRUE	50001e0f
	static FALSE	50001e0e
	static TYPE	50001c01
	constant pool entry 70	5000017a
	constant pool entry 69	50000181
	constant pool entry 67	50000185
	constant pool entry 63	5000017d
	constant pool entry 62	50000125
	constant pool entry 3	50001c26
	constant pool entry 1	50001e0d
CLS 50000127 (name=java.lang.StackTraceElement, trace=300000)
	super		50000185
CLS 50000128 (name=java.security.CodeSource, trace=300000)
	super		50000185
	constant pool entry 153	50000128
	constant pool entry 151	5000012d
	constant pool entry 146	50000185
CLS 5000017b (name=java.lang.ClassLoader, trace=300000)
	super		50000185
	static nocerts	50001e1f
	static scl	50001ae4
	static loadedLibraryNames	50001e1e
	static systemNativeLibraries	50001e1d
	static nativeLibraryContext	50001e1c
	static usr_paths	50001e1b
	static sys_paths	50001e1a
	constant pool entry 840	5000010b
	constant pool entry 356	500000da
	constant pool entry 355	500000d4
	constant pool entry 354	50000004
	constant pool entry 352	50000b35
	constant pool entry 351	5000012b
	constant pool entry 350	50000647
	constant pool entry 349	5000002a
	constant pool entry 348	500000f7
	constant pool entry 347	500000f6
	constant pool entry 346	500000ef
	constant pool entry 344	50000159
	constant pool entry 343	50000005
	constant pool entry 342	500000d9
	constant pool entry 341	50000090
	constant pool entry 340	500000f0
	constant pool entry 338	500000ff
	constant pool entry 337	50000173
	constant pool entry 335	50000128
	constant pool entry 334	50000103
	constant pool entry 331	5000012d
	constant pool entry 326	50000001
	constant pool entry 325	5000017a
	constant pool entry 323	50000181
	constant pool entry 320	50001123
	constant pool entry 319	50000185
	constant pool entry 314	5000016f
	constant pool entry 312	50000040
	constant pool entry 311	50000053
	constant pool entry 310	50000058
	constant pool entry 309	50000641
	constant pool entry 306	5000017d
	constant pool entry 301	5000012f
	constant pool entry 300	500003d8
	constant pool entry 299	500000fe
	constant pool entry 19	5000017b
	constant pool entry 18	50001e19
	constant pool entry 15	50001e18
	constant pool entry 14	50001e17
	constant pool entry 1	50001c1a
CLS 50000171 (name=java.security.SecureClassLoader, trace=300000)
	super		5000017b
	constant pool entry 60	50000041
	constant pool entry 59	500000d9
	constant pool entry 58	50000171
	constant pool entry 57	50000173
	constant pool entry 56	500012d7
	constant pool entry 54	5000017a
	constant pool entry 49	5000017b
	constant pool entry 4	50003440
CLS 5000012e (name=java.net.URLClassLoader, trace=300000)
	super		50000171
	constant pool entry 243	50000004
	constant pool entry 242	500000df
	constant pool entry 241	500010cb
	constant pool entry 240	50000b35
	constant pool entry 239	5000012c
	constant pool entry 237	500010f2
	constant pool entry 236	500010df
	constant pool entry 235	500000ba
	constant pool entry 231	50000171
	constant pool entry 229	500012d6
	constant pool entry 228	50000106
	constant pool entry 227	50000128
	constant pool entry 226	50000103
	constant pool entry 222	50001309
	constant pool entry 221	5000003a
	constant pool entry 217	50000645
	constant pool entry 216	50000c20
	constant pool entry 215	50000a3c
	constant pool entry 214	5000012e
	constant pool entry 213	5000012d
	constant pool entry 209	5000017a
	constant pool entry 207	50000181
	constant pool entry 203	50001123
	constant pool entry 200	5000016f
	constant pool entry 199	5000017b
	constant pool entry 198	5000017d
	constant pool entry 194	50001320
	constant pool entry 193	5000012f
	constant pool entry 12	50001c26
	constant pool entry 3	50002176
CLS 50000129 (name=sun.misc.Launcher$ExtClassLoader, trace=300000)
	super		5000012e
	constant pool entry 207	5000010b
	constant pool entry 104	50000004
	constant pool entry 103	500000df
	constant pool entry 101	50000037
	constant pool entry 100	50000129
	constant pool entry 99	5000012b
	constant pool entry 98	5000003b
	constant pool entry 97	500000f7
	constant pool entry 96	50000039
	constant pool entry 92	50000103
	constant pool entry 90	5000012e
	constant pool entry 89	5000012d
	constant pool entry 88	5000017a
	constant pool entry 87	50000181
	constant pool entry 86	5000017b
	constant pool entry 84	5000012f
	constant pool entry 2	5000336e
	constant pool entry 1	5000393a
CLS 5000012a (name=sun.misc.Launcher$AppClassLoader, trace=300000)
	super		5000012e
	constant pool entry 103	50000004
	constant pool entry 102	500000df
	constant pool entry 100	50000002
	constant pool entry 99	5000012a
	constant pool entry 98	5000003b
	constant pool entry 94	50000103
	constant pool entry 92	5000012e
	constant pool entry 89	5000017a
	constant pool entry 88	50000181
	constant pool entry 84	5000017b
	constant pool entry 83	5000017d
	constant pool entry 3	5000012b
	constant pool entry 2	5000393f
CLS 5000012b (name=sun.misc.Launcher, trace=300000)
	super		50000185
	static factory	5000393e
	static launcher	5000393d
	static bootClassPath	50001ddb
	constant pool entry 216	5000010b
	constant pool entry 119	50000012
	constant pool entry 118	50000042
	constant pool entry 117	50000129
	constant pool entry 116	500003da
	constant pool entry 115	5000012a
	constant pool entry 113	5000012b
	constant pool entry 112	5000012d
	constant pool entry 110	5000015e
	constant pool entry 109	5000017a
	constant pool entry 107	50000181
	constant pool entry 105	50000185
	constant pool entry 96	5000012f
	constant pool entry 8	5000393c
	constant pool entry 7	5000393b
	constant pool entry 2	50001ccb
CLS 5000012c (name=java.util.jar.Manifest, trace=300000)
	super		50000185
	constant pool entry 228	5000010b
	constant pool entry 108	500010e3
	constant pool entry 107	5000012c
	constant pool entry 106	500010df
	constant pool entry 103	5000015b
	constant pool entry 101	500000d9
	constant pool entry 97	50000185
CLS 5000012d (name=java.net.URL, trace=300000)
	super		50000185
	static BUILTIN_HANDLERS_PREFIX	50003304
	static protocolPathProp	50003300
	static handlers	50003309
	static streamHandlerLock	50003308
	static serialPersistentFields	50003307
	constant pool entry 548	5000010b
	constant pool entry 261	50000064
	constant pool entry 259	50000039
	constant pool entry 258	50000159
	constant pool entry 257	50000103
	constant pool entry 254	5000000f
	constant pool entry 252	5000012d
	constant pool entry 247	50000010
	constant pool entry 242	5000017a
	constant pool entry 241	50000135
	constant pool entry 239	50000185
	constant pool entry 238	5000011e
	constant pool entry 232	5000017d
	constant pool entry 229	50000110
	constant pool entry 26	50000181
	constant pool entry 25	50003306
	constant pool entry 24	50003305
	constant pool entry 22	50003304
	constant pool entry 21	50003303
	constant pool entry 19	50003302
	constant pool entry 18	50003301
	constant pool entry 16	50003300
	constant pool entry 15	500032ff
	constant pool entry 14	500032fe
	constant pool entry 13	500032fd
	constant pool entry 11	500032fc
	constant pool entry 4	50002176
	constant pool entry 3	500032fb
	constant pool entry 2	50001ccb
	constant pool entry 1	50001c1a
CLS 5000012f (name=java.io.File, trace=300000)
	super		50000185
	static fs	50001c48
	static separator	50001c47
	static pathSeparator	50001c46
	static UNSAFE	50001c45
	constant pool entry 277	50000134
	constant pool entry 266	5000017a
	constant pool entry 265	50000135
	constant pool entry 264	50000181
	constant pool entry 259	50000185
	constant pool entry 253	5000017d
	constant pool entry 245	50000062
	constant pool entry 242	5000005c
	constant pool entry 240	50000063
	constant pool entry 20	5000012f
	constant pool entry 19	50001c44
	constant pool entry 18	50001c43
	constant pool entry 1	50001c1a
CLS 50000130 (name=java.io.ByteArrayInputStream, trace=300000)
	super		50000131
	constant pool entry 41	5000017a
	constant pool entry 37	50000131
	constant pool entry 35	50000130
CLS 50000132 (name=java.io.Closeable, trace=300000)
CLS 50000133 (name=java.lang.AutoCloseable, trace=300000)
CLS 50000134 (name=sun.misc.Unsafe, trace=300000)
	super		50000185
	static theUnsafe	50001c45
	constant pool entry 387	5000010b
	constant pool entry 190	500000da
	constant pool entry 189	500000d4
	constant pool entry 186	50000181
	constant pool entry 184	50000185
	constant pool entry 181	5000017d
	constant pool entry 12	50000134
	constant pool entry 11	5000018d
	constant pool entry 10	50000188
	constant pool entry 9	5000011c
	constant pool entry 8	50000186
	constant pool entry 7	50000187
	constant pool entry 6	5000018b
	constant pool entry 5	5000018a
	constant pool entry 4	5000018c
	constant pool entry 3	50000189
	constant pool entry 2	50001cee
CLS 50000137 (name=java.lang.AbstractStringBuilder, trace=300000)
	super		50000185
	constant pool entry 316	5000010b
	constant pool entry 149	500000b5
	constant pool entry 148	5000017a
	constant pool entry 144	50000181
	constant pool entry 142	50000185
	constant pool entry 141	5000011d
	constant pool entry 134	50000137
CLS 50000135 (name=java.lang.StringBuilder, trace=300000)
	super		50000137
	constant pool entry 79	50000135
	constant pool entry 78	50000181
	constant pool entry 75	50000137
CLS 50000136 (name=java.lang.StringBuffer, trace=300000)
	super		50000137
	static serialPersistentFields	50003348
	constant pool entry 369	5000010b
	constant pool entry 109	500000b5
	constant pool entry 107	50000136
	constant pool entry 106	50000181
	constant pool entry 105	5000011e
	constant pool entry 102	50000125
	constant pool entry 101	50000137
	constant pool entry 99	50000110
	constant pool entry 4	5000018c
	constant pool entry 3	50001e4b
	constant pool entry 2	50003347
	constant pool entry 1	50003346
CLS 50000138 (name=java.lang.Appendable, trace=300000)
CLS 5000013c (name=java.lang.invoke.CallSite, trace=300000)
	super		50000185
CLS 50000139 (name=java.lang.invoke.VolatileCallSite, trace=300000)
	super		5000013c
CLS 5000013a (name=java.lang.invoke.MutableCallSite, trace=300000)
	super		5000013c
CLS 5000013b (name=java.lang.invoke.ConstantCallSite, trace=300000)
	super		5000013c
CLS 5000013d (name=java.lang.BootstrapMethodError, trace=300000)
	super		5000016e
CLS 5000013e (name=java.lang.invoke.MethodType, trace=300000)
	super		50000185
CLS 5000013f (name=java.lang.invoke.LambdaForm, trace=300000)
	super		50000185
CLS 50000140 (name=java.lang.invoke.MethodHandleNatives, trace=300000)
	super		50000185
	constant pool entry 227	50000195
	constant pool entry 203	5000017d
	constant pool entry 32	50000140
CLS 50000141 (name=java.lang.invoke.MemberName, trace=300000)
	super		50000185
	static CONSTRUCTOR_NAME	50003ac2
	constant pool entry 290	5000017d
	constant pool entry 45	50000141
CLS 50000143 (name=java.lang.invoke.MethodHandle, trace=300000)
	super		50000185
	constant pool entry 194	50000134
	constant pool entry 189	500001ba
	constant pool entry 187	50000195
	constant pool entry 171	5000017d
	constant pool entry 14	50000143
	constant pool entry 11	50003aad
CLS 50000142 (name=java.lang.invoke.DirectMethodHandle, trace=300000)
	super		50000143
CLS 50000144 (name=sun.reflect.CallerSensitive, trace=300000)
CLS 50000145 (name=java.lang.annotation.Annotation, trace=300000)
CLS 50000148 (name=sun.reflect.FieldAccessorImpl, trace=300000)
	super		50000150
CLS 50000147 (name=sun.reflect.UnsafeFieldAccessorImpl, trace=300000)
	super		50000148
CLS 50000146 (name=sun.reflect.UnsafeStaticFieldAccessorImpl, trace=300000)
	super		50000147
CLS 50000149 (name=sun.reflect.FieldAccessor, trace=300000)
CLS 5000014a (name=sun.reflect.ConstantPool, trace=300000)
	super		50000185
CLS 5000014b (name=sun.reflect.DelegatingClassLoader, trace=300000)
	super		5000017b
CLS 5000014d (name=sun.reflect.ConstructorAccessor, trace=300000)
CLS 5000014e (name=sun.reflect.MethodAccessorImpl, trace=300000)
	super		50000150
	constant pool entry 14	50000150
CLS 5000014f (name=sun.reflect.MethodAccessor, trace=300000)
CLS 50000157 (name=java.lang.reflect.AccessibleObject, trace=300000)
	super		50000185
	static ACCESS_PERMISSION	50001cd4
	static reflectionFactory	50001ccd
	constant pool entry 77	50000100
	constant pool entry 76	500000f5
	constant pool entry 74	50000103
	constant pool entry 73	50000102
	constant pool entry 71	50000151
	constant pool entry 69	50000157
	constant pool entry 68	5000017a
	constant pool entry 65	50000185
	constant pool entry 4	5000017d
	constant pool entry 3	50001cd3
CLS 50000153 (name=java.lang.reflect.Executable, trace=300000)
	super		50000157
	constant pool entry 163	50000157
CLS 50000151 (name=java.lang.reflect.Constructor, trace=300000)
	super		50000153
	constant pool entry 146	500000f5
	constant pool entry 144	5000014d
	constant pool entry 138	50000153
	constant pool entry 137	50000151
	constant pool entry 130	5000017d
	constant pool entry 128	50000117
CLS 50000152 (name=java.lang.reflect.Method, trace=300000)
	super		50000153
	constant pool entry 150	500000f5
	constant pool entry 148	5000014f
	constant pool entry 141	50000152
	constant pool entry 139	50000153
	constant pool entry 130	50000117
CLS 50000154 (name=java.lang.reflect.Parameter, trace=300000)
	super		50000185
CLS 50000155 (name=java.lang.reflect.Field, trace=300000)
	super		50000157
	constant pool entry 138	50000155
	constant pool entry 137	50000157
CLS 50000156 (name=java.lang.reflect.Member, trace=300000)
CLS 5000015a (name=java.util.Dictionary, trace=300000)
	super		50000185
	constant pool entry 18	50000185
CLS 50000159 (name=java.util.Hashtable, trace=300000)
	super		5000015a
	constant pool entry 400	5000010b
	constant pool entry 198	500000ef
	constant pool entry 196	500000d8
	constant pool entry 195	5000015b
	constant pool entry 194	5000008f
	constant pool entry 191	5000008e
	constant pool entry 190	50000094
	constant pool entry 189	500000d3
	constant pool entry 187	50000159
	constant pool entry 186	5000015a
	constant pool entry 184	500000f0
	constant pool entry 180	50000185
	constant pool entry 178	500000d1
	constant pool entry 175	50000122
CLS 50000158 (name=java.util.Properties, trace=300000)
	super		50000159
	static hexDigit	50001e09
	constant pool entry 261	5000010b
	constant pool entry 127	500011a1
	constant pool entry 126	50000158
	constant pool entry 123	50000159
	constant pool entry 117	50000181
CLS 5000015b (name=java.util.Map, trace=300000)
CLS 5000015c (name=java.lang.ThreadGroup, trace=300000)
	super		50000185
	constant pool entry 266	5000010b
	constant pool entry 120	5000015c
	constant pool entry 117	5000015e
	constant pool entry 116	5000017a
	constant pool entry 113	50000185
	constant pool entry 7	50001c31
CLS 5000015d (name=java.lang.Thread$UncaughtExceptionHandler, trace=300000)
CLS 5000015f (name=java.lang.Runnable, trace=300000)
CLS 50000163 (name=java.lang.ref.FinalReference, trace=300000)
	super		50000166
	constant pool entry 7	50000166
CLS 50000160 (name=java.lang.ref.Finalizer, trace=300000)
	super		50000163
	static queue	50001ade
	static unfinalized	500017a6
	static lock	50003a87
	constant pool entry 69	500000e6
	constant pool entry 68	500000d0
	constant pool entry 64	50000160
	constant pool entry 63	50000163
	constant pool entry 61	5000015c
	constant pool entry 60	5000015e
	constant pool entry 59	50000185
CLS 50000162 (name=java.lang.ref.PhantomReference, trace=300000)
	super		50000166
CLS 50000161 (name=sun.misc.Cleaner, trace=300000)
	super		50000162
	static dummyQueue	50003448
	constant pool entry 31	50000161
	constant pool entry 29	500000e6
CLS 50000167 (name=java.lang.IllegalMonitorStateException, trace=300000)
	super		50000175
CLS 5000016a (name=java.lang.VirtualMachineError, trace=300000)
	super		50000178
CLS 50000168 (name=java.lang.StackOverflowError, trace=300000)
	super		5000016a
CLS 50000169 (name=java.lang.OutOfMemoryError, trace=300000)
	super		5000016a
CLS 5000016b (name=java.lang.ArrayStoreException, trace=300000)
	super		50000175
CLS 5000016c (name=java.lang.ClassCastException, trace=300000)
	super		50000175
CLS 5000016d (name=java.lang.NoClassDefFoundError, trace=300000)
	super		5000016e
CLS 50000170 (name=java.lang.ReflectiveOperationException, trace=300000)
	super		50000176
	constant pool entry 13	50000176
CLS 5000016f (name=java.lang.ClassNotFoundException, trace=300000)
	super		50000170
	constant pool entry 18	50000170
CLS 50000172 (name=java.security.AccessControlContext, trace=300000)
	super		50000185
	constant pool entry 135	50000103
	constant pool entry 132	50000172
	constant pool entry 126	50000185
CLS 50000173 (name=java.security.ProtectionDomain, trace=300000)
	super		50000185
	constant pool entry 276	5000010b
	constant pool entry 138	50000041
	constant pool entry 137	500000df
	constant pool entry 131	50000008
	constant pool entry 130	5000000b
	constant pool entry 129	50000009
	constant pool entry 127	50000173
	constant pool entry 126	50000007
	constant pool entry 124	500012d7
	constant pool entry 123	500012d6
	constant pool entry 113	50000185
	constant pool entry 10	50003441
CLS 50000174 (name=java.lang.SecurityManager, trace=300000)
	super		50000185
CLS 50000177 (name=java.lang.ThreadDeath, trace=300000)
	super		50000178
CLS 5000017a (name=java.lang.System, trace=300000)
	super		50000185
	static in	50001c3a
	static out	50001c39
	static err	50001c38
	static props	50001c37
	static lineSeparator	50001c36
	constant pool entry 183	500000da
	constant pool entry 182	5000008c
	constant pool entry 181	500000d4
	constant pool entry 180	500000df
	constant pool entry 177	50000158
	constant pool entry 173	5000015c
	constant pool entry 172	5000015e
	constant pool entry 171	50000052
	constant pool entry 170	50000047
	constant pool entry 167	50000181
	constant pool entry 164	5000008d
	constant pool entry 163	500001e4
	constant pool entry 156	5000007c
	constant pool entry 154	50000085
	constant pool entry 153	5000008b
	constant pool entry 152	5000008a
	constant pool entry 151	5000007b
	constant pool entry 150	50000083
	constant pool entry 14	5000017a
	constant pool entry 13	50001c35
	constant pool entry 11	50001c34
	constant pool entry 10	50001c33
	constant pool entry 7	50001c32
	constant pool entry 1	50001c1a
CLS 5000017c (name=java.lang.Cloneable, trace=300000)
CLS 5000017d (name=java.lang.Class, trace=300000)
	super		50000185
	static serialPersistentFields	50001cce
	static reflectionFactory	50001ccd
	constant pool entry 1188	5000010b
	constant pool entry 504	50000100
	constant pool entry 503	500000f5
	constant pool entry 502	500000da
	constant pool entry 486	50000103
	constant pool entry 481	50000152
	constant pool entry 477	50000155
	constant pool entry 476	50000151
	constant pool entry 473	50000165
	constant pool entry 469	5000017a
	constant pool entry 467	50000181
	constant pool entry 462	50000185
	constant pool entry 453	5000005d
	constant pool entry 449	5000017b
	constant pool entry 447	500000c4
	constant pool entry 446	50001147
	constant pool entry 444	500000c3
	constant pool entry 442	5000114e
	constant pool entry 441	500000c5
	constant pool entry 439	500000ae
	constant pool entry 437	50000110
	constant pool entry 431	5000011c
	constant pool entry 429	50001ccc
	constant pool entry 19	5000017d
	constant pool entry 4	50001ccb
CLS 5000017e (name=java.lang.reflect.Type, trace=300000)
CLS 5000017f (name=java.lang.reflect.GenericDeclaration, trace=300000)
CLS 50000180 (name=java.lang.reflect.AnnotatedElement, trace=300000)
CLS 50000181 (name=java.lang.String, trace=300000)
	super		50000185
	static serialPersistentFields	50001c28
	static CASE_INSENSITIVE_ORDER	50001c27
	constant pool entry 538	5000010b
	constant pool entry 253	5000002e
	constant pool entry 252	500000fb
	constant pool entry 249	5000010d
	constant pool entry 248	500000b5
	constant pool entry 247	500000f1
	constant pool entry 244	5000017a
	constant pool entry 242	500000a1
	constant pool entry 239	5000010c
	constant pool entry 237	50000181
	constant pool entry 236	50000185
	constant pool entry 234	500000d1
	constant pool entry 224	50000124
	constant pool entry 223	50000182
	constant pool entry 219	50000110
	constant pool entry 218	500000db
	constant pool entry 14	50001c26
	constant pool entry 13	50001c16
	constant pool entry 12	50001c04
	constant pool entry 11	50001c18
	constant pool entry 10	50001c25
	constant pool entry 9	50001c24
	constant pool entry 8	50001c23
	constant pool entry 7	50001c17
	constant pool entry 6	50001c22
	constant pool entry 5	50001c1a
CLS 50000182 (name=java.lang.CharSequence, trace=300000)
CLS 50000183 (name=java.lang.Comparable, trace=300000)
CLS 50000184 (name=java.io.Serializable, trace=300000)
CLS 50000186 (name=long[], trace=300000)
	super		50000185
CLS 50000187 (name=int[], trace=300000)
	super		50000185
CLS 50000188 (name=short[], trace=300000)
	super		50000185
CLS 50000189 (name=byte[], trace=300000)
	super		50000185
CLS 5000018a (name=double[], trace=300000)
	super		50000185
CLS 5000018b (name=float[], trace=300000)
	super		50000185
CLS 5000018c (name=char[], trace=300000)
	super		50000185
CLS 5000018d (name=boolean[], trace=300000)
	super		50000185
CLS 50000195 (name=java.lang.invoke.MethodHandleImpl, trace=300003)
	super		50000185
	static PRODUCE_BLOCK_INLINING_FORM	500001a3
	static PRODUCE_REINVOKER_FORM	500001a5
	static FAKE_METHOD_HANDLE_INVOKE	500001a7
	static NO_ARGS_ARRAY	500001a8
	static FILL_ARRAY_TO_RIGHT	500001a9
	static TYPED_COLLECTORS	500001b1
	constant pool entry 966	5000010b
	constant pool entry 380	50000103
	constant pool entry 364	500001ab
	constant pool entry 363	500001a4
	constant pool entry 362	500001a2
	constant pool entry 361	50000198
	constant pool entry 360	500001b8
	constant pool entry 340	5000017d
	constant pool entry 27	50000195
	constant pool entry 26	50000143
	constant pool entry 23	50000185
	constant pool entry 22	5000011e
CLS 50000198 (name=java.lang.invoke.MethodHandleImpl$1, trace=300006)
	super		50000185
	constant pool entry 30	50000198
	constant pool entry 29	50000135
	constant pool entry 28	50000185
	constant pool entry 27	5000011e
	constant pool entry 26	5000017d
	constant pool entry 2	50000195
	constant pool entry 1	50003ac0
CLS 500001a1 (name=java.util.function.Function, trace=300014)
CLS 500001a2 (name=java.lang.invoke.MethodHandleImpl$2, trace=300014)
	super		50000185
	constant pool entry 24	50000185
CLS 500001a4 (name=java.lang.invoke.MethodHandleImpl$3, trace=300016)
	super		50000185
	constant pool entry 20	50000185
CLS 500001a6 (name=java.lang.invoke.MethodHandle[], trace=300018)
	super		50000185
CLS 500001aa (name=java.lang.ClassValue, trace=300021)
	super		50000185
	static EMPTY_CACHE	500001ae
	static nextHashCode	500001af
	static CRITICAL_SECTION	500001b0
	constant pool entry 171	5000010b
	constant pool entry 69	500000c6
	constant pool entry 67	50000185
	constant pool entry 66	500001b4
	constant pool entry 65	500001b2
	constant pool entry 64	500001ac
	constant pool entry 62	500001aa
CLS 500001ab (name=java.lang.invoke.MethodHandleImpl$4, trace=300021)
	super		500001aa
	constant pool entry 12	500001aa
CLS 500001ac (name=java.lang.ClassValue$Entry, trace=300022)
	super		50000164
	static DEAD_ENTRY	500001b6
	constant pool entry 39	50000164
	constant pool entry 37	500001ac
	constant pool entry 36	5000017d
	constant pool entry 1	500001aa
CLS 500001ad (name=java.lang.ClassValue$Entry[], trace=300023)
	super		50000185
CLS 500001b2 (name=java.lang.ClassValue$Identity, trace=300027)
	super		50000185
	constant pool entry 10	50000185
CLS 500001b4 (name=java.lang.ClassValue$Version, trace=300029)
	super		50000185
	constant pool entry 21	50000185
	constant pool entry 20	500001b4
	constant pool entry 19	500001ac
CLS 500001b8 (name=java.lang.invoke.MemberName$Factory, trace=300033)
	super		50000185
	static INSTANCE	500001b9
	constant pool entry 100	500001b8
	constant pool entry 96	50000185
	constant pool entry 91	5000017d
	constant pool entry 10	50000141
CLS 500001ba (name=java.lang.invoke.MethodHandleStatics, trace=300035)
	super		50000185
	static UNSAFE	50001c45
	constant pool entry 193	5000010b
	constant pool entry 95	50000134
	constant pool entry 94	50000103
	constant pool entry 92	500001bc
	constant pool entry 91	500001ba
	constant pool entry 85	50000185
	constant pool entry 83	5000011e
	constant pool entry 79	50000125
CLS 500001bc (name=java.lang.invoke.MethodHandleStatics$1, trace=300037)
	super		50000185
	constant pool entry 49	500001bc
	constant pool entry 47	5000017a
	constant pool entry 46	50000185
	constant pool entry 45	5000011e
	constant pool entry 44	50000125
	constant pool entry 10	50001c26
	constant pool entry 9	50003ab6
	constant pool entry 8	50003ab5
	constant pool entry 7	50003ab4
	constant pool entry 6	50003ab3
	constant pool entry 5	50003ab2
	constant pool entry 4	50003ab1
	constant pool entry 3	50003ab0
	constant pool entry 2	50003aaf
	constant pool entry 1	50003aae
CLS 500001c3 (name=sun.misc.PostVMInitHook, trace=300000)
	super		50000185
	constant pool entry 20	500001c4
	constant pool entry 19	500001c3
	constant pool entry 18	5000017a
	constant pool entry 2	50003acc
	constant pool entry 1	50003acb
CLS 500001c4 (name=sun.usagetracker.UsageTrackerClient, trace=300042)
	super		50000185
	static LOCK	500001c5
	static ORCL_UT_CONFIG_FILE_NAME	50003ada
	static ORCL_UT_USAGE_DIR	50003ace
	static ORCL_UT_PROPERTY_NAME	50003aea
	static ORCL_UT_PROPERTY_RUN_SYNCHRONOUSLY	50003ae9
	static ORCL_UT_PROPERTY_CONFIG_FILE_NAME	50003ad6
	static ORCL_UT_LOGTOFILE	50003ae8
	static ORCL_UT_LOGFILEMAXSIZE	50003ae7
	static ORCL_UT_LOGTOUDP	50003ae6
	static ORCL_UT_TRACK_LAST_USAGE	50003ae5
	static ORCL_UT_VERBOSE	50003ae4
	static ORCL_UT_DEBUG	50003ae3
	static ORCL_UT_ADDITIONALPROPERTIES	50003ae2
	static ORCL_UT_SEPARATOR	50003ae1
	static ORCL_UT_QUOTE	50003ae0
	static ORCL_UT_QUOTE_INNER	50003adf
	static DEFAULT_SEP	500022be
	static DEFAULT_QUOTE	50003ade
	static DEFAULT_QUOTE_INNER	50003add
	static isFirstRun	500001ca
	static javaHome	50001c6c
	static userHomeKeyword	50003adc
	constant pool entry 491	5000010b
	constant pool entry 293	500001d4
	constant pool entry 292	5000036d
	constant pool entry 291	500001e2
	constant pool entry 290	500001cb
	constant pool entry 289	500001c4
	constant pool entry 288	500001c6
	constant pool entry 286	50000103
	constant pool entry 284	5000017a
	constant pool entry 283	50000135
	constant pool entry 282	50000181
	constant pool entry 280	50000185
	constant pool entry 278	5000011d
	constant pool entry 272	50000085
	constant pool entry 270	5000012f
	constant pool entry 47	50003adb
	constant pool entry 45	50003ada
	constant pool entry 43	50003ad9
	constant pool entry 42	50002b76
	constant pool entry 41	50003ad8
	constant pool entry 40	50003ad7
	constant pool entry 38	500022c1
	constant pool entry 37	5000214f
	constant pool entry 26	50003ad6
	constant pool entry 24	50003ad5
	constant pool entry 17	50003ad4
	constant pool entry 16	50002304
	constant pool entry 15	50003ad3
	constant pool entry 14	50003ad2
	constant pool entry 13	50003ad1
	constant pool entry 12	50003ad0
	constant pool entry 9	50003acf
	constant pool entry 8	50003ace
	constant pool entry 7	50003acd
CLS 500001c6 (name=java.util.concurrent.atomic.AtomicBoolean, trace=300044)
	super		50000185
	static unsafe	50001c45
	constant pool entry 49	50000134
	constant pool entry 48	50000185
	constant pool entry 45	5000017d
	constant pool entry 2	500001c6
	constant pool entry 1	50001e4b
CLS 500001cb (name=sun.usagetracker.UsageTrackerClient$1, trace=300046)
	super		50000185
	constant pool entry 25	500001cb
	constant pool entry 22	5000017a
	constant pool entry 21	50000185
CLS 500001d4 (name=sun.usagetracker.UsageTrackerClient$4, trace=300053)
	super		50000185
	constant pool entry 58	500001d4
	constant pool entry 57	500001c4
	constant pool entry 53	5000017a
	constant pool entry 50	50000185
	constant pool entry 49	50000125
	constant pool entry 4	50001c26
	constant pool entry 3	50003ae9
	constant pool entry 2	50003afd
CLS 500001e2 (name=sun.usagetracker.UsageTrackerClient$2, trace=300065)
	super		50000185
	constant pool entry 25	500001e2
	constant pool entry 22	5000017a
	constant pool entry 21	50000185
CLS 500001e4 (name=java.lang.ProcessEnvironment, trace=300067)
	super		500000d9
	static nameComparator	500001e6
	static entryComparator	500001e8
	static theEnvironment	500001e9
	static theUnmodifiableEnvironment	500001eb
	static theCaseInsensitiveEnvironment	500002ef
	constant pool entry 118	500000a8
	constant pool entry 116	5000015b
	constant pool entry 113	500000d9
	constant pool entry 112	500000f0
	constant pool entry 109	50000181
	constant pool entry 108	500001e5
	constant pool entry 107	500001e7
	constant pool entry 104	500002f0
	constant pool entry 101	500001e4
CLS 500001e5 (name=java.lang.ProcessEnvironment$NameComparator, trace=300068)
	super		50000185
	constant pool entry 31	50000181
	constant pool entry 30	500001e5
	constant pool entry 27	50000185
	constant pool entry 26	500000d1
	constant pool entry 25	50000124
CLS 500001e7 (name=java.lang.ProcessEnvironment$EntryComparator, trace=300070)
	super		50000185
	constant pool entry 25	500001e7
	constant pool entry 22	50000185
CLS 500001ea (name=java.util.Collections$UnmodifiableMap, trace=300073)
	super		50000185
	constant pool entry 61	500001ea
	constant pool entry 58	50000185
CLS 500002f0 (name=java.lang.ProcessEnvironment$CheckedEntrySet, trace=300084)
	super		500000ee
	constant pool entry 33	500000ee
	constant pool entry 32	500002f4
	constant pool entry 31	500002f0
CLS 500002f1 (name=java.util.HashMap$EntrySet, trace=300085)
	super		500000ee
	constant pool entry 51	500002f1
	constant pool entry 50	500002f7
	constant pool entry 47	500000ee
CLS 500002f4 (name=java.lang.ProcessEnvironment$CheckedEntrySet$1, trace=300088)
	super		50000185
	constant pool entry 34	500000ef
	constant pool entry 33	500000d8
	constant pool entry 31	5000008f
	constant pool entry 30	500002f4
	constant pool entry 29	500002f0
	constant pool entry 28	500002f9
	constant pool entry 26	50000185
CLS 500002f6 (name=java.util.HashMap$HashIterator, trace=300090)
	super		50000185
	constant pool entry 39	500000d7
	constant pool entry 38	500002f6
	constant pool entry 37	500000d9
	constant pool entry 35	50000185
CLS 500002f7 (name=java.util.HashMap$EntryIterator, trace=300090)
	super		500002f6
	constant pool entry 20	500002f6
	constant pool entry 19	500002f7
CLS 500002f9 (name=java.lang.ProcessEnvironment$CheckedEntry, trace=300092)
	super		50000185
	constant pool entry 37	500000d8
	constant pool entry 34	50000181
	constant pool entry 33	500002f9
	constant pool entry 31	50000185
CLS 5000036d (name=sun.usagetracker.UsageTrackerClient$3, trace=300104)
	super		50000185
	constant pool entry 25	5000036d
	constant pool entry 22	50000185
	constant pool entry 21	5000012f
CLS 500003a1 (name=sun.nio.cs.Unicode, trace=300147)
	super		500000cf
	constant pool entry 109	500000cf
CLS 500003a2 (name=sun.nio.cs.UTF_8, trace=300147)
	super		500003a1
	constant pool entry 33	500003a1
	constant pool entry 32	500003ad
	constant pool entry 31	50000675
	constant pool entry 29	500003a2
	constant pool entry 28	500000cc
	constant pool entry 27	50000126
	constant pool entry 2	50002363
	constant pool entry 1	50002304
CLS 500003ad (name=sun.nio.cs.UTF_8$Encoder, trace=300157)
	super		50000075
	constant pool entry 77	500003ad
	constant pool entry 69	50000075
	constant pool entry 66	500000d1
CLS 500003b4 (name=java.io.FileOutputStream$1, trace=300164)
	super		50000185
	constant pool entry 19	50000185
	constant pool entry 17	500003b4
	constant pool entry 16	50000085
CLS 500003b7 (name=sun.launcher.LauncherHelper, trace=300000)
	super		5000005d
	static INSTANCE	500003b8
	static MAIN_CLASS	500032ce
	static outBuf	500003bb
	static INDENT	50003b13
	static VM_SETTINGS	50003b12
	static PROP_SETTINGS	50003b11
	static LOCALE_SETTINGS	50003b10
	static diagprop	50001cf2
	static defaultBundleName	50001e40
	static ostream	50001c38
	static scloader	50001ae4
	static encprop	50003b0f
	static $VALUES	500003ba
	constant pool entry 695	5000010b
	constant pool entry 400	500000d4
	constant pool entry 397	500003be
	constant pool entry 390	500003bf
	constant pool entry 380	50000d50
	constant pool entry 370	5000017a
	constant pool entry 369	50000135
	constant pool entry 366	50000185
	constant pool entry 362	5000011e
	constant pool entry 360	5000005d
	constant pool entry 358	5000017b
	constant pool entry 355	5000007c
	constant pool entry 353	5000012f
	constant pool entry 70	500003b7
	constant pool entry 66	50001cf2
	constant pool entry 55	500038d6
	constant pool entry 53	500038ce
	constant pool entry 52	500038f2
	constant pool entry 51	500038ca
	constant pool entry 46	500038e2
	constant pool entry 26	50003b0e
	constant pool entry 19	50003b0d
CLS 500003b9 (name=sun.launcher.LauncherHelper[], trace=300167)
	super		50000185
CLS 500003be (name=sun.launcher.LauncherHelper$ResourceBundleHolder, trace=300171)
	super		50000185
	static RB	50000c57
	constant pool entry 18	500003be
	constant pool entry 16	500003bf
	constant pool entry 1	50001e40
CLS 500003bf (name=java.util.ResourceBundle, trace=300172)
	super		50000185
	static NONEXISTENT_BUNDLE	500003c1
	static cacheList	500003c2
	static referenceQueue	500003c3
	constant pool entry 214	500000da
	constant pool entry 213	5000002b
	constant pool entry 212	5000002a
	constant pool entry 211	500000ef
	constant pool entry 210	500003c6
	constant pool entry 209	5000100a
	constant pool entry 208	500009b8
	constant pool entry 205	500009c9
	constant pool entry 203	500009da
	constant pool entry 202	50000a2f
	constant pool entry 201	500003c0
	constant pool entry 199	5000002e
	constant pool entry 198	500000fb
	constant pool entry 197	5000008f
	constant pool entry 193	500000e6
	constant pool entry 190	5000017a
	constant pool entry 188	50000181
	constant pool entry 187	50000185
	constant pool entry 180	5000017d
	constant pool entry 178	500000db
	constant pool entry 11	500003c5
	constant pool entry 10	500003bf
CLS 500003c0 (name=java.util.ResourceBundle$1, trace=300173)
	super		500003bf
	constant pool entry 16	500003bf
CLS 500003c5 (name=java.util.spi.ResourceBundleControlProvider, trace=300178)
CLS 500003c6 (name=java.util.ServiceLoader, trace=300179)
	super		50000185
	static PREFIX	50003902
	constant pool entry 133	500003c9
	constant pool entry 132	500003cb
	constant pool entry 131	500003c6
	constant pool entry 129	50000091
	constant pool entry 127	5000005f
	constant pool entry 120	5000017a
	constant pool entry 117	50000185
	constant pool entry 115	5000017b
	constant pool entry 114	5000017d
	constant pool entry 7	50003901
CLS 500003c9 (name=java.util.ServiceLoader$LazyIterator, trace=300182)
	super		50000185
	constant pool entry 99	500003c9
	constant pool entry 97	500003c6
	constant pool entry 93	50000090
	constant pool entry 88	50000135
	constant pool entry 86	50000185
	constant pool entry 83	5000017b
	constant pool entry 82	5000017d
	constant pool entry 5	50003902
CLS 500003cb (name=java.util.ServiceLoader$1, trace=300184)
	super		50000185
	constant pool entry 41	500000ef
	constant pool entry 40	500003c9
	constant pool entry 39	500003cb
	constant pool entry 38	500003c6
	constant pool entry 35	5000005f
	constant pool entry 34	5000008f
	constant pool entry 32	50000185
CLS 500003cd (name=java.util.LinkedHashMap$LinkedEntrySet, trace=300186)
	super		500000ee
	constant pool entry 54	500003cd
	constant pool entry 53	500003d0
	constant pool entry 47	500000ee
CLS 500003cf (name=java.util.LinkedHashMap$LinkedHashIterator, trace=300188)
	super		50000185
	constant pool entry 41	500003cf
	constant pool entry 39	5000005f
	constant pool entry 35	50000185
CLS 500003d0 (name=java.util.LinkedHashMap$LinkedEntryIterator, trace=300188)
	super		500003cf
	constant pool entry 21	500003cf
	constant pool entry 20	500003d0
CLS 500003d8 (name=java.util.Enumeration[], trace=300194)
	super		50000185
CLS 500003da (name=sun.misc.Launcher$BootClassPathHolder, trace=300195)
	super		50000185
	static bcp	50000632
	constant pool entry 28	50000004
	constant pool entry 27	500003db
	constant pool entry 26	500003da
	constant pool entry 25	5000012b
	constant pool entry 24	50000103
	constant pool entry 21	5000000d
CLS 500003db (name=sun.misc.Launcher$BootClassPathHolder$1, trace=300196)
	super		50000185
	constant pool entry 39	50000036
	constant pool entry 38	500003db
	constant pool entry 36	5000012b
	constant pool entry 35	500000ef
	constant pool entry 34	50000005
	constant pool entry 32	50000185
	constant pool entry 31	5000012f
CLS 5000063f (name=sun.misc.URLClassPath$2, trace=300290)
	super		50000185
	constant pool entry 38	50000651
	constant pool entry 37	5000063f
	constant pool entry 36	50000004
	constant pool entry 33	50000185
CLS 50000641 (name=java.lang.ClassLoader$2, trace=300292)
	super		50000185
	constant pool entry 22	50000090
	constant pool entry 21	50000185
	constant pool entry 20	50000641
CLS 50000643 (name=sun.misc.URLClassPath$1, trace=300294)
	super		50000185
	constant pool entry 38	50000651
	constant pool entry 37	50000643
	constant pool entry 36	50000004
	constant pool entry 33	50000185
CLS 50000645 (name=java.net.URLClassLoader$3, trace=300296)
	super		50000185
	constant pool entry 35	50000103
	constant pool entry 34	500007d3
	constant pool entry 33	50000645
	constant pool entry 32	5000012e
	constant pool entry 30	50000185
CLS 50000647 (name=sun.misc.CompoundEnumeration, trace=300298)
	super		50000185
	constant pool entry 23	50000647
	constant pool entry 21	50000090
	constant pool entry 20	50000185
CLS 50000649 (name=sun.net.util.URLUtil, trace=300300)
	super		50000185
	constant pool entry 57	5000012d
	constant pool entry 56	50000135
	constant pool entry 55	50000181
	constant pool entry 3	500032fa
CLS 5000064f (name=sun.misc.URLClassPath$3, trace=300305)
	super		50000185
	constant pool entry 47	50000652
	constant pool entry 46	50000a4e
	constant pool entry 45	5000064f
	constant pool entry 44	50000004
	constant pool entry 42	5000012d
	constant pool entry 41	50000181
	constant pool entry 40	50000185
	constant pool entry 2	500032fd
	constant pool entry 1	50002176
CLS 50000651 (name=sun.misc.URLClassPath$Loader, trace=300307)
	super		50000185
	constant pool entry 64	50000651
	constant pool entry 54	50000185
CLS 50000652 (name=sun.misc.URLClassPath$JarLoader, trace=300307)
	super		50000651
	static zipAccess	50000657
	constant pool entry 209	50000012
	constant pool entry 207	50000651
	constant pool entry 205	500010cc
	constant pool entry 204	500006d7
	constant pool entry 203	50000652
	constant pool entry 201	500000df
	constant pool entry 199	50000036
	constant pool entry 197	50000ab9
	constant pool entry 194	500006d9
	constant pool entry 193	50000b5a
	constant pool entry 190	50000ab8
	constant pool entry 180	500006f1
	constant pool entry 179	50000103
	constant pool entry 175	5000012d
	constant pool entry 172	5000017a
	constant pool entry 171	50000135
	constant pool entry 170	50000181
	constant pool entry 168	500006ee
	constant pool entry 167	500006ef
	constant pool entry 166	5000012f
	constant pool entry 8	5000215f
	constant pool entry 7	500032fd
	constant pool entry 2	50003368
	constant pool entry 1	50001c1a
CLS 50000653 (name=java.util.zip.ZipConstants, trace=300308)
CLS 50000654 (name=java.util.zip.ZipFile, trace=300308)
	super		50000185
	constant pool entry 256	500000d4
	constant pool entry 255	500000df
	constant pool entry 254	50000b35
	constant pool entry 253	50000b93
	constant pool entry 252	50000b9d
	constant pool entry 250	50000656
	constant pool entry 249	50000654
	constant pool entry 247	50000b8b
	constant pool entry 245	50000b20
	constant pool entry 244	50000b96
	constant pool entry 242	500000ba
	constant pool entry 238	5000015b
	constant pool entry 235	500009e0
	constant pool entry 234	50000b1d
	constant pool entry 233	50000ac4
	constant pool entry 230	5000017a
	constant pool entry 226	50000185
	constant pool entry 219	5000012f
	constant pool entry 8	50001cf6
CLS 50000655 (name=sun.misc.JavaUtilZipFileAccess, trace=300309)
CLS 50000656 (name=java.util.zip.ZipFile$1, trace=300309)
	super		50000185
	constant pool entry 12	50000185
CLS 5000066b (name=sun.nio.cs.ThreadLocalCoders, trace=300327)
	super		50000185
	static decoderCache	5000066e
	static encoderCache	50000671
	constant pool entry 31	5000066c
	constant pool entry 30	50000670
	constant pool entry 29	5000066d
	constant pool entry 28	5000066b
	constant pool entry 26	50000097
CLS 5000066c (name=sun.nio.cs.ThreadLocalCoders$Cache, trace=300328)
	super		50000185
	constant pool entry 53	5000010b
	constant pool entry 28	5000066c
	constant pool entry 26	500000c7
	constant pool entry 25	50000185
	constant pool entry 24	5000011c
CLS 5000066d (name=sun.nio.cs.ThreadLocalCoders$1, trace=300328)
	super		5000066c
	constant pool entry 38	5000066c
	constant pool entry 37	5000066d
	constant pool entry 36	50000097
	constant pool entry 35	500000cf
	constant pool entry 34	50000181
	constant pool entry 33	5000017d
	constant pool entry 1	5000066b
CLS 50000670 (name=sun.nio.cs.ThreadLocalCoders$2, trace=300331)
	super		5000066c
	constant pool entry 38	5000066c
	constant pool entry 37	50000670
	constant pool entry 33	5000017d
	constant pool entry 1	5000066b
CLS 50000675 (name=sun.nio.cs.UTF_8$Decoder, trace=300336)
	super		50000097
	constant pool entry 96	50000675
	constant pool entry 92	50000069
	constant pool entry 91	50000097
	constant pool entry 90	5000006b
	constant pool entry 89	50000073
	constant pool entry 86	500000d1
	constant pool entry 85	5000017d
	constant pool entry 3	500003a2
CLS 500006d7 (name=sun.misc.URLClassPath$JarLoader$1, trace=300350)
	super		50000185
	constant pool entry 71	500006d7
	constant pool entry 70	50000652
	constant pool entry 69	50000004
	constant pool entry 68	50000b53
	constant pool entry 60	50000185
CLS 500006d9 (name=sun.misc.FileURLMapper, trace=300352)
	super		50000185
	constant pool entry 43	50000012
	constant pool entry 42	500006d9
	constant pool entry 41	5000012d
	constant pool entry 39	50000181
	constant pool entry 38	50000185
	constant pool entry 37	5000012f
	constant pool entry 1	50001c1a
CLS 500006ee (name=java.io.IOException, trace=300366)
	super		50000176
	constant pool entry 14	50000176
CLS 500006ef (name=java.io.FileNotFoundException, trace=300366)
	super		500006ee
	constant pool entry 26	500006ee
CLS 500006f1 (name=java.security.PrivilegedActionException, trace=300368)
	super		50000176
	constant pool entry 34	500006f1
	constant pool entry 29	50000176
CLS 500007d3 (name=java.net.URLClassLoader$3$1, trace=300370)
	super		50000185
	constant pool entry 27	50000090
	constant pool entry 25	500007d3
	constant pool entry 24	50000645
	constant pool entry 22	50000185
CLS 500009b8 (name=java.util.ResourceBundle$RBClassLoader, trace=300372)
	super		5000017b
	static INSTANCE	500009bb
	static loader	50001ae4
	constant pool entry 36	500009b9
	constant pool entry 35	500009b8
	constant pool entry 32	50000103
	constant pool entry 30	5000017b
CLS 500009b9 (name=java.util.ResourceBundle$RBClassLoader$1, trace=300373)
	super		50000185
	constant pool entry 20	500009b9
	constant pool entry 19	500009b8
	constant pool entry 15	50000185
CLS 500009c9 (name=java.util.ResourceBundle$Control, trace=300387)
	super		50000185
	static FORMAT_DEFAULT	500009cd
	static FORMAT_CLASS	500009d0
	static FORMAT_PROPERTIES	500009d3
	static INSTANCE	500009d4
	static CANDIDATES_CACHE	500009d6
	constant pool entry 315	5000010b
	constant pool entry 162	500009d5
	constant pool entry 161	50000c1e
	constant pool entry 160	500009c9
	constant pool entry 157	5000002e
	constant pool entry 155	500000f0
	constant pool entry 154	500000fc
	constant pool entry 153	500000b5
	constant pool entry 152	500000f1
	constant pool entry 150	50000103
	constant pool entry 145	50000135
	constant pool entry 144	50000181
	constant pool entry 143	50000185
	constant pool entry 137	5000016f
	constant pool entry 136	5000017b
	constant pool entry 134	5000017d
	constant pool entry 8	500003bf
	constant pool entry 6	500022c2
	constant pool entry 5	50003905
	constant pool entry 4	5000211b
	constant pool entry 3	500032fa
	constant pool entry 1	50001c1a
CLS 500009cb (name=java.util.Arrays$ArrayList, trace=300389)
	super		500000f8
	constant pool entry 58	50000091
	constant pool entry 57	500009cb
	constant pool entry 55	500000f8
	constant pool entry 51	5000011c
CLS 500009d5 (name=java.util.ResourceBundle$Control$CandidateListCache, trace=300395)
	super		5000002d
	constant pool entry 85	5000002d
	constant pool entry 84	5000001b
	constant pool entry 83	500009d5
	constant pool entry 79	5000002e
	constant pool entry 78	500000fb
	constant pool entry 77	500009e2
	constant pool entry 75	50000181
	constant pool entry 14	5000211e
	constant pool entry 13	50002249
	constant pool entry 12	50002248
	constant pool entry 11	50002247
	constant pool entry 4	5000211d
	constant pool entry 2	5000211c
	constant pool entry 1	50001c1a
CLS 500009da (name=java.util.ResourceBundle$CacheKey, trace=300400)
	super		50000185
	constant pool entry 92	500009dd
	constant pool entry 91	500009da
	constant pool entry 90	500003bf
	constant pool entry 89	5000002e
	constant pool entry 87	50000181
	constant pool entry 85	50000185
	constant pool entry 79	5000017b
CLS 500009dc (name=java.util.ResourceBundle$CacheKeyReference, trace=300402)
CLS 500009dd (name=java.util.ResourceBundle$LoaderReference, trace=300402)
	super		50000164
	constant pool entry 16	500009dd
	constant pool entry 12	50000164
CLS 500009df (name=java.util.Queue, trace=300404)
CLS 500009e0 (name=java.util.Deque, trace=300404)
CLS 500009e1 (name=java.util.AbstractSequentialList, trace=300404)
	super		500000f8
	constant pool entry 36	500000f8
CLS 500009e2 (name=java.util.LinkedList, trace=300404)
	super		500009e1
	constant pool entry 301	5000010b
	constant pool entry 150	500009f5
	constant pool entry 145	500009e2
	constant pool entry 142	500009e1
	constant pool entry 139	50000185
CLS 500009f5 (name=java.util.LinkedList$Node, trace=300418)
	super		50000185
	constant pool entry 17	500009f5
	constant pool entry 15	50000185
CLS 50000a24 (name=java.util.ListResourceBundle, trace=300432)
	super		500003bf
	constant pool entry 38	500003bf
	constant pool entry 37	5000015b
	constant pool entry 36	50000a24
	constant pool entry 35	500000d9
	constant pool entry 33	50000181
CLS 50000a25 (name=sun.launcher.resources.launcher, trace=300432)
	super		50000a24
	constant pool entry 87	50000a24
CLS 50000a2f (name=java.util.ResourceBundle$BundleReference, trace=300436)
	super		50000165
	constant pool entry 14	50000a2f
	constant pool entry 12	50000165
CLS 50000a3c (name=java.net.URLClassLoader$1, trace=300444)
	super		50000185
	constant pool entry 43	50000004
	constant pool entry 40	50000a3c
	constant pool entry 39	5000012e
	constant pool entry 38	50000181
	constant pool entry 37	50000185
	constant pool entry 1	5000336d
CLS 50000a4e (name=sun.misc.URLClassPath$FileLoader, trace=300452)
	super		50000651
	constant pool entry 63	50000012
	constant pool entry 62	50000651
	constant pool entry 60	50000a4e
	constant pool entry 59	50000004
	constant pool entry 57	5000012d
	constant pool entry 56	50000181
	constant pool entry 52	5000012f
	constant pool entry 3	500032fd
	constant pool entry 2	50003439
	constant pool entry 1	50001ccb
CLS 50000ab8 (name=java.util.jar.JarFile, trace=300475)
	super		50000654
	static MANIFEST_NAME	5000214b
	static CLASSPATH_CHARS	50000abc
	static CLASSPATH_LASTOCC	50000abd
	static CLASSPATH_OPTOSFT	50000abe
	static javaHome	50001c6c
	static jarNames	50000b5c
	constant pool entry 448	5000010b
	constant pool entry 219	50001136
	constant pool entry 218	500012bd
	constant pool entry 216	50000064
	constant pool entry 215	500000df
	constant pool entry 214	50000ba4
	constant pool entry 213	50000654
	constant pool entry 212	50000b8b
	constant pool entry 210	5000012c
	constant pool entry 209	50000aba
	constant pool entry 207	5000110d
	constant pool entry 206	50000b8e
	constant pool entry 201	50000ab8
	constant pool entry 199	50000b8d
	constant pool entry 197	5000002e
	constant pool entry 193	50000103
	constant pool entry 192	50000165
	constant pool entry 190	50000135
	constant pool entry 189	50000181
	constant pool entry 187	500000d1
	constant pool entry 186	50000131
	constant pool entry 184	5000012f
	constant pool entry 183	50000130
	constant pool entry 21	50002157
	constant pool entry 20	50002156
	constant pool entry 19	50002155
	constant pool entry 18	50002154
	constant pool entry 17	50002153
	constant pool entry 15	50002152
	constant pool entry 14	50002151
	constant pool entry 13	50002150
	constant pool entry 12	5000214f
	constant pool entry 9	5000214e
	constant pool entry 7	5000214d
	constant pool entry 6	5000214c
	constant pool entry 5	5000214b
CLS 50000ab9 (name=sun.misc.JavaUtilJarAccess, trace=300476)
CLS 50000aba (name=java.util.jar.JavaUtilJarAccessImpl, trace=300476)
	super		50000185
	constant pool entry 23	50000ab8
	constant pool entry 22	50000185
CLS 50000ac4 (name=java.nio.charset.StandardCharsets, trace=300482)
	super		50000185
	static US_ASCII	50000ac9
	static ISO_8859_1	50000adb
	static UTF_8	500003aa
	static UTF_16BE	50000af1
	static UTF_16LE	50000b03
	static UTF_16	50000b15
	constant pool entry 33	50000ac4
	constant pool entry 32	500000cf
	constant pool entry 7	50002304
	constant pool entry 6	50002303
	constant pool entry 5	50002302
	constant pool entry 4	50002301
	constant pool entry 3	50002300
	constant pool entry 1	500022ff
CLS 50000ac8 (name=sun.nio.cs.US_ASCII, trace=300483)
	super		500000cf
	constant pool entry 25	500000cc
	constant pool entry 23	500000cf
	constant pool entry 2	50002300
CLS 50000ad3 (name=sun.nio.cs.ISO_8859_1, trace=300147)
	super		500000cf
	constant pool entry 31	500000cc
	constant pool entry 25	500000cf
	constant pool entry 1	500022ff
CLS 50000ae9 (name=sun.nio.cs.UTF_16BE, trace=300147)
	super		500003a1
	constant pool entry 24	500003a1
	constant pool entry 20	500000cc
	constant pool entry 1	50002302
CLS 50000afb (name=sun.nio.cs.UTF_16LE, trace=300147)
	super		500003a1
	constant pool entry 24	500003a1
	constant pool entry 20	500000cc
	constant pool entry 1	50002303
CLS 50000b0d (name=sun.nio.cs.UTF_16, trace=300147)
	super		500003a1
	constant pool entry 22	500003a1
	constant pool entry 18	500000cc
	constant pool entry 1	50002301
CLS 50000b1d (name=java.util.ArrayDeque, trace=300495)
	super		500000f9
	constant pool entry 248	5000010b
	constant pool entry 129	500000f9
	constant pool entry 126	50000185
	constant pool entry 120	5000017d
	constant pool entry 2	50000b1d
CLS 50000b20 (name=java.util.zip.ZipCoder, trace=300498)
	super		50000185
	constant pool entry 192	5000010b
	constant pool entry 84	50000076
	constant pool entry 82	50000b20
	constant pool entry 81	500000b5
	constant pool entry 80	50000ac4
	constant pool entry 79	50000095
	constant pool entry 77	50000075
	constant pool entry 75	500000cf
	constant pool entry 72	50000181
	constant pool entry 71	50000185
CLS 50000b35 (name=sun.misc.PerfCounter, trace=300509)
	super		50000185
	static perf	50000b39
	constant pool entry 78	50000b3a
	constant pool entry 77	50000b35
	constant pool entry 76	50000b36
	constant pool entry 75	50000b38
	constant pool entry 74	50000103
	constant pool entry 73	50000b41
	constant pool entry 72	50000070
	constant pool entry 71	50000073
	constant pool entry 70	5000017a
	constant pool entry 68	50000185
CLS 50000b36 (name=sun.misc.Perf$GetPerfAction, trace=300510)
	super		50000185
	constant pool entry 16	50000b36
	constant pool entry 15	50000b38
	constant pool entry 13	50000185
CLS 50000b38 (name=sun.misc.Perf, trace=300512)
	super		50000185
	static instance	50000b39
	constant pool entry 76	50000b38
	constant pool entry 73	5000017a
	constant pool entry 69	50000185
CLS 50000b3a (name=sun.misc.PerfCounter$CoreCounters, trace=300514)
	super		50000185
	static pdt	50000b3b
	static lc	50000b44
	static lct	50000b47
	static rcbt	50000b4a
	static zfc	50000b4d
	static zfot	50000b50
	constant pool entry 30	50000b3a
	constant pool entry 29	50000b35
	constant pool entry 6	500022e5
	constant pool entry 5	500022e4
	constant pool entry 4	500022e3
	constant pool entry 3	500022e2
	constant pool entry 2	500022e1
	constant pool entry 1	500022e0
CLS 50000b3c (name=sun.nio.ch.DirectBuffer, trace=300516)
CLS 50000b3d (name=java.nio.MappedByteBuffer, trace=300516)
	super		50000073
	constant pool entry 42	50000b3d
	constant pool entry 41	50000073
CLS 50000b3e (name=java.nio.DirectByteBuffer, trace=300516)
	super		50000b3d
	static unsafe	50001c45
	constant pool entry 239	50000134
	constant pool entry 236	50000b3d
	constant pool entry 229	50000b42
	constant pool entry 200	50000071
	constant pool entry 194	5000017d
	constant pool entry 2	50000b3e
	constant pool entry 1	50000189
CLS 50000b41 (name=java.nio.LongBuffer, trace=300519)
	super		50000126
	constant pool entry 92	50000b41
	constant pool entry 88	50000126
CLS 50000b42 (name=java.nio.DirectLongBufferU, trace=300519)
	super		50000b41
	static unsafe	50001c45
	constant pool entry 88	50000b3c
	constant pool entry 87	50000134
	constant pool entry 86	50000b41
	constant pool entry 81	50000071
	constant pool entry 79	5000017d
	constant pool entry 2	50000b42
	constant pool entry 1	50000186
CLS 50000b53 (name=sun.misc.JarIndex, trace=300526)
	super		50000185
	static INDEX_NAME	50003369
	constant pool entry 146	50000036
	constant pool entry 145	50000b53
	constant pool entry 142	50000ab8
	constant pool entry 132	5000017a
	constant pool entry 130	50000181
	constant pool entry 10	50001c26
	constant pool entry 9	5000336a
	constant pool entry 6	50003369
CLS 50000b5a (name=sun.misc.ExtensionDependency, trace=300530)
	super		50000185
	constant pool entry 206	50000b5a
CLS 50000b8b (name=java.util.zip.ZipEntry, trace=300573)
	super		50000185
	constant pool entry 141	50000b8b
	constant pool entry 138	50000091
	constant pool entry 136	50000181
	constant pool entry 135	50000185
	constant pool entry 4	500022fd
	constant pool entry 2	50002176
CLS 50000b8d (name=java.util.jar.JarEntry, trace=300575)
	super		50000b8b
	constant pool entry 23	50000b8b
CLS 50000b8e (name=java.util.jar.JarFile$JarFileEntry, trace=300575)
	super		50000b8d
	constant pool entry 36	50000b8e
	constant pool entry 35	50000ab8
	constant pool entry 34	50000b8d
CLS 50000b93 (name=java.util.zip.ZipFile$ZipFileInputStream, trace=300580)
	super		50000131
	constant pool entry 53	50000b93
	constant pool entry 52	50000654
	constant pool entry 51	5000015b
	constant pool entry 48	50000131
CLS 50000b96 (name=java.util.zip.Inflater, trace=300582)
	super		50000185
	static defaultBuf	50000b97
	constant pool entry 151	5000010b
	constant pool entry 81	50000b9a
	constant pool entry 77	50000185
	constant pool entry 75	5000017d
	constant pool entry 2	50000b96
CLS 50000b9a (name=java.util.zip.ZStreamRef, trace=300585)
	super		50000185
	constant pool entry 12	50000b9a
	constant pool entry 11	50000185
CLS 50000b9c (name=java.util.zip.InflaterInputStream, trace=300587)
	super		50000084
	constant pool entry 155	5000010b
	constant pool entry 87	50000b9c
	constant pool entry 86	50000b96
	constant pool entry 78	50000131
	constant pool entry 76	50000084
CLS 50000b9d (name=java.util.zip.ZipFile$ZipFileInflaterInputStream, trace=300587)
	super		50000b9c
	constant pool entry 60	50000b9d
	constant pool entry 59	50000654
	constant pool entry 58	50000b9c
	constant pool entry 57	50000b96
	constant pool entry 56	5000015b
	constant pool entry 53	50000131
CLS 50000ba4 (name=sun.misc.IOUtils, trace=300593)
	super		50000185
	constant pool entry 45	5000010b
	constant pool entry 31	500000b5
	constant pool entry 29	500000d1
	constant pool entry 28	50000131
CLS 50000c1e (name=java.util.ResourceBundle$Control$1, trace=300602)
	super		50000185
	constant pool entry 46	50000c1e
	constant pool entry 40	50000185
	constant pool entry 38	5000017b
CLS 50000c20 (name=java.net.URLClassLoader$2, trace=300604)
	super		50000185
	constant pool entry 23	50000004
	constant pool entry 21	50000c20
	constant pool entry 20	5000012e
	constant pool entry 19	50000185
CLS 50000c4f (name=sun.launcher.resources.launcher_zh_CN, trace=300432)
	super		50000a24
	constant pool entry 93	5000010b
	constant pool entry 87	50000a24
	constant pool entry 86	50000185
	constant pool entry 85	5000011c
	constant pool entry 38	500038c5
	constant pool entry 37	500038f9
	constant pool entry 36	500038f5
	constant pool entry 35	500038c1
	constant pool entry 34	500038bd
	constant pool entry 33	500038b5
	constant pool entry 32	500038d1
	constant pool entry 31	500038cd
	constant pool entry 30	500038fd
	constant pool entry 29	500038e9
	constant pool entry 28	500038b9
	constant pool entry 27	500038d6
	constant pool entry 26	500038ee
	constant pool entry 25	500038ce
	constant pool entry 24	500038f2
	constant pool entry 23	500038ca
	constant pool entry 22	500038d2
	constant pool entry 21	500038ba
	constant pool entry 20	500038fe
	constant pool entry 19	500038f6
	constant pool entry 18	500038ea
	constant pool entry 17	500038da
	constant pool entry 16	500038e2
	constant pool entry 15	500038c6
	constant pool entry 14	500038c2
	constant pool entry 13	500038be
	constant pool entry 12	500038b6
	constant pool entry 11	500038fa
	constant pool entry 10	500038e6
	constant pool entry 9	500038de
	constant pool entry 8	500038d5
	constant pool entry 7	500038ed
	constant pool entry 6	500038c9
	constant pool entry 5	500038f1
	constant pool entry 4	500038e5
	constant pool entry 3	500038e1
	constant pool entry 2	500038d9
	constant pool entry 1	500038dd
CLS 50000d25 (name=java.lang.Object[][], trace=300618)
	super		50000185
CLS 50000d4f (name=java.text.Format, trace=300640)
	super		50000185
	constant pool entry 58	50000d4f
	constant pool entry 57	50000d84
	constant pool entry 53	50000136
	constant pool entry 52	50000185
CLS 50000d50 (name=java.text.MessageFormat, trace=300640)
	super		50000d4f
	static TYPE_KEYWORDS	50000d51
	static NUMBER_MODIFIER_KEYWORDS	50000d52
	static DATE_TIME_MODIFIER_KEYWORDS	50000d53
	static DATE_TIME_MODIFIERS	50000d54
	constant pool entry 508	5000010b
	constant pool entry 280	50000d5a
	constant pool entry 279	5000002e
	constant pool entry 277	50000d88
	constant pool entry 271	50000dbd
	constant pool entry 270	50000d8b
	constant pool entry 269	50000d50
	constant pool entry 267	50000d4f
	constant pool entry 266	50000d84
	constant pool entry 257	50000135
	constant pool entry 256	50000136
	constant pool entry 255	50000181
	constant pool entry 252	50000123
	constant pool entry 250	5000011e
	constant pool entry 239	5000011c
	constant pool entry 31	50003b22
	constant pool entry 30	50001f60
	constant pool entry 29	50003b21
	constant pool entry 28	50003b20
	constant pool entry 25	50003b1f
	constant pool entry 24	50001e54
	constant pool entry 23	50003b1e
	constant pool entry 22	50003b1d
	constant pool entry 20	50003b1c
	constant pool entry 19	50003b1b
	constant pool entry 18	50003b1a
	constant pool entry 2	50001c1a
CLS 50000d56 (name=java.text.Format[], trace=300646)
	super		50000185
CLS 50000d5a (name=java.util.Locale$Category, trace=300649)
	super		5000005d
	static DISPLAY	50000d5b
	static FORMAT	50000d5c
	static $VALUES	50000d5e
	constant pool entry 77	5000010b
	constant pool entry 43	5000005d
	constant pool entry 42	50000d5d
	constant pool entry 11	50000d5a
	constant pool entry 10	500022a7
	constant pool entry 9	500022a6
	constant pool entry 8	500022a5
	constant pool entry 7	500022a4
	constant pool entry 6	500022a3
	constant pool entry 5	500022a2
	constant pool entry 4	500022a1
	constant pool entry 3	500022a0
	constant pool entry 2	5000229f
	constant pool entry 1	5000229e
CLS 50000d5d (name=java.util.Locale$Category[], trace=300652)
	super		50000185
CLS 50000d5f (name=java.util.Locale$1, trace=300653)
	super		50000185
	static $SwitchMap$java$util$Locale$Category	50000d60
	constant pool entry 38	5000010b
	constant pool entry 23	50000d5a
	constant pool entry 22	50000d5f
CLS 50000d6b (name=java.lang.StringBuilder[], trace=300659)
	super		50000185
CLS 50000d84 (name=java.text.FieldPosition, trace=300671)
	super		50000185
	constant pool entry 55	500019a6
	constant pool entry 53	50000d84
	constant pool entry 51	50000185
CLS 50000d88 (name=java.util.Date, trace=300675)
	super		50000185
CLS 50000d89 (name=java.text.AttributedCharacterIterator$Attribute, trace=300676)
	super		50000185
	static instanceMap	50000d8c
	static LANGUAGE	50000d8d
	static READING	50000d90
	static INPUT_METHOD_SEGMENT	50000d92
	constant pool entry 70	5000015b
	constant pool entry 69	500000d9
	constant pool entry 65	50000185
	constant pool entry 8	50000d89
	constant pool entry 5	50003b80
	constant pool entry 4	5000219b
	constant pool entry 3	50003b7f
CLS 50000d8a (name=java.text.Format$Field, trace=300676)
	super		50000d89
	constant pool entry 17	50000d89
CLS 50000d8b (name=java.text.MessageFormat$Field, trace=300676)
	super		50000d8a
	static ARGUMENT	50000d94
	constant pool entry 33	50000d8a
	constant pool entry 3	50000d8b
	constant pool entry 1	50003bbe
CLS 50000dbd (name=java.text.NumberFormat, trace=300692)
	super		50000d4f
	constant pool entry 172	50000dc0
	constant pool entry 164	50000dbd
	constant pool entry 163	50000d4f
	constant pool entry 153	500000d1
	constant pool entry 5	50000dbf
CLS 50000dbe (name=java.util.spi.LocaleServiceProvider, trace=300693)
	super		50000185
	constant pool entry 15	50000185
CLS 50000dbf (name=java.text.spi.NumberFormatProvider, trace=300693)
	super		50000dbe
	constant pool entry 11	50000dbe
CLS 50000dc0 (name=sun.util.locale.provider.LocaleProviderAdapter, trace=300694)
	super		50000185
	static adapterPreference	50000dd8
	static jreLocaleProviderAdapter	50000dc3
	static spiLocaleProviderAdapter	50000dca
	static defaultLocaleProviderAdapter	50000dd0
	static adapterCache	50000dcc
	constant pool entry 169	50000dc7
	constant pool entry 167	50000dcf
	constant pool entry 166	50000de0
	constant pool entry 165	50000dc2
	constant pool entry 160	50000064
	constant pool entry 159	50000dbe
	constant pool entry 158	5000002b
	constant pool entry 157	5000002a
	constant pool entry 156	500000ef
	constant pool entry 153	5000002e
	constant pool entry 152	500000fb
	constant pool entry 151	5000008f
	constant pool entry 150	500000f0
	constant pool entry 149	500000f1
	constant pool entry 148	50000103
	constant pool entry 146	50000181
	constant pool entry 144	50000185
	constant pool entry 141	5000017d
	constant pool entry 8	50000dc0
	constant pool entry 6	50003b2f
	constant pool entry 5	50003b2e
	constant pool entry 4	50003b2d
	constant pool entry 3	50003b2c
CLS 50000dc1 (name=sun.util.locale.provider.ResourceBundleBasedAdapter, trace=300695)
CLS 50000dc2 (name=sun.util.locale.provider.JRELocaleProviderAdapter, trace=300695)
	super		50000dc0
	static LOCALE_DATA_JAR_NAME	50002152
	static isNonENSupported	50001e0f
	constant pool entry 249	50000ffb
	constant pool entry 246	50000de5
	constant pool entry 245	50000ff5
	constant pool entry 244	50000dcf
	constant pool entry 243	50000dc0
	constant pool entry 241	50000de6
	constant pool entry 239	50000e25
	constant pool entry 237	500013db
	constant pool entry 234	50001594
	constant pool entry 228	50000064
	constant pool entry 222	5000002b
	constant pool entry 221	5000002a
	constant pool entry 220	50000039
	constant pool entry 219	500000ef
	constant pool entry 217	50000005
	constant pool entry 209	50000103
	constant pool entry 207	50000135
	constant pool entry 206	50000181
	constant pool entry 203	5000017d
	constant pool entry 202	50000125
	constant pool entry 201	5000012f
	constant pool entry 30	50000dc2
	constant pool entry 29	50003306
	constant pool entry 25	50002152
	constant pool entry 24	500022c1
	constant pool entry 23	5000214f
	constant pool entry 21	50003b4d
	constant pool entry 18	50003b4c
	constant pool entry 14	50003b42
	constant pool entry 13	50003b4b
	constant pool entry 10	50003b44
	constant pool entry 9	50003b4a
CLS 50000dc6 (name=sun.util.locale.provider.AuxLocaleProviderAdapter, trace=300699)
	super		50000dc0
	static NULL_PROVIDER	50000dc9
	constant pool entry 86	50000dc0
	constant pool entry 85	50000dc8
	constant pool entry 83	50000dc6
	constant pool entry 81	5000002b
	constant pool entry 80	5000002a
CLS 50000dc7 (name=sun.util.locale.provider.SPILocaleProviderAdapter, trace=300699)
	super		50000dc6
	constant pool entry 63	50001708
	constant pool entry 59	50000dc6
	constant pool entry 52	50000103
CLS 50000dc8 (name=sun.util.locale.provider.AuxLocaleProviderAdapter$NullProvider, trace=300700)
	super		50000dbe
	constant pool entry 15	50000dc8
	constant pool entry 12	50000dbe
CLS 50000dcf (name=sun.util.locale.provider.LocaleProviderAdapter$Type, trace=300707)
	super		5000005d
	static JRE	50000dd0
	static CLDR	50000dd1
	static SPI	50000dd2
	static HOST	50000dd3
	static FALLBACK	50000dd4
	static $VALUES	50000dd6
	constant pool entry 79	5000010b
	constant pool entry 44	5000005d
	constant pool entry 43	50000dd5
	constant pool entry 10	50000dcf
	constant pool entry 9	50003b39
	constant pool entry 8	50003b38
	constant pool entry 7	50003b37
	constant pool entry 6	50003b36
	constant pool entry 5	50003b30
	constant pool entry 4	50003b35
	constant pool entry 3	50003b34
	constant pool entry 2	50003b33
	constant pool entry 1	50003b32
CLS 50000dd5 (name=sun.util.locale.provider.LocaleProviderAdapter$Type[], trace=300713)
	super		50000185
CLS 50000ddc (name=java.util.Collections$UnmodifiableCollection$1, trace=300717)
	super		50000185
	constant pool entry 31	5000008f
	constant pool entry 30	50000ddc
	constant pool entry 29	500000e9
	constant pool entry 27	500000fc
	constant pool entry 25	50000185
CLS 50000dde (name=java.util.ArrayList$Itr, trace=300719)
	super		50000185
	constant pool entry 44	50000dde
	constant pool entry 42	500000f1
	constant pool entry 41	50000185
CLS 50000de0 (name=sun.util.locale.provider.LocaleProviderAdapter$1, trace=300721)
	super		50000185
	static $SwitchMap$sun$util$locale$provider$LocaleProviderAdapter$Type	50000de1
	constant pool entry 47	5000010b
	constant pool entry 27	50000dcf
	constant pool entry 26	50000de0
CLS 50000de4 (name=sun.util.locale.provider.AvailableLanguageTags, trace=300725)
CLS 50000de5 (name=sun.util.locale.provider.NumberFormatProviderImpl, trace=300725)
	super		50000dbf
	constant pool entry 75	50000de5
	constant pool entry 74	50000ff5
	constant pool entry 72	50000dc0
	constant pool entry 69	50000dbf
	constant pool entry 68	500013d3
	constant pool entry 67	50001975
CLS 50000de6 (name=sun.util.locale.provider.LocaleDataMetaInfo, trace=300726)
	super		50000185
	static resourceNameToLocales	50000de7
	constant pool entry 54	50000de6
	constant pool entry 53	500000d9
	constant pool entry 52	50000181
	constant pool entry 17	50003ba4
	constant pool entry 16	50003ba3
	constant pool entry 15	50003b42
	constant pool entry 14	50003b44
	constant pool entry 13	50003ba2
	constant pool entry 12	50003ba1
	constant pool entry 11	50003ba0
	constant pool entry 10	50003b9f
	constant pool entry 9	50003b9e
	constant pool entry 8	50003b9d
	constant pool entry 7	50003b9c
	constant pool entry 6	50003b9b
	constant pool entry 5	50003b9a
	constant pool entry 4	50003b99
	constant pool entry 3	50003b98
	constant pool entry 2	50003b97
	constant pool entry 1	50003b96
CLS 50000e25 (name=sun.util.locale.provider.JRELocaleProviderAdapter$1, trace=300741)
	super		50000185
	constant pool entry 25	50000e25
	constant pool entry 22	50000185
	constant pool entry 21	50000125
	constant pool entry 20	5000012f
CLS 50000fa5 (name=sun.util.locale.LanguageTag, trace=300747)
	super		50000185
	static SEP	5000218c
	static PRIVATEUSE	50002262
	static UNDETERMINED	50002261
	static PRIVUSE_VARIANT_PREFIX	50002260
	static GRANDFATHERED	50000fa6
	constant pool entry 474	5000010b
	constant pool entry 294	50000016
	constant pool entry 292	50000fa5
	constant pool entry 290	5000001b
	constant pool entry 288	5000015b
	constant pool entry 287	500000fb
	constant pool entry 285	500000d9
	constant pool entry 284	500000f0
	constant pool entry 281	50000181
	constant pool entry 280	50000185
	constant pool entry 277	500000db
	constant pool entry 72	5000225f
	constant pool entry 71	5000225e
	constant pool entry 70	5000225d
	constant pool entry 69	5000225c
	constant pool entry 68	5000225b
	constant pool entry 66	5000225a
	constant pool entry 64	50002259
	constant pool entry 63	50002258
	constant pool entry 61	50002257
	constant pool entry 60	50002256
	constant pool entry 59	50002255
	constant pool entry 58	50002254
	constant pool entry 57	50002253
	constant pool entry 56	50002252
	constant pool entry 55	50002251
	constant pool entry 54	50002250
	constant pool entry 53	5000224f
	constant pool entry 52	5000224e
	constant pool entry 51	5000224d
	constant pool entry 50	5000224c
	constant pool entry 49	5000224b
	constant pool entry 48	5000224a
	constant pool entry 47	50002249
	constant pool entry 46	50002248
	constant pool entry 45	50002247
	constant pool entry 44	50002246
	constant pool entry 43	50002245
	constant pool entry 40	50002244
	constant pool entry 39	50002243
	constant pool entry 38	50002242
	constant pool entry 37	50002241
	constant pool entry 36	50002240
	constant pool entry 34	5000223f
	constant pool entry 33	5000223e
	constant pool entry 32	5000223d
	constant pool entry 31	5000223c
	constant pool entry 30	5000223b
	constant pool entry 29	5000223a
	constant pool entry 28	50002239
	constant pool entry 27	50002238
	constant pool entry 26	50002237
	constant pool entry 25	50002236
	constant pool entry 24	50002235
	constant pool entry 23	50002234
	constant pool entry 22	50002233
	constant pool entry 21	50002232
	constant pool entry 19	50002231
	constant pool entry 18	50002230
	constant pool entry 17	5000222f
	constant pool entry 16	5000222e
	constant pool entry 15	5000222d
	constant pool entry 14	5000222c
	constant pool entry 13	5000222b
	constant pool entry 12	5000222a
	constant pool entry 11	50002229
	constant pool entry 1	50001c1a
CLS 50000fa7 (name=java.lang.String[][], trace=300749)
	super		50000185
CLS 50000fef (name=java.util.Collections$EmptyIterator, trace=300784)
	super		50000185
	static EMPTY_ITERATOR	50000ff0
	constant pool entry 29	50000fef
	constant pool entry 26	50000185
CLS 50000ff5 (name=sun.util.locale.provider.LocaleResources, trace=300790)
	super		50000185
	static BREAK_ITERATOR_INFO	50003b5a
	static CALENDAR_DATA	50003b59
	static COLLATION_DATA_CACHEKEY	50003b58
	static DECIMAL_FORMAT_SYMBOLS_DATA_CACHEKEY	50003b50
	static CURRENCY_NAMES	50003b4f
	static LOCALE_NAMES	50003b57
	static TIME_ZONE_NAMES	50003b56
	static ZONE_IDS_CACHEKEY	50003b55
	static CALENDAR_NAMES	50003b54
	static NUMBER_PATTERNS_CACHEKEY	50003b51
	static DATE_TIME_PATTERN	50003b53
	static NULLOBJECT	50000ff6
	constant pool entry 393	5000010b
	constant pool entry 218	5000174b
	constant pool entry 217	50000ffb
	constant pool entry 216	50000dc1
	constant pool entry 215	500013cf
	constant pool entry 213	50000dc0
	constant pool entry 210	5000002b
	constant pool entry 209	5000002a
	constant pool entry 207	500003bf
	constant pool entry 204	5000002e
	constant pool entry 199	500000e6
	constant pool entry 198	50000135
	constant pool entry 197	50000181
	constant pool entry 196	50000185
	constant pool entry 193	5000017d
	constant pool entry 190	500000db
	constant pool entry 189	5000011c
	constant pool entry 28	50000ff5
	constant pool entry 25	50003b52
	constant pool entry 18	50003534
	constant pool entry 17	500034f0
	constant pool entry 15	50003b51
	constant pool entry 13	500035f0
	constant pool entry 9	50003b50
	constant pool entry 7	50003b4f
	constant pool entry 3	50003b4e
CLS 50000ffb (name=sun.util.resources.LocaleData, trace=300796)
	super		50000185
	constant pool entry 74	5000174b
	constant pool entry 70	50001004
	constant pool entry 69	50000ffb
	constant pool entry 68	50000dcf
	constant pool entry 66	500003bf
	constant pool entry 65	50000103
	constant pool entry 64	50000135
	constant pool entry 62	50000185
	constant pool entry 5	50003b47
	constant pool entry 4	50003b46
CLS 50001004 (name=sun.util.resources.LocaleData$1, trace=300804)
	super		50000185
	constant pool entry 29	50001006
	constant pool entry 28	50001004
	constant pool entry 25	500003bf
	constant pool entry 23	50000185
CLS 50001006 (name=sun.util.resources.LocaleData$LocaleDataResourceBundleControl, trace=300806)
	super		500009c9
	static INSTANCE	50001007
	static DOTCLDR	50003b48
	constant pool entry 95	50001006
	constant pool entry 93	50000dcf
	constant pool entry 92	50000dc0
	constant pool entry 91	50000dc2
	constant pool entry 90	500000ef
	constant pool entry 89	500009c9
	constant pool entry 87	5000002e
	constant pool entry 86	500000fb
	constant pool entry 85	5000008f
	constant pool entry 84	50000135
	constant pool entry 83	50000181
	constant pool entry 81	5000017d
	constant pool entry 4	50000ffb
	constant pool entry 3	50002195
	constant pool entry 1	50003b48
CLS 5000100a (name=java.util.ResourceBundle$SingleFormatControl, trace=300809)
	super		500009c9
CLS 50001030 (name=sun.util.resources.ParallelListResourceBundle, trace=300432)
	super		500003bf
	constant pool entry 68	500013e9
	constant pool entry 66	50001030
	constant pool entry 64	5000103a
	constant pool entry 63	5000002b
	constant pool entry 62	5000002a
	constant pool entry 61	500000ef
	constant pool entry 60	500003bf
	constant pool entry 57	50000181
CLS 50001031 (name=sun.text.resources.FormatData, trace=300432)
	super		50001030
	constant pool entry 447	5000010b
	constant pool entry 442	50001030
	constant pool entry 440	50000181
	constant pool entry 439	50000185
	constant pool entry 438	5000011c
	constant pool entry 214	5000272a
	constant pool entry 213	50003620
	constant pool entry 212	500035ea
	constant pool entry 211	500035a0
	constant pool entry 210	5000362e
	constant pool entry 209	500035e4
	constant pool entry 208	500035d6
	constant pool entry 207	500034f6
	constant pool entry 206	500034d4
	constant pool entry 205	500034d3
	constant pool entry 204	500034d0
	constant pool entry 203	50003628
	constant pool entry 202	500035f8
	constant pool entry 201	50003518
	constant pool entry 200	5000357c
	constant pool entry 199	50003624
	constant pool entry 198	50003606
	constant pool entry 197	5000352e
	constant pool entry 196	500035da
	constant pool entry 195	5000361c
	constant pool entry 194	50003644
	constant pool entry 193	50003612
	constant pool entry 192	50003580
	constant pool entry 191	50003602
	constant pool entry 190	500035ee
	constant pool entry 189	50003632
	constant pool entry 188	50003526
	constant pool entry 187	5000359c
	constant pool entry 186	500035f4
	constant pool entry 185	5000352a
	constant pool entry 184	50003532
	constant pool entry 183	500035a4
	constant pool entry 182	500035de
	constant pool entry 181	50003584
	constant pool entry 180	50003588
	constant pool entry 179	50003648
	constant pool entry 178	5000358d
	constant pool entry 177	5000358c
	constant pool entry 176	5000358f
	constant pool entry 175	50003590
	constant pool entry 174	50003591
	constant pool entry 173	5000358e
	constant pool entry 172	50003592
	constant pool entry 171	50003649
	constant pool entry 170	50003537
	constant pool entry 169	5000355a
	constant pool entry 168	50003514
	constant pool entry 167	500034f4
	constant pool entry 166	5000357e
	constant pool entry 165	500035ec
	constant pool entry 164	5000359a
	constant pool entry 163	500035f2
	constant pool entry 162	50003604
	constant pool entry 161	500035f6
	constant pool entry 160	500034c6
	constant pool entry 159	500035d4
	constant pool entry 158	500035cd
	constant pool entry 157	50003528
	constant pool entry 156	500034cc
	constant pool entry 155	50003586
	constant pool entry 154	500035fa
	constant pool entry 153	500035ca
	constant pool entry 152	50003642
	constant pool entry 151	50003610
	constant pool entry 150	500035e8
	constant pool entry 149	500035d8
	constant pool entry 148	50003630
	constant pool entry 147	5000352c
	constant pool entry 146	50003626
	constant pool entry 145	500035d0
	constant pool entry 144	50003600
	constant pool entry 143	5000357a
	constant pool entry 142	50003622
	constant pool entry 141	50003524
	constant pool entry 140	5000361a
	constant pool entry 139	500035e2
	constant pool entry 138	5000362c
	constant pool entry 137	50003640
	constant pool entry 136	50003616
	constant pool entry 135	50003608
	constant pool entry 134	500035e0
	constant pool entry 133	500034de
	constant pool entry 132	50003512
	constant pool entry 131	500035c0
	constant pool entry 130	5000360a
	constant pool entry 129	5000360b
	constant pool entry 128	5000360c
	constant pool entry 127	500035a2
	constant pool entry 126	50003530
	constant pool entry 125	5000361e
	constant pool entry 124	50003582
	constant pool entry 123	50003565
	constant pool entry 122	50003563
	constant pool entry 121	50003564
	constant pool entry 120	5000359e
	constant pool entry 119	5000364d
	constant pool entry 118	50003614
	constant pool entry 117	5000363e
	constant pool entry 116	500034e8
	constant pool entry 115	5000355c
	constant pool entry 114	50003558
	constant pool entry 113	50003560
	constant pool entry 112	500035dc
	constant pool entry 111	50003516
	constant pool entry 110	50003646
	constant pool entry 109	5000358a
	constant pool entry 108	500035cc
	constant pool entry 107	5000356f
	constant pool entry 106	5000354d
	constant pool entry 105	50003541
	constant pool entry 104	5000356e
	constant pool entry 103	5000354c
	constant pool entry 102	5000362a
	constant pool entry 101	50003570
	constant pool entry 100	5000354e
	constant pool entry 99	500034e1
	constant pool entry 98	50003540
	constant pool entry 97	5000356c
	constant pool entry 96	5000354a
	constant pool entry 95	500034e2
	constant pool entry 94	50003659
	constant pool entry 93	50003502
	constant pool entry 92	50003572
	constant pool entry 91	50003550
	constant pool entry 90	5000353e
	constant pool entry 89	50003637
	constant pool entry 88	5000365a
	constant pool entry 87	50003503
	constant pool entry 86	50003534
	constant pool entry 85	500034f0
	constant pool entry 84	5000365b
	constant pool entry 83	50003504
	constant pool entry 82	500034d5
	constant pool entry 81	500035a6
	constant pool entry 80	50003650
	constant pool entry 79	500034f8
	constant pool entry 78	5000356d
	constant pool entry 77	5000354b
	constant pool entry 76	500034e0
	constant pool entry 75	500034fe
	constant pool entry 74	50003654
	constant pool entry 73	500034fc
	constant pool entry 72	5000351d
	constant pool entry 71	5000351e
	constant pool entry 70	5000351f
	constant pool entry 69	5000353f
	constant pool entry 68	50003656
	constant pool entry 67	500034ff
	constant pool entry 66	50003657
	constant pool entry 65	50003500
	constant pool entry 64	50003652
	constant pool entry 63	500034fa
	constant pool entry 62	5000364c
	constant pool entry 61	500034e3
	constant pool entry 60	500034ea
	constant pool entry 59	500034eb
	constant pool entry 58	500034ec
	constant pool entry 57	50003618
	constant pool entry 56	5000363a
	constant pool entry 55	500035c5
	constant pool entry 54	500035c2
	constant pool entry 53	500035c3
	constant pool entry 52	500035c4
	constant pool entry 51	50003571
	constant pool entry 50	5000354f
	constant pool entry 49	50003653
	constant pool entry 48	500034fb
	constant pool entry 47	50003542
	constant pool entry 46	500035e6
	constant pool entry 45	5000351c
	constant pool entry 44	50003562
	constant pool entry 43	500034d2
	constant pool entry 42	500035f0
	constant pool entry 41	5000365c
	constant pool entry 40	50003505
	constant pool entry 39	5000353c
	constant pool entry 38	5000356a
	constant pool entry 37	50003548
	constant pool entry 36	500035d2
	constant pool entry 35	5000363b
	constant pool entry 34	5000351a
	constant pool entry 33	500034c8
	constant pool entry 32	5000355e
	constant pool entry 31	500035fc
	constant pool entry 30	50003658
	constant pool entry 29	50003501
	constant pool entry 28	50003655
	constant pool entry 27	500034fd
	constant pool entry 26	50003634
	constant pool entry 25	50003636
	constant pool entry 24	500034c9
	constant pool entry 23	500035fd
	constant pool entry 22	500034ce
	constant pool entry 21	500035b0
	constant pool entry 20	500035af
	constant pool entry 19	500035ae
	constant pool entry 18	500035ad
	constant pool entry 17	500035ac
	constant pool entry 16	500035ab
	constant pool entry 15	500035aa
	constant pool entry 14	500035a9
	constant pool entry 13	500035b3
	constant pool entry 12	500035b2
	constant pool entry 11	500035b1
	constant pool entry 10	500035a8
	constant pool entry 9	500034f2
	constant pool entry 8	50001ccb
	constant pool entry 7	5000218c
	constant pool entry 6	500022be
	constant pool entry 5	500034cf
	constant pool entry 4	50003536
	constant pool entry 3	50003538
	constant pool entry 2	500034d1
	constant pool entry 1	50001c1a
CLS 5000103a (name=java.util.concurrent.atomic.AtomicMarkableReference, trace=300821)
	super		50000185
	static UNSAFE	50001c45
	constant pool entry 52	50000134
	constant pool entry 51	5000103d
	constant pool entry 50	50000185
	constant pool entry 47	5000017d
	constant pool entry 2	5000103a
	constant pool entry 1	50003668
CLS 5000103d (name=java.util.concurrent.atomic.AtomicMarkableReference$Pair, trace=300822)
	super		50000185
	constant pool entry 18	5000103d
	constant pool entry 16	50000185
CLS 500010cb (name=sun.misc.Resource, trace=300857)
	super		50000185
	constant pool entry 97	5000010b
	constant pool entry 59	500012d1
	constant pool entry 58	500010cb
	constant pool entry 57	500000b5
	constant pool entry 55	5000015e
	constant pool entry 54	50000185
	constant pool entry 53	500000d1
	constant pool entry 51	50000131
CLS 500010cc (name=sun.misc.URLClassPath$JarLoader$2, trace=300857)
	super		500010cb
	constant pool entry 40	500010cc
	constant pool entry 39	50000652
	constant pool entry 37	500010cb
	constant pool entry 36	50000ab8
	constant pool entry 35	50000b8d
CLS 500010df (name=java.util.jar.Attributes, trace=300866)
	super		50000185
	constant pool entry 125	500010e3
	constant pool entry 123	500010f2
	constant pool entry 120	5000015b
	constant pool entry 118	500000d9
	constant pool entry 114	50000181
	constant pool entry 113	50000185
	constant pool entry 11	500010df
	constant pool entry 5	50002363
CLS 500010e3 (name=java.util.jar.Manifest$FastInputStream, trace=300870)
	super		50000084
	constant pool entry 77	5000010b
	constant pool entry 42	500010e3
	constant pool entry 40	5000017a
	constant pool entry 38	50000131
	constant pool entry 36	50000084
CLS 500010f2 (name=java.util.jar.Attributes$Name, trace=300879)
	super		50000185
	static MANIFEST_VERSION	500010f3
	static SIGNATURE_VERSION	500010f4
	static CONTENT_TYPE	500010f5
	static CLASS_PATH	500010f6
	static MAIN_CLASS	500010f7
	static SEALED	500010f8
	static EXTENSION_LIST	500010f9
	static EXTENSION_NAME	500010fa
	static EXTENSION_INSTALLATION	500010fb
	static IMPLEMENTATION_TITLE	500010fc
	static IMPLEMENTATION_VERSION	500010fd
	static IMPLEMENTATION_VENDOR	500010fe
	static IMPLEMENTATION_VENDOR_ID	500010ff
	static IMPLEMENTATION_URL	50001100
	static SPECIFICATION_TITLE	50001101
	static SPECIFICATION_VERSION	50001102
	static SPECIFICATION_VENDOR	50001103
	constant pool entry 101	500000a7
	constant pool entry 100	500010f2
	constant pool entry 97	50000181
	constant pool entry 96	50000185
	constant pool entry 17	500032d4
	constant pool entry 16	500032d3
	constant pool entry 15	500032d2
	constant pool entry 14	500032d1
	constant pool entry 13	500032d0
	constant pool entry 12	500032cf
	constant pool entry 11	500032ce
	constant pool entry 10	500032cd
	constant pool entry 9	500032cc
	constant pool entry 8	500032cb
	constant pool entry 7	500032ca
	constant pool entry 6	500032c9
	constant pool entry 5	500032c8
	constant pool entry 4	500032c7
	constant pool entry 3	500032c6
	constant pool entry 2	500032c5
	constant pool entry 1	500032c4
CLS 5000110d (name=java.util.jar.JarVerifier, trace=300899)
	super		50000185
	constant pool entry 550	5000010b
	constant pool entry 240	500012bd
	constant pool entry 238	50000041
	constant pool entry 234	50001115
	constant pool entry 231	5000110d
	constant pool entry 229	50000b8d
	constant pool entry 226	5000002e
	constant pool entry 223	50000159
	constant pool entry 221	500000d9
	constant pool entry 218	500000f1
	constant pool entry 211	50001112
	constant pool entry 208	50000181
	constant pool entry 207	50000185
	constant pool entry 204	5000111e
	constant pool entry 11	5000215f
	constant pool entry 8	5000214b
	constant pool entry 6	500032e6
CLS 50001112 (name=java.security.CodeSigner, trace=300904)
	super		50000185
CLS 50001113 (name=java.security.CodeSigner[], trace=300905)
	super		50000185
CLS 50001115 (name=java.util.jar.JarVerifier$3, trace=300906)
	super		50000185
	constant pool entry 22	50001115
	constant pool entry 18	50000185
CLS 5000111e (name=java.io.ByteArrayOutputStream, trace=300915)
	super		50000086
	constant pool entry 108	5000010b
	constant pool entry 55	50000086
	constant pool entry 53	5000111e
CLS 50001123 (name=java.lang.Package, trace=300920)
	super		50000185
	static pkgs	50001124
	static urls	50001125
	static mans	50001126
	constant pool entry 176	5000015b
	constant pool entry 175	500000d9
	constant pool entry 168	50000181
	constant pool entry 166	50001123
	constant pool entry 165	50000185
	constant pool entry 5	50002176
CLS 50001136 (name=sun.security.util.SignatureFileVerifier, trace=300935)
	super		50000185
	static DIGEST_PRIMITIVE_SET	50001158
	static JAR_DISABLED_CHECK	5000118c
	static ATTR_DIGEST	500012b5
	static hexc	500012b7
	constant pool entry 536	5000010b
	constant pool entry 278	50001136
	constant pool entry 275	5000115b
	constant pool entry 274	50000041
	constant pool entry 262	5000002e
	constant pool entry 257	50001144
	constant pool entry 256	500000f0
	constant pool entry 246	50001137
	constant pool entry 240	50000181
	constant pool entry 34	50002160
	constant pool entry 33	5000215f
	constant pool entry 15	5000215e
	constant pool entry 14	5000215d
	constant pool entry 13	5000215c
	constant pool entry 12	5000215b
	constant pool entry 9	5000215a
CLS 50001137 (name=java.security.CryptoPrimitive, trace=300936)
	super		5000005d
	static MESSAGE_DIGEST	50001138
	static SECURE_RANDOM	50001139
	static BLOCK_CIPHER	5000113a
	static STREAM_CIPHER	5000113b
	static MAC	5000113c
	static KEY_WRAP	5000113d
	static PUBLIC_KEY_ENCRYPTION	5000113e
	static SIGNATURE	5000113f
	static KEY_ENCAPSULATION	50001140
	static KEY_AGREEMENT	50001141
	static $VALUES	50001143
	constant pool entry 73	5000010b
	constant pool entry 36	5000005d
	constant pool entry 35	50001142
	constant pool entry 11	50001137
	constant pool entry 10	5000216b
	constant pool entry 9	5000216a
	constant pool entry 8	50002169
	constant pool entry 7	50002168
	constant pool entry 6	50002167
	constant pool entry 5	50002166
	constant pool entry 4	50002165
	constant pool entry 3	50002164
	constant pool entry 2	50002163
	constant pool entry 1	50002162
CLS 50001142 (name=java.security.CryptoPrimitive[], trace=300947)
	super		50000185
CLS 50001144 (name=java.util.EnumSet, trace=300948)
	super		500000ee
	static ZERO_LENGTH_ENUM_ARRAY	50001145
	constant pool entry 209	5000010b
	constant pool entry 101	500000df
	constant pool entry 100	50000048
	constant pool entry 99	50001155
	constant pool entry 95	50001144
	constant pool entry 93	500000ee
	constant pool entry 91	50000185
	constant pool entry 89	5000005d
CLS 50001147 (name=java.lang.Class$MethodArray, trace=300951)
	super		50000185
	constant pool entry 125	5000010b
	constant pool entry 58	50000152
	constant pool entry 57	50000185
	constant pool entry 55	50001147
CLS 50001149 (name=java.lang.reflect.Method[], trace=300953)
	super		50000185
CLS 5000114e (name=java.lang.Class$4, trace=300956)
	super		50000185
	constant pool entry 24	50000152
	constant pool entry 23	50000185
	constant pool entry 22	5000114e
CLS 50001151 (name=sun.reflect.NativeMethodAccessorImpl, trace=300959)
	super		5000014e
	constant pool entry 43	500000f5
	constant pool entry 42	50001151
	constant pool entry 41	5000014e
CLS 50001153 (name=sun.reflect.DelegatingMethodAccessorImpl, trace=300961)
	super		5000014e
	constant pool entry 16	5000014e
	constant pool entry 15	50001153
CLS 50001155 (name=java.util.RegularEnumSet, trace=300963)
	super		50001144
	constant pool entry 68	50001155
	constant pool entry 67	50001144
	constant pool entry 63	5000005d
CLS 50001157 (name=java.util.Collections$UnmodifiableSet, trace=300965)
	super		500000e9
	constant pool entry 25	500000e9
CLS 50001159 (name=java.security.AlgorithmConstraints, trace=300967)
CLS 5000115a (name=sun.security.util.AbstractAlgorithmConstraints, trace=300967)
	super		50000185
	constant pool entry 64	5000118d
	constant pool entry 63	5000115a
	constant pool entry 61	5000015b
	constant pool entry 58	50000103
	constant pool entry 56	50000181
	constant pool entry 55	50000185
	constant pool entry 53	500000db
	constant pool entry 1	500022be
CLS 5000115b (name=sun.security.util.DisabledAlgorithmConstraints, trace=300967)
	super		5000115a
	static PROPERTY_CERTPATH_DISABLED_ALGS	500022ba
	static PROPERTY_TLS_DISABLED_ALGS	500022b9
	static disabledAlgorithmsMap	5000115c
	static keySizeConstraintsMap	5000115d
	static PROPERTY_JAR_DISABLED_ALGS	50002160
	constant pool entry 78	5000125d
	constant pool entry 75	5000115b
	constant pool entry 74	5000115e
	constant pool entry 73	5000115a
	constant pool entry 71	5000015b
	constant pool entry 70	500000d9
CLS 5000115e (name=sun.security.util.AlgorithmDecomposer, trace=300970)
	super		50000185
	static transPattern	50001166
	static pattern	50001178
	constant pool entry 54	5000115e
	constant pool entry 53	5000115f
	constant pool entry 49	50000185
	constant pool entry 12	50002177
	constant pool entry 1	50002176
CLS 5000115f (name=java.util.regex.Pattern, trace=300971)
	super		50000185
	static lookbehindEnd	50001162
	static accept	50001163
	static lastAccept	50001165
	constant pool entry 1237	5000010b
	constant pool entry 595	50001174
	constant pool entry 589	5000117f
	constant pool entry 588	50001171
	constant pool entry 584	5000116e
	constant pool entry 577	50001160
	constant pool entry 572	50001164
	constant pool entry 569	50001263
	constant pool entry 567	50001169
	constant pool entry 565	50001173
	constant pool entry 561	50001269
	constant pool entry 560	50001265
	constant pool entry 553	50001183
	constant pool entry 552	50001185
	constant pool entry 543	50001172
	constant pool entry 537	50001161
	constant pool entry 532	5000128f
	constant pool entry 531	5000117d
	constant pool entry 515	50000181
	constant pool entry 514	50000185
	constant pool entry 510	5000017d
	constant pool entry 507	50000124
	constant pool entry 483	50002179
	constant pool entry 34	5000115f
CLS 50001160 (name=java.util.regex.Pattern$Node, trace=300972)
	super		50000185
	constant pool entry 27	50001176
	constant pool entry 26	50001160
	constant pool entry 25	5000115f
	constant pool entry 24	5000128f
	constant pool entry 23	50000185
CLS 50001161 (name=java.util.regex.Pattern$4, trace=300972)
	super		50001160
	constant pool entry 18	50001160
CLS 50001164 (name=java.util.regex.Pattern$LastNode, trace=300975)
	super		50001160
	constant pool entry 22	50001160
	constant pool entry 19	5000128f
CLS 50001169 (name=java.util.regex.Pattern$GroupHead, trace=300980)
	super		50001160
	constant pool entry 21	50001160
	constant pool entry 20	50001169
	constant pool entry 18	5000128f
CLS 5000116a (name=java.util.regex.Pattern$GroupHead[], trace=300981)
	super		50000185
CLS 5000116c (name=java.util.regex.Pattern$CharProperty, trace=300982)
	super		50001160
	constant pool entry 37	50001176
	constant pool entry 36	50001160
	constant pool entry 35	50001267
	constant pool entry 34	5000116c
	constant pool entry 31	5000128f
	constant pool entry 30	50000124
CLS 5000116d (name=java.util.regex.Pattern$BmpCharProperty, trace=300982)
	super		5000116c
	constant pool entry 30	50001160
	constant pool entry 29	5000116c
	constant pool entry 28	5000116d
	constant pool entry 25	5000128f
	constant pool entry 24	50000182
CLS 5000116e (name=java.util.regex.Pattern$Single, trace=300982)
	super		5000116d
	constant pool entry 17	5000116e
	constant pool entry 16	5000116d
CLS 50001170 (name=java.util.regex.Pattern$SliceNode, trace=300984)
	super		50001160
	constant pool entry 21	50001176
	constant pool entry 20	50001170
	constant pool entry 19	50001160
CLS 50001171 (name=java.util.regex.Pattern$Slice, trace=300984)
	super		50001170
	constant pool entry 29	50001170
	constant pool entry 28	50001171
	constant pool entry 27	50001160
	constant pool entry 25	5000128f
	constant pool entry 24	50000182
CLS 50001172 (name=java.util.regex.Pattern$Begin, trace=300985)
	super		50001160
CLS 50001173 (name=java.util.regex.Pattern$First, trace=300986)
	super		50001160
CLS 50001174 (name=java.util.regex.Pattern$Start, trace=300987)
	super		50001160
	constant pool entry 31	50001176
	constant pool entry 30	50001174
	constant pool entry 29	50001160
CLS 50001176 (name=java.util.regex.Pattern$TreeInfo, trace=300989)
	super		50000185
	constant pool entry 17	50001176
	constant pool entry 15	50000185
CLS 5000117d (name=java.util.regex.ASCII, trace=300996)
	super		50000185
	static ctype	5000117e
	constant pool entry 101	5000010b
	constant pool entry 87	5000117d
CLS 5000117f (name=java.util.regex.Pattern$SliceI, trace=300998)
	super		50001170
	constant pool entry 33	50001170
CLS 50001183 (name=java.util.regex.Pattern$BranchConn, trace=301000)
	super		50001160
	constant pool entry 18	50001176
	constant pool entry 17	50001160
	constant pool entry 16	50001183
CLS 50001185 (name=java.util.regex.Pattern$Branch, trace=301002)
	super		50001160
	constant pool entry 78	5000010b
	constant pool entry 37	50001176
	constant pool entry 36	50001160
	constant pool entry 35	50001185
	constant pool entry 33	5000017a
	constant pool entry 32	500000d1
CLS 50001187 (name=java.util.regex.Pattern$Node[], trace=301004)
	super		50000185
CLS 5000118d (name=sun.security.util.AbstractAlgorithmConstraints$1, trace=301007)
	super		50000185
	constant pool entry 25	5000118d
	constant pool entry 23	5000118f
	constant pool entry 21	50000185
CLS 5000118f (name=java.security.Security, trace=301009)
	super		50000185
	static props	50001192
	static spiMap	5000124c
	constant pool entry 300	50000041
	constant pool entry 295	5000002a
	constant pool entry 293	50000158
	constant pool entry 280	50001190
	constant pool entry 279	5000118f
	constant pool entry 273	50000103
	constant pool entry 270	5000017a
	constant pool entry 269	50000135
	constant pool entry 268	50000181
	constant pool entry 259	50000131
	constant pool entry 257	5000008b
	constant pool entry 256	5000012f
	constant pool entry 255	50000083
	constant pool entry 42	50001c26
	constant pool entry 31	500022c3
	constant pool entry 30	50001cdd
	constant pool entry 27	500022c2
	constant pool entry 23	500022c1
	constant pool entry 22	500022c0
	constant pool entry 20	500022bf
	constant pool entry 19	5000214f
CLS 50001190 (name=java.security.Security$1, trace=301010)
	super		50000185
	constant pool entry 17	50001190
	constant pool entry 16	5000118f
	constant pool entry 14	50000185
CLS 500011a1 (name=java.util.Properties$LineReader, trace=301024)
	super		50000185
	constant pool entry 71	5000010b
	constant pool entry 38	500011a1
	constant pool entry 36	5000017a
	constant pool entry 35	50000185
	constant pool entry 33	50000131
CLS 50001254 (name=java.util.ArrayList$SubList, trace=301045)
	super		500000f8
	constant pool entry 63	50001257
	constant pool entry 62	50001254
	constant pool entry 60	500000f1
	constant pool entry 59	500000f8
CLS 50001256 (name=java.util.ListIterator, trace=301047)
CLS 50001257 (name=java.util.ArrayList$SubList$1, trace=301047)
	super		50000185
	constant pool entry 57	50001257
	constant pool entry 56	50001254
	constant pool entry 55	500000f1
	constant pool entry 54	50000185
CLS 5000125d (name=sun.security.util.DisabledAlgorithmConstraints$KeySizeConstraints, trace=301052)
	super		50000185
	static pattern	5000125e
	constant pool entry 76	5000125d
	constant pool entry 75	5000129a
	constant pool entry 74	500012ac
	constant pool entry 72	5000115f
	constant pool entry 71	5000128f
	constant pool entry 70	500000ef
	constant pool entry 69	5000015b
	constant pool entry 68	5000002e
	constant pool entry 66	50000005
	constant pool entry 65	500000d9
	constant pool entry 64	500000f0
	constant pool entry 61	50000181
	constant pool entry 60	50000185
	constant pool entry 59	5000011e
	constant pool entry 1	5000218a
CLS 50001263 (name=java.util.regex.Pattern$GroupTail, trace=301058)
	super		50001160
	constant pool entry 24	50001160
	constant pool entry 23	50001263
	constant pool entry 21	5000128f
CLS 50001265 (name=java.util.regex.Pattern$Ctype, trace=301060)
	super		5000116d
	constant pool entry 21	50001265
	constant pool entry 20	5000116d
	constant pool entry 17	5000117d
CLS 50001267 (name=java.util.regex.Pattern$CharProperty$1, trace=301061)
	super		5000116c
	constant pool entry 17	50001267
	constant pool entry 16	5000116c
CLS 50001269 (name=java.util.regex.Pattern$Curly, trace=301063)
	super		50001160
	constant pool entry 35	50001176
	constant pool entry 34	50001160
	constant pool entry 33	50001269
	constant pool entry 31	5000128f
CLS 5000128c (name=java.util.Collections$SynchronizedMap, trace=301073)
	super		50000185
	constant pool entry 78	50000091
	constant pool entry 76	5000015b
	constant pool entry 74	5000128c
	constant pool entry 70	50000185
CLS 5000128e (name=java.util.regex.MatchResult, trace=301075)
CLS 5000128f (name=java.util.regex.Matcher, trace=301075)
	super		50000185
	constant pool entry 342	5000010b
	constant pool entry 182	50001160
	constant pool entry 181	5000115f
	constant pool entry 180	5000128f
	constant pool entry 172	50000185
	constant pool entry 170	500000d1
	constant pool entry 165	50000182
CLS 5000129a (name=sun.security.util.DisabledAlgorithmConstraints$KeySizeConstraint$Operator, trace=301081)
	super		5000005d
	static EQ	5000129b
	static NE	5000129c
	static LT	5000129d
	static LE	5000129e
	static GT	5000129f
	static GE	500012a0
	static $VALUES	500012a2
	constant pool entry 107	5000010b
	constant pool entry 60	50000181
	constant pool entry 58	5000005d
	constant pool entry 57	500012a1
	constant pool entry 14	5000129a
	constant pool entry 13	50002182
	constant pool entry 12	50002181
	constant pool entry 11	50002180
	constant pool entry 10	5000217f
	constant pool entry 9	5000217e
	constant pool entry 8	5000217d
	constant pool entry 3	5000217c
CLS 500012a1 (name=sun.security.util.DisabledAlgorithmConstraints$KeySizeConstraint$Operator[], trace=301088)
	super		50000185
CLS 500012ac (name=sun.security.util.DisabledAlgorithmConstraints$KeySizeConstraint, trace=301095)
	super		50000185
	constant pool entry 27	5000129a
	constant pool entry 26	500012ac
	constant pool entry 25	500012ae
	constant pool entry 23	50000185
CLS 500012ae (name=sun.security.util.DisabledAlgorithmConstraints$1, trace=301097)
	super		50000185
	static $SwitchMap$sun$security$util$DisabledAlgorithmConstraints$KeySizeConstraint$Operator	500012af
	constant pool entry 53	5000010b
	constant pool entry 29	5000129a
	constant pool entry 27	500012ae
CLS 500012bd (name=sun.security.util.ManifestEntryVerifier, trace=301104)
	super		50000185
	static hexc	500012be
	constant pool entry 278	5000010b
	constant pool entry 142	500012bd
	constant pool entry 141	50000041
	constant pool entry 130	500000d9
	constant pool entry 127	500000f1
	constant pool entry 120	50000185
	constant pool entry 9	5000215f
CLS 500012d1 (name=sun.nio.ByteBuffered, trace=301117)
CLS 500012d6 (name=java.security.PermissionCollection, trace=301121)
	super		50000185
	constant pool entry 44	500012d6
	constant pool entry 41	50000185
CLS 500012d7 (name=java.security.Permissions, trace=301121)
	super		500012d6
	static serialPersistentFields	500012d8
	constant pool entry 211	5000010b
	constant pool entry 111	5000015b
	constant pool entry 109	500000d9
	constant pool entry 102	500012d7
	constant pool entry 101	50000106
	constant pool entry 100	5000133f
	constant pool entry 97	50000185
	constant pool entry 93	50000110
	constant pool entry 6	50000159
	constant pool entry 5	50001340
	constant pool entry 4	500012d6
	constant pool entry 3	50003443
	constant pool entry 1	50003442
CLS 50001309 (name=java.net.URLConnection, trace=301145)
	super		50000185
	static handlers	5000130c
	static contentClassPrefix	5000331b
	static contentPathProp	5000331a
	constant pool entry 300	50000159
	constant pool entry 293	50001309
	constant pool entry 285	50000185
CLS 5000130a (name=sun.net.www.URLConnection, trace=301145)
	super		50001309
	static proxiedHosts	5000130e
	constant pool entry 110	5000130a
	constant pool entry 109	50001310
	constant pool entry 108	500000d9
	constant pool entry 106	50001309
CLS 5000130b (name=sun.net.www.protocol.file.FileURLConnection, trace=301145)
	super		5000130a
	static CONTENT_LENGTH	50003311
	static CONTENT_TYPE	50003312
	static TEXT_PLAIN	50003315
	static LAST_MODIFIED	50003313
	constant pool entry 157	5000130b
	constant pool entry 156	5000130a
	constant pool entry 155	50000012
	constant pool entry 141	5000012d
	constant pool entry 137	50000181
	constant pool entry 135	50001320
	constant pool entry 132	5000012f
	constant pool entry 10	50003315
	constant pool entry 9	50003314
	constant pool entry 8	50003313
	constant pool entry 7	50003312
	constant pool entry 6	50003311
CLS 50001310 (name=sun.net.www.MessageHeader, trace=301150)
	super		50000185
	constant pool entry 247	5000010b
	constant pool entry 132	50001310
	constant pool entry 118	50000181
	constant pool entry 117	50000185
CLS 50001320 (name=java.io.FilePermission, trace=301159)
	super		50000106
	constant pool entry 130	50000106
	constant pool entry 129	50000103
	constant pool entry 127	50000181
	constant pool entry 119	5000132b
	constant pool entry 118	50001324
	constant pool entry 117	50001320
	constant pool entry 8	50003314
	constant pool entry 2	5000333d
CLS 50001324 (name=java.io.FilePermission$1, trace=301163)
	super		50000185
	constant pool entry 42	50000181
	constant pool entry 41	50000185
	constant pool entry 39	50001324
	constant pool entry 38	50001320
	constant pool entry 37	5000012f
	constant pool entry 1	50003340
CLS 5000132b (name=java.io.FilePermissionCollection, trace=301166)
	super		500012d6
	static serialPersistentFields	5000132c
	constant pool entry 161	5000010b
	constant pool entry 90	500000fb
	constant pool entry 88	500000f1
	constant pool entry 87	500012d6
	constant pool entry 78	50000110
	constant pool entry 72	5000132b
	constant pool entry 71	50001320
	constant pool entry 4	500000f7
	constant pool entry 3	5000333e
CLS 5000133f (name=java.security.AllPermission, trace=301172)
	super		50000106
CLS 50001340 (name=java.security.UnresolvedPermission, trace=301173)
	super		50000106
CLS 50001352 (name=sun.text.resources.zh.FormatData_zh, trace=301183)
	super		50001030
	loader		50001ae6
	domain		50001341
	constant pool entry 229	5000010b
	constant pool entry 223	50001030
	constant pool entry 221	50000181
	constant pool entry 220	50000185
	constant pool entry 219	5000011c
	constant pool entry 105	500036fb
	constant pool entry 104	500036fa
	constant pool entry 103	5000368a
	constant pool entry 102	500036ba
	constant pool entry 101	500036be
	constant pool entry 100	500036c0
	constant pool entry 99	500036bf
	constant pool entry 98	500036bc
	constant pool entry 97	500036bd
	constant pool entry 96	500036bb
	constant pool entry 95	50003688
	constant pool entry 94	50003690
	constant pool entry 93	5000368b
	constant pool entry 92	50003689
	constant pool entry 91	500036a3
	constant pool entry 90	50003694
	constant pool entry 89	500036ea
	constant pool entry 88	500036ee
	constant pool entry 87	500036f0
	constant pool entry 86	500036ef
	constant pool entry 85	500036ec
	constant pool entry 84	500036ed
	constant pool entry 83	500036eb
	constant pool entry 82	500036a9
	constant pool entry 81	500036ab
	constant pool entry 80	500036aa
	constant pool entry 79	500036a5
	constant pool entry 78	50003696
	constant pool entry 77	5000366a
	constant pool entry 76	5000366b
	constant pool entry 75	500036a7
	constant pool entry 74	500036c8
	constant pool entry 73	500036a4
	constant pool entry 72	50003695
	constant pool entry 71	500036a1
	constant pool entry 70	50003692
	constant pool entry 69	500036a8
	constant pool entry 68	500036e5
	constant pool entry 67	500036e4
	constant pool entry 66	500036a2
	constant pool entry 65	50003693
	constant pool entry 64	500036a6
	constant pool entry 63	500036a0
	constant pool entry 62	50003691
	constant pool entry 61	50003514
	constant pool entry 60	500036d8
	constant pool entry 59	500036d6
	constant pool entry 58	500036d7
	constant pool entry 57	500036d9
	constant pool entry 56	5000366e
	constant pool entry 55	5000369e
	constant pool entry 54	500036b8
	constant pool entry 53	500036f8
	constant pool entry 52	500036d4
	constant pool entry 51	500036e8
	constant pool entry 50	500034de
	constant pool entry 49	500035c0
	constant pool entry 48	5000355c
	constant pool entry 47	50003560
	constant pool entry 46	500036de
	constant pool entry 45	500036df
	constant pool entry 44	500036e0
	constant pool entry 43	5000362a
	constant pool entry 42	500035a6
	constant pool entry 41	50003650
	constant pool entry 40	500034f8
	constant pool entry 39	500034eb
	constant pool entry 38	500036ca
	constant pool entry 37	500036cb
	constant pool entry 36	500036cc
	constant pool entry 35	500036d2
	constant pool entry 34	500036cd
	constant pool entry 33	500035e6
	constant pool entry 32	5000353c
	constant pool entry 31	5000356a
	constant pool entry 30	50003548
	constant pool entry 29	500035d2
	constant pool entry 28	5000351a
	constant pool entry 27	500034c8
	constant pool entry 26	50003634
	constant pool entry 25	50003678
	constant pool entry 24	500035b0
	constant pool entry 23	50003677
	constant pool entry 22	500035af
	constant pool entry 21	50003676
	constant pool entry 20	500035ae
	constant pool entry 19	50003675
	constant pool entry 18	500035ad
	constant pool entry 17	50003674
	constant pool entry 16	500035ac
	constant pool entry 15	50003673
	constant pool entry 14	500035ab
	constant pool entry 13	50003672
	constant pool entry 12	500035aa
	constant pool entry 11	50003671
	constant pool entry 10	500035a9
	constant pool entry 9	50003670
	constant pool entry 8	5000367b
	constant pool entry 7	500035b3
	constant pool entry 6	5000367a
	constant pool entry 5	500035b2
	constant pool entry 4	50003679
	constant pool entry 3	500035b1
	constant pool entry 2	500035a8
	constant pool entry 1	50001c1a
CLS 500013ad (name=sun.text.resources.zh.FormatData_zh_CN, trace=301183)
	super		50001030
	loader		50001ae6
	domain		50001341
	constant pool entry 31	5000010b
	constant pool entry 25	50001030
	constant pool entry 23	50000181
	constant pool entry 22	50000185
	constant pool entry 21	5000011c
	constant pool entry 6	50003701
	constant pool entry 5	50003534
	constant pool entry 4	50003703
	constant pool entry 3	5000363b
	constant pool entry 2	50003536
	constant pool entry 1	50003538
CLS 500013c5 (name=java.util.concurrent.ConcurrentHashMap$ForwardingNode, trace=301203)
	super		50000023
	constant pool entry 26	50000023
	constant pool entry 25	500013c5
CLS 500013cf (name=sun.util.locale.provider.LocaleResources$ResourceReference, trace=301210)
	super		50000165
	constant pool entry 14	500013cf
	constant pool entry 12	50000165
CLS 500013d3 (name=java.text.DecimalFormatSymbols, trace=301214)
	super		50000185
	constant pool entry 153	50000dc1
	constant pool entry 151	50000ff5
	constant pool entry 150	50000dc0
	constant pool entry 148	5000002e
	constant pool entry 147	50001519
	constant pool entry 146	500013d3
	constant pool entry 145	50000181
	constant pool entry 144	50000185
	constant pool entry 133	500000db
	constant pool entry 3	500013d4
CLS 500013d4 (name=java.text.spi.DecimalFormatSymbolsProvider, trace=301215)
	super		50000dbe
	constant pool entry 8	50000dbe
CLS 500013db (name=sun.util.locale.provider.DecimalFormatSymbolsProviderImpl, trace=301217)
	super		500013d4
	constant pool entry 28	50000dc0
	constant pool entry 27	500013db
	constant pool entry 25	500013d4
	constant pool entry 24	500013d3
CLS 500013e9 (name=sun.util.resources.ParallelListResourceBundle$KeySet, trace=301225)
	super		500000ee
	constant pool entry 36	500013e9
	constant pool entry 33	500000ef
	constant pool entry 32	500003bf
	constant pool entry 30	500000ee
	constant pool entry 29	50000181
CLS 50001519 (name=java.util.Currency, trace=301410)
	super		50000185
	static instances	5000151a
	static mainTable	50001530
	static scCutOverTimes	50001531
	static scOldCurrencies	50001532
	static scNewCurrencies	50001555
	static scOldCurrenciesDFD	50001569
	static scNewCurrenciesDFD	5000156a
	static scOldCurrenciesNumericCode	5000156b
	static scNewCurrenciesNumericCode	5000156c
	static otherCurrencies	5000156f
	static otherCurrenciesDFD	50001571
	static otherCurrenciesNumericCode	50001572
	constant pool entry 448	5000010b
	constant pool entry 241	50001583
	constant pool entry 238	5000002b
	constant pool entry 237	5000002a
	constant pool entry 232	5000002e
	constant pool entry 229	50001722
	constant pool entry 228	5000151b
	constant pool entry 225	50000103
	constant pool entry 222	50000135
	constant pool entry 221	50000181
	constant pool entry 220	50000185
	constant pool entry 218	5000011e
	constant pool entry 214	50001524
	constant pool entry 15	50001582
	constant pool entry 14	50001519
CLS 5000151b (name=java.util.Currency$1, trace=301412)
	super		50000185
	constant pool entry 110	5000151b
	constant pool entry 109	50001519
	constant pool entry 106	5000017a
	constant pool entry 105	50000135
	constant pool entry 103	50000185
	constant pool entry 99	5000008b
	constant pool entry 98	5000012f
	constant pool entry 97	50001524
	constant pool entry 96	50000083
	constant pool entry 10	500022c1
	constant pool entry 9	50003b6a
	constant pool entry 8	5000214f
	constant pool entry 6	50003b69
	constant pool entry 5	50003b68
CLS 50001523 (name=java.io.DataInput, trace=301418)
CLS 50001524 (name=java.io.DataInputStream, trace=301418)
	super		50000084
	constant pool entry 155	5000010b
	constant pool entry 89	50000181
	constant pool entry 83	50000131
	constant pool entry 81	50000084
	constant pool entry 79	50001524
	constant pool entry 78	50001523
CLS 50001582 (name=java.util.spi.CurrencyNameProvider, trace=301456)
	super		50000dbe
	constant pool entry 45	50000dbe
CLS 50001583 (name=sun.util.locale.provider.LocaleServiceProviderPool, trace=301457)
	super		50000185
	static poolOfPools	50001584
	static spiClasses	50001585
	static NULL_LIST	50001e0b
	constant pool entry 361	5000010b
	constant pool entry 170	50001721
	constant pool entry 168	50000dcf
	constant pool entry 167	50000dc0
	constant pool entry 165	50000dbe
	constant pool entry 164	5000002b
	constant pool entry 163	5000002a
	constant pool entry 157	500000fb
	constant pool entry 156	5000008f
	constant pool entry 153	500000f0
	constant pool entry 147	50000185
	constant pool entry 145	5000017d
	constant pool entry 142	50000117
	constant pool entry 16	50001583
	constant pool entry 15	5000158b
	constant pool entry 14	5000158a
	constant pool entry 13	50001582
	constant pool entry 12	5000158c
	constant pool entry 11	50000dbf
	constant pool entry 10	500013d4
	constant pool entry 9	50001589
	constant pool entry 8	50001588
	constant pool entry 7	50001587
	constant pool entry 6	50001586
CLS 50001586 (name=java.text.spi.BreakIteratorProvider, trace=301460)
	super		50000dbe
CLS 50001587 (name=java.text.spi.CollatorProvider, trace=301461)
	super		50000dbe
CLS 50001588 (name=java.text.spi.DateFormatProvider, trace=301462)
	super		50000dbe
CLS 50001589 (name=java.text.spi.DateFormatSymbolsProvider, trace=301463)
	super		50000dbe
CLS 5000158a (name=java.util.spi.LocaleNameProvider, trace=301464)
	super		50000dbe
CLS 5000158b (name=java.util.spi.TimeZoneNameProvider, trace=301465)
	super		50000dbe
CLS 5000158c (name=java.util.spi.CalendarDataProvider, trace=301466)
	super		50000dbe
CLS 50001594 (name=sun.util.locale.provider.CurrencyNameProviderImpl, trace=301471)
	super		50001582
	constant pool entry 41	50000ff5
	constant pool entry 39	50000dc0
	constant pool entry 38	50001594
	constant pool entry 36	50001582
	constant pool entry 35	5000002e
	constant pool entry 34	50000181
CLS 50001708 (name=sun.util.locale.provider.SPILocaleProviderAdapter$1, trace=301475)
	super		50000185
	constant pool entry 65	50001708
	constant pool entry 62	500003c6
	constant pool entry 61	5000008f
	constant pool entry 57	50000185
CLS 50001721 (name=sun.util.locale.provider.LocaleServiceProviderPool$LocalizedObjectGetter, trace=301483)
CLS 50001722 (name=java.util.Currency$CurrencyNameGetter, trace=301483)
	super		50000185
	static INSTANCE	50001723
	constant pool entry 34	50001582
	constant pool entry 33	50001722
	constant pool entry 32	50000185
	constant pool entry 31	5000011e
	constant pool entry 30	5000017d
	constant pool entry 1	50001519
CLS 5000174b (name=sun.util.resources.OpenListResourceBundle, trace=300432)
	super		500003bf
	constant pool entry 49	5000174b
	constant pool entry 46	500003bf
	constant pool entry 45	5000015b
	constant pool entry 43	500000d9
	constant pool entry 40	50000181
CLS 5000174c (name=sun.util.resources.LocaleNamesBundle, trace=300432)
	super		5000174b
	constant pool entry 7	5000174b
CLS 5000174d (name=sun.util.resources.CurrencyNames, trace=300432)
	super		5000174c
	constant pool entry 1320	5000174c
CLS 500017b7 (name=sun.util.resources.zh.CurrencyNames_zh_CN, trace=301183)
	super		5000174c
	loader		50001ae6
	domain		50001341
	constant pool entry 869	5000010b
	constant pool entry 862	5000174c
	constant pool entry 861	50000185
	constant pool entry 860	5000011c
	constant pool entry 859	50002119
	constant pool entry 858	50002118
	constant pool entry 857	50002117
	constant pool entry 856	50002116
	constant pool entry 855	50002115
	constant pool entry 854	50002114
	constant pool entry 853	50002113
	constant pool entry 852	50002112
	constant pool entry 851	50002111
	constant pool entry 850	50002110
	constant pool entry 849	5000210f
	constant pool entry 848	5000210e
	constant pool entry 847	5000210d
	constant pool entry 846	5000210c
	constant pool entry 845	5000210b
	constant pool entry 844	5000210a
	constant pool entry 843	50002109
	constant pool entry 842	50002108
	constant pool entry 841	50002107
	constant pool entry 840	50002106
	constant pool entry 839	50002105
	constant pool entry 838	50002104
	constant pool entry 837	50002103
	constant pool entry 836	50002102
	constant pool entry 835	50002101
	constant pool entry 834	50002100
	constant pool entry 833	500020ff
	constant pool entry 832	500020fe
	constant pool entry 831	500020fd
	constant pool entry 830	500020fc
	constant pool entry 829	500020fb
	constant pool entry 828	500020fa
	constant pool entry 827	500020f9
	constant pool entry 826	500020f8
	constant pool entry 825	500020f7
	constant pool entry 824	500020f6
	constant pool entry 823	500020f5
	constant pool entry 822	500020f4
	constant pool entry 821	500020f3
	constant pool entry 820	500020f2
	constant pool entry 819	500020f1
	constant pool entry 818	500020f0
	constant pool entry 817	500020ef
	constant pool entry 816	500020ee
	constant pool entry 815	500020ed
	constant pool entry 814	500020ec
	constant pool entry 813	500020eb
	constant pool entry 812	500020ea
	constant pool entry 811	500020e9
	constant pool entry 810	500020e8
	constant pool entry 809	500020e7
	constant pool entry 808	500020e6
	constant pool entry 807	500020e5
	constant pool entry 806	500020e4
	constant pool entry 805	500020e3
	constant pool entry 804	500020e2
	constant pool entry 803	500020e1
	constant pool entry 802	500020e0
	constant pool entry 801	500020df
	constant pool entry 800	500020de
	constant pool entry 799	500020dd
	constant pool entry 798	500020dc
	constant pool entry 797	500020db
	constant pool entry 796	500020da
	constant pool entry 795	500020d9
	constant pool entry 794	500020d8
	constant pool entry 793	500020d7
	constant pool entry 792	500020d6
	constant pool entry 791	500020d5
	constant pool entry 790	500020d4
	constant pool entry 789	500020d3
	constant pool entry 788	500020d2
	constant pool entry 787	500020d1
	constant pool entry 786	500020d0
	constant pool entry 785	500020cf
	constant pool entry 784	500020ce
	constant pool entry 783	500020cd
	constant pool entry 782	500020cc
	constant pool entry 781	500020cb
	constant pool entry 780	500020ca
	constant pool entry 779	500020c9
	constant pool entry 778	500020c8
	constant pool entry 777	500020c7
	constant pool entry 776	500020c6
	constant pool entry 775	500020c5
	constant pool entry 774	500020c4
	constant pool entry 773	500020c3
	constant pool entry 772	500020c2
	constant pool entry 771	500020c1
	constant pool entry 770	500020c0
	constant pool entry 769	500020bf
	constant pool entry 768	500020be
	constant pool entry 767	500020bd
	constant pool entry 766	500020bc
	constant pool entry 765	500020bb
	constant pool entry 764	500020ba
	constant pool entry 763	500020b9
	constant pool entry 762	500020b8
	constant pool entry 761	500020b7
	constant pool entry 760	500020b6
	constant pool entry 759	500020b5
	constant pool entry 758	500020b4
	constant pool entry 757	500020b3
	constant pool entry 756	500020b2
	constant pool entry 755	500020b1
	constant pool entry 754	500020b0
	constant pool entry 753	500020af
	constant pool entry 752	500020ae
	constant pool entry 751	500020ad
	constant pool entry 750	500020ac
	constant pool entry 749	500020ab
	constant pool entry 748	500020aa
	constant pool entry 747	500020a9
	constant pool entry 746	500020a8
	constant pool entry 745	500020a7
	constant pool entry 744	500020a6
	constant pool entry 743	500020a5
	constant pool entry 742	500020a4
	constant pool entry 741	500020a3
	constant pool entry 740	500020a2
	constant pool entry 739	500020a1
	constant pool entry 738	500020a0
	constant pool entry 737	5000209f
	constant pool entry 736	5000209e
	constant pool entry 735	5000209d
	constant pool entry 734	5000209c
	constant pool entry 733	5000209b
	constant pool entry 732	5000209a
	constant pool entry 731	50002099
	constant pool entry 730	50002098
	constant pool entry 729	50002097
	constant pool entry 728	50002096
	constant pool entry 727	50002095
	constant pool entry 726	50002094
	constant pool entry 725	50002093
	constant pool entry 724	50002092
	constant pool entry 723	50002091
	constant pool entry 722	50002090
	constant pool entry 721	5000208f
	constant pool entry 720	5000208e
	constant pool entry 719	5000208d
	constant pool entry 718	5000208c
	constant pool entry 717	5000208b
	constant pool entry 716	5000208a
	constant pool entry 715	50002089
	constant pool entry 714	50002088
	constant pool entry 713	50002087
	constant pool entry 712	50002086
	constant pool entry 711	50002085
	constant pool entry 710	50002084
	constant pool entry 709	50002083
	constant pool entry 708	50002082
	constant pool entry 707	50002081
	constant pool entry 706	50002080
	constant pool entry 705	5000207f
	constant pool entry 704	5000207e
	constant pool entry 703	5000207d
	constant pool entry 702	5000207c
	constant pool entry 701	5000207b
	constant pool entry 700	5000207a
	constant pool entry 699	50002079
	constant pool entry 698	50002078
	constant pool entry 697	50002077
	constant pool entry 696	50002076
	constant pool entry 695	50002075
	constant pool entry 694	50002074
	constant pool entry 693	50002073
	constant pool entry 692	50002072
	constant pool entry 691	50002071
	constant pool entry 690	50002070
	constant pool entry 689	5000206f
	constant pool entry 688	5000206e
	constant pool entry 687	5000206d
	constant pool entry 686	5000206c
	constant pool entry 252	5000206b
	constant pool entry 251	5000206a
	constant pool entry 250	50002069
	constant pool entry 249	50002068
	constant pool entry 248	50002067
	constant pool entry 247	50002066
	constant pool entry 246	50002065
	constant pool entry 245	50002064
	constant pool entry 244	50002063
	constant pool entry 243	50002062
	constant pool entry 242	50002061
	constant pool entry 241	50002060
	constant pool entry 240	5000205f
	constant pool entry 239	5000205e
	constant pool entry 238	5000205d
	constant pool entry 237	5000205c
	constant pool entry 236	5000205b
	constant pool entry 235	5000205a
	constant pool entry 234	50002059
	constant pool entry 233	50002058
	constant pool entry 232	50002057
	constant pool entry 231	50002056
	constant pool entry 230	50002055
	constant pool entry 229	50002054
	constant pool entry 228	50002053
	constant pool entry 227	50002052
	constant pool entry 226	50002051
	constant pool entry 225	50002050
	constant pool entry 224	5000204f
	constant pool entry 223	5000204e
	constant pool entry 222	5000204d
	constant pool entry 221	5000204c
	constant pool entry 220	5000204b
	constant pool entry 219	5000204a
	constant pool entry 218	50002049
	constant pool entry 217	50002048
	constant pool entry 216	50002047
	constant pool entry 215	50002046
	constant pool entry 214	50002045
	constant pool entry 213	50002044
	constant pool entry 212	50002043
	constant pool entry 211	50002042
	constant pool entry 210	50002041
	constant pool entry 209	50002040
	constant pool entry 208	5000203f
	constant pool entry 207	5000203e
	constant pool entry 206	5000203d
	constant pool entry 205	5000203c
	constant pool entry 204	5000203b
	constant pool entry 203	5000203a
	constant pool entry 202	50002039
	constant pool entry 201	50002038
	constant pool entry 200	50002037
	constant pool entry 199	50002036
	constant pool entry 198	50002035
	constant pool entry 197	50002034
	constant pool entry 196	50002033
	constant pool entry 195	50002032
	constant pool entry 194	50002031
	constant pool entry 193	50002030
	constant pool entry 192	5000202f
	constant pool entry 191	5000202e
	constant pool entry 190	5000202d
	constant pool entry 189	5000202c
	constant pool entry 188	5000202b
	constant pool entry 187	5000202a
	constant pool entry 186	50002029
	constant pool entry 185	50002028
	constant pool entry 184	50002027
	constant pool entry 183	50002026
	constant pool entry 182	50002025
	constant pool entry 181	50002024
	constant pool entry 180	50002023
	constant pool entry 179	50002022
	constant pool entry 178	50002021
	constant pool entry 177	50002020
	constant pool entry 176	5000201f
	constant pool entry 175	5000201e
	constant pool entry 174	5000201d
	constant pool entry 173	5000201c
	constant pool entry 172	5000201b
	constant pool entry 171	5000201a
	constant pool entry 170	50002019
	constant pool entry 169	50002018
	constant pool entry 168	50002017
	constant pool entry 167	50002016
	constant pool entry 166	50002015
	constant pool entry 165	50002014
	constant pool entry 164	50002013
	constant pool entry 163	50002012
	constant pool entry 162	50002011
	constant pool entry 161	50002010
	constant pool entry 160	5000200f
	constant pool entry 159	5000200e
	constant pool entry 158	5000200d
	constant pool entry 157	5000200c
	constant pool entry 156	5000200b
	constant pool entry 155	5000200a
	constant pool entry 154	50002009
	constant pool entry 153	50002008
	constant pool entry 152	50002007
	constant pool entry 151	50002006
	constant pool entry 150	50002005
	constant pool entry 149	50002004
	constant pool entry 148	50002003
	constant pool entry 147	50002002
	constant pool entry 146	50002001
	constant pool entry 145	50002000
	constant pool entry 144	50001fff
	constant pool entry 143	50001ffe
	constant pool entry 142	50001ffd
	constant pool entry 141	50001ffc
	constant pool entry 140	50001ffb
	constant pool entry 139	50001ffa
	constant pool entry 138	50001ff9
	constant pool entry 137	50001ff8
	constant pool entry 136	50001ff7
	constant pool entry 135	50001ff6
	constant pool entry 134	50001ff5
	constant pool entry 133	50001ff4
	constant pool entry 132	50001ff3
	constant pool entry 131	50001ff2
	constant pool entry 130	50001ff1
	constant pool entry 129	50001ff0
	constant pool entry 128	50001fef
	constant pool entry 127	50001fee
	constant pool entry 126	50001fed
	constant pool entry 125	50001fec
	constant pool entry 124	50001feb
	constant pool entry 123	50001fea
	constant pool entry 122	50001fe9
	constant pool entry 121	50001fe8
	constant pool entry 120	50001fe7
	constant pool entry 119	50001fe6
	constant pool entry 118	50001fe5
	constant pool entry 117	50001fe4
	constant pool entry 116	50001fe3
	constant pool entry 115	50001fe2
	constant pool entry 114	50001fe1
	constant pool entry 113	50001fe0
	constant pool entry 112	50001fdf
	constant pool entry 111	50001fde
	constant pool entry 110	50001fdd
	constant pool entry 109	50001fdc
	constant pool entry 108	50001fdb
	constant pool entry 107	50001fda
	constant pool entry 106	50001fd9
	constant pool entry 105	50001fd8
	constant pool entry 104	50001fd7
	constant pool entry 103	50001fd6
	constant pool entry 102	50001fd5
	constant pool entry 101	50001fd4
	constant pool entry 100	50001fd3
	constant pool entry 99	50001fd2
	constant pool entry 98	50001fd1
	constant pool entry 97	50001fd0
	constant pool entry 96	50001fcf
	constant pool entry 95	50001fce
	constant pool entry 94	50001fcd
	constant pool entry 93	50001fcc
	constant pool entry 92	50001fcb
	constant pool entry 91	50001fca
	constant pool entry 90	50001fc9
	constant pool entry 89	50001fc8
	constant pool entry 88	50001fc7
	constant pool entry 87	50001fc6
	constant pool entry 86	50001fc5
	constant pool entry 85	50001fc4
	constant pool entry 84	50001fc3
	constant pool entry 83	50001fc2
	constant pool entry 82	50001fc1
	constant pool entry 81	50001fc0
	constant pool entry 80	50001fbf
	constant pool entry 79	50001fbe
	constant pool entry 78	50001fbd
	constant pool entry 77	50001fbc
	constant pool entry 76	50001fbb
	constant pool entry 75	50001fba
	constant pool entry 74	50001fb9
	constant pool entry 73	50001fb8
	constant pool entry 72	50001fb7
	constant pool entry 71	50001fb6
	constant pool entry 70	50001fb5
	constant pool entry 69	50001fb4
	constant pool entry 68	50001fb3
	constant pool entry 67	50001fb2
	constant pool entry 66	50001fb1
	constant pool entry 65	50001fb0
	constant pool entry 64	50001faf
	constant pool entry 63	50001fae
	constant pool entry 62	50001fad
	constant pool entry 61	50001fac
	constant pool entry 60	50001fab
	constant pool entry 59	50001faa
	constant pool entry 58	50001fa9
	constant pool entry 57	50001fa8
	constant pool entry 56	50001fa7
	constant pool entry 55	50001fa6
	constant pool entry 54	50001fa5
	constant pool entry 53	50001fa4
	constant pool entry 52	50001fa3
	constant pool entry 51	50001fa2
	constant pool entry 50	50001fa1
	constant pool entry 49	50001fa0
	constant pool entry 48	50001f9f
	constant pool entry 47	50001f9e
	constant pool entry 46	50001f9d
	constant pool entry 45	50001f9c
	constant pool entry 44	50001f9b
	constant pool entry 43	50001f9a
	constant pool entry 42	50001f99
	constant pool entry 41	50001f98
	constant pool entry 40	50001f97
	constant pool entry 39	50001f96
	constant pool entry 38	50001f95
	constant pool entry 37	50001f94
	constant pool entry 36	50001f93
	constant pool entry 35	50001f92
	constant pool entry 34	50001f91
	constant pool entry 33	50001f90
	constant pool entry 32	50001f8f
	constant pool entry 31	50001f8e
	constant pool entry 30	50001f8d
	constant pool entry 29	50001f8c
	constant pool entry 28	50001f8b
	constant pool entry 27	50001f8a
	constant pool entry 26	50001f89
	constant pool entry 25	50001f88
	constant pool entry 24	50001f87
	constant pool entry 23	50001f86
	constant pool entry 22	50001f85
	constant pool entry 21	50001f84
	constant pool entry 20	50001f83
	constant pool entry 19	50001f82
	constant pool entry 18	50001f81
	constant pool entry 17	50001f80
	constant pool entry 16	50001f7f
	constant pool entry 15	50001f7e
	constant pool entry 14	50001f7d
	constant pool entry 13	50001f7c
	constant pool entry 12	50001f7b
	constant pool entry 11	50001f7a
	constant pool entry 10	50001f79
	constant pool entry 9	50001f78
	constant pool entry 8	50001f77
	constant pool entry 7	50001f76
	constant pool entry 6	50001f75
	constant pool entry 5	50001f74
	constant pool entry 4	50001f73
	constant pool entry 3	50001f72
	constant pool entry 2	50001f71
	constant pool entry 1	50001f70
CLS 50001971 (name=java.util.HashMap$KeySet, trace=301714)
	super		500000ee
	constant pool entry 44	50001971
	constant pool entry 42	500000d9
	constant pool entry 40	500000ee
CLS 50001975 (name=java.text.DecimalFormat, trace=301718)
	super		50000dbd
	static PATTERN_EXPONENT	500034d2
	static EmptyFieldPositionArray	50001977
	constant pool entry 1000	5000010b
	constant pool entry 468	500019a8
	constant pool entry 467	50000dbd
	constant pool entry 466	500019a5
	constant pool entry 463	50000d84
	constant pool entry 461	50001979
	constant pool entry 460	500013d3
	constant pool entry 455	5000197d
	constant pool entry 449	50000136
	constant pool entry 448	50000181
	constant pool entry 445	50000123
	constant pool entry 443	500000d1
	constant pool entry 442	5000011d
	constant pool entry 441	5000011e
	constant pool entry 435	5000017d
	constant pool entry 417	500034d2
	constant pool entry 412	50003b6e
	constant pool entry 6	50001975
	constant pool entry 3	5000218c
	constant pool entry 2	50001c1a
CLS 50001976 (name=java.text.FieldPosition[], trace=301719)
	super		50000185
CLS 50001979 (name=java.text.DigitList, trace=301721)
	super		50000185
	static LONG_MIN_REP	5000197a
	constant pool entry 276	5000010b
	constant pool entry 143	5000197d
	constant pool entry 140	5000017a
	constant pool entry 137	50000181
	constant pool entry 136	50000185
	constant pool entry 130	5000017d
	constant pool entry 7	50001979
	constant pool entry 4	50003b83
CLS 5000197d (name=java.math.RoundingMode, trace=301725)
	super		5000005d
	static UP	5000197e
	static DOWN	5000197f
	static CEILING	50001980
	static FLOOR	50001981
	static HALF_UP	50001982
	static HALF_DOWN	50001983
	static HALF_EVEN	50001984
	static UNNECESSARY	50001985
	static $VALUES	50001987
	constant pool entry 81	5000010b
	constant pool entry 40	5000005d
	constant pool entry 10	5000197d
	constant pool entry 8	50003b8b
	constant pool entry 7	50003b8a
	constant pool entry 6	50003b89
	constant pool entry 5	50003b88
	constant pool entry 4	50003b87
	constant pool entry 3	50003b86
	constant pool entry 2	50003b85
	constant pool entry 1	50003b84
CLS 50001986 (name=java.math.RoundingMode[], trace=301734)
	super		50000185
CLS 500019a5 (name=java.text.Format$FieldDelegate, trace=301760)
CLS 500019a6 (name=java.text.FieldPosition$Delegate, trace=301760)
	super		50000185
	constant pool entry 29	500019a6
	constant pool entry 27	50000d84
	constant pool entry 25	50000185
CLS 500019a8 (name=java.text.NumberFormat$Field, trace=301762)
	super		50000d8a
	static instanceMap	500019a9
	static INTEGER	500019aa
	static FRACTION	500019ad
	static EXPONENT	500019af
	static DECIMAL_SEPARATOR	500019b1
	static SIGN	500019b3
	static GROUPING_SEPARATOR	500019b5
	static EXPONENT_SYMBOL	500019b7
	static PERCENT	500019b9
	static PERMILLE	500019bb
	static CURRENCY	500019bd
	static EXPONENT_SIGN	500019bf
	constant pool entry 80	5000015b
	constant pool entry 79	500000d9
	constant pool entry 77	50000d8a
	constant pool entry 74	50000185
	constant pool entry 14	500019a8
	constant pool entry 11	50003b76
	constant pool entry 10	50003b21
	constant pool entry 9	50003b75
	constant pool entry 8	50003b1e
	constant pool entry 7	50003b74
	constant pool entry 6	50003b73
	constant pool entry 5	50003b72
	constant pool entry 4	50003b71
	constant pool entry 3	50003b70
	constant pool entry 2	50003b6f
	constant pool entry 1	50003b1b
CLS 50001ad0 (name=java.lang.Shutdown, trace=300000)
	super		50000185
	static hooks	50001ad1
	static lock	50001ad3
	static haltLock	50001ad4
	constant pool entry 112	5000010b
	constant pool entry 64	50001ad2
	constant pool entry 62	5000015f
	constant pool entry 4	50001ad0
CLS 50001ad2 (name=java.lang.Shutdown$Lock, trace=301797)
	super		50000185
	constant pool entry 12	50001ad2
	constant pool entry 9	50000185
CLS 50001ad5 (name=java.io.Serializable[][], trace=300000)
	super		50000185
CLS 50001ad6 (name=java.lang.Comparable[][], trace=300000)
	super		50000185
CLS 50001ad7 (name=java.lang.CharSequence[][], trace=300000)
	super		50000185
CLS 50001ad8 (name=java.lang.AbstractStringBuilder[], trace=300000)
	super		50000185
CLS 50001ad9 (name=java.lang.Appendable[], trace=300000)
	super		50000185
