HEAP DUMP BEGIN (3527 objects, 501232 bytes) Sat May 06 15:26:54 2017
ROOT 0 (kind=<thread>, id=200000, trace=300000)
ROOT 50000dc8 (kind=<thread>, id=200003, trace=300000)
ROOT 50000dc8 (kind=<thread block>, thread=200003)
ROOT 50000dc8 (kind=<JNI local ref>, thread=200000, frame=0)
ROOT 50000dc9 (kind=<thread>, id=200004, trace=300000)
ROOT 50000dc9 (kind=<thread block>, thread=200004)
ROOT 50000dca (kind=<thread>, id=200005, trace=300000)
ROOT 50000dca (kind=<thread block>, thread=200005)
ROOT 50000dcb (kind=<thread>, id=200006, trace=300000)
ROOT 50000dcb (kind=<thread block>, thread=200006)
ROOT 50000dcc (kind=<Java stack>, thread=200000, frame=1)
ROOT 50000dcd (kind=<Java stack>, thread=200000, frame=1)
ROOT 50000dcc (kind=<Java stack>, thread=200000, frame=2)
ROOT 50000dcb (kind=<Java stack>, thread=200000, frame=3)
ROOT 50000dce (kind=<Java stack>, thread=200000, frame=3)
ROOT 50000dcf (kind=<thread>, id=200007, trace=300000)
ROOT 50000dcf (kind=<thread block>, thread=200007)
ROOT 50000dd0 (kind=<Java stack>, thread=200000, frame=1)
ROOT 50000dd0 (kind=<Java stack>, thread=200000, frame=2)
ROOT 50000dcf (kind=<Java stack>, thread=200000, frame=3)
ROOT 50000dd1 (kind=<thread>, id=200008, trace=300000)
ROOT 50000dd1 (kind=<thread block>, thread=200008)
ROOT 50000dc5 (kind=<Java stack>, thread=200000, frame=1)
ROOT 50000dc1 (kind=<Java stack>, thread=200000, frame=2)
ROOT 50000dd2 (kind=<Java stack>, thread=200000, frame=3)
ROOT 50000798 (kind=<Java stack>, thread=200000, frame=5)
ROOT 50000dd3 (kind=<Java stack>, thread=200000, frame=5)
ROOT 50000799 (kind=<Java stack>, thread=200000, frame=5)
ROOT 500003bd (kind=<Java stack>, thread=200000, frame=6)
ROOT 500003bd (kind=<Java stack>, thread=200000, frame=6)
ROOT 50000798 (kind=<Java stack>, thread=200000, frame=6)
ROOT 50000dd4 (kind=<JNI global ref>, id=1, trace=300000)
ROOT 50000181 (kind=<JNI global ref>, id=2, trace=300000)
ROOT 50000001 (kind=<JNI global ref>, id=3, trace=300000)
ROOT 50000185 (kind=<JNI global ref>, id=4, trace=300000)
ROOT 50000002 (kind=<JNI global ref>, id=5, trace=300000)
ROOT 50000003 (kind=<JNI global ref>, id=6, trace=300000)
ROOT 5000000f (kind=<JNI global ref>, id=7, trace=300000)
ROOT 50000004 (kind=<JNI global ref>, id=8, trace=300000)
ROOT 50000005 (kind=<JNI global ref>, id=9, trace=300000)
ROOT 500000ee (kind=<JNI global ref>, id=a, trace=300000)
ROOT 50000006 (kind=<JNI global ref>, id=b, trace=300000)
ROOT 50000007 (kind=<JNI global ref>, id=c, trace=300000)
ROOT 50000008 (kind=<JNI global ref>, id=d, trace=300000)
ROOT 50000009 (kind=<JNI global ref>, id=e, trace=300000)
ROOT 5000000a (kind=<JNI global ref>, id=f, trace=300000)
ROOT 5000000b (kind=<JNI global ref>, id=10, trace=300000)
ROOT 5000000c (kind=<JNI global ref>, id=11, trace=300000)
ROOT 5000000d (kind=<JNI global ref>, id=12, trace=300000)
ROOT 5000000e (kind=<JNI global ref>, id=13, trace=300000)
ROOT 50000010 (kind=<JNI global ref>, id=14, trace=300000)
ROOT 50000011 (kind=<JNI global ref>, id=15, trace=300000)
ROOT 50000012 (kind=<JNI global ref>, id=16, trace=300000)
ROOT 50000013 (kind=<JNI global ref>, id=17, trace=300000)
ROOT 50000014 (kind=<JNI global ref>, id=18, trace=300000)
ROOT 50000015 (kind=<JNI global ref>, id=19, trace=300000)
ROOT 50000016 (kind=<JNI global ref>, id=1a, trace=300000)
ROOT 50000017 (kind=<JNI global ref>, id=1b, trace=300000)
ROOT 50000018 (kind=<JNI global ref>, id=1c, trace=300000)
ROOT 50000165 (kind=<JNI global ref>, id=1d, trace=300000)
ROOT 50000019 (kind=<JNI global ref>, id=1e, trace=300000)
ROOT 5000001a (kind=<JNI global ref>, id=1f, trace=300000)
ROOT 5000002d (kind=<JNI global ref>, id=20, trace=300000)
ROOT 5000001b (kind=<JNI global ref>, id=21, trace=300000)
ROOT 5000001c (kind=<JNI global ref>, id=22, trace=300000)
ROOT 5000001f (kind=<JNI global ref>, id=23, trace=300000)
ROOT 5000001d (kind=<JNI global ref>, id=24, trace=300000)
ROOT 5000001e (kind=<JNI global ref>, id=25, trace=300000)
ROOT 50000020 (kind=<JNI global ref>, id=26, trace=300000)
ROOT 50000021 (kind=<JNI global ref>, id=27, trace=300000)
ROOT 50000022 (kind=<JNI global ref>, id=28, trace=300000)
ROOT 50000023 (kind=<JNI global ref>, id=29, trace=300000)
ROOT 50000024 (kind=<JNI global ref>, id=2a, trace=300000)
ROOT 50000025 (kind=<JNI global ref>, id=2b, trace=300000)
ROOT 50000026 (kind=<JNI global ref>, id=2c, trace=300000)
ROOT 50000027 (kind=<JNI global ref>, id=2d, trace=300000)
ROOT 50000028 (kind=<JNI global ref>, id=2e, trace=300000)
ROOT 50000029 (kind=<JNI global ref>, id=2f, trace=300000)
ROOT 5000002a (kind=<JNI global ref>, id=30, trace=300000)
ROOT 500000eb (kind=<JNI global ref>, id=31, trace=300000)
ROOT 5000002b (kind=<JNI global ref>, id=32, trace=300000)
ROOT 5000002c (kind=<JNI global ref>, id=33, trace=300000)
ROOT 5000002e (kind=<JNI global ref>, id=34, trace=300000)
ROOT 5000002f (kind=<JNI global ref>, id=35, trace=300000)
ROOT 50000030 (kind=<JNI global ref>, id=36, trace=300000)
ROOT 50000054 (kind=<JNI global ref>, id=37, trace=300000)
ROOT 50000031 (kind=<JNI global ref>, id=38, trace=300000)
ROOT 50000035 (kind=<JNI global ref>, id=39, trace=300000)
ROOT 50000032 (kind=<JNI global ref>, id=3a, trace=300000)
ROOT 50000033 (kind=<JNI global ref>, id=3b, trace=300000)
ROOT 50000034 (kind=<JNI global ref>, id=3c, trace=300000)
ROOT 50000036 (kind=<JNI global ref>, id=3d, trace=300000)
ROOT 50000037 (kind=<JNI global ref>, id=3e, trace=300000)
ROOT 50000038 (kind=<JNI global ref>, id=3f, trace=300000)
ROOT 50000039 (kind=<JNI global ref>, id=40, trace=300000)
ROOT 5000003a (kind=<JNI global ref>, id=41, trace=300000)
ROOT 5000003b (kind=<JNI global ref>, id=42, trace=300000)
ROOT 5000003c (kind=<JNI global ref>, id=43, trace=300000)
ROOT 5000003d (kind=<JNI global ref>, id=44, trace=300000)
ROOT 5000003e (kind=<JNI global ref>, id=45, trace=300000)
ROOT 5000003f (kind=<JNI global ref>, id=46, trace=300000)
ROOT 50000164 (kind=<JNI global ref>, id=47, trace=300000)
ROOT 50000040 (kind=<JNI global ref>, id=48, trace=300000)
ROOT 50000041 (kind=<JNI global ref>, id=49, trace=300000)
ROOT 50000042 (kind=<JNI global ref>, id=4a, trace=300000)
ROOT 50000043 (kind=<JNI global ref>, id=4b, trace=300000)
ROOT 50000044 (kind=<JNI global ref>, id=4c, trace=300000)
ROOT 50000045 (kind=<JNI global ref>, id=4d, trace=300000)
ROOT 50000046 (kind=<JNI global ref>, id=4e, trace=300000)
ROOT 50000175 (kind=<JNI global ref>, id=4f, trace=300000)
ROOT 50000047 (kind=<JNI global ref>, id=50, trace=300000)
ROOT 50000048 (kind=<JNI global ref>, id=51, trace=300000)
ROOT 50000049 (kind=<JNI global ref>, id=52, trace=300000)
ROOT 5000004a (kind=<JNI global ref>, id=53, trace=300000)
ROOT 5000004b (kind=<JNI global ref>, id=54, trace=300000)
ROOT 5000004c (kind=<JNI global ref>, id=55, trace=300000)
ROOT 5000004d (kind=<JNI global ref>, id=56, trace=300000)
ROOT 5000004e (kind=<JNI global ref>, id=57, trace=300000)
ROOT 5000004f (kind=<JNI global ref>, id=58, trace=300000)
ROOT 50000050 (kind=<JNI global ref>, id=59, trace=300000)
ROOT 50000051 (kind=<JNI global ref>, id=5a, trace=300000)
ROOT 50000052 (kind=<JNI global ref>, id=5b, trace=300000)
ROOT 50000053 (kind=<JNI global ref>, id=5c, trace=300000)
ROOT 500000d7 (kind=<JNI global ref>, id=5d, trace=300000)
ROOT 50000055 (kind=<JNI global ref>, id=5e, trace=300000)
ROOT 50000056 (kind=<JNI global ref>, id=5f, trace=300000)
ROOT 50000057 (kind=<JNI global ref>, id=60, trace=300000)
ROOT 50000058 (kind=<JNI global ref>, id=61, trace=300000)
ROOT 50000059 (kind=<JNI global ref>, id=62, trace=300000)
ROOT 5000005a (kind=<JNI global ref>, id=63, trace=300000)
ROOT 5000005b (kind=<JNI global ref>, id=64, trace=300000)
ROOT 5000005c (kind=<JNI global ref>, id=65, trace=300000)
ROOT 5000005d (kind=<JNI global ref>, id=66, trace=300000)
ROOT 5000005e (kind=<JNI global ref>, id=67, trace=300000)
ROOT 5000005f (kind=<JNI global ref>, id=68, trace=300000)
ROOT 500000d9 (kind=<JNI global ref>, id=69, trace=300000)
ROOT 50000060 (kind=<JNI global ref>, id=6a, trace=300000)
ROOT 50000061 (kind=<JNI global ref>, id=6b, trace=300000)
ROOT 50000062 (kind=<JNI global ref>, id=6c, trace=300000)
ROOT 50000063 (kind=<JNI global ref>, id=6d, trace=300000)
ROOT 50000064 (kind=<JNI global ref>, id=6e, trace=300000)
ROOT 50000065 (kind=<JNI global ref>, id=6f, trace=300000)
ROOT 50000079 (kind=<JNI global ref>, id=70, trace=300000)
ROOT 50000066 (kind=<JNI global ref>, id=71, trace=300000)
ROOT 50000068 (kind=<JNI global ref>, id=72, trace=300000)
ROOT 50000067 (kind=<JNI global ref>, id=73, trace=300000)
ROOT 50000069 (kind=<JNI global ref>, id=74, trace=300000)
ROOT 5000006a (kind=<JNI global ref>, id=75, trace=300000)
ROOT 5000006b (kind=<JNI global ref>, id=76, trace=300000)
ROOT 50000126 (kind=<JNI global ref>, id=77, trace=300000)
ROOT 5000006c (kind=<JNI global ref>, id=78, trace=300000)
ROOT 5000006d (kind=<JNI global ref>, id=79, trace=300000)
ROOT 5000006e (kind=<JNI global ref>, id=7a, trace=300000)
ROOT 5000006f (kind=<JNI global ref>, id=7b, trace=300000)
ROOT 50000123 (kind=<JNI global ref>, id=7c, trace=300000)
ROOT 50000070 (kind=<JNI global ref>, id=7d, trace=300000)
ROOT 50000071 (kind=<JNI global ref>, id=7e, trace=300000)
ROOT 50000072 (kind=<JNI global ref>, id=7f, trace=300000)
ROOT 50000073 (kind=<JNI global ref>, id=80, trace=300000)
ROOT 50000074 (kind=<JNI global ref>, id=81, trace=300000)
ROOT 50000075 (kind=<JNI global ref>, id=82, trace=300000)
ROOT 50000076 (kind=<JNI global ref>, id=83, trace=300000)
ROOT 50000077 (kind=<JNI global ref>, id=84, trace=300000)
ROOT 50000078 (kind=<JNI global ref>, id=85, trace=300000)
ROOT 5000007a (kind=<JNI global ref>, id=86, trace=300000)
ROOT 500000cf (kind=<JNI global ref>, id=87, trace=300000)
ROOT 5000007b (kind=<JNI global ref>, id=88, trace=300000)
ROOT 5000007d (kind=<JNI global ref>, id=89, trace=300000)
ROOT 5000007c (kind=<JNI global ref>, id=8a, trace=300000)
ROOT 50000086 (kind=<JNI global ref>, id=8b, trace=300000)
ROOT 5000007e (kind=<JNI global ref>, id=8c, trace=300000)
ROOT 5000007f (kind=<JNI global ref>, id=8d, trace=300000)
ROOT 50000080 (kind=<JNI global ref>, id=8e, trace=300000)
ROOT 50000081 (kind=<JNI global ref>, id=8f, trace=300000)
ROOT 50000082 (kind=<JNI global ref>, id=90, trace=300000)
ROOT 50000083 (kind=<JNI global ref>, id=91, trace=300000)
ROOT 50000084 (kind=<JNI global ref>, id=92, trace=300000)
ROOT 50000131 (kind=<JNI global ref>, id=93, trace=300000)
ROOT 50000085 (kind=<JNI global ref>, id=94, trace=300000)
ROOT 50000087 (kind=<JNI global ref>, id=95, trace=300000)
ROOT 50000088 (kind=<JNI global ref>, id=96, trace=300000)
ROOT 50000089 (kind=<JNI global ref>, id=97, trace=300000)
ROOT 5000008a (kind=<JNI global ref>, id=98, trace=300000)
ROOT 5000008b (kind=<JNI global ref>, id=99, trace=300000)
ROOT 5000008c (kind=<JNI global ref>, id=9a, trace=300000)
ROOT 5000008d (kind=<JNI global ref>, id=9b, trace=300000)
ROOT 5000008e (kind=<JNI global ref>, id=9c, trace=300000)
ROOT 5000008f (kind=<JNI global ref>, id=9d, trace=300000)
ROOT 50000090 (kind=<JNI global ref>, id=9e, trace=300000)
ROOT 50000091 (kind=<JNI global ref>, id=9f, trace=300000)
ROOT 50000092 (kind=<JNI global ref>, id=a0, trace=300000)
ROOT 50000093 (kind=<JNI global ref>, id=a1, trace=300000)
ROOT 50000094 (kind=<JNI global ref>, id=a2, trace=300000)
ROOT 50000095 (kind=<JNI global ref>, id=a3, trace=300000)
ROOT 50000096 (kind=<JNI global ref>, id=a4, trace=300000)
ROOT 50000097 (kind=<JNI global ref>, id=a5, trace=300000)
ROOT 50000098 (kind=<JNI global ref>, id=a6, trace=300000)
ROOT 50000099 (kind=<JNI global ref>, id=a7, trace=300000)
ROOT 5000009a (kind=<JNI global ref>, id=a8, trace=300000)
ROOT 5000009b (kind=<JNI global ref>, id=a9, trace=300000)
ROOT 5000009c (kind=<JNI global ref>, id=aa, trace=300000)
ROOT 5000009d (kind=<JNI global ref>, id=ab, trace=300000)
ROOT 5000009e (kind=<JNI global ref>, id=ac, trace=300000)
ROOT 5000009f (kind=<JNI global ref>, id=ad, trace=300000)
ROOT 500000a0 (kind=<JNI global ref>, id=ae, trace=300000)
ROOT 500000a1 (kind=<JNI global ref>, id=af, trace=300000)
ROOT 500000a2 (kind=<JNI global ref>, id=b0, trace=300000)
ROOT 500000a3 (kind=<JNI global ref>, id=b1, trace=300000)
ROOT 500000a4 (kind=<JNI global ref>, id=b2, trace=300000)
ROOT 500000a5 (kind=<JNI global ref>, id=b3, trace=300000)
ROOT 500000a6 (kind=<JNI global ref>, id=b4, trace=300000)
ROOT 500000a7 (kind=<JNI global ref>, id=b5, trace=300000)
ROOT 500000a8 (kind=<JNI global ref>, id=b6, trace=300000)
ROOT 500000a9 (kind=<JNI global ref>, id=b7, trace=300000)
ROOT 500000aa (kind=<JNI global ref>, id=b8, trace=300000)
ROOT 500000ab (kind=<JNI global ref>, id=b9, trace=300000)
ROOT 5000014c (kind=<JNI global ref>, id=ba, trace=300000)
ROOT 500000ac (kind=<JNI global ref>, id=bb, trace=300000)
ROOT 500000ad (kind=<JNI global ref>, id=bc, trace=300000)
ROOT 500000ae (kind=<JNI global ref>, id=bd, trace=300000)
ROOT 500000af (kind=<JNI global ref>, id=be, trace=300000)
ROOT 500000b0 (kind=<JNI global ref>, id=bf, trace=300000)
ROOT 500000b1 (kind=<JNI global ref>, id=c0, trace=300000)
ROOT 500000b2 (kind=<JNI global ref>, id=c1, trace=300000)
ROOT 500000ce (kind=<JNI global ref>, id=c2, trace=300000)
ROOT 500000b3 (kind=<JNI global ref>, id=c3, trace=300000)
ROOT 500000b4 (kind=<JNI global ref>, id=c4, trace=300000)
ROOT 500000b5 (kind=<JNI global ref>, id=c5, trace=300000)
ROOT 500000b6 (kind=<JNI global ref>, id=c6, trace=300000)
ROOT 500000b7 (kind=<JNI global ref>, id=c7, trace=300000)
ROOT 500000b8 (kind=<JNI global ref>, id=c8, trace=300000)
ROOT 500000b9 (kind=<JNI global ref>, id=c9, trace=300000)
ROOT 500000ba (kind=<JNI global ref>, id=ca, trace=300000)
ROOT 500000bb (kind=<JNI global ref>, id=cb, trace=300000)
ROOT 500000bc (kind=<JNI global ref>, id=cc, trace=300000)
ROOT 500000bd (kind=<JNI global ref>, id=cd, trace=300000)
ROOT 500000be (kind=<JNI global ref>, id=ce, trace=300000)
ROOT 500000bf (kind=<JNI global ref>, id=cf, trace=300000)
ROOT 500000c0 (kind=<JNI global ref>, id=d0, trace=300000)
ROOT 500000c1 (kind=<JNI global ref>, id=d1, trace=300000)
ROOT 500000c2 (kind=<JNI global ref>, id=d2, trace=300000)
ROOT 500000c3 (kind=<JNI global ref>, id=d3, trace=300000)
ROOT 500000c4 (kind=<JNI global ref>, id=d4, trace=300000)
ROOT 500000c5 (kind=<JNI global ref>, id=d5, trace=300000)
ROOT 500000c6 (kind=<JNI global ref>, id=d6, trace=300000)
ROOT 500000c7 (kind=<JNI global ref>, id=d7, trace=300000)
ROOT 500000c8 (kind=<JNI global ref>, id=d8, trace=300000)
ROOT 500000cb (kind=<JNI global ref>, id=d9, trace=300000)
ROOT 500000c9 (kind=<JNI global ref>, id=da, trace=300000)
ROOT 500000ca (kind=<JNI global ref>, id=db, trace=300000)
ROOT 500000cc (kind=<JNI global ref>, id=dc, trace=300000)
ROOT 500000cd (kind=<JNI global ref>, id=dd, trace=300000)
ROOT 500000d0 (kind=<JNI global ref>, id=de, trace=300000)
ROOT 5000015e (kind=<JNI global ref>, id=df, trace=300000)
ROOT 500000d1 (kind=<JNI global ref>, id=e0, trace=300000)
ROOT 500000d2 (kind=<JNI global ref>, id=e1, trace=300000)
ROOT 500000d3 (kind=<JNI global ref>, id=e2, trace=300000)
ROOT 500000d4 (kind=<JNI global ref>, id=e3, trace=300000)
ROOT 500000d5 (kind=<JNI global ref>, id=e4, trace=300000)
ROOT 500000d6 (kind=<JNI global ref>, id=e5, trace=300000)
ROOT 500000d8 (kind=<JNI global ref>, id=e6, trace=300000)
ROOT 500000da (kind=<JNI global ref>, id=e7, trace=300000)
ROOT 500000db (kind=<JNI global ref>, id=e8, trace=300000)
ROOT 500000dc (kind=<JNI global ref>, id=e9, trace=300000)
ROOT 500000dd (kind=<JNI global ref>, id=ea, trace=300000)
ROOT 500000de (kind=<JNI global ref>, id=eb, trace=300000)
ROOT 5000016e (kind=<JNI global ref>, id=ec, trace=300000)
ROOT 500000df (kind=<JNI global ref>, id=ed, trace=300000)
ROOT 500000e0 (kind=<JNI global ref>, id=ee, trace=300000)
ROOT 500000e1 (kind=<JNI global ref>, id=ef, trace=300000)
ROOT 500000e2 (kind=<JNI global ref>, id=f0, trace=300000)
ROOT 500000e3 (kind=<JNI global ref>, id=f1, trace=300000)
ROOT 500000e4 (kind=<JNI global ref>, id=f2, trace=300000)
ROOT 500000e5 (kind=<JNI global ref>, id=f3, trace=300000)
ROOT 500000e6 (kind=<JNI global ref>, id=f4, trace=300000)
ROOT 500000e7 (kind=<JNI global ref>, id=f5, trace=300000)
ROOT 500000e8 (kind=<JNI global ref>, id=f6, trace=300000)
ROOT 500000e9 (kind=<JNI global ref>, id=f7, trace=300000)
ROOT 500000ea (kind=<JNI global ref>, id=f8, trace=300000)
ROOT 500000ec (kind=<JNI global ref>, id=f9, trace=300000)
ROOT 500000f8 (kind=<JNI global ref>, id=fa, trace=300000)
ROOT 500000ed (kind=<JNI global ref>, id=fb, trace=300000)
ROOT 500000f9 (kind=<JNI global ref>, id=fc, trace=300000)
ROOT 500000ef (kind=<JNI global ref>, id=fd, trace=300000)
ROOT 500000f0 (kind=<JNI global ref>, id=fe, trace=300000)
ROOT 500000f1 (kind=<JNI global ref>, id=ff, trace=300000)
ROOT 500000f2 (kind=<JNI global ref>, id=100, trace=300000)
ROOT 50000176 (kind=<JNI global ref>, id=101, trace=300000)
ROOT 500000f3 (kind=<JNI global ref>, id=102, trace=300000)
ROOT 500000f4 (kind=<JNI global ref>, id=103, trace=300000)
ROOT 500000f5 (kind=<JNI global ref>, id=104, trace=300000)
ROOT 500000f6 (kind=<JNI global ref>, id=105, trace=300000)
ROOT 500000f7 (kind=<JNI global ref>, id=106, trace=300000)
ROOT 500000fa (kind=<JNI global ref>, id=107, trace=300000)
ROOT 500000fb (kind=<JNI global ref>, id=108, trace=300000)
ROOT 500000fc (kind=<JNI global ref>, id=109, trace=300000)
ROOT 500000fd (kind=<JNI global ref>, id=10a, trace=300000)
ROOT 500000fe (kind=<JNI global ref>, id=10b, trace=300000)
ROOT 500000ff (kind=<JNI global ref>, id=10c, trace=300000)
ROOT 50000100 (kind=<JNI global ref>, id=10d, trace=300000)
ROOT 50000101 (kind=<JNI global ref>, id=10e, trace=300000)
ROOT 50000102 (kind=<JNI global ref>, id=10f, trace=300000)
ROOT 50000105 (kind=<JNI global ref>, id=110, trace=300000)
ROOT 50000103 (kind=<JNI global ref>, id=111, trace=300000)
ROOT 50000104 (kind=<JNI global ref>, id=112, trace=300000)
ROOT 50000106 (kind=<JNI global ref>, id=113, trace=300000)
ROOT 50000107 (kind=<JNI global ref>, id=114, trace=300000)
ROOT 50000108 (kind=<JNI global ref>, id=115, trace=300000)
ROOT 50000109 (kind=<JNI global ref>, id=116, trace=300000)
ROOT 5000010a (kind=<JNI global ref>, id=117, trace=300000)
ROOT 5000010b (kind=<JNI global ref>, id=118, trace=300000)
ROOT 5000010c (kind=<JNI global ref>, id=119, trace=300000)
ROOT 5000010d (kind=<JNI global ref>, id=11a, trace=300000)
ROOT 5000010e (kind=<JNI global ref>, id=11b, trace=300000)
ROOT 5000010f (kind=<JNI global ref>, id=11c, trace=300000)
ROOT 50000110 (kind=<JNI global ref>, id=11d, trace=300000)
ROOT 50000111 (kind=<JNI global ref>, id=11e, trace=300000)
ROOT 50000112 (kind=<JNI global ref>, id=11f, trace=300000)
ROOT 50000113 (kind=<JNI global ref>, id=120, trace=300000)
ROOT 50000114 (kind=<JNI global ref>, id=121, trace=300000)
ROOT 50000115 (kind=<JNI global ref>, id=122, trace=300000)
ROOT 50000116 (kind=<JNI global ref>, id=123, trace=300000)
ROOT 50000117 (kind=<JNI global ref>, id=124, trace=300000)
ROOT 50000118 (kind=<JNI global ref>, id=125, trace=300000)
ROOT 50000119 (kind=<JNI global ref>, id=126, trace=300000)
ROOT 5000011a (kind=<JNI global ref>, id=127, trace=300000)
ROOT 5000011b (kind=<JNI global ref>, id=128, trace=300000)
ROOT 5000011c (kind=<JNI global ref>, id=129, trace=300000)
ROOT 5000011d (kind=<JNI global ref>, id=12a, trace=300000)
ROOT 5000011e (kind=<JNI global ref>, id=12b, trace=300000)
ROOT 5000011f (kind=<JNI global ref>, id=12c, trace=300000)
ROOT 50000120 (kind=<JNI global ref>, id=12d, trace=300000)
ROOT 50000121 (kind=<JNI global ref>, id=12e, trace=300000)
ROOT 50000122 (kind=<JNI global ref>, id=12f, trace=300000)
ROOT 50000124 (kind=<JNI global ref>, id=130, trace=300000)
ROOT 50000125 (kind=<JNI global ref>, id=131, trace=300000)
ROOT 50000127 (kind=<JNI global ref>, id=132, trace=300000)
ROOT 50000128 (kind=<JNI global ref>, id=133, trace=300000)
ROOT 50000129 (kind=<JNI global ref>, id=134, trace=300000)
ROOT 5000012e (kind=<JNI global ref>, id=135, trace=300000)
ROOT 5000012a (kind=<JNI global ref>, id=136, trace=300000)
ROOT 5000012b (kind=<JNI global ref>, id=137, trace=300000)
ROOT 5000012c (kind=<JNI global ref>, id=138, trace=300000)
ROOT 5000012d (kind=<JNI global ref>, id=139, trace=300000)
ROOT 50000171 (kind=<JNI global ref>, id=13a, trace=300000)
ROOT 5000012f (kind=<JNI global ref>, id=13b, trace=300000)
ROOT 50000130 (kind=<JNI global ref>, id=13c, trace=300000)
ROOT 50000132 (kind=<JNI global ref>, id=13d, trace=300000)
ROOT 50000133 (kind=<JNI global ref>, id=13e, trace=300000)
ROOT 50000134 (kind=<JNI global ref>, id=13f, trace=300000)
ROOT 50000135 (kind=<JNI global ref>, id=140, trace=300000)
ROOT 50000137 (kind=<JNI global ref>, id=141, trace=300000)
ROOT 50000136 (kind=<JNI global ref>, id=142, trace=300000)
ROOT 50000138 (kind=<JNI global ref>, id=143, trace=300000)
ROOT 50000139 (kind=<JNI global ref>, id=144, trace=300000)
ROOT 5000013c (kind=<JNI global ref>, id=145, trace=300000)
ROOT 5000013a (kind=<JNI global ref>, id=146, trace=300000)
ROOT 5000013b (kind=<JNI global ref>, id=147, trace=300000)
ROOT 5000013d (kind=<JNI global ref>, id=148, trace=300000)
ROOT 5000013e (kind=<JNI global ref>, id=149, trace=300000)
ROOT 5000013f (kind=<JNI global ref>, id=14a, trace=300000)
ROOT 50000140 (kind=<JNI global ref>, id=14b, trace=300000)
ROOT 50000141 (kind=<JNI global ref>, id=14c, trace=300000)
ROOT 50000142 (kind=<JNI global ref>, id=14d, trace=300000)
ROOT 50000143 (kind=<JNI global ref>, id=14e, trace=300000)
ROOT 50000144 (kind=<JNI global ref>, id=14f, trace=300000)
ROOT 50000145 (kind=<JNI global ref>, id=150, trace=300000)
ROOT 50000146 (kind=<JNI global ref>, id=151, trace=300000)
ROOT 50000147 (kind=<JNI global ref>, id=152, trace=300000)
ROOT 50000148 (kind=<JNI global ref>, id=153, trace=300000)
ROOT 50000150 (kind=<JNI global ref>, id=154, trace=300000)
ROOT 50000149 (kind=<JNI global ref>, id=155, trace=300000)
ROOT 5000014a (kind=<JNI global ref>, id=156, trace=300000)
ROOT 5000014b (kind=<JNI global ref>, id=157, trace=300000)
ROOT 5000017b (kind=<JNI global ref>, id=158, trace=300000)
ROOT 5000014d (kind=<JNI global ref>, id=159, trace=300000)
ROOT 5000014e (kind=<JNI global ref>, id=15a, trace=300000)
ROOT 5000014f (kind=<JNI global ref>, id=15b, trace=300000)
ROOT 50000151 (kind=<JNI global ref>, id=15c, trace=300000)
ROOT 50000153 (kind=<JNI global ref>, id=15d, trace=300000)
ROOT 50000152 (kind=<JNI global ref>, id=15e, trace=300000)
ROOT 50000157 (kind=<JNI global ref>, id=15f, trace=300000)
ROOT 50000154 (kind=<JNI global ref>, id=160, trace=300000)
ROOT 50000155 (kind=<JNI global ref>, id=161, trace=300000)
ROOT 50000156 (kind=<JNI global ref>, id=162, trace=300000)
ROOT 50000158 (kind=<JNI global ref>, id=163, trace=300000)
ROOT 50000159 (kind=<JNI global ref>, id=164, trace=300000)
ROOT 5000015a (kind=<JNI global ref>, id=165, trace=300000)
ROOT 5000015b (kind=<JNI global ref>, id=166, trace=300000)
ROOT 5000015c (kind=<JNI global ref>, id=167, trace=300000)
ROOT 5000015d (kind=<JNI global ref>, id=168, trace=300000)
ROOT 5000015f (kind=<JNI global ref>, id=169, trace=300000)
ROOT 50000160 (kind=<JNI global ref>, id=16a, trace=300000)
ROOT 50000163 (kind=<JNI global ref>, id=16b, trace=300000)
ROOT 50000161 (kind=<JNI global ref>, id=16c, trace=300000)
ROOT 50000162 (kind=<JNI global ref>, id=16d, trace=300000)
ROOT 50000166 (kind=<JNI global ref>, id=16e, trace=300000)
ROOT 50000167 (kind=<JNI global ref>, id=16f, trace=300000)
ROOT 50000168 (kind=<JNI global ref>, id=170, trace=300000)
ROOT 5000016a (kind=<JNI global ref>, id=171, trace=300000)
ROOT 50000169 (kind=<JNI global ref>, id=172, trace=300000)
ROOT 50000178 (kind=<JNI global ref>, id=173, trace=300000)
ROOT 5000016b (kind=<JNI global ref>, id=174, trace=300000)
ROOT 5000016c (kind=<JNI global ref>, id=175, trace=300000)
ROOT 5000016d (kind=<JNI global ref>, id=176, trace=300000)
ROOT 5000016f (kind=<JNI global ref>, id=177, trace=300000)
ROOT 50000170 (kind=<JNI global ref>, id=178, trace=300000)
ROOT 50000172 (kind=<JNI global ref>, id=179, trace=300000)
ROOT 50000173 (kind=<JNI global ref>, id=17a, trace=300000)
ROOT 50000174 (kind=<JNI global ref>, id=17b, trace=300000)
ROOT 50000179 (kind=<JNI global ref>, id=17c, trace=300000)
ROOT 50000177 (kind=<JNI global ref>, id=17d, trace=300000)
ROOT 5000017a (kind=<JNI global ref>, id=17e, trace=300000)
ROOT 5000017c (kind=<JNI global ref>, id=17f, trace=300000)
ROOT 5000017d (kind=<JNI global ref>, id=180, trace=300000)
ROOT 5000017e (kind=<JNI global ref>, id=181, trace=300000)
ROOT 5000017f (kind=<JNI global ref>, id=182, trace=300000)
ROOT 50000180 (kind=<JNI global ref>, id=183, trace=300000)
ROOT 50000181 (kind=<JNI global ref>, id=184, trace=300000)
ROOT 50000182 (kind=<JNI global ref>, id=185, trace=300000)
ROOT 50000183 (kind=<JNI global ref>, id=186, trace=300000)
ROOT 50000184 (kind=<JNI global ref>, id=187, trace=300000)
ROOT 50000186 (kind=<JNI global ref>, id=188, trace=300000)
ROOT 50000187 (kind=<JNI global ref>, id=189, trace=300000)
ROOT 50000188 (kind=<JNI global ref>, id=18a, trace=300000)
ROOT 50000189 (kind=<JNI global ref>, id=18b, trace=300000)
ROOT 5000018a (kind=<JNI global ref>, id=18c, trace=300000)
ROOT 5000018b (kind=<JNI global ref>, id=18d, trace=300000)
ROOT 5000018c (kind=<JNI global ref>, id=18e, trace=300000)
ROOT 5000018d (kind=<JNI global ref>, id=18f, trace=300000)
ROOT 50000195 (kind=<JNI global ref>, id=190, trace=300003)
ROOT 50000198 (kind=<JNI global ref>, id=191, trace=300006)
ROOT 500001a1 (kind=<JNI global ref>, id=192, trace=300014)
ROOT 500001a2 (kind=<JNI global ref>, id=193, trace=300014)
ROOT 500001a4 (kind=<JNI global ref>, id=194, trace=300016)
ROOT 500001a6 (kind=<JNI global ref>, id=195, trace=300018)
ROOT 500001aa (kind=<JNI global ref>, id=196, trace=300021)
ROOT 500001ab (kind=<JNI global ref>, id=197, trace=300021)
ROOT 500001ac (kind=<JNI global ref>, id=198, trace=300022)
ROOT 500001ad (kind=<JNI global ref>, id=199, trace=300023)
ROOT 500001b2 (kind=<JNI global ref>, id=19a, trace=300027)
ROOT 500001b4 (kind=<JNI global ref>, id=19b, trace=300029)
ROOT 500001b8 (kind=<JNI global ref>, id=19c, trace=300033)
ROOT 500001ba (kind=<JNI global ref>, id=19d, trace=300035)
ROOT 500001bc (kind=<JNI global ref>, id=19e, trace=300037)
ROOT 500001c3 (kind=<JNI global ref>, id=19f, trace=300000)
ROOT 500001c4 (kind=<JNI global ref>, id=1a0, trace=300042)
ROOT 500001c6 (kind=<JNI global ref>, id=1a1, trace=300044)
ROOT 500001cb (kind=<JNI global ref>, id=1a2, trace=300046)
ROOT 500001d4 (kind=<JNI global ref>, id=1a3, trace=300053)
ROOT 500001e2 (kind=<JNI global ref>, id=1a4, trace=300065)
ROOT 500001e4 (kind=<JNI global ref>, id=1a5, trace=300067)
ROOT 500001e5 (kind=<JNI global ref>, id=1a6, trace=300068)
ROOT 500001e7 (kind=<JNI global ref>, id=1a7, trace=300070)
ROOT 500001ea (kind=<JNI global ref>, id=1a8, trace=300073)
ROOT 500002f0 (kind=<JNI global ref>, id=1a9, trace=300084)
ROOT 500002f1 (kind=<JNI global ref>, id=1aa, trace=300085)
ROOT 500002f4 (kind=<JNI global ref>, id=1ab, trace=300088)
ROOT 500002f6 (kind=<JNI global ref>, id=1ac, trace=300090)
ROOT 500002f7 (kind=<JNI global ref>, id=1ad, trace=300090)
ROOT 500002f9 (kind=<JNI global ref>, id=1ae, trace=300092)
ROOT 5000036d (kind=<JNI global ref>, id=1af, trace=300104)
ROOT 500003a1 (kind=<JNI global ref>, id=1b0, trace=300147)
ROOT 500003a2 (kind=<JNI global ref>, id=1b1, trace=300147)
ROOT 500003ad (kind=<JNI global ref>, id=1b2, trace=300157)
ROOT 500003b4 (kind=<JNI global ref>, id=1b3, trace=300164)
ROOT 500003b7 (kind=<JNI global ref>, id=1b4, trace=300000)
ROOT 500003b9 (kind=<JNI global ref>, id=1b5, trace=300167)
ROOT 500003c5 (kind=<JNI global ref>, id=1b6, trace=300176)
ROOT 500003cb (kind=<JNI global ref>, id=1b7, trace=300182)
ROOT 500003d1 (kind=<JNI global ref>, id=1b8, trace=300187)
ROOT 500003d3 (kind=<JNI global ref>, id=1b9, trace=300189)
ROOT 500003d4 (kind=<JNI global ref>, id=1ba, trace=300189)
ROOT 500003d5 (kind=<JNI global ref>, id=1bb, trace=300190)
ROOT 500003d6 (kind=<JNI global ref>, id=1bc, trace=300190)
ROOT 500003d7 (kind=<JNI global ref>, id=1bd, trace=300191)
ROOT 500003d8 (kind=<JNI global ref>, id=1be, trace=300191)
ROOT 500003ed (kind=<JNI global ref>, id=1bf, trace=300210)
ROOT 500003ee (kind=<JNI global ref>, id=1c0, trace=300211)
ROOT 500003ef (kind=<JNI global ref>, id=1c1, trace=300211)
ROOT 500003f2 (kind=<JNI global ref>, id=1c2, trace=300214)
ROOT 500003f7 (kind=<JNI global ref>, id=1c3, trace=300219)
ROOT 500005cf (kind=<JNI global ref>, id=1c4, trace=300239)
ROOT 50000624 (kind=<JNI global ref>, id=1c5, trace=300269)
ROOT 50000626 (kind=<JNI global ref>, id=1c6, trace=300271)
ROOT 5000063b (kind=<JNI global ref>, id=1c7, trace=300281)
ROOT 5000063c (kind=<JNI global ref>, id=1c8, trace=300282)
ROOT 5000063d (kind=<JNI global ref>, id=1c9, trace=300282)
ROOT 50000647 (kind=<JNI global ref>, id=1ca, trace=300288)
ROOT 5000064b (kind=<JNI global ref>, id=1cb, trace=300289)
ROOT 50000656 (kind=<JNI global ref>, id=1cc, trace=300147)
ROOT 5000066c (kind=<JNI global ref>, id=1cd, trace=300147)
ROOT 5000067e (kind=<JNI global ref>, id=1ce, trace=300147)
ROOT 50000690 (kind=<JNI global ref>, id=1cf, trace=300147)
ROOT 500006a0 (kind=<JNI global ref>, id=1d0, trace=300301)
ROOT 500006a1 (kind=<JNI global ref>, id=1d1, trace=300301)
ROOT 500006a2 (kind=<JNI global ref>, id=1d2, trace=300301)
ROOT 500006a5 (kind=<JNI global ref>, id=1d3, trace=300304)
ROOT 500006ba (kind=<JNI global ref>, id=1d4, trace=300316)
ROOT 500006bb (kind=<JNI global ref>, id=1d5, trace=300317)
ROOT 500006bd (kind=<JNI global ref>, id=1d6, trace=300319)
ROOT 500006bf (kind=<JNI global ref>, id=1d7, trace=300321)
ROOT 500006c1 (kind=<JNI global ref>, id=1d8, trace=300323)
ROOT 500006c2 (kind=<JNI global ref>, id=1d9, trace=300323)
ROOT 500006c3 (kind=<JNI global ref>, id=1da, trace=300323)
ROOT 50000126 (kind=<JNI global ref>, id=1db, trace=300000)
ROOT 500006c1 (kind=<JNI global ref>, id=1dc, trace=300323)
ROOT 500006c3 (kind=<JNI global ref>, id=1dd, trace=300323)
ROOT 500006c6 (kind=<JNI global ref>, id=1de, trace=300326)
ROOT 500006c7 (kind=<JNI global ref>, id=1df, trace=300326)
ROOT 500006d8 (kind=<JNI global ref>, id=1e0, trace=300333)
ROOT 500006df (kind=<JNI global ref>, id=1e1, trace=300337)
ROOT 50000710 (kind=<JNI global ref>, id=1e2, trace=300380)
ROOT 50000712 (kind=<JNI global ref>, id=1e3, trace=300382)
ROOT 50000713 (kind=<JNI global ref>, id=1e4, trace=300382)
ROOT 50000718 (kind=<JNI global ref>, id=1e5, trace=300387)
ROOT 5000071b (kind=<JNI global ref>, id=1e6, trace=300389)
ROOT 5000071f (kind=<JNI global ref>, id=1e7, trace=300392)
ROOT 50000721 (kind=<JNI global ref>, id=1e8, trace=300394)
ROOT 50000722 (kind=<JNI global ref>, id=1e9, trace=300394)
ROOT 50000729 (kind=<JNI global ref>, id=1ea, trace=300400)
ROOT 5000079a (kind=<JNI global ref>, id=1eb, trace=300404)
ROOT 5000079b (kind=<JNI global ref>, id=1ec, trace=300405)
ROOT 5000079c (kind=<JNI global ref>, id=1ed, trace=300406)
ROOT 500007a1 (kind=<JNI global ref>, id=1ee, trace=300411)
ROOT 500007a2 (kind=<JNI global ref>, id=1ef, trace=300412)
ROOT 500007a5 (kind=<JNI global ref>, id=1f0, trace=300415)
ROOT 500007a7 (kind=<JNI global ref>, id=1f1, trace=300417)
ROOT 500007a9 (kind=<JNI global ref>, id=1f2, trace=300419)
ROOT 500007ab (kind=<JNI global ref>, id=1f3, trace=300421)
ROOT 500007ac (kind=<JNI global ref>, id=1f4, trace=300421)
ROOT 500007b4 (kind=<JNI global ref>, id=1f5, trace=300427)
ROOT 500007b6 (kind=<JNI global ref>, id=1f6, trace=300428)
ROOT 500007b7 (kind=<JNI global ref>, id=1f7, trace=300429)
ROOT 50000a1b (kind=<JNI global ref>, id=1f8, trace=300514)
ROOT 50000a1d (kind=<JNI global ref>, id=1f9, trace=300516)
ROOT 50000a1f (kind=<JNI global ref>, id=1fa, trace=300518)
ROOT 50000a21 (kind=<JNI global ref>, id=1fb, trace=300520)
ROOT 50000a23 (kind=<JNI global ref>, id=1fc, trace=300522)
ROOT 50000ab3 (kind=<JNI global ref>, id=1fd, trace=300524)
ROOT 50000ab4 (kind=<JNI global ref>, id=1fe, trace=300524)
ROOT 50000ab6 (kind=<JNI global ref>, id=1ff, trace=300526)
ROOT 50000b98 (kind=<JNI global ref>, id=200, trace=300528)
ROOT 50000b9a (kind=<JNI global ref>, id=201, trace=300530)
ROOT 50000b9b (kind=<JNI global ref>, id=202, trace=300531)
ROOT 50000bab (kind=<JNI global ref>, id=203, trace=300545)
ROOT 50000bad (kind=<JNI global ref>, id=204, trace=300547)
ROOT 50000bb7 (kind=<JNI global ref>, id=205, trace=300553)
ROOT 50000bbc (kind=<JNI global ref>, id=206, trace=300558)
ROOT 50000bbe (kind=<JNI global ref>, id=207, trace=300560)
ROOT 50000bbf (kind=<JNI global ref>, id=208, trace=300560)
ROOT 50000bc1 (kind=<JNI global ref>, id=209, trace=300562)
ROOT 50000bc2 (kind=<JNI global ref>, id=20a, trace=300562)
ROOT 50000bd5 (kind=<JNI global ref>, id=20b, trace=300576)
ROOT 50000c02 (kind=<JNI global ref>, id=20c, trace=300586)
ROOT 50000c03 (kind=<JNI global ref>, id=20d, trace=300586)
ROOT 50000c0d (kind=<JNI global ref>, id=20e, trace=300590)
ROOT 50000c50 (kind=<JNI global ref>, id=20f, trace=300604)
ROOT 50000c52 (kind=<JNI global ref>, id=210, trace=300606)
ROOT 50000c81 (kind=<JNI global ref>, id=211, trace=300586)
ROOT 50000d57 (kind=<JNI global ref>, id=212, trace=300620)
ROOT 50000d81 (kind=<JNI global ref>, id=213, trace=300642)
ROOT 50000d82 (kind=<JNI global ref>, id=214, trace=300642)
ROOT 50000d88 (kind=<JNI global ref>, id=215, trace=300648)
ROOT 50000d8c (kind=<JNI global ref>, id=216, trace=300651)
ROOT 50000d8f (kind=<JNI global ref>, id=217, trace=300654)
ROOT 50000d91 (kind=<JNI global ref>, id=218, trace=300655)
ROOT 50000d9d (kind=<JNI global ref>, id=219, trace=300661)
ROOT 50000dac (kind=<JNI global ref>, id=21a, trace=300673)
ROOT 50000dae (kind=<JNI global ref>, id=21b, trace=300675)
ROOT 50000db0 (kind=<JNI global ref>, id=21c, trace=300677)
ROOT 50000db1 (kind=<JNI global ref>, id=21d, trace=300677)
ROOT 50000db2 (kind=<JNI global ref>, id=21e, trace=300677)
ROOT 50000dc1 (kind=<JNI global ref>, id=21f, trace=300687)
ROOT 50000dc3 (kind=<JNI global ref>, id=220, trace=300689)
ROOT 50000dc6 (kind=<JNI global ref>, id=221, trace=300000)
ROOT 50000dc7 (kind=<JNI global ref>, id=222, trace=300000)
ROOT 50000dd5 (kind=<unknown>)
ROOT 50000dd6 (kind=<unknown>)
ROOT 50000dd7 (kind=<unknown>)
ROOT 50000dd8 (kind=<unknown>)
ROOT 50000dd9 (kind=<unknown>)
ROOT 50000dda (kind=<unknown>)
ROOT 50000ddb (kind=<unknown>)
ROOT 50000ddc (kind=<unknown>)
ROOT 50000ddd (kind=<unknown>)
ROOT 50000dde (kind=<unknown>)
ROOT 50000ddf (kind=<unknown>)
ROOT 50000de0 (kind=<unknown>)
ROOT 50000de1 (kind=<unknown>)
ROOT 50000de2 (kind=<unknown>)
ROOT 50000de3 (kind=<unknown>)
ROOT 50000de4 (kind=<unknown>)
ROOT 50000de5 (kind=<unknown>)
ROOT 50000de6 (kind=<unknown>)
ROOT 50000de7 (kind=<unknown>)
ROOT 50000de8 (kind=<unknown>)
ROOT 50000de9 (kind=<unknown>)
ROOT 50000dea (kind=<unknown>)
ROOT 50000deb (kind=<unknown>)
ROOT 50000dec (kind=<unknown>)
ROOT 50000ded (kind=<unknown>)
ROOT 50000dee (kind=<unknown>)
ROOT 50000def (kind=<unknown>)
ROOT 50000df0 (kind=<unknown>)
ROOT 50000df1 (kind=<unknown>)
ROOT 50000df2 (kind=<unknown>)
ROOT 50000df3 (kind=<unknown>)
ROOT 50000df4 (kind=<unknown>)
ROOT 50000df5 (kind=<unknown>)
ROOT 50000df6 (kind=<unknown>)
ROOT 50000df7 (kind=<unknown>)
ROOT 50000df8 (kind=<unknown>)
ROOT 50000df9 (kind=<unknown>)
ROOT 50000dfa (kind=<unknown>)
ROOT 50000dfb (kind=<unknown>)
ROOT 50000dfc (kind=<unknown>)
ROOT 50000dfd (kind=<unknown>)
ROOT 50000dfe (kind=<unknown>)
ROOT 50000dff (kind=<unknown>)
ROOT 50000e00 (kind=<unknown>)
ROOT 50000e01 (kind=<unknown>)
ROOT 50000e02 (kind=<unknown>)
ROOT 50000e03 (kind=<unknown>)
ROOT 50000e04 (kind=<unknown>)
ROOT 50000e05 (kind=<unknown>)
ROOT 50000e06 (kind=<unknown>)
ROOT 50000e07 (kind=<unknown>)
ROOT 50000e08 (kind=<unknown>)
ROOT 50000e09 (kind=<unknown>)
ROOT 50000e0a (kind=<unknown>)
ROOT 50000e0b (kind=<unknown>)
ROOT 50000e0c (kind=<unknown>)
ROOT 50000e0d (kind=<unknown>)
ROOT 50000e0e (kind=<unknown>)
ROOT 50000e0f (kind=<unknown>)
ROOT 50000e10 (kind=<unknown>)
ROOT 50000e11 (kind=<unknown>)
ROOT 50000e12 (kind=<unknown>)
ROOT 50000e13 (kind=<unknown>)
ROOT 50000e14 (kind=<unknown>)
ROOT 50000e15 (kind=<unknown>)
ROOT 50000e16 (kind=<unknown>)
ROOT 50000e17 (kind=<unknown>)
ROOT 50000e18 (kind=<unknown>)
ROOT 50000e19 (kind=<unknown>)
ROOT 50000e1a (kind=<unknown>)
ROOT 50000e1b (kind=<unknown>)
ROOT 50000e1c (kind=<unknown>)
ROOT 50000e1d (kind=<unknown>)
ROOT 50000e1e (kind=<unknown>)
ROOT 50000e1f (kind=<unknown>)
ROOT 50000e20 (kind=<unknown>)
ROOT 50000e21 (kind=<unknown>)
ROOT 50000e22 (kind=<unknown>)
ROOT 50000e23 (kind=<unknown>)
ROOT 50000e24 (kind=<unknown>)
ROOT 50000e25 (kind=<unknown>)
ROOT 50000e26 (kind=<unknown>)
ROOT 50000e27 (kind=<unknown>)
ROOT 50000e28 (kind=<unknown>)
ROOT 50000e29 (kind=<unknown>)
ROOT 50000e2a (kind=<unknown>)
ROOT 50000e2b (kind=<unknown>)
ROOT 50000e2c (kind=<unknown>)
ROOT 50000e2d (kind=<unknown>)
ROOT 50000e2e (kind=<unknown>)
ROOT 50000e2f (kind=<unknown>)
ROOT 50000e30 (kind=<unknown>)
ROOT 50000e31 (kind=<unknown>)
ROOT 50000e32 (kind=<unknown>)
ROOT 50000e33 (kind=<unknown>)
ROOT 50000e34 (kind=<unknown>)
ROOT 50000e35 (kind=<unknown>)
ROOT 50000e36 (kind=<unknown>)
ROOT 50000e37 (kind=<unknown>)
ROOT 50000e38 (kind=<unknown>)
ROOT 50000e39 (kind=<unknown>)
ROOT 50000e3a (kind=<unknown>)
ROOT 50000e3b (kind=<unknown>)
ROOT 50000e3c (kind=<unknown>)
ROOT 50000e3d (kind=<unknown>)
ROOT 50000e3e (kind=<unknown>)
ROOT 50000e3f (kind=<unknown>)
ROOT 50000e40 (kind=<unknown>)
ROOT 50000e41 (kind=<unknown>)
ROOT 50000e42 (kind=<unknown>)
ROOT 50000e43 (kind=<unknown>)
ROOT 50000e44 (kind=<unknown>)
ROOT 50000e45 (kind=<unknown>)
ROOT 50000e46 (kind=<unknown>)
ROOT 50000e47 (kind=<unknown>)
ROOT 50000e48 (kind=<unknown>)
ROOT 50000e49 (kind=<unknown>)
ROOT 50000e4a (kind=<unknown>)
ROOT 50000e4b (kind=<unknown>)
ROOT 50000e4c (kind=<unknown>)
ROOT 50000e4d (kind=<unknown>)
ROOT 50000e4e (kind=<unknown>)
ROOT 50000e4f (kind=<unknown>)
ROOT 50000e50 (kind=<unknown>)
ROOT 50000e51 (kind=<unknown>)
ROOT 50000e52 (kind=<unknown>)
ROOT 50000e53 (kind=<unknown>)
ROOT 50000e54 (kind=<unknown>)
ROOT 50000e55 (kind=<unknown>)
ROOT 50000e56 (kind=<unknown>)
ROOT 50000e57 (kind=<unknown>)
ROOT 50000e58 (kind=<unknown>)
ROOT 50000e59 (kind=<unknown>)
ROOT 50000e5a (kind=<unknown>)
ROOT 50000e5b (kind=<unknown>)
ROOT 50000e5c (kind=<unknown>)
ROOT 50000e5d (kind=<unknown>)
ROOT 50000e5e (kind=<unknown>)
ROOT 50000e5f (kind=<unknown>)
ROOT 50000e60 (kind=<unknown>)
ROOT 50000e61 (kind=<unknown>)
ROOT 50000e62 (kind=<unknown>)
ROOT 50000e63 (kind=<unknown>)
ROOT 50000e64 (kind=<unknown>)
ROOT 50000e65 (kind=<unknown>)
ROOT 50000e66 (kind=<unknown>)
ROOT 50000e67 (kind=<unknown>)
ROOT 50000e68 (kind=<unknown>)
ROOT 50000e69 (kind=<unknown>)
ROOT 50000e6a (kind=<unknown>)
ROOT 50000e6b (kind=<unknown>)
ROOT 50000e6c (kind=<unknown>)
ROOT 50000e6d (kind=<unknown>)
ROOT 50000e6e (kind=<unknown>)
ROOT 50000e6f (kind=<unknown>)
ROOT 50000e70 (kind=<unknown>)
ROOT 50000e71 (kind=<unknown>)
ROOT 50000e72 (kind=<unknown>)
ROOT 50000e73 (kind=<unknown>)
ROOT 50000e74 (kind=<unknown>)
ROOT 50000e75 (kind=<unknown>)
ROOT 50000e76 (kind=<unknown>)
ROOT 50000e77 (kind=<unknown>)
ROOT 50000e78 (kind=<unknown>)
ROOT 50000e79 (kind=<unknown>)
ROOT 50000e7a (kind=<unknown>)
ROOT 50000e7b (kind=<unknown>)
ROOT 50000e7c (kind=<unknown>)
ROOT 50000e7d (kind=<unknown>)
ROOT 50000e7e (kind=<unknown>)
ROOT 50000e7f (kind=<unknown>)
ROOT 50000e80 (kind=<unknown>)
ROOT 50000e81 (kind=<unknown>)
ROOT 50000e82 (kind=<unknown>)
ROOT 50000e83 (kind=<unknown>)
ROOT 50000e84 (kind=<unknown>)
ROOT 50000e85 (kind=<unknown>)
ROOT 50000e86 (kind=<unknown>)
ROOT 50000e87 (kind=<unknown>)
ROOT 50000e88 (kind=<unknown>)
ROOT 50000e89 (kind=<unknown>)
ROOT 50000e8a (kind=<unknown>)
ROOT 50000e8b (kind=<unknown>)
ROOT 50000e8c (kind=<unknown>)
ROOT 50000e8d (kind=<unknown>)
ROOT 50000e8e (kind=<unknown>)
ROOT 50000e8f (kind=<unknown>)
ROOT 50000e90 (kind=<unknown>)
ROOT 50000e91 (kind=<unknown>)
ROOT 50000e92 (kind=<unknown>)
ROOT 50000e93 (kind=<unknown>)
ROOT 50000e94 (kind=<unknown>)
ROOT 50000e95 (kind=<unknown>)
ROOT 50000e96 (kind=<unknown>)
ROOT 50000e97 (kind=<unknown>)
ROOT 50000e98 (kind=<unknown>)
ROOT 50000e99 (kind=<unknown>)
ROOT 50000e9a (kind=<unknown>)
ROOT 50000e9b (kind=<unknown>)
ROOT 50000e9c (kind=<unknown>)
ROOT 50000e9d (kind=<unknown>)
ROOT 50000e9e (kind=<unknown>)
ROOT 50000e9f (kind=<unknown>)
ROOT 50000ea0 (kind=<unknown>)
ROOT 50000ea1 (kind=<unknown>)
ROOT 50000ea2 (kind=<unknown>)
ROOT 50000ea3 (kind=<unknown>)
ROOT 50000ea4 (kind=<unknown>)
ROOT 50000ea5 (kind=<unknown>)
ROOT 50000ea6 (kind=<unknown>)
ROOT 50000ea7 (kind=<unknown>)
ROOT 50000ea8 (kind=<unknown>)
ROOT 50000ea9 (kind=<unknown>)
ROOT 50000eaa (kind=<unknown>)
ROOT 50000eab (kind=<unknown>)
ROOT 50000eac (kind=<unknown>)
ROOT 50000ead (kind=<unknown>)
ROOT 50000eae (kind=<unknown>)
ROOT 50000eaf (kind=<unknown>)
ROOT 50000eb0 (kind=<unknown>)
ROOT 50000eb1 (kind=<unknown>)
ROOT 50000eb2 (kind=<unknown>)
ROOT 50000eb3 (kind=<unknown>)
ROOT 50000eb4 (kind=<unknown>)
ROOT 50000dc3 (kind=<system class>, name=java.lang.Shutdown$Lock)
ROOT 50000dc1 (kind=<system class>, name=java.lang.Shutdown)
ROOT 50000db2 (kind=<system class>, name=java.text.MessageFormat$Field)
ROOT 50000db1 (kind=<system class>, name=java.text.Format$Field)
ROOT 50000db0 (kind=<system class>, name=java.text.AttributedCharacterIterator$Attribute)
ROOT 50000dae (kind=<system class>, name=java.util.Date)
ROOT 50000dac (kind=<system class>, name=java.text.FieldPosition)
ROOT 50000d9d (kind=<system class>, name=java.lang.StringBuilder[])
ROOT 50000135 (kind=<system class>, name=java.lang.StringBuilder)
ROOT 50000dc6 (kind=<system class>, name=java.lang.AbstractStringBuilder[])
ROOT 50000137 (kind=<system class>, name=java.lang.AbstractStringBuilder)
ROOT 50000dc7 (kind=<system class>, name=java.lang.Appendable[])
ROOT 50000138 (kind=<system class>, name=java.lang.Appendable)
ROOT 50000d91 (kind=<system class>, name=java.util.Locale$1)
ROOT 50000d8f (kind=<system class>, name=java.util.Locale$Category[])
ROOT 50000d8c (kind=<system class>, name=java.util.Locale$Category)
ROOT 50000d8c (kind=<system class>, name=java.util.Locale$Category)
ROOT 50000d88 (kind=<system class>, name=java.text.Format[])
ROOT 50000d81 (kind=<system class>, name=java.text.Format)
ROOT 50000d82 (kind=<system class>, name=java.text.MessageFormat)
ROOT 50000d81 (kind=<system class>, name=java.text.Format)
ROOT 50000d57 (kind=<system class>, name=java.lang.Object[][])
ROOT 5000011c (kind=<system class>, name=java.lang.Object[])
ROOT 50000c81 (kind=<system class>, name=sun.launcher.resources.launcher_zh_CN)
ROOT 50000c52 (kind=<system class>, name=java.net.URLClassLoader$2)
ROOT 50000c50 (kind=<system class>, name=java.util.ResourceBundle$Control$1)
ROOT 50000c0d (kind=<system class>, name=java.util.ResourceBundle$BundleReference)
ROOT 50000c03 (kind=<system class>, name=sun.launcher.resources.launcher)
ROOT 50000c02 (kind=<system class>, name=java.util.ListResourceBundle)
ROOT 50000bd5 (kind=<system class>, name=java.util.LinkedList$Node)
ROOT 50000bc2 (kind=<system class>, name=java.util.LinkedList)
ROOT 50000bc1 (kind=<system class>, name=java.util.AbstractSequentialList)
ROOT 50000bbf (kind=<system class>, name=java.util.ResourceBundle$LoaderReference)
ROOT 50000bbe (kind=<system class>, name=java.util.ResourceBundle$CacheKeyReference)
ROOT 50000bbc (kind=<system class>, name=java.util.ResourceBundle$CacheKey)
ROOT 50000bb7 (kind=<system class>, name=java.util.ResourceBundle$Control$CandidateListCache)
ROOT 50000bad (kind=<system class>, name=java.util.Arrays$ArrayList)
ROOT 50000bab (kind=<system class>, name=java.util.ResourceBundle$Control)
ROOT 50000b9b (kind=<system class>, name=java.util.ResourceBundle$RBClassLoader$1)
ROOT 50000b9a (kind=<system class>, name=java.util.ResourceBundle$RBClassLoader)
ROOT 50000b98 (kind=<system class>, name=java.net.URLClassLoader$3$1)
ROOT 50000ab6 (kind=<system class>, name=java.security.PrivilegedActionException)
ROOT 50000ab4 (kind=<system class>, name=java.io.FileNotFoundException)
ROOT 50000ab3 (kind=<system class>, name=java.io.IOException)
ROOT 50000a23 (kind=<system class>, name=sun.misc.CompoundEnumeration)
ROOT 50000a21 (kind=<system class>, name=java.net.URLClassLoader$3)
ROOT 50000a1f (kind=<system class>, name=sun.misc.URLClassPath$1)
ROOT 50000a1d (kind=<system class>, name=java.lang.ClassLoader$2)
ROOT 50000a1b (kind=<system class>, name=sun.misc.URLClassPath$2)
ROOT 500007b7 (kind=<system class>, name=sun.misc.Launcher$BootClassPathHolder$1)
ROOT 500007b6 (kind=<system class>, name=sun.misc.Launcher$BootClassPathHolder)
ROOT 500007b4 (kind=<system class>, name=java.util.Enumeration[])
ROOT 50000090 (kind=<system class>, name=java.util.Enumeration)
ROOT 500007ac (kind=<system class>, name=java.util.LinkedHashMap$LinkedEntryIterator)
ROOT 500007ab (kind=<system class>, name=java.util.LinkedHashMap$LinkedHashIterator)
ROOT 500007a9 (kind=<system class>, name=java.util.LinkedHashMap$LinkedEntrySet)
ROOT 500007a7 (kind=<system class>, name=java.util.ServiceLoader$1)
ROOT 500007a5 (kind=<system class>, name=java.util.ServiceLoader$LazyIterator)
ROOT 500007a2 (kind=<system class>, name=java.util.ServiceLoader)
ROOT 500007a1 (kind=<system class>, name=java.util.spi.ResourceBundleControlProvider)
ROOT 5000079c (kind=<system class>, name=java.util.ResourceBundle$1)
ROOT 5000079b (kind=<system class>, name=java.util.ResourceBundle)
ROOT 5000079a (kind=<system class>, name=sun.launcher.LauncherHelper$ResourceBundleHolder)
ROOT 50000729 (kind=<system class>, name=sun.misc.IOUtils)
ROOT 50000722 (kind=<system class>, name=java.util.zip.ZipFile$ZipFileInflaterInputStream)
ROOT 50000721 (kind=<system class>, name=java.util.zip.InflaterInputStream)
ROOT 5000071f (kind=<system class>, name=java.util.zip.ZStreamRef)
ROOT 5000071b (kind=<system class>, name=java.util.zip.Inflater)
ROOT 50000718 (kind=<system class>, name=java.util.zip.ZipFile$ZipFileInputStream)
ROOT 50000713 (kind=<system class>, name=java.util.jar.JarFile$JarFileEntry)
ROOT 50000712 (kind=<system class>, name=java.util.jar.JarEntry)
ROOT 50000710 (kind=<system class>, name=java.util.zip.ZipEntry)
ROOT 500006df (kind=<system class>, name=sun.misc.ExtensionDependency)
ROOT 500006d8 (kind=<system class>, name=sun.misc.JarIndex)
ROOT 500006c7 (kind=<system class>, name=java.nio.DirectLongBufferU)
ROOT 500006c6 (kind=<system class>, name=java.nio.LongBuffer)
ROOT 500006c3 (kind=<system class>, name=java.nio.DirectByteBuffer)
ROOT 500006c2 (kind=<system class>, name=java.nio.MappedByteBuffer)
ROOT 500006c1 (kind=<system class>, name=sun.nio.ch.DirectBuffer)
ROOT 500006bf (kind=<system class>, name=sun.misc.PerfCounter$CoreCounters)
ROOT 500006bd (kind=<system class>, name=sun.misc.Perf)
ROOT 500006bb (kind=<system class>, name=sun.misc.Perf$GetPerfAction)
ROOT 500006ba (kind=<system class>, name=sun.misc.PerfCounter)
ROOT 500006a5 (kind=<system class>, name=java.util.zip.ZipCoder)
ROOT 500006a2 (kind=<system class>, name=java.util.ArrayDeque)
ROOT 500006a1 (kind=<system class>, name=java.util.Deque)
ROOT 500006a0 (kind=<system class>, name=java.util.Queue)
ROOT 50000690 (kind=<system class>, name=sun.nio.cs.UTF_16)
ROOT 5000067e (kind=<system class>, name=sun.nio.cs.UTF_16LE)
ROOT 5000066c (kind=<system class>, name=sun.nio.cs.UTF_16BE)
ROOT 50000656 (kind=<system class>, name=sun.nio.cs.ISO_8859_1)
ROOT 5000064b (kind=<system class>, name=sun.nio.cs.US_ASCII)
ROOT 50000647 (kind=<system class>, name=java.nio.charset.StandardCharsets)
ROOT 5000063d (kind=<system class>, name=java.util.jar.JavaUtilJarAccessImpl)
ROOT 5000063c (kind=<system class>, name=sun.misc.JavaUtilJarAccess)
ROOT 5000063b (kind=<system class>, name=java.util.jar.JarFile)
ROOT 50000626 (kind=<system class>, name=sun.misc.FileURLMapper)
ROOT 50000624 (kind=<system class>, name=sun.misc.URLClassPath$JarLoader$1)
ROOT 500005cf (kind=<system class>, name=sun.misc.URLClassPath$FileLoader)
ROOT 500003f7 (kind=<system class>, name=sun.nio.cs.UTF_8$Decoder)
ROOT 500003f2 (kind=<system class>, name=sun.nio.cs.ThreadLocalCoders$2)
ROOT 500003ef (kind=<system class>, name=sun.nio.cs.ThreadLocalCoders$1)
ROOT 500003ee (kind=<system class>, name=sun.nio.cs.ThreadLocalCoders$Cache)
ROOT 500003ed (kind=<system class>, name=sun.nio.cs.ThreadLocalCoders)
ROOT 500003d8 (kind=<system class>, name=java.util.zip.ZipFile$1)
ROOT 500003d7 (kind=<system class>, name=sun.misc.JavaUtilZipFileAccess)
ROOT 500003d6 (kind=<system class>, name=java.util.zip.ZipFile)
ROOT 500003d5 (kind=<system class>, name=java.util.zip.ZipConstants)
ROOT 500003d4 (kind=<system class>, name=sun.misc.URLClassPath$JarLoader)
ROOT 500003d3 (kind=<system class>, name=sun.misc.URLClassPath$Loader)
ROOT 500003d1 (kind=<system class>, name=sun.misc.URLClassPath$3)
ROOT 500003cb (kind=<system class>, name=sun.net.util.URLUtil)
ROOT 500003c5 (kind=<system class>, name=java.net.URLClassLoader$1)
ROOT 500003b9 (kind=<system class>, name=sun.launcher.LauncherHelper[])
ROOT 500003b7 (kind=<system class>, name=sun.launcher.LauncherHelper)
ROOT 500003b7 (kind=<system class>, name=sun.launcher.LauncherHelper)
ROOT 500003b4 (kind=<system class>, name=java.io.FileOutputStream$1)
ROOT 500003ad (kind=<system class>, name=sun.nio.cs.UTF_8$Encoder)
ROOT 500003a2 (kind=<system class>, name=sun.nio.cs.UTF_8)
ROOT 500003a1 (kind=<system class>, name=sun.nio.cs.Unicode)
ROOT 5000036d (kind=<system class>, name=sun.usagetracker.UsageTrackerClient$3)
ROOT 500002f9 (kind=<system class>, name=java.lang.ProcessEnvironment$CheckedEntry)
ROOT 500002f7 (kind=<system class>, name=java.util.HashMap$EntryIterator)
ROOT 500002f6 (kind=<system class>, name=java.util.HashMap$HashIterator)
ROOT 500002f4 (kind=<system class>, name=java.lang.ProcessEnvironment$CheckedEntrySet$1)
ROOT 500002f1 (kind=<system class>, name=java.util.HashMap$EntrySet)
ROOT 500002f0 (kind=<system class>, name=java.lang.ProcessEnvironment$CheckedEntrySet)
ROOT 500001ea (kind=<system class>, name=java.util.Collections$UnmodifiableMap)
ROOT 500001e7 (kind=<system class>, name=java.lang.ProcessEnvironment$EntryComparator)
ROOT 500001e5 (kind=<system class>, name=java.lang.ProcessEnvironment$NameComparator)
ROOT 500001e4 (kind=<system class>, name=java.lang.ProcessEnvironment)
ROOT 500001e2 (kind=<system class>, name=sun.usagetracker.UsageTrackerClient$2)
ROOT 500001d4 (kind=<system class>, name=sun.usagetracker.UsageTrackerClient$4)
ROOT 500001cb (kind=<system class>, name=sun.usagetracker.UsageTrackerClient$1)
ROOT 500001c6 (kind=<system class>, name=java.util.concurrent.atomic.AtomicBoolean)
ROOT 500001c4 (kind=<system class>, name=sun.usagetracker.UsageTrackerClient)
ROOT 500001c3 (kind=<system class>, name=sun.misc.PostVMInitHook)
ROOT 500001bc (kind=<system class>, name=java.lang.invoke.MethodHandleStatics$1)
ROOT 500001ba (kind=<system class>, name=java.lang.invoke.MethodHandleStatics)
ROOT 500001b8 (kind=<system class>, name=java.lang.invoke.MemberName$Factory)
ROOT 500001b4 (kind=<system class>, name=java.lang.ClassValue$Version)
ROOT 500001b2 (kind=<system class>, name=java.lang.ClassValue$Identity)
ROOT 500001ad (kind=<system class>, name=java.lang.ClassValue$Entry[])
ROOT 500001ac (kind=<system class>, name=java.lang.ClassValue$Entry)
ROOT 500001ac (kind=<system class>, name=java.lang.ClassValue$Entry)
ROOT 500001ab (kind=<system class>, name=java.lang.invoke.MethodHandleImpl$4)
ROOT 500001aa (kind=<system class>, name=java.lang.ClassValue)
ROOT 500001a6 (kind=<system class>, name=java.lang.invoke.MethodHandle[])
ROOT 50000143 (kind=<system class>, name=java.lang.invoke.MethodHandle)
ROOT 500001a4 (kind=<system class>, name=java.lang.invoke.MethodHandleImpl$3)
ROOT 500001a2 (kind=<system class>, name=java.lang.invoke.MethodHandleImpl$2)
ROOT 500001a1 (kind=<system class>, name=java.util.function.Function)
ROOT 50000198 (kind=<system class>, name=java.lang.invoke.MethodHandleImpl$1)
ROOT 50000195 (kind=<system class>, name=java.lang.invoke.MethodHandleImpl)
ROOT 50000001 (kind=<system class>, name=java.lang.SystemClassLoaderAction)
ROOT 50000002 (kind=<system class>, name=sun.misc.Launcher$AppClassLoader$1)
ROOT 50000003 (kind=<system class>, name=sun.net.www.protocol.jar.Handler)
ROOT 50000004 (kind=<system class>, name=sun.misc.URLClassPath)
ROOT 50000005 (kind=<system class>, name=java.util.HashSet)
ROOT 50000006 (kind=<system class>, name=java.security.Principal[])
ROOT 50000007 (kind=<system class>, name=java.security.Principal)
ROOT 50000007 (kind=<system class>, name=java.security.Principal)
ROOT 50000008 (kind=<system class>, name=java.security.ProtectionDomain$Key)
ROOT 50000009 (kind=<system class>, name=java.security.ProtectionDomain$2)
ROOT 5000000a (kind=<system class>, name=sun.misc.JavaSecurityProtectionDomainAccess)
ROOT 5000000b (kind=<system class>, name=java.security.ProtectionDomain$JavaSecurityAccessImpl)
ROOT 5000000c (kind=<system class>, name=sun.misc.JavaSecurityAccess)
ROOT 5000000d (kind=<system class>, name=java.net.URL[])
ROOT 5000012d (kind=<system class>, name=java.net.URL)
ROOT 5000000e (kind=<system class>, name=sun.net.www.protocol.file.Handler)
ROOT 5000000f (kind=<system class>, name=java.net.URLStreamHandler)
ROOT 50000010 (kind=<system class>, name=java.net.Parts)
ROOT 50000011 (kind=<system class>, name=java.util.BitSet)
ROOT 50000012 (kind=<system class>, name=sun.net.www.ParseUtil)
ROOT 50000013 (kind=<system class>, name=java.io.FileInputStream$1)
ROOT 50000014 (kind=<system class>, name=java.lang.CharacterDataLatin1)
ROOT 50000015 (kind=<system class>, name=java.lang.CharacterData)
ROOT 50000016 (kind=<system class>, name=sun.util.locale.LocaleUtils)
ROOT 50000017 (kind=<system class>, name=java.util.Locale$LocaleKey)
ROOT 50000018 (kind=<system class>, name=sun.util.locale.LocaleObjectCache$CacheEntry)
ROOT 50000019 (kind=<system class>, name=sun.util.locale.BaseLocale$Key)
ROOT 5000001a (kind=<system class>, name=sun.util.locale.BaseLocale$Cache)
ROOT 5000001b (kind=<system class>, name=sun.util.locale.BaseLocale)
ROOT 5000001c (kind=<system class>, name=java.util.concurrent.ConcurrentHashMap$EntrySetView)
ROOT 5000001d (kind=<system class>, name=java.util.concurrent.ConcurrentHashMap$ValuesView)
ROOT 5000001e (kind=<system class>, name=java.util.concurrent.ConcurrentHashMap$KeySetView)
ROOT 5000001f (kind=<system class>, name=java.util.concurrent.ConcurrentHashMap$CollectionView)
ROOT 50000020 (kind=<system class>, name=java.util.concurrent.ConcurrentHashMap$CounterCell[])
ROOT 50000021 (kind=<system class>, name=java.util.concurrent.ConcurrentHashMap$CounterCell)
ROOT 50000021 (kind=<system class>, name=java.util.concurrent.ConcurrentHashMap$CounterCell)
ROOT 50000022 (kind=<system class>, name=java.util.concurrent.ConcurrentHashMap$Node[])
ROOT 50000023 (kind=<system class>, name=java.util.concurrent.ConcurrentHashMap$Node)
ROOT 50000023 (kind=<system class>, name=java.util.concurrent.ConcurrentHashMap$Node)
ROOT 50000024 (kind=<system class>, name=java.util.concurrent.ConcurrentHashMap$Segment[])
ROOT 50000027 (kind=<system class>, name=java.util.concurrent.ConcurrentHashMap$Segment)
ROOT 50000025 (kind=<system class>, name=java.util.concurrent.locks.ReentrantLock[])
ROOT 50000028 (kind=<system class>, name=java.util.concurrent.locks.ReentrantLock)
ROOT 50000026 (kind=<system class>, name=java.util.concurrent.locks.Lock[])
ROOT 50000029 (kind=<system class>, name=java.util.concurrent.locks.Lock)
ROOT 50000027 (kind=<system class>, name=java.util.concurrent.ConcurrentHashMap$Segment)
ROOT 50000028 (kind=<system class>, name=java.util.concurrent.locks.ReentrantLock)
ROOT 50000029 (kind=<system class>, name=java.util.concurrent.locks.Lock)
ROOT 5000002a (kind=<system class>, name=java.util.concurrent.ConcurrentHashMap)
ROOT 5000002b (kind=<system class>, name=java.util.concurrent.ConcurrentMap)
ROOT 5000002c (kind=<system class>, name=java.util.Locale$Cache)
ROOT 5000002d (kind=<system class>, name=sun.util.locale.LocaleObjectCache)
ROOT 5000002e (kind=<system class>, name=java.util.Locale)
ROOT 5000002f (kind=<system class>, name=java.lang.reflect.Array)
ROOT 50000030 (kind=<system class>, name=java.util.HashMap$TreeNode)
ROOT 50000031 (kind=<system class>, name=sun.nio.cs.StreamDecoder)
ROOT 50000032 (kind=<system class>, name=java.io.FileReader)
ROOT 50000033 (kind=<system class>, name=java.io.InputStreamReader)
ROOT 50000034 (kind=<system class>, name=java.io.BufferedReader)
ROOT 50000035 (kind=<system class>, name=java.io.Reader)
ROOT 50000036 (kind=<system class>, name=sun.misc.MetaIndex)
ROOT 50000037 (kind=<system class>, name=sun.misc.Launcher$ExtClassLoader$1)
ROOT 50000038 (kind=<system class>, name=java.io.File[])
ROOT 5000012f (kind=<system class>, name=java.io.File)
ROOT 50000039 (kind=<system class>, name=java.util.StringTokenizer)
ROOT 5000003a (kind=<system class>, name=java.net.URLClassLoader$7)
ROOT 5000003b (kind=<system class>, name=sun.misc.JavaNetAccess)
ROOT 5000003c (kind=<system class>, name=java.util.WeakHashMap$KeySet)
ROOT 5000003d (kind=<system class>, name=java.util.Collections$SetFromMap)
ROOT 5000003e (kind=<system class>, name=java.util.WeakHashMap$Entry[])
ROOT 5000003f (kind=<system class>, name=java.util.WeakHashMap$Entry)
ROOT 5000003f (kind=<system class>, name=java.util.WeakHashMap$Entry)
ROOT 50000040 (kind=<system class>, name=java.lang.ClassLoader$ParallelLoaders)
ROOT 50000041 (kind=<system class>, name=sun.security.util.Debug)
ROOT 50000042 (kind=<system class>, name=sun.misc.Launcher$Factory)
ROOT 50000043 (kind=<system class>, name=java.net.URLStreamHandlerFactory)
ROOT 50000044 (kind=<system class>, name=java.lang.Compiler$1)
ROOT 50000045 (kind=<system class>, name=java.lang.Compiler)
ROOT 50000046 (kind=<system class>, name=java.lang.IllegalArgumentException)
ROOT 50000047 (kind=<system class>, name=java.lang.System$2)
ROOT 50000048 (kind=<system class>, name=sun.misc.JavaLangAccess)
ROOT 50000049 (kind=<system class>, name=sun.io.Win32ErrorMode)
ROOT 5000004a (kind=<system class>, name=sun.misc.OSEnvironment)
ROOT 5000004b (kind=<system class>, name=java.lang.Integer[])
ROOT 5000011e (kind=<system class>, name=java.lang.Integer)
ROOT 5000004c (kind=<system class>, name=java.lang.Number[])
ROOT 50000123 (kind=<system class>, name=java.lang.Number)
ROOT 5000004d (kind=<system class>, name=java.lang.Integer$IntegerCache)
ROOT 5000004e (kind=<system class>, name=sun.misc.NativeSignalHandler)
ROOT 5000004f (kind=<system class>, name=sun.misc.Signal)
ROOT 50000050 (kind=<system class>, name=java.lang.Terminator$1)
ROOT 50000051 (kind=<system class>, name=sun.misc.SignalHandler)
ROOT 50000052 (kind=<system class>, name=java.lang.Terminator)
ROOT 50000053 (kind=<system class>, name=java.lang.ClassLoader$NativeLibrary)
ROOT 50000054 (kind=<system class>, name=java.util.LinkedHashMap$Entry)
ROOT 50000055 (kind=<system class>, name=java.io.ExpiringCache$Entry)
ROOT 50000056 (kind=<system class>, name=java.io.File$PathStatus[])
ROOT 5000005c (kind=<system class>, name=java.io.File$PathStatus)
ROOT 50000057 (kind=<system class>, name=java.lang.Enum[])
ROOT 5000005d (kind=<system class>, name=java.lang.Enum)
ROOT 50000058 (kind=<system class>, name=java.lang.ClassLoader$3)
ROOT 50000059 (kind=<system class>, name=java.lang.StringCoding$StringEncoder)
ROOT 5000005a (kind=<system class>, name=java.nio.file.Path)
ROOT 5000005b (kind=<system class>, name=java.nio.file.Watchable)
ROOT 5000005c (kind=<system class>, name=java.io.File$PathStatus)
ROOT 5000005d (kind=<system class>, name=java.lang.Enum)
ROOT 5000005e (kind=<system class>, name=java.io.ExpiringCache$1)
ROOT 5000005f (kind=<system class>, name=java.util.LinkedHashMap)
ROOT 50000060 (kind=<system class>, name=java.io.ExpiringCache)
ROOT 50000061 (kind=<system class>, name=java.io.WinNTFileSystem)
ROOT 50000062 (kind=<system class>, name=java.io.FileSystem)
ROOT 50000063 (kind=<system class>, name=java.io.DefaultFileSystem)
ROOT 50000064 (kind=<system class>, name=sun.security.action.GetPropertyAction)
ROOT 50000065 (kind=<system class>, name=java.io.BufferedWriter)
ROOT 50000066 (kind=<system class>, name=java.nio.charset.CoderResult$2)
ROOT 50000067 (kind=<system class>, name=java.nio.charset.CoderResult$1)
ROOT 50000068 (kind=<system class>, name=java.nio.charset.CoderResult$Cache)
ROOT 50000069 (kind=<system class>, name=java.nio.charset.CoderResult)
ROOT 5000006a (kind=<system class>, name=java.nio.HeapCharBuffer)
ROOT 5000006b (kind=<system class>, name=java.nio.CharBuffer)
ROOT 5000006c (kind=<system class>, name=java.lang.Readable)
ROOT 5000006d (kind=<system class>, name=java.nio.Bits$1)
ROOT 5000006e (kind=<system class>, name=sun.misc.JavaNioAccess)
ROOT 5000006f (kind=<system class>, name=java.util.concurrent.atomic.AtomicLong)
ROOT 50000070 (kind=<system class>, name=java.nio.ByteOrder)
ROOT 50000071 (kind=<system class>, name=java.nio.Bits)
ROOT 50000072 (kind=<system class>, name=java.nio.HeapByteBuffer)
ROOT 50000073 (kind=<system class>, name=java.nio.ByteBuffer)
ROOT 50000074 (kind=<system class>, name=sun.nio.cs.ext.DoubleByte$Encoder)
ROOT 50000075 (kind=<system class>, name=java.nio.charset.CharsetEncoder)
ROOT 50000076 (kind=<system class>, name=sun.nio.cs.ArrayEncoder)
ROOT 50000077 (kind=<system class>, name=sun.nio.cs.StreamEncoder)
ROOT 50000078 (kind=<system class>, name=java.io.OutputStreamWriter)
ROOT 50000079 (kind=<system class>, name=java.io.Writer)
ROOT 5000007a (kind=<system class>, name=sun.nio.cs.ext.MS936)
ROOT 5000007b (kind=<system class>, name=java.io.BufferedOutputStream)
ROOT 5000007c (kind=<system class>, name=java.io.PrintStream)
ROOT 5000007d (kind=<system class>, name=java.io.FilterOutputStream)
ROOT 5000007e (kind=<system class>, name=sun.reflect.misc.ReflectUtil)
ROOT 5000007f (kind=<system class>, name=java.util.concurrent.atomic.AtomicReferenceFieldUpdater$AtomicReferenceFieldUpdaterImpl$1)
ROOT 50000080 (kind=<system class>, name=java.security.PrivilegedExceptionAction)
ROOT 50000081 (kind=<system class>, name=java.util.concurrent.atomic.AtomicReferenceFieldUpdater$AtomicReferenceFieldUpdaterImpl)
ROOT 50000082 (kind=<system class>, name=java.util.concurrent.atomic.AtomicReferenceFieldUpdater)
ROOT 50000083 (kind=<system class>, name=java.io.BufferedInputStream)
ROOT 50000084 (kind=<system class>, name=java.io.FilterInputStream)
ROOT 50000085 (kind=<system class>, name=java.io.FileOutputStream)
ROOT 50000086 (kind=<system class>, name=java.io.OutputStream)
ROOT 50000087 (kind=<system class>, name=java.io.Flushable)
ROOT 50000088 (kind=<system class>, name=java.io.FileDescriptor$1)
ROOT 50000089 (kind=<system class>, name=sun.misc.JavaIOFileDescriptorAccess)
ROOT 5000008a (kind=<system class>, name=java.io.FileDescriptor)
ROOT 5000008b (kind=<system class>, name=java.io.FileInputStream)
ROOT 5000008c (kind=<system class>, name=sun.misc.Version)
ROOT 5000008d (kind=<system class>, name=java.lang.Runtime)
ROOT 5000008e (kind=<system class>, name=java.util.Hashtable$Enumerator)
ROOT 5000008f (kind=<system class>, name=java.util.Iterator)
ROOT 50000090 (kind=<system class>, name=java.util.Enumeration)
ROOT 50000091 (kind=<system class>, name=java.util.Objects)
ROOT 50000092 (kind=<system class>, name=java.util.Collections$SynchronizedSet)
ROOT 50000093 (kind=<system class>, name=java.util.Collections$SynchronizedCollection)
ROOT 50000094 (kind=<system class>, name=java.util.Hashtable$EntrySet)
ROOT 50000095 (kind=<system class>, name=java.nio.charset.CodingErrorAction)
ROOT 50000096 (kind=<system class>, name=sun.nio.cs.ext.DoubleByte$Decoder)
ROOT 50000097 (kind=<system class>, name=java.nio.charset.CharsetDecoder)
ROOT 50000098 (kind=<system class>, name=sun.nio.cs.ArrayDecoder)
ROOT 50000099 (kind=<system class>, name=sun.nio.cs.ext.DelegatableDecoder)
ROOT 5000009a (kind=<system class>, name=sun.nio.cs.ext.DoubleByte)
ROOT 5000009b (kind=<system class>, name=java.lang.StringCoding$StringDecoder)
ROOT 5000009c (kind=<system class>, name=java.lang.ThreadLocal$ThreadLocalMap$Entry[])
ROOT 5000009f (kind=<system class>, name=java.lang.ThreadLocal$ThreadLocalMap$Entry)
ROOT 5000009d (kind=<system class>, name=java.lang.ref.WeakReference[])
ROOT 50000164 (kind=<system class>, name=java.lang.ref.WeakReference)
ROOT 5000009e (kind=<system class>, name=java.lang.ref.Reference[])
ROOT 50000166 (kind=<system class>, name=java.lang.ref.Reference)
ROOT 5000009f (kind=<system class>, name=java.lang.ThreadLocal$ThreadLocalMap$Entry)
ROOT 500000a0 (kind=<system class>, name=java.lang.ThreadLocal$ThreadLocalMap)
ROOT 500000a1 (kind=<system class>, name=java.lang.StringCoding)
ROOT 500000a2 (kind=<system class>, name=char[][])
ROOT 5000018c (kind=<system class>, name=char[])
ROOT 500000a3 (kind=<system class>, name=java.lang.Cloneable[])
ROOT 5000017c (kind=<system class>, name=java.lang.Cloneable)
ROOT 500000a4 (kind=<system class>, name=sun.nio.cs.ext.GBK)
ROOT 500000a5 (kind=<system class>, name=sun.nio.cs.HistoricallyNamedCharset)
ROOT 500000a6 (kind=<system class>, name=java.util.TreeMap$Entry)
ROOT 500000a7 (kind=<system class>, name=sun.misc.ASCIICaseInsensitiveComparator)
ROOT 500000a8 (kind=<system class>, name=java.util.TreeMap)
ROOT 500000a9 (kind=<system class>, name=java.util.NavigableMap)
ROOT 500000aa (kind=<system class>, name=java.util.SortedMap)
ROOT 500000ab (kind=<system class>, name=sun.reflect.DelegatingConstructorAccessorImpl)
ROOT 500000ac (kind=<system class>, name=sun.reflect.NativeConstructorAccessorImpl)
ROOT 500000ad (kind=<system class>, name=sun.reflect.ReflectionFactory$1)
ROOT 500000ae (kind=<system class>, name=java.lang.Class$1)
ROOT 500000af (kind=<system class>, name=java.lang.reflect.Constructor[])
ROOT 50000151 (kind=<system class>, name=java.lang.reflect.Constructor)
ROOT 500000b0 (kind=<system class>, name=java.lang.reflect.Executable[])
ROOT 50000153 (kind=<system class>, name=java.lang.reflect.Executable)
ROOT 500000b1 (kind=<system class>, name=sun.nio.cs.ext.ExtendedCharsets)
ROOT 500000b2 (kind=<system class>, name=sun.nio.cs.AbstractCharsetProvider)
ROOT 500000b3 (kind=<system class>, name=java.nio.charset.Charset$ExtendedProviderHolder$1)
ROOT 500000b4 (kind=<system class>, name=java.nio.charset.Charset$ExtendedProviderHolder)
ROOT 500000b5 (kind=<system class>, name=java.util.Arrays)
ROOT 500000b6 (kind=<system class>, name=java.lang.reflect.ReflectAccess)
ROOT 500000b7 (kind=<system class>, name=sun.reflect.LangReflectAccess)
ROOT 500000b8 (kind=<system class>, name=java.lang.reflect.Modifier)
ROOT 500000b9 (kind=<system class>, name=java.lang.ClassValue$ClassValueMap)
ROOT 500000ba (kind=<system class>, name=java.util.WeakHashMap)
ROOT 500000bb (kind=<system class>, name=sun.reflect.annotation.AnnotationType)
ROOT 500000bc (kind=<system class>, name=java.lang.Class$AnnotationData)
ROOT 500000bd (kind=<system class>, name=sun.reflect.generics.repository.ClassRepository)
ROOT 500000be (kind=<system class>, name=sun.reflect.generics.repository.GenericDeclRepository)
ROOT 500000bf (kind=<system class>, name=sun.reflect.generics.repository.AbstractRepository)
ROOT 500000c0 (kind=<system class>, name=java.lang.reflect.Field[])
ROOT 50000155 (kind=<system class>, name=java.lang.reflect.Field)
ROOT 500000c1 (kind=<system class>, name=java.lang.reflect.Member[])
ROOT 50000156 (kind=<system class>, name=java.lang.reflect.Member)
ROOT 500000c2 (kind=<system class>, name=java.lang.reflect.AccessibleObject[])
ROOT 50000157 (kind=<system class>, name=java.lang.reflect.AccessibleObject)
ROOT 500000c3 (kind=<system class>, name=java.lang.Class$Atomic)
ROOT 500000c4 (kind=<system class>, name=java.lang.Class$ReflectionData)
ROOT 500000c5 (kind=<system class>, name=java.lang.Class$3)
ROOT 500000c6 (kind=<system class>, name=java.util.concurrent.atomic.AtomicInteger)
ROOT 500000c7 (kind=<system class>, name=java.lang.ThreadLocal)
ROOT 500000c8 (kind=<system class>, name=sun.nio.cs.StandardCharsets$Cache)
ROOT 500000c9 (kind=<system class>, name=sun.nio.cs.StandardCharsets$Classes)
ROOT 500000ca (kind=<system class>, name=sun.nio.cs.StandardCharsets$Aliases)
ROOT 500000cb (kind=<system class>, name=sun.util.PreHashedMap)
ROOT 500000cc (kind=<system class>, name=sun.nio.cs.StandardCharsets)
ROOT 500000cd (kind=<system class>, name=sun.nio.cs.FastCharsetProvider)
ROOT 500000ce (kind=<system class>, name=java.nio.charset.spi.CharsetProvider)
ROOT 500000cf (kind=<system class>, name=java.nio.charset.Charset)
ROOT 500000d0 (kind=<system class>, name=java.lang.ref.Finalizer$FinalizerThread)
ROOT 500000d1 (kind=<system class>, name=java.lang.Math)
ROOT 500000d2 (kind=<system class>, name=java.util.Hashtable$Entry[])
ROOT 500000d3 (kind=<system class>, name=java.util.Hashtable$Entry)
ROOT 500000d3 (kind=<system class>, name=java.util.Hashtable$Entry)
ROOT 500000d4 (kind=<system class>, name=sun.misc.VM)
ROOT 500000d5 (kind=<system class>, name=java.util.HashMap$Node[])
ROOT 500000d7 (kind=<system class>, name=java.util.HashMap$Node)
ROOT 500000d6 (kind=<system class>, name=java.util.Map$Entry[])
ROOT 500000d8 (kind=<system class>, name=java.util.Map$Entry)
ROOT 500000d7 (kind=<system class>, name=java.util.HashMap$Node)
ROOT 500000d8 (kind=<system class>, name=java.util.Map$Entry)
ROOT 500000d9 (kind=<system class>, name=java.util.HashMap)
ROOT 500000da (kind=<system class>, name=sun.reflect.Reflection)
ROOT 500000db (kind=<system class>, name=java.lang.String[])
ROOT 50000181 (kind=<system class>, name=java.lang.String)
ROOT 500000dc (kind=<system class>, name=java.lang.CharSequence[])
ROOT 50000182 (kind=<system class>, name=java.lang.CharSequence)
ROOT 500000dd (kind=<system class>, name=java.lang.NoSuchMethodError)
ROOT 500000de (kind=<system class>, name=java.lang.IncompatibleClassChangeError)
ROOT 500000df (kind=<system class>, name=sun.misc.SharedSecrets)
ROOT 500000e0 (kind=<system class>, name=java.lang.ref.Reference$1)
ROOT 500000e1 (kind=<system class>, name=sun.misc.JavaLangRefAccess)
ROOT 500000e2 (kind=<system class>, name=java.lang.Thread[])
ROOT 5000015e (kind=<system class>, name=java.lang.Thread)
ROOT 500000e3 (kind=<system class>, name=java.lang.Runnable[])
ROOT 5000015f (kind=<system class>, name=java.lang.Runnable)
ROOT 500000e4 (kind=<system class>, name=java.lang.ref.ReferenceQueue$Lock)
ROOT 500000e5 (kind=<system class>, name=java.lang.ref.ReferenceQueue$Null)
ROOT 500000e6 (kind=<system class>, name=java.lang.ref.ReferenceQueue)
ROOT 500000e7 (kind=<system class>, name=java.util.Collections$UnmodifiableRandomAccessList)
ROOT 500000e8 (kind=<system class>, name=java.util.Collections$UnmodifiableList)
ROOT 500000e9 (kind=<system class>, name=java.util.Collections$UnmodifiableCollection)
ROOT 500000ea (kind=<system class>, name=java.util.Collections$EmptyMap)
ROOT 500000eb (kind=<system class>, name=java.util.AbstractMap)
ROOT 500000ec (kind=<system class>, name=java.util.Collections$EmptyList)
ROOT 500000ed (kind=<system class>, name=java.util.Collections$EmptySet)
ROOT 500000ee (kind=<system class>, name=java.util.AbstractSet)
ROOT 500000ef (kind=<system class>, name=java.util.Set)
ROOT 500000f0 (kind=<system class>, name=java.util.Collections)
ROOT 500000f1 (kind=<system class>, name=java.util.ArrayList)
ROOT 500000f2 (kind=<system class>, name=java.lang.InterruptedException)
ROOT 500000f3 (kind=<system class>, name=java.lang.ref.Reference$ReferenceHandler)
ROOT 500000f4 (kind=<system class>, name=java.lang.ref.Reference$Lock)
ROOT 500000f5 (kind=<system class>, name=sun.reflect.ReflectionFactory)
ROOT 500000f6 (kind=<system class>, name=java.util.Stack)
ROOT 500000f7 (kind=<system class>, name=java.util.Vector)
ROOT 500000f8 (kind=<system class>, name=java.util.AbstractList)
ROOT 500000f9 (kind=<system class>, name=java.util.AbstractCollection)
ROOT 500000fa (kind=<system class>, name=java.util.RandomAccess)
ROOT 500000fb (kind=<system class>, name=java.util.List)
ROOT 500000fc (kind=<system class>, name=java.util.Collection)
ROOT 500000fd (kind=<system class>, name=java.lang.Iterable)
ROOT 500000fe (kind=<system class>, name=java.security.cert.Certificate[])
ROOT 500000ff (kind=<system class>, name=java.security.cert.Certificate)
ROOT 500000ff (kind=<system class>, name=java.security.cert.Certificate)
ROOT 50000100 (kind=<system class>, name=sun.reflect.ReflectionFactory$GetReflectionFactoryAction)
ROOT 50000101 (kind=<system class>, name=java.security.PrivilegedAction)
ROOT 50000102 (kind=<system class>, name=java.lang.reflect.ReflectPermission)
ROOT 50000103 (kind=<system class>, name=java.security.AccessController)
ROOT 50000104 (kind=<system class>, name=java.lang.RuntimePermission)
ROOT 50000105 (kind=<system class>, name=java.security.BasicPermission)
ROOT 50000106 (kind=<system class>, name=java.security.Permission)
ROOT 50000107 (kind=<system class>, name=java.security.Guard)
ROOT 50000108 (kind=<system class>, name=java.lang.StackTraceElement[])
ROOT 50000127 (kind=<system class>, name=java.lang.StackTraceElement)
ROOT 50000109 (kind=<system class>, name=java.lang.ThreadGroup[])
ROOT 5000015c (kind=<system class>, name=java.lang.ThreadGroup)
ROOT 5000010a (kind=<system class>, name=java.lang.Thread$UncaughtExceptionHandler[])
ROOT 5000015d (kind=<system class>, name=java.lang.Thread$UncaughtExceptionHandler)
ROOT 5000010b (kind=<system class>, name=com.sun.demo.jvmti.hprof.Tracker)
ROOT 5000010c (kind=<system class>, name=java.lang.String$CaseInsensitiveComparator)
ROOT 5000010d (kind=<system class>, name=java.util.Comparator)
ROOT 5000010e (kind=<system class>, name=java.io.ObjectStreamField[])
ROOT 50000110 (kind=<system class>, name=java.io.ObjectStreamField)
ROOT 5000010f (kind=<system class>, name=java.lang.Comparable[])
ROOT 50000183 (kind=<system class>, name=java.lang.Comparable)
ROOT 50000110 (kind=<system class>, name=java.io.ObjectStreamField)
ROOT 50000111 (kind=<system class>, name=java.lang.OutOfMemoryError[])
ROOT 50000169 (kind=<system class>, name=java.lang.OutOfMemoryError)
ROOT 50000112 (kind=<system class>, name=java.lang.VirtualMachineError[])
ROOT 5000016a (kind=<system class>, name=java.lang.VirtualMachineError)
ROOT 50000113 (kind=<system class>, name=java.lang.Error[])
ROOT 50000178 (kind=<system class>, name=java.lang.Error)
ROOT 50000114 (kind=<system class>, name=java.lang.Throwable[])
ROOT 50000179 (kind=<system class>, name=java.lang.Throwable)
ROOT 50000115 (kind=<system class>, name=java.lang.ArithmeticException)
ROOT 50000116 (kind=<system class>, name=java.lang.NullPointerException)
ROOT 50000117 (kind=<system class>, name=java.lang.Class[])
ROOT 5000017d (kind=<system class>, name=java.lang.Class)
ROOT 50000118 (kind=<system class>, name=java.io.Serializable[])
ROOT 50000184 (kind=<system class>, name=java.io.Serializable)
ROOT 50000119 (kind=<system class>, name=java.lang.reflect.GenericDeclaration[])
ROOT 5000017f (kind=<system class>, name=java.lang.reflect.GenericDeclaration)
ROOT 5000011a (kind=<system class>, name=java.lang.reflect.AnnotatedElement[])
ROOT 50000180 (kind=<system class>, name=java.lang.reflect.AnnotatedElement)
ROOT 5000011b (kind=<system class>, name=java.lang.reflect.Type[])
ROOT 5000017e (kind=<system class>, name=java.lang.reflect.Type)
ROOT 5000011c (kind=<system class>, name=java.lang.Object[])
ROOT 50000185 (kind=<system class>, name=java.lang.Object)
ROOT 5000011d (kind=<system class>, name=java.lang.Long)
ROOT 5000011e (kind=<system class>, name=java.lang.Integer)
ROOT 5000011f (kind=<system class>, name=java.lang.Short)
ROOT 50000120 (kind=<system class>, name=java.lang.Byte)
ROOT 50000121 (kind=<system class>, name=java.lang.Double)
ROOT 50000122 (kind=<system class>, name=java.lang.Float)
ROOT 50000123 (kind=<system class>, name=java.lang.Number)
ROOT 50000124 (kind=<system class>, name=java.lang.Character)
ROOT 50000125 (kind=<system class>, name=java.lang.Boolean)
ROOT 50000126 (kind=<system class>, name=java.nio.Buffer)
ROOT 50000127 (kind=<system class>, name=java.lang.StackTraceElement)
ROOT 50000128 (kind=<system class>, name=java.security.CodeSource)
ROOT 50000129 (kind=<system class>, name=sun.misc.Launcher$ExtClassLoader)
ROOT 5000012a (kind=<system class>, name=sun.misc.Launcher$AppClassLoader)
ROOT 5000012b (kind=<system class>, name=sun.misc.Launcher)
ROOT 5000012c (kind=<system class>, name=java.util.jar.Manifest)
ROOT 5000012d (kind=<system class>, name=java.net.URL)
ROOT 5000012e (kind=<system class>, name=java.net.URLClassLoader)
ROOT 5000012f (kind=<system class>, name=java.io.File)
ROOT 50000130 (kind=<system class>, name=java.io.ByteArrayInputStream)
ROOT 50000131 (kind=<system class>, name=java.io.InputStream)
ROOT 50000132 (kind=<system class>, name=java.io.Closeable)
ROOT 50000133 (kind=<system class>, name=java.lang.AutoCloseable)
ROOT 50000134 (kind=<system class>, name=sun.misc.Unsafe)
ROOT 50000135 (kind=<system class>, name=java.lang.StringBuilder)
ROOT 50000136 (kind=<system class>, name=java.lang.StringBuffer)
ROOT 50000137 (kind=<system class>, name=java.lang.AbstractStringBuilder)
ROOT 50000138 (kind=<system class>, name=java.lang.Appendable)
ROOT 50000139 (kind=<system class>, name=java.lang.invoke.VolatileCallSite)
ROOT 5000013a (kind=<system class>, name=java.lang.invoke.MutableCallSite)
ROOT 5000013b (kind=<system class>, name=java.lang.invoke.ConstantCallSite)
ROOT 5000013c (kind=<system class>, name=java.lang.invoke.CallSite)
ROOT 5000013d (kind=<system class>, name=java.lang.BootstrapMethodError)
ROOT 5000013e (kind=<system class>, name=java.lang.invoke.MethodType)
ROOT 5000013f (kind=<system class>, name=java.lang.invoke.LambdaForm)
ROOT 50000140 (kind=<system class>, name=java.lang.invoke.MethodHandleNatives)
ROOT 50000141 (kind=<system class>, name=java.lang.invoke.MemberName)
ROOT 50000142 (kind=<system class>, name=java.lang.invoke.DirectMethodHandle)
ROOT 50000143 (kind=<system class>, name=java.lang.invoke.MethodHandle)
ROOT 50000144 (kind=<system class>, name=sun.reflect.CallerSensitive)
ROOT 50000145 (kind=<system class>, name=java.lang.annotation.Annotation)
ROOT 50000146 (kind=<system class>, name=sun.reflect.UnsafeStaticFieldAccessorImpl)
ROOT 50000147 (kind=<system class>, name=sun.reflect.UnsafeFieldAccessorImpl)
ROOT 50000148 (kind=<system class>, name=sun.reflect.FieldAccessorImpl)
ROOT 50000149 (kind=<system class>, name=sun.reflect.FieldAccessor)
ROOT 5000014a (kind=<system class>, name=sun.reflect.ConstantPool)
ROOT 5000014b (kind=<system class>, name=sun.reflect.DelegatingClassLoader)
ROOT 5000014c (kind=<system class>, name=sun.reflect.ConstructorAccessorImpl)
ROOT 5000014d (kind=<system class>, name=sun.reflect.ConstructorAccessor)
ROOT 5000014e (kind=<system class>, name=sun.reflect.MethodAccessorImpl)
ROOT 5000014f (kind=<system class>, name=sun.reflect.MethodAccessor)
ROOT 50000150 (kind=<system class>, name=sun.reflect.MagicAccessorImpl)
ROOT 50000151 (kind=<system class>, name=java.lang.reflect.Constructor)
ROOT 50000152 (kind=<system class>, name=java.lang.reflect.Method)
ROOT 50000153 (kind=<system class>, name=java.lang.reflect.Executable)
ROOT 50000154 (kind=<system class>, name=java.lang.reflect.Parameter)
ROOT 50000155 (kind=<system class>, name=java.lang.reflect.Field)
ROOT 50000156 (kind=<system class>, name=java.lang.reflect.Member)
ROOT 50000157 (kind=<system class>, name=java.lang.reflect.AccessibleObject)
ROOT 50000158 (kind=<system class>, name=java.util.Properties)
ROOT 50000159 (kind=<system class>, name=java.util.Hashtable)
ROOT 5000015a (kind=<system class>, name=java.util.Dictionary)
ROOT 5000015b (kind=<system class>, name=java.util.Map)
ROOT 5000015c (kind=<system class>, name=java.lang.ThreadGroup)
ROOT 5000015d (kind=<system class>, name=java.lang.Thread$UncaughtExceptionHandler)
ROOT 5000015e (kind=<system class>, name=java.lang.Thread)
ROOT 5000015f (kind=<system class>, name=java.lang.Runnable)
ROOT 50000160 (kind=<system class>, name=java.lang.ref.Finalizer)
ROOT 50000161 (kind=<system class>, name=sun.misc.Cleaner)
ROOT 50000162 (kind=<system class>, name=java.lang.ref.PhantomReference)
ROOT 50000163 (kind=<system class>, name=java.lang.ref.FinalReference)
ROOT 50000164 (kind=<system class>, name=java.lang.ref.WeakReference)
ROOT 50000165 (kind=<system class>, name=java.lang.ref.SoftReference)
ROOT 50000166 (kind=<system class>, name=java.lang.ref.Reference)
ROOT 50000167 (kind=<system class>, name=java.lang.IllegalMonitorStateException)
ROOT 50000168 (kind=<system class>, name=java.lang.StackOverflowError)
ROOT 50000169 (kind=<system class>, name=java.lang.OutOfMemoryError)
ROOT 5000016a (kind=<system class>, name=java.lang.VirtualMachineError)
ROOT 5000016b (kind=<system class>, name=java.lang.ArrayStoreException)
ROOT 5000016c (kind=<system class>, name=java.lang.ClassCastException)
ROOT 5000016d (kind=<system class>, name=java.lang.NoClassDefFoundError)
ROOT 5000016e (kind=<system class>, name=java.lang.LinkageError)
ROOT 5000016f (kind=<system class>, name=java.lang.ClassNotFoundException)
ROOT 50000170 (kind=<system class>, name=java.lang.ReflectiveOperationException)
ROOT 50000171 (kind=<system class>, name=java.security.SecureClassLoader)
ROOT 50000172 (kind=<system class>, name=java.security.AccessControlContext)
ROOT 50000173 (kind=<system class>, name=java.security.ProtectionDomain)
ROOT 50000174 (kind=<system class>, name=java.lang.SecurityManager)
ROOT 50000175 (kind=<system class>, name=java.lang.RuntimeException)
ROOT 50000176 (kind=<system class>, name=java.lang.Exception)
ROOT 50000177 (kind=<system class>, name=java.lang.ThreadDeath)
ROOT 50000178 (kind=<system class>, name=java.lang.Error)
ROOT 50000179 (kind=<system class>, name=java.lang.Throwable)
ROOT 5000017a (kind=<system class>, name=java.lang.System)
ROOT 5000017b (kind=<system class>, name=java.lang.ClassLoader)
ROOT 5000017c (kind=<system class>, name=java.lang.Cloneable)
ROOT 5000017d (kind=<system class>, name=java.lang.Class)
ROOT 5000017e (kind=<system class>, name=java.lang.reflect.Type)
ROOT 5000017f (kind=<system class>, name=java.lang.reflect.GenericDeclaration)
ROOT 50000180 (kind=<system class>, name=java.lang.reflect.AnnotatedElement)
ROOT 50000181 (kind=<system class>, name=java.lang.String)
ROOT 50000182 (kind=<system class>, name=java.lang.CharSequence)
ROOT 50000183 (kind=<system class>, name=java.lang.Comparable)
ROOT 50000184 (kind=<system class>, name=java.io.Serializable)
ROOT 50000185 (kind=<system class>, name=java.lang.Object)
ROOT 50000186 (kind=<system class>, name=long[])
ROOT 50000eb5 (kind=<system class>, name=java.lang.Class)
ROOT 50000187 (kind=<system class>, name=int[])
ROOT 50000eb6 (kind=<system class>, name=java.lang.Class)
ROOT 50000188 (kind=<system class>, name=short[])
ROOT 50000eb7 (kind=<system class>, name=java.lang.Class)
ROOT 50000189 (kind=<system class>, name=byte[])
ROOT 50000eb8 (kind=<system class>, name=java.lang.Class)
ROOT 5000018a (kind=<system class>, name=double[])
ROOT 50000eb9 (kind=<system class>, name=java.lang.Class)
ROOT 5000018b (kind=<system class>, name=float[])
ROOT 50000eba (kind=<system class>, name=java.lang.Class)
ROOT 5000018c (kind=<system class>, name=char[])
ROOT 50000ebb (kind=<system class>, name=java.lang.Class)
ROOT 5000018d (kind=<system class>, name=boolean[])
ROOT 50000ebc (kind=<system class>, name=java.lang.Class)
ROOT 50000dd0 (kind=<busy monitor>)
ROOT 50000dcd (kind=<busy monitor>)
ROOT 50000eb6 (kind=<unknown>)
ROOT 50000eba (kind=<unknown>)
ROOT 50000eb9 (kind=<unknown>)
ROOT 50000eb8 (kind=<unknown>)
ROOT 50000ebc (kind=<unknown>)
ROOT 50000ebb (kind=<unknown>)
ROOT 50000eb5 (kind=<unknown>)
ROOT 50000eb7 (kind=<unknown>)
ROOT 50000ebd (kind=<unknown>)
ROOT 50000ebc (kind=<unknown>)
ROOT 50000ebb (kind=<unknown>)
ROOT 50000eba (kind=<unknown>)
ROOT 50000eb9 (kind=<unknown>)
ROOT 50000eb8 (kind=<unknown>)
ROOT 50000eb7 (kind=<unknown>)
ROOT 50000eb6 (kind=<unknown>)
ROOT 50000eb5 (kind=<unknown>)
ROOT 50000ebd (kind=<unknown>)
ROOT 50000ebe (kind=<unknown>)
ROOT 50000ebf (kind=<unknown>)
ROOT 50000ec0 (kind=<unknown>)
ROOT 50000ec1 (kind=<unknown>)
ROOT 50000ec2 (kind=<unknown>)
ROOT 50000ec3 (kind=<unknown>)
ROOT 50000ec4 (kind=<unknown>)
ROOT 50000ec5 (kind=<unknown>)
ROOT 50000ec6 (kind=<unknown>)
ROOT 50000ec7 (kind=<unknown>)
ROOT 50000ec8 (kind=<unknown>)
ROOT 50000ec9 (kind=<unknown>)
ROOT 50000eca (kind=<unknown>)
ROOT 50000ecb (kind=<unknown>)
ROOT 50000ecc (kind=<unknown>)
ROOT 50000ecd (kind=<unknown>)
ROOT 5000010b (kind=<unknown>)
ROOT 5000010b (kind=<unknown>)
ROOT 50000ece (kind=<unknown>)
ROOT 5000010b (kind=<unknown>)
ROOT 50000ecf (kind=<unknown>)
ROOT 50000ed0 (kind=<unknown>)
ROOT 50000ed1 (kind=<unknown>)
ROOT 5000010b (kind=<unknown>)
ROOT 50000034 (kind=<unknown>)
ROOT 50000ed2 (kind=<unknown>)
ROOT 5000015e (kind=<unknown>)
ROOT 5000017a (kind=<unknown>)
ROOT 5000010b (kind=<unknown>)
ROOT 5000010b (kind=<unknown>)
ROOT 5000010b (kind=<unknown>)
ROOT 50000ed3 (kind=<unknown>)
ROOT 50000ece (kind=<unknown>)
ROOT 5000010b (kind=<unknown>)
ROOT 50000ed4 (kind=<unknown>)
ROOT 50000ed4 (kind=<unknown>)
ROOT 5000017a (kind=<unknown>)
ROOT 50000ed5 (kind=<unknown>)
ROOT 5000010b (kind=<unknown>)
ROOT 5000010b (kind=<unknown>)
ROOT 50000ece (kind=<unknown>)
ROOT 5000010b (kind=<unknown>)
ROOT 50000ece (kind=<unknown>)
ROOT 5000010b (kind=<unknown>)
ROOT 50000ece (kind=<unknown>)
ROOT 50000ed5 (kind=<unknown>)
ROOT 50000ed5 (kind=<unknown>)
ROOT 50000ed6 (kind=<unknown>)
OBJ 5000018e (sz=376, trace=300000, class=java.lang.Thread@5000015e)
OBJ 5000018f (sz=376, trace=300001, class=java.lang.Thread@5000015e)
OBJ 50000190 (sz=16, trace=300002, class=java.lang.Object@50000185)
OBJ 50000191 (sz=376, trace=300001, class=java.lang.Thread@5000015e)
OBJ 50000192 (sz=16, trace=300002, class=java.lang.Object@50000185)
OBJ 50000193 (sz=376, trace=300001, class=java.lang.Thread@5000015e)
OBJ 50000194 (sz=16, trace=300002, class=java.lang.Object@50000185)
ARR 50000196 (sz=24, trace=300004, nelems=0, elem type=java.lang.Object[]@5000011c)
OBJ 50000197 (sz=16, trace=300005, class=java.lang.Integer@5000011e)
OBJ 50000199 (sz=16, trace=300007, class=java.lang.invoke.MethodHandleImpl$1@50000198)
OBJ 5000019a (sz=24, trace=300008, class=java.lang.StringBuilder@50000135)
ARR 5000019b (sz=48, trace=300009, nelems=0, elem type=char[])
ARR 5000019c (sz=88, trace=300010, nelems=0, elem type=char[])
ARR 5000019d (sz=160, trace=300010, nelems=0, elem type=char[])
OBJ 5000019e (sz=24, trace=300011, class=java.lang.String@50000181)
ARR 5000019f (sz=104, trace=300012, nelems=0, elem type=char[])
OBJ 500001a0 (sz=16, trace=300013, class=java.lang.Integer@5000011e)
OBJ 500001a3 (sz=16, trace=300015, class=java.lang.invoke.MethodHandleImpl$2@500001a2)
OBJ 500001a5 (sz=16, trace=300017, class=java.lang.invoke.MethodHandleImpl$3@500001a4)
ARR 500001a7 (sz=24, trace=300018, nelems=0, elem type=java.lang.invoke.MethodHandle[]@500001a6)
ARR 500001a8 (sz=16, trace=300019, nelems=0, elem type=java.lang.Object[]@5000011c)
ARR 500001a9 (sz=1040, trace=300020, nelems=0, elem type=java.lang.invoke.MethodHandle[]@500001a6)
ARR 500001ae (sz=24, trace=300023, nelems=0, elem type=java.lang.ClassValue$Entry[]@500001ad)
OBJ 500001af (sz=16, trace=300024, class=java.util.concurrent.atomic.AtomicInteger@500000c6)
OBJ 500001b0 (sz=16, trace=300025, class=java.lang.Object@50000185)
OBJ 500001b1 (sz=24, trace=300026, class=java.lang.invoke.MethodHandleImpl$4@500001ab)
	identity	500001b3
	version		500001b5
OBJ 500001b3 (sz=16, trace=300028, class=java.lang.ClassValue$Identity@500001b2)
OBJ 500001b5 (sz=24, trace=300030, class=java.lang.ClassValue$Version@500001b4)
	classValue	500001b1
	promise		500001b7
OBJ 500001b6 (sz=32, trace=300031, class=java.lang.ClassValue$Entry@500001ac)
	queue		5000168f
OBJ 500001b7 (sz=32, trace=300032, class=java.lang.ClassValue$Entry@500001ac)
	referent	500001b5
	queue		5000168f
	value		500001b7
OBJ 500001b9 (sz=16, trace=300034, class=java.lang.invoke.MemberName$Factory@500001b8)
ARR 500001bb (sz=56, trace=300036, nelems=0, elem type=java.lang.Object[]@5000011c)
OBJ 500001bd (sz=16, trace=300038, class=java.lang.invoke.MethodHandleStatics$1@500001bc)
OBJ 500001be (sz=56, trace=300039, class=java.lang.Class$ReflectionData@500000c4)
OBJ 500001bf (sz=40, trace=300040, class=java.lang.ref.SoftReference@50000165)
OBJ 500001c0 (sz=72, trace=300041, class=java.lang.reflect.Field@50000155)
OBJ 500001c1 (sz=376, trace=300001, class=java.lang.Thread@5000015e)
OBJ 500001c2 (sz=16, trace=300002, class=java.lang.Object@50000185)
OBJ 500001c5 (sz=16, trace=300043, class=java.lang.Object@50000185)
OBJ 500001c7 (sz=56, trace=300039, class=java.lang.Class$ReflectionData@500000c4)
OBJ 500001c8 (sz=40, trace=300040, class=java.lang.ref.SoftReference@50000165)
OBJ 500001c9 (sz=72, trace=300041, class=java.lang.reflect.Field@50000155)
OBJ 500001ca (sz=16, trace=300045, class=java.util.concurrent.atomic.AtomicBoolean@500001c6)
OBJ 500001cc (sz=24, trace=300047, class=sun.usagetracker.UsageTrackerClient$1@500001cb)
OBJ 500001cd (sz=16, trace=300048, class=sun.usagetracker.UsageTrackerClient@500001c4)
OBJ 500001ce (sz=24, trace=300049, class=java.lang.StringBuilder@50000135)
ARR 500001cf (sz=48, trace=300050, nelems=0, elem type=char[])
ARR 500001d0 (sz=88, trace=300010, nelems=0, elem type=char[])
ARR 500001d1 (sz=160, trace=300010, nelems=0, elem type=char[])
OBJ 500001d2 (sz=24, trace=300051, class=java.lang.String@50000181)
ARR 500001d3 (sz=128, trace=300052, nelems=0, elem type=char[])
OBJ 500001d5 (sz=24, trace=300054, class=sun.usagetracker.UsageTrackerClient$4@500001d4)
ARR 500001d6 (sz=32, trace=300055, nelems=0, elem type=java.lang.String[]@500000db)
OBJ 500001d7 (sz=24, trace=300056, class=sun.usagetracker.UsageTrackerClient$1@500001cb)
OBJ 500001d8 (sz=24, trace=300057, class=sun.usagetracker.UsageTrackerClient$1@500001cb)
ARR 500001d9 (sz=40, trace=300058, nelems=0, elem type=char[])
OBJ 500001da (sz=24, trace=300059, class=java.lang.String@50000181)
ARR 500001db (sz=40, trace=300060, nelems=0, elem type=char[])
ARR 500001dc (sz=40, trace=300061, nelems=0, elem type=char[])
OBJ 500001dd (sz=24, trace=300062, class=java.lang.String@50000181)
ARR 500001de (sz=40, trace=300060, nelems=0, elem type=char[])
ARR 500001df (sz=40, trace=300063, nelems=0, elem type=char[])
OBJ 500001e0 (sz=24, trace=300064, class=java.lang.String@50000181)
ARR 500001e1 (sz=40, trace=300060, nelems=0, elem type=char[])
OBJ 500001e3 (sz=16, trace=300066, class=sun.usagetracker.UsageTrackerClient$2@500001e2)
OBJ 500001e6 (sz=16, trace=300069, class=java.lang.ProcessEnvironment$NameComparator@500001e5)
OBJ 500001e8 (sz=16, trace=300071, class=java.lang.ProcessEnvironment$EntryComparator@500001e7)
OBJ 500001e9 (sz=48, trace=300072, class=java.lang.ProcessEnvironment@500001e4)
	table		500002e4
	entrySet	500002f2
OBJ 500001eb (sz=32, trace=300074, class=java.util.Collections$UnmodifiableMap@500001ea)
	m		500001e9
OBJ 500001ec (sz=24, trace=300075, class=java.lang.String@50000181)
	value		500001ed
ARR 500001ed (sz=32, trace=300076, nelems=16, elem type=char[])
OBJ 500001ee (sz=24, trace=300077, class=java.lang.String@50000181)
	value		500001ef
ARR 500001ef (sz=16, trace=300078, nelems=8, elem type=char[])
ARR 500001f0 (sz=80, trace=300079, nelems=0, elem type=java.util.HashMap$Node[]@500000d5)
OBJ 500001f1 (sz=32, trace=300080, class=java.util.HashMap$Node@500000d7)
	key		500001ec
	value		500001ee
	next		500002b1
OBJ 500001f2 (sz=24, trace=300075, class=java.lang.String@50000181)
	value		500001f3
ARR 500001f3 (sz=6, trace=300076, nelems=3, elem type=char[])
OBJ 500001f4 (sz=24, trace=300077, class=java.lang.String@50000181)
	value		500001f5
ARR 500001f5 (sz=6, trace=300078, nelems=3, elem type=char[])
OBJ 500001f6 (sz=32, trace=300080, class=java.util.HashMap$Node@500000d7)
	key		500001f2
	value		500001f4
OBJ 500001f7 (sz=24, trace=300075, class=java.lang.String@50000181)
	value		500001f8
ARR 500001f8 (sz=6, trace=300076, nelems=3, elem type=char[])
OBJ 500001f9 (sz=24, trace=300077, class=java.lang.String@50000181)
	value		500001fa
ARR 500001fa (sz=50, trace=300078, nelems=25, elem type=char[])
OBJ 500001fb (sz=32, trace=300080, class=java.util.HashMap$Node@500000d7)
	key		500001f7
	value		500001f9
	next		5000020f
OBJ 500001fc (sz=24, trace=300075, class=java.lang.String@50000181)
	value		500001fd
ARR 500001fd (sz=6, trace=300076, nelems=3, elem type=char[])
OBJ 500001fe (sz=24, trace=300077, class=java.lang.String@50000181)
	value		500001ff
ARR 500001ff (sz=128, trace=300078, nelems=64, elem type=char[])
OBJ 50000200 (sz=32, trace=300081, class=java.util.HashMap$Node@500000d7)
	key		500001fc
	value		500001fe
	next		50000205
OBJ 50000201 (sz=24, trace=300075, class=java.lang.String@50000181)
	value		50000202
ARR 50000202 (sz=18, trace=300076, nelems=9, elem type=char[])
OBJ 50000203 (sz=24, trace=300077, class=java.lang.String@50000181)
	value		50000204
ARR 50000204 (sz=16, trace=300078, nelems=8, elem type=char[])
OBJ 50000205 (sz=32, trace=300081, class=java.util.HashMap$Node@500000d7)
	key		50000201
	value		50000203
OBJ 50000206 (sz=24, trace=300075, class=java.lang.String@50000181)
	value		50000207
ARR 50000207 (sz=30, trace=300076, nelems=15, elem type=char[])
OBJ 50000208 (sz=24, trace=300077, class=java.lang.String@50000181)
	value		50000209
ARR 50000209 (sz=28, trace=300078, nelems=14, elem type=char[])
OBJ 5000020a (sz=32, trace=300080, class=java.util.HashMap$Node@500000d7)
	key		50000206
	value		50000208
OBJ 5000020b (sz=24, trace=300075, class=java.lang.String@50000181)
	value		5000020c
ARR 5000020c (sz=14, trace=300076, nelems=7, elem type=char[])
OBJ 5000020d (sz=24, trace=300077, class=java.lang.String@50000181)
	value		5000020e
ARR 5000020e (sz=82, trace=300078, nelems=41, elem type=char[])
OBJ 5000020f (sz=32, trace=300081, class=java.util.HashMap$Node@500000d7)
	key		5000020b
	value		5000020d
OBJ 50000210 (sz=24, trace=300075, class=java.lang.String@50000181)
	value		50000211
ARR 50000211 (sz=18, trace=300076, nelems=9, elem type=char[])
OBJ 50000212 (sz=24, trace=300077, class=java.lang.String@50000181)
	value		50000213
ARR 50000213 (sz=190, trace=300078, nelems=95, elem type=char[])
OBJ 50000214 (sz=32, trace=300081, class=java.util.HashMap$Node@500000d7)
	key		50000210
	value		50000212
	next		50000223
OBJ 50000215 (sz=24, trace=300075, class=java.lang.String@50000181)
	value		50000216
ARR 50000216 (sz=36, trace=300076, nelems=18, elem type=char[])
OBJ 50000217 (sz=24, trace=300077, class=java.lang.String@50000181)
	value		50000218
ARR 50000218 (sz=58, trace=300078, nelems=29, elem type=char[])
OBJ 50000219 (sz=32, trace=300080, class=java.util.HashMap$Node@500000d7)
	key		50000215
	value		50000217
	next		5000026a
OBJ 5000021a (sz=24, trace=300075, class=java.lang.String@50000181)
	value		5000021b
ARR 5000021b (sz=46, trace=300076, nelems=23, elem type=char[])
OBJ 5000021c (sz=24, trace=300077, class=java.lang.String@50000181)
	value		5000021d
ARR 5000021d (sz=70, trace=300078, nelems=35, elem type=char[])
OBJ 5000021e (sz=32, trace=300080, class=java.util.HashMap$Node@500000d7)
	key		5000021a
	value		5000021c
OBJ 5000021f (sz=24, trace=300075, class=java.lang.String@50000181)
	value		50000220
ARR 50000220 (sz=36, trace=300076, nelems=18, elem type=char[])
OBJ 50000221 (sz=24, trace=300077, class=java.lang.String@50000181)
	value		50000222
ARR 50000222 (sz=58, trace=300078, nelems=29, elem type=char[])
OBJ 50000223 (sz=32, trace=300081, class=java.util.HashMap$Node@500000d7)
	key		5000021f
	value		50000221
OBJ 50000224 (sz=24, trace=300075, class=java.lang.String@50000181)
	value		50000225
ARR 50000225 (sz=24, trace=300076, nelems=12, elem type=char[])
OBJ 50000226 (sz=24, trace=300077, class=java.lang.String@50000181)
	value		50000227
ARR 50000227 (sz=26, trace=300078, nelems=13, elem type=char[])
OBJ 50000228 (sz=32, trace=300080, class=java.util.HashMap$Node@500000d7)
	key		50000224
	value		50000226
OBJ 50000229 (sz=24, trace=300075, class=java.lang.String@50000181)
	value		5000022a
ARR 5000022a (sz=14, trace=300076, nelems=7, elem type=char[])
OBJ 5000022b (sz=24, trace=300077, class=java.lang.String@50000181)
	value		5000022c
ARR 5000022c (sz=54, trace=300078, nelems=27, elem type=char[])
OBJ 5000022d (sz=32, trace=300080, class=java.util.HashMap$Node@500000d7)
	key		50000229
	value		5000022b
ARR 5000022e (sz=144, trace=300082, nelems=0, elem type=java.util.HashMap$Node[]@500000d5)
OBJ 5000022f (sz=24, trace=300075, class=java.lang.String@50000181)
	value		50000230
ARR 50000230 (sz=22, trace=300076, nelems=11, elem type=char[])
OBJ 50000231 (sz=24, trace=300077, class=java.lang.String@50000181)
	value		50000232
ARR 50000232 (sz=46, trace=300078, nelems=23, elem type=char[])
OBJ 50000233 (sz=32, trace=300080, class=java.util.HashMap$Node@500000d7)
	key		5000022f
	value		50000231
OBJ 50000234 (sz=24, trace=300075, class=java.lang.String@50000181)
	value		50000235
ARR 50000235 (sz=32, trace=300076, nelems=16, elem type=char[])
OBJ 50000236 (sz=24, trace=300077, class=java.lang.String@50000181)
	value		50000237
ARR 50000237 (sz=4, trace=300078, nelems=2, elem type=char[])
OBJ 50000238 (sz=32, trace=300080, class=java.util.HashMap$Node@500000d7)
	key		50000234
	value		50000236
OBJ 50000239 (sz=24, trace=300075, class=java.lang.String@50000181)
	value		5000023a
ARR 5000023a (sz=22, trace=300076, nelems=11, elem type=char[])
OBJ 5000023b (sz=24, trace=300077, class=java.lang.String@50000181)
	value		5000023c
ARR 5000023c (sz=84, trace=300078, nelems=42, elem type=char[])
OBJ 5000023d (sz=32, trace=300080, class=java.util.HashMap$Node@500000d7)
	key		50000239
	value		5000023b
OBJ 5000023e (sz=24, trace=300075, class=java.lang.String@50000181)
	value		5000023f
ARR 5000023f (sz=18, trace=300076, nelems=9, elem type=char[])
OBJ 50000240 (sz=24, trace=300077, class=java.lang.String@50000181)
	value		50000241
ARR 50000241 (sz=4, trace=300078, nelems=2, elem type=char[])
OBJ 50000242 (sz=32, trace=300080, class=java.util.HashMap$Node@500000d7)
	key		5000023e
	value		50000240
	next		500002de
OBJ 50000243 (sz=24, trace=300075, class=java.lang.String@50000181)
	value		50000244
ARR 50000244 (sz=16, trace=300076, nelems=8, elem type=char[])
OBJ 50000245 (sz=24, trace=300077, class=java.lang.String@50000181)
	value		50000246
ARR 50000246 (sz=46, trace=300078, nelems=23, elem type=char[])
OBJ 50000247 (sz=32, trace=300080, class=java.util.HashMap$Node@500000d7)
	key		50000243
	value		50000245
OBJ 50000248 (sz=24, trace=300075, class=java.lang.String@50000181)
	value		50000249
ARR 50000249 (sz=18, trace=300076, nelems=9, elem type=char[])
OBJ 5000024a (sz=24, trace=300077, class=java.lang.String@50000181)
	value		5000024b
ARR 5000024b (sz=66, trace=300078, nelems=33, elem type=char[])
OBJ 5000024c (sz=32, trace=300080, class=java.util.HashMap$Node@500000d7)
	key		50000248
	value		5000024a
	next		5000029d
OBJ 5000024d (sz=24, trace=300075, class=java.lang.String@50000181)
	value		5000024e
ARR 5000024e (sz=24, trace=300076, nelems=12, elem type=char[])
OBJ 5000024f (sz=24, trace=300077, class=java.lang.String@50000181)
	value		50000250
ARR 50000250 (sz=78, trace=300078, nelems=39, elem type=char[])
OBJ 50000251 (sz=32, trace=300081, class=java.util.HashMap$Node@500000d7)
	key		5000024d
	value		5000024f
OBJ 50000252 (sz=24, trace=300075, class=java.lang.String@50000181)
	value		50000253
ARR 50000253 (sz=22, trace=300076, nelems=11, elem type=char[])
OBJ 50000254 (sz=24, trace=300077, class=java.lang.String@50000181)
	value		50000255
ARR 50000255 (sz=22, trace=300078, nelems=11, elem type=char[])
OBJ 50000256 (sz=32, trace=300080, class=java.util.HashMap$Node@500000d7)
	key		50000252
	value		50000254
OBJ 50000257 (sz=24, trace=300075, class=java.lang.String@50000181)
	value		50000258
ARR 50000258 (sz=20, trace=300076, nelems=10, elem type=char[])
OBJ 50000259 (sz=24, trace=300077, class=java.lang.String@50000181)
	value		5000025a
ARR 5000025a (sz=42, trace=300078, nelems=21, elem type=char[])
OBJ 5000025b (sz=32, trace=300081, class=java.util.HashMap$Node@500000d7)
	key		50000257
	value		50000259
OBJ 5000025c (sz=24, trace=300075, class=java.lang.String@50000181)
	value		5000025d
ARR 5000025d (sz=40, trace=300076, nelems=20, elem type=char[])
OBJ 5000025e (sz=24, trace=300077, class=java.lang.String@50000181)
	value		5000025f
ARR 5000025f (sz=2, trace=300078, nelems=1, elem type=char[])
OBJ 50000260 (sz=32, trace=300080, class=java.util.HashMap$Node@500000d7)
	key		5000025c
	value		5000025e
OBJ 50000261 (sz=24, trace=300075, class=java.lang.String@50000181)
	value		50000262
ARR 50000262 (sz=4, trace=300076, nelems=2, elem type=char[])
OBJ 50000263 (sz=24, trace=300077, class=java.lang.String@50000181)
	value		50000264
ARR 50000264 (sz=20, trace=300078, nelems=10, elem type=char[])
OBJ 50000265 (sz=32, trace=300080, class=java.util.HashMap$Node@500000d7)
	key		50000261
	value		50000263
OBJ 50000266 (sz=24, trace=300075, class=java.lang.String@50000181)
	value		50000267
ARR 50000267 (sz=8, trace=300076, nelems=4, elem type=char[])
OBJ 50000268 (sz=24, trace=300077, class=java.lang.String@50000181)
	value		50000269
ARR 50000269 (sz=2050, trace=300078, nelems=1025, elem type=char[])
OBJ 5000026a (sz=32, trace=300081, class=java.util.HashMap$Node@500000d7)
	key		50000266
	value		50000268
ARR 5000026b (sz=272, trace=300082, nelems=0, elem type=java.util.HashMap$Node[]@500000d5)
OBJ 5000026c (sz=24, trace=300075, class=java.lang.String@50000181)
	value		5000026d
ARR 5000026d (sz=14, trace=300076, nelems=7, elem type=char[])
OBJ 5000026e (sz=24, trace=300077, class=java.lang.String@50000181)
	value		5000026f
ARR 5000026f (sz=106, trace=300078, nelems=53, elem type=char[])
OBJ 50000270 (sz=32, trace=300080, class=java.util.HashMap$Node@500000d7)
	key		5000026c
	value		5000026e
OBJ 50000271 (sz=24, trace=300075, class=java.lang.String@50000181)
	value		50000272
ARR 50000272 (sz=44, trace=300076, nelems=22, elem type=char[])
OBJ 50000273 (sz=24, trace=300077, class=java.lang.String@50000181)
	value		50000274
ARR 50000274 (sz=10, trace=300078, nelems=5, elem type=char[])
OBJ 50000275 (sz=32, trace=300080, class=java.util.HashMap$Node@500000d7)
	key		50000271
	value		50000273
OBJ 50000276 (sz=24, trace=300075, class=java.lang.String@50000181)
	value		50000277
ARR 50000277 (sz=40, trace=300076, nelems=20, elem type=char[])
OBJ 50000278 (sz=24, trace=300077, class=java.lang.String@50000181)
	value		50000279
ARR 50000279 (sz=100, trace=300078, nelems=50, elem type=char[])
OBJ 5000027a (sz=32, trace=300081, class=java.util.HashMap$Node@500000d7)
	key		50000276
	value		50000278
OBJ 5000027b (sz=24, trace=300075, class=java.lang.String@50000181)
	value		5000027c
ARR 5000027c (sz=30, trace=300076, nelems=15, elem type=char[])
OBJ 5000027d (sz=24, trace=300077, class=java.lang.String@50000181)
	value		5000027e
ARR 5000027e (sz=2, trace=300078, nelems=1, elem type=char[])
OBJ 5000027f (sz=32, trace=300080, class=java.util.HashMap$Node@500000d7)
	key		5000027b
	value		5000027d
OBJ 50000280 (sz=24, trace=300075, class=java.lang.String@50000181)
	value		50000281
ARR 50000281 (sz=36, trace=300076, nelems=18, elem type=char[])
OBJ 50000282 (sz=24, trace=300077, class=java.lang.String@50000181)
	value		50000283
ARR 50000283 (sz=8, trace=300078, nelems=4, elem type=char[])
OBJ 50000284 (sz=32, trace=300080, class=java.util.HashMap$Node@500000d7)
	key		50000280
	value		50000282
OBJ 50000285 (sz=24, trace=300075, class=java.lang.String@50000181)
	value		50000286
ARR 50000286 (sz=22, trace=300076, nelems=11, elem type=char[])
OBJ 50000287 (sz=24, trace=300077, class=java.lang.String@50000181)
	value		50000288
ARR 50000288 (sz=28, trace=300078, nelems=14, elem type=char[])
OBJ 50000289 (sz=32, trace=300080, class=java.util.HashMap$Node@500000d7)
	key		50000285
	value		50000287
OBJ 5000028a (sz=24, trace=300075, class=java.lang.String@50000181)
	value		5000028b
ARR 5000028b (sz=24, trace=300076, nelems=12, elem type=char[])
OBJ 5000028c (sz=24, trace=300077, class=java.lang.String@50000181)
	value		5000028d
ARR 5000028d (sz=32, trace=300078, nelems=16, elem type=char[])
OBJ 5000028e (sz=32, trace=300081, class=java.util.HashMap$Node@500000d7)
	key		5000028a
	value		5000028c
	next		500002a7
OBJ 5000028f (sz=24, trace=300075, class=java.lang.String@50000181)
	value		50000290
ARR 50000290 (sz=34, trace=300076, nelems=17, elem type=char[])
OBJ 50000291 (sz=24, trace=300077, class=java.lang.String@50000181)
	value		50000292
ARR 50000292 (sz=44, trace=300078, nelems=22, elem type=char[])
OBJ 50000293 (sz=32, trace=300080, class=java.util.HashMap$Node@500000d7)
	key		5000028f
	value		50000291
OBJ 50000294 (sz=24, trace=300075, class=java.lang.String@50000181)
	value		50000295
ARR 50000295 (sz=24, trace=300076, nelems=12, elem type=char[])
OBJ 50000296 (sz=24, trace=300077, class=java.lang.String@50000181)
	value		50000297
ARR 50000297 (sz=32, trace=300078, nelems=16, elem type=char[])
OBJ 50000298 (sz=32, trace=300080, class=java.util.HashMap$Node@500000d7)
	key		50000294
	value		50000296
OBJ 50000299 (sz=24, trace=300075, class=java.lang.String@50000181)
	value		5000029a
ARR 5000029a (sz=12, trace=300076, nelems=6, elem type=char[])
OBJ 5000029b (sz=24, trace=300077, class=java.lang.String@50000181)
	value		5000029c
ARR 5000029c (sz=8, trace=300078, nelems=4, elem type=char[])
OBJ 5000029d (sz=32, trace=300081, class=java.util.HashMap$Node@500000d7)
	key		50000299
	value		5000029b
OBJ 5000029e (sz=24, trace=300075, class=java.lang.String@50000181)
	value		5000029f
ARR 5000029f (sz=24, trace=300076, nelems=12, elem type=char[])
OBJ 500002a0 (sz=24, trace=300077, class=java.lang.String@50000181)
	value		500002a1
ARR 500002a1 (sz=102, trace=300078, nelems=51, elem type=char[])
OBJ 500002a2 (sz=32, trace=300081, class=java.util.HashMap$Node@500000d7)
	key		5000029e
	value		500002a0
OBJ 500002a3 (sz=24, trace=300075, class=java.lang.String@50000181)
	value		500002a4
ARR 500002a4 (sz=12, trace=300076, nelems=6, elem type=char[])
OBJ 500002a5 (sz=24, trace=300077, class=java.lang.String@50000181)
	value		500002a6
ARR 500002a6 (sz=30, trace=300078, nelems=15, elem type=char[])
OBJ 500002a7 (sz=32, trace=300081, class=java.util.HashMap$Node@500000d7)
	key		500002a3
	value		500002a5
OBJ 500002a8 (sz=24, trace=300075, class=java.lang.String@50000181)
	value		500002a9
ARR 500002a9 (sz=26, trace=300076, nelems=13, elem type=char[])
OBJ 500002aa (sz=24, trace=300077, class=java.lang.String@50000181)
	value		500002ab
ARR 500002ab (sz=76, trace=300078, nelems=38, elem type=char[])
OBJ 500002ac (sz=32, trace=300081, class=java.util.HashMap$Node@500000d7)
	key		500002a8
	value		500002aa
OBJ 500002ad (sz=24, trace=300075, class=java.lang.String@50000181)
	value		500002ae
ARR 500002ae (sz=18, trace=300076, nelems=9, elem type=char[])
OBJ 500002af (sz=24, trace=300077, class=java.lang.String@50000181)
	value		500002b0
ARR 500002b0 (sz=18, trace=300078, nelems=9, elem type=char[])
OBJ 500002b1 (sz=32, trace=300081, class=java.util.HashMap$Node@500000d7)
	key		500002ad
	value		500002af
OBJ 500002b2 (sz=24, trace=300075, class=java.lang.String@50000181)
	value		500002b3
ARR 500002b3 (sz=22, trace=300076, nelems=11, elem type=char[])
OBJ 500002b4 (sz=24, trace=300077, class=java.lang.String@50000181)
	value		500002b5
ARR 500002b5 (sz=14, trace=300078, nelems=7, elem type=char[])
OBJ 500002b6 (sz=32, trace=300080, class=java.util.HashMap$Node@500000d7)
	key		500002b2
	value		500002b4
OBJ 500002b7 (sz=24, trace=300075, class=java.lang.String@50000181)
	value		500002b8
ARR 500002b8 (sz=22, trace=300076, nelems=11, elem type=char[])
OBJ 500002b9 (sz=24, trace=300077, class=java.lang.String@50000181)
	value		500002ba
ARR 500002ba (sz=4, trace=300078, nelems=2, elem type=char[])
OBJ 500002bb (sz=32, trace=300080, class=java.util.HashMap$Node@500000d7)
	key		500002b7
	value		500002b9
OBJ 500002bc (sz=24, trace=300075, class=java.lang.String@50000181)
	value		500002bd
ARR 500002bd (sz=20, trace=300076, nelems=10, elem type=char[])
OBJ 500002be (sz=24, trace=300077, class=java.lang.String@50000181)
	value		500002bf
ARR 500002bf (sz=20, trace=300078, nelems=10, elem type=char[])
OBJ 500002c0 (sz=32, trace=300081, class=java.util.HashMap$Node@500000d7)
	key		500002bc
	value		500002be
	next		500002c5
OBJ 500002c1 (sz=24, trace=300075, class=java.lang.String@50000181)
	value		500002c2
ARR 500002c2 (sz=8, trace=300076, nelems=4, elem type=char[])
OBJ 500002c3 (sz=24, trace=300077, class=java.lang.String@50000181)
	value		500002c4
ARR 500002c4 (sz=78, trace=300078, nelems=39, elem type=char[])
OBJ 500002c5 (sz=32, trace=300081, class=java.util.HashMap$Node@500000d7)
	key		500002c1
	value		500002c3
OBJ 500002c6 (sz=24, trace=300075, class=java.lang.String@50000181)
	value		500002c7
ARR 500002c7 (sz=6, trace=300076, nelems=3, elem type=char[])
OBJ 500002c8 (sz=24, trace=300077, class=java.lang.String@50000181)
	value		500002c9
ARR 500002c9 (sz=78, trace=300078, nelems=39, elem type=char[])
OBJ 500002ca (sz=32, trace=300080, class=java.util.HashMap$Node@500000d7)
	key		500002c6
	value		500002c8
OBJ 500002cb (sz=24, trace=300075, class=java.lang.String@50000181)
	value		500002cc
ARR 500002cc (sz=26, trace=300076, nelems=13, elem type=char[])
OBJ 500002cd (sz=24, trace=300077, class=java.lang.String@50000181)
	value		500002ce
ARR 500002ce (sz=28, trace=300078, nelems=14, elem type=char[])
OBJ 500002cf (sz=32, trace=300080, class=java.util.HashMap$Node@500000d7)
	key		500002cb
	value		500002cd
OBJ 500002d0 (sz=24, trace=300075, class=java.lang.String@50000181)
	value		500002d1
ARR 500002d1 (sz=20, trace=300076, nelems=10, elem type=char[])
OBJ 500002d2 (sz=24, trace=300077, class=java.lang.String@50000181)
	value		500002d3
ARR 500002d3 (sz=4, trace=300078, nelems=2, elem type=char[])
OBJ 500002d4 (sz=32, trace=300080, class=java.util.HashMap$Node@500000d7)
	key		500002d0
	value		500002d2
OBJ 500002d5 (sz=24, trace=300075, class=java.lang.String@50000181)
	value		500002d6
ARR 500002d6 (sz=16, trace=300076, nelems=8, elem type=char[])
OBJ 500002d7 (sz=24, trace=300077, class=java.lang.String@50000181)
	value		500002d8
ARR 500002d8 (sz=26, trace=300078, nelems=13, elem type=char[])
OBJ 500002d9 (sz=32, trace=300080, class=java.util.HashMap$Node@500000d7)
	key		500002d5
	value		500002d7
OBJ 500002da (sz=24, trace=300075, class=java.lang.String@50000181)
	value		500002db
ARR 500002db (sz=22, trace=300076, nelems=11, elem type=char[])
OBJ 500002dc (sz=24, trace=300077, class=java.lang.String@50000181)
	value		500002dd
ARR 500002dd (sz=50, trace=300078, nelems=25, elem type=char[])
OBJ 500002de (sz=32, trace=300081, class=java.util.HashMap$Node@500000d7)
	key		500002da
	value		500002dc
OBJ 500002df (sz=24, trace=300075, class=java.lang.String@50000181)
	value		500002e0
ARR 500002e0 (sz=12, trace=300076, nelems=6, elem type=char[])
OBJ 500002e1 (sz=24, trace=300077, class=java.lang.String@50000181)
	value		500002e2
ARR 500002e2 (sz=20, trace=300078, nelems=10, elem type=char[])
OBJ 500002e3 (sz=32, trace=300081, class=java.util.HashMap$Node@500000d7)
	key		500002df
	value		500002e1
ARR 500002e4 (sz=528, trace=300082, nelems=123, elem type=java.util.HashMap$Node[]@500000d5)
	[3]		5000027f
	[5]		50000238
	[9]		500002b6
	[10]		5000020a
	[12]		50000275
	[15]		500002a2
	[16]		500002bb
	[18]		50000200
	[19]		5000025b
	[20]		500002ac
	[25]		500002d9
	[27]		500002cf
	[29]		50000293
	[35]		50000270
	[48]		50000289
	[49]		50000298
	[51]		50000247
	[53]		5000027a
	[57]		5000028e
	[58]		500002e3
	[61]		500001f6
	[66]		50000251
	[70]		500002d4
	[71]		50000256
	[72]		5000024c
	[79]		5000023d
	[81]		50000233
	[84]		500001fb
	[91]		500002ee
	[96]		50000219
	[98]		500001f1
	[100]		50000265
	[101]		500002e9
	[102]		50000228
	[108]		50000284
	[109]		50000214
	[110]		5000022d
	[115]		500002c0
	[117]		50000242
	[118]		500002ca
	[121]		5000021e
	[122]		50000260
OBJ 500002e5 (sz=24, trace=300075, class=java.lang.String@50000181)
	value		500002e6
ARR 500002e6 (sz=42, trace=300076, nelems=21, elem type=char[])
OBJ 500002e7 (sz=24, trace=300077, class=java.lang.String@50000181)
	value		500002e8
ARR 500002e8 (sz=2, trace=300078, nelems=1, elem type=char[])
OBJ 500002e9 (sz=32, trace=300080, class=java.util.HashMap$Node@500000d7)
	key		500002e5
	value		500002e7
OBJ 500002ea (sz=24, trace=300075, class=java.lang.String@50000181)
	value		500002eb
ARR 500002eb (sz=46, trace=300076, nelems=23, elem type=char[])
OBJ 500002ec (sz=24, trace=300077, class=java.lang.String@50000181)
	value		500002ed
ARR 500002ed (sz=90, trace=300078, nelems=45, elem type=char[])
OBJ 500002ee (sz=32, trace=300080, class=java.util.HashMap$Node@500000d7)
	key		500002ea
	value		500002ec
OBJ 500002ef (sz=48, trace=300083, class=java.util.TreeMap@500000a8)
	comparator	500001e6
	root		500002fb
OBJ 500002f2 (sz=16, trace=300086, class=java.util.HashMap$EntrySet@500002f1)
	this$0		500001e9
OBJ 500002f3 (sz=16, trace=300087, class=java.lang.ProcessEnvironment$CheckedEntrySet@500002f0)
OBJ 500002f5 (sz=24, trace=300089, class=java.lang.ProcessEnvironment$CheckedEntrySet$1@500002f4)
OBJ 500002f8 (sz=40, trace=300091, class=java.util.HashMap$EntryIterator@500002f7)
OBJ 500002fa (sz=16, trace=300093, class=java.lang.ProcessEnvironment$CheckedEntry@500002f9)
OBJ 500002fb (sz=40, trace=300094, class=java.util.TreeMap$Entry@500000a6)
	key		5000027b
	value		5000027d
	left		500002fd
	right		50000305
OBJ 500002fc (sz=16, trace=300093, class=java.lang.ProcessEnvironment$CheckedEntry@500002f9)
OBJ 500002fd (sz=40, trace=300095, class=java.util.TreeMap$Entry@500000a6)
	key		50000234
	value		50000236
	left		5000030b
	right		5000030d
	parent		500002fb
OBJ 500002fe (sz=16, trace=300093, class=java.lang.ProcessEnvironment$CheckedEntry@500002f9)
OBJ 500002ff (sz=40, trace=300095, class=java.util.TreeMap$Entry@500000a6)
	key		500002b2
	value		500002b4
	left		5000030f
	right		50000353
	parent		50000313
OBJ 50000300 (sz=16, trace=300093, class=java.lang.ProcessEnvironment$CheckedEntry@500002f9)
OBJ 50000301 (sz=40, trace=300095, class=java.util.TreeMap$Entry@500000a6)
	key		50000206
	value		50000208
	parent		50000339
OBJ 50000302 (sz=16, trace=300093, class=java.lang.ProcessEnvironment$CheckedEntry@500002f9)
OBJ 50000303 (sz=40, trace=300095, class=java.util.TreeMap$Entry@500000a6)
	key		50000271
	value		50000273
	right		5000031f
	parent		50000317
OBJ 50000304 (sz=16, trace=300093, class=java.lang.ProcessEnvironment$CheckedEntry@500002f9)
OBJ 50000305 (sz=40, trace=300095, class=java.util.TreeMap$Entry@500000a6)
	key		5000029e
	value		500002a0
	left		50000315
	right		50000313
	parent		500002fb
OBJ 50000306 (sz=16, trace=300093, class=java.lang.ProcessEnvironment$CheckedEntry@500002f9)
OBJ 50000307 (sz=40, trace=300095, class=java.util.TreeMap$Entry@500000a6)
	key		500002b7
	value		500002b9
	parent		50000353
OBJ 50000308 (sz=16, trace=300093, class=java.lang.ProcessEnvironment$CheckedEntry@500002f9)
OBJ 50000309 (sz=40, trace=300095, class=java.util.TreeMap$Entry@500000a6)
	key		500001fc
	value		500001fe
	parent		50000337
OBJ 5000030a (sz=16, trace=300093, class=java.lang.ProcessEnvironment$CheckedEntry@500002f9)
OBJ 5000030b (sz=40, trace=300095, class=java.util.TreeMap$Entry@500000a6)
	key		50000201
	value		50000203
	left		50000337
	right		5000033d
	parent		500002fd
OBJ 5000030c (sz=16, trace=300093, class=java.lang.ProcessEnvironment$CheckedEntry@500002f9)
OBJ 5000030d (sz=40, trace=300095, class=java.util.TreeMap$Entry@500000a6)
	key		50000257
	value		50000259
	left		50000329
	right		50000317
	parent		500002fd
OBJ 5000030e (sz=16, trace=300093, class=java.lang.ProcessEnvironment$CheckedEntry@500002f9)
OBJ 5000030f (sz=40, trace=300095, class=java.util.TreeMap$Entry@500000a6)
	key		500002a8
	value		500002aa
	left		50000323
	right		50000343
	parent		500002ff
OBJ 50000310 (sz=16, trace=300093, class=java.lang.ProcessEnvironment$CheckedEntry@500002f9)
OBJ 50000311 (sz=40, trace=300095, class=java.util.TreeMap$Entry@500000a6)
	key		500002d5
	value		500002d7
	left		5000032b
	right		50000347
	parent		50000313
OBJ 50000312 (sz=16, trace=300093, class=java.lang.ProcessEnvironment$CheckedEntry@500002f9)
OBJ 50000313 (sz=40, trace=300095, class=java.util.TreeMap$Entry@500000a6)
	key		500002cb
	value		500002cd
	left		500002ff
	right		50000311
	parent		50000305
OBJ 50000314 (sz=16, trace=300093, class=java.lang.ProcessEnvironment$CheckedEntry@500002f9)
OBJ 50000315 (sz=40, trace=300095, class=java.util.TreeMap$Entry@500000a6)
	key		5000028f
	value		50000291
	left		50000319
	right		5000031b
	parent		50000305
OBJ 50000316 (sz=16, trace=300093, class=java.lang.ProcessEnvironment$CheckedEntry@500002f9)
OBJ 50000317 (sz=40, trace=300095, class=java.util.TreeMap$Entry@500000a6)
	key		5000026c
	value		5000026e
	left		50000345
	right		50000303
	parent		5000030d
OBJ 50000318 (sz=16, trace=300093, class=java.lang.ProcessEnvironment$CheckedEntry@500002f9)
OBJ 50000319 (sz=40, trace=300095, class=java.util.TreeMap$Entry@500000a6)
	key		50000285
	value		50000287
	left		5000034b
	right		50000321
	parent		50000315
OBJ 5000031a (sz=16, trace=300093, class=java.lang.ProcessEnvironment$CheckedEntry@500002f9)
OBJ 5000031b (sz=40, trace=300095, class=java.util.TreeMap$Entry@500000a6)
	key		50000294
	value		50000296
	right		50000331
	parent		50000315
OBJ 5000031c (sz=16, trace=300093, class=java.lang.ProcessEnvironment$CheckedEntry@500002f9)
OBJ 5000031d (sz=40, trace=300095, class=java.util.TreeMap$Entry@500000a6)
	key		50000243
	value		50000245
	left		50000333
	right		5000032f
	parent		50000329
OBJ 5000031e (sz=16, trace=300093, class=java.lang.ProcessEnvironment$CheckedEntry@500002f9)
OBJ 5000031f (sz=40, trace=300095, class=java.util.TreeMap$Entry@500000a6)
	key		50000276
	value		50000278
	parent		50000303
OBJ 50000320 (sz=16, trace=300093, class=java.lang.ProcessEnvironment$CheckedEntry@500002f9)
OBJ 50000321 (sz=40, trace=300095, class=java.util.TreeMap$Entry@500000a6)
	key		5000028a
	value		5000028c
	parent		50000319
OBJ 50000322 (sz=16, trace=300093, class=java.lang.ProcessEnvironment$CheckedEntry@500002f9)
OBJ 50000323 (sz=40, trace=300095, class=java.util.TreeMap$Entry@500000a6)
	key		500002a3
	value		500002a5
	parent		5000030f
OBJ 50000324 (sz=16, trace=300093, class=java.lang.ProcessEnvironment$CheckedEntry@500002f9)
OBJ 50000325 (sz=40, trace=300095, class=java.util.TreeMap$Entry@500000a6)
	key		500002df
	value		500002e1
	left		50000359
	parent		50000347
OBJ 50000326 (sz=16, trace=300093, class=java.lang.ProcessEnvironment$CheckedEntry@500002f9)
OBJ 50000327 (sz=40, trace=300095, class=java.util.TreeMap$Entry@500000a6)
	key		500001f2
	value		500001f4
	left		50000341
	parent		50000337
OBJ 50000328 (sz=16, trace=300093, class=java.lang.ProcessEnvironment$CheckedEntry@500002f9)
OBJ 50000329 (sz=40, trace=300095, class=java.util.TreeMap$Entry@500000a6)
	key		5000024d
	value		5000024f
	left		5000031d
	right		5000032d
	parent		5000030d
OBJ 5000032a (sz=16, trace=300093, class=java.lang.ProcessEnvironment$CheckedEntry@500002f9)
OBJ 5000032b (sz=40, trace=300095, class=java.util.TreeMap$Entry@500000a6)
	key		500002d0
	value		500002d2
	parent		50000311
OBJ 5000032c (sz=16, trace=300093, class=java.lang.ProcessEnvironment$CheckedEntry@500002f9)
OBJ 5000032d (sz=40, trace=300095, class=java.util.TreeMap$Entry@500000a6)
	key		50000252
	value		50000254
	parent		50000329
OBJ 5000032e (sz=16, trace=300093, class=java.lang.ProcessEnvironment$CheckedEntry@500002f9)
OBJ 5000032f (sz=40, trace=300095, class=java.util.TreeMap$Entry@500000a6)
	key		50000248
	value		5000024a
	parent		5000031d
OBJ 50000330 (sz=16, trace=300093, class=java.lang.ProcessEnvironment$CheckedEntry@500002f9)
OBJ 50000331 (sz=40, trace=300095, class=java.util.TreeMap$Entry@500000a6)
	key		50000299
	value		5000029b
	parent		5000031b
OBJ 50000332 (sz=16, trace=300093, class=java.lang.ProcessEnvironment$CheckedEntry@500002f9)
OBJ 50000333 (sz=40, trace=300095, class=java.util.TreeMap$Entry@500000a6)
	key		50000239
	value		5000023b
	right		50000357
	parent		5000031d
OBJ 50000334 (sz=16, trace=300093, class=java.lang.ProcessEnvironment$CheckedEntry@500002f9)
OBJ 50000335 (sz=40, trace=300095, class=java.util.TreeMap$Entry@500000a6)
	key		5000022f
	value		50000231
	left		50000351
	parent		50000349
OBJ 50000336 (sz=16, trace=300093, class=java.lang.ProcessEnvironment$CheckedEntry@500002f9)
OBJ 50000337 (sz=40, trace=300095, class=java.util.TreeMap$Entry@500000a6)
	key		500001f7
	value		500001f9
	left		50000327
	right		50000309
	parent		5000030b
OBJ 50000338 (sz=16, trace=300093, class=java.lang.ProcessEnvironment$CheckedEntry@500002f9)
OBJ 50000339 (sz=40, trace=300095, class=java.util.TreeMap$Entry@500000a6)
	key		5000020b
	value		5000020d
	left		50000301
	right		5000034d
	parent		5000033d
OBJ 5000033a (sz=16, trace=300093, class=java.lang.ProcessEnvironment$CheckedEntry@500002f9)
OBJ 5000033b (sz=40, trace=300095, class=java.util.TreeMap$Entry@500000a6)
	key		500002ea
	value		500002ec
	parent		50000347
OBJ 5000033c (sz=16, trace=300093, class=java.lang.ProcessEnvironment$CheckedEntry@500002f9)
OBJ 5000033d (sz=40, trace=300095, class=java.util.TreeMap$Entry@500000a6)
	key		50000215
	value		50000217
	left		50000339
	right		50000349
	parent		5000030b
OBJ 5000033e (sz=16, trace=300093, class=java.lang.ProcessEnvironment$CheckedEntry@500002f9)
OBJ 5000033f (sz=40, trace=300095, class=java.util.TreeMap$Entry@500000a6)
	key		50000266
	value		50000268
	parent		50000345
OBJ 50000340 (sz=16, trace=300093, class=java.lang.ProcessEnvironment$CheckedEntry@500002f9)
OBJ 50000341 (sz=40, trace=300095, class=java.util.TreeMap$Entry@500000a6)
	key		500001ec
	value		500001ee
	parent		50000327
OBJ 50000342 (sz=16, trace=300093, class=java.lang.ProcessEnvironment$CheckedEntry@500002f9)
OBJ 50000343 (sz=40, trace=300095, class=java.util.TreeMap$Entry@500000a6)
	key		500002ad
	value		500002af
	parent		5000030f
OBJ 50000344 (sz=16, trace=300093, class=java.lang.ProcessEnvironment$CheckedEntry@500002f9)
OBJ 50000345 (sz=40, trace=300095, class=java.util.TreeMap$Entry@500000a6)
	key		50000261
	value		50000263
	left		5000035f
	right		5000033f
	parent		50000317
OBJ 50000346 (sz=16, trace=300093, class=java.lang.ProcessEnvironment$CheckedEntry@500002f9)
OBJ 50000347 (sz=40, trace=300095, class=java.util.TreeMap$Entry@500000a6)
	key		500002e5
	value		500002e7
	left		50000325
	right		5000033b
	parent		50000311
OBJ 50000348 (sz=16, trace=300093, class=java.lang.ProcessEnvironment$CheckedEntry@500002f9)
OBJ 50000349 (sz=40, trace=300095, class=java.util.TreeMap$Entry@500000a6)
	key		50000224
	value		50000226
	left		5000034f
	right		50000335
	parent		5000033d
OBJ 5000034a (sz=16, trace=300093, class=java.lang.ProcessEnvironment$CheckedEntry@500002f9)
OBJ 5000034b (sz=40, trace=300095, class=java.util.TreeMap$Entry@500000a6)
	key		50000280
	value		50000282
	parent		50000319
OBJ 5000034c (sz=16, trace=300093, class=java.lang.ProcessEnvironment$CheckedEntry@500002f9)
OBJ 5000034d (sz=40, trace=300095, class=java.util.TreeMap$Entry@500000a6)
	key		50000210
	value		50000212
	parent		50000339
OBJ 5000034e (sz=16, trace=300093, class=java.lang.ProcessEnvironment$CheckedEntry@500002f9)
OBJ 5000034f (sz=40, trace=300095, class=java.util.TreeMap$Entry@500000a6)
	key		5000021f
	value		50000221
	left		5000035d
	parent		50000349
OBJ 50000350 (sz=16, trace=300093, class=java.lang.ProcessEnvironment$CheckedEntry@500002f9)
OBJ 50000351 (sz=40, trace=300095, class=java.util.TreeMap$Entry@500000a6)
	key		50000229
	value		5000022b
	parent		50000335
OBJ 50000352 (sz=16, trace=300093, class=java.lang.ProcessEnvironment$CheckedEntry@500002f9)
OBJ 50000353 (sz=40, trace=300095, class=java.util.TreeMap$Entry@500000a6)
	key		500002bc
	value		500002be
	left		50000307
	right		50000355
	parent		500002ff
OBJ 50000354 (sz=16, trace=300093, class=java.lang.ProcessEnvironment$CheckedEntry@500002f9)
OBJ 50000355 (sz=40, trace=300095, class=java.util.TreeMap$Entry@500000a6)
	key		500002c1
	value		500002c3
	right		5000035b
	parent		50000353
OBJ 50000356 (sz=16, trace=300093, class=java.lang.ProcessEnvironment$CheckedEntry@500002f9)
OBJ 50000357 (sz=40, trace=300095, class=java.util.TreeMap$Entry@500000a6)
	key		5000023e
	value		50000240
	parent		50000333
OBJ 50000358 (sz=16, trace=300093, class=java.lang.ProcessEnvironment$CheckedEntry@500002f9)
OBJ 50000359 (sz=40, trace=300095, class=java.util.TreeMap$Entry@500000a6)
	key		500002da
	value		500002dc
	parent		50000325
OBJ 5000035a (sz=16, trace=300093, class=java.lang.ProcessEnvironment$CheckedEntry@500002f9)
OBJ 5000035b (sz=40, trace=300095, class=java.util.TreeMap$Entry@500000a6)
	key		500002c6
	value		500002c8
	parent		50000355
OBJ 5000035c (sz=16, trace=300093, class=java.lang.ProcessEnvironment$CheckedEntry@500002f9)
OBJ 5000035d (sz=40, trace=300095, class=java.util.TreeMap$Entry@500000a6)
	key		5000021a
	value		5000021c
	parent		5000034f
OBJ 5000035e (sz=16, trace=300093, class=java.lang.ProcessEnvironment$CheckedEntry@500002f9)
OBJ 5000035f (sz=40, trace=300095, class=java.util.TreeMap$Entry@500000a6)
	key		5000025c
	value		5000025e
	parent		50000345
OBJ 50000360 (sz=24, trace=300096, class=java.lang.StringBuilder@50000135)
ARR 50000361 (sz=48, trace=300097, nelems=0, elem type=char[])
ARR 50000362 (sz=88, trace=300010, nelems=0, elem type=char[])
ARR 50000363 (sz=160, trace=300010, nelems=0, elem type=char[])
OBJ 50000364 (sz=24, trace=300098, class=java.lang.String@50000181)
ARR 50000365 (sz=120, trace=300099, nelems=0, elem type=char[])
OBJ 50000366 (sz=24, trace=300100, class=java.lang.StringBuilder@50000135)
ARR 50000367 (sz=48, trace=300101, nelems=0, elem type=char[])
ARR 50000368 (sz=88, trace=300010, nelems=0, elem type=char[])
ARR 50000369 (sz=160, trace=300010, nelems=0, elem type=char[])
ARR 5000036a (sz=304, trace=300010, nelems=0, elem type=char[])
OBJ 5000036b (sz=24, trace=300102, class=java.lang.String@50000181)
ARR 5000036c (sz=168, trace=300103, nelems=0, elem type=char[])
OBJ 5000036e (sz=16, trace=300105, class=sun.usagetracker.UsageTrackerClient$3@5000036d)
OBJ 5000036f (sz=32, trace=300106, class=java.io.File@5000012f)
OBJ 50000370 (sz=16, trace=300105, class=sun.usagetracker.UsageTrackerClient$3@5000036d)
OBJ 50000371 (sz=32, trace=300106, class=java.io.File@5000012f)
OBJ 50000372 (sz=32, trace=300107, class=java.io.File@5000012f)
OBJ 50000373 (sz=24, trace=300108, class=java.lang.String@50000181)
ARR 50000374 (sz=64, trace=300109, nelems=0, elem type=char[])
OBJ 50000375 (sz=24, trace=300110, class=java.io.ExpiringCache$Entry@50000055)
	val		50000f28
OBJ 50000376 (sz=40, trace=300111, class=java.util.LinkedHashMap$Entry@50000054)
	key		50000f26
	value		50000375
	before		50000f25
	after		500005db
OBJ 50000377 (sz=24, trace=300112, class=java.lang.String@50000181)
ARR 50000378 (sz=64, trace=300109, nelems=0, elem type=char[])
OBJ 50000379 (sz=32, trace=300113, class=java.io.File@5000012f)
OBJ 5000037a (sz=24, trace=300114, class=sun.usagetracker.UsageTrackerClient$1@500001cb)
ARR 5000037b (sz=40, trace=300115, nelems=0, elem type=char[])
OBJ 5000037c (sz=24, trace=300116, class=java.lang.String@50000181)
ARR 5000037d (sz=40, trace=300060, nelems=0, elem type=char[])
OBJ 5000037e (sz=16, trace=300117, class=sun.usagetracker.UsageTrackerClient$2@500001e2)
OBJ 5000037f (sz=24, trace=300118, class=java.lang.StringBuilder@50000135)
ARR 50000380 (sz=48, trace=300119, nelems=0, elem type=char[])
ARR 50000381 (sz=88, trace=300010, nelems=0, elem type=char[])
ARR 50000382 (sz=160, trace=300010, nelems=0, elem type=char[])
OBJ 50000383 (sz=24, trace=300120, class=java.lang.String@50000181)
ARR 50000384 (sz=104, trace=300121, nelems=0, elem type=char[])
OBJ 50000385 (sz=24, trace=300122, class=java.lang.StringBuilder@50000135)
ARR 50000386 (sz=48, trace=300123, nelems=0, elem type=char[])
ARR 50000387 (sz=48, trace=300124, nelems=0, elem type=char[])
OBJ 50000388 (sz=24, trace=300125, class=java.lang.String@50000181)
ARR 50000389 (sz=88, trace=300010, nelems=0, elem type=char[])
OBJ 5000038a (sz=24, trace=300126, class=java.lang.String@50000181)
ARR 5000038b (sz=72, trace=300127, nelems=0, elem type=char[])
OBJ 5000038c (sz=32, trace=300128, class=java.io.File@5000012f)
ARR 5000038d (sz=160, trace=300129, nelems=0, elem type=char[])
OBJ 5000038e (sz=24, trace=300130, class=java.lang.String@50000181)
	value		5000038f
ARR 5000038f (sz=142, trace=300131, nelems=71, elem type=char[])
OBJ 50000390 (sz=32, trace=300132, class=java.io.FileOutputStream@50000085)
	fd		50000393
	path		5000038e
	closeLock	50000392
OBJ 50000391 (sz=40, trace=300133, class=java.lang.ref.Finalizer@50000160)
	referent	50000390
	queue		50000dcc
	next		50002649
	prev		5000069b
OBJ 50000392 (sz=16, trace=300134, class=java.lang.Object@50000185)
OBJ 50000393 (sz=40, trace=300135, class=java.io.FileDescriptor@5000008a)
	parent		50000390
OBJ 50000394 (sz=24, trace=300136, class=java.lang.StringBuilder@50000135)
ARR 50000395 (sz=48, trace=300137, nelems=0, elem type=char[])
ARR 50000396 (sz=88, trace=300010, nelems=0, elem type=char[])
ARR 50000397 (sz=160, trace=300010, nelems=0, elem type=char[])
OBJ 50000398 (sz=24, trace=300138, class=java.lang.String@50000181)
ARR 50000399 (sz=120, trace=300139, nelems=0, elem type=char[])
ARR 5000039a (sz=32, trace=300140, nelems=0, elem type=char[])
OBJ 5000039b (sz=24, trace=300141, class=java.lang.String@50000181)
ARR 5000039c (sz=32, trace=300142, nelems=0, elem type=char[])
OBJ 5000039d (sz=24, trace=300143, class=java.lang.StringBuilder@50000135)
ARR 5000039e (sz=48, trace=300144, nelems=0, elem type=char[])
OBJ 5000039f (sz=24, trace=300145, class=java.lang.String@50000181)
ARR 500003a0 (sz=48, trace=300146, nelems=0, elem type=char[])
ARR 500003a3 (sz=16, trace=300148, nelems=0, elem type=java.lang.Class[]@50000117)
OBJ 500003a4 (sz=56, trace=300149, class=java.lang.Class$ReflectionData@500000c4)
OBJ 500003a5 (sz=40, trace=300040, class=java.lang.ref.SoftReference@50000165)
OBJ 500003a6 (sz=80, trace=300150, class=java.lang.reflect.Constructor@50000151)
OBJ 500003a7 (sz=24, trace=300151, class=java.lang.Class$1@500000ae)
OBJ 500003a8 (sz=24, trace=300152, class=sun.reflect.NativeConstructorAccessorImpl@500000ac)
OBJ 500003a9 (sz=16, trace=300153, class=sun.reflect.DelegatingConstructorAccessorImpl@500000ab)
OBJ 500003aa (sz=24, trace=300154, class=sun.nio.cs.UTF_8@500003a2)
	name		50001261
	aliases		5000136b
ARR 500003ab (sz=24, trace=300155, nelems=0, elem type=java.lang.Object[]@5000011c)
OBJ 500003ac (sz=32, trace=300156, class=java.lang.StringCoding$StringEncoder@50000059)
ARR 500003ae (sz=24, trace=300158, nelems=0, elem type=byte[])
OBJ 500003af (sz=56, trace=300159, class=sun.nio.cs.UTF_8$Encoder@500003ad)
ARR 500003b0 (sz=24, trace=300160, nelems=0, elem type=byte[])
OBJ 500003b1 (sz=40, trace=300161, class=java.lang.ref.SoftReference@50000165)
ARR 500003b2 (sz=176, trace=300162, nelems=0, elem type=byte[])
ARR 500003b3 (sz=72, trace=300163, nelems=0, elem type=byte[])
OBJ 500003b5 (sz=16, trace=300165, class=java.io.FileOutputStream$1@500003b4)
OBJ 500003b6 (sz=376, trace=300000, class=java.lang.Thread@5000015e)
OBJ 500003b8 (sz=24, trace=300166, class=sun.launcher.LauncherHelper@500003b7)
	name		500026da
ARR 500003ba (sz=24, trace=300167, nelems=1, elem type=sun.launcher.LauncherHelper[]@500003b9)
	[0]		500003b8
OBJ 500003bb (sz=24, trace=300168, class=java.lang.StringBuilder@50000135)
	value		500003bc
ARR 500003bc (sz=32, trace=300169, nelems=16, elem type=char[])
OBJ 500003bd (sz=24, trace=300170, class=java.lang.String@50000181)
	value		500003be
ARR 500003be (sz=30, trace=300171, nelems=15, elem type=char[])
OBJ 500003bf (sz=16, trace=300172, class=java.lang.Object@50000185)
ARR 500003c0 (sz=80, trace=300173, nelems=15, elem type=java.util.concurrent.ConcurrentHashMap$Node[]@50000022)
	[0]		50000bff
	[6]		500003c1
	[14]		50000c17
OBJ 500003c1 (sz=32, trace=300174, class=java.util.concurrent.ConcurrentHashMap$Node@50000023)
	key		500003bd
	val		500003bf
	next		50000c7e
OBJ 500003c2 (sz=16, trace=300175, class=java.lang.Object@50000185)
ARR 500003c3 (sz=80, trace=300173, nelems=15, elem type=java.util.concurrent.ConcurrentHashMap$Node[]@50000022)
	[0]		50000c01
	[6]		500003c4
	[14]		50000c19
OBJ 500003c4 (sz=32, trace=300174, class=java.util.concurrent.ConcurrentHashMap$Node@50000023)
	key		500003bd
	val		500003c2
	next		50000c80
OBJ 500003c6 (sz=24, trace=300177, class=java.net.URLClassLoader$1@500003c5)
ARR 500003c7 (sz=48, trace=300178, nelems=0, elem type=char[])
OBJ 500003c8 (sz=24, trace=300179, class=java.lang.String@50000181)
ARR 500003c9 (sz=64, trace=300180, nelems=0, elem type=char[])
OBJ 500003ca (sz=24, trace=300181, class=java.lang.String@50000181)
OBJ 500003cc (sz=24, trace=300183, class=java.lang.StringBuilder@50000135)
ARR 500003cd (sz=48, trace=300184, nelems=0, elem type=char[])
ARR 500003ce (sz=168, trace=300010, nelems=0, elem type=char[])
OBJ 500003cf (sz=24, trace=300185, class=java.lang.String@50000181)
	value		500003d0
ARR 500003d0 (sz=146, trace=300186, nelems=73, elem type=char[])
OBJ 500003d2 (sz=24, trace=300188, class=sun.misc.URLClassPath$3@500003d1)
OBJ 500003d9 (sz=16, trace=300192, class=java.util.zip.ZipFile$1@500003d8)
OBJ 500003da (sz=24, trace=300193, class=java.lang.StringBuilder@50000135)
ARR 500003db (sz=48, trace=300194, nelems=0, elem type=char[])
OBJ 500003dc (sz=24, trace=300195, class=java.lang.StringBuffer@50000136)
ARR 500003dd (sz=160, trace=300196, nelems=0, elem type=char[])
ARR 500003de (sz=160, trace=300197, nelems=0, elem type=char[])
OBJ 500003df (sz=24, trace=300198, class=java.lang.String@50000181)
ARR 500003e0 (sz=160, trace=300010, nelems=0, elem type=char[])
ARR 500003e1 (sz=304, trace=300010, nelems=0, elem type=char[])
OBJ 500003e2 (sz=24, trace=300199, class=java.lang.String@50000181)
	value		500003e3
ARR 500003e3 (sz=146, trace=300200, nelems=73, elem type=char[])
OBJ 500003e4 (sz=64, trace=300201, class=java.net.URL@5000012d)
	protocol	50002244
	host		50000ed3
	file		500003e2
	authority	50000ed3
	path		500003e2
	handler		5000237e
OBJ 500003e5 (sz=24, trace=300202, class=java.net.Parts@50000010)
OBJ 500003e6 (sz=48, trace=300203, class=sun.misc.URLClassPath$JarLoader@500003d4)
	base		500003e4
	csu		50002384
	metaIndex	5000230b
	handler		5000237e
	lmap		5000237f
OBJ 500003e7 (sz=24, trace=300204, class=java.lang.StringBuilder@50000135)
ARR 500003e8 (sz=152, trace=300205, nelems=0, elem type=char[])
ARR 500003e9 (sz=88, trace=300206, nelems=0, elem type=byte[])
OBJ 500003ea (sz=48, trace=300207, class=java.nio.HeapByteBuffer@50000072)
ARR 500003eb (sz=152, trace=300208, nelems=0, elem type=char[])
OBJ 500003ec (sz=48, trace=300209, class=java.nio.HeapCharBuffer@5000006a)
OBJ 500003f0 (sz=24, trace=300212, class=sun.nio.cs.ThreadLocalCoders$1@500003ef)
	cache		500003f1
OBJ 500003f1 (sz=16, trace=300213, class=java.lang.ThreadLocal@500000c7)
OBJ 500003f3 (sz=24, trace=300215, class=sun.nio.cs.ThreadLocalCoders$2@500003f2)
	cache		500003f4
OBJ 500003f4 (sz=16, trace=300216, class=java.lang.ThreadLocal@500000c7)
OBJ 500003f5 (sz=32, trace=300217, class=java.lang.ThreadLocal$ThreadLocalMap$Entry@5000009f)
	referent	500003f1
	queue		5000168f
	value		500003f6
ARR 500003f6 (sz=32, trace=300218, nelems=1, elem type=java.lang.Object[]@5000011c)
	[0]		500003f8
OBJ 500003f8 (sz=40, trace=300220, class=sun.nio.cs.UTF_8$Decoder@500003f7)
	charset		500003aa
	replacement	50001689
	malformedInputAction	50001676
	unmappableCharacterAction	50001676
OBJ 500003f9 (sz=24, trace=300221, class=java.lang.String@50000181)
ARR 500003fa (sz=24, trace=300222, nelems=0, elem type=char[])
OBJ 500003fb (sz=24, trace=300223, class=java.lang.String@50000181)
ARR 500003fc (sz=24, trace=300224, nelems=0, elem type=char[])
OBJ 500003fd (sz=24, trace=300225, class=java.lang.String@50000181)
ARR 500003fe (sz=144, trace=300226, nelems=0, elem type=char[])
OBJ 500003ff (sz=32, trace=300227, class=java.io.File@5000012f)
OBJ 50000400 (sz=24, trace=300228, class=java.lang.StringBuffer@50000136)
ARR 50000401 (sz=144, trace=300229, nelems=0, elem type=char[])
ARR 50000402 (sz=144, trace=300230, nelems=0, elem type=char[])
OBJ 50000403 (sz=24, trace=300231, class=java.lang.String@50000181)
ARR 50000404 (sz=144, trace=300232, nelems=0, elem type=char[])
OBJ 50000405 (sz=24, trace=300233, class=java.lang.String@50000181)
ARR 50000406 (sz=144, trace=300234, nelems=0, elem type=char[])
ARR 50000407 (sz=56, trace=300235, nelems=0, elem type=java.lang.Object[]@5000011c)
ARR 50000408 (sz=80, trace=300236, nelems=11, elem type=java.util.HashMap$Node[]@500000d5)
	[0]		50000521
	[2]		50000409
	[3]		500004a9
	[5]		50000459
	[9]		50000549
	[10]		50000431
OBJ 50000409 (sz=32, trace=300080, class=java.util.HashMap$Node@500000d7)
	key		500003cf
	value		500003e6
OBJ 5000040a (sz=24, trace=300183, class=java.lang.StringBuilder@50000135)
ARR 5000040b (sz=48, trace=300184, nelems=0, elem type=char[])
ARR 5000040c (sz=152, trace=300010, nelems=0, elem type=char[])
OBJ 5000040d (sz=24, trace=300185, class=java.lang.String@50000181)
	value		5000040e
ARR 5000040e (sz=130, trace=300186, nelems=65, elem type=char[])
OBJ 5000040f (sz=24, trace=300188, class=sun.misc.URLClassPath$3@500003d1)
OBJ 50000410 (sz=24, trace=300193, class=java.lang.StringBuilder@50000135)
ARR 50000411 (sz=48, trace=300194, nelems=0, elem type=char[])
OBJ 50000412 (sz=24, trace=300195, class=java.lang.StringBuffer@50000136)
ARR 50000413 (sz=144, trace=300196, nelems=0, elem type=char[])
ARR 50000414 (sz=144, trace=300197, nelems=0, elem type=char[])
OBJ 50000415 (sz=24, trace=300198, class=java.lang.String@50000181)
ARR 50000416 (sz=144, trace=300010, nelems=0, elem type=char[])
ARR 50000417 (sz=272, trace=300010, nelems=0, elem type=char[])
OBJ 50000418 (sz=24, trace=300199, class=java.lang.String@50000181)
	value		50000419
ARR 50000419 (sz=130, trace=300200, nelems=65, elem type=char[])
OBJ 5000041a (sz=64, trace=300201, class=java.net.URL@5000012d)
	protocol	50002244
	host		50000ed3
	file		50000418
	authority	50000ed3
	path		50000418
	handler		5000237e
OBJ 5000041b (sz=24, trace=300202, class=java.net.Parts@50000010)
OBJ 5000041c (sz=48, trace=300203, class=sun.misc.URLClassPath$JarLoader@500003d4)
	base		5000041a
	csu		50002385
	metaIndex	500022e8
	handler		5000237e
	lmap		5000237f
OBJ 5000041d (sz=24, trace=300204, class=java.lang.StringBuilder@50000135)
ARR 5000041e (sz=136, trace=300205, nelems=0, elem type=char[])
ARR 5000041f (sz=80, trace=300206, nelems=0, elem type=byte[])
OBJ 50000420 (sz=48, trace=300207, class=java.nio.HeapByteBuffer@50000072)
ARR 50000421 (sz=136, trace=300208, nelems=0, elem type=char[])
OBJ 50000422 (sz=48, trace=300209, class=java.nio.HeapCharBuffer@5000006a)
OBJ 50000423 (sz=24, trace=300221, class=java.lang.String@50000181)
ARR 50000424 (sz=24, trace=300222, nelems=0, elem type=char[])
OBJ 50000425 (sz=24, trace=300223, class=java.lang.String@50000181)
ARR 50000426 (sz=24, trace=300224, nelems=0, elem type=char[])
OBJ 50000427 (sz=24, trace=300225, class=java.lang.String@50000181)
ARR 50000428 (sz=128, trace=300226, nelems=0, elem type=char[])
OBJ 50000429 (sz=32, trace=300227, class=java.io.File@5000012f)
OBJ 5000042a (sz=24, trace=300228, class=java.lang.StringBuffer@50000136)
ARR 5000042b (sz=128, trace=300229, nelems=0, elem type=char[])
ARR 5000042c (sz=128, trace=300230, nelems=0, elem type=char[])
OBJ 5000042d (sz=24, trace=300231, class=java.lang.String@50000181)
ARR 5000042e (sz=128, trace=300232, nelems=0, elem type=char[])
OBJ 5000042f (sz=24, trace=300233, class=java.lang.String@50000181)
ARR 50000430 (sz=128, trace=300234, nelems=0, elem type=char[])
OBJ 50000431 (sz=32, trace=300080, class=java.util.HashMap$Node@500000d7)
	key		5000040d
	value		5000041c
	next		50000481
OBJ 50000432 (sz=24, trace=300183, class=java.lang.StringBuilder@50000135)
ARR 50000433 (sz=48, trace=300184, nelems=0, elem type=char[])
ARR 50000434 (sz=144, trace=300010, nelems=0, elem type=char[])
OBJ 50000435 (sz=24, trace=300185, class=java.lang.String@50000181)
	value		50000436
ARR 50000436 (sz=124, trace=300186, nelems=62, elem type=char[])
OBJ 50000437 (sz=24, trace=300188, class=sun.misc.URLClassPath$3@500003d1)
OBJ 50000438 (sz=24, trace=300193, class=java.lang.StringBuilder@50000135)
ARR 50000439 (sz=48, trace=300194, nelems=0, elem type=char[])
OBJ 5000043a (sz=24, trace=300195, class=java.lang.StringBuffer@50000136)
ARR 5000043b (sz=136, trace=300196, nelems=0, elem type=char[])
ARR 5000043c (sz=136, trace=300197, nelems=0, elem type=char[])
OBJ 5000043d (sz=24, trace=300198, class=java.lang.String@50000181)
ARR 5000043e (sz=136, trace=300010, nelems=0, elem type=char[])
ARR 5000043f (sz=264, trace=300010, nelems=0, elem type=char[])
OBJ 50000440 (sz=24, trace=300199, class=java.lang.String@50000181)
	value		50000441
ARR 50000441 (sz=124, trace=300200, nelems=62, elem type=char[])
OBJ 50000442 (sz=64, trace=300201, class=java.net.URL@5000012d)
	protocol	50002244
	host		50000ed3
	file		50000440
	authority	50000ed3
	path		50000440
	handler		5000237e
OBJ 50000443 (sz=24, trace=300202, class=java.net.Parts@50000010)
OBJ 50000444 (sz=48, trace=300203, class=sun.misc.URLClassPath$JarLoader@500003d4)
	base		50000442
	csu		50002386
	metaIndex	50002312
	handler		5000237e
	lmap		5000237f
OBJ 50000445 (sz=24, trace=300204, class=java.lang.StringBuilder@50000135)
ARR 50000446 (sz=128, trace=300205, nelems=0, elem type=char[])
ARR 50000447 (sz=72, trace=300206, nelems=0, elem type=byte[])
OBJ 50000448 (sz=48, trace=300207, class=java.nio.HeapByteBuffer@50000072)
ARR 50000449 (sz=128, trace=300208, nelems=0, elem type=char[])
OBJ 5000044a (sz=48, trace=300209, class=java.nio.HeapCharBuffer@5000006a)
OBJ 5000044b (sz=24, trace=300221, class=java.lang.String@50000181)
ARR 5000044c (sz=24, trace=300222, nelems=0, elem type=char[])
OBJ 5000044d (sz=24, trace=300223, class=java.lang.String@50000181)
ARR 5000044e (sz=24, trace=300224, nelems=0, elem type=char[])
OBJ 5000044f (sz=24, trace=300225, class=java.lang.String@50000181)
ARR 50000450 (sz=128, trace=300226, nelems=0, elem type=char[])
OBJ 50000451 (sz=32, trace=300227, class=java.io.File@5000012f)
OBJ 50000452 (sz=24, trace=300228, class=java.lang.StringBuffer@50000136)
ARR 50000453 (sz=128, trace=300229, nelems=0, elem type=char[])
ARR 50000454 (sz=120, trace=300230, nelems=0, elem type=char[])
OBJ 50000455 (sz=24, trace=300231, class=java.lang.String@50000181)
ARR 50000456 (sz=120, trace=300232, nelems=0, elem type=char[])
OBJ 50000457 (sz=24, trace=300233, class=java.lang.String@50000181)
ARR 50000458 (sz=120, trace=300234, nelems=0, elem type=char[])
OBJ 50000459 (sz=32, trace=300080, class=java.util.HashMap$Node@500000d7)
	key		50000435
	value		50000444
	next		500004f9
OBJ 5000045a (sz=24, trace=300183, class=java.lang.StringBuilder@50000135)
ARR 5000045b (sz=48, trace=300184, nelems=0, elem type=char[])
ARR 5000045c (sz=144, trace=300010, nelems=0, elem type=char[])
OBJ 5000045d (sz=24, trace=300185, class=java.lang.String@50000181)
	value		5000045e
ARR 5000045e (sz=128, trace=300186, nelems=64, elem type=char[])
OBJ 5000045f (sz=24, trace=300188, class=sun.misc.URLClassPath$3@500003d1)
OBJ 50000460 (sz=24, trace=300193, class=java.lang.StringBuilder@50000135)
ARR 50000461 (sz=48, trace=300194, nelems=0, elem type=char[])
OBJ 50000462 (sz=24, trace=300195, class=java.lang.StringBuffer@50000136)
ARR 50000463 (sz=144, trace=300196, nelems=0, elem type=char[])
ARR 50000464 (sz=144, trace=300197, nelems=0, elem type=char[])
OBJ 50000465 (sz=24, trace=300198, class=java.lang.String@50000181)
ARR 50000466 (sz=144, trace=300010, nelems=0, elem type=char[])
ARR 50000467 (sz=272, trace=300010, nelems=0, elem type=char[])
OBJ 50000468 (sz=24, trace=300199, class=java.lang.String@50000181)
	value		50000469
ARR 50000469 (sz=128, trace=300200, nelems=64, elem type=char[])
OBJ 5000046a (sz=64, trace=300201, class=java.net.URL@5000012d)
	protocol	50002244
	host		50000ed3
	file		50000468
	authority	50000ed3
	path		50000468
	handler		5000237e
OBJ 5000046b (sz=24, trace=300202, class=java.net.Parts@50000010)
OBJ 5000046c (sz=48, trace=300203, class=sun.misc.URLClassPath$JarLoader@500003d4)
	base		5000046a
	csu		50002387
	metaIndex	50002363
	handler		5000237e
	lmap		5000237f
OBJ 5000046d (sz=24, trace=300204, class=java.lang.StringBuilder@50000135)
ARR 5000046e (sz=136, trace=300205, nelems=0, elem type=char[])
ARR 5000046f (sz=80, trace=300206, nelems=0, elem type=byte[])
OBJ 50000470 (sz=48, trace=300207, class=java.nio.HeapByteBuffer@50000072)
ARR 50000471 (sz=136, trace=300208, nelems=0, elem type=char[])
OBJ 50000472 (sz=48, trace=300209, class=java.nio.HeapCharBuffer@5000006a)
OBJ 50000473 (sz=24, trace=300221, class=java.lang.String@50000181)
ARR 50000474 (sz=24, trace=300222, nelems=0, elem type=char[])
OBJ 50000475 (sz=24, trace=300223, class=java.lang.String@50000181)
ARR 50000476 (sz=24, trace=300224, nelems=0, elem type=char[])
OBJ 50000477 (sz=24, trace=300225, class=java.lang.String@50000181)
ARR 50000478 (sz=128, trace=300226, nelems=0, elem type=char[])
OBJ 50000479 (sz=32, trace=300227, class=java.io.File@5000012f)
OBJ 5000047a (sz=24, trace=300228, class=java.lang.StringBuffer@50000136)
ARR 5000047b (sz=128, trace=300229, nelems=0, elem type=char[])
ARR 5000047c (sz=128, trace=300230, nelems=0, elem type=char[])
OBJ 5000047d (sz=24, trace=300231, class=java.lang.String@50000181)
ARR 5000047e (sz=128, trace=300232, nelems=0, elem type=char[])
OBJ 5000047f (sz=24, trace=300233, class=java.lang.String@50000181)
ARR 50000480 (sz=128, trace=300234, nelems=0, elem type=char[])
OBJ 50000481 (sz=32, trace=300081, class=java.util.HashMap$Node@500000d7)
	key		5000045d
	value		5000046c
OBJ 50000482 (sz=24, trace=300183, class=java.lang.StringBuilder@50000135)
ARR 50000483 (sz=48, trace=300184, nelems=0, elem type=char[])
ARR 50000484 (sz=144, trace=300010, nelems=0, elem type=char[])
OBJ 50000485 (sz=24, trace=300185, class=java.lang.String@50000181)
	value		50000486
ARR 50000486 (sz=124, trace=300186, nelems=62, elem type=char[])
OBJ 50000487 (sz=24, trace=300188, class=sun.misc.URLClassPath$3@500003d1)
OBJ 50000488 (sz=24, trace=300193, class=java.lang.StringBuilder@50000135)
ARR 50000489 (sz=48, trace=300194, nelems=0, elem type=char[])
OBJ 5000048a (sz=24, trace=300195, class=java.lang.StringBuffer@50000136)
ARR 5000048b (sz=136, trace=300196, nelems=0, elem type=char[])
ARR 5000048c (sz=136, trace=300197, nelems=0, elem type=char[])
OBJ 5000048d (sz=24, trace=300198, class=java.lang.String@50000181)
ARR 5000048e (sz=136, trace=300010, nelems=0, elem type=char[])
ARR 5000048f (sz=264, trace=300010, nelems=0, elem type=char[])
OBJ 50000490 (sz=24, trace=300199, class=java.lang.String@50000181)
	value		50000491
ARR 50000491 (sz=124, trace=300200, nelems=62, elem type=char[])
OBJ 50000492 (sz=64, trace=300201, class=java.net.URL@5000012d)
	protocol	50002244
	host		50000ed3
	file		50000490
	authority	50000ed3
	path		50000490
	handler		5000237e
OBJ 50000493 (sz=24, trace=300202, class=java.net.Parts@50000010)
OBJ 50000494 (sz=48, trace=300203, class=sun.misc.URLClassPath$JarLoader@500003d4)
	base		50000492
	csu		50002388
	metaIndex	5000231c
	handler		5000237e
	lmap		5000237f
OBJ 50000495 (sz=24, trace=300204, class=java.lang.StringBuilder@50000135)
ARR 50000496 (sz=128, trace=300205, nelems=0, elem type=char[])
ARR 50000497 (sz=72, trace=300206, nelems=0, elem type=byte[])
OBJ 50000498 (sz=48, trace=300207, class=java.nio.HeapByteBuffer@50000072)
ARR 50000499 (sz=128, trace=300208, nelems=0, elem type=char[])
OBJ 5000049a (sz=48, trace=300209, class=java.nio.HeapCharBuffer@5000006a)
OBJ 5000049b (sz=24, trace=300221, class=java.lang.String@50000181)
ARR 5000049c (sz=24, trace=300222, nelems=0, elem type=char[])
OBJ 5000049d (sz=24, trace=300223, class=java.lang.String@50000181)
ARR 5000049e (sz=24, trace=300224, nelems=0, elem type=char[])
OBJ 5000049f (sz=24, trace=300225, class=java.lang.String@50000181)
ARR 500004a0 (sz=128, trace=300226, nelems=0, elem type=char[])
OBJ 500004a1 (sz=32, trace=300227, class=java.io.File@5000012f)
OBJ 500004a2 (sz=24, trace=300228, class=java.lang.StringBuffer@50000136)
ARR 500004a3 (sz=128, trace=300229, nelems=0, elem type=char[])
ARR 500004a4 (sz=120, trace=300230, nelems=0, elem type=char[])
OBJ 500004a5 (sz=24, trace=300231, class=java.lang.String@50000181)
ARR 500004a6 (sz=120, trace=300232, nelems=0, elem type=char[])
OBJ 500004a7 (sz=24, trace=300233, class=java.lang.String@50000181)
ARR 500004a8 (sz=120, trace=300234, nelems=0, elem type=char[])
OBJ 500004a9 (sz=32, trace=300080, class=java.util.HashMap$Node@500000d7)
	key		50000485
	value		50000494
	next		500004d1
OBJ 500004aa (sz=24, trace=300183, class=java.lang.StringBuilder@50000135)
ARR 500004ab (sz=48, trace=300184, nelems=0, elem type=char[])
ARR 500004ac (sz=152, trace=300010, nelems=0, elem type=char[])
OBJ 500004ad (sz=24, trace=300185, class=java.lang.String@50000181)
	value		500004ae
ARR 500004ae (sz=134, trace=300186, nelems=67, elem type=char[])
OBJ 500004af (sz=24, trace=300188, class=sun.misc.URLClassPath$3@500003d1)
OBJ 500004b0 (sz=24, trace=300193, class=java.lang.StringBuilder@50000135)
ARR 500004b1 (sz=48, trace=300194, nelems=0, elem type=char[])
OBJ 500004b2 (sz=24, trace=300195, class=java.lang.StringBuffer@50000136)
ARR 500004b3 (sz=152, trace=300196, nelems=0, elem type=char[])
ARR 500004b4 (sz=152, trace=300197, nelems=0, elem type=char[])
OBJ 500004b5 (sz=24, trace=300198, class=java.lang.String@50000181)
ARR 500004b6 (sz=152, trace=300010, nelems=0, elem type=char[])
ARR 500004b7 (sz=280, trace=300010, nelems=0, elem type=char[])
OBJ 500004b8 (sz=24, trace=300199, class=java.lang.String@50000181)
	value		500004b9
ARR 500004b9 (sz=134, trace=300200, nelems=67, elem type=char[])
OBJ 500004ba (sz=64, trace=300201, class=java.net.URL@5000012d)
	protocol	50002244
	host		50000ed3
	file		500004b8
	authority	50000ed3
	path		500004b8
	handler		5000237e
OBJ 500004bb (sz=24, trace=300202, class=java.net.Parts@50000010)
OBJ 500004bc (sz=48, trace=300203, class=sun.misc.URLClassPath$JarLoader@500003d4)
	base		500004ba
	csu		50002389
	metaIndex	500022bd
	handler		5000237e
	lmap		5000237f
OBJ 500004bd (sz=24, trace=300204, class=java.lang.StringBuilder@50000135)
ARR 500004be (sz=136, trace=300205, nelems=0, elem type=char[])
ARR 500004bf (sz=80, trace=300206, nelems=0, elem type=byte[])
OBJ 500004c0 (sz=48, trace=300207, class=java.nio.HeapByteBuffer@50000072)
ARR 500004c1 (sz=136, trace=300208, nelems=0, elem type=char[])
OBJ 500004c2 (sz=48, trace=300209, class=java.nio.HeapCharBuffer@5000006a)
OBJ 500004c3 (sz=24, trace=300221, class=java.lang.String@50000181)
ARR 500004c4 (sz=24, trace=300222, nelems=0, elem type=char[])
OBJ 500004c5 (sz=24, trace=300223, class=java.lang.String@50000181)
ARR 500004c6 (sz=24, trace=300224, nelems=0, elem type=char[])
OBJ 500004c7 (sz=24, trace=300225, class=java.lang.String@50000181)
ARR 500004c8 (sz=136, trace=300226, nelems=0, elem type=char[])
OBJ 500004c9 (sz=32, trace=300227, class=java.io.File@5000012f)
OBJ 500004ca (sz=24, trace=300228, class=java.lang.StringBuffer@50000136)
ARR 500004cb (sz=136, trace=300229, nelems=0, elem type=char[])
ARR 500004cc (sz=136, trace=300230, nelems=0, elem type=char[])
OBJ 500004cd (sz=24, trace=300231, class=java.lang.String@50000181)
ARR 500004ce (sz=136, trace=300232, nelems=0, elem type=char[])
OBJ 500004cf (sz=24, trace=300233, class=java.lang.String@50000181)
ARR 500004d0 (sz=136, trace=300234, nelems=0, elem type=char[])
OBJ 500004d1 (sz=32, trace=300081, class=java.util.HashMap$Node@500000d7)
	key		500004ad
	value		500004bc
OBJ 500004d2 (sz=24, trace=300183, class=java.lang.StringBuilder@50000135)
ARR 500004d3 (sz=48, trace=300184, nelems=0, elem type=char[])
ARR 500004d4 (sz=144, trace=300010, nelems=0, elem type=char[])
OBJ 500004d5 (sz=24, trace=300185, class=java.lang.String@50000181)
	value		500004d6
ARR 500004d6 (sz=128, trace=300186, nelems=64, elem type=char[])
OBJ 500004d7 (sz=24, trace=300188, class=sun.misc.URLClassPath$3@500003d1)
OBJ 500004d8 (sz=24, trace=300193, class=java.lang.StringBuilder@50000135)
ARR 500004d9 (sz=48, trace=300194, nelems=0, elem type=char[])
OBJ 500004da (sz=24, trace=300195, class=java.lang.StringBuffer@50000136)
ARR 500004db (sz=144, trace=300196, nelems=0, elem type=char[])
ARR 500004dc (sz=144, trace=300197, nelems=0, elem type=char[])
OBJ 500004dd (sz=24, trace=300198, class=java.lang.String@50000181)
ARR 500004de (sz=144, trace=300010, nelems=0, elem type=char[])
ARR 500004df (sz=272, trace=300010, nelems=0, elem type=char[])
OBJ 500004e0 (sz=24, trace=300199, class=java.lang.String@50000181)
	value		500004e1
ARR 500004e1 (sz=128, trace=300200, nelems=64, elem type=char[])
OBJ 500004e2 (sz=64, trace=300201, class=java.net.URL@5000012d)
	protocol	50002244
	host		50000ed3
	file		500004e0
	authority	50000ed3
	path		500004e0
	handler		5000237e
OBJ 500004e3 (sz=24, trace=300202, class=java.net.Parts@50000010)
OBJ 500004e4 (sz=48, trace=300203, class=sun.misc.URLClassPath$JarLoader@500003d4)
	base		500004e2
	csu		5000238a
	metaIndex	500022c6
	handler		5000237e
	lmap		5000237f
OBJ 500004e5 (sz=24, trace=300204, class=java.lang.StringBuilder@50000135)
ARR 500004e6 (sz=136, trace=300205, nelems=0, elem type=char[])
ARR 500004e7 (sz=80, trace=300206, nelems=0, elem type=byte[])
OBJ 500004e8 (sz=48, trace=300207, class=java.nio.HeapByteBuffer@50000072)
ARR 500004e9 (sz=136, trace=300208, nelems=0, elem type=char[])
OBJ 500004ea (sz=48, trace=300209, class=java.nio.HeapCharBuffer@5000006a)
OBJ 500004eb (sz=24, trace=300221, class=java.lang.String@50000181)
ARR 500004ec (sz=24, trace=300222, nelems=0, elem type=char[])
OBJ 500004ed (sz=24, trace=300223, class=java.lang.String@50000181)
ARR 500004ee (sz=24, trace=300224, nelems=0, elem type=char[])
OBJ 500004ef (sz=24, trace=300225, class=java.lang.String@50000181)
ARR 500004f0 (sz=128, trace=300226, nelems=0, elem type=char[])
OBJ 500004f1 (sz=32, trace=300227, class=java.io.File@5000012f)
OBJ 500004f2 (sz=24, trace=300228, class=java.lang.StringBuffer@50000136)
ARR 500004f3 (sz=128, trace=300229, nelems=0, elem type=char[])
ARR 500004f4 (sz=128, trace=300230, nelems=0, elem type=char[])
OBJ 500004f5 (sz=24, trace=300231, class=java.lang.String@50000181)
ARR 500004f6 (sz=128, trace=300232, nelems=0, elem type=char[])
OBJ 500004f7 (sz=24, trace=300233, class=java.lang.String@50000181)
ARR 500004f8 (sz=128, trace=300234, nelems=0, elem type=char[])
OBJ 500004f9 (sz=32, trace=300081, class=java.util.HashMap$Node@500000d7)
	key		500004d5
	value		500004e4
	next		5000059a
OBJ 500004fa (sz=24, trace=300183, class=java.lang.StringBuilder@50000135)
ARR 500004fb (sz=48, trace=300184, nelems=0, elem type=char[])
ARR 500004fc (sz=144, trace=300010, nelems=0, elem type=char[])
OBJ 500004fd (sz=24, trace=300185, class=java.lang.String@50000181)
	value		500004fe
ARR 500004fe (sz=124, trace=300186, nelems=62, elem type=char[])
OBJ 500004ff (sz=24, trace=300188, class=sun.misc.URLClassPath$3@500003d1)
OBJ 50000500 (sz=24, trace=300193, class=java.lang.StringBuilder@50000135)
ARR 50000501 (sz=48, trace=300194, nelems=0, elem type=char[])
OBJ 50000502 (sz=24, trace=300195, class=java.lang.StringBuffer@50000136)
ARR 50000503 (sz=136, trace=300196, nelems=0, elem type=char[])
ARR 50000504 (sz=136, trace=300197, nelems=0, elem type=char[])
OBJ 50000505 (sz=24, trace=300198, class=java.lang.String@50000181)
ARR 50000506 (sz=136, trace=300010, nelems=0, elem type=char[])
ARR 50000507 (sz=264, trace=300010, nelems=0, elem type=char[])
OBJ 50000508 (sz=24, trace=300199, class=java.lang.String@50000181)
	value		50000509
ARR 50000509 (sz=124, trace=300200, nelems=62, elem type=char[])
OBJ 5000050a (sz=64, trace=300201, class=java.net.URL@5000012d)
	protocol	50002244
	host		50000ed3
	file		50000508
	authority	50000ed3
	path		50000508
	handler		5000237e
OBJ 5000050b (sz=24, trace=300202, class=java.net.Parts@50000010)
OBJ 5000050c (sz=48, trace=300203, class=sun.misc.URLClassPath$JarLoader@500003d4)
	base		5000050a
	csu		5000238b
	metaIndex	500022d2
	handler		5000237e
	lmap		5000237f
OBJ 5000050d (sz=24, trace=300204, class=java.lang.StringBuilder@50000135)
ARR 5000050e (sz=128, trace=300205, nelems=0, elem type=char[])
ARR 5000050f (sz=72, trace=300206, nelems=0, elem type=byte[])
OBJ 50000510 (sz=48, trace=300207, class=java.nio.HeapByteBuffer@50000072)
ARR 50000511 (sz=128, trace=300208, nelems=0, elem type=char[])
OBJ 50000512 (sz=48, trace=300209, class=java.nio.HeapCharBuffer@5000006a)
OBJ 50000513 (sz=24, trace=300221, class=java.lang.String@50000181)
ARR 50000514 (sz=24, trace=300222, nelems=0, elem type=char[])
OBJ 50000515 (sz=24, trace=300223, class=java.lang.String@50000181)
ARR 50000516 (sz=24, trace=300224, nelems=0, elem type=char[])
OBJ 50000517 (sz=24, trace=300225, class=java.lang.String@50000181)
ARR 50000518 (sz=128, trace=300226, nelems=0, elem type=char[])
OBJ 50000519 (sz=32, trace=300227, class=java.io.File@5000012f)
OBJ 5000051a (sz=24, trace=300228, class=java.lang.StringBuffer@50000136)
ARR 5000051b (sz=128, trace=300229, nelems=0, elem type=char[])
ARR 5000051c (sz=120, trace=300230, nelems=0, elem type=char[])
OBJ 5000051d (sz=24, trace=300231, class=java.lang.String@50000181)
ARR 5000051e (sz=120, trace=300232, nelems=0, elem type=char[])
OBJ 5000051f (sz=24, trace=300233, class=java.lang.String@50000181)
ARR 50000520 (sz=120, trace=300234, nelems=0, elem type=char[])
OBJ 50000521 (sz=32, trace=300080, class=java.util.HashMap$Node@500000d7)
	key		500004fd
	value		5000050c
	next		500005c2
OBJ 50000522 (sz=24, trace=300183, class=java.lang.StringBuilder@50000135)
ARR 50000523 (sz=48, trace=300184, nelems=0, elem type=char[])
ARR 50000524 (sz=160, trace=300010, nelems=0, elem type=char[])
OBJ 50000525 (sz=24, trace=300185, class=java.lang.String@50000181)
	value		50000526
ARR 50000526 (sz=144, trace=300186, nelems=72, elem type=char[])
OBJ 50000527 (sz=24, trace=300188, class=sun.misc.URLClassPath$3@500003d1)
OBJ 50000528 (sz=24, trace=300193, class=java.lang.StringBuilder@50000135)
ARR 50000529 (sz=48, trace=300194, nelems=0, elem type=char[])
OBJ 5000052a (sz=24, trace=300195, class=java.lang.StringBuffer@50000136)
ARR 5000052b (sz=160, trace=300196, nelems=0, elem type=char[])
ARR 5000052c (sz=160, trace=300197, nelems=0, elem type=char[])
OBJ 5000052d (sz=24, trace=300198, class=java.lang.String@50000181)
ARR 5000052e (sz=160, trace=300010, nelems=0, elem type=char[])
ARR 5000052f (sz=304, trace=300010, nelems=0, elem type=char[])
OBJ 50000530 (sz=24, trace=300199, class=java.lang.String@50000181)
	value		50000531
ARR 50000531 (sz=144, trace=300200, nelems=72, elem type=char[])
OBJ 50000532 (sz=64, trace=300201, class=java.net.URL@5000012d)
	protocol	50002244
	host		50000ed3
	file		50000530
	authority	50000ed3
	path		50000530
	handler		5000237e
OBJ 50000533 (sz=24, trace=300202, class=java.net.Parts@50000010)
OBJ 50000534 (sz=48, trace=300203, class=sun.misc.URLClassPath$JarLoader@500003d4)
	base		50000532
	csu		5000238c
	metaIndex	500022dd
	handler		5000237e
	lmap		5000237f
OBJ 50000535 (sz=24, trace=300204, class=java.lang.StringBuilder@50000135)
ARR 50000536 (sz=152, trace=300205, nelems=0, elem type=char[])
ARR 50000537 (sz=88, trace=300206, nelems=0, elem type=byte[])
OBJ 50000538 (sz=48, trace=300207, class=java.nio.HeapByteBuffer@50000072)
ARR 50000539 (sz=152, trace=300208, nelems=0, elem type=char[])
OBJ 5000053a (sz=48, trace=300209, class=java.nio.HeapCharBuffer@5000006a)
OBJ 5000053b (sz=24, trace=300221, class=java.lang.String@50000181)
ARR 5000053c (sz=24, trace=300222, nelems=0, elem type=char[])
OBJ 5000053d (sz=24, trace=300223, class=java.lang.String@50000181)
ARR 5000053e (sz=24, trace=300224, nelems=0, elem type=char[])
OBJ 5000053f (sz=24, trace=300225, class=java.lang.String@50000181)
ARR 50000540 (sz=144, trace=300226, nelems=0, elem type=char[])
OBJ 50000541 (sz=32, trace=300227, class=java.io.File@5000012f)
OBJ 50000542 (sz=24, trace=300228, class=java.lang.StringBuffer@50000136)
ARR 50000543 (sz=144, trace=300229, nelems=0, elem type=char[])
ARR 50000544 (sz=144, trace=300230, nelems=0, elem type=char[])
OBJ 50000545 (sz=24, trace=300231, class=java.lang.String@50000181)
ARR 50000546 (sz=144, trace=300232, nelems=0, elem type=char[])
OBJ 50000547 (sz=24, trace=300233, class=java.lang.String@50000181)
ARR 50000548 (sz=144, trace=300234, nelems=0, elem type=char[])
OBJ 50000549 (sz=32, trace=300080, class=java.util.HashMap$Node@500000d7)
	key		50000525
	value		50000534
	next		50000571
OBJ 5000054a (sz=24, trace=300183, class=java.lang.StringBuilder@50000135)
ARR 5000054b (sz=48, trace=300184, nelems=0, elem type=char[])
ARR 5000054c (sz=152, trace=300010, nelems=0, elem type=char[])
OBJ 5000054d (sz=24, trace=300185, class=java.lang.String@50000181)
	value		5000054e
ARR 5000054e (sz=132, trace=300186, nelems=66, elem type=char[])
OBJ 5000054f (sz=24, trace=300188, class=sun.misc.URLClassPath$3@500003d1)
OBJ 50000550 (sz=24, trace=300193, class=java.lang.StringBuilder@50000135)
ARR 50000551 (sz=48, trace=300194, nelems=0, elem type=char[])
OBJ 50000552 (sz=24, trace=300195, class=java.lang.StringBuffer@50000136)
ARR 50000553 (sz=144, trace=300196, nelems=0, elem type=char[])
ARR 50000554 (sz=144, trace=300197, nelems=0, elem type=char[])
OBJ 50000555 (sz=24, trace=300198, class=java.lang.String@50000181)
ARR 50000556 (sz=144, trace=300010, nelems=0, elem type=char[])
ARR 50000557 (sz=280, trace=300010, nelems=0, elem type=char[])
OBJ 50000558 (sz=24, trace=300199, class=java.lang.String@50000181)
	value		50000559
ARR 50000559 (sz=132, trace=300200, nelems=66, elem type=char[])
OBJ 5000055a (sz=64, trace=300201, class=java.net.URL@5000012d)
	protocol	50002244
	host		50000ed3
	file		50000558
	authority	50000ed3
	path		50000558
	handler		5000237e
OBJ 5000055b (sz=24, trace=300202, class=java.net.Parts@50000010)
OBJ 5000055c (sz=48, trace=300203, class=sun.misc.URLClassPath$JarLoader@500003d4)
	base		5000055a
	csu		5000238d
	metaIndex	500022fe
	handler		5000237e
	lmap		5000237f
OBJ 5000055d (sz=24, trace=300204, class=java.lang.StringBuilder@50000135)
ARR 5000055e (sz=136, trace=300205, nelems=0, elem type=char[])
ARR 5000055f (sz=80, trace=300206, nelems=0, elem type=byte[])
OBJ 50000560 (sz=48, trace=300207, class=java.nio.HeapByteBuffer@50000072)
ARR 50000561 (sz=136, trace=300208, nelems=0, elem type=char[])
OBJ 50000562 (sz=48, trace=300209, class=java.nio.HeapCharBuffer@5000006a)
OBJ 50000563 (sz=24, trace=300221, class=java.lang.String@50000181)
ARR 50000564 (sz=24, trace=300222, nelems=0, elem type=char[])
OBJ 50000565 (sz=24, trace=300223, class=java.lang.String@50000181)
ARR 50000566 (sz=24, trace=300224, nelems=0, elem type=char[])
OBJ 50000567 (sz=24, trace=300225, class=java.lang.String@50000181)
ARR 50000568 (sz=136, trace=300226, nelems=0, elem type=char[])
OBJ 50000569 (sz=32, trace=300227, class=java.io.File@5000012f)
OBJ 5000056a (sz=24, trace=300228, class=java.lang.StringBuffer@50000136)
ARR 5000056b (sz=136, trace=300229, nelems=0, elem type=char[])
ARR 5000056c (sz=128, trace=300230, nelems=0, elem type=char[])
OBJ 5000056d (sz=24, trace=300231, class=java.lang.String@50000181)
ARR 5000056e (sz=128, trace=300232, nelems=0, elem type=char[])
OBJ 5000056f (sz=24, trace=300233, class=java.lang.String@50000181)
ARR 50000570 (sz=128, trace=300234, nelems=0, elem type=char[])
OBJ 50000571 (sz=32, trace=300081, class=java.util.HashMap$Node@500000d7)
	key		5000054d
	value		5000055c
OBJ 50000572 (sz=24, trace=300183, class=java.lang.StringBuilder@50000135)
ARR 50000573 (sz=48, trace=300184, nelems=0, elem type=char[])
ARR 50000574 (sz=152, trace=300010, nelems=0, elem type=char[])
OBJ 50000575 (sz=24, trace=300185, class=java.lang.String@50000181)
	value		50000576
ARR 50000576 (sz=132, trace=300186, nelems=66, elem type=char[])
OBJ 50000577 (sz=24, trace=300188, class=sun.misc.URLClassPath$3@500003d1)
OBJ 50000578 (sz=24, trace=300193, class=java.lang.StringBuilder@50000135)
ARR 50000579 (sz=48, trace=300194, nelems=0, elem type=char[])
OBJ 5000057a (sz=24, trace=300195, class=java.lang.StringBuffer@50000136)
ARR 5000057b (sz=144, trace=300196, nelems=0, elem type=char[])
ARR 5000057c (sz=144, trace=300197, nelems=0, elem type=char[])
OBJ 5000057d (sz=24, trace=300198, class=java.lang.String@50000181)
ARR 5000057e (sz=144, trace=300010, nelems=0, elem type=char[])
ARR 5000057f (sz=280, trace=300010, nelems=0, elem type=char[])
OBJ 50000580 (sz=24, trace=300199, class=java.lang.String@50000181)
	value		50000581
ARR 50000581 (sz=132, trace=300200, nelems=66, elem type=char[])
OBJ 50000582 (sz=64, trace=300201, class=java.net.URL@5000012d)
	protocol	50002244
	host		50000ed3
	file		50000580
	authority	50000ed3
	path		50000580
	handler		5000237e
OBJ 50000583 (sz=24, trace=300202, class=java.net.Parts@50000010)
OBJ 50000584 (sz=48, trace=300203, class=sun.misc.URLClassPath$JarLoader@500003d4)
	base		50000582
	csu		5000238e
	metaIndex	500022f3
	handler		5000237e
	lmap		5000237f
OBJ 50000585 (sz=24, trace=300204, class=java.lang.StringBuilder@50000135)
ARR 50000586 (sz=136, trace=300205, nelems=0, elem type=char[])
ARR 50000587 (sz=80, trace=300206, nelems=0, elem type=byte[])
OBJ 50000588 (sz=48, trace=300207, class=java.nio.HeapByteBuffer@50000072)
ARR 50000589 (sz=136, trace=300208, nelems=0, elem type=char[])
OBJ 5000058a (sz=48, trace=300209, class=java.nio.HeapCharBuffer@5000006a)
OBJ 5000058b (sz=24, trace=300221, class=java.lang.String@50000181)
ARR 5000058c (sz=24, trace=300222, nelems=0, elem type=char[])
OBJ 5000058d (sz=24, trace=300223, class=java.lang.String@50000181)
ARR 5000058e (sz=24, trace=300224, nelems=0, elem type=char[])
OBJ 5000058f (sz=24, trace=300225, class=java.lang.String@50000181)
ARR 50000590 (sz=136, trace=300226, nelems=0, elem type=char[])
OBJ 50000591 (sz=32, trace=300227, class=java.io.File@5000012f)
OBJ 50000592 (sz=24, trace=300228, class=java.lang.StringBuffer@50000136)
ARR 50000593 (sz=136, trace=300229, nelems=0, elem type=char[])
ARR 50000594 (sz=128, trace=300230, nelems=0, elem type=char[])
OBJ 50000595 (sz=24, trace=300231, class=java.lang.String@50000181)
ARR 50000596 (sz=128, trace=300232, nelems=0, elem type=char[])
OBJ 50000597 (sz=24, trace=300233, class=java.lang.String@50000181)
ARR 50000598 (sz=128, trace=300234, nelems=0, elem type=char[])
ARR 50000599 (sz=80, trace=300235, nelems=12, elem type=java.lang.Object[]@5000011c)
	[0]		500003e6
	[1]		5000041c
	[2]		50000444
	[3]		5000046c
	[4]		50000494
	[5]		500004bc
	[6]		500004e4
	[7]		5000050c
	[8]		50000534
	[9]		5000055c
	[10]		50000584
	[11]		500005ad
OBJ 5000059a (sz=32, trace=300081, class=java.util.HashMap$Node@500000d7)
	key		50000575
	value		50000584
OBJ 5000059b (sz=24, trace=300183, class=java.lang.StringBuilder@50000135)
ARR 5000059c (sz=48, trace=300184, nelems=0, elem type=char[])
ARR 5000059d (sz=144, trace=300010, nelems=0, elem type=char[])
OBJ 5000059e (sz=24, trace=300185, class=java.lang.String@50000181)
	value		5000059f
ARR 5000059f (sz=124, trace=300186, nelems=62, elem type=char[])
OBJ 500005a0 (sz=24, trace=300188, class=sun.misc.URLClassPath$3@500003d1)
OBJ 500005a1 (sz=24, trace=300193, class=java.lang.StringBuilder@50000135)
ARR 500005a2 (sz=48, trace=300194, nelems=0, elem type=char[])
OBJ 500005a3 (sz=24, trace=300195, class=java.lang.StringBuffer@50000136)
ARR 500005a4 (sz=136, trace=300196, nelems=0, elem type=char[])
ARR 500005a5 (sz=136, trace=300197, nelems=0, elem type=char[])
OBJ 500005a6 (sz=24, trace=300198, class=java.lang.String@50000181)
ARR 500005a7 (sz=136, trace=300010, nelems=0, elem type=char[])
ARR 500005a8 (sz=264, trace=300010, nelems=0, elem type=char[])
OBJ 500005a9 (sz=24, trace=300199, class=java.lang.String@50000181)
	value		500005aa
ARR 500005aa (sz=124, trace=300200, nelems=62, elem type=char[])
OBJ 500005ab (sz=64, trace=300201, class=java.net.URL@5000012d)
	protocol	50002244
	host		50000ed3
	file		500005a9
	authority	50000ed3
	path		500005a9
	handler		5000237e
OBJ 500005ac (sz=24, trace=300202, class=java.net.Parts@50000010)
OBJ 500005ad (sz=48, trace=300203, class=sun.misc.URLClassPath$JarLoader@500003d4)
	base		500005ab
	csu		5000238f
	metaIndex	50002359
	handler		5000237e
	lmap		5000237f
OBJ 500005ae (sz=24, trace=300204, class=java.lang.StringBuilder@50000135)
ARR 500005af (sz=128, trace=300205, nelems=0, elem type=char[])
ARR 500005b0 (sz=72, trace=300206, nelems=0, elem type=byte[])
OBJ 500005b1 (sz=48, trace=300207, class=java.nio.HeapByteBuffer@50000072)
ARR 500005b2 (sz=128, trace=300208, nelems=0, elem type=char[])
OBJ 500005b3 (sz=48, trace=300209, class=java.nio.HeapCharBuffer@5000006a)
OBJ 500005b4 (sz=24, trace=300221, class=java.lang.String@50000181)
ARR 500005b5 (sz=24, trace=300222, nelems=0, elem type=char[])
OBJ 500005b6 (sz=24, trace=300223, class=java.lang.String@50000181)
ARR 500005b7 (sz=24, trace=300224, nelems=0, elem type=char[])
OBJ 500005b8 (sz=24, trace=300225, class=java.lang.String@50000181)
ARR 500005b9 (sz=128, trace=300226, nelems=0, elem type=char[])
OBJ 500005ba (sz=32, trace=300227, class=java.io.File@5000012f)
OBJ 500005bb (sz=24, trace=300228, class=java.lang.StringBuffer@50000136)
ARR 500005bc (sz=128, trace=300229, nelems=0, elem type=char[])
ARR 500005bd (sz=120, trace=300230, nelems=0, elem type=char[])
OBJ 500005be (sz=24, trace=300231, class=java.lang.String@50000181)
ARR 500005bf (sz=120, trace=300232, nelems=0, elem type=char[])
OBJ 500005c0 (sz=24, trace=300233, class=java.lang.String@50000181)
ARR 500005c1 (sz=120, trace=300234, nelems=0, elem type=char[])
OBJ 500005c2 (sz=32, trace=300081, class=java.util.HashMap$Node@500000d7)
	key		5000059e
	value		500005ad
OBJ 500005c3 (sz=40, trace=300237, class=java.lang.ClassNotFoundException@5000016f)
OBJ 500005c4 (sz=24, trace=300238, class=java.net.URLClassLoader$1@500003c5)
ARR 500005c5 (sz=48, trace=300178, nelems=0, elem type=char[])
OBJ 500005c6 (sz=24, trace=300179, class=java.lang.String@50000181)
ARR 500005c7 (sz=64, trace=300180, nelems=0, elem type=char[])
OBJ 500005c8 (sz=24, trace=300181, class=java.lang.String@50000181)
OBJ 500005c9 (sz=24, trace=300183, class=java.lang.StringBuilder@50000135)
ARR 500005ca (sz=48, trace=300184, nelems=0, elem type=char[])
ARR 500005cb (sz=168, trace=300010, nelems=0, elem type=char[])
OBJ 500005cc (sz=24, trace=300185, class=java.lang.String@50000181)
	value		500005cd
ARR 500005cd (sz=146, trace=300186, nelems=73, elem type=char[])
OBJ 500005ce (sz=24, trace=300188, class=sun.misc.URLClassPath$3@500003d1)
OBJ 500005d0 (sz=24, trace=300240, class=sun.misc.URLClassPath$FileLoader@500005cf)
	base		500023c3
	dir		500005df
ARR 500005d1 (sz=152, trace=300241, nelems=0, elem type=char[])
OBJ 500005d2 (sz=24, trace=300242, class=java.lang.String@50000181)
OBJ 500005d3 (sz=32, trace=300243, class=java.io.File@5000012f)
OBJ 500005d4 (sz=24, trace=300244, class=java.lang.StringBuffer@50000136)
ARR 500005d5 (sz=152, trace=300245, nelems=0, elem type=char[])
ARR 500005d6 (sz=128, trace=300246, nelems=64, elem type=char[])
OBJ 500005d7 (sz=24, trace=300247, class=java.lang.String@50000181)
	value		500005d6
OBJ 500005d8 (sz=24, trace=300108, class=java.lang.String@50000181)
ARR 500005d9 (sz=136, trace=300109, nelems=0, elem type=char[])
OBJ 500005da (sz=24, trace=300110, class=java.io.ExpiringCache$Entry@50000055)
	val		50000f23
OBJ 500005db (sz=40, trace=300248, class=java.util.LinkedHashMap$Entry@50000054)
	key		500005d7
	value		500005da
	before		50000376
	after		500007ef
OBJ 500005dc (sz=24, trace=300112, class=java.lang.String@50000181)
ARR 500005dd (sz=136, trace=300109, nelems=0, elem type=char[])
OBJ 500005de (sz=32, trace=300249, class=java.io.File@5000012f)
OBJ 500005df (sz=32, trace=300250, class=java.io.File@5000012f)
	path		50000f23
ARR 500005e0 (sz=56, trace=300235, nelems=3, elem type=java.lang.Object[]@5000011c)
	[0]		500005d0
	[1]		5000060f
	[2]		50000742
ARR 500005e1 (sz=80, trace=300236, nelems=14, elem type=java.util.HashMap$Node[]@500000d5)
	[0]		500005e2
	[4]		5000072c
	[13]		5000078f
OBJ 500005e2 (sz=32, trace=300080, class=java.util.HashMap$Node@500000d7)
	key		500005cc
	value		500005d0
OBJ 500005e3 (sz=64, trace=300251, class=java.net.URL@5000012d)
OBJ 500005e4 (sz=24, trace=300252, class=java.lang.StringBuilder@50000135)
ARR 500005e5 (sz=48, trace=300253, nelems=0, elem type=char[])
ARR 500005e6 (sz=152, trace=300010, nelems=0, elem type=char[])
ARR 500005e7 (sz=288, trace=300010, nelems=0, elem type=char[])
OBJ 500005e8 (sz=24, trace=300254, class=java.lang.String@50000181)
ARR 500005e9 (sz=152, trace=300255, nelems=0, elem type=char[])
OBJ 500005ea (sz=24, trace=300256, class=java.lang.String@50000181)
ARR 500005eb (sz=152, trace=300257, nelems=0, elem type=char[])
ARR 500005ec (sz=136, trace=300258, nelems=0, elem type=char[])
ARR 500005ed (sz=64, trace=300259, nelems=0, elem type=char[])
OBJ 500005ee (sz=24, trace=300260, class=java.lang.String@50000181)
ARR 500005ef (sz=64, trace=300261, nelems=0, elem type=char[])
OBJ 500005f0 (sz=64, trace=300262, class=java.net.URL@5000012d)
OBJ 500005f1 (sz=24, trace=300252, class=java.lang.StringBuilder@50000135)
ARR 500005f2 (sz=48, trace=300253, nelems=0, elem type=char[])
ARR 500005f3 (sz=152, trace=300010, nelems=0, elem type=char[])
ARR 500005f4 (sz=288, trace=300010, nelems=0, elem type=char[])
OBJ 500005f5 (sz=24, trace=300254, class=java.lang.String@50000181)
ARR 500005f6 (sz=192, trace=300255, nelems=0, elem type=char[])
ARR 500005f7 (sz=64, trace=300263, nelems=0, elem type=char[])
OBJ 500005f8 (sz=24, trace=300264, class=java.lang.String@50000181)
OBJ 500005f9 (sz=32, trace=300265, class=java.io.File@5000012f)
ARR 500005fa (sz=192, trace=300266, nelems=0, elem type=char[])
OBJ 500005fb (sz=24, trace=300267, class=java.lang.String@50000181)
ARR 500005fc (sz=192, trace=300268, nelems=0, elem type=char[])
OBJ 500005fd (sz=24, trace=300183, class=java.lang.StringBuilder@50000135)
ARR 500005fe (sz=48, trace=300184, nelems=0, elem type=char[])
ARR 500005ff (sz=128, trace=300010, nelems=0, elem type=char[])
OBJ 50000600 (sz=24, trace=300185, class=java.lang.String@50000181)
	value		50000601
ARR 50000601 (sz=108, trace=300186, nelems=54, elem type=char[])
OBJ 50000602 (sz=24, trace=300188, class=sun.misc.URLClassPath$3@500003d1)
OBJ 50000603 (sz=24, trace=300193, class=java.lang.StringBuilder@50000135)
ARR 50000604 (sz=48, trace=300194, nelems=0, elem type=char[])
OBJ 50000605 (sz=24, trace=300195, class=java.lang.StringBuffer@50000136)
ARR 50000606 (sz=120, trace=300196, nelems=0, elem type=char[])
ARR 50000607 (sz=120, trace=300197, nelems=0, elem type=char[])
OBJ 50000608 (sz=24, trace=300198, class=java.lang.String@50000181)
ARR 50000609 (sz=120, trace=300010, nelems=0, elem type=char[])
ARR 5000060a (sz=232, trace=300010, nelems=0, elem type=char[])
OBJ 5000060b (sz=24, trace=300199, class=java.lang.String@50000181)
	value		5000060c
ARR 5000060c (sz=108, trace=300200, nelems=54, elem type=char[])
OBJ 5000060d (sz=64, trace=300201, class=java.net.URL@5000012d)
	protocol	50002244
	host		50000ed3
	file		5000060b
	authority	50000ed3
	path		5000060b
	handler		500023bd
OBJ 5000060e (sz=24, trace=300202, class=java.net.Parts@50000010)
OBJ 5000060f (sz=48, trace=300203, class=sun.misc.URLClassPath$JarLoader@500003d4)
	base		5000060d
	jar		5000069a
	csu		500023c4
	handler		500023bd
	lmap		500023be
OBJ 50000610 (sz=24, trace=300204, class=java.lang.StringBuilder@50000135)
ARR 50000611 (sz=112, trace=300205, nelems=0, elem type=char[])
ARR 50000612 (sz=64, trace=300206, nelems=0, elem type=byte[])
OBJ 50000613 (sz=48, trace=300207, class=java.nio.HeapByteBuffer@50000072)
ARR 50000614 (sz=112, trace=300208, nelems=0, elem type=char[])
OBJ 50000615 (sz=48, trace=300209, class=java.nio.HeapCharBuffer@5000006a)
OBJ 50000616 (sz=24, trace=300221, class=java.lang.String@50000181)
ARR 50000617 (sz=24, trace=300222, nelems=0, elem type=char[])
OBJ 50000618 (sz=24, trace=300223, class=java.lang.String@50000181)
ARR 50000619 (sz=24, trace=300224, nelems=0, elem type=char[])
OBJ 5000061a (sz=24, trace=300225, class=java.lang.String@50000181)
ARR 5000061b (sz=112, trace=300226, nelems=0, elem type=char[])
OBJ 5000061c (sz=32, trace=300227, class=java.io.File@5000012f)
OBJ 5000061d (sz=24, trace=300228, class=java.lang.StringBuffer@50000136)
ARR 5000061e (sz=112, trace=300229, nelems=0, elem type=char[])
ARR 5000061f (sz=104, trace=300230, nelems=0, elem type=char[])
OBJ 50000620 (sz=24, trace=300231, class=java.lang.String@50000181)
ARR 50000621 (sz=104, trace=300232, nelems=0, elem type=char[])
OBJ 50000622 (sz=24, trace=300233, class=java.lang.String@50000181)
ARR 50000623 (sz=104, trace=300234, nelems=0, elem type=char[])
OBJ 50000625 (sz=16, trace=300270, class=sun.misc.URLClassPath$JarLoader$1@50000624)
OBJ 50000627 (sz=24, trace=300272, class=sun.misc.FileURLMapper@50000626)
ARR 50000628 (sz=112, trace=300273, nelems=0, elem type=char[])
OBJ 50000629 (sz=24, trace=300274, class=java.lang.String@50000181)
OBJ 5000062a (sz=24, trace=300275, class=java.lang.StringBuilder@50000135)
ARR 5000062b (sz=112, trace=300276, nelems=0, elem type=char[])
ARR 5000062c (sz=64, trace=300277, nelems=0, elem type=byte[])
OBJ 5000062d (sz=48, trace=300207, class=java.nio.HeapByteBuffer@50000072)
ARR 5000062e (sz=112, trace=300278, nelems=0, elem type=char[])
OBJ 5000062f (sz=48, trace=300209, class=java.nio.HeapCharBuffer@5000006a)
OBJ 50000630 (sz=24, trace=300221, class=java.lang.String@50000181)
ARR 50000631 (sz=24, trace=300222, nelems=0, elem type=char[])
OBJ 50000632 (sz=24, trace=300223, class=java.lang.String@50000181)
ARR 50000633 (sz=24, trace=300224, nelems=0, elem type=char[])
OBJ 50000634 (sz=24, trace=300279, class=java.lang.String@50000181)
ARR 50000635 (sz=112, trace=300226, nelems=0, elem type=char[])
OBJ 50000636 (sz=32, trace=300280, class=java.io.File@5000012f)
OBJ 50000637 (sz=24, trace=300244, class=java.lang.StringBuffer@50000136)
ARR 50000638 (sz=112, trace=300245, nelems=0, elem type=char[])
ARR 50000639 (sz=104, trace=300246, nelems=0, elem type=char[])
OBJ 5000063a (sz=24, trace=300247, class=java.lang.String@50000181)
OBJ 5000063e (sz=16, trace=300283, class=java.util.jar.JavaUtilJarAccessImpl@5000063d)
ARR 5000063f (sz=20, trace=300284, nelems=10, elem type=char[])
ARR 50000640 (sz=512, trace=300285, nelems=128, elem type=int[])
ARR 50000641 (sz=40, trace=300286, nelems=10, elem type=int[])
OBJ 50000642 (sz=32, trace=300287, class=java.io.File@5000012f)
OBJ 50000643 (sz=24, trace=300244, class=java.lang.StringBuffer@50000136)
ARR 50000644 (sz=112, trace=300245, nelems=0, elem type=char[])
ARR 50000645 (sz=88, trace=300246, nelems=44, elem type=char[])
OBJ 50000646 (sz=24, trace=300247, class=java.lang.String@50000181)
	value		50000645
ARR 50000648 (sz=32, trace=300140, nelems=0, elem type=char[])
OBJ 50000649 (sz=24, trace=300141, class=java.lang.String@50000181)
ARR 5000064a (sz=32, trace=300142, nelems=0, elem type=char[])
OBJ 5000064c (sz=24, trace=300290, class=sun.nio.cs.US_ASCII@5000064b)
	name		5000125d
	aliases		50001262
ARR 5000064d (sz=24, trace=300291, nelems=0, elem type=java.lang.Object[]@5000011c)
ARR 5000064e (sz=40, trace=300140, nelems=0, elem type=char[])
OBJ 5000064f (sz=24, trace=300141, class=java.lang.String@50000181)
ARR 50000650 (sz=40, trace=300142, nelems=0, elem type=char[])
OBJ 50000651 (sz=24, trace=300143, class=java.lang.StringBuilder@50000135)
ARR 50000652 (sz=48, trace=300144, nelems=0, elem type=char[])
ARR 50000653 (sz=88, trace=300010, nelems=0, elem type=char[])
OBJ 50000654 (sz=24, trace=300145, class=java.lang.String@50000181)
ARR 50000655 (sz=64, trace=300146, nelems=0, elem type=char[])
ARR 50000657 (sz=16, trace=300148, nelems=0, elem type=java.lang.Class[]@50000117)
OBJ 50000658 (sz=56, trace=300149, class=java.lang.Class$ReflectionData@500000c4)
OBJ 50000659 (sz=40, trace=300040, class=java.lang.ref.SoftReference@50000165)
OBJ 5000065a (sz=80, trace=300150, class=java.lang.reflect.Constructor@50000151)
OBJ 5000065b (sz=24, trace=300151, class=java.lang.Class$1@500000ae)
OBJ 5000065c (sz=24, trace=300152, class=sun.reflect.NativeConstructorAccessorImpl@500000ac)
OBJ 5000065d (sz=16, trace=300153, class=sun.reflect.DelegatingConstructorAccessorImpl@500000ab)
OBJ 5000065e (sz=24, trace=300292, class=sun.nio.cs.ISO_8859_1@50000656)
	name		5000125c
	aliases		50001360
ARR 5000065f (sz=24, trace=300291, nelems=0, elem type=java.lang.Object[]@5000011c)
ARR 50000660 (sz=32, trace=300140, nelems=0, elem type=char[])
OBJ 50000661 (sz=24, trace=300141, class=java.lang.String@50000181)
ARR 50000662 (sz=32, trace=300142, nelems=0, elem type=char[])
ARR 50000663 (sz=24, trace=300291, nelems=0, elem type=java.lang.Object[]@5000011c)
ARR 50000664 (sz=32, trace=300140, nelems=0, elem type=char[])
OBJ 50000665 (sz=24, trace=300141, class=java.lang.String@50000181)
ARR 50000666 (sz=32, trace=300142, nelems=0, elem type=char[])
OBJ 50000667 (sz=24, trace=300143, class=java.lang.StringBuilder@50000135)
ARR 50000668 (sz=48, trace=300144, nelems=0, elem type=char[])
ARR 50000669 (sz=88, trace=300010, nelems=0, elem type=char[])
OBJ 5000066a (sz=24, trace=300145, class=java.lang.String@50000181)
ARR 5000066b (sz=56, trace=300146, nelems=0, elem type=char[])
ARR 5000066d (sz=16, trace=300148, nelems=0, elem type=java.lang.Class[]@50000117)
OBJ 5000066e (sz=56, trace=300149, class=java.lang.Class$ReflectionData@500000c4)
OBJ 5000066f (sz=40, trace=300040, class=java.lang.ref.SoftReference@50000165)
OBJ 50000670 (sz=80, trace=300150, class=java.lang.reflect.Constructor@50000151)
OBJ 50000671 (sz=24, trace=300151, class=java.lang.Class$1@500000ae)
OBJ 50000672 (sz=24, trace=300152, class=sun.reflect.NativeConstructorAccessorImpl@500000ac)
OBJ 50000673 (sz=16, trace=300153, class=sun.reflect.DelegatingConstructorAccessorImpl@500000ab)
OBJ 50000674 (sz=24, trace=300293, class=sun.nio.cs.UTF_16BE@5000066c)
	name		5000125f
	aliases		50001368
ARR 50000675 (sz=24, trace=300291, nelems=0, elem type=java.lang.Object[]@5000011c)
ARR 50000676 (sz=32, trace=300140, nelems=0, elem type=char[])
OBJ 50000677 (sz=24, trace=300141, class=java.lang.String@50000181)
ARR 50000678 (sz=32, trace=300142, nelems=0, elem type=char[])
OBJ 50000679 (sz=24, trace=300143, class=java.lang.StringBuilder@50000135)
ARR 5000067a (sz=48, trace=300144, nelems=0, elem type=char[])
ARR 5000067b (sz=88, trace=300010, nelems=0, elem type=char[])
OBJ 5000067c (sz=24, trace=300145, class=java.lang.String@50000181)
ARR 5000067d (sz=56, trace=300146, nelems=0, elem type=char[])
ARR 5000067f (sz=16, trace=300148, nelems=0, elem type=java.lang.Class[]@50000117)
OBJ 50000680 (sz=56, trace=300149, class=java.lang.Class$ReflectionData@500000c4)
OBJ 50000681 (sz=40, trace=300040, class=java.lang.ref.SoftReference@50000165)
OBJ 50000682 (sz=80, trace=300150, class=java.lang.reflect.Constructor@50000151)
OBJ 50000683 (sz=24, trace=300151, class=java.lang.Class$1@500000ae)
OBJ 50000684 (sz=24, trace=300152, class=sun.reflect.NativeConstructorAccessorImpl@500000ac)
OBJ 50000685 (sz=16, trace=300153, class=sun.reflect.DelegatingConstructorAccessorImpl@500000ab)
OBJ 50000686 (sz=24, trace=300294, class=sun.nio.cs.UTF_16LE@5000067e)
	name		50001260
	aliases		50001367
ARR 50000687 (sz=24, trace=300291, nelems=0, elem type=java.lang.Object[]@5000011c)
ARR 50000688 (sz=32, trace=300140, nelems=0, elem type=char[])
OBJ 50000689 (sz=24, trace=300141, class=java.lang.String@50000181)
ARR 5000068a (sz=32, trace=300142, nelems=0, elem type=char[])
OBJ 5000068b (sz=24, trace=300143, class=java.lang.StringBuilder@50000135)
ARR 5000068c (sz=48, trace=300144, nelems=0, elem type=char[])
ARR 5000068d (sz=88, trace=300010, nelems=0, elem type=char[])
OBJ 5000068e (sz=24, trace=300145, class=java.lang.String@50000181)
ARR 5000068f (sz=56, trace=300146, nelems=0, elem type=char[])
ARR 50000691 (sz=16, trace=300148, nelems=0, elem type=java.lang.Class[]@50000117)
OBJ 50000692 (sz=56, trace=300149, class=java.lang.Class$ReflectionData@500000c4)
OBJ 50000693 (sz=40, trace=300040, class=java.lang.ref.SoftReference@50000165)
OBJ 50000694 (sz=80, trace=300150, class=java.lang.reflect.Constructor@50000151)
OBJ 50000695 (sz=24, trace=300151, class=java.lang.Class$1@500000ae)
OBJ 50000696 (sz=24, trace=300152, class=sun.reflect.NativeConstructorAccessorImpl@500000ac)
OBJ 50000697 (sz=16, trace=300153, class=sun.reflect.DelegatingConstructorAccessorImpl@500000ab)
OBJ 50000698 (sz=24, trace=300295, class=sun.nio.cs.UTF_16@50000690)
	name		5000125e
	aliases		50001369
ARR 50000699 (sz=24, trace=300291, nelems=2, elem type=java.lang.Object[]@5000011c)
	[0]		5000125e
	[1]		50000698
OBJ 5000069a (sz=64, trace=300296, class=java.util.jar.JarFile@5000063b)
	name		50000646
	zc		500006a6
	streams		5000069c
	inflaterCache	500006a3
	manEntry	50000714
OBJ 5000069b (sz=40, trace=300133, class=java.lang.ref.Finalizer@50000160)
	referent	5000069a
	queue		50000dcc
	next		50000391
	prev		5000071a
OBJ 5000069c (sz=48, trace=300297, class=java.util.WeakHashMap@500000ba)
	table		5000069f
	queue		5000069d
OBJ 5000069d (sz=32, trace=300298, class=java.lang.ref.ReferenceQueue@500000e6)
	lock		5000069e
OBJ 5000069e (sz=16, trace=300299, class=java.lang.ref.ReferenceQueue$Lock@500000e4)
ARR 5000069f (sz=80, trace=300300, nelems=0, elem type=java.util.WeakHashMap$Entry[]@5000003e)
OBJ 500006a3 (sz=24, trace=300302, class=java.util.ArrayDeque@500006a2)
	elements	500006a4
ARR 500006a4 (sz=80, trace=300303, nelems=1, elem type=java.lang.Object[]@5000011c)
	[0]		5000071d
OBJ 500006a6 (sz=32, trace=300305, class=java.util.zip.ZipCoder@500006a5)
	cs		500003aa
	enc		500006da
ARR 500006a7 (sz=24, trace=300140, nelems=0, elem type=char[])
OBJ 500006a8 (sz=24, trace=300141, class=java.lang.String@50000181)
ARR 500006a9 (sz=24, trace=300142, nelems=0, elem type=char[])
OBJ 500006aa (sz=24, trace=300306, class=sun.security.action.GetPropertyAction@50000064)
OBJ 500006ab (sz=24, trace=300307, class=sun.security.action.GetPropertyAction@50000064)
ARR 500006ac (sz=24, trace=300155, nelems=2, elem type=java.lang.Object[]@5000011c)
	[0]		50000dd4
	[1]		50001545
OBJ 500006ad (sz=32, trace=300156, class=java.lang.StringCoding$StringEncoder@50000059)
	cs		50001545
	ce		500006af
	requestedCharsetName	50000dd4
ARR 500006ae (sz=24, trace=300308, nelems=0, elem type=byte[])
OBJ 500006af (sz=64, trace=300309, class=sun.nio.cs.ext.DoubleByte$Encoder@50000074)
	charset		50001545
	replacement	500006b5
	malformedInputAction	50001677
	unmappableCharacterAction	50001677
	cachedDecoder	500006b1
	c2b		50001736
	c2bIndex	50001735
	repl		500006b6
OBJ 500006b0 (sz=56, trace=300310, class=sun.nio.cs.ext.DoubleByte$Decoder@50000096)
	charset		50001545
	replacement	50001689
	malformedInputAction	50001676
	unmappableCharacterAction	50001676
	b2c		50001738
	b2cSB		50001737
OBJ 500006b1 (sz=32, trace=300311, class=java.lang.ref.WeakReference@50000164)
	referent	500006b0
	queue		5000168f
OBJ 500006b2 (sz=48, trace=300312, class=java.nio.HeapByteBuffer@50000072)
ARR 500006b3 (sz=24, trace=300313, nelems=0, elem type=char[])
OBJ 500006b4 (sz=48, trace=300209, class=java.nio.HeapCharBuffer@5000006a)
ARR 500006b5 (sz=1, trace=300160, nelems=1, elem type=byte[])
ARR 500006b6 (sz=1, trace=300314, nelems=1, elem type=byte[])
OBJ 500006b7 (sz=40, trace=300161, class=java.lang.ref.SoftReference@50000165)
	referent	500006ad
	queue		5000168f
ARR 500006b8 (sz=104, trace=300315, nelems=0, elem type=byte[])
ARR 500006b9 (sz=64, trace=300163, nelems=0, elem type=byte[])
OBJ 500006bc (sz=16, trace=300318, class=sun.misc.Perf$GetPerfAction@500006bb)
OBJ 500006be (sz=16, trace=300320, class=sun.misc.Perf@500006bd)
OBJ 500006c0 (sz=24, trace=300322, class=sun.misc.PerfCounter@500006ba)
	name		5000123f
	lb		500006c8
OBJ 500006c4 (sz=24, trace=300324, class=sun.security.action.GetPropertyAction@50000064)
OBJ 500006c5 (sz=64, trace=300325, class=java.nio.DirectByteBuffer@500006c3)
OBJ 500006c8 (sz=56, trace=300327, class=java.nio.DirectLongBufferU@500006c7)
	att		500006c5
OBJ 500006c9 (sz=24, trace=300328, class=sun.misc.PerfCounter@500006ba)
	name		5000123e
	lb		500006cb
OBJ 500006ca (sz=64, trace=300325, class=java.nio.DirectByteBuffer@500006c3)
OBJ 500006cb (sz=56, trace=300327, class=java.nio.DirectLongBufferU@500006c7)
	att		500006ca
OBJ 500006cc (sz=24, trace=300329, class=sun.misc.PerfCounter@500006ba)
	name		5000123d
	lb		500006ce
OBJ 500006cd (sz=64, trace=300325, class=java.nio.DirectByteBuffer@500006c3)
OBJ 500006ce (sz=56, trace=300327, class=java.nio.DirectLongBufferU@500006c7)
	att		500006cd
OBJ 500006cf (sz=24, trace=300330, class=sun.misc.PerfCounter@500006ba)
	name		50001240
	lb		500006d1
OBJ 500006d0 (sz=64, trace=300325, class=java.nio.DirectByteBuffer@500006c3)
OBJ 500006d1 (sz=56, trace=300327, class=java.nio.DirectLongBufferU@500006c7)
	att		500006d0
OBJ 500006d2 (sz=24, trace=300331, class=sun.misc.PerfCounter@500006ba)
	name		50001242
	lb		500006d4
OBJ 500006d3 (sz=64, trace=300325, class=java.nio.DirectByteBuffer@500006c3)
OBJ 500006d4 (sz=56, trace=300327, class=java.nio.DirectLongBufferU@500006c7)
	att		500006d3
OBJ 500006d5 (sz=24, trace=300332, class=sun.misc.PerfCounter@500006ba)
	name		50001241
	lb		500006d7
OBJ 500006d6 (sz=64, trace=300325, class=java.nio.DirectByteBuffer@500006c3)
OBJ 500006d7 (sz=56, trace=300327, class=java.nio.DirectLongBufferU@500006c7)
	att		500006d6
ARR 500006d9 (sz=24, trace=300158, nelems=0, elem type=byte[])
OBJ 500006da (sz=56, trace=300159, class=sun.nio.cs.UTF_8$Encoder@500003ad)
	charset		500003aa
	replacement	500006db
	malformedInputAction	50001676
	unmappableCharacterAction	50001676
ARR 500006db (sz=1, trace=300160, nelems=1, elem type=byte[])
ARR 500006dc (sz=56, trace=300334, nelems=0, elem type=char[])
ARR 500006dd (sz=80, trace=300335, nelems=0, elem type=byte[])
ARR 500006de (sz=40, trace=300336, nelems=0, elem type=byte[])
OBJ 500006e0 (sz=24, trace=300338, class=sun.security.action.GetPropertyAction@50000064)
ARR 500006e1 (sz=64, trace=300339, nelems=11, elem type=java.lang.String[]@500000db)
	[0]		500006e4
	[1]		500006e8
	[2]		500006ec
	[3]		500006f0
	[4]		500006f4
	[5]		500006f8
	[6]		500006fc
	[7]		50001230
	[8]		50000701
	[9]		50000706
	[10]		5000070b
OBJ 500006e2 (sz=24, trace=300340, class=java.lang.StringBuilder@50000135)
ARR 500006e3 (sz=48, trace=300341, nelems=0, elem type=char[])
OBJ 500006e4 (sz=24, trace=300342, class=java.lang.String@50000181)
	value		500006e5
ARR 500006e5 (sz=14, trace=300343, nelems=7, elem type=char[])
OBJ 500006e6 (sz=24, trace=300344, class=java.lang.StringBuilder@50000135)
ARR 500006e7 (sz=48, trace=300345, nelems=0, elem type=char[])
OBJ 500006e8 (sz=24, trace=300346, class=java.lang.String@50000181)
	value		500006e9
ARR 500006e9 (sz=18, trace=300347, nelems=9, elem type=char[])
OBJ 500006ea (sz=24, trace=300348, class=java.lang.StringBuilder@50000135)
ARR 500006eb (sz=48, trace=300349, nelems=0, elem type=char[])
OBJ 500006ec (sz=24, trace=300350, class=java.lang.String@50000181)
	value		500006ed
ARR 500006ed (sz=16, trace=300351, nelems=8, elem type=char[])
OBJ 500006ee (sz=24, trace=300352, class=java.lang.StringBuilder@50000135)
ARR 500006ef (sz=48, trace=300353, nelems=0, elem type=char[])
OBJ 500006f0 (sz=24, trace=300354, class=java.lang.String@50000181)
	value		500006f1
ARR 500006f1 (sz=26, trace=300355, nelems=13, elem type=char[])
OBJ 500006f2 (sz=24, trace=300356, class=java.lang.StringBuilder@50000135)
ARR 500006f3 (sz=48, trace=300357, nelems=0, elem type=char[])
OBJ 500006f4 (sz=24, trace=300358, class=java.lang.String@50000181)
	value		500006f5
ARR 500006f5 (sz=20, trace=300359, nelems=10, elem type=char[])
OBJ 500006f6 (sz=24, trace=300360, class=java.lang.StringBuilder@50000135)
ARR 500006f7 (sz=48, trace=300361, nelems=0, elem type=char[])
OBJ 500006f8 (sz=24, trace=300362, class=java.lang.String@50000181)
	value		500006f9
ARR 500006f9 (sz=20, trace=300363, nelems=10, elem type=char[])
OBJ 500006fa (sz=24, trace=300364, class=java.lang.StringBuilder@50000135)
ARR 500006fb (sz=48, trace=300365, nelems=0, elem type=char[])
OBJ 500006fc (sz=24, trace=300366, class=java.lang.String@50000181)
	value		500006fd
ARR 500006fd (sz=30, trace=300367, nelems=15, elem type=char[])
OBJ 500006fe (sz=24, trace=300368, class=java.lang.StringBuilder@50000135)
ARR 500006ff (sz=48, trace=300369, nelems=0, elem type=char[])
ARR 50000700 (sz=88, trace=300010, nelems=0, elem type=char[])
OBJ 50000701 (sz=24, trace=300370, class=java.lang.String@50000181)
	value		50000702
ARR 50000702 (sz=62, trace=300371, nelems=31, elem type=char[])
OBJ 50000703 (sz=24, trace=300372, class=java.lang.StringBuilder@50000135)
ARR 50000704 (sz=48, trace=300373, nelems=0, elem type=char[])
ARR 50000705 (sz=88, trace=300010, nelems=0, elem type=char[])
OBJ 50000706 (sz=24, trace=300374, class=java.lang.String@50000181)
	value		50000707
ARR 50000707 (sz=50, trace=300375, nelems=25, elem type=char[])
OBJ 50000708 (sz=24, trace=300376, class=java.lang.StringBuilder@50000135)
ARR 50000709 (sz=48, trace=300377, nelems=0, elem type=char[])
ARR 5000070a (sz=88, trace=300010, nelems=0, elem type=char[])
OBJ 5000070b (sz=24, trace=300378, class=java.lang.String@50000181)
	value		5000070c
ARR 5000070c (sz=42, trace=300379, nelems=21, elem type=char[])
ARR 5000070d (sz=56, trace=300334, nelems=0, elem type=char[])
ARR 5000070e (sz=80, trace=300335, nelems=0, elem type=byte[])
ARR 5000070f (sz=40, trace=300336, nelems=0, elem type=byte[])
OBJ 50000711 (sz=80, trace=300381, class=java.util.zip.ZipEntry@50000710)
OBJ 50000714 (sz=96, trace=300383, class=java.util.jar.JarFile$JarFileEntry@50000713)
	name		5000122e
	this$0		5000069a
ARR 50000715 (sz=56, trace=300384, nelems=0, elem type=char[])
ARR 50000716 (sz=80, trace=300385, nelems=0, elem type=byte[])
ARR 50000717 (sz=40, trace=300386, nelems=0, elem type=byte[])
OBJ 50000719 (sz=56, trace=300388, class=java.util.zip.ZipFile$ZipFileInputStream@50000718)
	this$0		5000069a
OBJ 5000071a (sz=40, trace=300133, class=java.lang.ref.Finalizer@50000160)
	referent	50000719
	queue		50000dcc
	next		5000069b
	prev		5000071e
ARR 5000071c (sz=0, trace=300390, nelems=0, elem type=byte[])
OBJ 5000071d (sz=48, trace=300391, class=java.util.zip.Inflater@5000071b)
	zsRef		50000720
	buf		5000071c
OBJ 5000071e (sz=40, trace=300133, class=java.lang.ref.Finalizer@50000160)
	referent	5000071d
	queue		50000dcc
	next		5000071a
	prev		50000724
OBJ 50000720 (sz=24, trace=300393, class=java.util.zip.ZStreamRef@5000071f)
OBJ 50000723 (sz=56, trace=300395, class=java.util.zip.ZipFile$ZipFileInflaterInputStream@50000722)
	in		50000719
	inf		5000071d
	buf		50000727
	singleByteBuf	50000725
	b		50000726
	zfin		50000719
	this$0		5000069a
OBJ 50000724 (sz=40, trace=300133, class=java.lang.ref.Finalizer@50000160)
	referent	50000723
	queue		50000dcc
	next		5000071e
	prev		50000772
ARR 50000725 (sz=1, trace=300396, nelems=1, elem type=byte[])
ARR 50000726 (sz=512, trace=300397, nelems=512, elem type=byte[])
ARR 50000727 (sz=73, trace=300398, nelems=73, elem type=byte[])
OBJ 50000728 (sz=40, trace=300399, class=java.util.WeakHashMap$Entry@5000003f)
ARR 5000072a (sz=16, trace=300401, nelems=0, elem type=byte[])
ARR 5000072b (sz=88, trace=300402, nelems=0, elem type=byte[])
OBJ 5000072c (sz=32, trace=300080, class=java.util.HashMap$Node@500000d7)
	key		50000600
	value		5000060f
ARR 5000072d (sz=64, trace=300334, nelems=0, elem type=char[])
ARR 5000072e (sz=80, trace=300335, nelems=0, elem type=byte[])
ARR 5000072f (sz=40, trace=300336, nelems=0, elem type=byte[])
OBJ 50000730 (sz=24, trace=300183, class=java.lang.StringBuilder@50000135)
ARR 50000731 (sz=48, trace=300184, nelems=0, elem type=char[])
ARR 50000732 (sz=136, trace=300010, nelems=0, elem type=char[])
OBJ 50000733 (sz=24, trace=300185, class=java.lang.String@50000181)
	value		50000734
ARR 50000734 (sz=114, trace=300186, nelems=57, elem type=char[])
OBJ 50000735 (sz=24, trace=300188, class=sun.misc.URLClassPath$3@500003d1)
OBJ 50000736 (sz=24, trace=300193, class=java.lang.StringBuilder@50000135)
ARR 50000737 (sz=48, trace=300194, nelems=0, elem type=char[])
OBJ 50000738 (sz=24, trace=300195, class=java.lang.StringBuffer@50000136)
ARR 50000739 (sz=128, trace=300196, nelems=0, elem type=char[])
ARR 5000073a (sz=128, trace=300197, nelems=0, elem type=char[])
OBJ 5000073b (sz=24, trace=300198, class=java.lang.String@50000181)
ARR 5000073c (sz=128, trace=300010, nelems=0, elem type=char[])
ARR 5000073d (sz=240, trace=300010, nelems=0, elem type=char[])
OBJ 5000073e (sz=24, trace=300199, class=java.lang.String@50000181)
	value		5000073f
ARR 5000073f (sz=114, trace=300200, nelems=57, elem type=char[])
OBJ 50000740 (sz=64, trace=300201, class=java.net.URL@5000012d)
	protocol	50002244
	host		50000ed3
	file		5000073e
	authority	50000ed3
	path		5000073e
	handler		500023bd
OBJ 50000741 (sz=24, trace=300202, class=java.net.Parts@50000010)
OBJ 50000742 (sz=48, trace=300203, class=sun.misc.URLClassPath$JarLoader@500003d4)
	base		50000740
	jar		50000771
	csu		500023c5
	handler		500023bd
	lmap		500023be
OBJ 50000743 (sz=24, trace=300204, class=java.lang.StringBuilder@50000135)
ARR 50000744 (sz=120, trace=300205, nelems=0, elem type=char[])
ARR 50000745 (sz=72, trace=300206, nelems=0, elem type=byte[])
OBJ 50000746 (sz=48, trace=300207, class=java.nio.HeapByteBuffer@50000072)
ARR 50000747 (sz=120, trace=300208, nelems=0, elem type=char[])
OBJ 50000748 (sz=48, trace=300209, class=java.nio.HeapCharBuffer@5000006a)
OBJ 50000749 (sz=24, trace=300221, class=java.lang.String@50000181)
ARR 5000074a (sz=24, trace=300222, nelems=0, elem type=char[])
OBJ 5000074b (sz=24, trace=300223, class=java.lang.String@50000181)
ARR 5000074c (sz=24, trace=300224, nelems=0, elem type=char[])
OBJ 5000074d (sz=24, trace=300225, class=java.lang.String@50000181)
ARR 5000074e (sz=112, trace=300226, nelems=0, elem type=char[])
OBJ 5000074f (sz=32, trace=300227, class=java.io.File@5000012f)
OBJ 50000750 (sz=24, trace=300228, class=java.lang.StringBuffer@50000136)
ARR 50000751 (sz=112, trace=300229, nelems=0, elem type=char[])
ARR 50000752 (sz=112, trace=300230, nelems=0, elem type=char[])
OBJ 50000753 (sz=24, trace=300231, class=java.lang.String@50000181)
ARR 50000754 (sz=112, trace=300232, nelems=0, elem type=char[])
OBJ 50000755 (sz=24, trace=300233, class=java.lang.String@50000181)
ARR 50000756 (sz=112, trace=300234, nelems=0, elem type=char[])
OBJ 50000757 (sz=16, trace=300270, class=sun.misc.URLClassPath$JarLoader$1@50000624)
OBJ 50000758 (sz=24, trace=300272, class=sun.misc.FileURLMapper@50000626)
ARR 50000759 (sz=120, trace=300273, nelems=0, elem type=char[])
OBJ 5000075a (sz=24, trace=300274, class=java.lang.String@50000181)
OBJ 5000075b (sz=24, trace=300275, class=java.lang.StringBuilder@50000135)
ARR 5000075c (sz=120, trace=300276, nelems=0, elem type=char[])
ARR 5000075d (sz=72, trace=300277, nelems=0, elem type=byte[])
OBJ 5000075e (sz=48, trace=300207, class=java.nio.HeapByteBuffer@50000072)
ARR 5000075f (sz=120, trace=300278, nelems=0, elem type=char[])
OBJ 50000760 (sz=48, trace=300209, class=java.nio.HeapCharBuffer@5000006a)
OBJ 50000761 (sz=24, trace=300221, class=java.lang.String@50000181)
ARR 50000762 (sz=24, trace=300222, nelems=0, elem type=char[])
OBJ 50000763 (sz=24, trace=300223, class=java.lang.String@50000181)
ARR 50000764 (sz=24, trace=300224, nelems=0, elem type=char[])
OBJ 50000765 (sz=24, trace=300279, class=java.lang.String@50000181)
ARR 50000766 (sz=112, trace=300226, nelems=0, elem type=char[])
OBJ 50000767 (sz=32, trace=300280, class=java.io.File@5000012f)
OBJ 50000768 (sz=24, trace=300244, class=java.lang.StringBuffer@50000136)
ARR 50000769 (sz=112, trace=300245, nelems=0, elem type=char[])
ARR 5000076a (sz=112, trace=300246, nelems=0, elem type=char[])
OBJ 5000076b (sz=24, trace=300247, class=java.lang.String@50000181)
OBJ 5000076c (sz=32, trace=300287, class=java.io.File@5000012f)
OBJ 5000076d (sz=24, trace=300244, class=java.lang.StringBuffer@50000136)
ARR 5000076e (sz=112, trace=300245, nelems=0, elem type=char[])
ARR 5000076f (sz=94, trace=300246, nelems=47, elem type=char[])
OBJ 50000770 (sz=24, trace=300247, class=java.lang.String@50000181)
	value		5000076f
OBJ 50000771 (sz=64, trace=300296, class=java.util.jar.JarFile@5000063b)
	name		50000770
	zc		50000779
	streams		50000773
	inflaterCache	50000777
	manEntry	50000786
OBJ 50000772 (sz=40, trace=300133, class=java.lang.ref.Finalizer@50000160)
	referent	50000771
	queue		50000dcc
	next		50000724
	prev		5000078b
OBJ 50000773 (sz=48, trace=300297, class=java.util.WeakHashMap@500000ba)
	table		50000776
	queue		50000774
OBJ 50000774 (sz=32, trace=300298, class=java.lang.ref.ReferenceQueue@500000e6)
	lock		50000775
OBJ 50000775 (sz=16, trace=300299, class=java.lang.ref.ReferenceQueue$Lock@500000e4)
ARR 50000776 (sz=80, trace=300300, nelems=0, elem type=java.util.WeakHashMap$Entry[]@5000003e)
OBJ 50000777 (sz=24, trace=300302, class=java.util.ArrayDeque@500006a2)
	elements	50000778
ARR 50000778 (sz=80, trace=300303, nelems=0, elem type=java.lang.Object[]@5000011c)
OBJ 50000779 (sz=32, trace=300305, class=java.util.zip.ZipCoder@500006a5)
	cs		500003aa
	enc		5000077d
ARR 5000077a (sz=112, trace=300315, nelems=0, elem type=byte[])
ARR 5000077b (sz=64, trace=300163, nelems=0, elem type=byte[])
ARR 5000077c (sz=24, trace=300158, nelems=0, elem type=byte[])
OBJ 5000077d (sz=56, trace=300159, class=sun.nio.cs.UTF_8$Encoder@500003ad)
	charset		500003aa
	replacement	5000077e
	malformedInputAction	50001676
	unmappableCharacterAction	50001676
ARR 5000077e (sz=1, trace=300160, nelems=1, elem type=byte[])
ARR 5000077f (sz=56, trace=300334, nelems=0, elem type=char[])
ARR 50000780 (sz=80, trace=300335, nelems=0, elem type=byte[])
ARR 50000781 (sz=40, trace=300336, nelems=0, elem type=byte[])
ARR 50000782 (sz=56, trace=300334, nelems=0, elem type=char[])
ARR 50000783 (sz=80, trace=300335, nelems=0, elem type=byte[])
ARR 50000784 (sz=40, trace=300336, nelems=0, elem type=byte[])
OBJ 50000785 (sz=80, trace=300381, class=java.util.zip.ZipEntry@50000710)
OBJ 50000786 (sz=96, trace=300383, class=java.util.jar.JarFile$JarFileEntry@50000713)
	name		5000122e
	this$0		50000771
ARR 50000787 (sz=56, trace=300384, nelems=0, elem type=char[])
ARR 50000788 (sz=80, trace=300385, nelems=0, elem type=byte[])
ARR 50000789 (sz=40, trace=300386, nelems=0, elem type=byte[])
OBJ 5000078a (sz=56, trace=300388, class=java.util.zip.ZipFile$ZipFileInputStream@50000718)
	this$0		50000771
OBJ 5000078b (sz=40, trace=300133, class=java.lang.ref.Finalizer@50000160)
	referent	5000078a
	queue		50000dcc
	next		50000772
	prev		500007e1
OBJ 5000078c (sz=40, trace=300399, class=java.util.WeakHashMap$Entry@5000003f)
ARR 5000078d (sz=16, trace=300401, nelems=0, elem type=byte[])
ARR 5000078e (sz=88, trace=300402, nelems=0, elem type=byte[])
OBJ 5000078f (sz=32, trace=300080, class=java.util.HashMap$Node@500000d7)
	key		50000733
	value		50000742
ARR 50000790 (sz=64, trace=300334, nelems=0, elem type=char[])
ARR 50000791 (sz=80, trace=300335, nelems=0, elem type=byte[])
ARR 50000792 (sz=40, trace=300336, nelems=0, elem type=byte[])
OBJ 50000793 (sz=24, trace=300183, class=java.lang.StringBuilder@50000135)
ARR 50000794 (sz=48, trace=300184, nelems=0, elem type=char[])
ARR 50000795 (sz=168, trace=300010, nelems=0, elem type=char[])
OBJ 50000796 (sz=24, trace=300185, class=java.lang.String@50000181)
ARR 50000797 (sz=168, trace=300186, nelems=0, elem type=char[])
OBJ 50000798 (sz=40, trace=300237, class=java.lang.ClassNotFoundException@5000016f)
	detailMessage	500003bd
	stackTrace	5000169a
	suppressedExceptions	50001699
ARR 50000799 (sz=24, trace=300403, nelems=1, elem type=java.lang.Object[]@5000011c)
	[0]		500003bd
OBJ 5000079d (sz=40, trace=300407, class=java.util.ResourceBundle$1@5000079c)
	cacheKey	500026ec
OBJ 5000079e (sz=64, trace=300408, class=java.util.concurrent.ConcurrentHashMap@5000002a)
	table		50000c0f
OBJ 5000079f (sz=32, trace=300409, class=java.lang.ref.ReferenceQueue@500000e6)
	lock		500007a0
OBJ 500007a0 (sz=16, trace=300410, class=java.lang.ref.ReferenceQueue$Lock@500000e4)
OBJ 500007a3 (sz=32, trace=300413, class=java.util.ServiceLoader@500007a2)
OBJ 500007a4 (sz=56, trace=300414, class=java.util.LinkedHashMap@5000005f)
OBJ 500007a6 (sz=40, trace=300416, class=java.util.ServiceLoader$LazyIterator@500007a5)
OBJ 500007a8 (sz=24, trace=300418, class=java.util.ServiceLoader$1@500007a7)
OBJ 500007aa (sz=16, trace=300420, class=java.util.LinkedHashMap$LinkedEntrySet@500007a9)
OBJ 500007ad (sz=32, trace=300422, class=java.util.LinkedHashMap$LinkedEntryIterator@500007ac)
OBJ 500007ae (sz=24, trace=300423, class=java.lang.StringBuilder@50000135)
ARR 500007af (sz=48, trace=300424, nelems=0, elem type=char[])
ARR 500007b0 (sz=88, trace=300010, nelems=0, elem type=char[])
ARR 500007b1 (sz=160, trace=300010, nelems=0, elem type=char[])
OBJ 500007b2 (sz=24, trace=300425, class=java.lang.String@50000181)
ARR 500007b3 (sz=144, trace=300426, nelems=0, elem type=char[])
ARR 500007b5 (sz=24, trace=300427, nelems=0, elem type=java.util.Enumeration[]@500007b4)
OBJ 500007b8 (sz=16, trace=300430, class=sun.misc.Launcher$BootClassPathHolder$1@500007b7)
ARR 500007b9 (sz=48, trace=300431, nelems=0, elem type=java.io.File[]@50000038)
OBJ 500007ba (sz=24, trace=300432, class=java.lang.String@50000181)
	value		500007bb
ARR 500007bb (sz=104, trace=300433, nelems=52, elem type=char[])
OBJ 500007bc (sz=32, trace=300434, class=java.io.File@5000012f)
OBJ 500007bd (sz=24, trace=300432, class=java.lang.String@50000181)
ARR 500007be (sz=112, trace=300433, nelems=0, elem type=char[])
OBJ 500007bf (sz=32, trace=300434, class=java.io.File@5000012f)
OBJ 500007c0 (sz=24, trace=300432, class=java.lang.String@50000181)
ARR 500007c1 (sz=128, trace=300433, nelems=0, elem type=char[])
OBJ 500007c2 (sz=32, trace=300434, class=java.io.File@5000012f)
OBJ 500007c3 (sz=24, trace=300432, class=java.lang.String@50000181)
ARR 500007c4 (sz=112, trace=300433, nelems=0, elem type=char[])
OBJ 500007c5 (sz=32, trace=300434, class=java.io.File@5000012f)
OBJ 500007c6 (sz=24, trace=300432, class=java.lang.String@50000181)
ARR 500007c7 (sz=112, trace=300433, nelems=0, elem type=char[])
OBJ 500007c8 (sz=32, trace=300434, class=java.io.File@5000012f)
OBJ 500007c9 (sz=24, trace=300432, class=java.lang.String@50000181)
ARR 500007ca (sz=120, trace=300433, nelems=0, elem type=char[])
OBJ 500007cb (sz=32, trace=300434, class=java.io.File@5000012f)
OBJ 500007cc (sz=24, trace=300432, class=java.lang.String@50000181)
ARR 500007cd (sz=112, trace=300433, nelems=0, elem type=char[])
OBJ 500007ce (sz=32, trace=300434, class=java.io.File@5000012f)
OBJ 500007cf (sz=24, trace=300435, class=java.lang.String@50000181)
	value		500007d0
ARR 500007d0 (sz=84, trace=300436, nelems=42, elem type=char[])
OBJ 500007d1 (sz=32, trace=300437, class=java.io.File@5000012f)
OBJ 500007d2 (sz=16, trace=300438, class=java.util.HashSet@50000005)
OBJ 500007d3 (sz=48, trace=300439, class=java.util.HashMap@500000d9)
OBJ 500007d4 (sz=24, trace=300440, class=java.lang.String@50000181)
	value		500007d5
ARR 500007d5 (sz=76, trace=300441, nelems=38, elem type=char[])
OBJ 500007d6 (sz=32, trace=300442, class=java.io.File@5000012f)
ARR 500007d7 (sz=96, trace=300232, nelems=0, elem type=char[])
OBJ 500007d8 (sz=24, trace=300233, class=java.lang.String@50000181)
ARR 500007d9 (sz=96, trace=300234, nelems=0, elem type=char[])
ARR 500007da (sz=80, trace=300443, nelems=0, elem type=java.util.HashMap$Node[]@500000d5)
OBJ 500007db (sz=32, trace=300080, class=java.util.HashMap$Node@500000d7)
OBJ 500007dc (sz=32, trace=300444, class=java.io.File@5000012f)
ARR 500007dd (sz=120, trace=300445, nelems=0, elem type=char[])
OBJ 500007de (sz=24, trace=300446, class=java.lang.String@50000181)
	value		500007df
ARR 500007df (sz=98, trace=300268, nelems=49, elem type=char[])
OBJ 500007e0 (sz=32, trace=300447, class=java.io.FileInputStream@5000008b)
	fd		500007e3
	path		500007de
	closeLock	500007e2
OBJ 500007e1 (sz=40, trace=300133, class=java.lang.ref.Finalizer@50000160)
	referent	500007e0
	queue		50000dcc
	next		5000078b
OBJ 500007e2 (sz=16, trace=300448, class=java.lang.Object@50000185)
OBJ 500007e3 (sz=40, trace=300449, class=java.io.FileDescriptor@5000008a)
	parent		500007e0
OBJ 500007e4 (sz=24, trace=300450, class=java.io.FileReader@50000032)
OBJ 500007e5 (sz=56, trace=300310, class=sun.nio.cs.ext.DoubleByte$Decoder@50000096)
OBJ 500007e6 (sz=48, trace=300451, class=sun.nio.cs.StreamDecoder@50000031)
ARR 500007e7 (sz=8208, trace=300452, nelems=0, elem type=byte[])
OBJ 500007e8 (sz=48, trace=300207, class=java.nio.HeapByteBuffer@50000072)
OBJ 500007e9 (sz=48, trace=300453, class=java.io.BufferedReader@50000034)
ARR 500007ea (sz=16400, trace=300454, nelems=0, elem type=char[])
OBJ 500007eb (sz=24, trace=300455, class=java.util.ArrayList@500000f1)
OBJ 500007ec (sz=24, trace=300108, class=java.lang.String@50000181)
ARR 500007ed (sz=88, trace=300109, nelems=0, elem type=char[])
OBJ 500007ee (sz=24, trace=300110, class=java.io.ExpiringCache$Entry@50000055)
	val		50000f21
OBJ 500007ef (sz=40, trace=300248, class=java.util.LinkedHashMap$Entry@50000054)
	key		500007d4
	value		500007ee
	before		500005db
	after		50000934
OBJ 500007f0 (sz=24, trace=300112, class=java.lang.String@50000181)
ARR 500007f1 (sz=88, trace=300109, nelems=0, elem type=char[])
OBJ 500007f2 (sz=32, trace=300249, class=java.io.File@5000012f)
OBJ 500007f3 (sz=32, trace=300456, class=java.io.File@5000012f)
OBJ 500007f4 (sz=48, trace=300457, class=java.nio.HeapCharBuffer@5000006a)
OBJ 500007f5 (sz=24, trace=300458, class=java.lang.String@50000181)
ARR 500007f6 (sz=40, trace=300459, nelems=0, elem type=char[])
OBJ 500007f7 (sz=24, trace=300460, class=java.lang.String@50000181)
ARR 500007f8 (sz=120, trace=300459, nelems=0, elem type=char[])
OBJ 500007f9 (sz=24, trace=300460, class=java.lang.String@50000181)
ARR 500007fa (sz=136, trace=300459, nelems=0, elem type=char[])
OBJ 500007fb (sz=24, trace=300460, class=java.lang.String@50000181)
ARR 500007fc (sz=96, trace=300459, nelems=0, elem type=char[])
OBJ 500007fd (sz=24, trace=300460, class=java.lang.String@50000181)
ARR 500007fe (sz=48, trace=300459, nelems=0, elem type=char[])
OBJ 500007ff (sz=24, trace=300461, class=java.lang.String@50000181)
ARR 50000800 (sz=40, trace=300462, nelems=0, elem type=char[])
OBJ 50000801 (sz=24, trace=300460, class=java.lang.String@50000181)
	value		50000802
ARR 50000802 (sz=14, trace=300459, nelems=7, elem type=char[])
ARR 50000803 (sz=56, trace=300235, nelems=0, elem type=java.lang.Object[]@5000011c)
OBJ 50000804 (sz=24, trace=300460, class=java.lang.String@50000181)
	value		50000805
ARR 50000805 (sz=14, trace=300459, nelems=7, elem type=char[])
OBJ 50000806 (sz=24, trace=300460, class=java.lang.String@50000181)
ARR 50000807 (sz=40, trace=300459, nelems=0, elem type=char[])
OBJ 50000808 (sz=32, trace=300463, class=java.io.File@5000012f)
	path		5000080a
ARR 50000809 (sz=120, trace=300464, nelems=0, elem type=char[])
OBJ 5000080a (sz=24, trace=300465, class=java.lang.String@50000181)
	value		5000080b
ARR 5000080b (sz=102, trace=300268, nelems=51, elem type=char[])
OBJ 5000080c (sz=24, trace=300466, class=sun.misc.MetaIndex@50000036)
	contents	5000231b
ARR 5000080d (sz=16, trace=300467, nelems=0, elem type=java.lang.String[]@500000db)
ARR 5000080e (sz=120, trace=300232, nelems=0, elem type=char[])
OBJ 5000080f (sz=24, trace=300233, class=java.lang.String@50000181)
ARR 50000810 (sz=120, trace=300234, nelems=0, elem type=char[])
OBJ 50000811 (sz=32, trace=300081, class=java.util.HashMap$Node@500000d7)
	key		50000808
	value		5000080c
ARR 50000812 (sz=144, trace=300468, nelems=31, elem type=java.util.HashMap$Node[]@500000d5)
	[6]		500022b2
	[11]		500022b3
	[12]		500022b4
	[13]		500022b5
	[15]		5000083c
	[16]		500022b6
	[17]		500022b7
	[20]		500008a5
	[21]		500022b8
	[22]		500022b9
	[27]		500022ba
	[30]		500022bb
OBJ 50000813 (sz=24, trace=300461, class=java.lang.String@50000181)
ARR 50000814 (sz=32, trace=300462, nelems=0, elem type=char[])
OBJ 50000815 (sz=24, trace=300460, class=java.lang.String@50000181)
	value		50000816
ARR 50000816 (sz=24, trace=300459, nelems=12, elem type=char[])
OBJ 50000817 (sz=24, trace=300460, class=java.lang.String@50000181)
	value		50000818
ARR 50000818 (sz=24, trace=300459, nelems=12, elem type=char[])
OBJ 50000819 (sz=24, trace=300460, class=java.lang.String@50000181)
	value		5000081a
ARR 5000081a (sz=42, trace=300459, nelems=21, elem type=char[])
OBJ 5000081b (sz=24, trace=300460, class=java.lang.String@50000181)
	value		5000081c
ARR 5000081c (sz=40, trace=300459, nelems=20, elem type=char[])
OBJ 5000081d (sz=24, trace=300460, class=java.lang.String@50000181)
ARR 5000081e (sz=40, trace=300459, nelems=0, elem type=char[])
OBJ 5000081f (sz=32, trace=300463, class=java.io.File@5000012f)
	path		50000821
ARR 50000820 (sz=112, trace=300464, nelems=0, elem type=char[])
OBJ 50000821 (sz=24, trace=300465, class=java.lang.String@50000181)
	value		50000822
ARR 50000822 (sz=92, trace=300268, nelems=46, elem type=char[])
OBJ 50000823 (sz=24, trace=300466, class=sun.misc.MetaIndex@50000036)
	contents	50002362
ARR 50000824 (sz=16, trace=300467, nelems=0, elem type=java.lang.String[]@500000db)
ARR 50000825 (sz=112, trace=300232, nelems=0, elem type=char[])
OBJ 50000826 (sz=24, trace=300233, class=java.lang.String@50000181)
ARR 50000827 (sz=112, trace=300234, nelems=0, elem type=char[])
OBJ 50000828 (sz=32, trace=300081, class=java.util.HashMap$Node@500000d7)
	key		5000081f
	value		50000823
OBJ 50000829 (sz=24, trace=300461, class=java.lang.String@50000181)
ARR 5000082a (sz=32, trace=300462, nelems=0, elem type=char[])
OBJ 5000082b (sz=24, trace=300460, class=java.lang.String@50000181)
	value		5000082c
ARR 5000082c (sz=30, trace=300459, nelems=15, elem type=char[])
OBJ 5000082d (sz=24, trace=300460, class=java.lang.String@50000181)
	value		5000082e
ARR 5000082e (sz=14, trace=300459, nelems=7, elem type=char[])
OBJ 5000082f (sz=24, trace=300460, class=java.lang.String@50000181)
	value		50000830
ARR 50000830 (sz=38, trace=300459, nelems=19, elem type=char[])
OBJ 50000831 (sz=24, trace=300460, class=java.lang.String@50000181)
ARR 50000832 (sz=40, trace=300459, nelems=0, elem type=char[])
OBJ 50000833 (sz=32, trace=300463, class=java.io.File@5000012f)
	path		50000835
ARR 50000834 (sz=112, trace=300464, nelems=0, elem type=char[])
OBJ 50000835 (sz=24, trace=300465, class=java.lang.String@50000181)
	value		50000836
ARR 50000836 (sz=92, trace=300268, nelems=46, elem type=char[])
OBJ 50000837 (sz=24, trace=300466, class=sun.misc.MetaIndex@50000036)
	contents	50002309
ARR 50000838 (sz=16, trace=300467, nelems=0, elem type=java.lang.String[]@500000db)
ARR 50000839 (sz=112, trace=300232, nelems=0, elem type=char[])
OBJ 5000083a (sz=24, trace=300233, class=java.lang.String@50000181)
ARR 5000083b (sz=112, trace=300234, nelems=0, elem type=char[])
OBJ 5000083c (sz=32, trace=300080, class=java.util.HashMap$Node@500000d7)
	key		50000833
	value		50000837
OBJ 5000083d (sz=24, trace=300461, class=java.lang.String@50000181)
ARR 5000083e (sz=32, trace=300462, nelems=0, elem type=char[])
OBJ 5000083f (sz=24, trace=300460, class=java.lang.String@50000181)
	value		50000840
ARR 50000840 (sz=24, trace=300459, nelems=12, elem type=char[])
OBJ 50000841 (sz=24, trace=300460, class=java.lang.String@50000181)
	value		50000842
ARR 50000842 (sz=24, trace=300459, nelems=12, elem type=char[])
OBJ 50000843 (sz=24, trace=300460, class=java.lang.String@50000181)
ARR 50000844 (sz=64, trace=300459, nelems=0, elem type=char[])
OBJ 50000845 (sz=32, trace=300463, class=java.io.File@5000012f)
	path		50000847
ARR 50000846 (sz=112, trace=300464, nelems=0, elem type=char[])
OBJ 50000847 (sz=24, trace=300465, class=java.lang.String@50000181)
	value		50000848
ARR 50000848 (sz=94, trace=300268, nelems=47, elem type=char[])
OBJ 50000849 (sz=24, trace=300466, class=sun.misc.MetaIndex@50000036)
	contents	500022d1
ARR 5000084a (sz=16, trace=300467, nelems=0, elem type=java.lang.String[]@500000db)
ARR 5000084b (sz=112, trace=300232, nelems=0, elem type=char[])
OBJ 5000084c (sz=24, trace=300233, class=java.lang.String@50000181)
ARR 5000084d (sz=112, trace=300234, nelems=0, elem type=char[])
OBJ 5000084e (sz=32, trace=300081, class=java.util.HashMap$Node@500000d7)
	key		50000845
	value		50000849
OBJ 5000084f (sz=24, trace=300461, class=java.lang.String@50000181)
ARR 50000850 (sz=56, trace=300462, nelems=0, elem type=char[])
OBJ 50000851 (sz=24, trace=300460, class=java.lang.String@50000181)
ARR 50000852 (sz=48, trace=300459, nelems=0, elem type=char[])
OBJ 50000853 (sz=24, trace=300461, class=java.lang.String@50000181)
ARR 50000854 (sz=48, trace=300462, nelems=0, elem type=char[])
OBJ 50000855 (sz=24, trace=300460, class=java.lang.String@50000181)
	value		50000856
ARR 50000856 (sz=54, trace=300459, nelems=27, elem type=char[])
OBJ 50000857 (sz=24, trace=300460, class=java.lang.String@50000181)
	value		50000858
ARR 50000858 (sz=104, trace=300459, nelems=52, elem type=char[])
OBJ 50000859 (sz=24, trace=300460, class=java.lang.String@50000181)
	value		5000085a
ARR 5000085a (sz=96, trace=300459, nelems=48, elem type=char[])
OBJ 5000085b (sz=24, trace=300460, class=java.lang.String@50000181)
	value		5000085c
ARR 5000085c (sz=28, trace=300459, nelems=14, elem type=char[])
OBJ 5000085d (sz=24, trace=300460, class=java.lang.String@50000181)
	value		5000085e
ARR 5000085e (sz=108, trace=300459, nelems=54, elem type=char[])
OBJ 5000085f (sz=24, trace=300460, class=java.lang.String@50000181)
	value		50000860
ARR 50000860 (sz=18, trace=300459, nelems=9, elem type=char[])
OBJ 50000861 (sz=24, trace=300460, class=java.lang.String@50000181)
	value		50000862
ARR 50000862 (sz=106, trace=300459, nelems=53, elem type=char[])
OBJ 50000863 (sz=24, trace=300460, class=java.lang.String@50000181)
	value		50000864
ARR 50000864 (sz=102, trace=300459, nelems=51, elem type=char[])
OBJ 50000865 (sz=24, trace=300460, class=java.lang.String@50000181)
	value		50000866
ARR 50000866 (sz=22, trace=300459, nelems=11, elem type=char[])
OBJ 50000867 (sz=24, trace=300460, class=java.lang.String@50000181)
	value		50000868
ARR 50000868 (sz=114, trace=300459, nelems=57, elem type=char[])
OBJ 50000869 (sz=24, trace=300460, class=java.lang.String@50000181)
	value		5000086a
ARR 5000086a (sz=114, trace=300459, nelems=57, elem type=char[])
ARR 5000086b (sz=80, trace=300235, nelems=0, elem type=java.lang.Object[]@5000011c)
OBJ 5000086c (sz=24, trace=300460, class=java.lang.String@50000181)
	value		5000086d
ARR 5000086d (sz=14, trace=300459, nelems=7, elem type=char[])
OBJ 5000086e (sz=24, trace=300460, class=java.lang.String@50000181)
	value		5000086f
ARR 5000086f (sz=114, trace=300459, nelems=57, elem type=char[])
OBJ 50000870 (sz=24, trace=300460, class=java.lang.String@50000181)
	value		50000871
ARR 50000871 (sz=32, trace=300459, nelems=16, elem type=char[])
OBJ 50000872 (sz=24, trace=300460, class=java.lang.String@50000181)
	value		50000873
ARR 50000873 (sz=98, trace=300459, nelems=49, elem type=char[])
OBJ 50000874 (sz=24, trace=300460, class=java.lang.String@50000181)
	value		50000875
ARR 50000875 (sz=52, trace=300459, nelems=26, elem type=char[])
ARR 50000876 (sz=104, trace=300235, nelems=0, elem type=java.lang.Object[]@5000011c)
OBJ 50000877 (sz=24, trace=300460, class=java.lang.String@50000181)
	value		50000878
ARR 50000878 (sz=106, trace=300459, nelems=53, elem type=char[])
OBJ 50000879 (sz=24, trace=300460, class=java.lang.String@50000181)
	value		5000087a
ARR 5000087a (sz=14, trace=300459, nelems=7, elem type=char[])
OBJ 5000087b (sz=24, trace=300460, class=java.lang.String@50000181)
	value		5000087c
ARR 5000087c (sz=18, trace=300459, nelems=9, elem type=char[])
OBJ 5000087d (sz=24, trace=300460, class=java.lang.String@50000181)
	value		5000087e
ARR 5000087e (sz=120, trace=300459, nelems=60, elem type=char[])
OBJ 5000087f (sz=24, trace=300460, class=java.lang.String@50000181)
	value		50000880
ARR 50000880 (sz=30, trace=300459, nelems=15, elem type=char[])
OBJ 50000881 (sz=24, trace=300460, class=java.lang.String@50000181)
	value		50000882
ARR 50000882 (sz=110, trace=300459, nelems=55, elem type=char[])
OBJ 50000883 (sz=24, trace=300460, class=java.lang.String@50000181)
	value		50000884
ARR 50000884 (sz=48, trace=300459, nelems=24, elem type=char[])
ARR 50000885 (sz=152, trace=300235, nelems=0, elem type=java.lang.Object[]@5000011c)
OBJ 50000886 (sz=24, trace=300460, class=java.lang.String@50000181)
	value		50000887
ARR 50000887 (sz=18, trace=300459, nelems=9, elem type=char[])
OBJ 50000888 (sz=24, trace=300460, class=java.lang.String@50000181)
	value		50000889
ARR 50000889 (sz=16, trace=300459, nelems=8, elem type=char[])
OBJ 5000088a (sz=24, trace=300460, class=java.lang.String@50000181)
	value		5000088b
ARR 5000088b (sz=18, trace=300459, nelems=9, elem type=char[])
OBJ 5000088c (sz=24, trace=300460, class=java.lang.String@50000181)
	value		5000088d
ARR 5000088d (sz=110, trace=300459, nelems=55, elem type=char[])
OBJ 5000088e (sz=24, trace=300460, class=java.lang.String@50000181)
	value		5000088f
ARR 5000088f (sz=24, trace=300459, nelems=12, elem type=char[])
OBJ 50000890 (sz=24, trace=300460, class=java.lang.String@50000181)
	value		50000891
ARR 50000891 (sz=102, trace=300459, nelems=51, elem type=char[])
OBJ 50000892 (sz=24, trace=300460, class=java.lang.String@50000181)
	value		50000893
ARR 50000893 (sz=38, trace=300459, nelems=19, elem type=char[])
OBJ 50000894 (sz=24, trace=300460, class=java.lang.String@50000181)
	value		50000895
ARR 50000895 (sz=26, trace=300459, nelems=13, elem type=char[])
OBJ 50000896 (sz=24, trace=300460, class=java.lang.String@50000181)
	value		50000897
ARR 50000897 (sz=24, trace=300459, nelems=12, elem type=char[])
OBJ 50000898 (sz=24, trace=300460, class=java.lang.String@50000181)
	value		50000899
ARR 50000899 (sz=132, trace=300459, nelems=66, elem type=char[])
OBJ 5000089a (sz=24, trace=300460, class=java.lang.String@50000181)
ARR 5000089b (sz=32, trace=300459, nelems=0, elem type=char[])
OBJ 5000089c (sz=32, trace=300463, class=java.io.File@5000012f)
	path		5000089e
ARR 5000089d (sz=120, trace=300464, nelems=0, elem type=char[])
OBJ 5000089e (sz=24, trace=300465, class=java.lang.String@50000181)
	value		5000089f
ARR 5000089f (sz=104, trace=300268, nelems=52, elem type=char[])
OBJ 500008a0 (sz=24, trace=300466, class=sun.misc.MetaIndex@50000036)
	contents	500022f1
ARR 500008a1 (sz=16, trace=300467, nelems=0, elem type=java.lang.String[]@500000db)
ARR 500008a2 (sz=120, trace=300232, nelems=0, elem type=char[])
OBJ 500008a3 (sz=24, trace=300233, class=java.lang.String@50000181)
ARR 500008a4 (sz=120, trace=300234, nelems=0, elem type=char[])
OBJ 500008a5 (sz=32, trace=300080, class=java.util.HashMap$Node@500000d7)
	key		5000089c
	value		500008a0
	next		500008ff
OBJ 500008a6 (sz=24, trace=300461, class=java.lang.String@50000181)
ARR 500008a7 (sz=32, trace=300462, nelems=0, elem type=char[])
OBJ 500008a8 (sz=24, trace=300460, class=java.lang.String@50000181)
	value		500008a9
ARR 500008a9 (sz=54, trace=300459, nelems=27, elem type=char[])
OBJ 500008aa (sz=24, trace=300460, class=java.lang.String@50000181)
	value		500008ab
ARR 500008ab (sz=10, trace=300459, nelems=5, elem type=char[])
OBJ 500008ac (sz=24, trace=300460, class=java.lang.String@50000181)
	value		500008ad
ARR 500008ad (sz=18, trace=300459, nelems=9, elem type=char[])
OBJ 500008ae (sz=24, trace=300460, class=java.lang.String@50000181)
	value		500008af
ARR 500008af (sz=28, trace=300459, nelems=14, elem type=char[])
OBJ 500008b0 (sz=24, trace=300460, class=java.lang.String@50000181)
	value		500008b1
ARR 500008b1 (sz=32, trace=300459, nelems=16, elem type=char[])
OBJ 500008b2 (sz=24, trace=300460, class=java.lang.String@50000181)
	value		500008b3
ARR 500008b3 (sz=42, trace=300459, nelems=21, elem type=char[])
OBJ 500008b4 (sz=24, trace=300460, class=java.lang.String@50000181)
	value		500008b5
ARR 500008b5 (sz=28, trace=300459, nelems=14, elem type=char[])
OBJ 500008b6 (sz=24, trace=300460, class=java.lang.String@50000181)
	value		500008b7
ARR 500008b7 (sz=28, trace=300459, nelems=14, elem type=char[])
OBJ 500008b8 (sz=24, trace=300460, class=java.lang.String@50000181)
	value		500008b9
ARR 500008b9 (sz=24, trace=300459, nelems=12, elem type=char[])
OBJ 500008ba (sz=24, trace=300460, class=java.lang.String@50000181)
	value		500008bb
ARR 500008bb (sz=38, trace=300459, nelems=19, elem type=char[])
OBJ 500008bc (sz=24, trace=300460, class=java.lang.String@50000181)
	value		500008bd
ARR 500008bd (sz=8, trace=300459, nelems=4, elem type=char[])
OBJ 500008be (sz=24, trace=300460, class=java.lang.String@50000181)
	value		500008bf
ARR 500008bf (sz=24, trace=300459, nelems=12, elem type=char[])
OBJ 500008c0 (sz=24, trace=300460, class=java.lang.String@50000181)
	value		500008c1
ARR 500008c1 (sz=26, trace=300459, nelems=13, elem type=char[])
OBJ 500008c2 (sz=24, trace=300460, class=java.lang.String@50000181)
	value		500008c3
ARR 500008c3 (sz=32, trace=300459, nelems=16, elem type=char[])
OBJ 500008c4 (sz=24, trace=300460, class=java.lang.String@50000181)
	value		500008c5
ARR 500008c5 (sz=24, trace=300459, nelems=12, elem type=char[])
OBJ 500008c6 (sz=24, trace=300460, class=java.lang.String@50000181)
	value		500008c7
ARR 500008c7 (sz=24, trace=300459, nelems=12, elem type=char[])
OBJ 500008c8 (sz=24, trace=300460, class=java.lang.String@50000181)
	value		500008c9
ARR 500008c9 (sz=16, trace=300459, nelems=8, elem type=char[])
OBJ 500008ca (sz=24, trace=300460, class=java.lang.String@50000181)
	value		500008cb
ARR 500008cb (sz=28, trace=300459, nelems=14, elem type=char[])
OBJ 500008cc (sz=24, trace=300460, class=java.lang.String@50000181)
	value		500008cd
ARR 500008cd (sz=38, trace=300459, nelems=19, elem type=char[])
OBJ 500008ce (sz=24, trace=300460, class=java.lang.String@50000181)
	value		500008cf
ARR 500008cf (sz=24, trace=300459, nelems=12, elem type=char[])
OBJ 500008d0 (sz=24, trace=300460, class=java.lang.String@50000181)
	value		500008d1
ARR 500008d1 (sz=30, trace=300459, nelems=15, elem type=char[])
OBJ 500008d2 (sz=24, trace=300460, class=java.lang.String@50000181)
	value		500008d3
ARR 500008d3 (sz=16, trace=300459, nelems=8, elem type=char[])
OBJ 500008d4 (sz=24, trace=300460, class=java.lang.String@50000181)
	value		500008d5
ARR 500008d5 (sz=30, trace=300459, nelems=15, elem type=char[])
OBJ 500008d6 (sz=24, trace=300460, class=java.lang.String@50000181)
	value		500008d7
ARR 500008d7 (sz=8, trace=300459, nelems=4, elem type=char[])
OBJ 500008d8 (sz=24, trace=300460, class=java.lang.String@50000181)
	value		500008d9
ARR 500008d9 (sz=30, trace=300459, nelems=15, elem type=char[])
OBJ 500008da (sz=24, trace=300460, class=java.lang.String@50000181)
	value		500008db
ARR 500008db (sz=16, trace=300459, nelems=8, elem type=char[])
OBJ 500008dc (sz=24, trace=300460, class=java.lang.String@50000181)
	value		500008dd
ARR 500008dd (sz=16, trace=300459, nelems=8, elem type=char[])
OBJ 500008de (sz=24, trace=300460, class=java.lang.String@50000181)
	value		500008df
ARR 500008df (sz=34, trace=300459, nelems=17, elem type=char[])
OBJ 500008e0 (sz=24, trace=300460, class=java.lang.String@50000181)
	value		500008e1
ARR 500008e1 (sz=28, trace=300459, nelems=14, elem type=char[])
OBJ 500008e2 (sz=24, trace=300460, class=java.lang.String@50000181)
	value		500008e3
ARR 500008e3 (sz=24, trace=300459, nelems=12, elem type=char[])
OBJ 500008e4 (sz=24, trace=300460, class=java.lang.String@50000181)
	value		500008e5
ARR 500008e5 (sz=38, trace=300459, nelems=19, elem type=char[])
OBJ 500008e6 (sz=24, trace=300460, class=java.lang.String@50000181)
	value		500008e7
ARR 500008e7 (sz=22, trace=300459, nelems=11, elem type=char[])
OBJ 500008e8 (sz=24, trace=300460, class=java.lang.String@50000181)
	value		500008e9
ARR 500008e9 (sz=34, trace=300459, nelems=17, elem type=char[])
OBJ 500008ea (sz=24, trace=300460, class=java.lang.String@50000181)
	value		500008eb
ARR 500008eb (sz=26, trace=300459, nelems=13, elem type=char[])
ARR 500008ec (sz=216, trace=300235, nelems=0, elem type=java.lang.Object[]@5000011c)
OBJ 500008ed (sz=24, trace=300460, class=java.lang.String@50000181)
	value		500008ee
ARR 500008ee (sz=44, trace=300459, nelems=22, elem type=char[])
OBJ 500008ef (sz=24, trace=300460, class=java.lang.String@50000181)
	value		500008f0
ARR 500008f0 (sz=24, trace=300459, nelems=12, elem type=char[])
OBJ 500008f1 (sz=24, trace=300460, class=java.lang.String@50000181)
	value		500008f2
ARR 500008f2 (sz=12, trace=300459, nelems=6, elem type=char[])
OBJ 500008f3 (sz=24, trace=300469, class=java.lang.StringBuffer@50000136)
ARR 500008f4 (sz=176, trace=300470, nelems=0, elem type=char[])
OBJ 500008f5 (sz=48, trace=300457, class=java.nio.HeapCharBuffer@5000006a)
OBJ 500008f6 (sz=32, trace=300471, class=java.io.File@5000012f)
	path		500008f8
ARR 500008f7 (sz=112, trace=300472, nelems=0, elem type=char[])
OBJ 500008f8 (sz=24, trace=300473, class=java.lang.String@50000181)
	value		500008f9
ARR 500008f9 (sz=90, trace=300268, nelems=45, elem type=char[])
OBJ 500008fa (sz=24, trace=300474, class=sun.misc.MetaIndex@50000036)
	contents	500022f2
ARR 500008fb (sz=16, trace=300475, nelems=0, elem type=java.lang.String[]@500000db)
ARR 500008fc (sz=112, trace=300232, nelems=0, elem type=char[])
OBJ 500008fd (sz=24, trace=300233, class=java.lang.String@50000181)
ARR 500008fe (sz=112, trace=300234, nelems=0, elem type=char[])
OBJ 500008ff (sz=32, trace=300081, class=java.util.HashMap$Node@500000d7)
	key		500008f6
	value		500008fa
OBJ 50000900 (sz=16, trace=300476, class=java.io.FileInputStream$1@50000013)
OBJ 50000901 (sz=24, trace=300440, class=java.lang.String@50000181)
ARR 50000902 (sz=96, trace=300441, nelems=0, elem type=char[])
OBJ 50000903 (sz=32, trace=300442, class=java.io.File@5000012f)
ARR 50000904 (sz=96, trace=300232, nelems=0, elem type=char[])
OBJ 50000905 (sz=24, trace=300233, class=java.lang.String@50000181)
ARR 50000906 (sz=96, trace=300234, nelems=0, elem type=char[])
OBJ 50000907 (sz=24, trace=300440, class=java.lang.String@50000181)
ARR 50000908 (sz=96, trace=300441, nelems=0, elem type=char[])
OBJ 50000909 (sz=32, trace=300442, class=java.io.File@5000012f)
ARR 5000090a (sz=96, trace=300232, nelems=0, elem type=char[])
OBJ 5000090b (sz=24, trace=300233, class=java.lang.String@50000181)
ARR 5000090c (sz=96, trace=300234, nelems=0, elem type=char[])
OBJ 5000090d (sz=24, trace=300440, class=java.lang.String@50000181)
ARR 5000090e (sz=96, trace=300441, nelems=0, elem type=char[])
OBJ 5000090f (sz=32, trace=300442, class=java.io.File@5000012f)
ARR 50000910 (sz=96, trace=300232, nelems=0, elem type=char[])
OBJ 50000911 (sz=24, trace=300233, class=java.lang.String@50000181)
ARR 50000912 (sz=96, trace=300234, nelems=0, elem type=char[])
OBJ 50000913 (sz=24, trace=300440, class=java.lang.String@50000181)
ARR 50000914 (sz=96, trace=300441, nelems=0, elem type=char[])
OBJ 50000915 (sz=32, trace=300442, class=java.io.File@5000012f)
ARR 50000916 (sz=96, trace=300232, nelems=0, elem type=char[])
OBJ 50000917 (sz=24, trace=300233, class=java.lang.String@50000181)
ARR 50000918 (sz=96, trace=300234, nelems=0, elem type=char[])
OBJ 50000919 (sz=24, trace=300440, class=java.lang.String@50000181)
ARR 5000091a (sz=96, trace=300441, nelems=0, elem type=char[])
OBJ 5000091b (sz=32, trace=300442, class=java.io.File@5000012f)
ARR 5000091c (sz=96, trace=300232, nelems=0, elem type=char[])
OBJ 5000091d (sz=24, trace=300233, class=java.lang.String@50000181)
ARR 5000091e (sz=96, trace=300234, nelems=0, elem type=char[])
OBJ 5000091f (sz=24, trace=300440, class=java.lang.String@50000181)
ARR 50000920 (sz=96, trace=300441, nelems=0, elem type=char[])
OBJ 50000921 (sz=32, trace=300442, class=java.io.File@5000012f)
ARR 50000922 (sz=96, trace=300232, nelems=0, elem type=char[])
OBJ 50000923 (sz=24, trace=300233, class=java.lang.String@50000181)
ARR 50000924 (sz=96, trace=300234, nelems=0, elem type=char[])
OBJ 50000925 (sz=24, trace=300440, class=java.lang.String@50000181)
ARR 50000926 (sz=88, trace=300441, nelems=0, elem type=char[])
OBJ 50000927 (sz=32, trace=300442, class=java.io.File@5000012f)
ARR 50000928 (sz=88, trace=300232, nelems=0, elem type=char[])
OBJ 50000929 (sz=24, trace=300233, class=java.lang.String@50000181)
ARR 5000092a (sz=88, trace=300234, nelems=0, elem type=char[])
OBJ 5000092b (sz=32, trace=300080, class=java.util.HashMap$Node@500000d7)
OBJ 5000092c (sz=32, trace=300444, class=java.io.File@5000012f)
ARR 5000092d (sz=112, trace=300445, nelems=0, elem type=char[])
OBJ 5000092e (sz=24, trace=300446, class=java.lang.String@50000181)
ARR 5000092f (sz=112, trace=300268, nelems=0, elem type=char[])
ARR 50000930 (sz=48, trace=300477, nelems=0, elem type=java.net.URL[]@5000000d)
OBJ 50000931 (sz=24, trace=300108, class=java.lang.String@50000181)
	value		50000932
ARR 50000932 (sz=76, trace=300109, nelems=38, elem type=char[])
OBJ 50000933 (sz=24, trace=300110, class=java.io.ExpiringCache$Entry@50000055)
	val		50000f66
OBJ 50000934 (sz=40, trace=300111, class=java.util.LinkedHashMap$Entry@50000054)
	key		500007ba
	value		50000933
	before		500007ef
	after		50000957
OBJ 50000935 (sz=24, trace=300112, class=java.lang.String@50000181)
	value		50000936
ARR 50000936 (sz=76, trace=300109, nelems=38, elem type=char[])
OBJ 50000937 (sz=32, trace=300249, class=java.io.File@5000012f)
OBJ 50000938 (sz=24, trace=300478, class=java.io.ExpiringCache$Entry@50000055)
	val		50000935
OBJ 50000939 (sz=40, trace=300111, class=java.util.LinkedHashMap$Entry@50000054)
	key		50000931
	value		50000938
	before		5000243b
OBJ 5000093a (sz=32, trace=300479, class=java.io.File@5000012f)
ARR 5000093b (sz=256, trace=300480, nelems=0, elem type=char[])
ARR 5000093c (sz=120, trace=300481, nelems=0, elem type=char[])
OBJ 5000093d (sz=24, trace=300482, class=java.lang.String@50000181)
ARR 5000093e (sz=128, trace=300483, nelems=0, elem type=char[])
OBJ 5000093f (sz=24, trace=300484, class=java.lang.StringBuilder@50000135)
ARR 50000940 (sz=48, trace=300485, nelems=0, elem type=char[])
ARR 50000941 (sz=128, trace=300010, nelems=0, elem type=char[])
OBJ 50000942 (sz=24, trace=300486, class=java.lang.String@50000181)
	value		50000943
ARR 50000943 (sz=110, trace=300487, nelems=55, elem type=char[])
OBJ 50000944 (sz=64, trace=300488, class=java.net.URL@5000012d)
	protocol	50002251
	host		50000ed3
	file		50000942
	authority	50000ed3
	path		50000942
	handler		50002262
OBJ 50000945 (sz=24, trace=300489, class=java.net.Parts@50000010)
OBJ 50000946 (sz=24, trace=300108, class=java.lang.String@50000181)
ARR 50000947 (sz=96, trace=300109, nelems=0, elem type=char[])
OBJ 50000948 (sz=24, trace=300490, class=java.lang.String@50000181)
ARR 50000949 (sz=32, trace=300491, nelems=0, elem type=char[])
OBJ 5000094a (sz=24, trace=300492, class=java.lang.StringBuilder@50000135)
ARR 5000094b (sz=48, trace=300493, nelems=0, elem type=char[])
ARR 5000094c (sz=96, trace=300010, nelems=0, elem type=char[])
ARR 5000094d (sz=176, trace=300494, nelems=0, elem type=char[])
OBJ 5000094e (sz=24, trace=300495, class=java.lang.String@50000181)
ARR 5000094f (sz=112, trace=300496, nelems=0, elem type=char[])
OBJ 50000950 (sz=24, trace=300497, class=java.lang.StringBuilder@50000135)
ARR 50000951 (sz=48, trace=300498, nelems=0, elem type=char[])
ARR 50000952 (sz=96, trace=300010, nelems=0, elem type=char[])
ARR 50000953 (sz=176, trace=300494, nelems=0, elem type=char[])
OBJ 50000954 (sz=24, trace=300499, class=java.lang.String@50000181)
	value		50000955
ARR 50000955 (sz=90, trace=300500, nelems=45, elem type=char[])
OBJ 50000956 (sz=24, trace=300501, class=java.io.ExpiringCache$Entry@50000055)
	val		50000f64
OBJ 50000957 (sz=40, trace=300111, class=java.util.LinkedHashMap$Entry@50000054)
	key		50000954
	value		50000956
	next		50000993
	before		50000934
	after		50000975
OBJ 50000958 (sz=32, trace=300479, class=java.io.File@5000012f)
ARR 50000959 (sz=232, trace=300480, nelems=0, elem type=char[])
ARR 5000095a (sz=112, trace=300481, nelems=0, elem type=char[])
OBJ 5000095b (sz=24, trace=300482, class=java.lang.String@50000181)
ARR 5000095c (sz=112, trace=300483, nelems=0, elem type=char[])
OBJ 5000095d (sz=24, trace=300484, class=java.lang.StringBuilder@50000135)
ARR 5000095e (sz=48, trace=300485, nelems=0, elem type=char[])
ARR 5000095f (sz=112, trace=300010, nelems=0, elem type=char[])
OBJ 50000960 (sz=24, trace=300486, class=java.lang.String@50000181)
	value		50000961
ARR 50000961 (sz=96, trace=300487, nelems=48, elem type=char[])
OBJ 50000962 (sz=64, trace=300488, class=java.net.URL@5000012d)
	protocol	50002251
	host		50000ed3
	file		50000960
	authority	50000ed3
	path		50000960
	handler		50002262
OBJ 50000963 (sz=24, trace=300489, class=java.net.Parts@50000010)
OBJ 50000964 (sz=24, trace=300108, class=java.lang.String@50000181)
ARR 50000965 (sz=96, trace=300109, nelems=0, elem type=char[])
OBJ 50000966 (sz=24, trace=300490, class=java.lang.String@50000181)
ARR 50000967 (sz=48, trace=300491, nelems=0, elem type=char[])
OBJ 50000968 (sz=24, trace=300492, class=java.lang.StringBuilder@50000135)
ARR 50000969 (sz=48, trace=300493, nelems=0, elem type=char[])
ARR 5000096a (sz=96, trace=300010, nelems=0, elem type=char[])
ARR 5000096b (sz=176, trace=300494, nelems=0, elem type=char[])
OBJ 5000096c (sz=24, trace=300495, class=java.lang.String@50000181)
ARR 5000096d (sz=128, trace=300496, nelems=0, elem type=char[])
OBJ 5000096e (sz=24, trace=300497, class=java.lang.StringBuilder@50000135)
ARR 5000096f (sz=48, trace=300498, nelems=0, elem type=char[])
ARR 50000970 (sz=96, trace=300010, nelems=0, elem type=char[])
ARR 50000971 (sz=176, trace=300494, nelems=0, elem type=char[])
OBJ 50000972 (sz=24, trace=300499, class=java.lang.String@50000181)
	value		50000973
ARR 50000973 (sz=106, trace=300500, nelems=53, elem type=char[])
OBJ 50000974 (sz=24, trace=300501, class=java.io.ExpiringCache$Entry@50000055)
	val		50000f62
OBJ 50000975 (sz=40, trace=300248, class=java.util.LinkedHashMap$Entry@50000054)
	key		50000972
	value		50000974
	before		50000957
	after		50000993
OBJ 50000976 (sz=32, trace=300479, class=java.io.File@5000012f)
ARR 50000977 (sz=264, trace=300480, nelems=0, elem type=char[])
ARR 50000978 (sz=128, trace=300481, nelems=0, elem type=char[])
OBJ 50000979 (sz=24, trace=300482, class=java.lang.String@50000181)
ARR 5000097a (sz=128, trace=300483, nelems=0, elem type=char[])
OBJ 5000097b (sz=24, trace=300484, class=java.lang.StringBuilder@50000135)
ARR 5000097c (sz=48, trace=300485, nelems=0, elem type=char[])
ARR 5000097d (sz=128, trace=300010, nelems=0, elem type=char[])
OBJ 5000097e (sz=24, trace=300486, class=java.lang.String@50000181)
	value		5000097f
ARR 5000097f (sz=112, trace=300487, nelems=56, elem type=char[])
OBJ 50000980 (sz=64, trace=300488, class=java.net.URL@5000012d)
	protocol	50002251
	host		50000ed3
	file		5000097e
	authority	50000ed3
	path		5000097e
	handler		50002262
OBJ 50000981 (sz=24, trace=300489, class=java.net.Parts@50000010)
OBJ 50000982 (sz=24, trace=300108, class=java.lang.String@50000181)
ARR 50000983 (sz=96, trace=300109, nelems=0, elem type=char[])
OBJ 50000984 (sz=24, trace=300490, class=java.lang.String@50000181)
ARR 50000985 (sz=32, trace=300491, nelems=0, elem type=char[])
OBJ 50000986 (sz=24, trace=300492, class=java.lang.StringBuilder@50000135)
ARR 50000987 (sz=48, trace=300493, nelems=0, elem type=char[])
ARR 50000988 (sz=96, trace=300010, nelems=0, elem type=char[])
ARR 50000989 (sz=176, trace=300494, nelems=0, elem type=char[])
OBJ 5000098a (sz=24, trace=300495, class=java.lang.String@50000181)
ARR 5000098b (sz=112, trace=300496, nelems=0, elem type=char[])
OBJ 5000098c (sz=24, trace=300497, class=java.lang.StringBuilder@50000135)
ARR 5000098d (sz=48, trace=300498, nelems=0, elem type=char[])
ARR 5000098e (sz=96, trace=300010, nelems=0, elem type=char[])
ARR 5000098f (sz=176, trace=300494, nelems=0, elem type=char[])
OBJ 50000990 (sz=24, trace=300499, class=java.lang.String@50000181)
	value		50000991
ARR 50000991 (sz=94, trace=300500, nelems=47, elem type=char[])
OBJ 50000992 (sz=24, trace=300501, class=java.io.ExpiringCache$Entry@50000055)
	val		50000f60
OBJ 50000993 (sz=40, trace=300248, class=java.util.LinkedHashMap$Entry@50000054)
	key		50000990
	value		50000992
	before		50000975
	after		500009b1
OBJ 50000994 (sz=32, trace=300479, class=java.io.File@5000012f)
ARR 50000995 (sz=240, trace=300480, nelems=0, elem type=char[])
ARR 50000996 (sz=112, trace=300481, nelems=0, elem type=char[])
OBJ 50000997 (sz=24, trace=300482, class=java.lang.String@50000181)
ARR 50000998 (sz=120, trace=300483, nelems=0, elem type=char[])
OBJ 50000999 (sz=24, trace=300484, class=java.lang.StringBuilder@50000135)
ARR 5000099a (sz=48, trace=300485, nelems=0, elem type=char[])
ARR 5000099b (sz=120, trace=300010, nelems=0, elem type=char[])
OBJ 5000099c (sz=24, trace=300486, class=java.lang.String@50000181)
	value		5000099d
ARR 5000099d (sz=100, trace=300487, nelems=50, elem type=char[])
OBJ 5000099e (sz=64, trace=300488, class=java.net.URL@5000012d)
	protocol	50002251
	host		50000ed3
	file		5000099c
	authority	50000ed3
	path		5000099c
	handler		50002262
OBJ 5000099f (sz=24, trace=300489, class=java.net.Parts@50000010)
OBJ 500009a0 (sz=24, trace=300108, class=java.lang.String@50000181)
ARR 500009a1 (sz=96, trace=300109, nelems=0, elem type=char[])
OBJ 500009a2 (sz=24, trace=300490, class=java.lang.String@50000181)
ARR 500009a3 (sz=32, trace=300491, nelems=0, elem type=char[])
OBJ 500009a4 (sz=24, trace=300492, class=java.lang.StringBuilder@50000135)
ARR 500009a5 (sz=48, trace=300493, nelems=0, elem type=char[])
ARR 500009a6 (sz=96, trace=300010, nelems=0, elem type=char[])
ARR 500009a7 (sz=176, trace=300494, nelems=0, elem type=char[])
OBJ 500009a8 (sz=24, trace=300495, class=java.lang.String@50000181)
ARR 500009a9 (sz=112, trace=300496, nelems=0, elem type=char[])
OBJ 500009aa (sz=24, trace=300497, class=java.lang.StringBuilder@50000135)
ARR 500009ab (sz=48, trace=300498, nelems=0, elem type=char[])
ARR 500009ac (sz=96, trace=300010, nelems=0, elem type=char[])
ARR 500009ad (sz=176, trace=300494, nelems=0, elem type=char[])
OBJ 500009ae (sz=24, trace=300499, class=java.lang.String@50000181)
	value		500009af
ARR 500009af (sz=92, trace=300500, nelems=46, elem type=char[])
OBJ 500009b0 (sz=24, trace=300501, class=java.io.ExpiringCache$Entry@50000055)
	val		50000f5e
OBJ 500009b1 (sz=40, trace=300248, class=java.util.LinkedHashMap$Entry@50000054)
	key		500009ae
	value		500009b0
	before		50000993
	after		500009d0
ARR 500009b2 (sz=272, trace=300502, nelems=63, elem type=java.util.HashMap$Node[]@500000d5)
	[1]		50000f05
	[3]		50000f06
	[9]		50000f07
	[11]		50000934
	[12]		50000f08
	[14]		500005db
	[15]		500009fe
	[16]		500009ee
	[17]		50000f09
	[24]		50000f0a
	[25]		50000f0b
	[28]		50000f0c
	[32]		500009d0
	[34]		50000f0d
	[42]		50000f0e
	[46]		50000f0f
	[47]		50000957
	[49]		50000f10
	[52]		50000f11
	[59]		50000376
	[62]		50000f04
OBJ 500009b3 (sz=32, trace=300479, class=java.io.File@5000012f)
ARR 500009b4 (sz=232, trace=300480, nelems=0, elem type=char[])
ARR 500009b5 (sz=112, trace=300481, nelems=0, elem type=char[])
OBJ 500009b6 (sz=24, trace=300482, class=java.lang.String@50000181)
ARR 500009b7 (sz=112, trace=300483, nelems=0, elem type=char[])
OBJ 500009b8 (sz=24, trace=300484, class=java.lang.StringBuilder@50000135)
ARR 500009b9 (sz=48, trace=300485, nelems=0, elem type=char[])
ARR 500009ba (sz=120, trace=300010, nelems=0, elem type=char[])
OBJ 500009bb (sz=24, trace=300486, class=java.lang.String@50000181)
	value		500009bc
ARR 500009bc (sz=98, trace=300487, nelems=49, elem type=char[])
OBJ 500009bd (sz=64, trace=300488, class=java.net.URL@5000012d)
	protocol	50002251
	host		50000ed3
	file		500009bb
	authority	50000ed3
	path		500009bb
	handler		50002262
OBJ 500009be (sz=24, trace=300489, class=java.net.Parts@50000010)
OBJ 500009bf (sz=24, trace=300108, class=java.lang.String@50000181)
ARR 500009c0 (sz=96, trace=300109, nelems=0, elem type=char[])
OBJ 500009c1 (sz=24, trace=300490, class=java.lang.String@50000181)
ARR 500009c2 (sz=40, trace=300491, nelems=0, elem type=char[])
OBJ 500009c3 (sz=24, trace=300492, class=java.lang.StringBuilder@50000135)
ARR 500009c4 (sz=48, trace=300493, nelems=0, elem type=char[])
ARR 500009c5 (sz=96, trace=300010, nelems=0, elem type=char[])
ARR 500009c6 (sz=176, trace=300494, nelems=0, elem type=char[])
OBJ 500009c7 (sz=24, trace=300495, class=java.lang.String@50000181)
ARR 500009c8 (sz=120, trace=300496, nelems=0, elem type=char[])
OBJ 500009c9 (sz=24, trace=300497, class=java.lang.StringBuilder@50000135)
ARR 500009ca (sz=48, trace=300498, nelems=0, elem type=char[])
ARR 500009cb (sz=96, trace=300010, nelems=0, elem type=char[])
ARR 500009cc (sz=176, trace=300494, nelems=0, elem type=char[])
OBJ 500009cd (sz=24, trace=300499, class=java.lang.String@50000181)
	value		500009ce
ARR 500009ce (sz=102, trace=300500, nelems=51, elem type=char[])
OBJ 500009cf (sz=24, trace=300501, class=java.io.ExpiringCache$Entry@50000055)
	val		50000f68
OBJ 500009d0 (sz=40, trace=300111, class=java.util.LinkedHashMap$Entry@50000054)
	key		500009cd
	value		500009cf
	before		500009b1
	after		500009ee
OBJ 500009d1 (sz=32, trace=300479, class=java.io.File@5000012f)
ARR 500009d2 (sz=256, trace=300480, nelems=0, elem type=char[])
ARR 500009d3 (sz=120, trace=300481, nelems=0, elem type=char[])
OBJ 500009d4 (sz=24, trace=300482, class=java.lang.String@50000181)
ARR 500009d5 (sz=128, trace=300483, nelems=0, elem type=char[])
OBJ 500009d6 (sz=24, trace=300484, class=java.lang.StringBuilder@50000135)
ARR 500009d7 (sz=48, trace=300485, nelems=0, elem type=char[])
ARR 500009d8 (sz=128, trace=300010, nelems=0, elem type=char[])
OBJ 500009d9 (sz=24, trace=300486, class=java.lang.String@50000181)
	value		500009da
ARR 500009da (sz=108, trace=300487, nelems=54, elem type=char[])
OBJ 500009db (sz=64, trace=300488, class=java.net.URL@5000012d)
	protocol	50002251
	host		50000ed3
	file		500009d9
	authority	50000ed3
	path		500009d9
	handler		50002262
OBJ 500009dc (sz=24, trace=300489, class=java.net.Parts@50000010)
OBJ 500009dd (sz=24, trace=300108, class=java.lang.String@50000181)
ARR 500009de (sz=96, trace=300109, nelems=0, elem type=char[])
OBJ 500009df (sz=24, trace=300490, class=java.lang.String@50000181)
ARR 500009e0 (sz=32, trace=300491, nelems=0, elem type=char[])
OBJ 500009e1 (sz=24, trace=300492, class=java.lang.StringBuilder@50000135)
ARR 500009e2 (sz=48, trace=300493, nelems=0, elem type=char[])
ARR 500009e3 (sz=96, trace=300010, nelems=0, elem type=char[])
ARR 500009e4 (sz=176, trace=300494, nelems=0, elem type=char[])
OBJ 500009e5 (sz=24, trace=300495, class=java.lang.String@50000181)
ARR 500009e6 (sz=112, trace=300496, nelems=0, elem type=char[])
OBJ 500009e7 (sz=24, trace=300497, class=java.lang.StringBuilder@50000135)
ARR 500009e8 (sz=48, trace=300498, nelems=0, elem type=char[])
ARR 500009e9 (sz=96, trace=300010, nelems=0, elem type=char[])
ARR 500009ea (sz=176, trace=300494, nelems=0, elem type=char[])
OBJ 500009eb (sz=24, trace=300499, class=java.lang.String@50000181)
	value		500009ec
ARR 500009ec (sz=92, trace=300500, nelems=46, elem type=char[])
OBJ 500009ed (sz=24, trace=300501, class=java.io.ExpiringCache$Entry@50000055)
	val		50000f6a
OBJ 500009ee (sz=40, trace=300111, class=java.util.LinkedHashMap$Entry@50000054)
	key		500009eb
	value		500009ed
	before		500009d0
	after		500009fe
OBJ 500009ef (sz=32, trace=300479, class=java.io.File@5000012f)
ARR 500009f0 (sz=232, trace=300480, nelems=0, elem type=char[])
ARR 500009f1 (sz=112, trace=300481, nelems=0, elem type=char[])
OBJ 500009f2 (sz=24, trace=300482, class=java.lang.String@50000181)
ARR 500009f3 (sz=112, trace=300483, nelems=0, elem type=char[])
OBJ 500009f4 (sz=24, trace=300484, class=java.lang.StringBuilder@50000135)
ARR 500009f5 (sz=48, trace=300485, nelems=0, elem type=char[])
ARR 500009f6 (sz=120, trace=300010, nelems=0, elem type=char[])
OBJ 500009f7 (sz=24, trace=300486, class=java.lang.String@50000181)
	value		500009f8
ARR 500009f8 (sz=98, trace=300487, nelems=49, elem type=char[])
OBJ 500009f9 (sz=64, trace=300488, class=java.net.URL@5000012d)
	protocol	50002251
	host		50000ed3
	file		500009f7
	authority	50000ed3
	path		500009f7
	handler		50002262
OBJ 500009fa (sz=24, trace=300489, class=java.net.Parts@50000010)
OBJ 500009fb (sz=24, trace=300108, class=java.lang.String@50000181)
ARR 500009fc (sz=88, trace=300109, nelems=0, elem type=char[])
OBJ 500009fd (sz=24, trace=300110, class=java.io.ExpiringCache$Entry@50000055)
	val		50000f6c
OBJ 500009fe (sz=40, trace=300111, class=java.util.LinkedHashMap$Entry@50000054)
	key		500007cf
	value		500009fd
	before		500009ee
OBJ 500009ff (sz=24, trace=300112, class=java.lang.String@50000181)
ARR 50000a00 (sz=88, trace=300109, nelems=0, elem type=char[])
OBJ 50000a01 (sz=32, trace=300249, class=java.io.File@5000012f)
OBJ 50000a02 (sz=32, trace=300479, class=java.io.File@5000012f)
ARR 50000a03 (sz=216, trace=300480, nelems=0, elem type=char[])
ARR 50000a04 (sz=104, trace=300481, nelems=0, elem type=char[])
OBJ 50000a05 (sz=24, trace=300482, class=java.lang.String@50000181)
ARR 50000a06 (sz=104, trace=300483, nelems=0, elem type=char[])
OBJ 50000a07 (sz=24, trace=300484, class=java.lang.StringBuilder@50000135)
ARR 50000a08 (sz=48, trace=300485, nelems=0, elem type=char[])
ARR 50000a09 (sz=112, trace=300010, nelems=0, elem type=char[])
OBJ 50000a0a (sz=24, trace=300486, class=java.lang.String@50000181)
	value		50000a0b
ARR 50000a0b (sz=90, trace=300487, nelems=45, elem type=char[])
OBJ 50000a0c (sz=64, trace=300488, class=java.net.URL@5000012d)
	protocol	50002251
	host		50000ed3
	file		50000a0a
	authority	50000ed3
	path		50000a0a
	handler		50002262
OBJ 50000a0d (sz=24, trace=300489, class=java.net.Parts@50000010)
OBJ 50000a0e (sz=48, trace=300503, class=sun.misc.URLClassPath@50000004)
	path		50000a0f
	urls		50000a10
	loaders		50000a12
	lmap		50000a13
	jarHandler	50000a1a
OBJ 50000a0f (sz=24, trace=300504, class=java.util.ArrayList@500000f1)
	elementData	50000a14
OBJ 50000a10 (sz=32, trace=300505, class=java.util.Stack@500000f6)
	elementData	50000a11
ARR 50000a11 (sz=56, trace=300506, nelems=0, elem type=java.lang.Object[]@5000011c)
OBJ 50000a12 (sz=24, trace=300507, class=java.util.ArrayList@500000f1)
	elementData	50000a4c
OBJ 50000a13 (sz=48, trace=300508, class=java.util.HashMap@500000d9)
	table		50000a4d
ARR 50000a14 (sz=56, trace=300235, nelems=8, elem type=java.lang.Object[]@5000011c)
	[0]		50000944
	[1]		50000962
	[2]		50000980
	[3]		5000099e
	[4]		500009bd
	[5]		500009db
	[6]		500009f9
	[7]		50000a0c
OBJ 50000a15 (sz=24, trace=300509, class=java.lang.StringBuilder@50000135)
ARR 50000a16 (sz=48, trace=300510, nelems=0, elem type=char[])
ARR 50000a17 (sz=88, trace=300010, nelems=0, elem type=char[])
OBJ 50000a18 (sz=24, trace=300511, class=java.lang.String@50000181)
ARR 50000a19 (sz=80, trace=300512, nelems=0, elem type=char[])
OBJ 50000a1a (sz=16, trace=300513, class=sun.net.www.protocol.jar.Handler@50000003)
OBJ 50000a1c (sz=40, trace=300515, class=sun.misc.URLClassPath$2@50000a1b)
OBJ 50000a1e (sz=16, trace=300517, class=java.lang.ClassLoader$2@50000a1d)
OBJ 50000a20 (sz=40, trace=300519, class=sun.misc.URLClassPath$1@50000a1f)
OBJ 50000a22 (sz=24, trace=300521, class=java.net.URLClassLoader$3@50000a21)
OBJ 50000a24 (sz=24, trace=300523, class=sun.misc.CompoundEnumeration@50000a23)
OBJ 50000a25 (sz=24, trace=300183, class=java.lang.StringBuilder@50000135)
ARR 50000a26 (sz=48, trace=300184, nelems=0, elem type=char[])
ARR 50000a27 (sz=144, trace=300010, nelems=0, elem type=char[])
OBJ 50000a28 (sz=24, trace=300185, class=java.lang.String@50000181)
	value		50000a29
ARR 50000a29 (sz=124, trace=300186, nelems=62, elem type=char[])
OBJ 50000a2a (sz=24, trace=300188, class=sun.misc.URLClassPath$3@500003d1)
OBJ 50000a2b (sz=24, trace=300193, class=java.lang.StringBuilder@50000135)
ARR 50000a2c (sz=48, trace=300194, nelems=0, elem type=char[])
OBJ 50000a2d (sz=24, trace=300195, class=java.lang.StringBuffer@50000136)
ARR 50000a2e (sz=136, trace=300196, nelems=0, elem type=char[])
ARR 50000a2f (sz=136, trace=300197, nelems=0, elem type=char[])
OBJ 50000a30 (sz=24, trace=300198, class=java.lang.String@50000181)
ARR 50000a31 (sz=136, trace=300010, nelems=0, elem type=char[])
ARR 50000a32 (sz=264, trace=300010, nelems=0, elem type=char[])
OBJ 50000a33 (sz=24, trace=300199, class=java.lang.String@50000181)
	value		50000a34
ARR 50000a34 (sz=124, trace=300200, nelems=62, elem type=char[])
OBJ 50000a35 (sz=64, trace=300201, class=java.net.URL@5000012d)
	protocol	50002244
	host		50000ed3
	file		50000a33
	authority	50000ed3
	path		50000a33
	handler		50000a1a
OBJ 50000a36 (sz=24, trace=300202, class=java.net.Parts@50000010)
OBJ 50000a37 (sz=48, trace=300203, class=sun.misc.URLClassPath$JarLoader@500003d4)
	base		50000a35
	csu		50000944
	metaIndex	500008a0
	handler		50000a1a
	lmap		50000a13
OBJ 50000a38 (sz=24, trace=300204, class=java.lang.StringBuilder@50000135)
ARR 50000a39 (sz=128, trace=300205, nelems=0, elem type=char[])
ARR 50000a3a (sz=72, trace=300206, nelems=0, elem type=byte[])
OBJ 50000a3b (sz=48, trace=300207, class=java.nio.HeapByteBuffer@50000072)
ARR 50000a3c (sz=128, trace=300208, nelems=0, elem type=char[])
OBJ 50000a3d (sz=48, trace=300209, class=java.nio.HeapCharBuffer@5000006a)
OBJ 50000a3e (sz=24, trace=300221, class=java.lang.String@50000181)
ARR 50000a3f (sz=24, trace=300222, nelems=0, elem type=char[])
OBJ 50000a40 (sz=24, trace=300223, class=java.lang.String@50000181)
ARR 50000a41 (sz=24, trace=300224, nelems=0, elem type=char[])
OBJ 50000a42 (sz=24, trace=300225, class=java.lang.String@50000181)
ARR 50000a43 (sz=128, trace=300226, nelems=0, elem type=char[])
OBJ 50000a44 (sz=32, trace=300227, class=java.io.File@5000012f)
OBJ 50000a45 (sz=24, trace=300228, class=java.lang.StringBuffer@50000136)
ARR 50000a46 (sz=128, trace=300229, nelems=0, elem type=char[])
ARR 50000a47 (sz=120, trace=300230, nelems=0, elem type=char[])
OBJ 50000a48 (sz=24, trace=300231, class=java.lang.String@50000181)
ARR 50000a49 (sz=120, trace=300232, nelems=0, elem type=char[])
OBJ 50000a4a (sz=24, trace=300233, class=java.lang.String@50000181)
ARR 50000a4b (sz=120, trace=300234, nelems=0, elem type=char[])
ARR 50000a4c (sz=56, trace=300235, nelems=6, elem type=java.lang.Object[]@5000011c)
	[0]		50000a37
	[1]		50000a61
	[2]		50000acb
	[3]		50000af3
	[4]		50000b1b
	[5]		50000b43
ARR 50000a4d (sz=80, trace=300236, nelems=16, elem type=java.util.HashMap$Node[]@500000d5)
	[0]		50000b08
	[4]		50000b58
	[7]		50000ae0
	[13]		50000a76
	[15]		50000a4e
OBJ 50000a4e (sz=32, trace=300080, class=java.util.HashMap$Node@500000d7)
	key		50000a28
	value		50000a37
OBJ 50000a4f (sz=24, trace=300183, class=java.lang.StringBuilder@50000135)
ARR 50000a50 (sz=48, trace=300184, nelems=0, elem type=char[])
ARR 50000a51 (sz=128, trace=300010, nelems=0, elem type=char[])
OBJ 50000a52 (sz=24, trace=300185, class=java.lang.String@50000181)
	value		50000a53
ARR 50000a53 (sz=110, trace=300186, nelems=55, elem type=char[])
OBJ 50000a54 (sz=24, trace=300188, class=sun.misc.URLClassPath$3@500003d1)
OBJ 50000a55 (sz=24, trace=300193, class=java.lang.StringBuilder@50000135)
ARR 50000a56 (sz=48, trace=300194, nelems=0, elem type=char[])
OBJ 50000a57 (sz=24, trace=300195, class=java.lang.StringBuffer@50000136)
ARR 50000a58 (sz=128, trace=300196, nelems=0, elem type=char[])
ARR 50000a59 (sz=128, trace=300197, nelems=0, elem type=char[])
OBJ 50000a5a (sz=24, trace=300198, class=java.lang.String@50000181)
ARR 50000a5b (sz=128, trace=300010, nelems=0, elem type=char[])
ARR 50000a5c (sz=232, trace=300010, nelems=0, elem type=char[])
OBJ 50000a5d (sz=24, trace=300199, class=java.lang.String@50000181)
	value		50000a5e
ARR 50000a5e (sz=110, trace=300200, nelems=55, elem type=char[])
OBJ 50000a5f (sz=64, trace=300201, class=java.net.URL@5000012d)
	protocol	50002244
	host		50000ed3
	file		50000a5d
	authority	50000ed3
	path		50000a5d
	handler		50000a1a
OBJ 50000a60 (sz=24, trace=300202, class=java.net.Parts@50000010)
OBJ 50000a61 (sz=48, trace=300203, class=sun.misc.URLClassPath$JarLoader@500003d4)
	base		50000a5f
	csu		50000962
	metaIndex	500008fa
	handler		50000a1a
	lmap		50000a13
OBJ 50000a62 (sz=24, trace=300204, class=java.lang.StringBuilder@50000135)
ARR 50000a63 (sz=112, trace=300205, nelems=0, elem type=char[])
ARR 50000a64 (sz=64, trace=300206, nelems=0, elem type=byte[])
OBJ 50000a65 (sz=48, trace=300207, class=java.nio.HeapByteBuffer@50000072)
ARR 50000a66 (sz=112, trace=300208, nelems=0, elem type=char[])
OBJ 50000a67 (sz=48, trace=300209, class=java.nio.HeapCharBuffer@5000006a)
OBJ 50000a68 (sz=24, trace=300221, class=java.lang.String@50000181)
ARR 50000a69 (sz=24, trace=300222, nelems=0, elem type=char[])
OBJ 50000a6a (sz=24, trace=300223, class=java.lang.String@50000181)
ARR 50000a6b (sz=24, trace=300224, nelems=0, elem type=char[])
OBJ 50000a6c (sz=24, trace=300225, class=java.lang.String@50000181)
ARR 50000a6d (sz=112, trace=300226, nelems=0, elem type=char[])
OBJ 50000a6e (sz=32, trace=300227, class=java.io.File@5000012f)
OBJ 50000a6f (sz=24, trace=300228, class=java.lang.StringBuffer@50000136)
ARR 50000a70 (sz=112, trace=300229, nelems=0, elem type=char[])
ARR 50000a71 (sz=112, trace=300230, nelems=0, elem type=char[])
OBJ 50000a72 (sz=24, trace=300231, class=java.lang.String@50000181)
ARR 50000a73 (sz=112, trace=300232, nelems=0, elem type=char[])
OBJ 50000a74 (sz=24, trace=300233, class=java.lang.String@50000181)
ARR 50000a75 (sz=112, trace=300234, nelems=0, elem type=char[])
OBJ 50000a76 (sz=32, trace=300080, class=java.util.HashMap$Node@500000d7)
	key		50000a52
	value		50000a61
OBJ 50000a77 (sz=24, trace=300183, class=java.lang.StringBuilder@50000135)
ARR 50000a78 (sz=48, trace=300184, nelems=0, elem type=char[])
ARR 50000a79 (sz=144, trace=300010, nelems=0, elem type=char[])
OBJ 50000a7a (sz=24, trace=300185, class=java.lang.String@50000181)
ARR 50000a7b (sz=144, trace=300186, nelems=0, elem type=char[])
OBJ 50000a7c (sz=24, trace=300188, class=sun.misc.URLClassPath$3@500003d1)
OBJ 50000a7d (sz=24, trace=300193, class=java.lang.StringBuilder@50000135)
ARR 50000a7e (sz=48, trace=300194, nelems=0, elem type=char[])
OBJ 50000a7f (sz=24, trace=300195, class=java.lang.StringBuffer@50000136)
ARR 50000a80 (sz=144, trace=300196, nelems=0, elem type=char[])
ARR 50000a81 (sz=144, trace=300197, nelems=0, elem type=char[])
OBJ 50000a82 (sz=24, trace=300198, class=java.lang.String@50000181)
ARR 50000a83 (sz=144, trace=300010, nelems=0, elem type=char[])
ARR 50000a84 (sz=264, trace=300010, nelems=0, elem type=char[])
OBJ 50000a85 (sz=24, trace=300199, class=java.lang.String@50000181)
ARR 50000a86 (sz=144, trace=300200, nelems=0, elem type=char[])
OBJ 50000a87 (sz=64, trace=300201, class=java.net.URL@5000012d)
OBJ 50000a88 (sz=24, trace=300202, class=java.net.Parts@50000010)
OBJ 50000a89 (sz=48, trace=300203, class=sun.misc.URLClassPath$JarLoader@500003d4)
OBJ 50000a8a (sz=24, trace=300204, class=java.lang.StringBuilder@50000135)
ARR 50000a8b (sz=128, trace=300205, nelems=0, elem type=char[])
ARR 50000a8c (sz=72, trace=300206, nelems=0, elem type=byte[])
OBJ 50000a8d (sz=48, trace=300207, class=java.nio.HeapByteBuffer@50000072)
ARR 50000a8e (sz=128, trace=300208, nelems=0, elem type=char[])
OBJ 50000a8f (sz=48, trace=300209, class=java.nio.HeapCharBuffer@5000006a)
OBJ 50000a90 (sz=24, trace=300221, class=java.lang.String@50000181)
ARR 50000a91 (sz=24, trace=300222, nelems=0, elem type=char[])
OBJ 50000a92 (sz=24, trace=300223, class=java.lang.String@50000181)
ARR 50000a93 (sz=24, trace=300224, nelems=0, elem type=char[])
OBJ 50000a94 (sz=24, trace=300225, class=java.lang.String@50000181)
ARR 50000a95 (sz=128, trace=300226, nelems=0, elem type=char[])
OBJ 50000a96 (sz=32, trace=300227, class=java.io.File@5000012f)
OBJ 50000a97 (sz=24, trace=300228, class=java.lang.StringBuffer@50000136)
ARR 50000a98 (sz=128, trace=300229, nelems=0, elem type=char[])
ARR 50000a99 (sz=128, trace=300230, nelems=0, elem type=char[])
OBJ 50000a9a (sz=24, trace=300231, class=java.lang.String@50000181)
ARR 50000a9b (sz=128, trace=300232, nelems=0, elem type=char[])
OBJ 50000a9c (sz=24, trace=300233, class=java.lang.String@50000181)
ARR 50000a9d (sz=128, trace=300234, nelems=0, elem type=char[])
OBJ 50000a9e (sz=16, trace=300270, class=sun.misc.URLClassPath$JarLoader$1@50000624)
OBJ 50000a9f (sz=24, trace=300272, class=sun.misc.FileURLMapper@50000626)
ARR 50000aa0 (sz=128, trace=300273, nelems=0, elem type=char[])
OBJ 50000aa1 (sz=24, trace=300274, class=java.lang.String@50000181)
OBJ 50000aa2 (sz=24, trace=300275, class=java.lang.StringBuilder@50000135)
ARR 50000aa3 (sz=128, trace=300276, nelems=0, elem type=char[])
ARR 50000aa4 (sz=72, trace=300277, nelems=0, elem type=byte[])
OBJ 50000aa5 (sz=48, trace=300207, class=java.nio.HeapByteBuffer@50000072)
ARR 50000aa6 (sz=128, trace=300278, nelems=0, elem type=char[])
OBJ 50000aa7 (sz=48, trace=300209, class=java.nio.HeapCharBuffer@5000006a)
OBJ 50000aa8 (sz=24, trace=300221, class=java.lang.String@50000181)
ARR 50000aa9 (sz=24, trace=300222, nelems=0, elem type=char[])
OBJ 50000aaa (sz=24, trace=300223, class=java.lang.String@50000181)
ARR 50000aab (sz=24, trace=300224, nelems=0, elem type=char[])
OBJ 50000aac (sz=24, trace=300279, class=java.lang.String@50000181)
ARR 50000aad (sz=128, trace=300226, nelems=0, elem type=char[])
OBJ 50000aae (sz=32, trace=300280, class=java.io.File@5000012f)
OBJ 50000aaf (sz=24, trace=300244, class=java.lang.StringBuffer@50000136)
ARR 50000ab0 (sz=128, trace=300245, nelems=0, elem type=char[])
ARR 50000ab1 (sz=128, trace=300246, nelems=0, elem type=char[])
OBJ 50000ab2 (sz=24, trace=300247, class=java.lang.String@50000181)
OBJ 50000ab5 (sz=32, trace=300525, class=java.io.FileNotFoundException@50000ab4)
OBJ 50000ab7 (sz=40, trace=300527, class=java.security.PrivilegedActionException@50000ab6)
OBJ 50000ab8 (sz=40, trace=300527, class=java.security.PrivilegedActionException@50000ab6)
OBJ 50000ab9 (sz=24, trace=300183, class=java.lang.StringBuilder@50000135)
ARR 50000aba (sz=48, trace=300184, nelems=0, elem type=char[])
ARR 50000abb (sz=136, trace=300010, nelems=0, elem type=char[])
OBJ 50000abc (sz=24, trace=300185, class=java.lang.String@50000181)
	value		50000abd
ARR 50000abd (sz=114, trace=300186, nelems=57, elem type=char[])
OBJ 50000abe (sz=24, trace=300188, class=sun.misc.URLClassPath$3@500003d1)
OBJ 50000abf (sz=24, trace=300193, class=java.lang.StringBuilder@50000135)
ARR 50000ac0 (sz=48, trace=300194, nelems=0, elem type=char[])
OBJ 50000ac1 (sz=24, trace=300195, class=java.lang.StringBuffer@50000136)
ARR 50000ac2 (sz=128, trace=300196, nelems=0, elem type=char[])
ARR 50000ac3 (sz=128, trace=300197, nelems=0, elem type=char[])
OBJ 50000ac4 (sz=24, trace=300198, class=java.lang.String@50000181)
ARR 50000ac5 (sz=128, trace=300010, nelems=0, elem type=char[])
ARR 50000ac6 (sz=240, trace=300010, nelems=0, elem type=char[])
OBJ 50000ac7 (sz=24, trace=300199, class=java.lang.String@50000181)
	value		50000ac8
ARR 50000ac8 (sz=114, trace=300200, nelems=57, elem type=char[])
OBJ 50000ac9 (sz=64, trace=300201, class=java.net.URL@5000012d)
	protocol	50002244
	host		50000ed3
	file		50000ac7
	authority	50000ed3
	path		50000ac7
	handler		50000a1a
OBJ 50000aca (sz=24, trace=300202, class=java.net.Parts@50000010)
OBJ 50000acb (sz=48, trace=300203, class=sun.misc.URLClassPath$JarLoader@500003d4)
	base		50000ac9
	csu		5000099e
	metaIndex	50000849
	handler		50000a1a
	lmap		50000a13
OBJ 50000acc (sz=24, trace=300204, class=java.lang.StringBuilder@50000135)
ARR 50000acd (sz=120, trace=300205, nelems=0, elem type=char[])
ARR 50000ace (sz=72, trace=300206, nelems=0, elem type=byte[])
OBJ 50000acf (sz=48, trace=300207, class=java.nio.HeapByteBuffer@50000072)
ARR 50000ad0 (sz=120, trace=300208, nelems=0, elem type=char[])
OBJ 50000ad1 (sz=48, trace=300209, class=java.nio.HeapCharBuffer@5000006a)
OBJ 50000ad2 (sz=24, trace=300221, class=java.lang.String@50000181)
ARR 50000ad3 (sz=24, trace=300222, nelems=0, elem type=char[])
OBJ 50000ad4 (sz=24, trace=300223, class=java.lang.String@50000181)
ARR 50000ad5 (sz=24, trace=300224, nelems=0, elem type=char[])
OBJ 50000ad6 (sz=24, trace=300225, class=java.lang.String@50000181)
ARR 50000ad7 (sz=112, trace=300226, nelems=0, elem type=char[])
OBJ 50000ad8 (sz=32, trace=300227, class=java.io.File@5000012f)
OBJ 50000ad9 (sz=24, trace=300228, class=java.lang.StringBuffer@50000136)
ARR 50000ada (sz=112, trace=300229, nelems=0, elem type=char[])
ARR 50000adb (sz=112, trace=300230, nelems=0, elem type=char[])
OBJ 50000adc (sz=24, trace=300231, class=java.lang.String@50000181)
ARR 50000add (sz=112, trace=300232, nelems=0, elem type=char[])
OBJ 50000ade (sz=24, trace=300233, class=java.lang.String@50000181)
ARR 50000adf (sz=112, trace=300234, nelems=0, elem type=char[])
OBJ 50000ae0 (sz=32, trace=300080, class=java.util.HashMap$Node@500000d7)
	key		50000abc
	value		50000acb
	next		50000b30
OBJ 50000ae1 (sz=24, trace=300183, class=java.lang.StringBuilder@50000135)
ARR 50000ae2 (sz=48, trace=300184, nelems=0, elem type=char[])
ARR 50000ae3 (sz=128, trace=300010, nelems=0, elem type=char[])
OBJ 50000ae4 (sz=24, trace=300185, class=java.lang.String@50000181)
	value		50000ae5
ARR 50000ae5 (sz=112, trace=300186, nelems=56, elem type=char[])
OBJ 50000ae6 (sz=24, trace=300188, class=sun.misc.URLClassPath$3@500003d1)
OBJ 50000ae7 (sz=24, trace=300193, class=java.lang.StringBuilder@50000135)
ARR 50000ae8 (sz=48, trace=300194, nelems=0, elem type=char[])
OBJ 50000ae9 (sz=24, trace=300195, class=java.lang.StringBuffer@50000136)
ARR 50000aea (sz=128, trace=300196, nelems=0, elem type=char[])
ARR 50000aeb (sz=128, trace=300197, nelems=0, elem type=char[])
OBJ 50000aec (sz=24, trace=300198, class=java.lang.String@50000181)
ARR 50000aed (sz=128, trace=300010, nelems=0, elem type=char[])
ARR 50000aee (sz=240, trace=300010, nelems=0, elem type=char[])
OBJ 50000aef (sz=24, trace=300199, class=java.lang.String@50000181)
	value		50000af0
ARR 50000af0 (sz=112, trace=300200, nelems=56, elem type=char[])
OBJ 50000af1 (sz=64, trace=300201, class=java.net.URL@5000012d)
	protocol	50002244
	host		50000ed3
	file		50000aef
	authority	50000ed3
	path		50000aef
	handler		50000a1a
OBJ 50000af2 (sz=24, trace=300202, class=java.net.Parts@50000010)
OBJ 50000af3 (sz=48, trace=300203, class=sun.misc.URLClassPath$JarLoader@500003d4)
	base		50000af1
	csu		500009bd
	metaIndex	50000823
	handler		50000a1a
	lmap		50000a13
OBJ 50000af4 (sz=24, trace=300204, class=java.lang.StringBuilder@50000135)
ARR 50000af5 (sz=120, trace=300205, nelems=0, elem type=char[])
ARR 50000af6 (sz=72, trace=300206, nelems=0, elem type=byte[])
OBJ 50000af7 (sz=48, trace=300207, class=java.nio.HeapByteBuffer@50000072)
ARR 50000af8 (sz=120, trace=300208, nelems=0, elem type=char[])
OBJ 50000af9 (sz=48, trace=300209, class=java.nio.HeapCharBuffer@5000006a)
OBJ 50000afa (sz=24, trace=300221, class=java.lang.String@50000181)
ARR 50000afb (sz=24, trace=300222, nelems=0, elem type=char[])
OBJ 50000afc (sz=24, trace=300223, class=java.lang.String@50000181)
ARR 50000afd (sz=24, trace=300224, nelems=0, elem type=char[])
OBJ 50000afe (sz=24, trace=300225, class=java.lang.String@50000181)
ARR 50000aff (sz=112, trace=300226, nelems=0, elem type=char[])
OBJ 50000b00 (sz=32, trace=300227, class=java.io.File@5000012f)
OBJ 50000b01 (sz=24, trace=300228, class=java.lang.StringBuffer@50000136)
ARR 50000b02 (sz=112, trace=300229, nelems=0, elem type=char[])
ARR 50000b03 (sz=112, trace=300230, nelems=0, elem type=char[])
OBJ 50000b04 (sz=24, trace=300231, class=java.lang.String@50000181)
ARR 50000b05 (sz=112, trace=300232, nelems=0, elem type=char[])
OBJ 50000b06 (sz=24, trace=300233, class=java.lang.String@50000181)
ARR 50000b07 (sz=112, trace=300234, nelems=0, elem type=char[])
OBJ 50000b08 (sz=32, trace=300080, class=java.util.HashMap$Node@500000d7)
	key		50000ae4
	value		50000af3
OBJ 50000b09 (sz=24, trace=300183, class=java.lang.StringBuilder@50000135)
ARR 50000b0a (sz=48, trace=300184, nelems=0, elem type=char[])
ARR 50000b0b (sz=144, trace=300010, nelems=0, elem type=char[])
OBJ 50000b0c (sz=24, trace=300185, class=java.lang.String@50000181)
	value		50000b0d
ARR 50000b0d (sz=122, trace=300186, nelems=61, elem type=char[])
OBJ 50000b0e (sz=24, trace=300188, class=sun.misc.URLClassPath$3@500003d1)
OBJ 50000b0f (sz=24, trace=300193, class=java.lang.StringBuilder@50000135)
ARR 50000b10 (sz=48, trace=300194, nelems=0, elem type=char[])
OBJ 50000b11 (sz=24, trace=300195, class=java.lang.StringBuffer@50000136)
ARR 50000b12 (sz=136, trace=300196, nelems=0, elem type=char[])
ARR 50000b13 (sz=136, trace=300197, nelems=0, elem type=char[])
OBJ 50000b14 (sz=24, trace=300198, class=java.lang.String@50000181)
ARR 50000b15 (sz=136, trace=300010, nelems=0, elem type=char[])
ARR 50000b16 (sz=256, trace=300010, nelems=0, elem type=char[])
OBJ 50000b17 (sz=24, trace=300199, class=java.lang.String@50000181)
	value		50000b18
ARR 50000b18 (sz=122, trace=300200, nelems=61, elem type=char[])
OBJ 50000b19 (sz=64, trace=300201, class=java.net.URL@5000012d)
	protocol	50002244
	host		50000ed3
	file		50000b17
	authority	50000ed3
	path		50000b17
	handler		50000a1a
OBJ 50000b1a (sz=24, trace=300202, class=java.net.Parts@50000010)
OBJ 50000b1b (sz=48, trace=300203, class=sun.misc.URLClassPath$JarLoader@500003d4)
	base		50000b19
	csu		500009db
	metaIndex	5000080c
	handler		50000a1a
	lmap		50000a13
OBJ 50000b1c (sz=24, trace=300204, class=java.lang.StringBuilder@50000135)
ARR 50000b1d (sz=128, trace=300205, nelems=0, elem type=char[])
ARR 50000b1e (sz=72, trace=300206, nelems=0, elem type=byte[])
OBJ 50000b1f (sz=48, trace=300207, class=java.nio.HeapByteBuffer@50000072)
ARR 50000b20 (sz=128, trace=300208, nelems=0, elem type=char[])
OBJ 50000b21 (sz=48, trace=300209, class=java.nio.HeapCharBuffer@5000006a)
OBJ 50000b22 (sz=24, trace=300221, class=java.lang.String@50000181)
ARR 50000b23 (sz=24, trace=300222, nelems=0, elem type=char[])
OBJ 50000b24 (sz=24, trace=300223, class=java.lang.String@50000181)
ARR 50000b25 (sz=24, trace=300224, nelems=0, elem type=char[])
OBJ 50000b26 (sz=24, trace=300225, class=java.lang.String@50000181)
ARR 50000b27 (sz=120, trace=300226, nelems=0, elem type=char[])
OBJ 50000b28 (sz=32, trace=300227, class=java.io.File@5000012f)
OBJ 50000b29 (sz=24, trace=300228, class=java.lang.StringBuffer@50000136)
ARR 50000b2a (sz=120, trace=300229, nelems=0, elem type=char[])
ARR 50000b2b (sz=120, trace=300230, nelems=0, elem type=char[])
OBJ 50000b2c (sz=24, trace=300231, class=java.lang.String@50000181)
ARR 50000b2d (sz=120, trace=300232, nelems=0, elem type=char[])
OBJ 50000b2e (sz=24, trace=300233, class=java.lang.String@50000181)
ARR 50000b2f (sz=120, trace=300234, nelems=0, elem type=char[])
OBJ 50000b30 (sz=32, trace=300081, class=java.util.HashMap$Node@500000d7)
	key		50000b0c
	value		50000b1b
OBJ 50000b31 (sz=24, trace=300183, class=java.lang.StringBuilder@50000135)
ARR 50000b32 (sz=48, trace=300184, nelems=0, elem type=char[])
ARR 50000b33 (sz=128, trace=300010, nelems=0, elem type=char[])
OBJ 50000b34 (sz=24, trace=300185, class=java.lang.String@50000181)
	value		50000b35
ARR 50000b35 (sz=112, trace=300186, nelems=56, elem type=char[])
OBJ 50000b36 (sz=24, trace=300188, class=sun.misc.URLClassPath$3@500003d1)
OBJ 50000b37 (sz=24, trace=300193, class=java.lang.StringBuilder@50000135)
ARR 50000b38 (sz=48, trace=300194, nelems=0, elem type=char[])
OBJ 50000b39 (sz=24, trace=300195, class=java.lang.StringBuffer@50000136)
ARR 50000b3a (sz=128, trace=300196, nelems=0, elem type=char[])
ARR 50000b3b (sz=128, trace=300197, nelems=0, elem type=char[])
OBJ 50000b3c (sz=24, trace=300198, class=java.lang.String@50000181)
ARR 50000b3d (sz=128, trace=300010, nelems=0, elem type=char[])
ARR 50000b3e (sz=240, trace=300010, nelems=0, elem type=char[])
OBJ 50000b3f (sz=24, trace=300199, class=java.lang.String@50000181)
	value		50000b40
ARR 50000b40 (sz=112, trace=300200, nelems=56, elem type=char[])
OBJ 50000b41 (sz=64, trace=300201, class=java.net.URL@5000012d)
	protocol	50002244
	host		50000ed3
	file		50000b3f
	authority	50000ed3
	path		50000b3f
	handler		50000a1a
OBJ 50000b42 (sz=24, trace=300202, class=java.net.Parts@50000010)
OBJ 50000b43 (sz=48, trace=300203, class=sun.misc.URLClassPath$JarLoader@500003d4)
	base		50000b41
	csu		500009f9
	metaIndex	50000837
	handler		50000a1a
	lmap		50000a13
OBJ 50000b44 (sz=24, trace=300204, class=java.lang.StringBuilder@50000135)
ARR 50000b45 (sz=120, trace=300205, nelems=0, elem type=char[])
ARR 50000b46 (sz=72, trace=300206, nelems=0, elem type=byte[])
OBJ 50000b47 (sz=48, trace=300207, class=java.nio.HeapByteBuffer@50000072)
ARR 50000b48 (sz=120, trace=300208, nelems=0, elem type=char[])
OBJ 50000b49 (sz=48, trace=300209, class=java.nio.HeapCharBuffer@5000006a)
OBJ 50000b4a (sz=24, trace=300221, class=java.lang.String@50000181)
ARR 50000b4b (sz=24, trace=300222, nelems=0, elem type=char[])
OBJ 50000b4c (sz=24, trace=300223, class=java.lang.String@50000181)
ARR 50000b4d (sz=24, trace=300224, nelems=0, elem type=char[])
OBJ 50000b4e (sz=24, trace=300225, class=java.lang.String@50000181)
ARR 50000b4f (sz=112, trace=300226, nelems=0, elem type=char[])
OBJ 50000b50 (sz=32, trace=300227, class=java.io.File@5000012f)
OBJ 50000b51 (sz=24, trace=300228, class=java.lang.StringBuffer@50000136)
ARR 50000b52 (sz=112, trace=300229, nelems=0, elem type=char[])
ARR 50000b53 (sz=112, trace=300230, nelems=0, elem type=char[])
OBJ 50000b54 (sz=24, trace=300231, class=java.lang.String@50000181)
ARR 50000b55 (sz=112, trace=300232, nelems=0, elem type=char[])
OBJ 50000b56 (sz=24, trace=300233, class=java.lang.String@50000181)
ARR 50000b57 (sz=112, trace=300234, nelems=0, elem type=char[])
OBJ 50000b58 (sz=32, trace=300080, class=java.util.HashMap$Node@500000d7)
	key		50000b34
	value		50000b43
OBJ 50000b59 (sz=24, trace=300183, class=java.lang.StringBuilder@50000135)
ARR 50000b5a (sz=48, trace=300184, nelems=0, elem type=char[])
ARR 50000b5b (sz=120, trace=300010, nelems=0, elem type=char[])
OBJ 50000b5c (sz=24, trace=300185, class=java.lang.String@50000181)
ARR 50000b5d (sz=120, trace=300186, nelems=0, elem type=char[])
OBJ 50000b5e (sz=24, trace=300188, class=sun.misc.URLClassPath$3@500003d1)
OBJ 50000b5f (sz=24, trace=300193, class=java.lang.StringBuilder@50000135)
ARR 50000b60 (sz=48, trace=300194, nelems=0, elem type=char[])
OBJ 50000b61 (sz=24, trace=300195, class=java.lang.StringBuffer@50000136)
ARR 50000b62 (sz=120, trace=300196, nelems=0, elem type=char[])
ARR 50000b63 (sz=120, trace=300197, nelems=0, elem type=char[])
OBJ 50000b64 (sz=24, trace=300198, class=java.lang.String@50000181)
ARR 50000b65 (sz=120, trace=300010, nelems=0, elem type=char[])
ARR 50000b66 (sz=224, trace=300010, nelems=0, elem type=char[])
OBJ 50000b67 (sz=24, trace=300199, class=java.lang.String@50000181)
ARR 50000b68 (sz=120, trace=300200, nelems=0, elem type=char[])
OBJ 50000b69 (sz=64, trace=300201, class=java.net.URL@5000012d)
OBJ 50000b6a (sz=24, trace=300202, class=java.net.Parts@50000010)
OBJ 50000b6b (sz=48, trace=300203, class=sun.misc.URLClassPath$JarLoader@500003d4)
OBJ 50000b6c (sz=24, trace=300204, class=java.lang.StringBuilder@50000135)
ARR 50000b6d (sz=112, trace=300205, nelems=0, elem type=char[])
ARR 50000b6e (sz=64, trace=300206, nelems=0, elem type=byte[])
OBJ 50000b6f (sz=48, trace=300207, class=java.nio.HeapByteBuffer@50000072)
ARR 50000b70 (sz=112, trace=300208, nelems=0, elem type=char[])
OBJ 50000b71 (sz=48, trace=300209, class=java.nio.HeapCharBuffer@5000006a)
OBJ 50000b72 (sz=24, trace=300221, class=java.lang.String@50000181)
ARR 50000b73 (sz=24, trace=300222, nelems=0, elem type=char[])
OBJ 50000b74 (sz=24, trace=300223, class=java.lang.String@50000181)
ARR 50000b75 (sz=24, trace=300224, nelems=0, elem type=char[])
OBJ 50000b76 (sz=24, trace=300225, class=java.lang.String@50000181)
ARR 50000b77 (sz=104, trace=300226, nelems=0, elem type=char[])
OBJ 50000b78 (sz=32, trace=300227, class=java.io.File@5000012f)
OBJ 50000b79 (sz=24, trace=300228, class=java.lang.StringBuffer@50000136)
ARR 50000b7a (sz=104, trace=300229, nelems=0, elem type=char[])
ARR 50000b7b (sz=104, trace=300230, nelems=0, elem type=char[])
OBJ 50000b7c (sz=24, trace=300231, class=java.lang.String@50000181)
ARR 50000b7d (sz=104, trace=300232, nelems=0, elem type=char[])
OBJ 50000b7e (sz=24, trace=300233, class=java.lang.String@50000181)
ARR 50000b7f (sz=104, trace=300234, nelems=0, elem type=char[])
OBJ 50000b80 (sz=16, trace=300270, class=sun.misc.URLClassPath$JarLoader$1@50000624)
OBJ 50000b81 (sz=24, trace=300272, class=sun.misc.FileURLMapper@50000626)
ARR 50000b82 (sz=112, trace=300273, nelems=0, elem type=char[])
OBJ 50000b83 (sz=24, trace=300274, class=java.lang.String@50000181)
OBJ 50000b84 (sz=24, trace=300275, class=java.lang.StringBuilder@50000135)
ARR 50000b85 (sz=112, trace=300276, nelems=0, elem type=char[])
ARR 50000b86 (sz=64, trace=300277, nelems=0, elem type=byte[])
OBJ 50000b87 (sz=48, trace=300207, class=java.nio.HeapByteBuffer@50000072)
ARR 50000b88 (sz=112, trace=300278, nelems=0, elem type=char[])
OBJ 50000b89 (sz=48, trace=300209, class=java.nio.HeapCharBuffer@5000006a)
OBJ 50000b8a (sz=24, trace=300221, class=java.lang.String@50000181)
ARR 50000b8b (sz=24, trace=300222, nelems=0, elem type=char[])
OBJ 50000b8c (sz=24, trace=300223, class=java.lang.String@50000181)
ARR 50000b8d (sz=24, trace=300224, nelems=0, elem type=char[])
OBJ 50000b8e (sz=24, trace=300279, class=java.lang.String@50000181)
ARR 50000b8f (sz=104, trace=300226, nelems=0, elem type=char[])
OBJ 50000b90 (sz=32, trace=300280, class=java.io.File@5000012f)
OBJ 50000b91 (sz=24, trace=300244, class=java.lang.StringBuffer@50000136)
ARR 50000b92 (sz=104, trace=300245, nelems=0, elem type=char[])
ARR 50000b93 (sz=104, trace=300246, nelems=0, elem type=char[])
OBJ 50000b94 (sz=24, trace=300247, class=java.lang.String@50000181)
OBJ 50000b95 (sz=32, trace=300525, class=java.io.FileNotFoundException@50000ab4)
OBJ 50000b96 (sz=40, trace=300527, class=java.security.PrivilegedActionException@50000ab6)
OBJ 50000b97 (sz=40, trace=300527, class=java.security.PrivilegedActionException@50000ab6)
OBJ 50000b99 (sz=16, trace=300529, class=java.net.URLClassLoader$3$1@50000b98)
OBJ 50000b9c (sz=16, trace=300532, class=java.util.ResourceBundle$RBClassLoader$1@50000b9b)
OBJ 50000b9d (sz=72, trace=300533, class=java.util.ResourceBundle$RBClassLoader@50000b9a)
	parent		50000dd5
	package2certs	50000ba7
	classes		50000b9e
	defaultDomain	50000ba1
	domains		50000ba9
	packages	50000ba4
	nativeLibraries	50000ba5
	assertionLock	50000b9d
OBJ 50000b9e (sz=32, trace=300505, class=java.util.Vector@500000f7)
	elementData	50000b9f
ARR 50000b9f (sz=56, trace=300534, nelems=0, elem type=java.lang.Object[]@5000011c)
OBJ 50000ba0 (sz=32, trace=300535, class=java.security.CodeSource@50000128)
OBJ 50000ba1 (sz=40, trace=300536, class=java.security.ProtectionDomain@50000173)
	codesource	50000ba0
	classloader	50000b9d
	principals	50000ba3
	key		50000ba2
OBJ 50000ba2 (sz=16, trace=300537, class=java.security.ProtectionDomain$Key@50000008)
ARR 50000ba3 (sz=16, trace=300538, nelems=0, elem type=java.security.Principal[]@50000006)
OBJ 50000ba4 (sz=48, trace=300539, class=java.util.HashMap@500000d9)
OBJ 50000ba5 (sz=32, trace=300505, class=java.util.Vector@500000f7)
	elementData	50000ba6
ARR 50000ba6 (sz=56, trace=300540, nelems=0, elem type=java.lang.Object[]@5000011c)
OBJ 50000ba7 (sz=48, trace=300541, class=java.util.Hashtable@50000159)
	table		50000ba8
ARR 50000ba8 (sz=64, trace=300542, nelems=0, elem type=java.util.Hashtable$Entry[]@500000d2)
OBJ 50000ba9 (sz=16, trace=300543, class=java.util.HashSet@50000005)
	map		50000baa
OBJ 50000baa (sz=48, trace=300544, class=java.util.HashMap@500000d9)
ARR 50000bac (sz=24, trace=300546, nelems=2, elem type=java.lang.String[]@500000db)
	[0]		500026ea
	[1]		500026f3
OBJ 50000bae (sz=24, trace=300548, class=java.util.Arrays$ArrayList@50000bad)
	a		50000bac
OBJ 50000baf (sz=24, trace=300549, class=java.util.Collections$UnmodifiableRandomAccessList@500000e7)
	c		50000bae
	list		50000bae
ARR 50000bb0 (sz=24, trace=300550, nelems=1, elem type=java.lang.String[]@500000db)
	[0]		500026ea
OBJ 50000bb1 (sz=24, trace=300548, class=java.util.Arrays$ArrayList@50000bad)
	a		50000bb0
OBJ 50000bb2 (sz=24, trace=300549, class=java.util.Collections$UnmodifiableRandomAccessList@500000e7)
	c		50000bb1
	list		50000bb1
ARR 50000bb3 (sz=24, trace=300551, nelems=1, elem type=java.lang.String[]@500000db)
	[0]		500026f3
OBJ 50000bb4 (sz=24, trace=300548, class=java.util.Arrays$ArrayList@50000bad)
	a		50000bb3
OBJ 50000bb5 (sz=24, trace=300549, class=java.util.Collections$UnmodifiableRandomAccessList@500000e7)
	c		50000bb4
	list		50000bb4
OBJ 50000bb6 (sz=16, trace=300552, class=java.util.ResourceBundle$Control@50000bab)
OBJ 50000bb8 (sz=24, trace=300554, class=java.util.ResourceBundle$Control$CandidateListCache@50000bb7)
	map		50000bbb
	queue		50000bb9
OBJ 50000bb9 (sz=32, trace=300555, class=java.lang.ref.ReferenceQueue@500000e6)
	lock		50000bba
OBJ 50000bba (sz=16, trace=300556, class=java.lang.ref.ReferenceQueue$Lock@500000e4)
OBJ 50000bbb (sz=64, trace=300557, class=java.util.concurrent.ConcurrentHashMap@5000002a)
	table		50000bf9
OBJ 50000bbd (sz=56, trace=300559, class=java.util.ResourceBundle$CacheKey@50000bbc)
OBJ 50000bc0 (sz=32, trace=300561, class=java.util.ResourceBundle$LoaderReference@50000bbf)
OBJ 50000bc3 (sz=32, trace=300563, class=java.util.LinkedList@50000bc2)
	first		50000bd6
	last		50000bf7
OBJ 50000bc4 (sz=40, trace=300564, class=sun.util.locale.BaseLocale$Key@50000019)
OBJ 50000bc5 (sz=40, trace=300565, class=java.lang.ref.SoftReference@50000165)
OBJ 50000bc6 (sz=40, trace=300566, class=java.lang.ref.SoftReference@50000165)
OBJ 50000bc7 (sz=40, trace=300567, class=java.lang.ref.SoftReference@50000165)
OBJ 50000bc8 (sz=40, trace=300568, class=java.lang.ref.SoftReference@50000165)
OBJ 50000bc9 (sz=32, trace=300569, class=sun.util.locale.BaseLocale@5000001b)
	language	50002467
	script		500024ca
	region		5000244f
	variant		50000ed3
OBJ 50000bca (sz=40, trace=300570, class=sun.util.locale.BaseLocale$Key@50000019)
	lang		50000bcb
	scrt		50000bcc
	regn		50000bcd
	vart		50000bce
OBJ 50000bcb (sz=40, trace=300565, class=java.lang.ref.SoftReference@50000165)
	referent	50002467
	queue		5000168f
OBJ 50000bcc (sz=40, trace=300566, class=java.lang.ref.SoftReference@50000165)
	referent	500024ca
	queue		5000168f
OBJ 50000bcd (sz=40, trace=300567, class=java.lang.ref.SoftReference@50000165)
	referent	5000244f
	queue		5000168f
OBJ 50000bce (sz=40, trace=300568, class=java.lang.ref.SoftReference@50000165)
	referent	50000ed3
	queue		5000168f
OBJ 50000bcf (sz=48, trace=300571, class=sun.util.locale.LocaleObjectCache$CacheEntry@50000018)
	referent	50000bc9
	queue		5000249f
	key		50000bca
OBJ 50000bd0 (sz=32, trace=300572, class=java.util.concurrent.ConcurrentHashMap$Node@50000023)
	key		50000bca
	val		50000bcf
OBJ 50000bd1 (sz=24, trace=300573, class=java.util.Locale$LocaleKey@50000017)
	base		50000bc9
OBJ 50000bd2 (sz=32, trace=300574, class=java.util.Locale@5000002e)
	baseLocale	50000bc9
OBJ 50000bd3 (sz=48, trace=300571, class=sun.util.locale.LocaleObjectCache$CacheEntry@50000018)
	referent	50000bd2
	queue		50002481
	key		50000bd1
OBJ 50000bd4 (sz=32, trace=300575, class=java.util.concurrent.ConcurrentHashMap$Node@50000023)
	key		50000bd1
	val		50000bd3
OBJ 50000bd6 (sz=24, trace=300577, class=java.util.LinkedList$Node@50000bd5)
	item		50000bd2
	next		50000be8
OBJ 50000bd7 (sz=40, trace=300564, class=sun.util.locale.BaseLocale$Key@50000019)
OBJ 50000bd8 (sz=40, trace=300565, class=java.lang.ref.SoftReference@50000165)
OBJ 50000bd9 (sz=40, trace=300566, class=java.lang.ref.SoftReference@50000165)
OBJ 50000bda (sz=40, trace=300567, class=java.lang.ref.SoftReference@50000165)
OBJ 50000bdb (sz=40, trace=300568, class=java.lang.ref.SoftReference@50000165)
OBJ 50000bdc (sz=32, trace=300569, class=sun.util.locale.BaseLocale@5000001b)
	language	50002467
	script		500024ca
	region		50000ed3
	variant		50000ed3
OBJ 50000bdd (sz=40, trace=300570, class=sun.util.locale.BaseLocale$Key@50000019)
	lang		50000bde
	scrt		50000bdf
	regn		50000be0
	vart		50000be1
OBJ 50000bde (sz=40, trace=300565, class=java.lang.ref.SoftReference@50000165)
	referent	50002467
	queue		5000168f
OBJ 50000bdf (sz=40, trace=300566, class=java.lang.ref.SoftReference@50000165)
	referent	500024ca
	queue		5000168f
OBJ 50000be0 (sz=40, trace=300567, class=java.lang.ref.SoftReference@50000165)
	referent	50000ed3
	queue		5000168f
OBJ 50000be1 (sz=40, trace=300568, class=java.lang.ref.SoftReference@50000165)
	referent	50000ed3
	queue		5000168f
OBJ 50000be2 (sz=48, trace=300571, class=sun.util.locale.LocaleObjectCache$CacheEntry@50000018)
	referent	50000bdc
	queue		5000249f
	key		50000bdd
OBJ 50000be3 (sz=32, trace=300572, class=java.util.concurrent.ConcurrentHashMap$Node@50000023)
	key		50000bdd
	val		50000be2
OBJ 50000be4 (sz=24, trace=300573, class=java.util.Locale$LocaleKey@50000017)
	base		50000bdc
OBJ 50000be5 (sz=32, trace=300574, class=java.util.Locale@5000002e)
	baseLocale	50000bdc
OBJ 50000be6 (sz=48, trace=300571, class=sun.util.locale.LocaleObjectCache$CacheEntry@50000018)
	referent	50000be5
	queue		50002481
	key		50000be4
OBJ 50000be7 (sz=32, trace=300572, class=java.util.concurrent.ConcurrentHashMap$Node@50000023)
	key		50000be4
	val		50000be6
OBJ 50000be8 (sz=24, trace=300578, class=java.util.LinkedList$Node@50000bd5)
	item		50000be5
	next		50000bef
	prev		50000bd6
OBJ 50000be9 (sz=40, trace=300564, class=sun.util.locale.BaseLocale$Key@50000019)
OBJ 50000bea (sz=40, trace=300565, class=java.lang.ref.SoftReference@50000165)
OBJ 50000beb (sz=40, trace=300566, class=java.lang.ref.SoftReference@50000165)
OBJ 50000bec (sz=40, trace=300567, class=java.lang.ref.SoftReference@50000165)
OBJ 50000bed (sz=40, trace=300568, class=java.lang.ref.SoftReference@50000165)
OBJ 50000bee (sz=24, trace=300573, class=java.util.Locale$LocaleKey@50000017)
OBJ 50000bef (sz=24, trace=300579, class=java.util.LinkedList$Node@50000bd5)
	item		5000246d
	next		50000bf6
	prev		50000be8
OBJ 50000bf0 (sz=40, trace=300564, class=sun.util.locale.BaseLocale$Key@50000019)
OBJ 50000bf1 (sz=40, trace=300565, class=java.lang.ref.SoftReference@50000165)
OBJ 50000bf2 (sz=40, trace=300566, class=java.lang.ref.SoftReference@50000165)
OBJ 50000bf3 (sz=40, trace=300567, class=java.lang.ref.SoftReference@50000165)
OBJ 50000bf4 (sz=40, trace=300568, class=java.lang.ref.SoftReference@50000165)
OBJ 50000bf5 (sz=24, trace=300573, class=java.util.Locale$LocaleKey@50000017)
OBJ 50000bf6 (sz=24, trace=300580, class=java.util.LinkedList$Node@50000bd5)
	item		50002479
	next		50000bf7
	prev		50000bef
OBJ 50000bf7 (sz=24, trace=300581, class=java.util.LinkedList$Node@50000bd5)
	item		5000246e
	prev		50000bf6
OBJ 50000bf8 (sz=48, trace=300571, class=sun.util.locale.LocaleObjectCache$CacheEntry@50000018)
	referent	50000bc3
	queue		50000bb9
	key		50002543
ARR 50000bf9 (sz=144, trace=300582, nelems=1, elem type=java.util.concurrent.ConcurrentHashMap$Node[]@50000022)
	[0]		50000bfa
OBJ 50000bfa (sz=32, trace=300572, class=java.util.concurrent.ConcurrentHashMap$Node@50000023)
	key		50002543
	val		50000bf8
OBJ 50000bfb (sz=24, trace=300583, class=java.util.ArrayList@500000f1)
ARR 50000bfc (sz=40, trace=300584, nelems=0, elem type=java.lang.Object[]@5000011c)
OBJ 50000bfd (sz=32, trace=300585, class=java.util.ResourceBundle$LoaderReference@50000bbf)
OBJ 50000bfe (sz=16, trace=300172, class=java.lang.Object@50000185)
OBJ 50000bff (sz=32, trace=300174, class=java.util.concurrent.ConcurrentHashMap$Node@50000023)
	key		500010f1
	val		50000bfe
OBJ 50000c00 (sz=16, trace=300175, class=java.lang.Object@50000185)
OBJ 50000c01 (sz=32, trace=300174, class=java.util.concurrent.ConcurrentHashMap$Node@50000023)
	key		500010f1
	val		50000c00
ARR 50000c04 (sz=16, trace=300587, nelems=0, elem type=java.lang.Class[]@50000117)
OBJ 50000c05 (sz=56, trace=300149, class=java.lang.Class$ReflectionData@500000c4)
OBJ 50000c06 (sz=40, trace=300040, class=java.lang.ref.SoftReference@50000165)
OBJ 50000c07 (sz=80, trace=300150, class=java.lang.reflect.Constructor@50000151)
OBJ 50000c08 (sz=24, trace=300588, class=java.lang.Class$1@500000ae)
OBJ 50000c09 (sz=24, trace=300152, class=sun.reflect.NativeConstructorAccessorImpl@500000ac)
OBJ 50000c0a (sz=16, trace=300153, class=sun.reflect.DelegatingConstructorAccessorImpl@500000ab)
OBJ 50000c0b (sz=40, trace=300589, class=sun.launcher.resources.launcher@50000c03)
	locale		5000246e
	name		500010f1
	cacheKey	500026e9
OBJ 50000c0c (sz=32, trace=300585, class=java.util.ResourceBundle$LoaderReference@50000bbf)
	referent	50000b9d
	queue		5000079f
	cacheKey	500026e9
OBJ 50000c0e (sz=48, trace=300591, class=java.util.ResourceBundle$BundleReference@50000c0d)
	referent	50000c0b
	queue		5000079f
	cacheKey	500026e9
ARR 50000c0f (sz=272, trace=300592, nelems=57, elem type=java.util.concurrent.ConcurrentHashMap$Node[]@50000022)
	[5]		50000c10
	[37]		50000c8c
	[47]		50000d56
	[49]		50000c77
	[56]		50000cf1
OBJ 50000c10 (sz=32, trace=300593, class=java.util.concurrent.ConcurrentHashMap$Node@50000023)
	key		500026e9
	val		50000c0e
OBJ 50000c11 (sz=32, trace=300585, class=java.util.ResourceBundle$LoaderReference@50000bbf)
OBJ 50000c12 (sz=24, trace=300594, class=java.lang.StringBuilder@50000135)
ARR 50000c13 (sz=112, trace=300595, nelems=0, elem type=char[])
OBJ 50000c14 (sz=24, trace=300596, class=java.lang.String@50000181)
	value		50000c15
ARR 50000c15 (sz=68, trace=300597, nelems=34, elem type=char[])
OBJ 50000c16 (sz=16, trace=300172, class=java.lang.Object@50000185)
OBJ 50000c17 (sz=32, trace=300174, class=java.util.concurrent.ConcurrentHashMap$Node@50000023)
	key		50000c14
	val		50000c16
OBJ 50000c18 (sz=16, trace=300175, class=java.lang.Object@50000185)
OBJ 50000c19 (sz=32, trace=300174, class=java.util.concurrent.ConcurrentHashMap$Node@50000023)
	key		50000c14
	val		50000c18
OBJ 50000c1a (sz=24, trace=300177, class=java.net.URLClassLoader$1@500003c5)
ARR 50000c1b (sz=88, trace=300178, nelems=0, elem type=char[])
OBJ 50000c1c (sz=24, trace=300179, class=java.lang.String@50000181)
ARR 50000c1d (sz=96, trace=300180, nelems=0, elem type=char[])
OBJ 50000c1e (sz=24, trace=300181, class=java.lang.String@50000181)
OBJ 50000c1f (sz=40, trace=300237, class=java.lang.ClassNotFoundException@5000016f)
OBJ 50000c20 (sz=24, trace=300238, class=java.net.URLClassLoader$1@500003c5)
ARR 50000c21 (sz=88, trace=300178, nelems=0, elem type=char[])
OBJ 50000c22 (sz=24, trace=300179, class=java.lang.String@50000181)
ARR 50000c23 (sz=96, trace=300180, nelems=0, elem type=char[])
OBJ 50000c24 (sz=24, trace=300181, class=java.lang.String@50000181)
OBJ 50000c25 (sz=64, trace=300251, class=java.net.URL@5000012d)
OBJ 50000c26 (sz=24, trace=300252, class=java.lang.StringBuilder@50000135)
ARR 50000c27 (sz=48, trace=300253, nelems=0, elem type=char[])
ARR 50000c28 (sz=152, trace=300010, nelems=0, elem type=char[])
ARR 50000c29 (sz=288, trace=300010, nelems=0, elem type=char[])
OBJ 50000c2a (sz=24, trace=300254, class=java.lang.String@50000181)
ARR 50000c2b (sz=152, trace=300255, nelems=0, elem type=char[])
OBJ 50000c2c (sz=24, trace=300256, class=java.lang.String@50000181)
ARR 50000c2d (sz=152, trace=300257, nelems=0, elem type=char[])
ARR 50000c2e (sz=208, trace=300258, nelems=0, elem type=char[])
ARR 50000c2f (sz=96, trace=300259, nelems=0, elem type=char[])
OBJ 50000c30 (sz=24, trace=300260, class=java.lang.String@50000181)
ARR 50000c31 (sz=96, trace=300261, nelems=0, elem type=char[])
OBJ 50000c32 (sz=64, trace=300262, class=java.net.URL@5000012d)
OBJ 50000c33 (sz=24, trace=300252, class=java.lang.StringBuilder@50000135)
ARR 50000c34 (sz=48, trace=300253, nelems=0, elem type=char[])
ARR 50000c35 (sz=152, trace=300010, nelems=0, elem type=char[])
ARR 50000c36 (sz=288, trace=300010, nelems=0, elem type=char[])
OBJ 50000c37 (sz=24, trace=300254, class=java.lang.String@50000181)
ARR 50000c38 (sz=232, trace=300255, nelems=0, elem type=char[])
ARR 50000c39 (sz=96, trace=300263, nelems=0, elem type=char[])
OBJ 50000c3a (sz=24, trace=300264, class=java.lang.String@50000181)
OBJ 50000c3b (sz=32, trace=300265, class=java.io.File@5000012f)
ARR 50000c3c (sz=232, trace=300266, nelems=0, elem type=char[])
OBJ 50000c3d (sz=24, trace=300267, class=java.lang.String@50000181)
ARR 50000c3e (sz=232, trace=300268, nelems=0, elem type=char[])
ARR 50000c3f (sz=96, trace=300334, nelems=0, elem type=char[])
ARR 50000c40 (sz=136, trace=300335, nelems=0, elem type=byte[])
ARR 50000c41 (sz=56, trace=300336, nelems=0, elem type=byte[])
ARR 50000c42 (sz=96, trace=300334, nelems=0, elem type=char[])
ARR 50000c43 (sz=136, trace=300335, nelems=0, elem type=byte[])
ARR 50000c44 (sz=56, trace=300336, nelems=0, elem type=byte[])
OBJ 50000c45 (sz=40, trace=300237, class=java.lang.ClassNotFoundException@5000016f)
OBJ 50000c46 (sz=24, trace=300594, class=java.lang.StringBuilder@50000135)
ARR 50000c47 (sz=112, trace=300595, nelems=0, elem type=char[])
OBJ 50000c48 (sz=24, trace=300596, class=java.lang.String@50000181)
ARR 50000c49 (sz=88, trace=300597, nelems=0, elem type=char[])
OBJ 50000c4a (sz=24, trace=300598, class=java.lang.StringBuilder@50000135)
ARR 50000c4b (sz=112, trace=300599, nelems=0, elem type=char[])
ARR 50000c4c (sz=88, trace=300600, nelems=0, elem type=char[])
OBJ 50000c4d (sz=24, trace=300601, class=java.lang.String@50000181)
OBJ 50000c4e (sz=24, trace=300602, class=java.lang.String@50000181)
ARR 50000c4f (sz=112, trace=300603, nelems=0, elem type=char[])
OBJ 50000c51 (sz=32, trace=300605, class=java.util.ResourceBundle$Control$1@50000c50)
OBJ 50000c53 (sz=24, trace=300607, class=java.net.URLClassLoader$2@50000c52)
OBJ 50000c54 (sz=24, trace=300608, class=java.net.URLClassLoader$2@50000c52)
OBJ 50000c55 (sz=64, trace=300609, class=java.net.URL@5000012d)
OBJ 50000c56 (sz=24, trace=300252, class=java.lang.StringBuilder@50000135)
ARR 50000c57 (sz=48, trace=300253, nelems=0, elem type=char[])
ARR 50000c58 (sz=152, trace=300010, nelems=0, elem type=char[])
ARR 50000c59 (sz=288, trace=300010, nelems=0, elem type=char[])
OBJ 50000c5a (sz=24, trace=300254, class=java.lang.String@50000181)
ARR 50000c5b (sz=152, trace=300255, nelems=0, elem type=char[])
OBJ 50000c5c (sz=24, trace=300256, class=java.lang.String@50000181)
ARR 50000c5d (sz=152, trace=300257, nelems=0, elem type=char[])
ARR 50000c5e (sz=232, trace=300610, nelems=0, elem type=char[])
ARR 50000c5f (sz=112, trace=300611, nelems=0, elem type=char[])
OBJ 50000c60 (sz=24, trace=300612, class=java.lang.String@50000181)
ARR 50000c61 (sz=112, trace=300261, nelems=0, elem type=char[])
OBJ 50000c62 (sz=64, trace=300613, class=java.net.URL@5000012d)
OBJ 50000c63 (sz=24, trace=300252, class=java.lang.StringBuilder@50000135)
ARR 50000c64 (sz=48, trace=300253, nelems=0, elem type=char[])
ARR 50000c65 (sz=152, trace=300010, nelems=0, elem type=char[])
ARR 50000c66 (sz=288, trace=300010, nelems=0, elem type=char[])
OBJ 50000c67 (sz=24, trace=300254, class=java.lang.String@50000181)
ARR 50000c68 (sz=240, trace=300255, nelems=0, elem type=char[])
ARR 50000c69 (sz=112, trace=300614, nelems=0, elem type=char[])
OBJ 50000c6a (sz=24, trace=300615, class=java.lang.String@50000181)
OBJ 50000c6b (sz=32, trace=300616, class=java.io.File@5000012f)
ARR 50000c6c (sz=240, trace=300617, nelems=0, elem type=char[])
OBJ 50000c6d (sz=24, trace=300267, class=java.lang.String@50000181)
ARR 50000c6e (sz=240, trace=300268, nelems=0, elem type=char[])
ARR 50000c6f (sz=112, trace=300334, nelems=0, elem type=char[])
ARR 50000c70 (sz=152, trace=300335, nelems=0, elem type=byte[])
ARR 50000c71 (sz=64, trace=300336, nelems=0, elem type=byte[])
ARR 50000c72 (sz=112, trace=300334, nelems=0, elem type=char[])
ARR 50000c73 (sz=152, trace=300335, nelems=0, elem type=byte[])
ARR 50000c74 (sz=64, trace=300336, nelems=0, elem type=byte[])
OBJ 50000c75 (sz=32, trace=300585, class=java.util.ResourceBundle$LoaderReference@50000bbf)
	referent	50000b9d
	queue		5000079f
	cacheKey	500026ee
OBJ 50000c76 (sz=48, trace=300591, class=java.util.ResourceBundle$BundleReference@50000c0d)
	referent	5000079d
	queue		5000079f
	cacheKey	500026ee
OBJ 50000c77 (sz=32, trace=300593, class=java.util.concurrent.ConcurrentHashMap$Node@50000023)
	key		500026ee
	val		50000c76
OBJ 50000c78 (sz=32, trace=300585, class=java.util.ResourceBundle$LoaderReference@50000bbf)
OBJ 50000c79 (sz=24, trace=300594, class=java.lang.StringBuilder@50000135)
ARR 50000c7a (sz=112, trace=300595, nelems=0, elem type=char[])
OBJ 50000c7b (sz=24, trace=300596, class=java.lang.String@50000181)
	value		50000c7c
ARR 50000c7c (sz=74, trace=300597, nelems=37, elem type=char[])
OBJ 50000c7d (sz=16, trace=300172, class=java.lang.Object@50000185)
OBJ 50000c7e (sz=32, trace=300618, class=java.util.concurrent.ConcurrentHashMap$Node@50000023)
	key		50000c7b
	val		50000c7d
	next		50000c93
OBJ 50000c7f (sz=16, trace=300175, class=java.lang.Object@50000185)
OBJ 50000c80 (sz=32, trace=300618, class=java.util.concurrent.ConcurrentHashMap$Node@50000023)
	key		50000c7b
	val		50000c7f
	next		50000c95
ARR 50000c82 (sz=16, trace=300587, nelems=0, elem type=java.lang.Class[]@50000117)
OBJ 50000c83 (sz=56, trace=300149, class=java.lang.Class$ReflectionData@500000c4)
OBJ 50000c84 (sz=40, trace=300040, class=java.lang.ref.SoftReference@50000165)
OBJ 50000c85 (sz=80, trace=300150, class=java.lang.reflect.Constructor@50000151)
OBJ 50000c86 (sz=24, trace=300588, class=java.lang.Class$1@500000ae)
OBJ 50000c87 (sz=24, trace=300152, class=sun.reflect.NativeConstructorAccessorImpl@500000ac)
OBJ 50000c88 (sz=16, trace=300153, class=sun.reflect.DelegatingConstructorAccessorImpl@500000ab)
OBJ 50000c89 (sz=40, trace=300619, class=sun.launcher.resources.launcher_zh_CN@50000c81)
	parent		50000c0b
	locale		5000246d
	name		500010f1
	cacheKey	500026e8
	lookup		50000d6c
OBJ 50000c8a (sz=32, trace=300585, class=java.util.ResourceBundle$LoaderReference@50000bbf)
	referent	50000b9d
	queue		5000079f
	cacheKey	500026e8
OBJ 50000c8b (sz=48, trace=300591, class=java.util.ResourceBundle$BundleReference@50000c0d)
	referent	50000c89
	queue		5000079f
	cacheKey	500026e8
OBJ 50000c8c (sz=32, trace=300593, class=java.util.concurrent.ConcurrentHashMap$Node@50000023)
	key		500026e8
	val		50000c8b
OBJ 50000c8d (sz=32, trace=300585, class=java.util.ResourceBundle$LoaderReference@50000bbf)
OBJ 50000c8e (sz=24, trace=300594, class=java.lang.StringBuilder@50000135)
ARR 50000c8f (sz=112, trace=300595, nelems=0, elem type=char[])
OBJ 50000c90 (sz=24, trace=300596, class=java.lang.String@50000181)
	value		50000c91
ARR 50000c91 (sz=78, trace=300597, nelems=39, elem type=char[])
OBJ 50000c92 (sz=16, trace=300172, class=java.lang.Object@50000185)
OBJ 50000c93 (sz=32, trace=300618, class=java.util.concurrent.ConcurrentHashMap$Node@50000023)
	key		50000c90
	val		50000c92
	next		50000cf8
OBJ 50000c94 (sz=16, trace=300175, class=java.lang.Object@50000185)
OBJ 50000c95 (sz=32, trace=300618, class=java.util.concurrent.ConcurrentHashMap$Node@50000023)
	key		50000c90
	val		50000c94
	next		50000cfa
OBJ 50000c96 (sz=24, trace=300177, class=java.net.URLClassLoader$1@500003c5)
ARR 50000c97 (sz=96, trace=300178, nelems=0, elem type=char[])
OBJ 50000c98 (sz=24, trace=300179, class=java.lang.String@50000181)
ARR 50000c99 (sz=112, trace=300180, nelems=0, elem type=char[])
OBJ 50000c9a (sz=24, trace=300181, class=java.lang.String@50000181)
OBJ 50000c9b (sz=40, trace=300237, class=java.lang.ClassNotFoundException@5000016f)
OBJ 50000c9c (sz=24, trace=300238, class=java.net.URLClassLoader$1@500003c5)
ARR 50000c9d (sz=96, trace=300178, nelems=0, elem type=char[])
OBJ 50000c9e (sz=24, trace=300179, class=java.lang.String@50000181)
ARR 50000c9f (sz=112, trace=300180, nelems=0, elem type=char[])
OBJ 50000ca0 (sz=24, trace=300181, class=java.lang.String@50000181)
OBJ 50000ca1 (sz=64, trace=300251, class=java.net.URL@5000012d)
OBJ 50000ca2 (sz=24, trace=300252, class=java.lang.StringBuilder@50000135)
ARR 50000ca3 (sz=48, trace=300253, nelems=0, elem type=char[])
ARR 50000ca4 (sz=152, trace=300010, nelems=0, elem type=char[])
ARR 50000ca5 (sz=288, trace=300010, nelems=0, elem type=char[])
OBJ 50000ca6 (sz=24, trace=300254, class=java.lang.String@50000181)
ARR 50000ca7 (sz=152, trace=300255, nelems=0, elem type=char[])
OBJ 50000ca8 (sz=24, trace=300256, class=java.lang.String@50000181)
ARR 50000ca9 (sz=152, trace=300257, nelems=0, elem type=char[])
ARR 50000caa (sz=232, trace=300258, nelems=0, elem type=char[])
ARR 50000cab (sz=112, trace=300259, nelems=0, elem type=char[])
OBJ 50000cac (sz=24, trace=300260, class=java.lang.String@50000181)
ARR 50000cad (sz=112, trace=300261, nelems=0, elem type=char[])
OBJ 50000cae (sz=64, trace=300262, class=java.net.URL@5000012d)
OBJ 50000caf (sz=24, trace=300252, class=java.lang.StringBuilder@50000135)
ARR 50000cb0 (sz=48, trace=300253, nelems=0, elem type=char[])
ARR 50000cb1 (sz=152, trace=300010, nelems=0, elem type=char[])
ARR 50000cb2 (sz=288, trace=300010, nelems=0, elem type=char[])
OBJ 50000cb3 (sz=24, trace=300254, class=java.lang.String@50000181)
ARR 50000cb4 (sz=240, trace=300255, nelems=0, elem type=char[])
ARR 50000cb5 (sz=112, trace=300263, nelems=0, elem type=char[])
OBJ 50000cb6 (sz=24, trace=300264, class=java.lang.String@50000181)
OBJ 50000cb7 (sz=32, trace=300265, class=java.io.File@5000012f)
ARR 50000cb8 (sz=240, trace=300266, nelems=0, elem type=char[])
OBJ 50000cb9 (sz=24, trace=300267, class=java.lang.String@50000181)
ARR 50000cba (sz=240, trace=300268, nelems=0, elem type=char[])
ARR 50000cbb (sz=112, trace=300334, nelems=0, elem type=char[])
ARR 50000cbc (sz=152, trace=300335, nelems=0, elem type=byte[])
ARR 50000cbd (sz=64, trace=300336, nelems=0, elem type=byte[])
ARR 50000cbe (sz=112, trace=300334, nelems=0, elem type=char[])
ARR 50000cbf (sz=152, trace=300335, nelems=0, elem type=byte[])
ARR 50000cc0 (sz=64, trace=300336, nelems=0, elem type=byte[])
OBJ 50000cc1 (sz=40, trace=300237, class=java.lang.ClassNotFoundException@5000016f)
OBJ 50000cc2 (sz=24, trace=300594, class=java.lang.StringBuilder@50000135)
ARR 50000cc3 (sz=112, trace=300595, nelems=0, elem type=char[])
OBJ 50000cc4 (sz=24, trace=300596, class=java.lang.String@50000181)
ARR 50000cc5 (sz=96, trace=300597, nelems=0, elem type=char[])
OBJ 50000cc6 (sz=24, trace=300598, class=java.lang.StringBuilder@50000135)
ARR 50000cc7 (sz=120, trace=300599, nelems=0, elem type=char[])
ARR 50000cc8 (sz=96, trace=300600, nelems=0, elem type=char[])
OBJ 50000cc9 (sz=24, trace=300601, class=java.lang.String@50000181)
OBJ 50000cca (sz=24, trace=300602, class=java.lang.String@50000181)
ARR 50000ccb (sz=120, trace=300603, nelems=0, elem type=char[])
OBJ 50000ccc (sz=32, trace=300605, class=java.util.ResourceBundle$Control$1@50000c50)
OBJ 50000ccd (sz=24, trace=300607, class=java.net.URLClassLoader$2@50000c52)
OBJ 50000cce (sz=24, trace=300608, class=java.net.URLClassLoader$2@50000c52)
OBJ 50000ccf (sz=64, trace=300609, class=java.net.URL@5000012d)
OBJ 50000cd0 (sz=24, trace=300252, class=java.lang.StringBuilder@50000135)
ARR 50000cd1 (sz=48, trace=300253, nelems=0, elem type=char[])
ARR 50000cd2 (sz=152, trace=300010, nelems=0, elem type=char[])
ARR 50000cd3 (sz=288, trace=300010, nelems=0, elem type=char[])
OBJ 50000cd4 (sz=24, trace=300254, class=java.lang.String@50000181)
ARR 50000cd5 (sz=152, trace=300255, nelems=0, elem type=char[])
OBJ 50000cd6 (sz=24, trace=300256, class=java.lang.String@50000181)
ARR 50000cd7 (sz=152, trace=300257, nelems=0, elem type=char[])
ARR 50000cd8 (sz=248, trace=300610, nelems=0, elem type=char[])
ARR 50000cd9 (sz=120, trace=300611, nelems=0, elem type=char[])
OBJ 50000cda (sz=24, trace=300612, class=java.lang.String@50000181)
ARR 50000cdb (sz=120, trace=300261, nelems=0, elem type=char[])
OBJ 50000cdc (sz=64, trace=300613, class=java.net.URL@5000012d)
OBJ 50000cdd (sz=24, trace=300252, class=java.lang.StringBuilder@50000135)
ARR 50000cde (sz=48, trace=300253, nelems=0, elem type=char[])
ARR 50000cdf (sz=152, trace=300010, nelems=0, elem type=char[])
ARR 50000ce0 (sz=288, trace=300010, nelems=0, elem type=char[])
OBJ 50000ce1 (sz=24, trace=300254, class=java.lang.String@50000181)
ARR 50000ce2 (sz=248, trace=300255, nelems=0, elem type=char[])
ARR 50000ce3 (sz=120, trace=300614, nelems=0, elem type=char[])
OBJ 50000ce4 (sz=24, trace=300615, class=java.lang.String@50000181)
OBJ 50000ce5 (sz=32, trace=300616, class=java.io.File@5000012f)
ARR 50000ce6 (sz=248, trace=300617, nelems=0, elem type=char[])
OBJ 50000ce7 (sz=24, trace=300267, class=java.lang.String@50000181)
ARR 50000ce8 (sz=248, trace=300268, nelems=0, elem type=char[])
ARR 50000ce9 (sz=120, trace=300334, nelems=0, elem type=char[])
ARR 50000cea (sz=168, trace=300335, nelems=0, elem type=byte[])
ARR 50000ceb (sz=72, trace=300336, nelems=0, elem type=byte[])
ARR 50000cec (sz=120, trace=300334, nelems=0, elem type=char[])
ARR 50000ced (sz=168, trace=300335, nelems=0, elem type=byte[])
ARR 50000cee (sz=72, trace=300336, nelems=0, elem type=byte[])
OBJ 50000cef (sz=32, trace=300585, class=java.util.ResourceBundle$LoaderReference@50000bbf)
	referent	50000b9d
	queue		5000079f
	cacheKey	500026ed
OBJ 50000cf0 (sz=48, trace=300591, class=java.util.ResourceBundle$BundleReference@50000c0d)
	referent	5000079d
	queue		5000079f
	cacheKey	500026ed
OBJ 50000cf1 (sz=32, trace=300593, class=java.util.concurrent.ConcurrentHashMap$Node@50000023)
	key		500026ed
	val		50000cf0
OBJ 50000cf2 (sz=32, trace=300585, class=java.util.ResourceBundle$LoaderReference@50000bbf)
OBJ 50000cf3 (sz=24, trace=300594, class=java.lang.StringBuilder@50000135)
ARR 50000cf4 (sz=112, trace=300595, nelems=0, elem type=char[])
OBJ 50000cf5 (sz=24, trace=300596, class=java.lang.String@50000181)
	value		50000cf6
ARR 50000cf6 (sz=84, trace=300597, nelems=42, elem type=char[])
OBJ 50000cf7 (sz=16, trace=300172, class=java.lang.Object@50000185)
OBJ 50000cf8 (sz=32, trace=300618, class=java.util.concurrent.ConcurrentHashMap$Node@50000023)
	key		50000cf5
	val		50000cf7
OBJ 50000cf9 (sz=16, trace=300175, class=java.lang.Object@50000185)
OBJ 50000cfa (sz=32, trace=300618, class=java.util.concurrent.ConcurrentHashMap$Node@50000023)
	key		50000cf5
	val		50000cf9
OBJ 50000cfb (sz=24, trace=300177, class=java.net.URLClassLoader$1@500003c5)
ARR 50000cfc (sz=104, trace=300178, nelems=0, elem type=char[])
OBJ 50000cfd (sz=24, trace=300179, class=java.lang.String@50000181)
ARR 50000cfe (sz=112, trace=300180, nelems=0, elem type=char[])
OBJ 50000cff (sz=24, trace=300181, class=java.lang.String@50000181)
OBJ 50000d00 (sz=40, trace=300237, class=java.lang.ClassNotFoundException@5000016f)
OBJ 50000d01 (sz=24, trace=300238, class=java.net.URLClassLoader$1@500003c5)
ARR 50000d02 (sz=104, trace=300178, nelems=0, elem type=char[])
OBJ 50000d03 (sz=24, trace=300179, class=java.lang.String@50000181)
ARR 50000d04 (sz=112, trace=300180, nelems=0, elem type=char[])
OBJ 50000d05 (sz=24, trace=300181, class=java.lang.String@50000181)
OBJ 50000d06 (sz=64, trace=300251, class=java.net.URL@5000012d)
OBJ 50000d07 (sz=24, trace=300252, class=java.lang.StringBuilder@50000135)
ARR 50000d08 (sz=48, trace=300253, nelems=0, elem type=char[])
ARR 50000d09 (sz=152, trace=300010, nelems=0, elem type=char[])
ARR 50000d0a (sz=288, trace=300010, nelems=0, elem type=char[])
OBJ 50000d0b (sz=24, trace=300254, class=java.lang.String@50000181)
ARR 50000d0c (sz=152, trace=300255, nelems=0, elem type=char[])
OBJ 50000d0d (sz=24, trace=300256, class=java.lang.String@50000181)
ARR 50000d0e (sz=152, trace=300257, nelems=0, elem type=char[])
ARR 50000d0f (sz=240, trace=300258, nelems=0, elem type=char[])
ARR 50000d10 (sz=112, trace=300259, nelems=0, elem type=char[])
OBJ 50000d11 (sz=24, trace=300260, class=java.lang.String@50000181)
ARR 50000d12 (sz=112, trace=300261, nelems=0, elem type=char[])
OBJ 50000d13 (sz=64, trace=300262, class=java.net.URL@5000012d)
OBJ 50000d14 (sz=24, trace=300252, class=java.lang.StringBuilder@50000135)
ARR 50000d15 (sz=48, trace=300253, nelems=0, elem type=char[])
ARR 50000d16 (sz=152, trace=300010, nelems=0, elem type=char[])
ARR 50000d17 (sz=288, trace=300010, nelems=0, elem type=char[])
OBJ 50000d18 (sz=24, trace=300254, class=java.lang.String@50000181)
ARR 50000d19 (sz=248, trace=300255, nelems=0, elem type=char[])
ARR 50000d1a (sz=112, trace=300263, nelems=0, elem type=char[])
OBJ 50000d1b (sz=24, trace=300264, class=java.lang.String@50000181)
OBJ 50000d1c (sz=32, trace=300265, class=java.io.File@5000012f)
ARR 50000d1d (sz=248, trace=300266, nelems=0, elem type=char[])
OBJ 50000d1e (sz=24, trace=300267, class=java.lang.String@50000181)
ARR 50000d1f (sz=248, trace=300268, nelems=0, elem type=char[])
ARR 50000d20 (sz=112, trace=300334, nelems=0, elem type=char[])
ARR 50000d21 (sz=160, trace=300335, nelems=0, elem type=byte[])
ARR 50000d22 (sz=64, trace=300336, nelems=0, elem type=byte[])
ARR 50000d23 (sz=112, trace=300334, nelems=0, elem type=char[])
ARR 50000d24 (sz=160, trace=300335, nelems=0, elem type=byte[])
ARR 50000d25 (sz=64, trace=300336, nelems=0, elem type=byte[])
OBJ 50000d26 (sz=40, trace=300237, class=java.lang.ClassNotFoundException@5000016f)
OBJ 50000d27 (sz=24, trace=300594, class=java.lang.StringBuilder@50000135)
ARR 50000d28 (sz=112, trace=300595, nelems=0, elem type=char[])
OBJ 50000d29 (sz=24, trace=300596, class=java.lang.String@50000181)
ARR 50000d2a (sz=104, trace=300597, nelems=0, elem type=char[])
OBJ 50000d2b (sz=24, trace=300598, class=java.lang.StringBuilder@50000135)
ARR 50000d2c (sz=128, trace=300599, nelems=0, elem type=char[])
ARR 50000d2d (sz=104, trace=300600, nelems=0, elem type=char[])
OBJ 50000d2e (sz=24, trace=300601, class=java.lang.String@50000181)
OBJ 50000d2f (sz=24, trace=300602, class=java.lang.String@50000181)
ARR 50000d30 (sz=128, trace=300603, nelems=0, elem type=char[])
OBJ 50000d31 (sz=32, trace=300605, class=java.util.ResourceBundle$Control$1@50000c50)
OBJ 50000d32 (sz=24, trace=300607, class=java.net.URLClassLoader$2@50000c52)
OBJ 50000d33 (sz=24, trace=300608, class=java.net.URLClassLoader$2@50000c52)
OBJ 50000d34 (sz=64, trace=300609, class=java.net.URL@5000012d)
OBJ 50000d35 (sz=24, trace=300252, class=java.lang.StringBuilder@50000135)
ARR 50000d36 (sz=48, trace=300253, nelems=0, elem type=char[])
ARR 50000d37 (sz=152, trace=300010, nelems=0, elem type=char[])
ARR 50000d38 (sz=288, trace=300010, nelems=0, elem type=char[])
OBJ 50000d39 (sz=24, trace=300254, class=java.lang.String@50000181)
ARR 50000d3a (sz=152, trace=300255, nelems=0, elem type=char[])
OBJ 50000d3b (sz=24, trace=300256, class=java.lang.String@50000181)
ARR 50000d3c (sz=152, trace=300257, nelems=0, elem type=char[])
ARR 50000d3d (sz=264, trace=300610, nelems=0, elem type=char[])
ARR 50000d3e (sz=128, trace=300611, nelems=0, elem type=char[])
OBJ 50000d3f (sz=24, trace=300612, class=java.lang.String@50000181)
ARR 50000d40 (sz=128, trace=300261, nelems=0, elem type=char[])
OBJ 50000d41 (sz=64, trace=300613, class=java.net.URL@5000012d)
OBJ 50000d42 (sz=24, trace=300252, class=java.lang.StringBuilder@50000135)
ARR 50000d43 (sz=48, trace=300253, nelems=0, elem type=char[])
ARR 50000d44 (sz=152, trace=300010, nelems=0, elem type=char[])
ARR 50000d45 (sz=288, trace=300010, nelems=0, elem type=char[])
OBJ 50000d46 (sz=24, trace=300254, class=java.lang.String@50000181)
ARR 50000d47 (sz=256, trace=300255, nelems=0, elem type=char[])
ARR 50000d48 (sz=128, trace=300614, nelems=0, elem type=char[])
OBJ 50000d49 (sz=24, trace=300615, class=java.lang.String@50000181)
OBJ 50000d4a (sz=32, trace=300616, class=java.io.File@5000012f)
ARR 50000d4b (sz=256, trace=300617, nelems=0, elem type=char[])
OBJ 50000d4c (sz=24, trace=300267, class=java.lang.String@50000181)
ARR 50000d4d (sz=256, trace=300268, nelems=0, elem type=char[])
ARR 50000d4e (sz=128, trace=300334, nelems=0, elem type=char[])
ARR 50000d4f (sz=176, trace=300335, nelems=0, elem type=byte[])
ARR 50000d50 (sz=72, trace=300336, nelems=0, elem type=byte[])
ARR 50000d51 (sz=128, trace=300334, nelems=0, elem type=char[])
ARR 50000d52 (sz=176, trace=300335, nelems=0, elem type=byte[])
ARR 50000d53 (sz=72, trace=300336, nelems=0, elem type=byte[])
OBJ 50000d54 (sz=32, trace=300585, class=java.util.ResourceBundle$LoaderReference@50000bbf)
	referent	50000b9d
	queue		5000079f
	cacheKey	500026ec
OBJ 50000d55 (sz=48, trace=300591, class=java.util.ResourceBundle$BundleReference@50000c0d)
	referent	5000079d
	queue		5000079f
	cacheKey	500026ec
OBJ 50000d56 (sz=32, trace=300593, class=java.util.concurrent.ConcurrentHashMap$Node@50000023)
	key		500026ec
	val		50000d55
ARR 50000d58 (sz=96, trace=300620, nelems=0, elem type=java.lang.Object[][]@50000d57)
ARR 50000d59 (sz=24, trace=300621, nelems=0, elem type=java.lang.Object[]@5000011c)
ARR 50000d5a (sz=24, trace=300622, nelems=0, elem type=java.lang.Object[]@5000011c)
ARR 50000d5b (sz=24, trace=300623, nelems=0, elem type=java.lang.Object[]@5000011c)
ARR 50000d5c (sz=24, trace=300624, nelems=0, elem type=java.lang.Object[]@5000011c)
ARR 50000d5d (sz=24, trace=300625, nelems=0, elem type=java.lang.Object[]@5000011c)
ARR 50000d5e (sz=24, trace=300626, nelems=0, elem type=java.lang.Object[]@5000011c)
ARR 50000d5f (sz=24, trace=300627, nelems=0, elem type=java.lang.Object[]@5000011c)
ARR 50000d60 (sz=24, trace=300628, nelems=0, elem type=java.lang.Object[]@5000011c)
ARR 50000d61 (sz=24, trace=300629, nelems=0, elem type=java.lang.Object[]@5000011c)
ARR 50000d62 (sz=24, trace=300630, nelems=0, elem type=java.lang.Object[]@5000011c)
ARR 50000d63 (sz=24, trace=300631, nelems=0, elem type=java.lang.Object[]@5000011c)
ARR 50000d64 (sz=24, trace=300632, nelems=0, elem type=java.lang.Object[]@5000011c)
ARR 50000d65 (sz=24, trace=300633, nelems=0, elem type=java.lang.Object[]@5000011c)
ARR 50000d66 (sz=24, trace=300634, nelems=0, elem type=java.lang.Object[]@5000011c)
ARR 50000d67 (sz=24, trace=300635, nelems=0, elem type=java.lang.Object[]@5000011c)
ARR 50000d68 (sz=24, trace=300636, nelems=0, elem type=java.lang.Object[]@5000011c)
ARR 50000d69 (sz=24, trace=300637, nelems=0, elem type=java.lang.Object[]@5000011c)
ARR 50000d6a (sz=24, trace=300638, nelems=0, elem type=java.lang.Object[]@5000011c)
ARR 50000d6b (sz=24, trace=300639, nelems=0, elem type=java.lang.Object[]@5000011c)
OBJ 50000d6c (sz=48, trace=300640, class=java.util.HashMap@500000d9)
	table		50000d6d
ARR 50000d6d (sz=144, trace=300641, nelems=32, elem type=java.util.HashMap$Node[]@500000d5)
	[0]		50000d70
	[1]		50000d78
	[5]		50000d7d
	[11]		50000d6f
	[12]		50000d75
	[13]		50000d6e
	[15]		50000d76
	[23]		50000d7b
	[25]		50000d7e
	[26]		50000d7c
	[28]		50000d74
	[29]		50000d73
	[30]		50000d72
	[31]		50000d71
OBJ 50000d6e (sz=32, trace=300080, class=java.util.HashMap$Node@500000d7)
	key		50002726
	value		50002725
OBJ 50000d6f (sz=32, trace=300080, class=java.util.HashMap$Node@500000d7)
	key		5000272e
	value		5000272d
	next		50000d77
OBJ 50000d70 (sz=32, trace=300080, class=java.util.HashMap$Node@500000d7)
	key		50000dd3
	value		50002741
	next		50000d79
OBJ 50000d71 (sz=32, trace=300080, class=java.util.HashMap$Node@500000d7)
	key		500026fe
	value		500026fd
	next		50000d7a
OBJ 50000d72 (sz=32, trace=300080, class=java.util.HashMap$Node@500000d7)
	key		50002706
	value		50002705
OBJ 50000d73 (sz=32, trace=300080, class=java.util.HashMap$Node@500000d7)
	key		5000270a
	value		50002709
OBJ 50000d74 (sz=32, trace=300080, class=java.util.HashMap$Node@500000d7)
	key		5000270e
	value		5000270d
OBJ 50000d75 (sz=32, trace=300080, class=java.util.HashMap$Node@500000d7)
	key		5000272a
	value		50002729
OBJ 50000d76 (sz=32, trace=300080, class=java.util.HashMap$Node@500000d7)
	key		50002722
	value		50002721
OBJ 50000d77 (sz=32, trace=300081, class=java.util.HashMap$Node@500000d7)
	key		50002732
	value		50002731
	next		50000d7f
OBJ 50000d78 (sz=32, trace=300080, class=java.util.HashMap$Node@500000d7)
	key		5000273e
	value		5000273d
OBJ 50000d79 (sz=32, trace=300081, class=java.util.HashMap$Node@500000d7)
	key		50002745
	value		50002744
OBJ 50000d7a (sz=32, trace=300081, class=java.util.HashMap$Node@500000d7)
	key		50002702
	value		50002701
OBJ 50000d7b (sz=32, trace=300080, class=java.util.HashMap$Node@500000d7)
	key		5000271a
	value		50002719
	next		50000d80
OBJ 50000d7c (sz=32, trace=300080, class=java.util.HashMap$Node@500000d7)
	key		50002712
	value		50002711
OBJ 50000d7d (sz=32, trace=300080, class=java.util.HashMap$Node@500000d7)
	key		5000273a
	value		50002739
OBJ 50000d7e (sz=32, trace=300080, class=java.util.HashMap$Node@500000d7)
	key		50002716
	value		50002715
OBJ 50000d7f (sz=32, trace=300081, class=java.util.HashMap$Node@500000d7)
	key		50002736
	value		50002735
OBJ 50000d80 (sz=32, trace=300081, class=java.util.HashMap$Node@500000d7)
	key		5000271e
	value		5000271d
ARR 50000d83 (sz=40, trace=300643, nelems=5, elem type=java.lang.String[]@500000db)
	[0]		50000ed3
	[1]		5000274e
	[2]		5000274a
	[3]		50002750
	[4]		50002748
ARR 50000d84 (sz=32, trace=300644, nelems=4, elem type=java.lang.String[]@500000db)
	[0]		50000ed3
	[1]		50002749
	[2]		5000274f
	[3]		5000274c
ARR 50000d85 (sz=40, trace=300645, nelems=5, elem type=java.lang.String[]@500000db)
	[0]		50000ed3
	[1]		5000120f
	[2]		5000274d
	[3]		50001103
	[4]		5000274b
ARR 50000d86 (sz=20, trace=300646, nelems=5, elem type=int[])
OBJ 50000d87 (sz=40, trace=300647, class=java.text.MessageFormat@50000d82)
ARR 50000d89 (sz=56, trace=300648, nelems=0, elem type=java.text.Format[]@50000d88)
ARR 50000d8a (sz=56, trace=300649, nelems=0, elem type=int[])
ARR 50000d8b (sz=56, trace=300650, nelems=0, elem type=int[])
OBJ 50000d8d (sz=40, trace=300652, class=java.util.Locale$Category@50000d8c)
	name		50002582
	languageKey	50002586
	scriptKey	50002588
	countryKey	50002584
	variantKey	5000258a
OBJ 50000d8e (sz=40, trace=300653, class=java.util.Locale$Category@50000d8c)
	name		50002583
	languageKey	50002587
	scriptKey	50002589
	countryKey	50002585
	variantKey	5000258b
ARR 50000d90 (sz=24, trace=300654, nelems=2, elem type=java.util.Locale$Category[]@50000d8f)
	[0]		50000d8d
	[1]		50000d8e
ARR 50000d92 (sz=8, trace=300656, nelems=2, elem type=int[])
OBJ 50000d93 (sz=24, trace=300657, class=sun.security.action.GetPropertyAction@50000064)
OBJ 50000d94 (sz=24, trace=300658, class=sun.security.action.GetPropertyAction@50000064)
OBJ 50000d95 (sz=24, trace=300659, class=sun.security.action.GetPropertyAction@50000064)
OBJ 50000d96 (sz=24, trace=300660, class=sun.security.action.GetPropertyAction@50000064)
OBJ 50000d97 (sz=40, trace=300564, class=sun.util.locale.BaseLocale$Key@50000019)
OBJ 50000d98 (sz=40, trace=300565, class=java.lang.ref.SoftReference@50000165)
OBJ 50000d99 (sz=40, trace=300566, class=java.lang.ref.SoftReference@50000165)
OBJ 50000d9a (sz=40, trace=300567, class=java.lang.ref.SoftReference@50000165)
OBJ 50000d9b (sz=40, trace=300568, class=java.lang.ref.SoftReference@50000165)
OBJ 50000d9c (sz=24, trace=300573, class=java.util.Locale$LocaleKey@50000017)
ARR 50000d9e (sz=32, trace=300661, nelems=0, elem type=java.lang.StringBuilder[]@50000d9d)
OBJ 50000d9f (sz=24, trace=300662, class=java.lang.StringBuilder@50000135)
ARR 50000da0 (sz=48, trace=300663, nelems=0, elem type=char[])
OBJ 50000da1 (sz=24, trace=300664, class=java.lang.StringBuilder@50000135)
ARR 50000da2 (sz=48, trace=300665, nelems=0, elem type=char[])
ARR 50000da3 (sz=32, trace=300666, nelems=0, elem type=java.lang.String[]@500000db)
OBJ 50000da4 (sz=24, trace=300667, class=java.lang.String@50000181)
ARR 50000da5 (sz=48, trace=300668, nelems=0, elem type=char[])
OBJ 50000da6 (sz=24, trace=300667, class=java.lang.String@50000181)
ARR 50000da7 (sz=24, trace=300668, nelems=0, elem type=char[])
OBJ 50000da8 (sz=24, trace=300669, class=java.lang.String@50000181)
ARR 50000da9 (sz=48, trace=300670, nelems=0, elem type=char[])
OBJ 50000daa (sz=24, trace=300671, class=java.lang.StringBuffer@50000136)
ARR 50000dab (sz=48, trace=300672, nelems=0, elem type=char[])
OBJ 50000dad (sz=32, trace=300674, class=java.text.FieldPosition@50000dac)
ARR 50000daf (sz=88, trace=300676, nelems=0, elem type=char[])
OBJ 50000db3 (sz=48, trace=300678, class=java.util.HashMap@500000d9)
	table		50000db5
OBJ 50000db4 (sz=16, trace=300679, class=java.text.AttributedCharacterIterator$Attribute@50000db0)
	name		5000245e
ARR 50000db5 (sz=48, trace=300680, nelems=3, elem type=java.util.HashMap$Node[]@500000d5)
	[1]		50000db8
	[2]		50000db6
OBJ 50000db6 (sz=32, trace=300080, class=java.util.HashMap$Node@500000d7)
	key		5000245e
	value		50000db4
	next		50000dba
OBJ 50000db7 (sz=16, trace=300681, class=java.text.AttributedCharacterIterator$Attribute@50000db0)
	name		5000275d
OBJ 50000db8 (sz=32, trace=300080, class=java.util.HashMap$Node@500000d7)
	key		5000275d
	value		50000db7
OBJ 50000db9 (sz=16, trace=300682, class=java.text.AttributedCharacterIterator$Attribute@50000db0)
	name		5000275c
OBJ 50000dba (sz=32, trace=300081, class=java.util.HashMap$Node@500000d7)
	key		5000275c
	value		50000db9
OBJ 50000dbb (sz=16, trace=300683, class=java.text.MessageFormat$Field@50000db2)
	name		5000275a
OBJ 50000dbc (sz=24, trace=300684, class=java.lang.String@50000181)
ARR 50000dbd (sz=80, trace=300685, nelems=0, elem type=char[])
OBJ 50000dbe (sz=24, trace=300686, class=java.lang.String@50000181)
OBJ 50000dbf (sz=48, trace=300457, class=java.nio.HeapCharBuffer@5000006a)
OBJ 50000dc0 (sz=48, trace=300457, class=java.nio.HeapCharBuffer@5000006a)
ARR 50000dc2 (sz=56, trace=300688, nelems=0, elem type=java.lang.Runnable[]@500000e3)
OBJ 50000dc4 (sz=16, trace=300690, class=java.lang.Shutdown$Lock@50000dc3)
OBJ 50000dc5 (sz=16, trace=300691, class=java.lang.Shutdown$Lock@50000dc3)
OBJ 50000dc8 (sz=376, trace=300000, class=java.lang.Thread@5000015e)
	name		50002761
	contextClassLoader	50000dd5
	blockerLock	50002760
OBJ 50000dc9 (sz=376, trace=300000, class=java.lang.Thread@5000015e)
	name		5000263e
	group		50000ecc
	contextClassLoader	50000dd5
	inheritedAccessControlContext	5000263d
	blockerLock	5000263c
OBJ 50000dca (sz=376, trace=300000, class=java.lang.Thread@5000015e)
	name		50002642
	group		50000ecc
	contextClassLoader	50000dd5
	inheritedAccessControlContext	50002641
	blockerLock	50002640
OBJ 50000dcb (sz=384, trace=300000, class=java.lang.ref.Finalizer$FinalizerThread@500000d0)
	name		50002646
	group		50000ecc
	inheritedAccessControlContext	50002645
	blockerLock	50002644
OBJ 50000dcc (sz=32, trace=300000, class=java.lang.ref.ReferenceQueue@500000e6)
	lock		50000dcd
OBJ 50000dcd (sz=16, trace=300000, class=java.lang.ref.ReferenceQueue$Lock@500000e4)
OBJ 50000dce (sz=16, trace=300000, class=java.lang.System$2@50000047)
OBJ 50000dcf (sz=376, trace=300000, class=java.lang.ref.Reference$ReferenceHandler@500000f3)
	name		5000168d
	group		50000ecc
	inheritedAccessControlContext	50002654
	blockerLock	50002653
OBJ 50000dd0 (sz=16, trace=300000, class=java.lang.ref.Reference$Lock@500000f4)
OBJ 50000dd1 (sz=376, trace=300000, class=java.lang.Thread@5000015e)
	name		5000265b
	group		50000ecb
	contextClassLoader	50000dd5
	inheritedAccessControlContext	5000265a
	threadLocals	50002659
	blockerLock	50002658
OBJ 50000dd2 (sz=16, trace=300000, class=java.lang.Runtime@5000008d)
OBJ 50000dd3 (sz=24, trace=300000, class=java.lang.String@50000181)
	value		50002742
OBJ 50000dd4 (sz=24, trace=300000, class=java.lang.String@50000181)
	value		50001034
OBJ 50000dd5 (sz=96, trace=300000, class=sun.misc.Launcher$AppClassLoader@5000012a)
	parent		50000dd7
	parallelLockMap	500010e4
	package2certs	500010e3
	classes		500010e2
	defaultDomain	500010e1
	domains		500010e0
	packages	500010df
	nativeLibraries	500010de
	assertionLock	500010dd
	pdcache		500010dc
	ucp		500010d9
	acc		500010db
	closeables	500010da
	ucp		500010d9
ARR 50000dd6 (sz=0, trace=300000, nelems=0, elem type=int[])
OBJ 50000dd7 (sz=88, trace=300000, class=sun.misc.Launcher$ExtClassLoader@50000129)
	parallelLockMap	500010f0
	package2certs	500010ef
	classes		500010ee
	defaultDomain	500010ed
	domains		500010ec
	packages	500010eb
	nativeLibraries	500010ea
	assertionLock	500010e9
	pdcache		500010e8
	ucp		500010e7
	acc		500010e6
	closeables	500010e5
ARR 50000dd8 (sz=24, trace=300000, nelems=0, elem type=java.lang.Object[]@5000011c)
ARR 50000dd9 (sz=32, trace=300000, nelems=0, elem type=java.lang.Object[]@5000011c)
ARR 50000dda (sz=88, trace=300000, nelems=0, elem type=java.lang.Object[]@5000011c)
ARR 50000ddb (sz=24, trace=300000, nelems=1, elem type=java.lang.Object[]@5000011c)
	[0]		5000168d
ARR 50000ddc (sz=24, trace=300000, nelems=2, elem type=java.lang.Object[]@5000011c)
	[1]		50000fa4
ARR 50000ddd (sz=88, trace=300000, nelems=18, elem type=java.lang.Object[]@5000011c)
	[0]		50000ed3
	[14]		500010d1
	[17]		500010d2
ARR 50000dde (sz=56, trace=300000, nelems=10, elem type=java.lang.Object[]@5000011c)
	[9]		50001220
ARR 50000ddf (sz=56, trace=300000, nelems=0, elem type=java.lang.Object[]@5000011c)
ARR 50000de0 (sz=56, trace=300000, nelems=10, elem type=java.lang.Object[]@5000011c)
	[0]		50000ed3
	[1]		50000edc
	[2]		50000ed0
	[3]		50000edd
	[4]		50000ede
	[5]		50000edf
	[6]		50000ed1
	[7]		50000ebf
	[8]		50000ecf
	[9]		50000ee0
ARR 50000de1 (sz=208, trace=300000, nelems=0, elem type=java.lang.Object[]@5000011c)
ARR 50000de2 (sz=32, trace=300000, nelems=3, elem type=java.lang.Object[]@5000011c)
	[2]		50000ece
ARR 50000de3 (sz=72, trace=300000, nelems=13, elem type=java.lang.Object[]@5000011c)
	[0]		50000ed3
	[6]		50000eea
	[9]		50000eeb
	[10]		50000eec
	[12]		50000eed
ARR 50000de4 (sz=48, trace=300000, nelems=7, elem type=java.lang.Object[]@5000011c)
	[6]		50000ee9
ARR 50000de5 (sz=64, trace=300000, nelems=7, elem type=java.lang.Object[]@5000011c)
	[6]		50000ee3
ARR 50000de6 (sz=32, trace=300000, nelems=0, elem type=java.lang.Object[]@5000011c)
ARR 50000de7 (sz=40, trace=300000, nelems=2, elem type=java.lang.Object[]@5000011c)
	[1]		50000ee7
ARR 50000de8 (sz=48, trace=300000, nelems=0, elem type=java.lang.Object[]@5000011c)
ARR 50000de9 (sz=72, trace=300000, nelems=0, elem type=java.lang.Object[]@5000011c)
ARR 50000dea (sz=80, trace=300000, nelems=0, elem type=java.lang.Object[]@5000011c)
ARR 50000deb (sz=32, trace=300000, nelems=0, elem type=java.lang.Object[]@5000011c)
ARR 50000dec (sz=112, trace=300000, nelems=0, elem type=java.lang.Object[]@5000011c)
ARR 50000ded (sz=32, trace=300000, nelems=3, elem type=java.lang.Object[]@5000011c)
	[2]		50000f89
ARR 50000dee (sz=72, trace=300000, nelems=0, elem type=java.lang.Object[]@5000011c)
ARR 50000def (sz=32, trace=300000, nelems=0, elem type=java.lang.Object[]@5000011c)
ARR 50000df0 (sz=32, trace=300000, nelems=0, elem type=java.lang.Object[]@5000011c)
ARR 50000df1 (sz=24, trace=300000, nelems=0, elem type=java.lang.Object[]@5000011c)
ARR 50000df2 (sz=48, trace=300000, nelems=0, elem type=java.lang.Object[]@5000011c)
ARR 50000df3 (sz=24, trace=300000, nelems=2, elem type=java.lang.Object[]@5000011c)
	[1]		50000f85
ARR 50000df4 (sz=48, trace=300000, nelems=0, elem type=java.lang.Object[]@5000011c)
ARR 50000df5 (sz=24, trace=300000, nelems=0, elem type=java.lang.Object[]@5000011c)
ARR 50000df6 (sz=24, trace=300000, nelems=0, elem type=java.lang.Object[]@5000011c)
ARR 50000df7 (sz=24, trace=300000, nelems=0, elem type=java.lang.Object[]@5000011c)
ARR 50000df8 (sz=24, trace=300000, nelems=0, elem type=java.lang.Object[]@5000011c)
ARR 50000df9 (sz=56, trace=300000, nelems=10, elem type=java.lang.Object[]@5000011c)
	[6]		50000f90
	[7]		50000f91
	[8]		50000f92
	[9]		50000f93
ARR 50000dfa (sz=32, trace=300000, nelems=0, elem type=java.lang.Object[]@5000011c)
ARR 50000dfb (sz=152, trace=300000, nelems=0, elem type=java.lang.Object[]@5000011c)
ARR 50000dfc (sz=24, trace=300000, nelems=0, elem type=java.lang.Object[]@5000011c)
ARR 50000dfd (sz=64, trace=300000, nelems=11, elem type=java.lang.Object[]@5000011c)
	[0]		50000fa5
	[3]		50000fa6
	[4]		50000fa7
	[5]		50000fa8
	[6]		50000fa9
	[7]		50000faa
	[8]		50000fab
	[9]		50000fac
	[10]		50000ee0
ARR 50000dfe (sz=40, trace=300000, nelems=0, elem type=java.lang.Object[]@5000011c)
ARR 50000dff (sz=48, trace=300000, nelems=0, elem type=java.lang.Object[]@5000011c)
ARR 50000e00 (sz=32, trace=300000, nelems=1, elem type=java.lang.Object[]@5000011c)
	[0]		50000f82
ARR 50000e01 (sz=24, trace=300000, nelems=0, elem type=java.lang.Object[]@5000011c)
ARR 50000e02 (sz=56, trace=300000, nelems=10, elem type=java.lang.Object[]@5000011c)
	[9]		500010cd
ARR 50000e03 (sz=24, trace=300000, nelems=1, elem type=java.lang.Object[]@5000011c)
	[0]		50002646
ARR 50000e04 (sz=24, trace=300000, nelems=0, elem type=java.lang.Object[]@5000011c)
ARR 50000e05 (sz=48, trace=300000, nelems=7, elem type=java.lang.Object[]@5000011c)
	[0]		50000ed3
	[1]		50001542
	[5]		50001543
	[6]		50001544
ARR 50000e06 (sz=24, trace=300000, nelems=0, elem type=java.lang.Object[]@5000011c)
ARR 50000e07 (sz=24, trace=300000, nelems=2, elem type=java.lang.Object[]@5000011c)
	[0]		50001541
	[1]		5000144c
ARR 50000e08 (sz=864, trace=300000, nelems=212, elem type=java.lang.Object[]@5000011c)
	[0]		50001280
	[1]		5000126e
	[2]		50001281
	[3]		50001282
	[4]		50001283
	[5]		50001284
	[6]		50001285
	[7]		50001286
	[8]		50001287
	[9]		50001288
	[10]		50001289
	[11]		5000128a
	[12]		5000128b
	[13]		5000128c
	[14]		5000128d
	[15]		5000128e
	[16]		5000128f
	[17]		50001290
	[18]		50001291
	[19]		50001292
	[20]		50001293
	[21]		50001294
	[22]		50001295
	[23]		50001296
	[24]		50001297
	[25]		50001298
	[26]		50001270
	[27]		50001265
	[28]		50001267
	[29]		50001299
	[30]		5000129a
	[31]		5000129b
	[32]		5000129c
	[33]		5000129d
	[34]		5000126a
	[35]		5000129e
	[36]		5000129f
	[37]		500012a0
	[38]		500012a1
	[39]		50001268
	[40]		500012a2
	[41]		500012a3
	[42]		500012a4
	[43]		500012a5
	[44]		500012a6
	[45]		500012a7
	[46]		500012a8
	[47]		500012a9
	[48]		500012aa
	[49]		50001266
	[50]		500012ab
	[51]		500012ac
	[52]		500012ad
	[53]		500012ae
	[54]		500012af
	[55]		500012b0
	[56]		500012b1
	[57]		500012b2
	[58]		500012b3
	[59]		500012b4
	[60]		500012b5
	[61]		500012b6
	[62]		500012b7
	[63]		500012b8
	[64]		500012b9
	[65]		500012ba
	[66]		500012bb
	[67]		500012bc
	[68]		500012bd
	[69]		500012be
	[70]		500012bf
	[71]		500012c0
	[72]		500012c1
	[73]		500012c2
	[74]		500012c3
	[75]		500012c4
	[76]		500012c5
	[77]		500012c6
	[78]		500012c7
	[79]		500012c8
	[80]		500012c9
	[81]		500012ca
	[82]		500012cb
	[83]		500012cc
	[84]		500012cd
	[85]		500012ce
	[86]		500012cf
	[87]		500012d0
	[88]		500012d1
	[89]		50001271
	[90]		500012d2
	[91]		500012d3
	[92]		500012d4
	[93]		500012d5
	[94]		500012d6
	[95]		500012d7
	[96]		500012d8
	[97]		500012d9
	[98]		5000126b
	[99]		500012da
	[100]		500012db
	[101]		500012dc
	[102]		500012dd
	[103]		500012de
	[104]		500012df
	[105]		500012e0
	[106]		500012e1
	[107]		500012e2
	[108]		500012e3
	[109]		500012e4
	[110]		500012e5
	[111]		500012e6
	[112]		500012e7
	[113]		500012e8
	[114]		500012e9
	[115]		500012ea
	[116]		500012eb
	[117]		500012ec
	[118]		500012ed
	[119]		500012ee
	[120]		500012ef
	[121]		500012f0
	[122]		500012f1
	[123]		5000126c
	[124]		500012f2
	[125]		500012f3
	[126]		500012f4
	[127]		500012f5
	[128]		500012f6
	[129]		500012f7
	[130]		500012f8
	[131]		500012f9
	[132]		500012fa
	[133]		500012fb
	[134]		500012fc
	[135]		500012fd
	[136]		500012fe
	[137]		500012ff
	[138]		50001300
	[139]		50001301
	[140]		50001302
	[141]		50001303
	[142]		50001304
	[143]		5000126d
	[144]		50001305
	[145]		50001306
	[146]		50001307
	[147]		50001308
	[148]		50001309
	[149]		5000130a
	[150]		5000130b
	[151]		5000130c
	[152]		5000130d
	[153]		5000130e
	[154]		5000130f
	[155]		50001310
	[156]		50001311
	[157]		50001312
	[158]		50001313
	[159]		50001314
	[160]		50001315
	[161]		50001316
	[162]		50001317
	[163]		50001318
	[164]		50001319
	[165]		5000131a
	[166]		5000131b
	[167]		5000131c
	[168]		5000131d
	[169]		5000131e
	[170]		5000131f
	[171]		50001320
	[172]		50001321
	[173]		50001322
	[174]		50001323
	[175]		50001324
	[176]		50001325
	[177]		50001326
	[178]		50001327
	[179]		50001328
	[180]		50001264
	[181]		50001329
	[182]		5000132a
	[183]		5000132b
	[184]		5000132c
	[185]		5000132d
	[186]		5000132e
	[187]		5000132f
	[188]		50001330
	[189]		5000126f
	[190]		50001331
	[191]		50001332
	[192]		50001333
	[193]		50001334
	[194]		50001335
	[195]		50001336
	[196]		50001337
	[197]		50001338
	[198]		50001339
	[199]		5000133a
	[200]		5000133b
	[201]		5000133c
	[202]		5000133d
	[203]		5000133e
	[204]		5000133f
	[205]		50001340
	[206]		50001269
	[207]		50001341
	[208]		50001342
	[209]		50001343
	[210]		50001344
	[211]		50001345
ARR 50000e09 (sz=984, trace=300000, nelems=241, elem type=java.lang.Object[]@5000011c)
	[0]		50001280
	[1]		5000126e
	[2]		50001281
	[3]		50001282
	[4]		50001283
	[5]		50001284
	[6]		50001285
	[7]		50001286
	[8]		50001287
	[9]		50001288
	[10]		50001289
	[11]		5000128a
	[12]		5000128b
	[13]		50001343
	[14]		5000128c
	[15]		5000128d
	[16]		5000128e
	[17]		5000128f
	[18]		50001290
	[19]		50001291
	[20]		50001292
	[21]		50001293
	[22]		50001294
	[23]		50001295
	[24]		50001296
	[25]		50001297
	[26]		50001298
	[27]		500012d1
	[28]		500014ab
	[29]		500014ac
	[30]		500014ad
	[31]		50001271
	[32]		500012d2
	[33]		5000144f
	[34]		500014ae
	[35]		500012d3
	[36]		500012d4
	[37]		500012d5
	[38]		500012d6
	[39]		500012d7
	[40]		500012d8
	[41]		500012d9
	[42]		5000126b
	[43]		500012da
	[44]		500012db
	[45]		500012dc
	[46]		500012dd
	[47]		500012de
	[48]		500012df
	[49]		500012e0
	[50]		500012e1
	[51]		500012e2
	[52]		500012e3
	[53]		500012e4
	[54]		500012e5
	[55]		500012e6
	[56]		500012e7
	[57]		500012e8
	[58]		500012e9
	[59]		500012ea
	[60]		500012eb
	[61]		500012ec
	[62]		500012ed
	[63]		500012ee
	[64]		500012ef
	[65]		500012f0
	[66]		500012f1
	[67]		500014af
	[68]		500014b0
	[69]		500014b1
	[70]		500014b2
	[71]		500014b3
	[72]		500014b4
	[73]		500014b5
	[74]		500014b6
	[75]		500014b7
	[76]		500014b8
	[77]		500014b9
	[78]		500014ba
	[79]		500014bb
	[80]		500012ff
	[81]		50001300
	[82]		50001301
	[83]		50001302
	[84]		500014bc
	[85]		50001303
	[86]		50001304
	[87]		5000126d
	[88]		500014bd
	[89]		500014be
	[90]		50001305
	[91]		50001306
	[92]		50001307
	[93]		50001308
	[94]		50001309
	[95]		5000130a
	[96]		500014bf
	[97]		5000130b
	[98]		5000130c
	[99]		5000130d
	[100]		5000130e
	[101]		5000130f
	[102]		50001310
	[103]		50001344
	[104]		50001311
	[105]		50001312
	[106]		50001313
	[107]		50001314
	[108]		500014c0
	[109]		50001450
	[110]		500014c1
	[111]		50001315
	[112]		50001316
	[113]		50001317
	[114]		50001318
	[115]		500014c2
	[116]		50001319
	[117]		5000131a
	[118]		5000131b
	[119]		5000131c
	[120]		5000131d
	[121]		5000131e
	[122]		50001345
	[123]		5000131f
	[124]		50001320
	[125]		50001321
	[126]		50001322
	[127]		500014c3
	[128]		500014c4
	[129]		50001451
	[130]		50001452
	[131]		50001453
	[132]		50001454
	[133]		50001455
	[134]		50001456
	[135]		50001457
	[136]		50001458
	[137]		50001323
	[138]		50001324
	[139]		50001325
	[140]		50001326
	[141]		50001327
	[142]		50001328
	[143]		50001264
	[144]		500014c5
	[145]		500014c6
	[146]		500014c7
	[147]		500014c8
	[148]		500014c9
	[149]		50001329
	[150]		500014ca
	[151]		5000132a
	[152]		500014cb
	[153]		500014cc
	[154]		5000132b
	[155]		500014cd
	[156]		500014ce
	[157]		5000132c
	[158]		5000132d
	[159]		5000132e
	[160]		5000132f
	[161]		50001330
	[162]		5000126f
	[163]		500014cf
	[164]		500014d0
	[165]		50001331
	[166]		500014d1
	[167]		500014d2
	[168]		500014d3
	[169]		500014d4
	[170]		500014d5
	[171]		500014d6
	[172]		500014d7
	[173]		500014d8
	[174]		500014d9
	[175]		500014da
	[176]		500014db
	[177]		500014dc
	[178]		500014dd
	[179]		50001332
	[180]		50001459
	[181]		5000145a
	[182]		50001333
	[183]		50001334
	[184]		50001335
	[185]		50001336
	[186]		50001337
	[187]		50001338
	[188]		500014de
	[189]		500014df
	[190]		50001339
	[191]		5000133a
	[192]		5000133b
	[193]		5000133c
	[194]		500014e0
	[195]		500014e1
	[196]		5000133e
	[197]		5000133f
	[198]		50001340
	[199]		500014e2
	[200]		500014e3
	[201]		500014e4
	[202]		500014e5
	[203]		50001269
	[204]		5000145b
	[205]		5000145c
	[206]		5000145d
	[207]		5000145e
	[208]		5000145f
	[209]		50001460
	[210]		500014e6
	[211]		50001461
	[212]		500014e7
	[213]		50001462
	[214]		50001341
	[215]		500014e8
	[216]		500014e9
	[217]		500014ea
	[218]		500014eb
	[219]		500014ec
	[220]		500014ed
	[221]		500014ee
	[222]		500014ef
	[223]		500014f0
	[224]		500014f1
	[225]		50001463
	[226]		50001464
	[227]		50001465
	[228]		50001466
	[229]		50001467
	[230]		50001468
	[231]		50001342
	[232]		50001469
	[233]		5000146a
	[234]		500014f2
	[235]		500014f3
	[236]		5000146b
	[237]		500014f4
	[238]		5000146c
	[239]		500014f5
	[240]		5000146d
ARR 50000e0a (sz=328, trace=300000, nelems=78, elem type=java.lang.Object[]@5000011c)
	[0]		50001431
	[1]		50001432
	[2]		50001433
	[3]		50001434
	[4]		50001435
	[5]		50001436
	[6]		50001437
	[7]		50001438
	[8]		50001439
	[9]		5000143a
	[10]		5000143b
	[11]		5000143c
	[12]		500012b8
	[13]		5000143d
	[14]		5000143e
	[15]		5000143f
	[16]		50001440
	[17]		50001441
	[18]		50001442
	[19]		50001443
	[20]		50001444
	[21]		50001445
	[22]		50001446
	[23]		50001447
	[24]		50001448
	[25]		50001449
	[26]		5000144a
	[27]		5000144b
	[28]		5000144c
	[29]		500012c1
	[30]		500012c2
	[31]		500012c3
	[32]		5000144d
	[33]		500012c4
	[34]		500012c5
	[35]		500012c6
	[36]		500012c7
	[37]		500012c8
	[38]		5000144e
	[39]		5000144f
	[40]		50001450
	[41]		50001315
	[42]		50001317
	[43]		50001319
	[44]		5000131a
	[45]		5000131b
	[46]		5000131c
	[47]		5000131d
	[48]		5000131e
	[49]		50001451
	[50]		50001452
	[51]		50001453
	[52]		50001454
	[53]		50001455
	[54]		50001456
	[55]		50001457
	[56]		50001458
	[57]		50001459
	[58]		5000145a
	[59]		5000145b
	[60]		5000145c
	[61]		5000145d
	[62]		5000145e
	[63]		5000145f
	[64]		50001460
	[65]		50001461
	[66]		50001462
	[67]		50001463
	[68]		50001464
	[69]		50001465
	[70]		50001466
	[71]		50001467
	[72]		50001468
	[73]		50001469
	[74]		5000146a
	[75]		5000146b
	[76]		5000146c
	[77]		5000146d
ARR 50000e0b (sz=176, trace=300000, nelems=39, elem type=java.lang.Object[]@5000011c)
	[0]		5000144f
	[1]		50001450
	[2]		50001315
	[3]		50001317
	[4]		50001319
	[5]		5000131a
	[6]		5000131b
	[7]		5000131c
	[8]		5000131d
	[9]		5000131e
	[10]		50001451
	[11]		50001452
	[12]		50001453
	[13]		50001454
	[14]		50001455
	[15]		50001456
	[16]		50001457
	[17]		50001458
	[18]		50001459
	[19]		5000145a
	[20]		5000145b
	[21]		5000145c
	[22]		5000145d
	[23]		5000145e
	[24]		5000145f
	[25]		50001460
	[26]		50001461
	[27]		50001462
	[28]		50001463
	[29]		50001464
	[30]		50001465
	[31]		50001466
	[32]		50001467
	[33]		50001468
	[34]		50001469
	[35]		5000146a
	[36]		5000146b
	[37]		5000146c
	[38]		5000146d
ARR 50000e0c (sz=24, trace=300000, nelems=1, elem type=java.lang.Object[]@5000011c)
	[0]		500010fa
ARR 50000e0d (sz=24, trace=300000, nelems=1, elem type=java.lang.Object[]@5000011c)
	[0]		50002434
ARR 50000e0e (sz=40, trace=300000, nelems=5, elem type=java.lang.Object[]@5000011c)
	[2]		5000242e
	[3]		5000242f
	[4]		50002430
ARR 50000e0f (sz=32, trace=300000, nelems=0, elem type=java.lang.Object[]@5000011c)
ARR 50000e10 (sz=72, trace=300000, nelems=0, elem type=java.lang.Object[]@5000011c)
ARR 50000e11 (sz=104, trace=300000, nelems=1, elem type=java.lang.Object[]@5000011c)
	[0]		50000ed4
ARR 50000e12 (sz=24, trace=300000, nelems=1, elem type=java.lang.Object[]@5000011c)
	[0]		50002233
ARR 50000e13 (sz=24, trace=300000, nelems=1, elem type=java.lang.Object[]@5000011c)
	[0]		50001541
ARR 50000e14 (sz=3040, trace=300000, nelems=750, elem type=java.lang.Object[]@5000011c)
	[0]		50001838
	[1]		50001839
	[2]		5000183a
	[3]		5000183b
	[4]		5000183c
	[5]		5000183d
	[6]		5000183e
	[7]		5000183f
	[8]		50001840
	[9]		50001841
	[10]		50001842
	[11]		50001843
	[12]		50001844
	[13]		500016b3
	[14]		50001845
	[15]		50001846
	[16]		50001847
	[17]		50001848
	[18]		50001849
	[19]		5000184a
	[20]		5000184b
	[21]		5000184c
	[22]		5000184d
	[23]		5000184e
	[24]		5000184f
	[25]		50001850
	[26]		50001851
	[27]		50001852
	[28]		500016b0
	[29]		50001853
	[30]		50001854
	[31]		50001855
	[32]		50001856
	[33]		50001857
	[34]		50001858
	[35]		50001859
	[36]		5000185a
	[37]		5000185b
	[38]		5000185c
	[39]		5000185d
	[40]		5000185e
	[41]		5000185f
	[42]		50001860
	[43]		50001861
	[44]		50001862
	[45]		50001863
	[46]		50001864
	[47]		50001865
	[48]		50001866
	[49]		50001867
	[50]		50001868
	[51]		50001869
	[52]		5000186a
	[53]		5000186b
	[54]		5000186c
	[55]		5000186d
	[56]		5000186e
	[57]		5000186f
	[58]		50001870
	[59]		50001871
	[60]		50001872
	[61]		50001873
	[62]		50001874
	[63]		50001875
	[64]		50001876
	[65]		50001877
	[66]		50001878
	[67]		50001879
	[68]		5000187a
	[69]		5000187b
	[70]		5000187c
	[71]		5000187d
	[72]		5000187e
	[73]		5000187f
	[74]		50001880
	[75]		50001881
	[76]		50001882
	[77]		50001883
	[78]		50001884
	[79]		50001885
	[80]		50001886
	[81]		50001887
	[82]		50001888
	[83]		50001889
	[84]		5000188a
	[85]		5000188b
	[86]		5000188c
	[87]		5000188d
	[88]		5000188e
	[89]		5000188f
	[90]		50001890
	[91]		50001891
	[92]		50001892
	[93]		50001893
	[94]		50001894
	[95]		50001895
	[96]		50001896
	[97]		50001897
	[98]		50001898
	[99]		50001899
	[100]		5000189a
	[101]		5000189b
	[102]		5000189c
	[103]		5000189d
	[104]		5000189e
	[105]		5000189f
	[106]		500018a0
	[107]		500018a1
	[108]		500018a2
	[109]		500018a3
	[110]		500018a4
	[111]		500018a5
	[112]		500018a6
	[113]		500018a7
	[114]		500018a8
	[115]		500018a9
	[116]		500018aa
	[117]		500018ab
	[118]		500018ac
	[119]		500018ad
	[120]		500018ae
	[121]		500018af
	[122]		500018b0
	[123]		500018b1
	[124]		500018b2
	[125]		500018b3
	[126]		500018b4
	[127]		500018b5
	[128]		500018b6
	[129]		500018b7
	[130]		500018b8
	[131]		500018b9
	[132]		500018ba
	[133]		500018bb
	[134]		500018bc
	[135]		500018bd
	[136]		500018be
	[137]		500018bf
	[138]		500018c0
	[139]		500018c1
	[140]		500018c2
	[141]		500018c3
	[142]		500018c4
	[143]		500018c5
	[144]		500018c6
	[145]		500018c7
	[146]		500018c8
	[147]		500018c9
	[148]		500018ca
	[149]		500018cb
	[150]		500018cc
	[151]		500018cd
	[152]		500018ce
	[153]		500018cf
	[154]		500018d0
	[155]		500018d1
	[156]		500018d2
	[157]		500018d3
	[158]		500018d4
	[159]		500018d5
	[160]		500018d6
	[161]		500018d7
	[162]		500018d8
	[163]		500018d9
	[164]		500018da
	[165]		500018db
	[166]		500018dc
	[167]		500018dd
	[168]		500018de
	[169]		500018df
	[170]		500018e0
	[171]		500018e1
	[172]		500018e2
	[173]		500018e3
	[174]		500018e4
	[175]		500018e5
	[176]		500018e6
	[177]		500018e7
	[178]		500018e8
	[179]		500018e9
	[180]		500018ea
	[181]		500018eb
	[182]		500018ec
	[183]		500018ed
	[184]		500018ee
	[185]		500018ef
	[186]		500018f0
	[187]		500018f1
	[188]		500018f2
	[189]		500018f3
	[190]		500018f4
	[191]		500018f5
	[192]		500018f6
	[193]		500018f7
	[194]		500018f8
	[195]		500018f9
	[196]		500018fa
	[197]		500018fb
	[198]		500018fc
	[199]		500018fd
	[200]		500018fe
	[201]		500018ff
	[202]		50001900
	[203]		50001901
	[204]		50001902
	[205]		50001903
	[206]		50001904
	[207]		50001905
	[208]		50001906
	[209]		50001907
	[210]		50001908
	[211]		50001909
	[212]		5000190a
	[213]		5000190b
	[214]		5000190c
	[215]		500016b2
	[216]		5000190d
	[217]		5000190e
	[218]		5000190f
	[219]		50001910
	[220]		50001911
	[221]		50001912
	[222]		50001913
	[223]		50001914
	[224]		50001915
	[225]		50001916
	[226]		50001917
	[227]		50001918
	[228]		50001919
	[229]		5000191a
	[230]		5000191b
	[231]		5000191c
	[232]		5000191d
	[233]		5000191e
	[234]		5000191f
	[235]		50001920
	[236]		50001921
	[237]		50001922
	[238]		50001923
	[239]		50001924
	[240]		50001925
	[241]		50001926
	[242]		50001927
	[243]		50001928
	[244]		50001929
	[245]		5000192a
	[246]		5000192b
	[247]		5000192c
	[248]		5000192d
	[249]		5000192e
	[250]		5000192f
	[252]		50001930
	[253]		50001931
	[254]		50001932
	[255]		50001933
	[256]		50001934
	[257]		50001935
	[258]		50001936
	[259]		50001937
	[260]		50001938
	[261]		50001939
	[262]		5000193a
	[263]		5000193b
	[264]		5000193c
	[265]		5000193d
	[266]		5000193e
	[267]		5000193f
	[268]		50001940
	[269]		50001941
	[270]		50001942
	[271]		50001943
	[272]		50001944
	[273]		50001945
	[274]		50001946
	[275]		50001947
	[276]		50001948
	[277]		50001949
	[278]		5000194a
	[279]		5000194b
	[280]		5000194c
	[281]		5000194d
	[282]		5000194e
	[283]		5000194f
	[284]		50001950
	[285]		50001951
	[286]		50001952
	[287]		50001953
	[288]		50001954
	[289]		50001955
	[290]		50001956
	[291]		50001957
	[292]		50001958
	[293]		50001959
	[294]		5000195a
	[295]		5000195b
	[296]		5000195c
	[297]		5000195d
	[298]		5000195e
	[299]		5000195f
	[300]		50001960
	[301]		50001961
	[302]		50001962
	[303]		50001963
	[304]		50001964
	[305]		50001965
	[306]		50001966
	[307]		50001967
	[308]		50001968
	[309]		50001969
	[310]		5000196a
	[311]		5000196b
	[312]		5000196c
	[313]		5000196d
	[314]		5000196e
	[315]		5000196f
	[316]		50001970
	[317]		50001971
	[318]		50001972
	[319]		50001973
	[320]		50001974
	[321]		50001975
	[322]		50001976
	[324]		50001977
	[325]		50001978
	[326]		50001979
	[327]		5000197a
	[328]		5000197b
	[329]		5000197c
	[330]		5000197d
	[331]		5000197e
	[332]		5000197f
	[333]		50001980
	[334]		50001981
	[335]		50001982
	[336]		50001983
	[337]		50001984
	[338]		50001985
	[339]		50001986
	[340]		50001987
	[341]		50001988
	[342]		50001989
	[343]		5000198a
	[344]		5000198b
	[345]		5000198c
	[346]		5000198d
	[347]		5000198e
	[348]		5000198f
	[349]		50001990
	[350]		50001991
	[351]		50001992
	[352]		50001993
	[353]		50001994
	[354]		50001995
	[355]		50001996
	[356]		50001997
	[357]		50001998
	[358]		50001999
	[359]		5000199a
	[360]		5000199b
	[361]		5000199c
	[362]		5000199d
	[363]		5000199e
	[364]		5000199f
	[365]		500019a0
	[366]		500019a1
	[367]		500019a2
	[368]		500019a3
	[369]		500019a4
	[370]		500019a5
	[371]		500019a6
	[372]		500019a7
	[373]		500019a8
	[374]		500019a9
	[375]		500019aa
	[376]		500019ab
	[377]		500019ac
	[378]		500019ad
	[379]		500019ae
	[380]		500019af
	[381]		500019b0
	[382]		500019b1
	[383]		500019b2
	[384]		500019b3
	[385]		500019b4
	[386]		500019b5
	[387]		500019b6
	[388]		500019b7
	[389]		500019b8
	[390]		500019b9
	[391]		500019ba
	[392]		500019bb
	[393]		500019bc
	[394]		500019bd
	[395]		500019be
	[396]		500019bf
	[397]		500019c0
	[398]		500019c1
	[399]		500019c2
	[400]		500019c3
	[401]		500019c4
	[402]		500019c5
	[403]		500019c6
	[404]		500019c7
	[405]		500019c8
	[406]		500019c9
	[407]		500019ca
	[408]		500019cb
	[409]		500019cc
	[410]		500019cd
	[411]		500019ce
	[412]		500019cf
	[413]		500019d0
	[414]		500019d1
	[415]		500019d2
	[416]		500019d3
	[417]		500019d4
	[418]		500019d5
	[419]		500019d6
	[420]		500019d7
	[421]		500019d8
	[422]		500019d9
	[424]		500019da
	[425]		500019db
	[426]		500019dc
	[427]		500019dd
	[428]		500019de
	[429]		500019df
	[430]		500019e0
	[431]		500019e1
	[432]		500019e2
	[433]		500019e3
	[434]		500019e4
	[435]		500019e5
	[436]		500019e6
	[437]		500019e7
	[438]		500019e8
	[439]		500019e9
	[440]		500019ea
	[441]		500019eb
	[442]		500019ec
	[443]		500019ed
	[444]		500019ee
	[445]		500019ef
	[446]		500019f0
	[447]		500019f1
	[448]		500019f2
	[449]		500019f3
	[450]		500019f4
	[451]		500019f5
	[452]		500019f6
	[453]		500019f7
	[454]		500019f8
	[455]		500019f9
	[456]		500019fa
	[457]		500019fb
	[458]		500019fc
	[459]		500019fd
	[460]		500019fe
	[461]		500019ff
	[462]		50001a00
	[463]		50001a01
	[464]		50001a02
	[465]		50001a03
	[466]		50001a04
	[467]		50001a05
	[468]		50001a06
	[469]		50001a07
	[470]		50001a08
	[471]		50001a09
	[472]		50001a0a
	[473]		50001a0b
	[474]		50001a0c
	[475]		50001a0d
	[476]		50001a0e
	[477]		50001a0f
	[478]		50001a10
	[479]		50001a11
	[480]		50001a12
	[481]		50001a13
	[482]		50001a14
	[483]		50001a15
	[484]		50001a16
	[485]		50001a17
	[486]		50001a18
	[487]		50001a19
	[488]		50001a1a
	[489]		50001a1b
	[490]		50001a1c
	[491]		50001a1d
	[492]		50001a1e
	[493]		50001a1f
	[494]		50001a20
	[495]		50001a21
	[496]		50001a22
	[497]		50001a23
	[498]		50001a24
	[499]		50001a25
	[500]		50001a26
	[501]		50001a27
	[502]		50001a28
	[503]		50001a29
	[504]		50001a2a
	[505]		50001a2b
	[506]		50001a2c
	[507]		50001a2d
	[508]		50001a2e
	[509]		50001a2f
	[510]		50001a30
	[511]		50001a31
	[512]		50001a32
	[513]		50001a33
	[514]		50001a34
	[515]		50001a35
	[516]		50001a36
	[517]		50001a37
	[518]		50001a38
	[519]		50001a39
	[520]		50001a3a
	[521]		50001a3b
	[522]		50001a3c
	[523]		50001a3d
	[524]		50001a3e
	[525]		50001a3f
	[526]		50001a40
	[527]		50001a41
	[528]		50001a42
	[529]		50001a43
	[530]		50001a44
	[531]		50001a45
	[532]		50001a46
	[533]		50001a47
	[534]		50001a48
	[535]		50001a49
	[536]		50001a4a
	[537]		50001a4b
	[538]		50001a4c
	[539]		50001a4d
	[540]		50001a4e
	[541]		50001a4f
	[542]		50001a50
	[543]		50001a51
	[544]		50001a52
	[545]		50001a53
	[546]		50001a54
	[547]		50001a55
	[548]		50001a56
	[549]		50001a57
	[550]		50001a58
	[551]		50001a59
	[552]		50001a5a
	[553]		50001a5b
	[554]		50001a5c
	[555]		50001a5d
	[556]		50001a5e
	[557]		50001a5f
	[558]		50001a60
	[559]		50001a61
	[560]		50001a62
	[561]		50001a63
	[562]		50001a64
	[563]		50001a65
	[564]		50001a66
	[565]		50001a67
	[566]		50001a68
	[567]		50001a69
	[568]		50001a6a
	[569]		50001a6b
	[570]		50001a6c
	[571]		50001a6d
	[572]		50001a6e
	[573]		50001a6f
	[574]		50001a70
	[575]		50001a71
	[576]		50001a72
	[577]		50001a73
	[578]		50001a74
	[579]		50001a75
	[580]		50001a76
	[581]		50001a77
	[582]		50001a78
	[583]		50001a79
	[584]		50001a7a
	[585]		50001a7b
	[586]		50001a7c
	[587]		50001a7d
	[588]		50001a7e
	[589]		50001a7f
	[590]		50001a80
	[591]		50001a81
	[592]		50001a82
	[593]		50001a83
	[594]		50001a84
	[595]		50001a85
	[596]		50001a86
	[597]		50001a87
	[598]		50001a88
	[599]		50001a89
	[600]		50001a8a
	[601]		50001a8b
	[602]		50001a8c
	[603]		50001a8d
	[604]		50001a8e
	[605]		50001a8f
	[606]		50001a90
	[607]		50001a91
	[608]		50001a92
	[609]		50001a93
	[610]		50001a94
	[611]		50001a95
	[612]		50001a96
	[613]		50001a97
	[614]		50001a98
	[615]		50001a99
	[616]		50001a9a
	[617]		50001a9b
	[618]		50001a9c
	[619]		50001a9d
	[620]		50001a9e
	[621]		50001a9f
	[622]		50001aa0
	[623]		50001aa1
	[624]		50001aa2
	[625]		50001aa3
	[626]		50001aa4
	[627]		50001aa5
	[628]		50001aa6
	[629]		50001aa7
	[630]		50001aa8
	[631]		50001aa9
	[632]		50001aaa
	[633]		50001aab
	[634]		50001aac
	[635]		50001aad
	[636]		50001aae
	[637]		50001aaf
	[638]		50001ab0
	[639]		50001ab1
	[640]		50001ab2
	[641]		50001ab3
	[642]		50001ab4
	[643]		50001ab5
	[644]		50001ab6
	[645]		50001ab7
	[646]		50001ab8
	[647]		50001ab9
	[648]		50001aba
	[649]		50001abb
	[650]		50001abc
	[651]		50001abd
	[652]		50001abe
	[653]		50001abf
	[654]		50001ac0
	[655]		50001ac1
	[656]		50001ac2
	[657]		50001ac3
	[658]		50001ac4
	[659]		50001ac5
	[660]		50001ac6
	[661]		50001ac7
	[662]		50001ac8
	[663]		50001ac9
	[664]		50001aca
	[665]		50001acb
	[666]		50001acc
	[667]		50001acd
	[668]		50001ace
	[669]		50001acf
	[670]		50001ad0
	[671]		50001ad1
	[672]		50001ad2
	[673]		50001ad3
	[674]		50001ad4
	[675]		50001ad5
	[676]		50001ad6
	[677]		50001ad7
	[678]		50001ad8
	[679]		50001ad9
	[680]		50001ada
	[681]		50001adb
	[682]		50001adc
	[683]		50001add
	[684]		50001ade
	[685]		50001adf
	[686]		50001ae0
	[687]		50001ae1
	[688]		50001ae2
	[689]		50001ae3
	[690]		50001ae4
	[691]		50001ae5
	[692]		50001ae6
	[693]		50001ae7
	[694]		50001ae8
	[695]		50001ae9
	[696]		50001aea
	[698]		50001aeb
	[699]		50001aec
	[701]		50001aed
	[702]		50001aee
	[703]		50001aef
	[704]		50001af0
	[705]		50001af1
	[706]		50001af2
	[707]		50001af3
	[708]		50001af4
	[709]		50001af5
	[710]		50001af6
	[711]		50001af7
	[712]		50001af8
	[713]		50001af9
	[714]		50001afa
	[715]		50001afb
	[716]		50001afc
	[717]		50001afd
	[718]		50001afe
	[719]		50001aff
	[720]		50001b00
	[721]		50001b01
	[722]		50001b02
	[723]		50001b03
	[724]		50001b04
	[725]		50001b05
	[726]		50001b06
	[727]		50001b07
	[728]		50001b08
	[729]		50001b09
	[730]		50001b0a
	[731]		50001b0b
	[732]		50001b0c
	[733]		50001b0d
	[734]		50001b0e
	[735]		50001b0f
	[736]		50001b10
	[737]		50001b11
	[738]		50001b12
	[739]		50001b13
	[740]		50001b14
	[741]		50001b15
	[742]		50001b16
	[743]		50001b17
	[744]		50001b18
	[745]		50001b19
	[746]		50001b1a
	[747]		50001b1b
	[748]		50001b1c
	[749]		50001b1d
ARR 50000e15 (sz=32, trace=300000, nelems=0, elem type=java.lang.Object[]@5000011c)
ARR 50000e16 (sz=32, trace=300000, nelems=3, elem type=java.lang.Object[]@5000011c)
	[1]		50000f8c
	[2]		50000f8d
ARR 50000e17 (sz=56, trace=300000, nelems=0, elem type=java.lang.Object[]@5000011c)
ARR 50000e18 (sz=80, trace=300000, nelems=0, elem type=java.lang.Object[]@5000011c)
ARR 50000e19 (sz=24, trace=300000, nelems=0, elem type=java.lang.Object[]@5000011c)
ARR 50000e1a (sz=72, trace=300000, nelems=0, elem type=java.lang.Object[]@5000011c)
ARR 50000e1b (sz=536, trace=300000, nelems=129, elem type=java.lang.Object[]@5000011c)
	[0]		500016b6
	[1]		500016b0
	[3]		500016b7
	[4]		500016b8
	[5]		500016b9
	[6]		500016ba
	[7]		500016bb
	[8]		500016bc
	[9]		500016bd
	[10]		500016be
	[11]		500016bf
	[12]		500016c0
	[13]		500016c1
	[14]		500016c2
	[15]		500016c3
	[16]		500016c4
	[17]		500016c5
	[18]		500016c6
	[19]		500016c7
	[20]		500016c8
	[21]		500016c9
	[22]		500016ca
	[23]		500016cb
	[24]		500016cc
	[25]		500016cd
	[26]		500016ce
	[27]		500016cf
	[28]		500016d0
	[29]		500016d1
	[30]		500016d2
	[31]		500016d3
	[32]		500016d4
	[33]		500016d5
	[34]		500016d6
	[35]		500016d7
	[36]		500016d8
	[37]		500016d9
	[38]		500016da
	[39]		500016db
	[40]		500016dc
	[41]		500016dd
	[42]		500016de
	[43]		500016df
	[44]		500016e0
	[45]		500016e1
	[46]		500016e2
	[47]		500016e3
	[48]		500016e4
	[49]		500016e5
	[50]		500016e6
	[51]		500016e7
	[52]		500016e8
	[53]		500016e9
	[54]		500016ea
	[55]		500016eb
	[56]		500016ec
	[57]		500016ed
	[58]		500016ee
	[59]		500016ef
	[60]		500016f0
	[61]		500016f1
	[62]		500016f2
	[63]		500016f3
	[64]		500016f4
	[65]		500016f5
	[66]		500016f6
	[67]		500016f7
	[68]		500016f8
	[69]		500016f9
	[70]		500016fa
	[71]		500016fb
	[72]		500016fc
	[73]		500016fd
	[74]		500016fe
	[75]		500016ff
	[76]		50001700
	[77]		50001701
	[78]		50001702
	[79]		50001703
	[80]		50001704
	[81]		50001705
	[82]		50001706
	[83]		50001707
	[84]		50001708
	[85]		50001709
	[86]		5000170a
	[87]		5000170b
	[88]		5000170c
	[89]		5000170d
	[90]		5000170e
	[91]		5000170f
	[92]		50001710
	[93]		50001711
	[94]		50001712
	[95]		50001713
	[96]		50001714
	[97]		50001715
	[98]		50001716
	[99]		50001717
	[100]		50001718
	[101]		50001719
	[102]		5000171a
	[103]		5000171b
	[104]		5000171c
	[105]		5000171d
	[106]		5000171e
	[107]		5000171f
	[108]		50001720
	[109]		50001721
	[110]		50001722
	[111]		50001723
	[112]		50001724
	[113]		50001725
	[114]		50001726
	[115]		50001727
	[116]		50001728
	[117]		50001729
	[118]		5000172a
	[119]		5000172b
	[120]		5000172c
	[121]		5000172d
	[122]		5000172e
	[123]		5000172f
	[124]		50001730
	[125]		50001731
	[126]		50001732
	[127]		50001733
	[128]		50001734
ARR 50000e1c (sz=32, trace=300000, nelems=0, elem type=java.lang.Object[]@5000011c)
ARR 50000e1d (sz=80, trace=300000, nelems=15, elem type=java.lang.Object[]@5000011c)
	[1]		50001542
	[2]		5000166a
	[3]		5000166b
	[6]		5000166c
	[11]		5000166d
	[14]		50001689
ARR 50000e1e (sz=32, trace=300000, nelems=3, elem type=java.lang.Object[]@5000011c)
	[0]		50001673
	[1]		50001674
	[2]		50001675
ARR 50000e1f (sz=24, trace=300000, nelems=0, elem type=java.lang.Object[]@5000011c)
ARR 50000e20 (sz=24, trace=300000, nelems=0, elem type=java.lang.Object[]@5000011c)
ARR 50000e21 (sz=24, trace=300000, nelems=0, elem type=java.lang.Object[]@5000011c)
ARR 50000e22 (sz=40, trace=300000, nelems=0, elem type=java.lang.Object[]@5000011c)
ARR 50000e23 (sz=104, trace=300000, nelems=17, elem type=java.lang.Object[]@5000011c)
	[7]		50002249
	[8]		50002607
	[10]		500025fc
	[14]		500025fd
	[15]		50002608
	[16]		50002245
ARR 50000e24 (sz=24, trace=300000, nelems=0, elem type=java.lang.Object[]@5000011c)
ARR 50000e25 (sz=24, trace=300000, nelems=0, elem type=java.lang.Object[]@5000011c)
ARR 50000e26 (sz=24, trace=300000, nelems=0, elem type=java.lang.Object[]@5000011c)
ARR 50000e27 (sz=40, trace=300000, nelems=5, elem type=java.lang.Object[]@5000011c)
	[4]		500025b0
ARR 50000e28 (sz=40, trace=300000, nelems=0, elem type=java.lang.Object[]@5000011c)
ARR 50000e29 (sz=56, trace=300000, nelems=0, elem type=java.lang.Object[]@5000011c)
ARR 50000e2a (sz=40, trace=300000, nelems=3, elem type=java.lang.Object[]@5000011c)
	[0]		500025c3
	[2]		50000ede
ARR 50000e2b (sz=24, trace=300000, nelems=0, elem type=java.lang.Object[]@5000011c)
ARR 50000e2c (sz=536, trace=300000, nelems=130, elem type=java.lang.Object[]@5000011c)
	[0]		500021a1
	[3]		50001926
	[4]		500021a2
	[5]		500016b8
	[6]		500016b9
	[7]		500016ba
	[8]		500016bb
	[9]		500016bc
	[10]		500016bd
	[11]		500016be
	[12]		500016bf
	[13]		500016c0
	[14]		500016c1
	[15]		500016c2
	[16]		500016c3
	[17]		500016c4
	[18]		500016c5
	[19]		500016c6
	[20]		500016c7
	[21]		500016c8
	[22]		500016c9
	[23]		500016ca
	[24]		500016cb
	[25]		500016cc
	[26]		500016cd
	[27]		500016ce
	[28]		500016cf
	[29]		500016d0
	[30]		500016d1
	[31]		500016d2
	[32]		500016d3
	[33]		500016d4
	[34]		500016d5
	[35]		500016d6
	[36]		500016d7
	[37]		500016d8
	[38]		500016d9
	[39]		500016da
	[40]		500016db
	[41]		500016dc
	[42]		500016dd
	[43]		500016de
	[44]		500016df
	[45]		500016e0
	[46]		500016e1
	[47]		500016e2
	[48]		500016e3
	[49]		500016e4
	[50]		500016e5
	[51]		500016e6
	[52]		500016e7
	[53]		500016e8
	[54]		500016e9
	[55]		500016ea
	[56]		500016eb
	[57]		500016ec
	[58]		500016ed
	[59]		500016ee
	[60]		500016ef
	[61]		500016f0
	[62]		500016f1
	[63]		500016f2
	[64]		500016f3
	[65]		500016f4
	[66]		500016f5
	[67]		500016f6
	[68]		500016f7
	[69]		500016f8
	[70]		500016f9
	[71]		500016fa
	[72]		500016fb
	[73]		500016fc
	[74]		500016fd
	[75]		500016fe
	[76]		500016ff
	[77]		50001700
	[78]		50001701
	[79]		50001702
	[80]		50001703
	[81]		50001704
	[82]		50001705
	[83]		50001706
	[84]		50001707
	[85]		50001708
	[86]		50001709
	[87]		5000170a
	[88]		5000170b
	[89]		5000170c
	[90]		5000170d
	[91]		5000170e
	[92]		5000170f
	[93]		50001710
	[94]		50001711
	[95]		50001712
	[96]		50001713
	[97]		50001714
	[98]		50001715
	[99]		50001716
	[100]		50001717
	[101]		50001718
	[102]		50001719
	[103]		5000171a
	[104]		5000171b
	[105]		5000171c
	[106]		5000171d
	[107]		5000171e
	[108]		5000171f
	[109]		50001720
	[110]		50001721
	[111]		50001722
	[112]		50001723
	[113]		50001724
	[114]		50001725
	[115]		50001726
	[116]		50001727
	[117]		50001728
	[118]		50001729
	[119]		5000172a
	[120]		5000172b
	[121]		5000172c
	[122]		5000172d
	[123]		500021a3
	[124]		5000172f
	[125]		50001730
	[126]		50001731
	[127]		50001732
	[128]		50001733
	[129]		50001734
ARR 50000e2d (sz=24, trace=300000, nelems=0, elem type=java.lang.Object[]@5000011c)
ARR 50000e2e (sz=32, trace=300000, nelems=0, elem type=java.lang.Object[]@5000011c)
ARR 50000e2f (sz=24, trace=300000, nelems=0, elem type=java.lang.Object[]@5000011c)
ARR 50000e30 (sz=80, trace=300000, nelems=13, elem type=java.lang.Object[]@5000011c)
	[1]		50001542
	[2]		5000166a
	[3]		5000166b
	[6]		5000166c
	[12]		5000166d
ARR 50000e31 (sz=32, trace=300000, nelems=0, elem type=java.lang.Object[]@5000011c)
ARR 50000e32 (sz=32, trace=300000, nelems=0, elem type=java.lang.Object[]@5000011c)
ARR 50000e33 (sz=48, trace=300000, nelems=6, elem type=java.lang.Object[]@5000011c)
	[2]		5000124a
	[3]		5000124b
	[4]		5000124c
	[5]		5000124d
ARR 50000e34 (sz=24, trace=300000, nelems=2, elem type=java.lang.Object[]@5000011c)
	[0]		50001244
	[1]		50001245
ARR 50000e35 (sz=24, trace=300000, nelems=1, elem type=java.lang.Object[]@5000011c)
	[0]		500010fa
ARR 50000e36 (sz=48, trace=300000, nelems=0, elem type=java.lang.Object[]@5000011c)
ARR 50000e37 (sz=40, trace=300000, nelems=4, elem type=java.lang.Object[]@5000011c)
	[0]		5000167c
	[1]		5000167d
	[2]		5000167e
	[3]		5000167f
ARR 50000e38 (sz=24, trace=300000, nelems=0, elem type=java.lang.Object[]@5000011c)
ARR 50000e39 (sz=32, trace=300000, nelems=3, elem type=java.lang.Object[]@5000011c)
	[2]		50000eea
ARR 50000e3a (sz=96, trace=300000, nelems=19, elem type=java.lang.Object[]@5000011c)
	[0]		50000ed3
	[17]		50000efb
	[18]		50000efc
ARR 50000e3b (sz=32, trace=300000, nelems=2, elem type=java.lang.Object[]@5000011c)
	[0]		5000259c
	[1]		5000259d
ARR 50000e3c (sz=48, trace=300000, nelems=8, elem type=java.lang.Object[]@5000011c)
	[5]		5000244b
	[6]		5000244c
	[7]		5000244d
ARR 50000e3d (sz=32, trace=300000, nelems=0, elem type=java.lang.Object[]@5000011c)
ARR 50000e3e (sz=24, trace=300000, nelems=2, elem type=java.lang.Object[]@5000011c)
	[0]		500025a5
	[1]		500025a6
ARR 50000e3f (sz=32, trace=300000, nelems=3, elem type=java.lang.Object[]@5000011c)
	[0]		500010c8
	[2]		50000ee0
ARR 50000e40 (sz=24, trace=300000, nelems=2, elem type=java.lang.Object[]@5000011c)
	[0]		5000261a
	[1]		5000261b
ARR 50000e41 (sz=40, trace=300000, nelems=0, elem type=java.lang.Object[]@5000011c)
ARR 50000e42 (sz=80, trace=300000, nelems=14, elem type=java.lang.Object[]@5000011c)
	[13]		50001104
ARR 50000e43 (sz=24, trace=300000, nelems=1, elem type=java.lang.Object[]@5000011c)
	[0]		50000fa6
ARR 50000e44 (sz=24, trace=300000, nelems=1, elem type=java.lang.Object[]@5000011c)
	[0]		500010cf
ARR 50000e45 (sz=48, trace=300000, nelems=8, elem type=java.lang.Object[]@5000011c)
	[3]		5000268e
	[6]		5000268f
	[7]		50002690
ARR 50000e46 (sz=48, trace=300000, nelems=8, elem type=java.lang.Object[]@5000011c)
	[1]		50001541
	[6]		500023ad
	[7]		500023ae
ARR 50000e47 (sz=40, trace=300000, nelems=4, elem type=java.lang.Object[]@5000011c)
	[0]		50001541
	[1]		5000224e
	[3]		50002258
ARR 50000e48 (sz=32, trace=300000, nelems=4, elem type=java.lang.Object[]@5000011c)
	[3]		50002377
ARR 50000e49 (sz=64, trace=300000, nelems=0, elem type=java.lang.Object[]@5000011c)
ARR 50000e4a (sz=32, trace=300000, nelems=2, elem type=java.lang.Object[]@5000011c)
	[0]		500023ac
	[1]		500022b0
ARR 50000e4b (sz=264, trace=300000, nelems=50, elem type=java.lang.Object[]@5000011c)
	[22]		50001221
	[48]		50001222
	[49]		50001223
ARR 50000e4c (sz=24, trace=300000, nelems=0, elem type=java.lang.Object[]@5000011c)
ARR 50000e4d (sz=24, trace=300000, nelems=0, elem type=java.lang.Object[]@5000011c)
ARR 50000e4e (sz=24, trace=300000, nelems=0, elem type=java.lang.Object[]@5000011c)
ARR 50000e4f (sz=24, trace=300000, nelems=0, elem type=java.lang.Object[]@5000011c)
ARR 50000e50 (sz=24, trace=300000, nelems=2, elem type=java.lang.Object[]@5000011c)
	[1]		5000120b
ARR 50000e51 (sz=32, trace=300000, nelems=3, elem type=java.lang.Object[]@5000011c)
	[0]		500022ae
	[1]		500022af
	[2]		500022b0
ARR 50000e52 (sz=32, trace=300000, nelems=0, elem type=java.lang.Object[]@5000011c)
ARR 50000e53 (sz=40, trace=300000, nelems=4, elem type=java.lang.Object[]@5000011c)
	[3]		50000ed2
ARR 50000e54 (sz=32, trace=300000, nelems=0, elem type=java.lang.Object[]@5000011c)
ARR 50000e55 (sz=32, trace=300000, nelems=0, elem type=java.lang.Object[]@5000011c)
ARR 50000e56 (sz=256, trace=300000, nelems=60, elem type=java.lang.Object[]@5000011c)
	[0]		50000ed3
	[5]		5000244f
	[10]		50002450
	[12]		50002451
	[14]		50002452
	[17]		50002453
	[23]		50002454
	[28]		50002455
	[29]		50002456
	[30]		50002457
	[31]		50002458
	[32]		50002459
	[33]		5000245a
	[37]		5000245b
	[39]		5000245c
	[42]		5000245d
	[43]		5000245e
	[44]		5000245f
	[45]		50002460
	[46]		50002461
	[47]		50002462
	[48]		50002463
	[49]		50002464
	[50]		50002465
	[51]		50002466
	[55]		50002467
	[56]		50002468
	[57]		50002469
	[58]		5000246a
	[59]		5000246b
ARR 50000e57 (sz=88, trace=300000, nelems=0, elem type=java.lang.Object[]@5000011c)
ARR 50000e58 (sz=56, trace=300000, nelems=10, elem type=java.lang.Object[]@5000011c)
	[1]		500010f3
	[2]		500010f4
	[3]		500010f5
	[4]		500010f6
	[5]		500010f7
	[7]		500010f8
	[8]		500010f9
	[9]		500010fa
ARR 50000e59 (sz=24, trace=300000, nelems=0, elem type=java.lang.Object[]@5000011c)
ARR 50000e5a (sz=72, trace=300000, nelems=12, elem type=java.lang.Object[]@5000011c)
	[0]		50000ed3
	[2]		50002499
	[3]		5000249a
	[11]		5000249b
ARR 50000e5b (sz=24, trace=300000, nelems=1, elem type=java.lang.Object[]@5000011c)
	[0]		50000ed3
ARR 50000e5c (sz=24, trace=300000, nelems=0, elem type=java.lang.Object[]@5000011c)
ARR 50000e5d (sz=24, trace=300000, nelems=2, elem type=java.lang.Object[]@5000011c)
	[0]		50000ed7
	[1]		50000ed8
ARR 50000e5e (sz=32, trace=300000, nelems=3, elem type=java.lang.Object[]@5000011c)
	[0]		5000226a
	[1]		5000226b
	[2]		500010fa
ARR 50000e5f (sz=40, trace=300000, nelems=5, elem type=java.lang.Object[]@5000011c)
	[4]		50001211
ARR 50000e60 (sz=88, trace=300000, nelems=15, elem type=java.lang.Object[]@5000011c)
	[14]		50001103
ARR 50000e61 (sz=40, trace=300000, nelems=5, elem type=java.lang.Object[]@5000011c)
	[4]		5000120f
ARR 50000e62 (sz=112, trace=300000, nelems=24, elem type=java.lang.Object[]@5000011c)
	[0]		50000ed3
	[1]		50002291
	[2]		50002292
	[3]		50002293
	[4]		50002294
	[5]		5000224f
	[14]		50002295
	[15]		50002296
	[16]		50002297
	[17]		50002298
	[20]		50001261
	[23]		50002251
ARR 50000e63 (sz=80, trace=300000, nelems=4, elem type=java.lang.Object[]@5000011c)
	[3]		5000229c
ARR 50000e64 (sz=120, trace=300000, nelems=25, elem type=java.lang.Object[]@5000011c)
	[0]		50000ed3
	[1]		50001541
	[2]		5000224e
	[3]		5000224f
	[10]		50002250
	[12]		50002251
	[13]		50002252
	[14]		50002253
	[15]		50002254
	[17]		50002255
	[18]		50002256
	[20]		50002257
	[21]		50002258
	[23]		50002259
	[24]		5000225a
ARR 50000e65 (sz=80, trace=300000, nelems=10, elem type=java.lang.Object[]@5000011c)
	[0]		50000ed3
	[2]		50002264
	[4]		50002265
	[5]		50002266
	[6]		50002267
	[7]		50002268
	[9]		50002269
ARR 50000e66 (sz=48, trace=300000, nelems=0, elem type=java.lang.Object[]@5000011c)
ARR 50000e67 (sz=72, trace=300000, nelems=0, elem type=java.lang.Object[]@5000011c)
ARR 50000e68 (sz=32, trace=300000, nelems=0, elem type=java.lang.Object[]@5000011c)
ARR 50000e69 (sz=104, trace=300000, nelems=20, elem type=java.lang.Object[]@5000011c)
	[12]		50002244
	[13]		50002245
	[15]		50000fa7
	[16]		50002246
	[17]		50002247
	[18]		50002248
	[19]		50000ee0
ARR 50000e6a (sz=64, trace=300000, nelems=0, elem type=java.lang.Object[]@5000011c)
ARR 50000e6b (sz=24, trace=300000, nelems=2, elem type=java.lang.Object[]@5000011c)
	[1]		500023b1
ARR 50000e6c (sz=24, trace=300000, nelems=1, elem type=java.lang.Object[]@5000011c)
	[0]		50002419
ARR 50000e6d (sz=40, trace=300000, nelems=0, elem type=java.lang.Object[]@5000011c)
ARR 50000e6e (sz=80, trace=300000, nelems=11, elem type=java.lang.Object[]@5000011c)
	[10]		50002676
ARR 50000e6f (sz=120, trace=300000, nelems=0, elem type=java.lang.Object[]@5000011c)
ARR 50000e70 (sz=24, trace=300000, nelems=1, elem type=java.lang.Object[]@5000011c)
	[0]		50002689
ARR 50000e71 (sz=64, trace=300000, nelems=0, elem type=java.lang.Object[]@5000011c)
ARR 50000e72 (sz=24, trace=300000, nelems=0, elem type=java.lang.Object[]@5000011c)
ARR 50000e73 (sz=24, trace=300000, nelems=0, elem type=java.lang.Object[]@5000011c)
ARR 50000e74 (sz=40, trace=300000, nelems=0, elem type=java.lang.Object[]@5000011c)
ARR 50000e75 (sz=56, trace=300000, nelems=10, elem type=java.lang.Object[]@5000011c)
	[0]		50002677
	[1]		50002678
	[2]		50002679
	[3]		5000267a
	[4]		5000267b
	[5]		5000267c
	[6]		5000267d
	[7]		5000267e
	[8]		5000267f
	[9]		50000ee0
ARR 50000e76 (sz=144, trace=300000, nelems=0, elem type=java.lang.Object[]@5000011c)
ARR 50000e77 (sz=128, trace=300000, nelems=0, elem type=java.lang.Object[]@5000011c)
ARR 50000e78 (sz=24, trace=300000, nelems=2, elem type=java.lang.Object[]@5000011c)
	[0]		50002694
	[1]		50002695
ARR 50000e79 (sz=216, trace=300000, nelems=47, elem type=java.lang.Object[]@5000011c)
	[6]		50002696
	[7]		50002697
	[8]		50002698
	[11]		50002699
	[12]		5000269a
	[13]		5000269b
	[14]		5000269c
	[15]		50001261
	[16]		5000269d
	[23]		5000269e
	[25]		5000269f
	[36]		50001232
	[37]		500026a0
	[39]		500026a1
	[40]		500026a2
	[41]		50001aeb
	[42]		500026a3
	[44]		500026a4
	[46]		500026a5
ARR 50000e7a (sz=24, trace=300000, nelems=1, elem type=java.lang.Object[]@5000011c)
	[0]		500010fa
ARR 50000e7b (sz=32, trace=300000, nelems=4, elem type=java.lang.Object[]@5000011c)
	[1]		500026c9
	[2]		500026b4
	[3]		50000ee0
ARR 50000e7c (sz=32, trace=300000, nelems=0, elem type=java.lang.Object[]@5000011c)
ARR 50000e7d (sz=24, trace=300000, nelems=0, elem type=java.lang.Object[]@5000011c)
ARR 50000e7e (sz=192, trace=300000, nelems=0, elem type=java.lang.Object[]@5000011c)
ARR 50000e7f (sz=24, trace=300000, nelems=2, elem type=java.lang.Object[]@5000011c)
	[0]		50001261
	[1]		500012c0
ARR 50000e80 (sz=296, trace=300000, nelems=67, elem type=java.lang.Object[]@5000011c)
	[0]		50000ed3
	[25]		500026da
	[30]		500019d8
	[41]		50000dd3
	[60]		50001aeb
	[65]		50000fa8
	[66]		500026db
ARR 50000e81 (sz=24, trace=300000, nelems=1, elem type=java.lang.Object[]@5000011c)
	[0]		500022af
ARR 50000e82 (sz=48, trace=300000, nelems=3, elem type=java.lang.Object[]@5000011c)
	[2]		5000224d
ARR 50000e83 (sz=24, trace=300000, nelems=2, elem type=java.lang.Object[]@5000011c)
	[0]		5000224f
	[1]		50002251
ARR 50000e84 (sz=24, trace=300000, nelems=0, elem type=java.lang.Object[]@5000011c)
ARR 50000e85 (sz=48, trace=300000, nelems=8, elem type=java.lang.Object[]@5000011c)
	[0]		50000ed3
	[1]		50002290
	[6]		50002251
	[7]		50002244
ARR 50000e86 (sz=56, trace=300000, nelems=8, elem type=java.lang.Object[]@5000011c)
	[7]		50000fac
ARR 50000e87 (sz=32, trace=300000, nelems=3, elem type=java.lang.Object[]@5000011c)
	[0]		50001541
	[1]		50002370
	[2]		50002251
ARR 50000e88 (sz=24, trace=300000, nelems=0, elem type=java.lang.Object[]@5000011c)
ARR 50000e89 (sz=32, trace=300000, nelems=1, elem type=java.lang.Object[]@5000011c)
	[0]		50000ed3
ARR 50000e8a (sz=104, trace=300000, nelems=21, elem type=java.lang.Object[]@5000011c)
	[4]		5000122e
	[5]		5000122f
	[6]		50001230
	[8]		50001231
	[11]		50001232
	[12]		50001233
	[13]		50001234
	[14]		50001235
	[16]		50001236
	[17]		50001237
	[18]		50001238
	[19]		50001239
	[20]		5000123a
ARR 50000e8b (sz=48, trace=300000, nelems=7, elem type=java.lang.Object[]@5000011c)
	[0]		5000125c
	[2]		5000125d
	[3]		5000125e
	[4]		5000125f
	[5]		50001260
	[6]		50001261
ARR 50000e8c (sz=24, trace=300000, nelems=2, elem type=java.lang.Object[]@5000011c)
	[1]		5000125d
ARR 50000e8d (sz=24, trace=300000, nelems=1, elem type=java.lang.Object[]@5000011c)
	[0]		5000125c
ARR 50000e8e (sz=24, trace=300000, nelems=1, elem type=java.lang.Object[]@5000011c)
	[0]		5000125f
ARR 50000e8f (sz=24, trace=300000, nelems=1, elem type=java.lang.Object[]@5000011c)
	[0]		50001260
ARR 50000e90 (sz=24, trace=300000, nelems=1, elem type=java.lang.Object[]@5000011c)
	[0]		5000125e
ARR 50000e91 (sz=64, trace=300000, nelems=0, elem type=java.lang.Object[]@5000011c)
ARR 50000e92 (sz=48, trace=300000, nelems=0, elem type=java.lang.Object[]@5000011c)
ARR 50000e93 (sz=24, trace=300000, nelems=0, elem type=java.lang.Object[]@5000011c)
ARR 50000e94 (sz=24, trace=300000, nelems=0, elem type=java.lang.Object[]@5000011c)
ARR 50000e95 (sz=24, trace=300000, nelems=0, elem type=java.lang.Object[]@5000011c)
ARR 50000e96 (sz=40, trace=300000, nelems=0, elem type=java.lang.Object[]@5000011c)
ARR 50000e97 (sz=40, trace=300000, nelems=6, elem type=java.lang.Object[]@5000011c)
	[0]		5000123d
	[1]		5000123e
	[2]		5000123f
	[3]		50001240
	[4]		50001241
	[5]		50001242
ARR 50000e98 (sz=32, trace=300000, nelems=0, elem type=java.lang.Object[]@5000011c)
ARR 50000e99 (sz=56, trace=300000, nelems=10, elem type=java.lang.Object[]@5000011c)
	[5]		500022aa
	[8]		500022ab
	[9]		50000ee0
ARR 50000e9a (sz=160, trace=300000, nelems=0, elem type=java.lang.Object[]@5000011c)
ARR 50000e9b (sz=64, trace=300000, nelems=3, elem type=java.lang.Object[]@5000011c)
	[2]		5000125a
ARR 50000e9c (sz=24, trace=300000, nelems=0, elem type=java.lang.Object[]@5000011c)
ARR 50000e9d (sz=40, trace=300000, nelems=0, elem type=java.lang.Object[]@5000011c)
ARR 50000e9e (sz=24, trace=300000, nelems=0, elem type=java.lang.Object[]@5000011c)
ARR 50000e9f (sz=24, trace=300000, nelems=0, elem type=java.lang.Object[]@5000011c)
ARR 50000ea0 (sz=24, trace=300000, nelems=1, elem type=java.lang.Object[]@5000011c)
	[0]		500010f1
ARR 50000ea1 (sz=56, trace=300000, nelems=0, elem type=java.lang.Object[]@5000011c)
ARR 50000ea2 (sz=24, trace=300000, nelems=0, elem type=java.lang.Object[]@5000011c)
ARR 50000ea3 (sz=64, trace=300000, nelems=7, elem type=java.lang.Object[]@5000011c)
	[6]		500026ef
ARR 50000ea4 (sz=40, trace=300000, nelems=5, elem type=java.lang.Object[]@5000011c)
	[4]		500026f0
ARR 50000ea5 (sz=32, trace=300000, nelems=0, elem type=java.lang.Object[]@5000011c)
ARR 50000ea6 (sz=24, trace=300000, nelems=0, elem type=java.lang.Object[]@5000011c)
ARR 50000ea7 (sz=48, trace=300000, nelems=6, elem type=java.lang.Object[]@5000011c)
	[0]		50000ed3
	[2]		5000224d
	[3]		500026ea
	[4]		500026f3
	[5]		500026f4
ARR 50000ea8 (sz=72, trace=300000, nelems=14, elem type=java.lang.Object[]@5000011c)
	[0]		50000ed3
	[1]		5000244f
	[3]		500024ca
	[10]		500026f6
	[11]		500026f7
	[12]		500026f8
	[13]		50002467
ARR 50000ea9 (sz=48, trace=300000, nelems=0, elem type=java.lang.Object[]@5000011c)
ARR 50000eaa (sz=24, trace=300000, nelems=0, elem type=java.lang.Object[]@5000011c)
ARR 50000eab (sz=24, trace=300000, nelems=0, elem type=java.lang.Object[]@5000011c)
ARR 50000eac (sz=168, trace=300000, nelems=0, elem type=java.lang.Object[]@5000011c)
ARR 50000ead (sz=168, trace=300000, nelems=38, elem type=java.lang.Object[]@5000011c)
	[0]		50002725
	[1]		50002721
	[2]		50002729
	[3]		5000272d
	[4]		50002739
	[5]		50002711
	[6]		50002735
	[7]		5000271d
	[8]		50002726
	[9]		5000272e
	[10]		50000dd3
	[11]		500026fe
	[12]		50002706
	[13]		5000270a
	[14]		5000270e
	[15]		5000272a
	[16]		50002722
	[17]		50002732
	[18]		5000273e
	[19]		50002745
	[20]		50002702
	[21]		5000271a
	[22]		50002712
	[23]		5000273a
	[24]		50002716
	[25]		50002736
	[26]		5000271e
	[27]		50002701
	[28]		50002731
	[29]		50002744
	[30]		50002715
	[31]		50002719
	[32]		500026fd
	[33]		50002705
	[34]		50002709
	[35]		5000273d
	[36]		50002741
	[37]		5000270d
ARR 50000eae (sz=24, trace=300000, nelems=0, elem type=java.lang.Object[]@5000011c)
ARR 50000eaf (sz=152, trace=300000, nelems=30, elem type=java.lang.Object[]@5000011c)
	[0]		50000ed3
	[16]		50002748
	[17]		50002749
	[18]		5000274a
	[20]		5000274b
	[21]		5000274c
	[22]		50001103
	[23]		5000274d
	[26]		5000274e
	[27]		5000274f
	[28]		5000120f
	[29]		50002750
ARR 50000eb0 (sz=56, trace=300000, nelems=10, elem type=java.lang.Object[]@5000011c)
	[0]		50002582
	[1]		50002583
	[2]		50002584
	[3]		50002585
	[4]		50002586
	[5]		50002587
	[6]		50002588
	[7]		50002589
	[8]		5000258a
	[9]		5000258b
ARR 50000eb1 (sz=32, trace=300000, nelems=0, elem type=java.lang.Object[]@5000011c)
ARR 50000eb2 (sz=48, trace=300000, nelems=5, elem type=java.lang.Object[]@5000011c)
	[2]		5000275c
	[3]		5000245e
	[4]		5000275d
ARR 50000eb3 (sz=24, trace=300000, nelems=1, elem type=java.lang.Object[]@5000011c)
	[0]		5000275a
ARR 50000eb4 (sz=32, trace=300000, nelems=0, elem type=java.lang.Object[]@5000011c)
OBJ 50000eb5 (sz=104, trace=300000, class=java.lang.Class@5000017d)
OBJ 50000eb6 (sz=104, trace=300000, class=java.lang.Class@5000017d)
OBJ 50000eb7 (sz=104, trace=300000, class=java.lang.Class@5000017d)
OBJ 50000eb8 (sz=104, trace=300000, class=java.lang.Class@5000017d)
OBJ 50000eb9 (sz=104, trace=300000, class=java.lang.Class@5000017d)
OBJ 50000eba (sz=104, trace=300000, class=java.lang.Class@5000017d)
OBJ 50000ebb (sz=104, trace=300000, class=java.lang.Class@5000017d)
OBJ 50000ebc (sz=104, trace=300000, class=java.lang.Class@5000017d)
OBJ 50000ebd (sz=104, trace=300000, class=java.lang.Class@5000017d)
ARR 50000ebe (sz=16, trace=300000, nelems=0, elem type=java.lang.Class[]@50000117)
OBJ 50000ebf (sz=24, trace=300000, class=java.lang.String@50000181)
	value		50002633
OBJ 50000ec0 (sz=24, trace=300000, class=java.lang.String@50000181)
	value		50002675
OBJ 50000ec1 (sz=32, trace=300000, class=java.lang.OutOfMemoryError@50000169)
	detailMessage	50002673
OBJ 50000ec2 (sz=32, trace=300000, class=java.lang.OutOfMemoryError@50000169)
	detailMessage	50002671
OBJ 50000ec3 (sz=32, trace=300000, class=java.lang.OutOfMemoryError@50000169)
	detailMessage	5000266f
OBJ 50000ec4 (sz=32, trace=300000, class=java.lang.OutOfMemoryError@50000169)
	detailMessage	5000266d
OBJ 50000ec5 (sz=32, trace=300000, class=java.lang.OutOfMemoryError@50000169)
	detailMessage	5000266b
OBJ 50000ec6 (sz=32, trace=300000, class=java.lang.OutOfMemoryError@50000169)
	detailMessage	50002669
ARR 50000ec7 (sz=32, trace=300000, nelems=4, elem type=java.lang.OutOfMemoryError[]@50000111)
	[0]		50002665
	[1]		50002666
	[2]		50002667
	[3]		50002668
OBJ 50000ec8 (sz=32, trace=300000, class=java.lang.NullPointerException@50000116)
OBJ 50000ec9 (sz=32, trace=300000, class=java.lang.ArithmeticException@50000115)
	detailMessage	50002663
OBJ 50000eca (sz=32, trace=300000, class=java.lang.VirtualMachineError@5000016a)
OBJ 50000ecb (sz=48, trace=300000, class=java.lang.ThreadGroup@5000015c)
	parent		50000ecc
	name		50002656
	threads		50002655
OBJ 50000ecc (sz=48, trace=300000, class=java.lang.ThreadGroup@5000015c)
	name		50000ee9
	threads		5000263b
	groups		5000263a
OBJ 50000ecd (sz=32, trace=300000, class=java.lang.VirtualMachineError@5000016a)
OBJ 50000ece (sz=24, trace=300000, class=java.lang.String@50000181)
	value		5000262f
OBJ 50000ecf (sz=24, trace=300000, class=java.lang.String@50000181)
	value		50002632
OBJ 50000ed0 (sz=24, trace=300000, class=java.lang.String@50000181)
	value		50002637
OBJ 50000ed1 (sz=24, trace=300000, class=java.lang.String@50000181)
	value		50002634
OBJ 50000ed2 (sz=24, trace=300000, class=java.lang.String@50000181)
	value		5000236a
OBJ 50000ed3 (sz=24, trace=300000, class=java.lang.String@50000181)
	value		50001548
OBJ 50000ed4 (sz=24, trace=300000, class=java.lang.String@50000181)
	value		50001102
ARR 50000ed5 (sz=1024, trace=300000, nelems=256, elem type=int[])
OBJ 50000ed6 (sz=16, trace=300000, class=java.lang.CharacterDataLatin1@50000014)
OBJ 50000ed7 (sz=24, trace=300000, class=java.lang.String@50000181)
	value		50002639
OBJ 50000ed8 (sz=24, trace=300000, class=java.lang.String@50000181)
	value		50000edb
ARR 50000ed9 (sz=512, trace=300000, nelems=256, elem type=char[])
ARR 50000eda (sz=4, trace=300000, nelems=2, elem type=char[])
ARR 50000edb (sz=1024, trace=300000, nelems=512, elem type=char[])
OBJ 50000edc (sz=24, trace=300000, class=java.lang.String@50000181)
	value		50002638
OBJ 50000edd (sz=24, trace=300000, class=java.lang.String@50000181)
	value		50002636
OBJ 50000ede (sz=24, trace=300000, class=java.lang.String@50000181)
	value		500025c4
OBJ 50000edf (sz=24, trace=300000, class=java.lang.String@50000181)
	value		50002635
OBJ 50000ee0 (sz=24, trace=300000, class=java.lang.String@50000181)
	value		500010cb
OBJ 50000ee1 (sz=16, trace=300000, class=java.lang.String$CaseInsensitiveComparator@5000010c)
ARR 50000ee2 (sz=16, trace=300000, nelems=0, elem type=java.io.ObjectStreamField[]@5000010e)
OBJ 50000ee3 (sz=24, trace=300000, class=java.lang.String@50000181)
	value		50000ee6
OBJ 50000ee4 (sz=24, trace=300000, class=java.lang.RuntimePermission@50000104)
	name		50000ee3
	path		50000ee3
ARR 50000ee5 (sz=16, trace=300000, nelems=0, elem type=java.lang.StackTraceElement[]@50000108)
ARR 50000ee6 (sz=64, trace=300000, nelems=32, elem type=char[])
OBJ 50000ee7 (sz=24, trace=300000, class=java.lang.String@50000181)
	value		50000ee8
ARR 50000ee8 (sz=12, trace=300000, nelems=6, elem type=char[])
OBJ 50000ee9 (sz=24, trace=300000, class=java.lang.String@50000181)
	value		5000262e
OBJ 50000eea (sz=24, trace=300000, class=java.lang.String@50000181)
	value		500025c2
OBJ 50000eeb (sz=24, trace=300000, class=java.lang.String@50000181)
	value		5000262d
OBJ 50000eec (sz=24, trace=300000, class=java.lang.String@50000181)
	value		5000262c
OBJ 50000eed (sz=24, trace=300000, class=java.lang.String@50000181)
	value		5000262b
OBJ 50000eee (sz=24, trace=300000, class=java.lang.String@50000181)
	value		50001025
OBJ 50000eef (sz=48, trace=300000, class=java.util.Properties@50000158)
	table		500025d4
	entrySet	500025d3
OBJ 50000ef0 (sz=32, trace=300000, class=java.io.PrintStream@5000007c)
	out		500025c8
	textOut		500025c7
	charOut		500025c6
OBJ 50000ef1 (sz=32, trace=300000, class=java.io.PrintStream@5000007c)
	out		500025b7
	textOut		500025b6
	charOut		500025b5
OBJ 50000ef2 (sz=40, trace=300000, class=java.io.BufferedInputStream@50000083)
	in		50000ef4
	buf		50000ef3
ARR 50000ef3 (sz=8192, trace=300000, nelems=8192, elem type=byte[])
OBJ 50000ef4 (sz=32, trace=300000, class=java.io.FileInputStream@5000008b)
	fd		50000ef6
	closeLock	50000ef5
OBJ 50000ef5 (sz=16, trace=300000, class=java.lang.Object@50000185)
OBJ 50000ef6 (sz=40, trace=300000, class=java.io.FileDescriptor@5000008a)
	parent		50000ef4
OBJ 50000ef7 (sz=40, trace=300000, class=java.io.FileDescriptor@5000008a)
	parent		500025ae
OBJ 50000ef8 (sz=40, trace=300000, class=java.io.FileDescriptor@5000008a)
	parent		50000ef9
OBJ 50000ef9 (sz=32, trace=300000, class=java.io.FileOutputStream@50000085)
	fd		50000ef8
	closeLock	50000efa
OBJ 50000efa (sz=16, trace=300000, class=java.lang.Object@50000185)
OBJ 50000efb (sz=24, trace=300000, class=java.lang.String@50000181)
	value		500025ad
OBJ 50000efc (sz=24, trace=300000, class=java.lang.String@50000181)
	value		500025ac
OBJ 50000efd (sz=16, trace=300000, class=sun.misc.Unsafe@50000134)
OBJ 50000efe (sz=24, trace=300000, class=java.lang.String@50000181)
	value		500025a4
OBJ 50000eff (sz=24, trace=300000, class=java.lang.String@50000181)
	value		500025a3
OBJ 50000f00 (sz=32, trace=300000, class=java.io.WinNTFileSystem@50000061)
	cache		50000f02
	prefixCache	50000f01
OBJ 50000f01 (sz=40, trace=300000, class=java.io.ExpiringCache@50000060)
	map		50002437
OBJ 50000f02 (sz=40, trace=300000, class=java.io.ExpiringCache@50000060)
	map		50000f03
OBJ 50000f03 (sz=64, trace=300000, class=java.io.ExpiringCache$1@5000005e)
	table		500009b2
	head		50000f04
	tail		500009fe
	this$0		50000f02
OBJ 50000f04 (sz=40, trace=300000, class=java.util.LinkedHashMap$Entry@50000054)
	key		50000f13
	value		50000f12
	after		50000f0f
OBJ 50000f05 (sz=40, trace=300000, class=java.util.LinkedHashMap$Entry@50000054)
	key		50000f74
	value		50000f73
	before		50000f0d
	after		50000f06
OBJ 50000f06 (sz=40, trace=300000, class=java.util.LinkedHashMap$Entry@50000054)
	key		50000f6f
	value		50000f6e
	next		50000975
	before		50000f05
	after		50000f0c
OBJ 50000f07 (sz=40, trace=300000, class=java.util.LinkedHashMap$Entry@50000054)
	key		50000f4b
	value		50000f4a
	before		50000f11
	after		50000f0e
OBJ 50000f08 (sz=40, trace=300000, class=java.util.LinkedHashMap$Entry@50000054)
	key		50000f3c
	value		50000f3b
	before		50000f3a
	after		50000f0a
OBJ 50000f09 (sz=40, trace=300000, class=java.util.LinkedHashMap$Entry@50000054)
	key		50000f7e
	value		50000f7d
	before		50000f0b
	after		50000f0d
OBJ 50000f0a (sz=40, trace=300000, class=java.util.LinkedHashMap$Entry@50000054)
	key		50000f36
	value		50000f35
	before		50000f08
	after		50000f2a
OBJ 50000f0b (sz=40, trace=300000, class=java.util.LinkedHashMap$Entry@50000054)
	key		50000f1d
	value		50000f1c
	next		500007ef
	before		50000f0f
	after		50000f09
OBJ 50000f0c (sz=40, trace=300000, class=java.util.LinkedHashMap$Entry@50000054)
	key		50000f5a
	value		50000f59
	next		500009b1
	before		50000f06
	after		50000f10
OBJ 50000f0d (sz=40, trace=300000, class=java.util.LinkedHashMap$Entry@50000054)
	key		50000f79
	value		50000f78
	before		50000f09
	after		50000f05
OBJ 50000f0e (sz=40, trace=300000, class=java.util.LinkedHashMap$Entry@50000054)
	key		50000f46
	value		50000f45
	next		50000f3a
	before		50000f07
	after		50000f3a
OBJ 50000f0f (sz=40, trace=300000, class=java.util.LinkedHashMap$Entry@50000054)
	key		50000f18
	value		50000f17
	before		50000f04
	after		50000f0b
OBJ 50000f10 (sz=40, trace=300000, class=java.util.LinkedHashMap$Entry@50000054)
	key		50000f55
	value		50000f54
	next		50000f2a
	before		50000f0c
	after		50000f11
OBJ 50000f11 (sz=40, trace=300000, class=java.util.LinkedHashMap$Entry@50000054)
	key		50000f50
	value		50000f4f
	next		50000f25
	before		50000f10
	after		50000f07
OBJ 50000f12 (sz=24, trace=300000, class=java.io.ExpiringCache$Entry@50000055)
	val		50000f15
OBJ 50000f13 (sz=24, trace=300000, class=java.lang.String@50000181)
	value		50000f14
ARR 50000f14 (sz=92, trace=300000, nelems=46, elem type=char[])
OBJ 50000f15 (sz=24, trace=300000, class=java.lang.String@50000181)
	value		50000f16
ARR 50000f16 (sz=92, trace=300000, nelems=46, elem type=char[])
OBJ 50000f17 (sz=24, trace=300000, class=java.io.ExpiringCache$Entry@50000055)
	val		50000f1a
OBJ 50000f18 (sz=24, trace=300000, class=java.lang.String@50000181)
	value		50000f19
ARR 50000f19 (sz=84, trace=300000, nelems=42, elem type=char[])
OBJ 50000f1a (sz=24, trace=300000, class=java.lang.String@50000181)
	value		50000f1b
ARR 50000f1b (sz=84, trace=300000, nelems=42, elem type=char[])
OBJ 50000f1c (sz=24, trace=300000, class=java.io.ExpiringCache$Entry@50000055)
	val		50000f1f
OBJ 50000f1d (sz=24, trace=300000, class=java.lang.String@50000181)
	value		50000f1e
ARR 50000f1e (sz=126, trace=300000, nelems=63, elem type=char[])
OBJ 50000f1f (sz=24, trace=300000, class=java.lang.String@50000181)
	value		50000f20
ARR 50000f20 (sz=126, trace=300000, nelems=63, elem type=char[])
OBJ 50000f21 (sz=24, trace=300000, class=java.lang.String@50000181)
	value		50000f22
ARR 50000f22 (sz=76, trace=300000, nelems=38, elem type=char[])
OBJ 50000f23 (sz=24, trace=300000, class=java.lang.String@50000181)
	value		50000f24
ARR 50000f24 (sz=128, trace=300000, nelems=64, elem type=char[])
OBJ 50000f25 (sz=40, trace=300000, class=java.util.LinkedHashMap$Entry@50000054)
	key		50000f2c
	value		50000f2b
	before		50000f2a
	after		50000376
OBJ 50000f26 (sz=24, trace=300000, class=java.lang.String@50000181)
	value		50000f27
ARR 50000f27 (sz=68, trace=300000, nelems=34, elem type=char[])
OBJ 50000f28 (sz=24, trace=300000, class=java.lang.String@50000181)
	value		50000f29
ARR 50000f29 (sz=68, trace=300000, nelems=34, elem type=char[])
OBJ 50000f2a (sz=40, trace=300000, class=java.util.LinkedHashMap$Entry@50000054)
	key		50000f31
	value		50000f30
	before		50000f0a
	after		50000f25
OBJ 50000f2b (sz=24, trace=300000, class=java.io.ExpiringCache$Entry@50000055)
	val		50000f2e
OBJ 50000f2c (sz=24, trace=300000, class=java.lang.String@50000181)
	value		50000f2d
ARR 50000f2d (sz=94, trace=300000, nelems=47, elem type=char[])
OBJ 50000f2e (sz=24, trace=300000, class=java.lang.String@50000181)
	value		50000f2f
ARR 50000f2f (sz=94, trace=300000, nelems=47, elem type=char[])
OBJ 50000f30 (sz=24, trace=300000, class=java.io.ExpiringCache$Entry@50000055)
	val		50000f33
OBJ 50000f31 (sz=24, trace=300000, class=java.lang.String@50000181)
	value		50000f32
ARR 50000f32 (sz=88, trace=300000, nelems=44, elem type=char[])
OBJ 50000f33 (sz=24, trace=300000, class=java.lang.String@50000181)
	value		50000f34
ARR 50000f34 (sz=88, trace=300000, nelems=44, elem type=char[])
OBJ 50000f35 (sz=24, trace=300000, class=java.io.ExpiringCache$Entry@50000055)
	val		50000f38
OBJ 50000f36 (sz=24, trace=300000, class=java.lang.String@50000181)
	value		50000f37
ARR 50000f37 (sz=132, trace=300000, nelems=66, elem type=char[])
OBJ 50000f38 (sz=24, trace=300000, class=java.lang.String@50000181)
	value		50000f39
ARR 50000f39 (sz=128, trace=300000, nelems=64, elem type=char[])
OBJ 50000f3a (sz=40, trace=300000, class=java.util.LinkedHashMap$Entry@50000054)
	key		50000f41
	value		50000f40
	before		50000f0e
	after		50000f08
OBJ 50000f3b (sz=24, trace=300000, class=java.io.ExpiringCache$Entry@50000055)
	val		50000f3e
OBJ 50000f3c (sz=24, trace=300000, class=java.lang.String@50000181)
	value		50000f3d
ARR 50000f3d (sz=104, trace=300000, nelems=52, elem type=char[])
OBJ 50000f3e (sz=24, trace=300000, class=java.lang.String@50000181)
	value		50000f3f
ARR 50000f3f (sz=104, trace=300000, nelems=52, elem type=char[])
OBJ 50000f40 (sz=24, trace=300000, class=java.io.ExpiringCache$Entry@50000055)
	val		50000f43
OBJ 50000f41 (sz=24, trace=300000, class=java.lang.String@50000181)
	value		50000f42
ARR 50000f42 (sz=112, trace=300000, nelems=56, elem type=char[])
OBJ 50000f43 (sz=24, trace=300000, class=java.lang.String@50000181)
	value		50000f44
ARR 50000f44 (sz=112, trace=300000, nelems=56, elem type=char[])
OBJ 50000f45 (sz=24, trace=300000, class=java.io.ExpiringCache$Entry@50000055)
	val		50000f48
OBJ 50000f46 (sz=24, trace=300000, class=java.lang.String@50000181)
	value		50000f47
ARR 50000f47 (sz=112, trace=300000, nelems=56, elem type=char[])
OBJ 50000f48 (sz=24, trace=300000, class=java.lang.String@50000181)
	value		50000f49
ARR 50000f49 (sz=112, trace=300000, nelems=56, elem type=char[])
OBJ 50000f4a (sz=24, trace=300000, class=java.io.ExpiringCache$Entry@50000055)
	val		50000f4d
OBJ 50000f4b (sz=24, trace=300000, class=java.lang.String@50000181)
	value		50000f4c
ARR 50000f4c (sz=124, trace=300000, nelems=62, elem type=char[])
OBJ 50000f4d (sz=24, trace=300000, class=java.lang.String@50000181)
	value		50000f4e
ARR 50000f4e (sz=124, trace=300000, nelems=62, elem type=char[])
OBJ 50000f4f (sz=24, trace=300000, class=java.io.ExpiringCache$Entry@50000055)
	val		50000f52
OBJ 50000f50 (sz=24, trace=300000, class=java.lang.String@50000181)
	value		50000f51
ARR 50000f51 (sz=104, trace=300000, nelems=52, elem type=char[])
OBJ 50000f52 (sz=24, trace=300000, class=java.lang.String@50000181)
	value		50000f53
ARR 50000f53 (sz=104, trace=300000, nelems=52, elem type=char[])
OBJ 50000f54 (sz=24, trace=300000, class=java.io.ExpiringCache$Entry@50000055)
	val		50000f57
OBJ 50000f55 (sz=24, trace=300000, class=java.lang.String@50000181)
	value		50000f56
ARR 50000f56 (sz=108, trace=300000, nelems=54, elem type=char[])
OBJ 50000f57 (sz=24, trace=300000, class=java.lang.String@50000181)
	value		50000f58
ARR 50000f58 (sz=108, trace=300000, nelems=54, elem type=char[])
OBJ 50000f59 (sz=24, trace=300000, class=java.io.ExpiringCache$Entry@50000055)
	val		50000f5c
OBJ 50000f5a (sz=24, trace=300000, class=java.lang.String@50000181)
	value		50000f5b
ARR 50000f5b (sz=114, trace=300000, nelems=57, elem type=char[])
OBJ 50000f5c (sz=24, trace=300000, class=java.lang.String@50000181)
	value		50000f5d
ARR 50000f5d (sz=114, trace=300000, nelems=57, elem type=char[])
OBJ 50000f5e (sz=24, trace=300000, class=java.lang.String@50000181)
	value		50000f5f
ARR 50000f5f (sz=92, trace=300000, nelems=46, elem type=char[])
OBJ 50000f60 (sz=24, trace=300000, class=java.lang.String@50000181)
	value		50000f61
ARR 50000f61 (sz=94, trace=300000, nelems=47, elem type=char[])
OBJ 50000f62 (sz=24, trace=300000, class=java.lang.String@50000181)
	value		50000f63
ARR 50000f63 (sz=106, trace=300000, nelems=53, elem type=char[])
OBJ 50000f64 (sz=24, trace=300000, class=java.lang.String@50000181)
	value		50000f65
ARR 50000f65 (sz=90, trace=300000, nelems=45, elem type=char[])
OBJ 50000f66 (sz=24, trace=300000, class=java.lang.String@50000181)
	value		50000f67
ARR 50000f67 (sz=104, trace=300000, nelems=52, elem type=char[])
OBJ 50000f68 (sz=24, trace=300000, class=java.lang.String@50000181)
	value		50000f69
ARR 50000f69 (sz=102, trace=300000, nelems=51, elem type=char[])
OBJ 50000f6a (sz=24, trace=300000, class=java.lang.String@50000181)
	value		50000f6b
ARR 50000f6b (sz=92, trace=300000, nelems=46, elem type=char[])
OBJ 50000f6c (sz=24, trace=300000, class=java.lang.String@50000181)
	value		50000f6d
ARR 50000f6d (sz=84, trace=300000, nelems=42, elem type=char[])
OBJ 50000f6e (sz=24, trace=300000, class=java.io.ExpiringCache$Entry@50000055)
	val		50000f71
OBJ 50000f6f (sz=24, trace=300000, class=java.lang.String@50000181)
	value		50000f70
ARR 50000f70 (sz=104, trace=300000, nelems=52, elem type=char[])
OBJ 50000f71 (sz=24, trace=300000, class=java.lang.String@50000181)
	value		50000f72
ARR 50000f72 (sz=104, trace=300000, nelems=52, elem type=char[])
OBJ 50000f73 (sz=24, trace=300000, class=java.io.ExpiringCache$Entry@50000055)
	val		50000f76
OBJ 50000f74 (sz=24, trace=300000, class=java.lang.String@50000181)
	value		50000f75
ARR 50000f75 (sz=108, trace=300000, nelems=54, elem type=char[])
OBJ 50000f76 (sz=24, trace=300000, class=java.lang.String@50000181)
	value		50000f77
ARR 50000f77 (sz=108, trace=300000, nelems=54, elem type=char[])
OBJ 50000f78 (sz=24, trace=300000, class=java.io.ExpiringCache$Entry@50000055)
	val		50000f7b
OBJ 50000f79 (sz=24, trace=300000, class=java.lang.String@50000181)
	value		50000f7a
ARR 50000f7a (sz=104, trace=300000, nelems=52, elem type=char[])
OBJ 50000f7b (sz=24, trace=300000, class=java.lang.String@50000181)
	value		50000f7c
ARR 50000f7c (sz=104, trace=300000, nelems=52, elem type=char[])
OBJ 50000f7d (sz=24, trace=300000, class=java.io.ExpiringCache$Entry@50000055)
	val		50000f80
OBJ 50000f7e (sz=24, trace=300000, class=java.lang.String@50000181)
	value		50000f7f
ARR 50000f7f (sz=110, trace=300000, nelems=55, elem type=char[])
OBJ 50000f80 (sz=24, trace=300000, class=java.lang.String@50000181)
	value		50000f81
ARR 50000f81 (sz=110, trace=300000, nelems=55, elem type=char[])
OBJ 50000f82 (sz=24, trace=300000, class=java.lang.String@50000181)
	value		50002436
OBJ 50000f83 (sz=16, trace=300000, class=sun.reflect.ReflectionFactory@500000f5)
ARR 50000f84 (sz=16, trace=300000, nelems=0, elem type=java.io.ObjectStreamField[]@5000010e)
OBJ 50000f85 (sz=24, trace=300000, class=java.lang.String@50000181)
	value		50000f88
OBJ 50000f86 (sz=16, trace=300000, class=java.lang.reflect.ReflectAccess@500000b6)
OBJ 50000f87 (sz=24, trace=300000, class=java.lang.RuntimePermission@50000104)
	name		50000f85
	path		50000f85
ARR 50000f88 (sz=46, trace=300000, nelems=23, elem type=char[])
OBJ 50000f89 (sz=24, trace=300000, class=java.lang.String@50000181)
	value		50000f8b
OBJ 50000f8a (sz=24, trace=300000, class=java.lang.reflect.ReflectPermission@50000102)
	name		50000f89
	path		50000f89
ARR 50000f8b (sz=40, trace=300000, nelems=20, elem type=char[])
OBJ 50000f8c (sz=24, trace=300000, class=java.lang.String@50000181)
	value		50000f8f
OBJ 50000f8d (sz=24, trace=300000, class=java.lang.String@50000181)
	value		50000f8e
ARR 50000f8e (sz=46, trace=300000, nelems=23, elem type=char[])
ARR 50000f8f (sz=60, trace=300000, nelems=30, elem type=char[])
OBJ 50000f90 (sz=24, trace=300000, class=java.lang.String@50000181)
	value		50000f9b
OBJ 50000f91 (sz=24, trace=300000, class=java.lang.String@50000181)
	value		50000fa0
OBJ 50000f92 (sz=24, trace=300000, class=java.lang.String@50000181)
	value		50000f9f
OBJ 50000f93 (sz=24, trace=300000, class=java.lang.String@50000181)
	value		50000f9d
OBJ 50000f94 (sz=48, trace=300000, class=java.util.HashMap@500000d9)
	table		50000fa1
OBJ 50000f95 (sz=48, trace=300000, class=java.util.HashMap@500000d9)
	table		50000f96
ARR 50000f96 (sz=80, trace=300000, nelems=11, elem type=java.util.HashMap$Node[]@500000d5)
	[2]		50000f97
	[5]		50000f98
	[10]		50000f99
OBJ 50000f97 (sz=32, trace=300000, class=java.util.HashMap$Node@500000d7)
	key		500000da
	value		50000f9e
OBJ 50000f98 (sz=32, trace=300000, class=java.util.HashMap$Node@500000d7)
	key		5000017a
	value		50000f9c
OBJ 50000f99 (sz=32, trace=300000, class=java.util.HashMap$Node@500000d7)
	key		5000017d
	value		50000f9a
ARR 50000f9a (sz=24, trace=300000, nelems=1, elem type=java.lang.String[]@500000db)
	[0]		50000f90
ARR 50000f9b (sz=22, trace=300000, nelems=11, elem type=char[])
ARR 50000f9c (sz=24, trace=300000, nelems=1, elem type=java.lang.String[]@500000db)
	[0]		50000f93
ARR 50000f9d (sz=16, trace=300000, nelems=8, elem type=char[])
ARR 50000f9e (sz=24, trace=300000, nelems=2, elem type=java.lang.String[]@500000db)
	[0]		50000f91
	[1]		50000f92
ARR 50000f9f (sz=30, trace=300000, nelems=15, elem type=char[])
ARR 50000fa0 (sz=28, trace=300000, nelems=14, elem type=char[])
ARR 50000fa1 (sz=80, trace=300000, nelems=4, elem type=java.util.HashMap$Node[]@500000d5)
	[3]		50000fa2
OBJ 50000fa2 (sz=32, trace=300000, class=java.util.HashMap$Node@500000d7)
	key		50000134
	value		50000fa3
ARR 50000fa3 (sz=24, trace=300000, nelems=1, elem type=java.lang.String[]@500000db)
	[0]		50000fa4
OBJ 50000fa4 (sz=24, trace=300000, class=java.lang.String@50000181)
	value		5000242d
OBJ 50000fa5 (sz=24, trace=300000, class=java.lang.String@50000181)
	value		5000242c
OBJ 50000fa6 (sz=24, trace=300000, class=java.lang.String@50000181)
	value		5000120a
OBJ 50000fa7 (sz=24, trace=300000, class=java.lang.String@50000181)
	value		50002375
OBJ 50000fa8 (sz=24, trace=300000, class=java.lang.String@50000181)
	value		5000242b
OBJ 50000fa9 (sz=24, trace=300000, class=java.lang.String@50000181)
	value		5000242a
OBJ 50000faa (sz=24, trace=300000, class=java.lang.String@50000181)
	value		50002429
OBJ 50000fab (sz=24, trace=300000, class=java.lang.String@50000181)
	value		50002428
OBJ 50000fac (sz=24, trace=300000, class=java.lang.String@50000181)
	value		50002238
OBJ 50000fad (sz=48, trace=300000, class=java.util.Properties@50000158)
	table		50000faf
OBJ 50000fae (sz=16, trace=300000, class=java.lang.Object@50000185)
ARR 50000faf (sz=400, trace=300000, nelems=89, elem type=java.util.Hashtable$Entry[]@500000d2)
	[0]		50000fb0
	[2]		50000fb1
	[5]		50000fb2
	[9]		50000fb3
	[10]		50000fb4
	[11]		50000fb5
	[13]		50000fb6
	[16]		50000fb7
	[17]		50000fb8
	[18]		50000fb9
	[19]		50000fba
	[21]		50000fbb
	[22]		50000fbc
	[24]		50000fbd
	[26]		50000fbe
	[27]		50000fbf
	[33]		50000fc0
	[38]		50000fc1
	[39]		50000fc2
	[40]		50000fc3
	[41]		50000fc4
	[44]		50000fc5
	[47]		50000fc6
	[49]		50000fc7
	[54]		50000fc8
	[57]		50000fc9
	[63]		50000fca
	[64]		50000fcb
	[65]		50000fcc
	[67]		50000fcd
	[70]		50000fce
	[72]		50000fcf
	[76]		50000fd0
	[79]		50000fd1
	[80]		50000fd2
	[81]		50000fd3
	[82]		50000fd4
	[88]		50000fd5
OBJ 50000fb0 (sz=32, trace=300000, class=java.util.Hashtable$Entry@500000d3)
	key		500010c1
	value		500010c0
OBJ 50000fb1 (sz=32, trace=300000, class=java.util.Hashtable$Entry@500000d3)
	key		500010bd
	value		500010bc
OBJ 50000fb2 (sz=32, trace=300000, class=java.util.Hashtable$Entry@500000d3)
	key		500010b9
	value		500010b8
OBJ 50000fb3 (sz=32, trace=300000, class=java.util.Hashtable$Entry@500000d3)
	key		500010b1
	value		500010b0
	next		500010af
OBJ 50000fb4 (sz=32, trace=300000, class=java.util.Hashtable$Entry@500000d3)
	key		500010ac
	value		500010ab
OBJ 50000fb5 (sz=32, trace=300000, class=java.util.Hashtable$Entry@500000d3)
	key		500010a8
	value		500010a7
OBJ 50000fb6 (sz=32, trace=300000, class=java.util.Hashtable$Entry@500000d3)
	key		500010a4
	value		500010a3
OBJ 50000fb7 (sz=32, trace=300000, class=java.util.Hashtable$Entry@500000d3)
	key		5000109c
	value		5000109b
	next		5000109a
OBJ 50000fb8 (sz=32, trace=300000, class=java.util.Hashtable$Entry@500000d3)
	key		50001097
	value		50001096
OBJ 50000fb9 (sz=32, trace=300000, class=java.util.Hashtable$Entry@500000d3)
	key		50001093
	value		50001092
OBJ 50000fba (sz=32, trace=300000, class=java.util.Hashtable$Entry@500000d3)
	key		5000108f
	value		5000108e
OBJ 50000fbb (sz=32, trace=300000, class=java.util.Hashtable$Entry@500000d3)
	key		50001087
	value		50001086
	next		50001085
OBJ 50000fbc (sz=32, trace=300000, class=java.util.Hashtable$Entry@500000d3)
	key		50001082
	value		50001081
OBJ 50000fbd (sz=32, trace=300000, class=java.util.Hashtable$Entry@500000d3)
	key		5000107a
	value		50001079
	next		50001078
OBJ 50000fbe (sz=32, trace=300000, class=java.util.Hashtable$Entry@500000d3)
	key		5000106e
	value		5000106d
	next		5000106c
OBJ 50000fbf (sz=32, trace=300000, class=java.util.Hashtable$Entry@500000d3)
	key		50001069
	value		50001068
OBJ 50000fc0 (sz=32, trace=300000, class=java.util.Hashtable$Entry@500000d3)
	key		50001061
	value		50001060
	next		5000105f
OBJ 50000fc1 (sz=32, trace=300000, class=java.util.Hashtable$Entry@500000d3)
	key		50001058
	value		50001057
	next		50001056
OBJ 50000fc2 (sz=32, trace=300000, class=java.util.Hashtable$Entry@500000d3)
	key		50001053
	value		50001052
OBJ 50000fc3 (sz=32, trace=300000, class=java.util.Hashtable$Entry@500000d3)
	key		5000104f
	value		5000104e
OBJ 50000fc4 (sz=32, trace=300000, class=java.util.Hashtable$Entry@500000d3)
	key		5000104b
	value		5000104a
OBJ 50000fc5 (sz=32, trace=300000, class=java.util.Hashtable$Entry@500000d3)
	key		50001047
	value		50001046
OBJ 50000fc6 (sz=32, trace=300000, class=java.util.Hashtable$Entry@500000d3)
	key		50001043
	value		50001042
OBJ 50000fc7 (sz=32, trace=300000, class=java.util.Hashtable$Entry@500000d3)
	key		5000103b
	value		5000103a
	next		50001039
OBJ 50000fc8 (sz=32, trace=300000, class=java.util.Hashtable$Entry@500000d3)
	key		50001036
	value		50001035
OBJ 50000fc9 (sz=32, trace=300000, class=java.util.Hashtable$Entry@500000d3)
	key		50001032
	value		50000dd4
OBJ 50000fca (sz=32, trace=300000, class=java.util.Hashtable$Entry@500000d3)
	key		5000102f
	value		5000102e
OBJ 50000fcb (sz=32, trace=300000, class=java.util.Hashtable$Entry@500000d3)
	key		5000102b
	value		5000102a
OBJ 50000fcc (sz=32, trace=300000, class=java.util.Hashtable$Entry@500000d3)
	key		50001027
	value		50001026
OBJ 50000fcd (sz=32, trace=300000, class=java.util.Hashtable$Entry@500000d3)
	key		50001020
	value		5000101f
	next		5000101e
OBJ 50000fce (sz=32, trace=300000, class=java.util.Hashtable$Entry@500000d3)
	key		50001017
	value		50001016
	next		50001015
OBJ 50000fcf (sz=32, trace=300000, class=java.util.Hashtable$Entry@500000d3)
	key		50001012
	value		50001011
OBJ 50000fd0 (sz=32, trace=300000, class=java.util.Hashtable$Entry@500000d3)
	key		5000100a
	value		50001009
	next		50001008
OBJ 50000fd1 (sz=32, trace=300000, class=java.util.Hashtable$Entry@500000d3)
	key		50000ff7
	value		50000ff6
	next		50000ff5
OBJ 50000fd2 (sz=32, trace=300000, class=java.util.Hashtable$Entry@500000d3)
	key		50000fee
	value		50000fed
	next		50000fec
OBJ 50000fd3 (sz=32, trace=300000, class=java.util.Hashtable$Entry@500000d3)
	key		50000fe9
	value		50000fe8
OBJ 50000fd4 (sz=32, trace=300000, class=java.util.Hashtable$Entry@500000d3)
	key		50000fe1
	value		50000fe0
	next		50000fdf
OBJ 50000fd5 (sz=32, trace=300000, class=java.util.Hashtable$Entry@500000d3)
	key		50000fd8
	value		50000fd7
	next		50000fd6
OBJ 50000fd6 (sz=32, trace=300000, class=java.util.Hashtable$Entry@500000d3)
	key		50000fdc
	value		50000fdb
OBJ 50000fd7 (sz=24, trace=300000, class=java.lang.String@50000181)
	value		50000fda
OBJ 50000fd8 (sz=24, trace=300000, class=java.lang.String@50000181)
	value		50000fd9
ARR 50000fd9 (sz=42, trace=300000, nelems=21, elem type=char[])
ARR 50000fda (sz=76, trace=300000, nelems=38, elem type=char[])
OBJ 50000fdb (sz=24, trace=300000, class=java.lang.String@50000181)
	value		50000fde
OBJ 50000fdc (sz=24, trace=300000, class=java.lang.String@50000181)
	value		50000fdd
ARR 50000fdd (sz=30, trace=300000, nelems=15, elem type=char[])
ARR 50000fde (sz=20, trace=300000, nelems=10, elem type=char[])
OBJ 50000fdf (sz=32, trace=300000, class=java.util.Hashtable$Entry@500000d3)
	key		50000fe5
	value		50000fe4
OBJ 50000fe0 (sz=24, trace=300000, class=java.lang.String@50000181)
	value		50000fe3
OBJ 50000fe1 (sz=24, trace=300000, class=java.lang.String@50000181)
	value		50000fe2
ARR 50000fe2 (sz=28, trace=300000, nelems=14, elem type=char[])
ARR 50000fe3 (sz=36, trace=300000, nelems=18, elem type=char[])
OBJ 50000fe4 (sz=24, trace=300000, class=java.lang.String@50000181)
	value		50000fe7
OBJ 50000fe5 (sz=24, trace=300000, class=java.lang.String@50000181)
	value		50000fe6
ARR 50000fe6 (sz=30, trace=300000, nelems=15, elem type=char[])
ARR 50000fe7 (sz=46, trace=300000, nelems=23, elem type=char[])
OBJ 50000fe8 (sz=24, trace=300000, class=java.lang.String@50000181)
	value		50000feb
OBJ 50000fe9 (sz=24, trace=300000, class=java.lang.String@50000181)
	value		50000fea
ARR 50000fea (sz=28, trace=300000, nelems=14, elem type=char[])
ARR 50000feb (sz=2, trace=300000, nelems=1, elem type=char[])
OBJ 50000fec (sz=32, trace=300000, class=java.util.Hashtable$Entry@500000d3)
	key		50000ff2
	value		50000ff1
OBJ 50000fed (sz=24, trace=300000, class=java.lang.String@50000181)
	value		50000ff0
OBJ 50000fee (sz=24, trace=300000, class=java.lang.String@50000181)
	value		50000fef
ARR 50000fef (sz=24, trace=300000, nelems=12, elem type=char[])
ARR 50000ff0 (sz=66, trace=300000, nelems=33, elem type=char[])
OBJ 50000ff1 (sz=24, trace=300000, class=java.lang.String@50000181)
	value		50000ff4
OBJ 50000ff2 (sz=24, trace=300000, class=java.lang.String@50000181)
	value		50000ff3
ARR 50000ff3 (sz=34, trace=300000, nelems=17, elem type=char[])
ARR 50000ff4 (sz=12, trace=300000, nelems=6, elem type=char[])
OBJ 50000ff5 (sz=32, trace=300000, class=java.util.Hashtable$Entry@500000d3)
	key		50000ffc
	value		50000ffb
	next		50000ffa
OBJ 50000ff6 (sz=24, trace=300000, class=java.lang.String@50000181)
	value		50000ff9
OBJ 50000ff7 (sz=24, trace=300000, class=java.lang.String@50000181)
	value		50000ff8
ARR 50000ff8 (sz=22, trace=300000, nelems=11, elem type=char[])
ARR 50000ff9 (sz=0, trace=300000, nelems=0, elem type=char[])
OBJ 50000ffa (sz=32, trace=300000, class=java.util.Hashtable$Entry@500000d3)
	key		50001001
	value		50001000
	next		50000fff
OBJ 50000ffb (sz=24, trace=300000, class=java.lang.String@50000181)
	value		50000ffe
OBJ 50000ffc (sz=24, trace=300000, class=java.lang.String@50000181)
	value		50000ffd
ARR 50000ffd (sz=24, trace=300000, nelems=12, elem type=char[])
ARR 50000ffe (sz=4, trace=300000, nelems=2, elem type=char[])
OBJ 50000fff (sz=32, trace=300000, class=java.util.Hashtable$Entry@500000d3)
	key		50001005
	value		50001004
OBJ 50001000 (sz=24, trace=300000, class=java.lang.String@50000181)
	value		50001003
OBJ 50001001 (sz=24, trace=300000, class=java.lang.String@50000181)
	value		50001002
ARR 50001002 (sz=34, trace=300000, nelems=17, elem type=char[])
ARR 50001003 (sz=24, trace=300000, nelems=12, elem type=char[])
OBJ 50001004 (sz=24, trace=300000, class=java.lang.String@50000181)
	value		50001007
OBJ 50001005 (sz=24, trace=300000, class=java.lang.String@50000181)
	value		50001006
ARR 50001006 (sz=36, trace=300000, nelems=18, elem type=char[])
ARR 50001007 (sz=28, trace=300000, nelems=14, elem type=char[])
OBJ 50001008 (sz=32, trace=300000, class=java.util.Hashtable$Entry@500000d3)
	key		5000100e
	value		5000100d
OBJ 50001009 (sz=24, trace=300000, class=java.lang.String@50000181)
	value		5000100c
OBJ 5000100a (sz=24, trace=300000, class=java.lang.String@50000181)
	value		5000100b
ARR 5000100b (sz=52, trace=300000, nelems=26, elem type=char[])
ARR 5000100c (sz=68, trace=300000, nelems=34, elem type=char[])
OBJ 5000100d (sz=24, trace=300000, class=java.lang.String@50000181)
	value		50001010
OBJ 5000100e (sz=24, trace=300000, class=java.lang.String@50000181)
	value		5000100f
ARR 5000100f (sz=16, trace=300000, nelems=8, elem type=char[])
ARR 50001010 (sz=128, trace=300000, nelems=64, elem type=char[])
OBJ 50001011 (sz=24, trace=300000, class=java.lang.String@50000181)
	value		50001014
OBJ 50001012 (sz=24, trace=300000, class=java.lang.String@50000181)
	value		50001013
ARR 50001013 (sz=40, trace=300000, nelems=20, elem type=char[])
ARR 50001014 (sz=64, trace=300000, nelems=32, elem type=char[])
OBJ 50001015 (sz=32, trace=300000, class=java.util.Hashtable$Entry@500000d3)
	key		5000101b
	value		5000101a
OBJ 50001016 (sz=24, trace=300000, class=java.lang.String@50000181)
	value		50001019
OBJ 50001017 (sz=24, trace=300000, class=java.lang.String@50000181)
	value		50001018
ARR 50001018 (sz=36, trace=300000, nelems=18, elem type=char[])
ARR 50001019 (sz=94, trace=300000, nelems=47, elem type=char[])
OBJ 5000101a (sz=24, trace=300000, class=java.lang.String@50000181)
	value		5000101d
OBJ 5000101b (sz=24, trace=300000, class=java.lang.String@50000181)
	value		5000101c
ARR 5000101c (sz=14, trace=300000, nelems=7, elem type=char[])
ARR 5000101d (sz=10, trace=300000, nelems=5, elem type=char[])
OBJ 5000101e (sz=32, trace=300000, class=java.util.Hashtable$Entry@500000d3)
	key		50001023
	value		50000eee
OBJ 5000101f (sz=24, trace=300000, class=java.lang.String@50000181)
	value		50001022
OBJ 50001020 (sz=24, trace=300000, class=java.lang.String@50000181)
	value		50001021
ARR 50001021 (sz=28, trace=300000, nelems=14, elem type=char[])
ARR 50001022 (sz=80, trace=300000, nelems=40, elem type=char[])
OBJ 50001023 (sz=24, trace=300000, class=java.lang.String@50000181)
	value		50001024
ARR 50001024 (sz=28, trace=300000, nelems=14, elem type=char[])
ARR 50001025 (sz=4, trace=300000, nelems=2, elem type=char[])
OBJ 50001026 (sz=24, trace=300000, class=java.lang.String@50000181)
	value		50001029
OBJ 50001027 (sz=24, trace=300000, class=java.lang.String@50000181)
	value		50001028
ARR 50001028 (sz=56, trace=300000, nelems=28, elem type=char[])
ARR 50001029 (sz=36, trace=300000, nelems=18, elem type=char[])
OBJ 5000102a (sz=24, trace=300000, class=java.lang.String@50000181)
	value		5000102d
OBJ 5000102b (sz=24, trace=300000, class=java.lang.String@50000181)
	value		5000102c
ARR 5000102c (sz=24, trace=300000, nelems=12, elem type=char[])
ARR 5000102d (sz=0, trace=300000, nelems=0, elem type=char[])
OBJ 5000102e (sz=24, trace=300000, class=java.lang.String@50000181)
	value		50001031
OBJ 5000102f (sz=24, trace=300000, class=java.lang.String@50000181)
	value		50001030
ARR 50001030 (sz=14, trace=300000, nelems=7, elem type=char[])
ARR 50001031 (sz=18, trace=300000, nelems=9, elem type=char[])
OBJ 50001032 (sz=24, trace=300000, class=java.lang.String@50000181)
	value		50001033
ARR 50001033 (sz=32, trace=300000, nelems=16, elem type=char[])
ARR 50001034 (sz=6, trace=300000, nelems=3, elem type=char[])
OBJ 50001035 (sz=24, trace=300000, class=java.lang.String@50000181)
	value		50001038
OBJ 50001036 (sz=24, trace=300000, class=java.lang.String@50000181)
	value		50001037
ARR 50001037 (sz=34, trace=300000, nelems=17, elem type=char[])
ARR 50001038 (sz=2236, trace=300000, nelems=1118, elem type=char[])
OBJ 50001039 (sz=32, trace=300000, class=java.util.Hashtable$Entry@500000d3)
	key		5000103f
	value		5000103e
OBJ 5000103a (sz=24, trace=300000, class=java.lang.String@50000181)
	value		5000103d
OBJ 5000103b (sz=24, trace=300000, class=java.lang.String@50000181)
	value		5000103c
ARR 5000103c (sz=46, trace=300000, nelems=23, elem type=char[])
ARR 5000103d (sz=62, trace=300000, nelems=31, elem type=char[])
OBJ 5000103e (sz=24, trace=300000, class=java.lang.String@50000181)
	value		50001041
OBJ 5000103f (sz=24, trace=300000, class=java.lang.String@50000181)
	value		50001040
ARR 50001040 (sz=36, trace=300000, nelems=18, elem type=char[])
ARR 50001041 (sz=8, trace=300000, nelems=4, elem type=char[])
OBJ 50001042 (sz=24, trace=300000, class=java.lang.String@50000181)
	value		50001045
OBJ 50001043 (sz=24, trace=300000, class=java.lang.String@50000181)
	value		50001044
ARR 50001044 (sz=46, trace=300000, nelems=23, elem type=char[])
ARR 50001045 (sz=62, trace=300000, nelems=31, elem type=char[])
OBJ 50001046 (sz=24, trace=300000, class=java.lang.String@50000181)
	value		50001049
OBJ 50001047 (sz=24, trace=300000, class=java.lang.String@50000181)
	value		50001048
ARR 50001048 (sz=20, trace=300000, nelems=10, elem type=char[])
ARR 50001049 (sz=6, trace=300000, nelems=3, elem type=char[])
OBJ 5000104a (sz=24, trace=300000, class=java.lang.String@50000181)
	value		5000104d
OBJ 5000104b (sz=24, trace=300000, class=java.lang.String@50000181)
	value		5000104c
ARR 5000104c (sz=18, trace=300000, nelems=9, elem type=char[])
ARR 5000104d (sz=50, trace=300000, nelems=25, elem type=char[])
OBJ 5000104e (sz=24, trace=300000, class=java.lang.String@50000181)
	value		50001051
OBJ 5000104f (sz=24, trace=300000, class=java.lang.String@50000181)
	value		50001050
ARR 50001050 (sz=26, trace=300000, nelems=13, elem type=char[])
ARR 50001051 (sz=0, trace=300000, nelems=0, elem type=char[])
OBJ 50001052 (sz=24, trace=300000, class=java.lang.String@50000181)
	value		50001055
OBJ 50001053 (sz=24, trace=300000, class=java.lang.String@50000181)
	value		50001054
ARR 50001054 (sz=38, trace=300000, nelems=19, elem type=char[])
ARR 50001055 (sz=54, trace=300000, nelems=27, elem type=char[])
OBJ 50001056 (sz=32, trace=300000, class=java.util.Hashtable$Entry@500000d3)
	key		5000105c
	value		5000105b
OBJ 50001057 (sz=24, trace=300000, class=java.lang.String@50000181)
	value		5000105a
OBJ 50001058 (sz=24, trace=300000, class=java.lang.String@50000181)
	value		50001059
ARR 50001059 (sz=26, trace=300000, nelems=13, elem type=char[])
ARR 5000105a (sz=6, trace=300000, nelems=3, elem type=char[])
OBJ 5000105b (sz=24, trace=300000, class=java.lang.String@50000181)
	value		5000105e
OBJ 5000105c (sz=24, trace=300000, class=java.lang.String@50000181)
	value		5000105d
ARR 5000105d (sz=52, trace=300000, nelems=26, elem type=char[])
ARR 5000105e (sz=6, trace=300000, nelems=3, elem type=char[])
OBJ 5000105f (sz=32, trace=300000, class=java.util.Hashtable$Entry@500000d3)
	key		50001065
	value		50001064
OBJ 50001060 (sz=24, trace=300000, class=java.lang.String@50000181)
	value		50001063
OBJ 50001061 (sz=24, trace=300000, class=java.lang.String@50000181)
	value		50001062
ARR 50001062 (sz=18, trace=300000, nelems=9, elem type=char[])
ARR 50001063 (sz=26, trace=300000, nelems=13, elem type=char[])
OBJ 50001064 (sz=24, trace=300000, class=java.lang.String@50000181)
	value		50001067
OBJ 50001065 (sz=24, trace=300000, class=java.lang.String@50000181)
	value		50001066
ARR 50001066 (sz=30, trace=300000, nelems=15, elem type=char[])
ARR 50001067 (sz=190, trace=300000, nelems=95, elem type=char[])
OBJ 50001068 (sz=24, trace=300000, class=java.lang.String@50000181)
	value		5000106b
OBJ 50001069 (sz=24, trace=300000, class=java.lang.String@50000181)
	value		5000106a
ARR 5000106a (sz=58, trace=300000, nelems=29, elem type=char[])
ARR 5000106b (sz=6, trace=300000, nelems=3, elem type=char[])
OBJ 5000106c (sz=32, trace=300000, class=java.util.Hashtable$Entry@500000d3)
	key		50001072
	value		50000f26
	next		50001071
OBJ 5000106d (sz=24, trace=300000, class=java.lang.String@50000181)
	value		50001070
OBJ 5000106e (sz=24, trace=300000, class=java.lang.String@50000181)
	value		5000106f
ARR 5000106f (sz=38, trace=300000, nelems=19, elem type=char[])
ARR 50001070 (sz=4, trace=300000, nelems=2, elem type=char[])
OBJ 50001071 (sz=32, trace=300000, class=java.util.Hashtable$Entry@500000d3)
	key		50001075
	value		50001074
OBJ 50001072 (sz=24, trace=300000, class=java.lang.String@50000181)
	value		50001073
ARR 50001073 (sz=18, trace=300000, nelems=9, elem type=char[])
OBJ 50001074 (sz=24, trace=300000, class=java.lang.String@50000181)
	value		50001077
OBJ 50001075 (sz=24, trace=300000, class=java.lang.String@50000181)
	value		50001076
ARR 50001076 (sz=32, trace=300000, nelems=16, elem type=char[])
ARR 50001077 (sz=30, trace=300000, nelems=15, elem type=char[])
OBJ 50001078 (sz=32, trace=300000, class=java.util.Hashtable$Entry@500000d3)
	key		5000107e
	value		5000107d
OBJ 50001079 (sz=24, trace=300000, class=java.lang.String@50000181)
	value		5000107c
OBJ 5000107a (sz=24, trace=300000, class=java.lang.String@50000181)
	value		5000107b
ARR 5000107b (sz=50, trace=300000, nelems=25, elem type=char[])
ARR 5000107c (sz=36, trace=300000, nelems=18, elem type=char[])
OBJ 5000107d (sz=24, trace=300000, class=java.lang.String@50000181)
	value		50001080
OBJ 5000107e (sz=24, trace=300000, class=java.lang.String@50000181)
	value		5000107f
ARR 5000107f (sz=26, trace=300000, nelems=13, elem type=char[])
ARR 50001080 (sz=4, trace=300000, nelems=2, elem type=char[])
OBJ 50001081 (sz=24, trace=300000, class=java.lang.String@50000181)
	value		50001084
OBJ 50001082 (sz=24, trace=300000, class=java.lang.String@50000181)
	value		50001083
ARR 50001083 (sz=22, trace=300000, nelems=11, elem type=char[])
ARR 50001084 (sz=48, trace=300000, nelems=24, elem type=char[])
OBJ 50001085 (sz=32, trace=300000, class=java.util.Hashtable$Entry@500000d3)
	key		5000108b
	value		5000108a
OBJ 50001086 (sz=24, trace=300000, class=java.lang.String@50000181)
	value		50001089
OBJ 50001087 (sz=24, trace=300000, class=java.lang.String@50000181)
	value		50001088
ARR 50001088 (sz=24, trace=300000, nelems=12, elem type=char[])
ARR 50001089 (sz=38, trace=300000, nelems=19, elem type=char[])
OBJ 5000108a (sz=24, trace=300000, class=java.lang.String@50000181)
	value		5000108d
OBJ 5000108b (sz=24, trace=300000, class=java.lang.String@50000181)
	value		5000108c
ARR 5000108c (sz=54, trace=300000, nelems=27, elem type=char[])
ARR 5000108d (sz=4, trace=300000, nelems=2, elem type=char[])
OBJ 5000108e (sz=24, trace=300000, class=java.lang.String@50000181)
	value		50001091
OBJ 5000108f (sz=24, trace=300000, class=java.lang.String@50000181)
	value		50001090
ARR 50001090 (sz=24, trace=300000, nelems=12, elem type=char[])
ARR 50001091 (sz=18, trace=300000, nelems=9, elem type=char[])
OBJ 50001092 (sz=24, trace=300000, class=java.lang.String@50000181)
	value		50001095
OBJ 50001093 (sz=24, trace=300000, class=java.lang.String@50000181)
	value		50001094
ARR 50001094 (sz=26, trace=300000, nelems=13, elem type=char[])
ARR 50001095 (sz=140, trace=300000, nelems=70, elem type=char[])
OBJ 50001096 (sz=24, trace=300000, class=java.lang.String@50000181)
	value		50001099
OBJ 50001097 (sz=24, trace=300000, class=java.lang.String@50000181)
	value		50001098
ARR 50001098 (sz=38, trace=300000, nelems=19, elem type=char[])
ARR 50001099 (sz=778, trace=300000, nelems=389, elem type=char[])
OBJ 5000109a (sz=32, trace=300000, class=java.util.Hashtable$Entry@500000d3)
	key		500010a0
	value		5000109f
OBJ 5000109b (sz=24, trace=300000, class=java.lang.String@50000181)
	value		5000109e
OBJ 5000109c (sz=24, trace=300000, class=java.lang.String@50000181)
	value		5000109d
ARR 5000109d (sz=38, trace=300000, nelems=19, elem type=char[])
ARR 5000109e (sz=10, trace=300000, nelems=5, elem type=char[])
OBJ 5000109f (sz=24, trace=300000, class=java.lang.String@50000181)
	value		500010a2
OBJ 500010a0 (sz=24, trace=300000, class=java.lang.String@50000181)
	value		500010a1
ARR 500010a1 (sz=22, trace=300000, nelems=11, elem type=char[])
ARR 500010a2 (sz=36, trace=300000, nelems=18, elem type=char[])
OBJ 500010a3 (sz=24, trace=300000, class=java.lang.String@50000181)
	value		500010a6
OBJ 500010a4 (sz=24, trace=300000, class=java.lang.String@50000181)
	value		500010a5
ARR 500010a5 (sz=28, trace=300000, nelems=14, elem type=char[])
ARR 500010a6 (sz=2, trace=300000, nelems=1, elem type=char[])
OBJ 500010a7 (sz=24, trace=300000, class=java.lang.String@50000181)
	value		500010aa
OBJ 500010a8 (sz=24, trace=300000, class=java.lang.String@50000181)
	value		500010a9
ARR 500010a9 (sz=38, trace=300000, nelems=19, elem type=char[])
ARR 500010aa (sz=70, trace=300000, nelems=35, elem type=char[])
OBJ 500010ab (sz=24, trace=300000, class=java.lang.String@50000181)
	value		500010ae
OBJ 500010ac (sz=24, trace=300000, class=java.lang.String@50000181)
	value		500010ad
ARR 500010ad (sz=62, trace=300000, nelems=31, elem type=char[])
ARR 500010ae (sz=10, trace=300000, nelems=5, elem type=char[])
OBJ 500010af (sz=32, trace=300000, class=java.util.Hashtable$Entry@500000d3)
	key		500010b5
	value		500010b4
OBJ 500010b0 (sz=24, trace=300000, class=java.lang.String@50000181)
	value		500010b3
OBJ 500010b1 (sz=24, trace=300000, class=java.lang.String@50000181)
	value		500010b2
ARR 500010b2 (sz=28, trace=300000, nelems=14, elem type=char[])
ARR 500010b3 (sz=12, trace=300000, nelems=6, elem type=char[])
OBJ 500010b4 (sz=24, trace=300000, class=java.lang.String@50000181)
	value		500010b7
OBJ 500010b5 (sz=24, trace=300000, class=java.lang.String@50000181)
	value		500010b6
ARR 500010b6 (sz=46, trace=300000, nelems=23, elem type=char[])
ARR 500010b7 (sz=26, trace=300000, nelems=13, elem type=char[])
OBJ 500010b8 (sz=24, trace=300000, class=java.lang.String@50000181)
	value		500010bb
OBJ 500010b9 (sz=24, trace=300000, class=java.lang.String@50000181)
	value		500010ba
ARR 500010ba (sz=38, trace=300000, nelems=19, elem type=char[])
ARR 500010bb (sz=10, trace=300000, nelems=5, elem type=char[])
OBJ 500010bc (sz=24, trace=300000, class=java.lang.String@50000181)
	value		500010bf
OBJ 500010bd (sz=24, trace=300000, class=java.lang.String@50000181)
	value		500010be
ARR 500010be (sz=22, trace=300000, nelems=11, elem type=char[])
ARR 500010bf (sz=14, trace=300000, nelems=7, elem type=char[])
OBJ 500010c0 (sz=24, trace=300000, class=java.lang.String@50000181)
	value		500010c3
OBJ 500010c1 (sz=24, trace=300000, class=java.lang.String@50000181)
	value		500010c2
ARR 500010c2 (sz=30, trace=300000, nelems=15, elem type=char[])
ARR 500010c3 (sz=10, trace=300000, nelems=5, elem type=char[])
ARR 500010c4 (sz=32, trace=300000, nelems=16, elem type=char[])
OBJ 500010c5 (sz=24, trace=300000, class=java.util.Collections$EmptyMap@500000ea)
OBJ 500010c6 (sz=16, trace=300000, class=java.util.Collections$EmptyList@500000ec)
OBJ 500010c7 (sz=16, trace=300000, class=java.util.Collections$EmptySet@500000ed)
OBJ 500010c8 (sz=24, trace=300000, class=java.lang.String@50000181)
	value		500010cc
OBJ 500010c9 (sz=16, trace=300000, class=java.lang.Boolean@50000125)
OBJ 500010ca (sz=16, trace=300000, class=java.lang.Boolean@50000125)
ARR 500010cb (sz=8, trace=300000, nelems=4, elem type=char[])
ARR 500010cc (sz=14, trace=300000, nelems=7, elem type=char[])
OBJ 500010cd (sz=24, trace=300000, class=java.lang.String@50000181)
	value		500010ce
ARR 500010ce (sz=12, trace=300000, nelems=6, elem type=char[])
OBJ 500010cf (sz=24, trace=300000, class=java.lang.String@50000181)
	value		500010d0
ARR 500010d0 (sz=70, trace=300000, nelems=35, elem type=char[])
OBJ 500010d1 (sz=24, trace=300000, class=java.lang.String@50000181)
	value		50002427
OBJ 500010d2 (sz=24, trace=300000, class=java.lang.String@50000181)
	value		50002426
ARR 500010d3 (sz=24, trace=300000, nelems=1, elem type=java.lang.String[]@500000db)
	[0]		50000fd7
ARR 500010d4 (sz=152, trace=300000, nelems=33, elem type=java.lang.String[]@500000db)
	[0]		500023d7
	[1]		500023d8
	[2]		500023d9
	[3]		500023da
	[4]		500023db
	[5]		500023dc
	[6]		500023dd
	[7]		500023de
	[8]		500023df
	[9]		500023e0
	[10]		500023e1
	[11]		500023e2
	[12]		500023e3
	[13]		500023e4
	[14]		500023e5
	[15]		500023e6
	[16]		500023e7
	[17]		500023e8
	[18]		500023e9
	[19]		500023ea
	[20]		500023eb
	[21]		500023ec
	[22]		500023ed
	[23]		500023ee
	[24]		500023ef
	[25]		500023f0
	[26]		500023f1
	[27]		500023f2
	[28]		500023f3
	[29]		500023f4
	[30]		500023f5
	[31]		500023f6
	[32]		500023f7
OBJ 500010d5 (sz=32, trace=300000, class=java.util.Stack@500000f6)
	elementData	500023d6
OBJ 500010d6 (sz=32, trace=300000, class=java.util.Vector@500000f7)
	elementData	500023d4
OBJ 500010d7 (sz=32, trace=300000, class=java.util.Vector@500000f7)
	elementData	500023d3
ARR 500010d8 (sz=16, trace=300000, nelems=0, elem type=java.security.cert.Certificate[]@500000fe)
OBJ 500010d9 (sz=48, trace=300000, class=sun.misc.URLClassPath@50000004)
	path		500023c1
	urls		500023c0
	loaders		500023bf
	lmap		500023be
	jarHandler	500023bd
OBJ 500010da (sz=48, trace=300000, class=java.util.WeakHashMap@500000ba)
	table		500023d1
	queue		500023d0
OBJ 500010db (sz=40, trace=300000, class=java.security.AccessControlContext@50000172)
OBJ 500010dc (sz=48, trace=300000, class=java.util.HashMap@500000d9)
OBJ 500010dd (sz=16, trace=300000, class=java.lang.Object@50000185)
OBJ 500010de (sz=32, trace=300000, class=java.util.Vector@500000f7)
	elementData	500023bc
OBJ 500010df (sz=48, trace=300000, class=java.util.HashMap@500000d9)
OBJ 500010e0 (sz=24, trace=300000, class=java.util.Collections$SynchronizedSet@50000092)
	c		500023ba
	mutex		500010e0
OBJ 500010e1 (sz=40, trace=300000, class=java.security.ProtectionDomain@50000173)
	codesource	500023b9
	classloader	50000dd5
	principals	500023b8
	key		500023b7
OBJ 500010e2 (sz=32, trace=300000, class=java.util.Vector@500000f7)
	elementData	500023b6
OBJ 500010e3 (sz=64, trace=300000, class=java.util.concurrent.ConcurrentHashMap@5000002a)
OBJ 500010e4 (sz=64, trace=300000, class=java.util.concurrent.ConcurrentHashMap@5000002a)
	table		500003c0
OBJ 500010e5 (sz=48, trace=300000, class=java.util.WeakHashMap@500000ba)
	table		500023aa
	queue		500023a9
OBJ 500010e6 (sz=40, trace=300000, class=java.security.AccessControlContext@50000172)
OBJ 500010e7 (sz=48, trace=300000, class=sun.misc.URLClassPath@50000004)
	path		50002382
	urls		50002381
	loaders		50002380
	lmap		5000237f
	jarHandler	5000237e
OBJ 500010e8 (sz=48, trace=300000, class=java.util.HashMap@500000d9)
OBJ 500010e9 (sz=16, trace=300000, class=java.lang.Object@50000185)
OBJ 500010ea (sz=32, trace=300000, class=java.util.Vector@500000f7)
	elementData	5000237d
OBJ 500010eb (sz=48, trace=300000, class=java.util.HashMap@500000d9)
OBJ 500010ec (sz=24, trace=300000, class=java.util.Collections$SynchronizedSet@50000092)
	c		5000237a
	mutex		500010ec
OBJ 500010ed (sz=40, trace=300000, class=java.security.ProtectionDomain@50000173)
	codesource	5000121f
	classloader	50000dd7
	principals	5000121e
	key		5000121d
OBJ 500010ee (sz=32, trace=300000, class=java.util.Vector@500000f7)
	elementData	5000121c
OBJ 500010ef (sz=64, trace=300000, class=java.util.concurrent.ConcurrentHashMap@5000002a)
OBJ 500010f0 (sz=64, trace=300000, class=java.util.concurrent.ConcurrentHashMap@5000002a)
	table		500003c3
OBJ 500010f1 (sz=24, trace=300000, class=java.lang.String@50000181)
	value		500010f2
ARR 500010f2 (sz=62, trace=300000, nelems=31, elem type=char[])
OBJ 500010f3 (sz=24, trace=300000, class=java.lang.String@50000181)
	value		50001213
OBJ 500010f4 (sz=24, trace=300000, class=java.lang.String@50000181)
	value		50001100
OBJ 500010f5 (sz=24, trace=300000, class=java.lang.String@50000181)
	value		50001215
OBJ 500010f6 (sz=24, trace=300000, class=java.lang.String@50000181)
	value		5000121b
OBJ 500010f7 (sz=24, trace=300000, class=java.lang.String@50000181)
	value		5000121a
OBJ 500010f8 (sz=24, trace=300000, class=java.lang.String@50000181)
	value		50001219
OBJ 500010f9 (sz=24, trace=300000, class=java.lang.String@50000181)
	value		50001218
OBJ 500010fa (sz=24, trace=300000, class=java.lang.String@50000181)
	value		50001217
ARR 500010fb (sz=32, trace=300000, nelems=3, elem type=java.io.ObjectStreamField[]@5000010e)
	[0]		500010fc
	[1]		500010fd
	[2]		500010fe
OBJ 500010fc (sz=40, trace=300000, class=java.io.ObjectStreamField@50000110)
	name		500010f5
	signature	50001214
	type		50000024
OBJ 500010fd (sz=40, trace=300000, class=java.io.ObjectStreamField@50000110)
	name		500010f3
	signature	500010ff
	type		50000eb6
OBJ 500010fe (sz=40, trace=300000, class=java.io.ObjectStreamField@50000110)
	name		500010f4
	signature	500010ff
	type		50000eb6
OBJ 500010ff (sz=24, trace=300000, class=java.lang.String@50000181)
	value		50001101
ARR 50001100 (sz=24, trace=300000, nelems=12, elem type=char[])
ARR 50001101 (sz=2, trace=300000, nelems=1, elem type=char[])
ARR 50001102 (sz=6, trace=300000, nelems=3, elem type=char[])
OBJ 50001103 (sz=24, trace=300000, class=java.lang.String@50000181)
	value		5000120e
OBJ 50001104 (sz=24, trace=300000, class=java.lang.String@50000181)
	value		5000120d
ARR 50001105 (sz=40, trace=300000, nelems=10, elem type=int[])
ARR 50001106 (sz=200, trace=300000, nelems=100, elem type=char[])
ARR 50001107 (sz=200, trace=300000, nelems=100, elem type=char[])
ARR 50001108 (sz=72, trace=300000, nelems=36, elem type=char[])
ARR 50001109 (sz=1040, trace=300000, nelems=256, elem type=java.lang.Integer[]@5000004b)
	[0]		5000110a
	[1]		5000110b
	[2]		5000110c
	[3]		5000110d
	[4]		5000110e
	[5]		5000110f
	[6]		50001110
	[7]		50001111
	[8]		50001112
	[9]		50001113
	[10]		50001114
	[11]		50001115
	[12]		50001116
	[13]		50001117
	[14]		50001118
	[15]		50001119
	[16]		5000111a
	[17]		5000111b
	[18]		5000111c
	[19]		5000111d
	[20]		5000111e
	[21]		5000111f
	[22]		50001120
	[23]		50001121
	[24]		50001122
	[25]		50001123
	[26]		50001124
	[27]		50001125
	[28]		50001126
	[29]		50001127
	[30]		50001128
	[31]		50001129
	[32]		5000112a
	[33]		5000112b
	[34]		5000112c
	[35]		5000112d
	[36]		5000112e
	[37]		5000112f
	[38]		50001130
	[39]		50001131
	[40]		50001132
	[41]		50001133
	[42]		50001134
	[43]		50001135
	[44]		50001136
	[45]		50001137
	[46]		50001138
	[47]		50001139
	[48]		5000113a
	[49]		5000113b
	[50]		5000113c
	[51]		5000113d
	[52]		5000113e
	[53]		5000113f
	[54]		50001140
	[55]		50001141
	[56]		50001142
	[57]		50001143
	[58]		50001144
	[59]		50001145
	[60]		50001146
	[61]		50001147
	[62]		50001148
	[63]		50001149
	[64]		5000114a
	[65]		5000114b
	[66]		5000114c
	[67]		5000114d
	[68]		5000114e
	[69]		5000114f
	[70]		50001150
	[71]		50001151
	[72]		50001152
	[73]		50001153
	[74]		50001154
	[75]		50001155
	[76]		50001156
	[77]		50001157
	[78]		50001158
	[79]		50001159
	[80]		5000115a
	[81]		5000115b
	[82]		5000115c
	[83]		5000115d
	[84]		5000115e
	[85]		5000115f
	[86]		50001160
	[87]		50001161
	[88]		50001162
	[89]		50001163
	[90]		50001164
	[91]		50001165
	[92]		50001166
	[93]		50001167
	[94]		50001168
	[95]		50001169
	[96]		5000116a
	[97]		5000116b
	[98]		5000116c
	[99]		5000116d
	[100]		5000116e
	[101]		5000116f
	[102]		50001170
	[103]		50001171
	[104]		50001172
	[105]		50001173
	[106]		50001174
	[107]		50001175
	[108]		50001176
	[109]		50001177
	[110]		50001178
	[111]		50001179
	[112]		5000117a
	[113]		5000117b
	[114]		5000117c
	[115]		5000117d
	[116]		5000117e
	[117]		5000117f
	[118]		50001180
	[119]		50001181
	[120]		50001182
	[121]		50001183
	[122]		50001184
	[123]		50001185
	[124]		50001186
	[125]		50001187
	[126]		50001188
	[127]		50001189
	[128]		5000118a
	[129]		5000118b
	[130]		5000118c
	[131]		5000118d
	[132]		5000118e
	[133]		5000118f
	[134]		50001190
	[135]		50001191
	[136]		50001192
	[137]		50001193
	[138]		50001194
	[139]		50001195
	[140]		50001196
	[141]		50001197
	[142]		50001198
	[143]		50001199
	[144]		5000119a
	[145]		5000119b
	[146]		5000119c
	[147]		5000119d
	[148]		5000119e
	[149]		5000119f
	[150]		500011a0
	[151]		500011a1
	[152]		500011a2
	[153]		500011a3
	[154]		500011a4
	[155]		500011a5
	[156]		500011a6
	[157]		500011a7
	[158]		500011a8
	[159]		500011a9
	[160]		500011aa
	[161]		500011ab
	[162]		500011ac
	[163]		500011ad
	[164]		500011ae
	[165]		500011af
	[166]		500011b0
	[167]		500011b1
	[168]		500011b2
	[169]		500011b3
	[170]		500011b4
	[171]		500011b5
	[172]		500011b6
	[173]		500011b7
	[174]		500011b8
	[175]		500011b9
	[176]		500011ba
	[177]		500011bb
	[178]		500011bc
	[179]		500011bd
	[180]		500011be
	[181]		500011bf
	[182]		500011c0
	[183]		500011c1
	[184]		500011c2
	[185]		500011c3
	[186]		500011c4
	[187]		500011c5
	[188]		500011c6
	[189]		500011c7
	[190]		500011c8
	[191]		500011c9
	[192]		500011ca
	[193]		500011cb
	[194]		500011cc
	[195]		500011cd
	[196]		500011ce
	[197]		500011cf
	[198]		500011d0
	[199]		500011d1
	[200]		500011d2
	[201]		500011d3
	[202]		500011d4
	[203]		500011d5
	[204]		500011d6
	[205]		500011d7
	[206]		500011d8
	[207]		500011d9
	[208]		500011da
	[209]		500011db
	[210]		500011dc
	[211]		500011dd
	[212]		500011de
	[213]		500011df
	[214]		500011e0
	[215]		500011e1
	[216]		500011e2
	[217]		500011e3
	[218]		500011e4
	[219]		500011e5
	[220]		500011e6
	[221]		500011e7
	[222]		500011e8
	[223]		500011e9
	[224]		500011ea
	[225]		500011eb
	[226]		500011ec
	[227]		500011ed
	[228]		500011ee
	[229]		500011ef
	[230]		500011f0
	[231]		500011f1
	[232]		500011f2
	[233]		500011f3
	[234]		500011f4
	[235]		500011f5
	[236]		500011f6
	[237]		500011f7
	[238]		500011f8
	[239]		500011f9
	[240]		500011fa
	[241]		500011fb
	[242]		500011fc
	[243]		500011fd
	[244]		500011fe
	[245]		500011ff
	[246]		50001200
	[247]		50001201
	[248]		50001202
	[249]		50001203
	[250]		50001204
	[251]		50001205
	[252]		50001206
	[253]		50001207
	[254]		50001208
	[255]		50001209
OBJ 5000110a (sz=16, trace=300000, class=java.lang.Integer@5000011e)
OBJ 5000110b (sz=16, trace=300000, class=java.lang.Integer@5000011e)
OBJ 5000110c (sz=16, trace=300000, class=java.lang.Integer@5000011e)
OBJ 5000110d (sz=16, trace=300000, class=java.lang.Integer@5000011e)
OBJ 5000110e (sz=16, trace=300000, class=java.lang.Integer@5000011e)
OBJ 5000110f (sz=16, trace=300000, class=java.lang.Integer@5000011e)
OBJ 50001110 (sz=16, trace=300000, class=java.lang.Integer@5000011e)
OBJ 50001111 (sz=16, trace=300000, class=java.lang.Integer@5000011e)
OBJ 50001112 (sz=16, trace=300000, class=java.lang.Integer@5000011e)
OBJ 50001113 (sz=16, trace=300000, class=java.lang.Integer@5000011e)
OBJ 50001114 (sz=16, trace=300000, class=java.lang.Integer@5000011e)
OBJ 50001115 (sz=16, trace=300000, class=java.lang.Integer@5000011e)
OBJ 50001116 (sz=16, trace=300000, class=java.lang.Integer@5000011e)
OBJ 50001117 (sz=16, trace=300000, class=java.lang.Integer@5000011e)
OBJ 50001118 (sz=16, trace=300000, class=java.lang.Integer@5000011e)
OBJ 50001119 (sz=16, trace=300000, class=java.lang.Integer@5000011e)
OBJ 5000111a (sz=16, trace=300000, class=java.lang.Integer@5000011e)
OBJ 5000111b (sz=16, trace=300000, class=java.lang.Integer@5000011e)
OBJ 5000111c (sz=16, trace=300000, class=java.lang.Integer@5000011e)
OBJ 5000111d (sz=16, trace=300000, class=java.lang.Integer@5000011e)
OBJ 5000111e (sz=16, trace=300000, class=java.lang.Integer@5000011e)
OBJ 5000111f (sz=16, trace=300000, class=java.lang.Integer@5000011e)
OBJ 50001120 (sz=16, trace=300000, class=java.lang.Integer@5000011e)
OBJ 50001121 (sz=16, trace=300000, class=java.lang.Integer@5000011e)
OBJ 50001122 (sz=16, trace=300000, class=java.lang.Integer@5000011e)
OBJ 50001123 (sz=16, trace=300000, class=java.lang.Integer@5000011e)
OBJ 50001124 (sz=16, trace=300000, class=java.lang.Integer@5000011e)
OBJ 50001125 (sz=16, trace=300000, class=java.lang.Integer@5000011e)
OBJ 50001126 (sz=16, trace=300000, class=java.lang.Integer@5000011e)
OBJ 50001127 (sz=16, trace=300000, class=java.lang.Integer@5000011e)
OBJ 50001128 (sz=16, trace=300000, class=java.lang.Integer@5000011e)
OBJ 50001129 (sz=16, trace=300000, class=java.lang.Integer@5000011e)
OBJ 5000112a (sz=16, trace=300000, class=java.lang.Integer@5000011e)
OBJ 5000112b (sz=16, trace=300000, class=java.lang.Integer@5000011e)
OBJ 5000112c (sz=16, trace=300000, class=java.lang.Integer@5000011e)
OBJ 5000112d (sz=16, trace=300000, class=java.lang.Integer@5000011e)
OBJ 5000112e (sz=16, trace=300000, class=java.lang.Integer@5000011e)
OBJ 5000112f (sz=16, trace=300000, class=java.lang.Integer@5000011e)
OBJ 50001130 (sz=16, trace=300000, class=java.lang.Integer@5000011e)
OBJ 50001131 (sz=16, trace=300000, class=java.lang.Integer@5000011e)
OBJ 50001132 (sz=16, trace=300000, class=java.lang.Integer@5000011e)
OBJ 50001133 (sz=16, trace=300000, class=java.lang.Integer@5000011e)
OBJ 50001134 (sz=16, trace=300000, class=java.lang.Integer@5000011e)
OBJ 50001135 (sz=16, trace=300000, class=java.lang.Integer@5000011e)
OBJ 50001136 (sz=16, trace=300000, class=java.lang.Integer@5000011e)
OBJ 50001137 (sz=16, trace=300000, class=java.lang.Integer@5000011e)
OBJ 50001138 (sz=16, trace=300000, class=java.lang.Integer@5000011e)
OBJ 50001139 (sz=16, trace=300000, class=java.lang.Integer@5000011e)
OBJ 5000113a (sz=16, trace=300000, class=java.lang.Integer@5000011e)
OBJ 5000113b (sz=16, trace=300000, class=java.lang.Integer@5000011e)
OBJ 5000113c (sz=16, trace=300000, class=java.lang.Integer@5000011e)
OBJ 5000113d (sz=16, trace=300000, class=java.lang.Integer@5000011e)
OBJ 5000113e (sz=16, trace=300000, class=java.lang.Integer@5000011e)
OBJ 5000113f (sz=16, trace=300000, class=java.lang.Integer@5000011e)
OBJ 50001140 (sz=16, trace=300000, class=java.lang.Integer@5000011e)
OBJ 50001141 (sz=16, trace=300000, class=java.lang.Integer@5000011e)
OBJ 50001142 (sz=16, trace=300000, class=java.lang.Integer@5000011e)
OBJ 50001143 (sz=16, trace=300000, class=java.lang.Integer@5000011e)
OBJ 50001144 (sz=16, trace=300000, class=java.lang.Integer@5000011e)
OBJ 50001145 (sz=16, trace=300000, class=java.lang.Integer@5000011e)
OBJ 50001146 (sz=16, trace=300000, class=java.lang.Integer@5000011e)
OBJ 50001147 (sz=16, trace=300000, class=java.lang.Integer@5000011e)
OBJ 50001148 (sz=16, trace=300000, class=java.lang.Integer@5000011e)
OBJ 50001149 (sz=16, trace=300000, class=java.lang.Integer@5000011e)
OBJ 5000114a (sz=16, trace=300000, class=java.lang.Integer@5000011e)
OBJ 5000114b (sz=16, trace=300000, class=java.lang.Integer@5000011e)
OBJ 5000114c (sz=16, trace=300000, class=java.lang.Integer@5000011e)
OBJ 5000114d (sz=16, trace=300000, class=java.lang.Integer@5000011e)
OBJ 5000114e (sz=16, trace=300000, class=java.lang.Integer@5000011e)
OBJ 5000114f (sz=16, trace=300000, class=java.lang.Integer@5000011e)
OBJ 50001150 (sz=16, trace=300000, class=java.lang.Integer@5000011e)
OBJ 50001151 (sz=16, trace=300000, class=java.lang.Integer@5000011e)
OBJ 50001152 (sz=16, trace=300000, class=java.lang.Integer@5000011e)
OBJ 50001153 (sz=16, trace=300000, class=java.lang.Integer@5000011e)
OBJ 50001154 (sz=16, trace=300000, class=java.lang.Integer@5000011e)
OBJ 50001155 (sz=16, trace=300000, class=java.lang.Integer@5000011e)
OBJ 50001156 (sz=16, trace=300000, class=java.lang.Integer@5000011e)
OBJ 50001157 (sz=16, trace=300000, class=java.lang.Integer@5000011e)
OBJ 50001158 (sz=16, trace=300000, class=java.lang.Integer@5000011e)
OBJ 50001159 (sz=16, trace=300000, class=java.lang.Integer@5000011e)
OBJ 5000115a (sz=16, trace=300000, class=java.lang.Integer@5000011e)
OBJ 5000115b (sz=16, trace=300000, class=java.lang.Integer@5000011e)
OBJ 5000115c (sz=16, trace=300000, class=java.lang.Integer@5000011e)
OBJ 5000115d (sz=16, trace=300000, class=java.lang.Integer@5000011e)
OBJ 5000115e (sz=16, trace=300000, class=java.lang.Integer@5000011e)
OBJ 5000115f (sz=16, trace=300000, class=java.lang.Integer@5000011e)
OBJ 50001160 (sz=16, trace=300000, class=java.lang.Integer@5000011e)
OBJ 50001161 (sz=16, trace=300000, class=java.lang.Integer@5000011e)
OBJ 50001162 (sz=16, trace=300000, class=java.lang.Integer@5000011e)
OBJ 50001163 (sz=16, trace=300000, class=java.lang.Integer@5000011e)
OBJ 50001164 (sz=16, trace=300000, class=java.lang.Integer@5000011e)
OBJ 50001165 (sz=16, trace=300000, class=java.lang.Integer@5000011e)
OBJ 50001166 (sz=16, trace=300000, class=java.lang.Integer@5000011e)
OBJ 50001167 (sz=16, trace=300000, class=java.lang.Integer@5000011e)
OBJ 50001168 (sz=16, trace=300000, class=java.lang.Integer@5000011e)
OBJ 50001169 (sz=16, trace=300000, class=java.lang.Integer@5000011e)
OBJ 5000116a (sz=16, trace=300000, class=java.lang.Integer@5000011e)
OBJ 5000116b (sz=16, trace=300000, class=java.lang.Integer@5000011e)
OBJ 5000116c (sz=16, trace=300000, class=java.lang.Integer@5000011e)
OBJ 5000116d (sz=16, trace=300000, class=java.lang.Integer@5000011e)
OBJ 5000116e (sz=16, trace=300000, class=java.lang.Integer@5000011e)
OBJ 5000116f (sz=16, trace=300000, class=java.lang.Integer@5000011e)
OBJ 50001170 (sz=16, trace=300000, class=java.lang.Integer@5000011e)
OBJ 50001171 (sz=16, trace=300000, class=java.lang.Integer@5000011e)
OBJ 50001172 (sz=16, trace=300000, class=java.lang.Integer@5000011e)
OBJ 50001173 (sz=16, trace=300000, class=java.lang.Integer@5000011e)
OBJ 50001174 (sz=16, trace=300000, class=java.lang.Integer@5000011e)
OBJ 50001175 (sz=16, trace=300000, class=java.lang.Integer@5000011e)
OBJ 50001176 (sz=16, trace=300000, class=java.lang.Integer@5000011e)
OBJ 50001177 (sz=16, trace=300000, class=java.lang.Integer@5000011e)
OBJ 50001178 (sz=16, trace=300000, class=java.lang.Integer@5000011e)
OBJ 50001179 (sz=16, trace=300000, class=java.lang.Integer@5000011e)
OBJ 5000117a (sz=16, trace=300000, class=java.lang.Integer@5000011e)
OBJ 5000117b (sz=16, trace=300000, class=java.lang.Integer@5000011e)
OBJ 5000117c (sz=16, trace=300000, class=java.lang.Integer@5000011e)
OBJ 5000117d (sz=16, trace=300000, class=java.lang.Integer@5000011e)
OBJ 5000117e (sz=16, trace=300000, class=java.lang.Integer@5000011e)
OBJ 5000117f (sz=16, trace=300000, class=java.lang.Integer@5000011e)
OBJ 50001180 (sz=16, trace=300000, class=java.lang.Integer@5000011e)
OBJ 50001181 (sz=16, trace=300000, class=java.lang.Integer@5000011e)
OBJ 50001182 (sz=16, trace=300000, class=java.lang.Integer@5000011e)
OBJ 50001183 (sz=16, trace=300000, class=java.lang.Integer@5000011e)
OBJ 50001184 (sz=16, trace=300000, class=java.lang.Integer@5000011e)
OBJ 50001185 (sz=16, trace=300000, class=java.lang.Integer@5000011e)
OBJ 50001186 (sz=16, trace=300000, class=java.lang.Integer@5000011e)
OBJ 50001187 (sz=16, trace=300000, class=java.lang.Integer@5000011e)
OBJ 50001188 (sz=16, trace=300000, class=java.lang.Integer@5000011e)
OBJ 50001189 (sz=16, trace=300000, class=java.lang.Integer@5000011e)
OBJ 5000118a (sz=16, trace=300000, class=java.lang.Integer@5000011e)
OBJ 5000118b (sz=16, trace=300000, class=java.lang.Integer@5000011e)
OBJ 5000118c (sz=16, trace=300000, class=java.lang.Integer@5000011e)
OBJ 5000118d (sz=16, trace=300000, class=java.lang.Integer@5000011e)
OBJ 5000118e (sz=16, trace=300000, class=java.lang.Integer@5000011e)
OBJ 5000118f (sz=16, trace=300000, class=java.lang.Integer@5000011e)
OBJ 50001190 (sz=16, trace=300000, class=java.lang.Integer@5000011e)
OBJ 50001191 (sz=16, trace=300000, class=java.lang.Integer@5000011e)
OBJ 50001192 (sz=16, trace=300000, class=java.lang.Integer@5000011e)
OBJ 50001193 (sz=16, trace=300000, class=java.lang.Integer@5000011e)
OBJ 50001194 (sz=16, trace=300000, class=java.lang.Integer@5000011e)
OBJ 50001195 (sz=16, trace=300000, class=java.lang.Integer@5000011e)
OBJ 50001196 (sz=16, trace=300000, class=java.lang.Integer@5000011e)
OBJ 50001197 (sz=16, trace=300000, class=java.lang.Integer@5000011e)
OBJ 50001198 (sz=16, trace=300000, class=java.lang.Integer@5000011e)
OBJ 50001199 (sz=16, trace=300000, class=java.lang.Integer@5000011e)
OBJ 5000119a (sz=16, trace=300000, class=java.lang.Integer@5000011e)
OBJ 5000119b (sz=16, trace=300000, class=java.lang.Integer@5000011e)
OBJ 5000119c (sz=16, trace=300000, class=java.lang.Integer@5000011e)
OBJ 5000119d (sz=16, trace=300000, class=java.lang.Integer@5000011e)
OBJ 5000119e (sz=16, trace=300000, class=java.lang.Integer@5000011e)
OBJ 5000119f (sz=16, trace=300000, class=java.lang.Integer@5000011e)
OBJ 500011a0 (sz=16, trace=300000, class=java.lang.Integer@5000011e)
OBJ 500011a1 (sz=16, trace=300000, class=java.lang.Integer@5000011e)
OBJ 500011a2 (sz=16, trace=300000, class=java.lang.Integer@5000011e)
OBJ 500011a3 (sz=16, trace=300000, class=java.lang.Integer@5000011e)
OBJ 500011a4 (sz=16, trace=300000, class=java.lang.Integer@5000011e)
OBJ 500011a5 (sz=16, trace=300000, class=java.lang.Integer@5000011e)
OBJ 500011a6 (sz=16, trace=300000, class=java.lang.Integer@5000011e)
OBJ 500011a7 (sz=16, trace=300000, class=java.lang.Integer@5000011e)
OBJ 500011a8 (sz=16, trace=300000, class=java.lang.Integer@5000011e)
OBJ 500011a9 (sz=16, trace=300000, class=java.lang.Integer@5000011e)
OBJ 500011aa (sz=16, trace=300000, class=java.lang.Integer@5000011e)
OBJ 500011ab (sz=16, trace=300000, class=java.lang.Integer@5000011e)
OBJ 500011ac (sz=16, trace=300000, class=java.lang.Integer@5000011e)
OBJ 500011ad (sz=16, trace=300000, class=java.lang.Integer@5000011e)
OBJ 500011ae (sz=16, trace=300000, class=java.lang.Integer@5000011e)
OBJ 500011af (sz=16, trace=300000, class=java.lang.Integer@5000011e)
OBJ 500011b0 (sz=16, trace=300000, class=java.lang.Integer@5000011e)
OBJ 500011b1 (sz=16, trace=300000, class=java.lang.Integer@5000011e)
OBJ 500011b2 (sz=16, trace=300000, class=java.lang.Integer@5000011e)
OBJ 500011b3 (sz=16, trace=300000, class=java.lang.Integer@5000011e)
OBJ 500011b4 (sz=16, trace=300000, class=java.lang.Integer@5000011e)
OBJ 500011b5 (sz=16, trace=300000, class=java.lang.Integer@5000011e)
OBJ 500011b6 (sz=16, trace=300000, class=java.lang.Integer@5000011e)
OBJ 500011b7 (sz=16, trace=300000, class=java.lang.Integer@5000011e)
OBJ 500011b8 (sz=16, trace=300000, class=java.lang.Integer@5000011e)
OBJ 500011b9 (sz=16, trace=300000, class=java.lang.Integer@5000011e)
OBJ 500011ba (sz=16, trace=300000, class=java.lang.Integer@5000011e)
OBJ 500011bb (sz=16, trace=300000, class=java.lang.Integer@5000011e)
OBJ 500011bc (sz=16, trace=300000, class=java.lang.Integer@5000011e)
OBJ 500011bd (sz=16, trace=300000, class=java.lang.Integer@5000011e)
OBJ 500011be (sz=16, trace=300000, class=java.lang.Integer@5000011e)
OBJ 500011bf (sz=16, trace=300000, class=java.lang.Integer@5000011e)
OBJ 500011c0 (sz=16, trace=300000, class=java.lang.Integer@5000011e)
OBJ 500011c1 (sz=16, trace=300000, class=java.lang.Integer@5000011e)
OBJ 500011c2 (sz=16, trace=300000, class=java.lang.Integer@5000011e)
OBJ 500011c3 (sz=16, trace=300000, class=java.lang.Integer@5000011e)
OBJ 500011c4 (sz=16, trace=300000, class=java.lang.Integer@5000011e)
OBJ 500011c5 (sz=16, trace=300000, class=java.lang.Integer@5000011e)
OBJ 500011c6 (sz=16, trace=300000, class=java.lang.Integer@5000011e)
OBJ 500011c7 (sz=16, trace=300000, class=java.lang.Integer@5000011e)
OBJ 500011c8 (sz=16, trace=300000, class=java.lang.Integer@5000011e)
OBJ 500011c9 (sz=16, trace=300000, class=java.lang.Integer@5000011e)
OBJ 500011ca (sz=16, trace=300000, class=java.lang.Integer@5000011e)
OBJ 500011cb (sz=16, trace=300000, class=java.lang.Integer@5000011e)
OBJ 500011cc (sz=16, trace=300000, class=java.lang.Integer@5000011e)
OBJ 500011cd (sz=16, trace=300000, class=java.lang.Integer@5000011e)
OBJ 500011ce (sz=16, trace=300000, class=java.lang.Integer@5000011e)
OBJ 500011cf (sz=16, trace=300000, class=java.lang.Integer@5000011e)
OBJ 500011d0 (sz=16, trace=300000, class=java.lang.Integer@5000011e)
OBJ 500011d1 (sz=16, trace=300000, class=java.lang.Integer@5000011e)
OBJ 500011d2 (sz=16, trace=300000, class=java.lang.Integer@5000011e)
OBJ 500011d3 (sz=16, trace=300000, class=java.lang.Integer@5000011e)
OBJ 500011d4 (sz=16, trace=300000, class=java.lang.Integer@5000011e)
OBJ 500011d5 (sz=16, trace=300000, class=java.lang.Integer@5000011e)
OBJ 500011d6 (sz=16, trace=300000, class=java.lang.Integer@5000011e)
OBJ 500011d7 (sz=16, trace=300000, class=java.lang.Integer@5000011e)
OBJ 500011d8 (sz=16, trace=300000, class=java.lang.Integer@5000011e)
OBJ 500011d9 (sz=16, trace=300000, class=java.lang.Integer@5000011e)
OBJ 500011da (sz=16, trace=300000, class=java.lang.Integer@5000011e)
OBJ 500011db (sz=16, trace=300000, class=java.lang.Integer@5000011e)
OBJ 500011dc (sz=16, trace=300000, class=java.lang.Integer@5000011e)
OBJ 500011dd (sz=16, trace=300000, class=java.lang.Integer@5000011e)
OBJ 500011de (sz=16, trace=300000, class=java.lang.Integer@5000011e)
OBJ 500011df (sz=16, trace=300000, class=java.lang.Integer@5000011e)
OBJ 500011e0 (sz=16, trace=300000, class=java.lang.Integer@5000011e)
OBJ 500011e1 (sz=16, trace=300000, class=java.lang.Integer@5000011e)
OBJ 500011e2 (sz=16, trace=300000, class=java.lang.Integer@5000011e)
OBJ 500011e3 (sz=16, trace=300000, class=java.lang.Integer@5000011e)
OBJ 500011e4 (sz=16, trace=300000, class=java.lang.Integer@5000011e)
OBJ 500011e5 (sz=16, trace=300000, class=java.lang.Integer@5000011e)
OBJ 500011e6 (sz=16, trace=300000, class=java.lang.Integer@5000011e)
OBJ 500011e7 (sz=16, trace=300000, class=java.lang.Integer@5000011e)
OBJ 500011e8 (sz=16, trace=300000, class=java.lang.Integer@5000011e)
OBJ 500011e9 (sz=16, trace=300000, class=java.lang.Integer@5000011e)
OBJ 500011ea (sz=16, trace=300000, class=java.lang.Integer@5000011e)
OBJ 500011eb (sz=16, trace=300000, class=java.lang.Integer@5000011e)
OBJ 500011ec (sz=16, trace=300000, class=java.lang.Integer@5000011e)
OBJ 500011ed (sz=16, trace=300000, class=java.lang.Integer@5000011e)
OBJ 500011ee (sz=16, trace=300000, class=java.lang.Integer@5000011e)
OBJ 500011ef (sz=16, trace=300000, class=java.lang.Integer@5000011e)
OBJ 500011f0 (sz=16, trace=300000, class=java.lang.Integer@5000011e)
OBJ 500011f1 (sz=16, trace=300000, class=java.lang.Integer@5000011e)
OBJ 500011f2 (sz=16, trace=300000, class=java.lang.Integer@5000011e)
OBJ 500011f3 (sz=16, trace=300000, class=java.lang.Integer@5000011e)
OBJ 500011f4 (sz=16, trace=300000, class=java.lang.Integer@5000011e)
OBJ 500011f5 (sz=16, trace=300000, class=java.lang.Integer@5000011e)
OBJ 500011f6 (sz=16, trace=300000, class=java.lang.Integer@5000011e)
OBJ 500011f7 (sz=16, trace=300000, class=java.lang.Integer@5000011e)
OBJ 500011f8 (sz=16, trace=300000, class=java.lang.Integer@5000011e)
OBJ 500011f9 (sz=16, trace=300000, class=java.lang.Integer@5000011e)
OBJ 500011fa (sz=16, trace=300000, class=java.lang.Integer@5000011e)
OBJ 500011fb (sz=16, trace=300000, class=java.lang.Integer@5000011e)
OBJ 500011fc (sz=16, trace=300000, class=java.lang.Integer@5000011e)
OBJ 500011fd (sz=16, trace=300000, class=java.lang.Integer@5000011e)
OBJ 500011fe (sz=16, trace=300000, class=java.lang.Integer@5000011e)
OBJ 500011ff (sz=16, trace=300000, class=java.lang.Integer@5000011e)
OBJ 50001200 (sz=16, trace=300000, class=java.lang.Integer@5000011e)
OBJ 50001201 (sz=16, trace=300000, class=java.lang.Integer@5000011e)
OBJ 50001202 (sz=16, trace=300000, class=java.lang.Integer@5000011e)
OBJ 50001203 (sz=16, trace=300000, class=java.lang.Integer@5000011e)
OBJ 50001204 (sz=16, trace=300000, class=java.lang.Integer@5000011e)
OBJ 50001205 (sz=16, trace=300000, class=java.lang.Integer@5000011e)
OBJ 50001206 (sz=16, trace=300000, class=java.lang.Integer@5000011e)
OBJ 50001207 (sz=16, trace=300000, class=java.lang.Integer@5000011e)
OBJ 50001208 (sz=16, trace=300000, class=java.lang.Integer@5000011e)
OBJ 50001209 (sz=16, trace=300000, class=java.lang.Integer@5000011e)
ARR 5000120a (sz=70, trace=300000, nelems=35, elem type=char[])
OBJ 5000120b (sz=24, trace=300000, class=java.lang.String@50000181)
	value		5000120c
ARR 5000120c (sz=8, trace=300000, nelems=4, elem type=char[])
ARR 5000120d (sz=6, trace=300000, nelems=3, elem type=char[])
ARR 5000120e (sz=8, trace=300000, nelems=4, elem type=char[])
OBJ 5000120f (sz=24, trace=300000, class=java.lang.String@50000181)
	value		50001210
ARR 50001210 (sz=10, trace=300000, nelems=5, elem type=char[])
OBJ 50001211 (sz=24, trace=300000, class=java.lang.String@50000181)
	value		50001212
ARR 50001212 (sz=8, trace=300000, nelems=4, elem type=char[])
ARR 50001213 (sz=22, trace=300000, nelems=11, elem type=char[])
OBJ 50001214 (sz=24, trace=300000, class=java.lang.String@50000181)
	value		50001216
ARR 50001215 (sz=16, trace=300000, nelems=8, elem type=char[])
ARR 50001216 (sz=98, trace=300000, nelems=49, elem type=char[])
ARR 50001217 (sz=10, trace=300000, nelems=5, elem type=char[])
ARR 50001218 (sz=26, trace=300000, nelems=13, elem type=char[])
ARR 50001219 (sz=14, trace=300000, nelems=7, elem type=char[])
ARR 5000121a (sz=18, trace=300000, nelems=9, elem type=char[])
ARR 5000121b (sz=18, trace=300000, nelems=9, elem type=char[])
ARR 5000121c (sz=56, trace=300000, nelems=0, elem type=java.lang.Object[]@5000011c)
OBJ 5000121d (sz=16, trace=300000, class=java.security.ProtectionDomain$Key@50000008)
ARR 5000121e (sz=16, trace=300000, nelems=0, elem type=java.security.Principal[]@50000006)
OBJ 5000121f (sz=32, trace=300000, class=java.security.CodeSource@50000128)
OBJ 50001220 (sz=24, trace=300000, class=java.lang.String@50000181)
	value		50002379
OBJ 50001221 (sz=24, trace=300000, class=java.lang.String@50000181)
	value		50001227
OBJ 50001222 (sz=24, trace=300000, class=java.lang.String@50000181)
	value		50001226
OBJ 50001223 (sz=24, trace=300000, class=java.lang.String@50000181)
	value		50001225
ARR 50001224 (sz=32, trace=300000, nelems=16, elem type=char[])
ARR 50001225 (sz=38, trace=300000, nelems=19, elem type=char[])
ARR 50001226 (sz=48, trace=300000, nelems=24, elem type=char[])
ARR 50001227 (sz=32, trace=300000, nelems=16, elem type=char[])
OBJ 50001228 (sz=16, trace=300000, class=java.security.ProtectionDomain$JavaSecurityAccessImpl@5000000b)
OBJ 50001229 (sz=16, trace=300000, class=java.security.ProtectionDomain$2@50000009)
OBJ 5000122a (sz=16, trace=300000, class=java.io.FileDescriptor$1@50000088)
OBJ 5000122b (sz=16, trace=300000, class=java.nio.Bits$1@5000006d)
OBJ 5000122c (sz=16, trace=300000, class=java.net.URLClassLoader$7@5000003a)
OBJ 5000122d (sz=16, trace=300000, class=java.lang.ref.Reference$1@500000e0)
OBJ 5000122e (sz=24, trace=300000, class=java.lang.String@50000181)
	value		5000123b
OBJ 5000122f (sz=24, trace=300000, class=java.lang.String@50000181)
	value		50002243
OBJ 50001230 (sz=24, trace=300000, class=java.lang.String@50000181)
	value		5000123c
OBJ 50001231 (sz=24, trace=300000, class=java.lang.String@50000181)
	value		50002242
OBJ 50001232 (sz=24, trace=300000, class=java.lang.String@50000181)
	value		50002241
OBJ 50001233 (sz=24, trace=300000, class=java.lang.String@50000181)
	value		50002240
OBJ 50001234 (sz=24, trace=300000, class=java.lang.String@50000181)
	value		5000223f
OBJ 50001235 (sz=24, trace=300000, class=java.lang.String@50000181)
	value		5000223e
OBJ 50001236 (sz=24, trace=300000, class=java.lang.String@50000181)
	value		5000223d
OBJ 50001237 (sz=24, trace=300000, class=java.lang.String@50000181)
	value		5000223c
OBJ 50001238 (sz=24, trace=300000, class=java.lang.String@50000181)
	value		5000223b
OBJ 50001239 (sz=24, trace=300000, class=java.lang.String@50000181)
	value		5000223a
OBJ 5000123a (sz=24, trace=300000, class=java.lang.String@50000181)
	value		50002239
ARR 5000123b (sz=40, trace=300000, nelems=20, elem type=char[])
ARR 5000123c (sz=24, trace=300000, nelems=12, elem type=char[])
OBJ 5000123d (sz=24, trace=300000, class=java.lang.String@50000181)
	value		50001256
OBJ 5000123e (sz=24, trace=300000, class=java.lang.String@50000181)
	value		50001255
OBJ 5000123f (sz=24, trace=300000, class=java.lang.String@50000181)
	value		50001243
OBJ 50001240 (sz=24, trace=300000, class=java.lang.String@50000181)
	value		50001257
OBJ 50001241 (sz=24, trace=300000, class=java.lang.String@50000181)
	value		50001259
OBJ 50001242 (sz=24, trace=300000, class=java.lang.String@50000181)
	value		50001258
ARR 50001243 (sz=72, trace=300000, nelems=36, elem type=char[])
OBJ 50001244 (sz=24, trace=300000, class=java.lang.String@50000181)
	value		50001248
OBJ 50001245 (sz=24, trace=300000, class=java.lang.String@50000181)
	value		50001249
OBJ 50001246 (sz=16, trace=300000, class=java.nio.ByteOrder@50000070)
	name		50001245
OBJ 50001247 (sz=16, trace=300000, class=java.nio.ByteOrder@50000070)
	name		50001244
ARR 50001248 (sz=20, trace=300000, nelems=10, elem type=char[])
ARR 50001249 (sz=26, trace=300000, nelems=13, elem type=char[])
OBJ 5000124a (sz=24, trace=300000, class=java.lang.String@50000181)
	value		50001254
OBJ 5000124b (sz=24, trace=300000, class=java.lang.String@50000181)
	value		50001253
OBJ 5000124c (sz=24, trace=300000, class=java.lang.String@50000181)
	value		50001252
OBJ 5000124d (sz=24, trace=300000, class=java.lang.String@50000181)
	value		50001251
OBJ 5000124e (sz=24, trace=300000, class=java.util.concurrent.atomic.AtomicLong@5000006f)
OBJ 5000124f (sz=24, trace=300000, class=java.util.concurrent.atomic.AtomicLong@5000006f)
OBJ 50001250 (sz=24, trace=300000, class=java.util.concurrent.atomic.AtomicLong@5000006f)
ARR 50001251 (sz=6, trace=300000, nelems=3, elem type=char[])
ARR 50001252 (sz=14, trace=300000, nelems=7, elem type=char[])
ARR 50001253 (sz=8, trace=300000, nelems=4, elem type=char[])
ARR 50001254 (sz=10, trace=300000, nelems=5, elem type=char[])
ARR 50001255 (sz=54, trace=300000, nelems=27, elem type=char[])
ARR 50001256 (sz=58, trace=300000, nelems=29, elem type=char[])
ARR 50001257 (sz=74, trace=300000, nelems=37, elem type=char[])
ARR 50001258 (sz=32, trace=300000, nelems=16, elem type=char[])
ARR 50001259 (sz=48, trace=300000, nelems=24, elem type=char[])
OBJ 5000125a (sz=24, trace=300000, class=java.lang.String@50000181)
	value		5000125b
ARR 5000125b (sz=10, trace=300000, nelems=5, elem type=char[])
OBJ 5000125c (sz=24, trace=300000, class=java.lang.String@50000181)
	value		500016a4
OBJ 5000125d (sz=24, trace=300000, class=java.lang.String@50000181)
	value		50001263
OBJ 5000125e (sz=24, trace=300000, class=java.lang.String@50000181)
	value		500016a7
OBJ 5000125f (sz=24, trace=300000, class=java.lang.String@50000181)
	value		500016a5
OBJ 50001260 (sz=24, trace=300000, class=java.lang.String@50000181)
	value		500016ad
OBJ 50001261 (sz=24, trace=300000, class=java.lang.String@50000181)
	value		50001669
ARR 50001262 (sz=72, trace=300000, nelems=14, elem type=java.lang.String[]@500000db)
	[0]		50001264
	[1]		50001265
	[2]		50001266
	[3]		50001267
	[4]		50001268
	[5]		50001269
	[6]		5000126a
	[7]		5000126b
	[8]		5000126c
	[9]		5000126d
	[10]		5000126e
	[11]		5000126f
	[12]		50001270
	[13]		50001271
ARR 50001263 (sz=16, trace=300000, nelems=8, elem type=char[])
OBJ 50001264 (sz=24, trace=300000, class=java.lang.String@50000181)
	value		5000127f
OBJ 50001265 (sz=24, trace=300000, class=java.lang.String@50000181)
	value		5000127e
OBJ 50001266 (sz=24, trace=300000, class=java.lang.String@50000181)
	value		5000127d
OBJ 50001267 (sz=24, trace=300000, class=java.lang.String@50000181)
	value		5000127c
OBJ 50001268 (sz=24, trace=300000, class=java.lang.String@50000181)
	value		5000127b
OBJ 50001269 (sz=24, trace=300000, class=java.lang.String@50000181)
	value		5000127a
OBJ 5000126a (sz=24, trace=300000, class=java.lang.String@50000181)
	value		50001279
OBJ 5000126b (sz=24, trace=300000, class=java.lang.String@50000181)
	value		50001278
OBJ 5000126c (sz=24, trace=300000, class=java.lang.String@50000181)
	value		50001277
OBJ 5000126d (sz=24, trace=300000, class=java.lang.String@50000181)
	value		50001276
OBJ 5000126e (sz=24, trace=300000, class=java.lang.String@50000181)
	value		50001275
OBJ 5000126f (sz=24, trace=300000, class=java.lang.String@50000181)
	value		50001274
OBJ 50001270 (sz=24, trace=300000, class=java.lang.String@50000181)
	value		50001273
OBJ 50001271 (sz=24, trace=300000, class=java.lang.String@50000181)
	value		50001272
ARR 50001272 (sz=12, trace=300000, nelems=6, elem type=char[])
ARR 50001273 (sz=28, trace=300000, nelems=14, elem type=char[])
ARR 50001274 (sz=32, trace=300000, nelems=16, elem type=char[])
ARR 50001275 (sz=6, trace=300000, nelems=3, elem type=char[])
ARR 50001276 (sz=14, trace=300000, nelems=7, elem type=char[])
ARR 50001277 (sz=14, trace=300000, nelems=7, elem type=char[])
ARR 50001278 (sz=10, trace=300000, nelems=5, elem type=char[])
ARR 50001279 (sz=12, trace=300000, nelems=6, elem type=char[])
ARR 5000127a (sz=4, trace=300000, nelems=2, elem type=char[])
ARR 5000127b (sz=18, trace=300000, nelems=9, elem type=char[])
ARR 5000127c (sz=10, trace=300000, nelems=5, elem type=char[])
ARR 5000127d (sz=32, trace=300000, nelems=16, elem type=char[])
ARR 5000127e (sz=28, trace=300000, nelems=14, elem type=char[])
ARR 5000127f (sz=16, trace=300000, nelems=8, elem type=char[])
OBJ 50001280 (sz=24, trace=300000, class=java.lang.String@50000181)
	value		500013fd
OBJ 50001281 (sz=24, trace=300000, class=java.lang.String@50000181)
	value		50001401
OBJ 50001282 (sz=24, trace=300000, class=java.lang.String@50000181)
	value		50001405
OBJ 50001283 (sz=24, trace=300000, class=java.lang.String@50000181)
	value		500013bc
OBJ 50001284 (sz=24, trace=300000, class=java.lang.String@50000181)
	value		5000138c
OBJ 50001285 (sz=24, trace=300000, class=java.lang.String@50000181)
	value		5000140a
OBJ 50001286 (sz=24, trace=300000, class=java.lang.String@50000181)
	value		5000140f
OBJ 50001287 (sz=24, trace=300000, class=java.lang.String@50000181)
	value		50001414
OBJ 50001288 (sz=24, trace=300000, class=java.lang.String@50000181)
	value		50001419
OBJ 50001289 (sz=24, trace=300000, class=java.lang.String@50000181)
	value		5000141e
OBJ 5000128a (sz=24, trace=300000, class=java.lang.String@50000181)
	value		50001424
OBJ 5000128b (sz=24, trace=300000, class=java.lang.String@50000181)
	value		50001429
OBJ 5000128c (sz=24, trace=300000, class=java.lang.String@50000181)
	value		50001387
OBJ 5000128d (sz=24, trace=300000, class=java.lang.String@50000181)
	value		500013d9
OBJ 5000128e (sz=24, trace=300000, class=java.lang.String@50000181)
	value		500013e8
OBJ 5000128f (sz=24, trace=300000, class=java.lang.String@50000181)
	value		5000139f
OBJ 50001290 (sz=24, trace=300000, class=java.lang.String@50000181)
	value		500013ab
OBJ 50001291 (sz=24, trace=300000, class=java.lang.String@50000181)
	value		500013b8
OBJ 50001292 (sz=24, trace=300000, class=java.lang.String@50000181)
	value		500013c8
OBJ 50001293 (sz=24, trace=300000, class=java.lang.String@50000181)
	value		500013d5
OBJ 50001294 (sz=24, trace=300000, class=java.lang.String@50000181)
	value		50001395
OBJ 50001295 (sz=24, trace=300000, class=java.lang.String@50000181)
	value		500013a2
OBJ 50001296 (sz=24, trace=300000, class=java.lang.String@50000181)
	value		500013af
OBJ 50001297 (sz=24, trace=300000, class=java.lang.String@50000181)
	value		500013cc
OBJ 50001298 (sz=24, trace=300000, class=java.lang.String@50000181)
	value		500013e1
OBJ 50001299 (sz=24, trace=300000, class=java.lang.String@50000181)
	value		5000136f
OBJ 5000129a (sz=24, trace=300000, class=java.lang.String@50000181)
	value		500013c3
OBJ 5000129b (sz=24, trace=300000, class=java.lang.String@50000181)
	value		500013c4
OBJ 5000129c (sz=24, trace=300000, class=java.lang.String@50000181)
	value		5000138b
OBJ 5000129d (sz=24, trace=300000, class=java.lang.String@50000181)
	value		500013e3
OBJ 5000129e (sz=24, trace=300000, class=java.lang.String@50000181)
	value		5000138f
OBJ 5000129f (sz=24, trace=300000, class=java.lang.String@50000181)
	value		500013e4
OBJ 500012a0 (sz=24, trace=300000, class=java.lang.String@50000181)
	value		50001376
OBJ 500012a1 (sz=24, trace=300000, class=java.lang.String@50000181)
	value		500013e7
OBJ 500012a2 (sz=24, trace=300000, class=java.lang.String@50000181)
	value		50001386
OBJ 500012a3 (sz=24, trace=300000, class=java.lang.String@50000181)
	value		500013d7
OBJ 500012a4 (sz=24, trace=300000, class=java.lang.String@50000181)
	value		500013e5
OBJ 500012a5 (sz=24, trace=300000, class=java.lang.String@50000181)
	value		5000139b
OBJ 500012a6 (sz=24, trace=300000, class=java.lang.String@50000181)
	value		500013b4
OBJ 500012a7 (sz=24, trace=300000, class=java.lang.String@50000181)
	value		500013d1
OBJ 500012a8 (sz=24, trace=300000, class=java.lang.String@50000181)
	value		5000138a
OBJ 500012a9 (sz=24, trace=300000, class=java.lang.String@50000181)
	value		500013e6
OBJ 500012aa (sz=24, trace=300000, class=java.lang.String@50000181)
	value		500013db
OBJ 500012ab (sz=24, trace=300000, class=java.lang.String@50000181)
	value		50001392
OBJ 500012ac (sz=24, trace=300000, class=java.lang.String@50000181)
	value		500013e9
OBJ 500012ad (sz=24, trace=300000, class=java.lang.String@50000181)
	value		50001389
OBJ 500012ae (sz=24, trace=300000, class=java.lang.String@50000181)
	value		5000139d
OBJ 500012af (sz=24, trace=300000, class=java.lang.String@50000181)
	value		5000139c
OBJ 500012b0 (sz=24, trace=300000, class=java.lang.String@50000181)
	value		500013a9
OBJ 500012b1 (sz=24, trace=300000, class=java.lang.String@50000181)
	value		500013a8
OBJ 500012b2 (sz=24, trace=300000, class=java.lang.String@50000181)
	value		500013b6
OBJ 500012b3 (sz=24, trace=300000, class=java.lang.String@50000181)
	value		500013b5
OBJ 500012b4 (sz=24, trace=300000, class=java.lang.String@50000181)
	value		500013c6
OBJ 500012b5 (sz=24, trace=300000, class=java.lang.String@50000181)
	value		500013c5
OBJ 500012b6 (sz=24, trace=300000, class=java.lang.String@50000181)
	value		500013d3
OBJ 500012b7 (sz=24, trace=300000, class=java.lang.String@50000181)
	value		500013d2
OBJ 500012b8 (sz=24, trace=300000, class=java.lang.String@50000181)
	value		50001388
OBJ 500012b9 (sz=24, trace=300000, class=java.lang.String@50000181)
	value		500013de
OBJ 500012ba (sz=24, trace=300000, class=java.lang.String@50000181)
	value		500013e0
OBJ 500012bb (sz=24, trace=300000, class=java.lang.String@50000181)
	value		500013df
OBJ 500012bc (sz=24, trace=300000, class=java.lang.String@50000181)
	value		5000141d
OBJ 500012bd (sz=24, trace=300000, class=java.lang.String@50000181)
	value		50001384
OBJ 500012be (sz=24, trace=300000, class=java.lang.String@50000181)
	value		50001382
OBJ 500012bf (sz=24, trace=300000, class=java.lang.String@50000181)
	value		5000137c
OBJ 500012c0 (sz=24, trace=300000, class=java.lang.String@50000181)
	value		5000136d
OBJ 500012c1 (sz=24, trace=300000, class=java.lang.String@50000181)
	value		50001373
OBJ 500012c2 (sz=24, trace=300000, class=java.lang.String@50000181)
	value		50001377
OBJ 500012c3 (sz=24, trace=300000, class=java.lang.String@50000181)
	value		5000137a
OBJ 500012c4 (sz=24, trace=300000, class=java.lang.String@50000181)
	value		5000137d
OBJ 500012c5 (sz=24, trace=300000, class=java.lang.String@50000181)
	value		50001381
OBJ 500012c6 (sz=24, trace=300000, class=java.lang.String@50000181)
	value		50001385
OBJ 500012c7 (sz=24, trace=300000, class=java.lang.String@50000181)
	value		5000137f
OBJ 500012c8 (sz=24, trace=300000, class=java.lang.String@50000181)
	value		50001383
OBJ 500012c9 (sz=24, trace=300000, class=java.lang.String@50000181)
	value		50001370
OBJ 500012ca (sz=24, trace=300000, class=java.lang.String@50000181)
	value		50001374
OBJ 500012cb (sz=24, trace=300000, class=java.lang.String@50000181)
	value		5000137b
OBJ 500012cc (sz=24, trace=300000, class=java.lang.String@50000181)
	value		50001378
OBJ 500012cd (sz=24, trace=300000, class=java.lang.String@50000181)
	value		50001375
OBJ 500012ce (sz=24, trace=300000, class=java.lang.String@50000181)
	value		50001379
OBJ 500012cf (sz=24, trace=300000, class=java.lang.String@50000181)
	value		50001380
OBJ 500012d0 (sz=24, trace=300000, class=java.lang.String@50000181)
	value		5000137e
OBJ 500012d1 (sz=24, trace=300000, class=java.lang.String@50000181)
	value		500013f0
OBJ 500012d2 (sz=24, trace=300000, class=java.lang.String@50000181)
	value		50001420
OBJ 500012d3 (sz=24, trace=300000, class=java.lang.String@50000181)
	value		5000141f
OBJ 500012d4 (sz=24, trace=300000, class=java.lang.String@50000181)
	value		500013ef
OBJ 500012d5 (sz=24, trace=300000, class=java.lang.String@50000181)
	value		500013f2
OBJ 500012d6 (sz=24, trace=300000, class=java.lang.String@50000181)
	value		500013f4
OBJ 500012d7 (sz=24, trace=300000, class=java.lang.String@50000181)
	value		500013f6
OBJ 500012d8 (sz=24, trace=300000, class=java.lang.String@50000181)
	value		500013f8
OBJ 500012d9 (sz=24, trace=300000, class=java.lang.String@50000181)
	value		500013fa
OBJ 500012da (sz=24, trace=300000, class=java.lang.String@50000181)
	value		50001400
OBJ 500012db (sz=24, trace=300000, class=java.lang.String@50000181)
	value		500013ee
OBJ 500012dc (sz=24, trace=300000, class=java.lang.String@50000181)
	value		500013f1
OBJ 500012dd (sz=24, trace=300000, class=java.lang.String@50000181)
	value		500013f3
OBJ 500012de (sz=24, trace=300000, class=java.lang.String@50000181)
	value		500013f5
OBJ 500012df (sz=24, trace=300000, class=java.lang.String@50000181)
	value		500013f7
OBJ 500012e0 (sz=24, trace=300000, class=java.lang.String@50000181)
	value		500013f9
OBJ 500012e1 (sz=24, trace=300000, class=java.lang.String@50000181)
	value		50001404
OBJ 500012e2 (sz=24, trace=300000, class=java.lang.String@50000181)
	value		50001408
OBJ 500012e3 (sz=24, trace=300000, class=java.lang.String@50000181)
	value		500013bb
OBJ 500012e4 (sz=24, trace=300000, class=java.lang.String@50000181)
	value		5000138e
OBJ 500012e5 (sz=24, trace=300000, class=java.lang.String@50000181)
	value		5000140d
OBJ 500012e6 (sz=24, trace=300000, class=java.lang.String@50000181)
	value		50001412
OBJ 500012e7 (sz=24, trace=300000, class=java.lang.String@50000181)
	value		50001417
OBJ 500012e8 (sz=24, trace=300000, class=java.lang.String@50000181)
	value		5000141c
OBJ 500012e9 (sz=24, trace=300000, class=java.lang.String@50000181)
	value		50001421
OBJ 500012ea (sz=24, trace=300000, class=java.lang.String@50000181)
	value		50001427
OBJ 500012eb (sz=24, trace=300000, class=java.lang.String@50000181)
	value		5000142c
OBJ 500012ec (sz=24, trace=300000, class=java.lang.String@50000181)
	value		50001430
OBJ 500012ed (sz=24, trace=300000, class=java.lang.String@50000181)
	value		50001396
OBJ 500012ee (sz=24, trace=300000, class=java.lang.String@50000181)
	value		500013a3
OBJ 500012ef (sz=24, trace=300000, class=java.lang.String@50000181)
	value		500013b0
OBJ 500012f0 (sz=24, trace=300000, class=java.lang.String@50000181)
	value		500013cb
OBJ 500012f1 (sz=24, trace=300000, class=java.lang.String@50000181)
	value		500013e2
OBJ 500012f2 (sz=24, trace=300000, class=java.lang.String@50000181)
	value		5000136e
OBJ 500012f3 (sz=24, trace=300000, class=java.lang.String@50000181)
	value		50001418
OBJ 500012f4 (sz=24, trace=300000, class=java.lang.String@50000181)
	value		50001423
OBJ 500012f5 (sz=24, trace=300000, class=java.lang.String@50000181)
	value		50001428
OBJ 500012f6 (sz=24, trace=300000, class=java.lang.String@50000181)
	value		5000138d
OBJ 500012f7 (sz=24, trace=300000, class=java.lang.String@50000181)
	value		50001394
OBJ 500012f8 (sz=24, trace=300000, class=java.lang.String@50000181)
	value		500013a1
OBJ 500012f9 (sz=24, trace=300000, class=java.lang.String@50000181)
	value		500013ca
OBJ 500012fa (sz=24, trace=300000, class=java.lang.String@50000181)
	value		500013ae
OBJ 500012fb (sz=24, trace=300000, class=java.lang.String@50000181)
	value		500013c0
OBJ 500012fc (sz=24, trace=300000, class=java.lang.String@50000181)
	value		500013dd
OBJ 500012fd (sz=24, trace=300000, class=java.lang.String@50000181)
	value		500013dc
OBJ 500012fe (sz=24, trace=300000, class=java.lang.String@50000181)
	value		5000140e
OBJ 500012ff (sz=24, trace=300000, class=java.lang.String@50000181)
	value		500013ea
OBJ 50001300 (sz=24, trace=300000, class=java.lang.String@50000181)
	value		50001409
OBJ 50001301 (sz=24, trace=300000, class=java.lang.String@50000181)
	value		50001422
OBJ 50001302 (sz=24, trace=300000, class=java.lang.String@50000181)
	value		500013fc
OBJ 50001303 (sz=24, trace=300000, class=java.lang.String@50000181)
	value		50001413
OBJ 50001304 (sz=24, trace=300000, class=java.lang.String@50000181)
	value		500013b3
OBJ 50001305 (sz=24, trace=300000, class=java.lang.String@50000181)
	value		500013c2
OBJ 50001306 (sz=24, trace=300000, class=java.lang.String@50000181)
	value		500013c1
OBJ 50001307 (sz=24, trace=300000, class=java.lang.String@50000181)
	value		500013fe
OBJ 50001308 (sz=24, trace=300000, class=java.lang.String@50000181)
	value		50001402
OBJ 50001309 (sz=24, trace=300000, class=java.lang.String@50000181)
	value		50001406
OBJ 5000130a (sz=24, trace=300000, class=java.lang.String@50000181)
	value		500013bd
OBJ 5000130b (sz=24, trace=300000, class=java.lang.String@50000181)
	value		5000140c
OBJ 5000130c (sz=24, trace=300000, class=java.lang.String@50000181)
	value		50001410
OBJ 5000130d (sz=24, trace=300000, class=java.lang.String@50000181)
	value		50001416
OBJ 5000130e (sz=24, trace=300000, class=java.lang.String@50000181)
	value		5000141a
OBJ 5000130f (sz=24, trace=300000, class=java.lang.String@50000181)
	value		50001425
OBJ 50001310 (sz=24, trace=300000, class=java.lang.String@50000181)
	value		5000142a
OBJ 50001311 (sz=24, trace=300000, class=java.lang.String@50000181)
	value		50001397
OBJ 50001312 (sz=24, trace=300000, class=java.lang.String@50000181)
	value		500013a4
OBJ 50001313 (sz=24, trace=300000, class=java.lang.String@50000181)
	value		500013b1
OBJ 50001314 (sz=24, trace=300000, class=java.lang.String@50000181)
	value		500013cd
OBJ 50001315 (sz=24, trace=300000, class=java.lang.String@50000181)
	value		500013ff
OBJ 50001316 (sz=24, trace=300000, class=java.lang.String@50000181)
	value		50001403
OBJ 50001317 (sz=24, trace=300000, class=java.lang.String@50000181)
	value		50001407
OBJ 50001318 (sz=24, trace=300000, class=java.lang.String@50000181)
	value		500013be
OBJ 50001319 (sz=24, trace=300000, class=java.lang.String@50000181)
	value		5000140b
OBJ 5000131a (sz=24, trace=300000, class=java.lang.String@50000181)
	value		50001411
OBJ 5000131b (sz=24, trace=300000, class=java.lang.String@50000181)
	value		50001415
OBJ 5000131c (sz=24, trace=300000, class=java.lang.String@50000181)
	value		5000141b
OBJ 5000131d (sz=24, trace=300000, class=java.lang.String@50000181)
	value		50001426
OBJ 5000131e (sz=24, trace=300000, class=java.lang.String@50000181)
	value		5000142b
OBJ 5000131f (sz=24, trace=300000, class=java.lang.String@50000181)
	value		50001398
OBJ 50001320 (sz=24, trace=300000, class=java.lang.String@50000181)
	value		500013a5
OBJ 50001321 (sz=24, trace=300000, class=java.lang.String@50000181)
	value		500013b2
OBJ 50001322 (sz=24, trace=300000, class=java.lang.String@50000181)
	value		500013ce
OBJ 50001323 (sz=24, trace=300000, class=java.lang.String@50000181)
	value		50001393
OBJ 50001324 (sz=24, trace=300000, class=java.lang.String@50000181)
	value		5000139e
OBJ 50001325 (sz=24, trace=300000, class=java.lang.String@50000181)
	value		500013aa
OBJ 50001326 (sz=24, trace=300000, class=java.lang.String@50000181)
	value		500013c7
OBJ 50001327 (sz=24, trace=300000, class=java.lang.String@50000181)
	value		500013b7
OBJ 50001328 (sz=24, trace=300000, class=java.lang.String@50000181)
	value		500013d4
OBJ 50001329 (sz=24, trace=300000, class=java.lang.String@50000181)
	value		500013ac
OBJ 5000132a (sz=24, trace=300000, class=java.lang.String@50000181)
	value		500013ba
OBJ 5000132b (sz=24, trace=300000, class=java.lang.String@50000181)
	value		500013da
OBJ 5000132c (sz=24, trace=300000, class=java.lang.String@50000181)
	value		500013a0
OBJ 5000132d (sz=24, trace=300000, class=java.lang.String@50000181)
	value		500013ad
OBJ 5000132e (sz=24, trace=300000, class=java.lang.String@50000181)
	value		500013b9
OBJ 5000132f (sz=24, trace=300000, class=java.lang.String@50000181)
	value		500013c9
OBJ 50001330 (sz=24, trace=300000, class=java.lang.String@50000181)
	value		500013d6
OBJ 50001331 (sz=24, trace=300000, class=java.lang.String@50000181)
	value		500013d8
OBJ 50001332 (sz=24, trace=300000, class=java.lang.String@50000181)
	value		500013eb
OBJ 50001333 (sz=24, trace=300000, class=java.lang.String@50000181)
	value		500013ec
OBJ 50001334 (sz=24, trace=300000, class=java.lang.String@50000181)
	value		500013ed
OBJ 50001335 (sz=24, trace=300000, class=java.lang.String@50000181)
	value		50001390
OBJ 50001336 (sz=24, trace=300000, class=java.lang.String@50000181)
	value		50001399
OBJ 50001337 (sz=24, trace=300000, class=java.lang.String@50000181)
	value		500013a6
OBJ 50001338 (sz=24, trace=300000, class=java.lang.String@50000181)
	value		500013cf
OBJ 50001339 (sz=24, trace=300000, class=java.lang.String@50000181)
	value		50001391
OBJ 5000133a (sz=24, trace=300000, class=java.lang.String@50000181)
	value		5000139a
OBJ 5000133b (sz=24, trace=300000, class=java.lang.String@50000181)
	value		500013a7
OBJ 5000133c (sz=24, trace=300000, class=java.lang.String@50000181)
	value		500013d0
OBJ 5000133d (sz=24, trace=300000, class=java.lang.String@50000181)
	value		500016ae
OBJ 5000133e (sz=24, trace=300000, class=java.lang.String@50000181)
	value		500013bf
OBJ 5000133f (sz=24, trace=300000, class=java.lang.String@50000181)
	value		50001371
OBJ 50001340 (sz=24, trace=300000, class=java.lang.String@50000181)
	value		5000136c
OBJ 50001341 (sz=24, trace=300000, class=java.lang.String@50000181)
	value		50001372
OBJ 50001342 (sz=24, trace=300000, class=java.lang.String@50000181)
	value		500013fb
OBJ 50001343 (sz=24, trace=300000, class=java.lang.String@50000181)
	value		5000142d
OBJ 50001344 (sz=24, trace=300000, class=java.lang.String@50000181)
	value		5000142e
OBJ 50001345 (sz=24, trace=300000, class=java.lang.String@50000181)
	value		5000142f
ARR 50001346 (sz=32, trace=300000, nelems=4, elem type=java.lang.String[]@500000db)
	[0]		500012ec
	[1]		50001345
	[2]		50001344
	[3]		50001343
ARR 50001347 (sz=40, trace=300000, nelems=5, elem type=java.lang.String[]@500000db)
	[0]		500012eb
	[1]		5000131e
	[2]		50001310
	[3]		5000128b
	[4]		500012f5
ARR 50001348 (sz=40, trace=300000, nelems=6, elem type=java.lang.String[]@500000db)
	[0]		500012ea
	[1]		5000131d
	[2]		5000130f
	[3]		5000128a
	[4]		500012f4
	[5]		50001301
ARR 50001349 (sz=40, trace=300000, nelems=5, elem type=java.lang.String[]@500000db)
	[0]		500012e9
	[1]		500012d2
	[2]		500012d3
	[3]		50001289
	[4]		500012bc
ARR 5000134a (sz=40, trace=300000, nelems=5, elem type=java.lang.String[]@500000db)
	[0]		500012e8
	[1]		5000131c
	[2]		5000130e
	[3]		50001288
	[4]		500012f3
ARR 5000134b (sz=40, trace=300000, nelems=5, elem type=java.lang.String[]@500000db)
	[0]		500012e7
	[1]		5000130d
	[2]		5000131b
	[3]		50001287
	[4]		50001303
ARR 5000134c (sz=40, trace=300000, nelems=5, elem type=java.lang.String[]@500000db)
	[0]		500012e6
	[1]		5000131a
	[2]		5000130c
	[3]		50001286
	[4]		500012fe
ARR 5000134d (sz=40, trace=300000, nelems=5, elem type=java.lang.String[]@500000db)
	[0]		500012e5
	[1]		5000130b
	[2]		50001319
	[3]		50001285
	[4]		50001300
ARR 5000134e (sz=32, trace=300000, nelems=4, elem type=java.lang.String[]@500000db)
	[0]		500012e2
	[1]		50001317
	[2]		50001309
	[3]		50001282
ARR 5000134f (sz=32, trace=300000, nelems=4, elem type=java.lang.String[]@500000db)
	[0]		500012e1
	[1]		50001316
	[2]		50001308
	[3]		50001281
ARR 50001350 (sz=40, trace=300000, nelems=6, elem type=java.lang.String[]@500000db)
	[0]		500012da
	[1]		50001315
	[2]		50001307
	[3]		50001280
	[4]		50001302
	[5]		50001342
ARR 50001351 (sz=24, trace=300000, nelems=2, elem type=java.lang.String[]@500000db)
	[0]		500012d9
	[1]		500012e0
ARR 50001352 (sz=24, trace=300000, nelems=2, elem type=java.lang.String[]@500000db)
	[0]		500012d8
	[1]		500012df
ARR 50001353 (sz=24, trace=300000, nelems=2, elem type=java.lang.String[]@500000db)
	[0]		500012d7
	[1]		500012de
ARR 50001354 (sz=24, trace=300000, nelems=2, elem type=java.lang.String[]@500000db)
	[0]		500012d6
	[1]		500012dd
ARR 50001355 (sz=32, trace=300000, nelems=3, elem type=java.lang.String[]@500000db)
	[0]		500012d5
	[1]		500012dc
	[2]		500012d1
ARR 50001356 (sz=24, trace=300000, nelems=2, elem type=java.lang.String[]@500000db)
	[0]		500012d4
	[1]		500012db
ARR 50001357 (sz=24, trace=300000, nelems=1, elem type=java.lang.String[]@500000db)
	[0]		50001334
ARR 50001358 (sz=32, trace=300000, nelems=3, elem type=java.lang.String[]@500000db)
	[0]		50001333
	[1]		50001332
	[2]		500012ff
ARR 50001359 (sz=80, trace=300000, nelems=15, elem type=java.lang.String[]@500000db)
	[0]		500012ac
	[1]		5000128e
	[2]		500012a1
	[3]		500012a9
	[4]		500012a4
	[5]		5000129f
	[6]		5000129d
	[7]		500012f1
	[8]		50001298
	[9]		500012ba
	[10]		500012bb
	[11]		500012b9
	[12]		500012fc
	[13]		500012fd
	[14]		500012aa
ARR 5000135a (sz=32, trace=300000, nelems=4, elem type=java.lang.String[]@500000db)
	[0]		5000132b
	[1]		5000128d
	[2]		50001331
	[3]		500012a3
ARR 5000135b (sz=72, trace=300000, nelems=13, elem type=java.lang.String[]@500000db)
	[0]		50001330
	[1]		50001293
	[2]		50001328
	[3]		500012b6
	[4]		500012b7
	[5]		500012a7
	[6]		5000133c
	[7]		50001338
	[8]		50001322
	[9]		50001314
	[10]		50001297
	[11]		500012f0
	[12]		500012f9
ARR 5000135c (sz=80, trace=300000, nelems=16, elem type=java.lang.String[]@500000db)
	[0]		5000132f
	[1]		50001292
	[2]		50001326
	[3]		500012b4
	[4]		500012b5
	[5]		5000129b
	[6]		5000129a
	[7]		50001305
	[8]		50001306
	[9]		500012fb
	[10]		5000133e
	[11]		50001318
	[12]		5000130a
	[13]		50001283
	[14]		500012e3
	[15]		5000132a
ARR 5000135d (sz=64, trace=300000, nelems=12, elem type=java.lang.String[]@500000db)
	[0]		5000132e
	[1]		50001291
	[2]		50001327
	[3]		500012b2
	[4]		500012b3
	[5]		500012a6
	[6]		50001304
	[7]		50001321
	[8]		50001313
	[9]		500012ef
	[10]		50001296
	[11]		500012fa
ARR 5000135e (sz=72, trace=300000, nelems=13, elem type=java.lang.String[]@500000db)
	[0]		5000132d
	[1]		50001329
	[2]		50001290
	[3]		50001325
	[4]		500012b0
	[5]		500012b1
	[6]		5000133b
	[7]		50001337
	[8]		50001320
	[9]		50001312
	[10]		500012ee
	[11]		50001295
	[12]		500012f8
ARR 5000135f (sz=72, trace=300000, nelems=13, elem type=java.lang.String[]@500000db)
	[0]		5000132c
	[1]		5000128f
	[2]		50001324
	[3]		500012ae
	[4]		500012af
	[5]		500012a5
	[6]		5000133a
	[7]		50001336
	[8]		5000131f
	[9]		50001311
	[10]		500012ed
	[11]		50001294
	[12]		500012f7
ARR 50001360 (sz=72, trace=300000, nelems=14, elem type=java.lang.String[]@500000db)
	[0]		50001323
	[1]		500012ab
	[2]		50001339
	[3]		50001335
	[4]		5000129e
	[5]		500012e4
	[6]		500012f6
	[7]		50001284
	[8]		5000129c
	[9]		500012a8
	[10]		500012ad
	[11]		500012b8
	[12]		5000128c
	[13]		500012a2
ARR 50001361 (sz=24, trace=300000, nelems=2, elem type=java.lang.String[]@500000db)
	[0]		500012c6
	[1]		500012bd
ARR 50001362 (sz=24, trace=300000, nelems=2, elem type=java.lang.String[]@500000db)
	[0]		500012c8
	[1]		500012be
ARR 50001363 (sz=24, trace=300000, nelems=2, elem type=java.lang.String[]@500000db)
	[0]		500012c5
	[1]		500012cf
ARR 50001364 (sz=24, trace=300000, nelems=2, elem type=java.lang.String[]@500000db)
	[0]		500012c7
	[1]		500012d0
ARR 50001365 (sz=24, trace=300000, nelems=2, elem type=java.lang.String[]@500000db)
	[0]		500012c4
	[1]		500012bf
ARR 50001366 (sz=24, trace=300000, nelems=1, elem type=java.lang.String[]@500000db)
	[0]		500012cb
ARR 50001367 (sz=32, trace=300000, nelems=3, elem type=java.lang.String[]@500000db)
	[0]		500012c3
	[1]		500012ce
	[2]		500012cc
ARR 50001368 (sz=32, trace=300000, nelems=4, elem type=java.lang.String[]@500000db)
	[0]		500012c2
	[1]		500012a0
	[2]		500012cd
	[3]		500012ca
ARR 50001369 (sz=32, trace=300000, nelems=4, elem type=java.lang.String[]@500000db)
	[0]		500012c1
	[1]		50001341
	[2]		5000133f
	[3]		500012c9
ARR 5000136a (sz=24, trace=300000, nelems=2, elem type=java.lang.String[]@500000db)
	[0]		50001299
	[1]		500012f2
ARR 5000136b (sz=24, trace=300000, nelems=2, elem type=java.lang.String[]@500000db)
	[0]		500012c0
	[1]		50001340
ARR 5000136c (sz=34, trace=300000, nelems=17, elem type=char[])
ARR 5000136d (sz=8, trace=300000, nelems=4, elem type=char[])
ARR 5000136e (sz=16, trace=300000, nelems=8, elem type=char[])
ARR 5000136f (sz=10, trace=300000, nelems=5, elem type=char[])
ARR 50001370 (sz=20, trace=300000, nelems=10, elem type=char[])
ARR 50001371 (sz=14, trace=300000, nelems=7, elem type=char[])
ARR 50001372 (sz=10, trace=300000, nelems=5, elem type=char[])
ARR 50001373 (sz=12, trace=300000, nelems=6, elem type=char[])
ARR 50001374 (sz=36, trace=300000, nelems=18, elem type=char[])
ARR 50001375 (sz=20, trace=300000, nelems=10, elem type=char[])
ARR 50001376 (sz=30, trace=300000, nelems=15, elem type=char[])
ARR 50001377 (sz=16, trace=300000, nelems=8, elem type=char[])
ARR 50001378 (sz=42, trace=300000, nelems=21, elem type=char[])
ARR 50001379 (sz=20, trace=300000, nelems=10, elem type=char[])
ARR 5000137a (sz=16, trace=300000, nelems=8, elem type=char[])
ARR 5000137b (sz=26, trace=300000, nelems=13, elem type=char[])
ARR 5000137c (sz=10, trace=300000, nelems=5, elem type=char[])
ARR 5000137d (sz=12, trace=300000, nelems=6, elem type=char[])
ARR 5000137e (sz=20, trace=300000, nelems=10, elem type=char[])
ARR 5000137f (sz=16, trace=300000, nelems=8, elem type=char[])
ARR 50001380 (sz=20, trace=300000, nelems=10, elem type=char[])
ARR 50001381 (sz=16, trace=300000, nelems=8, elem type=char[])
ARR 50001382 (sz=24, trace=300000, nelems=12, elem type=char[])
ARR 50001383 (sz=24, trace=300000, nelems=12, elem type=char[])
ARR 50001384 (sz=24, trace=300000, nelems=12, elem type=char[])
ARR 50001385 (sz=24, trace=300000, nelems=12, elem type=char[])
ARR 50001386 (sz=18, trace=300000, nelems=9, elem type=char[])
ARR 50001387 (sz=12, trace=300000, nelems=6, elem type=char[])
ARR 50001388 (sz=20, trace=300000, nelems=10, elem type=char[])
ARR 50001389 (sz=30, trace=300000, nelems=15, elem type=char[])
ARR 5000138a (sz=18, trace=300000, nelems=9, elem type=char[])
ARR 5000138b (sz=14, trace=300000, nelems=7, elem type=char[])
ARR 5000138c (sz=6, trace=300000, nelems=3, elem type=char[])
ARR 5000138d (sz=22, trace=300000, nelems=11, elem type=char[])
ARR 5000138e (sz=10, trace=300000, nelems=5, elem type=char[])
ARR 5000138f (sz=12, trace=300000, nelems=6, elem type=char[])
ARR 50001390 (sz=4, trace=300000, nelems=2, elem type=char[])
ARR 50001391 (sz=12, trace=300000, nelems=6, elem type=char[])
ARR 50001392 (sz=20, trace=300000, nelems=10, elem type=char[])
ARR 50001393 (sz=20, trace=300000, nelems=10, elem type=char[])
ARR 50001394 (sz=22, trace=300000, nelems=11, elem type=char[])
ARR 50001395 (sz=6, trace=300000, nelems=3, elem type=char[])
ARR 50001396 (sz=10, trace=300000, nelems=5, elem type=char[])
ARR 50001397 (sz=14, trace=300000, nelems=7, elem type=char[])
ARR 50001398 (sz=12, trace=300000, nelems=6, elem type=char[])
ARR 50001399 (sz=4, trace=300000, nelems=2, elem type=char[])
ARR 5000139a (sz=12, trace=300000, nelems=6, elem type=char[])
ARR 5000139b (sz=18, trace=300000, nelems=9, elem type=char[])
ARR 5000139c (sz=30, trace=300000, nelems=15, elem type=char[])
ARR 5000139d (sz=20, trace=300000, nelems=10, elem type=char[])
ARR 5000139e (sz=20, trace=300000, nelems=10, elem type=char[])
ARR 5000139f (sz=12, trace=300000, nelems=6, elem type=char[])
ARR 500013a0 (sz=18, trace=300000, nelems=9, elem type=char[])
ARR 500013a1 (sz=22, trace=300000, nelems=11, elem type=char[])
ARR 500013a2 (sz=6, trace=300000, nelems=3, elem type=char[])
ARR 500013a3 (sz=10, trace=300000, nelems=5, elem type=char[])
ARR 500013a4 (sz=14, trace=300000, nelems=7, elem type=char[])
ARR 500013a5 (sz=12, trace=300000, nelems=6, elem type=char[])
ARR 500013a6 (sz=4, trace=300000, nelems=2, elem type=char[])
ARR 500013a7 (sz=12, trace=300000, nelems=6, elem type=char[])
ARR 500013a8 (sz=30, trace=300000, nelems=15, elem type=char[])
ARR 500013a9 (sz=20, trace=300000, nelems=10, elem type=char[])
ARR 500013aa (sz=20, trace=300000, nelems=10, elem type=char[])
ARR 500013ab (sz=12, trace=300000, nelems=6, elem type=char[])
ARR 500013ac (sz=18, trace=300000, nelems=9, elem type=char[])
ARR 500013ad (sz=18, trace=300000, nelems=9, elem type=char[])
ARR 500013ae (sz=36, trace=300000, nelems=18, elem type=char[])
ARR 500013af (sz=6, trace=300000, nelems=3, elem type=char[])
ARR 500013b0 (sz=10, trace=300000, nelems=5, elem type=char[])
ARR 500013b1 (sz=14, trace=300000, nelems=7, elem type=char[])
ARR 500013b2 (sz=12, trace=300000, nelems=6, elem type=char[])
ARR 500013b3 (sz=16, trace=300000, nelems=8, elem type=char[])
ARR 500013b4 (sz=18, trace=300000, nelems=9, elem type=char[])
ARR 500013b5 (sz=30, trace=300000, nelems=15, elem type=char[])
ARR 500013b6 (sz=20, trace=300000, nelems=10, elem type=char[])
ARR 500013b7 (sz=20, trace=300000, nelems=10, elem type=char[])
ARR 500013b8 (sz=12, trace=300000, nelems=6, elem type=char[])
ARR 500013b9 (sz=18, trace=300000, nelems=9, elem type=char[])
ARR 500013ba (sz=18, trace=300000, nelems=9, elem type=char[])
ARR 500013bb (sz=10, trace=300000, nelems=5, elem type=char[])
ARR 500013bc (sz=6, trace=300000, nelems=3, elem type=char[])
ARR 500013bd (sz=14, trace=300000, nelems=7, elem type=char[])
ARR 500013be (sz=12, trace=300000, nelems=6, elem type=char[])
ARR 500013bf (sz=24, trace=300000, nelems=12, elem type=char[])
ARR 500013c0 (sz=30, trace=300000, nelems=15, elem type=char[])
ARR 500013c1 (sz=12, trace=300000, nelems=6, elem type=char[])
ARR 500013c2 (sz=10, trace=300000, nelems=5, elem type=char[])
ARR 500013c3 (sz=16, trace=300000, nelems=8, elem type=char[])
ARR 500013c4 (sz=16, trace=300000, nelems=8, elem type=char[])
ARR 500013c5 (sz=30, trace=300000, nelems=15, elem type=char[])
ARR 500013c6 (sz=20, trace=300000, nelems=10, elem type=char[])
ARR 500013c7 (sz=20, trace=300000, nelems=10, elem type=char[])
ARR 500013c8 (sz=12, trace=300000, nelems=6, elem type=char[])
ARR 500013c9 (sz=18, trace=300000, nelems=9, elem type=char[])
ARR 500013ca (sz=22, trace=300000, nelems=11, elem type=char[])
ARR 500013cb (sz=10, trace=300000, nelems=5, elem type=char[])
ARR 500013cc (sz=6, trace=300000, nelems=3, elem type=char[])
ARR 500013cd (sz=14, trace=300000, nelems=7, elem type=char[])
ARR 500013ce (sz=12, trace=300000, nelems=6, elem type=char[])
ARR 500013cf (sz=4, trace=300000, nelems=2, elem type=char[])
ARR 500013d0 (sz=12, trace=300000, nelems=6, elem type=char[])
ARR 500013d1 (sz=18, trace=300000, nelems=9, elem type=char[])
ARR 500013d2 (sz=30, trace=300000, nelems=15, elem type=char[])
ARR 500013d3 (sz=20, trace=300000, nelems=10, elem type=char[])
ARR 500013d4 (sz=20, trace=300000, nelems=10, elem type=char[])
ARR 500013d5 (sz=12, trace=300000, nelems=6, elem type=char[])
ARR 500013d6 (sz=18, trace=300000, nelems=9, elem type=char[])
ARR 500013d7 (sz=20, trace=300000, nelems=10, elem type=char[])
ARR 500013d8 (sz=22, trace=300000, nelems=11, elem type=char[])
ARR 500013d9 (sz=14, trace=300000, nelems=7, elem type=char[])
ARR 500013da (sz=20, trace=300000, nelems=10, elem type=char[])
ARR 500013db (sz=30, trace=300000, nelems=15, elem type=char[])
ARR 500013dc (sz=22, trace=300000, nelems=11, elem type=char[])
ARR 500013dd (sz=22, trace=300000, nelems=11, elem type=char[])
ARR 500013de (sz=4, trace=300000, nelems=2, elem type=char[])
ARR 500013df (sz=12, trace=300000, nelems=6, elem type=char[])
ARR 500013e0 (sz=12, trace=300000, nelems=6, elem type=char[])
ARR 500013e1 (sz=6, trace=300000, nelems=3, elem type=char[])
ARR 500013e2 (sz=10, trace=300000, nelems=5, elem type=char[])
ARR 500013e3 (sz=14, trace=300000, nelems=7, elem type=char[])
ARR 500013e4 (sz=12, trace=300000, nelems=6, elem type=char[])
ARR 500013e5 (sz=20, trace=300000, nelems=10, elem type=char[])
ARR 500013e6 (sz=20, trace=300000, nelems=10, elem type=char[])
ARR 500013e7 (sz=22, trace=300000, nelems=11, elem type=char[])
ARR 500013e8 (sz=14, trace=300000, nelems=7, elem type=char[])
ARR 500013e9 (sz=22, trace=300000, nelems=11, elem type=char[])
ARR 500013ea (sz=14, trace=300000, nelems=7, elem type=char[])
ARR 500013eb (sz=8, trace=300000, nelems=4, elem type=char[])
ARR 500013ec (sz=12, trace=300000, nelems=6, elem type=char[])
ARR 500013ed (sz=12, trace=300000, nelems=6, elem type=char[])
ARR 500013ee (sz=12, trace=300000, nelems=6, elem type=char[])
ARR 500013ef (sz=12, trace=300000, nelems=6, elem type=char[])
ARR 500013f0 (sz=18, trace=300000, nelems=9, elem type=char[])
ARR 500013f1 (sz=12, trace=300000, nelems=6, elem type=char[])
ARR 500013f2 (sz=12, trace=300000, nelems=6, elem type=char[])
ARR 500013f3 (sz=12, trace=300000, nelems=6, elem type=char[])
ARR 500013f4 (sz=12, trace=300000, nelems=6, elem type=char[])
ARR 500013f5 (sz=12, trace=300000, nelems=6, elem type=char[])
ARR 500013f6 (sz=12, trace=300000, nelems=6, elem type=char[])
ARR 500013f7 (sz=12, trace=300000, nelems=6, elem type=char[])
ARR 500013f8 (sz=12, trace=300000, nelems=6, elem type=char[])
ARR 500013f9 (sz=12, trace=300000, nelems=6, elem type=char[])
ARR 500013fa (sz=12, trace=300000, nelems=6, elem type=char[])
ARR 500013fb (sz=22, trace=300000, nelems=11, elem type=char[])
ARR 500013fc (sz=32, trace=300000, nelems=16, elem type=char[])
ARR 500013fd (sz=6, trace=300000, nelems=3, elem type=char[])
ARR 500013fe (sz=14, trace=300000, nelems=7, elem type=char[])
ARR 500013ff (sz=12, trace=300000, nelems=6, elem type=char[])
ARR 50001400 (sz=10, trace=300000, nelems=5, elem type=char[])
ARR 50001401 (sz=6, trace=300000, nelems=3, elem type=char[])
ARR 50001402 (sz=14, trace=300000, nelems=7, elem type=char[])
ARR 50001403 (sz=12, trace=300000, nelems=6, elem type=char[])
ARR 50001404 (sz=10, trace=300000, nelems=5, elem type=char[])
ARR 50001405 (sz=6, trace=300000, nelems=3, elem type=char[])
ARR 50001406 (sz=14, trace=300000, nelems=7, elem type=char[])
ARR 50001407 (sz=12, trace=300000, nelems=6, elem type=char[])
ARR 50001408 (sz=10, trace=300000, nelems=5, elem type=char[])
ARR 50001409 (sz=38, trace=300000, nelems=19, elem type=char[])
ARR 5000140a (sz=6, trace=300000, nelems=3, elem type=char[])
ARR 5000140b (sz=12, trace=300000, nelems=6, elem type=char[])
ARR 5000140c (sz=14, trace=300000, nelems=7, elem type=char[])
ARR 5000140d (sz=10, trace=300000, nelems=5, elem type=char[])
ARR 5000140e (sz=16, trace=300000, nelems=8, elem type=char[])
ARR 5000140f (sz=6, trace=300000, nelems=3, elem type=char[])
ARR 50001410 (sz=14, trace=300000, nelems=7, elem type=char[])
ARR 50001411 (sz=12, trace=300000, nelems=6, elem type=char[])
ARR 50001412 (sz=10, trace=300000, nelems=5, elem type=char[])
ARR 50001413 (sz=16, trace=300000, nelems=8, elem type=char[])
ARR 50001414 (sz=6, trace=300000, nelems=3, elem type=char[])
ARR 50001415 (sz=12, trace=300000, nelems=6, elem type=char[])
ARR 50001416 (sz=14, trace=300000, nelems=7, elem type=char[])
ARR 50001417 (sz=10, trace=300000, nelems=5, elem type=char[])
ARR 50001418 (sz=16, trace=300000, nelems=8, elem type=char[])
ARR 50001419 (sz=6, trace=300000, nelems=3, elem type=char[])
ARR 5000141a (sz=14, trace=300000, nelems=7, elem type=char[])
ARR 5000141b (sz=12, trace=300000, nelems=6, elem type=char[])
ARR 5000141c (sz=10, trace=300000, nelems=5, elem type=char[])
ARR 5000141d (sz=48, trace=300000, nelems=24, elem type=char[])
ARR 5000141e (sz=6, trace=300000, nelems=3, elem type=char[])
ARR 5000141f (sz=14, trace=300000, nelems=7, elem type=char[])
ARR 50001420 (sz=20, trace=300000, nelems=10, elem type=char[])
ARR 50001421 (sz=10, trace=300000, nelems=5, elem type=char[])
ARR 50001422 (sz=36, trace=300000, nelems=18, elem type=char[])
ARR 50001423 (sz=16, trace=300000, nelems=8, elem type=char[])
ARR 50001424 (sz=6, trace=300000, nelems=3, elem type=char[])
ARR 50001425 (sz=14, trace=300000, nelems=7, elem type=char[])
ARR 50001426 (sz=12, trace=300000, nelems=6, elem type=char[])
ARR 50001427 (sz=10, trace=300000, nelems=5, elem type=char[])
ARR 50001428 (sz=16, trace=300000, nelems=8, elem type=char[])
ARR 50001429 (sz=6, trace=300000, nelems=3, elem type=char[])
ARR 5000142a (sz=14, trace=300000, nelems=7, elem type=char[])
ARR 5000142b (sz=12, trace=300000, nelems=6, elem type=char[])
ARR 5000142c (sz=10, trace=300000, nelems=5, elem type=char[])
ARR 5000142d (sz=6, trace=300000, nelems=3, elem type=char[])
ARR 5000142e (sz=14, trace=300000, nelems=7, elem type=char[])
ARR 5000142f (sz=12, trace=300000, nelems=6, elem type=char[])
ARR 50001430 (sz=10, trace=300000, nelems=5, elem type=char[])
OBJ 50001431 (sz=24, trace=300000, class=java.lang.String@50000181)
	value		500014aa
OBJ 50001432 (sz=24, trace=300000, class=java.lang.String@50000181)
	value		500014a9
OBJ 50001433 (sz=24, trace=300000, class=java.lang.String@50000181)
	value		500014a8
OBJ 50001434 (sz=24, trace=300000, class=java.lang.String@50000181)
	value		500014a7
OBJ 50001435 (sz=24, trace=300000, class=java.lang.String@50000181)
	value		500014a6
OBJ 50001436 (sz=24, trace=300000, class=java.lang.String@50000181)
	value		500014a5
OBJ 50001437 (sz=24, trace=300000, class=java.lang.String@50000181)
	value		500014a4
OBJ 50001438 (sz=24, trace=300000, class=java.lang.String@50000181)
	value		500014a3
OBJ 50001439 (sz=24, trace=300000, class=java.lang.String@50000181)
	value		500014a2
OBJ 5000143a (sz=24, trace=300000, class=java.lang.String@50000181)
	value		500014a1
OBJ 5000143b (sz=24, trace=300000, class=java.lang.String@50000181)
	value		500014a0
OBJ 5000143c (sz=24, trace=300000, class=java.lang.String@50000181)
	value		5000149f
OBJ 5000143d (sz=24, trace=300000, class=java.lang.String@50000181)
	value		5000149e
OBJ 5000143e (sz=24, trace=300000, class=java.lang.String@50000181)
	value		5000149d
OBJ 5000143f (sz=24, trace=300000, class=java.lang.String@50000181)
	value		5000149c
OBJ 50001440 (sz=24, trace=300000, class=java.lang.String@50000181)
	value		5000149b
OBJ 50001441 (sz=24, trace=300000, class=java.lang.String@50000181)
	value		5000149a
OBJ 50001442 (sz=24, trace=300000, class=java.lang.String@50000181)
	value		50001499
OBJ 50001443 (sz=24, trace=300000, class=java.lang.String@50000181)
	value		50001498
OBJ 50001444 (sz=24, trace=300000, class=java.lang.String@50000181)
	value		50001497
OBJ 50001445 (sz=24, trace=300000, class=java.lang.String@50000181)
	value		50001496
OBJ 50001446 (sz=24, trace=300000, class=java.lang.String@50000181)
	value		50001495
OBJ 50001447 (sz=24, trace=300000, class=java.lang.String@50000181)
	value		50001494
OBJ 50001448 (sz=24, trace=300000, class=java.lang.String@50000181)
	value		50001493
OBJ 50001449 (sz=24, trace=300000, class=java.lang.String@50000181)
	value		50001492
OBJ 5000144a (sz=24, trace=300000, class=java.lang.String@50000181)
	value		50001491
OBJ 5000144b (sz=24, trace=300000, class=java.lang.String@50000181)
	value		50001490
OBJ 5000144c (sz=24, trace=300000, class=java.lang.String@50000181)
	value		5000148f
OBJ 5000144d (sz=24, trace=300000, class=java.lang.String@50000181)
	value		5000148e
OBJ 5000144e (sz=24, trace=300000, class=java.lang.String@50000181)
	value		5000148d
OBJ 5000144f (sz=24, trace=300000, class=java.lang.String@50000181)
	value		5000148c
OBJ 50001450 (sz=24, trace=300000, class=java.lang.String@50000181)
	value		5000148b
OBJ 50001451 (sz=24, trace=300000, class=java.lang.String@50000181)
	value		5000148a
OBJ 50001452 (sz=24, trace=300000, class=java.lang.String@50000181)
	value		50001489
OBJ 50001453 (sz=24, trace=300000, class=java.lang.String@50000181)
	value		50001488
OBJ 50001454 (sz=24, trace=300000, class=java.lang.String@50000181)
	value		50001487
OBJ 50001455 (sz=24, trace=300000, class=java.lang.String@50000181)
	value		50001486
OBJ 50001456 (sz=24, trace=300000, class=java.lang.String@50000181)
	value		50001485
OBJ 50001457 (sz=24, trace=300000, class=java.lang.String@50000181)
	value		50001484
OBJ 50001458 (sz=24, trace=300000, class=java.lang.String@50000181)
	value		50001483
OBJ 50001459 (sz=24, trace=300000, class=java.lang.String@50000181)
	value		50001482
OBJ 5000145a (sz=24, trace=300000, class=java.lang.String@50000181)
	value		50001481
OBJ 5000145b (sz=24, trace=300000, class=java.lang.String@50000181)
	value		50001480
OBJ 5000145c (sz=24, trace=300000, class=java.lang.String@50000181)
	value		5000147f
OBJ 5000145d (sz=24, trace=300000, class=java.lang.String@50000181)
	value		5000147e
OBJ 5000145e (sz=24, trace=300000, class=java.lang.String@50000181)
	value		5000147d
OBJ 5000145f (sz=24, trace=300000, class=java.lang.String@50000181)
	value		5000147c
OBJ 50001460 (sz=24, trace=300000, class=java.lang.String@50000181)
	value		5000147b
OBJ 50001461 (sz=24, trace=300000, class=java.lang.String@50000181)
	value		5000147a
OBJ 50001462 (sz=24, trace=300000, class=java.lang.String@50000181)
	value		50001479
OBJ 50001463 (sz=24, trace=300000, class=java.lang.String@50000181)
	value		50001478
OBJ 50001464 (sz=24, trace=300000, class=java.lang.String@50000181)
	value		50001477
OBJ 50001465 (sz=24, trace=300000, class=java.lang.String@50000181)
	value		50001476
OBJ 50001466 (sz=24, trace=300000, class=java.lang.String@50000181)
	value		50001475
OBJ 50001467 (sz=24, trace=300000, class=java.lang.String@50000181)
	value		50001474
OBJ 50001468 (sz=24, trace=300000, class=java.lang.String@50000181)
	value		50001473
OBJ 50001469 (sz=24, trace=300000, class=java.lang.String@50000181)
	value		50001472
OBJ 5000146a (sz=24, trace=300000, class=java.lang.String@50000181)
	value		50001471
OBJ 5000146b (sz=24, trace=300000, class=java.lang.String@50000181)
	value		50001470
OBJ 5000146c (sz=24, trace=300000, class=java.lang.String@50000181)
	value		5000146f
OBJ 5000146d (sz=24, trace=300000, class=java.lang.String@50000181)
	value		5000146e
ARR 5000146e (sz=28, trace=300000, nelems=14, elem type=char[])
ARR 5000146f (sz=28, trace=300000, nelems=14, elem type=char[])
ARR 50001470 (sz=28, trace=300000, nelems=14, elem type=char[])
ARR 50001471 (sz=16, trace=300000, nelems=8, elem type=char[])
ARR 50001472 (sz=16, trace=300000, nelems=8, elem type=char[])
ARR 50001473 (sz=24, trace=300000, nelems=12, elem type=char[])
ARR 50001474 (sz=24, trace=300000, nelems=12, elem type=char[])
ARR 50001475 (sz=24, trace=300000, nelems=12, elem type=char[])
ARR 50001476 (sz=24, trace=300000, nelems=12, elem type=char[])
ARR 50001477 (sz=24, trace=300000, nelems=12, elem type=char[])
ARR 50001478 (sz=24, trace=300000, nelems=12, elem type=char[])
ARR 50001479 (sz=10, trace=300000, nelems=5, elem type=char[])
ARR 5000147a (sz=16, trace=300000, nelems=8, elem type=char[])
ARR 5000147b (sz=16, trace=300000, nelems=8, elem type=char[])
ARR 5000147c (sz=12, trace=300000, nelems=6, elem type=char[])
ARR 5000147d (sz=16, trace=300000, nelems=8, elem type=char[])
ARR 5000147e (sz=16, trace=300000, nelems=8, elem type=char[])
ARR 5000147f (sz=12, trace=300000, nelems=6, elem type=char[])
ARR 50001480 (sz=16, trace=300000, nelems=8, elem type=char[])
ARR 50001481 (sz=12, trace=300000, nelems=6, elem type=char[])
ARR 50001482 (sz=12, trace=300000, nelems=6, elem type=char[])
ARR 50001483 (sz=20, trace=300000, nelems=10, elem type=char[])
ARR 50001484 (sz=20, trace=300000, nelems=10, elem type=char[])
ARR 50001485 (sz=20, trace=300000, nelems=10, elem type=char[])
ARR 50001486 (sz=20, trace=300000, nelems=10, elem type=char[])
ARR 50001487 (sz=20, trace=300000, nelems=10, elem type=char[])
ARR 50001488 (sz=22, trace=300000, nelems=11, elem type=char[])
ARR 50001489 (sz=22, trace=300000, nelems=11, elem type=char[])
ARR 5000148a (sz=20, trace=300000, nelems=10, elem type=char[])
ARR 5000148b (sz=16, trace=300000, nelems=8, elem type=char[])
ARR 5000148c (sz=12, trace=300000, nelems=6, elem type=char[])
ARR 5000148d (sz=10, trace=300000, nelems=5, elem type=char[])
ARR 5000148e (sz=24, trace=300000, nelems=12, elem type=char[])
ARR 5000148f (sz=16, trace=300000, nelems=8, elem type=char[])
ARR 50001490 (sz=12, trace=300000, nelems=6, elem type=char[])
ARR 50001491 (sz=12, trace=300000, nelems=6, elem type=char[])
ARR 50001492 (sz=12, trace=300000, nelems=6, elem type=char[])
ARR 50001493 (sz=12, trace=300000, nelems=6, elem type=char[])
ARR 50001494 (sz=12, trace=300000, nelems=6, elem type=char[])
ARR 50001495 (sz=12, trace=300000, nelems=6, elem type=char[])
ARR 50001496 (sz=12, trace=300000, nelems=6, elem type=char[])
ARR 50001497 (sz=12, trace=300000, nelems=6, elem type=char[])
ARR 50001498 (sz=20, trace=300000, nelems=10, elem type=char[])
ARR 50001499 (sz=20, trace=300000, nelems=10, elem type=char[])
ARR 5000149a (sz=20, trace=300000, nelems=10, elem type=char[])
ARR 5000149b (sz=20, trace=300000, nelems=10, elem type=char[])
ARR 5000149c (sz=20, trace=300000, nelems=10, elem type=char[])
ARR 5000149d (sz=22, trace=300000, nelems=11, elem type=char[])
ARR 5000149e (sz=22, trace=300000, nelems=11, elem type=char[])
ARR 5000149f (sz=12, trace=300000, nelems=6, elem type=char[])
ARR 500014a0 (sz=12, trace=300000, nelems=6, elem type=char[])
ARR 500014a1 (sz=12, trace=300000, nelems=6, elem type=char[])
ARR 500014a2 (sz=12, trace=300000, nelems=6, elem type=char[])
ARR 500014a3 (sz=12, trace=300000, nelems=6, elem type=char[])
ARR 500014a4 (sz=12, trace=300000, nelems=6, elem type=char[])
ARR 500014a5 (sz=12, trace=300000, nelems=6, elem type=char[])
ARR 500014a6 (sz=12, trace=300000, nelems=6, elem type=char[])
ARR 500014a7 (sz=12, trace=300000, nelems=6, elem type=char[])
ARR 500014a8 (sz=12, trace=300000, nelems=6, elem type=char[])
ARR 500014a9 (sz=12, trace=300000, nelems=6, elem type=char[])
ARR 500014aa (sz=12, trace=300000, nelems=6, elem type=char[])
OBJ 500014ab (sz=24, trace=300000, class=java.lang.String@50000181)
	value		50001540
OBJ 500014ac (sz=24, trace=300000, class=java.lang.String@50000181)
	value		5000153f
OBJ 500014ad (sz=24, trace=300000, class=java.lang.String@50000181)
	value		5000153e
OBJ 500014ae (sz=24, trace=300000, class=java.lang.String@50000181)
	value		5000153d
OBJ 500014af (sz=24, trace=300000, class=java.lang.String@50000181)
	value		5000153c
OBJ 500014b0 (sz=24, trace=300000, class=java.lang.String@50000181)
	value		5000153b
OBJ 500014b1 (sz=24, trace=300000, class=java.lang.String@50000181)
	value		5000153a
OBJ 500014b2 (sz=24, trace=300000, class=java.lang.String@50000181)
	value		50001539
OBJ 500014b3 (sz=24, trace=300000, class=java.lang.String@50000181)
	value		50001538
OBJ 500014b4 (sz=24, trace=300000, class=java.lang.String@50000181)
	value		50001537
OBJ 500014b5 (sz=24, trace=300000, class=java.lang.String@50000181)
	value		50001536
OBJ 500014b6 (sz=24, trace=300000, class=java.lang.String@50000181)
	value		50001535
OBJ 500014b7 (sz=24, trace=300000, class=java.lang.String@50000181)
	value		50001534
OBJ 500014b8 (sz=24, trace=300000, class=java.lang.String@50000181)
	value		50001533
OBJ 500014b9 (sz=24, trace=300000, class=java.lang.String@50000181)
	value		50001532
OBJ 500014ba (sz=24, trace=300000, class=java.lang.String@50000181)
	value		50001531
OBJ 500014bb (sz=24, trace=300000, class=java.lang.String@50000181)
	value		50001530
OBJ 500014bc (sz=24, trace=300000, class=java.lang.String@50000181)
	value		5000152f
OBJ 500014bd (sz=24, trace=300000, class=java.lang.String@50000181)
	value		5000152e
OBJ 500014be (sz=24, trace=300000, class=java.lang.String@50000181)
	value		5000152d
OBJ 500014bf (sz=24, trace=300000, class=java.lang.String@50000181)
	value		5000152c
OBJ 500014c0 (sz=24, trace=300000, class=java.lang.String@50000181)
	value		5000152b
OBJ 500014c1 (sz=24, trace=300000, class=java.lang.String@50000181)
	value		5000152a
OBJ 500014c2 (sz=24, trace=300000, class=java.lang.String@50000181)
	value		50001529
OBJ 500014c3 (sz=24, trace=300000, class=java.lang.String@50000181)
	value		50001528
OBJ 500014c4 (sz=24, trace=300000, class=java.lang.String@50000181)
	value		50001527
OBJ 500014c5 (sz=24, trace=300000, class=java.lang.String@50000181)
	value		50001526
OBJ 500014c6 (sz=24, trace=300000, class=java.lang.String@50000181)
	value		50001525
OBJ 500014c7 (sz=24, trace=300000, class=java.lang.String@50000181)
	value		50001524
OBJ 500014c8 (sz=24, trace=300000, class=java.lang.String@50000181)
	value		50001523
OBJ 500014c9 (sz=24, trace=300000, class=java.lang.String@50000181)
	value		50001522
OBJ 500014ca (sz=24, trace=300000, class=java.lang.String@50000181)
	value		50001521
OBJ 500014cb (sz=24, trace=300000, class=java.lang.String@50000181)
	value		50001520
OBJ 500014cc (sz=24, trace=300000, class=java.lang.String@50000181)
	value		5000151f
OBJ 500014cd (sz=24, trace=300000, class=java.lang.String@50000181)
	value		5000151e
OBJ 500014ce (sz=24, trace=300000, class=java.lang.String@50000181)
	value		5000151d
OBJ 500014cf (sz=24, trace=300000, class=java.lang.String@50000181)
	value		5000151c
OBJ 500014d0 (sz=24, trace=300000, class=java.lang.String@50000181)
	value		5000151b
OBJ 500014d1 (sz=24, trace=300000, class=java.lang.String@50000181)
	value		5000151a
OBJ 500014d2 (sz=24, trace=300000, class=java.lang.String@50000181)
	value		50001519
OBJ 500014d3 (sz=24, trace=300000, class=java.lang.String@50000181)
	value		50001518
OBJ 500014d4 (sz=24, trace=300000, class=java.lang.String@50000181)
	value		50001517
OBJ 500014d5 (sz=24, trace=300000, class=java.lang.String@50000181)
	value		50001516
OBJ 500014d6 (sz=24, trace=300000, class=java.lang.String@50000181)
	value		50001515
OBJ 500014d7 (sz=24, trace=300000, class=java.lang.String@50000181)
	value		50001514
OBJ 500014d8 (sz=24, trace=300000, class=java.lang.String@50000181)
	value		50001513
OBJ 500014d9 (sz=24, trace=300000, class=java.lang.String@50000181)
	value		50001512
OBJ 500014da (sz=24, trace=300000, class=java.lang.String@50000181)
	value		50001511
OBJ 500014db (sz=24, trace=300000, class=java.lang.String@50000181)
	value		50001510
OBJ 500014dc (sz=24, trace=300000, class=java.lang.String@50000181)
	value		5000150f
OBJ 500014dd (sz=24, trace=300000, class=java.lang.String@50000181)
	value		5000150e
OBJ 500014de (sz=24, trace=300000, class=java.lang.String@50000181)
	value		5000150d
OBJ 500014df (sz=24, trace=300000, class=java.lang.String@50000181)
	value		5000150c
OBJ 500014e0 (sz=24, trace=300000, class=java.lang.String@50000181)
	value		5000150b
OBJ 500014e1 (sz=24, trace=300000, class=java.lang.String@50000181)
	value		5000150a
OBJ 500014e2 (sz=24, trace=300000, class=java.lang.String@50000181)
	value		50001509
OBJ 500014e3 (sz=24, trace=300000, class=java.lang.String@50000181)
	value		50001508
OBJ 500014e4 (sz=24, trace=300000, class=java.lang.String@50000181)
	value		50001507
OBJ 500014e5 (sz=24, trace=300000, class=java.lang.String@50000181)
	value		50001506
OBJ 500014e6 (sz=24, trace=300000, class=java.lang.String@50000181)
	value		50001505
OBJ 500014e7 (sz=24, trace=300000, class=java.lang.String@50000181)
	value		50001504
OBJ 500014e8 (sz=24, trace=300000, class=java.lang.String@50000181)
	value		50001503
OBJ 500014e9 (sz=24, trace=300000, class=java.lang.String@50000181)
	value		50001502
OBJ 500014ea (sz=24, trace=300000, class=java.lang.String@50000181)
	value		50001501
OBJ 500014eb (sz=24, trace=300000, class=java.lang.String@50000181)
	value		50001500
OBJ 500014ec (sz=24, trace=300000, class=java.lang.String@50000181)
	value		500014ff
OBJ 500014ed (sz=24, trace=300000, class=java.lang.String@50000181)
	value		500014fe
OBJ 500014ee (sz=24, trace=300000, class=java.lang.String@50000181)
	value		500014fd
OBJ 500014ef (sz=24, trace=300000, class=java.lang.String@50000181)
	value		500014fc
OBJ 500014f0 (sz=24, trace=300000, class=java.lang.String@50000181)
	value		500014fb
OBJ 500014f1 (sz=24, trace=300000, class=java.lang.String@50000181)
	value		500014fa
OBJ 500014f2 (sz=24, trace=300000, class=java.lang.String@50000181)
	value		500014f9
OBJ 500014f3 (sz=24, trace=300000, class=java.lang.String@50000181)
	value		500014f8
OBJ 500014f4 (sz=24, trace=300000, class=java.lang.String@50000181)
	value		500014f7
OBJ 500014f5 (sz=24, trace=300000, class=java.lang.String@50000181)
	value		500014f6
ARR 500014f6 (sz=20, trace=300000, nelems=10, elem type=char[])
ARR 500014f7 (sz=20, trace=300000, nelems=10, elem type=char[])
ARR 500014f8 (sz=20, trace=300000, nelems=10, elem type=char[])
ARR 500014f9 (sz=20, trace=300000, nelems=10, elem type=char[])
ARR 500014fa (sz=24, trace=300000, nelems=12, elem type=char[])
ARR 500014fb (sz=16, trace=300000, nelems=8, elem type=char[])
ARR 500014fc (sz=24, trace=300000, nelems=12, elem type=char[])
ARR 500014fd (sz=16, trace=300000, nelems=8, elem type=char[])
ARR 500014fe (sz=12, trace=300000, nelems=6, elem type=char[])
ARR 500014ff (sz=16, trace=300000, nelems=8, elem type=char[])
ARR 50001500 (sz=16, trace=300000, nelems=8, elem type=char[])
ARR 50001501 (sz=12, trace=300000, nelems=6, elem type=char[])
ARR 50001502 (sz=8, trace=300000, nelems=4, elem type=char[])
ARR 50001503 (sz=10, trace=300000, nelems=5, elem type=char[])
ARR 50001504 (sz=24, trace=300000, nelems=12, elem type=char[])
ARR 50001505 (sz=24, trace=300000, nelems=12, elem type=char[])
ARR 50001506 (sz=42, trace=300000, nelems=21, elem type=char[])
ARR 50001507 (sz=26, trace=300000, nelems=13, elem type=char[])
ARR 50001508 (sz=36, trace=300000, nelems=18, elem type=char[])
ARR 50001509 (sz=20, trace=300000, nelems=10, elem type=char[])
ARR 5000150a (sz=48, trace=300000, nelems=24, elem type=char[])
ARR 5000150b (sz=12, trace=300000, nelems=6, elem type=char[])
ARR 5000150c (sz=12, trace=300000, nelems=6, elem type=char[])
ARR 5000150d (sz=4, trace=300000, nelems=2, elem type=char[])
ARR 5000150e (sz=20, trace=300000, nelems=10, elem type=char[])
ARR 5000150f (sz=30, trace=300000, nelems=15, elem type=char[])
ARR 50001510 (sz=20, trace=300000, nelems=10, elem type=char[])
ARR 50001511 (sz=30, trace=300000, nelems=15, elem type=char[])
ARR 50001512 (sz=20, trace=300000, nelems=10, elem type=char[])
ARR 50001513 (sz=30, trace=300000, nelems=15, elem type=char[])
ARR 50001514 (sz=20, trace=300000, nelems=10, elem type=char[])
ARR 50001515 (sz=30, trace=300000, nelems=15, elem type=char[])
ARR 50001516 (sz=20, trace=300000, nelems=10, elem type=char[])
ARR 50001517 (sz=30, trace=300000, nelems=15, elem type=char[])
ARR 50001518 (sz=20, trace=300000, nelems=10, elem type=char[])
ARR 50001519 (sz=30, trace=300000, nelems=15, elem type=char[])
ARR 5000151a (sz=22, trace=300000, nelems=11, elem type=char[])
ARR 5000151b (sz=20, trace=300000, nelems=10, elem type=char[])
ARR 5000151c (sz=32, trace=300000, nelems=16, elem type=char[])
ARR 5000151d (sz=30, trace=300000, nelems=15, elem type=char[])
ARR 5000151e (sz=20, trace=300000, nelems=10, elem type=char[])
ARR 5000151f (sz=18, trace=300000, nelems=9, elem type=char[])
ARR 50001520 (sz=18, trace=300000, nelems=9, elem type=char[])
ARR 50001521 (sz=18, trace=300000, nelems=9, elem type=char[])
ARR 50001522 (sz=18, trace=300000, nelems=9, elem type=char[])
ARR 50001523 (sz=20, trace=300000, nelems=10, elem type=char[])
ARR 50001524 (sz=20, trace=300000, nelems=10, elem type=char[])
ARR 50001525 (sz=18, trace=300000, nelems=9, elem type=char[])
ARR 50001526 (sz=18, trace=300000, nelems=9, elem type=char[])
ARR 50001527 (sz=30, trace=300000, nelems=15, elem type=char[])
ARR 50001528 (sz=12, trace=300000, nelems=6, elem type=char[])
ARR 50001529 (sz=12, trace=300000, nelems=6, elem type=char[])
ARR 5000152a (sz=12, trace=300000, nelems=6, elem type=char[])
ARR 5000152b (sz=14, trace=300000, nelems=7, elem type=char[])
ARR 5000152c (sz=14, trace=300000, nelems=7, elem type=char[])
ARR 5000152d (sz=16, trace=300000, nelems=8, elem type=char[])
ARR 5000152e (sz=16, trace=300000, nelems=8, elem type=char[])
ARR 5000152f (sz=16, trace=300000, nelems=8, elem type=char[])
ARR 50001530 (sz=30, trace=300000, nelems=15, elem type=char[])
ARR 50001531 (sz=36, trace=300000, nelems=18, elem type=char[])
ARR 50001532 (sz=22, trace=300000, nelems=11, elem type=char[])
ARR 50001533 (sz=22, trace=300000, nelems=11, elem type=char[])
ARR 50001534 (sz=22, trace=300000, nelems=11, elem type=char[])
ARR 50001535 (sz=22, trace=300000, nelems=11, elem type=char[])
ARR 50001536 (sz=22, trace=300000, nelems=11, elem type=char[])
ARR 50001537 (sz=22, trace=300000, nelems=11, elem type=char[])
ARR 50001538 (sz=16, trace=300000, nelems=8, elem type=char[])
ARR 50001539 (sz=16, trace=300000, nelems=8, elem type=char[])
ARR 5000153a (sz=16, trace=300000, nelems=8, elem type=char[])
ARR 5000153b (sz=16, trace=300000, nelems=8, elem type=char[])
ARR 5000153c (sz=14, trace=300000, nelems=7, elem type=char[])
ARR 5000153d (sz=10, trace=300000, nelems=5, elem type=char[])
ARR 5000153e (sz=10, trace=300000, nelems=5, elem type=char[])
ARR 5000153f (sz=28, trace=300000, nelems=14, elem type=char[])
ARR 50001540 (sz=28, trace=300000, nelems=14, elem type=char[])
OBJ 50001541 (sz=24, trace=300000, class=java.lang.String@50000181)
	value		5000222b
OBJ 50001542 (sz=24, trace=300000, class=java.lang.String@50000181)
	value		5000168c
OBJ 50001543 (sz=24, trace=300000, class=java.lang.String@50000181)
	value		50002236
OBJ 50001544 (sz=24, trace=300000, class=java.lang.String@50000181)
	value		50002235
OBJ 50001545 (sz=24, trace=300000, class=sun.nio.cs.ext.GBK@500000a4)
	name		500016b0
	aliases		500016af
OBJ 50001546 (sz=16, trace=300000, class=java.lang.ThreadLocal@500000c7)
OBJ 50001547 (sz=32, trace=300000, class=sun.nio.cs.StandardCharsets@500000cc)
	classMap	5000154b
	aliasMap	5000154a
	cache		50001549
	packagePrefix	5000133d
ARR 50001548 (sz=0, trace=300000, nelems=0, elem type=char[])
OBJ 50001549 (sz=40, trace=300000, class=sun.nio.cs.StandardCharsets$Cache@500000c8)
	ht		50001648
OBJ 5000154a (sz=40, trace=300000, class=sun.nio.cs.StandardCharsets$Aliases@500000ca)
	ht		50001574
OBJ 5000154b (sz=40, trace=300000, class=sun.nio.cs.StandardCharsets$Classes@500000c9)
	ht		5000154c
ARR 5000154c (sz=144, trace=300000, nelems=32, elem type=java.lang.Object[]@5000011c)
	[0]		5000154d
	[2]		5000154e
	[3]		5000154f
	[4]		50001550
	[5]		50001551
	[6]		50001552
	[7]		50001553
	[8]		50001554
	[9]		50001555
	[10]		50001556
	[11]		50001557
	[12]		50001558
	[14]		50001559
	[15]		5000155a
	[16]		5000155b
	[17]		5000155c
	[18]		5000155d
	[19]		5000155e
	[22]		5000155f
	[23]		50001560
	[24]		50001561
	[28]		50001562
	[29]		50001563
	[31]		50001564
ARR 5000154d (sz=24, trace=300000, nelems=2, elem type=java.lang.Object[]@5000011c)
	[0]		5000131d
	[1]		5000143a
ARR 5000154e (sz=32, trace=300000, nelems=3, elem type=java.lang.Object[]@5000011c)
	[0]		5000131e
	[1]		5000143b
	[2]		50001572
ARR 5000154f (sz=32, trace=300000, nelems=3, elem type=java.lang.Object[]@5000011c)
	[0]		50001464
	[1]		50001447
	[2]		50001571
ARR 50001550 (sz=32, trace=300000, nelems=3, elem type=java.lang.Object[]@5000011c)
	[0]		50001466
	[1]		50001449
	[2]		5000156f
ARR 50001551 (sz=32, trace=300000, nelems=3, elem type=java.lang.Object[]@5000011c)
	[0]		50001467
	[1]		5000144a
	[2]		5000156e
ARR 50001552 (sz=24, trace=300000, nelems=2, elem type=java.lang.Object[]@5000011c)
	[0]		50001468
	[1]		5000144b
ARR 50001553 (sz=24, trace=300000, nelems=2, elem type=java.lang.Object[]@5000011c)
	[0]		5000145d
	[1]		500012c2
ARR 50001554 (sz=32, trace=300000, nelems=3, elem type=java.lang.Object[]@5000011c)
	[0]		50001454
	[1]		5000143f
	[2]		5000156d
ARR 50001555 (sz=32, trace=300000, nelems=3, elem type=java.lang.Object[]@5000011c)
	[0]		50001455
	[1]		50001440
	[2]		5000156c
ARR 50001556 (sz=24, trace=300000, nelems=2, elem type=java.lang.Object[]@5000011c)
	[0]		50001456
	[1]		50001441
ARR 50001557 (sz=32, trace=300000, nelems=3, elem type=java.lang.Object[]@5000011c)
	[0]		5000146a
	[1]		5000143c
	[2]		5000156b
ARR 50001558 (sz=24, trace=300000, nelems=2, elem type=java.lang.Object[]@5000011c)
	[0]		50001458
	[1]		50001443
ARR 50001559 (sz=24, trace=300000, nelems=2, elem type=java.lang.Object[]@5000011c)
	[0]		50001469
	[1]		50001433
ARR 5000155a (sz=24, trace=300000, nelems=2, elem type=java.lang.Object[]@5000011c)
	[0]		50001319
	[1]		50001435
ARR 5000155b (sz=32, trace=300000, nelems=3, elem type=java.lang.Object[]@5000011c)
	[0]		5000131a
	[1]		50001436
	[2]		5000156a
ARR 5000155c (sz=32, trace=300000, nelems=3, elem type=java.lang.Object[]@5000011c)
	[0]		50001452
	[1]		5000143d
	[2]		50001569
ARR 5000155d (sz=32, trace=300000, nelems=3, elem type=java.lang.Object[]@5000011c)
	[0]		5000131b
	[1]		50001437
	[2]		50001567
ARR 5000155e (sz=32, trace=300000, nelems=3, elem type=java.lang.Object[]@5000011c)
	[0]		50001450
	[1]		50001439
	[2]		50001565
ARR 5000155f (sz=24, trace=300000, nelems=2, elem type=java.lang.Object[]@5000011c)
	[0]		5000146b
	[1]		5000144d
ARR 50001560 (sz=24, trace=300000, nelems=2, elem type=java.lang.Object[]@5000011c)
	[0]		5000144f
	[1]		50001431
ARR 50001561 (sz=24, trace=300000, nelems=2, elem type=java.lang.Object[]@5000011c)
	[0]		5000146c
	[1]		500012c6
ARR 50001562 (sz=24, trace=300000, nelems=2, elem type=java.lang.Object[]@5000011c)
	[0]		50001459
	[1]		50001444
ARR 50001563 (sz=24, trace=300000, nelems=2, elem type=java.lang.Object[]@5000011c)
	[0]		5000145a
	[1]		50001445
ARR 50001564 (sz=24, trace=300000, nelems=2, elem type=java.lang.Object[]@5000011c)
	[0]		50001461
	[1]		500012c7
ARR 50001565 (sz=32, trace=300000, nelems=3, elem type=java.lang.Object[]@5000011c)
	[0]		5000131c
	[1]		50001438
	[2]		50001566
ARR 50001566 (sz=24, trace=300000, nelems=2, elem type=java.lang.Object[]@5000011c)
	[0]		5000146d
	[1]		500012c8
ARR 50001567 (sz=32, trace=300000, nelems=3, elem type=java.lang.Object[]@5000011c)
	[0]		50001315
	[1]		50001432
	[2]		50001568
ARR 50001568 (sz=24, trace=300000, nelems=2, elem type=java.lang.Object[]@5000011c)
	[0]		50001453
	[1]		5000143e
ARR 50001569 (sz=24, trace=300000, nelems=2, elem type=java.lang.Object[]@5000011c)
	[0]		5000145b
	[1]		5000144c
ARR 5000156a (sz=24, trace=300000, nelems=2, elem type=java.lang.Object[]@5000011c)
	[0]		50001317
	[1]		50001434
ARR 5000156b (sz=24, trace=300000, nelems=2, elem type=java.lang.Object[]@5000011c)
	[0]		50001457
	[1]		50001442
ARR 5000156c (sz=24, trace=300000, nelems=2, elem type=java.lang.Object[]@5000011c)
	[0]		50001462
	[1]		5000144e
ARR 5000156d (sz=24, trace=300000, nelems=2, elem type=java.lang.Object[]@5000011c)
	[0]		50001451
	[1]		500012b8
ARR 5000156e (sz=24, trace=300000, nelems=2, elem type=java.lang.Object[]@5000011c)
	[0]		5000145c
	[1]		500012c1
ARR 5000156f (sz=32, trace=300000, nelems=3, elem type=java.lang.Object[]@5000011c)
	[0]		50001465
	[1]		50001448
	[2]		50001570
ARR 50001570 (sz=24, trace=300000, nelems=2, elem type=java.lang.Object[]@5000011c)
	[0]		50001460
	[1]		500012c5
ARR 50001571 (sz=24, trace=300000, nelems=2, elem type=java.lang.Object[]@5000011c)
	[0]		50001463
	[1]		50001446
ARR 50001572 (sz=32, trace=300000, nelems=3, elem type=java.lang.Object[]@5000011c)
	[0]		5000145f
	[1]		500012c4
	[2]		50001573
ARR 50001573 (sz=24, trace=300000, nelems=2, elem type=java.lang.Object[]@5000011c)
	[0]		5000145e
	[1]		500012c3
ARR 50001574 (sz=4112, trace=300000, nelems=1016, elem type=java.lang.Object[]@5000011c)
	[1]		50001575
	[2]		50001576
	[3]		50001577
	[5]		50001578
	[6]		50001579
	[10]		5000157a
	[19]		5000157b
	[24]		5000157c
	[25]		5000157d
	[26]		5000157e
	[28]		5000157f
	[29]		50001580
	[55]		50001581
	[58]		50001582
	[86]		50001583
	[87]		50001584
	[89]		50001585
	[90]		50001586
	[92]		50001587
	[94]		50001588
	[95]		50001589
	[96]		5000158a
	[106]		5000158b
	[121]		5000158c
	[125]		5000158d
	[134]		5000158e
	[137]		5000158f
	[141]		50001590
	[143]		50001591
	[144]		50001592
	[170]		50001593
	[173]		50001594
	[177]		50001595
	[192]		50001596
	[199]		50001597
	[205]		50001598
	[211]		50001599
	[213]		5000159a
	[216]		5000159b
	[218]		5000159c
	[219]		5000159d
	[225]		5000159e
	[244]		5000159f
	[248]		500015a0
	[253]		500015a1
	[254]		500015a2
	[259]		500015a3
	[269]		500015a4
	[277]		500015a5
	[280]		500015a6
	[283]		500015a7
	[284]		500015a8
	[286]		500015a9
	[287]		500015aa
	[289]		500015ab
	[291]		500015ac
	[294]		500015ad
	[296]		500015ae
	[297]		500015af
	[305]		500015b0
	[307]		500015b1
	[312]		500015b2
	[321]		500015b3
	[323]		500015b4
	[324]		500015b5
	[325]		500015b6
	[326]		500015b7
	[327]		500015b8
	[328]		500015b9
	[329]		500015ba
	[331]		500015bb
	[333]		500015bc
	[334]		500015bd
	[336]		500015be
	[339]		500015bf
	[341]		500015c0
	[345]		500015c1
	[350]		500015c2
	[353]		500015c3
	[358]		500015c4
	[359]		500015c5
	[363]		500015c6
	[364]		500015c7
	[378]		500015c8
	[385]		500015c9
	[391]		500015ca
	[392]		500015cb
	[405]		500015cc
	[406]		500015cd
	[408]		500015ce
	[421]		500015cf
	[428]		500015d0
	[429]		500015d1
	[430]		500015d2
	[432]		500015d3
	[433]		500015d4
	[436]		500015d5
	[437]		500015d6
	[438]		500015d7
	[443]		500015d8
	[456]		500015d9
	[473]		500015da
	[479]		500015db
	[481]		500015dc
	[484]		500015dd
	[486]		500015de
	[487]		500015df
	[502]		500015e0
	[506]		500015e1
	[508]		500015e2
	[511]		500015e3
	[512]		500015e4
	[513]		500015e5
	[514]		500015e6
	[516]		500015e7
	[520]		500015e8
	[523]		500015e9
	[524]		500015ea
	[533]		500015eb
	[537]		500015ec
	[539]		500015ed
	[543]		500015ee
	[545]		500015ef
	[563]		500015f0
	[572]		500015f1
	[573]		500015f2
	[577]		500015f3
	[582]		500015f4
	[583]		500015f5
	[588]		500015f6
	[593]		500015f7
	[598]		500015f8
	[609]		500015f9
	[617]		500015fa
	[618]		500015fb
	[619]		500015fc
	[620]		500015fd
	[621]		500015fe
	[624]		500015ff
	[628]		50001600
	[632]		50001601
	[634]		50001602
	[635]		50001603
	[636]		50001604
	[654]		50001605
	[669]		50001606
	[670]		50001607
	[671]		50001608
	[676]		50001609
	[679]		5000160a
	[686]		5000160b
	[703]		5000160c
	[710]		5000160d
	[712]		5000160e
	[732]		5000160f
	[733]		50001610
	[768]		50001611
	[774]		50001612
	[781]		50001613
	[782]		50001614
	[783]		50001615
	[784]		50001616
	[785]		50001617
	[787]		50001618
	[789]		50001619
	[813]		5000161a
	[818]		5000161b
	[832]		5000161c
	[834]		5000161d
	[835]		5000161e
	[836]		5000161f
	[837]		50001620
	[838]		50001621
	[840]		50001622
	[842]		50001623
	[843]		50001624
	[846]		50001625
	[849]		50001626
	[863]		50001627
	[881]		50001628
	[896]		50001629
	[909]		5000162a
	[910]		5000162b
	[911]		5000162c
	[912]		5000162d
	[925]		5000162e
	[934]		5000162f
	[937]		50001630
	[944]		50001631
	[957]		50001632
	[993]		50001633
	[1009]		50001634
	[1015]		50001635
ARR 50001575 (sz=24, trace=300000, nelems=2, elem type=java.lang.Object[]@5000011c)
	[0]		500014b4
	[1]		50001453
ARR 50001576 (sz=24, trace=300000, nelems=2, elem type=java.lang.Object[]@5000011c)
	[0]		500014b5
	[1]		50001451
ARR 50001577 (sz=24, trace=300000, nelems=2, elem type=java.lang.Object[]@5000011c)
	[0]		500014b6
	[1]		50001454
ARR 50001578 (sz=24, trace=300000, nelems=2, elem type=java.lang.Object[]@5000011c)
	[0]		500014b7
	[1]		50001455
ARR 50001579 (sz=24, trace=300000, nelems=2, elem type=java.lang.Object[]@5000011c)
	[0]		500014b8
	[1]		50001458
ARR 5000157a (sz=24, trace=300000, nelems=2, elem type=java.lang.Object[]@5000011c)
	[0]		500014b9
	[1]		50001453
ARR 5000157b (sz=24, trace=300000, nelems=2, elem type=java.lang.Object[]@5000011c)
	[0]		500014e4
	[1]		5000146b
ARR 5000157c (sz=24, trace=300000, nelems=2, elem type=java.lang.Object[]@5000011c)
	[0]		500014c5
	[1]		5000145b
ARR 5000157d (sz=24, trace=300000, nelems=2, elem type=java.lang.Object[]@5000011c)
	[0]		500014da
	[1]		50001457
ARR 5000157e (sz=24, trace=300000, nelems=2, elem type=java.lang.Object[]@5000011c)
	[0]		50001294
	[1]		50001454
ARR 5000157f (sz=24, trace=300000, nelems=2, elem type=java.lang.Object[]@5000011c)
	[0]		50001295
	[1]		50001455
ARR 50001580 (sz=24, trace=300000, nelems=2, elem type=java.lang.Object[]@5000011c)
	[0]		50001296
	[1]		50001456
ARR 50001581 (sz=24, trace=300000, nelems=2, elem type=java.lang.Object[]@5000011c)
	[0]		50001297
	[1]		50001458
ARR 50001582 (sz=24, trace=300000, nelems=2, elem type=java.lang.Object[]@5000011c)
	[0]		50001298
	[1]		50001453
ARR 50001583 (sz=32, trace=300000, nelems=3, elem type=java.lang.Object[]@5000011c)
	[0]		500014ba
	[1]		50001456
	[2]		50001647
ARR 50001584 (sz=24, trace=300000, nelems=2, elem type=java.lang.Object[]@5000011c)
	[0]		5000128f
	[1]		50001454
ARR 50001585 (sz=24, trace=300000, nelems=2, elem type=java.lang.Object[]@5000011c)
	[0]		50001290
	[1]		50001455
ARR 50001586 (sz=32, trace=300000, nelems=3, elem type=java.lang.Object[]@5000011c)
	[0]		50001283
	[1]		50001457
	[2]		50001646
ARR 50001587 (sz=24, trace=300000, nelems=2, elem type=java.lang.Object[]@5000011c)
	[0]		50001292
	[1]		50001457
ARR 50001588 (sz=24, trace=300000, nelems=2, elem type=java.lang.Object[]@5000011c)
	[0]		50001293
	[1]		50001458
ARR 50001589 (sz=24, trace=300000, nelems=2, elem type=java.lang.Object[]@5000011c)
	[0]		500014d2
	[1]		50001451
ARR 5000158a (sz=24, trace=300000, nelems=2, elem type=java.lang.Object[]@5000011c)
	[0]		50001284
	[1]		50001451
ARR 5000158b (sz=24, trace=300000, nelems=2, elem type=java.lang.Object[]@5000011c)
	[0]		50001340
	[1]		50001462
ARR 5000158c (sz=24, trace=300000, nelems=2, elem type=java.lang.Object[]@5000011c)
	[0]		500014f3
	[1]		5000145e
ARR 5000158d (sz=24, trace=300000, nelems=2, elem type=java.lang.Object[]@5000011c)
	[0]		500014bd
	[1]		50001457
ARR 5000158e (sz=24, trace=300000, nelems=2, elem type=java.lang.Object[]@5000011c)
	[0]		50001333
	[1]		50001459
ARR 5000158f (sz=24, trace=300000, nelems=2, elem type=java.lang.Object[]@5000011c)
	[0]		50001334
	[1]		5000145a
ARR 50001590 (sz=24, trace=300000, nelems=2, elem type=java.lang.Object[]@5000011c)
	[0]		500012ed
	[1]		50001454
ARR 50001591 (sz=24, trace=300000, nelems=2, elem type=java.lang.Object[]@5000011c)
	[0]		500012ee
	[1]		50001455
ARR 50001592 (sz=24, trace=300000, nelems=2, elem type=java.lang.Object[]@5000011c)
	[0]		500012ef
	[1]		50001456
ARR 50001593 (sz=24, trace=300000, nelems=2, elem type=java.lang.Object[]@5000011c)
	[0]		500012f0
	[1]		50001458
ARR 50001594 (sz=24, trace=300000, nelems=2, elem type=java.lang.Object[]@5000011c)
	[0]		500012f1
	[1]		50001453
ARR 50001595 (sz=24, trace=300000, nelems=2, elem type=java.lang.Object[]@5000011c)
	[0]		500014f1
	[1]		5000146d
ARR 50001596 (sz=24, trace=300000, nelems=2, elem type=java.lang.Object[]@5000011c)
	[0]		500014eb
	[1]		5000145d
ARR 50001597 (sz=32, trace=300000, nelems=3, elem type=java.lang.Object[]@5000011c)
	[0]		50001302
	[1]		50001315
	[2]		50001645
ARR 50001598 (sz=24, trace=300000, nelems=2, elem type=java.lang.Object[]@5000011c)
	[0]		500012e3
	[1]		50001457
ARR 50001599 (sz=32, trace=300000, nelems=3, elem type=java.lang.Object[]@5000011c)
	[0]		50001285
	[1]		50001319
	[2]		50001644
ARR 5000159a (sz=24, trace=300000, nelems=2, elem type=java.lang.Object[]@5000011c)
	[0]		50001286
	[1]		5000131a
ARR 5000159b (sz=24, trace=300000, nelems=2, elem type=java.lang.Object[]@5000011c)
	[0]		50001287
	[1]		5000131b
ARR 5000159c (sz=32, trace=300000, nelems=3, elem type=java.lang.Object[]@5000011c)
	[0]		50001288
	[1]		5000131c
	[2]		50001643
ARR 5000159d (sz=32, trace=300000, nelems=3, elem type=java.lang.Object[]@5000011c)
	[0]		50001289
	[1]		50001450
	[2]		50001642
ARR 5000159e (sz=24, trace=300000, nelems=2, elem type=java.lang.Object[]@5000011c)
	[0]		500014af
	[1]		5000145b
ARR 5000159f (sz=24, trace=300000, nelems=2, elem type=java.lang.Object[]@5000011c)
	[0]		5000128a
	[1]		5000131d
ARR 500015a0 (sz=24, trace=300000, nelems=2, elem type=java.lang.Object[]@5000011c)
	[0]		5000128b
	[1]		5000131e
ARR 500015a1 (sz=24, trace=300000, nelems=2, elem type=java.lang.Object[]@5000011c)
	[0]		500014f4
	[1]		50001460
ARR 500015a2 (sz=24, trace=300000, nelems=2, elem type=java.lang.Object[]@5000011c)
	[0]		500014d4
	[1]		50001454
ARR 500015a3 (sz=24, trace=300000, nelems=2, elem type=java.lang.Object[]@5000011c)
	[0]		500014e2
	[1]		5000145c
ARR 500015a4 (sz=24, trace=300000, nelems=2, elem type=java.lang.Object[]@5000011c)
	[0]		500014ce
	[1]		50001453
ARR 500015a5 (sz=24, trace=300000, nelems=2, elem type=java.lang.Object[]@5000011c)
	[0]		50001343
	[1]		5000146a
ARR 500015a6 (sz=24, trace=300000, nelems=2, elem type=java.lang.Object[]@5000011c)
	[0]		500014e5
	[1]		5000145e
ARR 500015a7 (sz=24, trace=300000, nelems=2, elem type=java.lang.Object[]@5000011c)
	[0]		500014cc
	[1]		50001451
ARR 500015a8 (sz=24, trace=300000, nelems=2, elem type=java.lang.Object[]@5000011c)
	[0]		5000132c
	[1]		50001454
ARR 500015a9 (sz=24, trace=300000, nelems=2, elem type=java.lang.Object[]@5000011c)
	[0]		5000132d
	[1]		50001455
ARR 500015aa (sz=24, trace=300000, nelems=2, elem type=java.lang.Object[]@5000011c)
	[0]		5000132e
	[1]		50001456
ARR 500015ab (sz=24, trace=300000, nelems=2, elem type=java.lang.Object[]@5000011c)
	[0]		5000132f
	[1]		50001457
ARR 500015ac (sz=24, trace=300000, nelems=2, elem type=java.lang.Object[]@5000011c)
	[0]		50001330
	[1]		50001458
ARR 500015ad (sz=24, trace=300000, nelems=2, elem type=java.lang.Object[]@5000011c)
	[0]		5000131f
	[1]		50001454
ARR 500015ae (sz=24, trace=300000, nelems=2, elem type=java.lang.Object[]@5000011c)
	[0]		50001320
	[1]		50001455
ARR 500015af (sz=24, trace=300000, nelems=2, elem type=java.lang.Object[]@5000011c)
	[0]		50001321
	[1]		50001456
ARR 500015b0 (sz=24, trace=300000, nelems=2, elem type=java.lang.Object[]@5000011c)
	[0]		50001331
	[1]		50001452
ARR 500015b1 (sz=24, trace=300000, nelems=2, elem type=java.lang.Object[]@5000011c)
	[0]		500014d1
	[1]		50001453
ARR 500015b2 (sz=32, trace=300000, nelems=3, elem type=java.lang.Object[]@5000011c)
	[0]		50001306
	[1]		50001457
	[2]		50001641
ARR 500015b3 (sz=24, trace=300000, nelems=2, elem type=java.lang.Object[]@5000011c)
	[0]		50001311
	[1]		50001454
ARR 500015b4 (sz=32, trace=300000, nelems=3, elem type=java.lang.Object[]@5000011c)
	[0]		50001322
	[1]		50001458
	[2]		50001640
ARR 500015b5 (sz=24, trace=300000, nelems=2, elem type=java.lang.Object[]@5000011c)
	[0]		50001313
	[1]		50001456
ARR 500015b6 (sz=24, trace=300000, nelems=2, elem type=java.lang.Object[]@5000011c)
	[0]		50001335
	[1]		50001451
ARR 500015b7 (sz=32, trace=300000, nelems=3, elem type=java.lang.Object[]@5000011c)
	[0]		500012e5
	[1]		50001319
	[2]		5000163e
ARR 500015b8 (sz=24, trace=300000, nelems=2, elem type=java.lang.Object[]@5000011c)
	[0]		50001304
	[1]		50001456
ARR 500015b9 (sz=32, trace=300000, nelems=3, elem type=java.lang.Object[]@5000011c)
	[0]		500012e6
	[1]		5000131a
	[2]		5000163d
ARR 500015ba (sz=24, trace=300000, nelems=2, elem type=java.lang.Object[]@5000011c)
	[0]		50001338
	[1]		50001458
ARR 500015bb (sz=24, trace=300000, nelems=2, elem type=java.lang.Object[]@5000011c)
	[0]		500012e7
	[1]		5000131b
ARR 500015bc (sz=32, trace=300000, nelems=3, elem type=java.lang.Object[]@5000011c)
	[0]		500012e8
	[1]		5000131c
	[2]		5000163c
ARR 500015bd (sz=32, trace=300000, nelems=3, elem type=java.lang.Object[]@5000011c)
	[0]		500012e9
	[1]		50001450
	[2]		5000163b
ARR 500015be (sz=24, trace=300000, nelems=2, elem type=java.lang.Object[]@5000011c)
	[0]		500014dd
	[1]		50001451
ARR 500015bf (sz=24, trace=300000, nelems=2, elem type=java.lang.Object[]@5000011c)
	[0]		50001332
	[1]		50001459
ARR 500015c0 (sz=24, trace=300000, nelems=2, elem type=java.lang.Object[]@5000011c)
	[0]		50001282
	[1]		50001317
ARR 500015c1 (sz=24, trace=300000, nelems=2, elem type=java.lang.Object[]@5000011c)
	[0]		500014dc
	[1]		50001458
ARR 500015c2 (sz=24, trace=300000, nelems=2, elem type=java.lang.Object[]@5000011c)
	[0]		50001314
	[1]		50001458
ARR 500015c3 (sz=24, trace=300000, nelems=2, elem type=java.lang.Object[]@5000011c)
	[0]		500014c0
	[1]		50001453
ARR 500015c4 (sz=24, trace=300000, nelems=2, elem type=java.lang.Object[]@5000011c)
	[0]		50001318
	[1]		50001457
ARR 500015c5 (sz=24, trace=300000, nelems=2, elem type=java.lang.Object[]@5000011c)
	[0]		500012ea
	[1]		5000131d
ARR 500015c6 (sz=24, trace=300000, nelems=2, elem type=java.lang.Object[]@5000011c)
	[0]		500012eb
	[1]		5000131e
ARR 500015c7 (sz=24, trace=300000, nelems=2, elem type=java.lang.Object[]@5000011c)
	[0]		500014c2
	[1]		50001451
ARR 500015c8 (sz=24, trace=300000, nelems=2, elem type=java.lang.Object[]@5000011c)
	[0]		500014ab
	[1]		5000145b
ARR 500015c9 (sz=24, trace=300000, nelems=2, elem type=java.lang.Object[]@5000011c)
	[0]		5000130a
	[1]		50001457
ARR 500015ca (sz=24, trace=300000, nelems=2, elem type=java.lang.Object[]@5000011c)
	[0]		500014bf
	[1]		50001451
ARR 500015cb (sz=24, trace=300000, nelems=2, elem type=java.lang.Object[]@5000011c)
	[0]		500012ec
	[1]		5000146a
ARR 500015cc (sz=24, trace=300000, nelems=2, elem type=java.lang.Object[]@5000011c)
	[0]		50001323
	[1]		50001451
ARR 500015cd (sz=24, trace=300000, nelems=2, elem type=java.lang.Object[]@5000011c)
	[0]		50001324
	[1]		50001454
ARR 500015ce (sz=24, trace=300000, nelems=2, elem type=java.lang.Object[]@5000011c)
	[0]		50001280
	[1]		50001315
ARR 500015cf (sz=24, trace=300000, nelems=2, elem type=java.lang.Object[]@5000011c)
	[0]		50001453
	[1]		50001453
ARR 500015d0 (sz=24, trace=300000, nelems=2, elem type=java.lang.Object[]@5000011c)
	[0]		500014df
	[1]		50001453
ARR 500015d1 (sz=24, trace=300000, nelems=2, elem type=java.lang.Object[]@5000011c)
	[0]		50001339
	[1]		50001451
ARR 500015d2 (sz=24, trace=300000, nelems=2, elem type=java.lang.Object[]@5000011c)
	[0]		5000133a
	[1]		50001454
ARR 500015d3 (sz=24, trace=300000, nelems=2, elem type=java.lang.Object[]@5000011c)
	[0]		5000133b
	[1]		50001455
ARR 500015d4 (sz=24, trace=300000, nelems=2, elem type=java.lang.Object[]@5000011c)
	[0]		5000133c
	[1]		50001458
ARR 500015d5 (sz=24, trace=300000, nelems=2, elem type=java.lang.Object[]@5000011c)
	[0]		50001325
	[1]		50001455
ARR 500015d6 (sz=24, trace=300000, nelems=2, elem type=java.lang.Object[]@5000011c)
	[0]		500014e0
	[1]		50001453
ARR 500015d7 (sz=24, trace=300000, nelems=2, elem type=java.lang.Object[]@5000011c)
	[0]		500014ac
	[1]		5000145b
ARR 500015d8 (sz=24, trace=300000, nelems=2, elem type=java.lang.Object[]@5000011c)
	[0]		500014e6
	[1]		5000146c
ARR 500015d9 (sz=24, trace=300000, nelems=2, elem type=java.lang.Object[]@5000011c)
	[0]		500012e2
	[1]		50001317
ARR 500015da (sz=24, trace=300000, nelems=2, elem type=java.lang.Object[]@5000011c)
	[0]		50001326
	[1]		50001457
ARR 500015db (sz=24, trace=300000, nelems=2, elem type=java.lang.Object[]@5000011c)
	[0]		50001319
	[1]		50001319
ARR 500015dc (sz=24, trace=300000, nelems=2, elem type=java.lang.Object[]@5000011c)
	[0]		5000131a
	[1]		5000131a
ARR 500015dd (sz=24, trace=300000, nelems=2, elem type=java.lang.Object[]@5000011c)
	[0]		5000131b
	[1]		5000131b
ARR 500015de (sz=24, trace=300000, nelems=2, elem type=java.lang.Object[]@5000011c)
	[0]		5000131c
	[1]		5000131c
ARR 500015df (sz=24, trace=300000, nelems=2, elem type=java.lang.Object[]@5000011c)
	[0]		50001316
	[1]		50001469
ARR 500015e0 (sz=24, trace=300000, nelems=2, elem type=java.lang.Object[]@5000011c)
	[0]		500014ec
	[1]		5000145e
ARR 500015e1 (sz=24, trace=300000, nelems=2, elem type=java.lang.Object[]@5000011c)
	[0]		5000130b
	[1]		50001319
ARR 500015e2 (sz=24, trace=300000, nelems=2, elem type=java.lang.Object[]@5000011c)
	[0]		5000130c
	[1]		5000131a
ARR 500015e3 (sz=24, trace=300000, nelems=2, elem type=java.lang.Object[]@5000011c)
	[0]		5000130d
	[1]		5000131b
ARR 500015e4 (sz=24, trace=300000, nelems=2, elem type=java.lang.Object[]@5000011c)
	[0]		5000131d
	[1]		5000131d
ARR 500015e5 (sz=24, trace=300000, nelems=2, elem type=java.lang.Object[]@5000011c)
	[0]		5000130e
	[1]		5000131c
ARR 500015e6 (sz=24, trace=300000, nelems=2, elem type=java.lang.Object[]@5000011c)
	[0]		50001308
	[1]		50001469
ARR 500015e7 (sz=24, trace=300000, nelems=2, elem type=java.lang.Object[]@5000011c)
	[0]		5000131e
	[1]		5000131e
ARR 500015e8 (sz=24, trace=300000, nelems=2, elem type=java.lang.Object[]@5000011c)
	[0]		500014e3
	[1]		5000145d
ARR 500015e9 (sz=24, trace=300000, nelems=2, elem type=java.lang.Object[]@5000011c)
	[0]		500012da
	[1]		50001315
ARR 500015ea (sz=24, trace=300000, nelems=2, elem type=java.lang.Object[]@5000011c)
	[0]		50001341
	[1]		5000145c
ARR 500015eb (sz=24, trace=300000, nelems=2, elem type=java.lang.Object[]@5000011c)
	[0]		50001327
	[1]		50001456
ARR 500015ec (sz=24, trace=300000, nelems=2, elem type=java.lang.Object[]@5000011c)
	[0]		50001328
	[1]		50001458
ARR 500015ed (sz=24, trace=300000, nelems=2, elem type=java.lang.Object[]@5000011c)
	[0]		5000130f
	[1]		5000131d
ARR 500015ee (sz=24, trace=300000, nelems=2, elem type=java.lang.Object[]@5000011c)
	[0]		50001310
	[1]		5000131e
ARR 500015ef (sz=24, trace=300000, nelems=2, elem type=java.lang.Object[]@5000011c)
	[0]		50001345
	[1]		5000146a
ARR 500015f0 (sz=24, trace=300000, nelems=2, elem type=java.lang.Object[]@5000011c)
	[0]		500014f5
	[1]		50001461
ARR 500015f1 (sz=24, trace=300000, nelems=2, elem type=java.lang.Object[]@5000011c)
	[0]		50001344
	[1]		5000146a
ARR 500015f2 (sz=24, trace=300000, nelems=2, elem type=java.lang.Object[]@5000011c)
	[0]		500014d6
	[1]		50001455
ARR 500015f3 (sz=24, trace=300000, nelems=2, elem type=java.lang.Object[]@5000011c)
	[0]		5000126d
	[1]		5000145b
ARR 500015f4 (sz=24, trace=300000, nelems=2, elem type=java.lang.Object[]@5000011c)
	[0]		500014e8
	[1]		5000145f
ARR 500015f5 (sz=24, trace=300000, nelems=2, elem type=java.lang.Object[]@5000011c)
	[0]		500014e1
	[1]		50001450
ARR 500015f6 (sz=24, trace=300000, nelems=2, elem type=java.lang.Object[]@5000011c)
	[0]		500014be
	[1]		50001457
ARR 500015f7 (sz=24, trace=300000, nelems=2, elem type=java.lang.Object[]@5000011c)
	[0]		500014bb
	[1]		50001457
ARR 500015f8 (sz=24, trace=300000, nelems=2, elem type=java.lang.Object[]@5000011c)
	[0]		500014b1
	[1]		5000131c
ARR 500015f9 (sz=24, trace=300000, nelems=2, elem type=java.lang.Object[]@5000011c)
	[0]		50001317
	[1]		50001317
ARR 500015fa (sz=24, trace=300000, nelems=2, elem type=java.lang.Object[]@5000011c)
	[0]		500012d4
	[1]		50001463
ARR 500015fb (sz=24, trace=300000, nelems=2, elem type=java.lang.Object[]@5000011c)
	[0]		500012d5
	[1]		50001464
ARR 500015fc (sz=24, trace=300000, nelems=2, elem type=java.lang.Object[]@5000011c)
	[0]		500012d6
	[1]		50001465
ARR 500015fd (sz=24, trace=300000, nelems=2, elem type=java.lang.Object[]@5000011c)
	[0]		500012d7
	[1]		50001466
ARR 500015fe (sz=24, trace=300000, nelems=2, elem type=java.lang.Object[]@5000011c)
	[0]		500012d8
	[1]		50001467
ARR 500015ff (sz=32, trace=300000, nelems=3, elem type=java.lang.Object[]@5000011c)
	[0]		500014b2
	[1]		5000131d
	[2]		5000163a
ARR 50001600 (sz=32, trace=300000, nelems=3, elem type=java.lang.Object[]@5000011c)
	[0]		500014b3
	[1]		5000131e
	[2]		50001639
ARR 50001601 (sz=24, trace=300000, nelems=2, elem type=java.lang.Object[]@5000011c)
	[0]		5000132b
	[1]		50001452
ARR 50001602 (sz=32, trace=300000, nelems=3, elem type=java.lang.Object[]@5000011c)
	[0]		500014cd
	[1]		50001453
	[2]		50001638
ARR 50001603 (sz=24, trace=300000, nelems=2, elem type=java.lang.Object[]@5000011c)
	[0]		500014ef
	[1]		5000146c
ARR 50001604 (sz=24, trace=300000, nelems=2, elem type=java.lang.Object[]@5000011c)
	[0]		50001309
	[1]		50001317
ARR 50001605 (sz=24, trace=300000, nelems=2, elem type=java.lang.Object[]@5000011c)
	[0]		500012d3
	[1]		50001450
ARR 50001606 (sz=24, trace=300000, nelems=2, elem type=java.lang.Object[]@5000011c)
	[0]		5000128d
	[1]		50001452
ARR 50001607 (sz=24, trace=300000, nelems=2, elem type=java.lang.Object[]@5000011c)
	[0]		50001269
	[1]		5000145b
ARR 50001608 (sz=24, trace=300000, nelems=2, elem type=java.lang.Object[]@5000011c)
	[0]		5000128e
	[1]		50001453
ARR 50001609 (sz=24, trace=300000, nelems=2, elem type=java.lang.Object[]@5000011c)
	[0]		50001315
	[1]		50001315
ARR 5000160a (sz=24, trace=300000, nelems=2, elem type=java.lang.Object[]@5000011c)
	[0]		5000126b
	[1]		5000145b
ARR 5000160b (sz=24, trace=300000, nelems=2, elem type=java.lang.Object[]@5000011c)
	[0]		500014c4
	[1]		5000145d
ARR 5000160c (sz=24, trace=300000, nelems=2, elem type=java.lang.Object[]@5000011c)
	[0]		50001307
	[1]		50001315
ARR 5000160d (sz=24, trace=300000, nelems=2, elem type=java.lang.Object[]@5000011c)
	[0]		500014c7
	[1]		50001452
ARR 5000160e (sz=24, trace=300000, nelems=2, elem type=java.lang.Object[]@5000011c)
	[0]		500014c8
	[1]		50001453
ARR 5000160f (sz=24, trace=300000, nelems=2, elem type=java.lang.Object[]@5000011c)
	[0]		500014d8
	[1]		50001456
ARR 50001610 (sz=24, trace=300000, nelems=2, elem type=java.lang.Object[]@5000011c)
	[0]		5000133f
	[1]		5000145c
ARR 50001611 (sz=24, trace=300000, nelems=2, elem type=java.lang.Object[]@5000011c)
	[0]		50001305
	[1]		50001457
ARR 50001612 (sz=24, trace=300000, nelems=2, elem type=java.lang.Object[]@5000011c)
	[0]		50001271
	[1]		5000145b
ARR 50001613 (sz=24, trace=300000, nelems=2, elem type=java.lang.Object[]@5000011c)
	[0]		500014c6
	[1]		50001451
ARR 50001614 (sz=24, trace=300000, nelems=2, elem type=java.lang.Object[]@5000011c)
	[0]		500014c9
	[1]		50001454
ARR 50001615 (sz=24, trace=300000, nelems=2, elem type=java.lang.Object[]@5000011c)
	[0]		500012ff
	[1]		50001459
ARR 50001616 (sz=24, trace=300000, nelems=2, elem type=java.lang.Object[]@5000011c)
	[0]		50001329
	[1]		50001455
ARR 50001617 (sz=24, trace=300000, nelems=2, elem type=java.lang.Object[]@5000011c)
	[0]		500014ca
	[1]		50001456
ARR 50001618 (sz=24, trace=300000, nelems=2, elem type=java.lang.Object[]@5000011c)
	[0]		5000132a
	[1]		50001457
ARR 50001619 (sz=24, trace=300000, nelems=2, elem type=java.lang.Object[]@5000011c)
	[0]		500014cb
	[1]		50001458
ARR 5000161a (sz=24, trace=300000, nelems=2, elem type=java.lang.Object[]@5000011c)
	[0]		500012d2
	[1]		50001450
ARR 5000161b (sz=24, trace=300000, nelems=2, elem type=java.lang.Object[]@5000011c)
	[0]		50001301
	[1]		5000131d
ARR 5000161c (sz=24, trace=300000, nelems=2, elem type=java.lang.Object[]@5000011c)
	[0]		500014c1
	[1]		5000145b
ARR 5000161d (sz=24, trace=300000, nelems=2, elem type=java.lang.Object[]@5000011c)
	[0]		500014d0
	[1]		50001451
ARR 5000161e (sz=32, trace=300000, nelems=3, elem type=java.lang.Object[]@5000011c)
	[0]		500014d3
	[1]		50001454
	[2]		50001637
ARR 5000161f (sz=24, trace=300000, nelems=2, elem type=java.lang.Object[]@5000011c)
	[0]		5000133e
	[1]		50001457
ARR 50001620 (sz=24, trace=300000, nelems=2, elem type=java.lang.Object[]@5000011c)
	[0]		500014d5
	[1]		50001455
ARR 50001621 (sz=24, trace=300000, nelems=2, elem type=java.lang.Object[]@5000011c)
	[0]		500014d7
	[1]		50001456
ARR 50001622 (sz=32, trace=300000, nelems=3, elem type=java.lang.Object[]@5000011c)
	[0]		500014bc
	[1]		5000131a
	[2]		50001636
ARR 50001623 (sz=24, trace=300000, nelems=2, elem type=java.lang.Object[]@5000011c)
	[0]		500014db
	[1]		50001458
ARR 50001624 (sz=24, trace=300000, nelems=2, elem type=java.lang.Object[]@5000011c)
	[0]		50001303
	[1]		5000131b
ARR 50001625 (sz=24, trace=300000, nelems=2, elem type=java.lang.Object[]@5000011c)
	[0]		50001342
	[1]		50001315
ARR 50001626 (sz=24, trace=300000, nelems=2, elem type=java.lang.Object[]@5000011c)
	[0]		500014ad
	[1]		5000145b
ARR 50001627 (sz=24, trace=300000, nelems=2, elem type=java.lang.Object[]@5000011c)
	[0]		500014b0
	[1]		5000144f
ARR 50001628 (sz=24, trace=300000, nelems=2, elem type=java.lang.Object[]@5000011c)
	[0]		500014e9
	[1]		50001462
ARR 50001629 (sz=24, trace=300000, nelems=2, elem type=java.lang.Object[]@5000011c)
	[0]		5000126f
	[1]		5000145b
ARR 5000162a (sz=24, trace=300000, nelems=2, elem type=java.lang.Object[]@5000011c)
	[0]		500012db
	[1]		50001463
ARR 5000162b (sz=24, trace=300000, nelems=2, elem type=java.lang.Object[]@5000011c)
	[0]		500012dc
	[1]		50001464
ARR 5000162c (sz=24, trace=300000, nelems=2, elem type=java.lang.Object[]@5000011c)
	[0]		500012dd
	[1]		50001465
ARR 5000162d (sz=24, trace=300000, nelems=2, elem type=java.lang.Object[]@5000011c)
	[0]		500012de
	[1]		50001466
ARR 5000162e (sz=24, trace=300000, nelems=2, elem type=java.lang.Object[]@5000011c)
	[0]		500014cf
	[1]		5000145b
ARR 5000162f (sz=24, trace=300000, nelems=2, elem type=java.lang.Object[]@5000011c)
	[0]		500012df
	[1]		50001467
ARR 50001630 (sz=24, trace=300000, nelems=2, elem type=java.lang.Object[]@5000011c)
	[0]		500012e0
	[1]		50001468
ARR 50001631 (sz=24, trace=300000, nelems=2, elem type=java.lang.Object[]@5000011c)
	[0]		500014f0
	[1]		50001461
ARR 50001632 (sz=24, trace=300000, nelems=2, elem type=java.lang.Object[]@5000011c)
	[0]		500014ea
	[1]		5000145c
ARR 50001633 (sz=24, trace=300000, nelems=2, elem type=java.lang.Object[]@5000011c)
	[0]		50001300
	[1]		50001319
ARR 50001634 (sz=24, trace=300000, nelems=2, elem type=java.lang.Object[]@5000011c)
	[0]		500014e7
	[1]		5000146d
ARR 50001635 (sz=24, trace=300000, nelems=2, elem type=java.lang.Object[]@5000011c)
	[0]		500014ed
	[1]		5000145f
ARR 50001636 (sz=24, trace=300000, nelems=2, elem type=java.lang.Object[]@5000011c)
	[0]		500014d9
	[1]		50001457
ARR 50001637 (sz=24, trace=300000, nelems=2, elem type=java.lang.Object[]@5000011c)
	[0]		500014f2
	[1]		5000145d
ARR 50001638 (sz=24, trace=300000, nelems=2, elem type=java.lang.Object[]@5000011c)
	[0]		500014ee
	[1]		50001460
ARR 50001639 (sz=24, trace=300000, nelems=2, elem type=java.lang.Object[]@5000011c)
	[0]		500014ae
	[1]		5000144f
ARR 5000163a (sz=24, trace=300000, nelems=2, elem type=java.lang.Object[]@5000011c)
	[0]		500012d9
	[1]		50001468
ARR 5000163b (sz=24, trace=300000, nelems=2, elem type=java.lang.Object[]@5000011c)
	[0]		500012e1
	[1]		50001469
ARR 5000163c (sz=24, trace=300000, nelems=2, elem type=java.lang.Object[]@5000011c)
	[0]		500014de
	[1]		50001453
ARR 5000163d (sz=24, trace=300000, nelems=2, elem type=java.lang.Object[]@5000011c)
	[0]		50001337
	[1]		50001455
ARR 5000163e (sz=32, trace=300000, nelems=3, elem type=java.lang.Object[]@5000011c)
	[0]		500014c3
	[1]		50001453
	[2]		5000163f
ARR 5000163f (sz=24, trace=300000, nelems=2, elem type=java.lang.Object[]@5000011c)
	[0]		50001336
	[1]		50001454
ARR 50001640 (sz=24, trace=300000, nelems=2, elem type=java.lang.Object[]@5000011c)
	[0]		50001312
	[1]		50001455
ARR 50001641 (sz=24, trace=300000, nelems=2, elem type=java.lang.Object[]@5000011c)
	[0]		5000126e
	[1]		5000145b
ARR 50001642 (sz=24, trace=300000, nelems=2, elem type=java.lang.Object[]@5000011c)
	[0]		50001281
	[1]		50001469
ARR 50001643 (sz=24, trace=300000, nelems=2, elem type=java.lang.Object[]@5000011c)
	[0]		50001264
	[1]		5000145b
ARR 50001644 (sz=24, trace=300000, nelems=2, elem type=java.lang.Object[]@5000011c)
	[0]		500012e4
	[1]		50001451
ARR 50001645 (sz=24, trace=300000, nelems=2, elem type=java.lang.Object[]@5000011c)
	[0]		500012d1
	[1]		50001464
ARR 50001646 (sz=24, trace=300000, nelems=2, elem type=java.lang.Object[]@5000011c)
	[0]		50001291
	[1]		50001456
ARR 50001647 (sz=24, trace=300000, nelems=2, elem type=java.lang.Object[]@5000011c)
	[0]		5000128c
	[1]		50001451
ARR 50001648 (sz=144, trace=300000, nelems=32, elem type=java.lang.Object[]@5000011c)
	[0]		50001649
	[2]		5000164a
	[3]		5000164b
	[4]		5000164c
	[5]		5000164d
	[6]		5000164e
	[7]		5000164f
	[8]		50001650
	[9]		50001651
	[10]		50001652
	[11]		50001653
	[12]		50001654
	[14]		50001655
	[15]		50001656
	[16]		50001657
	[17]		50001658
	[18]		50001659
	[19]		5000165a
	[22]		5000165b
	[23]		5000165c
	[24]		5000165d
	[28]		5000165e
	[29]		5000165f
	[31]		50001660
ARR 50001649 (sz=24, trace=300000, nelems=1, elem type=java.lang.Object[]@5000011c)
	[0]		5000131d
ARR 5000164a (sz=32, trace=300000, nelems=3, elem type=java.lang.Object[]@5000011c)
	[0]		5000131e
	[2]		500016ab
ARR 5000164b (sz=32, trace=300000, nelems=3, elem type=java.lang.Object[]@5000011c)
	[0]		50001464
	[2]		500016aa
ARR 5000164c (sz=32, trace=300000, nelems=3, elem type=java.lang.Object[]@5000011c)
	[0]		50001466
	[2]		500016a8
ARR 5000164d (sz=32, trace=300000, nelems=3, elem type=java.lang.Object[]@5000011c)
	[0]		50001467
	[2]		500016a6
ARR 5000164e (sz=24, trace=300000, nelems=1, elem type=java.lang.Object[]@5000011c)
	[0]		50001468
ARR 5000164f (sz=24, trace=300000, nelems=2, elem type=java.lang.Object[]@5000011c)
	[0]		5000145d
	[1]		50000674
ARR 50001650 (sz=32, trace=300000, nelems=3, elem type=java.lang.Object[]@5000011c)
	[0]		50001454
	[2]		500016a3
ARR 50001651 (sz=32, trace=300000, nelems=3, elem type=java.lang.Object[]@5000011c)
	[0]		50001455
	[2]		50001668
ARR 50001652 (sz=24, trace=300000, nelems=1, elem type=java.lang.Object[]@5000011c)
	[0]		50001456
ARR 50001653 (sz=32, trace=300000, nelems=3, elem type=java.lang.Object[]@5000011c)
	[0]		5000146a
	[2]		50001667
ARR 50001654 (sz=24, trace=300000, nelems=1, elem type=java.lang.Object[]@5000011c)
	[0]		50001458
ARR 50001655 (sz=24, trace=300000, nelems=1, elem type=java.lang.Object[]@5000011c)
	[0]		50001469
ARR 50001656 (sz=24, trace=300000, nelems=1, elem type=java.lang.Object[]@5000011c)
	[0]		50001319
ARR 50001657 (sz=32, trace=300000, nelems=3, elem type=java.lang.Object[]@5000011c)
	[0]		5000131a
	[2]		50001666
ARR 50001658 (sz=32, trace=300000, nelems=3, elem type=java.lang.Object[]@5000011c)
	[0]		50001452
	[2]		50001665
ARR 50001659 (sz=32, trace=300000, nelems=3, elem type=java.lang.Object[]@5000011c)
	[0]		5000131b
	[2]		50001663
ARR 5000165a (sz=32, trace=300000, nelems=3, elem type=java.lang.Object[]@5000011c)
	[0]		50001450
	[2]		50001661
ARR 5000165b (sz=24, trace=300000, nelems=1, elem type=java.lang.Object[]@5000011c)
	[0]		5000146b
ARR 5000165c (sz=24, trace=300000, nelems=1, elem type=java.lang.Object[]@5000011c)
	[0]		5000144f
ARR 5000165d (sz=24, trace=300000, nelems=1, elem type=java.lang.Object[]@5000011c)
	[0]		5000146c
ARR 5000165e (sz=24, trace=300000, nelems=1, elem type=java.lang.Object[]@5000011c)
	[0]		50001459
ARR 5000165f (sz=24, trace=300000, nelems=1, elem type=java.lang.Object[]@5000011c)
	[0]		5000145a
ARR 50001660 (sz=24, trace=300000, nelems=1, elem type=java.lang.Object[]@5000011c)
	[0]		50001461
ARR 50001661 (sz=32, trace=300000, nelems=3, elem type=java.lang.Object[]@5000011c)
	[0]		5000131c
	[2]		50001662
ARR 50001662 (sz=24, trace=300000, nelems=1, elem type=java.lang.Object[]@5000011c)
	[0]		5000146d
ARR 50001663 (sz=32, trace=300000, nelems=3, elem type=java.lang.Object[]@5000011c)
	[0]		50001315
	[2]		50001664
ARR 50001664 (sz=24, trace=300000, nelems=1, elem type=java.lang.Object[]@5000011c)
	[0]		50001453
ARR 50001665 (sz=24, trace=300000, nelems=2, elem type=java.lang.Object[]@5000011c)
	[0]		5000145b
	[1]		5000064c
ARR 50001666 (sz=24, trace=300000, nelems=1, elem type=java.lang.Object[]@5000011c)
	[0]		50001317
ARR 50001667 (sz=24, trace=300000, nelems=1, elem type=java.lang.Object[]@5000011c)
	[0]		50001457
ARR 50001668 (sz=24, trace=300000, nelems=2, elem type=java.lang.Object[]@5000011c)
	[0]		50001462
	[1]		500003aa
ARR 50001669 (sz=10, trace=300000, nelems=5, elem type=char[])
OBJ 5000166a (sz=24, trace=300000, class=java.lang.String@50000181)
	value		50001671
OBJ 5000166b (sz=24, trace=300000, class=java.lang.String@50000181)
	value		50001670
OBJ 5000166c (sz=24, trace=300000, class=java.lang.String@50000181)
	value		5000166f
OBJ 5000166d (sz=24, trace=300000, class=java.lang.String@50000181)
	value		50001672
ARR 5000166e (sz=32, trace=300000, nelems=4, elem type=java.lang.String[]@500000db)
	[0]		5000166d
	[1]		5000166a
	[2]		5000166b
	[3]		5000166c
ARR 5000166f (sz=14, trace=300000, nelems=7, elem type=char[])
ARR 50001670 (sz=20, trace=300000, nelems=10, elem type=char[])
ARR 50001671 (sz=12, trace=300000, nelems=6, elem type=char[])
ARR 50001672 (sz=10, trace=300000, nelems=5, elem type=char[])
OBJ 50001673 (sz=24, trace=300000, class=java.lang.String@50000181)
	value		50001679
OBJ 50001674 (sz=24, trace=300000, class=java.lang.String@50000181)
	value		5000167a
OBJ 50001675 (sz=24, trace=300000, class=java.lang.String@50000181)
	value		5000167b
OBJ 50001676 (sz=16, trace=300000, class=java.nio.charset.CodingErrorAction@50000095)
	name		50001675
OBJ 50001677 (sz=16, trace=300000, class=java.nio.charset.CodingErrorAction@50000095)
	name		50001674
OBJ 50001678 (sz=16, trace=300000, class=java.nio.charset.CodingErrorAction@50000095)
	name		50001673
ARR 50001679 (sz=12, trace=300000, nelems=6, elem type=char[])
ARR 5000167a (sz=14, trace=300000, nelems=7, elem type=char[])
ARR 5000167b (sz=12, trace=300000, nelems=6, elem type=char[])
OBJ 5000167c (sz=24, trace=300000, class=java.lang.String@50000181)
	value		50001686
OBJ 5000167d (sz=24, trace=300000, class=java.lang.String@50000181)
	value		50001687
OBJ 5000167e (sz=24, trace=300000, class=java.lang.String@50000181)
	value		50001688
OBJ 5000167f (sz=24, trace=300000, class=java.lang.String@50000181)
	value		50001685
OBJ 50001680 (sz=16, trace=300000, class=java.nio.charset.CoderResult$2@50000066)
OBJ 50001681 (sz=16, trace=300000, class=java.nio.charset.CoderResult$1@50000067)
OBJ 50001682 (sz=24, trace=300000, class=java.nio.charset.CoderResult@50000069)
OBJ 50001683 (sz=24, trace=300000, class=java.nio.charset.CoderResult@50000069)
ARR 50001684 (sz=32, trace=300000, nelems=4, elem type=java.lang.String[]@500000db)
	[0]		5000167e
	[1]		5000167d
	[2]		5000167c
	[3]		5000167f
ARR 50001685 (sz=20, trace=300000, nelems=10, elem type=char[])
ARR 50001686 (sz=18, trace=300000, nelems=9, elem type=char[])
ARR 50001687 (sz=16, trace=300000, nelems=8, elem type=char[])
ARR 50001688 (sz=18, trace=300000, nelems=9, elem type=char[])
OBJ 50001689 (sz=24, trace=300000, class=java.lang.String@50000181)
	value		5000168b
ARR 5000168a (sz=32, trace=300000, nelems=4, elem type=java.lang.String[]@500000db)
	[0]		5000166d
	[1]		5000166a
	[2]		5000166b
	[3]		5000166c
ARR 5000168b (sz=2, trace=300000, nelems=1, elem type=char[])
ARR 5000168c (sz=6, trace=300000, nelems=3, elem type=char[])
OBJ 5000168d (sz=24, trace=300000, class=java.lang.String@50000181)
	value		500016a2
OBJ 5000168e (sz=32, trace=300000, class=java.lang.ref.ReferenceQueue$Null@500000e5)
	lock		50001691
OBJ 5000168f (sz=32, trace=300000, class=java.lang.ref.ReferenceQueue$Null@500000e5)
	lock		50001690
OBJ 50001690 (sz=16, trace=300000, class=java.lang.ref.ReferenceQueue$Lock@500000e4)
OBJ 50001691 (sz=16, trace=300000, class=java.lang.ref.ReferenceQueue$Lock@500000e4)
OBJ 50001692 (sz=32, trace=300000, class=java.lang.ref.ReferenceQueue@500000e6)
	lock		50001693
OBJ 50001693 (sz=16, trace=300000, class=java.lang.ref.ReferenceQueue$Lock@500000e4)
ARR 50001694 (sz=16, trace=300000, nelems=0, elem type=java.lang.Throwable[]@50000114)
OBJ 50001695 (sz=24, trace=300000, class=java.lang.String@50000181)
	value		500016a1
OBJ 50001696 (sz=24, trace=300000, class=java.lang.String@50000181)
	value		500016a0
OBJ 50001697 (sz=24, trace=300000, class=java.lang.String@50000181)
	value		5000169f
OBJ 50001698 (sz=24, trace=300000, class=java.lang.String@50000181)
	value		5000169e
OBJ 50001699 (sz=24, trace=300000, class=java.util.Collections$UnmodifiableRandomAccessList@500000e7)
	c		5000169b
	list		5000169b
ARR 5000169a (sz=16, trace=300000, nelems=0, elem type=java.lang.StackTraceElement[]@50000108)
OBJ 5000169b (sz=24, trace=300000, class=java.util.ArrayList@500000f1)
	elementData	5000169c
ARR 5000169c (sz=16, trace=300000, nelems=0, elem type=java.lang.Object[]@5000011c)
ARR 5000169d (sz=16, trace=300000, nelems=0, elem type=java.lang.Object[]@5000011c)
ARR 5000169e (sz=66, trace=300000, nelems=33, elem type=char[])
ARR 5000169f (sz=60, trace=300000, nelems=30, elem type=char[])
ARR 500016a0 (sz=22, trace=300000, nelems=11, elem type=char[])
ARR 500016a1 (sz=24, trace=300000, nelems=12, elem type=char[])
ARR 500016a2 (sz=34, trace=300000, nelems=17, elem type=char[])
ARR 500016a3 (sz=24, trace=300000, nelems=2, elem type=java.lang.Object[]@5000011c)
	[0]		50001451
	[1]		5000065e
ARR 500016a4 (sz=20, trace=300000, nelems=10, elem type=char[])
ARR 500016a5 (sz=16, trace=300000, nelems=8, elem type=char[])
ARR 500016a6 (sz=24, trace=300000, nelems=2, elem type=java.lang.Object[]@5000011c)
	[0]		5000145c
	[1]		50000698
ARR 500016a7 (sz=12, trace=300000, nelems=6, elem type=char[])
ARR 500016a8 (sz=32, trace=300000, nelems=3, elem type=java.lang.Object[]@5000011c)
	[0]		50001465
	[2]		500016a9
ARR 500016a9 (sz=24, trace=300000, nelems=1, elem type=java.lang.Object[]@5000011c)
	[0]		50001460
ARR 500016aa (sz=24, trace=300000, nelems=1, elem type=java.lang.Object[]@5000011c)
	[0]		50001463
ARR 500016ab (sz=32, trace=300000, nelems=3, elem type=java.lang.Object[]@5000011c)
	[0]		5000145f
	[2]		500016ac
ARR 500016ac (sz=24, trace=300000, nelems=2, elem type=java.lang.Object[]@5000011c)
	[0]		5000145e
	[1]		50000686
ARR 500016ad (sz=16, trace=300000, nelems=8, elem type=char[])
ARR 500016ae (sz=20, trace=300000, nelems=10, elem type=char[])
ARR 500016af (sz=24, trace=300000, nelems=2, elem type=java.lang.String[]@500000db)
	[0]		500016b2
	[1]		500016b3
OBJ 500016b0 (sz=24, trace=300000, class=java.lang.String@50000181)
	value		500016b1
ARR 500016b1 (sz=6, trace=300000, nelems=3, elem type=char[])
OBJ 500016b2 (sz=24, trace=300000, class=java.lang.String@50000181)
	value		500016b5
OBJ 500016b3 (sz=24, trace=300000, class=java.lang.String@50000181)
	value		500016b4
ARR 500016b4 (sz=10, trace=300000, nelems=5, elem type=char[])
ARR 500016b5 (sz=22, trace=300000, nelems=11, elem type=char[])
OBJ 500016b6 (sz=24, trace=300000, class=java.lang.String@50000181)
	value		5000173a
OBJ 500016b7 (sz=24, trace=300000, class=java.lang.String@50000181)
	value		50001791
OBJ 500016b8 (sz=24, trace=300000, class=java.lang.String@50000181)
	value		50001790
OBJ 500016b9 (sz=24, trace=300000, class=java.lang.String@50000181)
	value		500017b8
OBJ 500016ba (sz=24, trace=300000, class=java.lang.String@50000181)
	value		500017b7
OBJ 500016bb (sz=24, trace=300000, class=java.lang.String@50000181)
	value		500017b6
OBJ 500016bc (sz=24, trace=300000, class=java.lang.String@50000181)
	value		500017b5
OBJ 500016bd (sz=24, trace=300000, class=java.lang.String@50000181)
	value		500017b4
OBJ 500016be (sz=24, trace=300000, class=java.lang.String@50000181)
	value		500017b3
OBJ 500016bf (sz=24, trace=300000, class=java.lang.String@50000181)
	value		500017b2
OBJ 500016c0 (sz=24, trace=300000, class=java.lang.String@50000181)
	value		500017b1
OBJ 500016c1 (sz=24, trace=300000, class=java.lang.String@50000181)
	value		500017b0
OBJ 500016c2 (sz=24, trace=300000, class=java.lang.String@50000181)
	value		500017af
OBJ 500016c3 (sz=24, trace=300000, class=java.lang.String@50000181)
	value		500017ae
OBJ 500016c4 (sz=24, trace=300000, class=java.lang.String@50000181)
	value		500017ad
OBJ 500016c5 (sz=24, trace=300000, class=java.lang.String@50000181)
	value		500017ac
OBJ 500016c6 (sz=24, trace=300000, class=java.lang.String@50000181)
	value		500017ab
OBJ 500016c7 (sz=24, trace=300000, class=java.lang.String@50000181)
	value		500017aa
OBJ 500016c8 (sz=24, trace=300000, class=java.lang.String@50000181)
	value		500017a9
OBJ 500016c9 (sz=24, trace=300000, class=java.lang.String@50000181)
	value		500017a8
OBJ 500016ca (sz=24, trace=300000, class=java.lang.String@50000181)
	value		500017a7
OBJ 500016cb (sz=24, trace=300000, class=java.lang.String@50000181)
	value		500017a6
OBJ 500016cc (sz=24, trace=300000, class=java.lang.String@50000181)
	value		500017a5
OBJ 500016cd (sz=24, trace=300000, class=java.lang.String@50000181)
	value		500017a4
OBJ 500016ce (sz=24, trace=300000, class=java.lang.String@50000181)
	value		500017a3
OBJ 500016cf (sz=24, trace=300000, class=java.lang.String@50000181)
	value		500017a2
OBJ 500016d0 (sz=24, trace=300000, class=java.lang.String@50000181)
	value		500017a1
OBJ 500016d1 (sz=24, trace=300000, class=java.lang.String@50000181)
	value		500017a0
OBJ 500016d2 (sz=24, trace=300000, class=java.lang.String@50000181)
	value		5000179f
OBJ 500016d3 (sz=24, trace=300000, class=java.lang.String@50000181)
	value		5000179e
OBJ 500016d4 (sz=24, trace=300000, class=java.lang.String@50000181)
	value		5000179d
OBJ 500016d5 (sz=24, trace=300000, class=java.lang.String@50000181)
	value		5000179c
OBJ 500016d6 (sz=24, trace=300000, class=java.lang.String@50000181)
	value		5000179b
OBJ 500016d7 (sz=24, trace=300000, class=java.lang.String@50000181)
	value		5000179a
OBJ 500016d8 (sz=24, trace=300000, class=java.lang.String@50000181)
	value		50001799
OBJ 500016d9 (sz=24, trace=300000, class=java.lang.String@50000181)
	value		5000178f
OBJ 500016da (sz=24, trace=300000, class=java.lang.String@50000181)
	value		5000178e
OBJ 500016db (sz=24, trace=300000, class=java.lang.String@50000181)
	value		5000178d
OBJ 500016dc (sz=24, trace=300000, class=java.lang.String@50000181)
	value		5000178c
OBJ 500016dd (sz=24, trace=300000, class=java.lang.String@50000181)
	value		5000178b
OBJ 500016de (sz=24, trace=300000, class=java.lang.String@50000181)
	value		5000178a
OBJ 500016df (sz=24, trace=300000, class=java.lang.String@50000181)
	value		50001789
OBJ 500016e0 (sz=24, trace=300000, class=java.lang.String@50000181)
	value		50001788
OBJ 500016e1 (sz=24, trace=300000, class=java.lang.String@50000181)
	value		50001787
OBJ 500016e2 (sz=24, trace=300000, class=java.lang.String@50000181)
	value		50001786
OBJ 500016e3 (sz=24, trace=300000, class=java.lang.String@50000181)
	value		50001785
OBJ 500016e4 (sz=24, trace=300000, class=java.lang.String@50000181)
	value		50001784
OBJ 500016e5 (sz=24, trace=300000, class=java.lang.String@50000181)
	value		50001783
OBJ 500016e6 (sz=24, trace=300000, class=java.lang.String@50000181)
	value		50001782
OBJ 500016e7 (sz=24, trace=300000, class=java.lang.String@50000181)
	value		50001781
OBJ 500016e8 (sz=24, trace=300000, class=java.lang.String@50000181)
	value		50001780
OBJ 500016e9 (sz=24, trace=300000, class=java.lang.String@50000181)
	value		5000177f
OBJ 500016ea (sz=24, trace=300000, class=java.lang.String@50000181)
	value		5000177e
OBJ 500016eb (sz=24, trace=300000, class=java.lang.String@50000181)
	value		5000177d
OBJ 500016ec (sz=24, trace=300000, class=java.lang.String@50000181)
	value		5000177c
OBJ 500016ed (sz=24, trace=300000, class=java.lang.String@50000181)
	value		5000177b
OBJ 500016ee (sz=24, trace=300000, class=java.lang.String@50000181)
	value		5000177a
OBJ 500016ef (sz=24, trace=300000, class=java.lang.String@50000181)
	value		50001779
OBJ 500016f0 (sz=24, trace=300000, class=java.lang.String@50000181)
	value		50001778
OBJ 500016f1 (sz=24, trace=300000, class=java.lang.String@50000181)
	value		50001777
OBJ 500016f2 (sz=24, trace=300000, class=java.lang.String@50000181)
	value		50001776
OBJ 500016f3 (sz=24, trace=300000, class=java.lang.String@50000181)
	value		50001775
OBJ 500016f4 (sz=24, trace=300000, class=java.lang.String@50000181)
	value		50001774
OBJ 500016f5 (sz=24, trace=300000, class=java.lang.String@50000181)
	value		50001773
OBJ 500016f6 (sz=24, trace=300000, class=java.lang.String@50000181)
	value		50001772
OBJ 500016f7 (sz=24, trace=300000, class=java.lang.String@50000181)
	value		50001771
OBJ 500016f8 (sz=24, trace=300000, class=java.lang.String@50000181)
	value		50001770
OBJ 500016f9 (sz=24, trace=300000, class=java.lang.String@50000181)
	value		5000176f
OBJ 500016fa (sz=24, trace=300000, class=java.lang.String@50000181)
	value		5000176e
OBJ 500016fb (sz=24, trace=300000, class=java.lang.String@50000181)
	value		5000176d
OBJ 500016fc (sz=24, trace=300000, class=java.lang.String@50000181)
	value		5000176c
OBJ 500016fd (sz=24, trace=300000, class=java.lang.String@50000181)
	value		5000176b
OBJ 500016fe (sz=24, trace=300000, class=java.lang.String@50000181)
	value		5000176a
OBJ 500016ff (sz=24, trace=300000, class=java.lang.String@50000181)
	value		50001769
OBJ 50001700 (sz=24, trace=300000, class=java.lang.String@50000181)
	value		50001768
OBJ 50001701 (sz=24, trace=300000, class=java.lang.String@50000181)
	value		50001767
OBJ 50001702 (sz=24, trace=300000, class=java.lang.String@50000181)
	value		50001766
OBJ 50001703 (sz=24, trace=300000, class=java.lang.String@50000181)
	value		50001765
OBJ 50001704 (sz=24, trace=300000, class=java.lang.String@50000181)
	value		50001764
OBJ 50001705 (sz=24, trace=300000, class=java.lang.String@50000181)
	value		50001763
OBJ 50001706 (sz=24, trace=300000, class=java.lang.String@50000181)
	value		50001762
OBJ 50001707 (sz=24, trace=300000, class=java.lang.String@50000181)
	value		50001761
OBJ 50001708 (sz=24, trace=300000, class=java.lang.String@50000181)
	value		50001760
OBJ 50001709 (sz=24, trace=300000, class=java.lang.String@50000181)
	value		5000175f
OBJ 5000170a (sz=24, trace=300000, class=java.lang.String@50000181)
	value		5000175e
OBJ 5000170b (sz=24, trace=300000, class=java.lang.String@50000181)
	value		5000175d
OBJ 5000170c (sz=24, trace=300000, class=java.lang.String@50000181)
	value		5000175c
OBJ 5000170d (sz=24, trace=300000, class=java.lang.String@50000181)
	value		5000175b
OBJ 5000170e (sz=24, trace=300000, class=java.lang.String@50000181)
	value		5000175a
OBJ 5000170f (sz=24, trace=300000, class=java.lang.String@50000181)
	value		50001759
OBJ 50001710 (sz=24, trace=300000, class=java.lang.String@50000181)
	value		50001758
OBJ 50001711 (sz=24, trace=300000, class=java.lang.String@50000181)
	value		50001757
OBJ 50001712 (sz=24, trace=300000, class=java.lang.String@50000181)
	value		50001756
OBJ 50001713 (sz=24, trace=300000, class=java.lang.String@50000181)
	value		50001755
OBJ 50001714 (sz=24, trace=300000, class=java.lang.String@50000181)
	value		50001754
OBJ 50001715 (sz=24, trace=300000, class=java.lang.String@50000181)
	value		50001753
OBJ 50001716 (sz=24, trace=300000, class=java.lang.String@50000181)
	value		50001752
OBJ 50001717 (sz=24, trace=300000, class=java.lang.String@50000181)
	value		50001751
OBJ 50001718 (sz=24, trace=300000, class=java.lang.String@50000181)
	value		50001750
OBJ 50001719 (sz=24, trace=300000, class=java.lang.String@50000181)
	value		5000174f
OBJ 5000171a (sz=24, trace=300000, class=java.lang.String@50000181)
	value		5000174e
OBJ 5000171b (sz=24, trace=300000, class=java.lang.String@50000181)
	value		5000174d
OBJ 5000171c (sz=24, trace=300000, class=java.lang.String@50000181)
	value		5000174c
OBJ 5000171d (sz=24, trace=300000, class=java.lang.String@50000181)
	value		5000174b
OBJ 5000171e (sz=24, trace=300000, class=java.lang.String@50000181)
	value		5000174a
OBJ 5000171f (sz=24, trace=300000, class=java.lang.String@50000181)
	value		50001749
OBJ 50001720 (sz=24, trace=300000, class=java.lang.String@50000181)
	value		50001748
OBJ 50001721 (sz=24, trace=300000, class=java.lang.String@50000181)
	value		50001747
OBJ 50001722 (sz=24, trace=300000, class=java.lang.String@50000181)
	value		50001746
OBJ 50001723 (sz=24, trace=300000, class=java.lang.String@50000181)
	value		50001745
OBJ 50001724 (sz=24, trace=300000, class=java.lang.String@50000181)
	value		50001744
OBJ 50001725 (sz=24, trace=300000, class=java.lang.String@50000181)
	value		50001743
OBJ 50001726 (sz=24, trace=300000, class=java.lang.String@50000181)
	value		50001742
OBJ 50001727 (sz=24, trace=300000, class=java.lang.String@50000181)
	value		50001741
OBJ 50001728 (sz=24, trace=300000, class=java.lang.String@50000181)
	value		50001740
OBJ 50001729 (sz=24, trace=300000, class=java.lang.String@50000181)
	value		5000173f
OBJ 5000172a (sz=24, trace=300000, class=java.lang.String@50000181)
	value		5000173e
OBJ 5000172b (sz=24, trace=300000, class=java.lang.String@50000181)
	value		5000173d
OBJ 5000172c (sz=24, trace=300000, class=java.lang.String@50000181)
	value		5000173c
OBJ 5000172d (sz=24, trace=300000, class=java.lang.String@50000181)
	value		50001798
OBJ 5000172e (sz=24, trace=300000, class=java.lang.String@50000181)
	value		50001797
OBJ 5000172f (sz=24, trace=300000, class=java.lang.String@50000181)
	value		50001796
OBJ 50001730 (sz=24, trace=300000, class=java.lang.String@50000181)
	value		50001795
OBJ 50001731 (sz=24, trace=300000, class=java.lang.String@50000181)
	value		50001794
OBJ 50001732 (sz=24, trace=300000, class=java.lang.String@50000181)
	value		50001793
OBJ 50001733 (sz=24, trace=300000, class=java.lang.String@50000181)
	value		50001792
OBJ 50001734 (sz=24, trace=300000, class=java.lang.String@50000181)
	value		5000173b
ARR 50001735 (sz=512, trace=300000, nelems=256, elem type=char[])
ARR 50001736 (sz=57344, trace=300000, nelems=28672, elem type=char[])
ARR 50001737 (sz=512, trace=300000, nelems=256, elem type=char[])
ARR 50001738 (sz=1040, trace=300000, nelems=256, elem type=char[][]@500000a2)
	[0]		500017b9
	[1]		500017b9
	[2]		500017b9
	[3]		500017b9
	[4]		500017b9
	[5]		500017b9
	[6]		500017b9
	[7]		500017b9
	[8]		500017b9
	[9]		500017b9
	[10]		500017b9
	[11]		500017b9
	[12]		500017b9
	[13]		500017b9
	[14]		500017b9
	[15]		500017b9
	[16]		500017b9
	[17]		500017b9
	[18]		500017b9
	[19]		500017b9
	[20]		500017b9
	[21]		500017b9
	[22]		500017b9
	[23]		500017b9
	[24]		500017b9
	[25]		500017b9
	[26]		500017b9
	[27]		500017b9
	[28]		500017b9
	[29]		500017b9
	[30]		500017b9
	[31]		500017b9
	[32]		500017b9
	[33]		500017b9
	[34]		500017b9
	[35]		500017b9
	[36]		500017b9
	[37]		500017b9
	[38]		500017b9
	[39]		500017b9
	[40]		500017b9
	[41]		500017b9
	[42]		500017b9
	[43]		500017b9
	[44]		500017b9
	[45]		500017b9
	[46]		500017b9
	[47]		500017b9
	[48]		500017b9
	[49]		500017b9
	[50]		500017b9
	[51]		500017b9
	[52]		500017b9
	[53]		500017b9
	[54]		500017b9
	[55]		500017b9
	[56]		500017b9
	[57]		500017b9
	[58]		500017b9
	[59]		500017b9
	[60]		500017b9
	[61]		500017b9
	[62]		500017b9
	[63]		500017b9
	[64]		500017b9
	[65]		500017b9
	[66]		500017b9
	[67]		500017b9
	[68]		500017b9
	[69]		500017b9
	[70]		500017b9
	[71]		500017b9
	[72]		500017b9
	[73]		500017b9
	[74]		500017b9
	[75]		500017b9
	[76]		500017b9
	[77]		500017b9
	[78]		500017b9
	[79]		500017b9
	[80]		500017b9
	[81]		500017b9
	[82]		500017b9
	[83]		500017b9
	[84]		500017b9
	[85]		500017b9
	[86]		500017b9
	[87]		500017b9
	[88]		500017b9
	[89]		500017b9
	[90]		500017b9
	[91]		500017b9
	[92]		500017b9
	[93]		500017b9
	[94]		500017b9
	[95]		500017b9
	[96]		500017b9
	[97]		500017b9
	[98]		500017b9
	[99]		500017b9
	[100]		500017b9
	[101]		500017b9
	[102]		500017b9
	[103]		500017b9
	[104]		500017b9
	[105]		500017b9
	[106]		500017b9
	[107]		500017b9
	[108]		500017b9
	[109]		500017b9
	[110]		500017b9
	[111]		500017b9
	[112]		500017b9
	[113]		500017b9
	[114]		500017b9
	[115]		500017b9
	[116]		500017b9
	[117]		500017b9
	[118]		500017b9
	[119]		500017b9
	[120]		500017b9
	[121]		500017b9
	[122]		500017b9
	[123]		500017b9
	[124]		500017b9
	[125]		500017b9
	[126]		500017b9
	[127]		500017b9
	[128]		500017b9
	[129]		500017ba
	[130]		500017bb
	[131]		500017bc
	[132]		500017bd
	[133]		500017be
	[134]		500017bf
	[135]		500017c0
	[136]		500017c1
	[137]		500017c2
	[138]		500017c3
	[139]		500017c4
	[140]		500017c5
	[141]		500017c6
	[142]		500017c7
	[143]		500017c8
	[144]		500017c9
	[145]		500017ca
	[146]		500017cb
	[147]		500017cc
	[148]		500017cd
	[149]		500017ce
	[150]		500017cf
	[151]		500017d0
	[152]		500017d1
	[153]		500017d2
	[154]		500017d3
	[155]		500017d4
	[156]		500017d5
	[157]		500017d6
	[158]		500017d7
	[159]		500017d8
	[160]		500017d9
	[161]		500017da
	[162]		500017db
	[163]		500017dc
	[164]		500017dd
	[165]		500017de
	[166]		500017df
	[167]		500017e0
	[168]		500017e1
	[169]		500017e2
	[170]		500017e3
	[171]		500017e4
	[172]		500017e5
	[173]		500017e6
	[174]		500017e7
	[175]		500017e8
	[176]		500017e9
	[177]		500017ea
	[178]		500017eb
	[179]		500017ec
	[180]		500017ed
	[181]		500017ee
	[182]		500017ef
	[183]		500017f0
	[184]		500017f1
	[185]		500017f2
	[186]		500017f3
	[187]		500017f4
	[188]		500017f5
	[189]		500017f6
	[190]		500017f7
	[191]		500017f8
	[192]		500017f9
	[193]		500017fa
	[194]		500017fb
	[195]		500017fc
	[196]		500017fd
	[197]		500017fe
	[198]		500017ff
	[199]		50001800
	[200]		50001801
	[201]		50001802
	[202]		50001803
	[203]		50001804
	[204]		50001805
	[205]		50001806
	[206]		50001807
	[207]		50001808
	[208]		50001809
	[209]		5000180a
	[210]		5000180b
	[211]		5000180c
	[212]		5000180d
	[213]		5000180e
	[214]		5000180f
	[215]		50001810
	[216]		50001811
	[217]		50001812
	[218]		50001813
	[219]		50001814
	[220]		50001815
	[221]		50001816
	[222]		50001817
	[223]		50001818
	[224]		50001819
	[225]		5000181a
	[226]		5000181b
	[227]		5000181c
	[228]		5000181d
	[229]		5000181e
	[230]		5000181f
	[231]		50001820
	[232]		50001821
	[233]		50001822
	[234]		50001823
	[235]		50001824
	[236]		50001825
	[237]		50001826
	[238]		50001827
	[239]		50001828
	[240]		50001829
	[241]		5000182a
	[242]		5000182b
	[243]		5000182c
	[244]		5000182d
	[245]		5000182e
	[246]		5000182f
	[247]		50001830
	[248]		50001831
	[249]		50001832
	[250]		50001833
	[251]		50001834
	[252]		50001835
	[253]		50001836
	[254]		50001837
	[255]		500017b9
ARR 50001739 (sz=1040, trace=300000, nelems=255, elem type=java.lang.String[]@500000db)
	[129]		500016b9
	[130]		500016ba
	[131]		500016bb
	[132]		500016bc
	[133]		500016bd
	[134]		500016be
	[135]		500016bf
	[136]		500016c0
	[137]		500016c1
	[138]		500016c2
	[139]		500016c3
	[140]		500016c4
	[141]		500016c5
	[142]		500016c6
	[143]		500016c7
	[144]		500016c8
	[145]		500016c9
	[146]		500016ca
	[147]		500016cb
	[148]		500016cc
	[149]		500016cd
	[150]		500016ce
	[151]		500016cf
	[152]		500016d0
	[153]		500016d1
	[154]		500016d2
	[155]		500016d3
	[156]		500016d4
	[157]		500016d5
	[158]		500016d6
	[159]		500016d7
	[160]		500016d8
	[161]		5000172d
	[162]		5000172e
	[163]		5000172f
	[164]		50001730
	[165]		50001731
	[166]		50001732
	[167]		50001733
	[168]		500016b7
	[169]		500016b8
	[170]		500016d9
	[171]		500016da
	[172]		500016db
	[173]		500016dc
	[174]		500016dd
	[175]		500016de
	[176]		500016df
	[177]		500016e0
	[178]		500016e1
	[179]		500016e2
	[180]		500016e3
	[181]		500016e4
	[182]		500016e5
	[183]		500016e6
	[184]		500016e7
	[185]		500016e8
	[186]		500016e9
	[187]		500016ea
	[188]		500016eb
	[189]		500016ec
	[190]		500016ed
	[191]		500016ee
	[192]		500016ef
	[193]		500016f0
	[194]		500016f1
	[195]		500016f2
	[196]		500016f3
	[197]		500016f4
	[198]		500016f5
	[199]		500016f6
	[200]		500016f7
	[201]		500016f8
	[202]		500016f9
	[203]		500016fa
	[204]		500016fb
	[205]		500016fc
	[206]		500016fd
	[207]		500016fe
	[208]		500016ff
	[209]		50001700
	[210]		50001701
	[211]		50001702
	[212]		50001703
	[213]		50001704
	[214]		50001705
	[215]		50001706
	[216]		50001707
	[217]		50001708
	[218]		50001709
	[219]		5000170a
	[220]		5000170b
	[221]		5000170c
	[222]		5000170d
	[223]		5000170e
	[224]		5000170f
	[225]		50001710
	[226]		50001711
	[227]		50001712
	[228]		50001713
	[229]		50001714
	[230]		50001715
	[231]		50001716
	[232]		50001717
	[233]		50001718
	[234]		50001719
	[235]		5000171a
	[236]		5000171b
	[237]		5000171c
	[238]		5000171d
	[239]		5000171e
	[240]		5000171f
	[241]		50001720
	[242]		50001721
	[243]		50001722
	[244]		50001723
	[245]		50001724
	[246]		50001725
	[247]		50001726
	[248]		50001727
	[249]		50001728
	[250]		50001729
	[251]		5000172a
	[252]		5000172b
	[253]		5000172c
	[254]		50001734
ARR 5000173a (sz=512, trace=300000, nelems=256, elem type=char[])
ARR 5000173b (sz=382, trace=300000, nelems=191, elem type=char[])
ARR 5000173c (sz=382, trace=300000, nelems=191, elem type=char[])
ARR 5000173d (sz=382, trace=300000, nelems=191, elem type=char[])
ARR 5000173e (sz=382, trace=300000, nelems=191, elem type=char[])
ARR 5000173f (sz=382, trace=300000, nelems=191, elem type=char[])
ARR 50001740 (sz=382, trace=300000, nelems=191, elem type=char[])
ARR 50001741 (sz=382, trace=300000, nelems=191, elem type=char[])
ARR 50001742 (sz=382, trace=300000, nelems=191, elem type=char[])
ARR 50001743 (sz=382, trace=300000, nelems=191, elem type=char[])
ARR 50001744 (sz=382, trace=300000, nelems=191, elem type=char[])
ARR 50001745 (sz=382, trace=300000, nelems=191, elem type=char[])
ARR 50001746 (sz=382, trace=300000, nelems=191, elem type=char[])
ARR 50001747 (sz=382, trace=300000, nelems=191, elem type=char[])
ARR 50001748 (sz=382, trace=300000, nelems=191, elem type=char[])
ARR 50001749 (sz=382, trace=300000, nelems=191, elem type=char[])
ARR 5000174a (sz=382, trace=300000, nelems=191, elem type=char[])
ARR 5000174b (sz=382, trace=300000, nelems=191, elem type=char[])
ARR 5000174c (sz=382, trace=300000, nelems=191, elem type=char[])
ARR 5000174d (sz=382, trace=300000, nelems=191, elem type=char[])
ARR 5000174e (sz=382, trace=300000, nelems=191, elem type=char[])
ARR 5000174f (sz=382, trace=300000, nelems=191, elem type=char[])
ARR 50001750 (sz=382, trace=300000, nelems=191, elem type=char[])
ARR 50001751 (sz=382, trace=300000, nelems=191, elem type=char[])
ARR 50001752 (sz=382, trace=300000, nelems=191, elem type=char[])
ARR 50001753 (sz=382, trace=300000, nelems=191, elem type=char[])
ARR 50001754 (sz=382, trace=300000, nelems=191, elem type=char[])
ARR 50001755 (sz=382, trace=300000, nelems=191, elem type=char[])
ARR 50001756 (sz=382, trace=300000, nelems=191, elem type=char[])
ARR 50001757 (sz=382, trace=300000, nelems=191, elem type=char[])
ARR 50001758 (sz=382, trace=300000, nelems=191, elem type=char[])
ARR 50001759 (sz=382, trace=300000, nelems=191, elem type=char[])
ARR 5000175a (sz=382, trace=300000, nelems=191, elem type=char[])
ARR 5000175b (sz=382, trace=300000, nelems=191, elem type=char[])
ARR 5000175c (sz=382, trace=300000, nelems=191, elem type=char[])
ARR 5000175d (sz=382, trace=300000, nelems=191, elem type=char[])
ARR 5000175e (sz=382, trace=300000, nelems=191, elem type=char[])
ARR 5000175f (sz=382, trace=300000, nelems=191, elem type=char[])
ARR 50001760 (sz=382, trace=300000, nelems=191, elem type=char[])
ARR 50001761 (sz=382, trace=300000, nelems=191, elem type=char[])
ARR 50001762 (sz=382, trace=300000, nelems=191, elem type=char[])
ARR 50001763 (sz=382, trace=300000, nelems=191, elem type=char[])
ARR 50001764 (sz=382, trace=300000, nelems=191, elem type=char[])
ARR 50001765 (sz=382, trace=300000, nelems=191, elem type=char[])
ARR 50001766 (sz=382, trace=300000, nelems=191, elem type=char[])
ARR 50001767 (sz=382, trace=300000, nelems=191, elem type=char[])
ARR 50001768 (sz=382, trace=300000, nelems=191, elem type=char[])
ARR 50001769 (sz=382, trace=300000, nelems=191, elem type=char[])
ARR 5000176a (sz=382, trace=300000, nelems=191, elem type=char[])
ARR 5000176b (sz=382, trace=300000, nelems=191, elem type=char[])
ARR 5000176c (sz=382, trace=300000, nelems=191, elem type=char[])
ARR 5000176d (sz=382, trace=300000, nelems=191, elem type=char[])
ARR 5000176e (sz=382, trace=300000, nelems=191, elem type=char[])
ARR 5000176f (sz=382, trace=300000, nelems=191, elem type=char[])
ARR 50001770 (sz=382, trace=300000, nelems=191, elem type=char[])
ARR 50001771 (sz=382, trace=300000, nelems=191, elem type=char[])
ARR 50001772 (sz=382, trace=300000, nelems=191, elem type=char[])
ARR 50001773 (sz=382, trace=300000, nelems=191, elem type=char[])
ARR 50001774 (sz=382, trace=300000, nelems=191, elem type=char[])
ARR 50001775 (sz=382, trace=300000, nelems=191, elem type=char[])
ARR 50001776 (sz=382, trace=300000, nelems=191, elem type=char[])
ARR 50001777 (sz=382, trace=300000, nelems=191, elem type=char[])
ARR 50001778 (sz=382, trace=300000, nelems=191, elem type=char[])
ARR 50001779 (sz=382, trace=300000, nelems=191, elem type=char[])
ARR 5000177a (sz=382, trace=300000, nelems=191, elem type=char[])
ARR 5000177b (sz=382, trace=300000, nelems=191, elem type=char[])
ARR 5000177c (sz=382, trace=300000, nelems=191, elem type=char[])
ARR 5000177d (sz=382, trace=300000, nelems=191, elem type=char[])
ARR 5000177e (sz=382, trace=300000, nelems=191, elem type=char[])
ARR 5000177f (sz=382, trace=300000, nelems=191, elem type=char[])
ARR 50001780 (sz=382, trace=300000, nelems=191, elem type=char[])
ARR 50001781 (sz=382, trace=300000, nelems=191, elem type=char[])
ARR 50001782 (sz=382, trace=300000, nelems=191, elem type=char[])
ARR 50001783 (sz=382, trace=300000, nelems=191, elem type=char[])
ARR 50001784 (sz=382, trace=300000, nelems=191, elem type=char[])
ARR 50001785 (sz=382, trace=300000, nelems=191, elem type=char[])
ARR 50001786 (sz=382, trace=300000, nelems=191, elem type=char[])
ARR 50001787 (sz=382, trace=300000, nelems=191, elem type=char[])
ARR 50001788 (sz=382, trace=300000, nelems=191, elem type=char[])
ARR 50001789 (sz=382, trace=300000, nelems=191, elem type=char[])
ARR 5000178a (sz=382, trace=300000, nelems=191, elem type=char[])
ARR 5000178b (sz=382, trace=300000, nelems=191, elem type=char[])
ARR 5000178c (sz=382, trace=300000, nelems=191, elem type=char[])
ARR 5000178d (sz=382, trace=300000, nelems=191, elem type=char[])
ARR 5000178e (sz=382, trace=300000, nelems=191, elem type=char[])
ARR 5000178f (sz=382, trace=300000, nelems=191, elem type=char[])
ARR 50001790 (sz=382, trace=300000, nelems=191, elem type=char[])
ARR 50001791 (sz=382, trace=300000, nelems=191, elem type=char[])
ARR 50001792 (sz=382, trace=300000, nelems=191, elem type=char[])
ARR 50001793 (sz=382, trace=300000, nelems=191, elem type=char[])
ARR 50001794 (sz=382, trace=300000, nelems=191, elem type=char[])
ARR 50001795 (sz=382, trace=300000, nelems=191, elem type=char[])
ARR 50001796 (sz=382, trace=300000, nelems=191, elem type=char[])
ARR 50001797 (sz=382, trace=300000, nelems=191, elem type=char[])
ARR 50001798 (sz=382, trace=300000, nelems=191, elem type=char[])
ARR 50001799 (sz=382, trace=300000, nelems=191, elem type=char[])
ARR 5000179a (sz=382, trace=300000, nelems=191, elem type=char[])
ARR 5000179b (sz=382, trace=300000, nelems=191, elem type=char[])
ARR 5000179c (sz=382, trace=300000, nelems=191, elem type=char[])
ARR 5000179d (sz=382, trace=300000, nelems=191, elem type=char[])
ARR 5000179e (sz=382, trace=300000, nelems=191, elem type=char[])
ARR 5000179f (sz=382, trace=300000, nelems=191, elem type=char[])
ARR 500017a0 (sz=382, trace=300000, nelems=191, elem type=char[])
ARR 500017a1 (sz=382, trace=300000, nelems=191, elem type=char[])
ARR 500017a2 (sz=382, trace=300000, nelems=191, elem type=char[])
ARR 500017a3 (sz=382, trace=300000, nelems=191, elem type=char[])
ARR 500017a4 (sz=382, trace=300000, nelems=191, elem type=char[])
ARR 500017a5 (sz=382, trace=300000, nelems=191, elem type=char[])
ARR 500017a6 (sz=382, trace=300000, nelems=191, elem type=char[])
ARR 500017a7 (sz=382, trace=300000, nelems=191, elem type=char[])
ARR 500017a8 (sz=382, trace=300000, nelems=191, elem type=char[])
ARR 500017a9 (sz=382, trace=300000, nelems=191, elem type=char[])
ARR 500017aa (sz=382, trace=300000, nelems=191, elem type=char[])
ARR 500017ab (sz=382, trace=300000, nelems=191, elem type=char[])
ARR 500017ac (sz=382, trace=300000, nelems=191, elem type=char[])
ARR 500017ad (sz=382, trace=300000, nelems=191, elem type=char[])
ARR 500017ae (sz=382, trace=300000, nelems=191, elem type=char[])
ARR 500017af (sz=382, trace=300000, nelems=191, elem type=char[])
ARR 500017b0 (sz=382, trace=300000, nelems=191, elem type=char[])
ARR 500017b1 (sz=382, trace=300000, nelems=191, elem type=char[])
ARR 500017b2 (sz=382, trace=300000, nelems=191, elem type=char[])
ARR 500017b3 (sz=382, trace=300000, nelems=191, elem type=char[])
ARR 500017b4 (sz=382, trace=300000, nelems=191, elem type=char[])
ARR 500017b5 (sz=382, trace=300000, nelems=191, elem type=char[])
ARR 500017b6 (sz=382, trace=300000, nelems=191, elem type=char[])
ARR 500017b7 (sz=382, trace=300000, nelems=191, elem type=char[])
ARR 500017b8 (sz=382, trace=300000, nelems=191, elem type=char[])
ARR 500017b9 (sz=512, trace=300000, nelems=256, elem type=char[])
ARR 500017ba (sz=382, trace=300000, nelems=191, elem type=char[])
ARR 500017bb (sz=382, trace=300000, nelems=191, elem type=char[])
ARR 500017bc (sz=382, trace=300000, nelems=191, elem type=char[])
ARR 500017bd (sz=382, trace=300000, nelems=191, elem type=char[])
ARR 500017be (sz=382, trace=300000, nelems=191, elem type=char[])
ARR 500017bf (sz=382, trace=300000, nelems=191, elem type=char[])
ARR 500017c0 (sz=382, trace=300000, nelems=191, elem type=char[])
ARR 500017c1 (sz=382, trace=300000, nelems=191, elem type=char[])
ARR 500017c2 (sz=382, trace=300000, nelems=191, elem type=char[])
ARR 500017c3 (sz=382, trace=300000, nelems=191, elem type=char[])
ARR 500017c4 (sz=382, trace=300000, nelems=191, elem type=char[])
ARR 500017c5 (sz=382, trace=300000, nelems=191, elem type=char[])
ARR 500017c6 (sz=382, trace=300000, nelems=191, elem type=char[])
ARR 500017c7 (sz=382, trace=300000, nelems=191, elem type=char[])
ARR 500017c8 (sz=382, trace=300000, nelems=191, elem type=char[])
ARR 500017c9 (sz=382, trace=300000, nelems=191, elem type=char[])
ARR 500017ca (sz=382, trace=300000, nelems=191, elem type=char[])
ARR 500017cb (sz=382, trace=300000, nelems=191, elem type=char[])
ARR 500017cc (sz=382, trace=300000, nelems=191, elem type=char[])
ARR 500017cd (sz=382, trace=300000, nelems=191, elem type=char[])
ARR 500017ce (sz=382, trace=300000, nelems=191, elem type=char[])
ARR 500017cf (sz=382, trace=300000, nelems=191, elem type=char[])
ARR 500017d0 (sz=382, trace=300000, nelems=191, elem type=char[])
ARR 500017d1 (sz=382, trace=300000, nelems=191, elem type=char[])
ARR 500017d2 (sz=382, trace=300000, nelems=191, elem type=char[])
ARR 500017d3 (sz=382, trace=300000, nelems=191, elem type=char[])
ARR 500017d4 (sz=382, trace=300000, nelems=191, elem type=char[])
ARR 500017d5 (sz=382, trace=300000, nelems=191, elem type=char[])
ARR 500017d6 (sz=382, trace=300000, nelems=191, elem type=char[])
ARR 500017d7 (sz=382, trace=300000, nelems=191, elem type=char[])
ARR 500017d8 (sz=382, trace=300000, nelems=191, elem type=char[])
ARR 500017d9 (sz=382, trace=300000, nelems=191, elem type=char[])
ARR 500017da (sz=382, trace=300000, nelems=191, elem type=char[])
ARR 500017db (sz=382, trace=300000, nelems=191, elem type=char[])
ARR 500017dc (sz=382, trace=300000, nelems=191, elem type=char[])
ARR 500017dd (sz=382, trace=300000, nelems=191, elem type=char[])
ARR 500017de (sz=382, trace=300000, nelems=191, elem type=char[])
ARR 500017df (sz=382, trace=300000, nelems=191, elem type=char[])
ARR 500017e0 (sz=382, trace=300000, nelems=191, elem type=char[])
ARR 500017e1 (sz=382, trace=300000, nelems=191, elem type=char[])
ARR 500017e2 (sz=382, trace=300000, nelems=191, elem type=char[])
ARR 500017e3 (sz=382, trace=300000, nelems=191, elem type=char[])
ARR 500017e4 (sz=382, trace=300000, nelems=191, elem type=char[])
ARR 500017e5 (sz=382, trace=300000, nelems=191, elem type=char[])
ARR 500017e6 (sz=382, trace=300000, nelems=191, elem type=char[])
ARR 500017e7 (sz=382, trace=300000, nelems=191, elem type=char[])
ARR 500017e8 (sz=382, trace=300000, nelems=191, elem type=char[])
ARR 500017e9 (sz=382, trace=300000, nelems=191, elem type=char[])
ARR 500017ea (sz=382, trace=300000, nelems=191, elem type=char[])
ARR 500017eb (sz=382, trace=300000, nelems=191, elem type=char[])
ARR 500017ec (sz=382, trace=300000, nelems=191, elem type=char[])
ARR 500017ed (sz=382, trace=300000, nelems=191, elem type=char[])
ARR 500017ee (sz=382, trace=300000, nelems=191, elem type=char[])
ARR 500017ef (sz=382, trace=300000, nelems=191, elem type=char[])
ARR 500017f0 (sz=382, trace=300000, nelems=191, elem type=char[])
ARR 500017f1 (sz=382, trace=300000, nelems=191, elem type=char[])
ARR 500017f2 (sz=382, trace=300000, nelems=191, elem type=char[])
ARR 500017f3 (sz=382, trace=300000, nelems=191, elem type=char[])
ARR 500017f4 (sz=382, trace=300000, nelems=191, elem type=char[])
ARR 500017f5 (sz=382, trace=300000, nelems=191, elem type=char[])
ARR 500017f6 (sz=382, trace=300000, nelems=191, elem type=char[])
ARR 500017f7 (sz=382, trace=300000, nelems=191, elem type=char[])
ARR 500017f8 (sz=382, trace=300000, nelems=191, elem type=char[])
ARR 500017f9 (sz=382, trace=300000, nelems=191, elem type=char[])
ARR 500017fa (sz=382, trace=300000, nelems=191, elem type=char[])
ARR 500017fb (sz=382, trace=300000, nelems=191, elem type=char[])
ARR 500017fc (sz=382, trace=300000, nelems=191, elem type=char[])
ARR 500017fd (sz=382, trace=300000, nelems=191, elem type=char[])
ARR 500017fe (sz=382, trace=300000, nelems=191, elem type=char[])
ARR 500017ff (sz=382, trace=300000, nelems=191, elem type=char[])
ARR 50001800 (sz=382, trace=300000, nelems=191, elem type=char[])
ARR 50001801 (sz=382, trace=300000, nelems=191, elem type=char[])
ARR 50001802 (sz=382, trace=300000, nelems=191, elem type=char[])
ARR 50001803 (sz=382, trace=300000, nelems=191, elem type=char[])
ARR 50001804 (sz=382, trace=300000, nelems=191, elem type=char[])
ARR 50001805 (sz=382, trace=300000, nelems=191, elem type=char[])
ARR 50001806 (sz=382, trace=300000, nelems=191, elem type=char[])
ARR 50001807 (sz=382, trace=300000, nelems=191, elem type=char[])
ARR 50001808 (sz=382, trace=300000, nelems=191, elem type=char[])
ARR 50001809 (sz=382, trace=300000, nelems=191, elem type=char[])
ARR 5000180a (sz=382, trace=300000, nelems=191, elem type=char[])
ARR 5000180b (sz=382, trace=300000, nelems=191, elem type=char[])
ARR 5000180c (sz=382, trace=300000, nelems=191, elem type=char[])
ARR 5000180d (sz=382, trace=300000, nelems=191, elem type=char[])
ARR 5000180e (sz=382, trace=300000, nelems=191, elem type=char[])
ARR 5000180f (sz=382, trace=300000, nelems=191, elem type=char[])
ARR 50001810 (sz=382, trace=300000, nelems=191, elem type=char[])
ARR 50001811 (sz=382, trace=300000, nelems=191, elem type=char[])
ARR 50001812 (sz=382, trace=300000, nelems=191, elem type=char[])
ARR 50001813 (sz=382, trace=300000, nelems=191, elem type=char[])
ARR 50001814 (sz=382, trace=300000, nelems=191, elem type=char[])
ARR 50001815 (sz=382, trace=300000, nelems=191, elem type=char[])
ARR 50001816 (sz=382, trace=300000, nelems=191, elem type=char[])
ARR 50001817 (sz=382, trace=300000, nelems=191, elem type=char[])
ARR 50001818 (sz=382, trace=300000, nelems=191, elem type=char[])
ARR 50001819 (sz=382, trace=300000, nelems=191, elem type=char[])
ARR 5000181a (sz=382, trace=300000, nelems=191, elem type=char[])
ARR 5000181b (sz=382, trace=300000, nelems=191, elem type=char[])
ARR 5000181c (sz=382, trace=300000, nelems=191, elem type=char[])
ARR 5000181d (sz=382, trace=300000, nelems=191, elem type=char[])
ARR 5000181e (sz=382, trace=300000, nelems=191, elem type=char[])
ARR 5000181f (sz=382, trace=300000, nelems=191, elem type=char[])
ARR 50001820 (sz=382, trace=300000, nelems=191, elem type=char[])
ARR 50001821 (sz=382, trace=300000, nelems=191, elem type=char[])
ARR 50001822 (sz=382, trace=300000, nelems=191, elem type=char[])
ARR 50001823 (sz=382, trace=300000, nelems=191, elem type=char[])
ARR 50001824 (sz=382, trace=300000, nelems=191, elem type=char[])
ARR 50001825 (sz=382, trace=300000, nelems=191, elem type=char[])
ARR 50001826 (sz=382, trace=300000, nelems=191, elem type=char[])
ARR 50001827 (sz=382, trace=300000, nelems=191, elem type=char[])
ARR 50001828 (sz=382, trace=300000, nelems=191, elem type=char[])
ARR 50001829 (sz=382, trace=300000, nelems=191, elem type=char[])
ARR 5000182a (sz=382, trace=300000, nelems=191, elem type=char[])
ARR 5000182b (sz=382, trace=300000, nelems=191, elem type=char[])
ARR 5000182c (sz=382, trace=300000, nelems=191, elem type=char[])
ARR 5000182d (sz=382, trace=300000, nelems=191, elem type=char[])
ARR 5000182e (sz=382, trace=300000, nelems=191, elem type=char[])
ARR 5000182f (sz=382, trace=300000, nelems=191, elem type=char[])
ARR 50001830 (sz=382, trace=300000, nelems=191, elem type=char[])
ARR 50001831 (sz=382, trace=300000, nelems=191, elem type=char[])
ARR 50001832 (sz=382, trace=300000, nelems=191, elem type=char[])
ARR 50001833 (sz=382, trace=300000, nelems=191, elem type=char[])
ARR 50001834 (sz=382, trace=300000, nelems=191, elem type=char[])
ARR 50001835 (sz=382, trace=300000, nelems=191, elem type=char[])
ARR 50001836 (sz=382, trace=300000, nelems=191, elem type=char[])
ARR 50001837 (sz=382, trace=300000, nelems=191, elem type=char[])
OBJ 50001838 (sz=24, trace=300000, class=java.lang.String@50000181)
	value		50001cae
OBJ 50001839 (sz=24, trace=300000, class=java.lang.String@50000181)
	value		50001ced
OBJ 5000183a (sz=24, trace=300000, class=java.lang.String@50000181)
	value		50001d06
OBJ 5000183b (sz=24, trace=300000, class=java.lang.String@50000181)
	value		50001d11
OBJ 5000183c (sz=24, trace=300000, class=java.lang.String@50000181)
	value		50001d12
OBJ 5000183d (sz=24, trace=300000, class=java.lang.String@50000181)
	value		50001cfb
OBJ 5000183e (sz=24, trace=300000, class=java.lang.String@50000181)
	value		50001d19
OBJ 5000183f (sz=24, trace=300000, class=java.lang.String@50000181)
	value		50001d37
OBJ 50001840 (sz=24, trace=300000, class=java.lang.String@50000181)
	value		50001b3a
OBJ 50001841 (sz=24, trace=300000, class=java.lang.String@50000181)
	value		50001b38
OBJ 50001842 (sz=24, trace=300000, class=java.lang.String@50000181)
	value		50001b39
OBJ 50001843 (sz=24, trace=300000, class=java.lang.String@50000181)
	value		50001bb9
OBJ 50001844 (sz=24, trace=300000, class=java.lang.String@50000181)
	value		50001b28
OBJ 50001845 (sz=24, trace=300000, class=java.lang.String@50000181)
	value		50001eab
OBJ 50001846 (sz=24, trace=300000, class=java.lang.String@50000181)
	value		50001b3f
OBJ 50001847 (sz=24, trace=300000, class=java.lang.String@50000181)
	value		50001b41
OBJ 50001848 (sz=24, trace=300000, class=java.lang.String@50000181)
	value		50001e6c
OBJ 50001849 (sz=24, trace=300000, class=java.lang.String@50000181)
	value		50001b44
OBJ 5000184a (sz=24, trace=300000, class=java.lang.String@50000181)
	value		50001b40
OBJ 5000184b (sz=24, trace=300000, class=java.lang.String@50000181)
	value		50001bcf
OBJ 5000184c (sz=24, trace=300000, class=java.lang.String@50000181)
	value		50001bd1
OBJ 5000184d (sz=24, trace=300000, class=java.lang.String@50000181)
	value		50001eb6
OBJ 5000184e (sz=24, trace=300000, class=java.lang.String@50000181)
	value		50001b42
OBJ 5000184f (sz=24, trace=300000, class=java.lang.String@50000181)
	value		50001bcd
OBJ 50001850 (sz=24, trace=300000, class=java.lang.String@50000181)
	value		50001ec5
OBJ 50001851 (sz=24, trace=300000, class=java.lang.String@50000181)
	value		50001b3d
OBJ 50001852 (sz=24, trace=300000, class=java.lang.String@50000181)
	value		50001b43
OBJ 50001853 (sz=24, trace=300000, class=java.lang.String@50000181)
	value		50001c00
OBJ 50001854 (sz=24, trace=300000, class=java.lang.String@50000181)
	value		50001c34
OBJ 50001855 (sz=24, trace=300000, class=java.lang.String@50000181)
	value		50001b8d
OBJ 50001856 (sz=24, trace=300000, class=java.lang.String@50000181)
	value		50001fe1
OBJ 50001857 (sz=24, trace=300000, class=java.lang.String@50000181)
	value		50001fe0
OBJ 50001858 (sz=24, trace=300000, class=java.lang.String@50000181)
	value		50001b92
OBJ 50001859 (sz=24, trace=300000, class=java.lang.String@50000181)
	value		50001b2b
OBJ 5000185a (sz=24, trace=300000, class=java.lang.String@50000181)
	value		50001b9c
OBJ 5000185b (sz=24, trace=300000, class=java.lang.String@50000181)
	value		50001b9a
OBJ 5000185c (sz=24, trace=300000, class=java.lang.String@50000181)
	value		50001ba2
OBJ 5000185d (sz=24, trace=300000, class=java.lang.String@50000181)
	value		50001ba0
OBJ 5000185e (sz=24, trace=300000, class=java.lang.String@50000181)
	value		50001fed
OBJ 5000185f (sz=24, trace=300000, class=java.lang.String@50000181)
	value		50001fec
OBJ 50001860 (sz=24, trace=300000, class=java.lang.String@50000181)
	value		50001ff0
OBJ 50001861 (sz=24, trace=300000, class=java.lang.String@50000181)
	value		50002003
OBJ 50001862 (sz=24, trace=300000, class=java.lang.String@50000181)
	value		50001b8e
OBJ 50001863 (sz=24, trace=300000, class=java.lang.String@50000181)
	value		50001bbd
OBJ 50001864 (sz=24, trace=300000, class=java.lang.String@50000181)
	value		50001c43
OBJ 50001865 (sz=24, trace=300000, class=java.lang.String@50000181)
	value		50001b93
OBJ 50001866 (sz=24, trace=300000, class=java.lang.String@50000181)
	value		50001b2c
OBJ 50001867 (sz=24, trace=300000, class=java.lang.String@50000181)
	value		50001b9d
OBJ 50001868 (sz=24, trace=300000, class=java.lang.String@50000181)
	value		50002002
OBJ 50001869 (sz=24, trace=300000, class=java.lang.String@50000181)
	value		50002007
OBJ 5000186a (sz=24, trace=300000, class=java.lang.String@50000181)
	value		50002006
OBJ 5000186b (sz=24, trace=300000, class=java.lang.String@50000181)
	value		50001ffc
OBJ 5000186c (sz=24, trace=300000, class=java.lang.String@50000181)
	value		50002012
OBJ 5000186d (sz=24, trace=300000, class=java.lang.String@50000181)
	value		50002011
OBJ 5000186e (sz=24, trace=300000, class=java.lang.String@50000181)
	value		50002016
OBJ 5000186f (sz=24, trace=300000, class=java.lang.String@50000181)
	value		50002015
OBJ 50001870 (sz=24, trace=300000, class=java.lang.String@50000181)
	value		50002017
OBJ 50001871 (sz=24, trace=300000, class=java.lang.String@50000181)
	value		50001c45
OBJ 50001872 (sz=24, trace=300000, class=java.lang.String@50000181)
	value		50001b9b
OBJ 50001873 (sz=24, trace=300000, class=java.lang.String@50000181)
	value		50001ba3
OBJ 50001874 (sz=24, trace=300000, class=java.lang.String@50000181)
	value		50001ba1
OBJ 50001875 (sz=24, trace=300000, class=java.lang.String@50000181)
	value		50002018
OBJ 50001876 (sz=24, trace=300000, class=java.lang.String@50000181)
	value		50001ff9
OBJ 50001877 (sz=24, trace=300000, class=java.lang.String@50000181)
	value		5000201e
OBJ 50001878 (sz=24, trace=300000, class=java.lang.String@50000181)
	value		50001c47
OBJ 50001879 (sz=24, trace=300000, class=java.lang.String@50000181)
	value		5000201d
OBJ 5000187a (sz=24, trace=300000, class=java.lang.String@50000181)
	value		50001ba4
OBJ 5000187b (sz=24, trace=300000, class=java.lang.String@50000181)
	value		50002020
OBJ 5000187c (sz=24, trace=300000, class=java.lang.String@50000181)
	value		50001b96
OBJ 5000187d (sz=24, trace=300000, class=java.lang.String@50000181)
	value		50001ba5
OBJ 5000187e (sz=24, trace=300000, class=java.lang.String@50000181)
	value		50001c40
OBJ 5000187f (sz=24, trace=300000, class=java.lang.String@50000181)
	value		50001b97
OBJ 50001880 (sz=24, trace=300000, class=java.lang.String@50000181)
	value		50001c3c
OBJ 50001881 (sz=24, trace=300000, class=java.lang.String@50000181)
	value		50001bb5
OBJ 50001882 (sz=24, trace=300000, class=java.lang.String@50000181)
	value		50001bb3
OBJ 50001883 (sz=24, trace=300000, class=java.lang.String@50000181)
	value		50001bb7
OBJ 50001884 (sz=24, trace=300000, class=java.lang.String@50000181)
	value		50001c88
OBJ 50001885 (sz=24, trace=300000, class=java.lang.String@50000181)
	value		50001c86
OBJ 50001886 (sz=24, trace=300000, class=java.lang.String@50000181)
	value		50001c83
OBJ 50001887 (sz=24, trace=300000, class=java.lang.String@50000181)
	value		50001ba9
OBJ 50001888 (sz=24, trace=300000, class=java.lang.String@50000181)
	value		50002056
OBJ 50001889 (sz=24, trace=300000, class=java.lang.String@50000181)
	value		50002058
OBJ 5000188a (sz=24, trace=300000, class=java.lang.String@50000181)
	value		50001c73
OBJ 5000188b (sz=24, trace=300000, class=java.lang.String@50000181)
	value		50001c7b
OBJ 5000188c (sz=24, trace=300000, class=java.lang.String@50000181)
	value		50001c8e
OBJ 5000188d (sz=24, trace=300000, class=java.lang.String@50000181)
	value		50001c8c
OBJ 5000188e (sz=24, trace=300000, class=java.lang.String@50000181)
	value		50001c59
OBJ 5000188f (sz=24, trace=300000, class=java.lang.String@50000181)
	value		50001c7d
OBJ 50001890 (sz=24, trace=300000, class=java.lang.String@50000181)
	value		50001c90
OBJ 50001891 (sz=24, trace=300000, class=java.lang.String@50000181)
	value		50001c7f
OBJ 50001892 (sz=24, trace=300000, class=java.lang.String@50000181)
	value		50001baf
OBJ 50001893 (sz=24, trace=300000, class=java.lang.String@50000181)
	value		50001c77
OBJ 50001894 (sz=24, trace=300000, class=java.lang.String@50000181)
	value		50002076
OBJ 50001895 (sz=24, trace=300000, class=java.lang.String@50000181)
	value		50001bae
OBJ 50001896 (sz=24, trace=300000, class=java.lang.String@50000181)
	value		50001bac
OBJ 50001897 (sz=24, trace=300000, class=java.lang.String@50000181)
	value		50001bad
OBJ 50001898 (sz=24, trace=300000, class=java.lang.String@50000181)
	value		50002095
OBJ 50001899 (sz=24, trace=300000, class=java.lang.String@50000181)
	value		50001d3c
OBJ 5000189a (sz=24, trace=300000, class=java.lang.String@50000181)
	value		50001d3d
OBJ 5000189b (sz=24, trace=300000, class=java.lang.String@50000181)
	value		50001d2a
OBJ 5000189c (sz=24, trace=300000, class=java.lang.String@50000181)
	value		50001d40
OBJ 5000189d (sz=24, trace=300000, class=java.lang.String@50000181)
	value		50001c9b
OBJ 5000189e (sz=24, trace=300000, class=java.lang.String@50000181)
	value		50001d4e
OBJ 5000189f (sz=24, trace=300000, class=java.lang.String@50000181)
	value		50001d4d
OBJ 500018a0 (sz=24, trace=300000, class=java.lang.String@50000181)
	value		50001d4f
OBJ 500018a1 (sz=24, trace=300000, class=java.lang.String@50000181)
	value		50001d47
OBJ 500018a2 (sz=24, trace=300000, class=java.lang.String@50000181)
	value		50001d8d
OBJ 500018a3 (sz=24, trace=300000, class=java.lang.String@50000181)
	value		50001da9
OBJ 500018a4 (sz=24, trace=300000, class=java.lang.String@50000181)
	value		50001dad
OBJ 500018a5 (sz=24, trace=300000, class=java.lang.String@50000181)
	value		50001d84
OBJ 500018a6 (sz=24, trace=300000, class=java.lang.String@50000181)
	value		50001dcd
OBJ 500018a7 (sz=24, trace=300000, class=java.lang.String@50000181)
	value		50001c98
OBJ 500018a8 (sz=24, trace=300000, class=java.lang.String@50000181)
	value		50001df3
OBJ 500018a9 (sz=24, trace=300000, class=java.lang.String@50000181)
	value		50001dd7
OBJ 500018aa (sz=24, trace=300000, class=java.lang.String@50000181)
	value		50001dd1
OBJ 500018ab (sz=24, trace=300000, class=java.lang.String@50000181)
	value		50001e37
OBJ 500018ac (sz=24, trace=300000, class=java.lang.String@50000181)
	value		50001e36
OBJ 500018ad (sz=24, trace=300000, class=java.lang.String@50000181)
	value		50001e34
OBJ 500018ae (sz=24, trace=300000, class=java.lang.String@50000181)
	value		50001e55
OBJ 500018af (sz=24, trace=300000, class=java.lang.String@50000181)
	value		50001e2b
OBJ 500018b0 (sz=24, trace=300000, class=java.lang.String@50000181)
	value		50001e5d
OBJ 500018b1 (sz=24, trace=300000, class=java.lang.String@50000181)
	value		50001e5c
OBJ 500018b2 (sz=24, trace=300000, class=java.lang.String@50000181)
	value		50001e5f
OBJ 500018b3 (sz=24, trace=300000, class=java.lang.String@50000181)
	value		50001e60
OBJ 500018b4 (sz=24, trace=300000, class=java.lang.String@50000181)
	value		50001e59
OBJ 500018b5 (sz=24, trace=300000, class=java.lang.String@50000181)
	value		50001e67
OBJ 500018b6 (sz=24, trace=300000, class=java.lang.String@50000181)
	value		50001e66
OBJ 500018b7 (sz=24, trace=300000, class=java.lang.String@50000181)
	value		50001e68
OBJ 500018b8 (sz=24, trace=300000, class=java.lang.String@50000181)
	value		50001e69
OBJ 500018b9 (sz=24, trace=300000, class=java.lang.String@50000181)
	value		50001e28
OBJ 500018ba (sz=24, trace=300000, class=java.lang.String@50000181)
	value		50001e63
OBJ 500018bb (sz=24, trace=300000, class=java.lang.String@50000181)
	value		50001ea9
OBJ 500018bc (sz=24, trace=300000, class=java.lang.String@50000181)
	value		50001ead
OBJ 500018bd (sz=24, trace=300000, class=java.lang.String@50000181)
	value		50001ec2
OBJ 500018be (sz=24, trace=300000, class=java.lang.String@50000181)
	value		50001eb3
OBJ 500018bf (sz=24, trace=300000, class=java.lang.String@50000181)
	value		50001eb7
OBJ 500018c0 (sz=24, trace=300000, class=java.lang.String@50000181)
	value		50001eb8
OBJ 500018c1 (sz=24, trace=300000, class=java.lang.String@50000181)
	value		50001eb0
OBJ 500018c2 (sz=24, trace=300000, class=java.lang.String@50000181)
	value		50001ebc
OBJ 500018c3 (sz=24, trace=300000, class=java.lang.String@50000181)
	value		50001ebb
OBJ 500018c4 (sz=24, trace=300000, class=java.lang.String@50000181)
	value		50001ec3
OBJ 500018c5 (sz=24, trace=300000, class=java.lang.String@50000181)
	value		50001ec4
OBJ 500018c6 (sz=24, trace=300000, class=java.lang.String@50000181)
	value		50001ebf
OBJ 500018c7 (sz=24, trace=300000, class=java.lang.String@50000181)
	value		50001c95
OBJ 500018c8 (sz=24, trace=300000, class=java.lang.String@50000181)
	value		50001edf
OBJ 500018c9 (sz=24, trace=300000, class=java.lang.String@50000181)
	value		50001ee0
OBJ 500018ca (sz=24, trace=300000, class=java.lang.String@50000181)
	value		50001edd
OBJ 500018cb (sz=24, trace=300000, class=java.lang.String@50000181)
	value		50001ee2
OBJ 500018cc (sz=24, trace=300000, class=java.lang.String@50000181)
	value		50001ed7
OBJ 500018cd (sz=24, trace=300000, class=java.lang.String@50000181)
	value		50001f29
OBJ 500018ce (sz=24, trace=300000, class=java.lang.String@50000181)
	value		50001f3d
OBJ 500018cf (sz=24, trace=300000, class=java.lang.String@50000181)
	value		50001f51
OBJ 500018d0 (sz=24, trace=300000, class=java.lang.String@50000181)
	value		50001ecb
OBJ 500018d1 (sz=24, trace=300000, class=java.lang.String@50000181)
	value		50001fbf
OBJ 500018d2 (sz=24, trace=300000, class=java.lang.String@50000181)
	value		50001fd7
OBJ 500018d3 (sz=24, trace=300000, class=java.lang.String@50000181)
	value		50001fe4
OBJ 500018d4 (sz=24, trace=300000, class=java.lang.String@50000181)
	value		50001fe3
OBJ 500018d5 (sz=24, trace=300000, class=java.lang.String@50000181)
	value		50001fdd
OBJ 500018d6 (sz=24, trace=300000, class=java.lang.String@50000181)
	value		50001fe8
OBJ 500018d7 (sz=24, trace=300000, class=java.lang.String@50000181)
	value		50001fe7
OBJ 500018d8 (sz=24, trace=300000, class=java.lang.String@50000181)
	value		50001fe9
OBJ 500018d9 (sz=24, trace=300000, class=java.lang.String@50000181)
	value		50001fda
OBJ 500018da (sz=24, trace=300000, class=java.lang.String@50000181)
	value		50001fef
OBJ 500018db (sz=24, trace=300000, class=java.lang.String@50000181)
	value		50001ec8
OBJ 500018dc (sz=24, trace=300000, class=java.lang.String@50000181)
	value		50002008
OBJ 500018dd (sz=24, trace=300000, class=java.lang.String@50000181)
	value		50001fff
OBJ 500018de (sz=24, trace=300000, class=java.lang.String@50000181)
	value		5000200a
OBJ 500018df (sz=24, trace=300000, class=java.lang.String@50000181)
	value		5000200b
OBJ 500018e0 (sz=24, trace=300000, class=java.lang.String@50000181)
	value		5000200e
OBJ 500018e1 (sz=24, trace=300000, class=java.lang.String@50000181)
	value		5000201f
OBJ 500018e2 (sz=24, trace=300000, class=java.lang.String@50000181)
	value		50001ff6
OBJ 500018e3 (sz=24, trace=300000, class=java.lang.String@50000181)
	value		5000202c
OBJ 500018e4 (sz=24, trace=300000, class=java.lang.String@50000181)
	value		5000202d
OBJ 500018e5 (sz=24, trace=300000, class=java.lang.String@50000181)
	value		50002029
OBJ 500018e6 (sz=24, trace=300000, class=java.lang.String@50000181)
	value		5000202f
OBJ 500018e7 (sz=24, trace=300000, class=java.lang.String@50000181)
	value		50002030
OBJ 500018e8 (sz=24, trace=300000, class=java.lang.String@50000181)
	value		50002026
OBJ 500018e9 (sz=24, trace=300000, class=java.lang.String@50000181)
	value		50002034
OBJ 500018ea (sz=24, trace=300000, class=java.lang.String@50000181)
	value		50002033
OBJ 500018eb (sz=24, trace=300000, class=java.lang.String@50000181)
	value		50002035
OBJ 500018ec (sz=24, trace=300000, class=java.lang.String@50000181)
	value		50002023
OBJ 500018ed (sz=24, trace=300000, class=java.lang.String@50000181)
	value		50002038
OBJ 500018ee (sz=24, trace=300000, class=java.lang.String@50000181)
	value		50002049
OBJ 500018ef (sz=24, trace=300000, class=java.lang.String@50000181)
	value		50002048
OBJ 500018f0 (sz=24, trace=300000, class=java.lang.String@50000181)
	value		5000204a
OBJ 500018f1 (sz=24, trace=300000, class=java.lang.String@50000181)
	value		50001ff3
OBJ 500018f2 (sz=24, trace=300000, class=java.lang.String@50000181)
	value		50002053
OBJ 500018f3 (sz=24, trace=300000, class=java.lang.String@50000181)
	value		5000205d
OBJ 500018f4 (sz=24, trace=300000, class=java.lang.String@50000181)
	value		5000205c
OBJ 500018f5 (sz=24, trace=300000, class=java.lang.String@50000181)
	value		50002050
OBJ 500018f6 (sz=24, trace=300000, class=java.lang.String@50000181)
	value		50002066
OBJ 500018f7 (sz=24, trace=300000, class=java.lang.String@50000181)
	value		50002065
OBJ 500018f8 (sz=24, trace=300000, class=java.lang.String@50000181)
	value		50002063
OBJ 500018f9 (sz=24, trace=300000, class=java.lang.String@50000181)
	value		50002067
OBJ 500018fa (sz=24, trace=300000, class=java.lang.String@50000181)
	value		50002060
OBJ 500018fb (sz=24, trace=300000, class=java.lang.String@50000181)
	value		50002071
OBJ 500018fc (sz=24, trace=300000, class=java.lang.String@50000181)
	value		50002070
OBJ 500018fd (sz=24, trace=300000, class=java.lang.String@50000181)
	value		50002072
OBJ 500018fe (sz=24, trace=300000, class=java.lang.String@50000181)
	value		5000206d
OBJ 500018ff (sz=24, trace=300000, class=java.lang.String@50000181)
	value		50002073
OBJ 50001900 (sz=24, trace=300000, class=java.lang.String@50000181)
	value		5000206a
OBJ 50001901 (sz=24, trace=300000, class=java.lang.String@50000181)
	value		50002077
OBJ 50001902 (sz=24, trace=300000, class=java.lang.String@50000181)
	value		5000222a
OBJ 50001903 (sz=24, trace=300000, class=java.lang.String@50000181)
	value		50002079
OBJ 50001904 (sz=24, trace=300000, class=java.lang.String@50000181)
	value		5000207a
OBJ 50001905 (sz=24, trace=300000, class=java.lang.String@50000181)
	value		50001bb4
OBJ 50001906 (sz=24, trace=300000, class=java.lang.String@50000181)
	value		50001bb2
OBJ 50001907 (sz=24, trace=300000, class=java.lang.String@50000181)
	value		50001bb6
OBJ 50001908 (sz=24, trace=300000, class=java.lang.String@50000181)
	value		50001ba8
OBJ 50001909 (sz=24, trace=300000, class=java.lang.String@50000181)
	value		5000204d
OBJ 5000190a (sz=24, trace=300000, class=java.lang.String@50000181)
	value		50002081
OBJ 5000190b (sz=24, trace=300000, class=java.lang.String@50000181)
	value		50002080
OBJ 5000190c (sz=24, trace=300000, class=java.lang.String@50000181)
	value		50002084
OBJ 5000190d (sz=24, trace=300000, class=java.lang.String@50000181)
	value		50002085
OBJ 5000190e (sz=24, trace=300000, class=java.lang.String@50000181)
	value		5000207d
OBJ 5000190f (sz=24, trace=300000, class=java.lang.String@50000181)
	value		5000208f
OBJ 50001910 (sz=24, trace=300000, class=java.lang.String@50000181)
	value		5000208e
OBJ 50001911 (sz=24, trace=300000, class=java.lang.String@50000181)
	value		50001bb8
OBJ 50001912 (sz=24, trace=300000, class=java.lang.String@50000181)
	value		50001b27
OBJ 50001913 (sz=24, trace=300000, class=java.lang.String@50000181)
	value		50002090
OBJ 50001914 (sz=24, trace=300000, class=java.lang.String@50000181)
	value		50001bcc
OBJ 50001915 (sz=24, trace=300000, class=java.lang.String@50000181)
	value		50001bff
OBJ 50001916 (sz=24, trace=300000, class=java.lang.String@50000181)
	value		50001c33
OBJ 50001917 (sz=24, trace=300000, class=java.lang.String@50000181)
	value		50001bbc
OBJ 50001918 (sz=24, trace=300000, class=java.lang.String@50000181)
	value		50001c42
OBJ 50001919 (sz=24, trace=300000, class=java.lang.String@50000181)
	value		50001c44
OBJ 5000191a (sz=24, trace=300000, class=java.lang.String@50000181)
	value		50001c3f
OBJ 5000191b (sz=24, trace=300000, class=java.lang.String@50000181)
	value		50001c46
OBJ 5000191c (sz=24, trace=300000, class=java.lang.String@50000181)
	value		50001c3b
OBJ 5000191d (sz=24, trace=300000, class=java.lang.String@50000181)
	value		50001c72
OBJ 5000191e (sz=24, trace=300000, class=java.lang.String@50000181)
	value		50001c58
OBJ 5000191f (sz=24, trace=300000, class=java.lang.String@50000181)
	value		50001c7c
OBJ 50001920 (sz=24, trace=300000, class=java.lang.String@50000181)
	value		50001c7e
OBJ 50001921 (sz=24, trace=300000, class=java.lang.String@50000181)
	value		50001c76
OBJ 50001922 (sz=24, trace=300000, class=java.lang.String@50000181)
	value		5000208b
OBJ 50001923 (sz=24, trace=300000, class=java.lang.String@50000181)
	value		50001bce
OBJ 50001924 (sz=24, trace=300000, class=java.lang.String@50000181)
	value		50002091
OBJ 50001925 (sz=24, trace=300000, class=java.lang.String@50000181)
	value		50001bd0
OBJ 50001926 (sz=24, trace=300000, class=java.lang.String@50000181)
	value		50001c7a
OBJ 50001927 (sz=24, trace=300000, class=java.lang.String@50000181)
	value		50002088
OBJ 50001928 (sz=24, trace=300000, class=java.lang.String@50000181)
	value		50001c87
OBJ 50001929 (sz=24, trace=300000, class=java.lang.String@50000181)
	value		50001c85
OBJ 5000192a (sz=24, trace=300000, class=java.lang.String@50000181)
	value		50001c82
OBJ 5000192b (sz=24, trace=300000, class=java.lang.String@50000181)
	value		50001c8d
OBJ 5000192c (sz=24, trace=300000, class=java.lang.String@50000181)
	value		50001c8b
OBJ 5000192d (sz=24, trace=300000, class=java.lang.String@50000181)
	value		50001c8f
OBJ 5000192e (sz=24, trace=300000, class=java.lang.String@50000181)
	value		50002094
OBJ 5000192f (sz=24, trace=300000, class=java.lang.String@50000181)
	value		50002096
OBJ 50001930 (sz=24, trace=300000, class=java.lang.String@50000181)
	value		50001ca8
OBJ 50001931 (sz=24, trace=300000, class=java.lang.String@50000181)
	value		50001ca7
OBJ 50001932 (sz=24, trace=300000, class=java.lang.String@50000181)
	value		50001caa
OBJ 50001933 (sz=24, trace=300000, class=java.lang.String@50000181)
	value		50001cab
OBJ 50001934 (sz=24, trace=300000, class=java.lang.String@50000181)
	value		50001ca4
OBJ 50001935 (sz=24, trace=300000, class=java.lang.String@50000181)
	value		50001caf
OBJ 50001936 (sz=24, trace=300000, class=java.lang.String@50000181)
	value		50001cb2
OBJ 50001937 (sz=24, trace=300000, class=java.lang.String@50000181)
	value		50001cb1
OBJ 50001938 (sz=24, trace=300000, class=java.lang.String@50000181)
	value		50001ca1
OBJ 50001939 (sz=24, trace=300000, class=java.lang.String@50000181)
	value		50001cbc
OBJ 5000193a (sz=24, trace=300000, class=java.lang.String@50000181)
	value		50001cbb
OBJ 5000193b (sz=24, trace=300000, class=java.lang.String@50000181)
	value		50001cbd
OBJ 5000193c (sz=24, trace=300000, class=java.lang.String@50000181)
	value		50001cb8
OBJ 5000193d (sz=24, trace=300000, class=java.lang.String@50000181)
	value		50001cc4
OBJ 5000193e (sz=24, trace=300000, class=java.lang.String@50000181)
	value		50001cc3
OBJ 5000193f (sz=24, trace=300000, class=java.lang.String@50000181)
	value		50001cc5
OBJ 50001940 (sz=24, trace=300000, class=java.lang.String@50000181)
	value		50001cc0
OBJ 50001941 (sz=24, trace=300000, class=java.lang.String@50000181)
	value		50001cc9
OBJ 50001942 (sz=24, trace=300000, class=java.lang.String@50000181)
	value		50001cc8
OBJ 50001943 (sz=24, trace=300000, class=java.lang.String@50000181)
	value		50001ccd
OBJ 50001944 (sz=24, trace=300000, class=java.lang.String@50000181)
	value		50001ccc
OBJ 50001945 (sz=24, trace=300000, class=java.lang.String@50000181)
	value		50001ccf
OBJ 50001946 (sz=24, trace=300000, class=java.lang.String@50000181)
	value		50001cd0
OBJ 50001947 (sz=24, trace=300000, class=java.lang.String@50000181)
	value		50001cb5
OBJ 50001948 (sz=24, trace=300000, class=java.lang.String@50000181)
	value		50001cda
OBJ 50001949 (sz=24, trace=300000, class=java.lang.String@50000181)
	value		50001cd9
OBJ 5000194a (sz=24, trace=300000, class=java.lang.String@50000181)
	value		50001cdb
OBJ 5000194b (sz=24, trace=300000, class=java.lang.String@50000181)
	value		50001cd6
OBJ 5000194c (sz=24, trace=300000, class=java.lang.String@50000181)
	value		50001cdc
OBJ 5000194d (sz=24, trace=300000, class=java.lang.String@50000181)
	value		50001cd3
OBJ 5000194e (sz=24, trace=300000, class=java.lang.String@50000181)
	value		50001ce3
OBJ 5000194f (sz=24, trace=300000, class=java.lang.String@50000181)
	value		50001ce2
OBJ 50001950 (sz=24, trace=300000, class=java.lang.String@50000181)
	value		50001ce7
OBJ 50001951 (sz=24, trace=300000, class=java.lang.String@50000181)
	value		50001ce6
OBJ 50001952 (sz=24, trace=300000, class=java.lang.String@50000181)
	value		50001cea
OBJ 50001953 (sz=24, trace=300000, class=java.lang.String@50000181)
	value		50001ce9
OBJ 50001954 (sz=24, trace=300000, class=java.lang.String@50000181)
	value		50001cdf
OBJ 50001955 (sz=24, trace=300000, class=java.lang.String@50000181)
	value		50001cef
OBJ 50001956 (sz=24, trace=300000, class=java.lang.String@50000181)
	value		50001cf0
OBJ 50001957 (sz=24, trace=300000, class=java.lang.String@50000181)
	value		50001cf4
OBJ 50001958 (sz=24, trace=300000, class=java.lang.String@50000181)
	value		50001cf3
OBJ 50001959 (sz=24, trace=300000, class=java.lang.String@50000181)
	value		50001cf5
OBJ 5000195a (sz=24, trace=300000, class=java.lang.String@50000181)
	value		50001c9e
OBJ 5000195b (sz=24, trace=300000, class=java.lang.String@50000181)
	value		50001d02
OBJ 5000195c (sz=24, trace=300000, class=java.lang.String@50000181)
	value		50001d01
OBJ 5000195d (sz=24, trace=300000, class=java.lang.String@50000181)
	value		50001d03
OBJ 5000195e (sz=24, trace=300000, class=java.lang.String@50000181)
	value		50001cfe
OBJ 5000195f (sz=24, trace=300000, class=java.lang.String@50000181)
	value		50001d0a
OBJ 50001960 (sz=24, trace=300000, class=java.lang.String@50000181)
	value		50001d09
OBJ 50001961 (sz=24, trace=300000, class=java.lang.String@50000181)
	value		50001d0e
OBJ 50001962 (sz=24, trace=300000, class=java.lang.String@50000181)
	value		50001d0d
OBJ 50001963 (sz=24, trace=300000, class=java.lang.String@50000181)
	value		50001d0f
OBJ 50001964 (sz=24, trace=300000, class=java.lang.String@50000181)
	value		50001d18
OBJ 50001965 (sz=24, trace=300000, class=java.lang.String@50000181)
	value		50001d1b
OBJ 50001966 (sz=24, trace=300000, class=java.lang.String@50000181)
	value		50001d1c
OBJ 50001967 (sz=24, trace=300000, class=java.lang.String@50000181)
	value		50001d15
OBJ 50001968 (sz=24, trace=300000, class=java.lang.String@50000181)
	value		50001d25
OBJ 50001969 (sz=24, trace=300000, class=java.lang.String@50000181)
	value		50001d24
OBJ 5000196a (sz=24, trace=300000, class=java.lang.String@50000181)
	value		50001d22
OBJ 5000196b (sz=24, trace=300000, class=java.lang.String@50000181)
	value		50001d26
OBJ 5000196c (sz=24, trace=300000, class=java.lang.String@50000181)
	value		50001d1f
OBJ 5000196d (sz=24, trace=300000, class=java.lang.String@50000181)
	value		50001d27
OBJ 5000196e (sz=24, trace=300000, class=java.lang.String@50000181)
	value		50001cf8
OBJ 5000196f (sz=24, trace=300000, class=java.lang.String@50000181)
	value		50001d31
OBJ 50001970 (sz=24, trace=300000, class=java.lang.String@50000181)
	value		50001d30
OBJ 50001971 (sz=24, trace=300000, class=java.lang.String@50000181)
	value		50001d33
OBJ 50001972 (sz=24, trace=300000, class=java.lang.String@50000181)
	value		50001d34
OBJ 50001973 (sz=24, trace=300000, class=java.lang.String@50000181)
	value		50001d2d
OBJ 50001974 (sz=24, trace=300000, class=java.lang.String@50000181)
	value		50001d3b
OBJ 50001975 (sz=24, trace=300000, class=java.lang.String@50000181)
	value		50001d3a
OBJ 50001976 (sz=24, trace=300000, class=java.lang.String@50000181)
	value		50002231
OBJ 50001977 (sz=24, trace=300000, class=java.lang.String@50000181)
	value		50001ea3
OBJ 50001978 (sz=24, trace=300000, class=java.lang.String@50000181)
	value		50001b49
OBJ 50001979 (sz=24, trace=300000, class=java.lang.String@50000181)
	value		50001b47
OBJ 5000197a (sz=24, trace=300000, class=java.lang.String@50000181)
	value		50001b4b
OBJ 5000197b (sz=24, trace=300000, class=java.lang.String@50000181)
	value		50001b32
OBJ 5000197c (sz=24, trace=300000, class=java.lang.String@50000181)
	value		50001b54
OBJ 5000197d (sz=24, trace=300000, class=java.lang.String@50000181)
	value		50001b52
OBJ 5000197e (sz=24, trace=300000, class=java.lang.String@50000181)
	value		50001b5a
OBJ 5000197f (sz=24, trace=300000, class=java.lang.String@50000181)
	value		50001b58
OBJ 50001980 (sz=24, trace=300000, class=java.lang.String@50000181)
	value		50001b60
OBJ 50001981 (sz=24, trace=300000, class=java.lang.String@50000181)
	value		50001b5e
OBJ 50001982 (sz=24, trace=300000, class=java.lang.String@50000181)
	value		50001b62
OBJ 50001983 (sz=24, trace=300000, class=java.lang.String@50000181)
	value		50001b4f
OBJ 50001984 (sz=24, trace=300000, class=java.lang.String@50000181)
	value		50001bc9
OBJ 50001985 (sz=24, trace=300000, class=java.lang.String@50000181)
	value		50001bd7
OBJ 50001986 (sz=24, trace=300000, class=java.lang.String@50000181)
	value		50001b67
OBJ 50001987 (sz=24, trace=300000, class=java.lang.String@50000181)
	value		50001bd5
OBJ 50001988 (sz=24, trace=300000, class=java.lang.String@50000181)
	value		50001b66
OBJ 50001989 (sz=24, trace=300000, class=java.lang.String@50000181)
	value		50001bdc
OBJ 5000198a (sz=24, trace=300000, class=java.lang.String@50000181)
	value		50001bda
OBJ 5000198b (sz=24, trace=300000, class=java.lang.String@50000181)
	value		50001bc5
OBJ 5000198c (sz=24, trace=300000, class=java.lang.String@50000181)
	value		50001be6
OBJ 5000198d (sz=24, trace=300000, class=java.lang.String@50000181)
	value		50001be4
OBJ 5000198e (sz=24, trace=300000, class=java.lang.String@50000181)
	value		50001be9
OBJ 5000198f (sz=24, trace=300000, class=java.lang.String@50000181)
	value		50001b48
OBJ 50001990 (sz=24, trace=300000, class=java.lang.String@50000181)
	value		50001b4c
OBJ 50001991 (sz=24, trace=300000, class=java.lang.String@50000181)
	value		50001b33
OBJ 50001992 (sz=24, trace=300000, class=java.lang.String@50000181)
	value		50001b55
OBJ 50001993 (sz=24, trace=300000, class=java.lang.String@50000181)
	value		50001b53
OBJ 50001994 (sz=24, trace=300000, class=java.lang.String@50000181)
	value		50001b5b
OBJ 50001995 (sz=24, trace=300000, class=java.lang.String@50000181)
	value		50001b59
OBJ 50001996 (sz=24, trace=300000, class=java.lang.String@50000181)
	value		50001b61
OBJ 50001997 (sz=24, trace=300000, class=java.lang.String@50000181)
	value		50001b5f
OBJ 50001998 (sz=24, trace=300000, class=java.lang.String@50000181)
	value		50001b63
OBJ 50001999 (sz=24, trace=300000, class=java.lang.String@50000181)
	value		50001beb
OBJ 5000199a (sz=24, trace=300000, class=java.lang.String@50000181)
	value		50001be0
OBJ 5000199b (sz=24, trace=300000, class=java.lang.String@50000181)
	value		50001bf5
OBJ 5000199c (sz=24, trace=300000, class=java.lang.String@50000181)
	value		50001bf3
OBJ 5000199d (sz=24, trace=300000, class=java.lang.String@50000181)
	value		50001b68
OBJ 5000199e (sz=24, trace=300000, class=java.lang.String@50000181)
	value		50001b2f
OBJ 5000199f (sz=24, trace=300000, class=java.lang.String@50000181)
	value		50001b72
OBJ 500019a0 (sz=24, trace=300000, class=java.lang.String@50000181)
	value		50001b71
OBJ 500019a1 (sz=24, trace=300000, class=java.lang.String@50000181)
	value		50001b73
OBJ 500019a2 (sz=24, trace=300000, class=java.lang.String@50000181)
	value		50001b6e
OBJ 500019a3 (sz=24, trace=300000, class=java.lang.String@50000181)
	value		50001b7c
OBJ 500019a4 (sz=24, trace=300000, class=java.lang.String@50000181)
	value		50001b7b
OBJ 500019a5 (sz=24, trace=300000, class=java.lang.String@50000181)
	value		50001bfa
OBJ 500019a6 (sz=24, trace=300000, class=java.lang.String@50000181)
	value		50001bf8
OBJ 500019a7 (sz=24, trace=300000, class=java.lang.String@50000181)
	value		50001b79
OBJ 500019a8 (sz=24, trace=300000, class=java.lang.String@50000181)
	value		50001b80
OBJ 500019a9 (sz=24, trace=300000, class=java.lang.String@50000181)
	value		50001b7f
OBJ 500019aa (sz=24, trace=300000, class=java.lang.String@50000181)
	value		50001bef
OBJ 500019ab (sz=24, trace=300000, class=java.lang.String@50000181)
	value		50001bfc
OBJ 500019ac (sz=24, trace=300000, class=java.lang.String@50000181)
	value		50001b4a
OBJ 500019ad (sz=24, trace=300000, class=java.lang.String@50000181)
	value		50001bc1
OBJ 500019ae (sz=24, trace=300000, class=java.lang.String@50000181)
	value		50001b81
OBJ 500019af (sz=24, trace=300000, class=java.lang.String@50000181)
	value		50001b76
OBJ 500019b0 (sz=24, trace=300000, class=java.lang.String@50000181)
	value		50001b82
OBJ 500019b1 (sz=24, trace=300000, class=java.lang.String@50000181)
	value		50001b6b
OBJ 500019b2 (sz=24, trace=300000, class=java.lang.String@50000181)
	value		50001b89
OBJ 500019b3 (sz=24, trace=300000, class=java.lang.String@50000181)
	value		50001b88
OBJ 500019b4 (sz=24, trace=300000, class=java.lang.String@50000181)
	value		50001b8a
OBJ 500019b5 (sz=24, trace=300000, class=java.lang.String@50000181)
	value		50001b85
OBJ 500019b6 (sz=24, trace=300000, class=java.lang.String@50000181)
	value		50001b90
OBJ 500019b7 (sz=24, trace=300000, class=java.lang.String@50000181)
	value		50001c0a
OBJ 500019b8 (sz=24, trace=300000, class=java.lang.String@50000181)
	value		50001b91
OBJ 500019b9 (sz=24, trace=300000, class=java.lang.String@50000181)
	value		50001c08
OBJ 500019ba (sz=24, trace=300000, class=java.lang.String@50000181)
	value		50001c0c
OBJ 500019bb (sz=24, trace=300000, class=java.lang.String@50000181)
	value		50001c04
OBJ 500019bc (sz=24, trace=300000, class=java.lang.String@50000181)
	value		50001c15
OBJ 500019bd (sz=24, trace=300000, class=java.lang.String@50000181)
	value		50001c13
OBJ 500019be (sz=24, trace=300000, class=java.lang.String@50000181)
	value		50001c10
OBJ 500019bf (sz=24, trace=300000, class=java.lang.String@50000181)
	value		50001c17
OBJ 500019c0 (sz=24, trace=300000, class=java.lang.String@50000181)
	value		50001c21
OBJ 500019c1 (sz=24, trace=300000, class=java.lang.String@50000181)
	value		50001c1f
OBJ 500019c2 (sz=24, trace=300000, class=java.lang.String@50000181)
	value		50001c23
OBJ 500019c3 (sz=24, trace=300000, class=java.lang.String@50000181)
	value		50001c1b
OBJ 500019c4 (sz=24, trace=300000, class=java.lang.String@50000181)
	value		50001c2a
OBJ 500019c5 (sz=24, trace=300000, class=java.lang.String@50000181)
	value		50001c2c
OBJ 500019c6 (sz=24, trace=300000, class=java.lang.String@50000181)
	value		50001c27
OBJ 500019c7 (sz=24, trace=300000, class=java.lang.String@50000181)
	value		50001c32
OBJ 500019c8 (sz=24, trace=300000, class=java.lang.String@50000181)
	value		50001c30
OBJ 500019c9 (sz=24, trace=300000, class=java.lang.String@50000181)
	value		50002230
OBJ 500019ca (sz=24, trace=300000, class=java.lang.String@50000181)
	value		50001c50
OBJ 500019cb (sz=24, trace=300000, class=java.lang.String@50000181)
	value		50001c4e
OBJ 500019cc (sz=24, trace=300000, class=java.lang.String@50000181)
	value		50001c4b
OBJ 500019cd (sz=24, trace=300000, class=java.lang.String@50000181)
	value		50001c53
OBJ 500019ce (sz=24, trace=300000, class=java.lang.String@50000181)
	value		50001c55
OBJ 500019cf (sz=24, trace=300000, class=java.lang.String@50000181)
	value		50001c38
OBJ 500019d0 (sz=24, trace=300000, class=java.lang.String@50000181)
	value		50001c64
OBJ 500019d1 (sz=24, trace=300000, class=java.lang.String@50000181)
	value		50001c66
OBJ 500019d2 (sz=24, trace=300000, class=java.lang.String@50000181)
	value		50001c61
OBJ 500019d3 (sz=24, trace=300000, class=java.lang.String@50000181)
	value		50001c69
OBJ 500019d4 (sz=24, trace=300000, class=java.lang.String@50000181)
	value		50001c6b
OBJ 500019d5 (sz=24, trace=300000, class=java.lang.String@50000181)
	value		50001c5d
OBJ 500019d6 (sz=24, trace=300000, class=java.lang.String@50000181)
	value		50001c71
OBJ 500019d7 (sz=24, trace=300000, class=java.lang.String@50000181)
	value		50001c6f
OBJ 500019d8 (sz=24, trace=300000, class=java.lang.String@50000181)
	value		5000222f
OBJ 500019d9 (sz=24, trace=300000, class=java.lang.String@50000181)
	value		5000222e
OBJ 500019da (sz=24, trace=300000, class=java.lang.String@50000181)
	value		50001d4a
OBJ 500019db (sz=24, trace=300000, class=java.lang.String@50000181)
	value		50001d56
OBJ 500019dc (sz=24, trace=300000, class=java.lang.String@50000181)
	value		50001d55
OBJ 500019dd (sz=24, trace=300000, class=java.lang.String@50000181)
	value		50001d57
OBJ 500019de (sz=24, trace=300000, class=java.lang.String@50000181)
	value		50001d52
OBJ 500019df (sz=24, trace=300000, class=java.lang.String@50000181)
	value		50001d5b
OBJ 500019e0 (sz=24, trace=300000, class=java.lang.String@50000181)
	value		50001d5a
OBJ 500019e1 (sz=24, trace=300000, class=java.lang.String@50000181)
	value		50001d5f
OBJ 500019e2 (sz=24, trace=300000, class=java.lang.String@50000181)
	value		50001d5e
OBJ 500019e3 (sz=24, trace=300000, class=java.lang.String@50000181)
	value		50001d60
OBJ 500019e4 (sz=24, trace=300000, class=java.lang.String@50000181)
	value		50001d68
OBJ 500019e5 (sz=24, trace=300000, class=java.lang.String@50000181)
	value		50001d69
OBJ 500019e6 (sz=24, trace=300000, class=java.lang.String@50000181)
	value		50001d66
OBJ 500019e7 (sz=24, trace=300000, class=java.lang.String@50000181)
	value		50001d6a
OBJ 500019e8 (sz=24, trace=300000, class=java.lang.String@50000181)
	value		50001d63
OBJ 500019e9 (sz=24, trace=300000, class=java.lang.String@50000181)
	value		50001d71
OBJ 500019ea (sz=24, trace=300000, class=java.lang.String@50000181)
	value		50001d70
OBJ 500019eb (sz=24, trace=300000, class=java.lang.String@50000181)
	value		50001d72
OBJ 500019ec (sz=24, trace=300000, class=java.lang.String@50000181)
	value		50001d6d
OBJ 500019ed (sz=24, trace=300000, class=java.lang.String@50000181)
	value		50001d79
OBJ 500019ee (sz=24, trace=300000, class=java.lang.String@50000181)
	value		50001d78
OBJ 500019ef (sz=24, trace=300000, class=java.lang.String@50000181)
	value		50001d7d
OBJ 500019f0 (sz=24, trace=300000, class=java.lang.String@50000181)
	value		50001d7c
OBJ 500019f1 (sz=24, trace=300000, class=java.lang.String@50000181)
	value		50001d7e
OBJ 500019f2 (sz=24, trace=300000, class=java.lang.String@50000181)
	value		50001d75
OBJ 500019f3 (sz=24, trace=300000, class=java.lang.String@50000181)
	value		50001d80
OBJ 500019f4 (sz=24, trace=300000, class=java.lang.String@50000181)
	value		50001d81
OBJ 500019f5 (sz=24, trace=300000, class=java.lang.String@50000181)
	value		50001d44
OBJ 500019f6 (sz=24, trace=300000, class=java.lang.String@50000181)
	value		50001d8e
OBJ 500019f7 (sz=24, trace=300000, class=java.lang.String@50000181)
	value		50001d91
OBJ 500019f8 (sz=24, trace=300000, class=java.lang.String@50000181)
	value		50001d90
OBJ 500019f9 (sz=24, trace=300000, class=java.lang.String@50000181)
	value		50001d8a
OBJ 500019fa (sz=24, trace=300000, class=java.lang.String@50000181)
	value		50001d95
OBJ 500019fb (sz=24, trace=300000, class=java.lang.String@50000181)
	value		50001d94
OBJ 500019fc (sz=24, trace=300000, class=java.lang.String@50000181)
	value		50001d96
OBJ 500019fd (sz=24, trace=300000, class=java.lang.String@50000181)
	value		50001d87
OBJ 500019fe (sz=24, trace=300000, class=java.lang.String@50000181)
	value		50001d9d
OBJ 500019ff (sz=24, trace=300000, class=java.lang.String@50000181)
	value		50001d9c
OBJ 50001a00 (sz=24, trace=300000, class=java.lang.String@50000181)
	value		50001d9e
OBJ 50001a01 (sz=24, trace=300000, class=java.lang.String@50000181)
	value		50001d99
OBJ 50001a02 (sz=24, trace=300000, class=java.lang.String@50000181)
	value		50001da5
OBJ 50001a03 (sz=24, trace=300000, class=java.lang.String@50000181)
	value		50001da4
OBJ 50001a04 (sz=24, trace=300000, class=java.lang.String@50000181)
	value		50001da6
OBJ 50001a05 (sz=24, trace=300000, class=java.lang.String@50000181)
	value		50001da1
OBJ 50001a06 (sz=24, trace=300000, class=java.lang.String@50000181)
	value		50001dab
OBJ 50001a07 (sz=24, trace=300000, class=java.lang.String@50000181)
	value		50001dac
OBJ 50001a08 (sz=24, trace=300000, class=java.lang.String@50000181)
	value		50001db7
OBJ 50001a09 (sz=24, trace=300000, class=java.lang.String@50000181)
	value		50001db6
OBJ 50001a0a (sz=24, trace=300000, class=java.lang.String@50000181)
	value		50001db8
OBJ 50001a0b (sz=24, trace=300000, class=java.lang.String@50000181)
	value		50001db3
OBJ 50001a0c (sz=24, trace=300000, class=java.lang.String@50000181)
	value		50001db9
OBJ 50001a0d (sz=24, trace=300000, class=java.lang.String@50000181)
	value		50001db0
OBJ 50001a0e (sz=24, trace=300000, class=java.lang.String@50000181)
	value		50001dc0
OBJ 50001a0f (sz=24, trace=300000, class=java.lang.String@50000181)
	value		50001dbf
OBJ 50001a10 (sz=24, trace=300000, class=java.lang.String@50000181)
	value		50001dc2
OBJ 50001a11 (sz=24, trace=300000, class=java.lang.String@50000181)
	value		50001dc3
OBJ 50001a12 (sz=24, trace=300000, class=java.lang.String@50000181)
	value		50001dbc
OBJ 50001a13 (sz=24, trace=300000, class=java.lang.String@50000181)
	value		50001dca
OBJ 50001a14 (sz=24, trace=300000, class=java.lang.String@50000181)
	value		50001dc9
OBJ 50001a15 (sz=24, trace=300000, class=java.lang.String@50000181)
	value		50001dcb
OBJ 50001a16 (sz=24, trace=300000, class=java.lang.String@50000181)
	value		50001dc6
OBJ 50001a17 (sz=24, trace=300000, class=java.lang.String@50000181)
	value		50001dce
OBJ 50001a18 (sz=24, trace=300000, class=java.lang.String@50000181)
	value		50001de1
OBJ 50001a19 (sz=24, trace=300000, class=java.lang.String@50000181)
	value		50001de0
OBJ 50001a1a (sz=24, trace=300000, class=java.lang.String@50000181)
	value		50001de4
OBJ 50001a1b (sz=24, trace=300000, class=java.lang.String@50000181)
	value		50001de3
OBJ 50001a1c (sz=24, trace=300000, class=java.lang.String@50000181)
	value		50001ddd
OBJ 50001a1d (sz=24, trace=300000, class=java.lang.String@50000181)
	value		50001de5
OBJ 50001a1e (sz=24, trace=300000, class=java.lang.String@50000181)
	value		50001dda
OBJ 50001a1f (sz=24, trace=300000, class=java.lang.String@50000181)
	value		50001dec
OBJ 50001a20 (sz=24, trace=300000, class=java.lang.String@50000181)
	value		50001deb
OBJ 50001a21 (sz=24, trace=300000, class=java.lang.String@50000181)
	value		50001ded
OBJ 50001a22 (sz=24, trace=300000, class=java.lang.String@50000181)
	value		50001de8
OBJ 50001a23 (sz=24, trace=300000, class=java.lang.String@50000181)
	value		50001df1
OBJ 50001a24 (sz=24, trace=300000, class=java.lang.String@50000181)
	value		50001df0
OBJ 50001a25 (sz=24, trace=300000, class=java.lang.String@50000181)
	value		50001df4
OBJ 50001a26 (sz=24, trace=300000, class=java.lang.String@50000181)
	value		50001dfb
OBJ 50001a27 (sz=24, trace=300000, class=java.lang.String@50000181)
	value		50001dfa
OBJ 50001a28 (sz=24, trace=300000, class=java.lang.String@50000181)
	value		50001dff
OBJ 50001a29 (sz=24, trace=300000, class=java.lang.String@50000181)
	value		50001dfe
OBJ 50001a2a (sz=24, trace=300000, class=java.lang.String@50000181)
	value		50001e00
OBJ 50001a2b (sz=24, trace=300000, class=java.lang.String@50000181)
	value		50001df7
OBJ 50001a2c (sz=24, trace=300000, class=java.lang.String@50000181)
	value		50001e03
OBJ 50001a2d (sz=24, trace=300000, class=java.lang.String@50000181)
	value		50001e04
OBJ 50001a2e (sz=24, trace=300000, class=java.lang.String@50000181)
	value		50001dd4
OBJ 50001a2f (sz=24, trace=300000, class=java.lang.String@50000181)
	value		50001e0b
OBJ 50001a30 (sz=24, trace=300000, class=java.lang.String@50000181)
	value		50001e0a
OBJ 50001a31 (sz=24, trace=300000, class=java.lang.String@50000181)
	value		50001e0c
OBJ 50001a32 (sz=24, trace=300000, class=java.lang.String@50000181)
	value		50001e07
OBJ 50001a33 (sz=24, trace=300000, class=java.lang.String@50000181)
	value		50001e13
OBJ 50001a34 (sz=24, trace=300000, class=java.lang.String@50000181)
	value		50001e12
OBJ 50001a35 (sz=24, trace=300000, class=java.lang.String@50000181)
	value		50001e17
OBJ 50001a36 (sz=24, trace=300000, class=java.lang.String@50000181)
	value		50001e16
OBJ 50001a37 (sz=24, trace=300000, class=java.lang.String@50000181)
	value		50001e18
OBJ 50001a38 (sz=24, trace=300000, class=java.lang.String@50000181)
	value		50001e0f
OBJ 50001a39 (sz=24, trace=300000, class=java.lang.String@50000181)
	value		50001e1f
OBJ 50001a3a (sz=24, trace=300000, class=java.lang.String@50000181)
	value		50001e1e
OBJ 50001a3b (sz=24, trace=300000, class=java.lang.String@50000181)
	value		50001e20
OBJ 50001a3c (sz=24, trace=300000, class=java.lang.String@50000181)
	value		50001e1b
OBJ 50001a3d (sz=24, trace=300000, class=java.lang.String@50000181)
	value		50001e24
OBJ 50001a3e (sz=24, trace=300000, class=java.lang.String@50000181)
	value		50001e23
OBJ 50001a3f (sz=24, trace=300000, class=java.lang.String@50000181)
	value		50001e25
OBJ 50001a40 (sz=24, trace=300000, class=java.lang.String@50000181)
	value		50001e38
OBJ 50001a41 (sz=24, trace=300000, class=java.lang.String@50000181)
	value		50001e31
OBJ 50001a42 (sz=24, trace=300000, class=java.lang.String@50000181)
	value		50001e3c
OBJ 50001a43 (sz=24, trace=300000, class=java.lang.String@50000181)
	value		50001e3b
OBJ 50001a44 (sz=24, trace=300000, class=java.lang.String@50000181)
	value		50001e42
OBJ 50001a45 (sz=24, trace=300000, class=java.lang.String@50000181)
	value		50001e41
OBJ 50001a46 (sz=24, trace=300000, class=java.lang.String@50000181)
	value		50001e3f
OBJ 50001a47 (sz=24, trace=300000, class=java.lang.String@50000181)
	value		50001e46
OBJ 50001a48 (sz=24, trace=300000, class=java.lang.String@50000181)
	value		50001e45
OBJ 50001a49 (sz=24, trace=300000, class=java.lang.String@50000181)
	value		50001e47
OBJ 50001a4a (sz=24, trace=300000, class=java.lang.String@50000181)
	value		50001e2e
OBJ 50001a4b (sz=24, trace=300000, class=java.lang.String@50000181)
	value		50001e4e
OBJ 50001a4c (sz=24, trace=300000, class=java.lang.String@50000181)
	value		50001e4d
OBJ 50001a4d (sz=24, trace=300000, class=java.lang.String@50000181)
	value		50001e4f
OBJ 50001a4e (sz=24, trace=300000, class=java.lang.String@50000181)
	value		50001e4a
OBJ 50001a4f (sz=24, trace=300000, class=java.lang.String@50000181)
	value		50001e53
OBJ 50001a50 (sz=24, trace=300000, class=java.lang.String@50000181)
	value		50001e52
OBJ 50001a51 (sz=24, trace=300000, class=java.lang.String@50000181)
	value		50001e56
OBJ 50001a52 (sz=24, trace=300000, class=java.lang.String@50000181)
	value		50001e7c
OBJ 50001a53 (sz=24, trace=300000, class=java.lang.String@50000181)
	value		50001e7b
OBJ 50001a54 (sz=24, trace=300000, class=java.lang.String@50000181)
	value		50001e7d
OBJ 50001a55 (sz=24, trace=300000, class=java.lang.String@50000181)
	value		50001e78
OBJ 50001a56 (sz=24, trace=300000, class=java.lang.String@50000181)
	value		50001e7e
OBJ 50001a57 (sz=24, trace=300000, class=java.lang.String@50000181)
	value		50001e75
OBJ 50001a58 (sz=24, trace=300000, class=java.lang.String@50000181)
	value		50001e85
OBJ 50001a59 (sz=24, trace=300000, class=java.lang.String@50000181)
	value		50001e84
OBJ 50001a5a (sz=24, trace=300000, class=java.lang.String@50000181)
	value		50001e86
OBJ 50001a5b (sz=24, trace=300000, class=java.lang.String@50000181)
	value		50001e81
OBJ 50001a5c (sz=24, trace=300000, class=java.lang.String@50000181)
	value		50001e89
OBJ 50001a5d (sz=24, trace=300000, class=java.lang.String@50000181)
	value		50001e88
OBJ 50001a5e (sz=24, trace=300000, class=java.lang.String@50000181)
	value		50001e72
OBJ 50001a5f (sz=24, trace=300000, class=java.lang.String@50000181)
	value		50001e8d
OBJ 50001a60 (sz=24, trace=300000, class=java.lang.String@50000181)
	value		50001e8c
OBJ 50001a61 (sz=24, trace=300000, class=java.lang.String@50000181)
	value		50001e8e
OBJ 50001a62 (sz=24, trace=300000, class=java.lang.String@50000181)
	value		50001e6f
OBJ 50001a63 (sz=24, trace=300000, class=java.lang.String@50000181)
	value		50001e9b
OBJ 50001a64 (sz=24, trace=300000, class=java.lang.String@50000181)
	value		50001e9a
OBJ 50001a65 (sz=24, trace=300000, class=java.lang.String@50000181)
	value		50001e9c
OBJ 50001a66 (sz=24, trace=300000, class=java.lang.String@50000181)
	value		50001e97
OBJ 50001a67 (sz=24, trace=300000, class=java.lang.String@50000181)
	value		50001e9d
OBJ 50001a68 (sz=24, trace=300000, class=java.lang.String@50000181)
	value		50001e94
OBJ 50001a69 (sz=24, trace=300000, class=java.lang.String@50000181)
	value		50001ea2
OBJ 50001a6a (sz=24, trace=300000, class=java.lang.String@50000181)
	value		50001ea0
OBJ 50001a6b (sz=24, trace=300000, class=java.lang.String@50000181)
	value		50001ea6
OBJ 50001a6c (sz=24, trace=300000, class=java.lang.String@50000181)
	value		50001ea5
OBJ 50001a6d (sz=24, trace=300000, class=java.lang.String@50000181)
	value		50001e91
OBJ 50001a6e (sz=24, trace=300000, class=java.lang.String@50000181)
	value		50001eac
OBJ 50001a6f (sz=24, trace=300000, class=java.lang.String@50000181)
	value		50001ee3
OBJ 50001a70 (sz=24, trace=300000, class=java.lang.String@50000181)
	value		50001eda
OBJ 50001a71 (sz=24, trace=300000, class=java.lang.String@50000181)
	value		50001ee8
OBJ 50001a72 (sz=24, trace=300000, class=java.lang.String@50000181)
	value		50001ee9
OBJ 50001a73 (sz=24, trace=300000, class=java.lang.String@50000181)
	value		50001ee6
OBJ 50001a74 (sz=24, trace=300000, class=java.lang.String@50000181)
	value		50001eea
OBJ 50001a75 (sz=24, trace=300000, class=java.lang.String@50000181)
	value		50001ef0
OBJ 50001a76 (sz=24, trace=300000, class=java.lang.String@50000181)
	value		50001eef
OBJ 50001a77 (sz=24, trace=300000, class=java.lang.String@50000181)
	value		50001eed
OBJ 50001a78 (sz=24, trace=300000, class=java.lang.String@50000181)
	value		50001ef1
OBJ 50001a79 (sz=24, trace=300000, class=java.lang.String@50000181)
	value		50001ed4
OBJ 50001a7a (sz=24, trace=300000, class=java.lang.String@50000181)
	value		50001efc
OBJ 50001a7b (sz=24, trace=300000, class=java.lang.String@50000181)
	value		50001efd
OBJ 50001a7c (sz=24, trace=300000, class=java.lang.String@50000181)
	value		50001efa
OBJ 50001a7d (sz=24, trace=300000, class=java.lang.String@50000181)
	value		50001f01
OBJ 50001a7e (sz=24, trace=300000, class=java.lang.String@50000181)
	value		50001f00
OBJ 50001a7f (sz=24, trace=300000, class=java.lang.String@50000181)
	value		50001f02
OBJ 50001a80 (sz=24, trace=300000, class=java.lang.String@50000181)
	value		50001ef7
OBJ 50001a81 (sz=24, trace=300000, class=java.lang.String@50000181)
	value		50001f09
OBJ 50001a82 (sz=24, trace=300000, class=java.lang.String@50000181)
	value		50001f08
OBJ 50001a83 (sz=24, trace=300000, class=java.lang.String@50000181)
	value		50001f0a
OBJ 50001a84 (sz=24, trace=300000, class=java.lang.String@50000181)
	value		50001f05
OBJ 50001a85 (sz=24, trace=300000, class=java.lang.String@50000181)
	value		50001f11
OBJ 50001a86 (sz=24, trace=300000, class=java.lang.String@50000181)
	value		50001f10
OBJ 50001a87 (sz=24, trace=300000, class=java.lang.String@50000181)
	value		50001f12
OBJ 50001a88 (sz=24, trace=300000, class=java.lang.String@50000181)
	value		50001f0d
OBJ 50001a89 (sz=24, trace=300000, class=java.lang.String@50000181)
	value		50001f13
OBJ 50001a8a (sz=24, trace=300000, class=java.lang.String@50000181)
	value		50001ef4
OBJ 50001a8b (sz=24, trace=300000, class=java.lang.String@50000181)
	value		50001f1a
OBJ 50001a8c (sz=24, trace=300000, class=java.lang.String@50000181)
	value		50001f19
OBJ 50001a8d (sz=24, trace=300000, class=java.lang.String@50000181)
	value		50001f1c
OBJ 50001a8e (sz=24, trace=300000, class=java.lang.String@50000181)
	value		50001f1d
OBJ 50001a8f (sz=24, trace=300000, class=java.lang.String@50000181)
	value		50001f16
OBJ 50001a90 (sz=24, trace=300000, class=java.lang.String@50000181)
	value		50001f24
OBJ 50001a91 (sz=24, trace=300000, class=java.lang.String@50000181)
	value		50001f23
OBJ 50001a92 (sz=24, trace=300000, class=java.lang.String@50000181)
	value		50001f25
OBJ 50001a93 (sz=24, trace=300000, class=java.lang.String@50000181)
	value		50001f20
OBJ 50001a94 (sz=24, trace=300000, class=java.lang.String@50000181)
	value		50001f26
OBJ 50001a95 (sz=24, trace=300000, class=java.lang.String@50000181)
	value		50001ed1
OBJ 50001a96 (sz=24, trace=300000, class=java.lang.String@50000181)
	value		50001f2d
OBJ 50001a97 (sz=24, trace=300000, class=java.lang.String@50000181)
	value		50001f2c
OBJ 50001a98 (sz=24, trace=300000, class=java.lang.String@50000181)
	value		50001f31
OBJ 50001a99 (sz=24, trace=300000, class=java.lang.String@50000181)
	value		50001f30
OBJ 50001a9a (sz=24, trace=300000, class=java.lang.String@50000181)
	value		50001f35
OBJ 50001a9b (sz=24, trace=300000, class=java.lang.String@50000181)
	value		50001f34
OBJ 50001a9c (sz=24, trace=300000, class=java.lang.String@50000181)
	value		50001f36
OBJ 50001a9d (sz=24, trace=300000, class=java.lang.String@50000181)
	value		50001f3c
OBJ 50001a9e (sz=24, trace=300000, class=java.lang.String@50000181)
	value		50001f3f
OBJ 50001a9f (sz=24, trace=300000, class=java.lang.String@50000181)
	value		50001f40
OBJ 50001aa0 (sz=24, trace=300000, class=java.lang.String@50000181)
	value		50001f39
OBJ 50001aa1 (sz=24, trace=300000, class=java.lang.String@50000181)
	value		50001f49
OBJ 50001aa2 (sz=24, trace=300000, class=java.lang.String@50000181)
	value		50001f48
OBJ 50001aa3 (sz=24, trace=300000, class=java.lang.String@50000181)
	value		50001f46
OBJ 50001aa4 (sz=24, trace=300000, class=java.lang.String@50000181)
	value		50001f4a
OBJ 50001aa5 (sz=24, trace=300000, class=java.lang.String@50000181)
	value		50001f43
OBJ 50001aa6 (sz=24, trace=300000, class=java.lang.String@50000181)
	value		50001f4b
OBJ 50001aa7 (sz=24, trace=300000, class=java.lang.String@50000181)
	value		50001ece
OBJ 50001aa8 (sz=24, trace=300000, class=java.lang.String@50000181)
	value		50001f58
OBJ 50001aa9 (sz=24, trace=300000, class=java.lang.String@50000181)
	value		50001f57
OBJ 50001aaa (sz=24, trace=300000, class=java.lang.String@50000181)
	value		50001f5a
OBJ 50001aab (sz=24, trace=300000, class=java.lang.String@50000181)
	value		50001f5b
OBJ 50001aac (sz=24, trace=300000, class=java.lang.String@50000181)
	value		50001f54
OBJ 50001aad (sz=24, trace=300000, class=java.lang.String@50000181)
	value		50001f64
OBJ 50001aae (sz=24, trace=300000, class=java.lang.String@50000181)
	value		50001f63
OBJ 50001aaf (sz=24, trace=300000, class=java.lang.String@50000181)
	value		50001f61
OBJ 50001ab0 (sz=24, trace=300000, class=java.lang.String@50000181)
	value		50001f65
OBJ 50001ab1 (sz=24, trace=300000, class=java.lang.String@50000181)
	value		50001f5e
OBJ 50001ab2 (sz=24, trace=300000, class=java.lang.String@50000181)
	value		50001f69
OBJ 50001ab3 (sz=24, trace=300000, class=java.lang.String@50000181)
	value		50001f68
OBJ 50001ab4 (sz=24, trace=300000, class=java.lang.String@50000181)
	value		50001f6a
OBJ 50001ab5 (sz=24, trace=300000, class=java.lang.String@50000181)
	value		50001f70
OBJ 50001ab6 (sz=24, trace=300000, class=java.lang.String@50000181)
	value		50001f6f
OBJ 50001ab7 (sz=24, trace=300000, class=java.lang.String@50000181)
	value		50001f6d
OBJ 50001ab8 (sz=24, trace=300000, class=java.lang.String@50000181)
	value		50001f71
OBJ 50001ab9 (sz=24, trace=300000, class=java.lang.String@50000181)
	value		50001f4e
OBJ 50001aba (sz=24, trace=300000, class=java.lang.String@50000181)
	value		50001f7c
OBJ 50001abb (sz=24, trace=300000, class=java.lang.String@50000181)
	value		50001f7d
OBJ 50001abc (sz=24, trace=300000, class=java.lang.String@50000181)
	value		50001f7a
OBJ 50001abd (sz=24, trace=300000, class=java.lang.String@50000181)
	value		50001f81
OBJ 50001abe (sz=24, trace=300000, class=java.lang.String@50000181)
	value		50001f80
OBJ 50001abf (sz=24, trace=300000, class=java.lang.String@50000181)
	value		50001f82
OBJ 50001ac0 (sz=24, trace=300000, class=java.lang.String@50000181)
	value		50001f77
OBJ 50001ac1 (sz=24, trace=300000, class=java.lang.String@50000181)
	value		50001f86
OBJ 50001ac2 (sz=24, trace=300000, class=java.lang.String@50000181)
	value		50001f85
OBJ 50001ac3 (sz=24, trace=300000, class=java.lang.String@50000181)
	value		50001f87
OBJ 50001ac4 (sz=24, trace=300000, class=java.lang.String@50000181)
	value		50001f74
OBJ 50001ac5 (sz=24, trace=300000, class=java.lang.String@50000181)
	value		50001f94
OBJ 50001ac6 (sz=24, trace=300000, class=java.lang.String@50000181)
	value		50001f93
OBJ 50001ac7 (sz=24, trace=300000, class=java.lang.String@50000181)
	value		50001f97
OBJ 50001ac8 (sz=24, trace=300000, class=java.lang.String@50000181)
	value		50001f96
OBJ 50001ac9 (sz=24, trace=300000, class=java.lang.String@50000181)
	value		50001f90
OBJ 50001aca (sz=24, trace=300000, class=java.lang.String@50000181)
	value		50001f98
OBJ 50001acb (sz=24, trace=300000, class=java.lang.String@50000181)
	value		50001f8d
OBJ 50001acc (sz=24, trace=300000, class=java.lang.String@50000181)
	value		50001f9f
OBJ 50001acd (sz=24, trace=300000, class=java.lang.String@50000181)
	value		50001f9e
OBJ 50001ace (sz=24, trace=300000, class=java.lang.String@50000181)
	value		50001fa2
OBJ 50001acf (sz=24, trace=300000, class=java.lang.String@50000181)
	value		50001fa1
OBJ 50001ad0 (sz=24, trace=300000, class=java.lang.String@50000181)
	value		50001f9b
OBJ 50001ad1 (sz=24, trace=300000, class=java.lang.String@50000181)
	value		50001fa3
OBJ 50001ad2 (sz=24, trace=300000, class=java.lang.String@50000181)
	value		50001f8a
OBJ 50001ad3 (sz=24, trace=300000, class=java.lang.String@50000181)
	value		50001fa7
OBJ 50001ad4 (sz=24, trace=300000, class=java.lang.String@50000181)
	value		50001fa6
OBJ 50001ad5 (sz=24, trace=300000, class=java.lang.String@50000181)
	value		50001fab
OBJ 50001ad6 (sz=24, trace=300000, class=java.lang.String@50000181)
	value		50001faa
OBJ 50001ad7 (sz=24, trace=300000, class=java.lang.String@50000181)
	value		50001faf
OBJ 50001ad8 (sz=24, trace=300000, class=java.lang.String@50000181)
	value		50001fae
OBJ 50001ad9 (sz=24, trace=300000, class=java.lang.String@50000181)
	value		50001fb0
OBJ 50001ada (sz=24, trace=300000, class=java.lang.String@50000181)
	value		50001fbe
OBJ 50001adb (sz=24, trace=300000, class=java.lang.String@50000181)
	value		50001fc0
OBJ 50001adc (sz=24, trace=300000, class=java.lang.String@50000181)
	value		50001fbb
OBJ 50001add (sz=24, trace=300000, class=java.lang.String@50000181)
	value		50001fc3
OBJ 50001ade (sz=24, trace=300000, class=java.lang.String@50000181)
	value		50001fc2
OBJ 50001adf (sz=24, trace=300000, class=java.lang.String@50000181)
	value		50001fb8
OBJ 50001ae0 (sz=24, trace=300000, class=java.lang.String@50000181)
	value		50001fc7
OBJ 50001ae1 (sz=24, trace=300000, class=java.lang.String@50000181)
	value		50001fc6
OBJ 50001ae2 (sz=24, trace=300000, class=java.lang.String@50000181)
	value		50001fc8
OBJ 50001ae3 (sz=24, trace=300000, class=java.lang.String@50000181)
	value		50001fb5
OBJ 50001ae4 (sz=24, trace=300000, class=java.lang.String@50000181)
	value		50001fcc
OBJ 50001ae5 (sz=24, trace=300000, class=java.lang.String@50000181)
	value		50001fcb
OBJ 50001ae6 (sz=24, trace=300000, class=java.lang.String@50000181)
	value		50001fd1
OBJ 50001ae7 (sz=24, trace=300000, class=java.lang.String@50000181)
	value		50001fd2
OBJ 50001ae8 (sz=24, trace=300000, class=java.lang.String@50000181)
	value		50001fcf
OBJ 50001ae9 (sz=24, trace=300000, class=java.lang.String@50000181)
	value		50001fd6
OBJ 50001aea (sz=24, trace=300000, class=java.lang.String@50000181)
	value		50001fd5
OBJ 50001aeb (sz=24, trace=300000, class=java.lang.String@50000181)
	value		5000222d
OBJ 50001aec (sz=24, trace=300000, class=java.lang.String@50000181)
	value		5000222c
OBJ 50001aed (sz=24, trace=300000, class=java.lang.String@50000181)
	value		50001bc8
OBJ 50001aee (sz=24, trace=300000, class=java.lang.String@50000181)
	value		50001bd6
OBJ 50001aef (sz=24, trace=300000, class=java.lang.String@50000181)
	value		50001bd4
OBJ 50001af0 (sz=24, trace=300000, class=java.lang.String@50000181)
	value		50001bdb
OBJ 50001af1 (sz=24, trace=300000, class=java.lang.String@50000181)
	value		50001bd9
OBJ 50001af2 (sz=24, trace=300000, class=java.lang.String@50000181)
	value		50001bc4
OBJ 50001af3 (sz=24, trace=300000, class=java.lang.String@50000181)
	value		50001be5
OBJ 50001af4 (sz=24, trace=300000, class=java.lang.String@50000181)
	value		50001be3
OBJ 50001af5 (sz=24, trace=300000, class=java.lang.String@50000181)
	value		50001be8
OBJ 50001af6 (sz=24, trace=300000, class=java.lang.String@50000181)
	value		50001bea
OBJ 50001af7 (sz=24, trace=300000, class=java.lang.String@50000181)
	value		50001bdf
OBJ 50001af8 (sz=24, trace=300000, class=java.lang.String@50000181)
	value		50001bf4
OBJ 50001af9 (sz=24, trace=300000, class=java.lang.String@50000181)
	value		50001bf2
OBJ 50001afa (sz=24, trace=300000, class=java.lang.String@50000181)
	value		50001bf9
OBJ 50001afb (sz=24, trace=300000, class=java.lang.String@50000181)
	value		50001bf7
OBJ 50001afc (sz=24, trace=300000, class=java.lang.String@50000181)
	value		50001bee
OBJ 50001afd (sz=24, trace=300000, class=java.lang.String@50000181)
	value		50001bfb
OBJ 50001afe (sz=24, trace=300000, class=java.lang.String@50000181)
	value		50001bc0
OBJ 50001aff (sz=24, trace=300000, class=java.lang.String@50000181)
	value		50001c09
OBJ 50001b00 (sz=24, trace=300000, class=java.lang.String@50000181)
	value		50001c07
OBJ 50001b01 (sz=24, trace=300000, class=java.lang.String@50000181)
	value		50001c0b
OBJ 50001b02 (sz=24, trace=300000, class=java.lang.String@50000181)
	value		50001c03
OBJ 50001b03 (sz=24, trace=300000, class=java.lang.String@50000181)
	value		50001c14
OBJ 50001b04 (sz=24, trace=300000, class=java.lang.String@50000181)
	value		50001c12
OBJ 50001b05 (sz=24, trace=300000, class=java.lang.String@50000181)
	value		50001c0f
OBJ 50001b06 (sz=24, trace=300000, class=java.lang.String@50000181)
	value		50001c16
OBJ 50001b07 (sz=24, trace=300000, class=java.lang.String@50000181)
	value		50001c20
OBJ 50001b08 (sz=24, trace=300000, class=java.lang.String@50000181)
	value		50001c1e
OBJ 50001b09 (sz=24, trace=300000, class=java.lang.String@50000181)
	value		50001c22
OBJ 50001b0a (sz=24, trace=300000, class=java.lang.String@50000181)
	value		50001c1a
OBJ 50001b0b (sz=24, trace=300000, class=java.lang.String@50000181)
	value		50001c29
OBJ 50001b0c (sz=24, trace=300000, class=java.lang.String@50000181)
	value		50001c2b
OBJ 50001b0d (sz=24, trace=300000, class=java.lang.String@50000181)
	value		50001c26
OBJ 50001b0e (sz=24, trace=300000, class=java.lang.String@50000181)
	value		50001c31
OBJ 50001b0f (sz=24, trace=300000, class=java.lang.String@50000181)
	value		50001c2f
OBJ 50001b10 (sz=24, trace=300000, class=java.lang.String@50000181)
	value		50001c4f
OBJ 50001b11 (sz=24, trace=300000, class=java.lang.String@50000181)
	value		50001c4d
OBJ 50001b12 (sz=24, trace=300000, class=java.lang.String@50000181)
	value		50001c4a
OBJ 50001b13 (sz=24, trace=300000, class=java.lang.String@50000181)
	value		50001c52
OBJ 50001b14 (sz=24, trace=300000, class=java.lang.String@50000181)
	value		50001c54
OBJ 50001b15 (sz=24, trace=300000, class=java.lang.String@50000181)
	value		50001c37
OBJ 50001b16 (sz=24, trace=300000, class=java.lang.String@50000181)
	value		50001c63
OBJ 50001b17 (sz=24, trace=300000, class=java.lang.String@50000181)
	value		50001c65
OBJ 50001b18 (sz=24, trace=300000, class=java.lang.String@50000181)
	value		50001c60
OBJ 50001b19 (sz=24, trace=300000, class=java.lang.String@50000181)
	value		50001c68
OBJ 50001b1a (sz=24, trace=300000, class=java.lang.String@50000181)
	value		50001c6a
OBJ 50001b1b (sz=24, trace=300000, class=java.lang.String@50000181)
	value		50001c5c
OBJ 50001b1c (sz=24, trace=300000, class=java.lang.String@50000181)
	value		50001c70
OBJ 50001b1d (sz=24, trace=300000, class=java.lang.String@50000181)
	value		50001c6e
OBJ 50001b1e (sz=40, trace=300000, class=sun.nio.cs.ext.ExtendedCharsets@500000b1)
	classMap	50001b22
	aliasMap	50001b21
	aliasNameMap	50001b20
	cache		50001b1f
	packagePrefix	50001902
OBJ 50001b1f (sz=48, trace=300000, class=java.util.TreeMap@500000a8)
	comparator	50001b24
	root		5000219c
OBJ 50001b20 (sz=48, trace=300000, class=java.util.TreeMap@500000a8)
	comparator	50001b24
	root		50002097
OBJ 50001b21 (sz=48, trace=300000, class=java.util.TreeMap@500000a8)
	comparator	50001b24
	root		50001c92
OBJ 50001b22 (sz=48, trace=300000, class=java.util.TreeMap@500000a8)
	comparator	50001b24
	root		50001b23
OBJ 50001b23 (sz=40, trace=300000, class=java.util.TreeMap$Entry@500000a6)
	key		50001912
	value		50001844
	left		50001b26
	right		50001b25
OBJ 50001b24 (sz=16, trace=300000, class=sun.misc.ASCIICaseInsensitiveComparator@500000a7)
OBJ 50001b25 (sz=40, trace=300000, class=java.util.TreeMap$Entry@500000a6)
	key		50001917
	value		50001863
	left		50001bbb
	right		50001bba
	parent		50001b23
OBJ 50001b26 (sz=40, trace=300000, class=java.util.TreeMap$Entry@500000a6)
	key		50001859
	value		50001866
	left		50001b2a
	right		50001b29
	parent		50001b23
ARR 50001b27 (sz=28, trace=300000, nelems=14, elem type=char[])
ARR 50001b28 (sz=24, trace=300000, nelems=12, elem type=char[])
OBJ 50001b29 (sz=40, trace=300000, class=java.util.TreeMap$Entry@500000a6)
	key		5000187c
	value		5000187f
	left		50001b95
	right		50001b94
	parent		50001b26
OBJ 50001b2a (sz=40, trace=300000, class=java.util.TreeMap$Entry@500000a6)
	key		5000199e
	value		5000199e
	left		50001b2e
	right		50001b2d
	parent		50001b26
ARR 50001b2b (sz=26, trace=300000, nelems=13, elem type=char[])
ARR 50001b2c (sz=24, trace=300000, nelems=12, elem type=char[])
OBJ 50001b2d (sz=40, trace=300000, class=java.util.TreeMap$Entry@500000a6)
	key		500019b1
	value		500019b1
	left		50001b6a
	right		50001b69
	parent		50001b2a
OBJ 50001b2e (sz=40, trace=300000, class=java.util.TreeMap$Entry@500000a6)
	key		5000197b
	value		50001991
	left		50001b31
	right		50001b30
	parent		50001b2a
ARR 50001b2f (sz=12, trace=300000, nelems=6, elem type=char[])
OBJ 50001b30 (sz=40, trace=300000, class=java.util.TreeMap$Entry@500000a6)
	key		50001983
	value		50001983
	left		50001b4e
	right		50001b4d
	parent		50001b2e
OBJ 50001b31 (sz=40, trace=300000, class=java.util.TreeMap$Entry@500000a6)
	key		500016b0
	value		500016b0
	left		50001b35
	right		50001b34
	parent		50001b2e
ARR 50001b32 (sz=16, trace=300000, nelems=8, elem type=char[])
ARR 50001b33 (sz=14, trace=300000, nelems=7, elem type=char[])
OBJ 50001b34 (sz=40, trace=300000, class=java.util.TreeMap$Entry@500000a6)
	key		50001979
	value		5000198f
	left		50001b46
	right		50001b45
	parent		50001b31
OBJ 50001b35 (sz=40, trace=300000, class=java.util.TreeMap$Entry@500000a6)
	key		50001841
	value		50001842
	left		50001b37
	right		50001b36
	parent		50001b31
OBJ 50001b36 (sz=40, trace=300000, class=java.util.TreeMap$Entry@500000a6)
	key		50001851
	value		50001851
	left		50001b3c
	right		50001b3b
	parent		50001b35
OBJ 50001b37 (sz=40, trace=300000, class=java.util.TreeMap$Entry@500000a6)
	key		50001840
	value		50001840
	parent		50001b35
ARR 50001b38 (sz=20, trace=300000, nelems=10, elem type=char[])
ARR 50001b39 (sz=20, trace=300000, nelems=10, elem type=char[])
ARR 50001b3a (sz=8, trace=300000, nelems=4, elem type=char[])
OBJ 50001b3b (sz=40, trace=300000, class=java.util.TreeMap$Entry@500000a6)
	key		50001852
	value		50001849
	parent		50001b36
OBJ 50001b3c (sz=40, trace=300000, class=java.util.TreeMap$Entry@500000a6)
	key		50001846
	value		5000184a
	right		50001b3e
	parent		50001b36
ARR 50001b3d (sz=14, trace=300000, nelems=7, elem type=char[])
OBJ 50001b3e (sz=40, trace=300000, class=java.util.TreeMap$Entry@500000a6)
	key		50001847
	value		5000184e
	parent		50001b3c
ARR 50001b3f (sz=12, trace=300000, nelems=6, elem type=char[])
ARR 50001b40 (sz=12, trace=300000, nelems=6, elem type=char[])
ARR 50001b41 (sz=12, trace=300000, nelems=6, elem type=char[])
ARR 50001b42 (sz=12, trace=300000, nelems=6, elem type=char[])
ARR 50001b43 (sz=12, trace=300000, nelems=6, elem type=char[])
ARR 50001b44 (sz=12, trace=300000, nelems=6, elem type=char[])
OBJ 50001b45 (sz=40, trace=300000, class=java.util.TreeMap$Entry@500000a6)
	key		5000197a
	value		50001990
	parent		50001b34
OBJ 50001b46 (sz=40, trace=300000, class=java.util.TreeMap$Entry@500000a6)
	key		50001978
	value		500019ac
	parent		50001b34
ARR 50001b47 (sz=16, trace=300000, nelems=8, elem type=char[])
ARR 50001b48 (sz=14, trace=300000, nelems=7, elem type=char[])
ARR 50001b49 (sz=16, trace=300000, nelems=8, elem type=char[])
ARR 50001b4a (sz=12, trace=300000, nelems=6, elem type=char[])
ARR 50001b4b (sz=16, trace=300000, nelems=8, elem type=char[])
ARR 50001b4c (sz=14, trace=300000, nelems=7, elem type=char[])
OBJ 50001b4d (sz=40, trace=300000, class=java.util.TreeMap$Entry@500000a6)
	key		50001988
	value		50001988
	left		50001b65
	right		50001b64
	parent		50001b30
OBJ 50001b4e (sz=40, trace=300000, class=java.util.TreeMap$Entry@500000a6)
	key		5000197d
	value		50001993
	left		50001b51
	right		50001b50
	parent		50001b30
ARR 50001b4f (sz=12, trace=300000, nelems=6, elem type=char[])
OBJ 50001b50 (sz=40, trace=300000, class=java.util.TreeMap$Entry@500000a6)
	key		5000197f
	value		50001995
	left		50001b57
	right		50001b56
	parent		50001b4e
OBJ 50001b51 (sz=40, trace=300000, class=java.util.TreeMap$Entry@500000a6)
	key		5000197c
	value		50001992
	parent		50001b4e
ARR 50001b52 (sz=16, trace=300000, nelems=8, elem type=char[])
ARR 50001b53 (sz=14, trace=300000, nelems=7, elem type=char[])
ARR 50001b54 (sz=16, trace=300000, nelems=8, elem type=char[])
ARR 50001b55 (sz=14, trace=300000, nelems=7, elem type=char[])
OBJ 50001b56 (sz=40, trace=300000, class=java.util.TreeMap$Entry@500000a6)
	key		50001981
	value		50001997
	left		50001b5d
	right		50001b5c
	parent		50001b50
OBJ 50001b57 (sz=40, trace=300000, class=java.util.TreeMap$Entry@500000a6)
	key		5000197e
	value		50001994
	parent		50001b50
ARR 50001b58 (sz=16, trace=300000, nelems=8, elem type=char[])
ARR 50001b59 (sz=14, trace=300000, nelems=7, elem type=char[])
ARR 50001b5a (sz=16, trace=300000, nelems=8, elem type=char[])
ARR 50001b5b (sz=14, trace=300000, nelems=7, elem type=char[])
OBJ 50001b5c (sz=40, trace=300000, class=java.util.TreeMap$Entry@500000a6)
	key		50001982
	value		50001998
	parent		50001b56
OBJ 50001b5d (sz=40, trace=300000, class=java.util.TreeMap$Entry@500000a6)
	key		50001980
	value		50001996
	parent		50001b56
ARR 50001b5e (sz=16, trace=300000, nelems=8, elem type=char[])
ARR 50001b5f (sz=14, trace=300000, nelems=7, elem type=char[])
ARR 50001b60 (sz=16, trace=300000, nelems=8, elem type=char[])
ARR 50001b61 (sz=14, trace=300000, nelems=7, elem type=char[])
ARR 50001b62 (sz=16, trace=300000, nelems=8, elem type=char[])
ARR 50001b63 (sz=14, trace=300000, nelems=7, elem type=char[])
OBJ 50001b64 (sz=40, trace=300000, class=java.util.TreeMap$Entry@500000a6)
	key		5000199d
	value		5000199d
	parent		50001b4d
OBJ 50001b65 (sz=40, trace=300000, class=java.util.TreeMap$Entry@500000a6)
	key		50001986
	value		50001986
	parent		50001b4d
ARR 50001b66 (sz=14, trace=300000, nelems=7, elem type=char[])
ARR 50001b67 (sz=14, trace=300000, nelems=7, elem type=char[])
ARR 50001b68 (sz=12, trace=300000, nelems=6, elem type=char[])
OBJ 50001b69 (sz=40, trace=300000, class=java.util.TreeMap$Entry@500000a6)
	key		500019b5
	value		500019b5
	left		50001b84
	right		50001b83
	parent		50001b2d
OBJ 50001b6a (sz=40, trace=300000, class=java.util.TreeMap$Entry@500000a6)
	key		500019a2
	value		500019a2
	left		50001b6d
	right		50001b6c
	parent		50001b2d
ARR 50001b6b (sz=12, trace=300000, nelems=6, elem type=char[])
OBJ 50001b6c (sz=40, trace=300000, class=java.util.TreeMap$Entry@500000a6)
	key		500019af
	value		500019af
	left		50001b75
	right		50001b74
	parent		50001b6a
OBJ 50001b6d (sz=40, trace=300000, class=java.util.TreeMap$Entry@500000a6)
	key		500019a0
	value		500019a0
	left		50001b70
	right		50001b6f
	parent		50001b6a
ARR 50001b6e (sz=12, trace=300000, nelems=6, elem type=char[])
OBJ 50001b6f (sz=40, trace=300000, class=java.util.TreeMap$Entry@500000a6)
	key		500019a1
	value		500019a1
	parent		50001b6d
OBJ 50001b70 (sz=40, trace=300000, class=java.util.TreeMap$Entry@500000a6)
	key		5000199f
	value		5000199f
	parent		50001b6d
ARR 50001b71 (sz=12, trace=300000, nelems=6, elem type=char[])
ARR 50001b72 (sz=12, trace=300000, nelems=6, elem type=char[])
ARR 50001b73 (sz=12, trace=300000, nelems=6, elem type=char[])
OBJ 50001b74 (sz=40, trace=300000, class=java.util.TreeMap$Entry@500000a6)
	key		500019b0
	value		500019b0
	parent		50001b6c
OBJ 50001b75 (sz=40, trace=300000, class=java.util.TreeMap$Entry@500000a6)
	key		500019a7
	value		500019a7
	left		50001b78
	right		50001b77
	parent		50001b6c
ARR 50001b76 (sz=12, trace=300000, nelems=6, elem type=char[])
OBJ 50001b77 (sz=40, trace=300000, class=java.util.TreeMap$Entry@500000a6)
	key		500019a9
	value		500019a9
	left		50001b7e
	right		50001b7d
	parent		50001b75
OBJ 50001b78 (sz=40, trace=300000, class=java.util.TreeMap$Entry@500000a6)
	key		500019a4
	value		500019a4
	left		50001b7a
	parent		50001b75
ARR 50001b79 (sz=12, trace=300000, nelems=6, elem type=char[])
OBJ 50001b7a (sz=40, trace=300000, class=java.util.TreeMap$Entry@500000a6)
	key		500019a3
	value		500019a3
	parent		50001b78
ARR 50001b7b (sz=12, trace=300000, nelems=6, elem type=char[])
ARR 50001b7c (sz=12, trace=300000, nelems=6, elem type=char[])
OBJ 50001b7d (sz=40, trace=300000, class=java.util.TreeMap$Entry@500000a6)
	key		500019ae
	value		500019ae
	parent		50001b77
OBJ 50001b7e (sz=40, trace=300000, class=java.util.TreeMap$Entry@500000a6)
	key		500019a8
	value		500019a8
	parent		50001b77
ARR 50001b7f (sz=12, trace=300000, nelems=6, elem type=char[])
ARR 50001b80 (sz=12, trace=300000, nelems=6, elem type=char[])
ARR 50001b81 (sz=12, trace=300000, nelems=6, elem type=char[])
ARR 50001b82 (sz=12, trace=300000, nelems=6, elem type=char[])
OBJ 50001b83 (sz=40, trace=300000, class=java.util.TreeMap$Entry@500000a6)
	key		50001855
	value		50001862
	left		50001b8c
	right		50001b8b
	parent		50001b69
OBJ 50001b84 (sz=40, trace=300000, class=java.util.TreeMap$Entry@500000a6)
	key		500019b3
	value		500019b3
	left		50001b87
	right		50001b86
	parent		50001b69
ARR 50001b85 (sz=12, trace=300000, nelems=6, elem type=char[])
OBJ 50001b86 (sz=40, trace=300000, class=java.util.TreeMap$Entry@500000a6)
	key		500019b4
	value		500019b4
	parent		50001b84
OBJ 50001b87 (sz=40, trace=300000, class=java.util.TreeMap$Entry@500000a6)
	key		500019b2
	value		500019b2
	parent		50001b84
ARR 50001b88 (sz=12, trace=300000, nelems=6, elem type=char[])
ARR 50001b89 (sz=12, trace=300000, nelems=6, elem type=char[])
ARR 50001b8a (sz=12, trace=300000, nelems=6, elem type=char[])
OBJ 50001b8b (sz=40, trace=300000, class=java.util.TreeMap$Entry@500000a6)
	key		50001858
	value		50001865
	parent		50001b83
OBJ 50001b8c (sz=40, trace=300000, class=java.util.TreeMap$Entry@500000a6)
	key		500019b6
	value		500019b6
	right		50001b8f
	parent		50001b83
ARR 50001b8d (sz=22, trace=300000, nelems=11, elem type=char[])
ARR 50001b8e (sz=20, trace=300000, nelems=10, elem type=char[])
OBJ 50001b8f (sz=40, trace=300000, class=java.util.TreeMap$Entry@500000a6)
	key		500019b8
	value		500019b8
	parent		50001b8c
ARR 50001b90 (sz=12, trace=300000, nelems=6, elem type=char[])
ARR 50001b91 (sz=12, trace=300000, nelems=6, elem type=char[])
ARR 50001b92 (sz=22, trace=300000, nelems=11, elem type=char[])
ARR 50001b93 (sz=20, trace=300000, nelems=10, elem type=char[])
OBJ 50001b94 (sz=40, trace=300000, class=java.util.TreeMap$Entry@500000a6)
	key		50001908
	value		50001887
	left		50001ba7
	right		50001ba6
	parent		50001b29
OBJ 50001b95 (sz=40, trace=300000, class=java.util.TreeMap$Entry@500000a6)
	key		5000185b
	value		50001872
	left		50001b99
	right		50001b98
	parent		50001b29
ARR 50001b96 (sz=28, trace=300000, nelems=14, elem type=char[])
ARR 50001b97 (sz=20, trace=300000, nelems=10, elem type=char[])
OBJ 50001b98 (sz=40, trace=300000, class=java.util.TreeMap$Entry@500000a6)
	key		5000185d
	value		50001874
	left		50001b9f
	right		50001b9e
	parent		50001b95
OBJ 50001b99 (sz=40, trace=300000, class=java.util.TreeMap$Entry@500000a6)
	key		5000185a
	value		50001867
	parent		50001b95
ARR 50001b9a (sz=20, trace=300000, nelems=10, elem type=char[])
ARR 50001b9b (sz=20, trace=300000, nelems=10, elem type=char[])
ARR 50001b9c (sz=22, trace=300000, nelems=11, elem type=char[])
ARR 50001b9d (sz=20, trace=300000, nelems=10, elem type=char[])
OBJ 50001b9e (sz=40, trace=300000, class=java.util.TreeMap$Entry@500000a6)
	key		5000187a
	value		5000187d
	parent		50001b98
OBJ 50001b9f (sz=40, trace=300000, class=java.util.TreeMap$Entry@500000a6)
	key		5000185c
	value		50001873
	parent		50001b98
ARR 50001ba0 (sz=20, trace=300000, nelems=10, elem type=char[])
ARR 50001ba1 (sz=20, trace=300000, nelems=10, elem type=char[])
ARR 50001ba2 (sz=20, trace=300000, nelems=10, elem type=char[])
ARR 50001ba3 (sz=20, trace=300000, nelems=10, elem type=char[])
ARR 50001ba4 (sz=18, trace=300000, nelems=9, elem type=char[])
ARR 50001ba5 (sz=20, trace=300000, nelems=10, elem type=char[])
OBJ 50001ba6 (sz=40, trace=300000, class=java.util.TreeMap$Entry@500000a6)
	key		50001911
	value		50001843
	parent		50001b94
OBJ 50001ba7 (sz=40, trace=300000, class=java.util.TreeMap$Entry@500000a6)
	key		50001896
	value		50001897
	left		50001bab
	right		50001baa
	parent		50001b94
ARR 50001ba8 (sz=22, trace=300000, nelems=11, elem type=char[])
ARR 50001ba9 (sz=10, trace=300000, nelems=5, elem type=char[])
OBJ 50001baa (sz=40, trace=300000, class=java.util.TreeMap$Entry@500000a6)
	key		50001906
	value		50001882
	left		50001bb1
	right		50001bb0
	parent		50001ba7
OBJ 50001bab (sz=40, trace=300000, class=java.util.TreeMap$Entry@500000a6)
	key		50001895
	value		50001892
	parent		50001ba7
ARR 50001bac (sz=14, trace=300000, nelems=7, elem type=char[])
ARR 50001bad (sz=14, trace=300000, nelems=7, elem type=char[])
ARR 50001bae (sz=18, trace=300000, nelems=9, elem type=char[])
ARR 50001baf (sz=8, trace=300000, nelems=4, elem type=char[])
OBJ 50001bb0 (sz=40, trace=300000, class=java.util.TreeMap$Entry@500000a6)
	key		50001907
	value		50001883
	parent		50001baa
OBJ 50001bb1 (sz=40, trace=300000, class=java.util.TreeMap$Entry@500000a6)
	key		50001905
	value		50001881
	parent		50001baa
ARR 50001bb2 (sz=24, trace=300000, nelems=12, elem type=char[])
ARR 50001bb3 (sz=12, trace=300000, nelems=6, elem type=char[])
ARR 50001bb4 (sz=24, trace=300000, nelems=12, elem type=char[])
ARR 50001bb5 (sz=12, trace=300000, nelems=6, elem type=char[])
ARR 50001bb6 (sz=24, trace=300000, nelems=12, elem type=char[])
ARR 50001bb7 (sz=12, trace=300000, nelems=6, elem type=char[])
ARR 50001bb8 (sz=34, trace=300000, nelems=17, elem type=char[])
ARR 50001bb9 (sz=30, trace=300000, nelems=15, elem type=char[])
OBJ 50001bba (sz=40, trace=300000, class=java.util.TreeMap$Entry@500000a6)
	key		50001b15
	value		500019cf
	left		50001c36
	right		50001c35
	parent		50001b25
OBJ 50001bbb (sz=40, trace=300000, class=java.util.TreeMap$Entry@500000a6)
	key		50001afe
	value		500019ad
	left		50001bbf
	right		50001bbe
	parent		50001b25
ARR 50001bbc (sz=34, trace=300000, nelems=17, elem type=char[])
ARR 50001bbd (sz=28, trace=300000, nelems=14, elem type=char[])
OBJ 50001bbe (sz=40, trace=300000, class=java.util.TreeMap$Entry@500000a6)
	key		50001915
	value		50001853
	left		50001bfe
	right		50001bfd
	parent		50001bbb
OBJ 50001bbf (sz=40, trace=300000, class=java.util.TreeMap$Entry@500000a6)
	key		50001af2
	value		5000198b
	left		50001bc3
	right		50001bc2
	parent		50001bbb
ARR 50001bc0 (sz=16, trace=300000, nelems=8, elem type=char[])
ARR 50001bc1 (sz=12, trace=300000, nelems=6, elem type=char[])
OBJ 50001bc2 (sz=40, trace=300000, class=java.util.TreeMap$Entry@500000a6)
	key		50001af7
	value		5000199a
	left		50001bde
	right		50001bdd
	parent		50001bbf
OBJ 50001bc3 (sz=40, trace=300000, class=java.util.TreeMap$Entry@500000a6)
	key		50001aed
	value		50001984
	left		50001bc7
	right		50001bc6
	parent		50001bbf
ARR 50001bc4 (sz=18, trace=300000, nelems=9, elem type=char[])
ARR 50001bc5 (sz=14, trace=300000, nelems=7, elem type=char[])
OBJ 50001bc6 (sz=40, trace=300000, class=java.util.TreeMap$Entry@500000a6)
	key		50001aef
	value		50001987
	left		50001bd3
	right		50001bd2
	parent		50001bc3
OBJ 50001bc7 (sz=40, trace=300000, class=java.util.TreeMap$Entry@500000a6)
	key		50001914
	value		5000184f
	left		50001bcb
	right		50001bca
	parent		50001bc3
ARR 50001bc8 (sz=18, trace=300000, nelems=9, elem type=char[])
ARR 50001bc9 (sz=14, trace=300000, nelems=7, elem type=char[])
OBJ 50001bca (sz=40, trace=300000, class=java.util.TreeMap$Entry@500000a6)
	key		50001925
	value		5000184c
	parent		50001bc7
OBJ 50001bcb (sz=40, trace=300000, class=java.util.TreeMap$Entry@500000a6)
	key		50001923
	value		5000184b
	parent		50001bc7
ARR 50001bcc (sz=16, trace=300000, nelems=8, elem type=char[])
ARR 50001bcd (sz=12, trace=300000, nelems=6, elem type=char[])
ARR 50001bce (sz=28, trace=300000, nelems=14, elem type=char[])
ARR 50001bcf (sz=24, trace=300000, nelems=12, elem type=char[])
ARR 50001bd0 (sz=24, trace=300000, nelems=12, elem type=char[])
ARR 50001bd1 (sz=22, trace=300000, nelems=11, elem type=char[])
OBJ 50001bd2 (sz=40, trace=300000, class=java.util.TreeMap$Entry@500000a6)
	key		50001af1
	value		5000198a
	left		50001bd8
	parent		50001bc6
OBJ 50001bd3 (sz=40, trace=300000, class=java.util.TreeMap$Entry@500000a6)
	key		50001aee
	value		50001985
	parent		50001bc6
ARR 50001bd4 (sz=18, trace=300000, nelems=9, elem type=char[])
ARR 50001bd5 (sz=14, trace=300000, nelems=7, elem type=char[])
ARR 50001bd6 (sz=18, trace=300000, nelems=9, elem type=char[])
ARR 50001bd7 (sz=14, trace=300000, nelems=7, elem type=char[])
OBJ 50001bd8 (sz=40, trace=300000, class=java.util.TreeMap$Entry@500000a6)
	key		50001af0
	value		50001989
	parent		50001bd2
ARR 50001bd9 (sz=18, trace=300000, nelems=9, elem type=char[])
ARR 50001bda (sz=14, trace=300000, nelems=7, elem type=char[])
ARR 50001bdb (sz=18, trace=300000, nelems=9, elem type=char[])
ARR 50001bdc (sz=14, trace=300000, nelems=7, elem type=char[])
OBJ 50001bdd (sz=40, trace=300000, class=java.util.TreeMap$Entry@500000a6)
	key		50001afc
	value		500019aa
	left		50001bed
	right		50001bec
	parent		50001bc2
OBJ 50001bde (sz=40, trace=300000, class=java.util.TreeMap$Entry@500000a6)
	key		50001af4
	value		5000198d
	left		50001be2
	right		50001be1
	parent		50001bc2
ARR 50001bdf (sz=18, trace=300000, nelems=9, elem type=char[])
ARR 50001be0 (sz=14, trace=300000, nelems=7, elem type=char[])
OBJ 50001be1 (sz=40, trace=300000, class=java.util.TreeMap$Entry@500000a6)
	key		50001af5
	value		5000198e
	right		50001be7
	parent		50001bde
OBJ 50001be2 (sz=40, trace=300000, class=java.util.TreeMap$Entry@500000a6)
	key		50001af3
	value		5000198c
	parent		50001bde
ARR 50001be3 (sz=18, trace=300000, nelems=9, elem type=char[])
ARR 50001be4 (sz=14, trace=300000, nelems=7, elem type=char[])
ARR 50001be5 (sz=18, trace=300000, nelems=9, elem type=char[])
ARR 50001be6 (sz=14, trace=300000, nelems=7, elem type=char[])
OBJ 50001be7 (sz=40, trace=300000, class=java.util.TreeMap$Entry@500000a6)
	key		50001af6
	value		50001999
	parent		50001be1
ARR 50001be8 (sz=18, trace=300000, nelems=9, elem type=char[])
ARR 50001be9 (sz=14, trace=300000, nelems=7, elem type=char[])
ARR 50001bea (sz=18, trace=300000, nelems=9, elem type=char[])
ARR 50001beb (sz=14, trace=300000, nelems=7, elem type=char[])
OBJ 50001bec (sz=40, trace=300000, class=java.util.TreeMap$Entry@500000a6)
	key		50001afd
	value		500019ab
	parent		50001bdd
OBJ 50001bed (sz=40, trace=300000, class=java.util.TreeMap$Entry@500000a6)
	key		50001af9
	value		5000199c
	left		50001bf1
	right		50001bf0
	parent		50001bdd
ARR 50001bee (sz=16, trace=300000, nelems=8, elem type=char[])
ARR 50001bef (sz=12, trace=300000, nelems=6, elem type=char[])
OBJ 50001bf0 (sz=40, trace=300000, class=java.util.TreeMap$Entry@500000a6)
	key		50001afb
	value		500019a6
	left		50001bf6
	parent		50001bed
OBJ 50001bf1 (sz=40, trace=300000, class=java.util.TreeMap$Entry@500000a6)
	key		50001af8
	value		5000199b
	parent		50001bed
ARR 50001bf2 (sz=18, trace=300000, nelems=9, elem type=char[])
ARR 50001bf3 (sz=14, trace=300000, nelems=7, elem type=char[])
ARR 50001bf4 (sz=18, trace=300000, nelems=9, elem type=char[])
ARR 50001bf5 (sz=14, trace=300000, nelems=7, elem type=char[])
OBJ 50001bf6 (sz=40, trace=300000, class=java.util.TreeMap$Entry@500000a6)
	key		50001afa
	value		500019a5
	parent		50001bf0
ARR 50001bf7 (sz=20, trace=300000, nelems=10, elem type=char[])
ARR 50001bf8 (sz=16, trace=300000, nelems=8, elem type=char[])
ARR 50001bf9 (sz=16, trace=300000, nelems=8, elem type=char[])
ARR 50001bfa (sz=12, trace=300000, nelems=6, elem type=char[])
ARR 50001bfb (sz=16, trace=300000, nelems=8, elem type=char[])
ARR 50001bfc (sz=12, trace=300000, nelems=6, elem type=char[])
OBJ 50001bfd (sz=40, trace=300000, class=java.util.TreeMap$Entry@500000a6)
	key		50001b0a
	value		500019c3
	left		50001c19
	right		50001c18
	parent		50001bbe
OBJ 50001bfe (sz=40, trace=300000, class=java.util.TreeMap$Entry@500000a6)
	key		50001b02
	value		500019bb
	left		50001c02
	right		50001c01
	parent		50001bbe
ARR 50001bff (sz=16, trace=300000, nelems=8, elem type=char[])
ARR 50001c00 (sz=12, trace=300000, nelems=6, elem type=char[])
OBJ 50001c01 (sz=40, trace=300000, class=java.util.TreeMap$Entry@500000a6)
	key		50001b05
	value		500019be
	left		50001c0e
	right		50001c0d
	parent		50001bfe
OBJ 50001c02 (sz=40, trace=300000, class=java.util.TreeMap$Entry@500000a6)
	key		50001b00
	value		500019b9
	left		50001c06
	right		50001c05
	parent		50001bfe
ARR 50001c03 (sz=16, trace=300000, nelems=8, elem type=char[])
ARR 50001c04 (sz=12, trace=300000, nelems=6, elem type=char[])
OBJ 50001c05 (sz=40, trace=300000, class=java.util.TreeMap$Entry@500000a6)
	key		50001b01
	value		500019ba
	parent		50001c02
OBJ 50001c06 (sz=40, trace=300000, class=java.util.TreeMap$Entry@500000a6)
	key		50001aff
	value		500019b7
	parent		50001c02
ARR 50001c07 (sz=16, trace=300000, nelems=8, elem type=char[])
ARR 50001c08 (sz=12, trace=300000, nelems=6, elem type=char[])
ARR 50001c09 (sz=16, trace=300000, nelems=8, elem type=char[])
ARR 50001c0a (sz=12, trace=300000, nelems=6, elem type=char[])
ARR 50001c0b (sz=16, trace=300000, nelems=8, elem type=char[])
ARR 50001c0c (sz=12, trace=300000, nelems=6, elem type=char[])
OBJ 50001c0d (sz=40, trace=300000, class=java.util.TreeMap$Entry@500000a6)
	key		50001b06
	value		500019bf
	parent		50001c01
OBJ 50001c0e (sz=40, trace=300000, class=java.util.TreeMap$Entry@500000a6)
	key		50001b04
	value		500019bd
	left		50001c11
	parent		50001c01
ARR 50001c0f (sz=16, trace=300000, nelems=8, elem type=char[])
ARR 50001c10 (sz=12, trace=300000, nelems=6, elem type=char[])
OBJ 50001c11 (sz=40, trace=300000, class=java.util.TreeMap$Entry@500000a6)
	key		50001b03
	value		500019bc
	parent		50001c0e
ARR 50001c12 (sz=16, trace=300000, nelems=8, elem type=char[])
ARR 50001c13 (sz=12, trace=300000, nelems=6, elem type=char[])
ARR 50001c14 (sz=16, trace=300000, nelems=8, elem type=char[])
ARR 50001c15 (sz=12, trace=300000, nelems=6, elem type=char[])
ARR 50001c16 (sz=16, trace=300000, nelems=8, elem type=char[])
ARR 50001c17 (sz=12, trace=300000, nelems=6, elem type=char[])
OBJ 50001c18 (sz=40, trace=300000, class=java.util.TreeMap$Entry@500000a6)
	key		50001b0d
	value		500019c6
	left		50001c25
	right		50001c24
	parent		50001bfd
OBJ 50001c19 (sz=40, trace=300000, class=java.util.TreeMap$Entry@500000a6)
	key		50001b08
	value		500019c1
	left		50001c1d
	right		50001c1c
	parent		50001bfd
ARR 50001c1a (sz=16, trace=300000, nelems=8, elem type=char[])
ARR 50001c1b (sz=12, trace=300000, nelems=6, elem type=char[])
OBJ 50001c1c (sz=40, trace=300000, class=java.util.TreeMap$Entry@500000a6)
	key		50001b09
	value		500019c2
	parent		50001c19
OBJ 50001c1d (sz=40, trace=300000, class=java.util.TreeMap$Entry@500000a6)
	key		50001b07
	value		500019c0
	parent		50001c19
ARR 50001c1e (sz=16, trace=300000, nelems=8, elem type=char[])
ARR 50001c1f (sz=12, trace=300000, nelems=6, elem type=char[])
ARR 50001c20 (sz=18, trace=300000, nelems=9, elem type=char[])
ARR 50001c21 (sz=14, trace=300000, nelems=7, elem type=char[])
ARR 50001c22 (sz=18, trace=300000, nelems=9, elem type=char[])
ARR 50001c23 (sz=14, trace=300000, nelems=7, elem type=char[])
OBJ 50001c24 (sz=40, trace=300000, class=java.util.TreeMap$Entry@500000a6)
	key		50001b0f
	value		500019c8
	left		50001c2e
	right		50001c2d
	parent		50001c18
OBJ 50001c25 (sz=40, trace=300000, class=java.util.TreeMap$Entry@500000a6)
	key		50001b0b
	value		500019c4
	right		50001c28
	parent		50001c18
ARR 50001c26 (sz=16, trace=300000, nelems=8, elem type=char[])
ARR 50001c27 (sz=12, trace=300000, nelems=6, elem type=char[])
OBJ 50001c28 (sz=40, trace=300000, class=java.util.TreeMap$Entry@500000a6)
	key		50001b0c
	value		500019c5
	parent		50001c25
ARR 50001c29 (sz=16, trace=300000, nelems=8, elem type=char[])
ARR 50001c2a (sz=12, trace=300000, nelems=6, elem type=char[])
ARR 50001c2b (sz=18, trace=300000, nelems=9, elem type=char[])
ARR 50001c2c (sz=14, trace=300000, nelems=7, elem type=char[])
OBJ 50001c2d (sz=40, trace=300000, class=java.util.TreeMap$Entry@500000a6)
	key		50001916
	value		50001854
	parent		50001c24
OBJ 50001c2e (sz=40, trace=300000, class=java.util.TreeMap$Entry@500000a6)
	key		50001b0e
	value		500019c7
	parent		50001c24
ARR 50001c2f (sz=16, trace=300000, nelems=8, elem type=char[])
ARR 50001c30 (sz=12, trace=300000, nelems=6, elem type=char[])
ARR 50001c31 (sz=16, trace=300000, nelems=8, elem type=char[])
ARR 50001c32 (sz=12, trace=300000, nelems=6, elem type=char[])
ARR 50001c33 (sz=18, trace=300000, nelems=9, elem type=char[])
ARR 50001c34 (sz=14, trace=300000, nelems=7, elem type=char[])
OBJ 50001c35 (sz=40, trace=300000, class=java.util.TreeMap$Entry@500000a6)
	key		5000191e
	value		5000188e
	left		50001c57
	right		50001c56
	parent		50001bba
OBJ 50001c36 (sz=40, trace=300000, class=java.util.TreeMap$Entry@500000a6)
	key		5000191c
	value		50001880
	left		50001c3a
	right		50001c39
	parent		50001bba
ARR 50001c37 (sz=20, trace=300000, nelems=10, elem type=char[])
ARR 50001c38 (sz=16, trace=300000, nelems=8, elem type=char[])
OBJ 50001c39 (sz=40, trace=300000, class=java.util.TreeMap$Entry@500000a6)
	key		50001b12
	value		500019cc
	left		50001c49
	right		50001c48
	parent		50001c36
OBJ 50001c3a (sz=40, trace=300000, class=java.util.TreeMap$Entry@500000a6)
	key		5000191a
	value		5000187e
	left		50001c3e
	right		50001c3d
	parent		50001c36
ARR 50001c3b (sz=14, trace=300000, nelems=7, elem type=char[])
ARR 50001c3c (sz=10, trace=300000, nelems=5, elem type=char[])
OBJ 50001c3d (sz=40, trace=300000, class=java.util.TreeMap$Entry@500000a6)
	key		5000191b
	value		50001878
	parent		50001c3a
OBJ 50001c3e (sz=40, trace=300000, class=java.util.TreeMap$Entry@500000a6)
	key		50001918
	value		50001864
	right		50001c41
	parent		50001c3a
ARR 50001c3f (sz=18, trace=300000, nelems=9, elem type=char[])
ARR 50001c40 (sz=20, trace=300000, nelems=10, elem type=char[])
OBJ 50001c41 (sz=40, trace=300000, class=java.util.TreeMap$Entry@500000a6)
	key		50001919
	value		50001871
	parent		50001c3e
ARR 50001c42 (sz=32, trace=300000, nelems=16, elem type=char[])
ARR 50001c43 (sz=26, trace=300000, nelems=13, elem type=char[])
ARR 50001c44 (sz=26, trace=300000, nelems=13, elem type=char[])
ARR 50001c45 (sz=22, trace=300000, nelems=11, elem type=char[])
ARR 50001c46 (sz=30, trace=300000, nelems=15, elem type=char[])
ARR 50001c47 (sz=26, trace=300000, nelems=13, elem type=char[])
OBJ 50001c48 (sz=40, trace=300000, class=java.util.TreeMap$Entry@500000a6)
	key		50001b13
	value		500019cd
	right		50001c51
	parent		50001c39
OBJ 50001c49 (sz=40, trace=300000, class=java.util.TreeMap$Entry@500000a6)
	key		50001b11
	value		500019cb
	left		50001c4c
	parent		50001c39
ARR 50001c4a (sz=26, trace=300000, nelems=13, elem type=char[])
ARR 50001c4b (sz=22, trace=300000, nelems=11, elem type=char[])
OBJ 50001c4c (sz=40, trace=300000, class=java.util.TreeMap$Entry@500000a6)
	key		50001b10
	value		500019ca
	parent		50001c49
ARR 50001c4d (sz=36, trace=300000, nelems=18, elem type=char[])
ARR 50001c4e (sz=32, trace=300000, nelems=16, elem type=char[])
ARR 50001c4f (sz=22, trace=300000, nelems=11, elem type=char[])
ARR 50001c50 (sz=18, trace=300000, nelems=9, elem type=char[])
OBJ 50001c51 (sz=40, trace=300000, class=java.util.TreeMap$Entry@500000a6)
	key		50001b14
	value		500019ce
	parent		50001c48
ARR 50001c52 (sz=26, trace=300000, nelems=13, elem type=char[])
ARR 50001c53 (sz=22, trace=300000, nelems=11, elem type=char[])
ARR 50001c54 (sz=24, trace=300000, nelems=12, elem type=char[])
ARR 50001c55 (sz=20, trace=300000, nelems=10, elem type=char[])
OBJ 50001c56 (sz=40, trace=300000, class=java.util.TreeMap$Entry@500000a6)
	key		50001921
	value		50001893
	left		50001c75
	right		50001c74
	parent		50001c35
OBJ 50001c57 (sz=40, trace=300000, class=java.util.TreeMap$Entry@500000a6)
	key		50001b1b
	value		500019d5
	left		50001c5b
	right		50001c5a
	parent		50001c35
ARR 50001c58 (sz=26, trace=300000, nelems=13, elem type=char[])
ARR 50001c59 (sz=22, trace=300000, nelems=11, elem type=char[])
OBJ 50001c5a (sz=40, trace=300000, class=java.util.TreeMap$Entry@500000a6)
	key		50001b1d
	value		500019d7
	left		50001c6d
	right		50001c6c
	parent		50001c57
OBJ 50001c5b (sz=40, trace=300000, class=java.util.TreeMap$Entry@500000a6)
	key		50001b18
	value		500019d2
	left		50001c5f
	right		50001c5e
	parent		50001c57
ARR 50001c5c (sz=18, trace=300000, nelems=9, elem type=char[])
ARR 50001c5d (sz=14, trace=300000, nelems=7, elem type=char[])
OBJ 50001c5e (sz=40, trace=300000, class=java.util.TreeMap$Entry@500000a6)
	key		50001b19
	value		500019d3
	right		50001c67
	parent		50001c5b
OBJ 50001c5f (sz=40, trace=300000, class=java.util.TreeMap$Entry@500000a6)
	key		50001b16
	value		500019d0
	right		50001c62
	parent		50001c5b
ARR 50001c60 (sz=20, trace=300000, nelems=10, elem type=char[])
ARR 50001c61 (sz=16, trace=300000, nelems=8, elem type=char[])
OBJ 50001c62 (sz=40, trace=300000, class=java.util.TreeMap$Entry@500000a6)
	key		50001b17
	value		500019d1
	parent		50001c5f
ARR 50001c63 (sz=22, trace=300000, nelems=11, elem type=char[])
ARR 50001c64 (sz=18, trace=300000, nelems=9, elem type=char[])
ARR 50001c65 (sz=24, trace=300000, nelems=12, elem type=char[])
ARR 50001c66 (sz=20, trace=300000, nelems=10, elem type=char[])
OBJ 50001c67 (sz=40, trace=300000, class=java.util.TreeMap$Entry@500000a6)
	key		50001b1a
	value		500019d4
	parent		50001c5e
ARR 50001c68 (sz=24, trace=300000, nelems=12, elem type=char[])
ARR 50001c69 (sz=20, trace=300000, nelems=10, elem type=char[])
ARR 50001c6a (sz=22, trace=300000, nelems=11, elem type=char[])
ARR 50001c6b (sz=18, trace=300000, nelems=9, elem type=char[])
OBJ 50001c6c (sz=40, trace=300000, class=java.util.TreeMap$Entry@500000a6)
	key		5000191d
	value		5000188a
	parent		50001c5a
OBJ 50001c6d (sz=40, trace=300000, class=java.util.TreeMap$Entry@500000a6)
	key		50001b1c
	value		500019d6
	parent		50001c5a
ARR 50001c6e (sz=24, trace=300000, nelems=12, elem type=char[])
ARR 50001c6f (sz=20, trace=300000, nelems=10, elem type=char[])
ARR 50001c70 (sz=24, trace=300000, nelems=12, elem type=char[])
ARR 50001c71 (sz=20, trace=300000, nelems=10, elem type=char[])
ARR 50001c72 (sz=24, trace=300000, nelems=12, elem type=char[])
ARR 50001c73 (sz=20, trace=300000, nelems=10, elem type=char[])
OBJ 50001c74 (sz=40, trace=300000, class=java.util.TreeMap$Entry@500000a6)
	key		5000192a
	value		50001886
	left		50001c81
	right		50001c80
	parent		50001c56
OBJ 50001c75 (sz=40, trace=300000, class=java.util.TreeMap$Entry@500000a6)
	key		50001926
	value		5000188b
	left		50001c79
	right		50001c78
	parent		50001c56
ARR 50001c76 (sz=22, trace=300000, nelems=11, elem type=char[])
ARR 50001c77 (sz=18, trace=300000, nelems=9, elem type=char[])
OBJ 50001c78 (sz=40, trace=300000, class=java.util.TreeMap$Entry@500000a6)
	key		50001920
	value		50001891
	parent		50001c75
OBJ 50001c79 (sz=40, trace=300000, class=java.util.TreeMap$Entry@500000a6)
	key		5000191f
	value		5000188f
	parent		50001c75
ARR 50001c7a (sz=22, trace=300000, nelems=11, elem type=char[])
ARR 50001c7b (sz=10, trace=300000, nelems=5, elem type=char[])
ARR 50001c7c (sz=32, trace=300000, nelems=16, elem type=char[])
ARR 50001c7d (sz=28, trace=300000, nelems=14, elem type=char[])
ARR 50001c7e (sz=10, trace=300000, nelems=5, elem type=char[])
ARR 50001c7f (sz=6, trace=300000, nelems=3, elem type=char[])
OBJ 50001c80 (sz=40, trace=300000, class=java.util.TreeMap$Entry@500000a6)
	key		5000192c
	value		5000188d
	left		50001c8a
	right		50001c89
	parent		50001c74
OBJ 50001c81 (sz=40, trace=300000, class=java.util.TreeMap$Entry@500000a6)
	key		50001929
	value		50001885
	left		50001c84
	parent		50001c74
ARR 50001c82 (sz=26, trace=300000, nelems=13, elem type=char[])
ARR 50001c83 (sz=10, trace=300000, nelems=5, elem type=char[])
OBJ 50001c84 (sz=40, trace=300000, class=java.util.TreeMap$Entry@500000a6)
	key		50001928
	value		50001884
	parent		50001c81
ARR 50001c85 (sz=30, trace=300000, nelems=15, elem type=char[])
ARR 50001c86 (sz=14, trace=300000, nelems=7, elem type=char[])
ARR 50001c87 (sz=30, trace=300000, nelems=15, elem type=char[])
ARR 50001c88 (sz=14, trace=300000, nelems=7, elem type=char[])
OBJ 50001c89 (sz=40, trace=300000, class=java.util.TreeMap$Entry@500000a6)
	key		5000192d
	value		50001890
	parent		50001c80
OBJ 50001c8a (sz=40, trace=300000, class=java.util.TreeMap$Entry@500000a6)
	key		5000192b
	value		5000188c
	parent		50001c80
ARR 50001c8b (sz=26, trace=300000, nelems=13, elem type=char[])
ARR 50001c8c (sz=10, trace=300000, nelems=5, elem type=char[])
ARR 50001c8d (sz=26, trace=300000, nelems=13, elem type=char[])
ARR 50001c8e (sz=10, trace=300000, nelems=5, elem type=char[])
ARR 50001c8f (sz=38, trace=300000, nelems=19, elem type=char[])
ARR 50001c90 (sz=22, trace=300000, nelems=11, elem type=char[])
OBJ 50001c91 (sz=16, trace=300000, class=java.lang.Object@50000185)
OBJ 50001c92 (sz=40, trace=300000, class=java.util.TreeMap$Entry@500000a6)
	key		500018c7
	value		50001851
	left		50001c94
	right		50001c93
OBJ 50001c93 (sz=40, trace=300000, class=java.util.TreeMap$Entry@500000a6)
	key		500018db
	value		50001859
	left		50001ec7
	right		50001ec6
	parent		50001c92
OBJ 50001c94 (sz=40, trace=300000, class=java.util.TreeMap$Entry@500000a6)
	key		500018a7
	value		50001929
	left		50001c97
	right		50001c96
	parent		50001c92
ARR 50001c95 (sz=24, trace=300000, nelems=12, elem type=char[])
OBJ 50001c96 (sz=40, trace=300000, class=java.util.TreeMap$Entry@500000a6)
	key		500018aa
	value		50001840
	left		50001dd0
	right		50001dcf
	parent		50001c94
OBJ 50001c97 (sz=40, trace=300000, class=java.util.TreeMap$Entry@500000a6)
	key		5000189d
	value		50001841
	left		50001c9a
	right		50001c99
	parent		50001c94
ARR 50001c98 (sz=14, trace=300000, nelems=7, elem type=char[])
OBJ 50001c99 (sz=40, trace=300000, class=java.util.TreeMap$Entry@500000a6)
	key		500019f5
	value		50001aef
	left		50001d43
	right		50001d42
	parent		50001c97
OBJ 50001c9a (sz=40, trace=300000, class=java.util.TreeMap$Entry@500000a6)
	key		5000195a
	value		500019ae
	left		50001c9d
	right		50001c9c
	parent		50001c97
ARR 50001c9b (sz=12, trace=300000, nelems=6, elem type=char[])
OBJ 50001c9c (sz=40, trace=300000, class=java.util.TreeMap$Entry@500000a6)
	key		5000196e
	value		50001b08
	left		50001cf7
	right		50001cf6
	parent		50001c9a
OBJ 50001c9d (sz=40, trace=300000, class=java.util.TreeMap$Entry@500000a6)
	key		50001938
	value		50001af2
	left		50001ca0
	right		50001c9f
	parent		50001c9a
ARR 50001c9e (sz=6, trace=300000, nelems=3, elem type=char[])
OBJ 50001c9f (sz=40, trace=300000, class=java.util.TreeMap$Entry@500000a6)
	key		50001947
	value		50001af7
	left		50001cb4
	right		50001cb3
	parent		50001c9d
OBJ 50001ca0 (sz=40, trace=300000, class=java.util.TreeMap$Entry@500000a6)
	key		50001934
	value		50001aef
	left		50001ca3
	right		50001ca2
	parent		50001c9d
ARR 50001ca1 (sz=8, trace=300000, nelems=4, elem type=char[])
OBJ 50001ca2 (sz=40, trace=300000, class=java.util.TreeMap$Entry@500000a6)
	key		50001838
	value		5000185c
	left		50001cad
	right		50001cac
	parent		50001ca0
OBJ 50001ca3 (sz=40, trace=300000, class=java.util.TreeMap$Entry@500000a6)
	key		50001931
	value		50001aed
	left		50001ca6
	right		50001ca5
	parent		50001ca0
ARR 50001ca4 (sz=8, trace=300000, nelems=4, elem type=char[])
OBJ 50001ca5 (sz=40, trace=300000, class=java.util.TreeMap$Entry@500000a6)
	key		50001932
	value		50001aee
	right		50001ca9
	parent		50001ca3
OBJ 50001ca6 (sz=40, trace=300000, class=java.util.TreeMap$Entry@500000a6)
	key		50001930
	value		50001983
	parent		50001ca3
ARR 50001ca7 (sz=8, trace=300000, nelems=4, elem type=char[])
ARR 50001ca8 (sz=6, trace=300000, nelems=3, elem type=char[])
OBJ 50001ca9 (sz=40, trace=300000, class=java.util.TreeMap$Entry@500000a6)
	key		50001933
	value		50001986
	parent		50001ca5
ARR 50001caa (sz=8, trace=300000, nelems=4, elem type=char[])
ARR 50001cab (sz=8, trace=300000, nelems=4, elem type=char[])
OBJ 50001cac (sz=40, trace=300000, class=java.util.TreeMap$Entry@500000a6)
	key		50001937
	value		50001af1
	left		50001cb0
	parent		50001ca2
OBJ 50001cad (sz=40, trace=300000, class=java.util.TreeMap$Entry@500000a6)
	key		50001935
	value		50001988
	parent		50001ca2
ARR 50001cae (sz=8, trace=300000, nelems=4, elem type=char[])
ARR 50001caf (sz=8, trace=300000, nelems=4, elem type=char[])
OBJ 50001cb0 (sz=40, trace=300000, class=java.util.TreeMap$Entry@500000a6)
	key		50001936
	value		50001af0
	parent		50001cac
ARR 50001cb1 (sz=8, trace=300000, nelems=4, elem type=char[])
ARR 50001cb2 (sz=8, trace=300000, nelems=4, elem type=char[])
OBJ 50001cb3 (sz=40, trace=300000, class=java.util.TreeMap$Entry@500000a6)
	key		5000194d
	value		500019a0
	left		50001cd2
	right		50001cd1
	parent		50001c9f
OBJ 50001cb4 (sz=40, trace=300000, class=java.util.TreeMap$Entry@500000a6)
	key		5000193c
	value		50001979
	left		50001cb7
	right		50001cb6
	parent		50001c9f
ARR 50001cb5 (sz=8, trace=300000, nelems=4, elem type=char[])
OBJ 50001cb6 (sz=40, trace=300000, class=java.util.TreeMap$Entry@500000a6)
	key		50001940
	value		5000197d
	left		50001cbf
	right		50001cbe
	parent		50001cb4
OBJ 50001cb7 (sz=40, trace=300000, class=java.util.TreeMap$Entry@500000a6)
	key		5000193a
	value		50001af4
	left		50001cba
	right		50001cb9
	parent		50001cb4
ARR 50001cb8 (sz=8, trace=300000, nelems=4, elem type=char[])
OBJ 50001cb9 (sz=40, trace=300000, class=java.util.TreeMap$Entry@500000a6)
	key		5000193b
	value		50001af5
	parent		50001cb7
OBJ 50001cba (sz=40, trace=300000, class=java.util.TreeMap$Entry@500000a6)
	key		50001939
	value		50001af3
	parent		50001cb7
ARR 50001cbb (sz=8, trace=300000, nelems=4, elem type=char[])
ARR 50001cbc (sz=8, trace=300000, nelems=4, elem type=char[])
ARR 50001cbd (sz=8, trace=300000, nelems=4, elem type=char[])
OBJ 50001cbe (sz=40, trace=300000, class=java.util.TreeMap$Entry@500000a6)
	key		50001942
	value		5000197f
	left		50001cc7
	right		50001cc6
	parent		50001cb6
OBJ 50001cbf (sz=40, trace=300000, class=java.util.TreeMap$Entry@500000a6)
	key		5000193e
	value		5000197b
	left		50001cc2
	right		50001cc1
	parent		50001cb6
ARR 50001cc0 (sz=8, trace=300000, nelems=4, elem type=char[])
OBJ 50001cc1 (sz=40, trace=300000, class=java.util.TreeMap$Entry@500000a6)
	key		5000193f
	value		5000197c
	parent		50001cbf
OBJ 50001cc2 (sz=40, trace=300000, class=java.util.TreeMap$Entry@500000a6)
	key		5000193d
	value		5000197a
	parent		50001cbf
ARR 50001cc3 (sz=8, trace=300000, nelems=4, elem type=char[])
ARR 50001cc4 (sz=8, trace=300000, nelems=4, elem type=char[])
ARR 50001cc5 (sz=8, trace=300000, nelems=4, elem type=char[])
OBJ 50001cc6 (sz=40, trace=300000, class=java.util.TreeMap$Entry@500000a6)
	key		50001944
	value		50001981
	left		50001ccb
	right		50001cca
	parent		50001cbe
OBJ 50001cc7 (sz=40, trace=300000, class=java.util.TreeMap$Entry@500000a6)
	key		50001941
	value		5000197e
	parent		50001cbe
ARR 50001cc8 (sz=8, trace=300000, nelems=4, elem type=char[])
ARR 50001cc9 (sz=8, trace=300000, nelems=4, elem type=char[])
OBJ 50001cca (sz=40, trace=300000, class=java.util.TreeMap$Entry@500000a6)
	key		50001945
	value		50001982
	right		50001cce
	parent		50001cc6
OBJ 50001ccb (sz=40, trace=300000, class=java.util.TreeMap$Entry@500000a6)
	key		50001943
	value		50001980
	parent		50001cc6
ARR 50001ccc (sz=8, trace=300000, nelems=4, elem type=char[])
ARR 50001ccd (sz=8, trace=300000, nelems=4, elem type=char[])
OBJ 50001cce (sz=40, trace=300000, class=java.util.TreeMap$Entry@500000a6)
	key		50001946
	value		50001af6
	parent		50001cca
ARR 50001ccf (sz=8, trace=300000, nelems=4, elem type=char[])
ARR 50001cd0 (sz=8, trace=300000, nelems=4, elem type=char[])
OBJ 50001cd1 (sz=40, trace=300000, class=java.util.TreeMap$Entry@500000a6)
	key		50001954
	value		500019a7
	left		50001cde
	right		50001cdd
	parent		50001cb3
OBJ 50001cd2 (sz=40, trace=300000, class=java.util.TreeMap$Entry@500000a6)
	key		5000194b
	value		5000199e
	left		50001cd5
	right		50001cd4
	parent		50001cb3
ARR 50001cd3 (sz=6, trace=300000, nelems=3, elem type=char[])
OBJ 50001cd4 (sz=40, trace=300000, class=java.util.TreeMap$Entry@500000a6)
	key		5000194c
	value		5000199f
	parent		50001cd2
OBJ 50001cd5 (sz=40, trace=300000, class=java.util.TreeMap$Entry@500000a6)
	key		50001949
	value		50001af9
	left		50001cd8
	right		50001cd7
	parent		50001cd2
ARR 50001cd6 (sz=6, trace=300000, nelems=3, elem type=char[])
OBJ 50001cd7 (sz=40, trace=300000, class=java.util.TreeMap$Entry@500000a6)
	key		5000194a
	value		5000199d
	parent		50001cd5
OBJ 50001cd8 (sz=40, trace=300000, class=java.util.TreeMap$Entry@500000a6)
	key		50001948
	value		50001af8
	parent		50001cd5
ARR 50001cd9 (sz=8, trace=300000, nelems=4, elem type=char[])
ARR 50001cda (sz=8, trace=300000, nelems=4, elem type=char[])
ARR 50001cdb (sz=6, trace=300000, nelems=3, elem type=char[])
ARR 50001cdc (sz=6, trace=300000, nelems=3, elem type=char[])
OBJ 50001cdd (sz=40, trace=300000, class=java.util.TreeMap$Entry@500000a6)
	key		50001839
	value		50001847
	left		50001cec
	right		50001ceb
	parent		50001cd1
OBJ 50001cde (sz=40, trace=300000, class=java.util.TreeMap$Entry@500000a6)
	key		5000194f
	value		500019a2
	left		50001ce1
	right		50001ce0
	parent		50001cd1
ARR 50001cdf (sz=6, trace=300000, nelems=3, elem type=char[])
OBJ 50001ce0 (sz=40, trace=300000, class=java.util.TreeMap$Entry@500000a6)
	key		50001951
	value		500019a4
	left		50001ce5
	right		50001ce4
	parent		50001cde
OBJ 50001ce1 (sz=40, trace=300000, class=java.util.TreeMap$Entry@500000a6)
	key		5000194e
	value		500019a1
	parent		50001cde
ARR 50001ce2 (sz=6, trace=300000, nelems=3, elem type=char[])
ARR 50001ce3 (sz=6, trace=300000, nelems=3, elem type=char[])
OBJ 50001ce4 (sz=40, trace=300000, class=java.util.TreeMap$Entry@500000a6)
	key		50001953
	value		50001afb
	left		50001ce8
	parent		50001ce0
OBJ 50001ce5 (sz=40, trace=300000, class=java.util.TreeMap$Entry@500000a6)
	key		50001950
	value		500019a3
	parent		50001ce0
ARR 50001ce6 (sz=6, trace=300000, nelems=3, elem type=char[])
ARR 50001ce7 (sz=6, trace=300000, nelems=3, elem type=char[])
OBJ 50001ce8 (sz=40, trace=300000, class=java.util.TreeMap$Entry@500000a6)
	key		50001952
	value		50001afa
	parent		50001ce4
ARR 50001ce9 (sz=10, trace=300000, nelems=5, elem type=char[])
ARR 50001cea (sz=6, trace=300000, nelems=3, elem type=char[])
OBJ 50001ceb (sz=40, trace=300000, class=java.util.TreeMap$Entry@500000a6)
	key		50001958
	value		50001978
	left		50001cf2
	right		50001cf1
	parent		50001cdd
OBJ 50001cec (sz=40, trace=300000, class=java.util.TreeMap$Entry@500000a6)
	key		50001955
	value		500019a8
	right		50001cee
	parent		50001cdd
ARR 50001ced (sz=8, trace=300000, nelems=4, elem type=char[])
OBJ 50001cee (sz=40, trace=300000, class=java.util.TreeMap$Entry@500000a6)
	key		50001956
	value		500019a9
	parent		50001cec
ARR 50001cef (sz=6, trace=300000, nelems=3, elem type=char[])
ARR 50001cf0 (sz=6, trace=300000, nelems=3, elem type=char[])
OBJ 50001cf1 (sz=40, trace=300000, class=java.util.TreeMap$Entry@500000a6)
	key		50001959
	value		50001afe
	parent		50001ceb
OBJ 50001cf2 (sz=40, trace=300000, class=java.util.TreeMap$Entry@500000a6)
	key		50001957
	value		50001afd
	parent		50001ceb
ARR 50001cf3 (sz=6, trace=300000, nelems=3, elem type=char[])
ARR 50001cf4 (sz=6, trace=300000, nelems=3, elem type=char[])
ARR 50001cf5 (sz=6, trace=300000, nelems=3, elem type=char[])
OBJ 50001cf6 (sz=40, trace=300000, class=java.util.TreeMap$Entry@500000a6)
	key		5000189b
	value		50001911
	left		50001d29
	right		50001d28
	parent		50001c9c
OBJ 50001cf7 (sz=40, trace=300000, class=java.util.TreeMap$Entry@500000a6)
	key		5000183d
	value		5000185b
	left		50001cfa
	right		50001cf9
	parent		50001c9c
ARR 50001cf8 (sz=6, trace=300000, nelems=3, elem type=char[])
OBJ 50001cf9 (sz=40, trace=300000, class=java.util.TreeMap$Entry@500000a6)
	key		50001967
	value		50001b02
	left		50001d14
	right		50001d13
	parent		50001cf7
OBJ 50001cfa (sz=40, trace=300000, class=java.util.TreeMap$Entry@500000a6)
	key		5000195e
	value		500019b2
	left		50001cfd
	right		50001cfc
	parent		50001cf7
ARR 50001cfb (sz=6, trace=300000, nelems=3, elem type=char[])
OBJ 50001cfc (sz=40, trace=300000, class=java.util.TreeMap$Entry@500000a6)
	key		5000183a
	value		5000185b
	left		50001d05
	right		50001d04
	parent		50001cfa
OBJ 50001cfd (sz=40, trace=300000, class=java.util.TreeMap$Entry@500000a6)
	key		5000195c
	value		500019b0
	left		50001d00
	right		50001cff
	parent		50001cfa
ARR 50001cfe (sz=6, trace=300000, nelems=3, elem type=char[])
OBJ 50001cff (sz=40, trace=300000, class=java.util.TreeMap$Entry@500000a6)
	key		5000195d
	value		500019b1
	parent		50001cfd
OBJ 50001d00 (sz=40, trace=300000, class=java.util.TreeMap$Entry@500000a6)
	key		5000195b
	value		500019af
	parent		50001cfd
ARR 50001d01 (sz=6, trace=300000, nelems=3, elem type=char[])
ARR 50001d02 (sz=6, trace=300000, nelems=3, elem type=char[])
ARR 50001d03 (sz=6, trace=300000, nelems=3, elem type=char[])
OBJ 50001d04 (sz=40, trace=300000, class=java.util.TreeMap$Entry@500000a6)
	key		5000183b
	value		5000185c
	right		50001d10
	parent		50001cfc
OBJ 50001d05 (sz=40, trace=300000, class=java.util.TreeMap$Entry@500000a6)
	key		50001960
	value		500019b4
	left		50001d08
	right		50001d07
	parent		50001cfc
ARR 50001d06 (sz=12, trace=300000, nelems=6, elem type=char[])
OBJ 50001d07 (sz=40, trace=300000, class=java.util.TreeMap$Entry@500000a6)
	key		50001962
	value		500019b6
	left		50001d0c
	right		50001d0b
	parent		50001d05
OBJ 50001d08 (sz=40, trace=300000, class=java.util.TreeMap$Entry@500000a6)
	key		5000195f
	value		500019b3
	parent		50001d05
ARR 50001d09 (sz=6, trace=300000, nelems=3, elem type=char[])
ARR 50001d0a (sz=6, trace=300000, nelems=3, elem type=char[])
OBJ 50001d0b (sz=40, trace=300000, class=java.util.TreeMap$Entry@500000a6)
	key		50001963
	value		50001aff
	parent		50001d07
OBJ 50001d0c (sz=40, trace=300000, class=java.util.TreeMap$Entry@500000a6)
	key		50001961
	value		500019b5
	parent		50001d07
ARR 50001d0d (sz=6, trace=300000, nelems=3, elem type=char[])
ARR 50001d0e (sz=6, trace=300000, nelems=3, elem type=char[])
ARR 50001d0f (sz=6, trace=300000, nelems=3, elem type=char[])
OBJ 50001d10 (sz=40, trace=300000, class=java.util.TreeMap$Entry@500000a6)
	key		5000183c
	value		5000185d
	parent		50001d04
ARR 50001d11 (sz=12, trace=300000, nelems=6, elem type=char[])
ARR 50001d12 (sz=12, trace=300000, nelems=6, elem type=char[])
OBJ 50001d13 (sz=40, trace=300000, class=java.util.TreeMap$Entry@500000a6)
	key		5000196c
	value		50001915
	left		50001d1e
	right		50001d1d
	parent		50001cf9
OBJ 50001d14 (sz=40, trace=300000, class=java.util.TreeMap$Entry@500000a6)
	key		50001964
	value		500019b8
	left		50001d17
	right		50001d16
	parent		50001cf9
ARR 50001d15 (sz=6, trace=300000, nelems=3, elem type=char[])
OBJ 50001d16 (sz=40, trace=300000, class=java.util.TreeMap$Entry@500000a6)
	key		50001965
	value		50001b00
	right		50001d1a
	parent		50001d14
OBJ 50001d17 (sz=40, trace=300000, class=java.util.TreeMap$Entry@500000a6)
	key		5000183e
	value		5000185d
	parent		50001d14
ARR 50001d18 (sz=6, trace=300000, nelems=3, elem type=char[])
ARR 50001d19 (sz=6, trace=300000, nelems=3, elem type=char[])
OBJ 50001d1a (sz=40, trace=300000, class=java.util.TreeMap$Entry@500000a6)
	key		50001966
	value		50001b01
	parent		50001d16
ARR 50001d1b (sz=6, trace=300000, nelems=3, elem type=char[])
ARR 50001d1c (sz=6, trace=300000, nelems=3, elem type=char[])
OBJ 50001d1d (sz=40, trace=300000, class=java.util.TreeMap$Entry@500000a6)
	key		5000196d
	value		50001b07
	parent		50001d13
OBJ 50001d1e (sz=40, trace=300000, class=java.util.TreeMap$Entry@500000a6)
	key		5000196a
	value		50001b05
	left		50001d21
	right		50001d20
	parent		50001d13
ARR 50001d1f (sz=6, trace=300000, nelems=3, elem type=char[])
OBJ 50001d20 (sz=40, trace=300000, class=java.util.TreeMap$Entry@500000a6)
	key		5000196b
	value		50001b06
	parent		50001d1e
OBJ 50001d21 (sz=40, trace=300000, class=java.util.TreeMap$Entry@500000a6)
	key		50001969
	value		50001b04
	left		50001d23
	parent		50001d1e
ARR 50001d22 (sz=6, trace=300000, nelems=3, elem type=char[])
OBJ 50001d23 (sz=40, trace=300000, class=java.util.TreeMap$Entry@500000a6)
	key		50001968
	value		50001b03
	parent		50001d21
ARR 50001d24 (sz=6, trace=300000, nelems=3, elem type=char[])
ARR 50001d25 (sz=6, trace=300000, nelems=3, elem type=char[])
ARR 50001d26 (sz=6, trace=300000, nelems=3, elem type=char[])
ARR 50001d27 (sz=8, trace=300000, nelems=4, elem type=char[])
OBJ 50001d28 (sz=40, trace=300000, class=java.util.TreeMap$Entry@500000a6)
	key		50001842
	value		50001841
	left		50001d3f
	right		50001d3e
	parent		50001cf6
OBJ 50001d29 (sz=40, trace=300000, class=java.util.TreeMap$Entry@500000a6)
	key		50001973
	value		50001b0d
	left		50001d2c
	right		50001d2b
	parent		50001cf6
ARR 50001d2a (sz=30, trace=300000, nelems=15, elem type=char[])
OBJ 50001d2b (sz=40, trace=300000, class=java.util.TreeMap$Entry@500000a6)
	key		5000183f
	value		5000185c
	left		50001d36
	right		50001d35
	parent		50001d29
OBJ 50001d2c (sz=40, trace=300000, class=java.util.TreeMap$Entry@500000a6)
	key		50001970
	value		50001b0a
	left		50001d2f
	right		50001d2e
	parent		50001d29
ARR 50001d2d (sz=6, trace=300000, nelems=3, elem type=char[])
OBJ 50001d2e (sz=40, trace=300000, class=java.util.TreeMap$Entry@500000a6)
	key		50001971
	value		50001b0b
	right		50001d32
	parent		50001d2c
OBJ 50001d2f (sz=40, trace=300000, class=java.util.TreeMap$Entry@500000a6)
	key		5000196f
	value		50001b09
	parent		50001d2c
ARR 50001d30 (sz=6, trace=300000, nelems=3, elem type=char[])
ARR 50001d31 (sz=8, trace=300000, nelems=4, elem type=char[])
OBJ 50001d32 (sz=40, trace=300000, class=java.util.TreeMap$Entry@500000a6)
	key		50001972
	value		50001b0c
	parent		50001d2e
ARR 50001d33 (sz=6, trace=300000, nelems=3, elem type=char[])
ARR 50001d34 (sz=8, trace=300000, nelems=4, elem type=char[])
OBJ 50001d35 (sz=40, trace=300000, class=java.util.TreeMap$Entry@500000a6)
	key		5000189a
	value		50001841
	parent		50001d2b
OBJ 50001d36 (sz=40, trace=300000, class=java.util.TreeMap$Entry@500000a6)
	key		50001975
	value		50001b0f
	left		50001d39
	right		50001d38
	parent		50001d2b
ARR 50001d37 (sz=16, trace=300000, nelems=8, elem type=char[])
OBJ 50001d38 (sz=40, trace=300000, class=java.util.TreeMap$Entry@500000a6)
	key		50001899
	value		5000185c
	parent		50001d36
OBJ 50001d39 (sz=40, trace=300000, class=java.util.TreeMap$Entry@500000a6)
	key		50001974
	value		50001b0e
	parent		50001d36
ARR 50001d3a (sz=6, trace=300000, nelems=3, elem type=char[])
ARR 50001d3b (sz=6, trace=300000, nelems=3, elem type=char[])
ARR 50001d3c (sz=12, trace=300000, nelems=6, elem type=char[])
ARR 50001d3d (sz=20, trace=300000, nelems=10, elem type=char[])
OBJ 50001d3e (sz=40, trace=300000, class=java.util.TreeMap$Entry@500000a6)
	key		50001843
	value		50001911
	right		50001d41
	parent		50001d28
OBJ 50001d3f (sz=40, trace=300000, class=java.util.TreeMap$Entry@500000a6)
	key		5000189c
	value		50001911
	parent		50001d28
ARR 50001d40 (sz=42, trace=300000, nelems=21, elem type=char[])
OBJ 50001d41 (sz=40, trace=300000, class=java.util.TreeMap$Entry@500000a6)
	key		50001844
	value		50001912
	parent		50001d3e
OBJ 50001d42 (sz=40, trace=300000, class=java.util.TreeMap$Entry@500000a6)
	key		500018a5
	value		50001907
	left		50001d83
	right		50001d82
	parent		50001c99
OBJ 50001d43 (sz=40, trace=300000, class=java.util.TreeMap$Entry@500000a6)
	key		500018a1
	value		50001914
	left		50001d46
	right		50001d45
	parent		50001c99
ARR 50001d44 (sz=12, trace=300000, nelems=6, elem type=char[])
OBJ 50001d45 (sz=40, trace=300000, class=java.util.TreeMap$Entry@500000a6)
	key		500019e8
	value		5000197a
	left		50001d62
	right		50001d61
	parent		50001d43
OBJ 50001d46 (sz=40, trace=300000, class=java.util.TreeMap$Entry@500000a6)
	key		500019da
	value		50001979
	left		50001d49
	right		50001d48
	parent		50001d43
ARR 50001d47 (sz=16, trace=300000, nelems=8, elem type=char[])
OBJ 50001d48 (sz=40, trace=300000, class=java.util.TreeMap$Entry@500000a6)
	key		500019de
	value		5000197d
	left		50001d51
	right		50001d50
	parent		50001d46
OBJ 50001d49 (sz=40, trace=300000, class=java.util.TreeMap$Entry@500000a6)
	key		5000189f
	value		50001841
	left		50001d4c
	right		50001d4b
	parent		50001d46
ARR 50001d4a (sz=20, trace=300000, nelems=10, elem type=char[])
OBJ 50001d4b (sz=40, trace=300000, class=java.util.TreeMap$Entry@500000a6)
	key		500018a0
	value		50001911
	parent		50001d49
OBJ 50001d4c (sz=40, trace=300000, class=java.util.TreeMap$Entry@500000a6)
	key		5000189e
	value		50001911
	parent		50001d49
ARR 50001d4d (sz=18, trace=300000, nelems=9, elem type=char[])
ARR 50001d4e (sz=22, trace=300000, nelems=11, elem type=char[])
ARR 50001d4f (sz=28, trace=300000, nelems=14, elem type=char[])
OBJ 50001d50 (sz=40, trace=300000, class=java.util.TreeMap$Entry@500000a6)
	key		500019e0
	value		5000197f
	left		50001d59
	right		50001d58
	parent		50001d48
OBJ 50001d51 (sz=40, trace=300000, class=java.util.TreeMap$Entry@500000a6)
	key		500019dc
	value		5000197b
	left		50001d54
	right		50001d53
	parent		50001d48
ARR 50001d52 (sz=20, trace=300000, nelems=10, elem type=char[])
OBJ 50001d53 (sz=40, trace=300000, class=java.util.TreeMap$Entry@500000a6)
	key		500019dd
	value		5000197c
	parent		50001d51
OBJ 50001d54 (sz=40, trace=300000, class=java.util.TreeMap$Entry@500000a6)
	key		500019db
	value		5000197a
	parent		50001d51
ARR 50001d55 (sz=20, trace=300000, nelems=10, elem type=char[])
ARR 50001d56 (sz=20, trace=300000, nelems=10, elem type=char[])
ARR 50001d57 (sz=20, trace=300000, nelems=10, elem type=char[])
OBJ 50001d58 (sz=40, trace=300000, class=java.util.TreeMap$Entry@500000a6)
	key		500019e2
	value		50001981
	left		50001d5d
	right		50001d5c
	parent		50001d50
OBJ 50001d59 (sz=40, trace=300000, class=java.util.TreeMap$Entry@500000a6)
	key		500019df
	value		5000197e
	parent		50001d50
ARR 50001d5a (sz=20, trace=300000, nelems=10, elem type=char[])
ARR 50001d5b (sz=20, trace=300000, nelems=10, elem type=char[])
OBJ 50001d5c (sz=40, trace=300000, class=java.util.TreeMap$Entry@500000a6)
	key		500019e3
	value		50001982
	parent		50001d58
OBJ 50001d5d (sz=40, trace=300000, class=java.util.TreeMap$Entry@500000a6)
	key		500019e1
	value		50001980
	parent		50001d58
ARR 50001d5e (sz=20, trace=300000, nelems=10, elem type=char[])
ARR 50001d5f (sz=20, trace=300000, nelems=10, elem type=char[])
ARR 50001d60 (sz=20, trace=300000, nelems=10, elem type=char[])
OBJ 50001d61 (sz=40, trace=300000, class=java.util.TreeMap$Entry@500000a6)
	key		500019ec
	value		5000197e
	left		50001d6c
	right		50001d6b
	parent		50001d45
OBJ 50001d62 (sz=40, trace=300000, class=java.util.TreeMap$Entry@500000a6)
	key		500019e6
	value		500019af
	left		50001d65
	right		50001d64
	parent		50001d45
ARR 50001d63 (sz=14, trace=300000, nelems=7, elem type=char[])
OBJ 50001d64 (sz=40, trace=300000, class=java.util.TreeMap$Entry@500000a6)
	key		500019e7
	value		50001979
	parent		50001d62
OBJ 50001d65 (sz=40, trace=300000, class=java.util.TreeMap$Entry@500000a6)
	key		500019e4
	value		500019b3
	right		50001d67
	parent		50001d62
ARR 50001d66 (sz=10, trace=300000, nelems=5, elem type=char[])
OBJ 50001d67 (sz=40, trace=300000, class=java.util.TreeMap$Entry@500000a6)
	key		500019e5
	value		500019b4
	parent		50001d65
ARR 50001d68 (sz=10, trace=300000, nelems=5, elem type=char[])
ARR 50001d69 (sz=10, trace=300000, nelems=5, elem type=char[])
ARR 50001d6a (sz=14, trace=300000, nelems=7, elem type=char[])
OBJ 50001d6b (sz=40, trace=300000, class=java.util.TreeMap$Entry@500000a6)
	key		500019f2
	value		50001aed
	left		50001d74
	right		50001d73
	parent		50001d61
OBJ 50001d6c (sz=40, trace=300000, class=java.util.TreeMap$Entry@500000a6)
	key		500019ea
	value		5000197c
	left		50001d6f
	right		50001d6e
	parent		50001d61
ARR 50001d6d (sz=14, trace=300000, nelems=7, elem type=char[])
OBJ 50001d6e (sz=40, trace=300000, class=java.util.TreeMap$Entry@500000a6)
	key		500019eb
	value		5000197d
	parent		50001d6c
OBJ 50001d6f (sz=40, trace=300000, class=java.util.TreeMap$Entry@500000a6)
	key		500019e9
	value		5000197b
	parent		50001d6c
ARR 50001d70 (sz=14, trace=300000, nelems=7, elem type=char[])
ARR 50001d71 (sz=14, trace=300000, nelems=7, elem type=char[])
ARR 50001d72 (sz=14, trace=300000, nelems=7, elem type=char[])
OBJ 50001d73 (sz=40, trace=300000, class=java.util.TreeMap$Entry@500000a6)
	key		500019f3
	value		50001aee
	right		50001d7f
	parent		50001d6b
OBJ 50001d74 (sz=40, trace=300000, class=java.util.TreeMap$Entry@500000a6)
	key		500019ee
	value		50001980
	left		50001d77
	right		50001d76
	parent		50001d6b
ARR 50001d75 (sz=12, trace=300000, nelems=6, elem type=char[])
OBJ 50001d76 (sz=40, trace=300000, class=java.util.TreeMap$Entry@500000a6)
	key		500019f0
	value		50001982
	left		50001d7b
	right		50001d7a
	parent		50001d74
OBJ 50001d77 (sz=40, trace=300000, class=java.util.TreeMap$Entry@500000a6)
	key		500019ed
	value		5000197f
	parent		50001d74
ARR 50001d78 (sz=14, trace=300000, nelems=7, elem type=char[])
ARR 50001d79 (sz=14, trace=300000, nelems=7, elem type=char[])
OBJ 50001d7a (sz=40, trace=300000, class=java.util.TreeMap$Entry@500000a6)
	key		500019f1
	value		50001983
	parent		50001d76
OBJ 50001d7b (sz=40, trace=300000, class=java.util.TreeMap$Entry@500000a6)
	key		500019ef
	value		50001981
	parent		50001d76
ARR 50001d7c (sz=14, trace=300000, nelems=7, elem type=char[])
ARR 50001d7d (sz=14, trace=300000, nelems=7, elem type=char[])
ARR 50001d7e (sz=10, trace=300000, nelems=5, elem type=char[])
OBJ 50001d7f (sz=40, trace=300000, class=java.util.TreeMap$Entry@500000a6)
	key		500019f4
	value		50001986
	parent		50001d73
ARR 50001d80 (sz=12, trace=300000, nelems=6, elem type=char[])
ARR 50001d81 (sz=12, trace=300000, nelems=6, elem type=char[])
OBJ 50001d82 (sz=40, trace=300000, class=java.util.TreeMap$Entry@500000a6)
	key		50001a0d
	value		5000199f
	left		50001daf
	right		50001dae
	parent		50001d42
OBJ 50001d83 (sz=40, trace=300000, class=java.util.TreeMap$Entry@500000a6)
	key		500019fd
	value		50001979
	left		50001d86
	right		50001d85
	parent		50001d42
ARR 50001d84 (sz=12, trace=300000, nelems=6, elem type=char[])
OBJ 50001d85 (sz=40, trace=300000, class=java.util.TreeMap$Entry@500000a6)
	key		50001a01
	value		5000197d
	left		50001d98
	right		50001d97
	parent		50001d83
OBJ 50001d86 (sz=40, trace=300000, class=java.util.TreeMap$Entry@500000a6)
	key		500019f9
	value		50001af2
	left		50001d89
	right		50001d88
	parent		50001d83
ARR 50001d87 (sz=12, trace=300000, nelems=6, elem type=char[])
OBJ 50001d88 (sz=40, trace=300000, class=java.util.TreeMap$Entry@500000a6)
	key		500019fb
	value		50001af4
	left		50001d93
	right		50001d92
	parent		50001d86
OBJ 50001d89 (sz=40, trace=300000, class=java.util.TreeMap$Entry@500000a6)
	key		500018a2
	value		5000185c
	left		50001d8c
	right		50001d8b
	parent		50001d86
ARR 50001d8a (sz=12, trace=300000, nelems=6, elem type=char[])
OBJ 50001d8b (sz=40, trace=300000, class=java.util.TreeMap$Entry@500000a6)
	key		500019f8
	value		50001af1
	left		50001d8f
	parent		50001d89
OBJ 50001d8c (sz=40, trace=300000, class=java.util.TreeMap$Entry@500000a6)
	key		500019f6
	value		50001988
	parent		50001d89
ARR 50001d8d (sz=12, trace=300000, nelems=6, elem type=char[])
ARR 50001d8e (sz=12, trace=300000, nelems=6, elem type=char[])
OBJ 50001d8f (sz=40, trace=300000, class=java.util.TreeMap$Entry@500000a6)
	key		500019f7
	value		50001af0
	parent		50001d8b
ARR 50001d90 (sz=12, trace=300000, nelems=6, elem type=char[])
ARR 50001d91 (sz=12, trace=300000, nelems=6, elem type=char[])
OBJ 50001d92 (sz=40, trace=300000, class=java.util.TreeMap$Entry@500000a6)
	key		500019fc
	value		50001af5
	parent		50001d88
OBJ 50001d93 (sz=40, trace=300000, class=java.util.TreeMap$Entry@500000a6)
	key		500019fa
	value		50001af3
	parent		50001d88
ARR 50001d94 (sz=12, trace=300000, nelems=6, elem type=char[])
ARR 50001d95 (sz=12, trace=300000, nelems=6, elem type=char[])
ARR 50001d96 (sz=12, trace=300000, nelems=6, elem type=char[])
OBJ 50001d97 (sz=40, trace=300000, class=java.util.TreeMap$Entry@500000a6)
	key		50001a05
	value		50001981
	left		50001da0
	right		50001d9f
	parent		50001d85
OBJ 50001d98 (sz=40, trace=300000, class=java.util.TreeMap$Entry@500000a6)
	key		500019ff
	value		5000197b
	left		50001d9b
	right		50001d9a
	parent		50001d85
ARR 50001d99 (sz=12, trace=300000, nelems=6, elem type=char[])
OBJ 50001d9a (sz=40, trace=300000, class=java.util.TreeMap$Entry@500000a6)
	key		50001a00
	value		5000197c
	parent		50001d98
OBJ 50001d9b (sz=40, trace=300000, class=java.util.TreeMap$Entry@500000a6)
	key		500019fe
	value		5000197a
	parent		50001d98
ARR 50001d9c (sz=12, trace=300000, nelems=6, elem type=char[])
ARR 50001d9d (sz=12, trace=300000, nelems=6, elem type=char[])
ARR 50001d9e (sz=12, trace=300000, nelems=6, elem type=char[])
OBJ 50001d9f (sz=40, trace=300000, class=java.util.TreeMap$Entry@500000a6)
	key		500018a3
	value		50001905
	left		50001da8
	right		50001da7
	parent		50001d97
OBJ 50001da0 (sz=40, trace=300000, class=java.util.TreeMap$Entry@500000a6)
	key		50001a03
	value		5000197f
	left		50001da3
	right		50001da2
	parent		50001d97
ARR 50001da1 (sz=12, trace=300000, nelems=6, elem type=char[])
OBJ 50001da2 (sz=40, trace=300000, class=java.util.TreeMap$Entry@500000a6)
	key		50001a04
	value		50001980
	parent		50001da0
OBJ 50001da3 (sz=40, trace=300000, class=java.util.TreeMap$Entry@500000a6)
	key		50001a02
	value		5000197e
	parent		50001da0
ARR 50001da4 (sz=12, trace=300000, nelems=6, elem type=char[])
ARR 50001da5 (sz=12, trace=300000, nelems=6, elem type=char[])
ARR 50001da6 (sz=12, trace=300000, nelems=6, elem type=char[])
OBJ 50001da7 (sz=40, trace=300000, class=java.util.TreeMap$Entry@500000a6)
	key		500018a4
	value		50001906
	parent		50001d9f
OBJ 50001da8 (sz=40, trace=300000, class=java.util.TreeMap$Entry@500000a6)
	key		50001a06
	value		50001982
	right		50001daa
	parent		50001d9f
ARR 50001da9 (sz=12, trace=300000, nelems=6, elem type=char[])
OBJ 50001daa (sz=40, trace=300000, class=java.util.TreeMap$Entry@500000a6)
	key		50001a07
	value		50001af6
	parent		50001da8
ARR 50001dab (sz=12, trace=300000, nelems=6, elem type=char[])
ARR 50001dac (sz=12, trace=300000, nelems=6, elem type=char[])
ARR 50001dad (sz=12, trace=300000, nelems=6, elem type=char[])
OBJ 50001dae (sz=40, trace=300000, class=java.util.TreeMap$Entry@500000a6)
	key		50001a12
	value		500019a4
	left		50001dbb
	right		50001dba
	parent		50001d82
OBJ 50001daf (sz=40, trace=300000, class=java.util.TreeMap$Entry@500000a6)
	key		50001a0b
	value		5000199d
	left		50001db2
	right		50001db1
	parent		50001d82
ARR 50001db0 (sz=10, trace=300000, nelems=5, elem type=char[])
OBJ 50001db1 (sz=40, trace=300000, class=java.util.TreeMap$Entry@500000a6)
	key		50001a0c
	value		5000199e
	parent		50001daf
OBJ 50001db2 (sz=40, trace=300000, class=java.util.TreeMap$Entry@500000a6)
	key		50001a09
	value		50001af8
	left		50001db5
	right		50001db4
	parent		50001daf
ARR 50001db3 (sz=10, trace=300000, nelems=5, elem type=char[])
OBJ 50001db4 (sz=40, trace=300000, class=java.util.TreeMap$Entry@500000a6)
	key		50001a0a
	value		50001af9
	parent		50001db2
OBJ 50001db5 (sz=40, trace=300000, class=java.util.TreeMap$Entry@500000a6)
	key		50001a08
	value		50001af7
	parent		50001db2
ARR 50001db6 (sz=12, trace=300000, nelems=6, elem type=char[])
ARR 50001db7 (sz=12, trace=300000, nelems=6, elem type=char[])
ARR 50001db8 (sz=12, trace=300000, nelems=6, elem type=char[])
ARR 50001db9 (sz=10, trace=300000, nelems=5, elem type=char[])
OBJ 50001dba (sz=40, trace=300000, class=java.util.TreeMap$Entry@500000a6)
	key		50001a16
	value		500019a8
	left		50001dc5
	right		50001dc4
	parent		50001dae
OBJ 50001dbb (sz=40, trace=300000, class=java.util.TreeMap$Entry@500000a6)
	key		50001a0f
	value		500019a1
	left		50001dbe
	right		50001dbd
	parent		50001dae
ARR 50001dbc (sz=10, trace=300000, nelems=5, elem type=char[])
OBJ 50001dbd (sz=40, trace=300000, class=java.util.TreeMap$Entry@500000a6)
	key		50001a10
	value		500019a2
	right		50001dc1
	parent		50001dbb
OBJ 50001dbe (sz=40, trace=300000, class=java.util.TreeMap$Entry@500000a6)
	key		50001a0e
	value		500019a0
	parent		50001dbb
ARR 50001dbf (sz=10, trace=300000, nelems=5, elem type=char[])
ARR 50001dc0 (sz=10, trace=300000, nelems=5, elem type=char[])
OBJ 50001dc1 (sz=40, trace=300000, class=java.util.TreeMap$Entry@500000a6)
	key		50001a11
	value		500019a3
	parent		50001dbd
ARR 50001dc2 (sz=10, trace=300000, nelems=5, elem type=char[])
ARR 50001dc3 (sz=10, trace=300000, nelems=5, elem type=char[])
OBJ 50001dc4 (sz=40, trace=300000, class=java.util.TreeMap$Entry@500000a6)
	key		500018a6
	value		50001928
	left		50001dcc
	parent		50001dba
OBJ 50001dc5 (sz=40, trace=300000, class=java.util.TreeMap$Entry@500000a6)
	key		50001a14
	value		50001afb
	left		50001dc8
	right		50001dc7
	parent		50001dba
ARR 50001dc6 (sz=10, trace=300000, nelems=5, elem type=char[])
OBJ 50001dc7 (sz=40, trace=300000, class=java.util.TreeMap$Entry@500000a6)
	key		50001a15
	value		500019a7
	parent		50001dc5
OBJ 50001dc8 (sz=40, trace=300000, class=java.util.TreeMap$Entry@500000a6)
	key		50001a13
	value		50001afa
	parent		50001dc5
ARR 50001dc9 (sz=14, trace=300000, nelems=7, elem type=char[])
ARR 50001dca (sz=10, trace=300000, nelems=5, elem type=char[])
ARR 50001dcb (sz=10, trace=300000, nelems=5, elem type=char[])
OBJ 50001dcc (sz=40, trace=300000, class=java.util.TreeMap$Entry@500000a6)
	key		50001a17
	value		500019a9
	parent		50001dc4
ARR 50001dcd (sz=14, trace=300000, nelems=7, elem type=char[])
ARR 50001dce (sz=10, trace=300000, nelems=5, elem type=char[])
OBJ 50001dcf (sz=40, trace=300000, class=java.util.TreeMap$Entry@500000a6)
	key		500018b9
	value		50001908
	left		50001e27
	right		50001e26
	parent		50001c96
OBJ 50001dd0 (sz=40, trace=300000, class=java.util.TreeMap$Entry@500000a6)
	key		50001a2e
	value		50001915
	left		50001dd3
	right		50001dd2
	parent		50001c96
ARR 50001dd1 (sz=12, trace=300000, nelems=6, elem type=char[])
OBJ 50001dd2 (sz=40, trace=300000, class=java.util.TreeMap$Entry@500000a6)
	key		50001a32
	value		50001b0a
	left		50001e06
	right		50001e05
	parent		50001dd0
OBJ 50001dd3 (sz=40, trace=300000, class=java.util.TreeMap$Entry@500000a6)
	key		500018a9
	value		5000185d
	left		50001dd6
	right		50001dd5
	parent		50001dd0
ARR 50001dd4 (sz=10, trace=300000, nelems=5, elem type=char[])
OBJ 50001dd5 (sz=40, trace=300000, class=java.util.TreeMap$Entry@500000a6)
	key		50001a2b
	value		50001b04
	left		50001df6
	right		50001df5
	parent		50001dd3
OBJ 50001dd6 (sz=40, trace=300000, class=java.util.TreeMap$Entry@500000a6)
	key		50001a1e
	value		500019b0
	left		50001dd9
	right		50001dd8
	parent		50001dd3
ARR 50001dd7 (sz=10, trace=300000, nelems=5, elem type=char[])
OBJ 50001dd8 (sz=40, trace=300000, class=java.util.TreeMap$Entry@500000a6)
	key		50001a22
	value		500019b4
	left		50001de7
	right		50001de6
	parent		50001dd6
OBJ 50001dd9 (sz=40, trace=300000, class=java.util.TreeMap$Entry@500000a6)
	key		50001a1c
	value		500019ae
	left		50001ddc
	right		50001ddb
	parent		50001dd6
ARR 50001dda (sz=10, trace=300000, nelems=5, elem type=char[])
OBJ 50001ddb (sz=40, trace=300000, class=java.util.TreeMap$Entry@500000a6)
	key		50001a1d
	value		500019af
	parent		50001dd9
OBJ 50001ddc (sz=40, trace=300000, class=java.util.TreeMap$Entry@500000a6)
	key		50001a19
	value		50001afd
	left		50001ddf
	right		50001dde
	parent		50001dd9
ARR 50001ddd (sz=10, trace=300000, nelems=5, elem type=char[])
OBJ 50001dde (sz=40, trace=300000, class=java.util.TreeMap$Entry@500000a6)
	key		50001a1b
	value		50001afe
	left		50001de2
	parent		50001ddc
OBJ 50001ddf (sz=40, trace=300000, class=java.util.TreeMap$Entry@500000a6)
	key		50001a18
	value		50001afc
	parent		50001ddc
ARR 50001de0 (sz=10, trace=300000, nelems=5, elem type=char[])
ARR 50001de1 (sz=10, trace=300000, nelems=5, elem type=char[])
OBJ 50001de2 (sz=40, trace=300000, class=java.util.TreeMap$Entry@500000a6)
	key		50001a1a
	value		50001978
	parent		50001dde
ARR 50001de3 (sz=10, trace=300000, nelems=5, elem type=char[])
ARR 50001de4 (sz=10, trace=300000, nelems=5, elem type=char[])
ARR 50001de5 (sz=10, trace=300000, nelems=5, elem type=char[])
OBJ 50001de6 (sz=40, trace=300000, class=java.util.TreeMap$Entry@500000a6)
	key		50001a24
	value		500019b6
	left		50001def
	right		50001dee
	parent		50001dd8
OBJ 50001de7 (sz=40, trace=300000, class=java.util.TreeMap$Entry@500000a6)
	key		50001a20
	value		500019b2
	left		50001dea
	right		50001de9
	parent		50001dd8
ARR 50001de8 (sz=10, trace=300000, nelems=5, elem type=char[])
OBJ 50001de9 (sz=40, trace=300000, class=java.util.TreeMap$Entry@500000a6)
	key		50001a21
	value		500019b3
	parent		50001de7
OBJ 50001dea (sz=40, trace=300000, class=java.util.TreeMap$Entry@500000a6)
	key		50001a1f
	value		500019b1
	parent		50001de7
ARR 50001deb (sz=10, trace=300000, nelems=5, elem type=char[])
ARR 50001dec (sz=10, trace=300000, nelems=5, elem type=char[])
ARR 50001ded (sz=10, trace=300000, nelems=5, elem type=char[])
OBJ 50001dee (sz=40, trace=300000, class=java.util.TreeMap$Entry@500000a6)
	key		500018a8
	value		5000185b
	left		50001df2
	parent		50001de6
OBJ 50001def (sz=40, trace=300000, class=java.util.TreeMap$Entry@500000a6)
	key		50001a23
	value		500019b5
	parent		50001de6
ARR 50001df0 (sz=10, trace=300000, nelems=5, elem type=char[])
ARR 50001df1 (sz=10, trace=300000, nelems=5, elem type=char[])
OBJ 50001df2 (sz=40, trace=300000, class=java.util.TreeMap$Entry@500000a6)
	key		50001a25
	value		50001aff
	parent		50001dee
ARR 50001df3 (sz=10, trace=300000, nelems=5, elem type=char[])
ARR 50001df4 (sz=10, trace=300000, nelems=5, elem type=char[])
OBJ 50001df5 (sz=40, trace=300000, class=java.util.TreeMap$Entry@500000a6)
	key		50001a2c
	value		50001b05
	left		50001e02
	right		50001e01
	parent		50001dd5
OBJ 50001df6 (sz=40, trace=300000, class=java.util.TreeMap$Entry@500000a6)
	key		50001a27
	value		50001b00
	left		50001df9
	right		50001df8
	parent		50001dd5
ARR 50001df7 (sz=10, trace=300000, nelems=5, elem type=char[])
OBJ 50001df8 (sz=40, trace=300000, class=java.util.TreeMap$Entry@500000a6)
	key		50001a29
	value		50001b02
	left		50001dfd
	right		50001dfc
	parent		50001df6
OBJ 50001df9 (sz=40, trace=300000, class=java.util.TreeMap$Entry@500000a6)
	key		50001a26
	value		500019b8
	parent		50001df6
ARR 50001dfa (sz=10, trace=300000, nelems=5, elem type=char[])
ARR 50001dfb (sz=10, trace=300000, nelems=5, elem type=char[])
OBJ 50001dfc (sz=40, trace=300000, class=java.util.TreeMap$Entry@500000a6)
	key		50001a2a
	value		50001b03
	parent		50001df8
OBJ 50001dfd (sz=40, trace=300000, class=java.util.TreeMap$Entry@500000a6)
	key		50001a28
	value		50001b01
	parent		50001df8
ARR 50001dfe (sz=10, trace=300000, nelems=5, elem type=char[])
ARR 50001dff (sz=10, trace=300000, nelems=5, elem type=char[])
ARR 50001e00 (sz=10, trace=300000, nelems=5, elem type=char[])
OBJ 50001e01 (sz=40, trace=300000, class=java.util.TreeMap$Entry@500000a6)
	key		50001a2d
	value		50001b06
	parent		50001df5
OBJ 50001e02 (sz=40, trace=300000, class=java.util.TreeMap$Entry@500000a6)
	key		500016b3
	value		500016b0
	parent		50001df5
ARR 50001e03 (sz=10, trace=300000, nelems=5, elem type=char[])
ARR 50001e04 (sz=10, trace=300000, nelems=5, elem type=char[])
OBJ 50001e05 (sz=40, trace=300000, class=java.util.TreeMap$Entry@500000a6)
	key		50001a38
	value		500019a1
	left		50001e0e
	right		50001e0d
	parent		50001dd2
OBJ 50001e06 (sz=40, trace=300000, class=java.util.TreeMap$Entry@500000a6)
	key		50001a30
	value		50001b08
	left		50001e09
	right		50001e08
	parent		50001dd2
ARR 50001e07 (sz=10, trace=300000, nelems=5, elem type=char[])
OBJ 50001e08 (sz=40, trace=300000, class=java.util.TreeMap$Entry@500000a6)
	key		50001a31
	value		50001b09
	parent		50001e06
OBJ 50001e09 (sz=40, trace=300000, class=java.util.TreeMap$Entry@500000a6)
	key		50001a2f
	value		50001b07
	parent		50001e06
ARR 50001e0a (sz=10, trace=300000, nelems=5, elem type=char[])
ARR 50001e0b (sz=12, trace=300000, nelems=6, elem type=char[])
ARR 50001e0c (sz=12, trace=300000, nelems=6, elem type=char[])
OBJ 50001e0d (sz=40, trace=300000, class=java.util.TreeMap$Entry@500000a6)
	key		50001a3c
	value		50001983
	left		50001e1a
	right		50001e19
	parent		50001e05
OBJ 50001e0e (sz=40, trace=300000, class=java.util.TreeMap$Entry@500000a6)
	key		50001a34
	value		50001b0c
	left		50001e11
	right		50001e10
	parent		50001e05
ARR 50001e0f (sz=16, trace=300000, nelems=8, elem type=char[])
OBJ 50001e10 (sz=40, trace=300000, class=java.util.TreeMap$Entry@500000a6)
	key		50001a36
	value		50001b0e
	left		50001e15
	right		50001e14
	parent		50001e0e
OBJ 50001e11 (sz=40, trace=300000, class=java.util.TreeMap$Entry@500000a6)
	key		50001a33
	value		50001b0b
	parent		50001e0e
ARR 50001e12 (sz=12, trace=300000, nelems=6, elem type=char[])
ARR 50001e13 (sz=10, trace=300000, nelems=5, elem type=char[])
OBJ 50001e14 (sz=40, trace=300000, class=java.util.TreeMap$Entry@500000a6)
	key		50001a37
	value		50001b0f
	parent		50001e10
OBJ 50001e15 (sz=40, trace=300000, class=java.util.TreeMap$Entry@500000a6)
	key		50001a35
	value		50001b0d
	parent		50001e10
ARR 50001e16 (sz=10, trace=300000, nelems=5, elem type=char[])
ARR 50001e17 (sz=10, trace=300000, nelems=5, elem type=char[])
ARR 50001e18 (sz=10, trace=300000, nelems=5, elem type=char[])
OBJ 50001e19 (sz=40, trace=300000, class=java.util.TreeMap$Entry@500000a6)
	key		50001a3e
	value		50001983
	left		50001e22
	right		50001e21
	parent		50001e0d
OBJ 50001e1a (sz=40, trace=300000, class=java.util.TreeMap$Entry@500000a6)
	key		50001a3a
	value		500019a4
	left		50001e1d
	right		50001e1c
	parent		50001e0d
ARR 50001e1b (sz=30, trace=300000, nelems=15, elem type=char[])
OBJ 50001e1c (sz=40, trace=300000, class=java.util.TreeMap$Entry@500000a6)
	key		50001a3b
	value		50001983
	parent		50001e1a
OBJ 50001e1d (sz=40, trace=300000, class=java.util.TreeMap$Entry@500000a6)
	key		50001a39
	value		500019a2
	parent		50001e1a
ARR 50001e1e (sz=16, trace=300000, nelems=8, elem type=char[])
ARR 50001e1f (sz=16, trace=300000, nelems=8, elem type=char[])
ARR 50001e20 (sz=14, trace=300000, nelems=7, elem type=char[])
OBJ 50001e21 (sz=40, trace=300000, class=java.util.TreeMap$Entry@500000a6)
	key		50001a3f
	value		50001983
	parent		50001e19
OBJ 50001e22 (sz=40, trace=300000, class=java.util.TreeMap$Entry@500000a6)
	key		50001a3d
	value		50001983
	parent		50001e19
ARR 50001e23 (sz=30, trace=300000, nelems=15, elem type=char[])
ARR 50001e24 (sz=30, trace=300000, nelems=15, elem type=char[])
ARR 50001e25 (sz=30, trace=300000, nelems=15, elem type=char[])
OBJ 50001e26 (sz=40, trace=300000, class=java.util.TreeMap$Entry@500000a6)
	key		50001848
	value		50001914
	left		50001e6b
	right		50001e6a
	parent		50001dcf
OBJ 50001e27 (sz=40, trace=300000, class=java.util.TreeMap$Entry@500000a6)
	key		500018af
	value		5000187c
	left		50001e2a
	right		50001e29
	parent		50001dcf
ARR 50001e28 (sz=24, trace=300000, nelems=12, elem type=char[])
OBJ 50001e29 (sz=40, trace=300000, class=java.util.TreeMap$Entry@500000a6)
	key		500018b4
	value		5000191a
	left		50001e58
	right		50001e57
	parent		50001e27
OBJ 50001e2a (sz=40, trace=300000, class=java.util.TreeMap$Entry@500000a6)
	key		50001a4a
	value		500019af
	left		50001e2d
	right		50001e2c
	parent		50001e27
ARR 50001e2b (sz=40, trace=300000, nelems=20, elem type=char[])
OBJ 50001e2c (sz=40, trace=300000, class=java.util.TreeMap$Entry@500000a6)
	key		50001a4e
	value		500019b3
	left		50001e49
	right		50001e48
	parent		50001e2a
OBJ 50001e2d (sz=40, trace=300000, class=java.util.TreeMap$Entry@500000a6)
	key		50001a41
	value		5000199f
	left		50001e30
	right		50001e2f
	parent		50001e2a
ARR 50001e2e (sz=16, trace=300000, nelems=8, elem type=char[])
OBJ 50001e2f (sz=40, trace=300000, class=java.util.TreeMap$Entry@500000a6)
	key		50001a43
	value		500019a2
	left		50001e3a
	right		50001e39
	parent		50001e2d
OBJ 50001e30 (sz=40, trace=300000, class=java.util.TreeMap$Entry@500000a6)
	key		500018ad
	value		5000187a
	left		50001e33
	right		50001e32
	parent		50001e2d
ARR 50001e31 (sz=16, trace=300000, nelems=8, elem type=char[])
OBJ 50001e32 (sz=40, trace=300000, class=java.util.TreeMap$Entry@500000a6)
	key		50001a40
	value		50001983
	parent		50001e30
OBJ 50001e33 (sz=40, trace=300000, class=java.util.TreeMap$Entry@500000a6)
	key		500018ac
	value		50001846
	left		50001e35
	parent		50001e30
ARR 50001e34 (sz=38, trace=300000, nelems=19, elem type=char[])
OBJ 50001e35 (sz=40, trace=300000, class=java.util.TreeMap$Entry@500000a6)
	key		500018ab
	value		50001847
	parent		50001e33
ARR 50001e36 (sz=38, trace=300000, nelems=19, elem type=char[])
ARR 50001e37 (sz=14, trace=300000, nelems=7, elem type=char[])
ARR 50001e38 (sz=16, trace=300000, nelems=8, elem type=char[])
OBJ 50001e39 (sz=40, trace=300000, class=java.util.TreeMap$Entry@500000a6)
	key		50001a46
	value		500019a7
	left		50001e3e
	right		50001e3d
	parent		50001e2f
OBJ 50001e3a (sz=40, trace=300000, class=java.util.TreeMap$Entry@500000a6)
	key		50001a42
	value		500019a1
	parent		50001e2f
ARR 50001e3b (sz=16, trace=300000, nelems=8, elem type=char[])
ARR 50001e3c (sz=16, trace=300000, nelems=8, elem type=char[])
OBJ 50001e3d (sz=40, trace=300000, class=java.util.TreeMap$Entry@500000a6)
	key		50001a48
	value		500019a9
	left		50001e44
	right		50001e43
	parent		50001e39
OBJ 50001e3e (sz=40, trace=300000, class=java.util.TreeMap$Entry@500000a6)
	key		50001a45
	value		500019a4
	left		50001e40
	parent		50001e39
ARR 50001e3f (sz=16, trace=300000, nelems=8, elem type=char[])
OBJ 50001e40 (sz=40, trace=300000, class=java.util.TreeMap$Entry@500000a6)
	key		50001a44
	value		500019a3
	parent		50001e3e
ARR 50001e41 (sz=16, trace=300000, nelems=8, elem type=char[])
ARR 50001e42 (sz=16, trace=300000, nelems=8, elem type=char[])
OBJ 50001e43 (sz=40, trace=300000, class=java.util.TreeMap$Entry@500000a6)
	key		50001a49
	value		500019ae
	parent		50001e3d
OBJ 50001e44 (sz=40, trace=300000, class=java.util.TreeMap$Entry@500000a6)
	key		50001a47
	value		500019a8
	parent		50001e3d
ARR 50001e45 (sz=16, trace=300000, nelems=8, elem type=char[])
ARR 50001e46 (sz=16, trace=300000, nelems=8, elem type=char[])
ARR 50001e47 (sz=16, trace=300000, nelems=8, elem type=char[])
OBJ 50001e48 (sz=40, trace=300000, class=java.util.TreeMap$Entry@500000a6)
	key		50001a50
	value		500019b5
	left		50001e51
	right		50001e50
	parent		50001e2c
OBJ 50001e49 (sz=40, trace=300000, class=java.util.TreeMap$Entry@500000a6)
	key		50001a4c
	value		500019b1
	left		50001e4c
	right		50001e4b
	parent		50001e2c
ARR 50001e4a (sz=16, trace=300000, nelems=8, elem type=char[])
OBJ 50001e4b (sz=40, trace=300000, class=java.util.TreeMap$Entry@500000a6)
	key		50001a4d
	value		500019b2
	parent		50001e49
OBJ 50001e4c (sz=40, trace=300000, class=java.util.TreeMap$Entry@500000a6)
	key		50001a4b
	value		500019b0
	parent		50001e49
ARR 50001e4d (sz=16, trace=300000, nelems=8, elem type=char[])
ARR 50001e4e (sz=16, trace=300000, nelems=8, elem type=char[])
ARR 50001e4f (sz=16, trace=300000, nelems=8, elem type=char[])
OBJ 50001e50 (sz=40, trace=300000, class=java.util.TreeMap$Entry@500000a6)
	key		500018ae
	value		50001916
	left		50001e54
	parent		50001e48
OBJ 50001e51 (sz=40, trace=300000, class=java.util.TreeMap$Entry@500000a6)
	key		50001a4f
	value		500019b4
	parent		50001e48
ARR 50001e52 (sz=16, trace=300000, nelems=8, elem type=char[])
ARR 50001e53 (sz=16, trace=300000, nelems=8, elem type=char[])
OBJ 50001e54 (sz=40, trace=300000, class=java.util.TreeMap$Entry@500000a6)
	key		50001a51
	value		500019b6
	parent		50001e50
ARR 50001e55 (sz=38, trace=300000, nelems=19, elem type=char[])
ARR 50001e56 (sz=16, trace=300000, nelems=8, elem type=char[])
OBJ 50001e57 (sz=40, trace=300000, class=java.util.TreeMap$Entry@500000a6)
	key		500018ba
	value		50001858
	left		50001e62
	right		50001e61
	parent		50001e29
OBJ 50001e58 (sz=40, trace=300000, class=java.util.TreeMap$Entry@500000a6)
	key		500018b1
	value		50001858
	left		50001e5b
	right		50001e5a
	parent		50001e29
ARR 50001e59 (sz=30, trace=300000, nelems=15, elem type=char[])
OBJ 50001e5a (sz=40, trace=300000, class=java.util.TreeMap$Entry@500000a6)
	key		500018b2
	value		50001859
	right		50001e5e
	parent		50001e58
OBJ 50001e5b (sz=40, trace=300000, class=java.util.TreeMap$Entry@500000a6)
	key		500018b0
	value		50001855
	parent		50001e58
ARR 50001e5c (sz=22, trace=300000, nelems=11, elem type=char[])
ARR 50001e5d (sz=22, trace=300000, nelems=11, elem type=char[])
OBJ 50001e5e (sz=40, trace=300000, class=java.util.TreeMap$Entry@500000a6)
	key		500018b3
	value		5000185a
	parent		50001e5a
ARR 50001e5f (sz=24, trace=300000, nelems=12, elem type=char[])
ARR 50001e60 (sz=22, trace=300000, nelems=11, elem type=char[])
OBJ 50001e61 (sz=40, trace=300000, class=java.util.TreeMap$Entry@500000a6)
	key		500018b8
	value		50001895
	parent		50001e57
OBJ 50001e62 (sz=40, trace=300000, class=java.util.TreeMap$Entry@500000a6)
	key		500018b6
	value		5000185c
	left		50001e65
	right		50001e64
	parent		50001e57
ARR 50001e63 (sz=26, trace=300000, nelems=13, elem type=char[])
OBJ 50001e64 (sz=40, trace=300000, class=java.util.TreeMap$Entry@500000a6)
	key		500018b7
	value		5000185d
	parent		50001e62
OBJ 50001e65 (sz=40, trace=300000, class=java.util.TreeMap$Entry@500000a6)
	key		500018b5
	value		5000185b
	parent		50001e62
ARR 50001e66 (sz=32, trace=300000, nelems=16, elem type=char[])
ARR 50001e67 (sz=22, trace=300000, nelems=11, elem type=char[])
ARR 50001e68 (sz=32, trace=300000, nelems=16, elem type=char[])
ARR 50001e69 (sz=20, trace=300000, nelems=10, elem type=char[])
OBJ 50001e6a (sz=40, trace=300000, class=java.util.TreeMap$Entry@500000a6)
	key		500018c1
	value		50001914
	left		50001eaf
	right		50001eae
	parent		50001e26
OBJ 50001e6b (sz=40, trace=300000, class=java.util.TreeMap$Entry@500000a6)
	key		50001a62
	value		5000197b
	left		50001e6e
	right		50001e6d
	parent		50001e26
ARR 50001e6c (sz=12, trace=300000, nelems=6, elem type=char[])
OBJ 50001e6d (sz=40, trace=300000, class=java.util.TreeMap$Entry@500000a6)
	key		50001a6d
	value		5000199f
	left		50001e90
	right		50001e8f
	parent		50001e6b
OBJ 50001e6e (sz=40, trace=300000, class=java.util.TreeMap$Entry@500000a6)
	key		50001a5e
	value		50001983
	left		50001e71
	right		50001e70
	parent		50001e6b
ARR 50001e6f (sz=36, trace=300000, nelems=18, elem type=char[])
OBJ 50001e70 (sz=40, trace=300000, class=java.util.TreeMap$Entry@500000a6)
	key		50001a60
	value		500019b5
	left		50001e8b
	right		50001e8a
	parent		50001e6e
OBJ 50001e71 (sz=40, trace=300000, class=java.util.TreeMap$Entry@500000a6)
	key		50001a57
	value		500019a4
	left		50001e74
	right		50001e73
	parent		50001e6e
ARR 50001e72 (sz=24, trace=300000, nelems=12, elem type=char[])
OBJ 50001e73 (sz=40, trace=300000, class=java.util.TreeMap$Entry@500000a6)
	key		50001a5b
	value		50001983
	left		50001e80
	right		50001e7f
	parent		50001e71
OBJ 50001e74 (sz=40, trace=300000, class=java.util.TreeMap$Entry@500000a6)
	key		50001a55
	value		50001983
	left		50001e77
	right		50001e76
	parent		50001e71
ARR 50001e75 (sz=24, trace=300000, nelems=12, elem type=char[])
OBJ 50001e76 (sz=40, trace=300000, class=java.util.TreeMap$Entry@500000a6)
	key		50001a56
	value		500019a9
	parent		50001e74
OBJ 50001e77 (sz=40, trace=300000, class=java.util.TreeMap$Entry@500000a6)
	key		50001a53
	value		500019b8
	left		50001e7a
	right		50001e79
	parent		50001e74
ARR 50001e78 (sz=24, trace=300000, nelems=12, elem type=char[])
OBJ 50001e79 (sz=40, trace=300000, class=java.util.TreeMap$Entry@500000a6)
	key		50001a54
	value		500019a9
	parent		50001e77
OBJ 50001e7a (sz=40, trace=300000, class=java.util.TreeMap$Entry@500000a6)
	key		50001a52
	value		500019a7
	parent		50001e77
ARR 50001e7b (sz=26, trace=300000, nelems=13, elem type=char[])
ARR 50001e7c (sz=26, trace=300000, nelems=13, elem type=char[])
ARR 50001e7d (sz=24, trace=300000, nelems=12, elem type=char[])
ARR 50001e7e (sz=24, trace=300000, nelems=12, elem type=char[])
OBJ 50001e7f (sz=40, trace=300000, class=java.util.TreeMap$Entry@500000a6)
	key		50001a5d
	value		5000199f
	left		50001e87
	parent		50001e73
OBJ 50001e80 (sz=40, trace=300000, class=java.util.TreeMap$Entry@500000a6)
	key		50001a59
	value		500019a8
	left		50001e83
	right		50001e82
	parent		50001e73
ARR 50001e81 (sz=24, trace=300000, nelems=12, elem type=char[])
OBJ 50001e82 (sz=40, trace=300000, class=java.util.TreeMap$Entry@500000a6)
	key		50001a5a
	value		500019b6
	parent		50001e80
OBJ 50001e83 (sz=40, trace=300000, class=java.util.TreeMap$Entry@500000a6)
	key		50001a58
	value		500019a2
	parent		50001e80
ARR 50001e84 (sz=24, trace=300000, nelems=12, elem type=char[])
ARR 50001e85 (sz=24, trace=300000, nelems=12, elem type=char[])
ARR 50001e86 (sz=24, trace=300000, nelems=12, elem type=char[])
OBJ 50001e87 (sz=40, trace=300000, class=java.util.TreeMap$Entry@500000a6)
	key		50001a5c
	value		500019b5
	parent		50001e7f
ARR 50001e88 (sz=24, trace=300000, nelems=12, elem type=char[])
ARR 50001e89 (sz=30, trace=300000, nelems=15, elem type=char[])
OBJ 50001e8a (sz=40, trace=300000, class=java.util.TreeMap$Entry@500000a6)
	key		50001a61
	value		5000197a
	parent		50001e70
OBJ 50001e8b (sz=40, trace=300000, class=java.util.TreeMap$Entry@500000a6)
	key		50001a5f
	value		50001983
	parent		50001e70
ARR 50001e8c (sz=24, trace=300000, nelems=12, elem type=char[])
ARR 50001e8d (sz=24, trace=300000, nelems=12, elem type=char[])
ARR 50001e8e (sz=36, trace=300000, nelems=18, elem type=char[])
OBJ 50001e8f (sz=40, trace=300000, class=java.util.TreeMap$Entry@500000a6)
	key		500018bb
	value		50001852
	left		50001ea8
	right		50001ea7
	parent		50001e6d
OBJ 50001e90 (sz=40, trace=300000, class=java.util.TreeMap$Entry@500000a6)
	key		50001a68
	value		50001981
	left		50001e93
	right		50001e92
	parent		50001e6d
ARR 50001e91 (sz=18, trace=300000, nelems=9, elem type=char[])
OBJ 50001e92 (sz=40, trace=300000, class=java.util.TreeMap$Entry@500000a6)
	key		50001a6a
	value		5000197b
	left		50001e9f
	right		50001e9e
	parent		50001e90
OBJ 50001e93 (sz=40, trace=300000, class=java.util.TreeMap$Entry@500000a6)
	key		50001a66
	value		500019a2
	left		50001e96
	right		50001e95
	parent		50001e90
ARR 50001e94 (sz=58, trace=300000, nelems=29, elem type=char[])
OBJ 50001e95 (sz=40, trace=300000, class=java.util.TreeMap$Entry@500000a6)
	key		50001a67
	value		5000197f
	parent		50001e93
OBJ 50001e96 (sz=40, trace=300000, class=java.util.TreeMap$Entry@500000a6)
	key		50001a64
	value		5000197c
	left		50001e99
	right		50001e98
	parent		50001e93
ARR 50001e97 (sz=18, trace=300000, nelems=9, elem type=char[])
OBJ 50001e98 (sz=40, trace=300000, class=java.util.TreeMap$Entry@500000a6)
	key		50001a65
	value		50001980
	parent		50001e96
OBJ 50001e99 (sz=40, trace=300000, class=java.util.TreeMap$Entry@500000a6)
	key		50001a63
	value		5000197e
	parent		50001e96
ARR 50001e9a (sz=36, trace=300000, nelems=18, elem type=char[])
ARR 50001e9b (sz=36, trace=300000, nelems=18, elem type=char[])
ARR 50001e9c (sz=36, trace=300000, nelems=18, elem type=char[])
ARR 50001e9d (sz=36, trace=300000, nelems=18, elem type=char[])
OBJ 50001e9e (sz=40, trace=300000, class=java.util.TreeMap$Entry@500000a6)
	key		50001a6c
	value		5000197c
	left		50001ea4
	parent		50001e92
OBJ 50001e9f (sz=40, trace=300000, class=java.util.TreeMap$Entry@500000a6)
	key		50001a69
	value		5000197d
	right		50001ea1
	parent		50001e92
ARR 50001ea0 (sz=36, trace=300000, nelems=18, elem type=char[])
OBJ 50001ea1 (sz=40, trace=300000, class=java.util.TreeMap$Entry@500000a6)
	key		50001977
	value		500019a3
	parent		50001e9f
ARR 50001ea2 (sz=36, trace=300000, nelems=18, elem type=char[])
ARR 50001ea3 (sz=28, trace=300000, nelems=14, elem type=char[])
OBJ 50001ea4 (sz=40, trace=300000, class=java.util.TreeMap$Entry@500000a6)
	key		50001a6b
	value		50001982
	parent		50001e9e
ARR 50001ea5 (sz=36, trace=300000, nelems=18, elem type=char[])
ARR 50001ea6 (sz=34, trace=300000, nelems=17, elem type=char[])
OBJ 50001ea7 (sz=40, trace=300000, class=java.util.TreeMap$Entry@500000a6)
	key		500018bc
	value		50001923
	parent		50001e8f
OBJ 50001ea8 (sz=40, trace=300000, class=java.util.TreeMap$Entry@500000a6)
	key		50001845
	value		5000185c
	left		50001eaa
	parent		50001e8f
ARR 50001ea9 (sz=12, trace=300000, nelems=6, elem type=char[])
OBJ 50001eaa (sz=40, trace=300000, class=java.util.TreeMap$Entry@500000a6)
	key		50001a6e
	value		50001979
	parent		50001ea8
ARR 50001eab (sz=16, trace=300000, nelems=8, elem type=char[])
ARR 50001eac (sz=36, trace=300000, nelems=18, elem type=char[])
ARR 50001ead (sz=24, trace=300000, nelems=12, elem type=char[])
OBJ 50001eae (sz=40, trace=300000, class=java.util.TreeMap$Entry@500000a6)
	key		500018c3
	value		50001846
	left		50001eba
	right		50001eb9
	parent		50001e6a
OBJ 50001eaf (sz=40, trace=300000, class=java.util.TreeMap$Entry@500000a6)
	key		500018be
	value		50001846
	left		50001eb2
	right		50001eb1
	parent		50001e6a
ARR 50001eb0 (sz=12, trace=300000, nelems=6, elem type=char[])
OBJ 50001eb1 (sz=40, trace=300000, class=java.util.TreeMap$Entry@500000a6)
	key		5000184d
	value		50001925
	left		50001eb5
	right		50001eb4
	parent		50001eaf
OBJ 50001eb2 (sz=40, trace=300000, class=java.util.TreeMap$Entry@500000a6)
	key		50001849
	value		50001852
	parent		50001eaf
ARR 50001eb3 (sz=12, trace=300000, nelems=6, elem type=char[])
OBJ 50001eb4 (sz=40, trace=300000, class=java.util.TreeMap$Entry@500000a6)
	key		500018c0
	value		50001847
	parent		50001eb1
OBJ 50001eb5 (sz=40, trace=300000, class=java.util.TreeMap$Entry@500000a6)
	key		500018bf
	value		50001923
	parent		50001eb1
ARR 50001eb6 (sz=28, trace=300000, nelems=14, elem type=char[])
ARR 50001eb7 (sz=24, trace=300000, nelems=12, elem type=char[])
ARR 50001eb8 (sz=12, trace=300000, nelems=6, elem type=char[])
OBJ 50001eb9 (sz=40, trace=300000, class=java.util.TreeMap$Entry@500000a6)
	key		500018c6
	value		50001914
	left		50001ebe
	right		50001ebd
	parent		50001eae
OBJ 50001eba (sz=40, trace=300000, class=java.util.TreeMap$Entry@500000a6)
	key		500018c2
	value		50001852
	parent		50001eae
ARR 50001ebb (sz=12, trace=300000, nelems=6, elem type=char[])
ARR 50001ebc (sz=10, trace=300000, nelems=5, elem type=char[])
OBJ 50001ebd (sz=40, trace=300000, class=java.util.TreeMap$Entry@500000a6)
	key		50001850
	value		50001846
	parent		50001eb9
OBJ 50001ebe (sz=40, trace=300000, class=java.util.TreeMap$Entry@500000a6)
	key		500018bd
	value		50001925
	left		50001ec1
	right		50001ec0
	parent		50001eb9
ARR 50001ebf (sz=10, trace=300000, nelems=5, elem type=char[])
OBJ 50001ec0 (sz=40, trace=300000, class=java.util.TreeMap$Entry@500000a6)
	key		500018c5
	value		50001847
	parent		50001ebe
OBJ 50001ec1 (sz=40, trace=300000, class=java.util.TreeMap$Entry@500000a6)
	key		500018c4
	value		50001846
	parent		50001ebe
ARR 50001ec2 (sz=20, trace=300000, nelems=10, elem type=char[])
ARR 50001ec3 (sz=10, trace=300000, nelems=5, elem type=char[])
ARR 50001ec4 (sz=10, trace=300000, nelems=5, elem type=char[])
ARR 50001ec5 (sz=90, trace=300000, nelems=45, elem type=char[])
OBJ 50001ec6 (sz=40, trace=300000, class=java.util.TreeMap$Entry@500000a6)
	key		500018f1
	value		5000192a
	left		50001ff2
	right		50001ff1
	parent		50001c93
OBJ 50001ec7 (sz=40, trace=300000, class=java.util.TreeMap$Entry@500000a6)
	key		500018d0
	value		5000185b
	left		50001eca
	right		50001ec9
	parent		50001c93
ARR 50001ec8 (sz=20, trace=300000, nelems=10, elem type=char[])
OBJ 50001ec9 (sz=40, trace=300000, class=java.util.TreeMap$Entry@500000a6)
	key		50001854
	value		50001916
	left		50001fb2
	right		50001fb1
	parent		50001ec7
OBJ 50001eca (sz=40, trace=300000, class=java.util.TreeMap$Entry@500000a6)
	key		50001aa7
	value		50001b08
	left		50001ecd
	right		50001ecc
	parent		50001ec7
ARR 50001ecb (sz=12, trace=300000, nelems=6, elem type=char[])
OBJ 50001ecc (sz=40, trace=300000, class=java.util.TreeMap$Entry@500000a6)
	key		50001ab9
	value		50001af4
	left		50001f4d
	right		50001f4c
	parent		50001eca
OBJ 50001ecd (sz=40, trace=300000, class=java.util.TreeMap$Entry@500000a6)
	key		50001a95
	value		500019b0
	left		50001ed0
	right		50001ecf
	parent		50001eca
ARR 50001ece (sz=14, trace=300000, nelems=7, elem type=char[])
OBJ 50001ecf (sz=40, trace=300000, class=java.util.TreeMap$Entry@500000a6)
	key		500018cd
	value		5000185b
	left		50001f28
	right		50001f27
	parent		50001ecd
OBJ 50001ed0 (sz=40, trace=300000, class=java.util.TreeMap$Entry@500000a6)
	key		50001a79
	value		50001af4
	left		50001ed3
	right		50001ed2
	parent		50001ecd
ARR 50001ed1 (sz=14, trace=300000, nelems=7, elem type=char[])
OBJ 50001ed2 (sz=40, trace=300000, class=java.util.TreeMap$Entry@500000a6)
	key		50001a8a
	value		50001983
	left		50001ef3
	right		50001ef2
	parent		50001ed0
OBJ 50001ed3 (sz=40, trace=300000, class=java.util.TreeMap$Entry@500000a6)
	key		500018cc
	value		5000185c
	left		50001ed6
	right		50001ed5
	parent		50001ed0
ARR 50001ed4 (sz=16, trace=300000, nelems=8, elem type=char[])
OBJ 50001ed5 (sz=40, trace=300000, class=java.util.TreeMap$Entry@500000a6)
	key		50001a77
	value		50001af2
	left		50001eec
	right		50001eeb
	parent		50001ed3
OBJ 50001ed6 (sz=40, trace=300000, class=java.util.TreeMap$Entry@500000a6)
	key		50001a70
	value		50001aed
	left		50001ed9
	right		50001ed8
	parent		50001ed3
ARR 50001ed7 (sz=16, trace=300000, nelems=8, elem type=char[])
OBJ 50001ed8 (sz=40, trace=300000, class=java.util.TreeMap$Entry@500000a6)
	key		50001a73
	value		50001aef
	left		50001ee5
	right		50001ee4
	parent		50001ed6
OBJ 50001ed9 (sz=40, trace=300000, class=java.util.TreeMap$Entry@500000a6)
	key		500018ca
	value		50001852
	left		50001edc
	right		50001edb
	parent		50001ed6
ARR 50001eda (sz=16, trace=300000, nelems=8, elem type=char[])
OBJ 50001edb (sz=40, trace=300000, class=java.util.TreeMap$Entry@500000a6)
	key		500018cb
	value		5000185d
	right		50001ee1
	parent		50001ed9
OBJ 50001edc (sz=40, trace=300000, class=java.util.TreeMap$Entry@500000a6)
	key		500018c8
	value		50001852
	right		50001ede
	parent		50001ed9
ARR 50001edd (sz=18, trace=300000, nelems=9, elem type=char[])
OBJ 50001ede (sz=40, trace=300000, class=java.util.TreeMap$Entry@500000a6)
	key		500018c9
	value		50001852
	parent		50001edc
ARR 50001edf (sz=12, trace=300000, nelems=6, elem type=char[])
ARR 50001ee0 (sz=22, trace=300000, nelems=11, elem type=char[])
OBJ 50001ee1 (sz=40, trace=300000, class=java.util.TreeMap$Entry@500000a6)
	key		50001a6f
	value		50001983
	parent		50001edb
ARR 50001ee2 (sz=12, trace=300000, nelems=6, elem type=char[])
ARR 50001ee3 (sz=14, trace=300000, nelems=7, elem type=char[])
OBJ 50001ee4 (sz=40, trace=300000, class=java.util.TreeMap$Entry@500000a6)
	key		50001a74
	value		50001988
	parent		50001ed8
OBJ 50001ee5 (sz=40, trace=300000, class=java.util.TreeMap$Entry@500000a6)
	key		50001a71
	value		50001aee
	right		50001ee7
	parent		50001ed8
ARR 50001ee6 (sz=16, trace=300000, nelems=8, elem type=char[])
OBJ 50001ee7 (sz=40, trace=300000, class=java.util.TreeMap$Entry@500000a6)
	key		50001a72
	value		50001986
	parent		50001ee5
ARR 50001ee8 (sz=16, trace=300000, nelems=8, elem type=char[])
ARR 50001ee9 (sz=16, trace=300000, nelems=8, elem type=char[])
ARR 50001eea (sz=16, trace=300000, nelems=8, elem type=char[])
OBJ 50001eeb (sz=40, trace=300000, class=java.util.TreeMap$Entry@500000a6)
	key		50001a78
	value		50001af3
	parent		50001ed5
OBJ 50001eec (sz=40, trace=300000, class=java.util.TreeMap$Entry@500000a6)
	key		50001a76
	value		50001af1
	left		50001eee
	parent		50001ed5
ARR 50001eed (sz=16, trace=300000, nelems=8, elem type=char[])
OBJ 50001eee (sz=40, trace=300000, class=java.util.TreeMap$Entry@500000a6)
	key		50001a75
	value		50001af0
	parent		50001eec
ARR 50001eef (sz=16, trace=300000, nelems=8, elem type=char[])
ARR 50001ef0 (sz=16, trace=300000, nelems=8, elem type=char[])
ARR 50001ef1 (sz=16, trace=300000, nelems=8, elem type=char[])
OBJ 50001ef2 (sz=40, trace=300000, class=java.util.TreeMap$Entry@500000a6)
	key		50001a8f
	value		50001afc
	left		50001f15
	right		50001f14
	parent		50001ed2
OBJ 50001ef3 (sz=40, trace=300000, class=java.util.TreeMap$Entry@500000a6)
	key		50001a80
	value		5000199e
	left		50001ef6
	right		50001ef5
	parent		50001ed2
ARR 50001ef4 (sz=12, trace=300000, nelems=6, elem type=char[])
OBJ 50001ef5 (sz=40, trace=300000, class=java.util.TreeMap$Entry@500000a6)
	key		50001a84
	value		500019a2
	left		50001f04
	right		50001f03
	parent		50001ef3
OBJ 50001ef6 (sz=40, trace=300000, class=java.util.TreeMap$Entry@500000a6)
	key		50001a7c
	value		50001af7
	left		50001ef9
	right		50001ef8
	parent		50001ef3
ARR 50001ef7 (sz=14, trace=300000, nelems=7, elem type=char[])
OBJ 50001ef8 (sz=40, trace=300000, class=java.util.TreeMap$Entry@500000a6)
	key		50001a7e
	value		50001af9
	left		50001eff
	right		50001efe
	parent		50001ef6
OBJ 50001ef9 (sz=40, trace=300000, class=java.util.TreeMap$Entry@500000a6)
	key		50001a7a
	value		50001af5
	right		50001efb
	parent		50001ef6
ARR 50001efa (sz=16, trace=300000, nelems=8, elem type=char[])
OBJ 50001efb (sz=40, trace=300000, class=java.util.TreeMap$Entry@500000a6)
	key		50001a7b
	value		50001af6
	parent		50001ef9
ARR 50001efc (sz=16, trace=300000, nelems=8, elem type=char[])
ARR 50001efd (sz=16, trace=300000, nelems=8, elem type=char[])
OBJ 50001efe (sz=40, trace=300000, class=java.util.TreeMap$Entry@500000a6)
	key		50001a7f
	value		5000199d
	parent		50001ef8
OBJ 50001eff (sz=40, trace=300000, class=java.util.TreeMap$Entry@500000a6)
	key		50001a7d
	value		50001af8
	parent		50001ef8
ARR 50001f00 (sz=16, trace=300000, nelems=8, elem type=char[])
ARR 50001f01 (sz=16, trace=300000, nelems=8, elem type=char[])
ARR 50001f02 (sz=14, trace=300000, nelems=7, elem type=char[])
OBJ 50001f03 (sz=40, trace=300000, class=java.util.TreeMap$Entry@500000a6)
	key		50001a88
	value		50001afb
	left		50001f0c
	right		50001f0b
	parent		50001ef5
OBJ 50001f04 (sz=40, trace=300000, class=java.util.TreeMap$Entry@500000a6)
	key		50001a82
	value		500019a0
	left		50001f07
	right		50001f06
	parent		50001ef5
ARR 50001f05 (sz=14, trace=300000, nelems=7, elem type=char[])
OBJ 50001f06 (sz=40, trace=300000, class=java.util.TreeMap$Entry@500000a6)
	key		50001a83
	value		500019a1
	parent		50001f04
OBJ 50001f07 (sz=40, trace=300000, class=java.util.TreeMap$Entry@500000a6)
	key		50001a81
	value		5000199f
	parent		50001f04
ARR 50001f08 (sz=14, trace=300000, nelems=7, elem type=char[])
ARR 50001f09 (sz=14, trace=300000, nelems=7, elem type=char[])
ARR 50001f0a (sz=14, trace=300000, nelems=7, elem type=char[])
OBJ 50001f0b (sz=40, trace=300000, class=java.util.TreeMap$Entry@500000a6)
	key		50001a89
	value		50001afb
	parent		50001f03
OBJ 50001f0c (sz=40, trace=300000, class=java.util.TreeMap$Entry@500000a6)
	key		50001a86
	value		500019a4
	left		50001f0f
	right		50001f0e
	parent		50001f03
ARR 50001f0d (sz=18, trace=300000, nelems=9, elem type=char[])
OBJ 50001f0e (sz=40, trace=300000, class=java.util.TreeMap$Entry@500000a6)
	key		50001a87
	value		50001afa
	parent		50001f0c
OBJ 50001f0f (sz=40, trace=300000, class=java.util.TreeMap$Entry@500000a6)
	key		50001a85
	value		500019a3
	parent		50001f0c
ARR 50001f10 (sz=14, trace=300000, nelems=7, elem type=char[])
ARR 50001f11 (sz=14, trace=300000, nelems=7, elem type=char[])
ARR 50001f12 (sz=14, trace=300000, nelems=7, elem type=char[])
ARR 50001f13 (sz=42, trace=300000, nelems=21, elem type=char[])
OBJ 50001f14 (sz=40, trace=300000, class=java.util.TreeMap$Entry@500000a6)
	key		50001a93
	value		500019ae
	left		50001f1f
	right		50001f1e
	parent		50001ef2
OBJ 50001f15 (sz=40, trace=300000, class=java.util.TreeMap$Entry@500000a6)
	key		50001a8c
	value		500019a8
	left		50001f18
	right		50001f17
	parent		50001ef2
ARR 50001f16 (sz=14, trace=300000, nelems=7, elem type=char[])
OBJ 50001f17 (sz=40, trace=300000, class=java.util.TreeMap$Entry@500000a6)
	key		50001a8d
	value		500019a9
	right		50001f1b
	parent		50001f15
OBJ 50001f18 (sz=40, trace=300000, class=java.util.TreeMap$Entry@500000a6)
	key		50001a8b
	value		500019a7
	parent		50001f15
ARR 50001f19 (sz=14, trace=300000, nelems=7, elem type=char[])
ARR 50001f1a (sz=14, trace=300000, nelems=7, elem type=char[])
OBJ 50001f1b (sz=40, trace=300000, class=java.util.TreeMap$Entry@500000a6)
	key		50001a8e
	value		50001afb
	parent		50001f17
ARR 50001f1c (sz=14, trace=300000, nelems=7, elem type=char[])
ARR 50001f1d (sz=16, trace=300000, nelems=8, elem type=char[])
OBJ 50001f1e (sz=40, trace=300000, class=java.util.TreeMap$Entry@500000a6)
	key		50001a94
	value		500019af
	parent		50001f14
OBJ 50001f1f (sz=40, trace=300000, class=java.util.TreeMap$Entry@500000a6)
	key		50001a91
	value		50001978
	left		50001f22
	right		50001f21
	parent		50001f14
ARR 50001f20 (sz=14, trace=300000, nelems=7, elem type=char[])
OBJ 50001f21 (sz=40, trace=300000, class=java.util.TreeMap$Entry@500000a6)
	key		50001a92
	value		50001afe
	parent		50001f1f
OBJ 50001f22 (sz=40, trace=300000, class=java.util.TreeMap$Entry@500000a6)
	key		50001a90
	value		50001afd
	parent		50001f1f
ARR 50001f23 (sz=14, trace=300000, nelems=7, elem type=char[])
ARR 50001f24 (sz=14, trace=300000, nelems=7, elem type=char[])
ARR 50001f25 (sz=14, trace=300000, nelems=7, elem type=char[])
ARR 50001f26 (sz=14, trace=300000, nelems=7, elem type=char[])
OBJ 50001f27 (sz=40, trace=300000, class=java.util.TreeMap$Entry@500000a6)
	key		50001aa0
	value		50001b02
	left		50001f38
	right		50001f37
	parent		50001ecf
OBJ 50001f28 (sz=40, trace=300000, class=java.util.TreeMap$Entry@500000a6)
	key		50001a97
	value		500019b2
	left		50001f2b
	right		50001f2a
	parent		50001ecf
ARR 50001f29 (sz=14, trace=300000, nelems=7, elem type=char[])
OBJ 50001f2a (sz=40, trace=300000, class=java.util.TreeMap$Entry@500000a6)
	key		50001a99
	value		500019b4
	left		50001f2f
	right		50001f2e
	parent		50001f28
OBJ 50001f2b (sz=40, trace=300000, class=java.util.TreeMap$Entry@500000a6)
	key		50001a96
	value		500019b1
	parent		50001f28
ARR 50001f2c (sz=14, trace=300000, nelems=7, elem type=char[])
ARR 50001f2d (sz=14, trace=300000, nelems=7, elem type=char[])
OBJ 50001f2e (sz=40, trace=300000, class=java.util.TreeMap$Entry@500000a6)
	key		50001a9b
	value		500019b6
	left		50001f33
	right		50001f32
	parent		50001f2a
OBJ 50001f2f (sz=40, trace=300000, class=java.util.TreeMap$Entry@500000a6)
	key		50001a98
	value		500019b3
	parent		50001f2a
ARR 50001f30 (sz=14, trace=300000, nelems=7, elem type=char[])
ARR 50001f31 (sz=14, trace=300000, nelems=7, elem type=char[])
OBJ 50001f32 (sz=40, trace=300000, class=java.util.TreeMap$Entry@500000a6)
	key		50001a9c
	value		50001aff
	parent		50001f2e
OBJ 50001f33 (sz=40, trace=300000, class=java.util.TreeMap$Entry@500000a6)
	key		50001a9a
	value		500019b5
	parent		50001f2e
ARR 50001f34 (sz=14, trace=300000, nelems=7, elem type=char[])
ARR 50001f35 (sz=14, trace=300000, nelems=7, elem type=char[])
ARR 50001f36 (sz=14, trace=300000, nelems=7, elem type=char[])
OBJ 50001f37 (sz=40, trace=300000, class=java.util.TreeMap$Entry@500000a6)
	key		50001aa5
	value		50001915
	left		50001f42
	right		50001f41
	parent		50001f27
OBJ 50001f38 (sz=40, trace=300000, class=java.util.TreeMap$Entry@500000a6)
	key		50001a9d
	value		500019b8
	left		50001f3b
	right		50001f3a
	parent		50001f27
ARR 50001f39 (sz=14, trace=300000, nelems=7, elem type=char[])
OBJ 50001f3a (sz=40, trace=300000, class=java.util.TreeMap$Entry@500000a6)
	key		50001a9e
	value		50001b00
	right		50001f3e
	parent		50001f38
OBJ 50001f3b (sz=40, trace=300000, class=java.util.TreeMap$Entry@500000a6)
	key		500018ce
	value		5000185d
	parent		50001f38
ARR 50001f3c (sz=14, trace=300000, nelems=7, elem type=char[])
ARR 50001f3d (sz=14, trace=300000, nelems=7, elem type=char[])
OBJ 50001f3e (sz=40, trace=300000, class=java.util.TreeMap$Entry@500000a6)
	key		50001a9f
	value		50001b01
	parent		50001f3a
ARR 50001f3f (sz=14, trace=300000, nelems=7, elem type=char[])
ARR 50001f40 (sz=14, trace=300000, nelems=7, elem type=char[])
OBJ 50001f41 (sz=40, trace=300000, class=java.util.TreeMap$Entry@500000a6)
	key		50001aa6
	value		50001b07
	parent		50001f37
OBJ 50001f42 (sz=40, trace=300000, class=java.util.TreeMap$Entry@500000a6)
	key		50001aa3
	value		50001b05
	left		50001f45
	right		50001f44
	parent		50001f37
ARR 50001f43 (sz=14, trace=300000, nelems=7, elem type=char[])
OBJ 50001f44 (sz=40, trace=300000, class=java.util.TreeMap$Entry@500000a6)
	key		50001aa4
	value		50001b06
	parent		50001f42
OBJ 50001f45 (sz=40, trace=300000, class=java.util.TreeMap$Entry@500000a6)
	key		50001aa2
	value		50001b04
	left		50001f47
	parent		50001f42
ARR 50001f46 (sz=14, trace=300000, nelems=7, elem type=char[])
OBJ 50001f47 (sz=40, trace=300000, class=java.util.TreeMap$Entry@500000a6)
	key		50001aa1
	value		50001b03
	parent		50001f45
ARR 50001f48 (sz=14, trace=300000, nelems=7, elem type=char[])
ARR 50001f49 (sz=14, trace=300000, nelems=7, elem type=char[])
ARR 50001f4a (sz=14, trace=300000, nelems=7, elem type=char[])
ARR 50001f4b (sz=16, trace=300000, nelems=8, elem type=char[])
OBJ 50001f4c (sz=40, trace=300000, class=java.util.TreeMap$Entry@500000a6)
	key		50001ac4
	value		500019a2
	left		50001f73
	right		50001f72
	parent		50001ecc
OBJ 50001f4d (sz=40, trace=300000, class=java.util.TreeMap$Entry@500000a6)
	key		500018cf
	value		5000185c
	left		50001f50
	right		50001f4f
	parent		50001ecc
ARR 50001f4e (sz=14, trace=300000, nelems=7, elem type=char[])
OBJ 50001f4f (sz=40, trace=300000, class=java.util.TreeMap$Entry@500000a6)
	key		50001ab7
	value		50001af2
	left		50001f6c
	right		50001f6b
	parent		50001f4d
OBJ 50001f50 (sz=40, trace=300000, class=java.util.TreeMap$Entry@500000a6)
	key		50001aac
	value		50001b0d
	left		50001f53
	right		50001f52
	parent		50001f4d
ARR 50001f51 (sz=14, trace=300000, nelems=7, elem type=char[])
OBJ 50001f52 (sz=40, trace=300000, class=java.util.TreeMap$Entry@500000a6)
	key		50001ab1
	value		50001aed
	left		50001f5d
	right		50001f5c
	parent		50001f50
OBJ 50001f53 (sz=40, trace=300000, class=java.util.TreeMap$Entry@500000a6)
	key		50001aa9
	value		50001b0a
	left		50001f56
	right		50001f55
	parent		50001f50
ARR 50001f54 (sz=14, trace=300000, nelems=7, elem type=char[])
OBJ 50001f55 (sz=40, trace=300000, class=java.util.TreeMap$Entry@500000a6)
	key		50001aaa
	value		50001b0b
	right		50001f59
	parent		50001f53
OBJ 50001f56 (sz=40, trace=300000, class=java.util.TreeMap$Entry@500000a6)
	key		50001aa8
	value		50001b09
	parent		50001f53
ARR 50001f57 (sz=14, trace=300000, nelems=7, elem type=char[])
ARR 50001f58 (sz=16, trace=300000, nelems=8, elem type=char[])
OBJ 50001f59 (sz=40, trace=300000, class=java.util.TreeMap$Entry@500000a6)
	key		50001aab
	value		50001b0c
	parent		50001f55
ARR 50001f5a (sz=14, trace=300000, nelems=7, elem type=char[])
ARR 50001f5b (sz=16, trace=300000, nelems=8, elem type=char[])
OBJ 50001f5c (sz=40, trace=300000, class=java.util.TreeMap$Entry@500000a6)
	key		50001ab3
	value		50001986
	left		50001f67
	right		50001f66
	parent		50001f52
OBJ 50001f5d (sz=40, trace=300000, class=java.util.TreeMap$Entry@500000a6)
	key		50001aaf
	value		50001b0f
	left		50001f60
	right		50001f5f
	parent		50001f52
ARR 50001f5e (sz=14, trace=300000, nelems=7, elem type=char[])
OBJ 50001f5f (sz=40, trace=300000, class=java.util.TreeMap$Entry@500000a6)
	key		50001ab0
	value		50001983
	parent		50001f5d
OBJ 50001f60 (sz=40, trace=300000, class=java.util.TreeMap$Entry@500000a6)
	key		50001aae
	value		50001b0f
	left		50001f62
	parent		50001f5d
ARR 50001f61 (sz=18, trace=300000, nelems=9, elem type=char[])
OBJ 50001f62 (sz=40, trace=300000, class=java.util.TreeMap$Entry@500000a6)
	key		50001aad
	value		50001b0e
	parent		50001f60
ARR 50001f63 (sz=14, trace=300000, nelems=7, elem type=char[])
ARR 50001f64 (sz=14, trace=300000, nelems=7, elem type=char[])
ARR 50001f65 (sz=12, trace=300000, nelems=6, elem type=char[])
OBJ 50001f66 (sz=40, trace=300000, class=java.util.TreeMap$Entry@500000a6)
	key		50001ab4
	value		50001aef
	parent		50001f5c
OBJ 50001f67 (sz=40, trace=300000, class=java.util.TreeMap$Entry@500000a6)
	key		50001ab2
	value		50001aee
	parent		50001f5c
ARR 50001f68 (sz=14, trace=300000, nelems=7, elem type=char[])
ARR 50001f69 (sz=14, trace=300000, nelems=7, elem type=char[])
ARR 50001f6a (sz=14, trace=300000, nelems=7, elem type=char[])
OBJ 50001f6b (sz=40, trace=300000, class=java.util.TreeMap$Entry@500000a6)
	key		50001ab8
	value		50001af3
	parent		50001f4f
OBJ 50001f6c (sz=40, trace=300000, class=java.util.TreeMap$Entry@500000a6)
	key		50001ab6
	value		50001af1
	left		50001f6e
	parent		50001f4f
ARR 50001f6d (sz=14, trace=300000, nelems=7, elem type=char[])
OBJ 50001f6e (sz=40, trace=300000, class=java.util.TreeMap$Entry@500000a6)
	key		50001ab5
	value		50001af0
	parent		50001f6c
ARR 50001f6f (sz=14, trace=300000, nelems=7, elem type=char[])
ARR 50001f70 (sz=14, trace=300000, nelems=7, elem type=char[])
ARR 50001f71 (sz=14, trace=300000, nelems=7, elem type=char[])
OBJ 50001f72 (sz=40, trace=300000, class=java.util.TreeMap$Entry@500000a6)
	key		50001ad2
	value		500019b0
	left		50001f89
	right		50001f88
	parent		50001f4c
OBJ 50001f73 (sz=40, trace=300000, class=java.util.TreeMap$Entry@500000a6)
	key		50001ac0
	value		5000199e
	left		50001f76
	right		50001f75
	parent		50001f4c
ARR 50001f74 (sz=12, trace=300000, nelems=6, elem type=char[])
OBJ 50001f75 (sz=40, trace=300000, class=java.util.TreeMap$Entry@500000a6)
	key		50001ac2
	value		500019a0
	left		50001f84
	right		50001f83
	parent		50001f73
OBJ 50001f76 (sz=40, trace=300000, class=java.util.TreeMap$Entry@500000a6)
	key		50001abc
	value		50001af7
	left		50001f79
	right		50001f78
	parent		50001f73
ARR 50001f77 (sz=12, trace=300000, nelems=6, elem type=char[])
OBJ 50001f78 (sz=40, trace=300000, class=java.util.TreeMap$Entry@500000a6)
	key		50001abe
	value		50001af9
	left		50001f7f
	right		50001f7e
	parent		50001f76
OBJ 50001f79 (sz=40, trace=300000, class=java.util.TreeMap$Entry@500000a6)
	key		50001aba
	value		50001af5
	right		50001f7b
	parent		50001f76
ARR 50001f7a (sz=14, trace=300000, nelems=7, elem type=char[])
OBJ 50001f7b (sz=40, trace=300000, class=java.util.TreeMap$Entry@500000a6)
	key		50001abb
	value		50001af6
	parent		50001f79
ARR 50001f7c (sz=14, trace=300000, nelems=7, elem type=char[])
ARR 50001f7d (sz=14, trace=300000, nelems=7, elem type=char[])
OBJ 50001f7e (sz=40, trace=300000, class=java.util.TreeMap$Entry@500000a6)
	key		50001abf
	value		5000199d
	parent		50001f78
OBJ 50001f7f (sz=40, trace=300000, class=java.util.TreeMap$Entry@500000a6)
	key		50001abd
	value		50001af8
	parent		50001f78
ARR 50001f80 (sz=14, trace=300000, nelems=7, elem type=char[])
ARR 50001f81 (sz=14, trace=300000, nelems=7, elem type=char[])
ARR 50001f82 (sz=12, trace=300000, nelems=6, elem type=char[])
OBJ 50001f83 (sz=40, trace=300000, class=java.util.TreeMap$Entry@500000a6)
	key		50001ac3
	value		500019a1
	parent		50001f75
OBJ 50001f84 (sz=40, trace=300000, class=java.util.TreeMap$Entry@500000a6)
	key		50001ac1
	value		5000199f
	parent		50001f75
ARR 50001f85 (sz=12, trace=300000, nelems=6, elem type=char[])
ARR 50001f86 (sz=12, trace=300000, nelems=6, elem type=char[])
ARR 50001f87 (sz=12, trace=300000, nelems=6, elem type=char[])
OBJ 50001f88 (sz=40, trace=300000, class=java.util.TreeMap$Entry@500000a6)
	key		50001ad4
	value		500019b2
	left		50001fa5
	right		50001fa4
	parent		50001f72
OBJ 50001f89 (sz=40, trace=300000, class=java.util.TreeMap$Entry@500000a6)
	key		50001acb
	value		500019a9
	left		50001f8c
	right		50001f8b
	parent		50001f72
ARR 50001f8a (sz=12, trace=300000, nelems=6, elem type=char[])
OBJ 50001f8b (sz=40, trace=300000, class=java.util.TreeMap$Entry@500000a6)
	key		50001ad0
	value		500019ae
	left		50001f9a
	right		50001f99
	parent		50001f89
OBJ 50001f8c (sz=40, trace=300000, class=java.util.TreeMap$Entry@500000a6)
	key		50001ac9
	value		500019a7
	left		50001f8f
	right		50001f8e
	parent		50001f89
ARR 50001f8d (sz=12, trace=300000, nelems=6, elem type=char[])
OBJ 50001f8e (sz=40, trace=300000, class=java.util.TreeMap$Entry@500000a6)
	key		50001aca
	value		500019a8
	parent		50001f8c
OBJ 50001f8f (sz=40, trace=300000, class=java.util.TreeMap$Entry@500000a6)
	key		50001ac6
	value		500019a4
	left		50001f92
	right		50001f91
	parent		50001f8c
ARR 50001f90 (sz=12, trace=300000, nelems=6, elem type=char[])
OBJ 50001f91 (sz=40, trace=300000, class=java.util.TreeMap$Entry@500000a6)
	key		50001ac8
	value		50001afb
	left		50001f95
	parent		50001f8f
OBJ 50001f92 (sz=40, trace=300000, class=java.util.TreeMap$Entry@500000a6)
	key		50001ac5
	value		500019a3
	parent		50001f8f
ARR 50001f93 (sz=12, trace=300000, nelems=6, elem type=char[])
ARR 50001f94 (sz=12, trace=300000, nelems=6, elem type=char[])
OBJ 50001f95 (sz=40, trace=300000, class=java.util.TreeMap$Entry@500000a6)
	key		50001ac7
	value		50001afa
	parent		50001f91
ARR 50001f96 (sz=16, trace=300000, nelems=8, elem type=char[])
ARR 50001f97 (sz=12, trace=300000, nelems=6, elem type=char[])
ARR 50001f98 (sz=12, trace=300000, nelems=6, elem type=char[])
OBJ 50001f99 (sz=40, trace=300000, class=java.util.TreeMap$Entry@500000a6)
	key		50001ad1
	value		500019af
	parent		50001f8b
OBJ 50001f9a (sz=40, trace=300000, class=java.util.TreeMap$Entry@500000a6)
	key		50001acd
	value		50001afd
	left		50001f9d
	right		50001f9c
	parent		50001f8b
ARR 50001f9b (sz=12, trace=300000, nelems=6, elem type=char[])
OBJ 50001f9c (sz=40, trace=300000, class=java.util.TreeMap$Entry@500000a6)
	key		50001acf
	value		50001afe
	left		50001fa0
	parent		50001f9a
OBJ 50001f9d (sz=40, trace=300000, class=java.util.TreeMap$Entry@500000a6)
	key		50001acc
	value		50001afc
	parent		50001f9a
ARR 50001f9e (sz=12, trace=300000, nelems=6, elem type=char[])
ARR 50001f9f (sz=12, trace=300000, nelems=6, elem type=char[])
OBJ 50001fa0 (sz=40, trace=300000, class=java.util.TreeMap$Entry@500000a6)
	key		50001ace
	value		50001978
	parent		50001f9c
ARR 50001fa1 (sz=12, trace=300000, nelems=6, elem type=char[])
ARR 50001fa2 (sz=12, trace=300000, nelems=6, elem type=char[])
ARR 50001fa3 (sz=12, trace=300000, nelems=6, elem type=char[])
OBJ 50001fa4 (sz=40, trace=300000, class=java.util.TreeMap$Entry@500000a6)
	key		50001ad6
	value		500019b4
	left		50001fa9
	right		50001fa8
	parent		50001f88
OBJ 50001fa5 (sz=40, trace=300000, class=java.util.TreeMap$Entry@500000a6)
	key		50001ad3
	value		500019b1
	parent		50001f88
ARR 50001fa6 (sz=12, trace=300000, nelems=6, elem type=char[])
ARR 50001fa7 (sz=12, trace=300000, nelems=6, elem type=char[])
OBJ 50001fa8 (sz=40, trace=300000, class=java.util.TreeMap$Entry@500000a6)
	key		50001ad8
	value		500019b6
	left		50001fad
	right		50001fac
	parent		50001fa4
OBJ 50001fa9 (sz=40, trace=300000, class=java.util.TreeMap$Entry@500000a6)
	key		50001ad5
	value		500019b3
	parent		50001fa4
ARR 50001faa (sz=12, trace=300000, nelems=6, elem type=char[])
ARR 50001fab (sz=12, trace=300000, nelems=6, elem type=char[])
OBJ 50001fac (sz=40, trace=300000, class=java.util.TreeMap$Entry@500000a6)
	key		50001ad9
	value		50001aff
	parent		50001fa8
OBJ 50001fad (sz=40, trace=300000, class=java.util.TreeMap$Entry@500000a6)
	key		50001ad7
	value		500019b5
	parent		50001fa8
ARR 50001fae (sz=12, trace=300000, nelems=6, elem type=char[])
ARR 50001faf (sz=12, trace=300000, nelems=6, elem type=char[])
ARR 50001fb0 (sz=12, trace=300000, nelems=6, elem type=char[])
OBJ 50001fb1 (sz=40, trace=300000, class=java.util.TreeMap$Entry@500000a6)
	key		500018d9
	value		5000191a
	left		50001fd9
	right		50001fd8
	parent		50001ec9
OBJ 50001fb2 (sz=40, trace=300000, class=java.util.TreeMap$Entry@500000a6)
	key		50001ae3
	value		50001b08
	left		50001fb4
	right		50001fb3
	parent		50001ec9
OBJ 50001fb3 (sz=40, trace=300000, class=java.util.TreeMap$Entry@500000a6)
	key		50001ae5
	value		50001b0a
	left		50001fca
	right		50001fc9
	parent		50001fb2
OBJ 50001fb4 (sz=40, trace=300000, class=java.util.TreeMap$Entry@500000a6)
	key		50001adf
	value		50001b05
	left		50001fb7
	right		50001fb6
	parent		50001fb2
ARR 50001fb5 (sz=12, trace=300000, nelems=6, elem type=char[])
OBJ 50001fb6 (sz=40, trace=300000, class=java.util.TreeMap$Entry@500000a6)
	key		50001ae1
	value		50001915
	left		50001fc5
	right		50001fc4
	parent		50001fb4
OBJ 50001fb7 (sz=40, trace=300000, class=java.util.TreeMap$Entry@500000a6)
	key		50001adc
	value		50001b02
	left		50001fba
	right		50001fb9
	parent		50001fb4
ARR 50001fb8 (sz=12, trace=300000, nelems=6, elem type=char[])
OBJ 50001fb9 (sz=40, trace=300000, class=java.util.TreeMap$Entry@500000a6)
	key		50001ade
	value		50001b04
	left		50001fc1
	parent		50001fb7
OBJ 50001fba (sz=40, trace=300000, class=java.util.TreeMap$Entry@500000a6)
	key		50001ada
	value		50001b00
	left		50001fbd
	right		50001fbc
	parent		50001fb7
ARR 50001fbb (sz=12, trace=300000, nelems=6, elem type=char[])
OBJ 50001fbc (sz=40, trace=300000, class=java.util.TreeMap$Entry@500000a6)
	key		50001adb
	value		50001b01
	parent		50001fba
OBJ 50001fbd (sz=40, trace=300000, class=java.util.TreeMap$Entry@500000a6)
	key		500018d1
	value		5000185d
	parent		50001fba
ARR 50001fbe (sz=12, trace=300000, nelems=6, elem type=char[])
ARR 50001fbf (sz=12, trace=300000, nelems=6, elem type=char[])
ARR 50001fc0 (sz=12, trace=300000, nelems=6, elem type=char[])
OBJ 50001fc1 (sz=40, trace=300000, class=java.util.TreeMap$Entry@500000a6)
	key		50001add
	value		50001b03
	parent		50001fb9
ARR 50001fc2 (sz=12, trace=300000, nelems=6, elem type=char[])
ARR 50001fc3 (sz=12, trace=300000, nelems=6, elem type=char[])
OBJ 50001fc4 (sz=40, trace=300000, class=java.util.TreeMap$Entry@500000a6)
	key		50001ae2
	value		50001b07
	parent		50001fb6
OBJ 50001fc5 (sz=40, trace=300000, class=java.util.TreeMap$Entry@500000a6)
	key		50001ae0
	value		50001b06
	parent		50001fb6
ARR 50001fc6 (sz=12, trace=300000, nelems=6, elem type=char[])
ARR 50001fc7 (sz=12, trace=300000, nelems=6, elem type=char[])
ARR 50001fc8 (sz=14, trace=300000, nelems=7, elem type=char[])
OBJ 50001fc9 (sz=40, trace=300000, class=java.util.TreeMap$Entry@500000a6)
	key		50001ae8
	value		50001b0d
	left		50001fce
	right		50001fcd
	parent		50001fb3
OBJ 50001fca (sz=40, trace=300000, class=java.util.TreeMap$Entry@500000a6)
	key		50001ae4
	value		50001b09
	parent		50001fb3
ARR 50001fcb (sz=12, trace=300000, nelems=6, elem type=char[])
ARR 50001fcc (sz=14, trace=300000, nelems=7, elem type=char[])
OBJ 50001fcd (sz=40, trace=300000, class=java.util.TreeMap$Entry@500000a6)
	key		50001aea
	value		50001b0f
	left		50001fd4
	right		50001fd3
	parent		50001fc9
OBJ 50001fce (sz=40, trace=300000, class=java.util.TreeMap$Entry@500000a6)
	key		50001ae6
	value		50001b0b
	right		50001fd0
	parent		50001fc9
ARR 50001fcf (sz=12, trace=300000, nelems=6, elem type=char[])
OBJ 50001fd0 (sz=40, trace=300000, class=java.util.TreeMap$Entry@500000a6)
	key		50001ae7
	value		50001b0c
	parent		50001fce
ARR 50001fd1 (sz=12, trace=300000, nelems=6, elem type=char[])
ARR 50001fd2 (sz=14, trace=300000, nelems=7, elem type=char[])
OBJ 50001fd3 (sz=40, trace=300000, class=java.util.TreeMap$Entry@500000a6)
	key		500018d2
	value		50001916
	parent		50001fcd
OBJ 50001fd4 (sz=40, trace=300000, class=java.util.TreeMap$Entry@500000a6)
	key		50001ae9
	value		50001b0e
	parent		50001fcd
ARR 50001fd5 (sz=12, trace=300000, nelems=6, elem type=char[])
ARR 50001fd6 (sz=12, trace=300000, nelems=6, elem type=char[])
ARR 50001fd7 (sz=10, trace=300000, nelems=5, elem type=char[])
OBJ 50001fd8 (sz=40, trace=300000, class=java.util.TreeMap$Entry@500000a6)
	key		5000185f
	value		50001917
	left		50001feb
	right		50001fea
	parent		50001fb1
OBJ 50001fd9 (sz=40, trace=300000, class=java.util.TreeMap$Entry@500000a6)
	key		500018d5
	value		5000185c
	left		50001fdc
	right		50001fdb
	parent		50001fb1
ARR 50001fda (sz=18, trace=300000, nelems=9, elem type=char[])
OBJ 50001fdb (sz=40, trace=300000, class=java.util.TreeMap$Entry@500000a6)
	key		500018d7
	value		50001916
	left		50001fe6
	right		50001fe5
	parent		50001fd9
OBJ 50001fdc (sz=40, trace=300000, class=java.util.TreeMap$Entry@500000a6)
	key		50001857
	value		50001918
	left		50001fdf
	right		50001fde
	parent		50001fd9
ARR 50001fdd (sz=20, trace=300000, nelems=10, elem type=char[])
OBJ 50001fde (sz=40, trace=300000, class=java.util.TreeMap$Entry@500000a6)
	key		500018d4
	value		5000185b
	left		50001fe2
	parent		50001fdc
OBJ 50001fdf (sz=40, trace=300000, class=java.util.TreeMap$Entry@500000a6)
	key		50001856
	value		50001917
	parent		50001fdc
ARR 50001fe0 (sz=28, trace=300000, nelems=14, elem type=char[])
ARR 50001fe1 (sz=30, trace=300000, nelems=15, elem type=char[])
OBJ 50001fe2 (sz=40, trace=300000, class=java.util.TreeMap$Entry@500000a6)
	key		500018d3
	value		50001919
	parent		50001fde
ARR 50001fe3 (sz=20, trace=300000, nelems=10, elem type=char[])
ARR 50001fe4 (sz=22, trace=300000, nelems=11, elem type=char[])
OBJ 50001fe5 (sz=40, trace=300000, class=java.util.TreeMap$Entry@500000a6)
	key		500018d8
	value		5000187c
	parent		50001fdb
OBJ 50001fe6 (sz=40, trace=300000, class=java.util.TreeMap$Entry@500000a6)
	key		500018d6
	value		5000185d
	parent		50001fdb
ARR 50001fe7 (sz=20, trace=300000, nelems=10, elem type=char[])
ARR 50001fe8 (sz=20, trace=300000, nelems=10, elem type=char[])
ARR 50001fe9 (sz=20, trace=300000, nelems=10, elem type=char[])
OBJ 50001fea (sz=40, trace=300000, class=java.util.TreeMap$Entry@500000a6)
	key		500018da
	value		50001858
	left		50001fee
	parent		50001fd8
OBJ 50001feb (sz=40, trace=300000, class=java.util.TreeMap$Entry@500000a6)
	key		5000185e
	value		50001855
	parent		50001fd8
ARR 50001fec (sz=26, trace=300000, nelems=13, elem type=char[])
ARR 50001fed (sz=18, trace=300000, nelems=9, elem type=char[])
OBJ 50001fee (sz=40, trace=300000, class=java.util.TreeMap$Entry@500000a6)
	key		50001860
	value		50001918
	parent		50001fea
ARR 50001fef (sz=18, trace=300000, nelems=9, elem type=char[])
ARR 50001ff0 (sz=24, trace=300000, nelems=12, elem type=char[])
OBJ 50001ff1 (sz=40, trace=300000, class=java.util.TreeMap$Entry@500000a6)
	key		50001909
	value		5000192a
	left		5000204c
	right		5000204b
	parent		50001ec6
OBJ 50001ff2 (sz=40, trace=300000, class=java.util.TreeMap$Entry@500000a6)
	key		500018e2
	value		5000187c
	left		50001ff5
	right		50001ff4
	parent		50001ec6
ARR 50001ff3 (sz=10, trace=300000, nelems=5, elem type=char[])
OBJ 50001ff4 (sz=40, trace=300000, class=java.util.TreeMap$Entry@500000a6)
	key		500018ec
	value		5000185b
	left		50002022
	right		50002021
	parent		50001ff2
OBJ 50001ff5 (sz=40, trace=300000, class=java.util.TreeMap$Entry@500000a6)
	key		50001876
	value		5000191a
	left		50001ff8
	right		50001ff7
	parent		50001ff2
ARR 50001ff6 (sz=28, trace=300000, nelems=14, elem type=char[])
OBJ 50001ff7 (sz=40, trace=300000, class=java.util.TreeMap$Entry@500000a6)
	key		5000187a
	value		5000187a
	left		5000201a
	right		50002019
	parent		50001ff5
OBJ 50001ff8 (sz=40, trace=300000, class=java.util.TreeMap$Entry@500000a6)
	key		5000186b
	value		5000185b
	left		50001ffb
	right		50001ffa
	parent		50001ff5
ARR 50001ff9 (sz=14, trace=300000, nelems=7, elem type=char[])
OBJ 50001ffa (sz=40, trace=300000, class=java.util.TreeMap$Entry@500000a6)
	key		500018e0
	value		50001858
	left		5000200d
	right		5000200c
	parent		50001ff8
OBJ 50001ffb (sz=40, trace=300000, class=java.util.TreeMap$Entry@500000a6)
	key		500018dd
	value		5000185b
	left		50001ffe
	right		50001ffd
	parent		50001ff8
ARR 50001ffc (sz=20, trace=300000, nelems=10, elem type=char[])
OBJ 50001ffd (sz=40, trace=300000, class=java.util.TreeMap$Entry@500000a6)
	key		500018de
	value		5000185c
	right		50002009
	parent		50001ffb
OBJ 50001ffe (sz=40, trace=300000, class=java.util.TreeMap$Entry@500000a6)
	key		50001868
	value		5000185b
	left		50002001
	right		50002000
	parent		50001ffb
ARR 50001fff (sz=18, trace=300000, nelems=9, elem type=char[])
OBJ 50002000 (sz=40, trace=300000, class=java.util.TreeMap$Entry@500000a6)
	key		5000186a
	value		5000185d
	left		50002005
	right		50002004
	parent		50001ffe
OBJ 50002001 (sz=40, trace=300000, class=java.util.TreeMap$Entry@500000a6)
	key		50001861
	value		5000185a
	parent		50001ffe
ARR 50002002 (sz=18, trace=300000, nelems=9, elem type=char[])
ARR 50002003 (sz=18, trace=300000, nelems=9, elem type=char[])
OBJ 50002004 (sz=40, trace=300000, class=java.util.TreeMap$Entry@500000a6)
	key		500018dc
	value		50001919
	parent		50002000
OBJ 50002005 (sz=40, trace=300000, class=java.util.TreeMap$Entry@500000a6)
	key		50001869
	value		5000185c
	parent		50002000
ARR 50002006 (sz=18, trace=300000, nelems=9, elem type=char[])
ARR 50002007 (sz=18, trace=300000, nelems=9, elem type=char[])
ARR 50002008 (sz=20, trace=300000, nelems=10, elem type=char[])
OBJ 50002009 (sz=40, trace=300000, class=java.util.TreeMap$Entry@500000a6)
	key		500018df
	value		5000185d
	parent		50001ffd
ARR 5000200a (sz=18, trace=300000, nelems=9, elem type=char[])
ARR 5000200b (sz=18, trace=300000, nelems=9, elem type=char[])
OBJ 5000200c (sz=40, trace=300000, class=java.util.TreeMap$Entry@500000a6)
	key		50001875
	value		5000187a
	parent		50001ffa
OBJ 5000200d (sz=40, trace=300000, class=java.util.TreeMap$Entry@500000a6)
	key		5000186d
	value		5000185c
	left		50002010
	right		5000200f
	parent		50001ffa
ARR 5000200e (sz=6, trace=300000, nelems=3, elem type=char[])
OBJ 5000200f (sz=40, trace=300000, class=java.util.TreeMap$Entry@500000a6)
	key		5000186f
	value		5000185d
	left		50002014
	right		50002013
	parent		5000200d
OBJ 50002010 (sz=40, trace=300000, class=java.util.TreeMap$Entry@500000a6)
	key		5000186c
	value		5000185b
	parent		5000200d
ARR 50002011 (sz=20, trace=300000, nelems=10, elem type=char[])
ARR 50002012 (sz=30, trace=300000, nelems=15, elem type=char[])
OBJ 50002013 (sz=40, trace=300000, class=java.util.TreeMap$Entry@500000a6)
	key		50001870
	value		5000185d
	parent		5000200f
OBJ 50002014 (sz=40, trace=300000, class=java.util.TreeMap$Entry@500000a6)
	key		5000186e
	value		5000185c
	parent		5000200f
ARR 50002015 (sz=20, trace=300000, nelems=10, elem type=char[])
ARR 50002016 (sz=30, trace=300000, nelems=15, elem type=char[])
ARR 50002017 (sz=30, trace=300000, nelems=15, elem type=char[])
ARR 50002018 (sz=14, trace=300000, nelems=7, elem type=char[])
OBJ 50002019 (sz=40, trace=300000, class=java.util.TreeMap$Entry@500000a6)
	key		5000187b
	value		5000191a
	parent		50001ff7
OBJ 5000201a (sz=40, trace=300000, class=java.util.TreeMap$Entry@500000a6)
	key		50001879
	value		5000191a
	left		5000201c
	right		5000201b
	parent		50001ff7
OBJ 5000201b (sz=40, trace=300000, class=java.util.TreeMap$Entry@500000a6)
	key		500018e1
	value		50001858
	parent		5000201a
OBJ 5000201c (sz=40, trace=300000, class=java.util.TreeMap$Entry@500000a6)
	key		50001877
	value		5000187c
	parent		5000201a
ARR 5000201d (sz=28, trace=300000, nelems=14, elem type=char[])
ARR 5000201e (sz=14, trace=300000, nelems=7, elem type=char[])
ARR 5000201f (sz=24, trace=300000, nelems=12, elem type=char[])
ARR 50002020 (sz=28, trace=300000, nelems=14, elem type=char[])
OBJ 50002021 (sz=40, trace=300000, class=java.util.TreeMap$Entry@500000a6)
	key		500018ed
	value		5000192a
	left		50002037
	right		50002036
	parent		50001ff4
OBJ 50002022 (sz=40, trace=300000, class=java.util.TreeMap$Entry@500000a6)
	key		500018e8
	value		50001847
	left		50002025
	right		50002024
	parent		50001ff4
ARR 50002023 (sz=12, trace=300000, nelems=6, elem type=char[])
OBJ 50002024 (sz=40, trace=300000, class=java.util.TreeMap$Entry@500000a6)
	key		500018ea
	value		50001847
	left		50002032
	right		50002031
	parent		50002022
OBJ 50002025 (sz=40, trace=300000, class=java.util.TreeMap$Entry@500000a6)
	key		500018e5
	value		50001847
	left		50002028
	right		50002027
	parent		50002022
ARR 50002026 (sz=24, trace=300000, nelems=12, elem type=char[])
OBJ 50002027 (sz=40, trace=300000, class=java.util.TreeMap$Entry@500000a6)
	key		500018e6
	value		50001847
	right		5000202e
	parent		50002025
OBJ 50002028 (sz=40, trace=300000, class=java.util.TreeMap$Entry@500000a6)
	key		500018e3
	value		5000191c
	left		5000202b
	right		5000202a
	parent		50002025
ARR 50002029 (sz=14, trace=300000, nelems=7, elem type=char[])
OBJ 5000202a (sz=40, trace=300000, class=java.util.TreeMap$Entry@500000a6)
	key		500018e4
	value		50001847
	parent		50002028
OBJ 5000202b (sz=40, trace=300000, class=java.util.TreeMap$Entry@500000a6)
	key		50001878
	value		5000191b
	parent		50002028
ARR 5000202c (sz=10, trace=300000, nelems=5, elem type=char[])
ARR 5000202d (sz=28, trace=300000, nelems=14, elem type=char[])
OBJ 5000202e (sz=40, trace=300000, class=java.util.TreeMap$Entry@500000a6)
	key		500018e7
	value		5000191c
	parent		50002027
ARR 5000202f (sz=24, trace=300000, nelems=12, elem type=char[])
ARR 50002030 (sz=24, trace=300000, nelems=12, elem type=char[])
OBJ 50002031 (sz=40, trace=300000, class=java.util.TreeMap$Entry@500000a6)
	key		500018eb
	value		5000185b
	parent		50002024
OBJ 50002032 (sz=40, trace=300000, class=java.util.TreeMap$Entry@500000a6)
	key		500018e9
	value		5000191c
	parent		50002024
ARR 50002033 (sz=16, trace=300000, nelems=8, elem type=char[])
ARR 50002034 (sz=24, trace=300000, nelems=12, elem type=char[])
ARR 50002035 (sz=4, trace=300000, nelems=2, elem type=char[])
OBJ 50002036 (sz=40, trace=300000, class=java.util.TreeMap$Entry@500000a6)
	key		500018ef
	value		50001928
	left		50002047
	right		50002046
	parent		50002021
OBJ 50002037 (sz=40, trace=300000, class=java.util.TreeMap$Entry@500000a6)
	key		500019cf
	value		50001b15
	left		5000203a
	right		50002039
	parent		50002021
ARR 50002038 (sz=12, trace=300000, nelems=6, elem type=char[])
OBJ 50002039 (sz=40, trace=300000, class=java.util.TreeMap$Entry@500000a6)
	key		500019d3
	value		50001b19
	left		50002040
	right		5000203f
	parent		50002037
OBJ 5000203a (sz=40, trace=300000, class=java.util.TreeMap$Entry@500000a6)
	key		500019cc
	value		50001b12
	left		5000203c
	right		5000203b
	parent		50002037
OBJ 5000203b (sz=40, trace=300000, class=java.util.TreeMap$Entry@500000a6)
	key		500019cd
	value		50001b13
	right		5000203e
	parent		5000203a
OBJ 5000203c (sz=40, trace=300000, class=java.util.TreeMap$Entry@500000a6)
	key		500019cb
	value		50001b11
	left		5000203d
	parent		5000203a
OBJ 5000203d (sz=40, trace=300000, class=java.util.TreeMap$Entry@500000a6)
	key		500019ca
	value		50001b10
	parent		5000203c
OBJ 5000203e (sz=40, trace=300000, class=java.util.TreeMap$Entry@500000a6)
	key		500019ce
	value		50001b14
	parent		5000203b
OBJ 5000203f (sz=40, trace=300000, class=java.util.TreeMap$Entry@500000a6)
	key		500019d6
	value		50001b1c
	left		50002044
	right		50002043
	parent		50002039
OBJ 50002040 (sz=40, trace=300000, class=java.util.TreeMap$Entry@500000a6)
	key		500019d1
	value		50001b17
	left		50002042
	right		50002041
	parent		50002039
OBJ 50002041 (sz=40, trace=300000, class=java.util.TreeMap$Entry@500000a6)
	key		500019d2
	value		50001b18
	parent		50002040
OBJ 50002042 (sz=40, trace=300000, class=java.util.TreeMap$Entry@500000a6)
	key		500019d0
	value		50001b16
	parent		50002040
OBJ 50002043 (sz=40, trace=300000, class=java.util.TreeMap$Entry@500000a6)
	key		500019d7
	value		50001b1d
	parent		5000203f
OBJ 50002044 (sz=40, trace=300000, class=java.util.TreeMap$Entry@500000a6)
	key		500019d5
	value		50001b1b
	left		50002045
	parent		5000203f
OBJ 50002045 (sz=40, trace=300000, class=java.util.TreeMap$Entry@500000a6)
	key		500019d4
	value		50001b1a
	parent		50002044
OBJ 50002046 (sz=40, trace=300000, class=java.util.TreeMap$Entry@500000a6)
	key		500018f0
	value		50001929
	parent		50002036
OBJ 50002047 (sz=40, trace=300000, class=java.util.TreeMap$Entry@500000a6)
	key		500018ee
	value		5000191c
	parent		50002036
ARR 50002048 (sz=14, trace=300000, nelems=7, elem type=char[])
ARR 50002049 (sz=12, trace=300000, nelems=6, elem type=char[])
ARR 5000204a (sz=14, trace=300000, nelems=7, elem type=char[])
OBJ 5000204b (sz=40, trace=300000, class=java.util.TreeMap$Entry@500000a6)
	key		5000190e
	value		5000192c
	left		5000207c
	right		5000207b
	parent		50001ff1
OBJ 5000204c (sz=40, trace=300000, class=java.util.TreeMap$Entry@500000a6)
	key		500018f5
	value		50001926
	left		5000204f
	right		5000204e
	parent		50001ff1
ARR 5000204d (sz=22, trace=300000, nelems=11, elem type=char[])
OBJ 5000204e (sz=40, trace=300000, class=java.util.TreeMap$Entry@500000a6)
	key		500018fa
	value		50001895
	left		5000205f
	right		5000205e
	parent		5000204c
OBJ 5000204f (sz=40, trace=300000, class=java.util.TreeMap$Entry@500000a6)
	key		500018f2
	value		50001926
	left		50002052
	right		50002051
	parent		5000204c
ARR 50002050 (sz=12, trace=300000, nelems=6, elem type=char[])
OBJ 50002051 (sz=40, trace=300000, class=java.util.TreeMap$Entry@500000a6)
	key		5000188e
	value		5000191e
	left		5000205a
	right		50002059
	parent		5000204f
OBJ 50002052 (sz=40, trace=300000, class=java.util.TreeMap$Entry@500000a6)
	key		50001888
	value		5000191d
	left		50002055
	right		50002054
	parent		5000204f
ARR 50002053 (sz=10, trace=300000, nelems=5, elem type=char[])
OBJ 50002054 (sz=40, trace=300000, class=java.util.TreeMap$Entry@500000a6)
	key		5000188a
	value		5000191d
	left		50002057
	parent		50002052
OBJ 50002055 (sz=40, trace=300000, class=java.util.TreeMap$Entry@500000a6)
	key		50001887
	value		50001908
	parent		50002052
ARR 50002056 (sz=20, trace=300000, nelems=10, elem type=char[])
OBJ 50002057 (sz=40, trace=300000, class=java.util.TreeMap$Entry@500000a6)
	key		50001889
	value		5000191d
	parent		50002054
ARR 50002058 (sz=20, trace=300000, nelems=10, elem type=char[])
OBJ 50002059 (sz=40, trace=300000, class=java.util.TreeMap$Entry@500000a6)
	key		5000188f
	value		5000191f
	parent		50002051
OBJ 5000205a (sz=40, trace=300000, class=java.util.TreeMap$Entry@500000a6)
	key		500018f4
	value		5000192c
	left		5000205b
	parent		50002051
OBJ 5000205b (sz=40, trace=300000, class=java.util.TreeMap$Entry@500000a6)
	key		500018f3
	value		5000192b
	parent		5000205a
ARR 5000205c (sz=10, trace=300000, nelems=5, elem type=char[])
ARR 5000205d (sz=10, trace=300000, nelems=5, elem type=char[])
OBJ 5000205e (sz=40, trace=300000, class=java.util.TreeMap$Entry@500000a6)
	key		50001900
	value		50001921
	left		50002069
	right		50002068
	parent		5000204e
OBJ 5000205f (sz=40, trace=300000, class=java.util.TreeMap$Entry@500000a6)
	key		500018f8
	value		50001920
	left		50002062
	right		50002061
	parent		5000204e
ARR 50002060 (sz=18, trace=300000, nelems=9, elem type=char[])
OBJ 50002061 (sz=40, trace=300000, class=java.util.TreeMap$Entry@500000a6)
	key		500018f9
	value		50001895
	parent		5000205f
OBJ 50002062 (sz=40, trace=300000, class=java.util.TreeMap$Entry@500000a6)
	key		500018f7
	value		50001895
	left		50002064
	parent		5000205f
ARR 50002063 (sz=6, trace=300000, nelems=3, elem type=char[])
OBJ 50002064 (sz=40, trace=300000, class=java.util.TreeMap$Entry@500000a6)
	key		500018f6
	value		5000192b
	parent		50002062
ARR 50002065 (sz=16, trace=300000, nelems=8, elem type=char[])
ARR 50002066 (sz=12, trace=300000, nelems=6, elem type=char[])
ARR 50002067 (sz=18, trace=300000, nelems=9, elem type=char[])
OBJ 50002068 (sz=40, trace=300000, class=java.util.TreeMap$Entry@500000a6)
	key		50001894
	value		50001916
	left		50002075
	right		50002074
	parent		5000205e
OBJ 50002069 (sz=40, trace=300000, class=java.util.TreeMap$Entry@500000a6)
	key		500018fe
	value		50001921
	left		5000206c
	right		5000206b
	parent		5000205e
ARR 5000206a (sz=18, trace=300000, nelems=9, elem type=char[])
OBJ 5000206b (sz=40, trace=300000, class=java.util.TreeMap$Entry@500000a6)
	key		500018ff
	value		50001921
	parent		50002069
OBJ 5000206c (sz=40, trace=300000, class=java.util.TreeMap$Entry@500000a6)
	key		500018fc
	value		50001921
	left		5000206f
	right		5000206e
	parent		50002069
ARR 5000206d (sz=18, trace=300000, nelems=9, elem type=char[])
OBJ 5000206e (sz=40, trace=300000, class=java.util.TreeMap$Entry@500000a6)
	key		500018fd
	value		50001895
	parent		5000206c
OBJ 5000206f (sz=40, trace=300000, class=java.util.TreeMap$Entry@500000a6)
	key		500018fb
	value		50001921
	parent		5000206c
ARR 50002070 (sz=38, trace=300000, nelems=19, elem type=char[])
ARR 50002071 (sz=28, trace=300000, nelems=14, elem type=char[])
ARR 50002072 (sz=8, trace=300000, nelems=4, elem type=char[])
ARR 50002073 (sz=18, trace=300000, nelems=9, elem type=char[])
OBJ 50002074 (sz=40, trace=300000, class=java.util.TreeMap$Entry@500000a6)
	key		50001903
	value		50001896
	right		50002078
	parent		50002068
OBJ 50002075 (sz=40, trace=300000, class=java.util.TreeMap$Entry@500000a6)
	key		50001901
	value		50001921
	parent		50002068
ARR 50002076 (sz=26, trace=300000, nelems=13, elem type=char[])
ARR 50002077 (sz=28, trace=300000, nelems=14, elem type=char[])
OBJ 50002078 (sz=40, trace=300000, class=java.util.TreeMap$Entry@500000a6)
	key		50001904
	value		50001896
	parent		50002074
ARR 50002079 (sz=12, trace=300000, nelems=6, elem type=char[])
ARR 5000207a (sz=22, trace=300000, nelems=11, elem type=char[])
OBJ 5000207b (sz=40, trace=300000, class=java.util.TreeMap$Entry@500000a6)
	key		50001927
	value		50001895
	left		50002087
	right		50002086
	parent		5000204b
OBJ 5000207c (sz=40, trace=300000, class=java.util.TreeMap$Entry@500000a6)
	key		5000190b
	value		5000191d
	left		5000207f
	right		5000207e
	parent		5000204b
ARR 5000207d (sz=22, trace=300000, nelems=11, elem type=char[])
OBJ 5000207e (sz=40, trace=300000, class=java.util.TreeMap$Entry@500000a6)
	key		500016b2
	value		500016b0
	left		50002083
	right		50002082
	parent		5000207c
OBJ 5000207f (sz=40, trace=300000, class=java.util.TreeMap$Entry@500000a6)
	key		5000190a
	value		50001908
	parent		5000207c
ARR 50002080 (sz=32, trace=300000, nelems=16, elem type=char[])
ARR 50002081 (sz=22, trace=300000, nelems=11, elem type=char[])
OBJ 50002082 (sz=40, trace=300000, class=java.util.TreeMap$Entry@500000a6)
	key		5000190d
	value		5000192b
	parent		5000207e
OBJ 50002083 (sz=40, trace=300000, class=java.util.TreeMap$Entry@500000a6)
	key		5000190c
	value		5000191d
	parent		5000207e
ARR 50002084 (sz=32, trace=300000, nelems=16, elem type=char[])
ARR 50002085 (sz=22, trace=300000, nelems=11, elem type=char[])
OBJ 50002086 (sz=40, trace=300000, class=java.util.TreeMap$Entry@500000a6)
	key		5000192e
	value		5000191a
	left		50002093
	right		50002092
	parent		5000207b
OBJ 50002087 (sz=40, trace=300000, class=java.util.TreeMap$Entry@500000a6)
	key		50001922
	value		50001846
	left		5000208a
	right		50002089
	parent		5000207b
ARR 50002088 (sz=12, trace=300000, nelems=6, elem type=char[])
OBJ 50002089 (sz=40, trace=300000, class=java.util.TreeMap$Entry@500000a6)
	key		50001924
	value		50001846
	parent		50002087
OBJ 5000208a (sz=40, trace=300000, class=java.util.TreeMap$Entry@500000a6)
	key		50001910
	value		5000192b
	left		5000208d
	right		5000208c
	parent		50002087
ARR 5000208b (sz=16, trace=300000, nelems=8, elem type=char[])
OBJ 5000208c (sz=40, trace=300000, class=java.util.TreeMap$Entry@500000a6)
	key		50001913
	value		50001852
	parent		5000208a
OBJ 5000208d (sz=40, trace=300000, class=java.util.TreeMap$Entry@500000a6)
	key		5000190f
	value		5000192d
	parent		5000208a
ARR 5000208e (sz=20, trace=300000, nelems=10, elem type=char[])
ARR 5000208f (sz=34, trace=300000, nelems=17, elem type=char[])
ARR 50002090 (sz=16, trace=300000, nelems=8, elem type=char[])
ARR 50002091 (sz=14, trace=300000, nelems=7, elem type=char[])
OBJ 50002092 (sz=40, trace=300000, class=java.util.TreeMap$Entry@500000a6)
	key		5000192f
	value		5000187c
	parent		50002086
OBJ 50002093 (sz=40, trace=300000, class=java.util.TreeMap$Entry@500000a6)
	key		50001898
	value		5000187a
	parent		50002086
ARR 50002094 (sz=10, trace=300000, nelems=5, elem type=char[])
ARR 50002095 (sz=10, trace=300000, nelems=5, elem type=char[])
ARR 50002096 (sz=10, trace=300000, nelems=5, elem type=char[])
OBJ 50002097 (sz=40, trace=300000, class=java.util.TreeMap$Entry@500000a6)
	key		50001912
	value		5000209a
	left		50002099
	right		50002098
OBJ 50002098 (sz=40, trace=300000, class=java.util.TreeMap$Entry@500000a6)
	key		50001917
	value		5000210f
	left		5000210e
	right		5000210d
	parent		50002097
OBJ 50002099 (sz=40, trace=300000, class=java.util.TreeMap$Entry@500000a6)
	key		50001859
	value		5000209d
	left		5000209c
	right		5000209b
	parent		50002097
ARR 5000209a (sz=24, trace=300000, nelems=1, elem type=java.lang.String[]@500000db)
	[0]		50001844
OBJ 5000209b (sz=40, trace=300000, class=java.util.TreeMap$Entry@500000a6)
	key		5000187c
	value		500020f6
	left		500020f5
	right		500020f4
	parent		50002099
OBJ 5000209c (sz=40, trace=300000, class=java.util.TreeMap$Entry@500000a6)
	key		5000199e
	value		500020a0
	left		5000209f
	right		5000209e
	parent		50002099
ARR 5000209d (sz=24, trace=300000, nelems=2, elem type=java.lang.String[]@500000db)
	[0]		500018b2
	[1]		500018db
OBJ 5000209e (sz=40, trace=300000, class=java.util.TreeMap$Entry@500000a6)
	key		500019b1
	value		500020cd
	left		500020cc
	right		500020cb
	parent		5000209c
OBJ 5000209f (sz=40, trace=300000, class=java.util.TreeMap$Entry@500000a6)
	key		5000197b
	value		500020a3
	left		500020a2
	right		500020a1
	parent		5000209c
ARR 500020a0 (sz=32, trace=300000, nelems=4, elem type=java.lang.String[]@500000db)
	[0]		50001a0c
	[1]		50001ac0
	[2]		50001a80
	[3]		5000194b
OBJ 500020a1 (sz=40, trace=300000, class=java.util.TreeMap$Entry@500000a6)
	key		50001983
	value		500020b8
	left		500020b7
	right		500020b6
	parent		5000209f
OBJ 500020a2 (sz=40, trace=300000, class=java.util.TreeMap$Entry@500000a6)
	key		500016b0
	value		500016af
	left		500020a5
	right		500020a4
	parent		5000209f
ARR 500020a3 (sz=40, trace=300000, nelems=6, elem type=java.lang.String[]@500000db)
	[0]		500019ff
	[1]		500019dc
	[2]		500019e9
	[3]		5000193e
	[4]		50001a6a
	[5]		50001a62
OBJ 500020a4 (sz=40, trace=300000, class=java.util.TreeMap$Entry@500000a6)
	key		50001979
	value		500020b3
	left		500020b2
	right		500020b1
	parent		500020a2
OBJ 500020a5 (sz=40, trace=300000, class=java.util.TreeMap$Entry@500000a6)
	key		50001841
	value		500020a8
	left		500020a7
	right		500020a6
	parent		500020a2
OBJ 500020a6 (sz=40, trace=300000, class=java.util.TreeMap$Entry@500000a6)
	key		50001851
	value		500020ac
	left		500020ab
	right		500020aa
	parent		500020a5
OBJ 500020a7 (sz=40, trace=300000, class=java.util.TreeMap$Entry@500000a6)
	key		50001840
	value		500020a9
	parent		500020a5
ARR 500020a8 (sz=32, trace=300000, nelems=4, elem type=java.lang.String[]@500000db)
	[0]		50001842
	[1]		5000189d
	[2]		5000189a
	[3]		5000189f
ARR 500020a9 (sz=24, trace=300000, nelems=1, elem type=java.lang.String[]@500000db)
	[0]		500018aa
OBJ 500020aa (sz=40, trace=300000, class=java.util.TreeMap$Entry@500000a6)
	key		50001852
	value		500020b0
	parent		500020a6
OBJ 500020ab (sz=40, trace=300000, class=java.util.TreeMap$Entry@500000a6)
	key		50001846
	value		500020ae
	right		500020ad
	parent		500020a6
ARR 500020ac (sz=24, trace=300000, nelems=1, elem type=java.lang.String[]@500000db)
	[0]		500018c7
OBJ 500020ad (sz=40, trace=300000, class=java.util.TreeMap$Entry@500000a6)
	key		50001847
	value		500020af
	parent		500020ab
ARR 500020ae (sz=48, trace=300000, nelems=7, elem type=java.lang.String[]@500000db)
	[0]		500018be
	[1]		500018c3
	[2]		500018c4
	[3]		50001850
	[4]		500018ac
	[5]		50001922
	[6]		50001924
ARR 500020af (sz=56, trace=300000, nelems=9, elem type=java.lang.String[]@500000db)
	[0]		500018c0
	[1]		500018e5
	[2]		500018c5
	[3]		500018e4
	[4]		500018e6
	[5]		500018e8
	[6]		500018ea
	[7]		500018ab
	[8]		50001839
ARR 500020b0 (sz=48, trace=300000, nelems=7, elem type=java.lang.String[]@500000db)
	[0]		500018c8
	[1]		500018ca
	[2]		500018c9
	[3]		500018bb
	[4]		500018c2
	[5]		50001913
	[6]		50001849
OBJ 500020b1 (sz=40, trace=300000, class=java.util.TreeMap$Entry@500000a6)
	key		5000197a
	value		500020b5
	parent		500020a4
OBJ 500020b2 (sz=40, trace=300000, class=java.util.TreeMap$Entry@500000a6)
	key		50001978
	value		500020b4
	parent		500020a4
ARR 500020b3 (sz=40, trace=300000, nelems=5, elem type=java.lang.String[]@500000db)
	[0]		500019fd
	[1]		500019da
	[2]		500019e7
	[3]		5000193c
	[4]		50001a6e
ARR 500020b4 (sz=32, trace=300000, nelems=4, elem type=java.lang.String[]@500000db)
	[0]		50001a1a
	[1]		50001ace
	[2]		50001a91
	[3]		50001958
ARR 500020b5 (sz=40, trace=300000, nelems=5, elem type=java.lang.String[]@500000db)
	[0]		500019fe
	[1]		500019db
	[2]		500019e8
	[3]		5000193d
	[4]		50001a61
OBJ 500020b6 (sz=40, trace=300000, class=java.util.TreeMap$Entry@500000a6)
	key		50001988
	value		500020c8
	left		500020c7
	right		500020c6
	parent		500020a1
OBJ 500020b7 (sz=40, trace=300000, class=java.util.TreeMap$Entry@500000a6)
	key		5000197d
	value		500020bb
	left		500020ba
	right		500020b9
	parent		500020a1
ARR 500020b8 (sz=80, trace=300000, nelems=15, elem type=java.lang.String[]@500000db)
	[0]		500019f1
	[1]		50001ab0
	[2]		50001a5e
	[3]		50001a55
	[4]		50001a5f
	[5]		50001a5b
	[6]		50001a40
	[7]		50001a3e
	[8]		50001a3c
	[9]		50001a3f
	[10]		50001a3d
	[11]		50001a6f
	[12]		50001a8a
	[13]		50001a3b
	[14]		50001930
OBJ 500020b9 (sz=40, trace=300000, class=java.util.TreeMap$Entry@500000a6)
	key		5000197f
	value		500020bf
	left		500020be
	right		500020bd
	parent		500020b7
OBJ 500020ba (sz=40, trace=300000, class=java.util.TreeMap$Entry@500000a6)
	key		5000197c
	value		500020bc
	parent		500020b7
ARR 500020bb (sz=40, trace=300000, nelems=5, elem type=java.lang.String[]@500000db)
	[0]		50001a01
	[1]		500019de
	[2]		500019eb
	[3]		50001940
	[4]		50001a69
ARR 500020bc (sz=40, trace=300000, nelems=6, elem type=java.lang.String[]@500000db)
	[0]		50001a00
	[1]		500019dd
	[2]		500019ea
	[3]		5000193f
	[4]		50001a64
	[5]		50001a6c
OBJ 500020bd (sz=40, trace=300000, class=java.util.TreeMap$Entry@500000a6)
	key		50001981
	value		500020c3
	left		500020c2
	right		500020c1
	parent		500020b9
OBJ 500020be (sz=40, trace=300000, class=java.util.TreeMap$Entry@500000a6)
	key		5000197e
	value		500020c0
	parent		500020b9
ARR 500020bf (sz=40, trace=300000, nelems=5, elem type=java.lang.String[]@500000db)
	[0]		50001a03
	[1]		500019e0
	[2]		500019ed
	[3]		50001942
	[4]		50001a67
ARR 500020c0 (sz=40, trace=300000, nelems=5, elem type=java.lang.String[]@500000db)
	[0]		50001a02
	[1]		500019df
	[2]		500019ec
	[3]		50001941
	[4]		50001a63
OBJ 500020c1 (sz=40, trace=300000, class=java.util.TreeMap$Entry@500000a6)
	key		50001982
	value		500020c5
	parent		500020bd
OBJ 500020c2 (sz=40, trace=300000, class=java.util.TreeMap$Entry@500000a6)
	key		50001980
	value		500020c4
	parent		500020bd
ARR 500020c3 (sz=40, trace=300000, nelems=5, elem type=java.lang.String[]@500000db)
	[0]		50001a05
	[1]		500019e2
	[2]		500019ef
	[3]		50001944
	[4]		50001a68
ARR 500020c4 (sz=40, trace=300000, nelems=5, elem type=java.lang.String[]@500000db)
	[0]		50001a04
	[1]		500019e1
	[2]		500019ee
	[3]		50001943
	[4]		50001a65
ARR 500020c5 (sz=40, trace=300000, nelems=5, elem type=java.lang.String[]@500000db)
	[0]		50001a06
	[1]		500019e3
	[2]		500019f0
	[3]		50001945
	[4]		50001a6b
OBJ 500020c6 (sz=40, trace=300000, class=java.util.TreeMap$Entry@500000a6)
	key		5000199d
	value		500020ca
	parent		500020b6
OBJ 500020c7 (sz=40, trace=300000, class=java.util.TreeMap$Entry@500000a6)
	key		50001986
	value		500020c9
	parent		500020b6
ARR 500020c8 (sz=32, trace=300000, nelems=3, elem type=java.lang.String[]@500000db)
	[0]		500019f6
	[1]		50001a74
	[2]		50001935
ARR 500020c9 (sz=32, trace=300000, nelems=4, elem type=java.lang.String[]@500000db)
	[0]		500019f4
	[1]		50001ab3
	[2]		50001a72
	[3]		50001933
ARR 500020ca (sz=32, trace=300000, nelems=4, elem type=java.lang.String[]@500000db)
	[0]		50001a0b
	[1]		50001abf
	[2]		50001a7f
	[3]		5000194a
OBJ 500020cb (sz=40, trace=300000, class=java.util.TreeMap$Entry@500000a6)
	key		500019b5
	value		500020e7
	left		500020e6
	right		500020e5
	parent		5000209e
OBJ 500020cc (sz=40, trace=300000, class=java.util.TreeMap$Entry@500000a6)
	key		500019a2
	value		500020d0
	left		500020cf
	right		500020ce
	parent		5000209e
ARR 500020cd (sz=40, trace=300000, nelems=5, elem type=java.lang.String[]@500000db)
	[0]		50001a1f
	[1]		50001ad3
	[2]		50001a96
	[3]		5000195d
	[4]		50001a4c
OBJ 500020ce (sz=40, trace=300000, class=java.util.TreeMap$Entry@500000a6)
	key		500019af
	value		500020d8
	left		500020d7
	right		500020d6
	parent		500020cc
OBJ 500020cf (sz=40, trace=300000, class=java.util.TreeMap$Entry@500000a6)
	key		500019a0
	value		500020d3
	left		500020d2
	right		500020d1
	parent		500020cc
ARR 500020d0 (sz=48, trace=300000, nelems=8, elem type=java.lang.String[]@500000db)
	[0]		50001a10
	[1]		50001ac4
	[2]		50001a84
	[3]		5000194f
	[4]		50001a58
	[5]		50001a66
	[6]		50001a43
	[7]		50001a39
OBJ 500020d1 (sz=40, trace=300000, class=java.util.TreeMap$Entry@500000a6)
	key		500019a1
	value		500020d5
	parent		500020cf
OBJ 500020d2 (sz=40, trace=300000, class=java.util.TreeMap$Entry@500000a6)
	key		5000199f
	value		500020d4
	parent		500020cf
ARR 500020d3 (sz=32, trace=300000, nelems=4, elem type=java.lang.String[]@500000db)
	[0]		50001a0e
	[1]		50001ac2
	[2]		50001a82
	[3]		5000194d
ARR 500020d4 (sz=48, trace=300000, nelems=7, elem type=java.lang.String[]@500000db)
	[0]		50001a0d
	[1]		50001ac1
	[2]		50001a81
	[3]		5000194c
	[4]		50001a6d
	[5]		50001a5d
	[6]		50001a41
ARR 500020d5 (sz=40, trace=300000, nelems=6, elem type=java.lang.String[]@500000db)
	[0]		50001a0f
	[1]		50001ac3
	[2]		50001a83
	[3]		5000194e
	[4]		50001a42
	[5]		50001a38
OBJ 500020d6 (sz=40, trace=300000, class=java.util.TreeMap$Entry@500000a6)
	key		500019b0
	value		500020e4
	parent		500020ce
OBJ 500020d7 (sz=40, trace=300000, class=java.util.TreeMap$Entry@500000a6)
	key		500019a7
	value		500020db
	left		500020da
	right		500020d9
	parent		500020ce
ARR 500020d8 (sz=40, trace=300000, nelems=6, elem type=java.lang.String[]@500000db)
	[0]		50001a1d
	[1]		50001ad1
	[2]		50001a94
	[3]		5000195b
	[4]		50001a4a
	[5]		500019e6
OBJ 500020d9 (sz=40, trace=300000, class=java.util.TreeMap$Entry@500000a6)
	key		500019a9
	value		500020e1
	left		500020e0
	right		500020df
	parent		500020d7
OBJ 500020da (sz=40, trace=300000, class=java.util.TreeMap$Entry@500000a6)
	key		500019a4
	value		500020dd
	left		500020dc
	parent		500020d7
ARR 500020db (sz=40, trace=300000, nelems=6, elem type=java.lang.String[]@500000db)
	[0]		50001a15
	[1]		50001ac9
	[2]		50001a8b
	[3]		50001a52
	[4]		50001954
	[5]		50001a46
OBJ 500020dc (sz=40, trace=300000, class=java.util.TreeMap$Entry@500000a6)
	key		500019a3
	value		500020de
	parent		500020da
ARR 500020dd (sz=48, trace=300000, nelems=7, elem type=java.lang.String[]@500000db)
	[0]		50001a12
	[1]		50001ac6
	[2]		50001a86
	[3]		50001951
	[4]		50001a57
	[5]		50001a3a
	[6]		50001a45
ARR 500020de (sz=40, trace=300000, nelems=6, elem type=java.lang.String[]@500000db)
	[0]		50001a11
	[1]		50001ac5
	[2]		50001a85
	[3]		50001a44
	[4]		50001977
	[5]		50001950
OBJ 500020df (sz=40, trace=300000, class=java.util.TreeMap$Entry@500000a6)
	key		500019ae
	value		500020e3
	parent		500020d9
OBJ 500020e0 (sz=40, trace=300000, class=java.util.TreeMap$Entry@500000a6)
	key		500019a8
	value		500020e2
	parent		500020d9
ARR 500020e1 (sz=48, trace=300000, nelems=7, elem type=java.lang.String[]@500000db)
	[0]		50001a17
	[1]		50001acb
	[2]		50001a8d
	[3]		50001956
	[4]		50001a56
	[5]		50001a54
	[6]		50001a48
ARR 500020e2 (sz=40, trace=300000, nelems=6, elem type=java.lang.String[]@500000db)
	[0]		50001a16
	[1]		50001aca
	[2]		50001a8c
	[3]		50001955
	[4]		50001a59
	[5]		50001a47
ARR 500020e3 (sz=40, trace=300000, nelems=5, elem type=java.lang.String[]@500000db)
	[0]		50001a1c
	[1]		50001ad0
	[2]		50001a93
	[3]		5000195a
	[4]		50001a49
ARR 500020e4 (sz=40, trace=300000, nelems=5, elem type=java.lang.String[]@500000db)
	[0]		50001a1e
	[1]		50001ad2
	[2]		50001a95
	[3]		5000195c
	[4]		50001a4b
OBJ 500020e5 (sz=40, trace=300000, class=java.util.TreeMap$Entry@500000a6)
	key		50001855
	value		500020ef
	left		500020ee
	right		500020ed
	parent		500020cb
OBJ 500020e6 (sz=40, trace=300000, class=java.util.TreeMap$Entry@500000a6)
	key		500019b3
	value		500020ea
	left		500020e9
	right		500020e8
	parent		500020cb
ARR 500020e7 (sz=48, trace=300000, nelems=7, elem type=java.lang.String[]@500000db)
	[0]		50001a23
	[1]		50001ad7
	[2]		50001a9a
	[3]		50001961
	[4]		50001a5c
	[5]		50001a60
	[6]		50001a50
OBJ 500020e8 (sz=40, trace=300000, class=java.util.TreeMap$Entry@500000a6)
	key		500019b4
	value		500020ec
	parent		500020e6
OBJ 500020e9 (sz=40, trace=300000, class=java.util.TreeMap$Entry@500000a6)
	key		500019b2
	value		500020eb
	parent		500020e6
ARR 500020ea (sz=40, trace=300000, nelems=6, elem type=java.lang.String[]@500000db)
	[0]		50001a21
	[1]		50001ad5
	[2]		50001a98
	[3]		5000195f
	[4]		500019e4
	[5]		50001a4e
ARR 500020eb (sz=40, trace=300000, nelems=5, elem type=java.lang.String[]@500000db)
	[0]		50001a20
	[1]		50001ad4
	[2]		50001a97
	[3]		5000195e
	[4]		50001a4d
ARR 500020ec (sz=40, trace=300000, nelems=6, elem type=java.lang.String[]@500000db)
	[0]		50001a22
	[1]		50001ad6
	[2]		50001a99
	[3]		50001960
	[4]		500019e5
	[5]		50001a4f
OBJ 500020ed (sz=40, trace=300000, class=java.util.TreeMap$Entry@500000a6)
	key		50001858
	value		500020f3
	parent		500020e5
OBJ 500020ee (sz=40, trace=300000, class=java.util.TreeMap$Entry@500000a6)
	key		500019b6
	value		500020f1
	right		500020f0
	parent		500020e5
ARR 500020ef (sz=24, trace=300000, nelems=2, elem type=java.lang.String[]@500000db)
	[0]		5000185e
	[1]		500018b0
OBJ 500020f0 (sz=40, trace=300000, class=java.util.TreeMap$Entry@500000a6)
	key		500019b8
	value		500020f2
	parent		500020ee
ARR 500020f1 (sz=40, trace=300000, nelems=6, elem type=java.lang.String[]@500000db)
	[0]		50001a24
	[1]		50001ad8
	[2]		50001a9b
	[3]		50001962
	[4]		50001a5a
	[5]		50001a51
ARR 500020f2 (sz=32, trace=300000, nelems=4, elem type=java.lang.String[]@500000db)
	[0]		50001a26
	[1]		50001a9d
	[2]		50001964
	[3]		50001a53
ARR 500020f3 (sz=40, trace=300000, nelems=5, elem type=java.lang.String[]@500000db)
	[0]		500018da
	[1]		500018e0
	[2]		500018b1
	[3]		500018e1
	[4]		500018ba
OBJ 500020f4 (sz=40, trace=300000, class=java.util.TreeMap$Entry@500000a6)
	key		50001908
	value		50002102
	left		50002101
	right		50002100
	parent		5000209b
OBJ 500020f5 (sz=40, trace=300000, class=java.util.TreeMap$Entry@500000a6)
	key		5000185b
	value		500020f9
	left		500020f8
	right		500020f7
	parent		5000209b
ARR 500020f6 (sz=40, trace=300000, nelems=5, elem type=java.lang.String[]@500000db)
	[0]		50001877
	[1]		500018e2
	[2]		5000192f
	[3]		500018d8
	[4]		500018af
OBJ 500020f7 (sz=40, trace=300000, class=java.util.TreeMap$Entry@500000a6)
	key		5000185d
	value		500020fd
	left		500020fc
	right		500020fb
	parent		500020f5
OBJ 500020f8 (sz=40, trace=300000, class=java.util.TreeMap$Entry@500000a6)
	key		5000185a
	value		500020fa
	parent		500020f5
ARR 500020f9 (sz=72, trace=300000, nelems=13, elem type=java.lang.String[]@500000db)
	[0]		500018dd
	[1]		5000183a
	[2]		5000186c
	[3]		500018d4
	[4]		5000186b
	[5]		50001868
	[6]		500018ec
	[7]		500018eb
	[8]		500018d0
	[9]		500018cd
	[10]		500018a8
	[11]		5000183d
	[12]		500018b5
ARR 500020fa (sz=24, trace=300000, nelems=2, elem type=java.lang.String[]@500000db)
	[0]		50001861
	[1]		500018b3
OBJ 500020fb (sz=40, trace=300000, class=java.util.TreeMap$Entry@500000a6)
	key		5000187a
	value		500020ff
	parent		500020f7
OBJ 500020fc (sz=40, trace=300000, class=java.util.TreeMap$Entry@500000a6)
	key		5000185c
	value		500020fe
	parent		500020f7
ARR 500020fd (sz=64, trace=300000, nelems=12, elem type=java.lang.String[]@500000db)
	[0]		500018df
	[1]		5000183c
	[2]		500018d6
	[3]		5000186f
	[4]		50001870
	[5]		5000186a
	[6]		500018a9
	[7]		5000183e
	[8]		500018d1
	[9]		500018ce
	[10]		500018cb
	[11]		500018b7
ARR 500020fe (sz=72, trace=300000, nelems=14, elem type=java.lang.String[]@500000db)
	[0]		500018de
	[1]		5000183b
	[2]		500018d5
	[3]		5000186d
	[4]		5000186e
	[5]		50001869
	[6]		50001845
	[7]		5000183f
	[8]		50001899
	[9]		500018cf
	[10]		500018cc
	[11]		500018a2
	[12]		50001838
	[13]		500018b6
ARR 500020ff (sz=32, trace=300000, nelems=4, elem type=java.lang.String[]@500000db)
	[0]		50001875
	[1]		5000187a
	[2]		50001898
	[3]		500018ad
OBJ 50002100 (sz=40, trace=300000, class=java.util.TreeMap$Entry@500000a6)
	key		50001911
	value		5000210c
	parent		500020f4
OBJ 50002101 (sz=40, trace=300000, class=java.util.TreeMap$Entry@500000a6)
	key		50001896
	value		50002105
	left		50002104
	right		50002103
	parent		500020f4
ARR 50002102 (sz=32, trace=300000, nelems=3, elem type=java.lang.String[]@500000db)
	[0]		50001887
	[1]		5000190a
	[2]		500018b9
OBJ 50002103 (sz=40, trace=300000, class=java.util.TreeMap$Entry@500000a6)
	key		50001906
	value		50002109
	left		50002108
	right		50002107
	parent		50002101
OBJ 50002104 (sz=40, trace=300000, class=java.util.TreeMap$Entry@500000a6)
	key		50001895
	value		50002106
	parent		50002101
ARR 50002105 (sz=24, trace=300000, nelems=2, elem type=java.lang.String[]@500000db)
	[0]		50001903
	[1]		50001904
ARR 50002106 (sz=40, trace=300000, nelems=6, elem type=java.lang.String[]@500000db)
	[0]		500018fd
	[1]		500018fa
	[2]		500018f9
	[3]		500018f7
	[4]		50001927
	[5]		500018b8
OBJ 50002107 (sz=40, trace=300000, class=java.util.TreeMap$Entry@500000a6)
	key		50001907
	value		5000210b
	parent		50002103
OBJ 50002108 (sz=40, trace=300000, class=java.util.TreeMap$Entry@500000a6)
	key		50001905
	value		5000210a
	parent		50002103
ARR 50002109 (sz=24, trace=300000, nelems=1, elem type=java.lang.String[]@500000db)
	[0]		500018a4
ARR 5000210a (sz=24, trace=300000, nelems=1, elem type=java.lang.String[]@500000db)
	[0]		500018a3
ARR 5000210b (sz=24, trace=300000, nelems=1, elem type=java.lang.String[]@500000db)
	[0]		500018a5
ARR 5000210c (sz=40, trace=300000, nelems=5, elem type=java.lang.String[]@500000db)
	[0]		50001843
	[1]		5000189e
	[2]		5000189b
	[3]		5000189c
	[4]		500018a0
OBJ 5000210d (sz=40, trace=300000, class=java.util.TreeMap$Entry@500000a6)
	key		50001b15
	value		50002161
	left		50002160
	right		5000215f
	parent		50002098
OBJ 5000210e (sz=40, trace=300000, class=java.util.TreeMap$Entry@500000a6)
	key		50001afe
	value		50002112
	left		50002111
	right		50002110
	parent		50002098
ARR 5000210f (sz=24, trace=300000, nelems=2, elem type=java.lang.String[]@500000db)
	[0]		5000185f
	[1]		50001856
OBJ 50002110 (sz=40, trace=300000, class=java.util.TreeMap$Entry@500000a6)
	key		50001915
	value		5000213c
	left		5000213b
	right		5000213a
	parent		5000210e
OBJ 50002111 (sz=40, trace=300000, class=java.util.TreeMap$Entry@500000a6)
	key		50001af2
	value		50002115
	left		50002114
	right		50002113
	parent		5000210e
ARR 50002112 (sz=32, trace=300000, nelems=4, elem type=java.lang.String[]@500000db)
	[0]		50001a1b
	[1]		50001a92
	[2]		50001acf
	[3]		50001959
OBJ 50002113 (sz=40, trace=300000, class=java.util.TreeMap$Entry@500000a6)
	key		50001af7
	value		50002127
	left		50002126
	right		50002125
	parent		50002111
OBJ 50002114 (sz=40, trace=300000, class=java.util.TreeMap$Entry@500000a6)
	key		50001aed
	value		50002118
	left		50002117
	right		50002116
	parent		50002111
ARR 50002115 (sz=32, trace=300000, nelems=4, elem type=java.lang.String[]@500000db)
	[0]		500019f9
	[1]		50001ab7
	[2]		50001a77
	[3]		50001938
OBJ 50002116 (sz=40, trace=300000, class=java.util.TreeMap$Entry@500000a6)
	key		50001aef
	value		50002120
	left		5000211f
	right		5000211e
	parent		50002114
OBJ 50002117 (sz=40, trace=300000, class=java.util.TreeMap$Entry@500000a6)
	key		50001914
	value		5000211b
	left		5000211a
	right		50002119
	parent		50002114
ARR 50002118 (sz=32, trace=300000, nelems=4, elem type=java.lang.String[]@500000db)
	[0]		500019f2
	[1]		50001ab1
	[2]		50001a70
	[3]		50001931
OBJ 50002119 (sz=40, trace=300000, class=java.util.TreeMap$Entry@500000a6)
	key		50001925
	value		5000211d
	parent		50002117
OBJ 5000211a (sz=40, trace=300000, class=java.util.TreeMap$Entry@500000a6)
	key		50001923
	value		5000211c
	parent		50002117
ARR 5000211b (sz=32, trace=300000, nelems=4, elem type=java.lang.String[]@500000db)
	[0]		500018c1
	[1]		500018c6
	[2]		500018a1
	[3]		50001848
ARR 5000211c (sz=24, trace=300000, nelems=2, elem type=java.lang.String[]@500000db)
	[0]		500018bf
	[1]		500018bc
ARR 5000211d (sz=24, trace=300000, nelems=2, elem type=java.lang.String[]@500000db)
	[0]		5000184d
	[1]		500018bd
OBJ 5000211e (sz=40, trace=300000, class=java.util.TreeMap$Entry@500000a6)
	key		50001af1
	value		50002123
	left		50002122
	parent		50002116
OBJ 5000211f (sz=40, trace=300000, class=java.util.TreeMap$Entry@500000a6)
	key		50001aee
	value		50002121
	parent		50002116
ARR 50002120 (sz=32, trace=300000, nelems=4, elem type=java.lang.String[]@500000db)
	[0]		500019f5
	[1]		50001ab4
	[2]		50001a73
	[3]		50001934
ARR 50002121 (sz=32, trace=300000, nelems=4, elem type=java.lang.String[]@500000db)
	[0]		500019f3
	[1]		50001ab2
	[2]		50001a71
	[3]		50001932
OBJ 50002122 (sz=40, trace=300000, class=java.util.TreeMap$Entry@500000a6)
	key		50001af0
	value		50002124
	parent		5000211e
ARR 50002123 (sz=32, trace=300000, nelems=4, elem type=java.lang.String[]@500000db)
	[0]		500019f8
	[1]		50001ab6
	[2]		50001a76
	[3]		50001937
ARR 50002124 (sz=32, trace=300000, nelems=4, elem type=java.lang.String[]@500000db)
	[0]		500019f7
	[1]		50001ab5
	[2]		50001a75
	[3]		50001936
OBJ 50002125 (sz=40, trace=300000, class=java.util.TreeMap$Entry@500000a6)
	key		50001afc
	value		50002131
	left		50002130
	right		5000212f
	parent		50002113
OBJ 50002126 (sz=40, trace=300000, class=java.util.TreeMap$Entry@500000a6)
	key		50001af4
	value		5000212a
	left		50002129
	right		50002128
	parent		50002113
ARR 50002127 (sz=32, trace=300000, nelems=4, elem type=java.lang.String[]@500000db)
	[0]		50001a08
	[1]		50001abc
	[2]		50001a7c
	[3]		50001947
OBJ 50002128 (sz=40, trace=300000, class=java.util.TreeMap$Entry@500000a6)
	key		50001af5
	value		5000212d
	right		5000212c
	parent		50002126
OBJ 50002129 (sz=40, trace=300000, class=java.util.TreeMap$Entry@500000a6)
	key		50001af3
	value		5000212b
	parent		50002126
ARR 5000212a (sz=32, trace=300000, nelems=4, elem type=java.lang.String[]@500000db)
	[0]		500019fb
	[1]		50001ab9
	[2]		50001a79
	[3]		5000193a
ARR 5000212b (sz=32, trace=300000, nelems=4, elem type=java.lang.String[]@500000db)
	[0]		500019fa
	[1]		50001ab8
	[2]		50001a78
	[3]		50001939
OBJ 5000212c (sz=40, trace=300000, class=java.util.TreeMap$Entry@500000a6)
	key		50001af6
	value		5000212e
	parent		50002128
ARR 5000212d (sz=32, trace=300000, nelems=4, elem type=java.lang.String[]@500000db)
	[0]		500019fc
	[1]		50001aba
	[2]		50001a7a
	[3]		5000193b
ARR 5000212e (sz=32, trace=300000, nelems=4, elem type=java.lang.String[]@500000db)
	[0]		50001a07
	[1]		50001abb
	[2]		50001a7b
	[3]		50001946
OBJ 5000212f (sz=40, trace=300000, class=java.util.TreeMap$Entry@500000a6)
	key		50001afd
	value		50002139
	parent		50002125
OBJ 50002130 (sz=40, trace=300000, class=java.util.TreeMap$Entry@500000a6)
	key		50001af9
	value		50002134
	left		50002133
	right		50002132
	parent		50002125
ARR 50002131 (sz=32, trace=300000, nelems=3, elem type=java.lang.String[]@500000db)
	[0]		50001a18
	[1]		50001acc
	[2]		50001a8f
OBJ 50002132 (sz=40, trace=300000, class=java.util.TreeMap$Entry@500000a6)
	key		50001afb
	value		50002137
	left		50002136
	parent		50002130
OBJ 50002133 (sz=40, trace=300000, class=java.util.TreeMap$Entry@500000a6)
	key		50001af8
	value		50002135
	parent		50002130
ARR 50002134 (sz=32, trace=300000, nelems=4, elem type=java.lang.String[]@500000db)
	[0]		50001a0a
	[1]		50001abe
	[2]		50001a7e
	[3]		50001949
ARR 50002135 (sz=32, trace=300000, nelems=4, elem type=java.lang.String[]@500000db)
	[0]		50001a09
	[1]		50001abd
	[2]		50001a7d
	[3]		50001948
OBJ 50002136 (sz=40, trace=300000, class=java.util.TreeMap$Entry@500000a6)
	key		50001afa
	value		50002138
	parent		50002132
ARR 50002137 (sz=40, trace=300000, nelems=6, elem type=java.lang.String[]@500000db)
	[0]		50001a14
	[1]		50001ac8
	[2]		50001a88
	[3]		50001a8e
	[4]		50001a89
	[5]		50001953
ARR 50002138 (sz=32, trace=300000, nelems=4, elem type=java.lang.String[]@500000db)
	[0]		50001a13
	[1]		50001ac7
	[2]		50001a87
	[3]		50001952
ARR 50002139 (sz=32, trace=300000, nelems=4, elem type=java.lang.String[]@500000db)
	[0]		50001a19
	[1]		50001acd
	[2]		50001957
	[3]		50001a90
OBJ 5000213a (sz=40, trace=300000, class=java.util.TreeMap$Entry@500000a6)
	key		50001b0a
	value		5000214e
	left		5000214d
	right		5000214c
	parent		50002110
OBJ 5000213b (sz=40, trace=300000, class=java.util.TreeMap$Entry@500000a6)
	key		50001b02
	value		5000213f
	left		5000213e
	right		5000213d
	parent		50002110
ARR 5000213c (sz=32, trace=300000, nelems=4, elem type=java.lang.String[]@500000db)
	[0]		50001a2e
	[1]		50001ae1
	[2]		50001aa5
	[3]		5000196c
OBJ 5000213d (sz=40, trace=300000, class=java.util.TreeMap$Entry@500000a6)
	key		50001b05
	value		50002147
	left		50002146
	right		50002145
	parent		5000213b
OBJ 5000213e (sz=40, trace=300000, class=java.util.TreeMap$Entry@500000a6)
	key		50001b00
	value		50002142
	left		50002141
	right		50002140
	parent		5000213b
ARR 5000213f (sz=32, trace=300000, nelems=4, elem type=java.lang.String[]@500000db)
	[0]		50001a29
	[1]		50001adc
	[2]		50001aa0
	[3]		50001967
OBJ 50002140 (sz=40, trace=300000, class=java.util.TreeMap$Entry@500000a6)
	key		50001b01
	value		50002144
	parent		5000213e
OBJ 50002141 (sz=40, trace=300000, class=java.util.TreeMap$Entry@500000a6)
	key		50001aff
	value		50002143
	parent		5000213e
ARR 50002142 (sz=32, trace=300000, nelems=4, elem type=java.lang.String[]@500000db)
	[0]		50001a27
	[1]		50001ada
	[2]		50001a9e
	[3]		50001965
ARR 50002143 (sz=32, trace=300000, nelems=4, elem type=java.lang.String[]@500000db)
	[0]		50001a25
	[1]		50001ad9
	[2]		50001a9c
	[3]		50001963
ARR 50002144 (sz=32, trace=300000, nelems=4, elem type=java.lang.String[]@500000db)
	[0]		50001a28
	[1]		50001adb
	[2]		50001a9f
	[3]		50001966
OBJ 50002145 (sz=40, trace=300000, class=java.util.TreeMap$Entry@500000a6)
	key		50001b06
	value		5000214b
	parent		5000213d
OBJ 50002146 (sz=40, trace=300000, class=java.util.TreeMap$Entry@500000a6)
	key		50001b04
	value		50002149
	left		50002148
	parent		5000213d
ARR 50002147 (sz=32, trace=300000, nelems=4, elem type=java.lang.String[]@500000db)
	[0]		50001a2c
	[1]		50001adf
	[2]		50001aa3
	[3]		5000196a
OBJ 50002148 (sz=40, trace=300000, class=java.util.TreeMap$Entry@500000a6)
	key		50001b03
	value		5000214a
	parent		50002146
ARR 50002149 (sz=32, trace=300000, nelems=4, elem type=java.lang.String[]@500000db)
	[0]		50001a2b
	[1]		50001ade
	[2]		50001aa2
	[3]		50001969
ARR 5000214a (sz=32, trace=300000, nelems=4, elem type=java.lang.String[]@500000db)
	[0]		50001a2a
	[1]		50001add
	[2]		50001aa1
	[3]		50001968
ARR 5000214b (sz=32, trace=300000, nelems=4, elem type=java.lang.String[]@500000db)
	[0]		50001a2d
	[1]		50001ae0
	[2]		50001aa4
	[3]		5000196b
OBJ 5000214c (sz=40, trace=300000, class=java.util.TreeMap$Entry@500000a6)
	key		50001b0d
	value		50002156
	left		50002155
	right		50002154
	parent		5000213a
OBJ 5000214d (sz=40, trace=300000, class=java.util.TreeMap$Entry@500000a6)
	key		50001b08
	value		50002151
	left		50002150
	right		5000214f
	parent		5000213a
ARR 5000214e (sz=32, trace=300000, nelems=4, elem type=java.lang.String[]@500000db)
	[0]		50001a32
	[1]		50001ae5
	[2]		50001aa9
	[3]		50001970
OBJ 5000214f (sz=40, trace=300000, class=java.util.TreeMap$Entry@500000a6)
	key		50001b09
	value		50002153
	parent		5000214d
OBJ 50002150 (sz=40, trace=300000, class=java.util.TreeMap$Entry@500000a6)
	key		50001b07
	value		50002152
	parent		5000214d
ARR 50002151 (sz=32, trace=300000, nelems=4, elem type=java.lang.String[]@500000db)
	[0]		50001a30
	[1]		50001ae3
	[2]		50001aa7
	[3]		5000196e
ARR 50002152 (sz=32, trace=300000, nelems=4, elem type=java.lang.String[]@500000db)
	[0]		50001a2f
	[1]		50001ae2
	[2]		50001aa6
	[3]		5000196d
ARR 50002153 (sz=32, trace=300000, nelems=4, elem type=java.lang.String[]@500000db)
	[0]		50001a31
	[1]		50001ae4
	[2]		50001aa8
	[3]		5000196f
OBJ 50002154 (sz=40, trace=300000, class=java.util.TreeMap$Entry@500000a6)
	key		50001b0f
	value		5000215c
	left		5000215b
	right		5000215a
	parent		5000214c
OBJ 50002155 (sz=40, trace=300000, class=java.util.TreeMap$Entry@500000a6)
	key		50001b0b
	value		50002158
	right		50002157
	parent		5000214c
ARR 50002156 (sz=32, trace=300000, nelems=4, elem type=java.lang.String[]@500000db)
	[0]		50001a35
	[1]		50001ae8
	[2]		50001aac
	[3]		50001973
OBJ 50002157 (sz=40, trace=300000, class=java.util.TreeMap$Entry@500000a6)
	key		50001b0c
	value		50002159
	parent		50002155
ARR 50002158 (sz=32, trace=300000, nelems=4, elem type=java.lang.String[]@500000db)
	[0]		50001a33
	[1]		50001ae6
	[2]		50001aaa
	[3]		50001971
ARR 50002159 (sz=32, trace=300000, nelems=4, elem type=java.lang.String[]@500000db)
	[0]		50001a34
	[1]		50001ae7
	[2]		50001aab
	[3]		50001972
OBJ 5000215a (sz=40, trace=300000, class=java.util.TreeMap$Entry@500000a6)
	key		50001916
	value		5000215e
	parent		50002154
OBJ 5000215b (sz=40, trace=300000, class=java.util.TreeMap$Entry@500000a6)
	key		50001b0e
	value		5000215d
	parent		50002154
ARR 5000215c (sz=40, trace=300000, nelems=5, elem type=java.lang.String[]@500000db)
	[0]		50001a37
	[1]		50001aea
	[2]		50001aae
	[3]		50001aaf
	[4]		50001975
ARR 5000215d (sz=32, trace=300000, nelems=4, elem type=java.lang.String[]@500000db)
	[0]		50001a36
	[1]		50001ae9
	[2]		50001aad
	[3]		50001974
ARR 5000215e (sz=40, trace=300000, nelems=5, elem type=java.lang.String[]@500000db)
	[0]		500018d2
	[1]		50001894
	[2]		500018d7
	[3]		500018ae
	[4]		50001854
OBJ 5000215f (sz=40, trace=300000, class=java.util.TreeMap$Entry@500000a6)
	key		5000191e
	value		50002177
	left		50002176
	right		50002175
	parent		5000210d
OBJ 50002160 (sz=40, trace=300000, class=java.util.TreeMap$Entry@500000a6)
	key		5000191c
	value		50002164
	left		50002163
	right		50002162
	parent		5000210d
ARR 50002161 (sz=24, trace=300000, nelems=1, elem type=java.lang.String[]@500000db)
	[0]		500019cf
OBJ 50002162 (sz=40, trace=300000, class=java.util.TreeMap$Entry@500000a6)
	key		50001b12
	value		5000216e
	left		5000216d
	right		5000216c
	parent		50002160
OBJ 50002163 (sz=40, trace=300000, class=java.util.TreeMap$Entry@500000a6)
	key		5000191a
	value		50002167
	left		50002166
	right		50002165
	parent		50002160
ARR 50002164 (sz=32, trace=300000, nelems=4, elem type=java.lang.String[]@500000db)
	[0]		500018e7
	[1]		500018e9
	[2]		500018ee
	[3]		500018e3
OBJ 50002165 (sz=40, trace=300000, class=java.util.TreeMap$Entry@500000a6)
	key		5000191b
	value		5000216b
	parent		50002163
OBJ 50002166 (sz=40, trace=300000, class=java.util.TreeMap$Entry@500000a6)
	key		50001918
	value		50002169
	right		50002168
	parent		50002163
ARR 50002167 (sz=40, trace=300000, nelems=6, elem type=java.lang.String[]@500000db)
	[0]		50001876
	[1]		50001879
	[2]		500018d9
	[3]		5000192e
	[4]		5000187b
	[5]		500018b4
OBJ 50002168 (sz=40, trace=300000, class=java.util.TreeMap$Entry@500000a6)
	key		50001919
	value		5000216a
	parent		50002166
ARR 50002169 (sz=24, trace=300000, nelems=2, elem type=java.lang.String[]@500000db)
	[0]		50001860
	[1]		50001857
ARR 5000216a (sz=24, trace=300000, nelems=2, elem type=java.lang.String[]@500000db)
	[0]		500018d3
	[1]		500018dc
ARR 5000216b (sz=24, trace=300000, nelems=1, elem type=java.lang.String[]@500000db)
	[0]		50001878
OBJ 5000216c (sz=40, trace=300000, class=java.util.TreeMap$Entry@500000a6)
	key		50001b13
	value		50002173
	right		50002172
	parent		50002162
OBJ 5000216d (sz=40, trace=300000, class=java.util.TreeMap$Entry@500000a6)
	key		50001b11
	value		50002170
	left		5000216f
	parent		50002162
ARR 5000216e (sz=24, trace=300000, nelems=1, elem type=java.lang.String[]@500000db)
	[0]		500019cc
OBJ 5000216f (sz=40, trace=300000, class=java.util.TreeMap$Entry@500000a6)
	key		50001b10
	value		50002171
	parent		5000216d
ARR 50002170 (sz=24, trace=300000, nelems=1, elem type=java.lang.String[]@500000db)
	[0]		500019cb
ARR 50002171 (sz=24, trace=300000, nelems=1, elem type=java.lang.String[]@500000db)
	[0]		500019ca
OBJ 50002172 (sz=40, trace=300000, class=java.util.TreeMap$Entry@500000a6)
	key		50001b14
	value		50002174
	parent		5000216c
ARR 50002173 (sz=24, trace=300000, nelems=1, elem type=java.lang.String[]@500000db)
	[0]		500019cd
ARR 50002174 (sz=24, trace=300000, nelems=1, elem type=java.lang.String[]@500000db)
	[0]		500019ce
OBJ 50002175 (sz=40, trace=300000, class=java.util.TreeMap$Entry@500000a6)
	key		50001921
	value		5000218b
	left		5000218a
	right		50002189
	parent		5000215f
OBJ 50002176 (sz=40, trace=300000, class=java.util.TreeMap$Entry@500000a6)
	key		50001b1b
	value		5000217a
	left		50002179
	right		50002178
	parent		5000215f
ARR 50002177 (sz=24, trace=300000, nelems=1, elem type=java.lang.String[]@500000db)
	[0]		5000188e
OBJ 50002178 (sz=40, trace=300000, class=java.util.TreeMap$Entry@500000a6)
	key		50001b1d
	value		50002186
	left		50002185
	right		50002184
	parent		50002176
OBJ 50002179 (sz=40, trace=300000, class=java.util.TreeMap$Entry@500000a6)
	key		50001b18
	value		5000217d
	left		5000217c
	right		5000217b
	parent		50002176
ARR 5000217a (sz=24, trace=300000, nelems=1, elem type=java.lang.String[]@500000db)
	[0]		500019d5
OBJ 5000217b (sz=40, trace=300000, class=java.util.TreeMap$Entry@500000a6)
	key		50001b19
	value		50002182
	right		50002181
	parent		50002179
OBJ 5000217c (sz=40, trace=300000, class=java.util.TreeMap$Entry@500000a6)
	key		50001b16
	value		5000217f
	right		5000217e
	parent		50002179
ARR 5000217d (sz=24, trace=300000, nelems=1, elem type=java.lang.String[]@500000db)
	[0]		500019d2
OBJ 5000217e (sz=40, trace=300000, class=java.util.TreeMap$Entry@500000a6)
	key		50001b17
	value		50002180
	parent		5000217c
ARR 5000217f (sz=24, trace=300000, nelems=1, elem type=java.lang.String[]@500000db)
	[0]		500019d0
ARR 50002180 (sz=24, trace=300000, nelems=1, elem type=java.lang.String[]@500000db)
	[0]		500019d1
OBJ 50002181 (sz=40, trace=300000, class=java.util.TreeMap$Entry@500000a6)
	key		50001b1a
	value		50002183
	parent		5000217b
ARR 50002182 (sz=24, trace=300000, nelems=1, elem type=java.lang.String[]@500000db)
	[0]		500019d3
ARR 50002183 (sz=24, trace=300000, nelems=1, elem type=java.lang.String[]@500000db)
	[0]		500019d4
OBJ 50002184 (sz=40, trace=300000, class=java.util.TreeMap$Entry@500000a6)
	key		5000191d
	value		50002188
	parent		50002178
OBJ 50002185 (sz=40, trace=300000, class=java.util.TreeMap$Entry@500000a6)
	key		50001b1c
	value		50002187
	parent		50002178
ARR 50002186 (sz=24, trace=300000, nelems=1, elem type=java.lang.String[]@500000db)
	[0]		500019d7
ARR 50002187 (sz=24, trace=300000, nelems=1, elem type=java.lang.String[]@500000db)
	[0]		500019d6
ARR 50002188 (sz=40, trace=300000, nelems=5, elem type=java.lang.String[]@500000db)
	[0]		50001888
	[1]		5000188a
	[2]		50001889
	[3]		5000190b
	[4]		5000190c
OBJ 50002189 (sz=40, trace=300000, class=java.util.TreeMap$Entry@500000a6)
	key		5000192a
	value		50002193
	left		50002192
	right		50002191
	parent		50002175
OBJ 5000218a (sz=40, trace=300000, class=java.util.TreeMap$Entry@500000a6)
	key		50001926
	value		5000218e
	left		5000218d
	right		5000218c
	parent		50002175
ARR 5000218b (sz=40, trace=300000, nelems=6, elem type=java.lang.String[]@500000db)
	[0]		500018fe
	[1]		50001900
	[2]		500018ff
	[3]		50001901
	[4]		500018fc
	[5]		500018fb
OBJ 5000218c (sz=40, trace=300000, class=java.util.TreeMap$Entry@500000a6)
	key		50001920
	value		50002190
	parent		5000218a
OBJ 5000218d (sz=40, trace=300000, class=java.util.TreeMap$Entry@500000a6)
	key		5000191f
	value		5000218f
	parent		5000218a
ARR 5000218e (sz=24, trace=300000, nelems=2, elem type=java.lang.String[]@500000db)
	[0]		500018f2
	[1]		500018f5
ARR 5000218f (sz=24, trace=300000, nelems=1, elem type=java.lang.String[]@500000db)
	[0]		5000188f
ARR 50002190 (sz=24, trace=300000, nelems=1, elem type=java.lang.String[]@500000db)
	[0]		500018f8
OBJ 50002191 (sz=40, trace=300000, class=java.util.TreeMap$Entry@500000a6)
	key		5000192c
	value		50002199
	left		50002198
	right		50002197
	parent		50002189
OBJ 50002192 (sz=40, trace=300000, class=java.util.TreeMap$Entry@500000a6)
	key		50001929
	value		50002195
	left		50002194
	parent		50002189
ARR 50002193 (sz=32, trace=300000, nelems=3, elem type=java.lang.String[]@500000db)
	[0]		500018f1
	[1]		500018ed
	[2]		50001909
OBJ 50002194 (sz=40, trace=300000, class=java.util.TreeMap$Entry@500000a6)
	key		50001928
	value		50002196
	parent		50002192
ARR 50002195 (sz=24, trace=300000, nelems=2, elem type=java.lang.String[]@500000db)
	[0]		500018f0
	[1]		500018a7
ARR 50002196 (sz=24, trace=300000, nelems=2, elem type=java.lang.String[]@500000db)
	[0]		500018ef
	[1]		500018a6
OBJ 50002197 (sz=40, trace=300000, class=java.util.TreeMap$Entry@500000a6)
	key		5000192d
	value		5000219b
	parent		50002191
OBJ 50002198 (sz=40, trace=300000, class=java.util.TreeMap$Entry@500000a6)
	key		5000192b
	value		5000219a
	parent		50002191
ARR 50002199 (sz=24, trace=300000, nelems=2, elem type=java.lang.String[]@500000db)
	[0]		500018f4
	[1]		5000190e
ARR 5000219a (sz=32, trace=300000, nelems=4, elem type=java.lang.String[]@500000db)
	[0]		500018f3
	[1]		50001910
	[2]		5000190d
	[3]		500018f6
ARR 5000219b (sz=24, trace=300000, nelems=1, elem type=java.lang.String[]@500000db)
	[0]		5000190f
OBJ 5000219c (sz=40, trace=300000, class=java.util.TreeMap$Entry@500000a6)
	key		50000dd4
	value		5000219e
	right		5000219d
OBJ 5000219d (sz=40, trace=300000, class=java.util.TreeMap$Entry@500000a6)
	key		50001926
	value		5000219f
	parent		5000219c
OBJ 5000219e (sz=40, trace=300000, class=java.lang.ref.SoftReference@50000165)
	referent	50001545
	queue		5000168f
OBJ 5000219f (sz=40, trace=300000, class=java.lang.ref.SoftReference@50000165)
	referent	500021a0
	queue		5000168f
OBJ 500021a0 (sz=24, trace=300000, class=sun.nio.cs.ext.MS936@5000007a)
	name		50001926
	aliases		5000218e
OBJ 500021a1 (sz=24, trace=300000, class=java.lang.String@50000181)
	value		500021a9
OBJ 500021a2 (sz=24, trace=300000, class=java.lang.String@50000181)
	value		500021aa
OBJ 500021a3 (sz=24, trace=300000, class=java.lang.String@50000181)
	value		500021ab
ARR 500021a4 (sz=512, trace=300000, nelems=256, elem type=char[])
ARR 500021a5 (sz=57344, trace=300000, nelems=28672, elem type=char[])
ARR 500021a6 (sz=512, trace=300000, nelems=256, elem type=char[])
ARR 500021a7 (sz=1040, trace=300000, nelems=256, elem type=char[][]@500000a2)
	[0]		500017b9
	[1]		500017b9
	[2]		500017b9
	[3]		500017b9
	[4]		500017b9
	[5]		500017b9
	[6]		500017b9
	[7]		500017b9
	[8]		500017b9
	[9]		500017b9
	[10]		500017b9
	[11]		500017b9
	[12]		500017b9
	[13]		500017b9
	[14]		500017b9
	[15]		500017b9
	[16]		500017b9
	[17]		500017b9
	[18]		500017b9
	[19]		500017b9
	[20]		500017b9
	[21]		500017b9
	[22]		500017b9
	[23]		500017b9
	[24]		500017b9
	[25]		500017b9
	[26]		500017b9
	[27]		500017b9
	[28]		500017b9
	[29]		500017b9
	[30]		500017b9
	[31]		500017b9
	[32]		500017b9
	[33]		500017b9
	[34]		500017b9
	[35]		500017b9
	[36]		500017b9
	[37]		500017b9
	[38]		500017b9
	[39]		500017b9
	[40]		500017b9
	[41]		500017b9
	[42]		500017b9
	[43]		500017b9
	[44]		500017b9
	[45]		500017b9
	[46]		500017b9
	[47]		500017b9
	[48]		500017b9
	[49]		500017b9
	[50]		500017b9
	[51]		500017b9
	[52]		500017b9
	[53]		500017b9
	[54]		500017b9
	[55]		500017b9
	[56]		500017b9
	[57]		500017b9
	[58]		500017b9
	[59]		500017b9
	[60]		500017b9
	[61]		500017b9
	[62]		500017b9
	[63]		500017b9
	[64]		500017b9
	[65]		500017b9
	[66]		500017b9
	[67]		500017b9
	[68]		500017b9
	[69]		500017b9
	[70]		500017b9
	[71]		500017b9
	[72]		500017b9
	[73]		500017b9
	[74]		500017b9
	[75]		500017b9
	[76]		500017b9
	[77]		500017b9
	[78]		500017b9
	[79]		500017b9
	[80]		500017b9
	[81]		500017b9
	[82]		500017b9
	[83]		500017b9
	[84]		500017b9
	[85]		500017b9
	[86]		500017b9
	[87]		500017b9
	[88]		500017b9
	[89]		500017b9
	[90]		500017b9
	[91]		500017b9
	[92]		500017b9
	[93]		500017b9
	[94]		500017b9
	[95]		500017b9
	[96]		500017b9
	[97]		500017b9
	[98]		500017b9
	[99]		500017b9
	[100]		500017b9
	[101]		500017b9
	[102]		500017b9
	[103]		500017b9
	[104]		500017b9
	[105]		500017b9
	[106]		500017b9
	[107]		500017b9
	[108]		500017b9
	[109]		500017b9
	[110]		500017b9
	[111]		500017b9
	[112]		500017b9
	[113]		500017b9
	[114]		500017b9
	[115]		500017b9
	[116]		500017b9
	[117]		500017b9
	[118]		500017b9
	[119]		500017b9
	[120]		500017b9
	[121]		500017b9
	[122]		500017b9
	[123]		500017b9
	[124]		500017b9
	[125]		500017b9
	[126]		500017b9
	[127]		500017b9
	[128]		500017b9
	[129]		500021ac
	[130]		500021ad
	[131]		500021ae
	[132]		500021af
	[133]		500021b0
	[134]		500021b1
	[135]		500021b2
	[136]		500021b3
	[137]		500021b4
	[138]		500021b5
	[139]		500021b6
	[140]		500021b7
	[141]		500021b8
	[142]		500021b9
	[143]		500021ba
	[144]		500021bb
	[145]		500021bc
	[146]		500021bd
	[147]		500021be
	[148]		500021bf
	[149]		500021c0
	[150]		500021c1
	[151]		500021c2
	[152]		500021c3
	[153]		500021c4
	[154]		500021c5
	[155]		500021c6
	[156]		500021c7
	[157]		500021c8
	[158]		500021c9
	[159]		500021ca
	[160]		500021cb
	[161]		500021cc
	[162]		500021cd
	[163]		500021ce
	[164]		500021cf
	[165]		500021d0
	[166]		500021d1
	[167]		500021d2
	[168]		500021d3
	[169]		500021d4
	[170]		500021d5
	[171]		500021d6
	[172]		500021d7
	[173]		500021d8
	[174]		500021d9
	[175]		500021da
	[176]		500021db
	[177]		500021dc
	[178]		500021dd
	[179]		500021de
	[180]		500021df
	[181]		500021e0
	[182]		500021e1
	[183]		500021e2
	[184]		500021e3
	[185]		500021e4
	[186]		500021e5
	[187]		500021e6
	[188]		500021e7
	[189]		500021e8
	[190]		500021e9
	[191]		500021ea
	[192]		500021eb
	[193]		500021ec
	[194]		500021ed
	[195]		500021ee
	[196]		500021ef
	[197]		500021f0
	[198]		500021f1
	[199]		500021f2
	[200]		500021f3
	[201]		500021f4
	[202]		500021f5
	[203]		500021f6
	[204]		500021f7
	[205]		500021f8
	[206]		500021f9
	[207]		500021fa
	[208]		500021fb
	[209]		500021fc
	[210]		500021fd
	[211]		500021fe
	[212]		500021ff
	[213]		50002200
	[214]		50002201
	[215]		50002202
	[216]		50002203
	[217]		50002204
	[218]		50002205
	[219]		50002206
	[220]		50002207
	[221]		50002208
	[222]		50002209
	[223]		5000220a
	[224]		5000220b
	[225]		5000220c
	[226]		5000220d
	[227]		5000220e
	[228]		5000220f
	[229]		50002210
	[230]		50002211
	[231]		50002212
	[232]		50002213
	[233]		50002214
	[234]		50002215
	[235]		50002216
	[236]		50002217
	[237]		50002218
	[238]		50002219
	[239]		5000221a
	[240]		5000221b
	[241]		5000221c
	[242]		5000221d
	[243]		5000221e
	[244]		5000221f
	[245]		50002220
	[246]		50002221
	[247]		50002222
	[248]		50002223
	[249]		50002224
	[250]		50002225
	[251]		50002226
	[252]		50002227
	[253]		50002228
	[254]		50002229
	[255]		500017b9
ARR 500021a8 (sz=1040, trace=300000, nelems=255, elem type=java.lang.String[]@500000db)
	[129]		500016b9
	[130]		500016ba
	[131]		500016bb
	[132]		500016bc
	[133]		500016bd
	[134]		500016be
	[135]		500016bf
	[136]		500016c0
	[137]		500016c1
	[138]		500016c2
	[139]		500016c3
	[140]		500016c4
	[141]		500016c5
	[142]		500016c6
	[143]		500016c7
	[144]		500016c8
	[145]		500016c9
	[146]		500016ca
	[147]		500016cb
	[148]		500016cc
	[149]		500016cd
	[150]		500016ce
	[151]		500016cf
	[152]		500016d0
	[153]		500016d1
	[154]		500016d2
	[155]		500016d3
	[156]		500016d4
	[157]		500016d5
	[158]		500016d6
	[159]		500016d7
	[160]		500016d8
	[161]		5000172d
	[162]		500021a3
	[163]		5000172f
	[164]		50001730
	[165]		50001731
	[166]		50001732
	[167]		50001733
	[168]		500021a2
	[169]		500016b8
	[170]		500016d9
	[171]		500016da
	[172]		500016db
	[173]		500016dc
	[174]		500016dd
	[175]		500016de
	[176]		500016df
	[177]		500016e0
	[178]		500016e1
	[179]		500016e2
	[180]		500016e3
	[181]		500016e4
	[182]		500016e5
	[183]		500016e6
	[184]		500016e7
	[185]		500016e8
	[186]		500016e9
	[187]		500016ea
	[188]		500016eb
	[189]		500016ec
	[190]		500016ed
	[191]		500016ee
	[192]		500016ef
	[193]		500016f0
	[194]		500016f1
	[195]		500016f2
	[196]		500016f3
	[197]		500016f4
	[198]		500016f5
	[199]		500016f6
	[200]		500016f7
	[201]		500016f8
	[202]		500016f9
	[203]		500016fa
	[204]		500016fb
	[205]		500016fc
	[206]		500016fd
	[207]		500016fe
	[208]		500016ff
	[209]		50001700
	[210]		50001701
	[211]		50001702
	[212]		50001703
	[213]		50001704
	[214]		50001705
	[215]		50001706
	[216]		50001707
	[217]		50001708
	[218]		50001709
	[219]		5000170a
	[220]		5000170b
	[221]		5000170c
	[222]		5000170d
	[223]		5000170e
	[224]		5000170f
	[225]		50001710
	[226]		50001711
	[227]		50001712
	[228]		50001713
	[229]		50001714
	[230]		50001715
	[231]		50001716
	[232]		50001717
	[233]		50001718
	[234]		50001719
	[235]		5000171a
	[236]		5000171b
	[237]		5000171c
	[238]		5000171d
	[239]		5000171e
	[240]		5000171f
	[241]		50001720
	[242]		50001721
	[243]		50001722
	[244]		50001723
	[245]		50001724
	[246]		50001725
	[247]		50001726
	[248]		50001727
	[249]		50001728
	[250]		50001729
	[251]		5000172a
	[252]		5000172b
	[253]		5000172c
	[254]		50001734
ARR 500021a9 (sz=512, trace=300000, nelems=256, elem type=char[])
ARR 500021aa (sz=382, trace=300000, nelems=191, elem type=char[])
ARR 500021ab (sz=382, trace=300000, nelems=191, elem type=char[])
ARR 500021ac (sz=382, trace=300000, nelems=191, elem type=char[])
ARR 500021ad (sz=382, trace=300000, nelems=191, elem type=char[])
ARR 500021ae (sz=382, trace=300000, nelems=191, elem type=char[])
ARR 500021af (sz=382, trace=300000, nelems=191, elem type=char[])
ARR 500021b0 (sz=382, trace=300000, nelems=191, elem type=char[])
ARR 500021b1 (sz=382, trace=300000, nelems=191, elem type=char[])
ARR 500021b2 (sz=382, trace=300000, nelems=191, elem type=char[])
ARR 500021b3 (sz=382, trace=300000, nelems=191, elem type=char[])
ARR 500021b4 (sz=382, trace=300000, nelems=191, elem type=char[])
ARR 500021b5 (sz=382, trace=300000, nelems=191, elem type=char[])
ARR 500021b6 (sz=382, trace=300000, nelems=191, elem type=char[])
ARR 500021b7 (sz=382, trace=300000, nelems=191, elem type=char[])
ARR 500021b8 (sz=382, trace=300000, nelems=191, elem type=char[])
ARR 500021b9 (sz=382, trace=300000, nelems=191, elem type=char[])
ARR 500021ba (sz=382, trace=300000, nelems=191, elem type=char[])
ARR 500021bb (sz=382, trace=300000, nelems=191, elem type=char[])
ARR 500021bc (sz=382, trace=300000, nelems=191, elem type=char[])
ARR 500021bd (sz=382, trace=300000, nelems=191, elem type=char[])
ARR 500021be (sz=382, trace=300000, nelems=191, elem type=char[])
ARR 500021bf (sz=382, trace=300000, nelems=191, elem type=char[])
ARR 500021c0 (sz=382, trace=300000, nelems=191, elem type=char[])
ARR 500021c1 (sz=382, trace=300000, nelems=191, elem type=char[])
ARR 500021c2 (sz=382, trace=300000, nelems=191, elem type=char[])
ARR 500021c3 (sz=382, trace=300000, nelems=191, elem type=char[])
ARR 500021c4 (sz=382, trace=300000, nelems=191, elem type=char[])
ARR 500021c5 (sz=382, trace=300000, nelems=191, elem type=char[])
ARR 500021c6 (sz=382, trace=300000, nelems=191, elem type=char[])
ARR 500021c7 (sz=382, trace=300000, nelems=191, elem type=char[])
ARR 500021c8 (sz=382, trace=300000, nelems=191, elem type=char[])
ARR 500021c9 (sz=382, trace=300000, nelems=191, elem type=char[])
ARR 500021ca (sz=382, trace=300000, nelems=191, elem type=char[])
ARR 500021cb (sz=382, trace=300000, nelems=191, elem type=char[])
ARR 500021cc (sz=382, trace=300000, nelems=191, elem type=char[])
ARR 500021cd (sz=382, trace=300000, nelems=191, elem type=char[])
ARR 500021ce (sz=382, trace=300000, nelems=191, elem type=char[])
ARR 500021cf (sz=382, trace=300000, nelems=191, elem type=char[])
ARR 500021d0 (sz=382, trace=300000, nelems=191, elem type=char[])
ARR 500021d1 (sz=382, trace=300000, nelems=191, elem type=char[])
ARR 500021d2 (sz=382, trace=300000, nelems=191, elem type=char[])
ARR 500021d3 (sz=382, trace=300000, nelems=191, elem type=char[])
ARR 500021d4 (sz=382, trace=300000, nelems=191, elem type=char[])
ARR 500021d5 (sz=382, trace=300000, nelems=191, elem type=char[])
ARR 500021d6 (sz=382, trace=300000, nelems=191, elem type=char[])
ARR 500021d7 (sz=382, trace=300000, nelems=191, elem type=char[])
ARR 500021d8 (sz=382, trace=300000, nelems=191, elem type=char[])
ARR 500021d9 (sz=382, trace=300000, nelems=191, elem type=char[])
ARR 500021da (sz=382, trace=300000, nelems=191, elem type=char[])
ARR 500021db (sz=382, trace=300000, nelems=191, elem type=char[])
ARR 500021dc (sz=382, trace=300000, nelems=191, elem type=char[])
ARR 500021dd (sz=382, trace=300000, nelems=191, elem type=char[])
ARR 500021de (sz=382, trace=300000, nelems=191, elem type=char[])
ARR 500021df (sz=382, trace=300000, nelems=191, elem type=char[])
ARR 500021e0 (sz=382, trace=300000, nelems=191, elem type=char[])
ARR 500021e1 (sz=382, trace=300000, nelems=191, elem type=char[])
ARR 500021e2 (sz=382, trace=300000, nelems=191, elem type=char[])
ARR 500021e3 (sz=382, trace=300000, nelems=191, elem type=char[])
ARR 500021e4 (sz=382, trace=300000, nelems=191, elem type=char[])
ARR 500021e5 (sz=382, trace=300000, nelems=191, elem type=char[])
ARR 500021e6 (sz=382, trace=300000, nelems=191, elem type=char[])
ARR 500021e7 (sz=382, trace=300000, nelems=191, elem type=char[])
ARR 500021e8 (sz=382, trace=300000, nelems=191, elem type=char[])
ARR 500021e9 (sz=382, trace=300000, nelems=191, elem type=char[])
ARR 500021ea (sz=382, trace=300000, nelems=191, elem type=char[])
ARR 500021eb (sz=382, trace=300000, nelems=191, elem type=char[])
ARR 500021ec (sz=382, trace=300000, nelems=191, elem type=char[])
ARR 500021ed (sz=382, trace=300000, nelems=191, elem type=char[])
ARR 500021ee (sz=382, trace=300000, nelems=191, elem type=char[])
ARR 500021ef (sz=382, trace=300000, nelems=191, elem type=char[])
ARR 500021f0 (sz=382, trace=300000, nelems=191, elem type=char[])
ARR 500021f1 (sz=382, trace=300000, nelems=191, elem type=char[])
ARR 500021f2 (sz=382, trace=300000, nelems=191, elem type=char[])
ARR 500021f3 (sz=382, trace=300000, nelems=191, elem type=char[])
ARR 500021f4 (sz=382, trace=300000, nelems=191, elem type=char[])
ARR 500021f5 (sz=382, trace=300000, nelems=191, elem type=char[])
ARR 500021f6 (sz=382, trace=300000, nelems=191, elem type=char[])
ARR 500021f7 (sz=382, trace=300000, nelems=191, elem type=char[])
ARR 500021f8 (sz=382, trace=300000, nelems=191, elem type=char[])
ARR 500021f9 (sz=382, trace=300000, nelems=191, elem type=char[])
ARR 500021fa (sz=382, trace=300000, nelems=191, elem type=char[])
ARR 500021fb (sz=382, trace=300000, nelems=191, elem type=char[])
ARR 500021fc (sz=382, trace=300000, nelems=191, elem type=char[])
ARR 500021fd (sz=382, trace=300000, nelems=191, elem type=char[])
ARR 500021fe (sz=382, trace=300000, nelems=191, elem type=char[])
ARR 500021ff (sz=382, trace=300000, nelems=191, elem type=char[])
ARR 50002200 (sz=382, trace=300000, nelems=191, elem type=char[])
ARR 50002201 (sz=382, trace=300000, nelems=191, elem type=char[])
ARR 50002202 (sz=382, trace=300000, nelems=191, elem type=char[])
ARR 50002203 (sz=382, trace=300000, nelems=191, elem type=char[])
ARR 50002204 (sz=382, trace=300000, nelems=191, elem type=char[])
ARR 50002205 (sz=382, trace=300000, nelems=191, elem type=char[])
ARR 50002206 (sz=382, trace=300000, nelems=191, elem type=char[])
ARR 50002207 (sz=382, trace=300000, nelems=191, elem type=char[])
ARR 50002208 (sz=382, trace=300000, nelems=191, elem type=char[])
ARR 50002209 (sz=382, trace=300000, nelems=191, elem type=char[])
ARR 5000220a (sz=382, trace=300000, nelems=191, elem type=char[])
ARR 5000220b (sz=382, trace=300000, nelems=191, elem type=char[])
ARR 5000220c (sz=382, trace=300000, nelems=191, elem type=char[])
ARR 5000220d (sz=382, trace=300000, nelems=191, elem type=char[])
ARR 5000220e (sz=382, trace=300000, nelems=191, elem type=char[])
ARR 5000220f (sz=382, trace=300000, nelems=191, elem type=char[])
ARR 50002210 (sz=382, trace=300000, nelems=191, elem type=char[])
ARR 50002211 (sz=382, trace=300000, nelems=191, elem type=char[])
ARR 50002212 (sz=382, trace=300000, nelems=191, elem type=char[])
ARR 50002213 (sz=382, trace=300000, nelems=191, elem type=char[])
ARR 50002214 (sz=382, trace=300000, nelems=191, elem type=char[])
ARR 50002215 (sz=382, trace=300000, nelems=191, elem type=char[])
ARR 50002216 (sz=382, trace=300000, nelems=191, elem type=char[])
ARR 50002217 (sz=382, trace=300000, nelems=191, elem type=char[])
ARR 50002218 (sz=382, trace=300000, nelems=191, elem type=char[])
ARR 50002219 (sz=382, trace=300000, nelems=191, elem type=char[])
ARR 5000221a (sz=382, trace=300000, nelems=191, elem type=char[])
ARR 5000221b (sz=382, trace=300000, nelems=191, elem type=char[])
ARR 5000221c (sz=382, trace=300000, nelems=191, elem type=char[])
ARR 5000221d (sz=382, trace=300000, nelems=191, elem type=char[])
ARR 5000221e (sz=382, trace=300000, nelems=191, elem type=char[])
ARR 5000221f (sz=382, trace=300000, nelems=191, elem type=char[])
ARR 50002220 (sz=382, trace=300000, nelems=191, elem type=char[])
ARR 50002221 (sz=382, trace=300000, nelems=191, elem type=char[])
ARR 50002222 (sz=382, trace=300000, nelems=191, elem type=char[])
ARR 50002223 (sz=382, trace=300000, nelems=191, elem type=char[])
ARR 50002224 (sz=382, trace=300000, nelems=191, elem type=char[])
ARR 50002225 (sz=382, trace=300000, nelems=191, elem type=char[])
ARR 50002226 (sz=382, trace=300000, nelems=191, elem type=char[])
ARR 50002227 (sz=382, trace=300000, nelems=191, elem type=char[])
ARR 50002228 (sz=382, trace=300000, nelems=191, elem type=char[])
ARR 50002229 (sz=382, trace=300000, nelems=191, elem type=char[])
ARR 5000222a (sz=28, trace=300000, nelems=14, elem type=char[])
ARR 5000222b (sz=2, trace=300000, nelems=1, elem type=char[])
ARR 5000222c (sz=28, trace=300000, nelems=14, elem type=char[])
ARR 5000222d (sz=14, trace=300000, nelems=7, elem type=char[])
ARR 5000222e (sz=10, trace=300000, nelems=5, elem type=char[])
ARR 5000222f (sz=8, trace=300000, nelems=4, elem type=char[])
ARR 50002230 (sz=10, trace=300000, nelems=5, elem type=char[])
ARR 50002231 (sz=6, trace=300000, nelems=3, elem type=char[])
OBJ 50002232 (sz=16, trace=300000, class=java.util.concurrent.atomic.AtomicInteger@500000c6)
OBJ 50002233 (sz=24, trace=300000, class=java.lang.String@50000181)
	value		50002234
ARR 50002234 (sz=62, trace=300000, nelems=31, elem type=char[])
ARR 50002235 (sz=38, trace=300000, nelems=19, elem type=char[])
ARR 50002236 (sz=26, trace=300000, nelems=13, elem type=char[])
OBJ 50002237 (sz=16, trace=300000, class=java.lang.Object@50000185)
ARR 50002238 (sz=56, trace=300000, nelems=28, elem type=char[])
ARR 50002239 (sz=18, trace=300000, nelems=9, elem type=char[])
ARR 5000223a (sz=26, trace=300000, nelems=13, elem type=char[])
ARR 5000223b (sz=38, trace=300000, nelems=19, elem type=char[])
ARR 5000223c (sz=18, trace=300000, nelems=9, elem type=char[])
ARR 5000223d (sz=12, trace=300000, nelems=6, elem type=char[])
ARR 5000223e (sz=28, trace=300000, nelems=14, elem type=char[])
ARR 5000223f (sz=16, trace=300000, nelems=8, elem type=char[])
ARR 50002240 (sz=14, trace=300000, nelems=7, elem type=char[])
ARR 50002241 (sz=18, trace=300000, nelems=9, elem type=char[])
ARR 50002242 (sz=18, trace=300000, nelems=9, elem type=char[])
ARR 50002243 (sz=24, trace=300000, nelems=12, elem type=char[])
OBJ 50002244 (sz=24, trace=300000, class=java.lang.String@50000181)
	value		5000236e
OBJ 50002245 (sz=24, trace=300000, class=java.lang.String@50000181)
	value		50002376
OBJ 50002246 (sz=24, trace=300000, class=java.lang.String@50000181)
	value		50002374
OBJ 50002247 (sz=24, trace=300000, class=java.lang.String@50000181)
	value		50002373
OBJ 50002248 (sz=24, trace=300000, class=java.lang.String@50000181)
	value		50002372
OBJ 50002249 (sz=24, trace=300000, class=java.lang.String@50000181)
	value		5000224c
OBJ 5000224a (sz=24, trace=300000, class=java.lang.String@50000181)
	value		5000224b
ARR 5000224b (sz=30, trace=300000, nelems=15, elem type=char[])
ARR 5000224c (sz=18, trace=300000, nelems=9, elem type=char[])
OBJ 5000224d (sz=24, trace=300000, class=java.lang.String@50000181)
	value		5000228f
OBJ 5000224e (sz=24, trace=300000, class=java.lang.String@50000181)
	value		5000228e
OBJ 5000224f (sz=24, trace=300000, class=java.lang.String@50000181)
	value		5000228d
OBJ 50002250 (sz=24, trace=300000, class=java.lang.String@50000181)
	value		50002287
OBJ 50002251 (sz=24, trace=300000, class=java.lang.String@50000181)
	value		50002263
OBJ 50002252 (sz=24, trace=300000, class=java.lang.String@50000181)
	value		50002283
OBJ 50002253 (sz=24, trace=300000, class=java.lang.String@50000181)
	value		50002289
OBJ 50002254 (sz=24, trace=300000, class=java.lang.String@50000181)
	value		5000225f
OBJ 50002255 (sz=24, trace=300000, class=java.lang.String@50000181)
	value		50002288
OBJ 50002256 (sz=24, trace=300000, class=java.lang.String@50000181)
	value		5000228a
OBJ 50002257 (sz=24, trace=300000, class=java.lang.String@50000181)
	value		50002285
OBJ 50002258 (sz=24, trace=300000, class=java.lang.String@50000181)
	value		5000225e
OBJ 50002259 (sz=24, trace=300000, class=java.lang.String@50000181)
	value		5000228c
OBJ 5000225a (sz=24, trace=300000, class=java.lang.String@50000181)
	value		5000228b
ARR 5000225b (sz=48, trace=300000, nelems=7, elem type=java.io.ObjectStreamField[]@5000010e)
	[0]		5000227c
	[1]		5000227d
	[2]		5000227e
	[3]		5000227f
	[4]		50002280
	[5]		50002281
	[6]		50002282
OBJ 5000225c (sz=16, trace=300000, class=java.lang.Object@50000185)
OBJ 5000225d (sz=48, trace=300000, class=java.util.Hashtable@50000159)
	table		50002260
ARR 5000225e (sz=40, trace=300000, nelems=20, elem type=char[])
ARR 5000225f (sz=52, trace=300000, nelems=26, elem type=char[])
ARR 50002260 (sz=64, trace=300000, nelems=7, elem type=java.util.Hashtable$Entry[]@500000d2)
	[6]		50002261
OBJ 50002261 (sz=32, trace=300000, class=java.util.Hashtable$Entry@500000d3)
	key		50002251
	value		50002262
OBJ 50002262 (sz=16, trace=300000, class=sun.net.www.protocol.file.Handler@5000000e)
ARR 50002263 (sz=8, trace=300000, nelems=4, elem type=char[])
OBJ 50002264 (sz=24, trace=300000, class=java.lang.String@50000181)
	value		5000227b
OBJ 50002265 (sz=24, trace=300000, class=java.lang.String@50000181)
	value		5000227a
OBJ 50002266 (sz=24, trace=300000, class=java.lang.String@50000181)
	value		50002279
OBJ 50002267 (sz=24, trace=300000, class=java.lang.String@50000181)
	value		50002278
OBJ 50002268 (sz=24, trace=300000, class=java.lang.String@50000181)
	value		50002277
OBJ 50002269 (sz=24, trace=300000, class=java.lang.String@50000181)
	value		50002276
OBJ 5000226a (sz=24, trace=300000, class=java.lang.String@50000181)
	value		50002273
OBJ 5000226b (sz=24, trace=300000, class=java.lang.String@50000181)
	value		50002271
ARR 5000226c (sz=32, trace=300000, nelems=3, elem type=java.io.ObjectStreamField[]@5000010e)
	[0]		5000226d
	[1]		5000226e
	[2]		5000226f
OBJ 5000226d (sz=40, trace=300000, class=java.io.ObjectStreamField@50000110)
	name		500010fa
	signature	50002274
	type		5000018c
OBJ 5000226e (sz=40, trace=300000, class=java.io.ObjectStreamField@50000110)
	name		5000226a
	signature	500010ff
	type		50000eb6
OBJ 5000226f (sz=40, trace=300000, class=java.io.ObjectStreamField@50000110)
	name		5000226b
	signature	50002270
	type		50000ebc
OBJ 50002270 (sz=24, trace=300000, class=java.lang.String@50000181)
	value		50002272
ARR 50002271 (sz=12, trace=300000, nelems=6, elem type=char[])
ARR 50002272 (sz=2, trace=300000, nelems=1, elem type=char[])
ARR 50002273 (sz=10, trace=300000, nelems=5, elem type=char[])
OBJ 50002274 (sz=24, trace=300000, class=java.lang.String@50000181)
	value		50002275
ARR 50002275 (sz=4, trace=300000, nelems=2, elem type=char[])
ARR 50002276 (sz=2, trace=300000, nelems=1, elem type=char[])
ARR 50002277 (sz=6, trace=300000, nelems=3, elem type=char[])
ARR 50002278 (sz=8, trace=300000, nelems=4, elem type=char[])
ARR 50002279 (sz=6, trace=300000, nelems=3, elem type=char[])
ARR 5000227a (sz=4, trace=300000, nelems=2, elem type=char[])
ARR 5000227b (sz=4, trace=300000, nelems=2, elem type=char[])
OBJ 5000227c (sz=40, trace=300000, class=java.io.ObjectStreamField@50000110)
	name		50002256
	signature	50002284
	type		50000181
OBJ 5000227d (sz=40, trace=300000, class=java.io.ObjectStreamField@50000110)
	name		50002253
	signature	50002284
	type		50000181
OBJ 5000227e (sz=40, trace=300000, class=java.io.ObjectStreamField@50000110)
	name		50002255
	signature	500010ff
	type		50000eb6
OBJ 5000227f (sz=40, trace=300000, class=java.io.ObjectStreamField@50000110)
	name		50002250
	signature	50002284
	type		50000181
OBJ 50002280 (sz=40, trace=300000, class=java.io.ObjectStreamField@50000110)
	name		50002251
	signature	50002284
	type		50000181
OBJ 50002281 (sz=40, trace=300000, class=java.io.ObjectStreamField@50000110)
	name		50002257
	signature	50002284
	type		50000181
OBJ 50002282 (sz=40, trace=300000, class=java.io.ObjectStreamField@50000110)
	name		50002252
	signature	500010ff
	type		50000eb6
ARR 50002283 (sz=16, trace=300000, nelems=8, elem type=char[])
OBJ 50002284 (sz=24, trace=300000, class=java.lang.String@50000181)
	value		50002286
ARR 50002285 (sz=6, trace=300000, nelems=3, elem type=char[])
ARR 50002286 (sz=36, trace=300000, nelems=18, elem type=char[])
ARR 50002287 (sz=18, trace=300000, nelems=9, elem type=char[])
ARR 50002288 (sz=8, trace=300000, nelems=4, elem type=char[])
ARR 50002289 (sz=8, trace=300000, nelems=4, elem type=char[])
ARR 5000228a (sz=16, trace=300000, nelems=8, elem type=char[])
ARR 5000228b (sz=2, trace=300000, nelems=1, elem type=char[])
ARR 5000228c (sz=8, trace=300000, nelems=4, elem type=char[])
ARR 5000228d (sz=2, trace=300000, nelems=1, elem type=char[])
ARR 5000228e (sz=16, trace=300000, nelems=8, elem type=char[])
ARR 5000228f (sz=6, trace=300000, nelems=3, elem type=char[])
OBJ 50002290 (sz=24, trace=300000, class=java.lang.String@50000181)
	value		5000236f
OBJ 50002291 (sz=24, trace=300000, class=java.lang.String@50000181)
	value		500022a9
OBJ 50002292 (sz=24, trace=300000, class=java.lang.String@50000181)
	value		500022a8
OBJ 50002293 (sz=24, trace=300000, class=java.lang.String@50000181)
	value		500022a7
OBJ 50002294 (sz=24, trace=300000, class=java.lang.String@50000181)
	value		500022a6
OBJ 50002295 (sz=24, trace=300000, class=java.lang.String@50000181)
	value		500022a5
OBJ 50002296 (sz=24, trace=300000, class=java.lang.String@50000181)
	value		500022a4
OBJ 50002297 (sz=24, trace=300000, class=java.lang.String@50000181)
	value		500022a3
OBJ 50002298 (sz=24, trace=300000, class=java.lang.String@50000181)
	value		500022a2
ARR 50002299 (sz=32, trace=300000, nelems=16, elem type=char[])
OBJ 5000229a (sz=24, trace=300000, class=java.util.BitSet@50000011)
	words		5000229b
ARR 5000229b (sz=32, trace=300000, nelems=4, elem type=long[])
OBJ 5000229c (sz=24, trace=300000, class=java.lang.String@50000181)
	value		500022a0
ARR 5000229d (sz=24, trace=300000, nelems=1, elem type=java.io.ObjectStreamField[]@5000010e)
	[0]		5000229e
OBJ 5000229e (sz=40, trace=300000, class=java.io.ObjectStreamField@50000110)
	name		5000229c
	signature	5000229f
	type		50000186
OBJ 5000229f (sz=24, trace=300000, class=java.lang.String@50000181)
	value		500022a1
ARR 500022a0 (sz=8, trace=300000, nelems=4, elem type=char[])
ARR 500022a1 (sz=4, trace=300000, nelems=2, elem type=char[])
ARR 500022a2 (sz=14, trace=300000, nelems=7, elem type=char[])
ARR 500022a3 (sz=24, trace=300000, nelems=12, elem type=char[])
ARR 500022a4 (sz=4, trace=300000, nelems=2, elem type=char[])
ARR 500022a5 (sz=14, trace=300000, nelems=7, elem type=char[])
ARR 500022a6 (sz=10, trace=300000, nelems=5, elem type=char[])
ARR 500022a7 (sz=18, trace=300000, nelems=9, elem type=char[])
ARR 500022a8 (sz=2, trace=300000, nelems=1, elem type=char[])
ARR 500022a9 (sz=16, trace=300000, nelems=8, elem type=char[])
OBJ 500022aa (sz=24, trace=300000, class=java.lang.String@50000181)
	value		500022ac
OBJ 500022ab (sz=24, trace=300000, class=java.lang.String@50000181)
	value		500022ad
ARR 500022ac (sz=38, trace=300000, nelems=19, elem type=char[])
ARR 500022ad (sz=68, trace=300000, nelems=34, elem type=char[])
OBJ 500022ae (sz=24, trace=300000, class=java.lang.String@50000181)
	value		5000236d
OBJ 500022af (sz=24, trace=300000, class=java.lang.String@50000181)
	value		5000236c
OBJ 500022b0 (sz=24, trace=300000, class=java.lang.String@50000181)
	value		5000236b
OBJ 500022b1 (sz=48, trace=300000, class=java.util.HashMap@500000d9)
	table		50000812
OBJ 500022b2 (sz=32, trace=300000, class=java.util.HashMap$Node@500000d7)
	key		50002364
	value		50002363
OBJ 500022b3 (sz=32, trace=300000, class=java.util.HashMap$Node@500000d7)
	key		5000235a
	value		50002359
	next		50000828
OBJ 500022b4 (sz=32, trace=300000, class=java.util.HashMap$Node@500000d7)
	key		5000231d
	value		5000231c
OBJ 500022b5 (sz=32, trace=300000, class=java.util.HashMap$Node@500000d7)
	key		5000230c
	value		5000230b
	next		5000230a
OBJ 500022b6 (sz=32, trace=300000, class=java.util.HashMap$Node@500000d7)
	key		500022ff
	value		500022fe
OBJ 500022b7 (sz=32, trace=300000, class=java.util.HashMap$Node@500000d7)
	key		500022f4
	value		500022f3
OBJ 500022b8 (sz=32, trace=300000, class=java.util.HashMap$Node@500000d7)
	key		500022e9
	value		500022e8
OBJ 500022b9 (sz=32, trace=300000, class=java.util.HashMap$Node@500000d7)
	key		500022de
	value		500022dd
OBJ 500022ba (sz=32, trace=300000, class=java.util.HashMap$Node@500000d7)
	key		500022d3
	value		500022d2
OBJ 500022bb (sz=32, trace=300000, class=java.util.HashMap$Node@500000d7)
	key		500022be
	value		500022bd
	next		500022bc
OBJ 500022bc (sz=32, trace=300000, class=java.util.HashMap$Node@500000d7)
	key		500022c7
	value		500022c6
	next		5000084e
OBJ 500022bd (sz=24, trace=300000, class=sun.misc.MetaIndex@50000036)
	contents	500022c1
OBJ 500022be (sz=32, trace=300000, class=java.io.File@5000012f)
	path		500022bf
OBJ 500022bf (sz=24, trace=300000, class=java.lang.String@50000181)
	value		500022c0
ARR 500022c0 (sz=114, trace=300000, nelems=57, elem type=char[])
ARR 500022c1 (sz=24, trace=300000, nelems=2, elem type=java.lang.String[]@500000db)
	[0]		500022c2
	[1]		500022c3
OBJ 500022c2 (sz=24, trace=300000, class=java.lang.String@50000181)
	value		500022c5
OBJ 500022c3 (sz=24, trace=300000, class=java.lang.String@50000181)
	value		500022c4
ARR 500022c4 (sz=16, trace=300000, nelems=8, elem type=char[])
ARR 500022c5 (sz=16, trace=300000, nelems=8, elem type=char[])
OBJ 500022c6 (sz=24, trace=300000, class=sun.misc.MetaIndex@50000036)
	contents	500022ca
OBJ 500022c7 (sz=32, trace=300000, class=java.io.File@5000012f)
	path		500022c8
OBJ 500022c8 (sz=24, trace=300000, class=java.lang.String@50000181)
	value		500022c9
ARR 500022c9 (sz=108, trace=300000, nelems=54, elem type=char[])
ARR 500022ca (sz=32, trace=300000, nelems=3, elem type=java.lang.String[]@500000db)
	[0]		500022cb
	[1]		500022cc
	[2]		500022cd
OBJ 500022cb (sz=24, trace=300000, class=java.lang.String@50000181)
	value		500022d0
OBJ 500022cc (sz=24, trace=300000, class=java.lang.String@50000181)
	value		500022cf
OBJ 500022cd (sz=24, trace=300000, class=java.lang.String@50000181)
	value		500022ce
ARR 500022ce (sz=24, trace=300000, nelems=12, elem type=char[])
ARR 500022cf (sz=100, trace=300000, nelems=50, elem type=char[])
ARR 500022d0 (sz=22, trace=300000, nelems=11, elem type=char[])
ARR 500022d1 (sz=24, trace=300000, nelems=2, elem type=java.lang.String[]@500000db)
	[0]		5000083f
	[1]		50000841
OBJ 500022d2 (sz=24, trace=300000, class=sun.misc.MetaIndex@50000036)
	contents	500022d6
OBJ 500022d3 (sz=32, trace=300000, class=java.io.File@5000012f)
	path		500022d4
OBJ 500022d4 (sz=24, trace=300000, class=java.lang.String@50000181)
	value		500022d5
ARR 500022d5 (sz=104, trace=300000, nelems=52, elem type=char[])
ARR 500022d6 (sz=32, trace=300000, nelems=3, elem type=java.lang.String[]@500000db)
	[0]		500022d7
	[1]		500022d8
	[2]		500022d9
OBJ 500022d7 (sz=24, trace=300000, class=java.lang.String@50000181)
	value		500022dc
OBJ 500022d8 (sz=24, trace=300000, class=java.lang.String@50000181)
	value		500022db
OBJ 500022d9 (sz=24, trace=300000, class=java.lang.String@50000181)
	value		500022da
ARR 500022da (sz=40, trace=300000, nelems=20, elem type=char[])
ARR 500022db (sz=42, trace=300000, nelems=21, elem type=char[])
ARR 500022dc (sz=24, trace=300000, nelems=12, elem type=char[])
OBJ 500022dd (sz=24, trace=300000, class=sun.misc.MetaIndex@50000036)
	contents	500022e1
OBJ 500022de (sz=32, trace=300000, class=java.io.File@5000012f)
	path		500022df
OBJ 500022df (sz=24, trace=300000, class=java.lang.String@50000181)
	value		500022e0
ARR 500022e0 (sz=124, trace=300000, nelems=62, elem type=char[])
ARR 500022e1 (sz=32, trace=300000, nelems=3, elem type=java.lang.String[]@500000db)
	[0]		500022e2
	[1]		500022e3
	[2]		500022e4
OBJ 500022e2 (sz=24, trace=300000, class=java.lang.String@50000181)
	value		500022e7
OBJ 500022e3 (sz=24, trace=300000, class=java.lang.String@50000181)
	value		500022e6
OBJ 500022e4 (sz=24, trace=300000, class=java.lang.String@50000181)
	value		500022e5
ARR 500022e5 (sz=40, trace=300000, nelems=20, elem type=char[])
ARR 500022e6 (sz=42, trace=300000, nelems=21, elem type=char[])
ARR 500022e7 (sz=30, trace=300000, nelems=15, elem type=char[])
OBJ 500022e8 (sz=24, trace=300000, class=sun.misc.MetaIndex@50000036)
	contents	500022ec
OBJ 500022e9 (sz=32, trace=300000, class=java.io.File@5000012f)
	path		500022ea
OBJ 500022ea (sz=24, trace=300000, class=java.lang.String@50000181)
	value		500022eb
ARR 500022eb (sz=110, trace=300000, nelems=55, elem type=char[])
ARR 500022ec (sz=24, trace=300000, nelems=2, elem type=java.lang.String[]@500000db)
	[0]		500022ed
	[1]		500022ee
OBJ 500022ed (sz=24, trace=300000, class=java.lang.String@50000181)
	value		500022f0
OBJ 500022ee (sz=24, trace=300000, class=java.lang.String@50000181)
	value		500022ef
ARR 500022ef (sz=16, trace=300000, nelems=8, elem type=char[])
ARR 500022f0 (sz=16, trace=300000, nelems=8, elem type=char[])
ARR 500022f1 (sz=152, trace=300000, nelems=33, elem type=java.lang.String[]@500000db)
	[0]		50000855
	[1]		50000857
	[2]		50000859
	[3]		5000085b
	[4]		5000085d
	[5]		5000085f
	[6]		50000861
	[7]		50000863
	[8]		50000865
	[9]		50000867
	[10]		50000869
	[11]		5000086c
	[12]		5000086e
	[13]		50000870
	[14]		50000872
	[15]		50000874
	[16]		50000877
	[17]		50000879
	[18]		5000087b
	[19]		5000087d
	[20]		5000087f
	[21]		50000881
	[22]		50000883
	[23]		50000886
	[24]		50000888
	[25]		5000088a
	[26]		5000088c
	[27]		5000088e
	[28]		50000890
	[29]		50000892
	[30]		50000894
	[31]		50000896
	[32]		50000898
ARR 500022f2 (sz=168, trace=300000, nelems=37, elem type=java.lang.String[]@500000db)
	[0]		500008a8
	[1]		500008aa
	[2]		500008ac
	[3]		500008ae
	[4]		500008b0
	[5]		500008b2
	[6]		500008b4
	[7]		500008b6
	[8]		500008b8
	[9]		500008ba
	[10]		500008bc
	[11]		500008be
	[12]		500008c0
	[13]		500008c2
	[14]		500008c4
	[15]		500008c6
	[16]		500008c8
	[17]		500008ca
	[18]		500008cc
	[19]		500008ce
	[20]		500008d0
	[21]		500008d2
	[22]		500008d4
	[23]		500008d6
	[24]		500008d8
	[25]		500008da
	[26]		500008dc
	[27]		500008de
	[28]		500008e0
	[29]		500008e2
	[30]		500008e4
	[31]		500008e6
	[32]		500008e8
	[33]		500008ea
	[34]		500008ed
	[35]		500008ef
	[36]		500008f1
OBJ 500022f3 (sz=24, trace=300000, class=sun.misc.MetaIndex@50000036)
	contents	500022f7
OBJ 500022f4 (sz=32, trace=300000, class=java.io.File@5000012f)
	path		500022f5
OBJ 500022f5 (sz=24, trace=300000, class=java.lang.String@50000181)
	value		500022f6
ARR 500022f6 (sz=112, trace=300000, nelems=56, elem type=char[])
ARR 500022f7 (sz=32, trace=300000, nelems=3, elem type=java.lang.String[]@500000db)
	[0]		500022f8
	[1]		500022f9
	[2]		500022fa
OBJ 500022f8 (sz=24, trace=300000, class=java.lang.String@50000181)
	value		500022fd
OBJ 500022f9 (sz=24, trace=300000, class=java.lang.String@50000181)
	value		500022fc
OBJ 500022fa (sz=24, trace=300000, class=java.lang.String@50000181)
	value		500022fb
ARR 500022fb (sz=40, trace=300000, nelems=20, elem type=char[])
ARR 500022fc (sz=42, trace=300000, nelems=21, elem type=char[])
ARR 500022fd (sz=24, trace=300000, nelems=12, elem type=char[])
OBJ 500022fe (sz=24, trace=300000, class=sun.misc.MetaIndex@50000036)
	contents	50002302
OBJ 500022ff (sz=32, trace=300000, class=java.io.File@5000012f)
	path		50002300
OBJ 50002300 (sz=24, trace=300000, class=java.lang.String@50000181)
	value		50002301
ARR 50002301 (sz=112, trace=300000, nelems=56, elem type=char[])
ARR 50002302 (sz=32, trace=300000, nelems=3, elem type=java.lang.String[]@500000db)
	[0]		50002303
	[1]		50002304
	[2]		50002305
OBJ 50002303 (sz=24, trace=300000, class=java.lang.String@50000181)
	value		50002308
OBJ 50002304 (sz=24, trace=300000, class=java.lang.String@50000181)
	value		50002307
OBJ 50002305 (sz=24, trace=300000, class=java.lang.String@50000181)
	value		50002306
ARR 50002306 (sz=40, trace=300000, nelems=20, elem type=char[])
ARR 50002307 (sz=42, trace=300000, nelems=21, elem type=char[])
ARR 50002308 (sz=24, trace=300000, nelems=12, elem type=char[])
ARR 50002309 (sz=32, trace=300000, nelems=3, elem type=java.lang.String[]@500000db)
	[0]		5000082b
	[1]		5000082d
	[2]		5000082f
OBJ 5000230a (sz=32, trace=300000, class=java.util.HashMap$Node@500000d7)
	key		50002313
	value		50002312
	next		50000811
OBJ 5000230b (sz=24, trace=300000, class=sun.misc.MetaIndex@50000036)
	contents	5000230f
OBJ 5000230c (sz=32, trace=300000, class=java.io.File@5000012f)
	path		5000230d
OBJ 5000230d (sz=24, trace=300000, class=java.lang.String@50000181)
	value		5000230e
ARR 5000230e (sz=126, trace=300000, nelems=63, elem type=char[])
ARR 5000230f (sz=24, trace=300000, nelems=1, elem type=java.lang.String[]@500000db)
	[0]		50002310
OBJ 50002310 (sz=24, trace=300000, class=java.lang.String@50000181)
	value		50002311
ARR 50002311 (sz=54, trace=300000, nelems=27, elem type=char[])
OBJ 50002312 (sz=24, trace=300000, class=sun.misc.MetaIndex@50000036)
	contents	50002316
OBJ 50002313 (sz=32, trace=300000, class=java.io.File@5000012f)
	path		50002314
OBJ 50002314 (sz=24, trace=300000, class=java.lang.String@50000181)
	value		50002315
ARR 50002315 (sz=104, trace=300000, nelems=52, elem type=char[])
ARR 50002316 (sz=24, trace=300000, nelems=2, elem type=java.lang.String[]@500000db)
	[0]		50002317
	[1]		50002318
OBJ 50002317 (sz=24, trace=300000, class=java.lang.String@50000181)
	value		5000231a
OBJ 50002318 (sz=24, trace=300000, class=java.lang.String@50000181)
	value		50002319
ARR 50002319 (sz=14, trace=300000, nelems=7, elem type=char[])
ARR 5000231a (sz=126, trace=300000, nelems=63, elem type=char[])
ARR 5000231b (sz=24, trace=300000, nelems=2, elem type=java.lang.String[]@500000db)
	[0]		50000801
	[1]		50000804
OBJ 5000231c (sz=24, trace=300000, class=sun.misc.MetaIndex@50000036)
	contents	50002320
OBJ 5000231d (sz=32, trace=300000, class=java.io.File@5000012f)
	path		5000231e
OBJ 5000231e (sz=24, trace=300000, class=java.lang.String@50000181)
	value		5000231f
ARR 5000231f (sz=104, trace=300000, nelems=52, elem type=char[])
ARR 50002320 (sz=128, trace=300000, nelems=28, elem type=java.lang.String[]@500000db)
	[0]		50002321
	[1]		50002322
	[2]		50002323
	[3]		50002324
	[4]		50002325
	[5]		50002326
	[6]		50002327
	[7]		50002328
	[8]		50002329
	[9]		5000232a
	[10]		5000232b
	[11]		5000232c
	[12]		5000232d
	[13]		5000232e
	[14]		5000232f
	[15]		50002330
	[16]		50002331
	[17]		50002332
	[18]		50002333
	[19]		50002334
	[20]		50002335
	[21]		50002336
	[22]		50002337
	[23]		50002338
	[24]		50002339
	[25]		5000233a
	[26]		5000233b
	[27]		5000233c
OBJ 50002321 (sz=24, trace=300000, class=java.lang.String@50000181)
	value		50002358
OBJ 50002322 (sz=24, trace=300000, class=java.lang.String@50000181)
	value		50002357
OBJ 50002323 (sz=24, trace=300000, class=java.lang.String@50000181)
	value		50002356
OBJ 50002324 (sz=24, trace=300000, class=java.lang.String@50000181)
	value		50002355
OBJ 50002325 (sz=24, trace=300000, class=java.lang.String@50000181)
	value		50002354
OBJ 50002326 (sz=24, trace=300000, class=java.lang.String@50000181)
	value		50002353
OBJ 50002327 (sz=24, trace=300000, class=java.lang.String@50000181)
	value		50002352
OBJ 50002328 (sz=24, trace=300000, class=java.lang.String@50000181)
	value		50002351
OBJ 50002329 (sz=24, trace=300000, class=java.lang.String@50000181)
	value		50002350
OBJ 5000232a (sz=24, trace=300000, class=java.lang.String@50000181)
	value		5000234f
OBJ 5000232b (sz=24, trace=300000, class=java.lang.String@50000181)
	value		5000234e
OBJ 5000232c (sz=24, trace=300000, class=java.lang.String@50000181)
	value		5000234d
OBJ 5000232d (sz=24, trace=300000, class=java.lang.String@50000181)
	value		5000234c
OBJ 5000232e (sz=24, trace=300000, class=java.lang.String@50000181)
	value		5000234b
OBJ 5000232f (sz=24, trace=300000, class=java.lang.String@50000181)
	value		5000234a
OBJ 50002330 (sz=24, trace=300000, class=java.lang.String@50000181)
	value		50002349
OBJ 50002331 (sz=24, trace=300000, class=java.lang.String@50000181)
	value		50002348
OBJ 50002332 (sz=24, trace=300000, class=java.lang.String@50000181)
	value		50002347
OBJ 50002333 (sz=24, trace=300000, class=java.lang.String@50000181)
	value		50002346
OBJ 50002334 (sz=24, trace=300000, class=java.lang.String@50000181)
	value		50002345
OBJ 50002335 (sz=24, trace=300000, class=java.lang.String@50000181)
	value		50002344
OBJ 50002336 (sz=24, trace=300000, class=java.lang.String@50000181)
	value		50002343
OBJ 50002337 (sz=24, trace=300000, class=java.lang.String@50000181)
	value		50002342
OBJ 50002338 (sz=24, trace=300000, class=java.lang.String@50000181)
	value		50002341
OBJ 50002339 (sz=24, trace=300000, class=java.lang.String@50000181)
	value		50002340
OBJ 5000233a (sz=24, trace=300000, class=java.lang.String@50000181)
	value		5000233f
OBJ 5000233b (sz=24, trace=300000, class=java.lang.String@50000181)
	value		5000233e
OBJ 5000233c (sz=24, trace=300000, class=java.lang.String@50000181)
	value		5000233d
ARR 5000233d (sz=40, trace=300000, nelems=20, elem type=char[])
ARR 5000233e (sz=24, trace=300000, nelems=12, elem type=char[])
ARR 5000233f (sz=26, trace=300000, nelems=13, elem type=char[])
ARR 50002340 (sz=26, trace=300000, nelems=13, elem type=char[])
ARR 50002341 (sz=26, trace=300000, nelems=13, elem type=char[])
ARR 50002342 (sz=32, trace=300000, nelems=16, elem type=char[])
ARR 50002343 (sz=24, trace=300000, nelems=12, elem type=char[])
ARR 50002344 (sz=26, trace=300000, nelems=13, elem type=char[])
ARR 50002345 (sz=38, trace=300000, nelems=19, elem type=char[])
ARR 50002346 (sz=22, trace=300000, nelems=11, elem type=char[])
ARR 50002347 (sz=36, trace=300000, nelems=18, elem type=char[])
ARR 50002348 (sz=38, trace=300000, nelems=19, elem type=char[])
ARR 50002349 (sz=26, trace=300000, nelems=13, elem type=char[])
ARR 5000234a (sz=38, trace=300000, nelems=19, elem type=char[])
ARR 5000234b (sz=34, trace=300000, nelems=17, elem type=char[])
ARR 5000234c (sz=30, trace=300000, nelems=15, elem type=char[])
ARR 5000234d (sz=34, trace=300000, nelems=17, elem type=char[])
ARR 5000234e (sz=28, trace=300000, nelems=14, elem type=char[])
ARR 5000234f (sz=30, trace=300000, nelems=15, elem type=char[])
ARR 50002350 (sz=38, trace=300000, nelems=19, elem type=char[])
ARR 50002351 (sz=54, trace=300000, nelems=27, elem type=char[])
ARR 50002352 (sz=46, trace=300000, nelems=23, elem type=char[])
ARR 50002353 (sz=30, trace=300000, nelems=15, elem type=char[])
ARR 50002354 (sz=40, trace=300000, nelems=20, elem type=char[])
ARR 50002355 (sz=34, trace=300000, nelems=17, elem type=char[])
ARR 50002356 (sz=42, trace=300000, nelems=21, elem type=char[])
ARR 50002357 (sz=66, trace=300000, nelems=33, elem type=char[])
ARR 50002358 (sz=38, trace=300000, nelems=19, elem type=char[])
OBJ 50002359 (sz=24, trace=300000, class=sun.misc.MetaIndex@50000036)
	contents	5000235d
OBJ 5000235a (sz=32, trace=300000, class=java.io.File@5000012f)
	path		5000235b
OBJ 5000235b (sz=24, trace=300000, class=java.lang.String@50000181)
	value		5000235c
ARR 5000235c (sz=104, trace=300000, nelems=52, elem type=char[])
ARR 5000235d (sz=24, trace=300000, nelems=2, elem type=java.lang.String[]@500000db)
	[0]		5000235e
	[1]		5000235f
OBJ 5000235e (sz=24, trace=300000, class=java.lang.String@50000181)
	value		50002361
OBJ 5000235f (sz=24, trace=300000, class=java.lang.String@50000181)
	value		50002360
ARR 50002360 (sz=24, trace=300000, nelems=12, elem type=char[])
ARR 50002361 (sz=108, trace=300000, nelems=54, elem type=char[])
ARR 50002362 (sz=32, trace=300000, nelems=4, elem type=java.lang.String[]@500000db)
	[0]		50000815
	[1]		50000817
	[2]		50000819
	[3]		5000081b
OBJ 50002363 (sz=24, trace=300000, class=sun.misc.MetaIndex@50000036)
	contents	50002367
OBJ 50002364 (sz=32, trace=300000, class=java.io.File@5000012f)
	path		50002365
OBJ 50002365 (sz=24, trace=300000, class=java.lang.String@50000181)
	value		50002366
ARR 50002366 (sz=108, trace=300000, nelems=54, elem type=char[])
ARR 50002367 (sz=24, trace=300000, nelems=1, elem type=java.lang.String[]@500000db)
	[0]		50002368
OBJ 50002368 (sz=24, trace=300000, class=java.lang.String@50000181)
	value		50002369
ARR 50002369 (sz=54, trace=300000, nelems=27, elem type=char[])
ARR 5000236a (sz=26, trace=300000, nelems=13, elem type=char[])
ARR 5000236b (sz=20, trace=300000, nelems=10, elem type=char[])
ARR 5000236c (sz=12, trace=300000, nelems=6, elem type=char[])
ARR 5000236d (sz=22, trace=300000, nelems=11, elem type=char[])
ARR 5000236e (sz=6, trace=300000, nelems=3, elem type=char[])
ARR 5000236f (sz=4, trace=300000, nelems=2, elem type=char[])
OBJ 50002370 (sz=24, trace=300000, class=java.lang.String@50000181)
	value		50002371
ARR 50002371 (sz=4, trace=300000, nelems=2, elem type=char[])
ARR 50002372 (sz=80, trace=300000, nelems=40, elem type=char[])
ARR 50002373 (sz=76, trace=300000, nelems=38, elem type=char[])
ARR 50002374 (sz=54, trace=300000, nelems=27, elem type=char[])
ARR 50002375 (sz=62, trace=300000, nelems=31, elem type=char[])
ARR 50002376 (sz=24, trace=300000, nelems=12, elem type=char[])
OBJ 50002377 (sz=24, trace=300000, class=java.lang.String@50000181)
	value		50002378
ARR 50002378 (sz=6, trace=300000, nelems=3, elem type=char[])
ARR 50002379 (sz=12, trace=300000, nelems=6, elem type=char[])
OBJ 5000237a (sz=16, trace=300000, class=java.util.HashSet@50000005)
	map		5000237b
OBJ 5000237b (sz=48, trace=300000, class=java.util.HashMap@500000d9)
OBJ 5000237c (sz=16, trace=300000, class=java.lang.Object@50000185)
ARR 5000237d (sz=56, trace=300000, nelems=0, elem type=java.lang.Object[]@5000011c)
OBJ 5000237e (sz=16, trace=300000, class=sun.net.www.protocol.jar.Handler@50000003)
OBJ 5000237f (sz=48, trace=300000, class=java.util.HashMap@500000d9)
	table		50000408
OBJ 50002380 (sz=24, trace=300000, class=java.util.ArrayList@500000f1)
	elementData	50000599
OBJ 50002381 (sz=32, trace=300000, class=java.util.Stack@500000f6)
	elementData	500023a8
OBJ 50002382 (sz=24, trace=300000, class=java.util.ArrayList@500000f1)
	elementData	50002383
ARR 50002383 (sz=80, trace=300000, nelems=12, elem type=java.lang.Object[]@5000011c)
	[0]		50002384
	[1]		50002385
	[2]		50002386
	[3]		50002387
	[4]		50002388
	[5]		50002389
	[6]		5000238a
	[7]		5000238b
	[8]		5000238c
	[9]		5000238d
	[10]		5000238e
	[11]		5000238f
OBJ 50002384 (sz=64, trace=300000, class=java.net.URL@5000012d)
	protocol	50002251
	host		50000ed3
	file		500023a6
	authority	50000ed3
	path		500023a6
	handler		50002262
OBJ 50002385 (sz=64, trace=300000, class=java.net.URL@5000012d)
	protocol	50002251
	host		50000ed3
	file		500023a4
	authority	50000ed3
	path		500023a4
	handler		50002262
OBJ 50002386 (sz=64, trace=300000, class=java.net.URL@5000012d)
	protocol	50002251
	host		50000ed3
	file		500023a2
	authority	50000ed3
	path		500023a2
	handler		50002262
OBJ 50002387 (sz=64, trace=300000, class=java.net.URL@5000012d)
	protocol	50002251
	host		50000ed3
	file		500023a0
	authority	50000ed3
	path		500023a0
	handler		50002262
OBJ 50002388 (sz=64, trace=300000, class=java.net.URL@5000012d)
	protocol	50002251
	host		50000ed3
	file		5000239e
	authority	50000ed3
	path		5000239e
	handler		50002262
OBJ 50002389 (sz=64, trace=300000, class=java.net.URL@5000012d)
	protocol	50002251
	host		50000ed3
	file		5000239c
	authority	50000ed3
	path		5000239c
	handler		50002262
OBJ 5000238a (sz=64, trace=300000, class=java.net.URL@5000012d)
	protocol	50002251
	host		50000ed3
	file		5000239a
	authority	50000ed3
	path		5000239a
	handler		50002262
OBJ 5000238b (sz=64, trace=300000, class=java.net.URL@5000012d)
	protocol	50002251
	host		50000ed3
	file		50002398
	authority	50000ed3
	path		50002398
	handler		50002262
OBJ 5000238c (sz=64, trace=300000, class=java.net.URL@5000012d)
	protocol	50002251
	host		50000ed3
	file		50002396
	authority	50000ed3
	path		50002396
	handler		50002262
OBJ 5000238d (sz=64, trace=300000, class=java.net.URL@5000012d)
	protocol	50002251
	host		50000ed3
	file		50002394
	authority	50000ed3
	path		50002394
	handler		50002262
OBJ 5000238e (sz=64, trace=300000, class=java.net.URL@5000012d)
	protocol	50002251
	host		50000ed3
	file		50002392
	authority	50000ed3
	path		50002392
	handler		50002262
OBJ 5000238f (sz=64, trace=300000, class=java.net.URL@5000012d)
	protocol	50002251
	host		50000ed3
	file		50002390
	authority	50000ed3
	path		50002390
	handler		50002262
OBJ 50002390 (sz=24, trace=300000, class=java.lang.String@50000181)
	value		50002391
ARR 50002391 (sz=110, trace=300000, nelems=55, elem type=char[])
OBJ 50002392 (sz=24, trace=300000, class=java.lang.String@50000181)
	value		50002393
ARR 50002393 (sz=118, trace=300000, nelems=59, elem type=char[])
OBJ 50002394 (sz=24, trace=300000, class=java.lang.String@50000181)
	value		50002395
ARR 50002395 (sz=118, trace=300000, nelems=59, elem type=char[])
OBJ 50002396 (sz=24, trace=300000, class=java.lang.String@50000181)
	value		50002397
ARR 50002397 (sz=130, trace=300000, nelems=65, elem type=char[])
OBJ 50002398 (sz=24, trace=300000, class=java.lang.String@50000181)
	value		50002399
ARR 50002399 (sz=110, trace=300000, nelems=55, elem type=char[])
OBJ 5000239a (sz=24, trace=300000, class=java.lang.String@50000181)
	value		5000239b
ARR 5000239b (sz=114, trace=300000, nelems=57, elem type=char[])
OBJ 5000239c (sz=24, trace=300000, class=java.lang.String@50000181)
	value		5000239d
ARR 5000239d (sz=120, trace=300000, nelems=60, elem type=char[])
OBJ 5000239e (sz=24, trace=300000, class=java.lang.String@50000181)
	value		5000239f
ARR 5000239f (sz=110, trace=300000, nelems=55, elem type=char[])
OBJ 500023a0 (sz=24, trace=300000, class=java.lang.String@50000181)
	value		500023a1
ARR 500023a1 (sz=114, trace=300000, nelems=57, elem type=char[])
OBJ 500023a2 (sz=24, trace=300000, class=java.lang.String@50000181)
	value		500023a3
ARR 500023a3 (sz=110, trace=300000, nelems=55, elem type=char[])
OBJ 500023a4 (sz=24, trace=300000, class=java.lang.String@50000181)
	value		500023a5
ARR 500023a5 (sz=116, trace=300000, nelems=58, elem type=char[])
OBJ 500023a6 (sz=24, trace=300000, class=java.lang.String@50000181)
	value		500023a7
ARR 500023a7 (sz=132, trace=300000, nelems=66, elem type=char[])
ARR 500023a8 (sz=96, trace=300000, nelems=0, elem type=java.lang.Object[]@5000011c)
OBJ 500023a9 (sz=32, trace=300000, class=java.lang.ref.ReferenceQueue@500000e6)
	lock		500023ab
ARR 500023aa (sz=80, trace=300000, nelems=0, elem type=java.util.WeakHashMap$Entry[]@5000003e)
OBJ 500023ab (sz=16, trace=300000, class=java.lang.ref.ReferenceQueue$Lock@500000e4)
OBJ 500023ac (sz=24, trace=300000, class=java.lang.String@50000181)
	value		500023b5
OBJ 500023ad (sz=24, trace=300000, class=java.lang.String@50000181)
	value		500023b4
OBJ 500023ae (sz=24, trace=300000, class=java.lang.String@50000181)
	value		500023b3
OBJ 500023af (sz=16, trace=300000, class=sun.misc.Launcher@5000012b)
	loader		50000dd5
OBJ 500023b0 (sz=16, trace=300000, class=sun.misc.Launcher$Factory@50000042)
OBJ 500023b1 (sz=24, trace=300000, class=java.lang.String@50000181)
	value		500023b2
ARR 500023b2 (sz=30, trace=300000, nelems=15, elem type=char[])
ARR 500023b3 (sz=38, trace=300000, nelems=19, elem type=char[])
ARR 500023b4 (sz=42, trace=300000, nelems=21, elem type=char[])
ARR 500023b5 (sz=26, trace=300000, nelems=13, elem type=char[])
ARR 500023b6 (sz=56, trace=300000, nelems=0, elem type=java.lang.Object[]@5000011c)
OBJ 500023b7 (sz=16, trace=300000, class=java.security.ProtectionDomain$Key@50000008)
ARR 500023b8 (sz=16, trace=300000, nelems=0, elem type=java.security.Principal[]@50000006)
OBJ 500023b9 (sz=32, trace=300000, class=java.security.CodeSource@50000128)
OBJ 500023ba (sz=16, trace=300000, class=java.util.HashSet@50000005)
	map		500023bb
OBJ 500023bb (sz=48, trace=300000, class=java.util.HashMap@500000d9)
ARR 500023bc (sz=56, trace=300000, nelems=0, elem type=java.lang.Object[]@5000011c)
OBJ 500023bd (sz=16, trace=300000, class=sun.net.www.protocol.jar.Handler@50000003)
OBJ 500023be (sz=48, trace=300000, class=java.util.HashMap@500000d9)
	table		500005e1
OBJ 500023bf (sz=24, trace=300000, class=java.util.ArrayList@500000f1)
	elementData	500005e0
OBJ 500023c0 (sz=32, trace=300000, class=java.util.Stack@500000f6)
	elementData	500023cf
OBJ 500023c1 (sz=24, trace=300000, class=java.util.ArrayList@500000f1)
	elementData	500023c2
ARR 500023c2 (sz=56, trace=300000, nelems=4, elem type=java.lang.Object[]@5000011c)
	[0]		500023c3
	[1]		500023c4
	[2]		500023c5
	[3]		500023c6
OBJ 500023c3 (sz=64, trace=300000, class=java.net.URL@5000012d)
	protocol	50002251
	host		50000ed3
	file		500023cd
	authority	50000ed3
	path		500023cd
	handler		50002262
OBJ 500023c4 (sz=64, trace=300000, class=java.net.URL@5000012d)
	protocol	50002251
	host		50000ed3
	file		500023cb
	authority	50000ed3
	path		500023cb
	handler		50002262
OBJ 500023c5 (sz=64, trace=300000, class=java.net.URL@5000012d)
	protocol	50002251
	host		50000ed3
	file		500023c9
	authority	50000ed3
	path		500023c9
	handler		50002262
OBJ 500023c6 (sz=64, trace=300000, class=java.net.URL@5000012d)
	protocol	50002251
	host		50000ed3
	file		500023c7
	authority	50000ed3
	path		500023c7
	handler		50002262
OBJ 500023c7 (sz=24, trace=300000, class=java.lang.String@50000181)
	value		500023c8
ARR 500023c8 (sz=132, trace=300000, nelems=66, elem type=char[])
OBJ 500023c9 (sz=24, trace=300000, class=java.lang.String@50000181)
	value		500023ca
ARR 500023ca (sz=100, trace=300000, nelems=50, elem type=char[])
OBJ 500023cb (sz=24, trace=300000, class=java.lang.String@50000181)
	value		500023cc
ARR 500023cc (sz=94, trace=300000, nelems=47, elem type=char[])
OBJ 500023cd (sz=24, trace=300000, class=java.lang.String@50000181)
	value		500023ce
ARR 500023ce (sz=132, trace=300000, nelems=66, elem type=char[])
ARR 500023cf (sz=56, trace=300000, nelems=0, elem type=java.lang.Object[]@5000011c)
OBJ 500023d0 (sz=32, trace=300000, class=java.lang.ref.ReferenceQueue@500000e6)
	lock		500023d2
ARR 500023d1 (sz=80, trace=300000, nelems=0, elem type=java.util.WeakHashMap$Entry[]@5000003e)
OBJ 500023d2 (sz=16, trace=300000, class=java.lang.ref.ReferenceQueue$Lock@500000e4)
ARR 500023d3 (sz=56, trace=300000, nelems=1, elem type=java.lang.Object[]@5000011c)
	[0]		50000f15
ARR 500023d4 (sz=56, trace=300000, nelems=1, elem type=java.lang.Object[]@5000011c)
	[0]		500023d5
OBJ 500023d5 (sz=40, trace=300000, class=java.lang.ClassLoader$NativeLibrary@50000053)
	fromClass	5000017a
	name		50000f15
ARR 500023d6 (sz=56, trace=300000, nelems=0, elem type=java.lang.Object[]@5000011c)
OBJ 500023d7 (sz=24, trace=300000, class=java.lang.String@50000181)
	value		50002418
OBJ 500023d8 (sz=24, trace=300000, class=java.lang.String@50000181)
	value		50002417
OBJ 500023d9 (sz=24, trace=300000, class=java.lang.String@50000181)
	value		50002416
OBJ 500023da (sz=24, trace=300000, class=java.lang.String@50000181)
	value		50002415
OBJ 500023db (sz=24, trace=300000, class=java.lang.String@50000181)
	value		50002414
OBJ 500023dc (sz=24, trace=300000, class=java.lang.String@50000181)
	value		50002413
OBJ 500023dd (sz=24, trace=300000, class=java.lang.String@50000181)
	value		50002412
OBJ 500023de (sz=24, trace=300000, class=java.lang.String@50000181)
	value		50002411
OBJ 500023df (sz=24, trace=300000, class=java.lang.String@50000181)
	value		50002410
OBJ 500023e0 (sz=24, trace=300000, class=java.lang.String@50000181)
	value		5000240f
OBJ 500023e1 (sz=24, trace=300000, class=java.lang.String@50000181)
	value		5000240e
OBJ 500023e2 (sz=24, trace=300000, class=java.lang.String@50000181)
	value		5000240d
OBJ 500023e3 (sz=24, trace=300000, class=java.lang.String@50000181)
	value		5000240c
OBJ 500023e4 (sz=24, trace=300000, class=java.lang.String@50000181)
	value		5000240b
OBJ 500023e5 (sz=24, trace=300000, class=java.lang.String@50000181)
	value		5000240a
OBJ 500023e6 (sz=24, trace=300000, class=java.lang.String@50000181)
	value		50002409
OBJ 500023e7 (sz=24, trace=300000, class=java.lang.String@50000181)
	value		50002408
OBJ 500023e8 (sz=24, trace=300000, class=java.lang.String@50000181)
	value		50002407
OBJ 500023e9 (sz=24, trace=300000, class=java.lang.String@50000181)
	value		50002406
OBJ 500023ea (sz=24, trace=300000, class=java.lang.String@50000181)
	value		50002405
OBJ 500023eb (sz=24, trace=300000, class=java.lang.String@50000181)
	value		50002404
OBJ 500023ec (sz=24, trace=300000, class=java.lang.String@50000181)
	value		50002403
OBJ 500023ed (sz=24, trace=300000, class=java.lang.String@50000181)
	value		50002402
OBJ 500023ee (sz=24, trace=300000, class=java.lang.String@50000181)
	value		50002401
OBJ 500023ef (sz=24, trace=300000, class=java.lang.String@50000181)
	value		50002400
OBJ 500023f0 (sz=24, trace=300000, class=java.lang.String@50000181)
	value		500023ff
OBJ 500023f1 (sz=24, trace=300000, class=java.lang.String@50000181)
	value		500023fe
OBJ 500023f2 (sz=24, trace=300000, class=java.lang.String@50000181)
	value		500023fd
OBJ 500023f3 (sz=24, trace=300000, class=java.lang.String@50000181)
	value		500023fc
OBJ 500023f4 (sz=24, trace=300000, class=java.lang.String@50000181)
	value		500023fb
OBJ 500023f5 (sz=24, trace=300000, class=java.lang.String@50000181)
	value		500023fa
OBJ 500023f6 (sz=24, trace=300000, class=java.lang.String@50000181)
	value		500023f9
OBJ 500023f7 (sz=24, trace=300000, class=java.lang.String@50000181)
	value		500023f8
ARR 500023f8 (sz=2, trace=300000, nelems=1, elem type=char[])
ARR 500023f9 (sz=58, trace=300000, nelems=29, elem type=char[])
ARR 500023fa (sz=74, trace=300000, nelems=37, elem type=char[])
ARR 500023fb (sz=92, trace=300000, nelems=46, elem type=char[])
ARR 500023fc (sz=64, trace=300000, nelems=32, elem type=char[])
ARR 500023fd (sz=64, trace=300000, nelems=32, elem type=char[])
ARR 500023fe (sz=48, trace=300000, nelems=24, elem type=char[])
ARR 500023ff (sz=62, trace=300000, nelems=31, elem type=char[])
ARR 50002400 (sz=82, trace=300000, nelems=41, elem type=char[])
ARR 50002401 (sz=74, trace=300000, nelems=37, elem type=char[])
ARR 50002402 (sz=32, trace=300000, nelems=16, elem type=char[])
ARR 50002403 (sz=26, trace=300000, nelems=13, elem type=char[])
ARR 50002404 (sz=50, trace=300000, nelems=25, elem type=char[])
ARR 50002405 (sz=128, trace=300000, nelems=64, elem type=char[])
ARR 50002406 (sz=140, trace=300000, nelems=70, elem type=char[])
ARR 50002407 (sz=128, trace=300000, nelems=64, elem type=char[])
ARR 50002408 (sz=140, trace=300000, nelems=70, elem type=char[])
ARR 50002409 (sz=92, trace=300000, nelems=46, elem type=char[])
ARR 5000240a (sz=102, trace=300000, nelems=51, elem type=char[])
ARR 5000240b (sz=64, trace=300000, nelems=32, elem type=char[])
ARR 5000240c (sz=86, trace=300000, nelems=43, elem type=char[])
ARR 5000240d (sz=48, trace=300000, nelems=24, elem type=char[])
ARR 5000240e (sz=20, trace=300000, nelems=10, elem type=char[])
ARR 5000240f (sz=38, trace=300000, nelems=19, elem type=char[])
ARR 50002410 (sz=70, trace=300000, nelems=35, elem type=char[])
ARR 50002411 (sz=82, trace=300000, nelems=41, elem type=char[])
ARR 50002412 (sz=70, trace=300000, nelems=35, elem type=char[])
ARR 50002413 (sz=26, trace=300000, nelems=13, elem type=char[])
ARR 50002414 (sz=36, trace=300000, nelems=18, elem type=char[])
ARR 50002415 (sz=20, trace=300000, nelems=10, elem type=char[])
ARR 50002416 (sz=38, trace=300000, nelems=19, elem type=char[])
ARR 50002417 (sz=46, trace=300000, nelems=23, elem type=char[])
ARR 50002418 (sz=70, trace=300000, nelems=35, elem type=char[])
OBJ 50002419 (sz=24, trace=300000, class=java.lang.String@50000181)
	value		5000241a
ARR 5000241a (sz=48, trace=300000, nelems=24, elem type=char[])
OBJ 5000241b (sz=24, trace=300000, class=java.util.Collections$SetFromMap@5000003d)
	m		5000241d
	s		5000241c
OBJ 5000241c (sz=16, trace=300000, class=java.util.WeakHashMap$KeySet@5000003c)
	this$0		5000241d
OBJ 5000241d (sz=48, trace=300000, class=java.util.WeakHashMap@500000ba)
	keySet		5000241c
	table		5000241f
	queue		5000241e
OBJ 5000241e (sz=32, trace=300000, class=java.lang.ref.ReferenceQueue@500000e6)
	lock		50002424
ARR 5000241f (sz=80, trace=300000, nelems=14, elem type=java.util.WeakHashMap$Entry[]@5000003e)
	[4]		50002420
	[6]		50002421
	[13]		50002422
OBJ 50002420 (sz=40, trace=300000, class=java.util.WeakHashMap$Entry@5000003f)
	referent	5000012e
	queue		5000241e
	value		500010ca
OBJ 50002421 (sz=40, trace=300000, class=java.util.WeakHashMap$Entry@5000003f)
	referent	50000171
	queue		5000241e
	value		500010ca
	next		50002425
OBJ 50002422 (sz=40, trace=300000, class=java.util.WeakHashMap$Entry@5000003f)
	referent	5000012a
	queue		5000241e
	value		500010ca
	next		50002423
OBJ 50002423 (sz=40, trace=300000, class=java.util.WeakHashMap$Entry@5000003f)
	referent	50000129
	queue		5000241e
	value		500010ca
OBJ 50002424 (sz=16, trace=300000, class=java.lang.ref.ReferenceQueue$Lock@500000e4)
OBJ 50002425 (sz=40, trace=300000, class=java.util.WeakHashMap$Entry@5000003f)
	referent	5000017b
	queue		5000241e
	value		500010ca
ARR 50002426 (sz=42, trace=300000, nelems=21, elem type=char[])
ARR 50002427 (sz=34, trace=300000, nelems=17, elem type=char[])
ARR 50002428 (sz=58, trace=300000, nelems=29, elem type=char[])
ARR 50002429 (sz=54, trace=300000, nelems=27, elem type=char[])
ARR 5000242a (sz=74, trace=300000, nelems=37, elem type=char[])
ARR 5000242b (sz=44, trace=300000, nelems=22, elem type=char[])
ARR 5000242c (sz=4, trace=300000, nelems=2, elem type=char[])
ARR 5000242d (sz=18, trace=300000, nelems=9, elem type=char[])
OBJ 5000242e (sz=24, trace=300000, class=java.lang.String@50000181)
	value		50002433
OBJ 5000242f (sz=24, trace=300000, class=java.lang.String@50000181)
	value		50002432
OBJ 50002430 (sz=24, trace=300000, class=java.lang.String@50000181)
	value		50002431
ARR 50002431 (sz=28, trace=300000, nelems=14, elem type=char[])
ARR 50002432 (sz=28, trace=300000, nelems=14, elem type=char[])
ARR 50002433 (sz=28, trace=300000, nelems=14, elem type=char[])
OBJ 50002434 (sz=24, trace=300000, class=java.lang.String@50000181)
	value		50002435
ARR 50002435 (sz=40, trace=300000, nelems=20, elem type=char[])
ARR 50002436 (sz=10, trace=300000, nelems=5, elem type=char[])
OBJ 50002437 (sz=64, trace=300000, class=java.io.ExpiringCache$1@5000005e)
	table		50002439
	head		50002438
	tail		50000939
	this$0		50000f01
OBJ 50002438 (sz=40, trace=300000, class=java.util.LinkedHashMap$Entry@50000054)
	key		50002442
	value		50002441
	next		5000243b
	after		5000243a
ARR 50002439 (sz=80, trace=300000, nelems=15, elem type=java.util.HashMap$Node[]@500000d5)
	[9]		50000939
	[11]		50002438
	[14]		5000243a
OBJ 5000243a (sz=40, trace=300000, class=java.util.LinkedHashMap$Entry@50000054)
	key		5000243d
	value		5000243c
	before		50002438
	after		5000243b
OBJ 5000243b (sz=40, trace=300000, class=java.util.LinkedHashMap$Entry@50000054)
	key		50002447
	value		50002446
	before		5000243a
	after		50000939
OBJ 5000243c (sz=24, trace=300000, class=java.io.ExpiringCache$Entry@50000055)
	val		5000243f
OBJ 5000243d (sz=24, trace=300000, class=java.lang.String@50000181)
	value		5000243e
ARR 5000243e (sz=84, trace=300000, nelems=42, elem type=char[])
OBJ 5000243f (sz=24, trace=300000, class=java.lang.String@50000181)
	value		50002440
ARR 50002440 (sz=84, trace=300000, nelems=42, elem type=char[])
OBJ 50002441 (sz=24, trace=300000, class=java.io.ExpiringCache$Entry@50000055)
	val		50002444
OBJ 50002442 (sz=24, trace=300000, class=java.lang.String@50000181)
	value		50002443
ARR 50002443 (sz=76, trace=300000, nelems=38, elem type=char[])
OBJ 50002444 (sz=24, trace=300000, class=java.lang.String@50000181)
	value		50002445
ARR 50002445 (sz=76, trace=300000, nelems=38, elem type=char[])
OBJ 50002446 (sz=24, trace=300000, class=java.io.ExpiringCache$Entry@50000055)
	val		50002449
OBJ 50002447 (sz=24, trace=300000, class=java.lang.String@50000181)
	value		50002448
ARR 50002448 (sz=74, trace=300000, nelems=37, elem type=char[])
OBJ 50002449 (sz=24, trace=300000, class=java.lang.String@50000181)
	value		5000244a
ARR 5000244a (sz=74, trace=300000, nelems=37, elem type=char[])
OBJ 5000244b (sz=24, trace=300000, class=java.lang.String@50000181)
	value		500025a2
OBJ 5000244c (sz=24, trace=300000, class=java.lang.String@50000181)
	value		500025a1
OBJ 5000244d (sz=24, trace=300000, class=java.lang.String@50000181)
	value		500025a0
ARR 5000244e (sz=120, trace=300000, nelems=0, elem type=java.lang.String[]@500000db)
OBJ 5000244f (sz=24, trace=300000, class=java.lang.String@50000181)
	value		500024d3
OBJ 50002450 (sz=24, trace=300000, class=java.lang.String@50000181)
	value		500024e4
OBJ 50002451 (sz=24, trace=300000, class=java.lang.String@50000181)
	value		50002514
OBJ 50002452 (sz=24, trace=300000, class=java.lang.String@50000181)
	value		5000252c
OBJ 50002453 (sz=24, trace=300000, class=java.lang.String@50000181)
	value		500024ec
OBJ 50002454 (sz=24, trace=300000, class=java.lang.String@50000181)
	value		5000250b
OBJ 50002455 (sz=24, trace=300000, class=java.lang.String@50000181)
	value		50002580
OBJ 50002456 (sz=24, trace=300000, class=java.lang.String@50000181)
	value		500024e3
OBJ 50002457 (sz=24, trace=300000, class=java.lang.String@50000181)
	value		50002497
OBJ 50002458 (sz=24, trace=300000, class=java.lang.String@50000181)
	value		5000257c
OBJ 50002459 (sz=24, trace=300000, class=java.lang.String@50000181)
	value		500024b4
OBJ 5000245a (sz=24, trace=300000, class=java.lang.String@50000181)
	value		5000257e
OBJ 5000245b (sz=24, trace=300000, class=java.lang.String@50000181)
	value		500024f5
OBJ 5000245c (sz=24, trace=300000, class=java.lang.String@50000181)
	value		500024c7
OBJ 5000245d (sz=24, trace=300000, class=java.lang.String@50000181)
	value		500024be
OBJ 5000245e (sz=24, trace=300000, class=java.lang.String@50000181)
	value		50002581
OBJ 5000245f (sz=24, trace=300000, class=java.lang.String@50000181)
	value		5000257d
OBJ 50002460 (sz=24, trace=300000, class=java.lang.String@50000181)
	value		5000259b
OBJ 50002461 (sz=24, trace=300000, class=java.lang.String@50000181)
	value		5000259a
OBJ 50002462 (sz=24, trace=300000, class=java.lang.String@50000181)
	value		50002599
OBJ 50002463 (sz=24, trace=300000, class=java.lang.String@50000181)
	value		50002598
OBJ 50002464 (sz=24, trace=300000, class=java.lang.String@50000181)
	value		50002597
OBJ 50002465 (sz=24, trace=300000, class=java.lang.String@50000181)
	value		50002596
OBJ 50002466 (sz=24, trace=300000, class=java.lang.String@50000181)
	value		5000257f
OBJ 50002467 (sz=24, trace=300000, class=java.lang.String@50000181)
	value		500024c9
OBJ 50002468 (sz=24, trace=300000, class=java.lang.String@50000181)
	value		500024b5
OBJ 50002469 (sz=24, trace=300000, class=java.lang.String@50000181)
	value		50002498
OBJ 5000246a (sz=24, trace=300000, class=java.lang.String@50000181)
	value		500024bf
OBJ 5000246b (sz=24, trace=300000, class=java.lang.String@50000181)
	value		5000251d
ARR 5000246c (sz=40, trace=300000, nelems=6, elem type=java.io.ObjectStreamField[]@5000010e)
	[0]		50002576
	[1]		50002577
	[2]		50002578
	[3]		50002579
	[4]		5000257a
	[5]		5000257b
OBJ 5000246d (sz=32, trace=300000, class=java.util.Locale@5000002e)
	baseLocale	50002543
OBJ 5000246e (sz=32, trace=300000, class=java.util.Locale@5000002e)
	baseLocale	5000254a
OBJ 5000246f (sz=32, trace=300000, class=java.util.Locale@5000002e)
	baseLocale	500024b6
OBJ 50002470 (sz=32, trace=300000, class=java.util.Locale@5000002e)
	baseLocale	50002525
OBJ 50002471 (sz=32, trace=300000, class=java.util.Locale@5000002e)
	baseLocale	5000251e
OBJ 50002472 (sz=32, trace=300000, class=java.util.Locale@5000002e)
	baseLocale	50002496
OBJ 50002473 (sz=32, trace=300000, class=java.util.Locale@5000002e)
	baseLocale	5000250c
OBJ 50002474 (sz=32, trace=300000, class=java.util.Locale@5000002e)
	baseLocale	500024c0
OBJ 50002475 (sz=32, trace=300000, class=java.util.Locale@5000002e)
	baseLocale	500024ed
OBJ 50002476 (sz=32, trace=300000, class=java.util.Locale@5000002e)
	baseLocale	5000252d
OBJ 50002477 (sz=32, trace=300000, class=java.util.Locale@5000002e)
	baseLocale	500024e5
OBJ 50002478 (sz=32, trace=300000, class=java.util.Locale@5000002e)
	baseLocale	50002515
OBJ 50002479 (sz=32, trace=300000, class=java.util.Locale@5000002e)
	baseLocale	500024d2
OBJ 5000247a (sz=32, trace=300000, class=java.util.Locale@5000002e)
	baseLocale	50002534
OBJ 5000247b (sz=32, trace=300000, class=java.util.Locale@5000002e)
	baseLocale	500024c8
OBJ 5000247c (sz=32, trace=300000, class=java.util.Locale@5000002e)
	baseLocale	500024f6
OBJ 5000247d (sz=32, trace=300000, class=java.util.Locale@5000002e)
	baseLocale	5000253b
OBJ 5000247e (sz=32, trace=300000, class=java.util.Locale@5000002e)
	baseLocale	500024db
OBJ 5000247f (sz=32, trace=300000, class=java.util.Locale@5000002e)
	baseLocale	50002503
OBJ 50002480 (sz=24, trace=300000, class=java.util.Locale$Cache@5000002c)
	map		50002482
	queue		50002481
OBJ 50002481 (sz=32, trace=300000, class=java.lang.ref.ReferenceQueue@500000e6)
	lock		5000254e
OBJ 50002482 (sz=64, trace=300000, class=java.util.concurrent.ConcurrentHashMap@5000002a)
	table		50002483
ARR 50002483 (sz=144, trace=300000, nelems=31, elem type=java.util.concurrent.ConcurrentHashMap$Node[]@50000022)
	[0]		50002484
	[1]		50002485
	[2]		50002486
	[4]		50002487
	[5]		50002488
	[8]		50002489
	[9]		5000248a
	[10]		5000248b
	[14]		5000248c
	[16]		5000248d
	[20]		5000248e
	[22]		5000248f
	[23]		50002490
	[26]		50002491
	[27]		50002492
	[29]		50000be7
	[30]		50002493
OBJ 50002484 (sz=32, trace=300000, class=java.util.concurrent.ConcurrentHashMap$Node@50000023)
	key		50002573
	val		50002572
	next		50002571
OBJ 50002485 (sz=32, trace=300000, class=java.util.concurrent.ConcurrentHashMap$Node@50000023)
	key		50002570
	val		5000256f
OBJ 50002486 (sz=32, trace=300000, class=java.util.concurrent.ConcurrentHashMap$Node@50000023)
	key		5000256e
	val		5000256d
OBJ 50002487 (sz=32, trace=300000, class=java.util.concurrent.ConcurrentHashMap$Node@50000023)
	key		5000256c
	val		5000256b
OBJ 50002488 (sz=32, trace=300000, class=java.util.concurrent.ConcurrentHashMap$Node@50000023)
	key		5000256a
	val		50002569
OBJ 50002489 (sz=32, trace=300000, class=java.util.concurrent.ConcurrentHashMap$Node@50000023)
	key		50002566
	val		50002565
	next		50002564
OBJ 5000248a (sz=32, trace=300000, class=java.util.concurrent.ConcurrentHashMap$Node@50000023)
	key		50002563
	val		50002562
OBJ 5000248b (sz=32, trace=300000, class=java.util.concurrent.ConcurrentHashMap$Node@50000023)
	key		50002561
	val		50002560
	next		50000bd4
OBJ 5000248c (sz=32, trace=300000, class=java.util.concurrent.ConcurrentHashMap$Node@50000023)
	key		5000255f
	val		5000255e
OBJ 5000248d (sz=32, trace=300000, class=java.util.concurrent.ConcurrentHashMap$Node@50000023)
	key		5000255d
	val		5000255c
OBJ 5000248e (sz=32, trace=300000, class=java.util.concurrent.ConcurrentHashMap$Node@50000023)
	key		5000255b
	val		5000255a
OBJ 5000248f (sz=32, trace=300000, class=java.util.concurrent.ConcurrentHashMap$Node@50000023)
	key		50002559
	val		50002558
OBJ 50002490 (sz=32, trace=300000, class=java.util.concurrent.ConcurrentHashMap$Node@50000023)
	key		50002557
	val		50002556
OBJ 50002491 (sz=32, trace=300000, class=java.util.concurrent.ConcurrentHashMap$Node@50000023)
	key		50002555
	val		50002554
OBJ 50002492 (sz=32, trace=300000, class=java.util.concurrent.ConcurrentHashMap$Node@50000023)
	key		50002551
	val		50002550
	next		5000254f
OBJ 50002493 (sz=32, trace=300000, class=java.util.concurrent.ConcurrentHashMap$Node@50000023)
	key		50002495
	val		50002494
OBJ 50002494 (sz=48, trace=300000, class=sun.util.locale.LocaleObjectCache$CacheEntry@50000018)
	referent	50002472
	queue		50002481
	key		50002495
OBJ 50002495 (sz=24, trace=300000, class=java.util.Locale$LocaleKey@50000017)
	base		50002496
OBJ 50002496 (sz=32, trace=300000, class=sun.util.locale.BaseLocale@5000001b)
	language	50002457
	script		50000ed3
	region		50002469
	variant		50000ed3
ARR 50002497 (sz=4, trace=300000, nelems=2, elem type=char[])
ARR 50002498 (sz=4, trace=300000, nelems=2, elem type=char[])
OBJ 50002499 (sz=24, trace=300000, class=java.lang.String@50000181)
	value		5000254d
OBJ 5000249a (sz=24, trace=300000, class=java.lang.String@50000181)
	value		5000254c
OBJ 5000249b (sz=24, trace=300000, class=java.lang.String@50000181)
	value		5000254b
OBJ 5000249c (sz=24, trace=300000, class=sun.util.locale.BaseLocale$Cache@5000001a)
	map		500024a0
	queue		5000249f
OBJ 5000249d (sz=24, trace=300000, class=java.lang.String@50000181)
	value		5000249e
ARR 5000249e (sz=2, trace=300000, nelems=1, elem type=char[])
OBJ 5000249f (sz=32, trace=300000, class=java.lang.ref.ReferenceQueue@500000e6)
	lock		500024b7
OBJ 500024a0 (sz=64, trace=300000, class=java.util.concurrent.ConcurrentHashMap@5000002a)
	table		500024a1
ARR 500024a1 (sz=144, trace=300000, nelems=27, elem type=java.util.concurrent.ConcurrentHashMap$Node[]@50000022)
	[0]		500024a2
	[1]		500024a3
	[4]		500024a4
	[7]		500024a5
	[8]		500024a6
	[9]		500024a7
	[11]		500024a8
	[12]		500024a9
	[13]		50000bd0
	[14]		500024aa
	[21]		50000be3
	[23]		500024ab
	[25]		500024ac
	[26]		500024ad
OBJ 500024a2 (sz=32, trace=300000, class=java.util.concurrent.ConcurrentHashMap$Node@50000023)
	key		5000253e
	val		5000253d
	next		5000253c
OBJ 500024a3 (sz=32, trace=300000, class=java.util.concurrent.ConcurrentHashMap$Node@50000023)
	key		50002536
	val		50002535
OBJ 500024a4 (sz=32, trace=300000, class=java.util.concurrent.ConcurrentHashMap$Node@50000023)
	key		5000252f
	val		5000252e
OBJ 500024a5 (sz=32, trace=300000, class=java.util.concurrent.ConcurrentHashMap$Node@50000023)
	key		50002527
	val		50002526
OBJ 500024a6 (sz=32, trace=300000, class=java.util.concurrent.ConcurrentHashMap$Node@50000023)
	key		50002506
	val		50002505
	next		50002504
OBJ 500024a7 (sz=32, trace=300000, class=java.util.concurrent.ConcurrentHashMap$Node@50000023)
	key		500024fe
	val		500024fd
OBJ 500024a8 (sz=32, trace=300000, class=java.util.concurrent.ConcurrentHashMap$Node@50000023)
	key		500024f0
	val		500024ef
	next		500024ee
OBJ 500024a9 (sz=32, trace=300000, class=java.util.concurrent.ConcurrentHashMap$Node@50000023)
	key		500024d6
	val		500024d5
	next		500024d4
OBJ 500024aa (sz=32, trace=300000, class=java.util.concurrent.ConcurrentHashMap$Node@50000023)
	key		500024cd
	val		500024cc
OBJ 500024ab (sz=32, trace=300000, class=java.util.concurrent.ConcurrentHashMap$Node@50000023)
	key		500024c2
	val		500024c1
OBJ 500024ac (sz=32, trace=300000, class=java.util.concurrent.ConcurrentHashMap$Node@50000023)
	key		500024b9
	val		500024b8
OBJ 500024ad (sz=32, trace=300000, class=java.util.concurrent.ConcurrentHashMap$Node@50000023)
	key		500024af
	val		500024ae
OBJ 500024ae (sz=48, trace=300000, class=sun.util.locale.LocaleObjectCache$CacheEntry@50000018)
	referent	500024b6
	queue		5000249f
	key		500024af
OBJ 500024af (sz=40, trace=300000, class=sun.util.locale.BaseLocale$Key@50000019)
	lang		500024b3
	scrt		500024b2
	regn		500024b1
	vart		500024b0
OBJ 500024b0 (sz=40, trace=300000, class=java.lang.ref.SoftReference@50000165)
	referent	50000ed3
	queue		5000168f
OBJ 500024b1 (sz=40, trace=300000, class=java.lang.ref.SoftReference@50000165)
	referent	50002468
	queue		5000168f
OBJ 500024b2 (sz=40, trace=300000, class=java.lang.ref.SoftReference@50000165)
	referent	50000ed3
	queue		5000168f
OBJ 500024b3 (sz=40, trace=300000, class=java.lang.ref.SoftReference@50000165)
	referent	50002459
	queue		5000168f
ARR 500024b4 (sz=4, trace=300000, nelems=2, elem type=char[])
ARR 500024b5 (sz=4, trace=300000, nelems=2, elem type=char[])
OBJ 500024b6 (sz=32, trace=300000, class=sun.util.locale.BaseLocale@5000001b)
	language	50002459
	script		50000ed3
	region		50002468
	variant		50000ed3
OBJ 500024b7 (sz=16, trace=300000, class=java.lang.ref.ReferenceQueue$Lock@500000e4)
OBJ 500024b8 (sz=48, trace=300000, class=sun.util.locale.LocaleObjectCache$CacheEntry@50000018)
	referent	500024c0
	queue		5000249f
	key		500024b9
OBJ 500024b9 (sz=40, trace=300000, class=sun.util.locale.BaseLocale$Key@50000019)
	lang		500024bd
	scrt		500024bc
	regn		500024bb
	vart		500024ba
OBJ 500024ba (sz=40, trace=300000, class=java.lang.ref.SoftReference@50000165)
	referent	50000ed3
	queue		5000168f
OBJ 500024bb (sz=40, trace=300000, class=java.lang.ref.SoftReference@50000165)
	referent	5000246a
	queue		5000168f
OBJ 500024bc (sz=40, trace=300000, class=java.lang.ref.SoftReference@50000165)
	referent	50000ed3
	queue		5000168f
OBJ 500024bd (sz=40, trace=300000, class=java.lang.ref.SoftReference@50000165)
	referent	5000245d
	queue		5000168f
ARR 500024be (sz=4, trace=300000, nelems=2, elem type=char[])
ARR 500024bf (sz=4, trace=300000, nelems=2, elem type=char[])
OBJ 500024c0 (sz=32, trace=300000, class=sun.util.locale.BaseLocale@5000001b)
	language	5000245d
	script		50000ed3
	region		5000246a
	variant		50000ed3
OBJ 500024c1 (sz=48, trace=300000, class=sun.util.locale.LocaleObjectCache$CacheEntry@50000018)
	referent	500024c8
	queue		5000249f
	key		500024c2
OBJ 500024c2 (sz=40, trace=300000, class=sun.util.locale.BaseLocale$Key@50000019)
	lang		500024c6
	scrt		500024c5
	regn		500024c4
	vart		500024c3
OBJ 500024c3 (sz=40, trace=300000, class=java.lang.ref.SoftReference@50000165)
	referent	50000ed3
	queue		5000168f
OBJ 500024c4 (sz=40, trace=300000, class=java.lang.ref.SoftReference@50000165)
	referent	50000ed3
	queue		5000168f
OBJ 500024c5 (sz=40, trace=300000, class=java.lang.ref.SoftReference@50000165)
	referent	50000ed3
	queue		5000168f
OBJ 500024c6 (sz=40, trace=300000, class=java.lang.ref.SoftReference@50000165)
	referent	5000245c
	queue		5000168f
ARR 500024c7 (sz=4, trace=300000, nelems=2, elem type=char[])
OBJ 500024c8 (sz=32, trace=300000, class=sun.util.locale.BaseLocale@5000001b)
	language	5000245c
	script		50000ed3
	region		50000ed3
	variant		50000ed3
ARR 500024c9 (sz=4, trace=300000, nelems=2, elem type=char[])
OBJ 500024ca (sz=24, trace=300000, class=java.lang.String@50000181)
	value		500024cb
ARR 500024cb (sz=8, trace=300000, nelems=4, elem type=char[])
OBJ 500024cc (sz=48, trace=300000, class=sun.util.locale.LocaleObjectCache$CacheEntry@50000018)
	referent	500024d2
	queue		5000249f
	key		500024cd
OBJ 500024cd (sz=40, trace=300000, class=sun.util.locale.BaseLocale$Key@50000019)
	lang		500024d1
	scrt		500024d0
	regn		500024cf
	vart		500024ce
OBJ 500024ce (sz=40, trace=300000, class=java.lang.ref.SoftReference@50000165)
	referent	50000ed3
	queue		5000168f
OBJ 500024cf (sz=40, trace=300000, class=java.lang.ref.SoftReference@50000165)
	referent	50000ed3
	queue		5000168f
OBJ 500024d0 (sz=40, trace=300000, class=java.lang.ref.SoftReference@50000165)
	referent	50000ed3
	queue		5000168f
OBJ 500024d1 (sz=40, trace=300000, class=java.lang.ref.SoftReference@50000165)
	referent	50002467
	queue		5000168f
OBJ 500024d2 (sz=32, trace=300000, class=sun.util.locale.BaseLocale@5000001b)
	language	50002467
	script		50000ed3
	region		50000ed3
	variant		50000ed3
ARR 500024d3 (sz=4, trace=300000, nelems=2, elem type=char[])
OBJ 500024d4 (sz=32, trace=300000, class=java.util.concurrent.ConcurrentHashMap$Node@50000023)
	key		500024de
	val		500024dd
	next		500024dc
OBJ 500024d5 (sz=48, trace=300000, class=sun.util.locale.LocaleObjectCache$CacheEntry@50000018)
	referent	500024db
	queue		5000249f
	key		500024d6
OBJ 500024d6 (sz=40, trace=300000, class=sun.util.locale.BaseLocale$Key@50000019)
	lang		500024da
	scrt		500024d9
	regn		500024d8
	vart		500024d7
OBJ 500024d7 (sz=40, trace=300000, class=java.lang.ref.SoftReference@50000165)
	referent	50000ed3
	queue		5000168f
OBJ 500024d8 (sz=40, trace=300000, class=java.lang.ref.SoftReference@50000165)
	referent	50000ed3
	queue		5000168f
OBJ 500024d9 (sz=40, trace=300000, class=java.lang.ref.SoftReference@50000165)
	referent	50000ed3
	queue		5000168f
OBJ 500024da (sz=40, trace=300000, class=java.lang.ref.SoftReference@50000165)
	referent	50002459
	queue		5000168f
OBJ 500024db (sz=32, trace=300000, class=sun.util.locale.BaseLocale@5000001b)
	language	50002459
	script		50000ed3
	region		50000ed3
	variant		50000ed3
OBJ 500024dc (sz=32, trace=300000, class=java.util.concurrent.ConcurrentHashMap$Node@50000023)
	key		500024e7
	val		500024e6
OBJ 500024dd (sz=48, trace=300000, class=sun.util.locale.LocaleObjectCache$CacheEntry@50000018)
	referent	500024e5
	queue		5000249f
	key		500024de
OBJ 500024de (sz=40, trace=300000, class=sun.util.locale.BaseLocale$Key@50000019)
	lang		500024e2
	scrt		500024e1
	regn		500024e0
	vart		500024df
OBJ 500024df (sz=40, trace=300000, class=java.lang.ref.SoftReference@50000165)
	referent	50000ed3
	queue		5000168f
OBJ 500024e0 (sz=40, trace=300000, class=java.lang.ref.SoftReference@50000165)
	referent	50002450
	queue		5000168f
OBJ 500024e1 (sz=40, trace=300000, class=java.lang.ref.SoftReference@50000165)
	referent	50000ed3
	queue		5000168f
OBJ 500024e2 (sz=40, trace=300000, class=java.lang.ref.SoftReference@50000165)
	referent	50002456
	queue		5000168f
ARR 500024e3 (sz=4, trace=300000, nelems=2, elem type=char[])
ARR 500024e4 (sz=4, trace=300000, nelems=2, elem type=char[])
OBJ 500024e5 (sz=32, trace=300000, class=sun.util.locale.BaseLocale@5000001b)
	language	50002456
	script		50000ed3
	region		50002450
	variant		50000ed3
OBJ 500024e6 (sz=48, trace=300000, class=sun.util.locale.LocaleObjectCache$CacheEntry@50000018)
	referent	500024ed
	queue		5000249f
	key		500024e7
OBJ 500024e7 (sz=40, trace=300000, class=sun.util.locale.BaseLocale$Key@50000019)
	lang		500024eb
	scrt		500024ea
	regn		500024e9
	vart		500024e8
OBJ 500024e8 (sz=40, trace=300000, class=java.lang.ref.SoftReference@50000165)
	referent	50000ed3
	queue		5000168f
OBJ 500024e9 (sz=40, trace=300000, class=java.lang.ref.SoftReference@50000165)
	referent	50002453
	queue		5000168f
OBJ 500024ea (sz=40, trace=300000, class=java.lang.ref.SoftReference@50000165)
	referent	50000ed3
	queue		5000168f
OBJ 500024eb (sz=40, trace=300000, class=java.lang.ref.SoftReference@50000165)
	referent	5000245c
	queue		5000168f
ARR 500024ec (sz=4, trace=300000, nelems=2, elem type=char[])
OBJ 500024ed (sz=32, trace=300000, class=sun.util.locale.BaseLocale@5000001b)
	language	5000245c
	script		50000ed3
	region		50002453
	variant		50000ed3
OBJ 500024ee (sz=32, trace=300000, class=java.util.concurrent.ConcurrentHashMap$Node@50000023)
	key		500024f8
	val		500024f7
OBJ 500024ef (sz=48, trace=300000, class=sun.util.locale.LocaleObjectCache$CacheEntry@50000018)
	referent	500024f6
	queue		5000249f
	key		500024f0
OBJ 500024f0 (sz=40, trace=300000, class=sun.util.locale.BaseLocale$Key@50000019)
	lang		500024f4
	scrt		500024f3
	regn		500024f2
	vart		500024f1
OBJ 500024f1 (sz=40, trace=300000, class=java.lang.ref.SoftReference@50000165)
	referent	50000ed3
	queue		5000168f
OBJ 500024f2 (sz=40, trace=300000, class=java.lang.ref.SoftReference@50000165)
	referent	50000ed3
	queue		5000168f
OBJ 500024f3 (sz=40, trace=300000, class=java.lang.ref.SoftReference@50000165)
	referent	50000ed3
	queue		5000168f
OBJ 500024f4 (sz=40, trace=300000, class=java.lang.ref.SoftReference@50000165)
	referent	5000245b
	queue		5000168f
ARR 500024f5 (sz=4, trace=300000, nelems=2, elem type=char[])
OBJ 500024f6 (sz=32, trace=300000, class=sun.util.locale.BaseLocale@5000001b)
	language	5000245b
	script		50000ed3
	region		50000ed3
	variant		50000ed3
OBJ 500024f7 (sz=48, trace=300000, class=sun.util.locale.LocaleObjectCache$CacheEntry@50000018)
	referent	50002496
	queue		5000249f
	key		500024f8
OBJ 500024f8 (sz=40, trace=300000, class=sun.util.locale.BaseLocale$Key@50000019)
	lang		500024fc
	scrt		500024fb
	regn		500024fa
	vart		500024f9
OBJ 500024f9 (sz=40, trace=300000, class=java.lang.ref.SoftReference@50000165)
	referent	50000ed3
	queue		5000168f
OBJ 500024fa (sz=40, trace=300000, class=java.lang.ref.SoftReference@50000165)
	referent	50002469
	queue		5000168f
OBJ 500024fb (sz=40, trace=300000, class=java.lang.ref.SoftReference@50000165)
	referent	50000ed3
	queue		5000168f
OBJ 500024fc (sz=40, trace=300000, class=java.lang.ref.SoftReference@50000165)
	referent	50002457
	queue		5000168f
OBJ 500024fd (sz=48, trace=300000, class=sun.util.locale.LocaleObjectCache$CacheEntry@50000018)
	referent	50002503
	queue		5000249f
	key		500024fe
OBJ 500024fe (sz=40, trace=300000, class=sun.util.locale.BaseLocale$Key@50000019)
	lang		50002502
	scrt		50002501
	regn		50002500
	vart		500024ff
OBJ 500024ff (sz=40, trace=300000, class=java.lang.ref.SoftReference@50000165)
	referent	50000ed3
	queue		5000168f
OBJ 50002500 (sz=40, trace=300000, class=java.lang.ref.SoftReference@50000165)
	referent	50000ed3
	queue		5000168f
OBJ 50002501 (sz=40, trace=300000, class=java.lang.ref.SoftReference@50000165)
	referent	50000ed3
	queue		5000168f
OBJ 50002502 (sz=40, trace=300000, class=java.lang.ref.SoftReference@50000165)
	referent	50002457
	queue		5000168f
OBJ 50002503 (sz=32, trace=300000, class=sun.util.locale.BaseLocale@5000001b)
	language	50002457
	script		50000ed3
	region		50000ed3
	variant		50000ed3
OBJ 50002504 (sz=32, trace=300000, class=java.util.concurrent.ConcurrentHashMap$Node@50000023)
	key		5000250f
	val		5000250e
	next		5000250d
OBJ 50002505 (sz=48, trace=300000, class=sun.util.locale.LocaleObjectCache$CacheEntry@50000018)
	referent	5000250c
	queue		5000249f
	key		50002506
OBJ 50002506 (sz=40, trace=300000, class=sun.util.locale.BaseLocale$Key@50000019)
	lang		5000250a
	scrt		50002509
	regn		50002508
	vart		50002507
OBJ 50002507 (sz=40, trace=300000, class=java.lang.ref.SoftReference@50000165)
	referent	50000ed3
	queue		5000168f
OBJ 50002508 (sz=40, trace=300000, class=java.lang.ref.SoftReference@50000165)
	referent	50002454
	queue		5000168f
OBJ 50002509 (sz=40, trace=300000, class=java.lang.ref.SoftReference@50000165)
	referent	50000ed3
	queue		5000168f
OBJ 5000250a (sz=40, trace=300000, class=java.lang.ref.SoftReference@50000165)
	referent	50002467
	queue		5000168f
ARR 5000250b (sz=4, trace=300000, nelems=2, elem type=char[])
OBJ 5000250c (sz=32, trace=300000, class=sun.util.locale.BaseLocale@5000001b)
	language	50002467
	script		50000ed3
	region		50002454
	variant		50000ed3
OBJ 5000250d (sz=32, trace=300000, class=java.util.concurrent.ConcurrentHashMap$Node@50000023)
	key		50002518
	val		50002517
	next		50002516
OBJ 5000250e (sz=48, trace=300000, class=sun.util.locale.LocaleObjectCache$CacheEntry@50000018)
	referent	50002515
	queue		5000249f
	key		5000250f
OBJ 5000250f (sz=40, trace=300000, class=sun.util.locale.BaseLocale$Key@50000019)
	lang		50002513
	scrt		50002512
	regn		50002511
	vart		50002510
OBJ 50002510 (sz=40, trace=300000, class=java.lang.ref.SoftReference@50000165)
	referent	50000ed3
	queue		5000168f
OBJ 50002511 (sz=40, trace=300000, class=java.lang.ref.SoftReference@50000165)
	referent	50002451
	queue		5000168f
OBJ 50002512 (sz=40, trace=300000, class=java.lang.ref.SoftReference@50000165)
	referent	50000ed3
	queue		5000168f
OBJ 50002513 (sz=40, trace=300000, class=java.lang.ref.SoftReference@50000165)
	referent	50002459
	queue		5000168f
ARR 50002514 (sz=4, trace=300000, nelems=2, elem type=char[])
OBJ 50002515 (sz=32, trace=300000, class=sun.util.locale.BaseLocale@5000001b)
	language	50002459
	script		50000ed3
	region		50002451
	variant		50000ed3
OBJ 50002516 (sz=32, trace=300000, class=java.util.concurrent.ConcurrentHashMap$Node@50000023)
	key		50002520
	val		5000251f
OBJ 50002517 (sz=48, trace=300000, class=sun.util.locale.LocaleObjectCache$CacheEntry@50000018)
	referent	5000251e
	queue		5000249f
	key		50002518
OBJ 50002518 (sz=40, trace=300000, class=sun.util.locale.BaseLocale$Key@50000019)
	lang		5000251c
	scrt		5000251b
	regn		5000251a
	vart		50002519
OBJ 50002519 (sz=40, trace=300000, class=java.lang.ref.SoftReference@50000165)
	referent	50000ed3
	queue		5000168f
OBJ 5000251a (sz=40, trace=300000, class=java.lang.ref.SoftReference@50000165)
	referent	5000246b
	queue		5000168f
OBJ 5000251b (sz=40, trace=300000, class=java.lang.ref.SoftReference@50000165)
	referent	50000ed3
	queue		5000168f
OBJ 5000251c (sz=40, trace=300000, class=java.lang.ref.SoftReference@50000165)
	referent	50002457
	queue		5000168f
ARR 5000251d (sz=4, trace=300000, nelems=2, elem type=char[])
OBJ 5000251e (sz=32, trace=300000, class=sun.util.locale.BaseLocale@5000001b)
	language	50002457
	script		50000ed3
	region		5000246b
	variant		50000ed3
OBJ 5000251f (sz=48, trace=300000, class=sun.util.locale.LocaleObjectCache$CacheEntry@50000018)
	referent	50002525
	queue		5000249f
	key		50002520
OBJ 50002520 (sz=40, trace=300000, class=sun.util.locale.BaseLocale$Key@50000019)
	lang		50002524
	scrt		50002523
	regn		50002522
	vart		50002521
OBJ 50002521 (sz=40, trace=300000, class=java.lang.ref.SoftReference@50000165)
	referent	50000ed3
	queue		5000168f
OBJ 50002522 (sz=40, trace=300000, class=java.lang.ref.SoftReference@50000165)
	referent	50002468
	queue		5000168f
OBJ 50002523 (sz=40, trace=300000, class=java.lang.ref.SoftReference@50000165)
	referent	50000ed3
	queue		5000168f
OBJ 50002524 (sz=40, trace=300000, class=java.lang.ref.SoftReference@50000165)
	referent	50002457
	queue		5000168f
OBJ 50002525 (sz=32, trace=300000, class=sun.util.locale.BaseLocale@5000001b)
	language	50002457
	script		50000ed3
	region		50002468
	variant		50000ed3
OBJ 50002526 (sz=48, trace=300000, class=sun.util.locale.LocaleObjectCache$CacheEntry@50000018)
	referent	5000252d
	queue		5000249f
	key		50002527
OBJ 50002527 (sz=40, trace=300000, class=sun.util.locale.BaseLocale$Key@50000019)
	lang		5000252b
	scrt		5000252a
	regn		50002529
	vart		50002528
OBJ 50002528 (sz=40, trace=300000, class=java.lang.ref.SoftReference@50000165)
	referent	50000ed3
	queue		5000168f
OBJ 50002529 (sz=40, trace=300000, class=java.lang.ref.SoftReference@50000165)
	referent	50002452
	queue		5000168f
OBJ 5000252a (sz=40, trace=300000, class=java.lang.ref.SoftReference@50000165)
	referent	50000ed3
	queue		5000168f
OBJ 5000252b (sz=40, trace=300000, class=java.lang.ref.SoftReference@50000165)
	referent	5000245b
	queue		5000168f
ARR 5000252c (sz=4, trace=300000, nelems=2, elem type=char[])
OBJ 5000252d (sz=32, trace=300000, class=sun.util.locale.BaseLocale@5000001b)
	language	5000245b
	script		50000ed3
	region		50002452
	variant		50000ed3
OBJ 5000252e (sz=48, trace=300000, class=sun.util.locale.LocaleObjectCache$CacheEntry@50000018)
	referent	50002534
	queue		5000249f
	key		5000252f
OBJ 5000252f (sz=40, trace=300000, class=sun.util.locale.BaseLocale$Key@50000019)
	lang		50002533
	scrt		50002532
	regn		50002531
	vart		50002530
OBJ 50002530 (sz=40, trace=300000, class=java.lang.ref.SoftReference@50000165)
	referent	50000ed3
	queue		5000168f
OBJ 50002531 (sz=40, trace=300000, class=java.lang.ref.SoftReference@50000165)
	referent	50000ed3
	queue		5000168f
OBJ 50002532 (sz=40, trace=300000, class=java.lang.ref.SoftReference@50000165)
	referent	50000ed3
	queue		5000168f
OBJ 50002533 (sz=40, trace=300000, class=java.lang.ref.SoftReference@50000165)
	referent	5000245d
	queue		5000168f
OBJ 50002534 (sz=32, trace=300000, class=sun.util.locale.BaseLocale@5000001b)
	language	5000245d
	script		50000ed3
	region		50000ed3
	variant		50000ed3
OBJ 50002535 (sz=48, trace=300000, class=sun.util.locale.LocaleObjectCache$CacheEntry@50000018)
	referent	5000253b
	queue		5000249f
	key		50002536
OBJ 50002536 (sz=40, trace=300000, class=sun.util.locale.BaseLocale$Key@50000019)
	lang		5000253a
	scrt		50002539
	regn		50002538
	vart		50002537
OBJ 50002537 (sz=40, trace=300000, class=java.lang.ref.SoftReference@50000165)
	referent	50000ed3
	queue		5000168f
OBJ 50002538 (sz=40, trace=300000, class=java.lang.ref.SoftReference@50000165)
	referent	50000ed3
	queue		5000168f
OBJ 50002539 (sz=40, trace=300000, class=java.lang.ref.SoftReference@50000165)
	referent	50000ed3
	queue		5000168f
OBJ 5000253a (sz=40, trace=300000, class=java.lang.ref.SoftReference@50000165)
	referent	50002456
	queue		5000168f
OBJ 5000253b (sz=32, trace=300000, class=sun.util.locale.BaseLocale@5000001b)
	language	50002456
	script		50000ed3
	region		50000ed3
	variant		50000ed3
OBJ 5000253c (sz=32, trace=300000, class=java.util.concurrent.ConcurrentHashMap$Node@50000023)
	key		50002545
	val		50002544
OBJ 5000253d (sz=48, trace=300000, class=sun.util.locale.LocaleObjectCache$CacheEntry@50000018)
	referent	50002543
	queue		5000249f
	key		5000253e
OBJ 5000253e (sz=40, trace=300000, class=sun.util.locale.BaseLocale$Key@50000019)
	lang		50002542
	scrt		50002541
	regn		50002540
	vart		5000253f
OBJ 5000253f (sz=40, trace=300000, class=java.lang.ref.SoftReference@50000165)
	referent	50000ed3
	queue		5000168f
OBJ 50002540 (sz=40, trace=300000, class=java.lang.ref.SoftReference@50000165)
	referent	5000244f
	queue		5000168f
OBJ 50002541 (sz=40, trace=300000, class=java.lang.ref.SoftReference@50000165)
	referent	50000ed3
	queue		5000168f
OBJ 50002542 (sz=40, trace=300000, class=java.lang.ref.SoftReference@50000165)
	referent	50002467
	queue		5000168f
OBJ 50002543 (sz=32, trace=300000, class=sun.util.locale.BaseLocale@5000001b)
	language	50002467
	script		50000ed3
	region		5000244f
	variant		50000ed3
OBJ 50002544 (sz=48, trace=300000, class=sun.util.locale.LocaleObjectCache$CacheEntry@50000018)
	referent	5000254a
	queue		5000249f
	key		50002545
OBJ 50002545 (sz=40, trace=300000, class=sun.util.locale.BaseLocale$Key@50000019)
	lang		50002549
	scrt		50002548
	regn		50002547
	vart		50002546
OBJ 50002546 (sz=40, trace=300000, class=java.lang.ref.SoftReference@50000165)
	referent	50000ed3
	queue		5000168f
OBJ 50002547 (sz=40, trace=300000, class=java.lang.ref.SoftReference@50000165)
	referent	50000ed3
	queue		5000168f
OBJ 50002548 (sz=40, trace=300000, class=java.lang.ref.SoftReference@50000165)
	referent	50000ed3
	queue		5000168f
OBJ 50002549 (sz=40, trace=300000, class=java.lang.ref.SoftReference@50000165)
	referent	50000ed3
	queue		5000168f
OBJ 5000254a (sz=32, trace=300000, class=sun.util.locale.BaseLocale@5000001b)
	language	50000ed3
	script		50000ed3
	region		50000ed3
	variant		50000ed3
ARR 5000254b (sz=4, trace=300000, nelems=2, elem type=char[])
ARR 5000254c (sz=4, trace=300000, nelems=2, elem type=char[])
ARR 5000254d (sz=4, trace=300000, nelems=2, elem type=char[])
OBJ 5000254e (sz=16, trace=300000, class=java.lang.ref.ReferenceQueue$Lock@500000e4)
OBJ 5000254f (sz=32, trace=300000, class=java.util.concurrent.ConcurrentHashMap$Node@50000023)
	key		50002553
	val		50002552
OBJ 50002550 (sz=48, trace=300000, class=sun.util.locale.LocaleObjectCache$CacheEntry@50000018)
	referent	50002471
	queue		50002481
	key		50002551
OBJ 50002551 (sz=24, trace=300000, class=java.util.Locale$LocaleKey@50000017)
	base		5000251e
OBJ 50002552 (sz=48, trace=300000, class=sun.util.locale.LocaleObjectCache$CacheEntry@50000018)
	referent	50002470
	queue		50002481
	key		50002553
OBJ 50002553 (sz=24, trace=300000, class=java.util.Locale$LocaleKey@50000017)
	base		50002525
OBJ 50002554 (sz=48, trace=300000, class=sun.util.locale.LocaleObjectCache$CacheEntry@50000018)
	referent	50002478
	queue		50002481
	key		50002555
OBJ 50002555 (sz=24, trace=300000, class=java.util.Locale$LocaleKey@50000017)
	base		50002515
OBJ 50002556 (sz=48, trace=300000, class=sun.util.locale.LocaleObjectCache$CacheEntry@50000018)
	referent	50002476
	queue		50002481
	key		50002557
OBJ 50002557 (sz=24, trace=300000, class=java.util.Locale$LocaleKey@50000017)
	base		5000252d
OBJ 50002558 (sz=48, trace=300000, class=sun.util.locale.LocaleObjectCache$CacheEntry@50000018)
	referent	5000247f
	queue		50002481
	key		50002559
OBJ 50002559 (sz=24, trace=300000, class=java.util.Locale$LocaleKey@50000017)
	base		50002503
OBJ 5000255a (sz=48, trace=300000, class=sun.util.locale.LocaleObjectCache$CacheEntry@50000018)
	referent	50002479
	queue		50002481
	key		5000255b
OBJ 5000255b (sz=24, trace=300000, class=java.util.Locale$LocaleKey@50000017)
	base		500024d2
OBJ 5000255c (sz=48, trace=300000, class=sun.util.locale.LocaleObjectCache$CacheEntry@50000018)
	referent	5000247d
	queue		50002481
	key		5000255d
OBJ 5000255d (sz=24, trace=300000, class=java.util.Locale$LocaleKey@50000017)
	base		5000253b
OBJ 5000255e (sz=48, trace=300000, class=sun.util.locale.LocaleObjectCache$CacheEntry@50000018)
	referent	50002477
	queue		50002481
	key		5000255f
OBJ 5000255f (sz=24, trace=300000, class=java.util.Locale$LocaleKey@50000017)
	base		500024e5
OBJ 50002560 (sz=48, trace=300000, class=sun.util.locale.LocaleObjectCache$CacheEntry@50000018)
	referent	5000247a
	queue		50002481
	key		50002561
OBJ 50002561 (sz=24, trace=300000, class=java.util.Locale$LocaleKey@50000017)
	base		50002534
OBJ 50002562 (sz=48, trace=300000, class=sun.util.locale.LocaleObjectCache$CacheEntry@50000018)
	referent	5000247c
	queue		50002481
	key		50002563
OBJ 50002563 (sz=24, trace=300000, class=java.util.Locale$LocaleKey@50000017)
	base		500024f6
OBJ 50002564 (sz=32, trace=300000, class=java.util.concurrent.ConcurrentHashMap$Node@50000023)
	key		50002568
	val		50002567
OBJ 50002565 (sz=48, trace=300000, class=sun.util.locale.LocaleObjectCache$CacheEntry@50000018)
	referent	5000247b
	queue		50002481
	key		50002566
OBJ 50002566 (sz=24, trace=300000, class=java.util.Locale$LocaleKey@50000017)
	base		500024c8
OBJ 50002567 (sz=48, trace=300000, class=sun.util.locale.LocaleObjectCache$CacheEntry@50000018)
	referent	50002473
	queue		50002481
	key		50002568
OBJ 50002568 (sz=24, trace=300000, class=java.util.Locale$LocaleKey@50000017)
	base		5000250c
OBJ 50002569 (sz=48, trace=300000, class=sun.util.locale.LocaleObjectCache$CacheEntry@50000018)
	referent	5000247e
	queue		50002481
	key		5000256a
OBJ 5000256a (sz=24, trace=300000, class=java.util.Locale$LocaleKey@50000017)
	base		500024db
OBJ 5000256b (sz=48, trace=300000, class=sun.util.locale.LocaleObjectCache$CacheEntry@50000018)
	referent	5000246f
	queue		50002481
	key		5000256c
OBJ 5000256c (sz=24, trace=300000, class=java.util.Locale$LocaleKey@50000017)
	base		500024b6
OBJ 5000256d (sz=48, trace=300000, class=sun.util.locale.LocaleObjectCache$CacheEntry@50000018)
	referent	50002474
	queue		50002481
	key		5000256e
OBJ 5000256e (sz=24, trace=300000, class=java.util.Locale$LocaleKey@50000017)
	base		500024c0
OBJ 5000256f (sz=48, trace=300000, class=sun.util.locale.LocaleObjectCache$CacheEntry@50000018)
	referent	50002475
	queue		50002481
	key		50002570
OBJ 50002570 (sz=24, trace=300000, class=java.util.Locale$LocaleKey@50000017)
	base		500024ed
OBJ 50002571 (sz=32, trace=300000, class=java.util.concurrent.ConcurrentHashMap$Node@50000023)
	key		50002575
	val		50002574
OBJ 50002572 (sz=48, trace=300000, class=sun.util.locale.LocaleObjectCache$CacheEntry@50000018)
	referent	5000246d
	queue		50002481
	key		50002573
OBJ 50002573 (sz=24, trace=300000, class=java.util.Locale$LocaleKey@50000017)
	base		50002543
OBJ 50002574 (sz=48, trace=300000, class=sun.util.locale.LocaleObjectCache$CacheEntry@50000018)
	referent	5000246e
	queue		50002481
	key		50002575
OBJ 50002575 (sz=24, trace=300000, class=java.util.Locale$LocaleKey@50000017)
	base		5000254a
OBJ 50002576 (sz=40, trace=300000, class=java.io.ObjectStreamField@50000110)
	name		5000245e
	signature	50002284
	type		50000181
OBJ 50002577 (sz=40, trace=300000, class=java.io.ObjectStreamField@50000110)
	name		50002455
	signature	50002284
	type		50000181
OBJ 50002578 (sz=40, trace=300000, class=java.io.ObjectStreamField@50000110)
	name		50002466
	signature	50002284
	type		50000181
OBJ 50002579 (sz=40, trace=300000, class=java.io.ObjectStreamField@50000110)
	name		5000245a
	signature	500010ff
	type		50000eb6
OBJ 5000257a (sz=40, trace=300000, class=java.io.ObjectStreamField@50000110)
	name		5000245f
	signature	50002284
	type		50000181
OBJ 5000257b (sz=40, trace=300000, class=java.io.ObjectStreamField@50000110)
	name		50002458
	signature	50002284
	type		50000181
ARR 5000257c (sz=20, trace=300000, nelems=10, elem type=char[])
ARR 5000257d (sz=12, trace=300000, nelems=6, elem type=char[])
ARR 5000257e (sz=16, trace=300000, nelems=8, elem type=char[])
ARR 5000257f (sz=14, trace=300000, nelems=7, elem type=char[])
ARR 50002580 (sz=14, trace=300000, nelems=7, elem type=char[])
ARR 50002581 (sz=16, trace=300000, nelems=8, elem type=char[])
OBJ 50002582 (sz=24, trace=300000, class=java.lang.String@50000181)
	value		5000258c
OBJ 50002583 (sz=24, trace=300000, class=java.lang.String@50000181)
	value		50002591
OBJ 50002584 (sz=24, trace=300000, class=java.lang.String@50000181)
	value		5000258f
OBJ 50002585 (sz=24, trace=300000, class=java.lang.String@50000181)
	value		50002594
OBJ 50002586 (sz=24, trace=300000, class=java.lang.String@50000181)
	value		5000258d
OBJ 50002587 (sz=24, trace=300000, class=java.lang.String@50000181)
	value		50002592
OBJ 50002588 (sz=24, trace=300000, class=java.lang.String@50000181)
	value		5000258e
OBJ 50002589 (sz=24, trace=300000, class=java.lang.String@50000181)
	value		50002593
OBJ 5000258a (sz=24, trace=300000, class=java.lang.String@50000181)
	value		50002590
OBJ 5000258b (sz=24, trace=300000, class=java.lang.String@50000181)
	value		50002595
ARR 5000258c (sz=14, trace=300000, nelems=7, elem type=char[])
ARR 5000258d (sz=42, trace=300000, nelems=21, elem type=char[])
ARR 5000258e (sz=38, trace=300000, nelems=19, elem type=char[])
ARR 5000258f (sz=40, trace=300000, nelems=20, elem type=char[])
ARR 50002590 (sz=40, trace=300000, nelems=20, elem type=char[])
ARR 50002591 (sz=12, trace=300000, nelems=6, elem type=char[])
ARR 50002592 (sz=40, trace=300000, nelems=20, elem type=char[])
ARR 50002593 (sz=36, trace=300000, nelems=18, elem type=char[])
ARR 50002594 (sz=38, trace=300000, nelems=19, elem type=char[])
ARR 50002595 (sz=38, trace=300000, nelems=19, elem type=char[])
ARR 50002596 (sz=24, trace=300000, nelems=12, elem type=char[])
ARR 50002597 (sz=22, trace=300000, nelems=11, elem type=char[])
ARR 50002598 (sz=22, trace=300000, nelems=11, elem type=char[])
ARR 50002599 (sz=26, trace=300000, nelems=13, elem type=char[])
ARR 5000259a (sz=24, trace=300000, nelems=12, elem type=char[])
ARR 5000259b (sz=4, trace=300000, nelems=2, elem type=char[])
OBJ 5000259c (sz=24, trace=300000, class=java.lang.String@50000181)
	value		5000259f
OBJ 5000259d (sz=24, trace=300000, class=java.lang.String@50000181)
	value		5000259e
ARR 5000259e (sz=52, trace=300000, nelems=26, elem type=char[])
ARR 5000259f (sz=42, trace=300000, nelems=21, elem type=char[])
ARR 500025a0 (sz=16, trace=300000, nelems=8, elem type=char[])
ARR 500025a1 (sz=28, trace=300000, nelems=14, elem type=char[])
ARR 500025a2 (sz=28, trace=300000, nelems=14, elem type=char[])
ARR 500025a3 (sz=2, trace=300000, nelems=1, elem type=char[])
ARR 500025a4 (sz=2, trace=300000, nelems=1, elem type=char[])
OBJ 500025a5 (sz=24, trace=300000, class=java.lang.String@50000181)
	value		500025ab
OBJ 500025a6 (sz=24, trace=300000, class=java.lang.String@50000181)
	value		500025aa
ARR 500025a7 (sz=24, trace=300000, nelems=2, elem type=java.io.File$PathStatus[]@50000056)
	[0]		500025a9
	[1]		500025a8
OBJ 500025a8 (sz=24, trace=300000, class=java.io.File$PathStatus@5000005c)
	name		500025a5
OBJ 500025a9 (sz=24, trace=300000, class=java.io.File$PathStatus@5000005c)
	name		500025a6
ARR 500025aa (sz=14, trace=300000, nelems=7, elem type=char[])
ARR 500025ab (sz=14, trace=300000, nelems=7, elem type=char[])
ARR 500025ac (sz=24, trace=300000, nelems=12, elem type=char[])
ARR 500025ad (sz=8, trace=300000, nelems=4, elem type=char[])
OBJ 500025ae (sz=32, trace=300000, class=java.io.FileOutputStream@50000085)
	fd		50000ef7
	closeLock	500025af
OBJ 500025af (sz=16, trace=300000, class=java.lang.Object@50000185)
OBJ 500025b0 (sz=24, trace=300000, class=java.lang.String@50000181)
	value		500025b4
OBJ 500025b1 (sz=32, trace=300000, class=java.util.concurrent.atomic.AtomicReferenceFieldUpdater$AtomicReferenceFieldUpdaterImpl@50000081)
	cclass		50000083
	tclass		50000083
	vclass		50000189
OBJ 500025b2 (sz=24, trace=300000, class=java.lang.String@50000181)
	value		500025b3
ARR 500025b3 (sz=26, trace=300000, nelems=13, elem type=char[])
ARR 500025b4 (sz=6, trace=300000, nelems=3, elem type=char[])
OBJ 500025b5 (sz=24, trace=300000, class=java.io.OutputStreamWriter@50000078)
	lock		50000ef1
	se		500025ba
OBJ 500025b6 (sz=40, trace=300000, class=java.io.BufferedWriter@50000065)
	lock		500025b5
	out		500025b5
	cb		500025b9
	lineSeparator	50000eee
OBJ 500025b7 (sz=24, trace=300000, class=java.io.BufferedOutputStream@5000007b)
	out		50000ef9
	buf		500025b8
ARR 500025b8 (sz=128, trace=300000, nelems=128, elem type=byte[])
ARR 500025b9 (sz=16384, trace=300000, nelems=8192, elem type=char[])
OBJ 500025ba (sz=48, trace=300000, class=sun.nio.cs.StreamEncoder@50000077)
	lock		500025b5
	cs		500021a0
	encoder		500025bc
	bb		500025bb
	out		50000ef1
OBJ 500025bb (sz=48, trace=300000, class=java.nio.HeapByteBuffer@50000072)
	hb		500025c1
OBJ 500025bc (sz=64, trace=300000, class=sun.nio.cs.ext.DoubleByte$Encoder@50000074)
	charset		500021a0
	replacement	500025bf
	malformedInputAction	50001677
	unmappableCharacterAction	50001677
	cachedDecoder	500025be
	c2b		500021a5
	c2bIndex	500021a4
	repl		500025bd
ARR 500025bd (sz=1, trace=300000, nelems=1, elem type=byte[])
OBJ 500025be (sz=32, trace=300000, class=java.lang.ref.WeakReference@50000164)
	referent	500025c0
	queue		5000168f
ARR 500025bf (sz=1, trace=300000, nelems=1, elem type=byte[])
OBJ 500025c0 (sz=56, trace=300000, class=sun.nio.cs.ext.DoubleByte$Decoder@50000096)
	charset		500021a0
	replacement	50001689
	malformedInputAction	50001676
	unmappableCharacterAction	50001676
	b2c		500021a7
	b2cSB		500021a6
ARR 500025c1 (sz=8192, trace=300000, nelems=8192, elem type=byte[])
ARR 500025c2 (sz=28, trace=300000, nelems=14, elem type=char[])
OBJ 500025c3 (sz=24, trace=300000, class=java.lang.String@50000181)
	value		500025c5
ARR 500025c4 (sz=22, trace=300000, nelems=11, elem type=char[])
ARR 500025c5 (sz=36, trace=300000, nelems=18, elem type=char[])
OBJ 500025c6 (sz=24, trace=300000, class=java.io.OutputStreamWriter@50000078)
	lock		50000ef0
	se		500025cb
OBJ 500025c7 (sz=40, trace=300000, class=java.io.BufferedWriter@50000065)
	lock		500025c6
	out		500025c6
	cb		500025ca
	lineSeparator	50000eee
OBJ 500025c8 (sz=24, trace=300000, class=java.io.BufferedOutputStream@5000007b)
	out		500025ae
	buf		500025c9
ARR 500025c9 (sz=128, trace=300000, nelems=128, elem type=byte[])
ARR 500025ca (sz=16384, trace=300000, nelems=8192, elem type=char[])
OBJ 500025cb (sz=48, trace=300000, class=sun.nio.cs.StreamEncoder@50000077)
	lock		500025c6
	cs		500021a0
	encoder		500025cd
	bb		500025cc
	out		50000ef0
OBJ 500025cc (sz=48, trace=300000, class=java.nio.HeapByteBuffer@50000072)
	hb		500025d2
OBJ 500025cd (sz=64, trace=300000, class=sun.nio.cs.ext.DoubleByte$Encoder@50000074)
	charset		500021a0
	replacement	500025d0
	malformedInputAction	50001677
	unmappableCharacterAction	50001677
	cachedDecoder	500025cf
	c2b		500021a5
	c2bIndex	500021a4
	repl		500025ce
ARR 500025ce (sz=1, trace=300000, nelems=1, elem type=byte[])
OBJ 500025cf (sz=32, trace=300000, class=java.lang.ref.WeakReference@50000164)
	referent	500025d1
	queue		5000168f
ARR 500025d0 (sz=1, trace=300000, nelems=1, elem type=byte[])
OBJ 500025d1 (sz=56, trace=300000, class=sun.nio.cs.ext.DoubleByte$Decoder@50000096)
	charset		500021a0
	replacement	50001689
	malformedInputAction	50001676
	unmappableCharacterAction	50001676
	b2c		500021a7
	b2cSB		500021a6
ARR 500025d2 (sz=8192, trace=300000, nelems=8192, elem type=byte[])
OBJ 500025d3 (sz=24, trace=300000, class=java.util.Collections$SynchronizedSet@50000092)
	c		50002617
	mutex		50000eef
ARR 500025d4 (sz=400, trace=300000, nelems=92, elem type=java.util.Hashtable$Entry[]@500000d2)
	[0]		500025d5
	[2]		500025d6
	[5]		500025d7
	[9]		500025d8
	[11]		500025d9
	[13]		500025da
	[16]		500025db
	[17]		500025dc
	[18]		500025dd
	[19]		500025de
	[21]		500025df
	[22]		500025e0
	[24]		500025e1
	[26]		500025e2
	[27]		500025e3
	[33]		500025e4
	[38]		500025e5
	[39]		500025e6
	[40]		500025e7
	[41]		500025e8
	[44]		500025e9
	[47]		500025ea
	[49]		500025eb
	[54]		500025ec
	[57]		500025ed
	[63]		500025ee
	[64]		500025ef
	[65]		500025f0
	[67]		500025f1
	[70]		500025f2
	[72]		500025f3
	[74]		500025f4
	[76]		500025f5
	[79]		500025f6
	[80]		500025f7
	[81]		500025f8
	[82]		500025f9
	[88]		500025fa
	[91]		500025fb
OBJ 500025d5 (sz=32, trace=300000, class=java.util.Hashtable$Entry@500000d3)
	key		500010c1
	value		500010c0
OBJ 500025d6 (sz=32, trace=300000, class=java.util.Hashtable$Entry@500000d3)
	key		500010bd
	value		500010bc
OBJ 500025d7 (sz=32, trace=300000, class=java.util.Hashtable$Entry@500000d3)
	key		500010b9
	value		500010b8
OBJ 500025d8 (sz=32, trace=300000, class=java.util.Hashtable$Entry@500000d3)
	key		500010b5
	value		500010b4
	next		50002616
OBJ 500025d9 (sz=32, trace=300000, class=java.util.Hashtable$Entry@500000d3)
	key		500010a8
	value		500010a7
OBJ 500025da (sz=32, trace=300000, class=java.util.Hashtable$Entry@500000d3)
	key		500010a4
	value		500010a3
OBJ 500025db (sz=32, trace=300000, class=java.util.Hashtable$Entry@500000d3)
	key		500010a0
	value		5000109f
	next		50002615
OBJ 500025dc (sz=32, trace=300000, class=java.util.Hashtable$Entry@500000d3)
	key		50001097
	value		50001096
OBJ 500025dd (sz=32, trace=300000, class=java.util.Hashtable$Entry@500000d3)
	key		50001093
	value		50001092
OBJ 500025de (sz=32, trace=300000, class=java.util.Hashtable$Entry@500000d3)
	key		5000108f
	value		50002249
OBJ 500025df (sz=32, trace=300000, class=java.util.Hashtable$Entry@500000d3)
	key		50001087
	value		50002613
OBJ 500025e0 (sz=32, trace=300000, class=java.util.Hashtable$Entry@500000d3)
	key		50001082
	value		50001081
OBJ 500025e1 (sz=32, trace=300000, class=java.util.Hashtable$Entry@500000d3)
	key		5000107e
	value		5000107d
	next		50002612
OBJ 500025e2 (sz=32, trace=300000, class=java.util.Hashtable$Entry@500000d3)
	key		50001075
	value		50001074
	next		50002610
OBJ 500025e3 (sz=32, trace=300000, class=java.util.Hashtable$Entry@500000d3)
	key		50001069
	value		50001068
OBJ 500025e4 (sz=32, trace=300000, class=java.util.Hashtable$Entry@500000d3)
	key		50001065
	value		50001064
	next		5000260f
OBJ 500025e5 (sz=32, trace=300000, class=java.util.Hashtable$Entry@500000d3)
	key		50001058
	value		50001057
	next		5000260e
OBJ 500025e6 (sz=32, trace=300000, class=java.util.Hashtable$Entry@500000d3)
	key		50001053
	value		50001052
OBJ 500025e7 (sz=32, trace=300000, class=java.util.Hashtable$Entry@500000d3)
	key		5000104f
	value		5000104e
OBJ 500025e8 (sz=32, trace=300000, class=java.util.Hashtable$Entry@500000d3)
	key		5000104b
	value		5000104a
OBJ 500025e9 (sz=32, trace=300000, class=java.util.Hashtable$Entry@500000d3)
	key		50001047
	value		50001046
OBJ 500025ea (sz=32, trace=300000, class=java.util.Hashtable$Entry@500000d3)
	key		50001043
	value		50001042
OBJ 500025eb (sz=32, trace=300000, class=java.util.Hashtable$Entry@500000d3)
	key		5000103b
	value		5000103a
	next		5000260d
OBJ 500025ec (sz=32, trace=300000, class=java.util.Hashtable$Entry@500000d3)
	key		50001036
	value		50001035
OBJ 500025ed (sz=32, trace=300000, class=java.util.Hashtable$Entry@500000d3)
	key		50001032
	value		50000dd4
OBJ 500025ee (sz=32, trace=300000, class=java.util.Hashtable$Entry@500000d3)
	key		5000102f
	value		5000102e
OBJ 500025ef (sz=32, trace=300000, class=java.util.Hashtable$Entry@500000d3)
	key		5000102b
	value		5000102a
OBJ 500025f0 (sz=32, trace=300000, class=java.util.Hashtable$Entry@500000d3)
	key		50001027
	value		50001026
OBJ 500025f1 (sz=32, trace=300000, class=java.util.Hashtable$Entry@500000d3)
	key		50001020
	value		5000101f
	next		5000260c
OBJ 500025f2 (sz=32, trace=300000, class=java.util.Hashtable$Entry@500000d3)
	key		50001017
	value		50001016
	next		5000260b
OBJ 500025f3 (sz=32, trace=300000, class=java.util.Hashtable$Entry@500000d3)
	key		50001012
	value		50001011
OBJ 500025f4 (sz=32, trace=300000, class=java.util.Hashtable$Entry@500000d3)
	key		50002608
	value		50002607
OBJ 500025f5 (sz=32, trace=300000, class=java.util.Hashtable$Entry@500000d3)
	key		5000100a
	value		50001009
	next		50002606
OBJ 500025f6 (sz=32, trace=300000, class=java.util.Hashtable$Entry@500000d3)
	key		50000ffc
	value		50000ffb
	next		50002603
OBJ 500025f7 (sz=32, trace=300000, class=java.util.Hashtable$Entry@500000d3)
	key		50000fee
	value		50000fed
	next		50002602
OBJ 500025f8 (sz=32, trace=300000, class=java.util.Hashtable$Entry@500000d3)
	key		50000fe9
	value		50000fe8
OBJ 500025f9 (sz=32, trace=300000, class=java.util.Hashtable$Entry@500000d3)
	key		50000fe1
	value		50000fe0
	next		50002601
OBJ 500025fa (sz=32, trace=300000, class=java.util.Hashtable$Entry@500000d3)
	key		50000fd8
	value		50000fd7
	next		50002600
OBJ 500025fb (sz=32, trace=300000, class=java.util.Hashtable$Entry@500000d3)
	key		500025fd
	value		500025fc
OBJ 500025fc (sz=24, trace=300000, class=java.lang.String@50000181)
	value		500025ff
OBJ 500025fd (sz=24, trace=300000, class=java.lang.String@50000181)
	value		500025fe
ARR 500025fe (sz=34, trace=300000, nelems=17, elem type=char[])
ARR 500025ff (sz=62, trace=300000, nelems=31, elem type=char[])
OBJ 50002600 (sz=32, trace=300000, class=java.util.Hashtable$Entry@500000d3)
	key		50000fdc
	value		50000fdb
OBJ 50002601 (sz=32, trace=300000, class=java.util.Hashtable$Entry@500000d3)
	key		50000fe5
	value		50000fe4
OBJ 50002602 (sz=32, trace=300000, class=java.util.Hashtable$Entry@500000d3)
	key		50000ff2
	value		50000ff1
OBJ 50002603 (sz=32, trace=300000, class=java.util.Hashtable$Entry@500000d3)
	key		50000ff7
	value		50000ff6
	next		50002604
OBJ 50002604 (sz=32, trace=300000, class=java.util.Hashtable$Entry@500000d3)
	key		50001001
	value		50001000
	next		50002605
OBJ 50002605 (sz=32, trace=300000, class=java.util.Hashtable$Entry@500000d3)
	key		50001005
	value		50001004
OBJ 50002606 (sz=32, trace=300000, class=java.util.Hashtable$Entry@500000d3)
	key		5000100e
	value		5000100d
OBJ 50002607 (sz=24, trace=300000, class=java.lang.String@50000181)
	value		5000260a
OBJ 50002608 (sz=24, trace=300000, class=java.lang.String@50000181)
	value		50002609
ARR 50002609 (sz=40, trace=300000, nelems=20, elem type=char[])
ARR 5000260a (sz=26, trace=300000, nelems=13, elem type=char[])
OBJ 5000260b (sz=32, trace=300000, class=java.util.Hashtable$Entry@500000d3)
	key		5000101b
	value		5000101a
OBJ 5000260c (sz=32, trace=300000, class=java.util.Hashtable$Entry@500000d3)
	key		50001023
	value		50000eee
OBJ 5000260d (sz=32, trace=300000, class=java.util.Hashtable$Entry@500000d3)
	key		5000103f
	value		5000103e
OBJ 5000260e (sz=32, trace=300000, class=java.util.Hashtable$Entry@500000d3)
	key		5000105c
	value		5000105b
OBJ 5000260f (sz=32, trace=300000, class=java.util.Hashtable$Entry@500000d3)
	key		50001061
	value		50001060
OBJ 50002610 (sz=32, trace=300000, class=java.util.Hashtable$Entry@500000d3)
	key		50001072
	value		50000f26
	next		50002611
OBJ 50002611 (sz=32, trace=300000, class=java.util.Hashtable$Entry@500000d3)
	key		5000106e
	value		5000106d
OBJ 50002612 (sz=32, trace=300000, class=java.util.Hashtable$Entry@500000d3)
	key		5000107a
	value		50001079
OBJ 50002613 (sz=24, trace=300000, class=java.lang.String@50000181)
	value		50002614
ARR 50002614 (sz=20, trace=300000, nelems=10, elem type=char[])
OBJ 50002615 (sz=32, trace=300000, class=java.util.Hashtable$Entry@500000d3)
	key		5000109c
	value		5000109b
OBJ 50002616 (sz=32, trace=300000, class=java.util.Hashtable$Entry@500000d3)
	key		500010b1
	value		500010b0
OBJ 50002617 (sz=16, trace=300000, class=java.util.Hashtable$EntrySet@50000094)
	this$0		50000eef
OBJ 50002618 (sz=24, trace=300000, class=java.lang.String@50000181)
	value		50002619
ARR 50002619 (sz=8, trace=300000, nelems=4, elem type=char[])
OBJ 5000261a (sz=24, trace=300000, class=java.lang.String@50000181)
	value		50002627
OBJ 5000261b (sz=24, trace=300000, class=java.lang.String@50000181)
	value		50002625
OBJ 5000261c (sz=16, trace=300000, class=java.lang.Terminator$1@50000050)
OBJ 5000261d (sz=24, trace=300000, class=sun.misc.NativeSignalHandler@5000004e)
OBJ 5000261e (sz=24, trace=300000, class=sun.misc.NativeSignalHandler@5000004e)
OBJ 5000261f (sz=48, trace=300000, class=java.util.Hashtable@50000159)
	table		50002628
OBJ 50002620 (sz=48, trace=300000, class=java.util.Hashtable@50000159)
	table		50002621
ARR 50002621 (sz=32, trace=300000, nelems=4, elem type=java.util.Hashtable$Entry[]@500000d2)
	[2]		50002622
	[3]		50002623
OBJ 50002622 (sz=32, trace=300000, class=java.util.Hashtable$Entry@500000d3)
	key		50002626
	value		5000261c
OBJ 50002623 (sz=32, trace=300000, class=java.util.Hashtable$Entry@500000d3)
	key		50002624
	value		5000261c
OBJ 50002624 (sz=24, trace=300000, class=sun.misc.Signal@5000004f)
	name		5000261b
ARR 50002625 (sz=8, trace=300000, nelems=4, elem type=char[])
OBJ 50002626 (sz=24, trace=300000, class=sun.misc.Signal@5000004f)
	name		5000261a
ARR 50002627 (sz=6, trace=300000, nelems=3, elem type=char[])
ARR 50002628 (sz=32, trace=300000, nelems=4, elem type=java.util.Hashtable$Entry[]@500000d2)
	[2]		50002629
	[3]		5000262a
OBJ 50002629 (sz=32, trace=300000, class=java.util.Hashtable$Entry@500000d3)
	key		5000118c
	value		50002626
OBJ 5000262a (sz=32, trace=300000, class=java.util.Hashtable$Entry@500000d3)
	key		50001199
	value		50002624
ARR 5000262b (sz=6, trace=300000, nelems=3, elem type=char[])
ARR 5000262c (sz=38, trace=300000, nelems=19, elem type=char[])
ARR 5000262d (sz=38, trace=300000, nelems=19, elem type=char[])
ARR 5000262e (sz=12, trace=300000, nelems=6, elem type=char[])
ARR 5000262f (sz=24, trace=300000, nelems=12, elem type=char[])
OBJ 50002630 (sz=16, trace=300000, class=java.lang.ThreadLocal@500000c7)
OBJ 50002631 (sz=16, trace=300000, class=java.lang.ThreadLocal@500000c7)
ARR 50002632 (sz=4, trace=300000, nelems=2, elem type=char[])
ARR 50002633 (sz=8, trace=300000, nelems=4, elem type=char[])
ARR 50002634 (sz=4, trace=300000, nelems=2, elem type=char[])
ARR 50002635 (sz=10, trace=300000, nelems=5, elem type=char[])
ARR 50002636 (sz=14, trace=300000, nelems=7, elem type=char[])
ARR 50002637 (sz=4, trace=300000, nelems=2, elem type=char[])
ARR 50002638 (sz=24, trace=300000, nelems=12, elem type=char[])
ARR 50002639 (sz=512, trace=300000, nelems=256, elem type=char[])
ARR 5000263a (sz=32, trace=300000, nelems=1, elem type=java.lang.ThreadGroup[]@50000109)
	[0]		50000ecb
ARR 5000263b (sz=32, trace=300000, nelems=4, elem type=java.lang.Thread[]@500000e2)
	[0]		50000dcf
	[1]		50000dcb
	[2]		50000dca
	[3]		50000dc9
OBJ 5000263c (sz=16, trace=300000, class=java.lang.Object@50000185)
OBJ 5000263d (sz=40, trace=300000, class=java.security.AccessControlContext@50000172)
OBJ 5000263e (sz=24, trace=300000, class=java.lang.String@50000181)
	value		5000263f
ARR 5000263f (sz=30, trace=300000, nelems=15, elem type=char[])
OBJ 50002640 (sz=16, trace=300000, class=java.lang.Object@50000185)
OBJ 50002641 (sz=40, trace=300000, class=java.security.AccessControlContext@50000172)
OBJ 50002642 (sz=24, trace=300000, class=java.lang.String@50000181)
	value		50002643
ARR 50002643 (sz=34, trace=300000, nelems=17, elem type=char[])
OBJ 50002644 (sz=16, trace=300000, class=java.lang.Object@50000185)
OBJ 50002645 (sz=40, trace=300000, class=java.security.AccessControlContext@50000172)
OBJ 50002646 (sz=24, trace=300000, class=java.lang.String@50000181)
	value		50002647
ARR 50002647 (sz=18, trace=300000, nelems=9, elem type=char[])
OBJ 50002648 (sz=16, trace=300000, class=java.lang.Object@50000185)
OBJ 50002649 (sz=40, trace=300000, class=java.lang.ref.Finalizer@50000160)
	referent	5000264b
	queue		50000dcc
	next		5000264a
	prev		50000391
OBJ 5000264a (sz=40, trace=300000, class=java.lang.ref.Finalizer@50000160)
	referent	500023d5
	queue		50000dcc
	next		50002650
	prev		50002649
OBJ 5000264b (sz=32, trace=300000, class=java.io.FileInputStream@5000008b)
	fd		5000264e
	path		5000264d
	closeLock	5000264c
OBJ 5000264c (sz=16, trace=300000, class=java.lang.Object@50000185)
OBJ 5000264d (sz=24, trace=300000, class=java.lang.String@50000181)
	value		5000264f
OBJ 5000264e (sz=40, trace=300000, class=java.io.FileDescriptor@5000008a)
	parent		5000264b
ARR 5000264f (sz=106, trace=300000, nelems=53, elem type=char[])
OBJ 50002650 (sz=40, trace=300000, class=java.lang.ref.Finalizer@50000160)
	referent	500025ae
	queue		50000dcc
	next		50002651
	prev		5000264a
OBJ 50002651 (sz=40, trace=300000, class=java.lang.ref.Finalizer@50000160)
	referent	50000ef9
	queue		50000dcc
	next		50002652
	prev		50002650
OBJ 50002652 (sz=40, trace=300000, class=java.lang.ref.Finalizer@50000160)
	referent	50000ef4
	queue		50000dcc
	prev		50002651
OBJ 50002653 (sz=16, trace=300000, class=java.lang.Object@50000185)
OBJ 50002654 (sz=40, trace=300000, class=java.security.AccessControlContext@50000172)
ARR 50002655 (sz=32, trace=300000, nelems=1, elem type=java.lang.Thread[]@500000e2)
	[0]		50000dd1
OBJ 50002656 (sz=24, trace=300000, class=java.lang.String@50000181)
	value		50002657
ARR 50002657 (sz=8, trace=300000, nelems=4, elem type=char[])
OBJ 50002658 (sz=16, trace=300000, class=java.lang.Object@50000185)
OBJ 50002659 (sz=24, trace=300000, class=java.lang.ThreadLocal$ThreadLocalMap@500000a0)
	table		5000265d
OBJ 5000265a (sz=40, trace=300000, class=java.security.AccessControlContext@50000172)
OBJ 5000265b (sz=24, trace=300000, class=java.lang.String@50000181)
	value		5000265c
ARR 5000265c (sz=8, trace=300000, nelems=4, elem type=char[])
ARR 5000265d (sz=80, trace=300000, nelems=15, elem type=java.lang.ThreadLocal$ThreadLocalMap$Entry[]@5000009c)
	[5]		500003f5
	[7]		5000265e
	[14]		5000265f
OBJ 5000265e (sz=32, trace=300000, class=java.lang.ThreadLocal$ThreadLocalMap$Entry@5000009f)
	referent	50002631
	queue		5000168f
	value		50002660
OBJ 5000265f (sz=32, trace=300000, class=java.lang.ThreadLocal$ThreadLocalMap$Entry@5000009f)
	referent	50002630
	queue		5000168f
	value		500006b7
OBJ 50002660 (sz=40, trace=300000, class=java.lang.ref.SoftReference@50000165)
	referent	50002661
	queue		5000168f
OBJ 50002661 (sz=32, trace=300000, class=java.lang.StringCoding$StringDecoder@5000009b)
	requestedCharsetName	50000dd4
	cs		50001545
	cd		50002662
OBJ 50002662 (sz=56, trace=300000, class=sun.nio.cs.ext.DoubleByte$Decoder@50000096)
	charset		50001545
	replacement	50001689
	malformedInputAction	50001677
	unmappableCharacterAction	50001677
	b2c		50001738
	b2cSB		50001737
OBJ 50002663 (sz=24, trace=300000, class=java.lang.String@50000181)
	value		50002664
ARR 50002664 (sz=18, trace=300000, nelems=9, elem type=char[])
OBJ 50002665 (sz=32, trace=300000, class=java.lang.OutOfMemoryError@50000169)
OBJ 50002666 (sz=32, trace=300000, class=java.lang.OutOfMemoryError@50000169)
OBJ 50002667 (sz=32, trace=300000, class=java.lang.OutOfMemoryError@50000169)
OBJ 50002668 (sz=32, trace=300000, class=java.lang.OutOfMemoryError@50000169)
OBJ 50002669 (sz=24, trace=300000, class=java.lang.String@50000181)
	value		5000266a
ARR 5000266a (sz=126, trace=300000, nelems=63, elem type=char[])
OBJ 5000266b (sz=24, trace=300000, class=java.lang.String@50000181)
	value		5000266c
ARR 5000266c (sz=52, trace=300000, nelems=26, elem type=char[])
OBJ 5000266d (sz=24, trace=300000, class=java.lang.String@50000181)
	value		5000266e
ARR 5000266e (sz=74, trace=300000, nelems=37, elem type=char[])
OBJ 5000266f (sz=24, trace=300000, class=java.lang.String@50000181)
	value		50002670
ARR 50002670 (sz=44, trace=300000, nelems=22, elem type=char[])
OBJ 50002671 (sz=24, trace=300000, class=java.lang.String@50000181)
	value		50002672
ARR 50002672 (sz=18, trace=300000, nelems=9, elem type=char[])
OBJ 50002673 (sz=24, trace=300000, class=java.lang.String@50000181)
	value		50002674
ARR 50002674 (sz=30, trace=300000, nelems=15, elem type=char[])
ARR 50002675 (sz=22, trace=300000, nelems=11, elem type=char[])
OBJ 50002676 (sz=24, trace=300000, class=java.lang.String@50000181)
	value		5000268d
OBJ 50002677 (sz=24, trace=300000, class=java.lang.String@50000181)
	value		50002688
OBJ 50002678 (sz=24, trace=300000, class=java.lang.String@50000181)
	value		50002687
OBJ 50002679 (sz=24, trace=300000, class=java.lang.String@50000181)
	value		50002686
OBJ 5000267a (sz=24, trace=300000, class=java.lang.String@50000181)
	value		50002685
OBJ 5000267b (sz=24, trace=300000, class=java.lang.String@50000181)
	value		50002684
OBJ 5000267c (sz=24, trace=300000, class=java.lang.String@50000181)
	value		50002683
OBJ 5000267d (sz=24, trace=300000, class=java.lang.String@50000181)
	value		50002682
OBJ 5000267e (sz=24, trace=300000, class=java.lang.String@50000181)
	value		50002681
OBJ 5000267f (sz=24, trace=300000, class=java.lang.String@50000181)
	value		50002680
ARR 50002680 (sz=100, trace=300000, nelems=50, elem type=char[])
ARR 50002681 (sz=94, trace=300000, nelems=47, elem type=char[])
ARR 50002682 (sz=86, trace=300000, nelems=43, elem type=char[])
ARR 50002683 (sz=82, trace=300000, nelems=41, elem type=char[])
ARR 50002684 (sz=92, trace=300000, nelems=46, elem type=char[])
ARR 50002685 (sz=102, trace=300000, nelems=51, elem type=char[])
ARR 50002686 (sz=82, trace=300000, nelems=41, elem type=char[])
ARR 50002687 (sz=98, trace=300000, nelems=49, elem type=char[])
ARR 50002688 (sz=94, trace=300000, nelems=47, elem type=char[])
OBJ 50002689 (sz=24, trace=300000, class=java.lang.String@50000181)
	value		5000268a
ARR 5000268a (sz=20, trace=300000, nelems=10, elem type=char[])
OBJ 5000268b (sz=24, trace=300000, class=java.lang.String@50000181)
	value		5000268c
ARR 5000268c (sz=12, trace=300000, nelems=6, elem type=char[])
ARR 5000268d (sz=8, trace=300000, nelems=4, elem type=char[])
OBJ 5000268e (sz=24, trace=300000, class=java.lang.String@50000181)
	value		50002693
OBJ 5000268f (sz=24, trace=300000, class=java.lang.String@50000181)
	value		50002692
OBJ 50002690 (sz=24, trace=300000, class=java.lang.String@50000181)
	value		50002691
ARR 50002691 (sz=24, trace=300000, nelems=12, elem type=char[])
ARR 50002692 (sz=26, trace=300000, nelems=13, elem type=char[])
ARR 50002693 (sz=14, trace=300000, nelems=7, elem type=char[])
OBJ 50002694 (sz=24, trace=300000, class=java.lang.String@50000181)
	value		500026d9
OBJ 50002695 (sz=24, trace=300000, class=java.lang.String@50000181)
	value		500026d8
OBJ 50002696 (sz=24, trace=300000, class=java.lang.String@50000181)
	value		500026d7
OBJ 50002697 (sz=24, trace=300000, class=java.lang.String@50000181)
	value		500026b7
OBJ 50002698 (sz=24, trace=300000, class=java.lang.String@50000181)
	value		500026d6
OBJ 50002699 (sz=24, trace=300000, class=java.lang.String@50000181)
	value		500026d5
OBJ 5000269a (sz=24, trace=300000, class=java.lang.String@50000181)
	value		500026d4
OBJ 5000269b (sz=24, trace=300000, class=java.lang.String@50000181)
	value		500026d3
OBJ 5000269c (sz=24, trace=300000, class=java.lang.String@50000181)
	value		500026d2
OBJ 5000269d (sz=24, trace=300000, class=java.lang.String@50000181)
	value		500026d1
OBJ 5000269e (sz=24, trace=300000, class=java.lang.String@50000181)
	value		500026d0
OBJ 5000269f (sz=24, trace=300000, class=java.lang.String@50000181)
	value		500026ba
OBJ 500026a0 (sz=24, trace=300000, class=java.lang.String@50000181)
	value		500026cf
OBJ 500026a1 (sz=24, trace=300000, class=java.lang.String@50000181)
	value		500026ce
OBJ 500026a2 (sz=24, trace=300000, class=java.lang.String@50000181)
	value		500026cd
OBJ 500026a3 (sz=24, trace=300000, class=java.lang.String@50000181)
	value		500026cc
OBJ 500026a4 (sz=24, trace=300000, class=java.lang.String@50000181)
	value		500026b6
OBJ 500026a5 (sz=24, trace=300000, class=java.lang.String@50000181)
	value		500026cb
OBJ 500026a6 (sz=24, trace=300000, class=java.lang.String@50000181)
	value		500026c8
OBJ 500026a7 (sz=24, trace=300000, class=java.lang.String@50000181)
	value		500026c7
OBJ 500026a8 (sz=24, trace=300000, class=java.lang.String@50000181)
	value		500026c6
OBJ 500026a9 (sz=24, trace=300000, class=java.lang.String@50000181)
	value		500026c5
OBJ 500026aa (sz=24, trace=300000, class=java.lang.String@50000181)
	value		500026c4
OBJ 500026ab (sz=24, trace=300000, class=java.lang.String@50000181)
	value		500026c3
OBJ 500026ac (sz=24, trace=300000, class=java.lang.String@50000181)
	value		500026c2
OBJ 500026ad (sz=24, trace=300000, class=java.lang.String@50000181)
	value		500026c1
OBJ 500026ae (sz=24, trace=300000, class=java.lang.String@50000181)
	value		500026c0
OBJ 500026af (sz=24, trace=300000, class=java.lang.String@50000181)
	value		500026bf
OBJ 500026b0 (sz=24, trace=300000, class=java.lang.String@50000181)
	value		500026be
OBJ 500026b1 (sz=24, trace=300000, class=java.lang.String@50000181)
	value		500026bd
OBJ 500026b2 (sz=24, trace=300000, class=java.lang.String@50000181)
	value		500026bc
OBJ 500026b3 (sz=24, trace=300000, class=java.lang.String@50000181)
	value		500026bb
OBJ 500026b4 (sz=24, trace=300000, class=java.lang.String@50000181)
	value		500026b9
OBJ 500026b5 (sz=24, trace=300000, class=java.lang.String@50000181)
	value		500026b8
ARR 500026b6 (sz=46, trace=300000, nelems=23, elem type=char[])
ARR 500026b7 (sz=34, trace=300000, nelems=17, elem type=char[])
ARR 500026b8 (sz=48, trace=300000, nelems=24, elem type=char[])
ARR 500026b9 (sz=78, trace=300000, nelems=39, elem type=char[])
ARR 500026ba (sz=70, trace=300000, nelems=35, elem type=char[])
ARR 500026bb (sz=66, trace=300000, nelems=33, elem type=char[])
ARR 500026bc (sz=76, trace=300000, nelems=38, elem type=char[])
ARR 500026bd (sz=64, trace=300000, nelems=32, elem type=char[])
ARR 500026be (sz=80, trace=300000, nelems=40, elem type=char[])
ARR 500026bf (sz=62, trace=300000, nelems=31, elem type=char[])
ARR 500026c0 (sz=58, trace=300000, nelems=29, elem type=char[])
ARR 500026c1 (sz=88, trace=300000, nelems=44, elem type=char[])
ARR 500026c2 (sz=66, trace=300000, nelems=33, elem type=char[])
ARR 500026c3 (sz=58, trace=300000, nelems=29, elem type=char[])
ARR 500026c4 (sz=68, trace=300000, nelems=34, elem type=char[])
ARR 500026c5 (sz=2, trace=300000, nelems=1, elem type=char[])
ARR 500026c6 (sz=2, trace=300000, nelems=1, elem type=char[])
ARR 500026c7 (sz=2, trace=300000, nelems=1, elem type=char[])
ARR 500026c8 (sz=24, trace=300000, nelems=12, elem type=char[])
OBJ 500026c9 (sz=24, trace=300000, class=java.lang.String@50000181)
	value		500026ca
ARR 500026ca (sz=68, trace=300000, nelems=34, elem type=char[])
ARR 500026cb (sz=6, trace=300000, nelems=3, elem type=char[])
ARR 500026cc (sz=10, trace=300000, nelems=5, elem type=char[])
ARR 500026cd (sz=20, trace=300000, nelems=10, elem type=char[])
ARR 500026ce (sz=6, trace=300000, nelems=3, elem type=char[])
ARR 500026cf (sz=6, trace=300000, nelems=3, elem type=char[])
ARR 500026d0 (sz=22, trace=300000, nelems=11, elem type=char[])
ARR 500026d1 (sz=36, trace=300000, nelems=18, elem type=char[])
ARR 500026d2 (sz=24, trace=300000, nelems=12, elem type=char[])
ARR 500026d3 (sz=22, trace=300000, nelems=11, elem type=char[])
ARR 500026d4 (sz=12, trace=300000, nelems=6, elem type=char[])
ARR 500026d5 (sz=8, trace=300000, nelems=4, elem type=char[])
ARR 500026d6 (sz=20, trace=300000, nelems=10, elem type=char[])
ARR 500026d7 (sz=30, trace=300000, nelems=15, elem type=char[])
ARR 500026d8 (sz=32, trace=300000, nelems=16, elem type=char[])
ARR 500026d9 (sz=16, trace=300000, nelems=8, elem type=char[])
OBJ 500026da (sz=24, trace=300000, class=java.lang.String@50000181)
	value		500026e1
OBJ 500026db (sz=24, trace=300000, class=java.lang.String@50000181)
	value		500026e7
OBJ 500026dc (sz=24, trace=300000, class=java.lang.String@50000181)
	value		500026e6
OBJ 500026dd (sz=24, trace=300000, class=java.lang.String@50000181)
	value		500026e5
OBJ 500026de (sz=24, trace=300000, class=java.lang.String@50000181)
	value		500026e4
OBJ 500026df (sz=24, trace=300000, class=java.lang.String@50000181)
	value		500026e3
OBJ 500026e0 (sz=24, trace=300000, class=java.lang.String@50000181)
	value		500026e2
ARR 500026e1 (sz=16, trace=300000, nelems=8, elem type=char[])
ARR 500026e2 (sz=20, trace=300000, nelems=10, elem type=char[])
ARR 500026e3 (sz=8, trace=300000, nelems=4, elem type=char[])
ARR 500026e4 (sz=24, trace=300000, nelems=12, elem type=char[])
ARR 500026e5 (sz=36, trace=300000, nelems=18, elem type=char[])
ARR 500026e6 (sz=32, trace=300000, nelems=16, elem type=char[])
ARR 500026e7 (sz=32, trace=300000, nelems=16, elem type=char[])
OBJ 500026e8 (sz=56, trace=300000, class=java.util.ResourceBundle$CacheKey@50000bbc)
	name		500010f1
	locale		5000246d
	loaderRef	50000c8a
	format		500026ea
OBJ 500026e9 (sz=56, trace=300000, class=java.util.ResourceBundle$CacheKey@50000bbc)
	name		500010f1
	locale		5000246e
	loaderRef	50000c0c
	format		500026ea
OBJ 500026ea (sz=24, trace=300000, class=java.lang.String@50000181)
	value		500026eb
ARR 500026eb (sz=20, trace=300000, nelems=10, elem type=char[])
OBJ 500026ec (sz=56, trace=300000, class=java.util.ResourceBundle$CacheKey@50000bbc)
	name		500010f1
	locale		50000bd2
	loaderRef	50000d54
	format		500026ea
OBJ 500026ed (sz=56, trace=300000, class=java.util.ResourceBundle$CacheKey@50000bbc)
	name		500010f1
	locale		50000be5
	loaderRef	50000cef
	format		500026ea
OBJ 500026ee (sz=56, trace=300000, class=java.util.ResourceBundle$CacheKey@50000bbc)
	name		500010f1
	locale		50002479
	loaderRef	50000c75
	format		500026ea
OBJ 500026ef (sz=24, trace=300000, class=java.lang.String@50000181)
	value		500026f2
OBJ 500026f0 (sz=24, trace=300000, class=java.lang.String@50000181)
	value		500026f1
ARR 500026f1 (sz=36, trace=300000, nelems=18, elem type=char[])
ARR 500026f2 (sz=64, trace=300000, nelems=32, elem type=char[])
OBJ 500026f3 (sz=24, trace=300000, class=java.lang.String@50000181)
	value		500026f5
OBJ 500026f4 (sz=24, trace=300000, class=java.lang.String@50000181)
	value		500026fc
ARR 500026f5 (sz=30, trace=300000, nelems=15, elem type=char[])
OBJ 500026f6 (sz=24, trace=300000, class=java.lang.String@50000181)
	value		500026fb
OBJ 500026f7 (sz=24, trace=300000, class=java.lang.String@50000181)
	value		500026fa
OBJ 500026f8 (sz=24, trace=300000, class=java.lang.String@50000181)
	value		500026f9
ARR 500026f9 (sz=4, trace=300000, nelems=2, elem type=char[])
ARR 500026fa (sz=4, trace=300000, nelems=2, elem type=char[])
ARR 500026fb (sz=4, trace=300000, nelems=2, elem type=char[])
ARR 500026fc (sz=20, trace=300000, nelems=10, elem type=char[])
OBJ 500026fd (sz=24, trace=300000, class=java.lang.String@50000181)
	value		50002700
OBJ 500026fe (sz=24, trace=300000, class=java.lang.String@50000181)
	value		500026ff
ARR 500026ff (sz=48, trace=300000, nelems=24, elem type=char[])
ARR 50002700 (sz=164, trace=300000, nelems=82, elem type=char[])
OBJ 50002701 (sz=24, trace=300000, class=java.lang.String@50000181)
	value		50002704
OBJ 50002702 (sz=24, trace=300000, class=java.lang.String@50000181)
	value		50002703
ARR 50002703 (sz=48, trace=300000, nelems=24, elem type=char[])
ARR 50002704 (sz=22, trace=300000, nelems=11, elem type=char[])
OBJ 50002705 (sz=24, trace=300000, class=java.lang.String@50000181)
	value		50002708
OBJ 50002706 (sz=24, trace=300000, class=java.lang.String@50000181)
	value		50002707
ARR 50002707 (sz=48, trace=300000, nelems=24, elem type=char[])
ARR 50002708 (sz=172, trace=300000, nelems=86, elem type=char[])
OBJ 50002709 (sz=24, trace=300000, class=java.lang.String@50000181)
	value		5000270c
OBJ 5000270a (sz=24, trace=300000, class=java.lang.String@50000181)
	value		5000270b
ARR 5000270b (sz=48, trace=300000, nelems=24, elem type=char[])
ARR 5000270c (sz=208, trace=300000, nelems=104, elem type=char[])
OBJ 5000270d (sz=24, trace=300000, class=java.lang.String@50000181)
	value		50002710
OBJ 5000270e (sz=24, trace=300000, class=java.lang.String@50000181)
	value		5000270f
ARR 5000270f (sz=48, trace=300000, nelems=24, elem type=char[])
ARR 50002710 (sz=72, trace=300000, nelems=36, elem type=char[])
OBJ 50002711 (sz=24, trace=300000, class=java.lang.String@50000181)
	value		50002714
OBJ 50002712 (sz=24, trace=300000, class=java.lang.String@50000181)
	value		50002713
ARR 50002713 (sz=54, trace=300000, nelems=27, elem type=char[])
ARR 50002714 (sz=64, trace=300000, nelems=32, elem type=char[])
OBJ 50002715 (sz=24, trace=300000, class=java.lang.String@50000181)
	value		50002718
OBJ 50002716 (sz=24, trace=300000, class=java.lang.String@50000181)
	value		50002717
ARR 50002717 (sz=48, trace=300000, nelems=24, elem type=char[])
ARR 50002718 (sz=254, trace=300000, nelems=127, elem type=char[])
OBJ 50002719 (sz=24, trace=300000, class=java.lang.String@50000181)
	value		5000271c
OBJ 5000271a (sz=24, trace=300000, class=java.lang.String@50000181)
	value		5000271b
ARR 5000271b (sz=54, trace=300000, nelems=27, elem type=char[])
ARR 5000271c (sz=122, trace=300000, nelems=61, elem type=char[])
OBJ 5000271d (sz=24, trace=300000, class=java.lang.String@50000181)
	value		50002720
OBJ 5000271e (sz=24, trace=300000, class=java.lang.String@50000181)
	value		5000271f
ARR 5000271f (sz=52, trace=300000, nelems=26, elem type=char[])
ARR 50002720 (sz=44, trace=300000, nelems=22, elem type=char[])
OBJ 50002721 (sz=24, trace=300000, class=java.lang.String@50000181)
	value		50002724
OBJ 50002722 (sz=24, trace=300000, class=java.lang.String@50000181)
	value		50002723
ARR 50002723 (sz=54, trace=300000, nelems=27, elem type=char[])
ARR 50002724 (sz=70, trace=300000, nelems=35, elem type=char[])
OBJ 50002725 (sz=24, trace=300000, class=java.lang.String@50000181)
	value		50002728
OBJ 50002726 (sz=24, trace=300000, class=java.lang.String@50000181)
	value		50002727
ARR 50002727 (sz=56, trace=300000, nelems=28, elem type=char[])
ARR 50002728 (sz=458, trace=300000, nelems=229, elem type=char[])
OBJ 50002729 (sz=24, trace=300000, class=java.lang.String@50000181)
	value		5000272c
OBJ 5000272a (sz=24, trace=300000, class=java.lang.String@50000181)
	value		5000272b
ARR 5000272b (sz=54, trace=300000, nelems=27, elem type=char[])
ARR 5000272c (sz=58, trace=300000, nelems=29, elem type=char[])
OBJ 5000272d (sz=24, trace=300000, class=java.lang.String@50000181)
	value		50002730
OBJ 5000272e (sz=24, trace=300000, class=java.lang.String@50000181)
	value		5000272f
ARR 5000272f (sz=42, trace=300000, nelems=21, elem type=char[])
ARR 50002730 (sz=2292, trace=300000, nelems=1146, elem type=char[])
OBJ 50002731 (sz=24, trace=300000, class=java.lang.String@50000181)
	value		50002734
OBJ 50002732 (sz=24, trace=300000, class=java.lang.String@50000181)
	value		50002733
ARR 50002733 (sz=48, trace=300000, nelems=24, elem type=char[])
ARR 50002734 (sz=10, trace=300000, nelems=5, elem type=char[])
OBJ 50002735 (sz=24, trace=300000, class=java.lang.String@50000181)
	value		50002738
OBJ 50002736 (sz=24, trace=300000, class=java.lang.String@50000181)
	value		50002737
ARR 50002737 (sz=50, trace=300000, nelems=25, elem type=char[])
ARR 50002738 (sz=64, trace=300000, nelems=32, elem type=char[])
OBJ 50002739 (sz=24, trace=300000, class=java.lang.String@50000181)
	value		5000273c
OBJ 5000273a (sz=24, trace=300000, class=java.lang.String@50000181)
	value		5000273b
ARR 5000273b (sz=48, trace=300000, nelems=24, elem type=char[])
ARR 5000273c (sz=2850, trace=300000, nelems=1425, elem type=char[])
OBJ 5000273d (sz=24, trace=300000, class=java.lang.String@50000181)
	value		50002740
OBJ 5000273e (sz=24, trace=300000, class=java.lang.String@50000181)
	value		5000273f
ARR 5000273f (sz=48, trace=300000, nelems=24, elem type=char[])
ARR 50002740 (sz=40, trace=300000, nelems=20, elem type=char[])
OBJ 50002741 (sz=24, trace=300000, class=java.lang.String@50000181)
	value		50002743
ARR 50002742 (sz=48, trace=300000, nelems=24, elem type=char[])
ARR 50002743 (sz=36, trace=300000, nelems=18, elem type=char[])
OBJ 50002744 (sz=24, trace=300000, class=java.lang.String@50000181)
	value		50002747
OBJ 50002745 (sz=24, trace=300000, class=java.lang.String@50000181)
	value		50002746
ARR 50002746 (sz=48, trace=300000, nelems=24, elem type=char[])
ARR 50002747 (sz=20, trace=300000, nelems=10, elem type=char[])
OBJ 50002748 (sz=24, trace=300000, class=java.lang.String@50000181)
	value		50002751
OBJ 50002749 (sz=24, trace=300000, class=java.lang.String@50000181)
	value		50002757
OBJ 5000274a (sz=24, trace=300000, class=java.lang.String@50000181)
	value		50002753
OBJ 5000274b (sz=24, trace=300000, class=java.lang.String@50000181)
	value		50002758
OBJ 5000274c (sz=24, trace=300000, class=java.lang.String@50000181)
	value		50002755
OBJ 5000274d (sz=24, trace=300000, class=java.lang.String@50000181)
	value		50002759
OBJ 5000274e (sz=24, trace=300000, class=java.lang.String@50000181)
	value		50002754
OBJ 5000274f (sz=24, trace=300000, class=java.lang.String@50000181)
	value		50002756
OBJ 50002750 (sz=24, trace=300000, class=java.lang.String@50000181)
	value		50002752
ARR 50002751 (sz=12, trace=300000, nelems=6, elem type=char[])
ARR 50002752 (sz=8, trace=300000, nelems=4, elem type=char[])
ARR 50002753 (sz=8, trace=300000, nelems=4, elem type=char[])
ARR 50002754 (sz=12, trace=300000, nelems=6, elem type=char[])
ARR 50002755 (sz=14, trace=300000, nelems=7, elem type=char[])
ARR 50002756 (sz=14, trace=300000, nelems=7, elem type=char[])
ARR 50002757 (sz=16, trace=300000, nelems=8, elem type=char[])
ARR 50002758 (sz=8, trace=300000, nelems=4, elem type=char[])
ARR 50002759 (sz=12, trace=300000, nelems=6, elem type=char[])
OBJ 5000275a (sz=24, trace=300000, class=java.lang.String@50000181)
	value		5000275b
ARR 5000275b (sz=44, trace=300000, nelems=22, elem type=char[])
OBJ 5000275c (sz=24, trace=300000, class=java.lang.String@50000181)
	value		5000275e
OBJ 5000275d (sz=24, trace=300000, class=java.lang.String@50000181)
	value		5000275f
ARR 5000275e (sz=40, trace=300000, nelems=20, elem type=char[])
ARR 5000275f (sz=14, trace=300000, nelems=7, elem type=char[])
OBJ 50002760 (sz=16, trace=300000, class=java.lang.Object@50000185)
OBJ 50002761 (sz=24, trace=300000, class=java.lang.String@50000181)
	value		50002762
ARR 50002762 (sz=46, trace=300000, nelems=23, elem type=char[])
CLS 50000185 (name=java.lang.Object, trace=300000)
	constant pool entry 76	5000010b
	constant pool entry 49	50000185
CLS 50000001 (name=java.lang.SystemClassLoaderAction, trace=300000)
	super		50000185
	constant pool entry 36	50000001
	constant pool entry 35	5000017a
	constant pool entry 33	50000185
	constant pool entry 1	50002419
CLS 50000002 (name=sun.misc.Launcher$AppClassLoader$1, trace=300000)
	super		50000185
	constant pool entry 30	50000002
	constant pool entry 29	5000012a
	constant pool entry 28	5000012b
	constant pool entry 25	50000185
CLS 5000000f (name=java.net.URLStreamHandler, trace=300000)
	super		50000185
	constant pool entry 112	5000000f
	constant pool entry 111	5000012d
	constant pool entry 108	50000135
	constant pool entry 107	50000136
	constant pool entry 106	50000181
	constant pool entry 104	50000185
	constant pool entry 10	50002269
	constant pool entry 8	50002268
	constant pool entry 7	50002267
	constant pool entry 6	50002266
	constant pool entry 5	50002265
	constant pool entry 3	50002264
	constant pool entry 1	50000ed3
CLS 50000003 (name=sun.net.www.protocol.jar.Handler, trace=300000)
	super		5000000f
	static separator	50002290
	constant pool entry 81	5000000f
CLS 50000004 (name=sun.misc.URLClassPath, trace=300000)
	super		50000185
	static USER_AGENT_JAVA_VERSION	5000224a
	static JAVA_VERSION	50002249
	constant pool entry 235	50000064
	constant pool entry 233	500003cb
	constant pool entry 232	500000d4
	constant pool entry 231	500003d3
	constant pool entry 228	500003d1
	constant pool entry 227	50000a1b
	constant pool entry 226	50000a1f
	constant pool entry 225	50000004
	constant pool entry 223	500000f6
	constant pool entry 219	500000d9
	constant pool entry 217	500000f1
	constant pool entry 216	50000ab6
	constant pool entry 214	50000103
	constant pool entry 213	50000043
	constant pool entry 211	5000012d
	constant pool entry 207	5000017a
	constant pool entry 205	50000181
	constant pool entry 202	50000185
	constant pool entry 199	50000ab3
	constant pool entry 20	50000ee0
	constant pool entry 19	50002248
	constant pool entry 18	50002247
	constant pool entry 17	50002246
	constant pool entry 16	50000fa7
	constant pool entry 14	50002245
	constant pool entry 13	50002244
CLS 500000f9 (name=java.util.AbstractCollection, trace=300000)
	super		50000185
	constant pool entry 66	50000185
CLS 500000ee (name=java.util.AbstractSet, trace=300000)
	super		500000f9
	constant pool entry 34	500000f9
CLS 50000005 (name=java.util.HashSet, trace=300000)
	super		500000ee
	static PRESENT	5000237c
	constant pool entry 114	50000005
	constant pool entry 112	500000d9
	constant pool entry 110	500000ee
	constant pool entry 108	50000185
CLS 50000006 (name=java.security.Principal[], trace=300000)
	super		50000185
CLS 50000007 (name=java.security.Principal, trace=300000)
CLS 50000008 (name=java.security.ProtectionDomain$Key, trace=300000)
	super		50000185
	constant pool entry 9	50000185
CLS 50000009 (name=java.security.ProtectionDomain$2, trace=300000)
	super		50000185
	constant pool entry 16	50000185
CLS 5000000a (name=sun.misc.JavaSecurityProtectionDomainAccess, trace=300000)
CLS 5000000b (name=java.security.ProtectionDomain$JavaSecurityAccessImpl, trace=300000)
	super		50000185
	constant pool entry 27	5000000b
	constant pool entry 22	50000185
CLS 5000000c (name=sun.misc.JavaSecurityAccess, trace=300000)
CLS 5000000d (name=java.net.URL[], trace=300000)
	super		50000185
CLS 5000000e (name=sun.net.www.protocol.file.Handler, trace=300000)
	super		5000000f
	constant pool entry 61	5000000f
	constant pool entry 56	50000181
	constant pool entry 54	5000012f
CLS 50000010 (name=java.net.Parts, trace=300000)
	super		50000185
	constant pool entry 25	50000010
	constant pool entry 24	50000181
	constant pool entry 23	50000185
CLS 50000011 (name=java.util.BitSet, trace=300000)
	super		50000185
	static serialPersistentFields	5000229d
	constant pool entry 391	5000010b
	constant pool entry 196	50000185
	constant pool entry 187	5000017d
	constant pool entry 184	50000110
	constant pool entry 11	50000011
	constant pool entry 10	50000186
	constant pool entry 4	5000229c
CLS 50000012 (name=sun.net.www.ParseUtil, trace=300000)
	super		50000185
	static encodedInPath	5000229a
	static hexDigits	50002299
	constant pool entry 505	5000010b
	constant pool entry 242	500003ed
	constant pool entry 241	50000011
	constant pool entry 240	50000095
	constant pool entry 239	50000069
	constant pool entry 237	50000097
	constant pool entry 235	5000006b
	constant pool entry 234	50000073
	constant pool entry 233	5000012d
	constant pool entry 228	50000135
	constant pool entry 226	50000181
	constant pool entry 225	50000185
	constant pool entry 223	500000d1
	constant pool entry 222	5000011e
	constant pool entry 220	5000017d
	constant pool entry 219	50000124
	constant pool entry 217	5000012f
	constant pool entry 26	50000012
	constant pool entry 25	50002251
	constant pool entry 22	50001261
	constant pool entry 19	50002298
	constant pool entry 18	50002297
	constant pool entry 17	50002296
	constant pool entry 16	50002295
	constant pool entry 7	5000224f
	constant pool entry 6	50002294
	constant pool entry 5	50002293
	constant pool entry 4	50002292
	constant pool entry 3	50002291
	constant pool entry 2	50000ed3
CLS 50000013 (name=java.io.FileInputStream$1, trace=300000)
	super		50000185
	constant pool entry 19	50000185
	constant pool entry 17	50000013
	constant pool entry 16	5000008b
CLS 50000015 (name=java.lang.CharacterData, trace=300000)
	super		50000185
	constant pool entry 50	50000185
	constant pool entry 47	50000014
CLS 50000014 (name=java.lang.CharacterDataLatin1, trace=300000)
	super		50000015
	static sharpsMap	50000eda
	static instance	50000ed6
	static A	50000ed5
	static A_DATA	50000ed8
	static B	50000ed9
	constant pool entry 94	5000010b
	constant pool entry 67	50000181
	constant pool entry 66	5000017d
	constant pool entry 65	50000015
	constant pool entry 8	50000014
	constant pool entry 7	50000ed8
	constant pool entry 6	50000ed7
CLS 50000016 (name=sun.util.locale.LocaleUtils, trace=300000)
	super		50000185
	constant pool entry 47	50000016
	constant pool entry 43	50000181
CLS 50000017 (name=java.util.Locale$LocaleKey, trace=300000)
	super		50000185
	constant pool entry 26	5000001b
	constant pool entry 25	50000017
	constant pool entry 22	50000185
CLS 50000166 (name=java.lang.ref.Reference, trace=300000)
	super		50000185
	static lock	50000dd0
	constant pool entry 67	500000df
	constant pool entry 65	500000e6
	constant pool entry 64	500000f3
	constant pool entry 63	500000f4
	constant pool entry 62	500000e0
	constant pool entry 61	50000166
	constant pool entry 59	5000015c
	constant pool entry 58	5000015e
	constant pool entry 56	50000185
	constant pool entry 1	5000168d
CLS 50000165 (name=java.lang.ref.SoftReference, trace=300000)
	super		50000166
	constant pool entry 17	50000165
	constant pool entry 16	50000166
CLS 50000018 (name=sun.util.locale.LocaleObjectCache$CacheEntry, trace=300000)
	super		50000165
	constant pool entry 16	50000018
	constant pool entry 14	50000165
CLS 50000019 (name=sun.util.locale.BaseLocale$Key, trace=300000)
	super		50000185
	constant pool entry 63	50000016
	constant pool entry 62	50000019
	constant pool entry 60	50000165
	constant pool entry 59	50000181
	constant pool entry 58	50000185
	constant pool entry 57	5000017d
	constant pool entry 2	5000001b
	constant pool entry 1	50000ed3
CLS 5000002d (name=sun.util.locale.LocaleObjectCache, trace=300000)
	super		50000185
	constant pool entry 36	50000018
	constant pool entry 35	5000002d
	constant pool entry 34	5000002b
	constant pool entry 33	5000002a
	constant pool entry 32	500000e6
	constant pool entry 31	50000185
CLS 5000001a (name=sun.util.locale.BaseLocale$Cache, trace=300000)
	super		5000002d
	constant pool entry 40	5000002d
	constant pool entry 39	50000019
	constant pool entry 38	5000001a
	constant pool entry 36	50000165
	constant pool entry 35	50000181
	constant pool entry 34	5000017d
	constant pool entry 1	5000001b
CLS 5000001b (name=sun.util.locale.BaseLocale, trace=300000)
	super		50000185
	static SEP	5000249d
	static CACHE	5000249c
	constant pool entry 83	50000016
	constant pool entry 82	50000019
	constant pool entry 81	5000001a
	constant pool entry 79	5000001b
	constant pool entry 77	50000181
	constant pool entry 76	50000185
	constant pool entry 12	5000249b
	constant pool entry 4	5000249a
	constant pool entry 3	50002499
	constant pool entry 1	50000ed3
CLS 5000001f (name=java.util.concurrent.ConcurrentHashMap$CollectionView, trace=300000)
	super		50000185
CLS 5000001c (name=java.util.concurrent.ConcurrentHashMap$EntrySetView, trace=300000)
	super		5000001f
CLS 5000001d (name=java.util.concurrent.ConcurrentHashMap$ValuesView, trace=300000)
	super		5000001f
CLS 5000001e (name=java.util.concurrent.ConcurrentHashMap$KeySetView, trace=300000)
	super		5000001f
CLS 50000020 (name=java.util.concurrent.ConcurrentHashMap$CounterCell[], trace=300000)
	super		50000185
CLS 50000021 (name=java.util.concurrent.ConcurrentHashMap$CounterCell, trace=300000)
	super		50000185
CLS 50000022 (name=java.util.concurrent.ConcurrentHashMap$Node[], trace=300000)
	super		50000185
CLS 50000023 (name=java.util.concurrent.ConcurrentHashMap$Node, trace=300000)
	super		50000185
	constant pool entry 48	50000023
	constant pool entry 42	50000185
CLS 50000024 (name=java.util.concurrent.ConcurrentHashMap$Segment[], trace=300000)
	super		50000185
CLS 50000025 (name=java.util.concurrent.locks.ReentrantLock[], trace=300000)
	super		50000185
CLS 50000026 (name=java.util.concurrent.locks.Lock[], trace=300000)
	super		50000185
CLS 50000028 (name=java.util.concurrent.locks.ReentrantLock, trace=300000)
	super		50000185
CLS 50000027 (name=java.util.concurrent.ConcurrentHashMap$Segment, trace=300000)
	super		50000028
CLS 50000029 (name=java.util.concurrent.locks.Lock, trace=300000)
CLS 500000eb (name=java.util.AbstractMap, trace=300000)
	super		50000185
	constant pool entry 75	500000ef
	constant pool entry 74	500000d8
	constant pool entry 73	5000015b
	constant pool entry 72	5000008f
	constant pool entry 66	500000eb
	constant pool entry 63	50000185
CLS 5000002a (name=java.util.concurrent.ConcurrentHashMap, trace=300000)
	super		500000eb
	static serialPersistentFields	500010fb
	static U	50000efd
	constant pool entry 1010	5000010b
	constant pool entry 435	50000134
	constant pool entry 411	50000023
	constant pool entry 370	500000eb
	constant pool entry 364	5000008d
	constant pool entry 363	50000185
	constant pool entry 360	5000011e
	constant pool entry 354	5000017d
	constant pool entry 351	50000110
	constant pool entry 344	500010fa
	constant pool entry 343	500010f9
	constant pool entry 342	500010f8
	constant pool entry 340	500010f7
	constant pool entry 339	500010f6
	constant pool entry 14	50000021
	constant pool entry 13	5000002a
	constant pool entry 10	50000024
	constant pool entry 9	50000022
	constant pool entry 8	500010f5
	constant pool entry 7	500010f4
	constant pool entry 6	500010f3
CLS 5000002b (name=java.util.concurrent.ConcurrentMap, trace=300000)
CLS 5000002c (name=java.util.Locale$Cache, trace=300000)
	super		5000002d
	constant pool entry 19	5000002d
	constant pool entry 18	50000017
	constant pool entry 17	5000002c
	constant pool entry 15	5000002e
CLS 5000002e (name=java.util.Locale, trace=300000)
	super		50000185
	static LOCALECACHE	50002480
	static ENGLISH	5000247f
	static FRENCH	5000247e
	static GERMAN	5000247d
	static ITALIAN	5000247c
	static JAPANESE	5000247b
	static KOREAN	5000247a
	static CHINESE	50002479
	static SIMPLIFIED_CHINESE	5000246d
	static TRADITIONAL_CHINESE	50002473
	static FRANCE	50002478
	static GERMANY	50002477
	static ITALY	50002476
	static JAPAN	50002475
	static KOREA	50002474
	static CHINA	5000246d
	static PRC	5000246d
	static TAIWAN	50002473
	static UK	50002472
	static US	50002471
	static CANADA	50002470
	static CANADA_FRENCH	5000246f
	static ROOT	5000246e
	static defaultLocale	5000246d
	static defaultFormatLocale	5000246d
	static serialPersistentFields	5000246c
	constant pool entry 889	5000010b
	constant pool entry 443	50000016
	constant pool entry 437	5000001b
	constant pool entry 436	50000064
	constant pool entry 431	50000017
	constant pool entry 428	50000d8c
	constant pool entry 427	5000002c
	constant pool entry 425	50000d91
	constant pool entry 417	50000103
	constant pool entry 412	50000185
	constant pool entry 409	5000011e
	constant pool entry 404	5000017d
	constant pool entry 400	50000110
	constant pool entry 391	5000246b
	constant pool entry 390	5000246a
	constant pool entry 389	50002469
	constant pool entry 388	50002468
	constant pool entry 58	5000002e
	constant pool entry 57	50000181
	constant pool entry 56	50002467
	constant pool entry 52	50002466
	constant pool entry 51	50002465
	constant pool entry 50	50002464
	constant pool entry 49	50002463
	constant pool entry 48	50002462
	constant pool entry 47	50002461
	constant pool entry 46	50002460
	constant pool entry 45	5000245f
	constant pool entry 44	5000245e
	constant pool entry 43	5000245d
	constant pool entry 40	5000245c
	constant pool entry 38	5000245b
	constant pool entry 34	5000245a
	constant pool entry 33	50002459
	constant pool entry 32	50002458
	constant pool entry 31	50002457
	constant pool entry 30	50002456
	constant pool entry 29	50002455
	constant pool entry 24	50002454
	constant pool entry 18	50002453
	constant pool entry 15	50002452
	constant pool entry 13	50002451
	constant pool entry 11	50002450
	constant pool entry 6	5000244f
	constant pool entry 1	50000ed3
CLS 5000002f (name=java.lang.reflect.Array, trace=300000)
	super		50000185
	constant pool entry 37	5000002f
CLS 500000d7 (name=java.util.HashMap$Node, trace=300000)
	super		50000185
	constant pool entry 44	500000d7
	constant pool entry 41	50000185
CLS 50000054 (name=java.util.LinkedHashMap$Entry, trace=300000)
	super		500000d7
	constant pool entry 14	500000d7
CLS 50000030 (name=java.util.HashMap$TreeNode, trace=300000)
	super		50000054
CLS 50000035 (name=java.io.Reader, trace=300000)
	super		50000185
	constant pool entry 57	50000185
	constant pool entry 53	50000035
CLS 50000031 (name=sun.nio.cs.StreamDecoder, trace=300000)
	super		50000035
	constant pool entry 136	50000095
	constant pool entry 135	50000069
	constant pool entry 134	50000097
	constant pool entry 133	500000cf
	constant pool entry 130	5000006b
	constant pool entry 129	50000073
	constant pool entry 122	5000017d
	constant pool entry 119	50000035
	constant pool entry 118	50000131
	constant pool entry 5	50000031
CLS 50000033 (name=java.io.InputStreamReader, trace=300000)
	super		50000035
	constant pool entry 45	50000031
	constant pool entry 38	50000035
	constant pool entry 37	50000033
CLS 50000032 (name=java.io.FileReader, trace=300000)
	super		50000033
	constant pool entry 12	50000033
	constant pool entry 9	5000008b
CLS 50000034 (name=java.io.BufferedReader, trace=300000)
	super		50000035
	constant pool entry 176	5000010b
	constant pool entry 93	50000136
	constant pool entry 92	50000181
	constant pool entry 87	50000035
	constant pool entry 84	50000034
	constant pool entry 4	50000ed2
CLS 50000036 (name=sun.misc.MetaIndex, trace=300000)
	super		50000185
	static jarMap	500022b1
	constant pool entry 149	5000010b
	constant pool entry 78	5000015b
	constant pool entry 77	500000fb
	constant pool entry 76	500000d9
	constant pool entry 75	500000f1
	constant pool entry 73	50000181
	constant pool entry 72	50000185
	constant pool entry 70	5000017d
	constant pool entry 67	50000032
	constant pool entry 66	5000012f
	constant pool entry 65	50000034
	constant pool entry 64	500000db
	constant pool entry 4	50000036
	constant pool entry 3	500022b0
	constant pool entry 2	500022af
	constant pool entry 1	500022ae
CLS 50000037 (name=sun.misc.Launcher$ExtClassLoader$1, trace=300000)
	super		50000185
	constant pool entry 30	50000036
	constant pool entry 29	50000037
	constant pool entry 28	50000129
	constant pool entry 25	50000185
CLS 50000038 (name=java.io.File[], trace=300000)
	super		50000185
CLS 50000039 (name=java.util.StringTokenizer, trace=300000)
	super		50000185
	constant pool entry 63	50000039
	constant pool entry 60	50000181
	constant pool entry 59	50000185
	constant pool entry 57	50000124
CLS 5000003a (name=java.net.URLClassLoader$7, trace=300000)
	super		50000185
	constant pool entry 20	5000012e
	constant pool entry 17	50000185
CLS 5000003b (name=sun.misc.JavaNetAccess, trace=300000)
CLS 5000003c (name=java.util.WeakHashMap$KeySet, trace=300000)
	super		500000ee
	constant pool entry 28	5000003c
	constant pool entry 24	500000ee
CLS 5000003d (name=java.util.Collections$SetFromMap, trace=300000)
	super		500000ee
	constant pool entry 72	5000015b
	constant pool entry 71	5000003d
	constant pool entry 69	500000ee
	constant pool entry 65	50000125
CLS 5000003e (name=java.util.WeakHashMap$Entry[], trace=300000)
	super		50000185
CLS 50000164 (name=java.lang.ref.WeakReference, trace=300000)
	super		50000166
	constant pool entry 7	50000166
CLS 5000003f (name=java.util.WeakHashMap$Entry, trace=300000)
	super		50000164
	constant pool entry 48	5000003f
	constant pool entry 43	50000164
CLS 50000040 (name=java.lang.ClassLoader$ParallelLoaders, trace=300000)
	super		50000185
	static loaderTypes	5000241b
	constant pool entry 31	500000ba
	constant pool entry 30	500000ef
	constant pool entry 29	500000f0
	constant pool entry 26	50000040
	constant pool entry 25	5000017d
	constant pool entry 1	5000017b
CLS 50000041 (name=sun.security.util.Debug, trace=300000)
	super		50000185
	static hexDigits	50001224
	constant pool entry 202	50000041
	constant pool entry 201	50000064
	constant pool entry 197	50000103
	constant pool entry 192	50000181
	constant pool entry 50	50001223
	constant pool entry 49	50001222
	constant pool entry 23	50001221
CLS 50000042 (name=sun.misc.Launcher$Factory, trace=300000)
	super		50000185
	static PREFIX	50002258
	constant pool entry 48	50000042
	constant pool entry 44	5000000f
	constant pool entry 43	50000135
	constant pool entry 40	50000185
	constant pool entry 38	5000017d
	constant pool entry 4	50002258
	constant pool entry 2	5000224e
	constant pool entry 1	50001541
CLS 50000043 (name=java.net.URLStreamHandlerFactory, trace=300000)
CLS 50000044 (name=java.lang.Compiler$1, trace=300000)
	super		50000185
	constant pool entry 55	5000017a
	constant pool entry 54	50000135
	constant pool entry 52	50000185
	constant pool entry 51	50000044
	constant pool entry 8	50002690
	constant pool entry 7	5000268f
	constant pool entry 4	5000268e
CLS 50000045 (name=java.lang.Compiler, trace=300000)
	super		50000185
	constant pool entry 25	50000103
	constant pool entry 23	50000044
	constant pool entry 22	50000045
CLS 50000179 (name=java.lang.Throwable, trace=300000)
	super		50000185
	static UNASSIGNED_STACK	5000169a
	static SUPPRESSED_SENTINEL	50001699
	static NULL_CAUSE_MESSAGE	50001698
	static SELF_SUPPRESSION_MESSAGE	50001697
	static CAUSE_CAPTION	50001696
	static SUPPRESSED_CAPTION	50001695
	static EMPTY_THROWABLE_ARRAY	50001694
	constant pool entry 325	5000010b
	constant pool entry 171	500000f0
	constant pool entry 170	500000f1
	constant pool entry 160	50000127
	constant pool entry 159	50000185
	constant pool entry 154	5000017d
	constant pool entry 18	50000179
CLS 50000176 (name=java.lang.Exception, trace=300000)
	super		50000179
	constant pool entry 14	50000179
CLS 50000175 (name=java.lang.RuntimeException, trace=300000)
	super		50000176
CLS 50000046 (name=java.lang.IllegalArgumentException, trace=300000)
	super		50000175
CLS 50000047 (name=java.lang.System$2, trace=300000)
	super		50000185
	constant pool entry 44	50000185
CLS 50000048 (name=sun.misc.JavaLangAccess, trace=300000)
CLS 50000049 (name=sun.io.Win32ErrorMode, trace=300000)
	super		50000185
	constant pool entry 44	500000d4
	constant pool entry 43	50000049
	constant pool entry 42	5000017a
	constant pool entry 1	500010cf
CLS 5000004a (name=sun.misc.OSEnvironment, trace=300000)
	super		50000185
	constant pool entry 9	50000049
CLS 5000004b (name=java.lang.Integer[], trace=300000)
	super		50000185
CLS 5000004c (name=java.lang.Number[], trace=300000)
	super		50000185
CLS 5000004d (name=java.lang.Integer$IntegerCache, trace=300000)
	super		50000185
	static cache	50001109
	constant pool entry 70	5000010b
	constant pool entry 46	500000d4
	constant pool entry 41	5000004d
	constant pool entry 40	5000017d
	constant pool entry 3	5000011e
	constant pool entry 2	50000fa6
CLS 5000004e (name=sun.misc.NativeSignalHandler, trace=300000)
	super		50000185
	constant pool entry 19	5000004e
	constant pool entry 18	50000185
CLS 5000004f (name=sun.misc.Signal, trace=300000)
	super		50000185
	static handlers	50002620
	static signals	5000261f
	constant pool entry 84	50000051
	constant pool entry 82	5000004f
	constant pool entry 81	5000004e
	constant pool entry 80	50000159
	constant pool entry 74	50000185
	constant pool entry 73	5000011e
CLS 50000050 (name=java.lang.Terminator$1, trace=300000)
	super		50000185
	constant pool entry 18	50000185
CLS 50000051 (name=sun.misc.SignalHandler, trace=300000)
	static SIG_DFL	5000261e
	static SIG_IGN	5000261d
	constant pool entry 14	50000051
	constant pool entry 13	5000004e
CLS 50000052 (name=java.lang.Terminator, trace=300000)
	super		50000185
	static handler	5000261c
	constant pool entry 26	5000004f
	constant pool entry 25	50000050
	constant pool entry 24	50000052
	constant pool entry 2	5000261b
	constant pool entry 1	5000261a
CLS 50000053 (name=java.lang.ClassLoader$NativeLibrary, trace=300000)
	super		50000185
	constant pool entry 54	500000f6
	constant pool entry 51	50000185
	constant pool entry 50	50000053
	constant pool entry 49	5000017b
CLS 50000055 (name=java.io.ExpiringCache$Entry, trace=300000)
	super		50000185
	constant pool entry 21	50000185
	constant pool entry 20	50000055
CLS 50000056 (name=java.io.File$PathStatus[], trace=300000)
	super		50000185
CLS 50000057 (name=java.lang.Enum[], trace=300000)
	super		50000185
CLS 50000058 (name=java.lang.ClassLoader$3, trace=300000)
	super		50000185
	constant pool entry 25	50000185
	constant pool entry 24	50000058
	constant pool entry 22	50000125
	constant pool entry 21	5000012f
CLS 50000059 (name=java.lang.StringCoding$StringEncoder, trace=300000)
	super		50000185
	constant pool entry 143	5000010b
	constant pool entry 72	500000a5
	constant pool entry 71	50000076
	constant pool entry 70	50000095
	constant pool entry 68	50000075
	constant pool entry 67	500000cf
	constant pool entry 63	50000059
	constant pool entry 61	500000a1
	constant pool entry 59	50000185
	constant pool entry 57	5000017d
CLS 5000005a (name=java.nio.file.Path, trace=300000)
CLS 5000005b (name=java.nio.file.Watchable, trace=300000)
CLS 5000005d (name=java.lang.Enum, trace=300000)
	super		50000185
	constant pool entry 70	50000185
	constant pool entry 5	5000005d
CLS 5000005c (name=java.io.File$PathStatus, trace=300000)
	super		5000005d
	static INVALID	500025a9
	static CHECKED	500025a8
	static $VALUES	500025a7
	constant pool entry 45	5000010b
	constant pool entry 23	5000005d
	constant pool entry 3	5000005c
	constant pool entry 2	500025a6
	constant pool entry 1	500025a5
CLS 500000d9 (name=java.util.HashMap, trace=300000)
	super		500000eb
	constant pool entry 466	5000010b
	constant pool entry 227	5000015b
	constant pool entry 222	50000030
	constant pool entry 221	500000d7
	constant pool entry 214	500002f1
	constant pool entry 212	500000d9
	constant pool entry 209	500000eb
	constant pool entry 205	50000185
	constant pool entry 200	50000122
	constant pool entry 190	500000d5
CLS 5000005f (name=java.util.LinkedHashMap, trace=300000)
	super		500000d9
	constant pool entry 98	500007a9
	constant pool entry 96	50000054
	constant pool entry 95	5000005f
	constant pool entry 93	500000d7
	constant pool entry 92	500000d9
CLS 5000005e (name=java.io.ExpiringCache$1, trace=300000)
	super		5000005f
	constant pool entry 24	5000005f
	constant pool entry 22	5000005e
	constant pool entry 21	50000060
CLS 50000060 (name=java.io.ExpiringCache, trace=300000)
	super		50000185
	constant pool entry 62	5000015b
	constant pool entry 60	5000017a
	constant pool entry 58	50000185
	constant pool entry 57	50000055
	constant pool entry 56	5000005e
	constant pool entry 55	50000060
CLS 50000062 (name=java.io.FileSystem, trace=300000)
	super		50000185
	constant pool entry 75	5000017a
	constant pool entry 73	50000185
	constant pool entry 71	50000062
	constant pool entry 2	5000259d
	constant pool entry 1	5000259c
CLS 50000061 (name=java.io.WinNTFileSystem, trace=300000)
	super		50000062
	static driveDirCache	5000244e
	constant pool entry 310	5000010b
	constant pool entry 153	50000064
	constant pool entry 152	5000002e
	constant pool entry 151	50000103
	constant pool entry 150	5000017a
	constant pool entry 149	50000135
	constant pool entry 148	50000136
	constant pool entry 147	50000181
	constant pool entry 143	50000061
	constant pool entry 141	50000062
	constant pool entry 140	5000012f
	constant pool entry 139	50000060
	constant pool entry 9	5000244d
	constant pool entry 8	5000244c
	constant pool entry 7	5000244b
CLS 50000063 (name=java.io.DefaultFileSystem, trace=300000)
	super		50000185
	constant pool entry 9	50000061
CLS 50000064 (name=sun.security.action.GetPropertyAction, trace=300000)
	super		50000185
	constant pool entry 25	50000064
	constant pool entry 23	5000017a
	constant pool entry 21	50000185
CLS 50000079 (name=java.io.Writer, trace=300000)
	super		50000185
	constant pool entry 50	50000181
	constant pool entry 49	50000185
	constant pool entry 45	50000079
CLS 50000065 (name=java.io.BufferedWriter, trace=300000)
	super		50000079
	constant pool entry 117	5000010b
	constant pool entry 64	50000064
	constant pool entry 63	50000103
	constant pool entry 60	50000181
	constant pool entry 56	50000079
	constant pool entry 54	50000065
	constant pool entry 3	50000eea
CLS 50000068 (name=java.nio.charset.CoderResult$Cache, trace=300000)
	super		50000185
	constant pool entry 33	50000068
	constant pool entry 29	50000185
CLS 50000066 (name=java.nio.charset.CoderResult$2, trace=300000)
	super		50000068
	constant pool entry 14	50000068
CLS 50000067 (name=java.nio.charset.CoderResult$1, trace=300000)
	super		50000068
	constant pool entry 12	50000068
CLS 50000069 (name=java.nio.charset.CoderResult, trace=300000)
	super		50000185
	static names	50001684
	static UNDERFLOW	50001683
	static OVERFLOW	50001682
	static malformedCache	50001681
	static unmappableCache	50001680
	constant pool entry 137	5000010b
	constant pool entry 82	50000066
	constant pool entry 81	50000067
	constant pool entry 75	50000181
	constant pool entry 74	50000185
	constant pool entry 73	5000017d
	constant pool entry 7	50000069
	constant pool entry 4	5000167f
	constant pool entry 3	5000167e
	constant pool entry 2	5000167d
	constant pool entry 1	5000167c
CLS 50000126 (name=java.nio.Buffer, trace=300000)
	super		50000185
	constant pool entry 64	50000126
	constant pool entry 62	50000185
CLS 5000006b (name=java.nio.CharBuffer, trace=300000)
	super		50000126
	constant pool entry 114	5000006a
	constant pool entry 112	5000006b
	constant pool entry 109	50000126
CLS 5000006a (name=java.nio.HeapCharBuffer, trace=300000)
	super		5000006b
	constant pool entry 136	5000010b
	constant pool entry 66	5000006a
	constant pool entry 65	5000006b
	constant pool entry 59	50000181
CLS 5000006c (name=java.lang.Readable, trace=300000)
CLS 5000006d (name=java.nio.Bits$1, trace=300000)
	super		50000185
	constant pool entry 18	50000185
CLS 5000006e (name=sun.misc.JavaNioAccess, trace=300000)
CLS 50000123 (name=java.lang.Number, trace=300000)
	super		50000185
	constant pool entry 26	50000185
CLS 5000006f (name=java.util.concurrent.atomic.AtomicLong, trace=300000)
	super		50000123
	static unsafe	50000efd
	constant pool entry 79	50000134
	constant pool entry 76	50000123
	constant pool entry 72	5000017d
	constant pool entry 2	5000006f
	constant pool entry 1	500010fa
CLS 50000070 (name=java.nio.ByteOrder, trace=300000)
	super		50000185
	static BIG_ENDIAN	50001247
	static LITTLE_ENDIAN	50001246
	constant pool entry 21	50000070
	constant pool entry 20	50000071
	constant pool entry 19	50000185
	constant pool entry 2	50001245
	constant pool entry 1	50001244
CLS 50000071 (name=java.nio.Bits, trace=300000)
	super		50000185
	static unsafe	50000efd
	static byteOrder	50001246
	static reservedMemory	50001250
	static totalCapacity	5000124f
	static count	5000124e
	constant pool entry 269	50000064
	constant pool entry 268	500000d4
	constant pool entry 267	50000134
	constant pool entry 266	500000df
	constant pool entry 264	5000006f
	constant pool entry 263	50000103
	constant pool entry 262	50000070
	constant pool entry 260	5000006d
	constant pool entry 256	50000181
	constant pool entry 246	5000017d
	constant pool entry 8	50000071
	constant pool entry 6	5000124d
	constant pool entry 5	5000124c
	constant pool entry 4	5000124b
	constant pool entry 3	5000124a
CLS 50000073 (name=java.nio.ByteBuffer, trace=300000)
	super		50000126
	constant pool entry 138	50000072
	constant pool entry 136	50000070
	constant pool entry 135	50000073
	constant pool entry 132	50000126
	constant pool entry 131	50000071
CLS 50000072 (name=java.nio.HeapByteBuffer, trace=300000)
	super		50000073
	constant pool entry 257	5000010b
	constant pool entry 120	50000072
	constant pool entry 104	50000073
	constant pool entry 100	5000017a
CLS 50000075 (name=java.nio.charset.CharsetEncoder, trace=300000)
	super		50000185
	static stateNames	5000166e
	constant pool entry 355	5000010b
	constant pool entry 164	500000b5
	constant pool entry 163	50000095
	constant pool entry 162	50000069
	constant pool entry 160	50000097
	constant pool entry 159	500000cf
	constant pool entry 157	5000006b
	constant pool entry 156	50000073
	constant pool entry 153	50000164
	constant pool entry 150	50000181
	constant pool entry 149	50000185
	constant pool entry 146	5000017d
	constant pool entry 16	50000075
	constant pool entry 13	5000166d
	constant pool entry 7	5000166c
	constant pool entry 4	5000166b
	constant pool entry 3	5000166a
	constant pool entry 2	50001542
CLS 50000074 (name=sun.nio.cs.ext.DoubleByte$Encoder, trace=300000)
	super		50000075
	constant pool entry 190	5000010b
	constant pool entry 87	50000074
	constant pool entry 82	500000b5
	constant pool entry 81	50000069
	constant pool entry 80	50000075
	constant pool entry 79	5000006b
	constant pool entry 78	50000073
	constant pool entry 76	50000181
	constant pool entry 72	5000018c
CLS 50000076 (name=sun.nio.cs.ArrayEncoder, trace=300000)
CLS 50000077 (name=sun.nio.cs.StreamEncoder, trace=300000)
	super		50000079
	constant pool entry 119	50000095
	constant pool entry 118	50000069
	constant pool entry 117	50000075
	constant pool entry 116	500000cf
	constant pool entry 114	5000006b
	constant pool entry 113	50000073
	constant pool entry 108	5000017d
	constant pool entry 106	50000079
	constant pool entry 104	50000086
	constant pool entry 2	50000077
CLS 50000078 (name=java.io.OutputStreamWriter, trace=300000)
	super		50000079
	constant pool entry 45	50000077
	constant pool entry 39	50000079
	constant pool entry 37	50000078
CLS 500000cf (name=java.nio.charset.Charset, trace=300000)
	super		50000185
	static bugLevel	50000ed3
	static standardProvider	50001547
	static cache1	500006ac
	static cache2	50000699
	static gate	50001546
	static defaultCharset	50001545
	constant pool entry 316	5000010b
	constant pool entry 157	50000064
	constant pool entry 155	500000cc
	constant pool entry 154	500000d4
	constant pool entry 148	50000103
	constant pool entry 147	500000ce
	constant pool entry 141	500000b4
	constant pool entry 134	500000c7
	constant pool entry 133	50000181
	constant pool entry 132	50000185
	constant pool entry 9	500000cf
	constant pool entry 7	50001544
	constant pool entry 6	50001543
	constant pool entry 2	50001542
	constant pool entry 1	50000ed3
CLS 5000007a (name=sun.nio.cs.ext.MS936, trace=300000)
	super		500000cf
	static b2cSBStr	500021a1
	static b2cStr	500021a8
	static b2c	500021a7
	static b2cSB	500021a6
	static c2b	500021a5
	static c2bIndex	500021a4
	constant pool entry 364	5000010b
	constant pool entry 309	5000007a
	constant pool entry 308	500000b1
	constant pool entry 307	50000074
	constant pool entry 306	50000096
	constant pool entry 305	5000009a
	constant pool entry 303	500000cf
	constant pool entry 301	50000181
	constant pool entry 299	5000018c
	constant pool entry 130	50001734
	constant pool entry 129	50001733
	constant pool entry 128	50001732
	constant pool entry 127	50001731
	constant pool entry 126	50001730
	constant pool entry 125	5000172f
	constant pool entry 124	500021a3
	constant pool entry 123	5000172d
	constant pool entry 122	5000172c
	constant pool entry 121	5000172b
	constant pool entry 120	5000172a
	constant pool entry 119	50001729
	constant pool entry 118	50001728
	constant pool entry 117	50001727
	constant pool entry 116	50001726
	constant pool entry 115	50001725
	constant pool entry 114	50001724
	constant pool entry 113	50001723
	constant pool entry 112	50001722
	constant pool entry 111	50001721
	constant pool entry 110	50001720
	constant pool entry 109	5000171f
	constant pool entry 108	5000171e
	constant pool entry 107	5000171d
	constant pool entry 106	5000171c
	constant pool entry 105	5000171b
	constant pool entry 104	5000171a
	constant pool entry 103	50001719
	constant pool entry 102	50001718
	constant pool entry 101	50001717
	constant pool entry 100	50001716
	constant pool entry 99	50001715
	constant pool entry 98	50001714
	constant pool entry 97	50001713
	constant pool entry 96	50001712
	constant pool entry 95	50001711
	constant pool entry 94	50001710
	constant pool entry 93	5000170f
	constant pool entry 92	5000170e
	constant pool entry 91	5000170d
	constant pool entry 90	5000170c
	constant pool entry 89	5000170b
	constant pool entry 88	5000170a
	constant pool entry 87	50001709
	constant pool entry 86	50001708
	constant pool entry 85	50001707
	constant pool entry 84	50001706
	constant pool entry 83	50001705
	constant pool entry 82	50001704
	constant pool entry 81	50001703
	constant pool entry 80	50001702
	constant pool entry 79	50001701
	constant pool entry 78	50001700
	constant pool entry 77	500016ff
	constant pool entry 76	500016fe
	constant pool entry 75	500016fd
	constant pool entry 74	500016fc
	constant pool entry 73	500016fb
	constant pool entry 72	500016fa
	constant pool entry 71	500016f9
	constant pool entry 70	500016f8
	constant pool entry 69	500016f7
	constant pool entry 68	500016f6
	constant pool entry 67	500016f5
	constant pool entry 66	500016f4
	constant pool entry 65	500016f3
	constant pool entry 64	500016f2
	constant pool entry 63	500016f1
	constant pool entry 62	500016f0
	constant pool entry 61	500016ef
	constant pool entry 60	500016ee
	constant pool entry 59	500016ed
	constant pool entry 58	500016ec
	constant pool entry 57	500016eb
	constant pool entry 56	500016ea
	constant pool entry 55	500016e9
	constant pool entry 54	500016e8
	constant pool entry 53	500016e7
	constant pool entry 52	500016e6
	constant pool entry 51	500016e5
	constant pool entry 50	500016e4
	constant pool entry 49	500016e3
	constant pool entry 48	500016e2
	constant pool entry 47	500016e1
	constant pool entry 46	500016e0
	constant pool entry 45	500016df
	constant pool entry 44	500016de
	constant pool entry 43	500016dd
	constant pool entry 42	500016dc
	constant pool entry 41	500016db
	constant pool entry 40	500016da
	constant pool entry 39	500016d9
	constant pool entry 38	500016d8
	constant pool entry 37	500016d7
	constant pool entry 36	500016d6
	constant pool entry 35	500016d5
	constant pool entry 34	500016d4
	constant pool entry 33	500016d3
	constant pool entry 32	500016d2
	constant pool entry 31	500016d1
	constant pool entry 30	500016d0
	constant pool entry 29	500016cf
	constant pool entry 28	500016ce
	constant pool entry 27	500016cd
	constant pool entry 26	500016cc
	constant pool entry 25	500016cb
	constant pool entry 24	500016ca
	constant pool entry 23	500016c9
	constant pool entry 22	500016c8
	constant pool entry 21	500016c7
	constant pool entry 20	500016c6
	constant pool entry 19	500016c5
	constant pool entry 18	500016c4
	constant pool entry 17	500016c3
	constant pool entry 16	500016c2
	constant pool entry 15	500016c1
	constant pool entry 14	500016c0
	constant pool entry 13	500016bf
	constant pool entry 12	500016be
	constant pool entry 11	500016bd
	constant pool entry 10	500016bc
	constant pool entry 9	500016bb
	constant pool entry 8	500016ba
	constant pool entry 7	500016b9
	constant pool entry 6	500016b8
	constant pool entry 5	500021a2
	constant pool entry 4	50001926
	constant pool entry 1	500021a1
CLS 50000086 (name=java.io.OutputStream, trace=300000)
	super		50000185
	constant pool entry 25	50000185
CLS 5000007d (name=java.io.FilterOutputStream, trace=300000)
	super		50000086
	constant pool entry 22	50000086
	constant pool entry 20	5000007d
CLS 5000007b (name=java.io.BufferedOutputStream, trace=300000)
	super		5000007d
	constant pool entry 57	5000010b
	constant pool entry 31	5000017a
	constant pool entry 29	50000086
	constant pool entry 27	5000007d
	constant pool entry 26	5000007b
CLS 5000007c (name=java.io.PrintStream, trace=300000)
	super		5000007d
	constant pool entry 113	500000cf
	constant pool entry 110	50000181
	constant pool entry 103	5000007c
	constant pool entry 102	50000078
	constant pool entry 101	50000086
	constant pool entry 98	5000007d
	constant pool entry 94	50000065
	constant pool entry 3	50000ede
	constant pool entry 1	500025c3
CLS 5000007e (name=sun.reflect.misc.ReflectUtil, trace=300000)
	super		50000185
	static PROXY_PACKAGE	500025b2
	constant pool entry 115	500000da
	constant pool entry 113	500000b8
CLS 5000007f (name=java.util.concurrent.atomic.AtomicReferenceFieldUpdater$AtomicReferenceFieldUpdaterImpl$1, trace=300000)
	super		50000185
	constant pool entry 31	5000007f
	constant pool entry 27	50000185
	constant pool entry 24	5000017d
CLS 50000080 (name=java.security.PrivilegedExceptionAction, trace=300000)
CLS 50000082 (name=java.util.concurrent.atomic.AtomicReferenceFieldUpdater, trace=300000)
	super		50000185
	constant pool entry 38	500000da
	constant pool entry 35	50000081
	constant pool entry 33	50000185
CLS 50000081 (name=java.util.concurrent.atomic.AtomicReferenceFieldUpdater$AtomicReferenceFieldUpdaterImpl, trace=300000)
	super		50000082
	static U	50000efd
	constant pool entry 111	5000007e
	constant pool entry 110	50000134
	constant pool entry 109	5000007f
	constant pool entry 108	50000081
	constant pool entry 107	50000082
	constant pool entry 105	50000103
	constant pool entry 104	500000b8
	constant pool entry 103	50000155
	constant pool entry 93	5000017d
CLS 50000131 (name=java.io.InputStream, trace=300000)
	super		50000185
	constant pool entry 45	50000185
CLS 50000084 (name=java.io.FilterInputStream, trace=300000)
	super		50000131
	constant pool entry 24	50000131
	constant pool entry 22	50000084
CLS 50000083 (name=java.io.BufferedInputStream, trace=300000)
	super		50000084
	static bufUpdater	500025b1
	constant pool entry 130	5000010b
	constant pool entry 69	50000082
	constant pool entry 62	50000084
	constant pool entry 9	50000083
	constant pool entry 8	50000189
	constant pool entry 7	500025b0
CLS 50000085 (name=java.io.FileOutputStream, trace=300000)
	super		50000086
	constant pool entry 74	5000017a
	constant pool entry 71	50000185
	constant pool entry 69	50000086
	constant pool entry 67	500003b4
	constant pool entry 66	50000085
	constant pool entry 64	5000008a
	constant pool entry 63	5000012f
CLS 50000087 (name=java.io.Flushable, trace=300000)
CLS 50000088 (name=java.io.FileDescriptor$1, trace=300000)
	super		50000185
	constant pool entry 20	50000185
CLS 50000089 (name=sun.misc.JavaIOFileDescriptorAccess, trace=300000)
CLS 5000008a (name=java.io.FileDescriptor, trace=300000)
	super		50000185
	static in	50000ef6
	static out	50000ef8
	static err	50000ef7
	constant pool entry 66	500000df
	constant pool entry 61	50000185
	constant pool entry 58	50000088
	constant pool entry 57	5000008a
	constant pool entry 56	50000132
CLS 5000008b (name=java.io.FileInputStream, trace=300000)
	super		50000131
	constant pool entry 72	5000017a
	constant pool entry 69	50000185
	constant pool entry 67	50000131
	constant pool entry 64	50000013
	constant pool entry 63	5000008b
	constant pool entry 62	5000008a
	constant pool entry 61	5000012f
CLS 5000008c (name=sun.misc.Version, trace=300000)
	super		50000185
	static launcher_name	50002618
	static java_version	50002249
	static java_runtime_name	500025fc
	static java_profile_name	50000ed3
	static java_runtime_version	50002607
	constant pool entry 143	5000008c
	constant pool entry 142	5000017a
	constant pool entry 17	50002245
	constant pool entry 16	50002608
	constant pool entry 15	500025fd
	constant pool entry 11	500025fc
	constant pool entry 9	50002607
	constant pool entry 8	50002249
CLS 5000008d (name=java.lang.Runtime, trace=300000)
	super		50000185
	static currentRuntime	50000dd2
	constant pool entry 105	5000017a
	constant pool entry 103	50000181
	constant pool entry 102	50000dc1
	constant pool entry 98	5000008d
	constant pool entry 96	50000185
	constant pool entry 94	5000017b
	constant pool entry 91	5000012f
CLS 5000008e (name=java.util.Hashtable$Enumerator, trace=300000)
	super		50000185
	constant pool entry 59	5000008e
	constant pool entry 58	500000d3
	constant pool entry 57	50000159
	constant pool entry 52	50000185
CLS 5000008f (name=java.util.Iterator, trace=300000)
CLS 50000090 (name=java.util.Enumeration, trace=300000)
CLS 50000091 (name=java.util.Objects, trace=300000)
	super		50000185
CLS 50000093 (name=java.util.Collections$SynchronizedCollection, trace=300000)
	super		50000185
	constant pool entry 65	50000091
	constant pool entry 64	50000093
	constant pool entry 62	500000fc
	constant pool entry 60	50000185
CLS 50000092 (name=java.util.Collections$SynchronizedSet, trace=300000)
	super		50000093
	constant pool entry 29	50000093
CLS 50000094 (name=java.util.Hashtable$EntrySet, trace=300000)
	super		500000ee
	constant pool entry 47	50000094
	constant pool entry 44	50000159
	constant pool entry 43	500000ee
CLS 50000095 (name=java.nio.charset.CodingErrorAction, trace=300000)
	super		50000185
	static IGNORE	50001678
	static REPLACE	50001677
	static REPORT	50001676
	constant pool entry 19	50000095
	constant pool entry 18	50000185
	constant pool entry 3	50001675
	constant pool entry 2	50001674
	constant pool entry 1	50001673
CLS 50000097 (name=java.nio.charset.CharsetDecoder, trace=300000)
	super		50000185
	static stateNames	5000168a
	constant pool entry 273	5000010b
	constant pool entry 140	50000095
	constant pool entry 139	50000069
	constant pool entry 137	500000cf
	constant pool entry 134	50000073
	constant pool entry 129	50000181
	constant pool entry 128	50000185
	constant pool entry 125	5000017d
	constant pool entry 16	50000097
	constant pool entry 15	50001689
	constant pool entry 12	5000166d
	constant pool entry 7	5000166c
	constant pool entry 4	5000166b
	constant pool entry 3	5000166a
	constant pool entry 2	50001542
CLS 50000096 (name=sun.nio.cs.ext.DoubleByte$Decoder, trace=300000)
	super		50000097
	constant pool entry 68	50000096
	constant pool entry 64	50000069
	constant pool entry 63	50000097
	constant pool entry 62	5000006b
	constant pool entry 61	50000073
	constant pool entry 59	50000181
CLS 50000098 (name=sun.nio.cs.ArrayDecoder, trace=300000)
CLS 50000099 (name=sun.nio.cs.ext.DelegatableDecoder, trace=300000)
CLS 5000009a (name=sun.nio.cs.ext.DoubleByte, trace=300000)
	super		50000185
	static B2C_UNMAPPABLE	500017b9
	constant pool entry 48	5000010b
	constant pool entry 22	5000009a
	constant pool entry 21	500000b5
CLS 5000009b (name=java.lang.StringCoding$StringDecoder, trace=300000)
	super		50000185
	constant pool entry 143	5000010b
	constant pool entry 71	50000098
	constant pool entry 70	50000095
	constant pool entry 68	50000097
	constant pool entry 67	500000cf
	constant pool entry 63	5000009b
	constant pool entry 61	500000a1
	constant pool entry 59	50000185
	constant pool entry 57	5000017d
CLS 5000009c (name=java.lang.ThreadLocal$ThreadLocalMap$Entry[], trace=300000)
	super		50000185
CLS 5000009d (name=java.lang.ref.WeakReference[], trace=300000)
	super		50000185
CLS 5000009e (name=java.lang.ref.Reference[], trace=300000)
	super		50000185
CLS 5000009f (name=java.lang.ThreadLocal$ThreadLocalMap$Entry, trace=300000)
	super		50000164
	constant pool entry 15	50000164
	constant pool entry 14	5000009f
CLS 500000a0 (name=java.lang.ThreadLocal$ThreadLocalMap, trace=300000)
	super		50000185
	constant pool entry 121	5000010b
	constant pool entry 54	5000009f
	constant pool entry 53	500000a0
	constant pool entry 51	500000c7
	constant pool entry 50	50000185
CLS 500000a1 (name=java.lang.StringCoding, trace=300000)
	super		50000185
	static decoder	50002631
	static encoder	50002630
	constant pool entry 134	500000b5
	constant pool entry 127	500000cf
	constant pool entry 123	50000165
	constant pool entry 122	500000c7
	constant pool entry 120	50000059
	constant pool entry 119	5000009b
	constant pool entry 117	500000a1
	constant pool entry 115	50000181
CLS 500000a2 (name=char[][], trace=300000)
	super		50000185
CLS 500000a3 (name=java.lang.Cloneable[], trace=300000)
	super		50000185
CLS 500000a4 (name=sun.nio.cs.ext.GBK, trace=300000)
	super		500000cf
	static b2cSBStr	500016b6
	static b2cStr	50001739
	static b2c	50001738
	static b2cSB	50001737
	static c2b	50001736
	static c2bIndex	50001735
	constant pool entry 362	5000010b
	constant pool entry 307	500000a4
	constant pool entry 306	500000b1
	constant pool entry 305	50000074
	constant pool entry 304	50000096
	constant pool entry 303	5000009a
	constant pool entry 301	500000cf
	constant pool entry 299	50000181
	constant pool entry 297	5000018c
	constant pool entry 129	50001734
	constant pool entry 128	50001733
	constant pool entry 127	50001732
	constant pool entry 126	50001731
	constant pool entry 125	50001730
	constant pool entry 124	5000172f
	constant pool entry 123	5000172e
	constant pool entry 122	5000172d
	constant pool entry 121	5000172c
	constant pool entry 120	5000172b
	constant pool entry 119	5000172a
	constant pool entry 118	50001729
	constant pool entry 117	50001728
	constant pool entry 116	50001727
	constant pool entry 115	50001726
	constant pool entry 114	50001725
	constant pool entry 113	50001724
	constant pool entry 112	50001723
	constant pool entry 111	50001722
	constant pool entry 110	50001721
	constant pool entry 109	50001720
	constant pool entry 108	5000171f
	constant pool entry 107	5000171e
	constant pool entry 106	5000171d
	constant pool entry 105	5000171c
	constant pool entry 104	5000171b
	constant pool entry 103	5000171a
	constant pool entry 102	50001719
	constant pool entry 101	50001718
	constant pool entry 100	50001717
	constant pool entry 99	50001716
	constant pool entry 98	50001715
	constant pool entry 97	50001714
	constant pool entry 96	50001713
	constant pool entry 95	50001712
	constant pool entry 94	50001711
	constant pool entry 93	50001710
	constant pool entry 92	5000170f
	constant pool entry 91	5000170e
	constant pool entry 90	5000170d
	constant pool entry 89	5000170c
	constant pool entry 88	5000170b
	constant pool entry 87	5000170a
	constant pool entry 86	50001709
	constant pool entry 85	50001708
	constant pool entry 84	50001707
	constant pool entry 83	50001706
	constant pool entry 82	50001705
	constant pool entry 81	50001704
	constant pool entry 80	50001703
	constant pool entry 79	50001702
	constant pool entry 78	50001701
	constant pool entry 77	50001700
	constant pool entry 76	500016ff
	constant pool entry 75	500016fe
	constant pool entry 74	500016fd
	constant pool entry 73	500016fc
	constant pool entry 72	500016fb
	constant pool entry 71	500016fa
	constant pool entry 70	500016f9
	constant pool entry 69	500016f8
	constant pool entry 68	500016f7
	constant pool entry 67	500016f6
	constant pool entry 66	500016f5
	constant pool entry 65	500016f4
	constant pool entry 64	500016f3
	constant pool entry 63	500016f2
	constant pool entry 62	500016f1
	constant pool entry 61	500016f0
	constant pool entry 60	500016ef
	constant pool entry 59	500016ee
	constant pool entry 58	500016ed
	constant pool entry 57	500016ec
	constant pool entry 56	500016eb
	constant pool entry 55	500016ea
	constant pool entry 54	500016e9
	constant pool entry 53	500016e8
	constant pool entry 52	500016e7
	constant pool entry 51	500016e6
	constant pool entry 50	500016e5
	constant pool entry 49	500016e4
	constant pool entry 48	500016e3
	constant pool entry 47	500016e2
	constant pool entry 46	500016e1
	constant pool entry 45	500016e0
	constant pool entry 44	500016df
	constant pool entry 43	500016de
	constant pool entry 42	500016dd
	constant pool entry 41	500016dc
	constant pool entry 40	500016db
	constant pool entry 39	500016da
	constant pool entry 38	500016d9
	constant pool entry 37	500016d8
	constant pool entry 36	500016d7
	constant pool entry 35	500016d6
	constant pool entry 34	500016d5
	constant pool entry 33	500016d4
	constant pool entry 32	500016d3
	constant pool entry 31	500016d2
	constant pool entry 30	500016d1
	constant pool entry 29	500016d0
	constant pool entry 28	500016cf
	constant pool entry 27	500016ce
	constant pool entry 26	500016cd
	constant pool entry 25	500016cc
	constant pool entry 24	500016cb
	constant pool entry 23	500016ca
	constant pool entry 22	500016c9
	constant pool entry 21	500016c8
	constant pool entry 20	500016c7
	constant pool entry 19	500016c6
	constant pool entry 18	500016c5
	constant pool entry 17	500016c4
	constant pool entry 16	500016c3
	constant pool entry 15	500016c2
	constant pool entry 14	500016c1
	constant pool entry 13	500016c0
	constant pool entry 12	500016bf
	constant pool entry 11	500016be
	constant pool entry 10	500016bd
	constant pool entry 9	500016bc
	constant pool entry 8	500016bb
	constant pool entry 7	500016ba
	constant pool entry 6	500016b9
	constant pool entry 5	500016b8
	constant pool entry 4	500016b7
	constant pool entry 2	500016b0
	constant pool entry 1	500016b6
CLS 500000a5 (name=sun.nio.cs.HistoricallyNamedCharset, trace=300000)
CLS 500000a6 (name=java.util.TreeMap$Entry, trace=300000)
	super		50000185
	constant pool entry 47	500000a6
	constant pool entry 42	50000185
CLS 500000a7 (name=sun.misc.ASCIICaseInsensitiveComparator, trace=300000)
	super		50000185
	static CASE_INSENSITIVE_ORDER	50001b24
	constant pool entry 36	50000181
	constant pool entry 35	50000185
	constant pool entry 34	5000017d
	constant pool entry 1	500000a7
CLS 500000a8 (name=java.util.TreeMap, trace=300000)
	super		500000eb
	static UNBOUNDED	50001c91
	constant pool entry 218	500000a6
	constant pool entry 213	500000a8
	constant pool entry 211	500000aa
	constant pool entry 204	5000015b
	constant pool entry 201	5000010d
	constant pool entry 198	500000eb
	constant pool entry 197	50000185
CLS 500000a9 (name=java.util.NavigableMap, trace=300000)
CLS 500000aa (name=java.util.SortedMap, trace=300000)
CLS 50000150 (name=sun.reflect.MagicAccessorImpl, trace=300000)
	super		50000185
	constant pool entry 6	50000185
CLS 5000014c (name=sun.reflect.ConstructorAccessorImpl, trace=300000)
	super		50000150
	constant pool entry 18	50000150
CLS 500000ab (name=sun.reflect.DelegatingConstructorAccessorImpl, trace=300000)
	super		5000014c
	constant pool entry 18	500000ab
	constant pool entry 17	5000014c
CLS 500000ac (name=sun.reflect.NativeConstructorAccessorImpl, trace=300000)
	super		5000014c
	constant pool entry 42	500000f5
	constant pool entry 41	500000ac
	constant pool entry 38	5000014c
CLS 500000ad (name=sun.reflect.ReflectionFactory$1, trace=300000)
	super		50000185
	constant pool entry 49	500000ad
	constant pool entry 48	500000f5
	constant pool entry 46	5000017a
	constant pool entry 43	50000185
	constant pool entry 3	50000f8d
	constant pool entry 2	50000f8c
CLS 500000ae (name=java.lang.Class$1, trace=300000)
	super		50000185
	constant pool entry 23	50000151
	constant pool entry 22	50000185
	constant pool entry 21	500000ae
CLS 500000af (name=java.lang.reflect.Constructor[], trace=300000)
	super		50000185
CLS 500000b0 (name=java.lang.reflect.Executable[], trace=300000)
	super		50000185
CLS 500000ce (name=java.nio.charset.spi.CharsetProvider, trace=300000)
	super		50000185
	constant pool entry 21	5000017a
	constant pool entry 18	50000185
CLS 500000b2 (name=sun.nio.cs.AbstractCharsetProvider, trace=300000)
	super		500000ce
	constant pool entry 86	500000a7
	constant pool entry 85	500000a8
	constant pool entry 84	5000015b
	constant pool entry 82	500000ce
	constant pool entry 81	500000cf
	constant pool entry 80	50000165
	constant pool entry 78	50000135
	constant pool entry 77	50000181
	constant pool entry 76	50000185
	constant pool entry 72	5000017d
	constant pool entry 70	500000db
	constant pool entry 3	500000b2
	constant pool entry 1	50001541
CLS 500000b1 (name=sun.nio.cs.ext.ExtendedCharsets, trace=300000)
	super		500000b2
	static instance	50001b1e
	constant pool entry 1580	5000010b
	constant pool entry 1542	50000064
	constant pool entry 1541	500000b1
	constant pool entry 1540	500000b2
	constant pool entry 1539	500000d4
	constant pool entry 1538	50000103
	constant pool entry 1537	50000181
	constant pool entry 1530	50001b1d
	constant pool entry 1529	50001b1c
	constant pool entry 1528	50001b1b
	constant pool entry 1527	50001b1a
	constant pool entry 1526	50001b19
	constant pool entry 1525	50001b18
	constant pool entry 1524	50001b17
	constant pool entry 1523	50001b16
	constant pool entry 1522	50001b15
	constant pool entry 1521	50001b14
	constant pool entry 1520	50001b13
	constant pool entry 1519	50001b12
	constant pool entry 1518	50001b11
	constant pool entry 1517	50001b10
	constant pool entry 1516	50001b0f
	constant pool entry 1515	50001b0e
	constant pool entry 1514	50001b0d
	constant pool entry 1513	50001b0c
	constant pool entry 1512	50001b0b
	constant pool entry 1511	50001b0a
	constant pool entry 1510	50001b09
	constant pool entry 1509	50001b08
	constant pool entry 1508	50001b07
	constant pool entry 1507	50001b06
	constant pool entry 1506	50001b05
	constant pool entry 1505	50001b04
	constant pool entry 1504	50001b03
	constant pool entry 1503	50001b02
	constant pool entry 1502	50001b01
	constant pool entry 1501	50001b00
	constant pool entry 1500	50001aff
	constant pool entry 1499	50001afe
	constant pool entry 1498	50001afd
	constant pool entry 1497	50001afc
	constant pool entry 1496	50001afb
	constant pool entry 1495	50001afa
	constant pool entry 1494	50001af9
	constant pool entry 1493	50001af8
	constant pool entry 1492	50001af7
	constant pool entry 1491	50001af6
	constant pool entry 1490	50001af5
	constant pool entry 1489	50001af4
	constant pool entry 1488	50001af3
	constant pool entry 1487	50001af2
	constant pool entry 1486	50001af1
	constant pool entry 1485	50001af0
	constant pool entry 1484	50001aef
	constant pool entry 1483	50001aee
	constant pool entry 1482	50001aed
	constant pool entry 1480	50001aec
	constant pool entry 1479	50001aeb
	constant pool entry 1477	50001aea
	constant pool entry 1476	50001ae9
	constant pool entry 1475	50001ae8
	constant pool entry 1474	50001ae7
	constant pool entry 1473	50001ae6
	constant pool entry 1472	50001ae5
	constant pool entry 1471	50001ae4
	constant pool entry 1470	50001ae3
	constant pool entry 1469	50001ae2
	constant pool entry 1468	50001ae1
	constant pool entry 1467	50001ae0
	constant pool entry 1466	50001adf
	constant pool entry 1465	50001ade
	constant pool entry 1464	50001add
	constant pool entry 1463	50001adc
	constant pool entry 1462	50001adb
	constant pool entry 1461	50001ada
	constant pool entry 1460	50001ad9
	constant pool entry 1459	50001ad8
	constant pool entry 1458	50001ad7
	constant pool entry 1457	50001ad6
	constant pool entry 1456	50001ad5
	constant pool entry 1455	50001ad4
	constant pool entry 1454	50001ad3
	constant pool entry 1453	50001ad2
	constant pool entry 1452	50001ad1
	constant pool entry 1451	50001ad0
	constant pool entry 1450	50001acf
	constant pool entry 1449	50001ace
	constant pool entry 1448	50001acd
	constant pool entry 1447	50001acc
	constant pool entry 1446	50001acb
	constant pool entry 1445	50001aca
	constant pool entry 1444	50001ac9
	constant pool entry 1443	50001ac8
	constant pool entry 1442	50001ac7
	constant pool entry 1441	50001ac6
	constant pool entry 1440	50001ac5
	constant pool entry 1439	50001ac4
	constant pool entry 1438	50001ac3
	constant pool entry 1437	50001ac2
	constant pool entry 1436	50001ac1
	constant pool entry 1435	50001ac0
	constant pool entry 1434	50001abf
	constant pool entry 1433	50001abe
	constant pool entry 1432	50001abd
	constant pool entry 1431	50001abc
	constant pool entry 1430	50001abb
	constant pool entry 1429	50001aba
	constant pool entry 1428	50001ab9
	constant pool entry 1427	50001ab8
	constant pool entry 1426	50001ab7
	constant pool entry 1425	50001ab6
	constant pool entry 1424	50001ab5
	constant pool entry 1423	50001ab4
	constant pool entry 1422	50001ab3
	constant pool entry 1421	50001ab2
	constant pool entry 1420	50001ab1
	constant pool entry 1419	50001ab0
	constant pool entry 1418	50001aaf
	constant pool entry 1417	50001aae
	constant pool entry 1416	50001aad
	constant pool entry 1415	50001aac
	constant pool entry 1414	50001aab
	constant pool entry 1413	50001aaa
	constant pool entry 1412	50001aa9
	constant pool entry 1411	50001aa8
	constant pool entry 1410	50001aa7
	constant pool entry 1409	50001aa6
	constant pool entry 1408	50001aa5
	constant pool entry 1407	50001aa4
	constant pool entry 1406	50001aa3
	constant pool entry 1405	50001aa2
	constant pool entry 1404	50001aa1
	constant pool entry 1403	50001aa0
	constant pool entry 1402	50001a9f
	constant pool entry 1401	50001a9e
	constant pool entry 1400	50001a9d
	constant pool entry 1399	50001a9c
	constant pool entry 1398	50001a9b
	constant pool entry 1397	50001a9a
	constant pool entry 1396	50001a99
	constant pool entry 1395	50001a98
	constant pool entry 1394	50001a97
	constant pool entry 1393	50001a96
	constant pool entry 1392	50001a95
	constant pool entry 1391	50001a94
	constant pool entry 1390	50001a93
	constant pool entry 1389	50001a92
	constant pool entry 1388	50001a91
	constant pool entry 1387	50001a90
	constant pool entry 1386	50001a8f
	constant pool entry 1385	50001a8e
	constant pool entry 1384	50001a8d
	constant pool entry 1383	50001a8c
	constant pool entry 1382	50001a8b
	constant pool entry 1381	50001a8a
	constant pool entry 1380	50001a89
	constant pool entry 1379	50001a88
	constant pool entry 1378	50001a87
	constant pool entry 1377	50001a86
	constant pool entry 1376	50001a85
	constant pool entry 1375	50001a84
	constant pool entry 1374	50001a83
	constant pool entry 1373	50001a82
	constant pool entry 1372	50001a81
	constant pool entry 1371	50001a80
	constant pool entry 1370	50001a7f
	constant pool entry 1369	50001a7e
	constant pool entry 1368	50001a7d
	constant pool entry 1367	50001a7c
	constant pool entry 1366	50001a7b
	constant pool entry 1365	50001a7a
	constant pool entry 1364	50001a79
	constant pool entry 1363	50001a78
	constant pool entry 1362	50001a77
	constant pool entry 1361	50001a76
	constant pool entry 1360	50001a75
	constant pool entry 1359	50001a74
	constant pool entry 1358	50001a73
	constant pool entry 1357	50001a72
	constant pool entry 1356	50001a71
	constant pool entry 1355	50001a70
	constant pool entry 1354	50001a6f
	constant pool entry 1353	50001a6e
	constant pool entry 1352	50001a6d
	constant pool entry 1351	50001a6c
	constant pool entry 1350	50001a6b
	constant pool entry 1349	50001a6a
	constant pool entry 1348	50001a69
	constant pool entry 1347	50001a68
	constant pool entry 1346	50001a67
	constant pool entry 1345	50001a66
	constant pool entry 1344	50001a65
	constant pool entry 1343	50001a64
	constant pool entry 1342	50001a63
	constant pool entry 1341	50001a62
	constant pool entry 1340	50001a61
	constant pool entry 1339	50001a60
	constant pool entry 1338	50001a5f
	constant pool entry 1337	50001a5e
	constant pool entry 1336	50001a5d
	constant pool entry 1335	50001a5c
	constant pool entry 1334	50001a5b
	constant pool entry 1333	50001a5a
	constant pool entry 1332	50001a59
	constant pool entry 1331	50001a58
	constant pool entry 1330	50001a57
	constant pool entry 1329	50001a56
	constant pool entry 1328	50001a55
	constant pool entry 1327	50001a54
	constant pool entry 1326	50001a53
	constant pool entry 1325	50001a52
	constant pool entry 1324	50001a51
	constant pool entry 1323	50001a50
	constant pool entry 1322	50001a4f
	constant pool entry 1321	50001a4e
	constant pool entry 1320	50001a4d
	constant pool entry 1319	50001a4c
	constant pool entry 1318	50001a4b
	constant pool entry 1317	50001a4a
	constant pool entry 1316	50001a49
	constant pool entry 1315	50001a48
	constant pool entry 1314	50001a47
	constant pool entry 1313	50001a46
	constant pool entry 1312	50001a45
	constant pool entry 1311	50001a44
	constant pool entry 1310	50001a43
	constant pool entry 1309	50001a42
	constant pool entry 1308	50001a41
	constant pool entry 1307	50001a40
	constant pool entry 1306	50001a3f
	constant pool entry 1305	50001a3e
	constant pool entry 1304	50001a3d
	constant pool entry 1303	50001a3c
	constant pool entry 1302	50001a3b
	constant pool entry 1301	50001a3a
	constant pool entry 1300	50001a39
	constant pool entry 1299	50001a38
	constant pool entry 1298	50001a37
	constant pool entry 1297	50001a36
	constant pool entry 1296	50001a35
	constant pool entry 1295	50001a34
	constant pool entry 1294	50001a33
	constant pool entry 1293	50001a32
	constant pool entry 1292	50001a31
	constant pool entry 1291	50001a30
	constant pool entry 1290	50001a2f
	constant pool entry 1289	50001a2e
	constant pool entry 1288	50001a2d
	constant pool entry 1287	50001a2c
	constant pool entry 1286	50001a2b
	constant pool entry 1285	50001a2a
	constant pool entry 1284	50001a29
	constant pool entry 1283	50001a28
	constant pool entry 1282	50001a27
	constant pool entry 1281	50001a26
	constant pool entry 1280	50001a25
	constant pool entry 1279	50001a24
	constant pool entry 1278	50001a23
	constant pool entry 1277	50001a22
	constant pool entry 1276	50001a21
	constant pool entry 1275	50001a20
	constant pool entry 1274	50001a1f
	constant pool entry 1273	50001a1e
	constant pool entry 1272	50001a1d
	constant pool entry 1271	50001a1c
	constant pool entry 1270	50001a1b
	constant pool entry 1269	50001a1a
	constant pool entry 1268	50001a19
	constant pool entry 1267	50001a18
	constant pool entry 1266	50001a17
	constant pool entry 1265	50001a16
	constant pool entry 1264	50001a15
	constant pool entry 1263	50001a14
	constant pool entry 1262	50001a13
	constant pool entry 1261	50001a12
	constant pool entry 1260	50001a11
	constant pool entry 1259	50001a10
	constant pool entry 1258	50001a0f
	constant pool entry 1257	50001a0e
	constant pool entry 1256	50001a0d
	constant pool entry 1255	50001a0c
	constant pool entry 1254	50001a0b
	constant pool entry 1253	50001a0a
	constant pool entry 1252	50001a09
	constant pool entry 1251	50001a08
	constant pool entry 1250	50001a07
	constant pool entry 1249	50001a06
	constant pool entry 1248	50001a05
	constant pool entry 1247	50001a04
	constant pool entry 1246	50001a03
	constant pool entry 1245	50001a02
	constant pool entry 1244	50001a01
	constant pool entry 1243	50001a00
	constant pool entry 1242	500019ff
	constant pool entry 1241	500019fe
	constant pool entry 1240	500019fd
	constant pool entry 1239	500019fc
	constant pool entry 1238	500019fb
	constant pool entry 1237	500019fa
	constant pool entry 1236	500019f9
	constant pool entry 1235	500019f8
	constant pool entry 1234	500019f7
	constant pool entry 1233	500019f6
	constant pool entry 1232	500019f5
	constant pool entry 1231	500019f4
	constant pool entry 1230	500019f3
	constant pool entry 1229	500019f2
	constant pool entry 1228	500019f1
	constant pool entry 1227	500019f0
	constant pool entry 1226	500019ef
	constant pool entry 1225	500019ee
	constant pool entry 1224	500019ed
	constant pool entry 1223	500019ec
	constant pool entry 1222	500019eb
	constant pool entry 1221	500019ea
	constant pool entry 1220	500019e9
	constant pool entry 1219	500019e8
	constant pool entry 1218	500019e7
	constant pool entry 1217	500019e6
	constant pool entry 1216	500019e5
	constant pool entry 1215	500019e4
	constant pool entry 1214	500019e3
	constant pool entry 1213	500019e2
	constant pool entry 1212	500019e1
	constant pool entry 1211	500019e0
	constant pool entry 1210	500019df
	constant pool entry 1209	500019de
	constant pool entry 1208	500019dd
	constant pool entry 1207	500019dc
	constant pool entry 1206	500019db
	constant pool entry 1205	500019da
	constant pool entry 1203	500019d9
	constant pool entry 1202	500019d8
	constant pool entry 1201	500019d7
	constant pool entry 1200	500019d6
	constant pool entry 1199	500019d5
	constant pool entry 1198	500019d4
	constant pool entry 1197	500019d3
	constant pool entry 1196	500019d2
	constant pool entry 1195	500019d1
	constant pool entry 1194	500019d0
	constant pool entry 1193	500019cf
	constant pool entry 1192	500019ce
	constant pool entry 1191	500019cd
	constant pool entry 1190	500019cc
	constant pool entry 1189	500019cb
	constant pool entry 1188	500019ca
	constant pool entry 1187	500019c9
	constant pool entry 1186	500019c8
	constant pool entry 1185	500019c7
	constant pool entry 1184	500019c6
	constant pool entry 1183	500019c5
	constant pool entry 1182	500019c4
	constant pool entry 1181	500019c3
	constant pool entry 1180	500019c2
	constant pool entry 1179	500019c1
	constant pool entry 1178	500019c0
	constant pool entry 1177	500019bf
	constant pool entry 1176	500019be
	constant pool entry 1175	500019bd
	constant pool entry 1174	500019bc
	constant pool entry 1173	500019bb
	constant pool entry 1172	500019ba
	constant pool entry 1171	500019b9
	constant pool entry 1170	500019b8
	constant pool entry 1169	500019b7
	constant pool entry 1168	500019b6
	constant pool entry 1167	500019b5
	constant pool entry 1166	500019b4
	constant pool entry 1165	500019b3
	constant pool entry 1164	500019b2
	constant pool entry 1163	500019b1
	constant pool entry 1162	500019b0
	constant pool entry 1161	500019af
	constant pool entry 1160	500019ae
	constant pool entry 1159	500019ad
	constant pool entry 1158	500019ac
	constant pool entry 1157	500019ab
	constant pool entry 1156	500019aa
	constant pool entry 1155	500019a9
	constant pool entry 1154	500019a8
	constant pool entry 1153	500019a7
	constant pool entry 1152	500019a6
	constant pool entry 1151	500019a5
	constant pool entry 1150	500019a4
	constant pool entry 1149	500019a3
	constant pool entry 1148	500019a2
	constant pool entry 1147	500019a1
	constant pool entry 1146	500019a0
	constant pool entry 1145	5000199f
	constant pool entry 1144	5000199e
	constant pool entry 1143	5000199d
	constant pool entry 1142	5000199c
	constant pool entry 1141	5000199b
	constant pool entry 1140	5000199a
	constant pool entry 1139	50001999
	constant pool entry 1138	50001998
	constant pool entry 1137	50001997
	constant pool entry 1136	50001996
	constant pool entry 1135	50001995
	constant pool entry 1134	50001994
	constant pool entry 1133	50001993
	constant pool entry 1132	50001992
	constant pool entry 1131	50001991
	constant pool entry 1130	50001990
	constant pool entry 1129	5000198f
	constant pool entry 1128	5000198e
	constant pool entry 1127	5000198d
	constant pool entry 1126	5000198c
	constant pool entry 1125	5000198b
	constant pool entry 1124	5000198a
	constant pool entry 1123	50001989
	constant pool entry 1122	50001988
	constant pool entry 1121	50001987
	constant pool entry 1120	50001986
	constant pool entry 1119	50001985
	constant pool entry 1118	50001984
	constant pool entry 1117	50001983
	constant pool entry 1116	50001982
	constant pool entry 1115	50001981
	constant pool entry 1114	50001980
	constant pool entry 1113	5000197f
	constant pool entry 1112	5000197e
	constant pool entry 1111	5000197d
	constant pool entry 1110	5000197c
	constant pool entry 1109	5000197b
	constant pool entry 1108	5000197a
	constant pool entry 1107	50001979
	constant pool entry 1106	50001978
	constant pool entry 1105	50001977
	constant pool entry 1103	50001976
	constant pool entry 1102	50001975
	constant pool entry 1101	50001974
	constant pool entry 1100	50001973
	constant pool entry 1099	50001972
	constant pool entry 1098	50001971
	constant pool entry 1097	50001970
	constant pool entry 1096	5000196f
	constant pool entry 1095	5000196e
	constant pool entry 1094	5000196d
	constant pool entry 1093	5000196c
	constant pool entry 1092	5000196b
	constant pool entry 1091	5000196a
	constant pool entry 1090	50001969
	constant pool entry 1089	50001968
	constant pool entry 1088	50001967
	constant pool entry 1087	50001966
	constant pool entry 1086	50001965
	constant pool entry 1085	50001964
	constant pool entry 1084	50001963
	constant pool entry 1083	50001962
	constant pool entry 1082	50001961
	constant pool entry 1081	50001960
	constant pool entry 1080	5000195f
	constant pool entry 1079	5000195e
	constant pool entry 1078	5000195d
	constant pool entry 1077	5000195c
	constant pool entry 1076	5000195b
	constant pool entry 1075	5000195a
	constant pool entry 1074	50001959
	constant pool entry 1073	50001958
	constant pool entry 1072	50001957
	constant pool entry 1071	50001956
	constant pool entry 1070	50001955
	constant pool entry 1069	50001954
	constant pool entry 1068	50001953
	constant pool entry 1067	50001952
	constant pool entry 1066	50001951
	constant pool entry 1065	50001950
	constant pool entry 1064	5000194f
	constant pool entry 1063	5000194e
	constant pool entry 1062	5000194d
	constant pool entry 1061	5000194c
	constant pool entry 1060	5000194b
	constant pool entry 1059	5000194a
	constant pool entry 1058	50001949
	constant pool entry 1057	50001948
	constant pool entry 1056	50001947
	constant pool entry 1055	50001946
	constant pool entry 1054	50001945
	constant pool entry 1053	50001944
	constant pool entry 1052	50001943
	constant pool entry 1051	50001942
	constant pool entry 1050	50001941
	constant pool entry 1049	50001940
	constant pool entry 1048	5000193f
	constant pool entry 1047	5000193e
	constant pool entry 1046	5000193d
	constant pool entry 1045	5000193c
	constant pool entry 1044	5000193b
	constant pool entry 1043	5000193a
	constant pool entry 1042	50001939
	constant pool entry 1041	50001938
	constant pool entry 1040	50001937
	constant pool entry 1039	50001936
	constant pool entry 1038	50001935
	constant pool entry 1037	50001934
	constant pool entry 1036	50001933
	constant pool entry 1035	50001932
	constant pool entry 1034	50001931
	constant pool entry 1033	50001930
	constant pool entry 251	5000192f
	constant pool entry 250	5000192e
	constant pool entry 249	5000192d
	constant pool entry 248	5000192c
	constant pool entry 247	5000192b
	constant pool entry 246	5000192a
	constant pool entry 245	50001929
	constant pool entry 244	50001928
	constant pool entry 243	50001927
	constant pool entry 242	50001926
	constant pool entry 241	50001925
	constant pool entry 240	50001924
	constant pool entry 239	50001923
	constant pool entry 238	50001922
	constant pool entry 237	50001921
	constant pool entry 236	50001920
	constant pool entry 235	5000191f
	constant pool entry 234	5000191e
	constant pool entry 233	5000191d
	constant pool entry 232	5000191c
	constant pool entry 231	5000191b
	constant pool entry 230	5000191a
	constant pool entry 229	50001919
	constant pool entry 228	50001918
	constant pool entry 227	50001917
	constant pool entry 226	50001916
	constant pool entry 225	50001915
	constant pool entry 224	50001914
	constant pool entry 223	50001913
	constant pool entry 222	50001912
	constant pool entry 221	50001911
	constant pool entry 220	50001910
	constant pool entry 219	5000190f
	constant pool entry 218	5000190e
	constant pool entry 217	5000190d
	constant pool entry 216	500016b2
	constant pool entry 215	5000190c
	constant pool entry 214	5000190b
	constant pool entry 213	5000190a
	constant pool entry 212	50001909
	constant pool entry 211	50001908
	constant pool entry 210	50001907
	constant pool entry 209	50001906
	constant pool entry 208	50001905
	constant pool entry 207	50001904
	constant pool entry 206	50001903
	constant pool entry 205	50001902
	constant pool entry 204	50001901
	constant pool entry 203	50001900
	constant pool entry 202	500018ff
	constant pool entry 201	500018fe
	constant pool entry 200	500018fd
	constant pool entry 199	500018fc
	constant pool entry 198	500018fb
	constant pool entry 197	500018fa
	constant pool entry 196	500018f9
	constant pool entry 195	500018f8
	constant pool entry 194	500018f7
	constant pool entry 193	500018f6
	constant pool entry 192	500018f5
	constant pool entry 191	500018f4
	constant pool entry 190	500018f3
	constant pool entry 189	500018f2
	constant pool entry 188	500018f1
	constant pool entry 187	500018f0
	constant pool entry 186	500018ef
	constant pool entry 185	500018ee
	constant pool entry 184	500018ed
	constant pool entry 183	500018ec
	constant pool entry 182	500018eb
	constant pool entry 181	500018ea
	constant pool entry 180	500018e9
	constant pool entry 179	500018e8
	constant pool entry 178	500018e7
	constant pool entry 177	500018e6
	constant pool entry 176	500018e5
	constant pool entry 175	500018e4
	constant pool entry 174	500018e3
	constant pool entry 173	500018e2
	constant pool entry 172	500018e1
	constant pool entry 171	500018e0
	constant pool entry 170	500018df
	constant pool entry 169	500018de
	constant pool entry 168	500018dd
	constant pool entry 167	500018dc
	constant pool entry 166	500018db
	constant pool entry 165	500018da
	constant pool entry 164	500018d9
	constant pool entry 163	500018d8
	constant pool entry 162	500018d7
	constant pool entry 161	500018d6
	constant pool entry 160	500018d5
	constant pool entry 159	500018d4
	constant pool entry 158	500018d3
	constant pool entry 157	500018d2
	constant pool entry 156	500018d1
	constant pool entry 155	500018d0
	constant pool entry 154	500018cf
	constant pool entry 153	500018ce
	constant pool entry 152	500018cd
	constant pool entry 151	500018cc
	constant pool entry 150	500018cb
	constant pool entry 149	500018ca
	constant pool entry 148	500018c9
	constant pool entry 147	500018c8
	constant pool entry 146	500018c7
	constant pool entry 145	500018c6
	constant pool entry 144	500018c5
	constant pool entry 143	500018c4
	constant pool entry 142	500018c3
	constant pool entry 141	500018c2
	constant pool entry 140	500018c1
	constant pool entry 139	500018c0
	constant pool entry 138	500018bf
	constant pool entry 137	500018be
	constant pool entry 136	500018bd
	constant pool entry 135	500018bc
	constant pool entry 134	500018bb
	constant pool entry 133	500018ba
	constant pool entry 132	500018b9
	constant pool entry 131	500018b8
	constant pool entry 130	500018b7
	constant pool entry 129	500018b6
	constant pool entry 128	500018b5
	constant pool entry 127	500018b4
	constant pool entry 126	500018b3
	constant pool entry 125	500018b2
	constant pool entry 124	500018b1
	constant pool entry 123	500018b0
	constant pool entry 122	500018af
	constant pool entry 121	500018ae
	constant pool entry 120	500018ad
	constant pool entry 119	500018ac
	constant pool entry 118	500018ab
	constant pool entry 117	500018aa
	constant pool entry 116	500018a9
	constant pool entry 115	500018a8
	constant pool entry 114	500018a7
	constant pool entry 113	500018a6
	constant pool entry 112	500018a5
	constant pool entry 111	500018a4
	constant pool entry 110	500018a3
	constant pool entry 109	500018a2
	constant pool entry 108	500018a1
	constant pool entry 107	500018a0
	constant pool entry 106	5000189f
	constant pool entry 105	5000189e
	constant pool entry 104	5000189d
	constant pool entry 103	5000189c
	constant pool entry 102	5000189b
	constant pool entry 101	5000189a
	constant pool entry 100	50001899
	constant pool entry 99	50001898
	constant pool entry 98	50001897
	constant pool entry 97	50001896
	constant pool entry 96	50001895
	constant pool entry 95	50001894
	constant pool entry 94	50001893
	constant pool entry 93	50001892
	constant pool entry 92	50001891
	constant pool entry 91	50001890
	constant pool entry 90	5000188f
	constant pool entry 89	5000188e
	constant pool entry 88	5000188d
	constant pool entry 87	5000188c
	constant pool entry 86	5000188b
	constant pool entry 85	5000188a
	constant pool entry 84	50001889
	constant pool entry 83	50001888
	constant pool entry 82	50001887
	constant pool entry 81	50001886
	constant pool entry 80	50001885
	constant pool entry 79	50001884
	constant pool entry 78	50001883
	constant pool entry 77	50001882
	constant pool entry 76	50001881
	constant pool entry 75	50001880
	constant pool entry 74	5000187f
	constant pool entry 73	5000187e
	constant pool entry 72	5000187d
	constant pool entry 71	5000187c
	constant pool entry 70	5000187b
	constant pool entry 69	5000187a
	constant pool entry 68	50001879
	constant pool entry 67	50001878
	constant pool entry 66	50001877
	constant pool entry 65	50001876
	constant pool entry 64	50001875
	constant pool entry 63	50001874
	constant pool entry 62	50001873
	constant pool entry 61	50001872
	constant pool entry 60	50001871
	constant pool entry 59	50001870
	constant pool entry 58	5000186f
	constant pool entry 57	5000186e
	constant pool entry 56	5000186d
	constant pool entry 55	5000186c
	constant pool entry 54	5000186b
	constant pool entry 53	5000186a
	constant pool entry 52	50001869
	constant pool entry 51	50001868
	constant pool entry 50	50001867
	constant pool entry 49	50001866
	constant pool entry 48	50001865
	constant pool entry 47	50001864
	constant pool entry 46	50001863
	constant pool entry 45	50001862
	constant pool entry 44	50001861
	constant pool entry 43	50001860
	constant pool entry 42	5000185f
	constant pool entry 41	5000185e
	constant pool entry 40	5000185d
	constant pool entry 39	5000185c
	constant pool entry 38	5000185b
	constant pool entry 37	5000185a
	constant pool entry 36	50001859
	constant pool entry 35	50001858
	constant pool entry 34	50001857
	constant pool entry 33	50001856
	constant pool entry 32	50001855
	constant pool entry 31	50001854
	constant pool entry 30	50001853
	constant pool entry 29	500016b0
	constant pool entry 28	50001852
	constant pool entry 27	50001851
	constant pool entry 26	50001850
	constant pool entry 25	5000184f
	constant pool entry 24	5000184e
	constant pool entry 23	5000184d
	constant pool entry 22	5000184c
	constant pool entry 21	5000184b
	constant pool entry 20	5000184a
	constant pool entry 19	50001849
	constant pool entry 18	50001848
	constant pool entry 17	50001847
	constant pool entry 16	50001846
	constant pool entry 15	50001845
	constant pool entry 14	500016b3
	constant pool entry 13	50001844
	constant pool entry 12	50001843
	constant pool entry 11	50001842
	constant pool entry 10	50001841
	constant pool entry 9	50001840
	constant pool entry 8	5000183f
	constant pool entry 7	5000183e
	constant pool entry 6	5000183d
	constant pool entry 5	5000183c
	constant pool entry 4	5000183b
	constant pool entry 3	5000183a
	constant pool entry 2	50001839
	constant pool entry 1	50001838
CLS 500000b3 (name=java.nio.charset.Charset$ExtendedProviderHolder$1, trace=300000)
	super		50000185
	constant pool entry 39	500000ce
	constant pool entry 38	500000b3
	constant pool entry 34	50000185
	constant pool entry 29	5000017d
	constant pool entry 1	50002233
CLS 500000b4 (name=java.nio.charset.Charset$ExtendedProviderHolder, trace=300000)
	super		50000185
	static extendedProvider	50001b1e
	constant pool entry 19	50000103
	constant pool entry 18	500000ce
	constant pool entry 17	500000b3
	constant pool entry 16	500000b4
CLS 500000b5 (name=java.util.Arrays, trace=300000)
	super		50000185
	constant pool entry 798	5000010b
	constant pool entry 298	50000bad
	constant pool entry 292	5000002f
	constant pool entry 288	5000017a
	constant pool entry 285	50000185
	constant pool entry 284	500000d1
	constant pool entry 279	5000017d
	constant pool entry 19	500000b5
	constant pool entry 16	5000011c
	constant pool entry 2	50000ed4
CLS 500000b6 (name=java.lang.reflect.ReflectAccess, trace=300000)
	super		50000185
	constant pool entry 39	50000155
	constant pool entry 37	50000151
	constant pool entry 36	50000185
CLS 500000b7 (name=sun.reflect.LangReflectAccess, trace=300000)
CLS 500000b8 (name=java.lang.reflect.Modifier, trace=300000)
	super		50000185
	constant pool entry 127	50000100
	constant pool entry 126	500000f5
	constant pool entry 125	50000103
	constant pool entry 124	500000b6
CLS 500000ba (name=java.util.WeakHashMap, trace=300000)
	super		500000eb
	static NULL_KEY	50002237
	constant pool entry 318	5000010b
	constant pool entry 145	5000003c
	constant pool entry 139	5000003f
	constant pool entry 137	500000ba
	constant pool entry 128	500000eb
	constant pool entry 127	500000e6
	constant pool entry 124	50000185
	constant pool entry 121	50000122
	constant pool entry 120	5000003e
CLS 500000b9 (name=java.lang.ClassValue$ClassValueMap, trace=300000)
	super		500000ba
CLS 500000bb (name=sun.reflect.annotation.AnnotationType, trace=300000)
	super		50000185
CLS 500000bc (name=java.lang.Class$AnnotationData, trace=300000)
	super		50000185
CLS 500000bf (name=sun.reflect.generics.repository.AbstractRepository, trace=300000)
	super		50000185
CLS 500000be (name=sun.reflect.generics.repository.GenericDeclRepository, trace=300000)
	super		500000bf
CLS 500000bd (name=sun.reflect.generics.repository.ClassRepository, trace=300000)
	super		500000be
CLS 500000c0 (name=java.lang.reflect.Field[], trace=300000)
	super		50000185
CLS 500000c1 (name=java.lang.reflect.Member[], trace=300000)
	super		50000185
CLS 500000c2 (name=java.lang.reflect.AccessibleObject[], trace=300000)
	super		50000185
CLS 500000c3 (name=java.lang.Class$Atomic, trace=300000)
	super		50000185
	static unsafe	50000efd
	constant pool entry 52	50000134
	constant pool entry 46	500000c3
	constant pool entry 6	5000017d
	constant pool entry 5	50002430
	constant pool entry 4	5000242f
	constant pool entry 3	5000242e
CLS 500000c4 (name=java.lang.Class$ReflectionData, trace=300000)
	super		50000185
	constant pool entry 27	50000185
	constant pool entry 26	500000c4
CLS 500000c5 (name=java.lang.Class$3, trace=300000)
	super		50000185
	constant pool entry 34	5000017a
	constant pool entry 32	50000185
	constant pool entry 31	500000c5
	constant pool entry 30	5000017d
	constant pool entry 1	50002434
CLS 500000c6 (name=java.util.concurrent.atomic.AtomicInteger, trace=300000)
	super		50000123
	static unsafe	50000efd
	constant pool entry 75	50000134
	constant pool entry 72	50000123
	constant pool entry 68	5000017d
	constant pool entry 2	500000c6
	constant pool entry 1	500010fa
CLS 500000c7 (name=java.lang.ThreadLocal, trace=300000)
	super		50000185
	static nextHashCode	50002232
	constant pool entry 58	500000c6
	constant pool entry 56	5000009f
	constant pool entry 55	500000a0
	constant pool entry 52	500000c7
	constant pool entry 51	5000015e
	constant pool entry 50	50000185
CLS 500000cb (name=sun.util.PreHashedMap, trace=300000)
	super		500000eb
	constant pool entry 91	5000010b
	constant pool entry 47	500000cb
	constant pool entry 44	500000eb
	constant pool entry 42	50000181
	constant pool entry 41	50000185
	constant pool entry 40	5000011c
CLS 500000c8 (name=sun.nio.cs.StandardCharsets$Cache, trace=300000)
	super		500000cb
	constant pool entry 115	5000010b
	constant pool entry 105	500000cb
	constant pool entry 104	500000c8
	constant pool entry 101	50000185
	constant pool entry 39	5000146d
	constant pool entry 38	5000146c
	constant pool entry 37	5000146b
	constant pool entry 36	5000146a
	constant pool entry 35	50001469
	constant pool entry 34	50001468
	constant pool entry 33	50001467
	constant pool entry 32	50001466
	constant pool entry 31	50001465
	constant pool entry 30	50001464
	constant pool entry 29	50001463
	constant pool entry 28	50001462
	constant pool entry 27	50001461
	constant pool entry 26	50001460
	constant pool entry 25	5000145f
	constant pool entry 24	5000145e
	constant pool entry 23	5000145d
	constant pool entry 22	5000145c
	constant pool entry 21	5000145b
	constant pool entry 20	5000145a
	constant pool entry 19	50001459
	constant pool entry 18	50001458
	constant pool entry 17	50001457
	constant pool entry 16	50001456
	constant pool entry 15	50001455
	constant pool entry 14	50001454
	constant pool entry 13	50001453
	constant pool entry 12	50001452
	constant pool entry 11	50001451
	constant pool entry 10	5000131e
	constant pool entry 9	5000131d
	constant pool entry 8	5000131c
	constant pool entry 7	5000131b
	constant pool entry 6	5000131a
	constant pool entry 5	50001319
	constant pool entry 4	50001317
	constant pool entry 3	50001315
	constant pool entry 2	50001450
	constant pool entry 1	5000144f
CLS 500000c9 (name=sun.nio.cs.StandardCharsets$Classes, trace=300000)
	super		500000cb
	constant pool entry 193	5000010b
	constant pool entry 183	500000cb
	constant pool entry 182	500000c9
	constant pool entry 179	50000185
	constant pool entry 78	5000146d
	constant pool entry 77	5000146c
	constant pool entry 76	5000146b
	constant pool entry 75	5000146a
	constant pool entry 74	50001469
	constant pool entry 73	50001468
	constant pool entry 72	50001467
	constant pool entry 71	50001466
	constant pool entry 70	50001465
	constant pool entry 69	50001464
	constant pool entry 68	50001463
	constant pool entry 67	50001462
	constant pool entry 66	50001461
	constant pool entry 65	50001460
	constant pool entry 64	5000145f
	constant pool entry 63	5000145e
	constant pool entry 62	5000145d
	constant pool entry 61	5000145c
	constant pool entry 60	5000145b
	constant pool entry 59	5000145a
	constant pool entry 58	50001459
	constant pool entry 57	50001458
	constant pool entry 56	50001457
	constant pool entry 55	50001456
	constant pool entry 54	50001455
	constant pool entry 53	50001454
	constant pool entry 52	50001453
	constant pool entry 51	50001452
	constant pool entry 50	50001451
	constant pool entry 49	5000131e
	constant pool entry 48	5000131d
	constant pool entry 47	5000131c
	constant pool entry 46	5000131b
	constant pool entry 45	5000131a
	constant pool entry 44	50001319
	constant pool entry 43	50001317
	constant pool entry 42	50001315
	constant pool entry 41	50001450
	constant pool entry 40	5000144f
	constant pool entry 39	5000144e
	constant pool entry 38	500012c8
	constant pool entry 37	500012c7
	constant pool entry 36	500012c6
	constant pool entry 35	500012c5
	constant pool entry 34	500012c4
	constant pool entry 33	5000144d
	constant pool entry 32	500012c3
	constant pool entry 31	500012c2
	constant pool entry 30	500012c1
	constant pool entry 29	5000144c
	constant pool entry 28	5000144b
	constant pool entry 27	5000144a
	constant pool entry 26	50001449
	constant pool entry 25	50001448
	constant pool entry 24	50001447
	constant pool entry 23	50001446
	constant pool entry 22	50001445
	constant pool entry 21	50001444
	constant pool entry 20	50001443
	constant pool entry 19	50001442
	constant pool entry 18	50001441
	constant pool entry 17	50001440
	constant pool entry 16	5000143f
	constant pool entry 15	5000143e
	constant pool entry 14	5000143d
	constant pool entry 13	500012b8
	constant pool entry 12	5000143c
	constant pool entry 11	5000143b
	constant pool entry 10	5000143a
	constant pool entry 9	50001439
	constant pool entry 8	50001438
	constant pool entry 7	50001437
	constant pool entry 6	50001436
	constant pool entry 5	50001435
	constant pool entry 4	50001434
	constant pool entry 3	50001433
	constant pool entry 2	50001432
	constant pool entry 1	50001431
CLS 500000ca (name=sun.nio.cs.StandardCharsets$Aliases, trace=300000)
	super		500000cb
	constant pool entry 519	5000010b
	constant pool entry 509	500000cb
	constant pool entry 508	500000ca
	constant pool entry 505	50000185
	constant pool entry 241	5000146d
	constant pool entry 240	500014f5
	constant pool entry 239	5000146c
	constant pool entry 238	500014f4
	constant pool entry 237	5000146b
	constant pool entry 236	500014f3
	constant pool entry 235	500014f2
	constant pool entry 234	5000146a
	constant pool entry 233	50001469
	constant pool entry 232	50001342
	constant pool entry 231	50001468
	constant pool entry 230	50001467
	constant pool entry 229	50001466
	constant pool entry 228	50001465
	constant pool entry 227	50001464
	constant pool entry 226	50001463
	constant pool entry 225	500014f1
	constant pool entry 224	500014f0
	constant pool entry 223	500014ef
	constant pool entry 222	500014ee
	constant pool entry 221	500014ed
	constant pool entry 220	500014ec
	constant pool entry 219	500014eb
	constant pool entry 218	500014ea
	constant pool entry 217	500014e9
	constant pool entry 216	500014e8
	constant pool entry 215	50001341
	constant pool entry 214	50001462
	constant pool entry 213	500014e7
	constant pool entry 212	50001461
	constant pool entry 211	500014e6
	constant pool entry 210	50001460
	constant pool entry 209	5000145f
	constant pool entry 208	5000145e
	constant pool entry 207	5000145d
	constant pool entry 206	5000145c
	constant pool entry 205	5000145b
	constant pool entry 204	50001269
	constant pool entry 203	500014e5
	constant pool entry 202	500014e4
	constant pool entry 201	500014e3
	constant pool entry 200	500014e2
	constant pool entry 199	50001340
	constant pool entry 198	5000133f
	constant pool entry 197	5000133e
	constant pool entry 196	500014e1
	constant pool entry 195	500014e0
	constant pool entry 194	5000133c
	constant pool entry 193	5000133b
	constant pool entry 192	5000133a
	constant pool entry 191	50001339
	constant pool entry 190	500014df
	constant pool entry 189	500014de
	constant pool entry 188	50001338
	constant pool entry 187	50001337
	constant pool entry 186	50001336
	constant pool entry 185	50001335
	constant pool entry 184	50001334
	constant pool entry 183	50001333
	constant pool entry 182	5000145a
	constant pool entry 181	50001459
	constant pool entry 180	50001332
	constant pool entry 179	500014dd
	constant pool entry 178	500014dc
	constant pool entry 177	500014db
	constant pool entry 176	500014da
	constant pool entry 175	500014d9
	constant pool entry 174	500014d8
	constant pool entry 173	500014d7
	constant pool entry 172	500014d6
	constant pool entry 171	500014d5
	constant pool entry 170	500014d4
	constant pool entry 169	500014d3
	constant pool entry 168	500014d2
	constant pool entry 167	500014d1
	constant pool entry 166	50001331
	constant pool entry 165	500014d0
	constant pool entry 164	500014cf
	constant pool entry 163	5000126f
	constant pool entry 162	50001330
	constant pool entry 161	5000132f
	constant pool entry 160	5000132e
	constant pool entry 159	5000132d
	constant pool entry 158	5000132c
	constant pool entry 157	500014ce
	constant pool entry 156	500014cd
	constant pool entry 155	5000132b
	constant pool entry 154	500014cc
	constant pool entry 153	500014cb
	constant pool entry 152	5000132a
	constant pool entry 151	500014ca
	constant pool entry 150	50001329
	constant pool entry 149	500014c9
	constant pool entry 148	500014c8
	constant pool entry 147	500014c7
	constant pool entry 146	500014c6
	constant pool entry 145	500014c5
	constant pool entry 144	50001264
	constant pool entry 143	50001328
	constant pool entry 142	50001327
	constant pool entry 141	50001326
	constant pool entry 140	50001325
	constant pool entry 139	50001324
	constant pool entry 138	50001323
	constant pool entry 137	50001458
	constant pool entry 136	50001457
	constant pool entry 135	50001456
	constant pool entry 134	50001455
	constant pool entry 133	50001454
	constant pool entry 132	50001453
	constant pool entry 131	50001452
	constant pool entry 130	50001451
	constant pool entry 129	500014c4
	constant pool entry 128	500014c3
	constant pool entry 127	50001322
	constant pool entry 126	50001321
	constant pool entry 125	50001320
	constant pool entry 124	5000131f
	constant pool entry 123	50001345
	constant pool entry 122	5000131e
	constant pool entry 121	5000131d
	constant pool entry 120	5000131c
	constant pool entry 119	5000131b
	constant pool entry 118	5000131a
	constant pool entry 117	50001319
	constant pool entry 116	500014c2
	constant pool entry 115	50001318
	constant pool entry 114	50001317
	constant pool entry 113	50001316
	constant pool entry 112	50001315
	constant pool entry 111	500014c1
	constant pool entry 110	50001450
	constant pool entry 109	500014c0
	constant pool entry 108	50001314
	constant pool entry 107	50001313
	constant pool entry 106	50001312
	constant pool entry 105	50001311
	constant pool entry 104	50001344
	constant pool entry 103	50001310
	constant pool entry 102	5000130f
	constant pool entry 101	5000130e
	constant pool entry 100	5000130d
	constant pool entry 99	5000130c
	constant pool entry 98	5000130b
	constant pool entry 97	500014bf
	constant pool entry 96	5000130a
	constant pool entry 95	50001309
	constant pool entry 94	50001308
	constant pool entry 93	50001307
	constant pool entry 92	50001306
	constant pool entry 91	50001305
	constant pool entry 90	500014be
	constant pool entry 89	500014bd
	constant pool entry 88	5000126d
	constant pool entry 87	50001304
	constant pool entry 86	50001303
	constant pool entry 85	500014bc
	constant pool entry 84	50001302
	constant pool entry 83	50001301
	constant pool entry 82	50001300
	constant pool entry 81	500012ff
	constant pool entry 80	500014bb
	constant pool entry 79	500014ba
	constant pool entry 78	500014b9
	constant pool entry 77	500014b8
	constant pool entry 76	500014b7
	constant pool entry 75	500014b6
	constant pool entry 74	500014b5
	constant pool entry 73	500014b4
	constant pool entry 72	500014b3
	constant pool entry 71	500014b2
	constant pool entry 70	500014b1
	constant pool entry 69	500014b0
	constant pool entry 68	500014af
	constant pool entry 67	500012f1
	constant pool entry 66	500012f0
	constant pool entry 65	500012ef
	constant pool entry 64	500012ee
	constant pool entry 63	500012ed
	constant pool entry 62	500012ec
	constant pool entry 61	500012eb
	constant pool entry 60	500012ea
	constant pool entry 59	500012e9
	constant pool entry 58	500012e8
	constant pool entry 57	500012e7
	constant pool entry 56	500012e6
	constant pool entry 55	500012e5
	constant pool entry 54	500012e4
	constant pool entry 53	500012e3
	constant pool entry 52	500012e2
	constant pool entry 51	500012e1
	constant pool entry 50	500012e0
	constant pool entry 49	500012df
	constant pool entry 48	500012de
	constant pool entry 47	500012dd
	constant pool entry 46	500012dc
	constant pool entry 45	500012db
	constant pool entry 44	500012da
	constant pool entry 43	5000126b
	constant pool entry 42	500012d9
	constant pool entry 41	500012d8
	constant pool entry 40	500012d7
	constant pool entry 39	500012d6
	constant pool entry 38	500012d5
	constant pool entry 37	500012d4
	constant pool entry 36	500012d3
	constant pool entry 35	500014ae
	constant pool entry 34	5000144f
	constant pool entry 33	500012d2
	constant pool entry 32	50001271
	constant pool entry 31	500014ad
	constant pool entry 30	500014ac
	constant pool entry 29	500014ab
	constant pool entry 28	500012d1
	constant pool entry 27	50001298
	constant pool entry 26	50001297
	constant pool entry 25	50001296
	constant pool entry 24	50001295
	constant pool entry 23	50001294
	constant pool entry 22	50001293
	constant pool entry 21	50001292
	constant pool entry 20	50001291
	constant pool entry 19	50001290
	constant pool entry 18	5000128f
	constant pool entry 17	5000128e
	constant pool entry 16	5000128d
	constant pool entry 15	5000128c
	constant pool entry 14	50001343
	constant pool entry 13	5000128b
	constant pool entry 12	5000128a
	constant pool entry 11	50001289
	constant pool entry 10	50001288
	constant pool entry 9	50001287
	constant pool entry 8	50001286
	constant pool entry 7	50001285
	constant pool entry 6	50001284
	constant pool entry 5	50001283
	constant pool entry 4	50001282
	constant pool entry 3	50001281
	constant pool entry 2	5000126e
	constant pool entry 1	50001280
CLS 500000cd (name=sun.nio.cs.FastCharsetProvider, trace=300000)
	super		500000ce
	constant pool entry 135	5000010b
	constant pool entry 73	5000064b
	constant pool entry 71	500000cd
	constant pool entry 70	5000015b
	constant pool entry 69	500000ce
	constant pool entry 68	500000cf
	constant pool entry 66	50000135
	constant pool entry 65	50000181
	constant pool entry 63	50000185
	constant pool entry 59	5000017d
	constant pool entry 2	5000144c
	constant pool entry 1	50001541
CLS 500000cc (name=sun.nio.cs.StandardCharsets, trace=300000)
	super		500000cd
	static aliases_US_ASCII	50001262
	static aliases_UTF_8	5000136b
	static aliases_CESU_8	5000136a
	static aliases_UTF_16	50001369
	static aliases_UTF_16BE	50001368
	static aliases_UTF_16LE	50001367
	static aliases_UTF_16LE_BOM	50001366
	static aliases_UTF_32	50001365
	static aliases_UTF_32LE	50001364
	static aliases_UTF_32BE	50001363
	static aliases_UTF_32LE_BOM	50001362
	static aliases_UTF_32BE_BOM	50001361
	static aliases_ISO_8859_1	50001360
	static aliases_ISO_8859_2	5000135f
	static aliases_ISO_8859_4	5000135e
	static aliases_ISO_8859_5	5000135d
	static aliases_ISO_8859_7	5000135c
	static aliases_ISO_8859_9	5000135b
	static aliases_ISO_8859_13	5000135a
	static aliases_ISO_8859_15	50001359
	static aliases_KOI8_R	50001358
	static aliases_KOI8_U	50001357
	static aliases_MS1250	50001356
	static aliases_MS1251	50001355
	static aliases_MS1252	50001354
	static aliases_MS1253	50001353
	static aliases_MS1254	50001352
	static aliases_MS1257	50001351
	static aliases_IBM437	50001350
	static aliases_IBM737	5000134f
	static aliases_IBM775	5000134e
	static aliases_IBM850	5000134d
	static aliases_IBM852	5000134c
	static aliases_IBM855	5000134b
	static aliases_IBM857	5000134a
	static aliases_IBM858	50001349
	static aliases_IBM862	50001348
	static aliases_IBM866	50001347
	static aliases_IBM874	50001346
	constant pool entry 574	5000010b
	constant pool entry 483	500000c9
	constant pool entry 482	500000c8
	constant pool entry 481	500000ca
	constant pool entry 479	500000cc
	constant pool entry 478	500000cd
	constant pool entry 477	50000181
	constant pool entry 476	50001345
	constant pool entry 475	50001344
	constant pool entry 474	50001343
	constant pool entry 209	50001342
	constant pool entry 208	50001341
	constant pool entry 207	50001269
	constant pool entry 206	50001340
	constant pool entry 205	5000133f
	constant pool entry 204	5000133e
	constant pool entry 203	5000133d
	constant pool entry 202	5000133c
	constant pool entry 201	5000133b
	constant pool entry 200	5000133a
	constant pool entry 199	50001339
	constant pool entry 198	50001338
	constant pool entry 197	50001337
	constant pool entry 196	50001336
	constant pool entry 195	50001335
	constant pool entry 194	50001334
	constant pool entry 193	50001333
	constant pool entry 192	50001332
	constant pool entry 191	50001331
	constant pool entry 190	5000126f
	constant pool entry 189	50001330
	constant pool entry 188	5000132f
	constant pool entry 187	5000132e
	constant pool entry 186	5000132d
	constant pool entry 185	5000132c
	constant pool entry 184	5000132b
	constant pool entry 183	5000132a
	constant pool entry 182	50001329
	constant pool entry 181	50001264
	constant pool entry 180	50001328
	constant pool entry 179	50001327
	constant pool entry 178	50001326
	constant pool entry 177	50001325
	constant pool entry 176	50001324
	constant pool entry 175	50001323
	constant pool entry 174	50001322
	constant pool entry 173	50001321
	constant pool entry 172	50001320
	constant pool entry 171	5000131f
	constant pool entry 170	5000131e
	constant pool entry 169	5000131d
	constant pool entry 168	5000131c
	constant pool entry 167	5000131b
	constant pool entry 166	5000131a
	constant pool entry 165	50001319
	constant pool entry 164	50001318
	constant pool entry 163	50001317
	constant pool entry 162	50001316
	constant pool entry 161	50001315
	constant pool entry 160	50001314
	constant pool entry 159	50001313
	constant pool entry 158	50001312
	constant pool entry 157	50001311
	constant pool entry 156	50001310
	constant pool entry 155	5000130f
	constant pool entry 154	5000130e
	constant pool entry 153	5000130d
	constant pool entry 152	5000130c
	constant pool entry 151	5000130b
	constant pool entry 150	5000130a
	constant pool entry 149	50001309
	constant pool entry 148	50001308
	constant pool entry 147	50001307
	constant pool entry 146	50001306
	constant pool entry 145	50001305
	constant pool entry 144	5000126d
	constant pool entry 143	50001304
	constant pool entry 142	50001303
	constant pool entry 141	50001302
	constant pool entry 140	50001301
	constant pool entry 139	50001300
	constant pool entry 138	500012ff
	constant pool entry 137	500012fe
	constant pool entry 136	500012fd
	constant pool entry 135	500012fc
	constant pool entry 134	500012fb
	constant pool entry 133	500012fa
	constant pool entry 132	500012f9
	constant pool entry 131	500012f8
	constant pool entry 130	500012f7
	constant pool entry 129	500012f6
	constant pool entry 128	500012f5
	constant pool entry 127	500012f4
	constant pool entry 126	500012f3
	constant pool entry 125	500012f2
	constant pool entry 124	5000126c
	constant pool entry 123	500012f1
	constant pool entry 122	500012f0
	constant pool entry 121	500012ef
	constant pool entry 120	500012ee
	constant pool entry 119	500012ed
	constant pool entry 118	500012ec
	constant pool entry 117	500012eb
	constant pool entry 116	500012ea
	constant pool entry 115	500012e9
	constant pool entry 114	500012e8
	constant pool entry 113	500012e7
	constant pool entry 112	500012e6
	constant pool entry 111	500012e5
	constant pool entry 110	500012e4
	constant pool entry 109	500012e3
	constant pool entry 108	500012e2
	constant pool entry 107	500012e1
	constant pool entry 106	500012e0
	constant pool entry 105	500012df
	constant pool entry 104	500012de
	constant pool entry 103	500012dd
	constant pool entry 102	500012dc
	constant pool entry 101	500012db
	constant pool entry 100	500012da
	constant pool entry 99	5000126b
	constant pool entry 98	500012d9
	constant pool entry 97	500012d8
	constant pool entry 96	500012d7
	constant pool entry 95	500012d6
	constant pool entry 94	500012d5
	constant pool entry 93	500012d4
	constant pool entry 92	500012d3
	constant pool entry 91	500012d2
	constant pool entry 90	50001271
	constant pool entry 89	500012d1
	constant pool entry 88	500012d0
	constant pool entry 87	500012cf
	constant pool entry 86	500012ce
	constant pool entry 85	500012cd
	constant pool entry 84	500012cc
	constant pool entry 83	500012cb
	constant pool entry 82	500012ca
	constant pool entry 81	500012c9
	constant pool entry 80	500012c8
	constant pool entry 79	500012c7
	constant pool entry 78	500012c6
	constant pool entry 77	500012c5
	constant pool entry 76	500012c4
	constant pool entry 75	500012c3
	constant pool entry 74	500012c2
	constant pool entry 73	500012c1
	constant pool entry 72	500012c0
	constant pool entry 71	500012bf
	constant pool entry 70	500012be
	constant pool entry 69	500012bd
	constant pool entry 68	500012bc
	constant pool entry 67	500012bb
	constant pool entry 66	500012ba
	constant pool entry 65	500012b9
	constant pool entry 64	500012b8
	constant pool entry 63	500012b7
	constant pool entry 62	500012b6
	constant pool entry 61	500012b5
	constant pool entry 60	500012b4
	constant pool entry 59	500012b3
	constant pool entry 58	500012b2
	constant pool entry 57	500012b1
	constant pool entry 56	500012b0
	constant pool entry 55	500012af
	constant pool entry 54	500012ae
	constant pool entry 53	500012ad
	constant pool entry 52	500012ac
	constant pool entry 51	500012ab
	constant pool entry 50	50001266
	constant pool entry 49	500012aa
	constant pool entry 48	500012a9
	constant pool entry 47	500012a8
	constant pool entry 46	500012a7
	constant pool entry 45	500012a6
	constant pool entry 44	500012a5
	constant pool entry 43	500012a4
	constant pool entry 42	500012a3
	constant pool entry 41	500012a2
	constant pool entry 40	50001268
	constant pool entry 39	500012a1
	constant pool entry 38	500012a0
	constant pool entry 37	5000129f
	constant pool entry 36	5000129e
	constant pool entry 35	5000126a
	constant pool entry 34	5000129d
	constant pool entry 33	5000129c
	constant pool entry 32	5000129b
	constant pool entry 31	5000129a
	constant pool entry 30	50001299
	constant pool entry 29	50001267
	constant pool entry 28	50001265
	constant pool entry 27	50001270
	constant pool entry 26	50001298
	constant pool entry 25	50001297
	constant pool entry 24	50001296
	constant pool entry 23	50001295
	constant pool entry 22	50001294
	constant pool entry 21	50001293
	constant pool entry 20	50001292
	constant pool entry 19	50001291
	constant pool entry 18	50001290
	constant pool entry 17	5000128f
	constant pool entry 16	5000128e
	constant pool entry 15	5000128d
	constant pool entry 14	5000128c
	constant pool entry 13	5000128b
	constant pool entry 12	5000128a
	constant pool entry 11	50001289
	constant pool entry 10	50001288
	constant pool entry 9	50001287
	constant pool entry 8	50001286
	constant pool entry 7	50001285
	constant pool entry 6	50001284
	constant pool entry 5	50001283
	constant pool entry 4	50001282
	constant pool entry 3	50001281
	constant pool entry 2	5000126e
	constant pool entry 1	50001280
CLS 5000015e (name=java.lang.Thread, trace=300000)
	super		50000185
	static EMPTY_STACK_TRACE	50000ee5
	static SUBCLASS_IMPLEMENTATION_PERMISSION	50000ee4
	constant pool entry 537	5000010b
	constant pool entry 260	50000103
	constant pool entry 252	5000015c
	constant pool entry 245	5000017a
	constant pool entry 242	50000127
	constant pool entry 240	50000104
	constant pool entry 238	50000185
	constant pool entry 15	5000015e
	constant pool entry 9	50000ee3
CLS 500000d0 (name=java.lang.ref.Finalizer$FinalizerThread, trace=300000)
	super		5000015e
	constant pool entry 33	500000d4
	constant pool entry 32	500000df
	constant pool entry 30	500000e6
	constant pool entry 29	500000d0
	constant pool entry 28	50000160
	constant pool entry 27	5000015e
	constant pool entry 1	50002646
CLS 500000d1 (name=java.lang.Math, trace=300000)
	super		50000185
	constant pool entry 166	50000122
	constant pool entry 165	50000121
	constant pool entry 164	5000017d
	constant pool entry 14	500000d1
CLS 500000d2 (name=java.util.Hashtable$Entry[], trace=300000)
	super		50000185
CLS 500000d3 (name=java.util.Hashtable$Entry, trace=300000)
	super		50000185
	constant pool entry 46	500000d3
	constant pool entry 43	50000185
CLS 500000d4 (name=sun.misc.VM, trace=300000)
	super		50000185
	static lock	50000fae
	static savedProps	50000fad
	constant pool entry 146	500000d4
	constant pool entry 145	5000004a
	constant pool entry 144	50000158
	constant pool entry 139	50000181
	constant pool entry 138	5000008d
	constant pool entry 137	50000185
	constant pool entry 11	50000ee0
	constant pool entry 10	50000fac
	constant pool entry 9	50000fab
	constant pool entry 8	50000faa
	constant pool entry 7	50000fa9
	constant pool entry 6	50000fa8
	constant pool entry 5	50000fa7
	constant pool entry 4	50000fa6
	constant pool entry 1	50000fa5
CLS 500000d5 (name=java.util.HashMap$Node[], trace=300000)
	super		50000185
CLS 500000d6 (name=java.util.Map$Entry[], trace=300000)
	super		50000185
CLS 500000d8 (name=java.util.Map$Entry, trace=300000)
CLS 500000da (name=sun.reflect.Reflection, trace=300000)
	super		50000185
	static fieldFilterMap	50000f95
	static methodFilterMap	50000f94
	constant pool entry 231	5000010b
	constant pool entry 114	5000015b
	constant pool entry 113	500000d9
	constant pool entry 112	500000b8
	constant pool entry 107	50000181
	constant pool entry 99	500000c0
	constant pool entry 14	500000da
	constant pool entry 12	5000017a
	constant pool entry 11	5000017d
	constant pool entry 10	50000f93
	constant pool entry 9	50000f92
	constant pool entry 8	50000f91
	constant pool entry 7	50000f90
CLS 500000db (name=java.lang.String[], trace=300000)
	super		50000185
CLS 500000dc (name=java.lang.CharSequence[], trace=300000)
	super		50000185
CLS 50000178 (name=java.lang.Error, trace=300000)
	super		50000179
	constant pool entry 14	50000179
CLS 5000016e (name=java.lang.LinkageError, trace=300000)
	super		50000178
	constant pool entry 12	50000178
CLS 500000de (name=java.lang.IncompatibleClassChangeError, trace=300000)
	super		5000016e
	constant pool entry 13	5000016e
CLS 500000dd (name=java.lang.NoSuchMethodError, trace=300000)
	super		500000de
	constant pool entry 12	500000de
CLS 500000df (name=sun.misc.SharedSecrets, trace=300000)
	super		50000185
	static unsafe	50000efd
	static javaUtilJarAccess	5000063e
	static javaLangAccess	50000dce
	static javaLangRefAccess	5000122d
	static javaNetAccess	5000122c
	static javaNioAccess	5000122b
	static javaIOFileDescriptorAccess	5000122a
	static javaSecurityProtectionDomainAccess	50001229
	static javaSecurityAccess	50001228
	static javaUtilZipFileAccess	500003d9
	constant pool entry 70	50000134
	constant pool entry 69	500000df
	constant pool entry 9	500003d6
CLS 500000e0 (name=java.lang.ref.Reference$1, trace=300000)
	super		50000185
	constant pool entry 14	50000185
CLS 500000e1 (name=sun.misc.JavaLangRefAccess, trace=300000)
CLS 500000e2 (name=java.lang.Thread[], trace=300000)
	super		50000185
CLS 500000e3 (name=java.lang.Runnable[], trace=300000)
	super		50000185
CLS 500000e4 (name=java.lang.ref.ReferenceQueue$Lock, trace=300000)
	super		50000185
	constant pool entry 12	500000e4
	constant pool entry 9	50000185
CLS 500000e6 (name=java.lang.ref.ReferenceQueue, trace=300000)
	super		50000185
	static NULL	5000168f
	static ENQUEUED	5000168e
	constant pool entry 64	500000e5
	constant pool entry 63	500000e4
	constant pool entry 57	50000185
	constant pool entry 54	5000017d
	constant pool entry 2	500000e6
CLS 500000e5 (name=java.lang.ref.ReferenceQueue$Null, trace=300000)
	super		500000e6
	constant pool entry 13	500000e5
	constant pool entry 11	500000e6
CLS 500000e9 (name=java.util.Collections$UnmodifiableCollection, trace=300000)
	super		50000185
	constant pool entry 50	500000e9
	constant pool entry 48	500000fc
	constant pool entry 46	50000185
CLS 500000e8 (name=java.util.Collections$UnmodifiableList, trace=300000)
	super		500000e9
	constant pool entry 49	500000fb
	constant pool entry 46	500000e8
	constant pool entry 45	500000e9
CLS 500000e7 (name=java.util.Collections$UnmodifiableRandomAccessList, trace=300000)
	super		500000e8
	constant pool entry 20	500000e8
CLS 500000ea (name=java.util.Collections$EmptyMap, trace=300000)
	super		500000eb
	constant pool entry 58	500000ea
	constant pool entry 55	500000eb
CLS 500000f8 (name=java.util.AbstractList, trace=300000)
	super		500000f9
	constant pool entry 72	500000f8
	constant pool entry 71	500000f9
CLS 500000ec (name=java.util.Collections$EmptyList, trace=300000)
	super		500000f8
	constant pool entry 67	500000ec
	constant pool entry 63	500000f8
CLS 500000ed (name=java.util.Collections$EmptySet, trace=300000)
	super		500000ee
	constant pool entry 46	500000ed
	constant pool entry 42	500000ee
CLS 500000ef (name=java.util.Set, trace=300000)
CLS 500000f0 (name=java.util.Collections, trace=300000)
	super		50000185
	static EMPTY_SET	500010c7
	static EMPTY_LIST	500010c6
	static EMPTY_MAP	500010c5
	constant pool entry 267	500000fa
	constant pool entry 257	500000e7
	constant pool entry 253	500001ea
	constant pool entry 248	50000092
	constant pool entry 238	5000003d
	constant pool entry 235	500000ed
	constant pool entry 234	500000ea
	constant pool entry 232	500000ec
	constant pool entry 214	500000f0
CLS 500000f1 (name=java.util.ArrayList, trace=300000)
	super		500000f8
	static EMPTY_ELEMENTDATA	5000169c
	static DEFAULTCAPACITY_EMPTY_ELEMENTDATA	5000169d
	constant pool entry 340	5000010b
	constant pool entry 175	500000fc
	constant pool entry 173	500000b5
	constant pool entry 167	500000f1
	constant pool entry 166	500000f8
	constant pool entry 161	50000185
	constant pool entry 160	500000d1
	constant pool entry 11	5000011c
CLS 500000f2 (name=java.lang.InterruptedException, trace=300000)
	super		50000176
CLS 500000f3 (name=java.lang.ref.Reference$ReferenceHandler, trace=300000)
	super		5000015e
	constant pool entry 36	500000f3
	constant pool entry 35	50000166
	constant pool entry 34	5000015e
	constant pool entry 30	5000017d
	constant pool entry 2	50000161
	constant pool entry 1	500000f2
CLS 500000f4 (name=java.lang.ref.Reference$Lock, trace=300000)
	super		50000185
	constant pool entry 12	500000f4
	constant pool entry 9	50000185
CLS 500000f5 (name=sun.reflect.ReflectionFactory, trace=300000)
	super		50000185
	static reflectionFactoryAccessPerm	50000f87
	static soleInstance	50000f83
	static langReflectAccess	50000f86
	constant pool entry 112	500000ad
	constant pool entry 111	500000f5
	constant pool entry 110	500000da
	constant pool entry 108	500000ac
	constant pool entry 106	500000b7
	constant pool entry 103	500000ab
	constant pool entry 101	50000103
	constant pool entry 100	500000b8
	constant pool entry 98	50000151
	constant pool entry 97	5000017a
	constant pool entry 95	50000104
	constant pool entry 94	50000185
	constant pool entry 4	5000014c
	constant pool entry 3	5000017d
	constant pool entry 2	50000f85
CLS 500000f7 (name=java.util.Vector, trace=300000)
	super		500000f8
	constant pool entry 351	5000010b
	constant pool entry 171	500000f7
	constant pool entry 162	500000b5
	constant pool entry 161	500000f8
	constant pool entry 159	5000017a
	constant pool entry 156	50000185
CLS 500000f6 (name=java.util.Stack, trace=300000)
	super		500000f7
	constant pool entry 33	500000f7
	constant pool entry 32	500000f6
CLS 500000fa (name=java.util.RandomAccess, trace=300000)
CLS 500000fb (name=java.util.List, trace=300000)
CLS 500000fc (name=java.util.Collection, trace=300000)
CLS 500000fd (name=java.lang.Iterable, trace=300000)
CLS 500000fe (name=java.security.cert.Certificate[], trace=300000)
	super		50000185
CLS 500000ff (name=java.security.cert.Certificate, trace=300000)
	super		50000185
CLS 50000100 (name=sun.reflect.ReflectionFactory$GetReflectionFactoryAction, trace=300000)
	super		50000185
	constant pool entry 16	50000100
	constant pool entry 15	500000f5
	constant pool entry 13	50000185
CLS 50000101 (name=java.security.PrivilegedAction, trace=300000)
CLS 50000106 (name=java.security.Permission, trace=300000)
	super		50000185
	constant pool entry 55	50000106
	constant pool entry 48	50000185
CLS 50000105 (name=java.security.BasicPermission, trace=300000)
	super		50000106
	constant pool entry 72	50000106
	constant pool entry 70	50000105
	constant pool entry 69	50000181
	constant pool entry 2	50000ee7
CLS 50000102 (name=java.lang.reflect.ReflectPermission, trace=300000)
	super		50000105
	constant pool entry 13	50000105
CLS 50000103 (name=java.security.AccessController, trace=300000)
	super		50000185
	constant pool entry 77	50000103
	constant pool entry 75	50000172
CLS 50000104 (name=java.lang.RuntimePermission, trace=300000)
	super		50000105
	constant pool entry 13	50000105
CLS 50000107 (name=java.security.Guard, trace=300000)
CLS 50000108 (name=java.lang.StackTraceElement[], trace=300000)
	super		50000185
CLS 50000109 (name=java.lang.ThreadGroup[], trace=300000)
	super		50000185
CLS 5000010a (name=java.lang.Thread$UncaughtExceptionHandler[], trace=300000)
	super		50000185
CLS 5000010b (name=com.sun.demo.jvmti.hprof.Tracker, trace=300000)
	super		50000185
	constant pool entry 33	5000015e
	constant pool entry 30	5000010b
	constant pool entry 3	50000ece
CLS 5000010c (name=java.lang.String$CaseInsensitiveComparator, trace=300000)
	super		50000185
	constant pool entry 40	5000010c
	constant pool entry 38	50000181
	constant pool entry 37	50000185
	constant pool entry 36	500000d1
CLS 5000010d (name=java.util.Comparator, trace=300000)
CLS 5000010e (name=java.io.ObjectStreamField[], trace=300000)
	super		50000185
CLS 5000010f (name=java.lang.Comparable[], trace=300000)
	super		50000185
CLS 50000110 (name=java.io.ObjectStreamField, trace=300000)
	super		50000185
	constant pool entry 90	50000135
	constant pool entry 89	50000181
	constant pool entry 88	5000011f
	constant pool entry 86	5000011d
	constant pool entry 84	5000011e
	constant pool entry 82	50000122
	constant pool entry 81	50000121
	constant pool entry 79	5000017d
	constant pool entry 78	50000124
	constant pool entry 77	50000120
	constant pool entry 76	50000125
	constant pool entry 75	50000110
	constant pool entry 2	50000185
CLS 50000111 (name=java.lang.OutOfMemoryError[], trace=300000)
	super		50000185
CLS 50000112 (name=java.lang.VirtualMachineError[], trace=300000)
	super		50000185
CLS 50000113 (name=java.lang.Error[], trace=300000)
	super		50000185
CLS 50000114 (name=java.lang.Throwable[], trace=300000)
	super		50000185
CLS 50000115 (name=java.lang.ArithmeticException, trace=300000)
	super		50000175
CLS 50000116 (name=java.lang.NullPointerException, trace=300000)
	super		50000175
CLS 50000117 (name=java.lang.Class[], trace=300000)
	super		50000185
CLS 50000118 (name=java.io.Serializable[], trace=300000)
	super		50000185
CLS 50000119 (name=java.lang.reflect.GenericDeclaration[], trace=300000)
	super		50000185
CLS 5000011a (name=java.lang.reflect.AnnotatedElement[], trace=300000)
	super		50000185
CLS 5000011b (name=java.lang.reflect.Type[], trace=300000)
	super		50000185
CLS 5000011c (name=java.lang.Object[], trace=300000)
	super		50000185
CLS 5000011d (name=java.lang.Long, trace=300000)
	super		50000123
	static TYPE	50000eb5
	constant pool entry 354	5000010b
	constant pool entry 208	50000181
	constant pool entry 202	500000d1
	constant pool entry 200	5000011d
	constant pool entry 199	5000011e
	constant pool entry 196	5000017d
	constant pool entry 17	50001103
CLS 5000011e (name=java.lang.Integer, trace=300000)
	super		50000123
	static TYPE	50000eb6
	static digits	50001108
	static DigitTens	50001107
	static DigitOnes	50001106
	static sizeTable	50001105
	constant pool entry 307	5000010b
	constant pool entry 192	5000017a
	constant pool entry 190	50000181
	constant pool entry 186	50000123
	constant pool entry 182	5000004d
	constant pool entry 181	5000011e
	constant pool entry 178	5000017d
	constant pool entry 177	50000124
	constant pool entry 29	50001104
CLS 5000011f (name=java.lang.Short, trace=300000)
	super		50000123
	static TYPE	50000eb7
	constant pool entry 93	5000011f
	constant pool entry 88	5000017d
	constant pool entry 7	5000120f
CLS 50000120 (name=java.lang.Byte, trace=300000)
	super		50000123
	static TYPE	50000eb8
	constant pool entry 86	5000017d
	constant pool entry 84	50000120
	constant pool entry 5	50001211
CLS 50000121 (name=java.lang.Double, trace=300000)
	super		50000123
	static TYPE	50000eb9
	constant pool entry 140	50000121
	constant pool entry 138	5000017d
	constant pool entry 10	500010cd
CLS 50000122 (name=java.lang.Float, trace=300000)
	super		50000123
	static TYPE	50000eba
	constant pool entry 108	50000122
	constant pool entry 105	5000017d
	constant pool entry 8	50000f82
CLS 50000124 (name=java.lang.Character, trace=300000)
	super		50000185
	static TYPE	50000ebb
	constant pool entry 273	5000017d
	constant pool entry 271	50000015
	constant pool entry 11	50000124
	constant pool entry 10	5000120b
CLS 50000125 (name=java.lang.Boolean, trace=300000)
	super		50000185
	static TRUE	500010ca
	static FALSE	500010c9
	static TYPE	50000ebc
	constant pool entry 70	5000017a
	constant pool entry 69	50000181
	constant pool entry 67	50000185
	constant pool entry 63	5000017d
	constant pool entry 62	50000125
	constant pool entry 3	50000ee0
	constant pool entry 1	500010c8
CLS 50000127 (name=java.lang.StackTraceElement, trace=300000)
	super		50000185
CLS 50000128 (name=java.security.CodeSource, trace=300000)
	super		50000185
	constant pool entry 153	50000128
	constant pool entry 146	50000185
CLS 5000017b (name=java.lang.ClassLoader, trace=300000)
	super		50000185
	static nocerts	500010d8
	static scl	50000dd5
	static loadedLibraryNames	500010d7
	static systemNativeLibraries	500010d6
	static nativeLibraryContext	500010d5
	static usr_paths	500010d4
	static sys_paths	500010d3
	constant pool entry 840	5000010b
	constant pool entry 356	500000da
	constant pool entry 355	500000d4
	constant pool entry 354	50000004
	constant pool entry 351	5000012b
	constant pool entry 350	50000a23
	constant pool entry 349	5000002a
	constant pool entry 348	500000f7
	constant pool entry 347	500000f6
	constant pool entry 344	50000159
	constant pool entry 343	50000005
	constant pool entry 342	500000d9
	constant pool entry 341	50000090
	constant pool entry 340	500000f0
	constant pool entry 338	500000ff
	constant pool entry 337	50000173
	constant pool entry 335	50000128
	constant pool entry 334	50000103
	constant pool entry 326	50000001
	constant pool entry 325	5000017a
	constant pool entry 323	50000181
	constant pool entry 319	50000185
	constant pool entry 314	5000016f
	constant pool entry 312	50000040
	constant pool entry 311	50000053
	constant pool entry 310	50000058
	constant pool entry 309	50000a1d
	constant pool entry 306	5000017d
	constant pool entry 301	5000012f
	constant pool entry 300	500007b4
	constant pool entry 19	5000017b
	constant pool entry 18	500010d2
	constant pool entry 15	500010d1
	constant pool entry 1	50000ed3
CLS 50000171 (name=java.security.SecureClassLoader, trace=300000)
	super		5000017b
	constant pool entry 60	50000041
	constant pool entry 59	500000d9
	constant pool entry 58	50000171
	constant pool entry 54	5000017a
	constant pool entry 49	5000017b
	constant pool entry 4	50002377
CLS 5000012e (name=java.net.URLClassLoader, trace=300000)
	super		50000171
	constant pool entry 243	50000004
	constant pool entry 242	500000df
	constant pool entry 235	500000ba
	constant pool entry 231	50000171
	constant pool entry 226	50000103
	constant pool entry 221	5000003a
	constant pool entry 217	50000a21
	constant pool entry 216	50000c52
	constant pool entry 215	500003c5
	constant pool entry 214	5000012e
	constant pool entry 209	5000017a
	constant pool entry 200	5000016f
	constant pool entry 199	5000017b
CLS 50000129 (name=sun.misc.Launcher$ExtClassLoader, trace=300000)
	super		5000012e
	constant pool entry 207	5000010b
	constant pool entry 104	50000004
	constant pool entry 103	500000df
	constant pool entry 101	50000037
	constant pool entry 100	50000129
	constant pool entry 99	5000012b
	constant pool entry 98	5000003b
	constant pool entry 97	500000f7
	constant pool entry 96	50000039
	constant pool entry 92	50000103
	constant pool entry 90	5000012e
	constant pool entry 89	5000012d
	constant pool entry 88	5000017a
	constant pool entry 87	50000181
	constant pool entry 86	5000017b
	constant pool entry 84	5000012f
	constant pool entry 2	500022b0
	constant pool entry 1	500023ac
CLS 5000012a (name=sun.misc.Launcher$AppClassLoader, trace=300000)
	super		5000012e
	constant pool entry 103	50000004
	constant pool entry 102	500000df
	constant pool entry 100	50000002
	constant pool entry 99	5000012a
	constant pool entry 98	5000003b
	constant pool entry 94	50000103
	constant pool entry 92	5000012e
	constant pool entry 89	5000017a
	constant pool entry 88	50000181
	constant pool entry 84	5000017b
	constant pool entry 83	5000017d
	constant pool entry 3	5000012b
	constant pool entry 2	500023b1
CLS 5000012b (name=sun.misc.Launcher, trace=300000)
	super		50000185
	static factory	500023b0
	static launcher	500023af
	static bootClassPath	50001096
	constant pool entry 216	5000010b
	constant pool entry 119	50000012
	constant pool entry 118	50000042
	constant pool entry 117	50000129
	constant pool entry 116	500007b6
	constant pool entry 115	5000012a
	constant pool entry 113	5000012b
	constant pool entry 112	5000012d
	constant pool entry 110	5000015e
	constant pool entry 109	5000017a
	constant pool entry 107	50000181
	constant pool entry 105	50000185
	constant pool entry 96	5000012f
	constant pool entry 8	500023ae
	constant pool entry 7	500023ad
	constant pool entry 2	50001541
CLS 5000012c (name=java.util.jar.Manifest, trace=300000)
	super		50000185
CLS 5000012d (name=java.net.URL, trace=300000)
	super		50000185
	static BUILTIN_HANDLERS_PREFIX	50002258
	static protocolPathProp	50002254
	static handlers	5000225d
	static streamHandlerLock	5000225c
	static serialPersistentFields	5000225b
	constant pool entry 548	5000010b
	constant pool entry 261	50000064
	constant pool entry 259	50000039
	constant pool entry 258	50000159
	constant pool entry 257	50000103
	constant pool entry 254	5000000f
	constant pool entry 252	5000012d
	constant pool entry 247	50000010
	constant pool entry 242	5000017a
	constant pool entry 241	50000135
	constant pool entry 239	50000185
	constant pool entry 238	5000011e
	constant pool entry 232	5000017d
	constant pool entry 229	50000110
	constant pool entry 26	50000181
	constant pool entry 25	5000225a
	constant pool entry 24	50002259
	constant pool entry 22	50002258
	constant pool entry 21	50002257
	constant pool entry 19	50002256
	constant pool entry 18	50002255
	constant pool entry 16	50002254
	constant pool entry 15	50002253
	constant pool entry 14	50002252
	constant pool entry 13	50002251
	constant pool entry 11	50002250
	constant pool entry 4	5000224f
	constant pool entry 3	5000224e
	constant pool entry 2	50001541
	constant pool entry 1	50000ed3
CLS 5000012f (name=java.io.File, trace=300000)
	super		50000185
	static fs	50000f00
	static separator	50000eff
	static pathSeparator	50000efe
	static UNSAFE	50000efd
	constant pool entry 277	50000134
	constant pool entry 266	5000017a
	constant pool entry 265	50000135
	constant pool entry 264	50000181
	constant pool entry 259	50000185
	constant pool entry 253	5000017d
	constant pool entry 245	50000062
	constant pool entry 242	5000005c
	constant pool entry 240	50000063
	constant pool entry 20	5000012f
	constant pool entry 19	50000efc
	constant pool entry 18	50000efb
	constant pool entry 1	50000ed3
CLS 50000130 (name=java.io.ByteArrayInputStream, trace=300000)
	super		50000131
CLS 50000132 (name=java.io.Closeable, trace=300000)
CLS 50000133 (name=java.lang.AutoCloseable, trace=300000)
CLS 50000134 (name=sun.misc.Unsafe, trace=300000)
	super		50000185
	static theUnsafe	50000efd
	constant pool entry 387	5000010b
	constant pool entry 190	500000da
	constant pool entry 189	500000d4
	constant pool entry 186	50000181
	constant pool entry 184	50000185
	constant pool entry 181	5000017d
	constant pool entry 12	50000134
	constant pool entry 11	5000018d
	constant pool entry 10	50000188
	constant pool entry 9	5000011c
	constant pool entry 8	50000186
	constant pool entry 7	50000187
	constant pool entry 6	5000018b
	constant pool entry 5	5000018a
	constant pool entry 4	5000018c
	constant pool entry 3	50000189
	constant pool entry 2	50000fa4
CLS 50000137 (name=java.lang.AbstractStringBuilder, trace=300000)
	super		50000185
	constant pool entry 316	5000010b
	constant pool entry 149	500000b5
	constant pool entry 148	5000017a
	constant pool entry 144	50000181
	constant pool entry 142	50000185
	constant pool entry 141	5000011d
	constant pool entry 134	50000137
CLS 50000135 (name=java.lang.StringBuilder, trace=300000)
	super		50000137
	constant pool entry 79	50000135
	constant pool entry 78	50000181
	constant pool entry 75	50000137
CLS 50000136 (name=java.lang.StringBuffer, trace=300000)
	super		50000137
	static serialPersistentFields	5000226c
	constant pool entry 369	5000010b
	constant pool entry 109	500000b5
	constant pool entry 107	50000136
	constant pool entry 106	50000181
	constant pool entry 105	5000011e
	constant pool entry 102	50000125
	constant pool entry 101	50000137
	constant pool entry 99	50000110
	constant pool entry 4	5000018c
	constant pool entry 3	500010fa
	constant pool entry 2	5000226b
	constant pool entry 1	5000226a
CLS 50000138 (name=java.lang.Appendable, trace=300000)
CLS 5000013c (name=java.lang.invoke.CallSite, trace=300000)
	super		50000185
CLS 50000139 (name=java.lang.invoke.VolatileCallSite, trace=300000)
	super		5000013c
CLS 5000013a (name=java.lang.invoke.MutableCallSite, trace=300000)
	super		5000013c
CLS 5000013b (name=java.lang.invoke.ConstantCallSite, trace=300000)
	super		5000013c
CLS 5000013d (name=java.lang.BootstrapMethodError, trace=300000)
	super		5000016e
CLS 5000013e (name=java.lang.invoke.MethodType, trace=300000)
	super		50000185
CLS 5000013f (name=java.lang.invoke.LambdaForm, trace=300000)
	super		50000185
CLS 50000140 (name=java.lang.invoke.MethodHandleNatives, trace=300000)
	super		50000185
	constant pool entry 227	50000195
	constant pool entry 203	5000017d
	constant pool entry 32	50000140
CLS 50000141 (name=java.lang.invoke.MemberName, trace=300000)
	super		50000185
	static CONSTRUCTOR_NAME	5000268b
	constant pool entry 290	5000017d
	constant pool entry 45	50000141
CLS 50000143 (name=java.lang.invoke.MethodHandle, trace=300000)
	super		50000185
	constant pool entry 194	50000134
	constant pool entry 189	500001ba
	constant pool entry 187	50000195
	constant pool entry 171	5000017d
	constant pool entry 14	50000143
	constant pool entry 11	50002676
CLS 50000142 (name=java.lang.invoke.DirectMethodHandle, trace=300000)
	super		50000143
CLS 50000144 (name=sun.reflect.CallerSensitive, trace=300000)
CLS 50000145 (name=java.lang.annotation.Annotation, trace=300000)
CLS 50000148 (name=sun.reflect.FieldAccessorImpl, trace=300000)
	super		50000150
CLS 50000147 (name=sun.reflect.UnsafeFieldAccessorImpl, trace=300000)
	super		50000148
CLS 50000146 (name=sun.reflect.UnsafeStaticFieldAccessorImpl, trace=300000)
	super		50000147
CLS 50000149 (name=sun.reflect.FieldAccessor, trace=300000)
CLS 5000014a (name=sun.reflect.ConstantPool, trace=300000)
	super		50000185
CLS 5000014b (name=sun.reflect.DelegatingClassLoader, trace=300000)
	super		5000017b
CLS 5000014d (name=sun.reflect.ConstructorAccessor, trace=300000)
CLS 5000014e (name=sun.reflect.MethodAccessorImpl, trace=300000)
	super		50000150
CLS 5000014f (name=sun.reflect.MethodAccessor, trace=300000)
CLS 50000157 (name=java.lang.reflect.AccessibleObject, trace=300000)
	super		50000185
	static ACCESS_PERMISSION	50000f8a
	static reflectionFactory	50000f83
	constant pool entry 77	50000100
	constant pool entry 76	500000f5
	constant pool entry 74	50000103
	constant pool entry 73	50000102
	constant pool entry 71	50000151
	constant pool entry 69	50000157
	constant pool entry 68	5000017a
	constant pool entry 65	50000185
	constant pool entry 4	5000017d
	constant pool entry 3	50000f89
CLS 50000153 (name=java.lang.reflect.Executable, trace=300000)
	super		50000157
	constant pool entry 163	50000157
CLS 50000151 (name=java.lang.reflect.Constructor, trace=300000)
	super		50000153
	constant pool entry 146	500000f5
	constant pool entry 144	5000014d
	constant pool entry 138	50000153
	constant pool entry 137	50000151
	constant pool entry 130	5000017d
	constant pool entry 128	50000117
CLS 50000152 (name=java.lang.reflect.Method, trace=300000)
	super		50000153
CLS 50000154 (name=java.lang.reflect.Parameter, trace=300000)
	super		50000185
CLS 50000155 (name=java.lang.reflect.Field, trace=300000)
	super		50000157
	constant pool entry 138	50000155
	constant pool entry 137	50000157
CLS 50000156 (name=java.lang.reflect.Member, trace=300000)
CLS 5000015a (name=java.util.Dictionary, trace=300000)
	super		50000185
	constant pool entry 18	50000185
CLS 50000159 (name=java.util.Hashtable, trace=300000)
	super		5000015a
	constant pool entry 400	5000010b
	constant pool entry 198	500000ef
	constant pool entry 196	500000d8
	constant pool entry 195	5000015b
	constant pool entry 194	5000008f
	constant pool entry 191	5000008e
	constant pool entry 190	50000094
	constant pool entry 189	500000d3
	constant pool entry 187	50000159
	constant pool entry 186	5000015a
	constant pool entry 184	500000f0
	constant pool entry 180	50000185
	constant pool entry 178	500000d1
	constant pool entry 175	50000122
CLS 50000158 (name=java.util.Properties, trace=300000)
	super		50000159
	static hexDigit	500010c4
	constant pool entry 261	5000010b
	constant pool entry 126	50000158
	constant pool entry 123	50000159
	constant pool entry 117	50000181
CLS 5000015b (name=java.util.Map, trace=300000)
CLS 5000015c (name=java.lang.ThreadGroup, trace=300000)
	super		50000185
	constant pool entry 266	5000010b
	constant pool entry 120	5000015c
	constant pool entry 117	5000015e
	constant pool entry 116	5000017a
	constant pool entry 113	50000185
	constant pool entry 7	50000ee9
CLS 5000015d (name=java.lang.Thread$UncaughtExceptionHandler, trace=300000)
CLS 5000015f (name=java.lang.Runnable, trace=300000)
CLS 50000163 (name=java.lang.ref.FinalReference, trace=300000)
	super		50000166
	constant pool entry 7	50000166
CLS 50000160 (name=java.lang.ref.Finalizer, trace=300000)
	super		50000163
	static queue	50000dcc
	static unfinalized	500007e1
	static lock	50002648
	constant pool entry 69	500000e6
	constant pool entry 68	500000d0
	constant pool entry 64	50000160
	constant pool entry 63	50000163
	constant pool entry 61	5000015c
	constant pool entry 60	5000015e
	constant pool entry 59	50000185
CLS 50000162 (name=java.lang.ref.PhantomReference, trace=300000)
	super		50000166
CLS 50000161 (name=sun.misc.Cleaner, trace=300000)
	super		50000162
	static dummyQueue	50001692
	constant pool entry 31	50000161
	constant pool entry 29	500000e6
CLS 50000167 (name=java.lang.IllegalMonitorStateException, trace=300000)
	super		50000175
CLS 5000016a (name=java.lang.VirtualMachineError, trace=300000)
	super		50000178
CLS 50000168 (name=java.lang.StackOverflowError, trace=300000)
	super		5000016a
CLS 50000169 (name=java.lang.OutOfMemoryError, trace=300000)
	super		5000016a
CLS 5000016b (name=java.lang.ArrayStoreException, trace=300000)
	super		50000175
CLS 5000016c (name=java.lang.ClassCastException, trace=300000)
	super		50000175
CLS 5000016d (name=java.lang.NoClassDefFoundError, trace=300000)
	super		5000016e
CLS 50000170 (name=java.lang.ReflectiveOperationException, trace=300000)
	super		50000176
	constant pool entry 13	50000176
CLS 5000016f (name=java.lang.ClassNotFoundException, trace=300000)
	super		50000170
	constant pool entry 18	50000170
CLS 50000172 (name=java.security.AccessControlContext, trace=300000)
	super		50000185
	constant pool entry 135	50000103
	constant pool entry 132	50000172
	constant pool entry 126	50000185
CLS 50000173 (name=java.security.ProtectionDomain, trace=300000)
	super		50000185
	constant pool entry 276	5000010b
	constant pool entry 138	50000041
	constant pool entry 137	500000df
	constant pool entry 131	50000008
	constant pool entry 130	5000000b
	constant pool entry 129	50000009
	constant pool entry 127	50000173
	constant pool entry 126	50000007
	constant pool entry 113	50000185
	constant pool entry 10	50001220
CLS 50000174 (name=java.lang.SecurityManager, trace=300000)
	super		50000185
CLS 50000177 (name=java.lang.ThreadDeath, trace=300000)
	super		50000178
CLS 5000017a (name=java.lang.System, trace=300000)
	super		50000185
	static in	50000ef2
	static out	50000ef1
	static err	50000ef0
	static props	50000eef
	static lineSeparator	50000eee
	constant pool entry 183	500000da
	constant pool entry 182	5000008c
	constant pool entry 181	500000d4
	constant pool entry 180	500000df
	constant pool entry 177	50000158
	constant pool entry 173	5000015c
	constant pool entry 172	5000015e
	constant pool entry 171	50000052
	constant pool entry 170	50000047
	constant pool entry 167	50000181
	constant pool entry 164	5000008d
	constant pool entry 163	500001e4
	constant pool entry 156	5000007c
	constant pool entry 154	50000085
	constant pool entry 153	5000008b
	constant pool entry 152	5000008a
	constant pool entry 151	5000007b
	constant pool entry 150	50000083
	constant pool entry 14	5000017a
	constant pool entry 13	50000eed
	constant pool entry 11	50000eec
	constant pool entry 10	50000eeb
	constant pool entry 7	50000eea
	constant pool entry 1	50000ed3
CLS 5000017c (name=java.lang.Cloneable, trace=300000)
CLS 5000017d (name=java.lang.Class, trace=300000)
	super		50000185
	static serialPersistentFields	50000f84
	static reflectionFactory	50000f83
	constant pool entry 1188	5000010b
	constant pool entry 504	50000100
	constant pool entry 503	500000f5
	constant pool entry 502	500000da
	constant pool entry 486	50000103
	constant pool entry 477	50000155
	constant pool entry 476	50000151
	constant pool entry 473	50000165
	constant pool entry 469	5000017a
	constant pool entry 467	50000181
	constant pool entry 449	5000017b
	constant pool entry 447	500000c4
	constant pool entry 444	500000c3
	constant pool entry 441	500000c5
	constant pool entry 439	500000ae
	constant pool entry 437	50000110
	constant pool entry 19	5000017d
CLS 5000017e (name=java.lang.reflect.Type, trace=300000)
CLS 5000017f (name=java.lang.reflect.GenericDeclaration, trace=300000)
CLS 50000180 (name=java.lang.reflect.AnnotatedElement, trace=300000)
CLS 50000181 (name=java.lang.String, trace=300000)
	super		50000185
	static serialPersistentFields	50000ee2
	static CASE_INSENSITIVE_ORDER	50000ee1
	constant pool entry 538	5000010b
	constant pool entry 253	5000002e
	constant pool entry 249	5000010d
	constant pool entry 248	500000b5
	constant pool entry 244	5000017a
	constant pool entry 242	500000a1
	constant pool entry 239	5000010c
	constant pool entry 237	50000181
	constant pool entry 236	50000185
	constant pool entry 234	500000d1
	constant pool entry 224	50000124
	constant pool entry 223	50000182
	constant pool entry 219	50000110
	constant pool entry 14	50000ee0
	constant pool entry 13	50000ecf
	constant pool entry 12	50000ebf
	constant pool entry 11	50000ed1
	constant pool entry 10	50000edf
	constant pool entry 9	50000ede
	constant pool entry 8	50000edd
	constant pool entry 7	50000ed0
	constant pool entry 6	50000edc
	constant pool entry 5	50000ed3
CLS 50000182 (name=java.lang.CharSequence, trace=300000)
CLS 50000183 (name=java.lang.Comparable, trace=300000)
CLS 50000184 (name=java.io.Serializable, trace=300000)
CLS 50000186 (name=long[], trace=300000)
	super		50000185
CLS 50000187 (name=int[], trace=300000)
	super		50000185
CLS 50000188 (name=short[], trace=300000)
	super		50000185
CLS 50000189 (name=byte[], trace=300000)
	super		50000185
CLS 5000018a (name=double[], trace=300000)
	super		50000185
CLS 5000018b (name=float[], trace=300000)
	super		50000185
CLS 5000018c (name=char[], trace=300000)
	super		50000185
CLS 5000018d (name=boolean[], trace=300000)
	super		50000185
CLS 50000195 (name=java.lang.invoke.MethodHandleImpl, trace=300003)
	super		50000185
	static PRODUCE_BLOCK_INLINING_FORM	500001a3
	static PRODUCE_REINVOKER_FORM	500001a5
	static FAKE_METHOD_HANDLE_INVOKE	500001a7
	static NO_ARGS_ARRAY	500001a8
	static FILL_ARRAY_TO_RIGHT	500001a9
	static TYPED_COLLECTORS	500001b1
	constant pool entry 966	5000010b
	constant pool entry 380	50000103
	constant pool entry 364	500001ab
	constant pool entry 363	500001a4
	constant pool entry 362	500001a2
	constant pool entry 361	50000198
	constant pool entry 360	500001b8
	constant pool entry 340	5000017d
	constant pool entry 27	50000195
	constant pool entry 26	50000143
	constant pool entry 23	50000185
	constant pool entry 22	5000011e
CLS 50000198 (name=java.lang.invoke.MethodHandleImpl$1, trace=300006)
	super		50000185
	constant pool entry 30	50000198
	constant pool entry 29	50000135
	constant pool entry 28	50000185
	constant pool entry 27	5000011e
	constant pool entry 26	5000017d
	constant pool entry 2	50000195
	constant pool entry 1	50002689
CLS 500001a1 (name=java.util.function.Function, trace=300014)
CLS 500001a2 (name=java.lang.invoke.MethodHandleImpl$2, trace=300014)
	super		50000185
	constant pool entry 24	50000185
CLS 500001a4 (name=java.lang.invoke.MethodHandleImpl$3, trace=300016)
	super		50000185
	constant pool entry 20	50000185
CLS 500001a6 (name=java.lang.invoke.MethodHandle[], trace=300018)
	super		50000185
CLS 500001aa (name=java.lang.ClassValue, trace=300021)
	super		50000185
	static EMPTY_CACHE	500001ae
	static nextHashCode	500001af
	static CRITICAL_SECTION	500001b0
	constant pool entry 171	5000010b
	constant pool entry 69	500000c6
	constant pool entry 67	50000185
	constant pool entry 66	500001b4
	constant pool entry 65	500001b2
	constant pool entry 64	500001ac
	constant pool entry 62	500001aa
CLS 500001ab (name=java.lang.invoke.MethodHandleImpl$4, trace=300021)
	super		500001aa
	constant pool entry 12	500001aa
CLS 500001ac (name=java.lang.ClassValue$Entry, trace=300022)
	super		50000164
	static DEAD_ENTRY	500001b6
	constant pool entry 39	50000164
	constant pool entry 37	500001ac
	constant pool entry 36	5000017d
	constant pool entry 1	500001aa
CLS 500001ad (name=java.lang.ClassValue$Entry[], trace=300023)
	super		50000185
CLS 500001b2 (name=java.lang.ClassValue$Identity, trace=300027)
	super		50000185
	constant pool entry 10	50000185
CLS 500001b4 (name=java.lang.ClassValue$Version, trace=300029)
	super		50000185
	constant pool entry 21	50000185
	constant pool entry 20	500001b4
	constant pool entry 19	500001ac
CLS 500001b8 (name=java.lang.invoke.MemberName$Factory, trace=300033)
	super		50000185
	static INSTANCE	500001b9
	constant pool entry 100	500001b8
	constant pool entry 96	50000185
	constant pool entry 91	5000017d
	constant pool entry 10	50000141
CLS 500001ba (name=java.lang.invoke.MethodHandleStatics, trace=300035)
	super		50000185
	static UNSAFE	50000efd
	constant pool entry 193	5000010b
	constant pool entry 95	50000134
	constant pool entry 94	50000103
	constant pool entry 92	500001bc
	constant pool entry 91	500001ba
	constant pool entry 85	50000185
	constant pool entry 83	5000011e
	constant pool entry 79	50000125
CLS 500001bc (name=java.lang.invoke.MethodHandleStatics$1, trace=300037)
	super		50000185
	constant pool entry 49	500001bc
	constant pool entry 47	5000017a
	constant pool entry 46	50000185
	constant pool entry 45	5000011e
	constant pool entry 44	50000125
	constant pool entry 10	50000ee0
	constant pool entry 9	5000267f
	constant pool entry 8	5000267e
	constant pool entry 7	5000267d
	constant pool entry 6	5000267c
	constant pool entry 5	5000267b
	constant pool entry 4	5000267a
	constant pool entry 3	50002679
	constant pool entry 2	50002678
	constant pool entry 1	50002677
CLS 500001c3 (name=sun.misc.PostVMInitHook, trace=300000)
	super		50000185
	constant pool entry 20	500001c4
	constant pool entry 19	500001c3
	constant pool entry 18	5000017a
	constant pool entry 2	50002695
	constant pool entry 1	50002694
CLS 500001c4 (name=sun.usagetracker.UsageTrackerClient, trace=300042)
	super		50000185
	static LOCK	500001c5
	static ORCL_UT_CONFIG_FILE_NAME	500026a4
	static ORCL_UT_USAGE_DIR	50002697
	static ORCL_UT_PROPERTY_NAME	500026b5
	static ORCL_UT_PROPERTY_RUN_SYNCHRONOUSLY	500026b4
	static ORCL_UT_PROPERTY_CONFIG_FILE_NAME	5000269f
	static ORCL_UT_LOGTOFILE	500026b3
	static ORCL_UT_LOGFILEMAXSIZE	500026b2
	static ORCL_UT_LOGTOUDP	500026b1
	static ORCL_UT_TRACK_LAST_USAGE	500026b0
	static ORCL_UT_VERBOSE	500026af
	static ORCL_UT_DEBUG	500026ae
	static ORCL_UT_ADDITIONALPROPERTIES	500026ad
	static ORCL_UT_SEPARATOR	500026ac
	static ORCL_UT_QUOTE	500026ab
	static ORCL_UT_QUOTE_INNER	500026aa
	static DEFAULT_SEP	500026a9
	static DEFAULT_QUOTE	500026a8
	static DEFAULT_QUOTE_INNER	500026a7
	static isFirstRun	500001ca
	static javaHome	50000f26
	static userHomeKeyword	500026a6
	constant pool entry 491	5000010b
	constant pool entry 293	500001d4
	constant pool entry 292	5000036d
	constant pool entry 291	500001e2
	constant pool entry 290	500001cb
	constant pool entry 289	500001c4
	constant pool entry 288	500001c6
	constant pool entry 286	50000103
	constant pool entry 284	5000017a
	constant pool entry 283	50000135
	constant pool entry 282	50000181
	constant pool entry 280	50000185
	constant pool entry 278	5000011d
	constant pool entry 272	50000085
	constant pool entry 270	5000012f
	constant pool entry 47	500026a5
	constant pool entry 45	500026a4
	constant pool entry 43	500026a3
	constant pool entry 42	50001aeb
	constant pool entry 41	500026a2
	constant pool entry 40	500026a1
	constant pool entry 38	500026a0
	constant pool entry 37	50001232
	constant pool entry 26	5000269f
	constant pool entry 24	5000269e
	constant pool entry 17	5000269d
	constant pool entry 16	50001261
	constant pool entry 15	5000269c
	constant pool entry 14	5000269b
	constant pool entry 13	5000269a
	constant pool entry 12	50002699
	constant pool entry 9	50002698
	constant pool entry 8	50002697
	constant pool entry 7	50002696
CLS 500001c6 (name=java.util.concurrent.atomic.AtomicBoolean, trace=300044)
	super		50000185
	static unsafe	50000efd
	constant pool entry 49	50000134
	constant pool entry 48	50000185
	constant pool entry 45	5000017d
	constant pool entry 2	500001c6
	constant pool entry 1	500010fa
CLS 500001cb (name=sun.usagetracker.UsageTrackerClient$1, trace=300046)
	super		50000185
	constant pool entry 25	500001cb
	constant pool entry 22	5000017a
	constant pool entry 21	50000185
CLS 500001d4 (name=sun.usagetracker.UsageTrackerClient$4, trace=300053)
	super		50000185
	constant pool entry 58	500001d4
	constant pool entry 57	500001c4
	constant pool entry 53	5000017a
	constant pool entry 50	50000185
	constant pool entry 49	50000125
	constant pool entry 4	50000ee0
	constant pool entry 3	500026b4
	constant pool entry 2	500026c9
CLS 500001e2 (name=sun.usagetracker.UsageTrackerClient$2, trace=300065)
	super		50000185
	constant pool entry 25	500001e2
	constant pool entry 22	5000017a
	constant pool entry 21	50000185
CLS 500001e4 (name=java.lang.ProcessEnvironment, trace=300067)
	super		500000d9
	static nameComparator	500001e6
	static entryComparator	500001e8
	static theEnvironment	500001e9
	static theUnmodifiableEnvironment	500001eb
	static theCaseInsensitiveEnvironment	500002ef
	constant pool entry 118	500000a8
	constant pool entry 116	5000015b
	constant pool entry 113	500000d9
	constant pool entry 112	500000f0
	constant pool entry 109	50000181
	constant pool entry 108	500001e5
	constant pool entry 107	500001e7
	constant pool entry 104	500002f0
	constant pool entry 101	500001e4
CLS 500001e5 (name=java.lang.ProcessEnvironment$NameComparator, trace=300068)
	super		50000185
	constant pool entry 31	50000181
	constant pool entry 30	500001e5
	constant pool entry 27	50000185
	constant pool entry 26	500000d1
	constant pool entry 25	50000124
CLS 500001e7 (name=java.lang.ProcessEnvironment$EntryComparator, trace=300070)
	super		50000185
	constant pool entry 25	500001e7
	constant pool entry 22	50000185
CLS 500001ea (name=java.util.Collections$UnmodifiableMap, trace=300073)
	super		50000185
	constant pool entry 61	500001ea
	constant pool entry 58	50000185
CLS 500002f0 (name=java.lang.ProcessEnvironment$CheckedEntrySet, trace=300084)
	super		500000ee
	constant pool entry 33	500000ee
	constant pool entry 32	500002f4
	constant pool entry 31	500002f0
CLS 500002f1 (name=java.util.HashMap$EntrySet, trace=300085)
	super		500000ee
	constant pool entry 51	500002f1
	constant pool entry 50	500002f7
	constant pool entry 47	500000ee
CLS 500002f4 (name=java.lang.ProcessEnvironment$CheckedEntrySet$1, trace=300088)
	super		50000185
	constant pool entry 34	500000ef
	constant pool entry 33	500000d8
	constant pool entry 31	5000008f
	constant pool entry 30	500002f4
	constant pool entry 29	500002f0
	constant pool entry 28	500002f9
	constant pool entry 26	50000185
CLS 500002f6 (name=java.util.HashMap$HashIterator, trace=300090)
	super		50000185
	constant pool entry 39	500000d7
	constant pool entry 38	500002f6
	constant pool entry 37	500000d9
	constant pool entry 35	50000185
CLS 500002f7 (name=java.util.HashMap$EntryIterator, trace=300090)
	super		500002f6
	constant pool entry 20	500002f6
	constant pool entry 19	500002f7
CLS 500002f9 (name=java.lang.ProcessEnvironment$CheckedEntry, trace=300092)
	super		50000185
	constant pool entry 37	500000d8
	constant pool entry 34	50000181
	constant pool entry 33	500002f9
	constant pool entry 31	50000185
CLS 5000036d (name=sun.usagetracker.UsageTrackerClient$3, trace=300104)
	super		50000185
	constant pool entry 25	5000036d
	constant pool entry 22	50000185
	constant pool entry 21	5000012f
CLS 500003a1 (name=sun.nio.cs.Unicode, trace=300147)
	super		500000cf
	constant pool entry 109	500000cf
CLS 500003a2 (name=sun.nio.cs.UTF_8, trace=300147)
	super		500003a1
	constant pool entry 33	500003a1
	constant pool entry 32	500003ad
	constant pool entry 31	500003f7
	constant pool entry 29	500003a2
	constant pool entry 28	500000cc
	constant pool entry 27	50000126
	constant pool entry 2	500012c0
	constant pool entry 1	50001261
CLS 500003ad (name=sun.nio.cs.UTF_8$Encoder, trace=300157)
	super		50000075
	constant pool entry 77	500003ad
	constant pool entry 69	50000075
	constant pool entry 66	500000d1
CLS 500003b4 (name=java.io.FileOutputStream$1, trace=300164)
	super		50000185
	constant pool entry 19	50000185
	constant pool entry 17	500003b4
	constant pool entry 16	50000085
CLS 500003b7 (name=sun.launcher.LauncherHelper, trace=300000)
	super		5000005d
	static INSTANCE	500003b8
	static MAIN_CLASS	500026e0
	static outBuf	500003bb
	static INDENT	500026df
	static VM_SETTINGS	500026de
	static PROP_SETTINGS	500026dd
	static LOCALE_SETTINGS	500026dc
	static diagprop	50000fa8
	static defaultBundleName	500010f1
	static ostream	50000ef0
	static scloader	50000dd5
	static encprop	500026db
	static encoding	50000dd4
	static $VALUES	500003ba
	constant pool entry 695	5000010b
	constant pool entry 400	500000d4
	constant pool entry 397	5000079a
	constant pool entry 390	5000079b
	constant pool entry 380	50000d82
	constant pool entry 376	500000cf
	constant pool entry 370	5000017a
	constant pool entry 369	50000135
	constant pool entry 368	50000181
	constant pool entry 366	50000185
	constant pool entry 364	5000016d
	constant pool entry 360	5000005d
	constant pool entry 359	5000016f
	constant pool entry 358	5000017b
	constant pool entry 355	5000007c
	constant pool entry 70	500003b7
	constant pool entry 67	500026db
	constant pool entry 66	50000fa8
	constant pool entry 61	50001aeb
	constant pool entry 42	50000dd3
	constant pool entry 31	500019d8
	constant pool entry 26	500026da
	constant pool entry 1	50000ed3
CLS 500003b9 (name=sun.launcher.LauncherHelper[], trace=300167)
	super		50000185
CLS 500003c5 (name=java.net.URLClassLoader$1, trace=300176)
	super		50000185
	constant pool entry 43	50000004
	constant pool entry 40	500003c5
	constant pool entry 39	5000012e
	constant pool entry 38	50000181
	constant pool entry 37	50000185
	constant pool entry 1	500022af
CLS 500003cb (name=sun.net.util.URLUtil, trace=300182)
	super		50000185
	constant pool entry 57	5000012d
	constant pool entry 56	50000135
	constant pool entry 55	50000181
	constant pool entry 3	5000224d
CLS 500003d1 (name=sun.misc.URLClassPath$3, trace=300187)
	super		50000185
	constant pool entry 47	500003d4
	constant pool entry 46	500005cf
	constant pool entry 45	500003d1
	constant pool entry 44	50000004
	constant pool entry 42	5000012d
	constant pool entry 41	50000181
	constant pool entry 40	50000185
	constant pool entry 2	50002251
	constant pool entry 1	5000224f
CLS 500003d3 (name=sun.misc.URLClassPath$Loader, trace=300189)
	super		50000185
	constant pool entry 64	500003d3
	constant pool entry 54	50000185
CLS 500003d4 (name=sun.misc.URLClassPath$JarLoader, trace=300189)
	super		500003d3
	static zipAccess	500003d9
	constant pool entry 209	50000012
	constant pool entry 207	500003d3
	constant pool entry 204	50000624
	constant pool entry 203	500003d4
	constant pool entry 201	500000df
	constant pool entry 199	50000036
	constant pool entry 197	5000063c
	constant pool entry 194	50000626
	constant pool entry 193	500006df
	constant pool entry 190	5000063b
	constant pool entry 180	50000ab6
	constant pool entry 179	50000103
	constant pool entry 175	5000012d
	constant pool entry 172	5000017a
	constant pool entry 171	50000135
	constant pool entry 170	50000181
	constant pool entry 168	50000ab3
	constant pool entry 167	50000ab4
	constant pool entry 166	5000012f
	constant pool entry 8	50002244
	constant pool entry 7	50002251
	constant pool entry 2	50002290
	constant pool entry 1	50000ed3
CLS 500003d5 (name=java.util.zip.ZipConstants, trace=300190)
CLS 500003d6 (name=java.util.zip.ZipFile, trace=300190)
	super		50000185
	constant pool entry 256	500000d4
	constant pool entry 255	500000df
	constant pool entry 254	500006ba
	constant pool entry 253	50000718
	constant pool entry 252	50000722
	constant pool entry 250	500003d8
	constant pool entry 249	500003d6
	constant pool entry 247	50000710
	constant pool entry 245	500006a5
	constant pool entry 244	5000071b
	constant pool entry 242	500000ba
	constant pool entry 238	5000015b
	constant pool entry 235	500006a1
	constant pool entry 234	500006a2
	constant pool entry 233	50000647
	constant pool entry 230	5000017a
	constant pool entry 226	50000185
	constant pool entry 219	5000012f
	constant pool entry 8	50000fac
CLS 500003d7 (name=sun.misc.JavaUtilZipFileAccess, trace=300191)
CLS 500003d8 (name=java.util.zip.ZipFile$1, trace=300191)
	super		50000185
	constant pool entry 12	50000185
CLS 500003ed (name=sun.nio.cs.ThreadLocalCoders, trace=300210)
	super		50000185
	static decoderCache	500003f0
	static encoderCache	500003f3
	constant pool entry 31	500003ee
	constant pool entry 30	500003f2
	constant pool entry 29	500003ef
	constant pool entry 28	500003ed
	constant pool entry 26	50000097
CLS 500003ee (name=sun.nio.cs.ThreadLocalCoders$Cache, trace=300211)
	super		50000185
	constant pool entry 53	5000010b
	constant pool entry 28	500003ee
	constant pool entry 26	500000c7
	constant pool entry 25	50000185
	constant pool entry 24	5000011c
CLS 500003ef (name=sun.nio.cs.ThreadLocalCoders$1, trace=300211)
	super		500003ee
	constant pool entry 38	500003ee
	constant pool entry 37	500003ef
	constant pool entry 36	50000097
	constant pool entry 35	500000cf
	constant pool entry 34	50000181
	constant pool entry 33	5000017d
	constant pool entry 1	500003ed
CLS 500003f2 (name=sun.nio.cs.ThreadLocalCoders$2, trace=300214)
	super		500003ee
	constant pool entry 38	500003ee
	constant pool entry 37	500003f2
	constant pool entry 33	5000017d
	constant pool entry 1	500003ed
CLS 500003f7 (name=sun.nio.cs.UTF_8$Decoder, trace=300219)
	super		50000097
	constant pool entry 96	500003f7
	constant pool entry 92	50000069
	constant pool entry 91	50000097
	constant pool entry 90	5000006b
	constant pool entry 89	50000073
	constant pool entry 86	500000d1
	constant pool entry 85	5000017d
	constant pool entry 3	500003a2
CLS 500005cf (name=sun.misc.URLClassPath$FileLoader, trace=300239)
	super		500003d3
	constant pool entry 63	50000012
	constant pool entry 62	500003d3
	constant pool entry 60	500005cf
	constant pool entry 59	50000004
	constant pool entry 57	5000012d
	constant pool entry 56	50000181
	constant pool entry 52	5000012f
	constant pool entry 3	50002251
	constant pool entry 2	50002370
	constant pool entry 1	50001541
CLS 50000624 (name=sun.misc.URLClassPath$JarLoader$1, trace=300269)
	super		50000185
	constant pool entry 71	50000624
	constant pool entry 70	500003d4
	constant pool entry 69	50000004
	constant pool entry 68	500006d8
	constant pool entry 60	50000185
CLS 50000626 (name=sun.misc.FileURLMapper, trace=300271)
	super		50000185
	constant pool entry 43	50000012
	constant pool entry 42	50000626
	constant pool entry 41	5000012d
	constant pool entry 39	50000181
	constant pool entry 38	50000185
	constant pool entry 37	5000012f
	constant pool entry 1	50000ed3
CLS 5000063b (name=java.util.jar.JarFile, trace=300281)
	super		500003d6
	static MANIFEST_NAME	5000122e
	static CLASSPATH_CHARS	5000063f
	static CLASSPATH_LASTOCC	50000640
	static CLASSPATH_OPTOSFT	50000641
	static javaHome	50000f26
	static jarNames	500006e1
	constant pool entry 448	5000010b
	constant pool entry 216	50000064
	constant pool entry 215	500000df
	constant pool entry 214	50000729
	constant pool entry 213	500003d6
	constant pool entry 212	50000710
	constant pool entry 209	5000063d
	constant pool entry 206	50000713
	constant pool entry 201	5000063b
	constant pool entry 199	50000712
	constant pool entry 193	50000103
	constant pool entry 190	50000135
	constant pool entry 189	50000181
	constant pool entry 187	500000d1
	constant pool entry 186	50000131
	constant pool entry 184	5000012f
	constant pool entry 21	5000123a
	constant pool entry 20	50001239
	constant pool entry 19	50001238
	constant pool entry 18	50001237
	constant pool entry 17	50001236
	constant pool entry 15	50001235
	constant pool entry 14	50001234
	constant pool entry 13	50001233
	constant pool entry 12	50001232
	constant pool entry 9	50001231
	constant pool entry 7	50001230
	constant pool entry 6	5000122f
	constant pool entry 5	5000122e
CLS 5000063c (name=sun.misc.JavaUtilJarAccess, trace=300282)
CLS 5000063d (name=java.util.jar.JavaUtilJarAccessImpl, trace=300282)
	super		50000185
	constant pool entry 23	5000063b
	constant pool entry 22	50000185
CLS 50000647 (name=java.nio.charset.StandardCharsets, trace=300288)
	super		50000185
	static US_ASCII	5000064c
	static ISO_8859_1	5000065e
	static UTF_8	500003aa
	static UTF_16BE	50000674
	static UTF_16LE	50000686
	static UTF_16	50000698
	constant pool entry 33	50000647
	constant pool entry 32	500000cf
	constant pool entry 7	50001261
	constant pool entry 6	50001260
	constant pool entry 5	5000125f
	constant pool entry 4	5000125e
	constant pool entry 3	5000125d
	constant pool entry 1	5000125c
CLS 5000064b (name=sun.nio.cs.US_ASCII, trace=300289)
	super		500000cf
	constant pool entry 25	500000cc
	constant pool entry 23	500000cf
	constant pool entry 2	5000125d
CLS 50000656 (name=sun.nio.cs.ISO_8859_1, trace=300147)
	super		500000cf
	constant pool entry 31	500000cc
	constant pool entry 25	500000cf
	constant pool entry 1	5000125c
CLS 5000066c (name=sun.nio.cs.UTF_16BE, trace=300147)
	super		500003a1
	constant pool entry 24	500003a1
	constant pool entry 20	500000cc
	constant pool entry 1	5000125f
CLS 5000067e (name=sun.nio.cs.UTF_16LE, trace=300147)
	super		500003a1
	constant pool entry 24	500003a1
	constant pool entry 20	500000cc
	constant pool entry 1	50001260
CLS 50000690 (name=sun.nio.cs.UTF_16, trace=300147)
	super		500003a1
	constant pool entry 22	500003a1
	constant pool entry 18	500000cc
	constant pool entry 1	5000125e
CLS 500006a0 (name=java.util.Queue, trace=300301)
CLS 500006a1 (name=java.util.Deque, trace=300301)
CLS 500006a2 (name=java.util.ArrayDeque, trace=300301)
	super		500000f9
	constant pool entry 248	5000010b
	constant pool entry 129	500000f9
	constant pool entry 126	50000185
	constant pool entry 120	5000017d
	constant pool entry 2	500006a2
CLS 500006a5 (name=java.util.zip.ZipCoder, trace=300304)
	super		50000185
	constant pool entry 192	5000010b
	constant pool entry 84	50000076
	constant pool entry 82	500006a5
	constant pool entry 81	500000b5
	constant pool entry 80	50000647
	constant pool entry 79	50000095
	constant pool entry 77	50000075
	constant pool entry 75	500000cf
	constant pool entry 72	50000181
	constant pool entry 71	50000185
CLS 500006ba (name=sun.misc.PerfCounter, trace=300316)
	super		50000185
	static perf	500006be
	constant pool entry 78	500006bf
	constant pool entry 77	500006ba
	constant pool entry 76	500006bb
	constant pool entry 75	500006bd
	constant pool entry 74	50000103
	constant pool entry 73	500006c6
	constant pool entry 72	50000070
	constant pool entry 71	50000073
	constant pool entry 70	5000017a
	constant pool entry 68	50000185
CLS 500006bb (name=sun.misc.Perf$GetPerfAction, trace=300317)
	super		50000185
	constant pool entry 16	500006bb
	constant pool entry 15	500006bd
	constant pool entry 13	50000185
CLS 500006bd (name=sun.misc.Perf, trace=300319)
	super		50000185
	static instance	500006be
	constant pool entry 76	500006bd
	constant pool entry 73	5000017a
	constant pool entry 69	50000185
CLS 500006bf (name=sun.misc.PerfCounter$CoreCounters, trace=300321)
	super		50000185
	static pdt	500006c0
	static lc	500006c9
	static lct	500006cc
	static rcbt	500006cf
	static zfc	500006d2
	static zfot	500006d5
	constant pool entry 30	500006bf
	constant pool entry 29	500006ba
	constant pool entry 6	50001242
	constant pool entry 5	50001241
	constant pool entry 4	50001240
	constant pool entry 3	5000123f
	constant pool entry 2	5000123e
	constant pool entry 1	5000123d
CLS 500006c1 (name=sun.nio.ch.DirectBuffer, trace=300323)
CLS 500006c2 (name=java.nio.MappedByteBuffer, trace=300323)
	super		50000073
	constant pool entry 42	500006c2
	constant pool entry 41	50000073
CLS 500006c3 (name=java.nio.DirectByteBuffer, trace=300323)
	super		500006c2
	static unsafe	50000efd
	constant pool entry 239	50000134
	constant pool entry 236	500006c2
	constant pool entry 229	500006c7
	constant pool entry 200	50000071
	constant pool entry 194	5000017d
	constant pool entry 2	500006c3
	constant pool entry 1	50000189
CLS 500006c6 (name=java.nio.LongBuffer, trace=300326)
	super		50000126
	constant pool entry 92	500006c6
	constant pool entry 88	50000126
CLS 500006c7 (name=java.nio.DirectLongBufferU, trace=300326)
	super		500006c6
	static unsafe	50000efd
	constant pool entry 88	500006c1
	constant pool entry 87	50000134
	constant pool entry 86	500006c6
	constant pool entry 81	50000071
	constant pool entry 79	5000017d
	constant pool entry 2	500006c7
	constant pool entry 1	50000186
CLS 500006d8 (name=sun.misc.JarIndex, trace=300333)
	super		50000185
	static INDEX_NAME	500022aa
	constant pool entry 145	500006d8
	constant pool entry 142	5000063b
	constant pool entry 132	5000017a
	constant pool entry 130	50000181
	constant pool entry 10	50000ee0
	constant pool entry 9	500022ab
	constant pool entry 6	500022aa
CLS 500006df (name=sun.misc.ExtensionDependency, trace=300337)
	super		50000185
	constant pool entry 206	500006df
CLS 50000710 (name=java.util.zip.ZipEntry, trace=300380)
	super		50000185
	constant pool entry 141	50000710
	constant pool entry 138	50000091
	constant pool entry 135	50000185
	constant pool entry 4	5000125a
CLS 50000712 (name=java.util.jar.JarEntry, trace=300382)
	super		50000710
	constant pool entry 23	50000710
CLS 50000713 (name=java.util.jar.JarFile$JarFileEntry, trace=300382)
	super		50000712
	constant pool entry 36	50000713
	constant pool entry 34	50000712
CLS 50000718 (name=java.util.zip.ZipFile$ZipFileInputStream, trace=300387)
	super		50000131
	constant pool entry 53	50000718
	constant pool entry 52	500003d6
	constant pool entry 51	5000015b
	constant pool entry 48	50000131
CLS 5000071b (name=java.util.zip.Inflater, trace=300389)
	super		50000185
	static defaultBuf	5000071c
	constant pool entry 151	5000010b
	constant pool entry 81	5000071f
	constant pool entry 77	50000185
	constant pool entry 75	5000017d
	constant pool entry 2	5000071b
CLS 5000071f (name=java.util.zip.ZStreamRef, trace=300392)
	super		50000185
	constant pool entry 12	5000071f
	constant pool entry 11	50000185
CLS 50000721 (name=java.util.zip.InflaterInputStream, trace=300394)
	super		50000084
	constant pool entry 155	5000010b
	constant pool entry 87	50000721
	constant pool entry 86	5000071b
	constant pool entry 78	50000131
	constant pool entry 76	50000084
CLS 50000722 (name=java.util.zip.ZipFile$ZipFileInflaterInputStream, trace=300394)
	super		50000721
	constant pool entry 60	50000722
	constant pool entry 59	500003d6
	constant pool entry 58	50000721
	constant pool entry 57	5000071b
	constant pool entry 56	5000015b
	constant pool entry 53	50000131
CLS 50000729 (name=sun.misc.IOUtils, trace=300400)
	super		50000185
	constant pool entry 45	5000010b
	constant pool entry 31	500000b5
	constant pool entry 29	500000d1
	constant pool entry 28	50000131
CLS 5000079a (name=sun.launcher.LauncherHelper$ResourceBundleHolder, trace=300404)
	super		50000185
	static RB	50000c89
	constant pool entry 18	5000079a
	constant pool entry 16	5000079b
	constant pool entry 1	500010f1
CLS 5000079b (name=java.util.ResourceBundle, trace=300405)
	super		50000185
	static NONEXISTENT_BUNDLE	5000079d
	static cacheList	5000079e
	static referenceQueue	5000079f
	constant pool entry 214	500000da
	constant pool entry 213	5000002b
	constant pool entry 212	5000002a
	constant pool entry 210	500007a2
	constant pool entry 208	50000b9a
	constant pool entry 205	50000bab
	constant pool entry 203	50000bbc
	constant pool entry 202	50000c0d
	constant pool entry 201	5000079c
	constant pool entry 199	5000002e
	constant pool entry 198	500000fb
	constant pool entry 197	5000008f
	constant pool entry 193	500000e6
	constant pool entry 188	50000181
	constant pool entry 187	50000185
	constant pool entry 180	5000017d
	constant pool entry 11	500007a1
	constant pool entry 10	5000079b
CLS 5000079c (name=java.util.ResourceBundle$1, trace=300406)
	super		5000079b
	constant pool entry 16	5000079b
CLS 500007a1 (name=java.util.spi.ResourceBundleControlProvider, trace=300411)
CLS 500007a2 (name=java.util.ServiceLoader, trace=300412)
	super		50000185
	static PREFIX	500026f0
	constant pool entry 133	500007a5
	constant pool entry 132	500007a7
	constant pool entry 131	500007a2
	constant pool entry 129	50000091
	constant pool entry 127	5000005f
	constant pool entry 120	5000017a
	constant pool entry 117	50000185
	constant pool entry 115	5000017b
	constant pool entry 114	5000017d
	constant pool entry 7	500026ef
CLS 500007a5 (name=java.util.ServiceLoader$LazyIterator, trace=300415)
	super		50000185
	constant pool entry 99	500007a5
	constant pool entry 97	500007a2
	constant pool entry 93	50000090
	constant pool entry 88	50000135
	constant pool entry 86	50000185
	constant pool entry 83	5000017b
	constant pool entry 82	5000017d
	constant pool entry 5	500026f0
CLS 500007a7 (name=java.util.ServiceLoader$1, trace=300417)
	super		50000185
	constant pool entry 41	500000ef
	constant pool entry 40	500007a5
	constant pool entry 39	500007a7
	constant pool entry 38	500007a2
	constant pool entry 35	5000005f
	constant pool entry 34	5000008f
	constant pool entry 32	50000185
CLS 500007a9 (name=java.util.LinkedHashMap$LinkedEntrySet, trace=300419)
	super		500000ee
	constant pool entry 54	500007a9
	constant pool entry 53	500007ac
	constant pool entry 47	500000ee
CLS 500007ab (name=java.util.LinkedHashMap$LinkedHashIterator, trace=300421)
	super		50000185
	constant pool entry 41	500007ab
	constant pool entry 39	5000005f
	constant pool entry 35	50000185
CLS 500007ac (name=java.util.LinkedHashMap$LinkedEntryIterator, trace=300421)
	super		500007ab
	constant pool entry 21	500007ab
	constant pool entry 20	500007ac
CLS 500007b4 (name=java.util.Enumeration[], trace=300427)
	super		50000185
CLS 500007b6 (name=sun.misc.Launcher$BootClassPathHolder, trace=300428)
	super		50000185
	static bcp	50000a0e
	constant pool entry 28	50000004
	constant pool entry 27	500007b7
	constant pool entry 26	500007b6
	constant pool entry 25	5000012b
	constant pool entry 24	50000103
	constant pool entry 21	5000000d
CLS 500007b7 (name=sun.misc.Launcher$BootClassPathHolder$1, trace=300429)
	super		50000185
	constant pool entry 39	50000036
	constant pool entry 38	500007b7
	constant pool entry 36	5000012b
	constant pool entry 35	500000ef
	constant pool entry 34	50000005
	constant pool entry 32	50000185
	constant pool entry 31	5000012f
CLS 50000a1b (name=sun.misc.URLClassPath$2, trace=300514)
	super		50000185
	constant pool entry 38	500003d3
	constant pool entry 37	50000a1b
	constant pool entry 36	50000004
	constant pool entry 33	50000185
CLS 50000a1d (name=java.lang.ClassLoader$2, trace=300516)
	super		50000185
	constant pool entry 22	50000090
	constant pool entry 21	50000185
	constant pool entry 20	50000a1d
CLS 50000a1f (name=sun.misc.URLClassPath$1, trace=300518)
	super		50000185
	constant pool entry 38	500003d3
	constant pool entry 37	50000a1f
	constant pool entry 36	50000004
	constant pool entry 33	50000185
CLS 50000a21 (name=java.net.URLClassLoader$3, trace=300520)
	super		50000185
	constant pool entry 35	50000103
	constant pool entry 34	50000b98
	constant pool entry 33	50000a21
	constant pool entry 32	5000012e
	constant pool entry 30	50000185
CLS 50000a23 (name=sun.misc.CompoundEnumeration, trace=300522)
	super		50000185
	constant pool entry 23	50000a23
	constant pool entry 21	50000090
	constant pool entry 20	50000185
CLS 50000ab3 (name=java.io.IOException, trace=300524)
	super		50000176
	constant pool entry 14	50000176
CLS 50000ab4 (name=java.io.FileNotFoundException, trace=300524)
	super		50000ab3
	constant pool entry 26	50000ab3
CLS 50000ab6 (name=java.security.PrivilegedActionException, trace=300526)
	super		50000176
	constant pool entry 34	50000ab6
	constant pool entry 29	50000176
CLS 50000b98 (name=java.net.URLClassLoader$3$1, trace=300528)
	super		50000185
	constant pool entry 27	50000090
	constant pool entry 25	50000b98
	constant pool entry 24	50000a21
	constant pool entry 22	50000185
CLS 50000b9a (name=java.util.ResourceBundle$RBClassLoader, trace=300530)
	super		5000017b
	static INSTANCE	50000b9d
	static loader	50000dd5
	constant pool entry 36	50000b9b
	constant pool entry 35	50000b9a
	constant pool entry 32	50000103
	constant pool entry 30	5000017b
CLS 50000b9b (name=java.util.ResourceBundle$RBClassLoader$1, trace=300531)
	super		50000185
	constant pool entry 20	50000b9b
	constant pool entry 19	50000b9a
	constant pool entry 15	50000185
CLS 50000bab (name=java.util.ResourceBundle$Control, trace=300545)
	super		50000185
	static FORMAT_DEFAULT	50000baf
	static FORMAT_CLASS	50000bb2
	static FORMAT_PROPERTIES	50000bb5
	static INSTANCE	50000bb6
	static CANDIDATES_CACHE	50000bb8
	constant pool entry 315	5000010b
	constant pool entry 162	50000bb7
	constant pool entry 161	50000c50
	constant pool entry 160	50000bab
	constant pool entry 157	5000002e
	constant pool entry 155	500000f0
	constant pool entry 154	500000fc
	constant pool entry 153	500000b5
	constant pool entry 152	500000f1
	constant pool entry 150	50000103
	constant pool entry 145	50000135
	constant pool entry 144	50000181
	constant pool entry 143	50000185
	constant pool entry 137	5000016f
	constant pool entry 136	5000017b
	constant pool entry 134	5000017d
	constant pool entry 8	5000079b
	constant pool entry 6	500026f4
	constant pool entry 5	500026f3
	constant pool entry 4	500026ea
	constant pool entry 3	5000224d
	constant pool entry 1	50000ed3
CLS 50000bad (name=java.util.Arrays$ArrayList, trace=300547)
	super		500000f8
	constant pool entry 58	50000091
	constant pool entry 57	50000bad
	constant pool entry 55	500000f8
	constant pool entry 51	5000011c
CLS 50000bb7 (name=java.util.ResourceBundle$Control$CandidateListCache, trace=300553)
	super		5000002d
	constant pool entry 85	5000002d
	constant pool entry 84	5000001b
	constant pool entry 83	50000bb7
	constant pool entry 79	5000002e
	constant pool entry 78	500000fb
	constant pool entry 77	50000bc2
	constant pool entry 75	50000181
	constant pool entry 14	50002467
	constant pool entry 13	500026f8
	constant pool entry 12	500026f7
	constant pool entry 11	500026f6
	constant pool entry 4	500024ca
	constant pool entry 2	5000244f
	constant pool entry 1	50000ed3
CLS 50000bbc (name=java.util.ResourceBundle$CacheKey, trace=300558)
	super		50000185
	constant pool entry 92	50000bbf
	constant pool entry 91	50000bbc
	constant pool entry 90	5000079b
	constant pool entry 89	5000002e
	constant pool entry 87	50000181
	constant pool entry 85	50000185
	constant pool entry 79	5000017b
CLS 50000bbe (name=java.util.ResourceBundle$CacheKeyReference, trace=300560)
CLS 50000bbf (name=java.util.ResourceBundle$LoaderReference, trace=300560)
	super		50000164
	constant pool entry 16	50000bbf
	constant pool entry 12	50000164
CLS 50000bc1 (name=java.util.AbstractSequentialList, trace=300562)
	super		500000f8
	constant pool entry 36	500000f8
CLS 50000bc2 (name=java.util.LinkedList, trace=300562)
	super		50000bc1
	constant pool entry 301	5000010b
	constant pool entry 150	50000bd5
	constant pool entry 145	50000bc2
	constant pool entry 142	50000bc1
	constant pool entry 139	50000185
CLS 50000bd5 (name=java.util.LinkedList$Node, trace=300576)
	super		50000185
	constant pool entry 17	50000bd5
	constant pool entry 15	50000185
CLS 50000c02 (name=java.util.ListResourceBundle, trace=300586)
	super		5000079b
	constant pool entry 38	5000079b
	constant pool entry 37	5000015b
	constant pool entry 36	50000c02
	constant pool entry 35	500000d9
	constant pool entry 33	50000181
CLS 50000c03 (name=sun.launcher.resources.launcher, trace=300586)
	super		50000c02
	constant pool entry 87	50000c02
CLS 50000c0d (name=java.util.ResourceBundle$BundleReference, trace=300590)
	super		50000165
	constant pool entry 14	50000c0d
	constant pool entry 12	50000165
CLS 50000c50 (name=java.util.ResourceBundle$Control$1, trace=300604)
	super		50000185
	constant pool entry 46	50000c50
	constant pool entry 40	50000185
	constant pool entry 38	5000017b
CLS 50000c52 (name=java.net.URLClassLoader$2, trace=300606)
	super		50000185
	constant pool entry 23	50000004
	constant pool entry 21	50000c52
	constant pool entry 20	5000012e
	constant pool entry 19	50000185
CLS 50000c81 (name=sun.launcher.resources.launcher_zh_CN, trace=300586)
	super		50000c02
	constant pool entry 93	5000010b
	constant pool entry 87	50000c02
	constant pool entry 86	50000185
	constant pool entry 85	5000011c
	constant pool entry 38	5000270d
	constant pool entry 37	50002741
	constant pool entry 36	5000273d
	constant pool entry 35	50002709
	constant pool entry 34	50002705
	constant pool entry 33	500026fd
	constant pool entry 32	50002719
	constant pool entry 31	50002715
	constant pool entry 30	50002744
	constant pool entry 29	50002731
	constant pool entry 28	50002701
	constant pool entry 27	5000271e
	constant pool entry 26	50002736
	constant pool entry 25	50002716
	constant pool entry 24	5000273a
	constant pool entry 23	50002712
	constant pool entry 22	5000271a
	constant pool entry 21	50002702
	constant pool entry 20	50002745
	constant pool entry 19	5000273e
	constant pool entry 18	50002732
	constant pool entry 17	50002722
	constant pool entry 16	5000272a
	constant pool entry 15	5000270e
	constant pool entry 14	5000270a
	constant pool entry 13	50002706
	constant pool entry 12	500026fe
	constant pool entry 11	50000dd3
	constant pool entry 10	5000272e
	constant pool entry 9	50002726
	constant pool entry 8	5000271d
	constant pool entry 7	50002735
	constant pool entry 6	50002711
	constant pool entry 5	50002739
	constant pool entry 4	5000272d
	constant pool entry 3	50002729
	constant pool entry 2	50002721
	constant pool entry 1	50002725
CLS 50000d57 (name=java.lang.Object[][], trace=300620)
	super		50000185
CLS 50000d81 (name=java.text.Format, trace=300642)
	super		50000185
	constant pool entry 58	50000d81
	constant pool entry 57	50000dac
	constant pool entry 53	50000136
	constant pool entry 52	50000185
CLS 50000d82 (name=java.text.MessageFormat, trace=300642)
	super		50000d81
	static TYPE_KEYWORDS	50000d83
	static NUMBER_MODIFIER_KEYWORDS	50000d84
	static DATE_TIME_MODIFIER_KEYWORDS	50000d85
	static DATE_TIME_MODIFIERS	50000d86
	constant pool entry 508	5000010b
	constant pool entry 280	50000d8c
	constant pool entry 279	5000002e
	constant pool entry 277	50000dae
	constant pool entry 270	50000db2
	constant pool entry 269	50000d82
	constant pool entry 267	50000d81
	constant pool entry 266	50000dac
	constant pool entry 257	50000135
	constant pool entry 256	50000136
	constant pool entry 255	50000181
	constant pool entry 252	50000123
	constant pool entry 250	5000011e
	constant pool entry 239	5000011c
	constant pool entry 31	50002750
	constant pool entry 30	5000120f
	constant pool entry 29	5000274f
	constant pool entry 28	5000274e
	constant pool entry 25	5000274d
	constant pool entry 24	50001103
	constant pool entry 23	5000274c
	constant pool entry 22	5000274b
	constant pool entry 20	5000274a
	constant pool entry 19	50002749
	constant pool entry 18	50002748
	constant pool entry 2	50000ed3
CLS 50000d88 (name=java.text.Format[], trace=300648)
	super		50000185
CLS 50000d8c (name=java.util.Locale$Category, trace=300651)
	super		5000005d
	static DISPLAY	50000d8d
	static FORMAT	50000d8e
	static $VALUES	50000d90
	constant pool entry 77	5000010b
	constant pool entry 43	5000005d
	constant pool entry 42	50000d8f
	constant pool entry 11	50000d8c
	constant pool entry 10	5000258b
	constant pool entry 9	5000258a
	constant pool entry 8	50002589
	constant pool entry 7	50002588
	constant pool entry 6	50002587
	constant pool entry 5	50002586
	constant pool entry 4	50002585
	constant pool entry 3	50002584
	constant pool entry 2	50002583
	constant pool entry 1	50002582
CLS 50000d8f (name=java.util.Locale$Category[], trace=300654)
	super		50000185
CLS 50000d91 (name=java.util.Locale$1, trace=300655)
	super		50000185
	static $SwitchMap$java$util$Locale$Category	50000d92
	constant pool entry 38	5000010b
	constant pool entry 23	50000d8c
	constant pool entry 22	50000d91
CLS 50000d9d (name=java.lang.StringBuilder[], trace=300661)
	super		50000185
CLS 50000dac (name=java.text.FieldPosition, trace=300673)
	super		50000185
	constant pool entry 53	50000dac
	constant pool entry 51	50000185
CLS 50000dae (name=java.util.Date, trace=300675)
	super		50000185
CLS 50000db0 (name=java.text.AttributedCharacterIterator$Attribute, trace=300677)
	super		50000185
	static instanceMap	50000db3
	static LANGUAGE	50000db4
	static READING	50000db7
	static INPUT_METHOD_SEGMENT	50000db9
	constant pool entry 70	5000015b
	constant pool entry 69	500000d9
	constant pool entry 65	50000185
	constant pool entry 8	50000db0
	constant pool entry 5	5000275d
	constant pool entry 4	5000245e
	constant pool entry 3	5000275c
CLS 50000db1 (name=java.text.Format$Field, trace=300677)
	super		50000db0
	constant pool entry 17	50000db0
CLS 50000db2 (name=java.text.MessageFormat$Field, trace=300677)
	super		50000db1
	static ARGUMENT	50000dbb
	constant pool entry 33	50000db1
	constant pool entry 3	50000db2
	constant pool entry 1	5000275a
CLS 50000dc1 (name=java.lang.Shutdown, trace=300687)
	super		50000185
	static hooks	50000dc2
	static lock	50000dc4
	static haltLock	50000dc5
	constant pool entry 112	5000010b
	constant pool entry 64	50000dc3
	constant pool entry 62	5000015f
	constant pool entry 4	50000dc1
CLS 50000dc3 (name=java.lang.Shutdown$Lock, trace=300689)
	super		50000185
	constant pool entry 12	50000dc3
	constant pool entry 9	50000185
CLS 50000dc6 (name=java.lang.AbstractStringBuilder[], trace=300000)
	super		50000185
CLS 50000dc7 (name=java.lang.Appendable[], trace=300000)
	super		50000185
