HEAP DUMP BEGIN (3677 objects, 517248 bytes) Sat May 06 15:26:56 2017
ROOT 0 (kind=<thread>, id=200000, trace=300000)
ROOT 50000e5e (kind=<thread>, id=200003, trace=300000)
ROOT 50000e5e (kind=<thread block>, thread=200003)
ROOT 50000e5e (kind=<JNI local ref>, thread=200000, frame=0)
ROOT 50000e5f (kind=<thread>, id=200004, trace=300000)
ROOT 50000e5f (kind=<thread block>, thread=200004)
ROOT 50000e60 (kind=<thread>, id=200005, trace=300000)
ROOT 50000e60 (kind=<thread block>, thread=200005)
ROOT 50000e61 (kind=<thread>, id=200006, trace=300000)
ROOT 50000e61 (kind=<thread block>, thread=200006)
ROOT 50000e62 (kind=<Java stack>, thread=200000, frame=1)
ROOT 50000e63 (kind=<Java stack>, thread=200000, frame=1)
ROOT 50000e62 (kind=<Java stack>, thread=200000, frame=2)
ROOT 50000e61 (kind=<Java stack>, thread=200000, frame=3)
ROOT 50000e64 (kind=<Java stack>, thread=200000, frame=3)
ROOT 50000e65 (kind=<thread>, id=200007, trace=300000)
ROOT 50000e65 (kind=<thread block>, thread=200007)
ROOT 50000e66 (kind=<Java stack>, thread=200000, frame=1)
ROOT 50000e66 (kind=<Java stack>, thread=200000, frame=2)
ROOT 50000e65 (kind=<Java stack>, thread=200000, frame=3)
ROOT 50000e67 (kind=<thread>, id=200008, trace=300000)
ROOT 50000e67 (kind=<thread block>, thread=200008)
ROOT 50000e5b (kind=<Java stack>, thread=200000, frame=1)
ROOT 50000e57 (kind=<Java stack>, thread=200000, frame=2)
ROOT 50000e68 (kind=<Java stack>, thread=200000, frame=3)
ROOT 500006b7 (kind=<Java stack>, thread=200000, frame=5)
ROOT 50000e69 (kind=<Java stack>, thread=200000, frame=5)
ROOT 500006ba (kind=<Java stack>, thread=200000, frame=5)
ROOT 500003bd (kind=<Java stack>, thread=200000, frame=6)
ROOT 500003bd (kind=<Java stack>, thread=200000, frame=6)
ROOT 500006b7 (kind=<Java stack>, thread=200000, frame=6)
ROOT 50000e6a (kind=<JNI global ref>, id=1, trace=300000)
ROOT 50000181 (kind=<JNI global ref>, id=2, trace=300000)
ROOT 50000001 (kind=<JNI global ref>, id=3, trace=300000)
ROOT 50000185 (kind=<JNI global ref>, id=4, trace=300000)
ROOT 50000002 (kind=<JNI global ref>, id=5, trace=300000)
ROOT 50000003 (kind=<JNI global ref>, id=6, trace=300000)
ROOT 5000000f (kind=<JNI global ref>, id=7, trace=300000)
ROOT 50000004 (kind=<JNI global ref>, id=8, trace=300000)
ROOT 50000005 (kind=<JNI global ref>, id=9, trace=300000)
ROOT 500000ee (kind=<JNI global ref>, id=a, trace=300000)
ROOT 50000006 (kind=<JNI global ref>, id=b, trace=300000)
ROOT 50000007 (kind=<JNI global ref>, id=c, trace=300000)
ROOT 50000008 (kind=<JNI global ref>, id=d, trace=300000)
ROOT 50000009 (kind=<JNI global ref>, id=e, trace=300000)
ROOT 5000000a (kind=<JNI global ref>, id=f, trace=300000)
ROOT 5000000b (kind=<JNI global ref>, id=10, trace=300000)
ROOT 5000000c (kind=<JNI global ref>, id=11, trace=300000)
ROOT 5000000d (kind=<JNI global ref>, id=12, trace=300000)
ROOT 5000000e (kind=<JNI global ref>, id=13, trace=300000)
ROOT 50000010 (kind=<JNI global ref>, id=14, trace=300000)
ROOT 50000011 (kind=<JNI global ref>, id=15, trace=300000)
ROOT 50000012 (kind=<JNI global ref>, id=16, trace=300000)
ROOT 50000013 (kind=<JNI global ref>, id=17, trace=300000)
ROOT 50000014 (kind=<JNI global ref>, id=18, trace=300000)
ROOT 50000015 (kind=<JNI global ref>, id=19, trace=300000)
ROOT 50000016 (kind=<JNI global ref>, id=1a, trace=300000)
ROOT 50000017 (kind=<JNI global ref>, id=1b, trace=300000)
ROOT 50000018 (kind=<JNI global ref>, id=1c, trace=300000)
ROOT 50000165 (kind=<JNI global ref>, id=1d, trace=300000)
ROOT 50000019 (kind=<JNI global ref>, id=1e, trace=300000)
ROOT 5000001a (kind=<JNI global ref>, id=1f, trace=300000)
ROOT 5000002d (kind=<JNI global ref>, id=20, trace=300000)
ROOT 5000001b (kind=<JNI global ref>, id=21, trace=300000)
ROOT 5000001c (kind=<JNI global ref>, id=22, trace=300000)
ROOT 5000001f (kind=<JNI global ref>, id=23, trace=300000)
ROOT 5000001d (kind=<JNI global ref>, id=24, trace=300000)
ROOT 5000001e (kind=<JNI global ref>, id=25, trace=300000)
ROOT 50000020 (kind=<JNI global ref>, id=26, trace=300000)
ROOT 50000021 (kind=<JNI global ref>, id=27, trace=300000)
ROOT 50000022 (kind=<JNI global ref>, id=28, trace=300000)
ROOT 50000023 (kind=<JNI global ref>, id=29, trace=300000)
ROOT 50000024 (kind=<JNI global ref>, id=2a, trace=300000)
ROOT 50000025 (kind=<JNI global ref>, id=2b, trace=300000)
ROOT 50000026 (kind=<JNI global ref>, id=2c, trace=300000)
ROOT 50000027 (kind=<JNI global ref>, id=2d, trace=300000)
ROOT 50000028 (kind=<JNI global ref>, id=2e, trace=300000)
ROOT 50000029 (kind=<JNI global ref>, id=2f, trace=300000)
ROOT 5000002a (kind=<JNI global ref>, id=30, trace=300000)
ROOT 500000eb (kind=<JNI global ref>, id=31, trace=300000)
ROOT 5000002b (kind=<JNI global ref>, id=32, trace=300000)
ROOT 5000002c (kind=<JNI global ref>, id=33, trace=300000)
ROOT 5000002e (kind=<JNI global ref>, id=34, trace=300000)
ROOT 5000002f (kind=<JNI global ref>, id=35, trace=300000)
ROOT 50000030 (kind=<JNI global ref>, id=36, trace=300000)
ROOT 50000054 (kind=<JNI global ref>, id=37, trace=300000)
ROOT 50000031 (kind=<JNI global ref>, id=38, trace=300000)
ROOT 50000035 (kind=<JNI global ref>, id=39, trace=300000)
ROOT 50000032 (kind=<JNI global ref>, id=3a, trace=300000)
ROOT 50000033 (kind=<JNI global ref>, id=3b, trace=300000)
ROOT 50000034 (kind=<JNI global ref>, id=3c, trace=300000)
ROOT 50000036 (kind=<JNI global ref>, id=3d, trace=300000)
ROOT 50000037 (kind=<JNI global ref>, id=3e, trace=300000)
ROOT 50000038 (kind=<JNI global ref>, id=3f, trace=300000)
ROOT 50000039 (kind=<JNI global ref>, id=40, trace=300000)
ROOT 5000003a (kind=<JNI global ref>, id=41, trace=300000)
ROOT 5000003b (kind=<JNI global ref>, id=42, trace=300000)
ROOT 5000003c (kind=<JNI global ref>, id=43, trace=300000)
ROOT 5000003d (kind=<JNI global ref>, id=44, trace=300000)
ROOT 5000003e (kind=<JNI global ref>, id=45, trace=300000)
ROOT 5000003f (kind=<JNI global ref>, id=46, trace=300000)
ROOT 50000164 (kind=<JNI global ref>, id=47, trace=300000)
ROOT 50000040 (kind=<JNI global ref>, id=48, trace=300000)
ROOT 50000041 (kind=<JNI global ref>, id=49, trace=300000)
ROOT 50000042 (kind=<JNI global ref>, id=4a, trace=300000)
ROOT 50000043 (kind=<JNI global ref>, id=4b, trace=300000)
ROOT 50000044 (kind=<JNI global ref>, id=4c, trace=300000)
ROOT 50000045 (kind=<JNI global ref>, id=4d, trace=300000)
ROOT 50000046 (kind=<JNI global ref>, id=4e, trace=300000)
ROOT 50000175 (kind=<JNI global ref>, id=4f, trace=300000)
ROOT 50000047 (kind=<JNI global ref>, id=50, trace=300000)
ROOT 50000048 (kind=<JNI global ref>, id=51, trace=300000)
ROOT 50000049 (kind=<JNI global ref>, id=52, trace=300000)
ROOT 5000004a (kind=<JNI global ref>, id=53, trace=300000)
ROOT 5000004b (kind=<JNI global ref>, id=54, trace=300000)
ROOT 5000004c (kind=<JNI global ref>, id=55, trace=300000)
ROOT 5000004d (kind=<JNI global ref>, id=56, trace=300000)
ROOT 5000004e (kind=<JNI global ref>, id=57, trace=300000)
ROOT 5000004f (kind=<JNI global ref>, id=58, trace=300000)
ROOT 50000050 (kind=<JNI global ref>, id=59, trace=300000)
ROOT 50000051 (kind=<JNI global ref>, id=5a, trace=300000)
ROOT 50000052 (kind=<JNI global ref>, id=5b, trace=300000)
ROOT 50000053 (kind=<JNI global ref>, id=5c, trace=300000)
ROOT 500000d7 (kind=<JNI global ref>, id=5d, trace=300000)
ROOT 50000055 (kind=<JNI global ref>, id=5e, trace=300000)
ROOT 50000056 (kind=<JNI global ref>, id=5f, trace=300000)
ROOT 50000057 (kind=<JNI global ref>, id=60, trace=300000)
ROOT 50000058 (kind=<JNI global ref>, id=61, trace=300000)
ROOT 50000059 (kind=<JNI global ref>, id=62, trace=300000)
ROOT 5000005a (kind=<JNI global ref>, id=63, trace=300000)
ROOT 5000005b (kind=<JNI global ref>, id=64, trace=300000)
ROOT 5000005c (kind=<JNI global ref>, id=65, trace=300000)
ROOT 5000005d (kind=<JNI global ref>, id=66, trace=300000)
ROOT 5000005e (kind=<JNI global ref>, id=67, trace=300000)
ROOT 5000005f (kind=<JNI global ref>, id=68, trace=300000)
ROOT 500000d9 (kind=<JNI global ref>, id=69, trace=300000)
ROOT 50000060 (kind=<JNI global ref>, id=6a, trace=300000)
ROOT 50000061 (kind=<JNI global ref>, id=6b, trace=300000)
ROOT 50000062 (kind=<JNI global ref>, id=6c, trace=300000)
ROOT 50000063 (kind=<JNI global ref>, id=6d, trace=300000)
ROOT 50000064 (kind=<JNI global ref>, id=6e, trace=300000)
ROOT 50000065 (kind=<JNI global ref>, id=6f, trace=300000)
ROOT 50000079 (kind=<JNI global ref>, id=70, trace=300000)
ROOT 50000066 (kind=<JNI global ref>, id=71, trace=300000)
ROOT 50000068 (kind=<JNI global ref>, id=72, trace=300000)
ROOT 50000067 (kind=<JNI global ref>, id=73, trace=300000)
ROOT 50000069 (kind=<JNI global ref>, id=74, trace=300000)
ROOT 5000006a (kind=<JNI global ref>, id=75, trace=300000)
ROOT 5000006b (kind=<JNI global ref>, id=76, trace=300000)
ROOT 50000126 (kind=<JNI global ref>, id=77, trace=300000)
ROOT 5000006c (kind=<JNI global ref>, id=78, trace=300000)
ROOT 5000006d (kind=<JNI global ref>, id=79, trace=300000)
ROOT 5000006e (kind=<JNI global ref>, id=7a, trace=300000)
ROOT 5000006f (kind=<JNI global ref>, id=7b, trace=300000)
ROOT 50000123 (kind=<JNI global ref>, id=7c, trace=300000)
ROOT 50000070 (kind=<JNI global ref>, id=7d, trace=300000)
ROOT 50000071 (kind=<JNI global ref>, id=7e, trace=300000)
ROOT 50000072 (kind=<JNI global ref>, id=7f, trace=300000)
ROOT 50000073 (kind=<JNI global ref>, id=80, trace=300000)
ROOT 50000074 (kind=<JNI global ref>, id=81, trace=300000)
ROOT 50000075 (kind=<JNI global ref>, id=82, trace=300000)
ROOT 50000076 (kind=<JNI global ref>, id=83, trace=300000)
ROOT 50000077 (kind=<JNI global ref>, id=84, trace=300000)
ROOT 50000078 (kind=<JNI global ref>, id=85, trace=300000)
ROOT 5000007a (kind=<JNI global ref>, id=86, trace=300000)
ROOT 500000cf (kind=<JNI global ref>, id=87, trace=300000)
ROOT 5000007b (kind=<JNI global ref>, id=88, trace=300000)
ROOT 5000007d (kind=<JNI global ref>, id=89, trace=300000)
ROOT 5000007c (kind=<JNI global ref>, id=8a, trace=300000)
ROOT 50000086 (kind=<JNI global ref>, id=8b, trace=300000)
ROOT 5000007e (kind=<JNI global ref>, id=8c, trace=300000)
ROOT 5000007f (kind=<JNI global ref>, id=8d, trace=300000)
ROOT 50000080 (kind=<JNI global ref>, id=8e, trace=300000)
ROOT 50000081 (kind=<JNI global ref>, id=8f, trace=300000)
ROOT 50000082 (kind=<JNI global ref>, id=90, trace=300000)
ROOT 50000083 (kind=<JNI global ref>, id=91, trace=300000)
ROOT 50000084 (kind=<JNI global ref>, id=92, trace=300000)
ROOT 50000131 (kind=<JNI global ref>, id=93, trace=300000)
ROOT 50000085 (kind=<JNI global ref>, id=94, trace=300000)
ROOT 50000087 (kind=<JNI global ref>, id=95, trace=300000)
ROOT 50000088 (kind=<JNI global ref>, id=96, trace=300000)
ROOT 50000089 (kind=<JNI global ref>, id=97, trace=300000)
ROOT 5000008a (kind=<JNI global ref>, id=98, trace=300000)
ROOT 5000008b (kind=<JNI global ref>, id=99, trace=300000)
ROOT 5000008c (kind=<JNI global ref>, id=9a, trace=300000)
ROOT 5000008d (kind=<JNI global ref>, id=9b, trace=300000)
ROOT 5000008e (kind=<JNI global ref>, id=9c, trace=300000)
ROOT 5000008f (kind=<JNI global ref>, id=9d, trace=300000)
ROOT 50000090 (kind=<JNI global ref>, id=9e, trace=300000)
ROOT 50000091 (kind=<JNI global ref>, id=9f, trace=300000)
ROOT 50000092 (kind=<JNI global ref>, id=a0, trace=300000)
ROOT 50000093 (kind=<JNI global ref>, id=a1, trace=300000)
ROOT 50000094 (kind=<JNI global ref>, id=a2, trace=300000)
ROOT 50000095 (kind=<JNI global ref>, id=a3, trace=300000)
ROOT 50000096 (kind=<JNI global ref>, id=a4, trace=300000)
ROOT 50000097 (kind=<JNI global ref>, id=a5, trace=300000)
ROOT 50000098 (kind=<JNI global ref>, id=a6, trace=300000)
ROOT 50000099 (kind=<JNI global ref>, id=a7, trace=300000)
ROOT 5000009a (kind=<JNI global ref>, id=a8, trace=300000)
ROOT 5000009b (kind=<JNI global ref>, id=a9, trace=300000)
ROOT 5000009c (kind=<JNI global ref>, id=aa, trace=300000)
ROOT 5000009d (kind=<JNI global ref>, id=ab, trace=300000)
ROOT 5000009e (kind=<JNI global ref>, id=ac, trace=300000)
ROOT 5000009f (kind=<JNI global ref>, id=ad, trace=300000)
ROOT 500000a0 (kind=<JNI global ref>, id=ae, trace=300000)
ROOT 500000a1 (kind=<JNI global ref>, id=af, trace=300000)
ROOT 500000a2 (kind=<JNI global ref>, id=b0, trace=300000)
ROOT 500000a3 (kind=<JNI global ref>, id=b1, trace=300000)
ROOT 500000a4 (kind=<JNI global ref>, id=b2, trace=300000)
ROOT 500000a5 (kind=<JNI global ref>, id=b3, trace=300000)
ROOT 500000a6 (kind=<JNI global ref>, id=b4, trace=300000)
ROOT 500000a7 (kind=<JNI global ref>, id=b5, trace=300000)
ROOT 500000a8 (kind=<JNI global ref>, id=b6, trace=300000)
ROOT 500000a9 (kind=<JNI global ref>, id=b7, trace=300000)
ROOT 500000aa (kind=<JNI global ref>, id=b8, trace=300000)
ROOT 500000ab (kind=<JNI global ref>, id=b9, trace=300000)
ROOT 5000014c (kind=<JNI global ref>, id=ba, trace=300000)
ROOT 500000ac (kind=<JNI global ref>, id=bb, trace=300000)
ROOT 500000ad (kind=<JNI global ref>, id=bc, trace=300000)
ROOT 500000ae (kind=<JNI global ref>, id=bd, trace=300000)
ROOT 500000af (kind=<JNI global ref>, id=be, trace=300000)
ROOT 500000b0 (kind=<JNI global ref>, id=bf, trace=300000)
ROOT 500000b1 (kind=<JNI global ref>, id=c0, trace=300000)
ROOT 500000b2 (kind=<JNI global ref>, id=c1, trace=300000)
ROOT 500000ce (kind=<JNI global ref>, id=c2, trace=300000)
ROOT 500000b3 (kind=<JNI global ref>, id=c3, trace=300000)
ROOT 500000b4 (kind=<JNI global ref>, id=c4, trace=300000)
ROOT 500000b5 (kind=<JNI global ref>, id=c5, trace=300000)
ROOT 500000b6 (kind=<JNI global ref>, id=c6, trace=300000)
ROOT 500000b7 (kind=<JNI global ref>, id=c7, trace=300000)
ROOT 500000b8 (kind=<JNI global ref>, id=c8, trace=300000)
ROOT 500000b9 (kind=<JNI global ref>, id=c9, trace=300000)
ROOT 500000ba (kind=<JNI global ref>, id=ca, trace=300000)
ROOT 500000bb (kind=<JNI global ref>, id=cb, trace=300000)
ROOT 500000bc (kind=<JNI global ref>, id=cc, trace=300000)
ROOT 500000bd (kind=<JNI global ref>, id=cd, trace=300000)
ROOT 500000be (kind=<JNI global ref>, id=ce, trace=300000)
ROOT 500000bf (kind=<JNI global ref>, id=cf, trace=300000)
ROOT 500000c0 (kind=<JNI global ref>, id=d0, trace=300000)
ROOT 500000c1 (kind=<JNI global ref>, id=d1, trace=300000)
ROOT 500000c2 (kind=<JNI global ref>, id=d2, trace=300000)
ROOT 500000c3 (kind=<JNI global ref>, id=d3, trace=300000)
ROOT 500000c4 (kind=<JNI global ref>, id=d4, trace=300000)
ROOT 500000c5 (kind=<JNI global ref>, id=d5, trace=300000)
ROOT 500000c6 (kind=<JNI global ref>, id=d6, trace=300000)
ROOT 500000c7 (kind=<JNI global ref>, id=d7, trace=300000)
ROOT 500000c8 (kind=<JNI global ref>, id=d8, trace=300000)
ROOT 500000cb (kind=<JNI global ref>, id=d9, trace=300000)
ROOT 500000c9 (kind=<JNI global ref>, id=da, trace=300000)
ROOT 500000ca (kind=<JNI global ref>, id=db, trace=300000)
ROOT 500000cc (kind=<JNI global ref>, id=dc, trace=300000)
ROOT 500000cd (kind=<JNI global ref>, id=dd, trace=300000)
ROOT 500000d0 (kind=<JNI global ref>, id=de, trace=300000)
ROOT 5000015e (kind=<JNI global ref>, id=df, trace=300000)
ROOT 500000d1 (kind=<JNI global ref>, id=e0, trace=300000)
ROOT 500000d2 (kind=<JNI global ref>, id=e1, trace=300000)
ROOT 500000d3 (kind=<JNI global ref>, id=e2, trace=300000)
ROOT 500000d4 (kind=<JNI global ref>, id=e3, trace=300000)
ROOT 500000d5 (kind=<JNI global ref>, id=e4, trace=300000)
ROOT 500000d6 (kind=<JNI global ref>, id=e5, trace=300000)
ROOT 500000d8 (kind=<JNI global ref>, id=e6, trace=300000)
ROOT 500000da (kind=<JNI global ref>, id=e7, trace=300000)
ROOT 500000db (kind=<JNI global ref>, id=e8, trace=300000)
ROOT 500000dc (kind=<JNI global ref>, id=e9, trace=300000)
ROOT 500000dd (kind=<JNI global ref>, id=ea, trace=300000)
ROOT 500000de (kind=<JNI global ref>, id=eb, trace=300000)
ROOT 5000016e (kind=<JNI global ref>, id=ec, trace=300000)
ROOT 500000df (kind=<JNI global ref>, id=ed, trace=300000)
ROOT 500000e0 (kind=<JNI global ref>, id=ee, trace=300000)
ROOT 500000e1 (kind=<JNI global ref>, id=ef, trace=300000)
ROOT 500000e2 (kind=<JNI global ref>, id=f0, trace=300000)
ROOT 500000e3 (kind=<JNI global ref>, id=f1, trace=300000)
ROOT 500000e4 (kind=<JNI global ref>, id=f2, trace=300000)
ROOT 500000e5 (kind=<JNI global ref>, id=f3, trace=300000)
ROOT 500000e6 (kind=<JNI global ref>, id=f4, trace=300000)
ROOT 500000e7 (kind=<JNI global ref>, id=f5, trace=300000)
ROOT 500000e8 (kind=<JNI global ref>, id=f6, trace=300000)
ROOT 500000e9 (kind=<JNI global ref>, id=f7, trace=300000)
ROOT 500000ea (kind=<JNI global ref>, id=f8, trace=300000)
ROOT 500000ec (kind=<JNI global ref>, id=f9, trace=300000)
ROOT 500000f8 (kind=<JNI global ref>, id=fa, trace=300000)
ROOT 500000ed (kind=<JNI global ref>, id=fb, trace=300000)
ROOT 500000f9 (kind=<JNI global ref>, id=fc, trace=300000)
ROOT 500000ef (kind=<JNI global ref>, id=fd, trace=300000)
ROOT 500000f0 (kind=<JNI global ref>, id=fe, trace=300000)
ROOT 500000f1 (kind=<JNI global ref>, id=ff, trace=300000)
ROOT 500000f2 (kind=<JNI global ref>, id=100, trace=300000)
ROOT 50000176 (kind=<JNI global ref>, id=101, trace=300000)
ROOT 500000f3 (kind=<JNI global ref>, id=102, trace=300000)
ROOT 500000f4 (kind=<JNI global ref>, id=103, trace=300000)
ROOT 500000f5 (kind=<JNI global ref>, id=104, trace=300000)
ROOT 500000f6 (kind=<JNI global ref>, id=105, trace=300000)
ROOT 500000f7 (kind=<JNI global ref>, id=106, trace=300000)
ROOT 500000fa (kind=<JNI global ref>, id=107, trace=300000)
ROOT 500000fb (kind=<JNI global ref>, id=108, trace=300000)
ROOT 500000fc (kind=<JNI global ref>, id=109, trace=300000)
ROOT 500000fd (kind=<JNI global ref>, id=10a, trace=300000)
ROOT 500000fe (kind=<JNI global ref>, id=10b, trace=300000)
ROOT 500000ff (kind=<JNI global ref>, id=10c, trace=300000)
ROOT 50000100 (kind=<JNI global ref>, id=10d, trace=300000)
ROOT 50000101 (kind=<JNI global ref>, id=10e, trace=300000)
ROOT 50000102 (kind=<JNI global ref>, id=10f, trace=300000)
ROOT 50000105 (kind=<JNI global ref>, id=110, trace=300000)
ROOT 50000103 (kind=<JNI global ref>, id=111, trace=300000)
ROOT 50000104 (kind=<JNI global ref>, id=112, trace=300000)
ROOT 50000106 (kind=<JNI global ref>, id=113, trace=300000)
ROOT 50000107 (kind=<JNI global ref>, id=114, trace=300000)
ROOT 50000108 (kind=<JNI global ref>, id=115, trace=300000)
ROOT 50000109 (kind=<JNI global ref>, id=116, trace=300000)
ROOT 5000010a (kind=<JNI global ref>, id=117, trace=300000)
ROOT 5000010b (kind=<JNI global ref>, id=118, trace=300000)
ROOT 5000010c (kind=<JNI global ref>, id=119, trace=300000)
ROOT 5000010d (kind=<JNI global ref>, id=11a, trace=300000)
ROOT 5000010e (kind=<JNI global ref>, id=11b, trace=300000)
ROOT 5000010f (kind=<JNI global ref>, id=11c, trace=300000)
ROOT 50000110 (kind=<JNI global ref>, id=11d, trace=300000)
ROOT 50000111 (kind=<JNI global ref>, id=11e, trace=300000)
ROOT 50000112 (kind=<JNI global ref>, id=11f, trace=300000)
ROOT 50000113 (kind=<JNI global ref>, id=120, trace=300000)
ROOT 50000114 (kind=<JNI global ref>, id=121, trace=300000)
ROOT 50000115 (kind=<JNI global ref>, id=122, trace=300000)
ROOT 50000116 (kind=<JNI global ref>, id=123, trace=300000)
ROOT 50000117 (kind=<JNI global ref>, id=124, trace=300000)
ROOT 50000118 (kind=<JNI global ref>, id=125, trace=300000)
ROOT 50000119 (kind=<JNI global ref>, id=126, trace=300000)
ROOT 5000011a (kind=<JNI global ref>, id=127, trace=300000)
ROOT 5000011b (kind=<JNI global ref>, id=128, trace=300000)
ROOT 5000011c (kind=<JNI global ref>, id=129, trace=300000)
ROOT 5000011d (kind=<JNI global ref>, id=12a, trace=300000)
ROOT 5000011e (kind=<JNI global ref>, id=12b, trace=300000)
ROOT 5000011f (kind=<JNI global ref>, id=12c, trace=300000)
ROOT 50000120 (kind=<JNI global ref>, id=12d, trace=300000)
ROOT 50000121 (kind=<JNI global ref>, id=12e, trace=300000)
ROOT 50000122 (kind=<JNI global ref>, id=12f, trace=300000)
ROOT 50000124 (kind=<JNI global ref>, id=130, trace=300000)
ROOT 50000125 (kind=<JNI global ref>, id=131, trace=300000)
ROOT 50000127 (kind=<JNI global ref>, id=132, trace=300000)
ROOT 50000128 (kind=<JNI global ref>, id=133, trace=300000)
ROOT 50000129 (kind=<JNI global ref>, id=134, trace=300000)
ROOT 5000012e (kind=<JNI global ref>, id=135, trace=300000)
ROOT 5000012a (kind=<JNI global ref>, id=136, trace=300000)
ROOT 5000012b (kind=<JNI global ref>, id=137, trace=300000)
ROOT 5000012c (kind=<JNI global ref>, id=138, trace=300000)
ROOT 5000012d (kind=<JNI global ref>, id=139, trace=300000)
ROOT 50000171 (kind=<JNI global ref>, id=13a, trace=300000)
ROOT 5000012f (kind=<JNI global ref>, id=13b, trace=300000)
ROOT 50000130 (kind=<JNI global ref>, id=13c, trace=300000)
ROOT 50000132 (kind=<JNI global ref>, id=13d, trace=300000)
ROOT 50000133 (kind=<JNI global ref>, id=13e, trace=300000)
ROOT 50000134 (kind=<JNI global ref>, id=13f, trace=300000)
ROOT 50000135 (kind=<JNI global ref>, id=140, trace=300000)
ROOT 50000137 (kind=<JNI global ref>, id=141, trace=300000)
ROOT 50000136 (kind=<JNI global ref>, id=142, trace=300000)
ROOT 50000138 (kind=<JNI global ref>, id=143, trace=300000)
ROOT 50000139 (kind=<JNI global ref>, id=144, trace=300000)
ROOT 5000013c (kind=<JNI global ref>, id=145, trace=300000)
ROOT 5000013a (kind=<JNI global ref>, id=146, trace=300000)
ROOT 5000013b (kind=<JNI global ref>, id=147, trace=300000)
ROOT 5000013d (kind=<JNI global ref>, id=148, trace=300000)
ROOT 5000013e (kind=<JNI global ref>, id=149, trace=300000)
ROOT 5000013f (kind=<JNI global ref>, id=14a, trace=300000)
ROOT 50000140 (kind=<JNI global ref>, id=14b, trace=300000)
ROOT 50000141 (kind=<JNI global ref>, id=14c, trace=300000)
ROOT 50000142 (kind=<JNI global ref>, id=14d, trace=300000)
ROOT 50000143 (kind=<JNI global ref>, id=14e, trace=300000)
ROOT 50000144 (kind=<JNI global ref>, id=14f, trace=300000)
ROOT 50000145 (kind=<JNI global ref>, id=150, trace=300000)
ROOT 50000146 (kind=<JNI global ref>, id=151, trace=300000)
ROOT 50000147 (kind=<JNI global ref>, id=152, trace=300000)
ROOT 50000148 (kind=<JNI global ref>, id=153, trace=300000)
ROOT 50000150 (kind=<JNI global ref>, id=154, trace=300000)
ROOT 50000149 (kind=<JNI global ref>, id=155, trace=300000)
ROOT 5000014a (kind=<JNI global ref>, id=156, trace=300000)
ROOT 5000014b (kind=<JNI global ref>, id=157, trace=300000)
ROOT 5000017b (kind=<JNI global ref>, id=158, trace=300000)
ROOT 5000014d (kind=<JNI global ref>, id=159, trace=300000)
ROOT 5000014e (kind=<JNI global ref>, id=15a, trace=300000)
ROOT 5000014f (kind=<JNI global ref>, id=15b, trace=300000)
ROOT 50000151 (kind=<JNI global ref>, id=15c, trace=300000)
ROOT 50000153 (kind=<JNI global ref>, id=15d, trace=300000)
ROOT 50000152 (kind=<JNI global ref>, id=15e, trace=300000)
ROOT 50000157 (kind=<JNI global ref>, id=15f, trace=300000)
ROOT 50000154 (kind=<JNI global ref>, id=160, trace=300000)
ROOT 50000155 (kind=<JNI global ref>, id=161, trace=300000)
ROOT 50000156 (kind=<JNI global ref>, id=162, trace=300000)
ROOT 50000158 (kind=<JNI global ref>, id=163, trace=300000)
ROOT 50000159 (kind=<JNI global ref>, id=164, trace=300000)
ROOT 5000015a (kind=<JNI global ref>, id=165, trace=300000)
ROOT 5000015b (kind=<JNI global ref>, id=166, trace=300000)
ROOT 5000015c (kind=<JNI global ref>, id=167, trace=300000)
ROOT 5000015d (kind=<JNI global ref>, id=168, trace=300000)
ROOT 5000015f (kind=<JNI global ref>, id=169, trace=300000)
ROOT 50000160 (kind=<JNI global ref>, id=16a, trace=300000)
ROOT 50000163 (kind=<JNI global ref>, id=16b, trace=300000)
ROOT 50000161 (kind=<JNI global ref>, id=16c, trace=300000)
ROOT 50000162 (kind=<JNI global ref>, id=16d, trace=300000)
ROOT 50000166 (kind=<JNI global ref>, id=16e, trace=300000)
ROOT 50000167 (kind=<JNI global ref>, id=16f, trace=300000)
ROOT 50000168 (kind=<JNI global ref>, id=170, trace=300000)
ROOT 5000016a (kind=<JNI global ref>, id=171, trace=300000)
ROOT 50000169 (kind=<JNI global ref>, id=172, trace=300000)
ROOT 50000178 (kind=<JNI global ref>, id=173, trace=300000)
ROOT 5000016b (kind=<JNI global ref>, id=174, trace=300000)
ROOT 5000016c (kind=<JNI global ref>, id=175, trace=300000)
ROOT 5000016d (kind=<JNI global ref>, id=176, trace=300000)
ROOT 5000016f (kind=<JNI global ref>, id=177, trace=300000)
ROOT 50000170 (kind=<JNI global ref>, id=178, trace=300000)
ROOT 50000172 (kind=<JNI global ref>, id=179, trace=300000)
ROOT 50000173 (kind=<JNI global ref>, id=17a, trace=300000)
ROOT 50000174 (kind=<JNI global ref>, id=17b, trace=300000)
ROOT 50000179 (kind=<JNI global ref>, id=17c, trace=300000)
ROOT 50000177 (kind=<JNI global ref>, id=17d, trace=300000)
ROOT 5000017a (kind=<JNI global ref>, id=17e, trace=300000)
ROOT 5000017c (kind=<JNI global ref>, id=17f, trace=300000)
ROOT 5000017d (kind=<JNI global ref>, id=180, trace=300000)
ROOT 5000017e (kind=<JNI global ref>, id=181, trace=300000)
ROOT 5000017f (kind=<JNI global ref>, id=182, trace=300000)
ROOT 50000180 (kind=<JNI global ref>, id=183, trace=300000)
ROOT 50000181 (kind=<JNI global ref>, id=184, trace=300000)
ROOT 50000182 (kind=<JNI global ref>, id=185, trace=300000)
ROOT 50000183 (kind=<JNI global ref>, id=186, trace=300000)
ROOT 50000184 (kind=<JNI global ref>, id=187, trace=300000)
ROOT 50000186 (kind=<JNI global ref>, id=188, trace=300000)
ROOT 50000187 (kind=<JNI global ref>, id=189, trace=300000)
ROOT 50000188 (kind=<JNI global ref>, id=18a, trace=300000)
ROOT 50000189 (kind=<JNI global ref>, id=18b, trace=300000)
ROOT 5000018a (kind=<JNI global ref>, id=18c, trace=300000)
ROOT 5000018b (kind=<JNI global ref>, id=18d, trace=300000)
ROOT 5000018c (kind=<JNI global ref>, id=18e, trace=300000)
ROOT 5000018d (kind=<JNI global ref>, id=18f, trace=300000)
ROOT 50000195 (kind=<JNI global ref>, id=190, trace=300003)
ROOT 50000198 (kind=<JNI global ref>, id=191, trace=300006)
ROOT 500001a1 (kind=<JNI global ref>, id=192, trace=300014)
ROOT 500001a2 (kind=<JNI global ref>, id=193, trace=300014)
ROOT 500001a4 (kind=<JNI global ref>, id=194, trace=300016)
ROOT 500001a6 (kind=<JNI global ref>, id=195, trace=300018)
ROOT 500001aa (kind=<JNI global ref>, id=196, trace=300021)
ROOT 500001ab (kind=<JNI global ref>, id=197, trace=300021)
ROOT 500001ac (kind=<JNI global ref>, id=198, trace=300022)
ROOT 500001ad (kind=<JNI global ref>, id=199, trace=300023)
ROOT 500001b2 (kind=<JNI global ref>, id=19a, trace=300027)
ROOT 500001b4 (kind=<JNI global ref>, id=19b, trace=300029)
ROOT 500001b8 (kind=<JNI global ref>, id=19c, trace=300033)
ROOT 500001ba (kind=<JNI global ref>, id=19d, trace=300035)
ROOT 500001bc (kind=<JNI global ref>, id=19e, trace=300037)
ROOT 500001c3 (kind=<JNI global ref>, id=19f, trace=300000)
ROOT 500001c4 (kind=<JNI global ref>, id=1a0, trace=300042)
ROOT 500001c6 (kind=<JNI global ref>, id=1a1, trace=300044)
ROOT 500001cb (kind=<JNI global ref>, id=1a2, trace=300046)
ROOT 500001d4 (kind=<JNI global ref>, id=1a3, trace=300053)
ROOT 500001e2 (kind=<JNI global ref>, id=1a4, trace=300065)
ROOT 500001e4 (kind=<JNI global ref>, id=1a5, trace=300067)
ROOT 500001e5 (kind=<JNI global ref>, id=1a6, trace=300068)
ROOT 500001e7 (kind=<JNI global ref>, id=1a7, trace=300070)
ROOT 500001ea (kind=<JNI global ref>, id=1a8, trace=300073)
ROOT 500002f0 (kind=<JNI global ref>, id=1a9, trace=300084)
ROOT 500002f1 (kind=<JNI global ref>, id=1aa, trace=300085)
ROOT 500002f4 (kind=<JNI global ref>, id=1ab, trace=300088)
ROOT 500002f6 (kind=<JNI global ref>, id=1ac, trace=300090)
ROOT 500002f7 (kind=<JNI global ref>, id=1ad, trace=300090)
ROOT 500002f9 (kind=<JNI global ref>, id=1ae, trace=300092)
ROOT 5000036d (kind=<JNI global ref>, id=1af, trace=300104)
ROOT 500003a1 (kind=<JNI global ref>, id=1b0, trace=300147)
ROOT 500003a2 (kind=<JNI global ref>, id=1b1, trace=300147)
ROOT 500003ad (kind=<JNI global ref>, id=1b2, trace=300157)
ROOT 500003b4 (kind=<JNI global ref>, id=1b3, trace=300164)
ROOT 500003b7 (kind=<JNI global ref>, id=1b4, trace=300000)
ROOT 500003b9 (kind=<JNI global ref>, id=1b5, trace=300167)
ROOT 500003c5 (kind=<JNI global ref>, id=1b6, trace=300176)
ROOT 500003c9 (kind=<JNI global ref>, id=1b7, trace=300180)
ROOT 500003cf (kind=<JNI global ref>, id=1b8, trace=300185)
ROOT 500003d1 (kind=<JNI global ref>, id=1b9, trace=300187)
ROOT 500003d2 (kind=<JNI global ref>, id=1ba, trace=300187)
ROOT 500003d3 (kind=<JNI global ref>, id=1bb, trace=300188)
ROOT 500003d4 (kind=<JNI global ref>, id=1bc, trace=300188)
ROOT 500003d5 (kind=<JNI global ref>, id=1bd, trace=300189)
ROOT 500003d6 (kind=<JNI global ref>, id=1be, trace=300189)
ROOT 500003eb (kind=<JNI global ref>, id=1bf, trace=300208)
ROOT 500003ec (kind=<JNI global ref>, id=1c0, trace=300209)
ROOT 500003ed (kind=<JNI global ref>, id=1c1, trace=300209)
ROOT 500003f0 (kind=<JNI global ref>, id=1c2, trace=300212)
ROOT 500003f5 (kind=<JNI global ref>, id=1c3, trace=300217)
ROOT 500005cb (kind=<JNI global ref>, id=1c4, trace=300237)
ROOT 500005f7 (kind=<JNI global ref>, id=1c5, trace=300265)
ROOT 500005f8 (kind=<JNI global ref>, id=1c6, trace=300265)
ROOT 500005fe (kind=<JNI global ref>, id=1c7, trace=300270)
ROOT 50000603 (kind=<JNI global ref>, id=1c8, trace=300275)
ROOT 50000604 (kind=<JNI global ref>, id=1c9, trace=300276)
ROOT 50000606 (kind=<JNI global ref>, id=1ca, trace=300278)
ROOT 50000608 (kind=<JNI global ref>, id=1cb, trace=300280)
ROOT 5000060a (kind=<JNI global ref>, id=1cc, trace=300282)
ROOT 5000060b (kind=<JNI global ref>, id=1cd, trace=300282)
ROOT 5000060c (kind=<JNI global ref>, id=1ce, trace=300282)
ROOT 50000126 (kind=<JNI global ref>, id=1cf, trace=300000)
ROOT 5000060a (kind=<JNI global ref>, id=1d0, trace=300282)
ROOT 5000060c (kind=<JNI global ref>, id=1d1, trace=300282)
ROOT 5000060f (kind=<JNI global ref>, id=1d2, trace=300285)
ROOT 50000610 (kind=<JNI global ref>, id=1d3, trace=300285)
ROOT 50000621 (kind=<JNI global ref>, id=1d4, trace=300292)
ROOT 50000622 (kind=<JNI global ref>, id=1d5, trace=300292)
ROOT 50000648 (kind=<JNI global ref>, id=1d6, trace=300312)
ROOT 50000649 (kind=<JNI global ref>, id=1d7, trace=300312)
ROOT 5000064a (kind=<JNI global ref>, id=1d8, trace=300312)
ROOT 5000064f (kind=<JNI global ref>, id=1d9, trace=300317)
ROOT 50000653 (kind=<JNI global ref>, id=1da, trace=300321)
ROOT 50000657 (kind=<JNI global ref>, id=1db, trace=300325)
ROOT 5000066f (kind=<JNI global ref>, id=1dc, trace=300336)
ROOT 50000683 (kind=<JNI global ref>, id=1dd, trace=300342)
ROOT 50000684 (kind=<JNI global ref>, id=1de, trace=300343)
ROOT 50000686 (kind=<JNI global ref>, id=1df, trace=300345)
ROOT 500006b8 (kind=<JNI global ref>, id=1e0, trace=300360)
ROOT 500006b9 (kind=<JNI global ref>, id=1e1, trace=300361)
ROOT 500006bb (kind=<JNI global ref>, id=1e2, trace=300363)
ROOT 500006bc (kind=<JNI global ref>, id=1e3, trace=300364)
ROOT 500006bd (kind=<JNI global ref>, id=1e4, trace=300365)
ROOT 500006c2 (kind=<JNI global ref>, id=1e5, trace=300370)
ROOT 500006c3 (kind=<JNI global ref>, id=1e6, trace=300371)
ROOT 500006c6 (kind=<JNI global ref>, id=1e7, trace=300374)
ROOT 500006c8 (kind=<JNI global ref>, id=1e8, trace=300376)
ROOT 500006ca (kind=<JNI global ref>, id=1e9, trace=300378)
ROOT 500006cc (kind=<JNI global ref>, id=1ea, trace=300380)
ROOT 500006cd (kind=<JNI global ref>, id=1eb, trace=300380)
ROOT 500006d5 (kind=<JNI global ref>, id=1ec, trace=300386)
ROOT 500006d7 (kind=<JNI global ref>, id=1ed, trace=300387)
ROOT 500006d8 (kind=<JNI global ref>, id=1ee, trace=300388)
ROOT 5000093c (kind=<JNI global ref>, id=1ef, trace=300473)
ROOT 5000093e (kind=<JNI global ref>, id=1f0, trace=300475)
ROOT 50000940 (kind=<JNI global ref>, id=1f1, trace=300477)
ROOT 50000942 (kind=<JNI global ref>, id=1f2, trace=300479)
ROOT 50000944 (kind=<JNI global ref>, id=1f3, trace=300481)
ROOT 500009bf (kind=<JNI global ref>, id=1f4, trace=300483)
ROOT 500009c1 (kind=<JNI global ref>, id=1f5, trace=300485)
ROOT 500009d6 (kind=<JNI global ref>, id=1f6, trace=300495)
ROOT 50000ab9 (kind=<JNI global ref>, id=1f7, trace=300498)
ROOT 50000abb (kind=<JNI global ref>, id=1f8, trace=300500)
ROOT 50000abc (kind=<JNI global ref>, id=1f9, trace=300501)
ROOT 50000acc (kind=<JNI global ref>, id=1fa, trace=300515)
ROOT 50000ace (kind=<JNI global ref>, id=1fb, trace=300517)
ROOT 50000ad8 (kind=<JNI global ref>, id=1fc, trace=300523)
ROOT 50000add (kind=<JNI global ref>, id=1fd, trace=300528)
ROOT 50000adf (kind=<JNI global ref>, id=1fe, trace=300530)
ROOT 50000ae0 (kind=<JNI global ref>, id=1ff, trace=300530)
ROOT 50000ae2 (kind=<JNI global ref>, id=200, trace=300532)
ROOT 50000ae3 (kind=<JNI global ref>, id=201, trace=300532)
ROOT 50000ae4 (kind=<JNI global ref>, id=202, trace=300532)
ROOT 50000ae5 (kind=<JNI global ref>, id=203, trace=300532)
ROOT 50000af8 (kind=<JNI global ref>, id=204, trace=300546)
ROOT 50000b25 (kind=<JNI global ref>, id=205, trace=300556)
ROOT 50000b26 (kind=<JNI global ref>, id=206, trace=300556)
ROOT 50000b30 (kind=<JNI global ref>, id=207, trace=300560)
ROOT 50000b9e (kind=<JNI global ref>, id=208, trace=300572)
ROOT 50000b9f (kind=<JNI global ref>, id=209, trace=300573)
ROOT 50000ba0 (kind=<JNI global ref>, id=20a, trace=300573)
ROOT 50000baa (kind=<JNI global ref>, id=20b, trace=300579)
ROOT 50000bae (kind=<JNI global ref>, id=20c, trace=300580)
ROOT 50000bb9 (kind=<JNI global ref>, id=20d, trace=300147)
ROOT 50000bcf (kind=<JNI global ref>, id=20e, trace=300147)
ROOT 50000be1 (kind=<JNI global ref>, id=20f, trace=300147)
ROOT 50000bf3 (kind=<JNI global ref>, id=210, trace=300147)
ROOT 50000c03 (kind=<JNI global ref>, id=211, trace=300592)
ROOT 50000c06 (kind=<JNI global ref>, id=212, trace=300595)
ROOT 50000c1b (kind=<JNI global ref>, id=213, trace=300606)
ROOT 50000c22 (kind=<JNI global ref>, id=214, trace=300610)
ROOT 50000c53 (kind=<JNI global ref>, id=215, trace=300653)
ROOT 50000c55 (kind=<JNI global ref>, id=216, trace=300655)
ROOT 50000c56 (kind=<JNI global ref>, id=217, trace=300655)
ROOT 50000c5b (kind=<JNI global ref>, id=218, trace=300660)
ROOT 50000c5e (kind=<JNI global ref>, id=219, trace=300662)
ROOT 50000c62 (kind=<JNI global ref>, id=21a, trace=300665)
ROOT 50000c64 (kind=<JNI global ref>, id=21b, trace=300667)
ROOT 50000c65 (kind=<JNI global ref>, id=21c, trace=300667)
ROOT 50000c6c (kind=<JNI global ref>, id=21d, trace=300673)
ROOT 50000ce6 (kind=<JNI global ref>, id=21e, trace=300682)
ROOT 50000ce8 (kind=<JNI global ref>, id=21f, trace=300684)
ROOT 50000d17 (kind=<JNI global ref>, id=220, trace=300556)
ROOT 50000ded (kind=<JNI global ref>, id=221, trace=300698)
ROOT 50000e17 (kind=<JNI global ref>, id=222, trace=300720)
ROOT 50000e18 (kind=<JNI global ref>, id=223, trace=300720)
ROOT 50000e1e (kind=<JNI global ref>, id=224, trace=300726)
ROOT 50000e22 (kind=<JNI global ref>, id=225, trace=300729)
ROOT 50000e25 (kind=<JNI global ref>, id=226, trace=300732)
ROOT 50000e27 (kind=<JNI global ref>, id=227, trace=300733)
ROOT 50000e33 (kind=<JNI global ref>, id=228, trace=300739)
ROOT 50000e42 (kind=<JNI global ref>, id=229, trace=300751)
ROOT 50000e44 (kind=<JNI global ref>, id=22a, trace=300753)
ROOT 50000e46 (kind=<JNI global ref>, id=22b, trace=300755)
ROOT 50000e47 (kind=<JNI global ref>, id=22c, trace=300755)
ROOT 50000e48 (kind=<JNI global ref>, id=22d, trace=300755)
ROOT 50000e57 (kind=<JNI global ref>, id=22e, trace=300765)
ROOT 50000e59 (kind=<JNI global ref>, id=22f, trace=300767)
ROOT 50000e5c (kind=<JNI global ref>, id=230, trace=300000)
ROOT 50000e5d (kind=<JNI global ref>, id=231, trace=300000)
ROOT 50000e6b (kind=<unknown>)
ROOT 50000e6c (kind=<unknown>)
ROOT 50000e6d (kind=<unknown>)
ROOT 50000e6e (kind=<unknown>)
ROOT 50000e6f (kind=<unknown>)
ROOT 50000e70 (kind=<unknown>)
ROOT 50000e71 (kind=<unknown>)
ROOT 50000e72 (kind=<unknown>)
ROOT 50000e73 (kind=<unknown>)
ROOT 50000e74 (kind=<unknown>)
ROOT 50000e75 (kind=<unknown>)
ROOT 50000e76 (kind=<unknown>)
ROOT 50000e77 (kind=<unknown>)
ROOT 50000e78 (kind=<unknown>)
ROOT 50000e79 (kind=<unknown>)
ROOT 50000e7a (kind=<unknown>)
ROOT 50000e7b (kind=<unknown>)
ROOT 50000e7c (kind=<unknown>)
ROOT 50000e7d (kind=<unknown>)
ROOT 50000e7e (kind=<unknown>)
ROOT 50000e7f (kind=<unknown>)
ROOT 50000e80 (kind=<unknown>)
ROOT 50000e81 (kind=<unknown>)
ROOT 50000e82 (kind=<unknown>)
ROOT 50000e83 (kind=<unknown>)
ROOT 50000e84 (kind=<unknown>)
ROOT 50000e85 (kind=<unknown>)
ROOT 50000e86 (kind=<unknown>)
ROOT 50000e87 (kind=<unknown>)
ROOT 50000e88 (kind=<unknown>)
ROOT 50000e89 (kind=<unknown>)
ROOT 50000e8a (kind=<unknown>)
ROOT 50000e8b (kind=<unknown>)
ROOT 50000e8c (kind=<unknown>)
ROOT 50000e8d (kind=<unknown>)
ROOT 50000e8e (kind=<unknown>)
ROOT 50000e8f (kind=<unknown>)
ROOT 50000e90 (kind=<unknown>)
ROOT 50000e91 (kind=<unknown>)
ROOT 50000e92 (kind=<unknown>)
ROOT 50000e93 (kind=<unknown>)
ROOT 50000e94 (kind=<unknown>)
ROOT 50000e95 (kind=<unknown>)
ROOT 50000e96 (kind=<unknown>)
ROOT 50000e97 (kind=<unknown>)
ROOT 50000e98 (kind=<unknown>)
ROOT 50000e99 (kind=<unknown>)
ROOT 50000e9a (kind=<unknown>)
ROOT 50000e9b (kind=<unknown>)
ROOT 50000e9c (kind=<unknown>)
ROOT 50000e9d (kind=<unknown>)
ROOT 50000e9e (kind=<unknown>)
ROOT 50000e9f (kind=<unknown>)
ROOT 50000ea0 (kind=<unknown>)
ROOT 50000ea1 (kind=<unknown>)
ROOT 50000ea2 (kind=<unknown>)
ROOT 50000ea3 (kind=<unknown>)
ROOT 50000ea4 (kind=<unknown>)
ROOT 50000ea5 (kind=<unknown>)
ROOT 50000ea6 (kind=<unknown>)
ROOT 50000ea7 (kind=<unknown>)
ROOT 50000ea8 (kind=<unknown>)
ROOT 50000ea9 (kind=<unknown>)
ROOT 50000eaa (kind=<unknown>)
ROOT 50000eab (kind=<unknown>)
ROOT 50000eac (kind=<unknown>)
ROOT 50000ead (kind=<unknown>)
ROOT 50000eae (kind=<unknown>)
ROOT 50000eaf (kind=<unknown>)
ROOT 50000eb0 (kind=<unknown>)
ROOT 50000eb1 (kind=<unknown>)
ROOT 50000eb2 (kind=<unknown>)
ROOT 50000eb3 (kind=<unknown>)
ROOT 50000eb4 (kind=<unknown>)
ROOT 50000eb5 (kind=<unknown>)
ROOT 50000eb6 (kind=<unknown>)
ROOT 50000eb7 (kind=<unknown>)
ROOT 50000eb8 (kind=<unknown>)
ROOT 50000eb9 (kind=<unknown>)
ROOT 50000eba (kind=<unknown>)
ROOT 50000ebb (kind=<unknown>)
ROOT 50000ebc (kind=<unknown>)
ROOT 50000ebd (kind=<unknown>)
ROOT 50000ebe (kind=<unknown>)
ROOT 50000ebf (kind=<unknown>)
ROOT 50000ec0 (kind=<unknown>)
ROOT 50000ec1 (kind=<unknown>)
ROOT 50000ec2 (kind=<unknown>)
ROOT 50000ec3 (kind=<unknown>)
ROOT 50000ec4 (kind=<unknown>)
ROOT 50000ec5 (kind=<unknown>)
ROOT 50000ec6 (kind=<unknown>)
ROOT 50000ec7 (kind=<unknown>)
ROOT 50000ec8 (kind=<unknown>)
ROOT 50000ec9 (kind=<unknown>)
ROOT 50000eca (kind=<unknown>)
ROOT 50000ecb (kind=<unknown>)
ROOT 50000ecc (kind=<unknown>)
ROOT 50000ecd (kind=<unknown>)
ROOT 50000ece (kind=<unknown>)
ROOT 50000ecf (kind=<unknown>)
ROOT 50000ed0 (kind=<unknown>)
ROOT 50000ed1 (kind=<unknown>)
ROOT 50000ed2 (kind=<unknown>)
ROOT 50000ed3 (kind=<unknown>)
ROOT 50000ed4 (kind=<unknown>)
ROOT 50000ed5 (kind=<unknown>)
ROOT 50000ed6 (kind=<unknown>)
ROOT 50000ed7 (kind=<unknown>)
ROOT 50000ed8 (kind=<unknown>)
ROOT 50000ed9 (kind=<unknown>)
ROOT 50000eda (kind=<unknown>)
ROOT 50000edb (kind=<unknown>)
ROOT 50000edc (kind=<unknown>)
ROOT 50000edd (kind=<unknown>)
ROOT 50000ede (kind=<unknown>)
ROOT 50000edf (kind=<unknown>)
ROOT 50000ee0 (kind=<unknown>)
ROOT 50000ee1 (kind=<unknown>)
ROOT 50000ee2 (kind=<unknown>)
ROOT 50000ee3 (kind=<unknown>)
ROOT 50000ee4 (kind=<unknown>)
ROOT 50000ee5 (kind=<unknown>)
ROOT 50000ee6 (kind=<unknown>)
ROOT 50000ee7 (kind=<unknown>)
ROOT 50000ee8 (kind=<unknown>)
ROOT 50000ee9 (kind=<unknown>)
ROOT 50000eea (kind=<unknown>)
ROOT 50000eeb (kind=<unknown>)
ROOT 50000eec (kind=<unknown>)
ROOT 50000eed (kind=<unknown>)
ROOT 50000eee (kind=<unknown>)
ROOT 50000eef (kind=<unknown>)
ROOT 50000ef0 (kind=<unknown>)
ROOT 50000ef1 (kind=<unknown>)
ROOT 50000ef2 (kind=<unknown>)
ROOT 50000ef3 (kind=<unknown>)
ROOT 50000ef4 (kind=<unknown>)
ROOT 50000ef5 (kind=<unknown>)
ROOT 50000ef6 (kind=<unknown>)
ROOT 50000ef7 (kind=<unknown>)
ROOT 50000ef8 (kind=<unknown>)
ROOT 50000ef9 (kind=<unknown>)
ROOT 50000efa (kind=<unknown>)
ROOT 50000efb (kind=<unknown>)
ROOT 50000efc (kind=<unknown>)
ROOT 50000efd (kind=<unknown>)
ROOT 50000efe (kind=<unknown>)
ROOT 50000eff (kind=<unknown>)
ROOT 50000f00 (kind=<unknown>)
ROOT 50000f01 (kind=<unknown>)
ROOT 50000f02 (kind=<unknown>)
ROOT 50000f03 (kind=<unknown>)
ROOT 50000f04 (kind=<unknown>)
ROOT 50000f05 (kind=<unknown>)
ROOT 50000f06 (kind=<unknown>)
ROOT 50000f07 (kind=<unknown>)
ROOT 50000f08 (kind=<unknown>)
ROOT 50000f09 (kind=<unknown>)
ROOT 50000f0a (kind=<unknown>)
ROOT 50000f0b (kind=<unknown>)
ROOT 50000f0c (kind=<unknown>)
ROOT 50000f0d (kind=<unknown>)
ROOT 50000f0e (kind=<unknown>)
ROOT 50000f0f (kind=<unknown>)
ROOT 50000f10 (kind=<unknown>)
ROOT 50000f11 (kind=<unknown>)
ROOT 50000f12 (kind=<unknown>)
ROOT 50000f13 (kind=<unknown>)
ROOT 50000f14 (kind=<unknown>)
ROOT 50000f15 (kind=<unknown>)
ROOT 50000f16 (kind=<unknown>)
ROOT 50000f17 (kind=<unknown>)
ROOT 50000f18 (kind=<unknown>)
ROOT 50000f19 (kind=<unknown>)
ROOT 50000f1a (kind=<unknown>)
ROOT 50000f1b (kind=<unknown>)
ROOT 50000f1c (kind=<unknown>)
ROOT 50000f1d (kind=<unknown>)
ROOT 50000f1e (kind=<unknown>)
ROOT 50000f1f (kind=<unknown>)
ROOT 50000f20 (kind=<unknown>)
ROOT 50000f21 (kind=<unknown>)
ROOT 50000f22 (kind=<unknown>)
ROOT 50000f23 (kind=<unknown>)
ROOT 50000f24 (kind=<unknown>)
ROOT 50000f25 (kind=<unknown>)
ROOT 50000f26 (kind=<unknown>)
ROOT 50000f27 (kind=<unknown>)
ROOT 50000f28 (kind=<unknown>)
ROOT 50000f29 (kind=<unknown>)
ROOT 50000f2a (kind=<unknown>)
ROOT 50000f2b (kind=<unknown>)
ROOT 50000f2c (kind=<unknown>)
ROOT 50000f2d (kind=<unknown>)
ROOT 50000f2e (kind=<unknown>)
ROOT 50000f2f (kind=<unknown>)
ROOT 50000f30 (kind=<unknown>)
ROOT 50000f31 (kind=<unknown>)
ROOT 50000f32 (kind=<unknown>)
ROOT 50000f33 (kind=<unknown>)
ROOT 50000f34 (kind=<unknown>)
ROOT 50000f35 (kind=<unknown>)
ROOT 50000f36 (kind=<unknown>)
ROOT 50000f37 (kind=<unknown>)
ROOT 50000f38 (kind=<unknown>)
ROOT 50000f39 (kind=<unknown>)
ROOT 50000f3a (kind=<unknown>)
ROOT 50000f3b (kind=<unknown>)
ROOT 50000f3c (kind=<unknown>)
ROOT 50000f3d (kind=<unknown>)
ROOT 50000f3e (kind=<unknown>)
ROOT 50000f3f (kind=<unknown>)
ROOT 50000f40 (kind=<unknown>)
ROOT 50000f41 (kind=<unknown>)
ROOT 50000f42 (kind=<unknown>)
ROOT 50000f43 (kind=<unknown>)
ROOT 50000f44 (kind=<unknown>)
ROOT 50000f45 (kind=<unknown>)
ROOT 50000f46 (kind=<unknown>)
ROOT 50000f47 (kind=<unknown>)
ROOT 50000f48 (kind=<unknown>)
ROOT 50000f49 (kind=<unknown>)
ROOT 50000f4a (kind=<unknown>)
ROOT 50000f4b (kind=<unknown>)
ROOT 50000f4c (kind=<unknown>)
ROOT 50000f4d (kind=<unknown>)
ROOT 50000f4e (kind=<unknown>)
ROOT 50000f4f (kind=<unknown>)
ROOT 50000f50 (kind=<unknown>)
ROOT 50000f51 (kind=<unknown>)
ROOT 50000f52 (kind=<unknown>)
ROOT 50000f53 (kind=<unknown>)
ROOT 50000f54 (kind=<unknown>)
ROOT 50000f55 (kind=<unknown>)
ROOT 50000e59 (kind=<system class>, name=java.lang.Shutdown$Lock)
ROOT 50000e57 (kind=<system class>, name=java.lang.Shutdown)
ROOT 50000e48 (kind=<system class>, name=java.text.MessageFormat$Field)
ROOT 50000e47 (kind=<system class>, name=java.text.Format$Field)
ROOT 50000e46 (kind=<system class>, name=java.text.AttributedCharacterIterator$Attribute)
ROOT 50000e44 (kind=<system class>, name=java.util.Date)
ROOT 50000e42 (kind=<system class>, name=java.text.FieldPosition)
ROOT 50000e33 (kind=<system class>, name=java.lang.StringBuilder[])
ROOT 50000135 (kind=<system class>, name=java.lang.StringBuilder)
ROOT 50000e5c (kind=<system class>, name=java.lang.AbstractStringBuilder[])
ROOT 50000137 (kind=<system class>, name=java.lang.AbstractStringBuilder)
ROOT 50000e5d (kind=<system class>, name=java.lang.Appendable[])
ROOT 50000138 (kind=<system class>, name=java.lang.Appendable)
ROOT 50000e27 (kind=<system class>, name=java.util.Locale$1)
ROOT 50000e25 (kind=<system class>, name=java.util.Locale$Category[])
ROOT 50000e22 (kind=<system class>, name=java.util.Locale$Category)
ROOT 50000e22 (kind=<system class>, name=java.util.Locale$Category)
ROOT 50000e1e (kind=<system class>, name=java.text.Format[])
ROOT 50000e17 (kind=<system class>, name=java.text.Format)
ROOT 50000e18 (kind=<system class>, name=java.text.MessageFormat)
ROOT 50000e17 (kind=<system class>, name=java.text.Format)
ROOT 50000ded (kind=<system class>, name=java.lang.Object[][])
ROOT 5000011c (kind=<system class>, name=java.lang.Object[])
ROOT 50000d17 (kind=<system class>, name=sun.launcher.resources.launcher_zh_CN)
ROOT 50000ce8 (kind=<system class>, name=java.net.URLClassLoader$2)
ROOT 50000ce6 (kind=<system class>, name=java.util.ResourceBundle$Control$1)
ROOT 50000c6c (kind=<system class>, name=sun.misc.IOUtils)
ROOT 50000c65 (kind=<system class>, name=java.util.zip.ZipFile$ZipFileInflaterInputStream)
ROOT 50000c64 (kind=<system class>, name=java.util.zip.InflaterInputStream)
ROOT 50000c62 (kind=<system class>, name=java.util.zip.ZStreamRef)
ROOT 50000c5e (kind=<system class>, name=java.util.zip.Inflater)
ROOT 50000c5b (kind=<system class>, name=java.util.zip.ZipFile$ZipFileInputStream)
ROOT 50000c56 (kind=<system class>, name=java.util.jar.JarFile$JarFileEntry)
ROOT 50000c55 (kind=<system class>, name=java.util.jar.JarEntry)
ROOT 50000c53 (kind=<system class>, name=java.util.zip.ZipEntry)
ROOT 50000c22 (kind=<system class>, name=sun.misc.ExtensionDependency)
ROOT 50000c1b (kind=<system class>, name=sun.misc.JarIndex)
ROOT 50000c06 (kind=<system class>, name=java.util.zip.ZipCoder)
ROOT 50000c03 (kind=<system class>, name=java.util.ArrayDeque)
ROOT 50000bf3 (kind=<system class>, name=sun.nio.cs.UTF_16)
ROOT 50000be1 (kind=<system class>, name=sun.nio.cs.UTF_16LE)
ROOT 50000bcf (kind=<system class>, name=sun.nio.cs.UTF_16BE)
ROOT 50000bb9 (kind=<system class>, name=sun.nio.cs.ISO_8859_1)
ROOT 50000bae (kind=<system class>, name=sun.nio.cs.US_ASCII)
ROOT 50000baa (kind=<system class>, name=java.nio.charset.StandardCharsets)
ROOT 50000ba0 (kind=<system class>, name=java.util.jar.JavaUtilJarAccessImpl)
ROOT 50000b9f (kind=<system class>, name=sun.misc.JavaUtilJarAccess)
ROOT 50000b9e (kind=<system class>, name=java.util.jar.JarFile)
ROOT 50000b30 (kind=<system class>, name=java.util.ResourceBundle$BundleReference)
ROOT 50000b26 (kind=<system class>, name=sun.launcher.resources.launcher)
ROOT 50000b25 (kind=<system class>, name=java.util.ListResourceBundle)
ROOT 50000af8 (kind=<system class>, name=java.util.LinkedList$Node)
ROOT 50000ae5 (kind=<system class>, name=java.util.LinkedList)
ROOT 50000ae4 (kind=<system class>, name=java.util.AbstractSequentialList)
ROOT 50000ae3 (kind=<system class>, name=java.util.Deque)
ROOT 50000ae2 (kind=<system class>, name=java.util.Queue)
ROOT 50000ae0 (kind=<system class>, name=java.util.ResourceBundle$LoaderReference)
ROOT 50000adf (kind=<system class>, name=java.util.ResourceBundle$CacheKeyReference)
ROOT 50000add (kind=<system class>, name=java.util.ResourceBundle$CacheKey)
ROOT 50000ad8 (kind=<system class>, name=java.util.ResourceBundle$Control$CandidateListCache)
ROOT 50000ace (kind=<system class>, name=java.util.Arrays$ArrayList)
ROOT 50000acc (kind=<system class>, name=java.util.ResourceBundle$Control)
ROOT 50000abc (kind=<system class>, name=java.util.ResourceBundle$RBClassLoader$1)
ROOT 50000abb (kind=<system class>, name=java.util.ResourceBundle$RBClassLoader)
ROOT 50000ab9 (kind=<system class>, name=java.net.URLClassLoader$3$1)
ROOT 500009d6 (kind=<system class>, name=java.io.FileNotFoundException)
ROOT 500009c1 (kind=<system class>, name=sun.misc.FileURLMapper)
ROOT 500009bf (kind=<system class>, name=sun.misc.URLClassPath$JarLoader$1)
ROOT 50000944 (kind=<system class>, name=sun.misc.CompoundEnumeration)
ROOT 50000942 (kind=<system class>, name=java.net.URLClassLoader$3)
ROOT 50000940 (kind=<system class>, name=sun.misc.URLClassPath$1)
ROOT 5000093e (kind=<system class>, name=java.lang.ClassLoader$2)
ROOT 5000093c (kind=<system class>, name=sun.misc.URLClassPath$2)
ROOT 500006d8 (kind=<system class>, name=sun.misc.Launcher$BootClassPathHolder$1)
ROOT 500006d7 (kind=<system class>, name=sun.misc.Launcher$BootClassPathHolder)
ROOT 500006d5 (kind=<system class>, name=java.util.Enumeration[])
ROOT 50000090 (kind=<system class>, name=java.util.Enumeration)
ROOT 500006cd (kind=<system class>, name=java.util.LinkedHashMap$LinkedEntryIterator)
ROOT 500006cc (kind=<system class>, name=java.util.LinkedHashMap$LinkedHashIterator)
ROOT 500006ca (kind=<system class>, name=java.util.LinkedHashMap$LinkedEntrySet)
ROOT 500006c8 (kind=<system class>, name=java.util.ServiceLoader$1)
ROOT 500006c6 (kind=<system class>, name=java.util.ServiceLoader$LazyIterator)
ROOT 500006c3 (kind=<system class>, name=java.util.ServiceLoader)
ROOT 500006c2 (kind=<system class>, name=java.util.spi.ResourceBundleControlProvider)
ROOT 500006bd (kind=<system class>, name=java.util.ResourceBundle$1)
ROOT 500006bc (kind=<system class>, name=java.util.ResourceBundle)
ROOT 500006bb (kind=<system class>, name=sun.launcher.LauncherHelper$ResourceBundleHolder)
ROOT 500006b9 (kind=<system class>, name=java.security.PrivilegedActionException)
ROOT 500006b8 (kind=<system class>, name=java.io.IOException)
ROOT 50000686 (kind=<system class>, name=java.security.BasicPermissionCollection)
ROOT 50000684 (kind=<system class>, name=java.security.UnresolvedPermission)
ROOT 50000683 (kind=<system class>, name=java.security.AllPermission)
ROOT 5000066f (kind=<system class>, name=java.io.FilePermissionCollection)
ROOT 50000657 (kind=<system class>, name=java.io.FilePermission$1)
ROOT 50000653 (kind=<system class>, name=java.io.FilePermission)
ROOT 5000064f (kind=<system class>, name=sun.net.www.MessageHeader)
ROOT 5000064a (kind=<system class>, name=sun.net.www.protocol.file.FileURLConnection)
ROOT 50000649 (kind=<system class>, name=sun.net.www.URLConnection)
ROOT 50000648 (kind=<system class>, name=java.net.URLConnection)
ROOT 50000622 (kind=<system class>, name=java.security.Permissions)
ROOT 50000621 (kind=<system class>, name=java.security.PermissionCollection)
ROOT 50000610 (kind=<system class>, name=java.nio.DirectLongBufferU)
ROOT 5000060f (kind=<system class>, name=java.nio.LongBuffer)
ROOT 5000060c (kind=<system class>, name=java.nio.DirectByteBuffer)
ROOT 5000060b (kind=<system class>, name=java.nio.MappedByteBuffer)
ROOT 5000060a (kind=<system class>, name=sun.nio.ch.DirectBuffer)
ROOT 50000608 (kind=<system class>, name=sun.misc.PerfCounter$CoreCounters)
ROOT 50000606 (kind=<system class>, name=sun.misc.Perf)
ROOT 50000604 (kind=<system class>, name=sun.misc.Perf$GetPerfAction)
ROOT 50000603 (kind=<system class>, name=sun.misc.PerfCounter)
ROOT 500005fe (kind=<system class>, name=sun.nio.ByteBuffered)
ROOT 500005f8 (kind=<system class>, name=sun.misc.URLClassPath$FileLoader$1)
ROOT 500005f7 (kind=<system class>, name=sun.misc.Resource)
ROOT 500005cb (kind=<system class>, name=sun.misc.URLClassPath$FileLoader)
ROOT 500003f5 (kind=<system class>, name=sun.nio.cs.UTF_8$Decoder)
ROOT 500003f0 (kind=<system class>, name=sun.nio.cs.ThreadLocalCoders$2)
ROOT 500003ed (kind=<system class>, name=sun.nio.cs.ThreadLocalCoders$1)
ROOT 500003ec (kind=<system class>, name=sun.nio.cs.ThreadLocalCoders$Cache)
ROOT 500003eb (kind=<system class>, name=sun.nio.cs.ThreadLocalCoders)
ROOT 500003d6 (kind=<system class>, name=java.util.zip.ZipFile$1)
ROOT 500003d5 (kind=<system class>, name=sun.misc.JavaUtilZipFileAccess)
ROOT 500003d4 (kind=<system class>, name=java.util.zip.ZipFile)
ROOT 500003d3 (kind=<system class>, name=java.util.zip.ZipConstants)
ROOT 500003d2 (kind=<system class>, name=sun.misc.URLClassPath$JarLoader)
ROOT 500003d1 (kind=<system class>, name=sun.misc.URLClassPath$Loader)
ROOT 500003cf (kind=<system class>, name=sun.misc.URLClassPath$3)
ROOT 500003c9 (kind=<system class>, name=sun.net.util.URLUtil)
ROOT 500003c5 (kind=<system class>, name=java.net.URLClassLoader$1)
ROOT 500003b9 (kind=<system class>, name=sun.launcher.LauncherHelper[])
ROOT 500003b7 (kind=<system class>, name=sun.launcher.LauncherHelper)
ROOT 500003b7 (kind=<system class>, name=sun.launcher.LauncherHelper)
ROOT 500003b4 (kind=<system class>, name=java.io.FileOutputStream$1)
ROOT 500003ad (kind=<system class>, name=sun.nio.cs.UTF_8$Encoder)
ROOT 500003a2 (kind=<system class>, name=sun.nio.cs.UTF_8)
ROOT 500003a1 (kind=<system class>, name=sun.nio.cs.Unicode)
ROOT 5000036d (kind=<system class>, name=sun.usagetracker.UsageTrackerClient$3)
ROOT 500002f9 (kind=<system class>, name=java.lang.ProcessEnvironment$CheckedEntry)
ROOT 500002f7 (kind=<system class>, name=java.util.HashMap$EntryIterator)
ROOT 500002f6 (kind=<system class>, name=java.util.HashMap$HashIterator)
ROOT 500002f4 (kind=<system class>, name=java.lang.ProcessEnvironment$CheckedEntrySet$1)
ROOT 500002f1 (kind=<system class>, name=java.util.HashMap$EntrySet)
ROOT 500002f0 (kind=<system class>, name=java.lang.ProcessEnvironment$CheckedEntrySet)
ROOT 500001ea (kind=<system class>, name=java.util.Collections$UnmodifiableMap)
ROOT 500001e7 (kind=<system class>, name=java.lang.ProcessEnvironment$EntryComparator)
ROOT 500001e5 (kind=<system class>, name=java.lang.ProcessEnvironment$NameComparator)
ROOT 500001e4 (kind=<system class>, name=java.lang.ProcessEnvironment)
ROOT 500001e2 (kind=<system class>, name=sun.usagetracker.UsageTrackerClient$2)
ROOT 500001d4 (kind=<system class>, name=sun.usagetracker.UsageTrackerClient$4)
ROOT 500001cb (kind=<system class>, name=sun.usagetracker.UsageTrackerClient$1)
ROOT 500001c6 (kind=<system class>, name=java.util.concurrent.atomic.AtomicBoolean)
ROOT 500001c4 (kind=<system class>, name=sun.usagetracker.UsageTrackerClient)
ROOT 500001c3 (kind=<system class>, name=sun.misc.PostVMInitHook)
ROOT 500001bc (kind=<system class>, name=java.lang.invoke.MethodHandleStatics$1)
ROOT 500001ba (kind=<system class>, name=java.lang.invoke.MethodHandleStatics)
ROOT 500001b8 (kind=<system class>, name=java.lang.invoke.MemberName$Factory)
ROOT 500001b4 (kind=<system class>, name=java.lang.ClassValue$Version)
ROOT 500001b2 (kind=<system class>, name=java.lang.ClassValue$Identity)
ROOT 500001ad (kind=<system class>, name=java.lang.ClassValue$Entry[])
ROOT 500001ac (kind=<system class>, name=java.lang.ClassValue$Entry)
ROOT 500001ac (kind=<system class>, name=java.lang.ClassValue$Entry)
ROOT 500001ab (kind=<system class>, name=java.lang.invoke.MethodHandleImpl$4)
ROOT 500001aa (kind=<system class>, name=java.lang.ClassValue)
ROOT 500001a6 (kind=<system class>, name=java.lang.invoke.MethodHandle[])
ROOT 50000143 (kind=<system class>, name=java.lang.invoke.MethodHandle)
ROOT 500001a4 (kind=<system class>, name=java.lang.invoke.MethodHandleImpl$3)
ROOT 500001a2 (kind=<system class>, name=java.lang.invoke.MethodHandleImpl$2)
ROOT 500001a1 (kind=<system class>, name=java.util.function.Function)
ROOT 50000198 (kind=<system class>, name=java.lang.invoke.MethodHandleImpl$1)
ROOT 50000195 (kind=<system class>, name=java.lang.invoke.MethodHandleImpl)
ROOT 50000001 (kind=<system class>, name=java.lang.SystemClassLoaderAction)
ROOT 50000002 (kind=<system class>, name=sun.misc.Launcher$AppClassLoader$1)
ROOT 50000003 (kind=<system class>, name=sun.net.www.protocol.jar.Handler)
ROOT 50000004 (kind=<system class>, name=sun.misc.URLClassPath)
ROOT 50000005 (kind=<system class>, name=java.util.HashSet)
ROOT 50000006 (kind=<system class>, name=java.security.Principal[])
ROOT 50000007 (kind=<system class>, name=java.security.Principal)
ROOT 50000007 (kind=<system class>, name=java.security.Principal)
ROOT 50000008 (kind=<system class>, name=java.security.ProtectionDomain$Key)
ROOT 50000009 (kind=<system class>, name=java.security.ProtectionDomain$2)
ROOT 5000000a (kind=<system class>, name=sun.misc.JavaSecurityProtectionDomainAccess)
ROOT 5000000b (kind=<system class>, name=java.security.ProtectionDomain$JavaSecurityAccessImpl)
ROOT 5000000c (kind=<system class>, name=sun.misc.JavaSecurityAccess)
ROOT 5000000d (kind=<system class>, name=java.net.URL[])
ROOT 5000012d (kind=<system class>, name=java.net.URL)
ROOT 5000000e (kind=<system class>, name=sun.net.www.protocol.file.Handler)
ROOT 5000000f (kind=<system class>, name=java.net.URLStreamHandler)
ROOT 50000010 (kind=<system class>, name=java.net.Parts)
ROOT 50000011 (kind=<system class>, name=java.util.BitSet)
ROOT 50000012 (kind=<system class>, name=sun.net.www.ParseUtil)
ROOT 50000013 (kind=<system class>, name=java.io.FileInputStream$1)
ROOT 50000014 (kind=<system class>, name=java.lang.CharacterDataLatin1)
ROOT 50000015 (kind=<system class>, name=java.lang.CharacterData)
ROOT 50000016 (kind=<system class>, name=sun.util.locale.LocaleUtils)
ROOT 50000017 (kind=<system class>, name=java.util.Locale$LocaleKey)
ROOT 50000018 (kind=<system class>, name=sun.util.locale.LocaleObjectCache$CacheEntry)
ROOT 50000019 (kind=<system class>, name=sun.util.locale.BaseLocale$Key)
ROOT 5000001a (kind=<system class>, name=sun.util.locale.BaseLocale$Cache)
ROOT 5000001b (kind=<system class>, name=sun.util.locale.BaseLocale)
ROOT 5000001c (kind=<system class>, name=java.util.concurrent.ConcurrentHashMap$EntrySetView)
ROOT 5000001d (kind=<system class>, name=java.util.concurrent.ConcurrentHashMap$ValuesView)
ROOT 5000001e (kind=<system class>, name=java.util.concurrent.ConcurrentHashMap$KeySetView)
ROOT 5000001f (kind=<system class>, name=java.util.concurrent.ConcurrentHashMap$CollectionView)
ROOT 50000020 (kind=<system class>, name=java.util.concurrent.ConcurrentHashMap$CounterCell[])
ROOT 50000021 (kind=<system class>, name=java.util.concurrent.ConcurrentHashMap$CounterCell)
ROOT 50000021 (kind=<system class>, name=java.util.concurrent.ConcurrentHashMap$CounterCell)
ROOT 50000022 (kind=<system class>, name=java.util.concurrent.ConcurrentHashMap$Node[])
ROOT 50000023 (kind=<system class>, name=java.util.concurrent.ConcurrentHashMap$Node)
ROOT 50000023 (kind=<system class>, name=java.util.concurrent.ConcurrentHashMap$Node)
ROOT 50000024 (kind=<system class>, name=java.util.concurrent.ConcurrentHashMap$Segment[])
ROOT 50000027 (kind=<system class>, name=java.util.concurrent.ConcurrentHashMap$Segment)
ROOT 50000025 (kind=<system class>, name=java.util.concurrent.locks.ReentrantLock[])
ROOT 50000028 (kind=<system class>, name=java.util.concurrent.locks.ReentrantLock)
ROOT 50000026 (kind=<system class>, name=java.util.concurrent.locks.Lock[])
ROOT 50000029 (kind=<system class>, name=java.util.concurrent.locks.Lock)
ROOT 50000027 (kind=<system class>, name=java.util.concurrent.ConcurrentHashMap$Segment)
ROOT 50000028 (kind=<system class>, name=java.util.concurrent.locks.ReentrantLock)
ROOT 50000029 (kind=<system class>, name=java.util.concurrent.locks.Lock)
ROOT 5000002a (kind=<system class>, name=java.util.concurrent.ConcurrentHashMap)
ROOT 5000002b (kind=<system class>, name=java.util.concurrent.ConcurrentMap)
ROOT 5000002c (kind=<system class>, name=java.util.Locale$Cache)
ROOT 5000002d (kind=<system class>, name=sun.util.locale.LocaleObjectCache)
ROOT 5000002e (kind=<system class>, name=java.util.Locale)
ROOT 5000002f (kind=<system class>, name=java.lang.reflect.Array)
ROOT 50000030 (kind=<system class>, name=java.util.HashMap$TreeNode)
ROOT 50000031 (kind=<system class>, name=sun.nio.cs.StreamDecoder)
ROOT 50000032 (kind=<system class>, name=java.io.FileReader)
ROOT 50000033 (kind=<system class>, name=java.io.InputStreamReader)
ROOT 50000034 (kind=<system class>, name=java.io.BufferedReader)
ROOT 50000035 (kind=<system class>, name=java.io.Reader)
ROOT 50000036 (kind=<system class>, name=sun.misc.MetaIndex)
ROOT 50000037 (kind=<system class>, name=sun.misc.Launcher$ExtClassLoader$1)
ROOT 50000038 (kind=<system class>, name=java.io.File[])
ROOT 5000012f (kind=<system class>, name=java.io.File)
ROOT 50000039 (kind=<system class>, name=java.util.StringTokenizer)
ROOT 5000003a (kind=<system class>, name=java.net.URLClassLoader$7)
ROOT 5000003b (kind=<system class>, name=sun.misc.JavaNetAccess)
ROOT 5000003c (kind=<system class>, name=java.util.WeakHashMap$KeySet)
ROOT 5000003d (kind=<system class>, name=java.util.Collections$SetFromMap)
ROOT 5000003e (kind=<system class>, name=java.util.WeakHashMap$Entry[])
ROOT 5000003f (kind=<system class>, name=java.util.WeakHashMap$Entry)
ROOT 5000003f (kind=<system class>, name=java.util.WeakHashMap$Entry)
ROOT 50000040 (kind=<system class>, name=java.lang.ClassLoader$ParallelLoaders)
ROOT 50000041 (kind=<system class>, name=sun.security.util.Debug)
ROOT 50000042 (kind=<system class>, name=sun.misc.Launcher$Factory)
ROOT 50000043 (kind=<system class>, name=java.net.URLStreamHandlerFactory)
ROOT 50000044 (kind=<system class>, name=java.lang.Compiler$1)
ROOT 50000045 (kind=<system class>, name=java.lang.Compiler)
ROOT 50000046 (kind=<system class>, name=java.lang.IllegalArgumentException)
ROOT 50000047 (kind=<system class>, name=java.lang.System$2)
ROOT 50000048 (kind=<system class>, name=sun.misc.JavaLangAccess)
ROOT 50000049 (kind=<system class>, name=sun.io.Win32ErrorMode)
ROOT 5000004a (kind=<system class>, name=sun.misc.OSEnvironment)
ROOT 5000004b (kind=<system class>, name=java.lang.Integer[])
ROOT 5000011e (kind=<system class>, name=java.lang.Integer)
ROOT 5000004c (kind=<system class>, name=java.lang.Number[])
ROOT 50000123 (kind=<system class>, name=java.lang.Number)
ROOT 5000004d (kind=<system class>, name=java.lang.Integer$IntegerCache)
ROOT 5000004e (kind=<system class>, name=sun.misc.NativeSignalHandler)
ROOT 5000004f (kind=<system class>, name=sun.misc.Signal)
ROOT 50000050 (kind=<system class>, name=java.lang.Terminator$1)
ROOT 50000051 (kind=<system class>, name=sun.misc.SignalHandler)
ROOT 50000052 (kind=<system class>, name=java.lang.Terminator)
ROOT 50000053 (kind=<system class>, name=java.lang.ClassLoader$NativeLibrary)
ROOT 50000054 (kind=<system class>, name=java.util.LinkedHashMap$Entry)
ROOT 50000055 (kind=<system class>, name=java.io.ExpiringCache$Entry)
ROOT 50000056 (kind=<system class>, name=java.io.File$PathStatus[])
ROOT 5000005c (kind=<system class>, name=java.io.File$PathStatus)
ROOT 50000057 (kind=<system class>, name=java.lang.Enum[])
ROOT 5000005d (kind=<system class>, name=java.lang.Enum)
ROOT 50000058 (kind=<system class>, name=java.lang.ClassLoader$3)
ROOT 50000059 (kind=<system class>, name=java.lang.StringCoding$StringEncoder)
ROOT 5000005a (kind=<system class>, name=java.nio.file.Path)
ROOT 5000005b (kind=<system class>, name=java.nio.file.Watchable)
ROOT 5000005c (kind=<system class>, name=java.io.File$PathStatus)
ROOT 5000005d (kind=<system class>, name=java.lang.Enum)
ROOT 5000005e (kind=<system class>, name=java.io.ExpiringCache$1)
ROOT 5000005f (kind=<system class>, name=java.util.LinkedHashMap)
ROOT 50000060 (kind=<system class>, name=java.io.ExpiringCache)
ROOT 50000061 (kind=<system class>, name=java.io.WinNTFileSystem)
ROOT 50000062 (kind=<system class>, name=java.io.FileSystem)
ROOT 50000063 (kind=<system class>, name=java.io.DefaultFileSystem)
ROOT 50000064 (kind=<system class>, name=sun.security.action.GetPropertyAction)
ROOT 50000065 (kind=<system class>, name=java.io.BufferedWriter)
ROOT 50000066 (kind=<system class>, name=java.nio.charset.CoderResult$2)
ROOT 50000067 (kind=<system class>, name=java.nio.charset.CoderResult$1)
ROOT 50000068 (kind=<system class>, name=java.nio.charset.CoderResult$Cache)
ROOT 50000069 (kind=<system class>, name=java.nio.charset.CoderResult)
ROOT 5000006a (kind=<system class>, name=java.nio.HeapCharBuffer)
ROOT 5000006b (kind=<system class>, name=java.nio.CharBuffer)
ROOT 5000006c (kind=<system class>, name=java.lang.Readable)
ROOT 5000006d (kind=<system class>, name=java.nio.Bits$1)
ROOT 5000006e (kind=<system class>, name=sun.misc.JavaNioAccess)
ROOT 5000006f (kind=<system class>, name=java.util.concurrent.atomic.AtomicLong)
ROOT 50000070 (kind=<system class>, name=java.nio.ByteOrder)
ROOT 50000071 (kind=<system class>, name=java.nio.Bits)
ROOT 50000072 (kind=<system class>, name=java.nio.HeapByteBuffer)
ROOT 50000073 (kind=<system class>, name=java.nio.ByteBuffer)
ROOT 50000074 (kind=<system class>, name=sun.nio.cs.ext.DoubleByte$Encoder)
ROOT 50000075 (kind=<system class>, name=java.nio.charset.CharsetEncoder)
ROOT 50000076 (kind=<system class>, name=sun.nio.cs.ArrayEncoder)
ROOT 50000077 (kind=<system class>, name=sun.nio.cs.StreamEncoder)
ROOT 50000078 (kind=<system class>, name=java.io.OutputStreamWriter)
ROOT 50000079 (kind=<system class>, name=java.io.Writer)
ROOT 5000007a (kind=<system class>, name=sun.nio.cs.ext.MS936)
ROOT 5000007b (kind=<system class>, name=java.io.BufferedOutputStream)
ROOT 5000007c (kind=<system class>, name=java.io.PrintStream)
ROOT 5000007d (kind=<system class>, name=java.io.FilterOutputStream)
ROOT 5000007e (kind=<system class>, name=sun.reflect.misc.ReflectUtil)
ROOT 5000007f (kind=<system class>, name=java.util.concurrent.atomic.AtomicReferenceFieldUpdater$AtomicReferenceFieldUpdaterImpl$1)
ROOT 50000080 (kind=<system class>, name=java.security.PrivilegedExceptionAction)
ROOT 50000081 (kind=<system class>, name=java.util.concurrent.atomic.AtomicReferenceFieldUpdater$AtomicReferenceFieldUpdaterImpl)
ROOT 50000082 (kind=<system class>, name=java.util.concurrent.atomic.AtomicReferenceFieldUpdater)
ROOT 50000083 (kind=<system class>, name=java.io.BufferedInputStream)
ROOT 50000084 (kind=<system class>, name=java.io.FilterInputStream)
ROOT 50000085 (kind=<system class>, name=java.io.FileOutputStream)
ROOT 50000086 (kind=<system class>, name=java.io.OutputStream)
ROOT 50000087 (kind=<system class>, name=java.io.Flushable)
ROOT 50000088 (kind=<system class>, name=java.io.FileDescriptor$1)
ROOT 50000089 (kind=<system class>, name=sun.misc.JavaIOFileDescriptorAccess)
ROOT 5000008a (kind=<system class>, name=java.io.FileDescriptor)
ROOT 5000008b (kind=<system class>, name=java.io.FileInputStream)
ROOT 5000008c (kind=<system class>, name=sun.misc.Version)
ROOT 5000008d (kind=<system class>, name=java.lang.Runtime)
ROOT 5000008e (kind=<system class>, name=java.util.Hashtable$Enumerator)
ROOT 5000008f (kind=<system class>, name=java.util.Iterator)
ROOT 50000090 (kind=<system class>, name=java.util.Enumeration)
ROOT 50000091 (kind=<system class>, name=java.util.Objects)
ROOT 50000092 (kind=<system class>, name=java.util.Collections$SynchronizedSet)
ROOT 50000093 (kind=<system class>, name=java.util.Collections$SynchronizedCollection)
ROOT 50000094 (kind=<system class>, name=java.util.Hashtable$EntrySet)
ROOT 50000095 (kind=<system class>, name=java.nio.charset.CodingErrorAction)
ROOT 50000096 (kind=<system class>, name=sun.nio.cs.ext.DoubleByte$Decoder)
ROOT 50000097 (kind=<system class>, name=java.nio.charset.CharsetDecoder)
ROOT 50000098 (kind=<system class>, name=sun.nio.cs.ArrayDecoder)
ROOT 50000099 (kind=<system class>, name=sun.nio.cs.ext.DelegatableDecoder)
ROOT 5000009a (kind=<system class>, name=sun.nio.cs.ext.DoubleByte)
ROOT 5000009b (kind=<system class>, name=java.lang.StringCoding$StringDecoder)
ROOT 5000009c (kind=<system class>, name=java.lang.ThreadLocal$ThreadLocalMap$Entry[])
ROOT 5000009f (kind=<system class>, name=java.lang.ThreadLocal$ThreadLocalMap$Entry)
ROOT 5000009d (kind=<system class>, name=java.lang.ref.WeakReference[])
ROOT 50000164 (kind=<system class>, name=java.lang.ref.WeakReference)
ROOT 5000009e (kind=<system class>, name=java.lang.ref.Reference[])
ROOT 50000166 (kind=<system class>, name=java.lang.ref.Reference)
ROOT 5000009f (kind=<system class>, name=java.lang.ThreadLocal$ThreadLocalMap$Entry)
ROOT 500000a0 (kind=<system class>, name=java.lang.ThreadLocal$ThreadLocalMap)
ROOT 500000a1 (kind=<system class>, name=java.lang.StringCoding)
ROOT 500000a2 (kind=<system class>, name=char[][])
ROOT 5000018c (kind=<system class>, name=char[])
ROOT 500000a3 (kind=<system class>, name=java.lang.Cloneable[])
ROOT 5000017c (kind=<system class>, name=java.lang.Cloneable)
ROOT 500000a4 (kind=<system class>, name=sun.nio.cs.ext.GBK)
ROOT 500000a5 (kind=<system class>, name=sun.nio.cs.HistoricallyNamedCharset)
ROOT 500000a6 (kind=<system class>, name=java.util.TreeMap$Entry)
ROOT 500000a7 (kind=<system class>, name=sun.misc.ASCIICaseInsensitiveComparator)
ROOT 500000a8 (kind=<system class>, name=java.util.TreeMap)
ROOT 500000a9 (kind=<system class>, name=java.util.NavigableMap)
ROOT 500000aa (kind=<system class>, name=java.util.SortedMap)
ROOT 500000ab (kind=<system class>, name=sun.reflect.DelegatingConstructorAccessorImpl)
ROOT 500000ac (kind=<system class>, name=sun.reflect.NativeConstructorAccessorImpl)
ROOT 500000ad (kind=<system class>, name=sun.reflect.ReflectionFactory$1)
ROOT 500000ae (kind=<system class>, name=java.lang.Class$1)
ROOT 500000af (kind=<system class>, name=java.lang.reflect.Constructor[])
ROOT 50000151 (kind=<system class>, name=java.lang.reflect.Constructor)
ROOT 500000b0 (kind=<system class>, name=java.lang.reflect.Executable[])
ROOT 50000153 (kind=<system class>, name=java.lang.reflect.Executable)
ROOT 500000b1 (kind=<system class>, name=sun.nio.cs.ext.ExtendedCharsets)
ROOT 500000b2 (kind=<system class>, name=sun.nio.cs.AbstractCharsetProvider)
ROOT 500000b3 (kind=<system class>, name=java.nio.charset.Charset$ExtendedProviderHolder$1)
ROOT 500000b4 (kind=<system class>, name=java.nio.charset.Charset$ExtendedProviderHolder)
ROOT 500000b5 (kind=<system class>, name=java.util.Arrays)
ROOT 500000b6 (kind=<system class>, name=java.lang.reflect.ReflectAccess)
ROOT 500000b7 (kind=<system class>, name=sun.reflect.LangReflectAccess)
ROOT 500000b8 (kind=<system class>, name=java.lang.reflect.Modifier)
ROOT 500000b9 (kind=<system class>, name=java.lang.ClassValue$ClassValueMap)
ROOT 500000ba (kind=<system class>, name=java.util.WeakHashMap)
ROOT 500000bb (kind=<system class>, name=sun.reflect.annotation.AnnotationType)
ROOT 500000bc (kind=<system class>, name=java.lang.Class$AnnotationData)
ROOT 500000bd (kind=<system class>, name=sun.reflect.generics.repository.ClassRepository)
ROOT 500000be (kind=<system class>, name=sun.reflect.generics.repository.GenericDeclRepository)
ROOT 500000bf (kind=<system class>, name=sun.reflect.generics.repository.AbstractRepository)
ROOT 500000c0 (kind=<system class>, name=java.lang.reflect.Field[])
ROOT 50000155 (kind=<system class>, name=java.lang.reflect.Field)
ROOT 500000c1 (kind=<system class>, name=java.lang.reflect.Member[])
ROOT 50000156 (kind=<system class>, name=java.lang.reflect.Member)
ROOT 500000c2 (kind=<system class>, name=java.lang.reflect.AccessibleObject[])
ROOT 50000157 (kind=<system class>, name=java.lang.reflect.AccessibleObject)
ROOT 500000c3 (kind=<system class>, name=java.lang.Class$Atomic)
ROOT 500000c4 (kind=<system class>, name=java.lang.Class$ReflectionData)
ROOT 500000c5 (kind=<system class>, name=java.lang.Class$3)
ROOT 500000c6 (kind=<system class>, name=java.util.concurrent.atomic.AtomicInteger)
ROOT 500000c7 (kind=<system class>, name=java.lang.ThreadLocal)
ROOT 500000c8 (kind=<system class>, name=sun.nio.cs.StandardCharsets$Cache)
ROOT 500000c9 (kind=<system class>, name=sun.nio.cs.StandardCharsets$Classes)
ROOT 500000ca (kind=<system class>, name=sun.nio.cs.StandardCharsets$Aliases)
ROOT 500000cb (kind=<system class>, name=sun.util.PreHashedMap)
ROOT 500000cc (kind=<system class>, name=sun.nio.cs.StandardCharsets)
ROOT 500000cd (kind=<system class>, name=sun.nio.cs.FastCharsetProvider)
ROOT 500000ce (kind=<system class>, name=java.nio.charset.spi.CharsetProvider)
ROOT 500000cf (kind=<system class>, name=java.nio.charset.Charset)
ROOT 500000d0 (kind=<system class>, name=java.lang.ref.Finalizer$FinalizerThread)
ROOT 500000d1 (kind=<system class>, name=java.lang.Math)
ROOT 500000d2 (kind=<system class>, name=java.util.Hashtable$Entry[])
ROOT 500000d3 (kind=<system class>, name=java.util.Hashtable$Entry)
ROOT 500000d3 (kind=<system class>, name=java.util.Hashtable$Entry)
ROOT 500000d4 (kind=<system class>, name=sun.misc.VM)
ROOT 500000d5 (kind=<system class>, name=java.util.HashMap$Node[])
ROOT 500000d7 (kind=<system class>, name=java.util.HashMap$Node)
ROOT 500000d6 (kind=<system class>, name=java.util.Map$Entry[])
ROOT 500000d8 (kind=<system class>, name=java.util.Map$Entry)
ROOT 500000d7 (kind=<system class>, name=java.util.HashMap$Node)
ROOT 500000d8 (kind=<system class>, name=java.util.Map$Entry)
ROOT 500000d9 (kind=<system class>, name=java.util.HashMap)
ROOT 500000da (kind=<system class>, name=sun.reflect.Reflection)
ROOT 500000db (kind=<system class>, name=java.lang.String[])
ROOT 50000181 (kind=<system class>, name=java.lang.String)
ROOT 500000dc (kind=<system class>, name=java.lang.CharSequence[])
ROOT 50000182 (kind=<system class>, name=java.lang.CharSequence)
ROOT 500000dd (kind=<system class>, name=java.lang.NoSuchMethodError)
ROOT 500000de (kind=<system class>, name=java.lang.IncompatibleClassChangeError)
ROOT 500000df (kind=<system class>, name=sun.misc.SharedSecrets)
ROOT 500000e0 (kind=<system class>, name=java.lang.ref.Reference$1)
ROOT 500000e1 (kind=<system class>, name=sun.misc.JavaLangRefAccess)
ROOT 500000e2 (kind=<system class>, name=java.lang.Thread[])
ROOT 5000015e (kind=<system class>, name=java.lang.Thread)
ROOT 500000e3 (kind=<system class>, name=java.lang.Runnable[])
ROOT 5000015f (kind=<system class>, name=java.lang.Runnable)
ROOT 500000e4 (kind=<system class>, name=java.lang.ref.ReferenceQueue$Lock)
ROOT 500000e5 (kind=<system class>, name=java.lang.ref.ReferenceQueue$Null)
ROOT 500000e6 (kind=<system class>, name=java.lang.ref.ReferenceQueue)
ROOT 500000e7 (kind=<system class>, name=java.util.Collections$UnmodifiableRandomAccessList)
ROOT 500000e8 (kind=<system class>, name=java.util.Collections$UnmodifiableList)
ROOT 500000e9 (kind=<system class>, name=java.util.Collections$UnmodifiableCollection)
ROOT 500000ea (kind=<system class>, name=java.util.Collections$EmptyMap)
ROOT 500000eb (kind=<system class>, name=java.util.AbstractMap)
ROOT 500000ec (kind=<system class>, name=java.util.Collections$EmptyList)
ROOT 500000ed (kind=<system class>, name=java.util.Collections$EmptySet)
ROOT 500000ee (kind=<system class>, name=java.util.AbstractSet)
ROOT 500000ef (kind=<system class>, name=java.util.Set)
ROOT 500000f0 (kind=<system class>, name=java.util.Collections)
ROOT 500000f1 (kind=<system class>, name=java.util.ArrayList)
ROOT 500000f2 (kind=<system class>, name=java.lang.InterruptedException)
ROOT 500000f3 (kind=<system class>, name=java.lang.ref.Reference$ReferenceHandler)
ROOT 500000f4 (kind=<system class>, name=java.lang.ref.Reference$Lock)
ROOT 500000f5 (kind=<system class>, name=sun.reflect.ReflectionFactory)
ROOT 500000f6 (kind=<system class>, name=java.util.Stack)
ROOT 500000f7 (kind=<system class>, name=java.util.Vector)
ROOT 500000f8 (kind=<system class>, name=java.util.AbstractList)
ROOT 500000f9 (kind=<system class>, name=java.util.AbstractCollection)
ROOT 500000fa (kind=<system class>, name=java.util.RandomAccess)
ROOT 500000fb (kind=<system class>, name=java.util.List)
ROOT 500000fc (kind=<system class>, name=java.util.Collection)
ROOT 500000fd (kind=<system class>, name=java.lang.Iterable)
ROOT 500000fe (kind=<system class>, name=java.security.cert.Certificate[])
ROOT 500000ff (kind=<system class>, name=java.security.cert.Certificate)
ROOT 500000ff (kind=<system class>, name=java.security.cert.Certificate)
ROOT 50000100 (kind=<system class>, name=sun.reflect.ReflectionFactory$GetReflectionFactoryAction)
ROOT 50000101 (kind=<system class>, name=java.security.PrivilegedAction)
ROOT 50000102 (kind=<system class>, name=java.lang.reflect.ReflectPermission)
ROOT 50000103 (kind=<system class>, name=java.security.AccessController)
ROOT 50000104 (kind=<system class>, name=java.lang.RuntimePermission)
ROOT 50000105 (kind=<system class>, name=java.security.BasicPermission)
ROOT 50000106 (kind=<system class>, name=java.security.Permission)
ROOT 50000107 (kind=<system class>, name=java.security.Guard)
ROOT 50000108 (kind=<system class>, name=java.lang.StackTraceElement[])
ROOT 50000127 (kind=<system class>, name=java.lang.StackTraceElement)
ROOT 50000109 (kind=<system class>, name=java.lang.ThreadGroup[])
ROOT 5000015c (kind=<system class>, name=java.lang.ThreadGroup)
ROOT 5000010a (kind=<system class>, name=java.lang.Thread$UncaughtExceptionHandler[])
ROOT 5000015d (kind=<system class>, name=java.lang.Thread$UncaughtExceptionHandler)
ROOT 5000010b (kind=<system class>, name=com.sun.demo.jvmti.hprof.Tracker)
ROOT 5000010c (kind=<system class>, name=java.lang.String$CaseInsensitiveComparator)
ROOT 5000010d (kind=<system class>, name=java.util.Comparator)
ROOT 5000010e (kind=<system class>, name=java.io.ObjectStreamField[])
ROOT 50000110 (kind=<system class>, name=java.io.ObjectStreamField)
ROOT 5000010f (kind=<system class>, name=java.lang.Comparable[])
ROOT 50000183 (kind=<system class>, name=java.lang.Comparable)
ROOT 50000110 (kind=<system class>, name=java.io.ObjectStreamField)
ROOT 50000111 (kind=<system class>, name=java.lang.OutOfMemoryError[])
ROOT 50000169 (kind=<system class>, name=java.lang.OutOfMemoryError)
ROOT 50000112 (kind=<system class>, name=java.lang.VirtualMachineError[])
ROOT 5000016a (kind=<system class>, name=java.lang.VirtualMachineError)
ROOT 50000113 (kind=<system class>, name=java.lang.Error[])
ROOT 50000178 (kind=<system class>, name=java.lang.Error)
ROOT 50000114 (kind=<system class>, name=java.lang.Throwable[])
ROOT 50000179 (kind=<system class>, name=java.lang.Throwable)
ROOT 50000115 (kind=<system class>, name=java.lang.ArithmeticException)
ROOT 50000116 (kind=<system class>, name=java.lang.NullPointerException)
ROOT 50000117 (kind=<system class>, name=java.lang.Class[])
ROOT 5000017d (kind=<system class>, name=java.lang.Class)
ROOT 50000118 (kind=<system class>, name=java.io.Serializable[])
ROOT 50000184 (kind=<system class>, name=java.io.Serializable)
ROOT 50000119 (kind=<system class>, name=java.lang.reflect.GenericDeclaration[])
ROOT 5000017f (kind=<system class>, name=java.lang.reflect.GenericDeclaration)
ROOT 5000011a (kind=<system class>, name=java.lang.reflect.AnnotatedElement[])
ROOT 50000180 (kind=<system class>, name=java.lang.reflect.AnnotatedElement)
ROOT 5000011b (kind=<system class>, name=java.lang.reflect.Type[])
ROOT 5000017e (kind=<system class>, name=java.lang.reflect.Type)
ROOT 5000011c (kind=<system class>, name=java.lang.Object[])
ROOT 50000185 (kind=<system class>, name=java.lang.Object)
ROOT 5000011d (kind=<system class>, name=java.lang.Long)
ROOT 5000011e (kind=<system class>, name=java.lang.Integer)
ROOT 5000011f (kind=<system class>, name=java.lang.Short)
ROOT 50000120 (kind=<system class>, name=java.lang.Byte)
ROOT 50000121 (kind=<system class>, name=java.lang.Double)
ROOT 50000122 (kind=<system class>, name=java.lang.Float)
ROOT 50000123 (kind=<system class>, name=java.lang.Number)
ROOT 50000124 (kind=<system class>, name=java.lang.Character)
ROOT 50000125 (kind=<system class>, name=java.lang.Boolean)
ROOT 50000126 (kind=<system class>, name=java.nio.Buffer)
ROOT 50000127 (kind=<system class>, name=java.lang.StackTraceElement)
ROOT 50000128 (kind=<system class>, name=java.security.CodeSource)
ROOT 50000129 (kind=<system class>, name=sun.misc.Launcher$ExtClassLoader)
ROOT 5000012a (kind=<system class>, name=sun.misc.Launcher$AppClassLoader)
ROOT 5000012b (kind=<system class>, name=sun.misc.Launcher)
ROOT 5000012c (kind=<system class>, name=java.util.jar.Manifest)
ROOT 5000012d (kind=<system class>, name=java.net.URL)
ROOT 5000012e (kind=<system class>, name=java.net.URLClassLoader)
ROOT 5000012f (kind=<system class>, name=java.io.File)
ROOT 50000130 (kind=<system class>, name=java.io.ByteArrayInputStream)
ROOT 50000131 (kind=<system class>, name=java.io.InputStream)
ROOT 50000132 (kind=<system class>, name=java.io.Closeable)
ROOT 50000133 (kind=<system class>, name=java.lang.AutoCloseable)
ROOT 50000134 (kind=<system class>, name=sun.misc.Unsafe)
ROOT 50000135 (kind=<system class>, name=java.lang.StringBuilder)
ROOT 50000136 (kind=<system class>, name=java.lang.StringBuffer)
ROOT 50000137 (kind=<system class>, name=java.lang.AbstractStringBuilder)
ROOT 50000138 (kind=<system class>, name=java.lang.Appendable)
ROOT 50000139 (kind=<system class>, name=java.lang.invoke.VolatileCallSite)
ROOT 5000013a (kind=<system class>, name=java.lang.invoke.MutableCallSite)
ROOT 5000013b (kind=<system class>, name=java.lang.invoke.ConstantCallSite)
ROOT 5000013c (kind=<system class>, name=java.lang.invoke.CallSite)
ROOT 5000013d (kind=<system class>, name=java.lang.BootstrapMethodError)
ROOT 5000013e (kind=<system class>, name=java.lang.invoke.MethodType)
ROOT 5000013f (kind=<system class>, name=java.lang.invoke.LambdaForm)
ROOT 50000140 (kind=<system class>, name=java.lang.invoke.MethodHandleNatives)
ROOT 50000141 (kind=<system class>, name=java.lang.invoke.MemberName)
ROOT 50000142 (kind=<system class>, name=java.lang.invoke.DirectMethodHandle)
ROOT 50000143 (kind=<system class>, name=java.lang.invoke.MethodHandle)
ROOT 50000144 (kind=<system class>, name=sun.reflect.CallerSensitive)
ROOT 50000145 (kind=<system class>, name=java.lang.annotation.Annotation)
ROOT 50000146 (kind=<system class>, name=sun.reflect.UnsafeStaticFieldAccessorImpl)
ROOT 50000147 (kind=<system class>, name=sun.reflect.UnsafeFieldAccessorImpl)
ROOT 50000148 (kind=<system class>, name=sun.reflect.FieldAccessorImpl)
ROOT 50000149 (kind=<system class>, name=sun.reflect.FieldAccessor)
ROOT 5000014a (kind=<system class>, name=sun.reflect.ConstantPool)
ROOT 5000014b (kind=<system class>, name=sun.reflect.DelegatingClassLoader)
ROOT 5000014c (kind=<system class>, name=sun.reflect.ConstructorAccessorImpl)
ROOT 5000014d (kind=<system class>, name=sun.reflect.ConstructorAccessor)
ROOT 5000014e (kind=<system class>, name=sun.reflect.MethodAccessorImpl)
ROOT 5000014f (kind=<system class>, name=sun.reflect.MethodAccessor)
ROOT 50000150 (kind=<system class>, name=sun.reflect.MagicAccessorImpl)
ROOT 50000151 (kind=<system class>, name=java.lang.reflect.Constructor)
ROOT 50000152 (kind=<system class>, name=java.lang.reflect.Method)
ROOT 50000153 (kind=<system class>, name=java.lang.reflect.Executable)
ROOT 50000154 (kind=<system class>, name=java.lang.reflect.Parameter)
ROOT 50000155 (kind=<system class>, name=java.lang.reflect.Field)
ROOT 50000156 (kind=<system class>, name=java.lang.reflect.Member)
ROOT 50000157 (kind=<system class>, name=java.lang.reflect.AccessibleObject)
ROOT 50000158 (kind=<system class>, name=java.util.Properties)
ROOT 50000159 (kind=<system class>, name=java.util.Hashtable)
ROOT 5000015a (kind=<system class>, name=java.util.Dictionary)
ROOT 5000015b (kind=<system class>, name=java.util.Map)
ROOT 5000015c (kind=<system class>, name=java.lang.ThreadGroup)
ROOT 5000015d (kind=<system class>, name=java.lang.Thread$UncaughtExceptionHandler)
ROOT 5000015e (kind=<system class>, name=java.lang.Thread)
ROOT 5000015f (kind=<system class>, name=java.lang.Runnable)
ROOT 50000160 (kind=<system class>, name=java.lang.ref.Finalizer)
ROOT 50000161 (kind=<system class>, name=sun.misc.Cleaner)
ROOT 50000162 (kind=<system class>, name=java.lang.ref.PhantomReference)
ROOT 50000163 (kind=<system class>, name=java.lang.ref.FinalReference)
ROOT 50000164 (kind=<system class>, name=java.lang.ref.WeakReference)
ROOT 50000165 (kind=<system class>, name=java.lang.ref.SoftReference)
ROOT 50000166 (kind=<system class>, name=java.lang.ref.Reference)
ROOT 50000167 (kind=<system class>, name=java.lang.IllegalMonitorStateException)
ROOT 50000168 (kind=<system class>, name=java.lang.StackOverflowError)
ROOT 50000169 (kind=<system class>, name=java.lang.OutOfMemoryError)
ROOT 5000016a (kind=<system class>, name=java.lang.VirtualMachineError)
ROOT 5000016b (kind=<system class>, name=java.lang.ArrayStoreException)
ROOT 5000016c (kind=<system class>, name=java.lang.ClassCastException)
ROOT 5000016d (kind=<system class>, name=java.lang.NoClassDefFoundError)
ROOT 5000016e (kind=<system class>, name=java.lang.LinkageError)
ROOT 5000016f (kind=<system class>, name=java.lang.ClassNotFoundException)
ROOT 50000170 (kind=<system class>, name=java.lang.ReflectiveOperationException)
ROOT 50000171 (kind=<system class>, name=java.security.SecureClassLoader)
ROOT 50000172 (kind=<system class>, name=java.security.AccessControlContext)
ROOT 50000173 (kind=<system class>, name=java.security.ProtectionDomain)
ROOT 50000174 (kind=<system class>, name=java.lang.SecurityManager)
ROOT 50000175 (kind=<system class>, name=java.lang.RuntimeException)
ROOT 50000176 (kind=<system class>, name=java.lang.Exception)
ROOT 50000177 (kind=<system class>, name=java.lang.ThreadDeath)
ROOT 50000178 (kind=<system class>, name=java.lang.Error)
ROOT 50000179 (kind=<system class>, name=java.lang.Throwable)
ROOT 5000017a (kind=<system class>, name=java.lang.System)
ROOT 5000017b (kind=<system class>, name=java.lang.ClassLoader)
ROOT 5000017c (kind=<system class>, name=java.lang.Cloneable)
ROOT 5000017d (kind=<system class>, name=java.lang.Class)
ROOT 5000017e (kind=<system class>, name=java.lang.reflect.Type)
ROOT 5000017f (kind=<system class>, name=java.lang.reflect.GenericDeclaration)
ROOT 50000180 (kind=<system class>, name=java.lang.reflect.AnnotatedElement)
ROOT 50000181 (kind=<system class>, name=java.lang.String)
ROOT 50000182 (kind=<system class>, name=java.lang.CharSequence)
ROOT 50000183 (kind=<system class>, name=java.lang.Comparable)
ROOT 50000184 (kind=<system class>, name=java.io.Serializable)
ROOT 50000185 (kind=<system class>, name=java.lang.Object)
ROOT 50000186 (kind=<system class>, name=long[])
ROOT 50000f56 (kind=<system class>, name=java.lang.Class)
ROOT 50000187 (kind=<system class>, name=int[])
ROOT 50000f57 (kind=<system class>, name=java.lang.Class)
ROOT 50000188 (kind=<system class>, name=short[])
ROOT 50000f58 (kind=<system class>, name=java.lang.Class)
ROOT 50000189 (kind=<system class>, name=byte[])
ROOT 50000f59 (kind=<system class>, name=java.lang.Class)
ROOT 5000018a (kind=<system class>, name=double[])
ROOT 50000f5a (kind=<system class>, name=java.lang.Class)
ROOT 5000018b (kind=<system class>, name=float[])
ROOT 50000f5b (kind=<system class>, name=java.lang.Class)
ROOT 5000018c (kind=<system class>, name=char[])
ROOT 50000f5c (kind=<system class>, name=java.lang.Class)
ROOT 5000018d (kind=<system class>, name=boolean[])
ROOT 50000f5d (kind=<system class>, name=java.lang.Class)
ROOT 50000e66 (kind=<busy monitor>)
ROOT 50000e63 (kind=<busy monitor>)
ROOT 50000f57 (kind=<unknown>)
ROOT 50000f5b (kind=<unknown>)
ROOT 50000f5a (kind=<unknown>)
ROOT 50000f59 (kind=<unknown>)
ROOT 50000f5d (kind=<unknown>)
ROOT 50000f5c (kind=<unknown>)
ROOT 50000f56 (kind=<unknown>)
ROOT 50000f58 (kind=<unknown>)
ROOT 50000f5e (kind=<unknown>)
ROOT 50000f5d (kind=<unknown>)
ROOT 50000f5c (kind=<unknown>)
ROOT 50000f5b (kind=<unknown>)
ROOT 50000f5a (kind=<unknown>)
ROOT 50000f59 (kind=<unknown>)
ROOT 50000f58 (kind=<unknown>)
ROOT 50000f57 (kind=<unknown>)
ROOT 50000f56 (kind=<unknown>)
ROOT 50000f5e (kind=<unknown>)
ROOT 50000f5f (kind=<unknown>)
ROOT 50000f60 (kind=<unknown>)
ROOT 50000f61 (kind=<unknown>)
ROOT 50000f62 (kind=<unknown>)
ROOT 50000f63 (kind=<unknown>)
ROOT 50000f64 (kind=<unknown>)
ROOT 50000f65 (kind=<unknown>)
ROOT 50000f66 (kind=<unknown>)
ROOT 50000f67 (kind=<unknown>)
ROOT 50000f68 (kind=<unknown>)
ROOT 50000f69 (kind=<unknown>)
ROOT 50000f6a (kind=<unknown>)
ROOT 50000f6b (kind=<unknown>)
ROOT 50000f6c (kind=<unknown>)
ROOT 50000f6d (kind=<unknown>)
ROOT 50000f6e (kind=<unknown>)
ROOT 5000010b (kind=<unknown>)
ROOT 50000f6f (kind=<unknown>)
ROOT 50000f70 (kind=<unknown>)
ROOT 50000f71 (kind=<unknown>)
ROOT 5000010b (kind=<unknown>)
ROOT 5000010b (kind=<unknown>)
ROOT 5000010b (kind=<unknown>)
ROOT 50000f72 (kind=<unknown>)
ROOT 5000017a (kind=<unknown>)
ROOT 50000034 (kind=<unknown>)
ROOT 50000f73 (kind=<unknown>)
ROOT 5000015e (kind=<unknown>)
ROOT 5000010b (kind=<unknown>)
ROOT 5000010b (kind=<unknown>)
ROOT 5000010b (kind=<unknown>)
ROOT 50000f74 (kind=<unknown>)
ROOT 50000f72 (kind=<unknown>)
ROOT 5000010b (kind=<unknown>)
ROOT 50000f75 (kind=<unknown>)
ROOT 50000f75 (kind=<unknown>)
ROOT 5000017a (kind=<unknown>)
ROOT 50000f76 (kind=<unknown>)
ROOT 5000010b (kind=<unknown>)
ROOT 5000010b (kind=<unknown>)
ROOT 50000f72 (kind=<unknown>)
ROOT 5000010b (kind=<unknown>)
ROOT 50000f72 (kind=<unknown>)
ROOT 5000010b (kind=<unknown>)
ROOT 50000f72 (kind=<unknown>)
ROOT 50000f76 (kind=<unknown>)
ROOT 50000f76 (kind=<unknown>)
ROOT 50000f77 (kind=<unknown>)
OBJ 5000018e (sz=376, trace=300000, class=java.lang.Thread@5000015e)
OBJ 5000018f (sz=376, trace=300001, class=java.lang.Thread@5000015e)
OBJ 50000190 (sz=16, trace=300002, class=java.lang.Object@50000185)
OBJ 50000191 (sz=376, trace=300001, class=java.lang.Thread@5000015e)
OBJ 50000192 (sz=16, trace=300002, class=java.lang.Object@50000185)
OBJ 50000193 (sz=376, trace=300001, class=java.lang.Thread@5000015e)
OBJ 50000194 (sz=16, trace=300002, class=java.lang.Object@50000185)
ARR 50000196 (sz=24, trace=300004, nelems=0, elem type=java.lang.Object[]@5000011c)
OBJ 50000197 (sz=16, trace=300005, class=java.lang.Integer@5000011e)
OBJ 50000199 (sz=16, trace=300007, class=java.lang.invoke.MethodHandleImpl$1@50000198)
OBJ 5000019a (sz=24, trace=300008, class=java.lang.StringBuilder@50000135)
ARR 5000019b (sz=48, trace=300009, nelems=0, elem type=char[])
ARR 5000019c (sz=88, trace=300010, nelems=0, elem type=char[])
ARR 5000019d (sz=160, trace=300010, nelems=0, elem type=char[])
OBJ 5000019e (sz=24, trace=300011, class=java.lang.String@50000181)
ARR 5000019f (sz=104, trace=300012, nelems=0, elem type=char[])
OBJ 500001a0 (sz=16, trace=300013, class=java.lang.Integer@5000011e)
OBJ 500001a3 (sz=16, trace=300015, class=java.lang.invoke.MethodHandleImpl$2@500001a2)
OBJ 500001a5 (sz=16, trace=300017, class=java.lang.invoke.MethodHandleImpl$3@500001a4)
ARR 500001a7 (sz=24, trace=300018, nelems=0, elem type=java.lang.invoke.MethodHandle[]@500001a6)
ARR 500001a8 (sz=16, trace=300019, nelems=0, elem type=java.lang.Object[]@5000011c)
ARR 500001a9 (sz=1040, trace=300020, nelems=0, elem type=java.lang.invoke.MethodHandle[]@500001a6)
ARR 500001ae (sz=24, trace=300023, nelems=0, elem type=java.lang.ClassValue$Entry[]@500001ad)
OBJ 500001af (sz=16, trace=300024, class=java.util.concurrent.atomic.AtomicInteger@500000c6)
OBJ 500001b0 (sz=16, trace=300025, class=java.lang.Object@50000185)
OBJ 500001b1 (sz=24, trace=300026, class=java.lang.invoke.MethodHandleImpl$4@500001ab)
	identity	500001b3
	version		500001b5
OBJ 500001b3 (sz=16, trace=300028, class=java.lang.ClassValue$Identity@500001b2)
OBJ 500001b5 (sz=24, trace=300030, class=java.lang.ClassValue$Version@500001b4)
	classValue	500001b1
	promise		500001b7
OBJ 500001b6 (sz=32, trace=300031, class=java.lang.ClassValue$Entry@500001ac)
	queue		500010b3
OBJ 500001b7 (sz=32, trace=300032, class=java.lang.ClassValue$Entry@500001ac)
	referent	500001b5
	queue		500010b3
	value		500001b7
OBJ 500001b9 (sz=16, trace=300034, class=java.lang.invoke.MemberName$Factory@500001b8)
ARR 500001bb (sz=56, trace=300036, nelems=0, elem type=java.lang.Object[]@5000011c)
OBJ 500001bd (sz=16, trace=300038, class=java.lang.invoke.MethodHandleStatics$1@500001bc)
OBJ 500001be (sz=56, trace=300039, class=java.lang.Class$ReflectionData@500000c4)
OBJ 500001bf (sz=40, trace=300040, class=java.lang.ref.SoftReference@50000165)
OBJ 500001c0 (sz=72, trace=300041, class=java.lang.reflect.Field@50000155)
OBJ 500001c1 (sz=376, trace=300001, class=java.lang.Thread@5000015e)
OBJ 500001c2 (sz=16, trace=300002, class=java.lang.Object@50000185)
OBJ 500001c5 (sz=16, trace=300043, class=java.lang.Object@50000185)
OBJ 500001c7 (sz=56, trace=300039, class=java.lang.Class$ReflectionData@500000c4)
OBJ 500001c8 (sz=40, trace=300040, class=java.lang.ref.SoftReference@50000165)
OBJ 500001c9 (sz=72, trace=300041, class=java.lang.reflect.Field@50000155)
OBJ 500001ca (sz=16, trace=300045, class=java.util.concurrent.atomic.AtomicBoolean@500001c6)
OBJ 500001cc (sz=24, trace=300047, class=sun.usagetracker.UsageTrackerClient$1@500001cb)
OBJ 500001cd (sz=16, trace=300048, class=sun.usagetracker.UsageTrackerClient@500001c4)
OBJ 500001ce (sz=24, trace=300049, class=java.lang.StringBuilder@50000135)
ARR 500001cf (sz=48, trace=300050, nelems=0, elem type=char[])
ARR 500001d0 (sz=88, trace=300010, nelems=0, elem type=char[])
ARR 500001d1 (sz=160, trace=300010, nelems=0, elem type=char[])
OBJ 500001d2 (sz=24, trace=300051, class=java.lang.String@50000181)
ARR 500001d3 (sz=120, trace=300052, nelems=0, elem type=char[])
OBJ 500001d5 (sz=24, trace=300054, class=sun.usagetracker.UsageTrackerClient$4@500001d4)
ARR 500001d6 (sz=32, trace=300055, nelems=0, elem type=java.lang.String[]@500000db)
OBJ 500001d7 (sz=24, trace=300056, class=sun.usagetracker.UsageTrackerClient$1@500001cb)
OBJ 500001d8 (sz=24, trace=300057, class=sun.usagetracker.UsageTrackerClient$1@500001cb)
ARR 500001d9 (sz=40, trace=300058, nelems=0, elem type=char[])
OBJ 500001da (sz=24, trace=300059, class=java.lang.String@50000181)
ARR 500001db (sz=40, trace=300060, nelems=0, elem type=char[])
ARR 500001dc (sz=40, trace=300061, nelems=0, elem type=char[])
OBJ 500001dd (sz=24, trace=300062, class=java.lang.String@50000181)
ARR 500001de (sz=40, trace=300060, nelems=0, elem type=char[])
ARR 500001df (sz=40, trace=300063, nelems=0, elem type=char[])
OBJ 500001e0 (sz=24, trace=300064, class=java.lang.String@50000181)
ARR 500001e1 (sz=40, trace=300060, nelems=0, elem type=char[])
OBJ 500001e3 (sz=16, trace=300066, class=sun.usagetracker.UsageTrackerClient$2@500001e2)
OBJ 500001e6 (sz=16, trace=300069, class=java.lang.ProcessEnvironment$NameComparator@500001e5)
OBJ 500001e8 (sz=16, trace=300071, class=java.lang.ProcessEnvironment$EntryComparator@500001e7)
OBJ 500001e9 (sz=48, trace=300072, class=java.lang.ProcessEnvironment@500001e4)
	table		500002e4
	entrySet	500002f2
OBJ 500001eb (sz=32, trace=300074, class=java.util.Collections$UnmodifiableMap@500001ea)
	m		500001e9
OBJ 500001ec (sz=24, trace=300075, class=java.lang.String@50000181)
	value		500001ed
ARR 500001ed (sz=32, trace=300076, nelems=16, elem type=char[])
OBJ 500001ee (sz=24, trace=300077, class=java.lang.String@50000181)
	value		500001ef
ARR 500001ef (sz=16, trace=300078, nelems=8, elem type=char[])
ARR 500001f0 (sz=80, trace=300079, nelems=0, elem type=java.util.HashMap$Node[]@500000d5)
OBJ 500001f1 (sz=32, trace=300080, class=java.util.HashMap$Node@500000d7)
	key		500001ec
	value		500001ee
	next		500002b1
OBJ 500001f2 (sz=24, trace=300075, class=java.lang.String@50000181)
	value		500001f3
ARR 500001f3 (sz=6, trace=300076, nelems=3, elem type=char[])
OBJ 500001f4 (sz=24, trace=300077, class=java.lang.String@50000181)
	value		500001f5
ARR 500001f5 (sz=6, trace=300078, nelems=3, elem type=char[])
OBJ 500001f6 (sz=32, trace=300080, class=java.util.HashMap$Node@500000d7)
	key		500001f2
	value		500001f4
OBJ 500001f7 (sz=24, trace=300075, class=java.lang.String@50000181)
	value		500001f8
ARR 500001f8 (sz=6, trace=300076, nelems=3, elem type=char[])
OBJ 500001f9 (sz=24, trace=300077, class=java.lang.String@50000181)
	value		500001fa
ARR 500001fa (sz=50, trace=300078, nelems=25, elem type=char[])
OBJ 500001fb (sz=32, trace=300080, class=java.util.HashMap$Node@500000d7)
	key		500001f7
	value		500001f9
	next		5000020f
OBJ 500001fc (sz=24, trace=300075, class=java.lang.String@50000181)
	value		500001fd
ARR 500001fd (sz=6, trace=300076, nelems=3, elem type=char[])
OBJ 500001fe (sz=24, trace=300077, class=java.lang.String@50000181)
	value		500001ff
ARR 500001ff (sz=128, trace=300078, nelems=64, elem type=char[])
OBJ 50000200 (sz=32, trace=300081, class=java.util.HashMap$Node@500000d7)
	key		500001fc
	value		500001fe
	next		50000205
OBJ 50000201 (sz=24, trace=300075, class=java.lang.String@50000181)
	value		50000202
ARR 50000202 (sz=18, trace=300076, nelems=9, elem type=char[])
OBJ 50000203 (sz=24, trace=300077, class=java.lang.String@50000181)
	value		50000204
ARR 50000204 (sz=16, trace=300078, nelems=8, elem type=char[])
OBJ 50000205 (sz=32, trace=300081, class=java.util.HashMap$Node@500000d7)
	key		50000201
	value		50000203
OBJ 50000206 (sz=24, trace=300075, class=java.lang.String@50000181)
	value		50000207
ARR 50000207 (sz=30, trace=300076, nelems=15, elem type=char[])
OBJ 50000208 (sz=24, trace=300077, class=java.lang.String@50000181)
	value		50000209
ARR 50000209 (sz=28, trace=300078, nelems=14, elem type=char[])
OBJ 5000020a (sz=32, trace=300080, class=java.util.HashMap$Node@500000d7)
	key		50000206
	value		50000208
OBJ 5000020b (sz=24, trace=300075, class=java.lang.String@50000181)
	value		5000020c
ARR 5000020c (sz=14, trace=300076, nelems=7, elem type=char[])
OBJ 5000020d (sz=24, trace=300077, class=java.lang.String@50000181)
	value		5000020e
ARR 5000020e (sz=82, trace=300078, nelems=41, elem type=char[])
OBJ 5000020f (sz=32, trace=300081, class=java.util.HashMap$Node@500000d7)
	key		5000020b
	value		5000020d
OBJ 50000210 (sz=24, trace=300075, class=java.lang.String@50000181)
	value		50000211
ARR 50000211 (sz=18, trace=300076, nelems=9, elem type=char[])
OBJ 50000212 (sz=24, trace=300077, class=java.lang.String@50000181)
	value		50000213
ARR 50000213 (sz=190, trace=300078, nelems=95, elem type=char[])
OBJ 50000214 (sz=32, trace=300081, class=java.util.HashMap$Node@500000d7)
	key		50000210
	value		50000212
	next		50000223
OBJ 50000215 (sz=24, trace=300075, class=java.lang.String@50000181)
	value		50000216
ARR 50000216 (sz=36, trace=300076, nelems=18, elem type=char[])
OBJ 50000217 (sz=24, trace=300077, class=java.lang.String@50000181)
	value		50000218
ARR 50000218 (sz=58, trace=300078, nelems=29, elem type=char[])
OBJ 50000219 (sz=32, trace=300080, class=java.util.HashMap$Node@500000d7)
	key		50000215
	value		50000217
	next		5000026a
OBJ 5000021a (sz=24, trace=300075, class=java.lang.String@50000181)
	value		5000021b
ARR 5000021b (sz=46, trace=300076, nelems=23, elem type=char[])
OBJ 5000021c (sz=24, trace=300077, class=java.lang.String@50000181)
	value		5000021d
ARR 5000021d (sz=70, trace=300078, nelems=35, elem type=char[])
OBJ 5000021e (sz=32, trace=300080, class=java.util.HashMap$Node@500000d7)
	key		5000021a
	value		5000021c
OBJ 5000021f (sz=24, trace=300075, class=java.lang.String@50000181)
	value		50000220
ARR 50000220 (sz=36, trace=300076, nelems=18, elem type=char[])
OBJ 50000221 (sz=24, trace=300077, class=java.lang.String@50000181)
	value		50000222
ARR 50000222 (sz=58, trace=300078, nelems=29, elem type=char[])
OBJ 50000223 (sz=32, trace=300081, class=java.util.HashMap$Node@500000d7)
	key		5000021f
	value		50000221
OBJ 50000224 (sz=24, trace=300075, class=java.lang.String@50000181)
	value		50000225
ARR 50000225 (sz=24, trace=300076, nelems=12, elem type=char[])
OBJ 50000226 (sz=24, trace=300077, class=java.lang.String@50000181)
	value		50000227
ARR 50000227 (sz=26, trace=300078, nelems=13, elem type=char[])
OBJ 50000228 (sz=32, trace=300080, class=java.util.HashMap$Node@500000d7)
	key		50000224
	value		50000226
OBJ 50000229 (sz=24, trace=300075, class=java.lang.String@50000181)
	value		5000022a
ARR 5000022a (sz=14, trace=300076, nelems=7, elem type=char[])
OBJ 5000022b (sz=24, trace=300077, class=java.lang.String@50000181)
	value		5000022c
ARR 5000022c (sz=54, trace=300078, nelems=27, elem type=char[])
OBJ 5000022d (sz=32, trace=300080, class=java.util.HashMap$Node@500000d7)
	key		50000229
	value		5000022b
ARR 5000022e (sz=144, trace=300082, nelems=0, elem type=java.util.HashMap$Node[]@500000d5)
OBJ 5000022f (sz=24, trace=300075, class=java.lang.String@50000181)
	value		50000230
ARR 50000230 (sz=22, trace=300076, nelems=11, elem type=char[])
OBJ 50000231 (sz=24, trace=300077, class=java.lang.String@50000181)
	value		50000232
ARR 50000232 (sz=46, trace=300078, nelems=23, elem type=char[])
OBJ 50000233 (sz=32, trace=300080, class=java.util.HashMap$Node@500000d7)
	key		5000022f
	value		50000231
OBJ 50000234 (sz=24, trace=300075, class=java.lang.String@50000181)
	value		50000235
ARR 50000235 (sz=32, trace=300076, nelems=16, elem type=char[])
OBJ 50000236 (sz=24, trace=300077, class=java.lang.String@50000181)
	value		50000237
ARR 50000237 (sz=4, trace=300078, nelems=2, elem type=char[])
OBJ 50000238 (sz=32, trace=300080, class=java.util.HashMap$Node@500000d7)
	key		50000234
	value		50000236
OBJ 50000239 (sz=24, trace=300075, class=java.lang.String@50000181)
	value		5000023a
ARR 5000023a (sz=22, trace=300076, nelems=11, elem type=char[])
OBJ 5000023b (sz=24, trace=300077, class=java.lang.String@50000181)
	value		5000023c
ARR 5000023c (sz=84, trace=300078, nelems=42, elem type=char[])
OBJ 5000023d (sz=32, trace=300080, class=java.util.HashMap$Node@500000d7)
	key		50000239
	value		5000023b
OBJ 5000023e (sz=24, trace=300075, class=java.lang.String@50000181)
	value		5000023f
ARR 5000023f (sz=18, trace=300076, nelems=9, elem type=char[])
OBJ 50000240 (sz=24, trace=300077, class=java.lang.String@50000181)
	value		50000241
ARR 50000241 (sz=4, trace=300078, nelems=2, elem type=char[])
OBJ 50000242 (sz=32, trace=300080, class=java.util.HashMap$Node@500000d7)
	key		5000023e
	value		50000240
	next		500002de
OBJ 50000243 (sz=24, trace=300075, class=java.lang.String@50000181)
	value		50000244
ARR 50000244 (sz=16, trace=300076, nelems=8, elem type=char[])
OBJ 50000245 (sz=24, trace=300077, class=java.lang.String@50000181)
	value		50000246
ARR 50000246 (sz=46, trace=300078, nelems=23, elem type=char[])
OBJ 50000247 (sz=32, trace=300080, class=java.util.HashMap$Node@500000d7)
	key		50000243
	value		50000245
OBJ 50000248 (sz=24, trace=300075, class=java.lang.String@50000181)
	value		50000249
ARR 50000249 (sz=18, trace=300076, nelems=9, elem type=char[])
OBJ 5000024a (sz=24, trace=300077, class=java.lang.String@50000181)
	value		5000024b
ARR 5000024b (sz=66, trace=300078, nelems=33, elem type=char[])
OBJ 5000024c (sz=32, trace=300080, class=java.util.HashMap$Node@500000d7)
	key		50000248
	value		5000024a
	next		5000029d
OBJ 5000024d (sz=24, trace=300075, class=java.lang.String@50000181)
	value		5000024e
ARR 5000024e (sz=24, trace=300076, nelems=12, elem type=char[])
OBJ 5000024f (sz=24, trace=300077, class=java.lang.String@50000181)
	value		50000250
ARR 50000250 (sz=78, trace=300078, nelems=39, elem type=char[])
OBJ 50000251 (sz=32, trace=300081, class=java.util.HashMap$Node@500000d7)
	key		5000024d
	value		5000024f
OBJ 50000252 (sz=24, trace=300075, class=java.lang.String@50000181)
	value		50000253
ARR 50000253 (sz=22, trace=300076, nelems=11, elem type=char[])
OBJ 50000254 (sz=24, trace=300077, class=java.lang.String@50000181)
	value		50000255
ARR 50000255 (sz=22, trace=300078, nelems=11, elem type=char[])
OBJ 50000256 (sz=32, trace=300080, class=java.util.HashMap$Node@500000d7)
	key		50000252
	value		50000254
OBJ 50000257 (sz=24, trace=300075, class=java.lang.String@50000181)
	value		50000258
ARR 50000258 (sz=20, trace=300076, nelems=10, elem type=char[])
OBJ 50000259 (sz=24, trace=300077, class=java.lang.String@50000181)
	value		5000025a
ARR 5000025a (sz=42, trace=300078, nelems=21, elem type=char[])
OBJ 5000025b (sz=32, trace=300081, class=java.util.HashMap$Node@500000d7)
	key		50000257
	value		50000259
OBJ 5000025c (sz=24, trace=300075, class=java.lang.String@50000181)
	value		5000025d
ARR 5000025d (sz=40, trace=300076, nelems=20, elem type=char[])
OBJ 5000025e (sz=24, trace=300077, class=java.lang.String@50000181)
	value		5000025f
ARR 5000025f (sz=2, trace=300078, nelems=1, elem type=char[])
OBJ 50000260 (sz=32, trace=300080, class=java.util.HashMap$Node@500000d7)
	key		5000025c
	value		5000025e
OBJ 50000261 (sz=24, trace=300075, class=java.lang.String@50000181)
	value		50000262
ARR 50000262 (sz=4, trace=300076, nelems=2, elem type=char[])
OBJ 50000263 (sz=24, trace=300077, class=java.lang.String@50000181)
	value		50000264
ARR 50000264 (sz=20, trace=300078, nelems=10, elem type=char[])
OBJ 50000265 (sz=32, trace=300080, class=java.util.HashMap$Node@500000d7)
	key		50000261
	value		50000263
OBJ 50000266 (sz=24, trace=300075, class=java.lang.String@50000181)
	value		50000267
ARR 50000267 (sz=8, trace=300076, nelems=4, elem type=char[])
OBJ 50000268 (sz=24, trace=300077, class=java.lang.String@50000181)
	value		50000269
ARR 50000269 (sz=2050, trace=300078, nelems=1025, elem type=char[])
OBJ 5000026a (sz=32, trace=300081, class=java.util.HashMap$Node@500000d7)
	key		50000266
	value		50000268
ARR 5000026b (sz=272, trace=300082, nelems=0, elem type=java.util.HashMap$Node[]@500000d5)
OBJ 5000026c (sz=24, trace=300075, class=java.lang.String@50000181)
	value		5000026d
ARR 5000026d (sz=14, trace=300076, nelems=7, elem type=char[])
OBJ 5000026e (sz=24, trace=300077, class=java.lang.String@50000181)
	value		5000026f
ARR 5000026f (sz=106, trace=300078, nelems=53, elem type=char[])
OBJ 50000270 (sz=32, trace=300080, class=java.util.HashMap$Node@500000d7)
	key		5000026c
	value		5000026e
OBJ 50000271 (sz=24, trace=300075, class=java.lang.String@50000181)
	value		50000272
ARR 50000272 (sz=44, trace=300076, nelems=22, elem type=char[])
OBJ 50000273 (sz=24, trace=300077, class=java.lang.String@50000181)
	value		50000274
ARR 50000274 (sz=10, trace=300078, nelems=5, elem type=char[])
OBJ 50000275 (sz=32, trace=300080, class=java.util.HashMap$Node@500000d7)
	key		50000271
	value		50000273
OBJ 50000276 (sz=24, trace=300075, class=java.lang.String@50000181)
	value		50000277
ARR 50000277 (sz=40, trace=300076, nelems=20, elem type=char[])
OBJ 50000278 (sz=24, trace=300077, class=java.lang.String@50000181)
	value		50000279
ARR 50000279 (sz=100, trace=300078, nelems=50, elem type=char[])
OBJ 5000027a (sz=32, trace=300081, class=java.util.HashMap$Node@500000d7)
	key		50000276
	value		50000278
OBJ 5000027b (sz=24, trace=300075, class=java.lang.String@50000181)
	value		5000027c
ARR 5000027c (sz=30, trace=300076, nelems=15, elem type=char[])
OBJ 5000027d (sz=24, trace=300077, class=java.lang.String@50000181)
	value		5000027e
ARR 5000027e (sz=2, trace=300078, nelems=1, elem type=char[])
OBJ 5000027f (sz=32, trace=300080, class=java.util.HashMap$Node@500000d7)
	key		5000027b
	value		5000027d
OBJ 50000280 (sz=24, trace=300075, class=java.lang.String@50000181)
	value		50000281
ARR 50000281 (sz=36, trace=300076, nelems=18, elem type=char[])
OBJ 50000282 (sz=24, trace=300077, class=java.lang.String@50000181)
	value		50000283
ARR 50000283 (sz=8, trace=300078, nelems=4, elem type=char[])
OBJ 50000284 (sz=32, trace=300080, class=java.util.HashMap$Node@500000d7)
	key		50000280
	value		50000282
OBJ 50000285 (sz=24, trace=300075, class=java.lang.String@50000181)
	value		50000286
ARR 50000286 (sz=22, trace=300076, nelems=11, elem type=char[])
OBJ 50000287 (sz=24, trace=300077, class=java.lang.String@50000181)
	value		50000288
ARR 50000288 (sz=28, trace=300078, nelems=14, elem type=char[])
OBJ 50000289 (sz=32, trace=300080, class=java.util.HashMap$Node@500000d7)
	key		50000285
	value		50000287
OBJ 5000028a (sz=24, trace=300075, class=java.lang.String@50000181)
	value		5000028b
ARR 5000028b (sz=24, trace=300076, nelems=12, elem type=char[])
OBJ 5000028c (sz=24, trace=300077, class=java.lang.String@50000181)
	value		5000028d
ARR 5000028d (sz=32, trace=300078, nelems=16, elem type=char[])
OBJ 5000028e (sz=32, trace=300081, class=java.util.HashMap$Node@500000d7)
	key		5000028a
	value		5000028c
	next		500002a7
OBJ 5000028f (sz=24, trace=300075, class=java.lang.String@50000181)
	value		50000290
ARR 50000290 (sz=34, trace=300076, nelems=17, elem type=char[])
OBJ 50000291 (sz=24, trace=300077, class=java.lang.String@50000181)
	value		50000292
ARR 50000292 (sz=44, trace=300078, nelems=22, elem type=char[])
OBJ 50000293 (sz=32, trace=300080, class=java.util.HashMap$Node@500000d7)
	key		5000028f
	value		50000291
OBJ 50000294 (sz=24, trace=300075, class=java.lang.String@50000181)
	value		50000295
ARR 50000295 (sz=24, trace=300076, nelems=12, elem type=char[])
OBJ 50000296 (sz=24, trace=300077, class=java.lang.String@50000181)
	value		50000297
ARR 50000297 (sz=32, trace=300078, nelems=16, elem type=char[])
OBJ 50000298 (sz=32, trace=300080, class=java.util.HashMap$Node@500000d7)
	key		50000294
	value		50000296
OBJ 50000299 (sz=24, trace=300075, class=java.lang.String@50000181)
	value		5000029a
ARR 5000029a (sz=12, trace=300076, nelems=6, elem type=char[])
OBJ 5000029b (sz=24, trace=300077, class=java.lang.String@50000181)
	value		5000029c
ARR 5000029c (sz=8, trace=300078, nelems=4, elem type=char[])
OBJ 5000029d (sz=32, trace=300081, class=java.util.HashMap$Node@500000d7)
	key		50000299
	value		5000029b
OBJ 5000029e (sz=24, trace=300075, class=java.lang.String@50000181)
	value		5000029f
ARR 5000029f (sz=24, trace=300076, nelems=12, elem type=char[])
OBJ 500002a0 (sz=24, trace=300077, class=java.lang.String@50000181)
	value		500002a1
ARR 500002a1 (sz=102, trace=300078, nelems=51, elem type=char[])
OBJ 500002a2 (sz=32, trace=300081, class=java.util.HashMap$Node@500000d7)
	key		5000029e
	value		500002a0
OBJ 500002a3 (sz=24, trace=300075, class=java.lang.String@50000181)
	value		500002a4
ARR 500002a4 (sz=12, trace=300076, nelems=6, elem type=char[])
OBJ 500002a5 (sz=24, trace=300077, class=java.lang.String@50000181)
	value		500002a6
ARR 500002a6 (sz=30, trace=300078, nelems=15, elem type=char[])
OBJ 500002a7 (sz=32, trace=300081, class=java.util.HashMap$Node@500000d7)
	key		500002a3
	value		500002a5
OBJ 500002a8 (sz=24, trace=300075, class=java.lang.String@50000181)
	value		500002a9
ARR 500002a9 (sz=26, trace=300076, nelems=13, elem type=char[])
OBJ 500002aa (sz=24, trace=300077, class=java.lang.String@50000181)
	value		500002ab
ARR 500002ab (sz=76, trace=300078, nelems=38, elem type=char[])
OBJ 500002ac (sz=32, trace=300081, class=java.util.HashMap$Node@500000d7)
	key		500002a8
	value		500002aa
OBJ 500002ad (sz=24, trace=300075, class=java.lang.String@50000181)
	value		500002ae
ARR 500002ae (sz=18, trace=300076, nelems=9, elem type=char[])
OBJ 500002af (sz=24, trace=300077, class=java.lang.String@50000181)
	value		500002b0
ARR 500002b0 (sz=18, trace=300078, nelems=9, elem type=char[])
OBJ 500002b1 (sz=32, trace=300081, class=java.util.HashMap$Node@500000d7)
	key		500002ad
	value		500002af
OBJ 500002b2 (sz=24, trace=300075, class=java.lang.String@50000181)
	value		500002b3
ARR 500002b3 (sz=22, trace=300076, nelems=11, elem type=char[])
OBJ 500002b4 (sz=24, trace=300077, class=java.lang.String@50000181)
	value		500002b5
ARR 500002b5 (sz=14, trace=300078, nelems=7, elem type=char[])
OBJ 500002b6 (sz=32, trace=300080, class=java.util.HashMap$Node@500000d7)
	key		500002b2
	value		500002b4
OBJ 500002b7 (sz=24, trace=300075, class=java.lang.String@50000181)
	value		500002b8
ARR 500002b8 (sz=22, trace=300076, nelems=11, elem type=char[])
OBJ 500002b9 (sz=24, trace=300077, class=java.lang.String@50000181)
	value		500002ba
ARR 500002ba (sz=4, trace=300078, nelems=2, elem type=char[])
OBJ 500002bb (sz=32, trace=300080, class=java.util.HashMap$Node@500000d7)
	key		500002b7
	value		500002b9
OBJ 500002bc (sz=24, trace=300075, class=java.lang.String@50000181)
	value		500002bd
ARR 500002bd (sz=20, trace=300076, nelems=10, elem type=char[])
OBJ 500002be (sz=24, trace=300077, class=java.lang.String@50000181)
	value		500002bf
ARR 500002bf (sz=20, trace=300078, nelems=10, elem type=char[])
OBJ 500002c0 (sz=32, trace=300081, class=java.util.HashMap$Node@500000d7)
	key		500002bc
	value		500002be
	next		500002c5
OBJ 500002c1 (sz=24, trace=300075, class=java.lang.String@50000181)
	value		500002c2
ARR 500002c2 (sz=8, trace=300076, nelems=4, elem type=char[])
OBJ 500002c3 (sz=24, trace=300077, class=java.lang.String@50000181)
	value		500002c4
ARR 500002c4 (sz=78, trace=300078, nelems=39, elem type=char[])
OBJ 500002c5 (sz=32, trace=300081, class=java.util.HashMap$Node@500000d7)
	key		500002c1
	value		500002c3
OBJ 500002c6 (sz=24, trace=300075, class=java.lang.String@50000181)
	value		500002c7
ARR 500002c7 (sz=6, trace=300076, nelems=3, elem type=char[])
OBJ 500002c8 (sz=24, trace=300077, class=java.lang.String@50000181)
	value		500002c9
ARR 500002c9 (sz=78, trace=300078, nelems=39, elem type=char[])
OBJ 500002ca (sz=32, trace=300080, class=java.util.HashMap$Node@500000d7)
	key		500002c6
	value		500002c8
OBJ 500002cb (sz=24, trace=300075, class=java.lang.String@50000181)
	value		500002cc
ARR 500002cc (sz=26, trace=300076, nelems=13, elem type=char[])
OBJ 500002cd (sz=24, trace=300077, class=java.lang.String@50000181)
	value		500002ce
ARR 500002ce (sz=28, trace=300078, nelems=14, elem type=char[])
OBJ 500002cf (sz=32, trace=300080, class=java.util.HashMap$Node@500000d7)
	key		500002cb
	value		500002cd
OBJ 500002d0 (sz=24, trace=300075, class=java.lang.String@50000181)
	value		500002d1
ARR 500002d1 (sz=20, trace=300076, nelems=10, elem type=char[])
OBJ 500002d2 (sz=24, trace=300077, class=java.lang.String@50000181)
	value		500002d3
ARR 500002d3 (sz=4, trace=300078, nelems=2, elem type=char[])
OBJ 500002d4 (sz=32, trace=300080, class=java.util.HashMap$Node@500000d7)
	key		500002d0
	value		500002d2
OBJ 500002d5 (sz=24, trace=300075, class=java.lang.String@50000181)
	value		500002d6
ARR 500002d6 (sz=16, trace=300076, nelems=8, elem type=char[])
OBJ 500002d7 (sz=24, trace=300077, class=java.lang.String@50000181)
	value		500002d8
ARR 500002d8 (sz=26, trace=300078, nelems=13, elem type=char[])
OBJ 500002d9 (sz=32, trace=300080, class=java.util.HashMap$Node@500000d7)
	key		500002d5
	value		500002d7
OBJ 500002da (sz=24, trace=300075, class=java.lang.String@50000181)
	value		500002db
ARR 500002db (sz=22, trace=300076, nelems=11, elem type=char[])
OBJ 500002dc (sz=24, trace=300077, class=java.lang.String@50000181)
	value		500002dd
ARR 500002dd (sz=50, trace=300078, nelems=25, elem type=char[])
OBJ 500002de (sz=32, trace=300081, class=java.util.HashMap$Node@500000d7)
	key		500002da
	value		500002dc
OBJ 500002df (sz=24, trace=300075, class=java.lang.String@50000181)
	value		500002e0
ARR 500002e0 (sz=12, trace=300076, nelems=6, elem type=char[])
OBJ 500002e1 (sz=24, trace=300077, class=java.lang.String@50000181)
	value		500002e2
ARR 500002e2 (sz=20, trace=300078, nelems=10, elem type=char[])
OBJ 500002e3 (sz=32, trace=300081, class=java.util.HashMap$Node@500000d7)
	key		500002df
	value		500002e1
ARR 500002e4 (sz=528, trace=300082, nelems=123, elem type=java.util.HashMap$Node[]@500000d5)
	[3]		5000027f
	[5]		50000238
	[9]		500002b6
	[10]		5000020a
	[12]		50000275
	[15]		500002a2
	[16]		500002bb
	[18]		50000200
	[19]		5000025b
	[20]		500002ac
	[25]		500002d9
	[27]		500002cf
	[29]		50000293
	[35]		50000270
	[48]		50000289
	[49]		50000298
	[51]		50000247
	[53]		5000027a
	[57]		5000028e
	[58]		500002e3
	[61]		500001f6
	[66]		50000251
	[70]		500002d4
	[71]		50000256
	[72]		5000024c
	[79]		5000023d
	[81]		50000233
	[84]		500001fb
	[91]		500002ee
	[96]		50000219
	[98]		500001f1
	[100]		50000265
	[101]		500002e9
	[102]		50000228
	[108]		50000284
	[109]		50000214
	[110]		5000022d
	[115]		500002c0
	[117]		50000242
	[118]		500002ca
	[121]		5000021e
	[122]		50000260
OBJ 500002e5 (sz=24, trace=300075, class=java.lang.String@50000181)
	value		500002e6
ARR 500002e6 (sz=42, trace=300076, nelems=21, elem type=char[])
OBJ 500002e7 (sz=24, trace=300077, class=java.lang.String@50000181)
	value		500002e8
ARR 500002e8 (sz=2, trace=300078, nelems=1, elem type=char[])
OBJ 500002e9 (sz=32, trace=300080, class=java.util.HashMap$Node@500000d7)
	key		500002e5
	value		500002e7
OBJ 500002ea (sz=24, trace=300075, class=java.lang.String@50000181)
	value		500002eb
ARR 500002eb (sz=46, trace=300076, nelems=23, elem type=char[])
OBJ 500002ec (sz=24, trace=300077, class=java.lang.String@50000181)
	value		500002ed
ARR 500002ed (sz=90, trace=300078, nelems=45, elem type=char[])
OBJ 500002ee (sz=32, trace=300080, class=java.util.HashMap$Node@500000d7)
	key		500002ea
	value		500002ec
OBJ 500002ef (sz=48, trace=300083, class=java.util.TreeMap@500000a8)
	comparator	500001e6
	root		500002fb
OBJ 500002f2 (sz=16, trace=300086, class=java.util.HashMap$EntrySet@500002f1)
	this$0		500001e9
OBJ 500002f3 (sz=16, trace=300087, class=java.lang.ProcessEnvironment$CheckedEntrySet@500002f0)
OBJ 500002f5 (sz=24, trace=300089, class=java.lang.ProcessEnvironment$CheckedEntrySet$1@500002f4)
OBJ 500002f8 (sz=40, trace=300091, class=java.util.HashMap$EntryIterator@500002f7)
OBJ 500002fa (sz=16, trace=300093, class=java.lang.ProcessEnvironment$CheckedEntry@500002f9)
OBJ 500002fb (sz=40, trace=300094, class=java.util.TreeMap$Entry@500000a6)
	key		5000027b
	value		5000027d
	left		500002fd
	right		50000305
OBJ 500002fc (sz=16, trace=300093, class=java.lang.ProcessEnvironment$CheckedEntry@500002f9)
OBJ 500002fd (sz=40, trace=300095, class=java.util.TreeMap$Entry@500000a6)
	key		50000234
	value		50000236
	left		5000030b
	right		5000030d
	parent		500002fb
OBJ 500002fe (sz=16, trace=300093, class=java.lang.ProcessEnvironment$CheckedEntry@500002f9)
OBJ 500002ff (sz=40, trace=300095, class=java.util.TreeMap$Entry@500000a6)
	key		500002b2
	value		500002b4
	left		5000030f
	right		50000353
	parent		50000313
OBJ 50000300 (sz=16, trace=300093, class=java.lang.ProcessEnvironment$CheckedEntry@500002f9)
OBJ 50000301 (sz=40, trace=300095, class=java.util.TreeMap$Entry@500000a6)
	key		50000206
	value		50000208
	parent		50000339
OBJ 50000302 (sz=16, trace=300093, class=java.lang.ProcessEnvironment$CheckedEntry@500002f9)
OBJ 50000303 (sz=40, trace=300095, class=java.util.TreeMap$Entry@500000a6)
	key		50000271
	value		50000273
	right		5000031f
	parent		50000317
OBJ 50000304 (sz=16, trace=300093, class=java.lang.ProcessEnvironment$CheckedEntry@500002f9)
OBJ 50000305 (sz=40, trace=300095, class=java.util.TreeMap$Entry@500000a6)
	key		5000029e
	value		500002a0
	left		50000315
	right		50000313
	parent		500002fb
OBJ 50000306 (sz=16, trace=300093, class=java.lang.ProcessEnvironment$CheckedEntry@500002f9)
OBJ 50000307 (sz=40, trace=300095, class=java.util.TreeMap$Entry@500000a6)
	key		500002b7
	value		500002b9
	parent		50000353
OBJ 50000308 (sz=16, trace=300093, class=java.lang.ProcessEnvironment$CheckedEntry@500002f9)
OBJ 50000309 (sz=40, trace=300095, class=java.util.TreeMap$Entry@500000a6)
	key		500001fc
	value		500001fe
	parent		50000337
OBJ 5000030a (sz=16, trace=300093, class=java.lang.ProcessEnvironment$CheckedEntry@500002f9)
OBJ 5000030b (sz=40, trace=300095, class=java.util.TreeMap$Entry@500000a6)
	key		50000201
	value		50000203
	left		50000337
	right		5000033d
	parent		500002fd
OBJ 5000030c (sz=16, trace=300093, class=java.lang.ProcessEnvironment$CheckedEntry@500002f9)
OBJ 5000030d (sz=40, trace=300095, class=java.util.TreeMap$Entry@500000a6)
	key		50000257
	value		50000259
	left		50000329
	right		50000317
	parent		500002fd
OBJ 5000030e (sz=16, trace=300093, class=java.lang.ProcessEnvironment$CheckedEntry@500002f9)
OBJ 5000030f (sz=40, trace=300095, class=java.util.TreeMap$Entry@500000a6)
	key		500002a8
	value		500002aa
	left		50000323
	right		50000343
	parent		500002ff
OBJ 50000310 (sz=16, trace=300093, class=java.lang.ProcessEnvironment$CheckedEntry@500002f9)
OBJ 50000311 (sz=40, trace=300095, class=java.util.TreeMap$Entry@500000a6)
	key		500002d5
	value		500002d7
	left		5000032b
	right		50000347
	parent		50000313
OBJ 50000312 (sz=16, trace=300093, class=java.lang.ProcessEnvironment$CheckedEntry@500002f9)
OBJ 50000313 (sz=40, trace=300095, class=java.util.TreeMap$Entry@500000a6)
	key		500002cb
	value		500002cd
	left		500002ff
	right		50000311
	parent		50000305
OBJ 50000314 (sz=16, trace=300093, class=java.lang.ProcessEnvironment$CheckedEntry@500002f9)
OBJ 50000315 (sz=40, trace=300095, class=java.util.TreeMap$Entry@500000a6)
	key		5000028f
	value		50000291
	left		50000319
	right		5000031b
	parent		50000305
OBJ 50000316 (sz=16, trace=300093, class=java.lang.ProcessEnvironment$CheckedEntry@500002f9)
OBJ 50000317 (sz=40, trace=300095, class=java.util.TreeMap$Entry@500000a6)
	key		5000026c
	value		5000026e
	left		50000345
	right		50000303
	parent		5000030d
OBJ 50000318 (sz=16, trace=300093, class=java.lang.ProcessEnvironment$CheckedEntry@500002f9)
OBJ 50000319 (sz=40, trace=300095, class=java.util.TreeMap$Entry@500000a6)
	key		50000285
	value		50000287
	left		5000034b
	right		50000321
	parent		50000315
OBJ 5000031a (sz=16, trace=300093, class=java.lang.ProcessEnvironment$CheckedEntry@500002f9)
OBJ 5000031b (sz=40, trace=300095, class=java.util.TreeMap$Entry@500000a6)
	key		50000294
	value		50000296
	right		50000331
	parent		50000315
OBJ 5000031c (sz=16, trace=300093, class=java.lang.ProcessEnvironment$CheckedEntry@500002f9)
OBJ 5000031d (sz=40, trace=300095, class=java.util.TreeMap$Entry@500000a6)
	key		50000243
	value		50000245
	left		50000333
	right		5000032f
	parent		50000329
OBJ 5000031e (sz=16, trace=300093, class=java.lang.ProcessEnvironment$CheckedEntry@500002f9)
OBJ 5000031f (sz=40, trace=300095, class=java.util.TreeMap$Entry@500000a6)
	key		50000276
	value		50000278
	parent		50000303
OBJ 50000320 (sz=16, trace=300093, class=java.lang.ProcessEnvironment$CheckedEntry@500002f9)
OBJ 50000321 (sz=40, trace=300095, class=java.util.TreeMap$Entry@500000a6)
	key		5000028a
	value		5000028c
	parent		50000319
OBJ 50000322 (sz=16, trace=300093, class=java.lang.ProcessEnvironment$CheckedEntry@500002f9)
OBJ 50000323 (sz=40, trace=300095, class=java.util.TreeMap$Entry@500000a6)
	key		500002a3
	value		500002a5
	parent		5000030f
OBJ 50000324 (sz=16, trace=300093, class=java.lang.ProcessEnvironment$CheckedEntry@500002f9)
OBJ 50000325 (sz=40, trace=300095, class=java.util.TreeMap$Entry@500000a6)
	key		500002df
	value		500002e1
	left		50000359
	parent		50000347
OBJ 50000326 (sz=16, trace=300093, class=java.lang.ProcessEnvironment$CheckedEntry@500002f9)
OBJ 50000327 (sz=40, trace=300095, class=java.util.TreeMap$Entry@500000a6)
	key		500001f2
	value		500001f4
	left		50000341
	parent		50000337
OBJ 50000328 (sz=16, trace=300093, class=java.lang.ProcessEnvironment$CheckedEntry@500002f9)
OBJ 50000329 (sz=40, trace=300095, class=java.util.TreeMap$Entry@500000a6)
	key		5000024d
	value		5000024f
	left		5000031d
	right		5000032d
	parent		5000030d
OBJ 5000032a (sz=16, trace=300093, class=java.lang.ProcessEnvironment$CheckedEntry@500002f9)
OBJ 5000032b (sz=40, trace=300095, class=java.util.TreeMap$Entry@500000a6)
	key		500002d0
	value		500002d2
	parent		50000311
OBJ 5000032c (sz=16, trace=300093, class=java.lang.ProcessEnvironment$CheckedEntry@500002f9)
OBJ 5000032d (sz=40, trace=300095, class=java.util.TreeMap$Entry@500000a6)
	key		50000252
	value		50000254
	parent		50000329
OBJ 5000032e (sz=16, trace=300093, class=java.lang.ProcessEnvironment$CheckedEntry@500002f9)
OBJ 5000032f (sz=40, trace=300095, class=java.util.TreeMap$Entry@500000a6)
	key		50000248
	value		5000024a
	parent		5000031d
OBJ 50000330 (sz=16, trace=300093, class=java.lang.ProcessEnvironment$CheckedEntry@500002f9)
OBJ 50000331 (sz=40, trace=300095, class=java.util.TreeMap$Entry@500000a6)
	key		50000299
	value		5000029b
	parent		5000031b
OBJ 50000332 (sz=16, trace=300093, class=java.lang.ProcessEnvironment$CheckedEntry@500002f9)
OBJ 50000333 (sz=40, trace=300095, class=java.util.TreeMap$Entry@500000a6)
	key		50000239
	value		5000023b
	right		50000357
	parent		5000031d
OBJ 50000334 (sz=16, trace=300093, class=java.lang.ProcessEnvironment$CheckedEntry@500002f9)
OBJ 50000335 (sz=40, trace=300095, class=java.util.TreeMap$Entry@500000a6)
	key		5000022f
	value		50000231
	left		50000351
	parent		50000349
OBJ 50000336 (sz=16, trace=300093, class=java.lang.ProcessEnvironment$CheckedEntry@500002f9)
OBJ 50000337 (sz=40, trace=300095, class=java.util.TreeMap$Entry@500000a6)
	key		500001f7
	value		500001f9
	left		50000327
	right		50000309
	parent		5000030b
OBJ 50000338 (sz=16, trace=300093, class=java.lang.ProcessEnvironment$CheckedEntry@500002f9)
OBJ 50000339 (sz=40, trace=300095, class=java.util.TreeMap$Entry@500000a6)
	key		5000020b
	value		5000020d
	left		50000301
	right		5000034d
	parent		5000033d
OBJ 5000033a (sz=16, trace=300093, class=java.lang.ProcessEnvironment$CheckedEntry@500002f9)
OBJ 5000033b (sz=40, trace=300095, class=java.util.TreeMap$Entry@500000a6)
	key		500002ea
	value		500002ec
	parent		50000347
OBJ 5000033c (sz=16, trace=300093, class=java.lang.ProcessEnvironment$CheckedEntry@500002f9)
OBJ 5000033d (sz=40, trace=300095, class=java.util.TreeMap$Entry@500000a6)
	key		50000215
	value		50000217
	left		50000339
	right		50000349
	parent		5000030b
OBJ 5000033e (sz=16, trace=300093, class=java.lang.ProcessEnvironment$CheckedEntry@500002f9)
OBJ 5000033f (sz=40, trace=300095, class=java.util.TreeMap$Entry@500000a6)
	key		50000266
	value		50000268
	parent		50000345
OBJ 50000340 (sz=16, trace=300093, class=java.lang.ProcessEnvironment$CheckedEntry@500002f9)
OBJ 50000341 (sz=40, trace=300095, class=java.util.TreeMap$Entry@500000a6)
	key		500001ec
	value		500001ee
	parent		50000327
OBJ 50000342 (sz=16, trace=300093, class=java.lang.ProcessEnvironment$CheckedEntry@500002f9)
OBJ 50000343 (sz=40, trace=300095, class=java.util.TreeMap$Entry@500000a6)
	key		500002ad
	value		500002af
	parent		5000030f
OBJ 50000344 (sz=16, trace=300093, class=java.lang.ProcessEnvironment$CheckedEntry@500002f9)
OBJ 50000345 (sz=40, trace=300095, class=java.util.TreeMap$Entry@500000a6)
	key		50000261
	value		50000263
	left		5000035f
	right		5000033f
	parent		50000317
OBJ 50000346 (sz=16, trace=300093, class=java.lang.ProcessEnvironment$CheckedEntry@500002f9)
OBJ 50000347 (sz=40, trace=300095, class=java.util.TreeMap$Entry@500000a6)
	key		500002e5
	value		500002e7
	left		50000325
	right		5000033b
	parent		50000311
OBJ 50000348 (sz=16, trace=300093, class=java.lang.ProcessEnvironment$CheckedEntry@500002f9)
OBJ 50000349 (sz=40, trace=300095, class=java.util.TreeMap$Entry@500000a6)
	key		50000224
	value		50000226
	left		5000034f
	right		50000335
	parent		5000033d
OBJ 5000034a (sz=16, trace=300093, class=java.lang.ProcessEnvironment$CheckedEntry@500002f9)
OBJ 5000034b (sz=40, trace=300095, class=java.util.TreeMap$Entry@500000a6)
	key		50000280
	value		50000282
	parent		50000319
OBJ 5000034c (sz=16, trace=300093, class=java.lang.ProcessEnvironment$CheckedEntry@500002f9)
OBJ 5000034d (sz=40, trace=300095, class=java.util.TreeMap$Entry@500000a6)
	key		50000210
	value		50000212
	parent		50000339
OBJ 5000034e (sz=16, trace=300093, class=java.lang.ProcessEnvironment$CheckedEntry@500002f9)
OBJ 5000034f (sz=40, trace=300095, class=java.util.TreeMap$Entry@500000a6)
	key		5000021f
	value		50000221
	left		5000035d
	parent		50000349
OBJ 50000350 (sz=16, trace=300093, class=java.lang.ProcessEnvironment$CheckedEntry@500002f9)
OBJ 50000351 (sz=40, trace=300095, class=java.util.TreeMap$Entry@500000a6)
	key		50000229
	value		5000022b
	parent		50000335
OBJ 50000352 (sz=16, trace=300093, class=java.lang.ProcessEnvironment$CheckedEntry@500002f9)
OBJ 50000353 (sz=40, trace=300095, class=java.util.TreeMap$Entry@500000a6)
	key		500002bc
	value		500002be
	left		50000307
	right		50000355
	parent		500002ff
OBJ 50000354 (sz=16, trace=300093, class=java.lang.ProcessEnvironment$CheckedEntry@500002f9)
OBJ 50000355 (sz=40, trace=300095, class=java.util.TreeMap$Entry@500000a6)
	key		500002c1
	value		500002c3
	right		5000035b
	parent		50000353
OBJ 50000356 (sz=16, trace=300093, class=java.lang.ProcessEnvironment$CheckedEntry@500002f9)
OBJ 50000357 (sz=40, trace=300095, class=java.util.TreeMap$Entry@500000a6)
	key		5000023e
	value		50000240
	parent		50000333
OBJ 50000358 (sz=16, trace=300093, class=java.lang.ProcessEnvironment$CheckedEntry@500002f9)
OBJ 50000359 (sz=40, trace=300095, class=java.util.TreeMap$Entry@500000a6)
	key		500002da
	value		500002dc
	parent		50000325
OBJ 5000035a (sz=16, trace=300093, class=java.lang.ProcessEnvironment$CheckedEntry@500002f9)
OBJ 5000035b (sz=40, trace=300095, class=java.util.TreeMap$Entry@500000a6)
	key		500002c6
	value		500002c8
	parent		50000355
OBJ 5000035c (sz=16, trace=300093, class=java.lang.ProcessEnvironment$CheckedEntry@500002f9)
OBJ 5000035d (sz=40, trace=300095, class=java.util.TreeMap$Entry@500000a6)
	key		5000021a
	value		5000021c
	parent		5000034f
OBJ 5000035e (sz=16, trace=300093, class=java.lang.ProcessEnvironment$CheckedEntry@500002f9)
OBJ 5000035f (sz=40, trace=300095, class=java.util.TreeMap$Entry@500000a6)
	key		5000025c
	value		5000025e
	parent		50000345
OBJ 50000360 (sz=24, trace=300096, class=java.lang.StringBuilder@50000135)
ARR 50000361 (sz=48, trace=300097, nelems=0, elem type=char[])
ARR 50000362 (sz=88, trace=300010, nelems=0, elem type=char[])
ARR 50000363 (sz=160, trace=300010, nelems=0, elem type=char[])
OBJ 50000364 (sz=24, trace=300098, class=java.lang.String@50000181)
ARR 50000365 (sz=120, trace=300099, nelems=0, elem type=char[])
OBJ 50000366 (sz=24, trace=300100, class=java.lang.StringBuilder@50000135)
ARR 50000367 (sz=48, trace=300101, nelems=0, elem type=char[])
ARR 50000368 (sz=88, trace=300010, nelems=0, elem type=char[])
ARR 50000369 (sz=160, trace=300010, nelems=0, elem type=char[])
ARR 5000036a (sz=304, trace=300010, nelems=0, elem type=char[])
OBJ 5000036b (sz=24, trace=300102, class=java.lang.String@50000181)
ARR 5000036c (sz=168, trace=300103, nelems=0, elem type=char[])
OBJ 5000036e (sz=16, trace=300105, class=sun.usagetracker.UsageTrackerClient$3@5000036d)
OBJ 5000036f (sz=32, trace=300106, class=java.io.File@5000012f)
OBJ 50000370 (sz=16, trace=300105, class=sun.usagetracker.UsageTrackerClient$3@5000036d)
OBJ 50000371 (sz=32, trace=300106, class=java.io.File@5000012f)
OBJ 50000372 (sz=32, trace=300107, class=java.io.File@5000012f)
OBJ 50000373 (sz=24, trace=300108, class=java.lang.String@50000181)
ARR 50000374 (sz=64, trace=300109, nelems=0, elem type=char[])
OBJ 50000375 (sz=24, trace=300110, class=java.io.ExpiringCache$Entry@50000055)
	val		50000fd9
OBJ 50000376 (sz=40, trace=300111, class=java.util.LinkedHashMap$Entry@50000054)
	key		50000fd7
	value		50000375
	before		50000fd6
	after		500005d7
OBJ 50000377 (sz=24, trace=300112, class=java.lang.String@50000181)
ARR 50000378 (sz=64, trace=300109, nelems=0, elem type=char[])
OBJ 50000379 (sz=32, trace=300113, class=java.io.File@5000012f)
OBJ 5000037a (sz=24, trace=300114, class=sun.usagetracker.UsageTrackerClient$1@500001cb)
ARR 5000037b (sz=40, trace=300115, nelems=0, elem type=char[])
OBJ 5000037c (sz=24, trace=300116, class=java.lang.String@50000181)
ARR 5000037d (sz=40, trace=300060, nelems=0, elem type=char[])
OBJ 5000037e (sz=16, trace=300117, class=sun.usagetracker.UsageTrackerClient$2@500001e2)
OBJ 5000037f (sz=24, trace=300118, class=java.lang.StringBuilder@50000135)
ARR 50000380 (sz=48, trace=300119, nelems=0, elem type=char[])
ARR 50000381 (sz=88, trace=300010, nelems=0, elem type=char[])
ARR 50000382 (sz=160, trace=300010, nelems=0, elem type=char[])
OBJ 50000383 (sz=24, trace=300120, class=java.lang.String@50000181)
ARR 50000384 (sz=104, trace=300121, nelems=0, elem type=char[])
OBJ 50000385 (sz=24, trace=300122, class=java.lang.StringBuilder@50000135)
ARR 50000386 (sz=48, trace=300123, nelems=0, elem type=char[])
ARR 50000387 (sz=48, trace=300124, nelems=0, elem type=char[])
OBJ 50000388 (sz=24, trace=300125, class=java.lang.String@50000181)
ARR 50000389 (sz=88, trace=300010, nelems=0, elem type=char[])
OBJ 5000038a (sz=24, trace=300126, class=java.lang.String@50000181)
ARR 5000038b (sz=72, trace=300127, nelems=0, elem type=char[])
OBJ 5000038c (sz=32, trace=300128, class=java.io.File@5000012f)
ARR 5000038d (sz=160, trace=300129, nelems=0, elem type=char[])
OBJ 5000038e (sz=24, trace=300130, class=java.lang.String@50000181)
	value		5000038f
ARR 5000038f (sz=142, trace=300131, nelems=71, elem type=char[])
OBJ 50000390 (sz=32, trace=300132, class=java.io.FileOutputStream@50000085)
	fd		50000393
	path		5000038e
	closeLock	50000392
OBJ 50000391 (sz=40, trace=300133, class=java.lang.ref.Finalizer@50000160)
	referent	50000390
	queue		50000e62
	next		5000270e
	prev		500005fb
OBJ 50000392 (sz=16, trace=300134, class=java.lang.Object@50000185)
OBJ 50000393 (sz=40, trace=300135, class=java.io.FileDescriptor@5000008a)
	parent		50000390
OBJ 50000394 (sz=24, trace=300136, class=java.lang.StringBuilder@50000135)
ARR 50000395 (sz=48, trace=300137, nelems=0, elem type=char[])
ARR 50000396 (sz=88, trace=300010, nelems=0, elem type=char[])
ARR 50000397 (sz=160, trace=300010, nelems=0, elem type=char[])
OBJ 50000398 (sz=24, trace=300138, class=java.lang.String@50000181)
ARR 50000399 (sz=120, trace=300139, nelems=0, elem type=char[])
ARR 5000039a (sz=32, trace=300140, nelems=0, elem type=char[])
OBJ 5000039b (sz=24, trace=300141, class=java.lang.String@50000181)
ARR 5000039c (sz=32, trace=300142, nelems=0, elem type=char[])
OBJ 5000039d (sz=24, trace=300143, class=java.lang.StringBuilder@50000135)
ARR 5000039e (sz=48, trace=300144, nelems=0, elem type=char[])
OBJ 5000039f (sz=24, trace=300145, class=java.lang.String@50000181)
ARR 500003a0 (sz=48, trace=300146, nelems=0, elem type=char[])
ARR 500003a3 (sz=16, trace=300148, nelems=0, elem type=java.lang.Class[]@50000117)
OBJ 500003a4 (sz=56, trace=300149, class=java.lang.Class$ReflectionData@500000c4)
OBJ 500003a5 (sz=40, trace=300040, class=java.lang.ref.SoftReference@50000165)
OBJ 500003a6 (sz=80, trace=300150, class=java.lang.reflect.Constructor@50000151)
OBJ 500003a7 (sz=24, trace=300151, class=java.lang.Class$1@500000ae)
OBJ 500003a8 (sz=24, trace=300152, class=sun.reflect.NativeConstructorAccessorImpl@500000ac)
OBJ 500003a9 (sz=16, trace=300153, class=sun.reflect.DelegatingConstructorAccessorImpl@500000ab)
OBJ 500003aa (sz=24, trace=300154, class=sun.nio.cs.UTF_8@500003a2)
	name		5000137d
	aliases		5000176e
ARR 500003ab (sz=24, trace=300155, nelems=0, elem type=java.lang.Object[]@5000011c)
OBJ 500003ac (sz=32, trace=300156, class=java.lang.StringCoding$StringEncoder@50000059)
ARR 500003ae (sz=24, trace=300158, nelems=0, elem type=byte[])
OBJ 500003af (sz=56, trace=300159, class=sun.nio.cs.UTF_8$Encoder@500003ad)
ARR 500003b0 (sz=24, trace=300160, nelems=0, elem type=byte[])
OBJ 500003b1 (sz=40, trace=300161, class=java.lang.ref.SoftReference@50000165)
ARR 500003b2 (sz=176, trace=300162, nelems=0, elem type=byte[])
ARR 500003b3 (sz=72, trace=300163, nelems=0, elem type=byte[])
OBJ 500003b5 (sz=16, trace=300165, class=java.io.FileOutputStream$1@500003b4)
OBJ 500003b6 (sz=376, trace=300000, class=java.lang.Thread@5000015e)
OBJ 500003b8 (sz=24, trace=300166, class=sun.launcher.LauncherHelper@500003b7)
	name		5000279f
ARR 500003ba (sz=24, trace=300167, nelems=1, elem type=sun.launcher.LauncherHelper[]@500003b9)
	[0]		500003b8
OBJ 500003bb (sz=24, trace=300168, class=java.lang.StringBuilder@50000135)
	value		500003bc
ARR 500003bc (sz=32, trace=300169, nelems=16, elem type=char[])
OBJ 500003bd (sz=24, trace=300170, class=java.lang.String@50000181)
	value		500003be
ARR 500003be (sz=18, trace=300171, nelems=9, elem type=char[])
OBJ 500003bf (sz=16, trace=300172, class=java.lang.Object@50000185)
ARR 500003c0 (sz=80, trace=300173, nelems=15, elem type=java.util.concurrent.ConcurrentHashMap$Node[]@50000022)
	[0]		50000b22
	[1]		500003c1
	[6]		50000d14
	[14]		50000b3a
OBJ 500003c1 (sz=32, trace=300174, class=java.util.concurrent.ConcurrentHashMap$Node@50000023)
	key		500003bd
	val		500003bf
OBJ 500003c2 (sz=16, trace=300175, class=java.lang.Object@50000185)
ARR 500003c3 (sz=80, trace=300173, nelems=15, elem type=java.util.concurrent.ConcurrentHashMap$Node[]@50000022)
	[0]		50000b24
	[1]		500003c4
	[6]		50000d16
	[14]		50000b3c
OBJ 500003c4 (sz=32, trace=300174, class=java.util.concurrent.ConcurrentHashMap$Node@50000023)
	key		500003bd
	val		500003c2
OBJ 500003c6 (sz=24, trace=300177, class=java.net.URLClassLoader$1@500003c5)
ARR 500003c7 (sz=48, trace=300178, nelems=0, elem type=char[])
OBJ 500003c8 (sz=24, trace=300179, class=java.lang.String@50000181)
OBJ 500003ca (sz=24, trace=300181, class=java.lang.StringBuilder@50000135)
ARR 500003cb (sz=48, trace=300182, nelems=0, elem type=char[])
ARR 500003cc (sz=168, trace=300010, nelems=0, elem type=char[])
OBJ 500003cd (sz=24, trace=300183, class=java.lang.String@50000181)
	value		500003ce
ARR 500003ce (sz=146, trace=300184, nelems=73, elem type=char[])
OBJ 500003d0 (sz=24, trace=300186, class=sun.misc.URLClassPath$3@500003cf)
OBJ 500003d7 (sz=16, trace=300190, class=java.util.zip.ZipFile$1@500003d6)
OBJ 500003d8 (sz=24, trace=300191, class=java.lang.StringBuilder@50000135)
ARR 500003d9 (sz=48, trace=300192, nelems=0, elem type=char[])
OBJ 500003da (sz=24, trace=300193, class=java.lang.StringBuffer@50000136)
ARR 500003db (sz=160, trace=300194, nelems=0, elem type=char[])
ARR 500003dc (sz=160, trace=300195, nelems=0, elem type=char[])
OBJ 500003dd (sz=24, trace=300196, class=java.lang.String@50000181)
ARR 500003de (sz=160, trace=300010, nelems=0, elem type=char[])
ARR 500003df (sz=304, trace=300010, nelems=0, elem type=char[])
OBJ 500003e0 (sz=24, trace=300197, class=java.lang.String@50000181)
	value		500003e1
ARR 500003e1 (sz=146, trace=300198, nelems=73, elem type=char[])
OBJ 500003e2 (sz=64, trace=300199, class=java.net.URL@5000012d)
	protocol	500023d1
	host		50000f74
	file		500003e0
	authority	50000f74
	path		500003e0
	handler		500023a5
OBJ 500003e3 (sz=24, trace=300200, class=java.net.Parts@50000010)
OBJ 500003e4 (sz=48, trace=300201, class=sun.misc.URLClassPath$JarLoader@500003d2)
	base		500003e2
	csu		500023ab
	metaIndex	50002437
	handler		500023a5
	lmap		500023a6
OBJ 500003e5 (sz=24, trace=300202, class=java.lang.StringBuilder@50000135)
ARR 500003e6 (sz=152, trace=300203, nelems=0, elem type=char[])
ARR 500003e7 (sz=88, trace=300204, nelems=0, elem type=byte[])
OBJ 500003e8 (sz=48, trace=300205, class=java.nio.HeapByteBuffer@50000072)
ARR 500003e9 (sz=152, trace=300206, nelems=0, elem type=char[])
OBJ 500003ea (sz=48, trace=300207, class=java.nio.HeapCharBuffer@5000006a)
OBJ 500003ee (sz=24, trace=300210, class=sun.nio.cs.ThreadLocalCoders$1@500003ed)
	cache		500003ef
OBJ 500003ef (sz=16, trace=300211, class=java.lang.ThreadLocal@500000c7)
OBJ 500003f1 (sz=24, trace=300213, class=sun.nio.cs.ThreadLocalCoders$2@500003f0)
	cache		500003f2
OBJ 500003f2 (sz=16, trace=300214, class=java.lang.ThreadLocal@500000c7)
OBJ 500003f3 (sz=32, trace=300215, class=java.lang.ThreadLocal$ThreadLocalMap$Entry@5000009f)
	referent	500003ef
	queue		500010b3
	value		500003f4
ARR 500003f4 (sz=32, trace=300216, nelems=1, elem type=java.lang.Object[]@5000011c)
	[0]		500003f6
OBJ 500003f6 (sz=40, trace=300218, class=sun.nio.cs.UTF_8$Decoder@500003f5)
	charset		500003aa
	replacement	5000138d
	malformedInputAction	50001396
	unmappableCharacterAction	50001396
OBJ 500003f7 (sz=24, trace=300219, class=java.lang.String@50000181)
ARR 500003f8 (sz=24, trace=300220, nelems=0, elem type=char[])
OBJ 500003f9 (sz=24, trace=300221, class=java.lang.String@50000181)
ARR 500003fa (sz=24, trace=300222, nelems=0, elem type=char[])
OBJ 500003fb (sz=24, trace=300223, class=java.lang.String@50000181)
ARR 500003fc (sz=144, trace=300224, nelems=0, elem type=char[])
OBJ 500003fd (sz=32, trace=300225, class=java.io.File@5000012f)
OBJ 500003fe (sz=24, trace=300226, class=java.lang.StringBuffer@50000136)
ARR 500003ff (sz=144, trace=300227, nelems=0, elem type=char[])
ARR 50000400 (sz=144, trace=300228, nelems=0, elem type=char[])
OBJ 50000401 (sz=24, trace=300229, class=java.lang.String@50000181)
ARR 50000402 (sz=144, trace=300230, nelems=0, elem type=char[])
OBJ 50000403 (sz=24, trace=300231, class=java.lang.String@50000181)
ARR 50000404 (sz=144, trace=300232, nelems=0, elem type=char[])
ARR 50000405 (sz=56, trace=300233, nelems=0, elem type=java.lang.Object[]@5000011c)
ARR 50000406 (sz=80, trace=300234, nelems=11, elem type=java.util.HashMap$Node[]@500000d5)
	[0]		5000051f
	[2]		50000407
	[3]		500004a7
	[5]		50000457
	[9]		50000547
	[10]		5000042f
OBJ 50000407 (sz=32, trace=300080, class=java.util.HashMap$Node@500000d7)
	key		500003cd
	value		500003e4
OBJ 50000408 (sz=24, trace=300181, class=java.lang.StringBuilder@50000135)
ARR 50000409 (sz=48, trace=300182, nelems=0, elem type=char[])
ARR 5000040a (sz=152, trace=300010, nelems=0, elem type=char[])
OBJ 5000040b (sz=24, trace=300183, class=java.lang.String@50000181)
	value		5000040c
ARR 5000040c (sz=130, trace=300184, nelems=65, elem type=char[])
OBJ 5000040d (sz=24, trace=300186, class=sun.misc.URLClassPath$3@500003cf)
OBJ 5000040e (sz=24, trace=300191, class=java.lang.StringBuilder@50000135)
ARR 5000040f (sz=48, trace=300192, nelems=0, elem type=char[])
OBJ 50000410 (sz=24, trace=300193, class=java.lang.StringBuffer@50000136)
ARR 50000411 (sz=144, trace=300194, nelems=0, elem type=char[])
ARR 50000412 (sz=144, trace=300195, nelems=0, elem type=char[])
OBJ 50000413 (sz=24, trace=300196, class=java.lang.String@50000181)
ARR 50000414 (sz=144, trace=300010, nelems=0, elem type=char[])
ARR 50000415 (sz=272, trace=300010, nelems=0, elem type=char[])
OBJ 50000416 (sz=24, trace=300197, class=java.lang.String@50000181)
	value		50000417
ARR 50000417 (sz=130, trace=300198, nelems=65, elem type=char[])
OBJ 50000418 (sz=64, trace=300199, class=java.net.URL@5000012d)
	protocol	500023d1
	host		50000f74
	file		50000416
	authority	50000f74
	path		50000416
	handler		500023a5
OBJ 50000419 (sz=24, trace=300200, class=java.net.Parts@50000010)
OBJ 5000041a (sz=48, trace=300201, class=sun.misc.URLClassPath$JarLoader@500003d2)
	base		50000418
	csu		500023ac
	metaIndex	50002414
	handler		500023a5
	lmap		500023a6
OBJ 5000041b (sz=24, trace=300202, class=java.lang.StringBuilder@50000135)
ARR 5000041c (sz=136, trace=300203, nelems=0, elem type=char[])
ARR 5000041d (sz=80, trace=300204, nelems=0, elem type=byte[])
OBJ 5000041e (sz=48, trace=300205, class=java.nio.HeapByteBuffer@50000072)
ARR 5000041f (sz=136, trace=300206, nelems=0, elem type=char[])
OBJ 50000420 (sz=48, trace=300207, class=java.nio.HeapCharBuffer@5000006a)
OBJ 50000421 (sz=24, trace=300219, class=java.lang.String@50000181)
ARR 50000422 (sz=24, trace=300220, nelems=0, elem type=char[])
OBJ 50000423 (sz=24, trace=300221, class=java.lang.String@50000181)
ARR 50000424 (sz=24, trace=300222, nelems=0, elem type=char[])
OBJ 50000425 (sz=24, trace=300223, class=java.lang.String@50000181)
ARR 50000426 (sz=128, trace=300224, nelems=0, elem type=char[])
OBJ 50000427 (sz=32, trace=300225, class=java.io.File@5000012f)
OBJ 50000428 (sz=24, trace=300226, class=java.lang.StringBuffer@50000136)
ARR 50000429 (sz=128, trace=300227, nelems=0, elem type=char[])
ARR 5000042a (sz=128, trace=300228, nelems=0, elem type=char[])
OBJ 5000042b (sz=24, trace=300229, class=java.lang.String@50000181)
ARR 5000042c (sz=128, trace=300230, nelems=0, elem type=char[])
OBJ 5000042d (sz=24, trace=300231, class=java.lang.String@50000181)
ARR 5000042e (sz=128, trace=300232, nelems=0, elem type=char[])
OBJ 5000042f (sz=32, trace=300080, class=java.util.HashMap$Node@500000d7)
	key		5000040b
	value		5000041a
	next		5000047f
OBJ 50000430 (sz=24, trace=300181, class=java.lang.StringBuilder@50000135)
ARR 50000431 (sz=48, trace=300182, nelems=0, elem type=char[])
ARR 50000432 (sz=144, trace=300010, nelems=0, elem type=char[])
OBJ 50000433 (sz=24, trace=300183, class=java.lang.String@50000181)
	value		50000434
ARR 50000434 (sz=124, trace=300184, nelems=62, elem type=char[])
OBJ 50000435 (sz=24, trace=300186, class=sun.misc.URLClassPath$3@500003cf)
OBJ 50000436 (sz=24, trace=300191, class=java.lang.StringBuilder@50000135)
ARR 50000437 (sz=48, trace=300192, nelems=0, elem type=char[])
OBJ 50000438 (sz=24, trace=300193, class=java.lang.StringBuffer@50000136)
ARR 50000439 (sz=136, trace=300194, nelems=0, elem type=char[])
ARR 5000043a (sz=136, trace=300195, nelems=0, elem type=char[])
OBJ 5000043b (sz=24, trace=300196, class=java.lang.String@50000181)
ARR 5000043c (sz=136, trace=300010, nelems=0, elem type=char[])
ARR 5000043d (sz=264, trace=300010, nelems=0, elem type=char[])
OBJ 5000043e (sz=24, trace=300197, class=java.lang.String@50000181)
	value		5000043f
ARR 5000043f (sz=124, trace=300198, nelems=62, elem type=char[])
OBJ 50000440 (sz=64, trace=300199, class=java.net.URL@5000012d)
	protocol	500023d1
	host		50000f74
	file		5000043e
	authority	50000f74
	path		5000043e
	handler		500023a5
OBJ 50000441 (sz=24, trace=300200, class=java.net.Parts@50000010)
OBJ 50000442 (sz=48, trace=300201, class=sun.misc.URLClassPath$JarLoader@500003d2)
	base		50000440
	csu		500023ad
	metaIndex	5000243e
	handler		500023a5
	lmap		500023a6
OBJ 50000443 (sz=24, trace=300202, class=java.lang.StringBuilder@50000135)
ARR 50000444 (sz=128, trace=300203, nelems=0, elem type=char[])
ARR 50000445 (sz=72, trace=300204, nelems=0, elem type=byte[])
OBJ 50000446 (sz=48, trace=300205, class=java.nio.HeapByteBuffer@50000072)
ARR 50000447 (sz=128, trace=300206, nelems=0, elem type=char[])
OBJ 50000448 (sz=48, trace=300207, class=java.nio.HeapCharBuffer@5000006a)
OBJ 50000449 (sz=24, trace=300219, class=java.lang.String@50000181)
ARR 5000044a (sz=24, trace=300220, nelems=0, elem type=char[])
OBJ 5000044b (sz=24, trace=300221, class=java.lang.String@50000181)
ARR 5000044c (sz=24, trace=300222, nelems=0, elem type=char[])
OBJ 5000044d (sz=24, trace=300223, class=java.lang.String@50000181)
ARR 5000044e (sz=128, trace=300224, nelems=0, elem type=char[])
OBJ 5000044f (sz=32, trace=300225, class=java.io.File@5000012f)
OBJ 50000450 (sz=24, trace=300226, class=java.lang.StringBuffer@50000136)
ARR 50000451 (sz=128, trace=300227, nelems=0, elem type=char[])
ARR 50000452 (sz=120, trace=300228, nelems=0, elem type=char[])
OBJ 50000453 (sz=24, trace=300229, class=java.lang.String@50000181)
ARR 50000454 (sz=120, trace=300230, nelems=0, elem type=char[])
OBJ 50000455 (sz=24, trace=300231, class=java.lang.String@50000181)
ARR 50000456 (sz=120, trace=300232, nelems=0, elem type=char[])
OBJ 50000457 (sz=32, trace=300080, class=java.util.HashMap$Node@500000d7)
	key		50000433
	value		50000442
	next		500004f7
OBJ 50000458 (sz=24, trace=300181, class=java.lang.StringBuilder@50000135)
ARR 50000459 (sz=48, trace=300182, nelems=0, elem type=char[])
ARR 5000045a (sz=144, trace=300010, nelems=0, elem type=char[])
OBJ 5000045b (sz=24, trace=300183, class=java.lang.String@50000181)
	value		5000045c
ARR 5000045c (sz=128, trace=300184, nelems=64, elem type=char[])
OBJ 5000045d (sz=24, trace=300186, class=sun.misc.URLClassPath$3@500003cf)
OBJ 5000045e (sz=24, trace=300191, class=java.lang.StringBuilder@50000135)
ARR 5000045f (sz=48, trace=300192, nelems=0, elem type=char[])
OBJ 50000460 (sz=24, trace=300193, class=java.lang.StringBuffer@50000136)
ARR 50000461 (sz=144, trace=300194, nelems=0, elem type=char[])
ARR 50000462 (sz=144, trace=300195, nelems=0, elem type=char[])
OBJ 50000463 (sz=24, trace=300196, class=java.lang.String@50000181)
ARR 50000464 (sz=144, trace=300010, nelems=0, elem type=char[])
ARR 50000465 (sz=272, trace=300010, nelems=0, elem type=char[])
OBJ 50000466 (sz=24, trace=300197, class=java.lang.String@50000181)
	value		50000467
ARR 50000467 (sz=128, trace=300198, nelems=64, elem type=char[])
OBJ 50000468 (sz=64, trace=300199, class=java.net.URL@5000012d)
	protocol	500023d1
	host		50000f74
	file		50000466
	authority	50000f74
	path		50000466
	handler		500023a5
OBJ 50000469 (sz=24, trace=300200, class=java.net.Parts@50000010)
OBJ 5000046a (sz=48, trace=300201, class=sun.misc.URLClassPath$JarLoader@500003d2)
	base		50000468
	csu		500023ae
	metaIndex	50002489
	handler		500023a5
	lmap		500023a6
OBJ 5000046b (sz=24, trace=300202, class=java.lang.StringBuilder@50000135)
ARR 5000046c (sz=136, trace=300203, nelems=0, elem type=char[])
ARR 5000046d (sz=80, trace=300204, nelems=0, elem type=byte[])
OBJ 5000046e (sz=48, trace=300205, class=java.nio.HeapByteBuffer@50000072)
ARR 5000046f (sz=136, trace=300206, nelems=0, elem type=char[])
OBJ 50000470 (sz=48, trace=300207, class=java.nio.HeapCharBuffer@5000006a)
OBJ 50000471 (sz=24, trace=300219, class=java.lang.String@50000181)
ARR 50000472 (sz=24, trace=300220, nelems=0, elem type=char[])
OBJ 50000473 (sz=24, trace=300221, class=java.lang.String@50000181)
ARR 50000474 (sz=24, trace=300222, nelems=0, elem type=char[])
OBJ 50000475 (sz=24, trace=300223, class=java.lang.String@50000181)
ARR 50000476 (sz=128, trace=300224, nelems=0, elem type=char[])
OBJ 50000477 (sz=32, trace=300225, class=java.io.File@5000012f)
OBJ 50000478 (sz=24, trace=300226, class=java.lang.StringBuffer@50000136)
ARR 50000479 (sz=128, trace=300227, nelems=0, elem type=char[])
ARR 5000047a (sz=128, trace=300228, nelems=0, elem type=char[])
OBJ 5000047b (sz=24, trace=300229, class=java.lang.String@50000181)
ARR 5000047c (sz=128, trace=300230, nelems=0, elem type=char[])
OBJ 5000047d (sz=24, trace=300231, class=java.lang.String@50000181)
ARR 5000047e (sz=128, trace=300232, nelems=0, elem type=char[])
OBJ 5000047f (sz=32, trace=300081, class=java.util.HashMap$Node@500000d7)
	key		5000045b
	value		5000046a
OBJ 50000480 (sz=24, trace=300181, class=java.lang.StringBuilder@50000135)
ARR 50000481 (sz=48, trace=300182, nelems=0, elem type=char[])
ARR 50000482 (sz=144, trace=300010, nelems=0, elem type=char[])
OBJ 50000483 (sz=24, trace=300183, class=java.lang.String@50000181)
	value		50000484
ARR 50000484 (sz=124, trace=300184, nelems=62, elem type=char[])
OBJ 50000485 (sz=24, trace=300186, class=sun.misc.URLClassPath$3@500003cf)
OBJ 50000486 (sz=24, trace=300191, class=java.lang.StringBuilder@50000135)
ARR 50000487 (sz=48, trace=300192, nelems=0, elem type=char[])
OBJ 50000488 (sz=24, trace=300193, class=java.lang.StringBuffer@50000136)
ARR 50000489 (sz=136, trace=300194, nelems=0, elem type=char[])
ARR 5000048a (sz=136, trace=300195, nelems=0, elem type=char[])
OBJ 5000048b (sz=24, trace=300196, class=java.lang.String@50000181)
ARR 5000048c (sz=136, trace=300010, nelems=0, elem type=char[])
ARR 5000048d (sz=264, trace=300010, nelems=0, elem type=char[])
OBJ 5000048e (sz=24, trace=300197, class=java.lang.String@50000181)
	value		5000048f
ARR 5000048f (sz=124, trace=300198, nelems=62, elem type=char[])
OBJ 50000490 (sz=64, trace=300199, class=java.net.URL@5000012d)
	protocol	500023d1
	host		50000f74
	file		5000048e
	authority	50000f74
	path		5000048e
	handler		500023a5
OBJ 50000491 (sz=24, trace=300200, class=java.net.Parts@50000010)
OBJ 50000492 (sz=48, trace=300201, class=sun.misc.URLClassPath$JarLoader@500003d2)
	base		50000490
	csu		500023af
	metaIndex	50002448
	handler		500023a5
	lmap		500023a6
OBJ 50000493 (sz=24, trace=300202, class=java.lang.StringBuilder@50000135)
ARR 50000494 (sz=128, trace=300203, nelems=0, elem type=char[])
ARR 50000495 (sz=72, trace=300204, nelems=0, elem type=byte[])
OBJ 50000496 (sz=48, trace=300205, class=java.nio.HeapByteBuffer@50000072)
ARR 50000497 (sz=128, trace=300206, nelems=0, elem type=char[])
OBJ 50000498 (sz=48, trace=300207, class=java.nio.HeapCharBuffer@5000006a)
OBJ 50000499 (sz=24, trace=300219, class=java.lang.String@50000181)
ARR 5000049a (sz=24, trace=300220, nelems=0, elem type=char[])
OBJ 5000049b (sz=24, trace=300221, class=java.lang.String@50000181)
ARR 5000049c (sz=24, trace=300222, nelems=0, elem type=char[])
OBJ 5000049d (sz=24, trace=300223, class=java.lang.String@50000181)
ARR 5000049e (sz=128, trace=300224, nelems=0, elem type=char[])
OBJ 5000049f (sz=32, trace=300225, class=java.io.File@5000012f)
OBJ 500004a0 (sz=24, trace=300226, class=java.lang.StringBuffer@50000136)
ARR 500004a1 (sz=128, trace=300227, nelems=0, elem type=char[])
ARR 500004a2 (sz=120, trace=300228, nelems=0, elem type=char[])
OBJ 500004a3 (sz=24, trace=300229, class=java.lang.String@50000181)
ARR 500004a4 (sz=120, trace=300230, nelems=0, elem type=char[])
OBJ 500004a5 (sz=24, trace=300231, class=java.lang.String@50000181)
ARR 500004a6 (sz=120, trace=300232, nelems=0, elem type=char[])
OBJ 500004a7 (sz=32, trace=300080, class=java.util.HashMap$Node@500000d7)
	key		50000483
	value		50000492
	next		500004cf
OBJ 500004a8 (sz=24, trace=300181, class=java.lang.StringBuilder@50000135)
ARR 500004a9 (sz=48, trace=300182, nelems=0, elem type=char[])
ARR 500004aa (sz=152, trace=300010, nelems=0, elem type=char[])
OBJ 500004ab (sz=24, trace=300183, class=java.lang.String@50000181)
	value		500004ac
ARR 500004ac (sz=134, trace=300184, nelems=67, elem type=char[])
OBJ 500004ad (sz=24, trace=300186, class=sun.misc.URLClassPath$3@500003cf)
OBJ 500004ae (sz=24, trace=300191, class=java.lang.StringBuilder@50000135)
ARR 500004af (sz=48, trace=300192, nelems=0, elem type=char[])
OBJ 500004b0 (sz=24, trace=300193, class=java.lang.StringBuffer@50000136)
ARR 500004b1 (sz=152, trace=300194, nelems=0, elem type=char[])
ARR 500004b2 (sz=152, trace=300195, nelems=0, elem type=char[])
OBJ 500004b3 (sz=24, trace=300196, class=java.lang.String@50000181)
ARR 500004b4 (sz=152, trace=300010, nelems=0, elem type=char[])
ARR 500004b5 (sz=280, trace=300010, nelems=0, elem type=char[])
OBJ 500004b6 (sz=24, trace=300197, class=java.lang.String@50000181)
	value		500004b7
ARR 500004b7 (sz=134, trace=300198, nelems=67, elem type=char[])
OBJ 500004b8 (sz=64, trace=300199, class=java.net.URL@5000012d)
	protocol	500023d1
	host		50000f74
	file		500004b6
	authority	50000f74
	path		500004b6
	handler		500023a5
OBJ 500004b9 (sz=24, trace=300200, class=java.net.Parts@50000010)
OBJ 500004ba (sz=48, trace=300201, class=sun.misc.URLClassPath$JarLoader@500003d2)
	base		500004b8
	csu		500023b0
	metaIndex	500023e9
	handler		500023a5
	lmap		500023a6
OBJ 500004bb (sz=24, trace=300202, class=java.lang.StringBuilder@50000135)
ARR 500004bc (sz=136, trace=300203, nelems=0, elem type=char[])
ARR 500004bd (sz=80, trace=300204, nelems=0, elem type=byte[])
OBJ 500004be (sz=48, trace=300205, class=java.nio.HeapByteBuffer@50000072)
ARR 500004bf (sz=136, trace=300206, nelems=0, elem type=char[])
OBJ 500004c0 (sz=48, trace=300207, class=java.nio.HeapCharBuffer@5000006a)
OBJ 500004c1 (sz=24, trace=300219, class=java.lang.String@50000181)
ARR 500004c2 (sz=24, trace=300220, nelems=0, elem type=char[])
OBJ 500004c3 (sz=24, trace=300221, class=java.lang.String@50000181)
ARR 500004c4 (sz=24, trace=300222, nelems=0, elem type=char[])
OBJ 500004c5 (sz=24, trace=300223, class=java.lang.String@50000181)
ARR 500004c6 (sz=136, trace=300224, nelems=0, elem type=char[])
OBJ 500004c7 (sz=32, trace=300225, class=java.io.File@5000012f)
OBJ 500004c8 (sz=24, trace=300226, class=java.lang.StringBuffer@50000136)
ARR 500004c9 (sz=136, trace=300227, nelems=0, elem type=char[])
ARR 500004ca (sz=136, trace=300228, nelems=0, elem type=char[])
OBJ 500004cb (sz=24, trace=300229, class=java.lang.String@50000181)
ARR 500004cc (sz=136, trace=300230, nelems=0, elem type=char[])
OBJ 500004cd (sz=24, trace=300231, class=java.lang.String@50000181)
ARR 500004ce (sz=136, trace=300232, nelems=0, elem type=char[])
OBJ 500004cf (sz=32, trace=300081, class=java.util.HashMap$Node@500000d7)
	key		500004ab
	value		500004ba
OBJ 500004d0 (sz=24, trace=300181, class=java.lang.StringBuilder@50000135)
ARR 500004d1 (sz=48, trace=300182, nelems=0, elem type=char[])
ARR 500004d2 (sz=144, trace=300010, nelems=0, elem type=char[])
OBJ 500004d3 (sz=24, trace=300183, class=java.lang.String@50000181)
	value		500004d4
ARR 500004d4 (sz=128, trace=300184, nelems=64, elem type=char[])
OBJ 500004d5 (sz=24, trace=300186, class=sun.misc.URLClassPath$3@500003cf)
OBJ 500004d6 (sz=24, trace=300191, class=java.lang.StringBuilder@50000135)
ARR 500004d7 (sz=48, trace=300192, nelems=0, elem type=char[])
OBJ 500004d8 (sz=24, trace=300193, class=java.lang.StringBuffer@50000136)
ARR 500004d9 (sz=144, trace=300194, nelems=0, elem type=char[])
ARR 500004da (sz=144, trace=300195, nelems=0, elem type=char[])
OBJ 500004db (sz=24, trace=300196, class=java.lang.String@50000181)
ARR 500004dc (sz=144, trace=300010, nelems=0, elem type=char[])
ARR 500004dd (sz=272, trace=300010, nelems=0, elem type=char[])
OBJ 500004de (sz=24, trace=300197, class=java.lang.String@50000181)
	value		500004df
ARR 500004df (sz=128, trace=300198, nelems=64, elem type=char[])
OBJ 500004e0 (sz=64, trace=300199, class=java.net.URL@5000012d)
	protocol	500023d1
	host		50000f74
	file		500004de
	authority	50000f74
	path		500004de
	handler		500023a5
OBJ 500004e1 (sz=24, trace=300200, class=java.net.Parts@50000010)
OBJ 500004e2 (sz=48, trace=300201, class=sun.misc.URLClassPath$JarLoader@500003d2)
	base		500004e0
	csu		500023b1
	metaIndex	500023f2
	handler		500023a5
	lmap		500023a6
OBJ 500004e3 (sz=24, trace=300202, class=java.lang.StringBuilder@50000135)
ARR 500004e4 (sz=136, trace=300203, nelems=0, elem type=char[])
ARR 500004e5 (sz=80, trace=300204, nelems=0, elem type=byte[])
OBJ 500004e6 (sz=48, trace=300205, class=java.nio.HeapByteBuffer@50000072)
ARR 500004e7 (sz=136, trace=300206, nelems=0, elem type=char[])
OBJ 500004e8 (sz=48, trace=300207, class=java.nio.HeapCharBuffer@5000006a)
OBJ 500004e9 (sz=24, trace=300219, class=java.lang.String@50000181)
ARR 500004ea (sz=24, trace=300220, nelems=0, elem type=char[])
OBJ 500004eb (sz=24, trace=300221, class=java.lang.String@50000181)
ARR 500004ec (sz=24, trace=300222, nelems=0, elem type=char[])
OBJ 500004ed (sz=24, trace=300223, class=java.lang.String@50000181)
ARR 500004ee (sz=128, trace=300224, nelems=0, elem type=char[])
OBJ 500004ef (sz=32, trace=300225, class=java.io.File@5000012f)
OBJ 500004f0 (sz=24, trace=300226, class=java.lang.StringBuffer@50000136)
ARR 500004f1 (sz=128, trace=300227, nelems=0, elem type=char[])
ARR 500004f2 (sz=128, trace=300228, nelems=0, elem type=char[])
OBJ 500004f3 (sz=24, trace=300229, class=java.lang.String@50000181)
ARR 500004f4 (sz=128, trace=300230, nelems=0, elem type=char[])
OBJ 500004f5 (sz=24, trace=300231, class=java.lang.String@50000181)
ARR 500004f6 (sz=128, trace=300232, nelems=0, elem type=char[])
OBJ 500004f7 (sz=32, trace=300081, class=java.util.HashMap$Node@500000d7)
	key		500004d3
	value		500004e2
	next		50000598
OBJ 500004f8 (sz=24, trace=300181, class=java.lang.StringBuilder@50000135)
ARR 500004f9 (sz=48, trace=300182, nelems=0, elem type=char[])
ARR 500004fa (sz=144, trace=300010, nelems=0, elem type=char[])
OBJ 500004fb (sz=24, trace=300183, class=java.lang.String@50000181)
	value		500004fc
ARR 500004fc (sz=124, trace=300184, nelems=62, elem type=char[])
OBJ 500004fd (sz=24, trace=300186, class=sun.misc.URLClassPath$3@500003cf)
OBJ 500004fe (sz=24, trace=300191, class=java.lang.StringBuilder@50000135)
ARR 500004ff (sz=48, trace=300192, nelems=0, elem type=char[])
OBJ 50000500 (sz=24, trace=300193, class=java.lang.StringBuffer@50000136)
ARR 50000501 (sz=136, trace=300194, nelems=0, elem type=char[])
ARR 50000502 (sz=136, trace=300195, nelems=0, elem type=char[])
OBJ 50000503 (sz=24, trace=300196, class=java.lang.String@50000181)
ARR 50000504 (sz=136, trace=300010, nelems=0, elem type=char[])
ARR 50000505 (sz=264, trace=300010, nelems=0, elem type=char[])
OBJ 50000506 (sz=24, trace=300197, class=java.lang.String@50000181)
	value		50000507
ARR 50000507 (sz=124, trace=300198, nelems=62, elem type=char[])
OBJ 50000508 (sz=64, trace=300199, class=java.net.URL@5000012d)
	protocol	500023d1
	host		50000f74
	file		50000506
	authority	50000f74
	path		50000506
	handler		500023a5
OBJ 50000509 (sz=24, trace=300200, class=java.net.Parts@50000010)
OBJ 5000050a (sz=48, trace=300201, class=sun.misc.URLClassPath$JarLoader@500003d2)
	base		50000508
	csu		500023b2
	metaIndex	500023fe
	handler		500023a5
	lmap		500023a6
OBJ 5000050b (sz=24, trace=300202, class=java.lang.StringBuilder@50000135)
ARR 5000050c (sz=128, trace=300203, nelems=0, elem type=char[])
ARR 5000050d (sz=72, trace=300204, nelems=0, elem type=byte[])
OBJ 5000050e (sz=48, trace=300205, class=java.nio.HeapByteBuffer@50000072)
ARR 5000050f (sz=128, trace=300206, nelems=0, elem type=char[])
OBJ 50000510 (sz=48, trace=300207, class=java.nio.HeapCharBuffer@5000006a)
OBJ 50000511 (sz=24, trace=300219, class=java.lang.String@50000181)
ARR 50000512 (sz=24, trace=300220, nelems=0, elem type=char[])
OBJ 50000513 (sz=24, trace=300221, class=java.lang.String@50000181)
ARR 50000514 (sz=24, trace=300222, nelems=0, elem type=char[])
OBJ 50000515 (sz=24, trace=300223, class=java.lang.String@50000181)
ARR 50000516 (sz=128, trace=300224, nelems=0, elem type=char[])
OBJ 50000517 (sz=32, trace=300225, class=java.io.File@5000012f)
OBJ 50000518 (sz=24, trace=300226, class=java.lang.StringBuffer@50000136)
ARR 50000519 (sz=128, trace=300227, nelems=0, elem type=char[])
ARR 5000051a (sz=120, trace=300228, nelems=0, elem type=char[])
OBJ 5000051b (sz=24, trace=300229, class=java.lang.String@50000181)
ARR 5000051c (sz=120, trace=300230, nelems=0, elem type=char[])
OBJ 5000051d (sz=24, trace=300231, class=java.lang.String@50000181)
ARR 5000051e (sz=120, trace=300232, nelems=0, elem type=char[])
OBJ 5000051f (sz=32, trace=300080, class=java.util.HashMap$Node@500000d7)
	key		500004fb
	value		5000050a
	next		500005c0
OBJ 50000520 (sz=24, trace=300181, class=java.lang.StringBuilder@50000135)
ARR 50000521 (sz=48, trace=300182, nelems=0, elem type=char[])
ARR 50000522 (sz=160, trace=300010, nelems=0, elem type=char[])
OBJ 50000523 (sz=24, trace=300183, class=java.lang.String@50000181)
	value		50000524
ARR 50000524 (sz=144, trace=300184, nelems=72, elem type=char[])
OBJ 50000525 (sz=24, trace=300186, class=sun.misc.URLClassPath$3@500003cf)
OBJ 50000526 (sz=24, trace=300191, class=java.lang.StringBuilder@50000135)
ARR 50000527 (sz=48, trace=300192, nelems=0, elem type=char[])
OBJ 50000528 (sz=24, trace=300193, class=java.lang.StringBuffer@50000136)
ARR 50000529 (sz=160, trace=300194, nelems=0, elem type=char[])
ARR 5000052a (sz=160, trace=300195, nelems=0, elem type=char[])
OBJ 5000052b (sz=24, trace=300196, class=java.lang.String@50000181)
ARR 5000052c (sz=160, trace=300010, nelems=0, elem type=char[])
ARR 5000052d (sz=304, trace=300010, nelems=0, elem type=char[])
OBJ 5000052e (sz=24, trace=300197, class=java.lang.String@50000181)
	value		5000052f
ARR 5000052f (sz=144, trace=300198, nelems=72, elem type=char[])
OBJ 50000530 (sz=64, trace=300199, class=java.net.URL@5000012d)
	protocol	500023d1
	host		50000f74
	file		5000052e
	authority	50000f74
	path		5000052e
	handler		500023a5
OBJ 50000531 (sz=24, trace=300200, class=java.net.Parts@50000010)
OBJ 50000532 (sz=48, trace=300201, class=sun.misc.URLClassPath$JarLoader@500003d2)
	base		50000530
	csu		500023b3
	metaIndex	50002409
	handler		500023a5
	lmap		500023a6
OBJ 50000533 (sz=24, trace=300202, class=java.lang.StringBuilder@50000135)
ARR 50000534 (sz=152, trace=300203, nelems=0, elem type=char[])
ARR 50000535 (sz=88, trace=300204, nelems=0, elem type=byte[])
OBJ 50000536 (sz=48, trace=300205, class=java.nio.HeapByteBuffer@50000072)
ARR 50000537 (sz=152, trace=300206, nelems=0, elem type=char[])
OBJ 50000538 (sz=48, trace=300207, class=java.nio.HeapCharBuffer@5000006a)
OBJ 50000539 (sz=24, trace=300219, class=java.lang.String@50000181)
ARR 5000053a (sz=24, trace=300220, nelems=0, elem type=char[])
OBJ 5000053b (sz=24, trace=300221, class=java.lang.String@50000181)
ARR 5000053c (sz=24, trace=300222, nelems=0, elem type=char[])
OBJ 5000053d (sz=24, trace=300223, class=java.lang.String@50000181)
ARR 5000053e (sz=144, trace=300224, nelems=0, elem type=char[])
OBJ 5000053f (sz=32, trace=300225, class=java.io.File@5000012f)
OBJ 50000540 (sz=24, trace=300226, class=java.lang.StringBuffer@50000136)
ARR 50000541 (sz=144, trace=300227, nelems=0, elem type=char[])
ARR 50000542 (sz=144, trace=300228, nelems=0, elem type=char[])
OBJ 50000543 (sz=24, trace=300229, class=java.lang.String@50000181)
ARR 50000544 (sz=144, trace=300230, nelems=0, elem type=char[])
OBJ 50000545 (sz=24, trace=300231, class=java.lang.String@50000181)
ARR 50000546 (sz=144, trace=300232, nelems=0, elem type=char[])
OBJ 50000547 (sz=32, trace=300080, class=java.util.HashMap$Node@500000d7)
	key		50000523
	value		50000532
	next		5000056f
OBJ 50000548 (sz=24, trace=300181, class=java.lang.StringBuilder@50000135)
ARR 50000549 (sz=48, trace=300182, nelems=0, elem type=char[])
ARR 5000054a (sz=152, trace=300010, nelems=0, elem type=char[])
OBJ 5000054b (sz=24, trace=300183, class=java.lang.String@50000181)
	value		5000054c
ARR 5000054c (sz=132, trace=300184, nelems=66, elem type=char[])
OBJ 5000054d (sz=24, trace=300186, class=sun.misc.URLClassPath$3@500003cf)
OBJ 5000054e (sz=24, trace=300191, class=java.lang.StringBuilder@50000135)
ARR 5000054f (sz=48, trace=300192, nelems=0, elem type=char[])
OBJ 50000550 (sz=24, trace=300193, class=java.lang.StringBuffer@50000136)
ARR 50000551 (sz=144, trace=300194, nelems=0, elem type=char[])
ARR 50000552 (sz=144, trace=300195, nelems=0, elem type=char[])
OBJ 50000553 (sz=24, trace=300196, class=java.lang.String@50000181)
ARR 50000554 (sz=144, trace=300010, nelems=0, elem type=char[])
ARR 50000555 (sz=280, trace=300010, nelems=0, elem type=char[])
OBJ 50000556 (sz=24, trace=300197, class=java.lang.String@50000181)
	value		50000557
ARR 50000557 (sz=132, trace=300198, nelems=66, elem type=char[])
OBJ 50000558 (sz=64, trace=300199, class=java.net.URL@5000012d)
	protocol	500023d1
	host		50000f74
	file		50000556
	authority	50000f74
	path		50000556
	handler		500023a5
OBJ 50000559 (sz=24, trace=300200, class=java.net.Parts@50000010)
OBJ 5000055a (sz=48, trace=300201, class=sun.misc.URLClassPath$JarLoader@500003d2)
	base		50000558
	csu		500023b4
	metaIndex	5000242a
	handler		500023a5
	lmap		500023a6
OBJ 5000055b (sz=24, trace=300202, class=java.lang.StringBuilder@50000135)
ARR 5000055c (sz=136, trace=300203, nelems=0, elem type=char[])
ARR 5000055d (sz=80, trace=300204, nelems=0, elem type=byte[])
OBJ 5000055e (sz=48, trace=300205, class=java.nio.HeapByteBuffer@50000072)
ARR 5000055f (sz=136, trace=300206, nelems=0, elem type=char[])
OBJ 50000560 (sz=48, trace=300207, class=java.nio.HeapCharBuffer@5000006a)
OBJ 50000561 (sz=24, trace=300219, class=java.lang.String@50000181)
ARR 50000562 (sz=24, trace=300220, nelems=0, elem type=char[])
OBJ 50000563 (sz=24, trace=300221, class=java.lang.String@50000181)
ARR 50000564 (sz=24, trace=300222, nelems=0, elem type=char[])
OBJ 50000565 (sz=24, trace=300223, class=java.lang.String@50000181)
ARR 50000566 (sz=136, trace=300224, nelems=0, elem type=char[])
OBJ 50000567 (sz=32, trace=300225, class=java.io.File@5000012f)
OBJ 50000568 (sz=24, trace=300226, class=java.lang.StringBuffer@50000136)
ARR 50000569 (sz=136, trace=300227, nelems=0, elem type=char[])
ARR 5000056a (sz=128, trace=300228, nelems=0, elem type=char[])
OBJ 5000056b (sz=24, trace=300229, class=java.lang.String@50000181)
ARR 5000056c (sz=128, trace=300230, nelems=0, elem type=char[])
OBJ 5000056d (sz=24, trace=300231, class=java.lang.String@50000181)
ARR 5000056e (sz=128, trace=300232, nelems=0, elem type=char[])
OBJ 5000056f (sz=32, trace=300081, class=java.util.HashMap$Node@500000d7)
	key		5000054b
	value		5000055a
OBJ 50000570 (sz=24, trace=300181, class=java.lang.StringBuilder@50000135)
ARR 50000571 (sz=48, trace=300182, nelems=0, elem type=char[])
ARR 50000572 (sz=152, trace=300010, nelems=0, elem type=char[])
OBJ 50000573 (sz=24, trace=300183, class=java.lang.String@50000181)
	value		50000574
ARR 50000574 (sz=132, trace=300184, nelems=66, elem type=char[])
OBJ 50000575 (sz=24, trace=300186, class=sun.misc.URLClassPath$3@500003cf)
OBJ 50000576 (sz=24, trace=300191, class=java.lang.StringBuilder@50000135)
ARR 50000577 (sz=48, trace=300192, nelems=0, elem type=char[])
OBJ 50000578 (sz=24, trace=300193, class=java.lang.StringBuffer@50000136)
ARR 50000579 (sz=144, trace=300194, nelems=0, elem type=char[])
ARR 5000057a (sz=144, trace=300195, nelems=0, elem type=char[])
OBJ 5000057b (sz=24, trace=300196, class=java.lang.String@50000181)
ARR 5000057c (sz=144, trace=300010, nelems=0, elem type=char[])
ARR 5000057d (sz=280, trace=300010, nelems=0, elem type=char[])
OBJ 5000057e (sz=24, trace=300197, class=java.lang.String@50000181)
	value		5000057f
ARR 5000057f (sz=132, trace=300198, nelems=66, elem type=char[])
OBJ 50000580 (sz=64, trace=300199, class=java.net.URL@5000012d)
	protocol	500023d1
	host		50000f74
	file		5000057e
	authority	50000f74
	path		5000057e
	handler		500023a5
OBJ 50000581 (sz=24, trace=300200, class=java.net.Parts@50000010)
OBJ 50000582 (sz=48, trace=300201, class=sun.misc.URLClassPath$JarLoader@500003d2)
	base		50000580
	csu		500023b5
	metaIndex	5000241f
	handler		500023a5
	lmap		500023a6
OBJ 50000583 (sz=24, trace=300202, class=java.lang.StringBuilder@50000135)
ARR 50000584 (sz=136, trace=300203, nelems=0, elem type=char[])
ARR 50000585 (sz=80, trace=300204, nelems=0, elem type=byte[])
OBJ 50000586 (sz=48, trace=300205, class=java.nio.HeapByteBuffer@50000072)
ARR 50000587 (sz=136, trace=300206, nelems=0, elem type=char[])
OBJ 50000588 (sz=48, trace=300207, class=java.nio.HeapCharBuffer@5000006a)
OBJ 50000589 (sz=24, trace=300219, class=java.lang.String@50000181)
ARR 5000058a (sz=24, trace=300220, nelems=0, elem type=char[])
OBJ 5000058b (sz=24, trace=300221, class=java.lang.String@50000181)
ARR 5000058c (sz=24, trace=300222, nelems=0, elem type=char[])
OBJ 5000058d (sz=24, trace=300223, class=java.lang.String@50000181)
ARR 5000058e (sz=136, trace=300224, nelems=0, elem type=char[])
OBJ 5000058f (sz=32, trace=300225, class=java.io.File@5000012f)
OBJ 50000590 (sz=24, trace=300226, class=java.lang.StringBuffer@50000136)
ARR 50000591 (sz=136, trace=300227, nelems=0, elem type=char[])
ARR 50000592 (sz=128, trace=300228, nelems=0, elem type=char[])
OBJ 50000593 (sz=24, trace=300229, class=java.lang.String@50000181)
ARR 50000594 (sz=128, trace=300230, nelems=0, elem type=char[])
OBJ 50000595 (sz=24, trace=300231, class=java.lang.String@50000181)
ARR 50000596 (sz=128, trace=300232, nelems=0, elem type=char[])
ARR 50000597 (sz=80, trace=300233, nelems=12, elem type=java.lang.Object[]@5000011c)
	[0]		500003e4
	[1]		5000041a
	[2]		50000442
	[3]		5000046a
	[4]		50000492
	[5]		500004ba
	[6]		500004e2
	[7]		5000050a
	[8]		50000532
	[9]		5000055a
	[10]		50000582
	[11]		500005ab
OBJ 50000598 (sz=32, trace=300081, class=java.util.HashMap$Node@500000d7)
	key		50000573
	value		50000582
OBJ 50000599 (sz=24, trace=300181, class=java.lang.StringBuilder@50000135)
ARR 5000059a (sz=48, trace=300182, nelems=0, elem type=char[])
ARR 5000059b (sz=144, trace=300010, nelems=0, elem type=char[])
OBJ 5000059c (sz=24, trace=300183, class=java.lang.String@50000181)
	value		5000059d
ARR 5000059d (sz=124, trace=300184, nelems=62, elem type=char[])
OBJ 5000059e (sz=24, trace=300186, class=sun.misc.URLClassPath$3@500003cf)
OBJ 5000059f (sz=24, trace=300191, class=java.lang.StringBuilder@50000135)
ARR 500005a0 (sz=48, trace=300192, nelems=0, elem type=char[])
OBJ 500005a1 (sz=24, trace=300193, class=java.lang.StringBuffer@50000136)
ARR 500005a2 (sz=136, trace=300194, nelems=0, elem type=char[])
ARR 500005a3 (sz=136, trace=300195, nelems=0, elem type=char[])
OBJ 500005a4 (sz=24, trace=300196, class=java.lang.String@50000181)
ARR 500005a5 (sz=136, trace=300010, nelems=0, elem type=char[])
ARR 500005a6 (sz=264, trace=300010, nelems=0, elem type=char[])
OBJ 500005a7 (sz=24, trace=300197, class=java.lang.String@50000181)
	value		500005a8
ARR 500005a8 (sz=124, trace=300198, nelems=62, elem type=char[])
OBJ 500005a9 (sz=64, trace=300199, class=java.net.URL@5000012d)
	protocol	500023d1
	host		50000f74
	file		500005a7
	authority	50000f74
	path		500005a7
	handler		500023a5
OBJ 500005aa (sz=24, trace=300200, class=java.net.Parts@50000010)
OBJ 500005ab (sz=48, trace=300201, class=sun.misc.URLClassPath$JarLoader@500003d2)
	base		500005a9
	csu		500023b6
	metaIndex	500023d0
	handler		500023a5
	lmap		500023a6
OBJ 500005ac (sz=24, trace=300202, class=java.lang.StringBuilder@50000135)
ARR 500005ad (sz=128, trace=300203, nelems=0, elem type=char[])
ARR 500005ae (sz=72, trace=300204, nelems=0, elem type=byte[])
OBJ 500005af (sz=48, trace=300205, class=java.nio.HeapByteBuffer@50000072)
ARR 500005b0 (sz=128, trace=300206, nelems=0, elem type=char[])
OBJ 500005b1 (sz=48, trace=300207, class=java.nio.HeapCharBuffer@5000006a)
OBJ 500005b2 (sz=24, trace=300219, class=java.lang.String@50000181)
ARR 500005b3 (sz=24, trace=300220, nelems=0, elem type=char[])
OBJ 500005b4 (sz=24, trace=300221, class=java.lang.String@50000181)
ARR 500005b5 (sz=24, trace=300222, nelems=0, elem type=char[])
OBJ 500005b6 (sz=24, trace=300223, class=java.lang.String@50000181)
ARR 500005b7 (sz=128, trace=300224, nelems=0, elem type=char[])
OBJ 500005b8 (sz=32, trace=300225, class=java.io.File@5000012f)
OBJ 500005b9 (sz=24, trace=300226, class=java.lang.StringBuffer@50000136)
ARR 500005ba (sz=128, trace=300227, nelems=0, elem type=char[])
ARR 500005bb (sz=120, trace=300228, nelems=0, elem type=char[])
OBJ 500005bc (sz=24, trace=300229, class=java.lang.String@50000181)
ARR 500005bd (sz=120, trace=300230, nelems=0, elem type=char[])
OBJ 500005be (sz=24, trace=300231, class=java.lang.String@50000181)
ARR 500005bf (sz=120, trace=300232, nelems=0, elem type=char[])
OBJ 500005c0 (sz=32, trace=300081, class=java.util.HashMap$Node@500000d7)
	key		5000059c
	value		500005ab
OBJ 500005c1 (sz=40, trace=300235, class=java.lang.ClassNotFoundException@5000016f)
OBJ 500005c2 (sz=24, trace=300236, class=java.net.URLClassLoader$1@500003c5)
ARR 500005c3 (sz=48, trace=300178, nelems=0, elem type=char[])
OBJ 500005c4 (sz=24, trace=300179, class=java.lang.String@50000181)
OBJ 500005c5 (sz=24, trace=300181, class=java.lang.StringBuilder@50000135)
ARR 500005c6 (sz=48, trace=300182, nelems=0, elem type=char[])
ARR 500005c7 (sz=168, trace=300010, nelems=0, elem type=char[])
OBJ 500005c8 (sz=24, trace=300183, class=java.lang.String@50000181)
	value		500005c9
ARR 500005c9 (sz=146, trace=300184, nelems=73, elem type=char[])
OBJ 500005ca (sz=24, trace=300186, class=sun.misc.URLClassPath$3@500003cf)
OBJ 500005cc (sz=24, trace=300238, class=sun.misc.URLClassPath$FileLoader@500005cb)
	base		500024f6
	dir		500005db
ARR 500005cd (sz=152, trace=300239, nelems=0, elem type=char[])
OBJ 500005ce (sz=24, trace=300240, class=java.lang.String@50000181)
OBJ 500005cf (sz=32, trace=300241, class=java.io.File@5000012f)
OBJ 500005d0 (sz=24, trace=300242, class=java.lang.StringBuffer@50000136)
ARR 500005d1 (sz=152, trace=300243, nelems=0, elem type=char[])
ARR 500005d2 (sz=128, trace=300244, nelems=64, elem type=char[])
OBJ 500005d3 (sz=24, trace=300245, class=java.lang.String@50000181)
	value		500005d2
OBJ 500005d4 (sz=24, trace=300108, class=java.lang.String@50000181)
ARR 500005d5 (sz=136, trace=300109, nelems=0, elem type=char[])
OBJ 500005d6 (sz=24, trace=300110, class=java.io.ExpiringCache$Entry@50000055)
	val		50000fd4
OBJ 500005d7 (sz=40, trace=300246, class=java.util.LinkedHashMap$Entry@50000054)
	key		500005d3
	value		500005d6
	before		50000376
	after		5000066c
OBJ 500005d8 (sz=24, trace=300112, class=java.lang.String@50000181)
ARR 500005d9 (sz=136, trace=300109, nelems=0, elem type=char[])
OBJ 500005da (sz=32, trace=300247, class=java.io.File@5000012f)
OBJ 500005db (sz=32, trace=300248, class=java.io.File@5000012f)
	path		50000fd4
ARR 500005dc (sz=56, trace=300233, nelems=3, elem type=java.lang.Object[]@5000011c)
	[0]		500005cc
	[1]		50000b74
	[2]		50000c85
ARR 500005dd (sz=80, trace=300234, nelems=14, elem type=java.util.HashMap$Node[]@500000d5)
	[0]		500005de
	[4]		50000c6f
	[13]		50000cd2
OBJ 500005de (sz=32, trace=300080, class=java.util.HashMap$Node@500000d7)
	key		500005c8
	value		500005cc
OBJ 500005df (sz=64, trace=300249, class=java.net.URL@5000012d)
OBJ 500005e0 (sz=24, trace=300250, class=java.lang.StringBuilder@50000135)
ARR 500005e1 (sz=48, trace=300251, nelems=0, elem type=char[])
ARR 500005e2 (sz=152, trace=300010, nelems=0, elem type=char[])
ARR 500005e3 (sz=288, trace=300010, nelems=0, elem type=char[])
OBJ 500005e4 (sz=24, trace=300252, class=java.lang.String@50000181)
ARR 500005e5 (sz=152, trace=300253, nelems=0, elem type=char[])
OBJ 500005e6 (sz=24, trace=300254, class=java.lang.String@50000181)
ARR 500005e7 (sz=152, trace=300255, nelems=0, elem type=char[])
ARR 500005e8 (sz=112, trace=300256, nelems=0, elem type=char[])
ARR 500005e9 (sz=48, trace=300257, nelems=0, elem type=char[])
OBJ 500005ea (sz=24, trace=300258, class=java.lang.String@50000181)
ARR 500005eb (sz=48, trace=300259, nelems=0, elem type=char[])
OBJ 500005ec (sz=64, trace=300260, class=java.net.URL@5000012d)
OBJ 500005ed (sz=24, trace=300250, class=java.lang.StringBuilder@50000135)
ARR 500005ee (sz=48, trace=300251, nelems=0, elem type=char[])
ARR 500005ef (sz=152, trace=300010, nelems=0, elem type=char[])
ARR 500005f0 (sz=288, trace=300010, nelems=0, elem type=char[])
OBJ 500005f1 (sz=24, trace=300252, class=java.lang.String@50000181)
ARR 500005f2 (sz=184, trace=300253, nelems=0, elem type=char[])
OBJ 500005f3 (sz=32, trace=300261, class=java.io.File@5000012f)
ARR 500005f4 (sz=176, trace=300262, nelems=0, elem type=char[])
OBJ 500005f5 (sz=24, trace=300263, class=java.lang.String@50000181)
	value		500005f6
ARR 500005f6 (sz=160, trace=300264, nelems=80, elem type=char[])
OBJ 500005f9 (sz=32, trace=300266, class=sun.misc.URLClassPath$FileLoader$1@500005f8)
OBJ 500005fa (sz=32, trace=300267, class=java.io.FileInputStream@5000008b)
	fd		500005fd
	path		500005f5
	closeLock	500005fc
OBJ 500005fb (sz=40, trace=300133, class=java.lang.ref.Finalizer@50000160)
	referent	500005fa
	queue		50000e62
	next		50000391
	prev		50000702
OBJ 500005fc (sz=16, trace=300268, class=java.lang.Object@50000185)
OBJ 500005fd (sz=40, trace=300269, class=java.io.FileDescriptor@5000008a)
	parent		500005fa
ARR 500005ff (sz=16, trace=300271, nelems=0, elem type=byte[])
ARR 50000600 (sz=816, trace=300272, nelems=0, elem type=byte[])
OBJ 50000601 (sz=16, trace=300273, class=java.io.FileInputStream$1@50000013)
OBJ 50000602 (sz=32, trace=300274, class=java.security.CodeSource@50000128)
	location	500024f6
OBJ 50000605 (sz=16, trace=300277, class=sun.misc.Perf$GetPerfAction@50000604)
OBJ 50000607 (sz=16, trace=300279, class=sun.misc.Perf@50000606)
OBJ 50000609 (sz=24, trace=300281, class=sun.misc.PerfCounter@50000603)
	name		500024c5
	lb		50000611
OBJ 5000060d (sz=24, trace=300283, class=sun.security.action.GetPropertyAction@50000064)
OBJ 5000060e (sz=64, trace=300284, class=java.nio.DirectByteBuffer@5000060c)
OBJ 50000611 (sz=56, trace=300286, class=java.nio.DirectLongBufferU@50000610)
	att		5000060e
OBJ 50000612 (sz=24, trace=300287, class=sun.misc.PerfCounter@50000603)
	name		500024c4
	lb		50000614
OBJ 50000613 (sz=64, trace=300284, class=java.nio.DirectByteBuffer@5000060c)
OBJ 50000614 (sz=56, trace=300286, class=java.nio.DirectLongBufferU@50000610)
	att		50000613
OBJ 50000615 (sz=24, trace=300288, class=sun.misc.PerfCounter@50000603)
	name		500024c3
	lb		50000617
OBJ 50000616 (sz=64, trace=300284, class=java.nio.DirectByteBuffer@5000060c)
OBJ 50000617 (sz=56, trace=300286, class=java.nio.DirectLongBufferU@50000610)
	att		50000616
OBJ 50000618 (sz=24, trace=300289, class=sun.misc.PerfCounter@50000603)
	name		500024c6
	lb		5000061a
OBJ 50000619 (sz=64, trace=300284, class=java.nio.DirectByteBuffer@5000060c)
OBJ 5000061a (sz=56, trace=300286, class=java.nio.DirectLongBufferU@50000610)
	att		50000619
OBJ 5000061b (sz=24, trace=300290, class=sun.misc.PerfCounter@50000603)
	name		500024c8
	lb		5000061d
OBJ 5000061c (sz=64, trace=300284, class=java.nio.DirectByteBuffer@5000060c)
OBJ 5000061d (sz=56, trace=300286, class=java.nio.DirectLongBufferU@50000610)
	att		5000061c
OBJ 5000061e (sz=24, trace=300291, class=sun.misc.PerfCounter@50000603)
	name		500024c7
	lb		50000620
OBJ 5000061f (sz=64, trace=300284, class=java.nio.DirectByteBuffer@5000060c)
OBJ 50000620 (sz=56, trace=300286, class=java.nio.DirectLongBufferU@50000610)
	att		5000061f
ARR 50000623 (sz=24, trace=300293, nelems=2, elem type=java.io.ObjectStreamField[]@5000010e)
	[0]		50000624
	[1]		50000631
OBJ 50000624 (sz=40, trace=300294, class=java.io.ObjectStreamField@50000110)
	name		5000239d
	signature	5000062f
	type		50000159
OBJ 50000625 (sz=24, trace=300295, class=java.lang.StringBuilder@50000135)
ARR 50000626 (sz=48, trace=300296, nelems=0, elem type=char[])
OBJ 50000627 (sz=24, trace=300297, class=java.lang.StringBuilder@50000135)
ARR 50000628 (sz=48, trace=300298, nelems=0, elem type=char[])
ARR 50000629 (sz=56, trace=300299, nelems=0, elem type=char[])
OBJ 5000062a (sz=24, trace=300300, class=java.lang.String@50000181)
ARR 5000062b (sz=88, trace=300010, nelems=0, elem type=char[])
OBJ 5000062c (sz=24, trace=300301, class=java.lang.String@50000181)
ARR 5000062d (sz=64, trace=300302, nelems=0, elem type=char[])
ARR 5000062e (sz=88, trace=300010, nelems=0, elem type=char[])
OBJ 5000062f (sz=24, trace=300303, class=java.lang.String@50000181)
	value		50000630
ARR 50000630 (sz=42, trace=300304, nelems=21, elem type=char[])
OBJ 50000631 (sz=40, trace=300305, class=java.io.ObjectStreamField@50000110)
	name		5000239c
	signature	5000063d
	type		50000621
OBJ 50000632 (sz=24, trace=300295, class=java.lang.StringBuilder@50000135)
ARR 50000633 (sz=48, trace=300296, nelems=0, elem type=char[])
OBJ 50000634 (sz=24, trace=300297, class=java.lang.StringBuilder@50000135)
ARR 50000635 (sz=48, trace=300298, nelems=0, elem type=char[])
ARR 50000636 (sz=88, trace=300299, nelems=0, elem type=char[])
OBJ 50000637 (sz=24, trace=300300, class=java.lang.String@50000181)
ARR 50000638 (sz=88, trace=300010, nelems=0, elem type=char[])
ARR 50000639 (sz=160, trace=300306, nelems=0, elem type=char[])
OBJ 5000063a (sz=24, trace=300301, class=java.lang.String@50000181)
ARR 5000063b (sz=88, trace=300302, nelems=0, elem type=char[])
ARR 5000063c (sz=88, trace=300010, nelems=0, elem type=char[])
OBJ 5000063d (sz=24, trace=300303, class=java.lang.String@50000181)
	value		5000063e
ARR 5000063e (sz=72, trace=300304, nelems=36, elem type=char[])
OBJ 5000063f (sz=32, trace=300307, class=java.security.Permissions@50000622)
	permsMap	50000640
OBJ 50000640 (sz=48, trace=300308, class=java.util.HashMap@500000d9)
	table		50000680
ARR 50000641 (sz=152, trace=300309, nelems=0, elem type=char[])
OBJ 50000642 (sz=24, trace=300310, class=java.lang.String@50000181)
OBJ 50000643 (sz=32, trace=300311, class=java.io.File@5000012f)
OBJ 50000644 (sz=24, trace=300242, class=java.lang.StringBuffer@50000136)
ARR 50000645 (sz=152, trace=300243, nelems=0, elem type=char[])
ARR 50000646 (sz=144, trace=300244, nelems=0, elem type=char[])
OBJ 50000647 (sz=24, trace=300245, class=java.lang.String@50000181)
OBJ 5000064b (sz=48, trace=300313, class=java.util.Hashtable@50000159)
	table		5000064c
ARR 5000064c (sz=64, trace=300314, nelems=0, elem type=java.util.Hashtable$Entry[]@500000d2)
OBJ 5000064d (sz=48, trace=300315, class=java.util.HashMap@500000d9)
OBJ 5000064e (sz=104, trace=300316, class=sun.net.www.protocol.file.FileURLConnection@5000064a)
OBJ 50000650 (sz=24, trace=300318, class=sun.net.www.MessageHeader@5000064f)
ARR 50000651 (sz=32, trace=300319, nelems=0, elem type=java.lang.String[]@500000db)
ARR 50000652 (sz=32, trace=300320, nelems=0, elem type=java.lang.String[]@500000db)
ARR 50000654 (sz=152, trace=300322, nelems=0, elem type=char[])
OBJ 50000655 (sz=24, trace=300323, class=java.lang.String@50000181)
OBJ 50000656 (sz=32, trace=300324, class=java.io.FilePermission@50000653)
OBJ 50000658 (sz=16, trace=300326, class=java.io.FilePermission$1@50000657)
OBJ 50000659 (sz=32, trace=300327, class=java.io.File@5000012f)
OBJ 5000065a (sz=24, trace=300242, class=java.lang.StringBuffer@50000136)
ARR 5000065b (sz=152, trace=300243, nelems=0, elem type=char[])
ARR 5000065c (sz=144, trace=300244, nelems=0, elem type=char[])
OBJ 5000065d (sz=24, trace=300245, class=java.lang.String@50000181)
OBJ 5000065e (sz=24, trace=300328, class=java.lang.StringBuilder@50000135)
ARR 5000065f (sz=48, trace=300329, nelems=0, elem type=char[])
ARR 50000660 (sz=152, trace=300010, nelems=0, elem type=char[])
ARR 50000661 (sz=288, trace=300010, nelems=0, elem type=char[])
OBJ 50000662 (sz=24, trace=300330, class=java.lang.String@50000181)
	value		50000663
ARR 50000663 (sz=134, trace=300331, nelems=67, elem type=char[])
OBJ 50000664 (sz=32, trace=300332, class=java.io.FilePermission@50000653)
	name		50000662
	cpath		5000066d
OBJ 50000665 (sz=16, trace=300333, class=java.io.FilePermission$1@50000657)
OBJ 50000666 (sz=32, trace=300327, class=java.io.File@5000012f)
OBJ 50000667 (sz=24, trace=300242, class=java.lang.StringBuffer@50000136)
ARR 50000668 (sz=152, trace=300243, nelems=0, elem type=char[])
ARR 50000669 (sz=132, trace=300244, nelems=66, elem type=char[])
OBJ 5000066a (sz=24, trace=300245, class=java.lang.String@50000181)
	value		50000669
OBJ 5000066b (sz=24, trace=300110, class=java.io.ExpiringCache$Entry@50000055)
	val		50000fd2
OBJ 5000066c (sz=40, trace=300246, class=java.util.LinkedHashMap$Entry@50000054)
	key		5000066a
	value		5000066b
	before		500005d7
	after		50000710
OBJ 5000066d (sz=24, trace=300334, class=java.lang.String@50000181)
	value		5000066e
ARR 5000066e (sz=130, trace=300335, nelems=65, elem type=char[])
ARR 50000670 (sz=24, trace=300337, nelems=1, elem type=java.io.ObjectStreamField[]@5000010e)
	[0]		50000671
OBJ 50000671 (sz=40, trace=300338, class=java.io.ObjectStreamField@50000110)
	name		50000f8e
	signature	5000067c
	type		500000f7
OBJ 50000672 (sz=24, trace=300295, class=java.lang.StringBuilder@50000135)
ARR 50000673 (sz=48, trace=300296, nelems=0, elem type=char[])
OBJ 50000674 (sz=24, trace=300297, class=java.lang.StringBuilder@50000135)
ARR 50000675 (sz=48, trace=300298, nelems=0, elem type=char[])
ARR 50000676 (sz=48, trace=300299, nelems=0, elem type=char[])
OBJ 50000677 (sz=24, trace=300300, class=java.lang.String@50000181)
ARR 50000678 (sz=88, trace=300010, nelems=0, elem type=char[])
OBJ 50000679 (sz=24, trace=300301, class=java.lang.String@50000181)
ARR 5000067a (sz=56, trace=300302, nelems=0, elem type=char[])
ARR 5000067b (sz=88, trace=300010, nelems=0, elem type=char[])
OBJ 5000067c (sz=24, trace=300303, class=java.lang.String@50000181)
	value		5000067d
ARR 5000067d (sz=36, trace=300304, nelems=18, elem type=char[])
OBJ 5000067e (sz=24, trace=300339, class=java.io.FilePermissionCollection@5000066f)
	perms		5000067f
OBJ 5000067f (sz=24, trace=300340, class=java.util.ArrayList@500000f1)
	elementData	50000682
ARR 50000680 (sz=80, trace=300341, nelems=13, elem type=java.util.HashMap$Node[]@500000d5)
	[4]		500006a9
	[12]		50000681
OBJ 50000681 (sz=32, trace=300080, class=java.util.HashMap$Node@500000d7)
	key		50000653
	value		5000067e
ARR 50000682 (sz=56, trace=300233, nelems=1, elem type=java.lang.Object[]@5000011c)
	[0]		50000664
OBJ 50000685 (sz=24, trace=300344, class=java.lang.RuntimePermission@50000104)
	name		50000f88
	path		50000f89
ARR 50000687 (sz=32, trace=300346, nelems=3, elem type=java.io.ObjectStreamField[]@5000010e)
	[0]		50000688
	[1]		50000695
	[2]		5000069a
OBJ 50000688 (sz=40, trace=300347, class=java.io.ObjectStreamField@50000110)
	name		50000f8e
	signature	5000062f
	type		50000159
OBJ 50000689 (sz=24, trace=300295, class=java.lang.StringBuilder@50000135)
ARR 5000068a (sz=48, trace=300296, nelems=0, elem type=char[])
OBJ 5000068b (sz=24, trace=300297, class=java.lang.StringBuilder@50000135)
ARR 5000068c (sz=48, trace=300298, nelems=0, elem type=char[])
ARR 5000068d (sz=56, trace=300299, nelems=0, elem type=char[])
OBJ 5000068e (sz=24, trace=300300, class=java.lang.String@50000181)
ARR 5000068f (sz=88, trace=300010, nelems=0, elem type=char[])
OBJ 50000690 (sz=24, trace=300301, class=java.lang.String@50000181)
ARR 50000691 (sz=64, trace=300302, nelems=0, elem type=char[])
ARR 50000692 (sz=88, trace=300010, nelems=0, elem type=char[])
OBJ 50000693 (sz=24, trace=300303, class=java.lang.String@50000181)
ARR 50000694 (sz=64, trace=300304, nelems=0, elem type=char[])
OBJ 50000695 (sz=40, trace=300348, class=java.io.ObjectStreamField@50000110)
	name		50000f8c
	signature	50002376
	type		50000f5d
OBJ 50000696 (sz=24, trace=300295, class=java.lang.StringBuilder@50000135)
ARR 50000697 (sz=48, trace=300296, nelems=0, elem type=char[])
OBJ 50000698 (sz=24, trace=300303, class=java.lang.String@50000181)
ARR 50000699 (sz=24, trace=300304, nelems=0, elem type=char[])
OBJ 5000069a (sz=40, trace=300349, class=java.io.ObjectStreamField@50000110)
	name		50000f8d
	signature	500006a5
	type		5000017d
OBJ 5000069b (sz=24, trace=300295, class=java.lang.StringBuilder@50000135)
ARR 5000069c (sz=48, trace=300296, nelems=0, elem type=char[])
OBJ 5000069d (sz=24, trace=300297, class=java.lang.StringBuilder@50000135)
ARR 5000069e (sz=48, trace=300298, nelems=0, elem type=char[])
ARR 5000069f (sz=48, trace=300299, nelems=0, elem type=char[])
OBJ 500006a0 (sz=24, trace=300300, class=java.lang.String@50000181)
ARR 500006a1 (sz=88, trace=300306, nelems=0, elem type=char[])
OBJ 500006a2 (sz=24, trace=300301, class=java.lang.String@50000181)
ARR 500006a3 (sz=56, trace=300302, nelems=0, elem type=char[])
ARR 500006a4 (sz=88, trace=300010, nelems=0, elem type=char[])
OBJ 500006a5 (sz=24, trace=300303, class=java.lang.String@50000181)
	value		500006a6
ARR 500006a6 (sz=34, trace=300304, nelems=17, elem type=char[])
OBJ 500006a7 (sz=32, trace=300350, class=java.security.BasicPermissionCollection@50000686)
	perms		500006a8
	permClass	50000104
OBJ 500006a8 (sz=48, trace=300351, class=java.util.HashMap@500000d9)
	table		500006aa
OBJ 500006a9 (sz=32, trace=300080, class=java.util.HashMap$Node@500000d7)
	key		50000104
	value		500006a7
ARR 500006aa (sz=80, trace=300352, nelems=12, elem type=java.util.HashMap$Node[]@500000d5)
	[11]		500006ab
OBJ 500006ab (sz=32, trace=300080, class=java.util.HashMap$Node@500000d7)
	key		50000f8a
	value		50000685
OBJ 500006ac (sz=40, trace=300353, class=java.security.ProtectionDomain@50000173)
	codesource	50000602
	classloader	50000e6b
	principals	500006ae
	permissions	5000063f
	key		500006ad
OBJ 500006ad (sz=16, trace=300354, class=java.security.ProtectionDomain$Key@50000008)
ARR 500006ae (sz=16, trace=300355, nelems=0, elem type=java.security.Principal[]@50000006)
ARR 500006af (sz=80, trace=300356, nelems=10, elem type=java.util.HashMap$Node[]@500000d5)
	[9]		500006b0
OBJ 500006b0 (sz=32, trace=300080, class=java.util.HashMap$Node@500000d7)
	key		50000602
	value		500006ac
ARR 500006b1 (sz=80, trace=300357, nelems=1, elem type=java.util.concurrent.ConcurrentHashMap$Node[]@50000022)
	[0]		500006b2
OBJ 500006b2 (sz=32, trace=300358, class=java.util.concurrent.ConcurrentHashMap$Node@50000023)
	key		50000f74
	val		50001209
OBJ 500006b3 (sz=24, trace=300193, class=java.lang.StringBuffer@50000136)
ARR 500006b4 (sz=160, trace=300194, nelems=0, elem type=char[])
ARR 500006b5 (sz=160, trace=300195, nelems=0, elem type=char[])
OBJ 500006b6 (sz=24, trace=300196, class=java.lang.String@50000181)
OBJ 500006b7 (sz=32, trace=300359, class=java.lang.NoClassDefFoundError@5000016d)
	detailMessage	50002825
	cause		500006b7
	stackTrace	500024a6
	suppressedExceptions	500024a5
ARR 500006ba (sz=24, trace=300362, nelems=1, elem type=java.lang.Object[]@5000011c)
	[0]		500003bd
OBJ 500006be (sz=40, trace=300366, class=java.util.ResourceBundle$1@500006bd)
	cacheKey	500027b1
OBJ 500006bf (sz=64, trace=300367, class=java.util.concurrent.ConcurrentHashMap@5000002a)
	table		50000b32
OBJ 500006c0 (sz=32, trace=300368, class=java.lang.ref.ReferenceQueue@500000e6)
	lock		500006c1
OBJ 500006c1 (sz=16, trace=300369, class=java.lang.ref.ReferenceQueue$Lock@500000e4)
OBJ 500006c4 (sz=32, trace=300372, class=java.util.ServiceLoader@500006c3)
OBJ 500006c5 (sz=56, trace=300373, class=java.util.LinkedHashMap@5000005f)
OBJ 500006c7 (sz=40, trace=300375, class=java.util.ServiceLoader$LazyIterator@500006c6)
OBJ 500006c9 (sz=24, trace=300377, class=java.util.ServiceLoader$1@500006c8)
OBJ 500006cb (sz=16, trace=300379, class=java.util.LinkedHashMap$LinkedEntrySet@500006ca)
OBJ 500006ce (sz=32, trace=300381, class=java.util.LinkedHashMap$LinkedEntryIterator@500006cd)
OBJ 500006cf (sz=24, trace=300382, class=java.lang.StringBuilder@50000135)
ARR 500006d0 (sz=48, trace=300383, nelems=0, elem type=char[])
ARR 500006d1 (sz=88, trace=300010, nelems=0, elem type=char[])
ARR 500006d2 (sz=160, trace=300010, nelems=0, elem type=char[])
OBJ 500006d3 (sz=24, trace=300384, class=java.lang.String@50000181)
ARR 500006d4 (sz=144, trace=300385, nelems=0, elem type=char[])
ARR 500006d6 (sz=24, trace=300386, nelems=0, elem type=java.util.Enumeration[]@500006d5)
OBJ 500006d9 (sz=16, trace=300389, class=sun.misc.Launcher$BootClassPathHolder$1@500006d8)
ARR 500006da (sz=48, trace=300390, nelems=0, elem type=java.io.File[]@50000038)
OBJ 500006db (sz=24, trace=300391, class=java.lang.String@50000181)
	value		500006dc
ARR 500006dc (sz=104, trace=300392, nelems=52, elem type=char[])
OBJ 500006dd (sz=32, trace=300393, class=java.io.File@5000012f)
OBJ 500006de (sz=24, trace=300391, class=java.lang.String@50000181)
ARR 500006df (sz=112, trace=300392, nelems=0, elem type=char[])
OBJ 500006e0 (sz=32, trace=300393, class=java.io.File@5000012f)
OBJ 500006e1 (sz=24, trace=300391, class=java.lang.String@50000181)
ARR 500006e2 (sz=128, trace=300392, nelems=0, elem type=char[])
OBJ 500006e3 (sz=32, trace=300393, class=java.io.File@5000012f)
OBJ 500006e4 (sz=24, trace=300391, class=java.lang.String@50000181)
ARR 500006e5 (sz=112, trace=300392, nelems=0, elem type=char[])
OBJ 500006e6 (sz=32, trace=300393, class=java.io.File@5000012f)
OBJ 500006e7 (sz=24, trace=300391, class=java.lang.String@50000181)
ARR 500006e8 (sz=112, trace=300392, nelems=0, elem type=char[])
OBJ 500006e9 (sz=32, trace=300393, class=java.io.File@5000012f)
OBJ 500006ea (sz=24, trace=300391, class=java.lang.String@50000181)
ARR 500006eb (sz=120, trace=300392, nelems=0, elem type=char[])
OBJ 500006ec (sz=32, trace=300393, class=java.io.File@5000012f)
OBJ 500006ed (sz=24, trace=300391, class=java.lang.String@50000181)
ARR 500006ee (sz=112, trace=300392, nelems=0, elem type=char[])
OBJ 500006ef (sz=32, trace=300393, class=java.io.File@5000012f)
OBJ 500006f0 (sz=24, trace=300394, class=java.lang.String@50000181)
	value		500006f1
ARR 500006f1 (sz=84, trace=300395, nelems=42, elem type=char[])
OBJ 500006f2 (sz=32, trace=300396, class=java.io.File@5000012f)
OBJ 500006f3 (sz=16, trace=300397, class=java.util.HashSet@50000005)
OBJ 500006f4 (sz=48, trace=300398, class=java.util.HashMap@500000d9)
OBJ 500006f5 (sz=24, trace=300399, class=java.lang.String@50000181)
	value		500006f6
ARR 500006f6 (sz=76, trace=300400, nelems=38, elem type=char[])
OBJ 500006f7 (sz=32, trace=300401, class=java.io.File@5000012f)
ARR 500006f8 (sz=96, trace=300230, nelems=0, elem type=char[])
OBJ 500006f9 (sz=24, trace=300231, class=java.lang.String@50000181)
ARR 500006fa (sz=96, trace=300232, nelems=0, elem type=char[])
ARR 500006fb (sz=80, trace=300402, nelems=0, elem type=java.util.HashMap$Node[]@500000d5)
OBJ 500006fc (sz=32, trace=300080, class=java.util.HashMap$Node@500000d7)
OBJ 500006fd (sz=32, trace=300403, class=java.io.File@5000012f)
ARR 500006fe (sz=120, trace=300404, nelems=0, elem type=char[])
OBJ 500006ff (sz=24, trace=300405, class=java.lang.String@50000181)
	value		50000700
ARR 50000700 (sz=98, trace=300264, nelems=49, elem type=char[])
OBJ 50000701 (sz=32, trace=300406, class=java.io.FileInputStream@5000008b)
	fd		50000704
	path		500006ff
	closeLock	50000703
OBJ 50000702 (sz=40, trace=300133, class=java.lang.ref.Finalizer@50000160)
	referent	50000701
	queue		50000e62
	next		500005fb
	prev		50000bfe
OBJ 50000703 (sz=16, trace=300407, class=java.lang.Object@50000185)
OBJ 50000704 (sz=40, trace=300408, class=java.io.FileDescriptor@5000008a)
	parent		50000701
OBJ 50000705 (sz=24, trace=300409, class=java.io.FileReader@50000032)
OBJ 50000706 (sz=56, trace=300410, class=sun.nio.cs.ext.DoubleByte$Decoder@50000096)
OBJ 50000707 (sz=48, trace=300411, class=sun.nio.cs.StreamDecoder@50000031)
ARR 50000708 (sz=8208, trace=300412, nelems=0, elem type=byte[])
OBJ 50000709 (sz=48, trace=300205, class=java.nio.HeapByteBuffer@50000072)
OBJ 5000070a (sz=48, trace=300413, class=java.io.BufferedReader@50000034)
ARR 5000070b (sz=16400, trace=300414, nelems=0, elem type=char[])
OBJ 5000070c (sz=24, trace=300415, class=java.util.ArrayList@500000f1)
OBJ 5000070d (sz=24, trace=300108, class=java.lang.String@50000181)
ARR 5000070e (sz=88, trace=300109, nelems=0, elem type=char[])
OBJ 5000070f (sz=24, trace=300110, class=java.io.ExpiringCache$Entry@50000055)
	val		50000fd0
OBJ 50000710 (sz=40, trace=300246, class=java.util.LinkedHashMap$Entry@50000054)
	key		500006f5
	value		5000070f
	before		5000066c
	after		50000855
OBJ 50000711 (sz=24, trace=300112, class=java.lang.String@50000181)
ARR 50000712 (sz=88, trace=300109, nelems=0, elem type=char[])
OBJ 50000713 (sz=32, trace=300247, class=java.io.File@5000012f)
OBJ 50000714 (sz=32, trace=300416, class=java.io.File@5000012f)
OBJ 50000715 (sz=48, trace=300417, class=java.nio.HeapCharBuffer@5000006a)
OBJ 50000716 (sz=24, trace=300418, class=java.lang.String@50000181)
ARR 50000717 (sz=40, trace=300419, nelems=0, elem type=char[])
OBJ 50000718 (sz=24, trace=300420, class=java.lang.String@50000181)
ARR 50000719 (sz=120, trace=300419, nelems=0, elem type=char[])
OBJ 5000071a (sz=24, trace=300420, class=java.lang.String@50000181)
ARR 5000071b (sz=136, trace=300419, nelems=0, elem type=char[])
OBJ 5000071c (sz=24, trace=300420, class=java.lang.String@50000181)
ARR 5000071d (sz=96, trace=300419, nelems=0, elem type=char[])
OBJ 5000071e (sz=24, trace=300420, class=java.lang.String@50000181)
ARR 5000071f (sz=48, trace=300419, nelems=0, elem type=char[])
OBJ 50000720 (sz=24, trace=300421, class=java.lang.String@50000181)
ARR 50000721 (sz=40, trace=300422, nelems=0, elem type=char[])
OBJ 50000722 (sz=24, trace=300420, class=java.lang.String@50000181)
	value		50000723
ARR 50000723 (sz=14, trace=300419, nelems=7, elem type=char[])
ARR 50000724 (sz=56, trace=300233, nelems=0, elem type=java.lang.Object[]@5000011c)
OBJ 50000725 (sz=24, trace=300420, class=java.lang.String@50000181)
	value		50000726
ARR 50000726 (sz=14, trace=300419, nelems=7, elem type=char[])
OBJ 50000727 (sz=24, trace=300420, class=java.lang.String@50000181)
ARR 50000728 (sz=40, trace=300419, nelems=0, elem type=char[])
OBJ 50000729 (sz=32, trace=300423, class=java.io.File@5000012f)
	path		5000072b
ARR 5000072a (sz=120, trace=300424, nelems=0, elem type=char[])
OBJ 5000072b (sz=24, trace=300425, class=java.lang.String@50000181)
	value		5000072c
ARR 5000072c (sz=102, trace=300264, nelems=51, elem type=char[])
OBJ 5000072d (sz=24, trace=300426, class=sun.misc.MetaIndex@50000036)
	contents	50002447
ARR 5000072e (sz=16, trace=300427, nelems=0, elem type=java.lang.String[]@500000db)
ARR 5000072f (sz=120, trace=300230, nelems=0, elem type=char[])
OBJ 50000730 (sz=24, trace=300231, class=java.lang.String@50000181)
ARR 50000731 (sz=120, trace=300232, nelems=0, elem type=char[])
OBJ 50000732 (sz=32, trace=300081, class=java.util.HashMap$Node@500000d7)
	key		50000729
	value		5000072d
ARR 50000733 (sz=144, trace=300428, nelems=31, elem type=java.util.HashMap$Node[]@500000d5)
	[6]		500023de
	[11]		500023df
	[12]		500023e0
	[13]		500023e1
	[15]		5000075d
	[16]		500023e2
	[17]		500023e3
	[20]		500007c6
	[21]		500023e4
	[22]		500023e5
	[27]		500023e6
	[30]		500023e7
OBJ 50000734 (sz=24, trace=300421, class=java.lang.String@50000181)
ARR 50000735 (sz=32, trace=300422, nelems=0, elem type=char[])
OBJ 50000736 (sz=24, trace=300420, class=java.lang.String@50000181)
	value		50000737
ARR 50000737 (sz=24, trace=300419, nelems=12, elem type=char[])
OBJ 50000738 (sz=24, trace=300420, class=java.lang.String@50000181)
	value		50000739
ARR 50000739 (sz=24, trace=300419, nelems=12, elem type=char[])
OBJ 5000073a (sz=24, trace=300420, class=java.lang.String@50000181)
	value		5000073b
ARR 5000073b (sz=42, trace=300419, nelems=21, elem type=char[])
OBJ 5000073c (sz=24, trace=300420, class=java.lang.String@50000181)
	value		5000073d
ARR 5000073d (sz=40, trace=300419, nelems=20, elem type=char[])
OBJ 5000073e (sz=24, trace=300420, class=java.lang.String@50000181)
ARR 5000073f (sz=40, trace=300419, nelems=0, elem type=char[])
OBJ 50000740 (sz=32, trace=300423, class=java.io.File@5000012f)
	path		50000742
ARR 50000741 (sz=112, trace=300424, nelems=0, elem type=char[])
OBJ 50000742 (sz=24, trace=300425, class=java.lang.String@50000181)
	value		50000743
ARR 50000743 (sz=92, trace=300264, nelems=46, elem type=char[])
OBJ 50000744 (sz=24, trace=300426, class=sun.misc.MetaIndex@50000036)
	contents	50002488
ARR 50000745 (sz=16, trace=300427, nelems=0, elem type=java.lang.String[]@500000db)
ARR 50000746 (sz=112, trace=300230, nelems=0, elem type=char[])
OBJ 50000747 (sz=24, trace=300231, class=java.lang.String@50000181)
ARR 50000748 (sz=112, trace=300232, nelems=0, elem type=char[])
OBJ 50000749 (sz=32, trace=300081, class=java.util.HashMap$Node@500000d7)
	key		50000740
	value		50000744
OBJ 5000074a (sz=24, trace=300421, class=java.lang.String@50000181)
ARR 5000074b (sz=32, trace=300422, nelems=0, elem type=char[])
OBJ 5000074c (sz=24, trace=300420, class=java.lang.String@50000181)
	value		5000074d
ARR 5000074d (sz=30, trace=300419, nelems=15, elem type=char[])
OBJ 5000074e (sz=24, trace=300420, class=java.lang.String@50000181)
	value		5000074f
ARR 5000074f (sz=14, trace=300419, nelems=7, elem type=char[])
OBJ 50000750 (sz=24, trace=300420, class=java.lang.String@50000181)
	value		50000751
ARR 50000751 (sz=38, trace=300419, nelems=19, elem type=char[])
OBJ 50000752 (sz=24, trace=300420, class=java.lang.String@50000181)
ARR 50000753 (sz=40, trace=300419, nelems=0, elem type=char[])
OBJ 50000754 (sz=32, trace=300423, class=java.io.File@5000012f)
	path		50000756
ARR 50000755 (sz=112, trace=300424, nelems=0, elem type=char[])
OBJ 50000756 (sz=24, trace=300425, class=java.lang.String@50000181)
	value		50000757
ARR 50000757 (sz=92, trace=300264, nelems=46, elem type=char[])
OBJ 50000758 (sz=24, trace=300426, class=sun.misc.MetaIndex@50000036)
	contents	50002435
ARR 50000759 (sz=16, trace=300427, nelems=0, elem type=java.lang.String[]@500000db)
ARR 5000075a (sz=112, trace=300230, nelems=0, elem type=char[])
OBJ 5000075b (sz=24, trace=300231, class=java.lang.String@50000181)
ARR 5000075c (sz=112, trace=300232, nelems=0, elem type=char[])
OBJ 5000075d (sz=32, trace=300080, class=java.util.HashMap$Node@500000d7)
	key		50000754
	value		50000758
OBJ 5000075e (sz=24, trace=300421, class=java.lang.String@50000181)
ARR 5000075f (sz=32, trace=300422, nelems=0, elem type=char[])
OBJ 50000760 (sz=24, trace=300420, class=java.lang.String@50000181)
	value		50000761
ARR 50000761 (sz=24, trace=300419, nelems=12, elem type=char[])
OBJ 50000762 (sz=24, trace=300420, class=java.lang.String@50000181)
	value		50000763
ARR 50000763 (sz=24, trace=300419, nelems=12, elem type=char[])
OBJ 50000764 (sz=24, trace=300420, class=java.lang.String@50000181)
ARR 50000765 (sz=64, trace=300419, nelems=0, elem type=char[])
OBJ 50000766 (sz=32, trace=300423, class=java.io.File@5000012f)
	path		50000768
ARR 50000767 (sz=112, trace=300424, nelems=0, elem type=char[])
OBJ 50000768 (sz=24, trace=300425, class=java.lang.String@50000181)
	value		50000769
ARR 50000769 (sz=94, trace=300264, nelems=47, elem type=char[])
OBJ 5000076a (sz=24, trace=300426, class=sun.misc.MetaIndex@50000036)
	contents	500023fd
ARR 5000076b (sz=16, trace=300427, nelems=0, elem type=java.lang.String[]@500000db)
ARR 5000076c (sz=112, trace=300230, nelems=0, elem type=char[])
OBJ 5000076d (sz=24, trace=300231, class=java.lang.String@50000181)
ARR 5000076e (sz=112, trace=300232, nelems=0, elem type=char[])
OBJ 5000076f (sz=32, trace=300081, class=java.util.HashMap$Node@500000d7)
	key		50000766
	value		5000076a
OBJ 50000770 (sz=24, trace=300421, class=java.lang.String@50000181)
ARR 50000771 (sz=56, trace=300422, nelems=0, elem type=char[])
OBJ 50000772 (sz=24, trace=300420, class=java.lang.String@50000181)
ARR 50000773 (sz=48, trace=300419, nelems=0, elem type=char[])
OBJ 50000774 (sz=24, trace=300421, class=java.lang.String@50000181)
ARR 50000775 (sz=48, trace=300422, nelems=0, elem type=char[])
OBJ 50000776 (sz=24, trace=300420, class=java.lang.String@50000181)
	value		50000777
ARR 50000777 (sz=54, trace=300419, nelems=27, elem type=char[])
OBJ 50000778 (sz=24, trace=300420, class=java.lang.String@50000181)
	value		50000779
ARR 50000779 (sz=104, trace=300419, nelems=52, elem type=char[])
OBJ 5000077a (sz=24, trace=300420, class=java.lang.String@50000181)
	value		5000077b
ARR 5000077b (sz=96, trace=300419, nelems=48, elem type=char[])
OBJ 5000077c (sz=24, trace=300420, class=java.lang.String@50000181)
	value		5000077d
ARR 5000077d (sz=28, trace=300419, nelems=14, elem type=char[])
OBJ 5000077e (sz=24, trace=300420, class=java.lang.String@50000181)
	value		5000077f
ARR 5000077f (sz=108, trace=300419, nelems=54, elem type=char[])
OBJ 50000780 (sz=24, trace=300420, class=java.lang.String@50000181)
	value		50000781
ARR 50000781 (sz=18, trace=300419, nelems=9, elem type=char[])
OBJ 50000782 (sz=24, trace=300420, class=java.lang.String@50000181)
	value		50000783
ARR 50000783 (sz=106, trace=300419, nelems=53, elem type=char[])
OBJ 50000784 (sz=24, trace=300420, class=java.lang.String@50000181)
	value		50000785
ARR 50000785 (sz=102, trace=300419, nelems=51, elem type=char[])
OBJ 50000786 (sz=24, trace=300420, class=java.lang.String@50000181)
	value		50000787
ARR 50000787 (sz=22, trace=300419, nelems=11, elem type=char[])
OBJ 50000788 (sz=24, trace=300420, class=java.lang.String@50000181)
	value		50000789
ARR 50000789 (sz=114, trace=300419, nelems=57, elem type=char[])
OBJ 5000078a (sz=24, trace=300420, class=java.lang.String@50000181)
	value		5000078b
ARR 5000078b (sz=114, trace=300419, nelems=57, elem type=char[])
ARR 5000078c (sz=80, trace=300233, nelems=0, elem type=java.lang.Object[]@5000011c)
OBJ 5000078d (sz=24, trace=300420, class=java.lang.String@50000181)
	value		5000078e
ARR 5000078e (sz=14, trace=300419, nelems=7, elem type=char[])
OBJ 5000078f (sz=24, trace=300420, class=java.lang.String@50000181)
	value		50000790
ARR 50000790 (sz=114, trace=300419, nelems=57, elem type=char[])
OBJ 50000791 (sz=24, trace=300420, class=java.lang.String@50000181)
	value		50000792
ARR 50000792 (sz=32, trace=300419, nelems=16, elem type=char[])
OBJ 50000793 (sz=24, trace=300420, class=java.lang.String@50000181)
	value		50000794
ARR 50000794 (sz=98, trace=300419, nelems=49, elem type=char[])
OBJ 50000795 (sz=24, trace=300420, class=java.lang.String@50000181)
	value		50000796
ARR 50000796 (sz=52, trace=300419, nelems=26, elem type=char[])
ARR 50000797 (sz=104, trace=300233, nelems=0, elem type=java.lang.Object[]@5000011c)
OBJ 50000798 (sz=24, trace=300420, class=java.lang.String@50000181)
	value		50000799
ARR 50000799 (sz=106, trace=300419, nelems=53, elem type=char[])
OBJ 5000079a (sz=24, trace=300420, class=java.lang.String@50000181)
	value		5000079b
ARR 5000079b (sz=14, trace=300419, nelems=7, elem type=char[])
OBJ 5000079c (sz=24, trace=300420, class=java.lang.String@50000181)
	value		5000079d
ARR 5000079d (sz=18, trace=300419, nelems=9, elem type=char[])
OBJ 5000079e (sz=24, trace=300420, class=java.lang.String@50000181)
	value		5000079f
ARR 5000079f (sz=120, trace=300419, nelems=60, elem type=char[])
OBJ 500007a0 (sz=24, trace=300420, class=java.lang.String@50000181)
	value		500007a1
ARR 500007a1 (sz=30, trace=300419, nelems=15, elem type=char[])
OBJ 500007a2 (sz=24, trace=300420, class=java.lang.String@50000181)
	value		500007a3
ARR 500007a3 (sz=110, trace=300419, nelems=55, elem type=char[])
OBJ 500007a4 (sz=24, trace=300420, class=java.lang.String@50000181)
	value		500007a5
ARR 500007a5 (sz=48, trace=300419, nelems=24, elem type=char[])
ARR 500007a6 (sz=152, trace=300233, nelems=0, elem type=java.lang.Object[]@5000011c)
OBJ 500007a7 (sz=24, trace=300420, class=java.lang.String@50000181)
	value		500007a8
ARR 500007a8 (sz=18, trace=300419, nelems=9, elem type=char[])
OBJ 500007a9 (sz=24, trace=300420, class=java.lang.String@50000181)
	value		500007aa
ARR 500007aa (sz=16, trace=300419, nelems=8, elem type=char[])
OBJ 500007ab (sz=24, trace=300420, class=java.lang.String@50000181)
	value		500007ac
ARR 500007ac (sz=18, trace=300419, nelems=9, elem type=char[])
OBJ 500007ad (sz=24, trace=300420, class=java.lang.String@50000181)
	value		500007ae
ARR 500007ae (sz=110, trace=300419, nelems=55, elem type=char[])
OBJ 500007af (sz=24, trace=300420, class=java.lang.String@50000181)
	value		500007b0
ARR 500007b0 (sz=24, trace=300419, nelems=12, elem type=char[])
OBJ 500007b1 (sz=24, trace=300420, class=java.lang.String@50000181)
	value		500007b2
ARR 500007b2 (sz=102, trace=300419, nelems=51, elem type=char[])
OBJ 500007b3 (sz=24, trace=300420, class=java.lang.String@50000181)
	value		500007b4
ARR 500007b4 (sz=38, trace=300419, nelems=19, elem type=char[])
OBJ 500007b5 (sz=24, trace=300420, class=java.lang.String@50000181)
	value		500007b6
ARR 500007b6 (sz=26, trace=300419, nelems=13, elem type=char[])
OBJ 500007b7 (sz=24, trace=300420, class=java.lang.String@50000181)
	value		500007b8
ARR 500007b8 (sz=24, trace=300419, nelems=12, elem type=char[])
OBJ 500007b9 (sz=24, trace=300420, class=java.lang.String@50000181)
	value		500007ba
ARR 500007ba (sz=132, trace=300419, nelems=66, elem type=char[])
OBJ 500007bb (sz=24, trace=300420, class=java.lang.String@50000181)
ARR 500007bc (sz=32, trace=300419, nelems=0, elem type=char[])
OBJ 500007bd (sz=32, trace=300423, class=java.io.File@5000012f)
	path		500007bf
ARR 500007be (sz=120, trace=300424, nelems=0, elem type=char[])
OBJ 500007bf (sz=24, trace=300425, class=java.lang.String@50000181)
	value		500007c0
ARR 500007c0 (sz=104, trace=300264, nelems=52, elem type=char[])
OBJ 500007c1 (sz=24, trace=300426, class=sun.misc.MetaIndex@50000036)
	contents	5000241d
ARR 500007c2 (sz=16, trace=300427, nelems=0, elem type=java.lang.String[]@500000db)
ARR 500007c3 (sz=120, trace=300230, nelems=0, elem type=char[])
OBJ 500007c4 (sz=24, trace=300231, class=java.lang.String@50000181)
ARR 500007c5 (sz=120, trace=300232, nelems=0, elem type=char[])
OBJ 500007c6 (sz=32, trace=300080, class=java.util.HashMap$Node@500000d7)
	key		500007bd
	value		500007c1
	next		50000820
OBJ 500007c7 (sz=24, trace=300421, class=java.lang.String@50000181)
ARR 500007c8 (sz=32, trace=300422, nelems=0, elem type=char[])
OBJ 500007c9 (sz=24, trace=300420, class=java.lang.String@50000181)
	value		500007ca
ARR 500007ca (sz=54, trace=300419, nelems=27, elem type=char[])
OBJ 500007cb (sz=24, trace=300420, class=java.lang.String@50000181)
	value		500007cc
ARR 500007cc (sz=10, trace=300419, nelems=5, elem type=char[])
OBJ 500007cd (sz=24, trace=300420, class=java.lang.String@50000181)
	value		500007ce
ARR 500007ce (sz=18, trace=300419, nelems=9, elem type=char[])
OBJ 500007cf (sz=24, trace=300420, class=java.lang.String@50000181)
	value		500007d0
ARR 500007d0 (sz=28, trace=300419, nelems=14, elem type=char[])
OBJ 500007d1 (sz=24, trace=300420, class=java.lang.String@50000181)
	value		500007d2
ARR 500007d2 (sz=32, trace=300419, nelems=16, elem type=char[])
OBJ 500007d3 (sz=24, trace=300420, class=java.lang.String@50000181)
	value		500007d4
ARR 500007d4 (sz=42, trace=300419, nelems=21, elem type=char[])
OBJ 500007d5 (sz=24, trace=300420, class=java.lang.String@50000181)
	value		500007d6
ARR 500007d6 (sz=28, trace=300419, nelems=14, elem type=char[])
OBJ 500007d7 (sz=24, trace=300420, class=java.lang.String@50000181)
	value		500007d8
ARR 500007d8 (sz=28, trace=300419, nelems=14, elem type=char[])
OBJ 500007d9 (sz=24, trace=300420, class=java.lang.String@50000181)
	value		500007da
ARR 500007da (sz=24, trace=300419, nelems=12, elem type=char[])
OBJ 500007db (sz=24, trace=300420, class=java.lang.String@50000181)
	value		500007dc
ARR 500007dc (sz=38, trace=300419, nelems=19, elem type=char[])
OBJ 500007dd (sz=24, trace=300420, class=java.lang.String@50000181)
	value		500007de
ARR 500007de (sz=8, trace=300419, nelems=4, elem type=char[])
OBJ 500007df (sz=24, trace=300420, class=java.lang.String@50000181)
	value		500007e0
ARR 500007e0 (sz=24, trace=300419, nelems=12, elem type=char[])
OBJ 500007e1 (sz=24, trace=300420, class=java.lang.String@50000181)
	value		500007e2
ARR 500007e2 (sz=26, trace=300419, nelems=13, elem type=char[])
OBJ 500007e3 (sz=24, trace=300420, class=java.lang.String@50000181)
	value		500007e4
ARR 500007e4 (sz=32, trace=300419, nelems=16, elem type=char[])
OBJ 500007e5 (sz=24, trace=300420, class=java.lang.String@50000181)
	value		500007e6
ARR 500007e6 (sz=24, trace=300419, nelems=12, elem type=char[])
OBJ 500007e7 (sz=24, trace=300420, class=java.lang.String@50000181)
	value		500007e8
ARR 500007e8 (sz=24, trace=300419, nelems=12, elem type=char[])
OBJ 500007e9 (sz=24, trace=300420, class=java.lang.String@50000181)
	value		500007ea
ARR 500007ea (sz=16, trace=300419, nelems=8, elem type=char[])
OBJ 500007eb (sz=24, trace=300420, class=java.lang.String@50000181)
	value		500007ec
ARR 500007ec (sz=28, trace=300419, nelems=14, elem type=char[])
OBJ 500007ed (sz=24, trace=300420, class=java.lang.String@50000181)
	value		500007ee
ARR 500007ee (sz=38, trace=300419, nelems=19, elem type=char[])
OBJ 500007ef (sz=24, trace=300420, class=java.lang.String@50000181)
	value		500007f0
ARR 500007f0 (sz=24, trace=300419, nelems=12, elem type=char[])
OBJ 500007f1 (sz=24, trace=300420, class=java.lang.String@50000181)
	value		500007f2
ARR 500007f2 (sz=30, trace=300419, nelems=15, elem type=char[])
OBJ 500007f3 (sz=24, trace=300420, class=java.lang.String@50000181)
	value		500007f4
ARR 500007f4 (sz=16, trace=300419, nelems=8, elem type=char[])
OBJ 500007f5 (sz=24, trace=300420, class=java.lang.String@50000181)
	value		500007f6
ARR 500007f6 (sz=30, trace=300419, nelems=15, elem type=char[])
OBJ 500007f7 (sz=24, trace=300420, class=java.lang.String@50000181)
	value		500007f8
ARR 500007f8 (sz=8, trace=300419, nelems=4, elem type=char[])
OBJ 500007f9 (sz=24, trace=300420, class=java.lang.String@50000181)
	value		500007fa
ARR 500007fa (sz=30, trace=300419, nelems=15, elem type=char[])
OBJ 500007fb (sz=24, trace=300420, class=java.lang.String@50000181)
	value		500007fc
ARR 500007fc (sz=16, trace=300419, nelems=8, elem type=char[])
OBJ 500007fd (sz=24, trace=300420, class=java.lang.String@50000181)
	value		500007fe
ARR 500007fe (sz=16, trace=300419, nelems=8, elem type=char[])
OBJ 500007ff (sz=24, trace=300420, class=java.lang.String@50000181)
	value		50000800
ARR 50000800 (sz=34, trace=300419, nelems=17, elem type=char[])
OBJ 50000801 (sz=24, trace=300420, class=java.lang.String@50000181)
	value		50000802
ARR 50000802 (sz=28, trace=300419, nelems=14, elem type=char[])
OBJ 50000803 (sz=24, trace=300420, class=java.lang.String@50000181)
	value		50000804
ARR 50000804 (sz=24, trace=300419, nelems=12, elem type=char[])
OBJ 50000805 (sz=24, trace=300420, class=java.lang.String@50000181)
	value		50000806
ARR 50000806 (sz=38, trace=300419, nelems=19, elem type=char[])
OBJ 50000807 (sz=24, trace=300420, class=java.lang.String@50000181)
	value		50000808
ARR 50000808 (sz=22, trace=300419, nelems=11, elem type=char[])
OBJ 50000809 (sz=24, trace=300420, class=java.lang.String@50000181)
	value		5000080a
ARR 5000080a (sz=34, trace=300419, nelems=17, elem type=char[])
OBJ 5000080b (sz=24, trace=300420, class=java.lang.String@50000181)
	value		5000080c
ARR 5000080c (sz=26, trace=300419, nelems=13, elem type=char[])
ARR 5000080d (sz=216, trace=300233, nelems=0, elem type=java.lang.Object[]@5000011c)
OBJ 5000080e (sz=24, trace=300420, class=java.lang.String@50000181)
	value		5000080f
ARR 5000080f (sz=44, trace=300419, nelems=22, elem type=char[])
OBJ 50000810 (sz=24, trace=300420, class=java.lang.String@50000181)
	value		50000811
ARR 50000811 (sz=24, trace=300419, nelems=12, elem type=char[])
OBJ 50000812 (sz=24, trace=300420, class=java.lang.String@50000181)
	value		50000813
ARR 50000813 (sz=12, trace=300419, nelems=6, elem type=char[])
OBJ 50000814 (sz=24, trace=300429, class=java.lang.StringBuffer@50000136)
ARR 50000815 (sz=176, trace=300430, nelems=0, elem type=char[])
OBJ 50000816 (sz=48, trace=300417, class=java.nio.HeapCharBuffer@5000006a)
OBJ 50000817 (sz=32, trace=300431, class=java.io.File@5000012f)
	path		50000819
ARR 50000818 (sz=112, trace=300432, nelems=0, elem type=char[])
OBJ 50000819 (sz=24, trace=300433, class=java.lang.String@50000181)
	value		5000081a
ARR 5000081a (sz=90, trace=300264, nelems=45, elem type=char[])
OBJ 5000081b (sz=24, trace=300434, class=sun.misc.MetaIndex@50000036)
	contents	5000241e
ARR 5000081c (sz=16, trace=300435, nelems=0, elem type=java.lang.String[]@500000db)
ARR 5000081d (sz=112, trace=300230, nelems=0, elem type=char[])
OBJ 5000081e (sz=24, trace=300231, class=java.lang.String@50000181)
ARR 5000081f (sz=112, trace=300232, nelems=0, elem type=char[])
OBJ 50000820 (sz=32, trace=300081, class=java.util.HashMap$Node@500000d7)
	key		50000817
	value		5000081b
OBJ 50000821 (sz=16, trace=300436, class=java.io.FileInputStream$1@50000013)
OBJ 50000822 (sz=24, trace=300399, class=java.lang.String@50000181)
ARR 50000823 (sz=96, trace=300400, nelems=0, elem type=char[])
OBJ 50000824 (sz=32, trace=300401, class=java.io.File@5000012f)
ARR 50000825 (sz=96, trace=300230, nelems=0, elem type=char[])
OBJ 50000826 (sz=24, trace=300231, class=java.lang.String@50000181)
ARR 50000827 (sz=96, trace=300232, nelems=0, elem type=char[])
OBJ 50000828 (sz=24, trace=300399, class=java.lang.String@50000181)
ARR 50000829 (sz=96, trace=300400, nelems=0, elem type=char[])
OBJ 5000082a (sz=32, trace=300401, class=java.io.File@5000012f)
ARR 5000082b (sz=96, trace=300230, nelems=0, elem type=char[])
OBJ 5000082c (sz=24, trace=300231, class=java.lang.String@50000181)
ARR 5000082d (sz=96, trace=300232, nelems=0, elem type=char[])
OBJ 5000082e (sz=24, trace=300399, class=java.lang.String@50000181)
ARR 5000082f (sz=96, trace=300400, nelems=0, elem type=char[])
OBJ 50000830 (sz=32, trace=300401, class=java.io.File@5000012f)
ARR 50000831 (sz=96, trace=300230, nelems=0, elem type=char[])
OBJ 50000832 (sz=24, trace=300231, class=java.lang.String@50000181)
ARR 50000833 (sz=96, trace=300232, nelems=0, elem type=char[])
OBJ 50000834 (sz=24, trace=300399, class=java.lang.String@50000181)
ARR 50000835 (sz=96, trace=300400, nelems=0, elem type=char[])
OBJ 50000836 (sz=32, trace=300401, class=java.io.File@5000012f)
ARR 50000837 (sz=96, trace=300230, nelems=0, elem type=char[])
OBJ 50000838 (sz=24, trace=300231, class=java.lang.String@50000181)
ARR 50000839 (sz=96, trace=300232, nelems=0, elem type=char[])
OBJ 5000083a (sz=24, trace=300399, class=java.lang.String@50000181)
ARR 5000083b (sz=96, trace=300400, nelems=0, elem type=char[])
OBJ 5000083c (sz=32, trace=300401, class=java.io.File@5000012f)
ARR 5000083d (sz=96, trace=300230, nelems=0, elem type=char[])
OBJ 5000083e (sz=24, trace=300231, class=java.lang.String@50000181)
ARR 5000083f (sz=96, trace=300232, nelems=0, elem type=char[])
OBJ 50000840 (sz=24, trace=300399, class=java.lang.String@50000181)
ARR 50000841 (sz=96, trace=300400, nelems=0, elem type=char[])
OBJ 50000842 (sz=32, trace=300401, class=java.io.File@5000012f)
ARR 50000843 (sz=96, trace=300230, nelems=0, elem type=char[])
OBJ 50000844 (sz=24, trace=300231, class=java.lang.String@50000181)
ARR 50000845 (sz=96, trace=300232, nelems=0, elem type=char[])
OBJ 50000846 (sz=24, trace=300399, class=java.lang.String@50000181)
ARR 50000847 (sz=88, trace=300400, nelems=0, elem type=char[])
OBJ 50000848 (sz=32, trace=300401, class=java.io.File@5000012f)
ARR 50000849 (sz=88, trace=300230, nelems=0, elem type=char[])
OBJ 5000084a (sz=24, trace=300231, class=java.lang.String@50000181)
ARR 5000084b (sz=88, trace=300232, nelems=0, elem type=char[])
OBJ 5000084c (sz=32, trace=300080, class=java.util.HashMap$Node@500000d7)
OBJ 5000084d (sz=32, trace=300403, class=java.io.File@5000012f)
ARR 5000084e (sz=112, trace=300404, nelems=0, elem type=char[])
OBJ 5000084f (sz=24, trace=300405, class=java.lang.String@50000181)
ARR 50000850 (sz=112, trace=300264, nelems=0, elem type=char[])
ARR 50000851 (sz=48, trace=300437, nelems=0, elem type=java.net.URL[]@5000000d)
OBJ 50000852 (sz=24, trace=300108, class=java.lang.String@50000181)
	value		50000853
ARR 50000853 (sz=76, trace=300109, nelems=38, elem type=char[])
OBJ 50000854 (sz=24, trace=300110, class=java.io.ExpiringCache$Entry@50000055)
	val		50001017
OBJ 50000855 (sz=40, trace=300111, class=java.util.LinkedHashMap$Entry@50000054)
	key		500006db
	value		50000854
	before		50000710
	after		50000878
OBJ 50000856 (sz=24, trace=300112, class=java.lang.String@50000181)
	value		50000857
ARR 50000857 (sz=76, trace=300109, nelems=38, elem type=char[])
OBJ 50000858 (sz=32, trace=300247, class=java.io.File@5000012f)
OBJ 50000859 (sz=24, trace=300438, class=java.io.ExpiringCache$Entry@50000055)
	val		50000856
OBJ 5000085a (sz=40, trace=300111, class=java.util.LinkedHashMap$Entry@50000054)
	key		50000852
	value		50000859
	before		50001039
OBJ 5000085b (sz=32, trace=300439, class=java.io.File@5000012f)
ARR 5000085c (sz=256, trace=300440, nelems=0, elem type=char[])
ARR 5000085d (sz=120, trace=300441, nelems=0, elem type=char[])
OBJ 5000085e (sz=24, trace=300442, class=java.lang.String@50000181)
ARR 5000085f (sz=128, trace=300443, nelems=0, elem type=char[])
OBJ 50000860 (sz=24, trace=300444, class=java.lang.StringBuilder@50000135)
ARR 50000861 (sz=48, trace=300445, nelems=0, elem type=char[])
ARR 50000862 (sz=128, trace=300010, nelems=0, elem type=char[])
OBJ 50000863 (sz=24, trace=300446, class=java.lang.String@50000181)
	value		50000864
ARR 50000864 (sz=110, trace=300447, nelems=55, elem type=char[])
OBJ 50000865 (sz=64, trace=300448, class=java.net.URL@5000012d)
	protocol	50001355
	host		50000f74
	file		50000863
	authority	50000f74
	path		50000863
	handler		50001366
OBJ 50000866 (sz=24, trace=300449, class=java.net.Parts@50000010)
OBJ 50000867 (sz=24, trace=300108, class=java.lang.String@50000181)
ARR 50000868 (sz=96, trace=300109, nelems=0, elem type=char[])
OBJ 50000869 (sz=24, trace=300450, class=java.lang.String@50000181)
ARR 5000086a (sz=32, trace=300451, nelems=0, elem type=char[])
OBJ 5000086b (sz=24, trace=300452, class=java.lang.StringBuilder@50000135)
ARR 5000086c (sz=48, trace=300453, nelems=0, elem type=char[])
ARR 5000086d (sz=96, trace=300010, nelems=0, elem type=char[])
ARR 5000086e (sz=176, trace=300306, nelems=0, elem type=char[])
OBJ 5000086f (sz=24, trace=300454, class=java.lang.String@50000181)
ARR 50000870 (sz=112, trace=300455, nelems=0, elem type=char[])
OBJ 50000871 (sz=24, trace=300456, class=java.lang.StringBuilder@50000135)
ARR 50000872 (sz=48, trace=300457, nelems=0, elem type=char[])
ARR 50000873 (sz=96, trace=300010, nelems=0, elem type=char[])
ARR 50000874 (sz=176, trace=300306, nelems=0, elem type=char[])
OBJ 50000875 (sz=24, trace=300458, class=java.lang.String@50000181)
	value		50000876
ARR 50000876 (sz=90, trace=300459, nelems=45, elem type=char[])
OBJ 50000877 (sz=24, trace=300460, class=java.io.ExpiringCache$Entry@50000055)
	val		50001015
OBJ 50000878 (sz=40, trace=300111, class=java.util.LinkedHashMap$Entry@50000054)
	key		50000875
	value		50000877
	next		500008b4
	before		50000855
	after		50000896
OBJ 50000879 (sz=32, trace=300439, class=java.io.File@5000012f)
ARR 5000087a (sz=232, trace=300440, nelems=0, elem type=char[])
ARR 5000087b (sz=112, trace=300441, nelems=0, elem type=char[])
OBJ 5000087c (sz=24, trace=300442, class=java.lang.String@50000181)
ARR 5000087d (sz=112, trace=300443, nelems=0, elem type=char[])
OBJ 5000087e (sz=24, trace=300444, class=java.lang.StringBuilder@50000135)
ARR 5000087f (sz=48, trace=300445, nelems=0, elem type=char[])
ARR 50000880 (sz=112, trace=300010, nelems=0, elem type=char[])
OBJ 50000881 (sz=24, trace=300446, class=java.lang.String@50000181)
	value		50000882
ARR 50000882 (sz=96, trace=300447, nelems=48, elem type=char[])
OBJ 50000883 (sz=64, trace=300448, class=java.net.URL@5000012d)
	protocol	50001355
	host		50000f74
	file		50000881
	authority	50000f74
	path		50000881
	handler		50001366
OBJ 50000884 (sz=24, trace=300449, class=java.net.Parts@50000010)
OBJ 50000885 (sz=24, trace=300108, class=java.lang.String@50000181)
ARR 50000886 (sz=96, trace=300109, nelems=0, elem type=char[])
OBJ 50000887 (sz=24, trace=300450, class=java.lang.String@50000181)
ARR 50000888 (sz=48, trace=300451, nelems=0, elem type=char[])
OBJ 50000889 (sz=24, trace=300452, class=java.lang.StringBuilder@50000135)
ARR 5000088a (sz=48, trace=300453, nelems=0, elem type=char[])
ARR 5000088b (sz=96, trace=300010, nelems=0, elem type=char[])
ARR 5000088c (sz=176, trace=300306, nelems=0, elem type=char[])
OBJ 5000088d (sz=24, trace=300454, class=java.lang.String@50000181)
ARR 5000088e (sz=128, trace=300455, nelems=0, elem type=char[])
OBJ 5000088f (sz=24, trace=300456, class=java.lang.StringBuilder@50000135)
ARR 50000890 (sz=48, trace=300457, nelems=0, elem type=char[])
ARR 50000891 (sz=96, trace=300010, nelems=0, elem type=char[])
ARR 50000892 (sz=176, trace=300306, nelems=0, elem type=char[])
OBJ 50000893 (sz=24, trace=300458, class=java.lang.String@50000181)
	value		50000894
ARR 50000894 (sz=106, trace=300459, nelems=53, elem type=char[])
OBJ 50000895 (sz=24, trace=300460, class=java.io.ExpiringCache$Entry@50000055)
	val		50001013
OBJ 50000896 (sz=40, trace=300246, class=java.util.LinkedHashMap$Entry@50000054)
	key		50000893
	value		50000895
	before		50000878
	after		500008b4
OBJ 50000897 (sz=32, trace=300439, class=java.io.File@5000012f)
ARR 50000898 (sz=264, trace=300440, nelems=0, elem type=char[])
ARR 50000899 (sz=128, trace=300441, nelems=0, elem type=char[])
OBJ 5000089a (sz=24, trace=300442, class=java.lang.String@50000181)
ARR 5000089b (sz=128, trace=300443, nelems=0, elem type=char[])
OBJ 5000089c (sz=24, trace=300444, class=java.lang.StringBuilder@50000135)
ARR 5000089d (sz=48, trace=300445, nelems=0, elem type=char[])
ARR 5000089e (sz=128, trace=300010, nelems=0, elem type=char[])
OBJ 5000089f (sz=24, trace=300446, class=java.lang.String@50000181)
	value		500008a0
ARR 500008a0 (sz=112, trace=300447, nelems=56, elem type=char[])
OBJ 500008a1 (sz=64, trace=300448, class=java.net.URL@5000012d)
	protocol	50001355
	host		50000f74
	file		5000089f
	authority	50000f74
	path		5000089f
	handler		50001366
OBJ 500008a2 (sz=24, trace=300449, class=java.net.Parts@50000010)
OBJ 500008a3 (sz=24, trace=300108, class=java.lang.String@50000181)
ARR 500008a4 (sz=96, trace=300109, nelems=0, elem type=char[])
OBJ 500008a5 (sz=24, trace=300450, class=java.lang.String@50000181)
ARR 500008a6 (sz=32, trace=300451, nelems=0, elem type=char[])
OBJ 500008a7 (sz=24, trace=300452, class=java.lang.StringBuilder@50000135)
ARR 500008a8 (sz=48, trace=300453, nelems=0, elem type=char[])
ARR 500008a9 (sz=96, trace=300010, nelems=0, elem type=char[])
ARR 500008aa (sz=176, trace=300306, nelems=0, elem type=char[])
OBJ 500008ab (sz=24, trace=300454, class=java.lang.String@50000181)
ARR 500008ac (sz=112, trace=300455, nelems=0, elem type=char[])
OBJ 500008ad (sz=24, trace=300456, class=java.lang.StringBuilder@50000135)
ARR 500008ae (sz=48, trace=300457, nelems=0, elem type=char[])
ARR 500008af (sz=96, trace=300010, nelems=0, elem type=char[])
ARR 500008b0 (sz=176, trace=300306, nelems=0, elem type=char[])
OBJ 500008b1 (sz=24, trace=300458, class=java.lang.String@50000181)
	value		500008b2
ARR 500008b2 (sz=94, trace=300459, nelems=47, elem type=char[])
OBJ 500008b3 (sz=24, trace=300460, class=java.io.ExpiringCache$Entry@50000055)
	val		50001011
OBJ 500008b4 (sz=40, trace=300246, class=java.util.LinkedHashMap$Entry@50000054)
	key		500008b1
	value		500008b3
	before		50000896
	after		500008d3
ARR 500008b5 (sz=272, trace=300461, nelems=63, elem type=java.util.HashMap$Node[]@500000d5)
	[1]		50000fb4
	[3]		50000fb5
	[9]		50000fb6
	[11]		50000855
	[12]		50000fb7
	[14]		500005d7
	[15]		5000091f
	[16]		5000090f
	[17]		50000fb8
	[24]		50000fb9
	[25]		50000fba
	[27]		5000066c
	[28]		50000fbb
	[32]		500008f1
	[34]		50000fbc
	[42]		50000fbd
	[46]		50000fbe
	[47]		50000878
	[49]		50000fbf
	[52]		50000fc0
	[59]		50000376
	[62]		50000fb3
OBJ 500008b6 (sz=32, trace=300439, class=java.io.File@5000012f)
ARR 500008b7 (sz=240, trace=300440, nelems=0, elem type=char[])
ARR 500008b8 (sz=112, trace=300441, nelems=0, elem type=char[])
OBJ 500008b9 (sz=24, trace=300442, class=java.lang.String@50000181)
ARR 500008ba (sz=120, trace=300443, nelems=0, elem type=char[])
OBJ 500008bb (sz=24, trace=300444, class=java.lang.StringBuilder@50000135)
ARR 500008bc (sz=48, trace=300445, nelems=0, elem type=char[])
ARR 500008bd (sz=120, trace=300010, nelems=0, elem type=char[])
OBJ 500008be (sz=24, trace=300446, class=java.lang.String@50000181)
	value		500008bf
ARR 500008bf (sz=100, trace=300447, nelems=50, elem type=char[])
OBJ 500008c0 (sz=64, trace=300448, class=java.net.URL@5000012d)
	protocol	50001355
	host		50000f74
	file		500008be
	authority	50000f74
	path		500008be
	handler		50001366
OBJ 500008c1 (sz=24, trace=300449, class=java.net.Parts@50000010)
OBJ 500008c2 (sz=24, trace=300108, class=java.lang.String@50000181)
ARR 500008c3 (sz=96, trace=300109, nelems=0, elem type=char[])
OBJ 500008c4 (sz=24, trace=300450, class=java.lang.String@50000181)
ARR 500008c5 (sz=32, trace=300451, nelems=0, elem type=char[])
OBJ 500008c6 (sz=24, trace=300452, class=java.lang.StringBuilder@50000135)
ARR 500008c7 (sz=48, trace=300453, nelems=0, elem type=char[])
ARR 500008c8 (sz=96, trace=300010, nelems=0, elem type=char[])
ARR 500008c9 (sz=176, trace=300306, nelems=0, elem type=char[])
OBJ 500008ca (sz=24, trace=300454, class=java.lang.String@50000181)
ARR 500008cb (sz=112, trace=300455, nelems=0, elem type=char[])
OBJ 500008cc (sz=24, trace=300456, class=java.lang.StringBuilder@50000135)
ARR 500008cd (sz=48, trace=300457, nelems=0, elem type=char[])
ARR 500008ce (sz=96, trace=300010, nelems=0, elem type=char[])
ARR 500008cf (sz=176, trace=300306, nelems=0, elem type=char[])
OBJ 500008d0 (sz=24, trace=300458, class=java.lang.String@50000181)
	value		500008d1
ARR 500008d1 (sz=92, trace=300459, nelems=46, elem type=char[])
OBJ 500008d2 (sz=24, trace=300460, class=java.io.ExpiringCache$Entry@50000055)
	val		5000100f
OBJ 500008d3 (sz=40, trace=300246, class=java.util.LinkedHashMap$Entry@50000054)
	key		500008d0
	value		500008d2
	before		500008b4
	after		500008f1
OBJ 500008d4 (sz=32, trace=300439, class=java.io.File@5000012f)
ARR 500008d5 (sz=232, trace=300440, nelems=0, elem type=char[])
ARR 500008d6 (sz=112, trace=300441, nelems=0, elem type=char[])
OBJ 500008d7 (sz=24, trace=300442, class=java.lang.String@50000181)
ARR 500008d8 (sz=112, trace=300443, nelems=0, elem type=char[])
OBJ 500008d9 (sz=24, trace=300444, class=java.lang.StringBuilder@50000135)
ARR 500008da (sz=48, trace=300445, nelems=0, elem type=char[])
ARR 500008db (sz=120, trace=300010, nelems=0, elem type=char[])
OBJ 500008dc (sz=24, trace=300446, class=java.lang.String@50000181)
	value		500008dd
ARR 500008dd (sz=98, trace=300447, nelems=49, elem type=char[])
OBJ 500008de (sz=64, trace=300448, class=java.net.URL@5000012d)
	protocol	50001355
	host		50000f74
	file		500008dc
	authority	50000f74
	path		500008dc
	handler		50001366
OBJ 500008df (sz=24, trace=300449, class=java.net.Parts@50000010)
OBJ 500008e0 (sz=24, trace=300108, class=java.lang.String@50000181)
ARR 500008e1 (sz=96, trace=300109, nelems=0, elem type=char[])
OBJ 500008e2 (sz=24, trace=300450, class=java.lang.String@50000181)
ARR 500008e3 (sz=40, trace=300451, nelems=0, elem type=char[])
OBJ 500008e4 (sz=24, trace=300452, class=java.lang.StringBuilder@50000135)
ARR 500008e5 (sz=48, trace=300453, nelems=0, elem type=char[])
ARR 500008e6 (sz=96, trace=300010, nelems=0, elem type=char[])
ARR 500008e7 (sz=176, trace=300306, nelems=0, elem type=char[])
OBJ 500008e8 (sz=24, trace=300454, class=java.lang.String@50000181)
ARR 500008e9 (sz=120, trace=300455, nelems=0, elem type=char[])
OBJ 500008ea (sz=24, trace=300456, class=java.lang.StringBuilder@50000135)
ARR 500008eb (sz=48, trace=300457, nelems=0, elem type=char[])
ARR 500008ec (sz=96, trace=300010, nelems=0, elem type=char[])
ARR 500008ed (sz=176, trace=300306, nelems=0, elem type=char[])
OBJ 500008ee (sz=24, trace=300458, class=java.lang.String@50000181)
	value		500008ef
ARR 500008ef (sz=102, trace=300459, nelems=51, elem type=char[])
OBJ 500008f0 (sz=24, trace=300460, class=java.io.ExpiringCache$Entry@50000055)
	val		50001019
OBJ 500008f1 (sz=40, trace=300111, class=java.util.LinkedHashMap$Entry@50000054)
	key		500008ee
	value		500008f0
	before		500008d3
	after		5000090f
OBJ 500008f2 (sz=32, trace=300439, class=java.io.File@5000012f)
ARR 500008f3 (sz=256, trace=300440, nelems=0, elem type=char[])
ARR 500008f4 (sz=120, trace=300441, nelems=0, elem type=char[])
OBJ 500008f5 (sz=24, trace=300442, class=java.lang.String@50000181)
ARR 500008f6 (sz=128, trace=300443, nelems=0, elem type=char[])
OBJ 500008f7 (sz=24, trace=300444, class=java.lang.StringBuilder@50000135)
ARR 500008f8 (sz=48, trace=300445, nelems=0, elem type=char[])
ARR 500008f9 (sz=128, trace=300010, nelems=0, elem type=char[])
OBJ 500008fa (sz=24, trace=300446, class=java.lang.String@50000181)
	value		500008fb
ARR 500008fb (sz=108, trace=300447, nelems=54, elem type=char[])
OBJ 500008fc (sz=64, trace=300448, class=java.net.URL@5000012d)
	protocol	50001355
	host		50000f74
	file		500008fa
	authority	50000f74
	path		500008fa
	handler		50001366
OBJ 500008fd (sz=24, trace=300449, class=java.net.Parts@50000010)
OBJ 500008fe (sz=24, trace=300108, class=java.lang.String@50000181)
ARR 500008ff (sz=96, trace=300109, nelems=0, elem type=char[])
OBJ 50000900 (sz=24, trace=300450, class=java.lang.String@50000181)
ARR 50000901 (sz=32, trace=300451, nelems=0, elem type=char[])
OBJ 50000902 (sz=24, trace=300452, class=java.lang.StringBuilder@50000135)
ARR 50000903 (sz=48, trace=300453, nelems=0, elem type=char[])
ARR 50000904 (sz=96, trace=300010, nelems=0, elem type=char[])
ARR 50000905 (sz=176, trace=300306, nelems=0, elem type=char[])
OBJ 50000906 (sz=24, trace=300454, class=java.lang.String@50000181)
ARR 50000907 (sz=112, trace=300455, nelems=0, elem type=char[])
OBJ 50000908 (sz=24, trace=300456, class=java.lang.StringBuilder@50000135)
ARR 50000909 (sz=48, trace=300457, nelems=0, elem type=char[])
ARR 5000090a (sz=96, trace=300010, nelems=0, elem type=char[])
ARR 5000090b (sz=176, trace=300306, nelems=0, elem type=char[])
OBJ 5000090c (sz=24, trace=300458, class=java.lang.String@50000181)
	value		5000090d
ARR 5000090d (sz=92, trace=300459, nelems=46, elem type=char[])
OBJ 5000090e (sz=24, trace=300460, class=java.io.ExpiringCache$Entry@50000055)
	val		5000101b
OBJ 5000090f (sz=40, trace=300111, class=java.util.LinkedHashMap$Entry@50000054)
	key		5000090c
	value		5000090e
	before		500008f1
	after		5000091f
OBJ 50000910 (sz=32, trace=300439, class=java.io.File@5000012f)
ARR 50000911 (sz=232, trace=300440, nelems=0, elem type=char[])
ARR 50000912 (sz=112, trace=300441, nelems=0, elem type=char[])
OBJ 50000913 (sz=24, trace=300442, class=java.lang.String@50000181)
ARR 50000914 (sz=112, trace=300443, nelems=0, elem type=char[])
OBJ 50000915 (sz=24, trace=300444, class=java.lang.StringBuilder@50000135)
ARR 50000916 (sz=48, trace=300445, nelems=0, elem type=char[])
ARR 50000917 (sz=120, trace=300010, nelems=0, elem type=char[])
OBJ 50000918 (sz=24, trace=300446, class=java.lang.String@50000181)
	value		50000919
ARR 50000919 (sz=98, trace=300447, nelems=49, elem type=char[])
OBJ 5000091a (sz=64, trace=300448, class=java.net.URL@5000012d)
	protocol	50001355
	host		50000f74
	file		50000918
	authority	50000f74
	path		50000918
	handler		50001366
OBJ 5000091b (sz=24, trace=300449, class=java.net.Parts@50000010)
OBJ 5000091c (sz=24, trace=300108, class=java.lang.String@50000181)
ARR 5000091d (sz=88, trace=300109, nelems=0, elem type=char[])
OBJ 5000091e (sz=24, trace=300110, class=java.io.ExpiringCache$Entry@50000055)
	val		5000101d
OBJ 5000091f (sz=40, trace=300111, class=java.util.LinkedHashMap$Entry@50000054)
	key		500006f0
	value		5000091e
	before		5000090f
OBJ 50000920 (sz=24, trace=300112, class=java.lang.String@50000181)
ARR 50000921 (sz=88, trace=300109, nelems=0, elem type=char[])
OBJ 50000922 (sz=32, trace=300247, class=java.io.File@5000012f)
OBJ 50000923 (sz=32, trace=300439, class=java.io.File@5000012f)
ARR 50000924 (sz=216, trace=300440, nelems=0, elem type=char[])
ARR 50000925 (sz=104, trace=300441, nelems=0, elem type=char[])
OBJ 50000926 (sz=24, trace=300442, class=java.lang.String@50000181)
ARR 50000927 (sz=104, trace=300443, nelems=0, elem type=char[])
OBJ 50000928 (sz=24, trace=300444, class=java.lang.StringBuilder@50000135)
ARR 50000929 (sz=48, trace=300445, nelems=0, elem type=char[])
ARR 5000092a (sz=112, trace=300010, nelems=0, elem type=char[])
OBJ 5000092b (sz=24, trace=300446, class=java.lang.String@50000181)
	value		5000092c
ARR 5000092c (sz=90, trace=300447, nelems=45, elem type=char[])
OBJ 5000092d (sz=64, trace=300448, class=java.net.URL@5000012d)
	protocol	50001355
	host		50000f74
	file		5000092b
	authority	50000f74
	path		5000092b
	handler		50001366
OBJ 5000092e (sz=24, trace=300449, class=java.net.Parts@50000010)
OBJ 5000092f (sz=48, trace=300462, class=sun.misc.URLClassPath@50000004)
	path		50000930
	urls		50000931
	loaders		50000933
	lmap		50000934
	jarHandler	5000093b
OBJ 50000930 (sz=24, trace=300463, class=java.util.ArrayList@500000f1)
	elementData	50000935
OBJ 50000931 (sz=32, trace=300464, class=java.util.Stack@500000f6)
	elementData	50000932
ARR 50000932 (sz=56, trace=300465, nelems=0, elem type=java.lang.Object[]@5000011c)
OBJ 50000933 (sz=24, trace=300466, class=java.util.ArrayList@500000f1)
	elementData	5000096d
OBJ 50000934 (sz=48, trace=300467, class=java.util.HashMap@500000d9)
	table		5000096e
ARR 50000935 (sz=56, trace=300233, nelems=8, elem type=java.lang.Object[]@5000011c)
	[0]		50000865
	[1]		50000883
	[2]		500008a1
	[3]		500008c0
	[4]		500008de
	[5]		500008fc
	[6]		5000091a
	[7]		5000092d
OBJ 50000936 (sz=24, trace=300468, class=java.lang.StringBuilder@50000135)
ARR 50000937 (sz=48, trace=300469, nelems=0, elem type=char[])
ARR 50000938 (sz=88, trace=300010, nelems=0, elem type=char[])
OBJ 50000939 (sz=24, trace=300470, class=java.lang.String@50000181)
ARR 5000093a (sz=80, trace=300471, nelems=0, elem type=char[])
OBJ 5000093b (sz=16, trace=300472, class=sun.net.www.protocol.jar.Handler@50000003)
OBJ 5000093d (sz=40, trace=300474, class=sun.misc.URLClassPath$2@5000093c)
OBJ 5000093f (sz=16, trace=300476, class=java.lang.ClassLoader$2@5000093e)
OBJ 50000941 (sz=40, trace=300478, class=sun.misc.URLClassPath$1@50000940)
OBJ 50000943 (sz=24, trace=300480, class=java.net.URLClassLoader$3@50000942)
OBJ 50000945 (sz=24, trace=300482, class=sun.misc.CompoundEnumeration@50000944)
OBJ 50000946 (sz=24, trace=300181, class=java.lang.StringBuilder@50000135)
ARR 50000947 (sz=48, trace=300182, nelems=0, elem type=char[])
ARR 50000948 (sz=144, trace=300010, nelems=0, elem type=char[])
OBJ 50000949 (sz=24, trace=300183, class=java.lang.String@50000181)
	value		5000094a
ARR 5000094a (sz=124, trace=300184, nelems=62, elem type=char[])
OBJ 5000094b (sz=24, trace=300186, class=sun.misc.URLClassPath$3@500003cf)
OBJ 5000094c (sz=24, trace=300191, class=java.lang.StringBuilder@50000135)
ARR 5000094d (sz=48, trace=300192, nelems=0, elem type=char[])
OBJ 5000094e (sz=24, trace=300193, class=java.lang.StringBuffer@50000136)
ARR 5000094f (sz=136, trace=300194, nelems=0, elem type=char[])
ARR 50000950 (sz=136, trace=300195, nelems=0, elem type=char[])
OBJ 50000951 (sz=24, trace=300196, class=java.lang.String@50000181)
ARR 50000952 (sz=136, trace=300010, nelems=0, elem type=char[])
ARR 50000953 (sz=264, trace=300010, nelems=0, elem type=char[])
OBJ 50000954 (sz=24, trace=300197, class=java.lang.String@50000181)
	value		50000955
ARR 50000955 (sz=124, trace=300198, nelems=62, elem type=char[])
OBJ 50000956 (sz=64, trace=300199, class=java.net.URL@5000012d)
	protocol	500023d1
	host		50000f74
	file		50000954
	authority	50000f74
	path		50000954
	handler		5000093b
OBJ 50000957 (sz=24, trace=300200, class=java.net.Parts@50000010)
OBJ 50000958 (sz=48, trace=300201, class=sun.misc.URLClassPath$JarLoader@500003d2)
	base		50000956
	csu		50000865
	metaIndex	500007c1
	handler		5000093b
	lmap		50000934
OBJ 50000959 (sz=24, trace=300202, class=java.lang.StringBuilder@50000135)
ARR 5000095a (sz=128, trace=300203, nelems=0, elem type=char[])
ARR 5000095b (sz=72, trace=300204, nelems=0, elem type=byte[])
OBJ 5000095c (sz=48, trace=300205, class=java.nio.HeapByteBuffer@50000072)
ARR 5000095d (sz=128, trace=300206, nelems=0, elem type=char[])
OBJ 5000095e (sz=48, trace=300207, class=java.nio.HeapCharBuffer@5000006a)
OBJ 5000095f (sz=24, trace=300219, class=java.lang.String@50000181)
ARR 50000960 (sz=24, trace=300220, nelems=0, elem type=char[])
OBJ 50000961 (sz=24, trace=300221, class=java.lang.String@50000181)
ARR 50000962 (sz=24, trace=300222, nelems=0, elem type=char[])
OBJ 50000963 (sz=24, trace=300223, class=java.lang.String@50000181)
ARR 50000964 (sz=128, trace=300224, nelems=0, elem type=char[])
OBJ 50000965 (sz=32, trace=300225, class=java.io.File@5000012f)
OBJ 50000966 (sz=24, trace=300226, class=java.lang.StringBuffer@50000136)
ARR 50000967 (sz=128, trace=300227, nelems=0, elem type=char[])
ARR 50000968 (sz=120, trace=300228, nelems=0, elem type=char[])
OBJ 50000969 (sz=24, trace=300229, class=java.lang.String@50000181)
ARR 5000096a (sz=120, trace=300230, nelems=0, elem type=char[])
OBJ 5000096b (sz=24, trace=300231, class=java.lang.String@50000181)
ARR 5000096c (sz=120, trace=300232, nelems=0, elem type=char[])
ARR 5000096d (sz=56, trace=300233, nelems=6, elem type=java.lang.Object[]@5000011c)
	[0]		50000958
	[1]		50000982
	[2]		500009ec
	[3]		50000a14
	[4]		50000a3c
	[5]		50000a64
ARR 5000096e (sz=80, trace=300234, nelems=16, elem type=java.util.HashMap$Node[]@500000d5)
	[0]		50000a29
	[4]		50000a79
	[7]		50000a01
	[13]		50000997
	[15]		5000096f
OBJ 5000096f (sz=32, trace=300080, class=java.util.HashMap$Node@500000d7)
	key		50000949
	value		50000958
OBJ 50000970 (sz=24, trace=300181, class=java.lang.StringBuilder@50000135)
ARR 50000971 (sz=48, trace=300182, nelems=0, elem type=char[])
ARR 50000972 (sz=128, trace=300010, nelems=0, elem type=char[])
OBJ 50000973 (sz=24, trace=300183, class=java.lang.String@50000181)
	value		50000974
ARR 50000974 (sz=110, trace=300184, nelems=55, elem type=char[])
OBJ 50000975 (sz=24, trace=300186, class=sun.misc.URLClassPath$3@500003cf)
OBJ 50000976 (sz=24, trace=300191, class=java.lang.StringBuilder@50000135)
ARR 50000977 (sz=48, trace=300192, nelems=0, elem type=char[])
OBJ 50000978 (sz=24, trace=300193, class=java.lang.StringBuffer@50000136)
ARR 50000979 (sz=128, trace=300194, nelems=0, elem type=char[])
ARR 5000097a (sz=128, trace=300195, nelems=0, elem type=char[])
OBJ 5000097b (sz=24, trace=300196, class=java.lang.String@50000181)
ARR 5000097c (sz=128, trace=300010, nelems=0, elem type=char[])
ARR 5000097d (sz=232, trace=300010, nelems=0, elem type=char[])
OBJ 5000097e (sz=24, trace=300197, class=java.lang.String@50000181)
	value		5000097f
ARR 5000097f (sz=110, trace=300198, nelems=55, elem type=char[])
OBJ 50000980 (sz=64, trace=300199, class=java.net.URL@5000012d)
	protocol	500023d1
	host		50000f74
	file		5000097e
	authority	50000f74
	path		5000097e
	handler		5000093b
OBJ 50000981 (sz=24, trace=300200, class=java.net.Parts@50000010)
OBJ 50000982 (sz=48, trace=300201, class=sun.misc.URLClassPath$JarLoader@500003d2)
	base		50000980
	csu		50000883
	metaIndex	5000081b
	handler		5000093b
	lmap		50000934
OBJ 50000983 (sz=24, trace=300202, class=java.lang.StringBuilder@50000135)
ARR 50000984 (sz=112, trace=300203, nelems=0, elem type=char[])
ARR 50000985 (sz=64, trace=300204, nelems=0, elem type=byte[])
OBJ 50000986 (sz=48, trace=300205, class=java.nio.HeapByteBuffer@50000072)
ARR 50000987 (sz=112, trace=300206, nelems=0, elem type=char[])
OBJ 50000988 (sz=48, trace=300207, class=java.nio.HeapCharBuffer@5000006a)
OBJ 50000989 (sz=24, trace=300219, class=java.lang.String@50000181)
ARR 5000098a (sz=24, trace=300220, nelems=0, elem type=char[])
OBJ 5000098b (sz=24, trace=300221, class=java.lang.String@50000181)
ARR 5000098c (sz=24, trace=300222, nelems=0, elem type=char[])
OBJ 5000098d (sz=24, trace=300223, class=java.lang.String@50000181)
ARR 5000098e (sz=112, trace=300224, nelems=0, elem type=char[])
OBJ 5000098f (sz=32, trace=300225, class=java.io.File@5000012f)
OBJ 50000990 (sz=24, trace=300226, class=java.lang.StringBuffer@50000136)
ARR 50000991 (sz=112, trace=300227, nelems=0, elem type=char[])
ARR 50000992 (sz=112, trace=300228, nelems=0, elem type=char[])
OBJ 50000993 (sz=24, trace=300229, class=java.lang.String@50000181)
ARR 50000994 (sz=112, trace=300230, nelems=0, elem type=char[])
OBJ 50000995 (sz=24, trace=300231, class=java.lang.String@50000181)
ARR 50000996 (sz=112, trace=300232, nelems=0, elem type=char[])
OBJ 50000997 (sz=32, trace=300080, class=java.util.HashMap$Node@500000d7)
	key		50000973
	value		50000982
OBJ 50000998 (sz=24, trace=300181, class=java.lang.StringBuilder@50000135)
ARR 50000999 (sz=48, trace=300182, nelems=0, elem type=char[])
ARR 5000099a (sz=144, trace=300010, nelems=0, elem type=char[])
OBJ 5000099b (sz=24, trace=300183, class=java.lang.String@50000181)
ARR 5000099c (sz=144, trace=300184, nelems=0, elem type=char[])
OBJ 5000099d (sz=24, trace=300186, class=sun.misc.URLClassPath$3@500003cf)
OBJ 5000099e (sz=24, trace=300191, class=java.lang.StringBuilder@50000135)
ARR 5000099f (sz=48, trace=300192, nelems=0, elem type=char[])
OBJ 500009a0 (sz=24, trace=300193, class=java.lang.StringBuffer@50000136)
ARR 500009a1 (sz=144, trace=300194, nelems=0, elem type=char[])
ARR 500009a2 (sz=144, trace=300195, nelems=0, elem type=char[])
OBJ 500009a3 (sz=24, trace=300196, class=java.lang.String@50000181)
ARR 500009a4 (sz=144, trace=300010, nelems=0, elem type=char[])
ARR 500009a5 (sz=264, trace=300010, nelems=0, elem type=char[])
OBJ 500009a6 (sz=24, trace=300197, class=java.lang.String@50000181)
ARR 500009a7 (sz=144, trace=300198, nelems=0, elem type=char[])
OBJ 500009a8 (sz=64, trace=300199, class=java.net.URL@5000012d)
OBJ 500009a9 (sz=24, trace=300200, class=java.net.Parts@50000010)
OBJ 500009aa (sz=48, trace=300201, class=sun.misc.URLClassPath$JarLoader@500003d2)
OBJ 500009ab (sz=24, trace=300202, class=java.lang.StringBuilder@50000135)
ARR 500009ac (sz=128, trace=300203, nelems=0, elem type=char[])
ARR 500009ad (sz=72, trace=300204, nelems=0, elem type=byte[])
OBJ 500009ae (sz=48, trace=300205, class=java.nio.HeapByteBuffer@50000072)
ARR 500009af (sz=128, trace=300206, nelems=0, elem type=char[])
OBJ 500009b0 (sz=48, trace=300207, class=java.nio.HeapCharBuffer@5000006a)
OBJ 500009b1 (sz=24, trace=300219, class=java.lang.String@50000181)
ARR 500009b2 (sz=24, trace=300220, nelems=0, elem type=char[])
OBJ 500009b3 (sz=24, trace=300221, class=java.lang.String@50000181)
ARR 500009b4 (sz=24, trace=300222, nelems=0, elem type=char[])
OBJ 500009b5 (sz=24, trace=300223, class=java.lang.String@50000181)
ARR 500009b6 (sz=128, trace=300224, nelems=0, elem type=char[])
OBJ 500009b7 (sz=32, trace=300225, class=java.io.File@5000012f)
OBJ 500009b8 (sz=24, trace=300226, class=java.lang.StringBuffer@50000136)
ARR 500009b9 (sz=128, trace=300227, nelems=0, elem type=char[])
ARR 500009ba (sz=128, trace=300228, nelems=0, elem type=char[])
OBJ 500009bb (sz=24, trace=300229, class=java.lang.String@50000181)
ARR 500009bc (sz=128, trace=300230, nelems=0, elem type=char[])
OBJ 500009bd (sz=24, trace=300231, class=java.lang.String@50000181)
ARR 500009be (sz=128, trace=300232, nelems=0, elem type=char[])
OBJ 500009c0 (sz=16, trace=300484, class=sun.misc.URLClassPath$JarLoader$1@500009bf)
OBJ 500009c2 (sz=24, trace=300486, class=sun.misc.FileURLMapper@500009c1)
ARR 500009c3 (sz=128, trace=300487, nelems=0, elem type=char[])
OBJ 500009c4 (sz=24, trace=300488, class=java.lang.String@50000181)
OBJ 500009c5 (sz=24, trace=300489, class=java.lang.StringBuilder@50000135)
ARR 500009c6 (sz=128, trace=300490, nelems=0, elem type=char[])
ARR 500009c7 (sz=72, trace=300491, nelems=0, elem type=byte[])
OBJ 500009c8 (sz=48, trace=300205, class=java.nio.HeapByteBuffer@50000072)
ARR 500009c9 (sz=128, trace=300492, nelems=0, elem type=char[])
OBJ 500009ca (sz=48, trace=300207, class=java.nio.HeapCharBuffer@5000006a)
OBJ 500009cb (sz=24, trace=300219, class=java.lang.String@50000181)
ARR 500009cc (sz=24, trace=300220, nelems=0, elem type=char[])
OBJ 500009cd (sz=24, trace=300221, class=java.lang.String@50000181)
ARR 500009ce (sz=24, trace=300222, nelems=0, elem type=char[])
OBJ 500009cf (sz=24, trace=300493, class=java.lang.String@50000181)
ARR 500009d0 (sz=128, trace=300224, nelems=0, elem type=char[])
OBJ 500009d1 (sz=32, trace=300494, class=java.io.File@5000012f)
OBJ 500009d2 (sz=24, trace=300242, class=java.lang.StringBuffer@50000136)
ARR 500009d3 (sz=128, trace=300243, nelems=0, elem type=char[])
ARR 500009d4 (sz=128, trace=300244, nelems=0, elem type=char[])
OBJ 500009d5 (sz=24, trace=300245, class=java.lang.String@50000181)
OBJ 500009d7 (sz=32, trace=300496, class=java.io.FileNotFoundException@500009d6)
OBJ 500009d8 (sz=40, trace=300497, class=java.security.PrivilegedActionException@500006b9)
OBJ 500009d9 (sz=40, trace=300497, class=java.security.PrivilegedActionException@500006b9)
OBJ 500009da (sz=24, trace=300181, class=java.lang.StringBuilder@50000135)
ARR 500009db (sz=48, trace=300182, nelems=0, elem type=char[])
ARR 500009dc (sz=136, trace=300010, nelems=0, elem type=char[])
OBJ 500009dd (sz=24, trace=300183, class=java.lang.String@50000181)
	value		500009de
ARR 500009de (sz=114, trace=300184, nelems=57, elem type=char[])
OBJ 500009df (sz=24, trace=300186, class=sun.misc.URLClassPath$3@500003cf)
OBJ 500009e0 (sz=24, trace=300191, class=java.lang.StringBuilder@50000135)
ARR 500009e1 (sz=48, trace=300192, nelems=0, elem type=char[])
OBJ 500009e2 (sz=24, trace=300193, class=java.lang.StringBuffer@50000136)
ARR 500009e3 (sz=128, trace=300194, nelems=0, elem type=char[])
ARR 500009e4 (sz=128, trace=300195, nelems=0, elem type=char[])
OBJ 500009e5 (sz=24, trace=300196, class=java.lang.String@50000181)
ARR 500009e6 (sz=128, trace=300010, nelems=0, elem type=char[])
ARR 500009e7 (sz=240, trace=300010, nelems=0, elem type=char[])
OBJ 500009e8 (sz=24, trace=300197, class=java.lang.String@50000181)
	value		500009e9
ARR 500009e9 (sz=114, trace=300198, nelems=57, elem type=char[])
OBJ 500009ea (sz=64, trace=300199, class=java.net.URL@5000012d)
	protocol	500023d1
	host		50000f74
	file		500009e8
	authority	50000f74
	path		500009e8
	handler		5000093b
OBJ 500009eb (sz=24, trace=300200, class=java.net.Parts@50000010)
OBJ 500009ec (sz=48, trace=300201, class=sun.misc.URLClassPath$JarLoader@500003d2)
	base		500009ea
	csu		500008c0
	metaIndex	5000076a
	handler		5000093b
	lmap		50000934
OBJ 500009ed (sz=24, trace=300202, class=java.lang.StringBuilder@50000135)
ARR 500009ee (sz=120, trace=300203, nelems=0, elem type=char[])
ARR 500009ef (sz=72, trace=300204, nelems=0, elem type=byte[])
OBJ 500009f0 (sz=48, trace=300205, class=java.nio.HeapByteBuffer@50000072)
ARR 500009f1 (sz=120, trace=300206, nelems=0, elem type=char[])
OBJ 500009f2 (sz=48, trace=300207, class=java.nio.HeapCharBuffer@5000006a)
OBJ 500009f3 (sz=24, trace=300219, class=java.lang.String@50000181)
ARR 500009f4 (sz=24, trace=300220, nelems=0, elem type=char[])
OBJ 500009f5 (sz=24, trace=300221, class=java.lang.String@50000181)
ARR 500009f6 (sz=24, trace=300222, nelems=0, elem type=char[])
OBJ 500009f7 (sz=24, trace=300223, class=java.lang.String@50000181)
ARR 500009f8 (sz=112, trace=300224, nelems=0, elem type=char[])
OBJ 500009f9 (sz=32, trace=300225, class=java.io.File@5000012f)
OBJ 500009fa (sz=24, trace=300226, class=java.lang.StringBuffer@50000136)
ARR 500009fb (sz=112, trace=300227, nelems=0, elem type=char[])
ARR 500009fc (sz=112, trace=300228, nelems=0, elem type=char[])
OBJ 500009fd (sz=24, trace=300229, class=java.lang.String@50000181)
ARR 500009fe (sz=112, trace=300230, nelems=0, elem type=char[])
OBJ 500009ff (sz=24, trace=300231, class=java.lang.String@50000181)
ARR 50000a00 (sz=112, trace=300232, nelems=0, elem type=char[])
OBJ 50000a01 (sz=32, trace=300080, class=java.util.HashMap$Node@500000d7)
	key		500009dd
	value		500009ec
	next		50000a51
OBJ 50000a02 (sz=24, trace=300181, class=java.lang.StringBuilder@50000135)
ARR 50000a03 (sz=48, trace=300182, nelems=0, elem type=char[])
ARR 50000a04 (sz=128, trace=300010, nelems=0, elem type=char[])
OBJ 50000a05 (sz=24, trace=300183, class=java.lang.String@50000181)
	value		50000a06
ARR 50000a06 (sz=112, trace=300184, nelems=56, elem type=char[])
OBJ 50000a07 (sz=24, trace=300186, class=sun.misc.URLClassPath$3@500003cf)
OBJ 50000a08 (sz=24, trace=300191, class=java.lang.StringBuilder@50000135)
ARR 50000a09 (sz=48, trace=300192, nelems=0, elem type=char[])
OBJ 50000a0a (sz=24, trace=300193, class=java.lang.StringBuffer@50000136)
ARR 50000a0b (sz=128, trace=300194, nelems=0, elem type=char[])
ARR 50000a0c (sz=128, trace=300195, nelems=0, elem type=char[])
OBJ 50000a0d (sz=24, trace=300196, class=java.lang.String@50000181)
ARR 50000a0e (sz=128, trace=300010, nelems=0, elem type=char[])
ARR 50000a0f (sz=240, trace=300010, nelems=0, elem type=char[])
OBJ 50000a10 (sz=24, trace=300197, class=java.lang.String@50000181)
	value		50000a11
ARR 50000a11 (sz=112, trace=300198, nelems=56, elem type=char[])
OBJ 50000a12 (sz=64, trace=300199, class=java.net.URL@5000012d)
	protocol	500023d1
	host		50000f74
	file		50000a10
	authority	50000f74
	path		50000a10
	handler		5000093b
OBJ 50000a13 (sz=24, trace=300200, class=java.net.Parts@50000010)
OBJ 50000a14 (sz=48, trace=300201, class=sun.misc.URLClassPath$JarLoader@500003d2)
	base		50000a12
	csu		500008de
	metaIndex	50000744
	handler		5000093b
	lmap		50000934
OBJ 50000a15 (sz=24, trace=300202, class=java.lang.StringBuilder@50000135)
ARR 50000a16 (sz=120, trace=300203, nelems=0, elem type=char[])
ARR 50000a17 (sz=72, trace=300204, nelems=0, elem type=byte[])
OBJ 50000a18 (sz=48, trace=300205, class=java.nio.HeapByteBuffer@50000072)
ARR 50000a19 (sz=120, trace=300206, nelems=0, elem type=char[])
OBJ 50000a1a (sz=48, trace=300207, class=java.nio.HeapCharBuffer@5000006a)
OBJ 50000a1b (sz=24, trace=300219, class=java.lang.String@50000181)
ARR 50000a1c (sz=24, trace=300220, nelems=0, elem type=char[])
OBJ 50000a1d (sz=24, trace=300221, class=java.lang.String@50000181)
ARR 50000a1e (sz=24, trace=300222, nelems=0, elem type=char[])
OBJ 50000a1f (sz=24, trace=300223, class=java.lang.String@50000181)
ARR 50000a20 (sz=112, trace=300224, nelems=0, elem type=char[])
OBJ 50000a21 (sz=32, trace=300225, class=java.io.File@5000012f)
OBJ 50000a22 (sz=24, trace=300226, class=java.lang.StringBuffer@50000136)
ARR 50000a23 (sz=112, trace=300227, nelems=0, elem type=char[])
ARR 50000a24 (sz=112, trace=300228, nelems=0, elem type=char[])
OBJ 50000a25 (sz=24, trace=300229, class=java.lang.String@50000181)
ARR 50000a26 (sz=112, trace=300230, nelems=0, elem type=char[])
OBJ 50000a27 (sz=24, trace=300231, class=java.lang.String@50000181)
ARR 50000a28 (sz=112, trace=300232, nelems=0, elem type=char[])
OBJ 50000a29 (sz=32, trace=300080, class=java.util.HashMap$Node@500000d7)
	key		50000a05
	value		50000a14
OBJ 50000a2a (sz=24, trace=300181, class=java.lang.StringBuilder@50000135)
ARR 50000a2b (sz=48, trace=300182, nelems=0, elem type=char[])
ARR 50000a2c (sz=144, trace=300010, nelems=0, elem type=char[])
OBJ 50000a2d (sz=24, trace=300183, class=java.lang.String@50000181)
	value		50000a2e
ARR 50000a2e (sz=122, trace=300184, nelems=61, elem type=char[])
OBJ 50000a2f (sz=24, trace=300186, class=sun.misc.URLClassPath$3@500003cf)
OBJ 50000a30 (sz=24, trace=300191, class=java.lang.StringBuilder@50000135)
ARR 50000a31 (sz=48, trace=300192, nelems=0, elem type=char[])
OBJ 50000a32 (sz=24, trace=300193, class=java.lang.StringBuffer@50000136)
ARR 50000a33 (sz=136, trace=300194, nelems=0, elem type=char[])
ARR 50000a34 (sz=136, trace=300195, nelems=0, elem type=char[])
OBJ 50000a35 (sz=24, trace=300196, class=java.lang.String@50000181)
ARR 50000a36 (sz=136, trace=300010, nelems=0, elem type=char[])
ARR 50000a37 (sz=256, trace=300010, nelems=0, elem type=char[])
OBJ 50000a38 (sz=24, trace=300197, class=java.lang.String@50000181)
	value		50000a39
ARR 50000a39 (sz=122, trace=300198, nelems=61, elem type=char[])
OBJ 50000a3a (sz=64, trace=300199, class=java.net.URL@5000012d)
	protocol	500023d1
	host		50000f74
	file		50000a38
	authority	50000f74
	path		50000a38
	handler		5000093b
OBJ 50000a3b (sz=24, trace=300200, class=java.net.Parts@50000010)
OBJ 50000a3c (sz=48, trace=300201, class=sun.misc.URLClassPath$JarLoader@500003d2)
	base		50000a3a
	csu		500008fc
	metaIndex	5000072d
	handler		5000093b
	lmap		50000934
OBJ 50000a3d (sz=24, trace=300202, class=java.lang.StringBuilder@50000135)
ARR 50000a3e (sz=128, trace=300203, nelems=0, elem type=char[])
ARR 50000a3f (sz=72, trace=300204, nelems=0, elem type=byte[])
OBJ 50000a40 (sz=48, trace=300205, class=java.nio.HeapByteBuffer@50000072)
ARR 50000a41 (sz=128, trace=300206, nelems=0, elem type=char[])
OBJ 50000a42 (sz=48, trace=300207, class=java.nio.HeapCharBuffer@5000006a)
OBJ 50000a43 (sz=24, trace=300219, class=java.lang.String@50000181)
ARR 50000a44 (sz=24, trace=300220, nelems=0, elem type=char[])
OBJ 50000a45 (sz=24, trace=300221, class=java.lang.String@50000181)
ARR 50000a46 (sz=24, trace=300222, nelems=0, elem type=char[])
OBJ 50000a47 (sz=24, trace=300223, class=java.lang.String@50000181)
ARR 50000a48 (sz=120, trace=300224, nelems=0, elem type=char[])
OBJ 50000a49 (sz=32, trace=300225, class=java.io.File@5000012f)
OBJ 50000a4a (sz=24, trace=300226, class=java.lang.StringBuffer@50000136)
ARR 50000a4b (sz=120, trace=300227, nelems=0, elem type=char[])
ARR 50000a4c (sz=120, trace=300228, nelems=0, elem type=char[])
OBJ 50000a4d (sz=24, trace=300229, class=java.lang.String@50000181)
ARR 50000a4e (sz=120, trace=300230, nelems=0, elem type=char[])
OBJ 50000a4f (sz=24, trace=300231, class=java.lang.String@50000181)
ARR 50000a50 (sz=120, trace=300232, nelems=0, elem type=char[])
OBJ 50000a51 (sz=32, trace=300081, class=java.util.HashMap$Node@500000d7)
	key		50000a2d
	value		50000a3c
OBJ 50000a52 (sz=24, trace=300181, class=java.lang.StringBuilder@50000135)
ARR 50000a53 (sz=48, trace=300182, nelems=0, elem type=char[])
ARR 50000a54 (sz=128, trace=300010, nelems=0, elem type=char[])
OBJ 50000a55 (sz=24, trace=300183, class=java.lang.String@50000181)
	value		50000a56
ARR 50000a56 (sz=112, trace=300184, nelems=56, elem type=char[])
OBJ 50000a57 (sz=24, trace=300186, class=sun.misc.URLClassPath$3@500003cf)
OBJ 50000a58 (sz=24, trace=300191, class=java.lang.StringBuilder@50000135)
ARR 50000a59 (sz=48, trace=300192, nelems=0, elem type=char[])
OBJ 50000a5a (sz=24, trace=300193, class=java.lang.StringBuffer@50000136)
ARR 50000a5b (sz=128, trace=300194, nelems=0, elem type=char[])
ARR 50000a5c (sz=128, trace=300195, nelems=0, elem type=char[])
OBJ 50000a5d (sz=24, trace=300196, class=java.lang.String@50000181)
ARR 50000a5e (sz=128, trace=300010, nelems=0, elem type=char[])
ARR 50000a5f (sz=240, trace=300010, nelems=0, elem type=char[])
OBJ 50000a60 (sz=24, trace=300197, class=java.lang.String@50000181)
	value		50000a61
ARR 50000a61 (sz=112, trace=300198, nelems=56, elem type=char[])
OBJ 50000a62 (sz=64, trace=300199, class=java.net.URL@5000012d)
	protocol	500023d1
	host		50000f74
	file		50000a60
	authority	50000f74
	path		50000a60
	handler		5000093b
OBJ 50000a63 (sz=24, trace=300200, class=java.net.Parts@50000010)
OBJ 50000a64 (sz=48, trace=300201, class=sun.misc.URLClassPath$JarLoader@500003d2)
	base		50000a62
	csu		5000091a
	metaIndex	50000758
	handler		5000093b
	lmap		50000934
OBJ 50000a65 (sz=24, trace=300202, class=java.lang.StringBuilder@50000135)
ARR 50000a66 (sz=120, trace=300203, nelems=0, elem type=char[])
ARR 50000a67 (sz=72, trace=300204, nelems=0, elem type=byte[])
OBJ 50000a68 (sz=48, trace=300205, class=java.nio.HeapByteBuffer@50000072)
ARR 50000a69 (sz=120, trace=300206, nelems=0, elem type=char[])
OBJ 50000a6a (sz=48, trace=300207, class=java.nio.HeapCharBuffer@5000006a)
OBJ 50000a6b (sz=24, trace=300219, class=java.lang.String@50000181)
ARR 50000a6c (sz=24, trace=300220, nelems=0, elem type=char[])
OBJ 50000a6d (sz=24, trace=300221, class=java.lang.String@50000181)
ARR 50000a6e (sz=24, trace=300222, nelems=0, elem type=char[])
OBJ 50000a6f (sz=24, trace=300223, class=java.lang.String@50000181)
ARR 50000a70 (sz=112, trace=300224, nelems=0, elem type=char[])
OBJ 50000a71 (sz=32, trace=300225, class=java.io.File@5000012f)
OBJ 50000a72 (sz=24, trace=300226, class=java.lang.StringBuffer@50000136)
ARR 50000a73 (sz=112, trace=300227, nelems=0, elem type=char[])
ARR 50000a74 (sz=112, trace=300228, nelems=0, elem type=char[])
OBJ 50000a75 (sz=24, trace=300229, class=java.lang.String@50000181)
ARR 50000a76 (sz=112, trace=300230, nelems=0, elem type=char[])
OBJ 50000a77 (sz=24, trace=300231, class=java.lang.String@50000181)
ARR 50000a78 (sz=112, trace=300232, nelems=0, elem type=char[])
OBJ 50000a79 (sz=32, trace=300080, class=java.util.HashMap$Node@500000d7)
	key		50000a55
	value		50000a64
OBJ 50000a7a (sz=24, trace=300181, class=java.lang.StringBuilder@50000135)
ARR 50000a7b (sz=48, trace=300182, nelems=0, elem type=char[])
ARR 50000a7c (sz=120, trace=300010, nelems=0, elem type=char[])
OBJ 50000a7d (sz=24, trace=300183, class=java.lang.String@50000181)
ARR 50000a7e (sz=120, trace=300184, nelems=0, elem type=char[])
OBJ 50000a7f (sz=24, trace=300186, class=sun.misc.URLClassPath$3@500003cf)
OBJ 50000a80 (sz=24, trace=300191, class=java.lang.StringBuilder@50000135)
ARR 50000a81 (sz=48, trace=300192, nelems=0, elem type=char[])
OBJ 50000a82 (sz=24, trace=300193, class=java.lang.StringBuffer@50000136)
ARR 50000a83 (sz=120, trace=300194, nelems=0, elem type=char[])
ARR 50000a84 (sz=120, trace=300195, nelems=0, elem type=char[])
OBJ 50000a85 (sz=24, trace=300196, class=java.lang.String@50000181)
ARR 50000a86 (sz=120, trace=300010, nelems=0, elem type=char[])
ARR 50000a87 (sz=224, trace=300010, nelems=0, elem type=char[])
OBJ 50000a88 (sz=24, trace=300197, class=java.lang.String@50000181)
ARR 50000a89 (sz=120, trace=300198, nelems=0, elem type=char[])
OBJ 50000a8a (sz=64, trace=300199, class=java.net.URL@5000012d)
OBJ 50000a8b (sz=24, trace=300200, class=java.net.Parts@50000010)
OBJ 50000a8c (sz=48, trace=300201, class=sun.misc.URLClassPath$JarLoader@500003d2)
OBJ 50000a8d (sz=24, trace=300202, class=java.lang.StringBuilder@50000135)
ARR 50000a8e (sz=112, trace=300203, nelems=0, elem type=char[])
ARR 50000a8f (sz=64, trace=300204, nelems=0, elem type=byte[])
OBJ 50000a90 (sz=48, trace=300205, class=java.nio.HeapByteBuffer@50000072)
ARR 50000a91 (sz=112, trace=300206, nelems=0, elem type=char[])
OBJ 50000a92 (sz=48, trace=300207, class=java.nio.HeapCharBuffer@5000006a)
OBJ 50000a93 (sz=24, trace=300219, class=java.lang.String@50000181)
ARR 50000a94 (sz=24, trace=300220, nelems=0, elem type=char[])
OBJ 50000a95 (sz=24, trace=300221, class=java.lang.String@50000181)
ARR 50000a96 (sz=24, trace=300222, nelems=0, elem type=char[])
OBJ 50000a97 (sz=24, trace=300223, class=java.lang.String@50000181)
ARR 50000a98 (sz=104, trace=300224, nelems=0, elem type=char[])
OBJ 50000a99 (sz=32, trace=300225, class=java.io.File@5000012f)
OBJ 50000a9a (sz=24, trace=300226, class=java.lang.StringBuffer@50000136)
ARR 50000a9b (sz=104, trace=300227, nelems=0, elem type=char[])
ARR 50000a9c (sz=104, trace=300228, nelems=0, elem type=char[])
OBJ 50000a9d (sz=24, trace=300229, class=java.lang.String@50000181)
ARR 50000a9e (sz=104, trace=300230, nelems=0, elem type=char[])
OBJ 50000a9f (sz=24, trace=300231, class=java.lang.String@50000181)
ARR 50000aa0 (sz=104, trace=300232, nelems=0, elem type=char[])
OBJ 50000aa1 (sz=16, trace=300484, class=sun.misc.URLClassPath$JarLoader$1@500009bf)
OBJ 50000aa2 (sz=24, trace=300486, class=sun.misc.FileURLMapper@500009c1)
ARR 50000aa3 (sz=112, trace=300487, nelems=0, elem type=char[])
OBJ 50000aa4 (sz=24, trace=300488, class=java.lang.String@50000181)
OBJ 50000aa5 (sz=24, trace=300489, class=java.lang.StringBuilder@50000135)
ARR 50000aa6 (sz=112, trace=300490, nelems=0, elem type=char[])
ARR 50000aa7 (sz=64, trace=300491, nelems=0, elem type=byte[])
OBJ 50000aa8 (sz=48, trace=300205, class=java.nio.HeapByteBuffer@50000072)
ARR 50000aa9 (sz=112, trace=300492, nelems=0, elem type=char[])
OBJ 50000aaa (sz=48, trace=300207, class=java.nio.HeapCharBuffer@5000006a)
OBJ 50000aab (sz=24, trace=300219, class=java.lang.String@50000181)
ARR 50000aac (sz=24, trace=300220, nelems=0, elem type=char[])
OBJ 50000aad (sz=24, trace=300221, class=java.lang.String@50000181)
ARR 50000aae (sz=24, trace=300222, nelems=0, elem type=char[])
OBJ 50000aaf (sz=24, trace=300493, class=java.lang.String@50000181)
ARR 50000ab0 (sz=104, trace=300224, nelems=0, elem type=char[])
OBJ 50000ab1 (sz=32, trace=300494, class=java.io.File@5000012f)
OBJ 50000ab2 (sz=24, trace=300242, class=java.lang.StringBuffer@50000136)
ARR 50000ab3 (sz=104, trace=300243, nelems=0, elem type=char[])
ARR 50000ab4 (sz=104, trace=300244, nelems=0, elem type=char[])
OBJ 50000ab5 (sz=24, trace=300245, class=java.lang.String@50000181)
OBJ 50000ab6 (sz=32, trace=300496, class=java.io.FileNotFoundException@500009d6)
OBJ 50000ab7 (sz=40, trace=300497, class=java.security.PrivilegedActionException@500006b9)
OBJ 50000ab8 (sz=40, trace=300497, class=java.security.PrivilegedActionException@500006b9)
OBJ 50000aba (sz=16, trace=300499, class=java.net.URLClassLoader$3$1@50000ab9)
OBJ 50000abd (sz=16, trace=300502, class=java.util.ResourceBundle$RBClassLoader$1@50000abc)
OBJ 50000abe (sz=72, trace=300503, class=java.util.ResourceBundle$RBClassLoader@50000abb)
	parent		50000e6b
	package2certs	50000ac8
	classes		50000abf
	defaultDomain	50000ac2
	domains		50000aca
	packages	50000ac5
	nativeLibraries	50000ac6
	assertionLock	50000abe
OBJ 50000abf (sz=32, trace=300464, class=java.util.Vector@500000f7)
	elementData	50000ac0
ARR 50000ac0 (sz=56, trace=300504, nelems=0, elem type=java.lang.Object[]@5000011c)
OBJ 50000ac1 (sz=32, trace=300505, class=java.security.CodeSource@50000128)
OBJ 50000ac2 (sz=40, trace=300506, class=java.security.ProtectionDomain@50000173)
	codesource	50000ac1
	classloader	50000abe
	principals	50000ac4
	key		50000ac3
OBJ 50000ac3 (sz=16, trace=300507, class=java.security.ProtectionDomain$Key@50000008)
ARR 50000ac4 (sz=16, trace=300508, nelems=0, elem type=java.security.Principal[]@50000006)
OBJ 50000ac5 (sz=48, trace=300509, class=java.util.HashMap@500000d9)
OBJ 50000ac6 (sz=32, trace=300464, class=java.util.Vector@500000f7)
	elementData	50000ac7
ARR 50000ac7 (sz=56, trace=300510, nelems=0, elem type=java.lang.Object[]@5000011c)
OBJ 50000ac8 (sz=48, trace=300511, class=java.util.Hashtable@50000159)
	table		50000ac9
ARR 50000ac9 (sz=64, trace=300512, nelems=0, elem type=java.util.Hashtable$Entry[]@500000d2)
OBJ 50000aca (sz=16, trace=300513, class=java.util.HashSet@50000005)
	map		50000acb
OBJ 50000acb (sz=48, trace=300514, class=java.util.HashMap@500000d9)
ARR 50000acd (sz=24, trace=300516, nelems=2, elem type=java.lang.String[]@500000db)
	[0]		500027af
	[1]		500027b8
OBJ 50000acf (sz=24, trace=300518, class=java.util.Arrays$ArrayList@50000ace)
	a		50000acd
OBJ 50000ad0 (sz=24, trace=300519, class=java.util.Collections$UnmodifiableRandomAccessList@500000e7)
	c		50000acf
	list		50000acf
ARR 50000ad1 (sz=24, trace=300520, nelems=1, elem type=java.lang.String[]@500000db)
	[0]		500027af
OBJ 50000ad2 (sz=24, trace=300518, class=java.util.Arrays$ArrayList@50000ace)
	a		50000ad1
OBJ 50000ad3 (sz=24, trace=300519, class=java.util.Collections$UnmodifiableRandomAccessList@500000e7)
	c		50000ad2
	list		50000ad2
ARR 50000ad4 (sz=24, trace=300521, nelems=1, elem type=java.lang.String[]@500000db)
	[0]		500027b8
OBJ 50000ad5 (sz=24, trace=300518, class=java.util.Arrays$ArrayList@50000ace)
	a		50000ad4
OBJ 50000ad6 (sz=24, trace=300519, class=java.util.Collections$UnmodifiableRandomAccessList@500000e7)
	c		50000ad5
	list		50000ad5
OBJ 50000ad7 (sz=16, trace=300522, class=java.util.ResourceBundle$Control@50000acc)
OBJ 50000ad9 (sz=24, trace=300524, class=java.util.ResourceBundle$Control$CandidateListCache@50000ad8)
	map		50000adc
	queue		50000ada
OBJ 50000ada (sz=32, trace=300525, class=java.lang.ref.ReferenceQueue@500000e6)
	lock		50000adb
OBJ 50000adb (sz=16, trace=300526, class=java.lang.ref.ReferenceQueue$Lock@500000e4)
OBJ 50000adc (sz=64, trace=300527, class=java.util.concurrent.ConcurrentHashMap@5000002a)
	table		50000b1c
OBJ 50000ade (sz=56, trace=300529, class=java.util.ResourceBundle$CacheKey@50000add)
OBJ 50000ae1 (sz=32, trace=300531, class=java.util.ResourceBundle$LoaderReference@50000ae0)
OBJ 50000ae6 (sz=32, trace=300533, class=java.util.LinkedList@50000ae5)
	first		50000af9
	last		50000b1a
OBJ 50000ae7 (sz=40, trace=300534, class=sun.util.locale.BaseLocale$Key@50000019)
OBJ 50000ae8 (sz=40, trace=300535, class=java.lang.ref.SoftReference@50000165)
OBJ 50000ae9 (sz=40, trace=300536, class=java.lang.ref.SoftReference@50000165)
OBJ 50000aea (sz=40, trace=300537, class=java.lang.ref.SoftReference@50000165)
OBJ 50000aeb (sz=40, trace=300538, class=java.lang.ref.SoftReference@50000165)
OBJ 50000aec (sz=32, trace=300539, class=sun.util.locale.BaseLocale@5000001b)
	language	50001065
	script		50002583
	region		5000104d
	variant		50000f74
OBJ 50000aed (sz=40, trace=300540, class=sun.util.locale.BaseLocale$Key@50000019)
	lang		50000aee
	scrt		50000aef
	regn		50000af0
	vart		50000af1
OBJ 50000aee (sz=40, trace=300535, class=java.lang.ref.SoftReference@50000165)
	referent	50001065
	queue		500010b3
OBJ 50000aef (sz=40, trace=300536, class=java.lang.ref.SoftReference@50000165)
	referent	50002583
	queue		500010b3
OBJ 50000af0 (sz=40, trace=300537, class=java.lang.ref.SoftReference@50000165)
	referent	5000104d
	queue		500010b3
OBJ 50000af1 (sz=40, trace=300538, class=java.lang.ref.SoftReference@50000165)
	referent	50000f74
	queue		500010b3
OBJ 50000af2 (sz=48, trace=300541, class=sun.util.locale.LocaleObjectCache$CacheEntry@50000018)
	referent	50000aec
	queue		5000109e
	key		50000aed
OBJ 50000af3 (sz=32, trace=300542, class=java.util.concurrent.ConcurrentHashMap$Node@50000023)
	key		50000aed
	val		50000af2
OBJ 50000af4 (sz=24, trace=300543, class=java.util.Locale$LocaleKey@50000017)
	base		50000aec
OBJ 50000af5 (sz=32, trace=300544, class=java.util.Locale@5000002e)
	baseLocale	50000aec
OBJ 50000af6 (sz=48, trace=300541, class=sun.util.locale.LocaleObjectCache$CacheEntry@50000018)
	referent	50000af5
	queue		5000107f
	key		50000af4
OBJ 50000af7 (sz=32, trace=300545, class=java.util.concurrent.ConcurrentHashMap$Node@50000023)
	key		50000af4
	val		50000af6
OBJ 50000af9 (sz=24, trace=300547, class=java.util.LinkedList$Node@50000af8)
	item		50000af5
	next		50000b0b
OBJ 50000afa (sz=40, trace=300534, class=sun.util.locale.BaseLocale$Key@50000019)
OBJ 50000afb (sz=40, trace=300535, class=java.lang.ref.SoftReference@50000165)
OBJ 50000afc (sz=40, trace=300536, class=java.lang.ref.SoftReference@50000165)
OBJ 50000afd (sz=40, trace=300537, class=java.lang.ref.SoftReference@50000165)
OBJ 50000afe (sz=40, trace=300538, class=java.lang.ref.SoftReference@50000165)
OBJ 50000aff (sz=32, trace=300539, class=sun.util.locale.BaseLocale@5000001b)
	language	50001065
	script		50002583
	region		50000f74
	variant		50000f74
OBJ 50000b00 (sz=40, trace=300540, class=sun.util.locale.BaseLocale$Key@50000019)
	lang		50000b01
	scrt		50000b02
	regn		50000b03
	vart		50000b04
OBJ 50000b01 (sz=40, trace=300535, class=java.lang.ref.SoftReference@50000165)
	referent	50001065
	queue		500010b3
OBJ 50000b02 (sz=40, trace=300536, class=java.lang.ref.SoftReference@50000165)
	referent	50002583
	queue		500010b3
OBJ 50000b03 (sz=40, trace=300537, class=java.lang.ref.SoftReference@50000165)
	referent	50000f74
	queue		500010b3
OBJ 50000b04 (sz=40, trace=300538, class=java.lang.ref.SoftReference@50000165)
	referent	50000f74
	queue		500010b3
OBJ 50000b05 (sz=48, trace=300541, class=sun.util.locale.LocaleObjectCache$CacheEntry@50000018)
	referent	50000aff
	queue		5000109e
	key		50000b00
OBJ 50000b06 (sz=32, trace=300542, class=java.util.concurrent.ConcurrentHashMap$Node@50000023)
	key		50000b00
	val		50000b05
OBJ 50000b07 (sz=24, trace=300543, class=java.util.Locale$LocaleKey@50000017)
	base		50000aff
OBJ 50000b08 (sz=32, trace=300544, class=java.util.Locale@5000002e)
	baseLocale	50000aff
OBJ 50000b09 (sz=48, trace=300541, class=sun.util.locale.LocaleObjectCache$CacheEntry@50000018)
	referent	50000b08
	queue		5000107f
	key		50000b07
OBJ 50000b0a (sz=32, trace=300542, class=java.util.concurrent.ConcurrentHashMap$Node@50000023)
	key		50000b07
	val		50000b09
OBJ 50000b0b (sz=24, trace=300548, class=java.util.LinkedList$Node@50000af8)
	item		50000b08
	next		50000b12
	prev		50000af9
OBJ 50000b0c (sz=40, trace=300534, class=sun.util.locale.BaseLocale$Key@50000019)
OBJ 50000b0d (sz=40, trace=300535, class=java.lang.ref.SoftReference@50000165)
OBJ 50000b0e (sz=40, trace=300536, class=java.lang.ref.SoftReference@50000165)
OBJ 50000b0f (sz=40, trace=300537, class=java.lang.ref.SoftReference@50000165)
OBJ 50000b10 (sz=40, trace=300538, class=java.lang.ref.SoftReference@50000165)
OBJ 50000b11 (sz=24, trace=300543, class=java.util.Locale$LocaleKey@50000017)
OBJ 50000b12 (sz=24, trace=300549, class=java.util.LinkedList$Node@50000af8)
	item		5000106b
	next		50000b19
	prev		50000b0b
OBJ 50000b13 (sz=40, trace=300534, class=sun.util.locale.BaseLocale$Key@50000019)
OBJ 50000b14 (sz=40, trace=300535, class=java.lang.ref.SoftReference@50000165)
OBJ 50000b15 (sz=40, trace=300536, class=java.lang.ref.SoftReference@50000165)
OBJ 50000b16 (sz=40, trace=300537, class=java.lang.ref.SoftReference@50000165)
OBJ 50000b17 (sz=40, trace=300538, class=java.lang.ref.SoftReference@50000165)
OBJ 50000b18 (sz=24, trace=300543, class=java.util.Locale$LocaleKey@50000017)
OBJ 50000b19 (sz=24, trace=300550, class=java.util.LinkedList$Node@50000af8)
	item		50001077
	next		50000b1a
	prev		50000b12
OBJ 50000b1a (sz=24, trace=300551, class=java.util.LinkedList$Node@50000af8)
	item		5000106c
	prev		50000b19
OBJ 50000b1b (sz=48, trace=300541, class=sun.util.locale.LocaleObjectCache$CacheEntry@50000018)
	referent	50000ae6
	queue		50000ada
	key		500025fc
ARR 50000b1c (sz=144, trace=300552, nelems=1, elem type=java.util.concurrent.ConcurrentHashMap$Node[]@50000022)
	[0]		50000b1d
OBJ 50000b1d (sz=32, trace=300542, class=java.util.concurrent.ConcurrentHashMap$Node@50000023)
	key		500025fc
	val		50000b1b
OBJ 50000b1e (sz=24, trace=300553, class=java.util.ArrayList@500000f1)
ARR 50000b1f (sz=40, trace=300554, nelems=0, elem type=java.lang.Object[]@5000011c)
OBJ 50000b20 (sz=32, trace=300555, class=java.util.ResourceBundle$LoaderReference@50000ae0)
OBJ 50000b21 (sz=16, trace=300172, class=java.lang.Object@50000185)
OBJ 50000b22 (sz=32, trace=300174, class=java.util.concurrent.ConcurrentHashMap$Node@50000023)
	key		50001222
	val		50000b21
OBJ 50000b23 (sz=16, trace=300175, class=java.lang.Object@50000185)
OBJ 50000b24 (sz=32, trace=300174, class=java.util.concurrent.ConcurrentHashMap$Node@50000023)
	key		50001222
	val		50000b23
ARR 50000b27 (sz=16, trace=300557, nelems=0, elem type=java.lang.Class[]@50000117)
OBJ 50000b28 (sz=56, trace=300149, class=java.lang.Class$ReflectionData@500000c4)
OBJ 50000b29 (sz=40, trace=300040, class=java.lang.ref.SoftReference@50000165)
OBJ 50000b2a (sz=80, trace=300150, class=java.lang.reflect.Constructor@50000151)
OBJ 50000b2b (sz=24, trace=300558, class=java.lang.Class$1@500000ae)
OBJ 50000b2c (sz=24, trace=300152, class=sun.reflect.NativeConstructorAccessorImpl@500000ac)
OBJ 50000b2d (sz=16, trace=300153, class=sun.reflect.DelegatingConstructorAccessorImpl@500000ab)
OBJ 50000b2e (sz=40, trace=300559, class=sun.launcher.resources.launcher@50000b26)
	locale		5000106c
	name		50001222
	cacheKey	500027ae
OBJ 50000b2f (sz=32, trace=300555, class=java.util.ResourceBundle$LoaderReference@50000ae0)
	referent	50000abe
	queue		500006c0
	cacheKey	500027ae
OBJ 50000b31 (sz=48, trace=300561, class=java.util.ResourceBundle$BundleReference@50000b30)
	referent	50000b2e
	queue		500006c0
	cacheKey	500027ae
ARR 50000b32 (sz=272, trace=300562, nelems=33, elem type=java.util.concurrent.ConcurrentHashMap$Node[]@50000022)
	[0]		50000d22
	[10]		50000dec
	[20]		50000d0d
	[29]		50000d87
	[32]		50000b33
OBJ 50000b33 (sz=32, trace=300563, class=java.util.concurrent.ConcurrentHashMap$Node@50000023)
	key		500027ae
	val		50000b31
OBJ 50000b34 (sz=32, trace=300555, class=java.util.ResourceBundle$LoaderReference@50000ae0)
OBJ 50000b35 (sz=24, trace=300564, class=java.lang.StringBuilder@50000135)
ARR 50000b36 (sz=112, trace=300565, nelems=0, elem type=char[])
OBJ 50000b37 (sz=24, trace=300566, class=java.lang.String@50000181)
	value		50000b38
ARR 50000b38 (sz=68, trace=300567, nelems=34, elem type=char[])
OBJ 50000b39 (sz=16, trace=300172, class=java.lang.Object@50000185)
OBJ 50000b3a (sz=32, trace=300174, class=java.util.concurrent.ConcurrentHashMap$Node@50000023)
	key		50000b37
	val		50000b39
OBJ 50000b3b (sz=16, trace=300175, class=java.lang.Object@50000185)
OBJ 50000b3c (sz=32, trace=300174, class=java.util.concurrent.ConcurrentHashMap$Node@50000023)
	key		50000b37
	val		50000b3b
OBJ 50000b3d (sz=24, trace=300177, class=java.net.URLClassLoader$1@500003c5)
ARR 50000b3e (sz=88, trace=300568, nelems=0, elem type=char[])
OBJ 50000b3f (sz=24, trace=300569, class=java.lang.String@50000181)
ARR 50000b40 (sz=96, trace=300178, nelems=0, elem type=char[])
OBJ 50000b41 (sz=24, trace=300179, class=java.lang.String@50000181)
OBJ 50000b42 (sz=40, trace=300235, class=java.lang.ClassNotFoundException@5000016f)
OBJ 50000b43 (sz=24, trace=300236, class=java.net.URLClassLoader$1@500003c5)
ARR 50000b44 (sz=88, trace=300568, nelems=0, elem type=char[])
OBJ 50000b45 (sz=24, trace=300569, class=java.lang.String@50000181)
ARR 50000b46 (sz=96, trace=300178, nelems=0, elem type=char[])
OBJ 50000b47 (sz=24, trace=300179, class=java.lang.String@50000181)
OBJ 50000b48 (sz=64, trace=300249, class=java.net.URL@5000012d)
OBJ 50000b49 (sz=24, trace=300250, class=java.lang.StringBuilder@50000135)
ARR 50000b4a (sz=48, trace=300251, nelems=0, elem type=char[])
ARR 50000b4b (sz=152, trace=300010, nelems=0, elem type=char[])
ARR 50000b4c (sz=288, trace=300010, nelems=0, elem type=char[])
OBJ 50000b4d (sz=24, trace=300252, class=java.lang.String@50000181)
ARR 50000b4e (sz=152, trace=300253, nelems=0, elem type=char[])
OBJ 50000b4f (sz=24, trace=300254, class=java.lang.String@50000181)
ARR 50000b50 (sz=152, trace=300255, nelems=0, elem type=char[])
ARR 50000b51 (sz=208, trace=300256, nelems=0, elem type=char[])
ARR 50000b52 (sz=96, trace=300257, nelems=0, elem type=char[])
OBJ 50000b53 (sz=24, trace=300258, class=java.lang.String@50000181)
ARR 50000b54 (sz=96, trace=300259, nelems=0, elem type=char[])
OBJ 50000b55 (sz=64, trace=300260, class=java.net.URL@5000012d)
OBJ 50000b56 (sz=24, trace=300250, class=java.lang.StringBuilder@50000135)
ARR 50000b57 (sz=48, trace=300251, nelems=0, elem type=char[])
ARR 50000b58 (sz=152, trace=300010, nelems=0, elem type=char[])
ARR 50000b59 (sz=288, trace=300010, nelems=0, elem type=char[])
OBJ 50000b5a (sz=24, trace=300252, class=java.lang.String@50000181)
ARR 50000b5b (sz=232, trace=300253, nelems=0, elem type=char[])
ARR 50000b5c (sz=96, trace=300570, nelems=0, elem type=char[])
OBJ 50000b5d (sz=24, trace=300571, class=java.lang.String@50000181)
OBJ 50000b5e (sz=32, trace=300261, class=java.io.File@5000012f)
ARR 50000b5f (sz=232, trace=300262, nelems=0, elem type=char[])
OBJ 50000b60 (sz=24, trace=300263, class=java.lang.String@50000181)
ARR 50000b61 (sz=232, trace=300264, nelems=0, elem type=char[])
OBJ 50000b62 (sz=24, trace=300181, class=java.lang.StringBuilder@50000135)
ARR 50000b63 (sz=48, trace=300182, nelems=0, elem type=char[])
ARR 50000b64 (sz=128, trace=300010, nelems=0, elem type=char[])
OBJ 50000b65 (sz=24, trace=300183, class=java.lang.String@50000181)
	value		50000b66
ARR 50000b66 (sz=108, trace=300184, nelems=54, elem type=char[])
OBJ 50000b67 (sz=24, trace=300186, class=sun.misc.URLClassPath$3@500003cf)
OBJ 50000b68 (sz=24, trace=300191, class=java.lang.StringBuilder@50000135)
ARR 50000b69 (sz=48, trace=300192, nelems=0, elem type=char[])
OBJ 50000b6a (sz=24, trace=300193, class=java.lang.StringBuffer@50000136)
ARR 50000b6b (sz=120, trace=300194, nelems=0, elem type=char[])
ARR 50000b6c (sz=120, trace=300195, nelems=0, elem type=char[])
OBJ 50000b6d (sz=24, trace=300196, class=java.lang.String@50000181)
ARR 50000b6e (sz=120, trace=300010, nelems=0, elem type=char[])
ARR 50000b6f (sz=232, trace=300010, nelems=0, elem type=char[])
OBJ 50000b70 (sz=24, trace=300197, class=java.lang.String@50000181)
	value		50000b71
ARR 50000b71 (sz=108, trace=300198, nelems=54, elem type=char[])
OBJ 50000b72 (sz=64, trace=300199, class=java.net.URL@5000012d)
	protocol	500023d1
	host		50000f74
	file		50000b70
	authority	50000f74
	path		50000b70
	handler		500024fb
OBJ 50000b73 (sz=24, trace=300200, class=java.net.Parts@50000010)
OBJ 50000b74 (sz=48, trace=300201, class=sun.misc.URLClassPath$JarLoader@500003d2)
	base		50000b72
	jar		50000bfd
	csu		50002501
	handler		500024fb
	lmap		500024fc
OBJ 50000b75 (sz=24, trace=300202, class=java.lang.StringBuilder@50000135)
ARR 50000b76 (sz=112, trace=300203, nelems=0, elem type=char[])
ARR 50000b77 (sz=64, trace=300204, nelems=0, elem type=byte[])
OBJ 50000b78 (sz=48, trace=300205, class=java.nio.HeapByteBuffer@50000072)
ARR 50000b79 (sz=112, trace=300206, nelems=0, elem type=char[])
OBJ 50000b7a (sz=48, trace=300207, class=java.nio.HeapCharBuffer@5000006a)
OBJ 50000b7b (sz=24, trace=300219, class=java.lang.String@50000181)
ARR 50000b7c (sz=24, trace=300220, nelems=0, elem type=char[])
OBJ 50000b7d (sz=24, trace=300221, class=java.lang.String@50000181)
ARR 50000b7e (sz=24, trace=300222, nelems=0, elem type=char[])
OBJ 50000b7f (sz=24, trace=300223, class=java.lang.String@50000181)
ARR 50000b80 (sz=112, trace=300224, nelems=0, elem type=char[])
OBJ 50000b81 (sz=32, trace=300225, class=java.io.File@5000012f)
OBJ 50000b82 (sz=24, trace=300226, class=java.lang.StringBuffer@50000136)
ARR 50000b83 (sz=112, trace=300227, nelems=0, elem type=char[])
ARR 50000b84 (sz=104, trace=300228, nelems=0, elem type=char[])
OBJ 50000b85 (sz=24, trace=300229, class=java.lang.String@50000181)
ARR 50000b86 (sz=104, trace=300230, nelems=0, elem type=char[])
OBJ 50000b87 (sz=24, trace=300231, class=java.lang.String@50000181)
ARR 50000b88 (sz=104, trace=300232, nelems=0, elem type=char[])
OBJ 50000b89 (sz=16, trace=300484, class=sun.misc.URLClassPath$JarLoader$1@500009bf)
OBJ 50000b8a (sz=24, trace=300486, class=sun.misc.FileURLMapper@500009c1)
ARR 50000b8b (sz=112, trace=300487, nelems=0, elem type=char[])
OBJ 50000b8c (sz=24, trace=300488, class=java.lang.String@50000181)
OBJ 50000b8d (sz=24, trace=300489, class=java.lang.StringBuilder@50000135)
ARR 50000b8e (sz=112, trace=300490, nelems=0, elem type=char[])
ARR 50000b8f (sz=64, trace=300491, nelems=0, elem type=byte[])
OBJ 50000b90 (sz=48, trace=300205, class=java.nio.HeapByteBuffer@50000072)
ARR 50000b91 (sz=112, trace=300492, nelems=0, elem type=char[])
OBJ 50000b92 (sz=48, trace=300207, class=java.nio.HeapCharBuffer@5000006a)
OBJ 50000b93 (sz=24, trace=300219, class=java.lang.String@50000181)
ARR 50000b94 (sz=24, trace=300220, nelems=0, elem type=char[])
OBJ 50000b95 (sz=24, trace=300221, class=java.lang.String@50000181)
ARR 50000b96 (sz=24, trace=300222, nelems=0, elem type=char[])
OBJ 50000b97 (sz=24, trace=300493, class=java.lang.String@50000181)
ARR 50000b98 (sz=112, trace=300224, nelems=0, elem type=char[])
OBJ 50000b99 (sz=32, trace=300494, class=java.io.File@5000012f)
OBJ 50000b9a (sz=24, trace=300242, class=java.lang.StringBuffer@50000136)
ARR 50000b9b (sz=112, trace=300243, nelems=0, elem type=char[])
ARR 50000b9c (sz=104, trace=300244, nelems=0, elem type=char[])
OBJ 50000b9d (sz=24, trace=300245, class=java.lang.String@50000181)
OBJ 50000ba1 (sz=16, trace=300574, class=java.util.jar.JavaUtilJarAccessImpl@50000ba0)
ARR 50000ba2 (sz=20, trace=300575, nelems=10, elem type=char[])
ARR 50000ba3 (sz=512, trace=300576, nelems=128, elem type=int[])
ARR 50000ba4 (sz=40, trace=300577, nelems=10, elem type=int[])
OBJ 50000ba5 (sz=32, trace=300578, class=java.io.File@5000012f)
OBJ 50000ba6 (sz=24, trace=300242, class=java.lang.StringBuffer@50000136)
ARR 50000ba7 (sz=112, trace=300243, nelems=0, elem type=char[])
ARR 50000ba8 (sz=88, trace=300244, nelems=44, elem type=char[])
OBJ 50000ba9 (sz=24, trace=300245, class=java.lang.String@50000181)
	value		50000ba8
ARR 50000bab (sz=32, trace=300140, nelems=0, elem type=char[])
OBJ 50000bac (sz=24, trace=300141, class=java.lang.String@50000181)
ARR 50000bad (sz=32, trace=300142, nelems=0, elem type=char[])
OBJ 50000baf (sz=24, trace=300581, class=sun.nio.cs.US_ASCII@50000bae)
	name		500016fd
	aliases		500016fc
ARR 50000bb0 (sz=24, trace=300582, nelems=0, elem type=java.lang.Object[]@5000011c)
ARR 50000bb1 (sz=40, trace=300140, nelems=0, elem type=char[])
OBJ 50000bb2 (sz=24, trace=300141, class=java.lang.String@50000181)
ARR 50000bb3 (sz=40, trace=300142, nelems=0, elem type=char[])
OBJ 50000bb4 (sz=24, trace=300143, class=java.lang.StringBuilder@50000135)
ARR 50000bb5 (sz=48, trace=300144, nelems=0, elem type=char[])
ARR 50000bb6 (sz=88, trace=300010, nelems=0, elem type=char[])
OBJ 50000bb7 (sz=24, trace=300145, class=java.lang.String@50000181)
ARR 50000bb8 (sz=64, trace=300146, nelems=0, elem type=char[])
ARR 50000bba (sz=16, trace=300148, nelems=0, elem type=java.lang.Class[]@50000117)
OBJ 50000bbb (sz=56, trace=300149, class=java.lang.Class$ReflectionData@500000c4)
OBJ 50000bbc (sz=40, trace=300040, class=java.lang.ref.SoftReference@50000165)
OBJ 50000bbd (sz=80, trace=300150, class=java.lang.reflect.Constructor@50000151)
OBJ 50000bbe (sz=24, trace=300151, class=java.lang.Class$1@500000ae)
OBJ 50000bbf (sz=24, trace=300152, class=sun.reflect.NativeConstructorAccessorImpl@500000ac)
OBJ 50000bc0 (sz=16, trace=300153, class=sun.reflect.DelegatingConstructorAccessorImpl@500000ab)
OBJ 50000bc1 (sz=24, trace=300583, class=sun.nio.cs.ISO_8859_1@50000bb9)
	name		500017c5
	aliases		50001763
ARR 50000bc2 (sz=24, trace=300582, nelems=0, elem type=java.lang.Object[]@5000011c)
ARR 50000bc3 (sz=32, trace=300140, nelems=0, elem type=char[])
OBJ 50000bc4 (sz=24, trace=300141, class=java.lang.String@50000181)
ARR 50000bc5 (sz=32, trace=300142, nelems=0, elem type=char[])
ARR 50000bc6 (sz=24, trace=300582, nelems=0, elem type=java.lang.Object[]@5000011c)
ARR 50000bc7 (sz=32, trace=300140, nelems=0, elem type=char[])
OBJ 50000bc8 (sz=24, trace=300141, class=java.lang.String@50000181)
ARR 50000bc9 (sz=32, trace=300142, nelems=0, elem type=char[])
OBJ 50000bca (sz=24, trace=300143, class=java.lang.StringBuilder@50000135)
ARR 50000bcb (sz=48, trace=300144, nelems=0, elem type=char[])
ARR 50000bcc (sz=88, trace=300010, nelems=0, elem type=char[])
OBJ 50000bcd (sz=24, trace=300145, class=java.lang.String@50000181)
ARR 50000bce (sz=56, trace=300146, nelems=0, elem type=char[])
ARR 50000bd0 (sz=16, trace=300148, nelems=0, elem type=java.lang.Class[]@50000117)
OBJ 50000bd1 (sz=56, trace=300149, class=java.lang.Class$ReflectionData@500000c4)
OBJ 50000bd2 (sz=40, trace=300040, class=java.lang.ref.SoftReference@50000165)
OBJ 50000bd3 (sz=80, trace=300150, class=java.lang.reflect.Constructor@50000151)
OBJ 50000bd4 (sz=24, trace=300151, class=java.lang.Class$1@500000ae)
OBJ 50000bd5 (sz=24, trace=300152, class=sun.reflect.NativeConstructorAccessorImpl@500000ac)
OBJ 50000bd6 (sz=16, trace=300153, class=sun.reflect.DelegatingConstructorAccessorImpl@500000ab)
OBJ 50000bd7 (sz=24, trace=300584, class=sun.nio.cs.UTF_16BE@50000bcf)
	name		500017c7
	aliases		5000176b
ARR 50000bd8 (sz=24, trace=300582, nelems=0, elem type=java.lang.Object[]@5000011c)
ARR 50000bd9 (sz=32, trace=300140, nelems=0, elem type=char[])
OBJ 50000bda (sz=24, trace=300141, class=java.lang.String@50000181)
ARR 50000bdb (sz=32, trace=300142, nelems=0, elem type=char[])
OBJ 50000bdc (sz=24, trace=300143, class=java.lang.StringBuilder@50000135)
ARR 50000bdd (sz=48, trace=300144, nelems=0, elem type=char[])
ARR 50000bde (sz=88, trace=300010, nelems=0, elem type=char[])
OBJ 50000bdf (sz=24, trace=300145, class=java.lang.String@50000181)
ARR 50000be0 (sz=56, trace=300146, nelems=0, elem type=char[])
ARR 50000be2 (sz=16, trace=300148, nelems=0, elem type=java.lang.Class[]@50000117)
OBJ 50000be3 (sz=56, trace=300149, class=java.lang.Class$ReflectionData@500000c4)
OBJ 50000be4 (sz=40, trace=300040, class=java.lang.ref.SoftReference@50000165)
OBJ 50000be5 (sz=80, trace=300150, class=java.lang.reflect.Constructor@50000151)
OBJ 50000be6 (sz=24, trace=300151, class=java.lang.Class$1@500000ae)
OBJ 50000be7 (sz=24, trace=300152, class=sun.reflect.NativeConstructorAccessorImpl@500000ac)
OBJ 50000be8 (sz=16, trace=300153, class=sun.reflect.DelegatingConstructorAccessorImpl@500000ab)
OBJ 50000be9 (sz=24, trace=300585, class=sun.nio.cs.UTF_16LE@50000be1)
	name		500017d1
	aliases		5000176a
ARR 50000bea (sz=24, trace=300582, nelems=0, elem type=java.lang.Object[]@5000011c)
ARR 50000beb (sz=32, trace=300140, nelems=0, elem type=char[])
OBJ 50000bec (sz=24, trace=300141, class=java.lang.String@50000181)
ARR 50000bed (sz=32, trace=300142, nelems=0, elem type=char[])
OBJ 50000bee (sz=24, trace=300143, class=java.lang.StringBuilder@50000135)
ARR 50000bef (sz=48, trace=300144, nelems=0, elem type=char[])
ARR 50000bf0 (sz=88, trace=300010, nelems=0, elem type=char[])
OBJ 50000bf1 (sz=24, trace=300145, class=java.lang.String@50000181)
ARR 50000bf2 (sz=56, trace=300146, nelems=0, elem type=char[])
ARR 50000bf4 (sz=16, trace=300148, nelems=0, elem type=java.lang.Class[]@50000117)
OBJ 50000bf5 (sz=56, trace=300149, class=java.lang.Class$ReflectionData@500000c4)
OBJ 50000bf6 (sz=40, trace=300040, class=java.lang.ref.SoftReference@50000165)
OBJ 50000bf7 (sz=80, trace=300150, class=java.lang.reflect.Constructor@50000151)
OBJ 50000bf8 (sz=24, trace=300151, class=java.lang.Class$1@500000ae)
OBJ 50000bf9 (sz=24, trace=300152, class=sun.reflect.NativeConstructorAccessorImpl@500000ac)
OBJ 50000bfa (sz=16, trace=300153, class=sun.reflect.DelegatingConstructorAccessorImpl@500000ab)
OBJ 50000bfb (sz=24, trace=300586, class=sun.nio.cs.UTF_16@50000bf3)
	name		500017ca
	aliases		5000176c
ARR 50000bfc (sz=24, trace=300582, nelems=2, elem type=java.lang.Object[]@5000011c)
	[0]		500017ca
	[1]		50000bfb
OBJ 50000bfd (sz=64, trace=300587, class=java.util.jar.JarFile@50000b9e)
	name		50000ba9
	zc		50000c07
	streams		50000bff
	inflaterCache	50000c04
	manEntry	50000c57
OBJ 50000bfe (sz=40, trace=300133, class=java.lang.ref.Finalizer@50000160)
	referent	50000bfd
	queue		50000e62
	next		50000702
	prev		50000c5d
OBJ 50000bff (sz=48, trace=300588, class=java.util.WeakHashMap@500000ba)
	table		50000c02
	queue		50000c00
OBJ 50000c00 (sz=32, trace=300589, class=java.lang.ref.ReferenceQueue@500000e6)
	lock		50000c01
OBJ 50000c01 (sz=16, trace=300590, class=java.lang.ref.ReferenceQueue$Lock@500000e4)
ARR 50000c02 (sz=80, trace=300591, nelems=0, elem type=java.util.WeakHashMap$Entry[]@5000003e)
OBJ 50000c04 (sz=24, trace=300593, class=java.util.ArrayDeque@50000c03)
	elements	50000c05
ARR 50000c05 (sz=80, trace=300594, nelems=1, elem type=java.lang.Object[]@5000011c)
	[0]		50000c60
OBJ 50000c07 (sz=32, trace=300596, class=java.util.zip.ZipCoder@50000c06)
	cs		500003aa
	enc		50000c1d
ARR 50000c08 (sz=24, trace=300140, nelems=0, elem type=char[])
OBJ 50000c09 (sz=24, trace=300141, class=java.lang.String@50000181)
ARR 50000c0a (sz=24, trace=300142, nelems=0, elem type=char[])
OBJ 50000c0b (sz=24, trace=300597, class=sun.security.action.GetPropertyAction@50000064)
OBJ 50000c0c (sz=24, trace=300598, class=sun.security.action.GetPropertyAction@50000064)
ARR 50000c0d (sz=24, trace=300155, nelems=2, elem type=java.lang.Object[]@5000011c)
	[0]		50000e6a
	[1]		500013ab
OBJ 50000c0e (sz=32, trace=300156, class=java.lang.StringCoding$StringEncoder@50000059)
	cs		500013ab
	ce		50000c10
	requestedCharsetName	50000e6a
ARR 50000c0f (sz=24, trace=300599, nelems=0, elem type=byte[])
OBJ 50000c10 (sz=64, trace=300600, class=sun.nio.cs.ext.DoubleByte$Encoder@50000074)
	charset		500013ab
	replacement	50000c16
	malformedInputAction	50001397
	unmappableCharacterAction	50001397
	cachedDecoder	50000c12
	c2b		5000185a
	c2bIndex	50001859
	repl		50000c17
OBJ 50000c11 (sz=56, trace=300410, class=sun.nio.cs.ext.DoubleByte$Decoder@50000096)
	charset		500013ab
	replacement	5000138d
	malformedInputAction	50001396
	unmappableCharacterAction	50001396
	b2c		5000185c
	b2cSB		5000185b
OBJ 50000c12 (sz=32, trace=300601, class=java.lang.ref.WeakReference@50000164)
	referent	50000c11
	queue		500010b3
OBJ 50000c13 (sz=48, trace=300602, class=java.nio.HeapByteBuffer@50000072)
ARR 50000c14 (sz=24, trace=300603, nelems=0, elem type=char[])
OBJ 50000c15 (sz=48, trace=300207, class=java.nio.HeapCharBuffer@5000006a)
ARR 50000c16 (sz=1, trace=300160, nelems=1, elem type=byte[])
ARR 50000c17 (sz=1, trace=300604, nelems=1, elem type=byte[])
OBJ 50000c18 (sz=40, trace=300161, class=java.lang.ref.SoftReference@50000165)
	referent	50000c0e
	queue		500010b3
ARR 50000c19 (sz=104, trace=300605, nelems=0, elem type=byte[])
ARR 50000c1a (sz=64, trace=300163, nelems=0, elem type=byte[])
ARR 50000c1c (sz=24, trace=300158, nelems=0, elem type=byte[])
OBJ 50000c1d (sz=56, trace=300159, class=sun.nio.cs.UTF_8$Encoder@500003ad)
	charset		500003aa
	replacement	50000c1e
	malformedInputAction	50001396
	unmappableCharacterAction	50001396
ARR 50000c1e (sz=1, trace=300160, nelems=1, elem type=byte[])
ARR 50000c1f (sz=56, trace=300607, nelems=0, elem type=char[])
ARR 50000c20 (sz=80, trace=300608, nelems=0, elem type=byte[])
ARR 50000c21 (sz=40, trace=300609, nelems=0, elem type=byte[])
OBJ 50000c23 (sz=24, trace=300611, class=sun.security.action.GetPropertyAction@50000064)
ARR 50000c24 (sz=64, trace=300612, nelems=11, elem type=java.lang.String[]@500000db)
	[0]		50000c27
	[1]		50000c2b
	[2]		50000c2f
	[3]		50000c33
	[4]		50000c37
	[5]		50000c3b
	[6]		50000c3f
	[7]		500024b6
	[8]		50000c44
	[9]		50000c49
	[10]		50000c4e
OBJ 50000c25 (sz=24, trace=300613, class=java.lang.StringBuilder@50000135)
ARR 50000c26 (sz=48, trace=300614, nelems=0, elem type=char[])
OBJ 50000c27 (sz=24, trace=300615, class=java.lang.String@50000181)
	value		50000c28
ARR 50000c28 (sz=14, trace=300616, nelems=7, elem type=char[])
OBJ 50000c29 (sz=24, trace=300617, class=java.lang.StringBuilder@50000135)
ARR 50000c2a (sz=48, trace=300618, nelems=0, elem type=char[])
OBJ 50000c2b (sz=24, trace=300619, class=java.lang.String@50000181)
	value		50000c2c
ARR 50000c2c (sz=18, trace=300620, nelems=9, elem type=char[])
OBJ 50000c2d (sz=24, trace=300621, class=java.lang.StringBuilder@50000135)
ARR 50000c2e (sz=48, trace=300622, nelems=0, elem type=char[])
OBJ 50000c2f (sz=24, trace=300623, class=java.lang.String@50000181)
	value		50000c30
ARR 50000c30 (sz=16, trace=300624, nelems=8, elem type=char[])
OBJ 50000c31 (sz=24, trace=300625, class=java.lang.StringBuilder@50000135)
ARR 50000c32 (sz=48, trace=300626, nelems=0, elem type=char[])
OBJ 50000c33 (sz=24, trace=300627, class=java.lang.String@50000181)
	value		50000c34
ARR 50000c34 (sz=26, trace=300628, nelems=13, elem type=char[])
OBJ 50000c35 (sz=24, trace=300629, class=java.lang.StringBuilder@50000135)
ARR 50000c36 (sz=48, trace=300630, nelems=0, elem type=char[])
OBJ 50000c37 (sz=24, trace=300631, class=java.lang.String@50000181)
	value		50000c38
ARR 50000c38 (sz=20, trace=300632, nelems=10, elem type=char[])
OBJ 50000c39 (sz=24, trace=300633, class=java.lang.StringBuilder@50000135)
ARR 50000c3a (sz=48, trace=300634, nelems=0, elem type=char[])
OBJ 50000c3b (sz=24, trace=300635, class=java.lang.String@50000181)
	value		50000c3c
ARR 50000c3c (sz=20, trace=300636, nelems=10, elem type=char[])
OBJ 50000c3d (sz=24, trace=300637, class=java.lang.StringBuilder@50000135)
ARR 50000c3e (sz=48, trace=300638, nelems=0, elem type=char[])
OBJ 50000c3f (sz=24, trace=300639, class=java.lang.String@50000181)
	value		50000c40
ARR 50000c40 (sz=30, trace=300640, nelems=15, elem type=char[])
OBJ 50000c41 (sz=24, trace=300641, class=java.lang.StringBuilder@50000135)
ARR 50000c42 (sz=48, trace=300642, nelems=0, elem type=char[])
ARR 50000c43 (sz=88, trace=300010, nelems=0, elem type=char[])
OBJ 50000c44 (sz=24, trace=300643, class=java.lang.String@50000181)
	value		50000c45
ARR 50000c45 (sz=62, trace=300644, nelems=31, elem type=char[])
OBJ 50000c46 (sz=24, trace=300645, class=java.lang.StringBuilder@50000135)
ARR 50000c47 (sz=48, trace=300646, nelems=0, elem type=char[])
ARR 50000c48 (sz=88, trace=300010, nelems=0, elem type=char[])
OBJ 50000c49 (sz=24, trace=300647, class=java.lang.String@50000181)
	value		50000c4a
ARR 50000c4a (sz=50, trace=300648, nelems=25, elem type=char[])
OBJ 50000c4b (sz=24, trace=300649, class=java.lang.StringBuilder@50000135)
ARR 50000c4c (sz=48, trace=300650, nelems=0, elem type=char[])
ARR 50000c4d (sz=88, trace=300010, nelems=0, elem type=char[])
OBJ 50000c4e (sz=24, trace=300651, class=java.lang.String@50000181)
	value		50000c4f
ARR 50000c4f (sz=42, trace=300652, nelems=21, elem type=char[])
ARR 50000c50 (sz=56, trace=300607, nelems=0, elem type=char[])
ARR 50000c51 (sz=80, trace=300608, nelems=0, elem type=byte[])
ARR 50000c52 (sz=40, trace=300609, nelems=0, elem type=byte[])
OBJ 50000c54 (sz=80, trace=300654, class=java.util.zip.ZipEntry@50000c53)
OBJ 50000c57 (sz=96, trace=300656, class=java.util.jar.JarFile$JarFileEntry@50000c56)
	name		500024b4
	this$0		50000bfd
ARR 50000c58 (sz=56, trace=300657, nelems=0, elem type=char[])
ARR 50000c59 (sz=80, trace=300658, nelems=0, elem type=byte[])
ARR 50000c5a (sz=40, trace=300659, nelems=0, elem type=byte[])
OBJ 50000c5c (sz=56, trace=300661, class=java.util.zip.ZipFile$ZipFileInputStream@50000c5b)
	this$0		50000bfd
OBJ 50000c5d (sz=40, trace=300133, class=java.lang.ref.Finalizer@50000160)
	referent	50000c5c
	queue		50000e62
	next		50000bfe
	prev		50000c61
ARR 50000c5f (sz=0, trace=300663, nelems=0, elem type=byte[])
OBJ 50000c60 (sz=48, trace=300664, class=java.util.zip.Inflater@50000c5e)
	zsRef		50000c63
	buf		50000c5f
OBJ 50000c61 (sz=40, trace=300133, class=java.lang.ref.Finalizer@50000160)
	referent	50000c60
	queue		50000e62
	next		50000c5d
	prev		50000c67
OBJ 50000c63 (sz=24, trace=300666, class=java.util.zip.ZStreamRef@50000c62)
OBJ 50000c66 (sz=56, trace=300668, class=java.util.zip.ZipFile$ZipFileInflaterInputStream@50000c65)
	in		50000c5c
	inf		50000c60
	buf		50000c6a
	singleByteBuf	50000c68
	b		50000c69
	zfin		50000c5c
	this$0		50000bfd
OBJ 50000c67 (sz=40, trace=300133, class=java.lang.ref.Finalizer@50000160)
	referent	50000c66
	queue		50000e62
	next		50000c61
	prev		50000cb5
ARR 50000c68 (sz=1, trace=300669, nelems=1, elem type=byte[])
ARR 50000c69 (sz=512, trace=300670, nelems=512, elem type=byte[])
ARR 50000c6a (sz=73, trace=300671, nelems=73, elem type=byte[])
OBJ 50000c6b (sz=40, trace=300672, class=java.util.WeakHashMap$Entry@5000003f)
ARR 50000c6d (sz=16, trace=300674, nelems=0, elem type=byte[])
ARR 50000c6e (sz=88, trace=300675, nelems=0, elem type=byte[])
OBJ 50000c6f (sz=32, trace=300080, class=java.util.HashMap$Node@500000d7)
	key		50000b65
	value		50000b74
ARR 50000c70 (sz=96, trace=300607, nelems=0, elem type=char[])
ARR 50000c71 (sz=136, trace=300608, nelems=0, elem type=byte[])
ARR 50000c72 (sz=56, trace=300609, nelems=0, elem type=byte[])
OBJ 50000c73 (sz=24, trace=300181, class=java.lang.StringBuilder@50000135)
ARR 50000c74 (sz=48, trace=300182, nelems=0, elem type=char[])
ARR 50000c75 (sz=136, trace=300010, nelems=0, elem type=char[])
OBJ 50000c76 (sz=24, trace=300183, class=java.lang.String@50000181)
	value		50000c77
ARR 50000c77 (sz=114, trace=300184, nelems=57, elem type=char[])
OBJ 50000c78 (sz=24, trace=300186, class=sun.misc.URLClassPath$3@500003cf)
OBJ 50000c79 (sz=24, trace=300191, class=java.lang.StringBuilder@50000135)
ARR 50000c7a (sz=48, trace=300192, nelems=0, elem type=char[])
OBJ 50000c7b (sz=24, trace=300193, class=java.lang.StringBuffer@50000136)
ARR 50000c7c (sz=128, trace=300194, nelems=0, elem type=char[])
ARR 50000c7d (sz=128, trace=300195, nelems=0, elem type=char[])
OBJ 50000c7e (sz=24, trace=300196, class=java.lang.String@50000181)
ARR 50000c7f (sz=128, trace=300010, nelems=0, elem type=char[])
ARR 50000c80 (sz=240, trace=300010, nelems=0, elem type=char[])
OBJ 50000c81 (sz=24, trace=300197, class=java.lang.String@50000181)
	value		50000c82
ARR 50000c82 (sz=114, trace=300198, nelems=57, elem type=char[])
OBJ 50000c83 (sz=64, trace=300199, class=java.net.URL@5000012d)
	protocol	500023d1
	host		50000f74
	file		50000c81
	authority	50000f74
	path		50000c81
	handler		500024fb
OBJ 50000c84 (sz=24, trace=300200, class=java.net.Parts@50000010)
OBJ 50000c85 (sz=48, trace=300201, class=sun.misc.URLClassPath$JarLoader@500003d2)
	base		50000c83
	jar		50000cb4
	csu		50002502
	handler		500024fb
	lmap		500024fc
OBJ 50000c86 (sz=24, trace=300202, class=java.lang.StringBuilder@50000135)
ARR 50000c87 (sz=120, trace=300203, nelems=0, elem type=char[])
ARR 50000c88 (sz=72, trace=300204, nelems=0, elem type=byte[])
OBJ 50000c89 (sz=48, trace=300205, class=java.nio.HeapByteBuffer@50000072)
ARR 50000c8a (sz=120, trace=300206, nelems=0, elem type=char[])
OBJ 50000c8b (sz=48, trace=300207, class=java.nio.HeapCharBuffer@5000006a)
OBJ 50000c8c (sz=24, trace=300219, class=java.lang.String@50000181)
ARR 50000c8d (sz=24, trace=300220, nelems=0, elem type=char[])
OBJ 50000c8e (sz=24, trace=300221, class=java.lang.String@50000181)
ARR 50000c8f (sz=24, trace=300222, nelems=0, elem type=char[])
OBJ 50000c90 (sz=24, trace=300223, class=java.lang.String@50000181)
ARR 50000c91 (sz=112, trace=300224, nelems=0, elem type=char[])
OBJ 50000c92 (sz=32, trace=300225, class=java.io.File@5000012f)
OBJ 50000c93 (sz=24, trace=300226, class=java.lang.StringBuffer@50000136)
ARR 50000c94 (sz=112, trace=300227, nelems=0, elem type=char[])
ARR 50000c95 (sz=112, trace=300228, nelems=0, elem type=char[])
OBJ 50000c96 (sz=24, trace=300229, class=java.lang.String@50000181)
ARR 50000c97 (sz=112, trace=300230, nelems=0, elem type=char[])
OBJ 50000c98 (sz=24, trace=300231, class=java.lang.String@50000181)
ARR 50000c99 (sz=112, trace=300232, nelems=0, elem type=char[])
OBJ 50000c9a (sz=16, trace=300484, class=sun.misc.URLClassPath$JarLoader$1@500009bf)
OBJ 50000c9b (sz=24, trace=300486, class=sun.misc.FileURLMapper@500009c1)
ARR 50000c9c (sz=120, trace=300487, nelems=0, elem type=char[])
OBJ 50000c9d (sz=24, trace=300488, class=java.lang.String@50000181)
OBJ 50000c9e (sz=24, trace=300489, class=java.lang.StringBuilder@50000135)
ARR 50000c9f (sz=120, trace=300490, nelems=0, elem type=char[])
ARR 50000ca0 (sz=72, trace=300491, nelems=0, elem type=byte[])
OBJ 50000ca1 (sz=48, trace=300205, class=java.nio.HeapByteBuffer@50000072)
ARR 50000ca2 (sz=120, trace=300492, nelems=0, elem type=char[])
OBJ 50000ca3 (sz=48, trace=300207, class=java.nio.HeapCharBuffer@5000006a)
OBJ 50000ca4 (sz=24, trace=300219, class=java.lang.String@50000181)
ARR 50000ca5 (sz=24, trace=300220, nelems=0, elem type=char[])
OBJ 50000ca6 (sz=24, trace=300221, class=java.lang.String@50000181)
ARR 50000ca7 (sz=24, trace=300222, nelems=0, elem type=char[])
OBJ 50000ca8 (sz=24, trace=300493, class=java.lang.String@50000181)
ARR 50000ca9 (sz=112, trace=300224, nelems=0, elem type=char[])
OBJ 50000caa (sz=32, trace=300494, class=java.io.File@5000012f)
OBJ 50000cab (sz=24, trace=300242, class=java.lang.StringBuffer@50000136)
ARR 50000cac (sz=112, trace=300243, nelems=0, elem type=char[])
ARR 50000cad (sz=112, trace=300244, nelems=0, elem type=char[])
OBJ 50000cae (sz=24, trace=300245, class=java.lang.String@50000181)
OBJ 50000caf (sz=32, trace=300578, class=java.io.File@5000012f)
OBJ 50000cb0 (sz=24, trace=300242, class=java.lang.StringBuffer@50000136)
ARR 50000cb1 (sz=112, trace=300243, nelems=0, elem type=char[])
ARR 50000cb2 (sz=94, trace=300244, nelems=47, elem type=char[])
OBJ 50000cb3 (sz=24, trace=300245, class=java.lang.String@50000181)
	value		50000cb2
OBJ 50000cb4 (sz=64, trace=300587, class=java.util.jar.JarFile@50000b9e)
	name		50000cb3
	zc		50000cbc
	streams		50000cb6
	inflaterCache	50000cba
	manEntry	50000cc9
OBJ 50000cb5 (sz=40, trace=300133, class=java.lang.ref.Finalizer@50000160)
	referent	50000cb4
	queue		50000e62
	next		50000c67
	prev		50000cce
OBJ 50000cb6 (sz=48, trace=300588, class=java.util.WeakHashMap@500000ba)
	table		50000cb9
	queue		50000cb7
OBJ 50000cb7 (sz=32, trace=300589, class=java.lang.ref.ReferenceQueue@500000e6)
	lock		50000cb8
OBJ 50000cb8 (sz=16, trace=300590, class=java.lang.ref.ReferenceQueue$Lock@500000e4)
ARR 50000cb9 (sz=80, trace=300591, nelems=0, elem type=java.util.WeakHashMap$Entry[]@5000003e)
OBJ 50000cba (sz=24, trace=300593, class=java.util.ArrayDeque@50000c03)
	elements	50000cbb
ARR 50000cbb (sz=80, trace=300594, nelems=0, elem type=java.lang.Object[]@5000011c)
OBJ 50000cbc (sz=32, trace=300596, class=java.util.zip.ZipCoder@50000c06)
	cs		500003aa
	enc		50000cc0
ARR 50000cbd (sz=112, trace=300605, nelems=0, elem type=byte[])
ARR 50000cbe (sz=64, trace=300163, nelems=0, elem type=byte[])
ARR 50000cbf (sz=24, trace=300158, nelems=0, elem type=byte[])
OBJ 50000cc0 (sz=56, trace=300159, class=sun.nio.cs.UTF_8$Encoder@500003ad)
	charset		500003aa
	replacement	50000cc1
	malformedInputAction	50001396
	unmappableCharacterAction	50001396
ARR 50000cc1 (sz=1, trace=300160, nelems=1, elem type=byte[])
ARR 50000cc2 (sz=56, trace=300607, nelems=0, elem type=char[])
ARR 50000cc3 (sz=80, trace=300608, nelems=0, elem type=byte[])
ARR 50000cc4 (sz=40, trace=300609, nelems=0, elem type=byte[])
ARR 50000cc5 (sz=56, trace=300607, nelems=0, elem type=char[])
ARR 50000cc6 (sz=80, trace=300608, nelems=0, elem type=byte[])
ARR 50000cc7 (sz=40, trace=300609, nelems=0, elem type=byte[])
OBJ 50000cc8 (sz=80, trace=300654, class=java.util.zip.ZipEntry@50000c53)
OBJ 50000cc9 (sz=96, trace=300656, class=java.util.jar.JarFile$JarFileEntry@50000c56)
	name		500024b4
	this$0		50000cb4
ARR 50000cca (sz=56, trace=300657, nelems=0, elem type=char[])
ARR 50000ccb (sz=80, trace=300658, nelems=0, elem type=byte[])
ARR 50000ccc (sz=40, trace=300659, nelems=0, elem type=byte[])
OBJ 50000ccd (sz=56, trace=300661, class=java.util.zip.ZipFile$ZipFileInputStream@50000c5b)
	this$0		50000cb4
OBJ 50000cce (sz=40, trace=300133, class=java.lang.ref.Finalizer@50000160)
	referent	50000ccd
	queue		50000e62
	next		50000cb5
OBJ 50000ccf (sz=40, trace=300672, class=java.util.WeakHashMap$Entry@5000003f)
ARR 50000cd0 (sz=16, trace=300674, nelems=0, elem type=byte[])
ARR 50000cd1 (sz=88, trace=300675, nelems=0, elem type=byte[])
OBJ 50000cd2 (sz=32, trace=300080, class=java.util.HashMap$Node@500000d7)
	key		50000c76
	value		50000c85
ARR 50000cd3 (sz=96, trace=300607, nelems=0, elem type=char[])
ARR 50000cd4 (sz=136, trace=300608, nelems=0, elem type=byte[])
ARR 50000cd5 (sz=56, trace=300609, nelems=0, elem type=byte[])
OBJ 50000cd6 (sz=24, trace=300181, class=java.lang.StringBuilder@50000135)
ARR 50000cd7 (sz=48, trace=300182, nelems=0, elem type=char[])
ARR 50000cd8 (sz=168, trace=300010, nelems=0, elem type=char[])
OBJ 50000cd9 (sz=24, trace=300183, class=java.lang.String@50000181)
ARR 50000cda (sz=168, trace=300184, nelems=0, elem type=char[])
OBJ 50000cdb (sz=40, trace=300235, class=java.lang.ClassNotFoundException@5000016f)
OBJ 50000cdc (sz=24, trace=300564, class=java.lang.StringBuilder@50000135)
ARR 50000cdd (sz=112, trace=300565, nelems=0, elem type=char[])
OBJ 50000cde (sz=24, trace=300566, class=java.lang.String@50000181)
ARR 50000cdf (sz=88, trace=300567, nelems=0, elem type=char[])
OBJ 50000ce0 (sz=24, trace=300676, class=java.lang.StringBuilder@50000135)
ARR 50000ce1 (sz=112, trace=300677, nelems=0, elem type=char[])
ARR 50000ce2 (sz=88, trace=300678, nelems=0, elem type=char[])
OBJ 50000ce3 (sz=24, trace=300679, class=java.lang.String@50000181)
OBJ 50000ce4 (sz=24, trace=300680, class=java.lang.String@50000181)
ARR 50000ce5 (sz=112, trace=300681, nelems=0, elem type=char[])
OBJ 50000ce7 (sz=32, trace=300683, class=java.util.ResourceBundle$Control$1@50000ce6)
OBJ 50000ce9 (sz=24, trace=300685, class=java.net.URLClassLoader$2@50000ce8)
OBJ 50000cea (sz=24, trace=300686, class=java.net.URLClassLoader$2@50000ce8)
OBJ 50000ceb (sz=64, trace=300687, class=java.net.URL@5000012d)
OBJ 50000cec (sz=24, trace=300250, class=java.lang.StringBuilder@50000135)
ARR 50000ced (sz=48, trace=300251, nelems=0, elem type=char[])
ARR 50000cee (sz=152, trace=300010, nelems=0, elem type=char[])
ARR 50000cef (sz=288, trace=300010, nelems=0, elem type=char[])
OBJ 50000cf0 (sz=24, trace=300252, class=java.lang.String@50000181)
ARR 50000cf1 (sz=152, trace=300253, nelems=0, elem type=char[])
OBJ 50000cf2 (sz=24, trace=300254, class=java.lang.String@50000181)
ARR 50000cf3 (sz=152, trace=300255, nelems=0, elem type=char[])
ARR 50000cf4 (sz=232, trace=300688, nelems=0, elem type=char[])
ARR 50000cf5 (sz=112, trace=300689, nelems=0, elem type=char[])
OBJ 50000cf6 (sz=24, trace=300690, class=java.lang.String@50000181)
ARR 50000cf7 (sz=112, trace=300259, nelems=0, elem type=char[])
OBJ 50000cf8 (sz=64, trace=300691, class=java.net.URL@5000012d)
OBJ 50000cf9 (sz=24, trace=300250, class=java.lang.StringBuilder@50000135)
ARR 50000cfa (sz=48, trace=300251, nelems=0, elem type=char[])
ARR 50000cfb (sz=152, trace=300010, nelems=0, elem type=char[])
ARR 50000cfc (sz=288, trace=300010, nelems=0, elem type=char[])
OBJ 50000cfd (sz=24, trace=300252, class=java.lang.String@50000181)
ARR 50000cfe (sz=240, trace=300253, nelems=0, elem type=char[])
ARR 50000cff (sz=112, trace=300692, nelems=0, elem type=char[])
OBJ 50000d00 (sz=24, trace=300693, class=java.lang.String@50000181)
OBJ 50000d01 (sz=32, trace=300694, class=java.io.File@5000012f)
ARR 50000d02 (sz=240, trace=300695, nelems=0, elem type=char[])
OBJ 50000d03 (sz=24, trace=300263, class=java.lang.String@50000181)
ARR 50000d04 (sz=240, trace=300264, nelems=0, elem type=char[])
ARR 50000d05 (sz=112, trace=300607, nelems=0, elem type=char[])
ARR 50000d06 (sz=152, trace=300608, nelems=0, elem type=byte[])
ARR 50000d07 (sz=64, trace=300609, nelems=0, elem type=byte[])
ARR 50000d08 (sz=112, trace=300607, nelems=0, elem type=char[])
ARR 50000d09 (sz=152, trace=300608, nelems=0, elem type=byte[])
ARR 50000d0a (sz=64, trace=300609, nelems=0, elem type=byte[])
OBJ 50000d0b (sz=32, trace=300555, class=java.util.ResourceBundle$LoaderReference@50000ae0)
	referent	50000abe
	queue		500006c0
	cacheKey	500027b3
OBJ 50000d0c (sz=48, trace=300561, class=java.util.ResourceBundle$BundleReference@50000b30)
	referent	500006be
	queue		500006c0
	cacheKey	500027b3
OBJ 50000d0d (sz=32, trace=300563, class=java.util.concurrent.ConcurrentHashMap$Node@50000023)
	key		500027b3
	val		50000d0c
OBJ 50000d0e (sz=32, trace=300555, class=java.util.ResourceBundle$LoaderReference@50000ae0)
OBJ 50000d0f (sz=24, trace=300564, class=java.lang.StringBuilder@50000135)
ARR 50000d10 (sz=112, trace=300565, nelems=0, elem type=char[])
OBJ 50000d11 (sz=24, trace=300566, class=java.lang.String@50000181)
	value		50000d12
ARR 50000d12 (sz=74, trace=300567, nelems=37, elem type=char[])
OBJ 50000d13 (sz=16, trace=300172, class=java.lang.Object@50000185)
OBJ 50000d14 (sz=32, trace=300174, class=java.util.concurrent.ConcurrentHashMap$Node@50000023)
	key		50000d11
	val		50000d13
	next		50000d29
OBJ 50000d15 (sz=16, trace=300175, class=java.lang.Object@50000185)
OBJ 50000d16 (sz=32, trace=300174, class=java.util.concurrent.ConcurrentHashMap$Node@50000023)
	key		50000d11
	val		50000d15
	next		50000d2b
ARR 50000d18 (sz=16, trace=300557, nelems=0, elem type=java.lang.Class[]@50000117)
OBJ 50000d19 (sz=56, trace=300149, class=java.lang.Class$ReflectionData@500000c4)
OBJ 50000d1a (sz=40, trace=300040, class=java.lang.ref.SoftReference@50000165)
OBJ 50000d1b (sz=80, trace=300150, class=java.lang.reflect.Constructor@50000151)
OBJ 50000d1c (sz=24, trace=300558, class=java.lang.Class$1@500000ae)
OBJ 50000d1d (sz=24, trace=300152, class=sun.reflect.NativeConstructorAccessorImpl@500000ac)
OBJ 50000d1e (sz=16, trace=300153, class=sun.reflect.DelegatingConstructorAccessorImpl@500000ab)
OBJ 50000d1f (sz=40, trace=300696, class=sun.launcher.resources.launcher_zh_CN@50000d17)
	parent		50000b2e
	locale		5000106b
	name		50001222
	cacheKey	500027ad
	lookup		50000e02
OBJ 50000d20 (sz=32, trace=300555, class=java.util.ResourceBundle$LoaderReference@50000ae0)
	referent	50000abe
	queue		500006c0
	cacheKey	500027ad
OBJ 50000d21 (sz=48, trace=300561, class=java.util.ResourceBundle$BundleReference@50000b30)
	referent	50000d1f
	queue		500006c0
	cacheKey	500027ad
OBJ 50000d22 (sz=32, trace=300563, class=java.util.concurrent.ConcurrentHashMap$Node@50000023)
	key		500027ad
	val		50000d21
OBJ 50000d23 (sz=32, trace=300555, class=java.util.ResourceBundle$LoaderReference@50000ae0)
OBJ 50000d24 (sz=24, trace=300564, class=java.lang.StringBuilder@50000135)
ARR 50000d25 (sz=112, trace=300565, nelems=0, elem type=char[])
OBJ 50000d26 (sz=24, trace=300566, class=java.lang.String@50000181)
	value		50000d27
ARR 50000d27 (sz=78, trace=300567, nelems=39, elem type=char[])
OBJ 50000d28 (sz=16, trace=300172, class=java.lang.Object@50000185)
OBJ 50000d29 (sz=32, trace=300697, class=java.util.concurrent.ConcurrentHashMap$Node@50000023)
	key		50000d26
	val		50000d28
	next		50000d8e
OBJ 50000d2a (sz=16, trace=300175, class=java.lang.Object@50000185)
OBJ 50000d2b (sz=32, trace=300697, class=java.util.concurrent.ConcurrentHashMap$Node@50000023)
	key		50000d26
	val		50000d2a
	next		50000d90
OBJ 50000d2c (sz=24, trace=300177, class=java.net.URLClassLoader$1@500003c5)
ARR 50000d2d (sz=96, trace=300568, nelems=0, elem type=char[])
OBJ 50000d2e (sz=24, trace=300569, class=java.lang.String@50000181)
ARR 50000d2f (sz=112, trace=300178, nelems=0, elem type=char[])
OBJ 50000d30 (sz=24, trace=300179, class=java.lang.String@50000181)
OBJ 50000d31 (sz=40, trace=300235, class=java.lang.ClassNotFoundException@5000016f)
OBJ 50000d32 (sz=24, trace=300236, class=java.net.URLClassLoader$1@500003c5)
ARR 50000d33 (sz=96, trace=300568, nelems=0, elem type=char[])
OBJ 50000d34 (sz=24, trace=300569, class=java.lang.String@50000181)
ARR 50000d35 (sz=112, trace=300178, nelems=0, elem type=char[])
OBJ 50000d36 (sz=24, trace=300179, class=java.lang.String@50000181)
OBJ 50000d37 (sz=64, trace=300249, class=java.net.URL@5000012d)
OBJ 50000d38 (sz=24, trace=300250, class=java.lang.StringBuilder@50000135)
ARR 50000d39 (sz=48, trace=300251, nelems=0, elem type=char[])
ARR 50000d3a (sz=152, trace=300010, nelems=0, elem type=char[])
ARR 50000d3b (sz=288, trace=300010, nelems=0, elem type=char[])
OBJ 50000d3c (sz=24, trace=300252, class=java.lang.String@50000181)
ARR 50000d3d (sz=152, trace=300253, nelems=0, elem type=char[])
OBJ 50000d3e (sz=24, trace=300254, class=java.lang.String@50000181)
ARR 50000d3f (sz=152, trace=300255, nelems=0, elem type=char[])
ARR 50000d40 (sz=232, trace=300256, nelems=0, elem type=char[])
ARR 50000d41 (sz=112, trace=300257, nelems=0, elem type=char[])
OBJ 50000d42 (sz=24, trace=300258, class=java.lang.String@50000181)
ARR 50000d43 (sz=112, trace=300259, nelems=0, elem type=char[])
OBJ 50000d44 (sz=64, trace=300260, class=java.net.URL@5000012d)
OBJ 50000d45 (sz=24, trace=300250, class=java.lang.StringBuilder@50000135)
ARR 50000d46 (sz=48, trace=300251, nelems=0, elem type=char[])
ARR 50000d47 (sz=152, trace=300010, nelems=0, elem type=char[])
ARR 50000d48 (sz=288, trace=300010, nelems=0, elem type=char[])
OBJ 50000d49 (sz=24, trace=300252, class=java.lang.String@50000181)
ARR 50000d4a (sz=240, trace=300253, nelems=0, elem type=char[])
ARR 50000d4b (sz=112, trace=300570, nelems=0, elem type=char[])
OBJ 50000d4c (sz=24, trace=300571, class=java.lang.String@50000181)
OBJ 50000d4d (sz=32, trace=300261, class=java.io.File@5000012f)
ARR 50000d4e (sz=240, trace=300262, nelems=0, elem type=char[])
OBJ 50000d4f (sz=24, trace=300263, class=java.lang.String@50000181)
ARR 50000d50 (sz=240, trace=300264, nelems=0, elem type=char[])
ARR 50000d51 (sz=112, trace=300607, nelems=0, elem type=char[])
ARR 50000d52 (sz=152, trace=300608, nelems=0, elem type=byte[])
ARR 50000d53 (sz=64, trace=300609, nelems=0, elem type=byte[])
ARR 50000d54 (sz=112, trace=300607, nelems=0, elem type=char[])
ARR 50000d55 (sz=152, trace=300608, nelems=0, elem type=byte[])
ARR 50000d56 (sz=64, trace=300609, nelems=0, elem type=byte[])
OBJ 50000d57 (sz=40, trace=300235, class=java.lang.ClassNotFoundException@5000016f)
OBJ 50000d58 (sz=24, trace=300564, class=java.lang.StringBuilder@50000135)
ARR 50000d59 (sz=112, trace=300565, nelems=0, elem type=char[])
OBJ 50000d5a (sz=24, trace=300566, class=java.lang.String@50000181)
ARR 50000d5b (sz=96, trace=300567, nelems=0, elem type=char[])
OBJ 50000d5c (sz=24, trace=300676, class=java.lang.StringBuilder@50000135)
ARR 50000d5d (sz=120, trace=300677, nelems=0, elem type=char[])
ARR 50000d5e (sz=96, trace=300678, nelems=0, elem type=char[])
OBJ 50000d5f (sz=24, trace=300679, class=java.lang.String@50000181)
OBJ 50000d60 (sz=24, trace=300680, class=java.lang.String@50000181)
ARR 50000d61 (sz=120, trace=300681, nelems=0, elem type=char[])
OBJ 50000d62 (sz=32, trace=300683, class=java.util.ResourceBundle$Control$1@50000ce6)
OBJ 50000d63 (sz=24, trace=300685, class=java.net.URLClassLoader$2@50000ce8)
OBJ 50000d64 (sz=24, trace=300686, class=java.net.URLClassLoader$2@50000ce8)
OBJ 50000d65 (sz=64, trace=300687, class=java.net.URL@5000012d)
OBJ 50000d66 (sz=24, trace=300250, class=java.lang.StringBuilder@50000135)
ARR 50000d67 (sz=48, trace=300251, nelems=0, elem type=char[])
ARR 50000d68 (sz=152, trace=300010, nelems=0, elem type=char[])
ARR 50000d69 (sz=288, trace=300010, nelems=0, elem type=char[])
OBJ 50000d6a (sz=24, trace=300252, class=java.lang.String@50000181)
ARR 50000d6b (sz=152, trace=300253, nelems=0, elem type=char[])
OBJ 50000d6c (sz=24, trace=300254, class=java.lang.String@50000181)
ARR 50000d6d (sz=152, trace=300255, nelems=0, elem type=char[])
ARR 50000d6e (sz=248, trace=300688, nelems=0, elem type=char[])
ARR 50000d6f (sz=120, trace=300689, nelems=0, elem type=char[])
OBJ 50000d70 (sz=24, trace=300690, class=java.lang.String@50000181)
ARR 50000d71 (sz=120, trace=300259, nelems=0, elem type=char[])
OBJ 50000d72 (sz=64, trace=300691, class=java.net.URL@5000012d)
OBJ 50000d73 (sz=24, trace=300250, class=java.lang.StringBuilder@50000135)
ARR 50000d74 (sz=48, trace=300251, nelems=0, elem type=char[])
ARR 50000d75 (sz=152, trace=300010, nelems=0, elem type=char[])
ARR 50000d76 (sz=288, trace=300010, nelems=0, elem type=char[])
OBJ 50000d77 (sz=24, trace=300252, class=java.lang.String@50000181)
ARR 50000d78 (sz=248, trace=300253, nelems=0, elem type=char[])
ARR 50000d79 (sz=120, trace=300692, nelems=0, elem type=char[])
OBJ 50000d7a (sz=24, trace=300693, class=java.lang.String@50000181)
OBJ 50000d7b (sz=32, trace=300694, class=java.io.File@5000012f)
ARR 50000d7c (sz=248, trace=300695, nelems=0, elem type=char[])
OBJ 50000d7d (sz=24, trace=300263, class=java.lang.String@50000181)
ARR 50000d7e (sz=248, trace=300264, nelems=0, elem type=char[])
ARR 50000d7f (sz=120, trace=300607, nelems=0, elem type=char[])
ARR 50000d80 (sz=168, trace=300608, nelems=0, elem type=byte[])
ARR 50000d81 (sz=72, trace=300609, nelems=0, elem type=byte[])
ARR 50000d82 (sz=120, trace=300607, nelems=0, elem type=char[])
ARR 50000d83 (sz=168, trace=300608, nelems=0, elem type=byte[])
ARR 50000d84 (sz=72, trace=300609, nelems=0, elem type=byte[])
OBJ 50000d85 (sz=32, trace=300555, class=java.util.ResourceBundle$LoaderReference@50000ae0)
	referent	50000abe
	queue		500006c0
	cacheKey	500027b2
OBJ 50000d86 (sz=48, trace=300561, class=java.util.ResourceBundle$BundleReference@50000b30)
	referent	500006be
	queue		500006c0
	cacheKey	500027b2
OBJ 50000d87 (sz=32, trace=300563, class=java.util.concurrent.ConcurrentHashMap$Node@50000023)
	key		500027b2
	val		50000d86
OBJ 50000d88 (sz=32, trace=300555, class=java.util.ResourceBundle$LoaderReference@50000ae0)
OBJ 50000d89 (sz=24, trace=300564, class=java.lang.StringBuilder@50000135)
ARR 50000d8a (sz=112, trace=300565, nelems=0, elem type=char[])
OBJ 50000d8b (sz=24, trace=300566, class=java.lang.String@50000181)
	value		50000d8c
ARR 50000d8c (sz=84, trace=300567, nelems=42, elem type=char[])
OBJ 50000d8d (sz=16, trace=300172, class=java.lang.Object@50000185)
OBJ 50000d8e (sz=32, trace=300697, class=java.util.concurrent.ConcurrentHashMap$Node@50000023)
	key		50000d8b
	val		50000d8d
OBJ 50000d8f (sz=16, trace=300175, class=java.lang.Object@50000185)
OBJ 50000d90 (sz=32, trace=300697, class=java.util.concurrent.ConcurrentHashMap$Node@50000023)
	key		50000d8b
	val		50000d8f
OBJ 50000d91 (sz=24, trace=300177, class=java.net.URLClassLoader$1@500003c5)
ARR 50000d92 (sz=104, trace=300568, nelems=0, elem type=char[])
OBJ 50000d93 (sz=24, trace=300569, class=java.lang.String@50000181)
ARR 50000d94 (sz=112, trace=300178, nelems=0, elem type=char[])
OBJ 50000d95 (sz=24, trace=300179, class=java.lang.String@50000181)
OBJ 50000d96 (sz=40, trace=300235, class=java.lang.ClassNotFoundException@5000016f)
OBJ 50000d97 (sz=24, trace=300236, class=java.net.URLClassLoader$1@500003c5)
ARR 50000d98 (sz=104, trace=300568, nelems=0, elem type=char[])
OBJ 50000d99 (sz=24, trace=300569, class=java.lang.String@50000181)
ARR 50000d9a (sz=112, trace=300178, nelems=0, elem type=char[])
OBJ 50000d9b (sz=24, trace=300179, class=java.lang.String@50000181)
OBJ 50000d9c (sz=64, trace=300249, class=java.net.URL@5000012d)
OBJ 50000d9d (sz=24, trace=300250, class=java.lang.StringBuilder@50000135)
ARR 50000d9e (sz=48, trace=300251, nelems=0, elem type=char[])
ARR 50000d9f (sz=152, trace=300010, nelems=0, elem type=char[])
ARR 50000da0 (sz=288, trace=300010, nelems=0, elem type=char[])
OBJ 50000da1 (sz=24, trace=300252, class=java.lang.String@50000181)
ARR 50000da2 (sz=152, trace=300253, nelems=0, elem type=char[])
OBJ 50000da3 (sz=24, trace=300254, class=java.lang.String@50000181)
ARR 50000da4 (sz=152, trace=300255, nelems=0, elem type=char[])
ARR 50000da5 (sz=240, trace=300256, nelems=0, elem type=char[])
ARR 50000da6 (sz=112, trace=300257, nelems=0, elem type=char[])
OBJ 50000da7 (sz=24, trace=300258, class=java.lang.String@50000181)
ARR 50000da8 (sz=112, trace=300259, nelems=0, elem type=char[])
OBJ 50000da9 (sz=64, trace=300260, class=java.net.URL@5000012d)
OBJ 50000daa (sz=24, trace=300250, class=java.lang.StringBuilder@50000135)
ARR 50000dab (sz=48, trace=300251, nelems=0, elem type=char[])
ARR 50000dac (sz=152, trace=300010, nelems=0, elem type=char[])
ARR 50000dad (sz=288, trace=300010, nelems=0, elem type=char[])
OBJ 50000dae (sz=24, trace=300252, class=java.lang.String@50000181)
ARR 50000daf (sz=248, trace=300253, nelems=0, elem type=char[])
ARR 50000db0 (sz=112, trace=300570, nelems=0, elem type=char[])
OBJ 50000db1 (sz=24, trace=300571, class=java.lang.String@50000181)
OBJ 50000db2 (sz=32, trace=300261, class=java.io.File@5000012f)
ARR 50000db3 (sz=248, trace=300262, nelems=0, elem type=char[])
OBJ 50000db4 (sz=24, trace=300263, class=java.lang.String@50000181)
ARR 50000db5 (sz=248, trace=300264, nelems=0, elem type=char[])
ARR 50000db6 (sz=112, trace=300607, nelems=0, elem type=char[])
ARR 50000db7 (sz=160, trace=300608, nelems=0, elem type=byte[])
ARR 50000db8 (sz=64, trace=300609, nelems=0, elem type=byte[])
ARR 50000db9 (sz=112, trace=300607, nelems=0, elem type=char[])
ARR 50000dba (sz=160, trace=300608, nelems=0, elem type=byte[])
ARR 50000dbb (sz=64, trace=300609, nelems=0, elem type=byte[])
OBJ 50000dbc (sz=40, trace=300235, class=java.lang.ClassNotFoundException@5000016f)
OBJ 50000dbd (sz=24, trace=300564, class=java.lang.StringBuilder@50000135)
ARR 50000dbe (sz=112, trace=300565, nelems=0, elem type=char[])
OBJ 50000dbf (sz=24, trace=300566, class=java.lang.String@50000181)
ARR 50000dc0 (sz=104, trace=300567, nelems=0, elem type=char[])
OBJ 50000dc1 (sz=24, trace=300676, class=java.lang.StringBuilder@50000135)
ARR 50000dc2 (sz=128, trace=300677, nelems=0, elem type=char[])
ARR 50000dc3 (sz=104, trace=300678, nelems=0, elem type=char[])
OBJ 50000dc4 (sz=24, trace=300679, class=java.lang.String@50000181)
OBJ 50000dc5 (sz=24, trace=300680, class=java.lang.String@50000181)
ARR 50000dc6 (sz=128, trace=300681, nelems=0, elem type=char[])
OBJ 50000dc7 (sz=32, trace=300683, class=java.util.ResourceBundle$Control$1@50000ce6)
OBJ 50000dc8 (sz=24, trace=300685, class=java.net.URLClassLoader$2@50000ce8)
OBJ 50000dc9 (sz=24, trace=300686, class=java.net.URLClassLoader$2@50000ce8)
OBJ 50000dca (sz=64, trace=300687, class=java.net.URL@5000012d)
OBJ 50000dcb (sz=24, trace=300250, class=java.lang.StringBuilder@50000135)
ARR 50000dcc (sz=48, trace=300251, nelems=0, elem type=char[])
ARR 50000dcd (sz=152, trace=300010, nelems=0, elem type=char[])
ARR 50000dce (sz=288, trace=300010, nelems=0, elem type=char[])
OBJ 50000dcf (sz=24, trace=300252, class=java.lang.String@50000181)
ARR 50000dd0 (sz=152, trace=300253, nelems=0, elem type=char[])
OBJ 50000dd1 (sz=24, trace=300254, class=java.lang.String@50000181)
ARR 50000dd2 (sz=152, trace=300255, nelems=0, elem type=char[])
ARR 50000dd3 (sz=264, trace=300688, nelems=0, elem type=char[])
ARR 50000dd4 (sz=128, trace=300689, nelems=0, elem type=char[])
OBJ 50000dd5 (sz=24, trace=300690, class=java.lang.String@50000181)
ARR 50000dd6 (sz=128, trace=300259, nelems=0, elem type=char[])
OBJ 50000dd7 (sz=64, trace=300691, class=java.net.URL@5000012d)
OBJ 50000dd8 (sz=24, trace=300250, class=java.lang.StringBuilder@50000135)
ARR 50000dd9 (sz=48, trace=300251, nelems=0, elem type=char[])
ARR 50000dda (sz=152, trace=300010, nelems=0, elem type=char[])
ARR 50000ddb (sz=288, trace=300010, nelems=0, elem type=char[])
OBJ 50000ddc (sz=24, trace=300252, class=java.lang.String@50000181)
ARR 50000ddd (sz=256, trace=300253, nelems=0, elem type=char[])
ARR 50000dde (sz=128, trace=300692, nelems=0, elem type=char[])
OBJ 50000ddf (sz=24, trace=300693, class=java.lang.String@50000181)
OBJ 50000de0 (sz=32, trace=300694, class=java.io.File@5000012f)
ARR 50000de1 (sz=256, trace=300695, nelems=0, elem type=char[])
OBJ 50000de2 (sz=24, trace=300263, class=java.lang.String@50000181)
ARR 50000de3 (sz=256, trace=300264, nelems=0, elem type=char[])
ARR 50000de4 (sz=128, trace=300607, nelems=0, elem type=char[])
ARR 50000de5 (sz=176, trace=300608, nelems=0, elem type=byte[])
ARR 50000de6 (sz=72, trace=300609, nelems=0, elem type=byte[])
ARR 50000de7 (sz=128, trace=300607, nelems=0, elem type=char[])
ARR 50000de8 (sz=176, trace=300608, nelems=0, elem type=byte[])
ARR 50000de9 (sz=72, trace=300609, nelems=0, elem type=byte[])
OBJ 50000dea (sz=32, trace=300555, class=java.util.ResourceBundle$LoaderReference@50000ae0)
	referent	50000abe
	queue		500006c0
	cacheKey	500027b1
OBJ 50000deb (sz=48, trace=300561, class=java.util.ResourceBundle$BundleReference@50000b30)
	referent	500006be
	queue		500006c0
	cacheKey	500027b1
OBJ 50000dec (sz=32, trace=300563, class=java.util.concurrent.ConcurrentHashMap$Node@50000023)
	key		500027b1
	val		50000deb
ARR 50000dee (sz=96, trace=300698, nelems=0, elem type=java.lang.Object[][]@50000ded)
ARR 50000def (sz=24, trace=300699, nelems=0, elem type=java.lang.Object[]@5000011c)
ARR 50000df0 (sz=24, trace=300700, nelems=0, elem type=java.lang.Object[]@5000011c)
ARR 50000df1 (sz=24, trace=300701, nelems=0, elem type=java.lang.Object[]@5000011c)
ARR 50000df2 (sz=24, trace=300702, nelems=0, elem type=java.lang.Object[]@5000011c)
ARR 50000df3 (sz=24, trace=300703, nelems=0, elem type=java.lang.Object[]@5000011c)
ARR 50000df4 (sz=24, trace=300704, nelems=0, elem type=java.lang.Object[]@5000011c)
ARR 50000df5 (sz=24, trace=300705, nelems=0, elem type=java.lang.Object[]@5000011c)
ARR 50000df6 (sz=24, trace=300706, nelems=0, elem type=java.lang.Object[]@5000011c)
ARR 50000df7 (sz=24, trace=300707, nelems=0, elem type=java.lang.Object[]@5000011c)
ARR 50000df8 (sz=24, trace=300708, nelems=0, elem type=java.lang.Object[]@5000011c)
ARR 50000df9 (sz=24, trace=300709, nelems=0, elem type=java.lang.Object[]@5000011c)
ARR 50000dfa (sz=24, trace=300710, nelems=0, elem type=java.lang.Object[]@5000011c)
ARR 50000dfb (sz=24, trace=300711, nelems=0, elem type=java.lang.Object[]@5000011c)
ARR 50000dfc (sz=24, trace=300712, nelems=0, elem type=java.lang.Object[]@5000011c)
ARR 50000dfd (sz=24, trace=300713, nelems=0, elem type=java.lang.Object[]@5000011c)
ARR 50000dfe (sz=24, trace=300714, nelems=0, elem type=java.lang.Object[]@5000011c)
ARR 50000dff (sz=24, trace=300715, nelems=0, elem type=java.lang.Object[]@5000011c)
ARR 50000e00 (sz=24, trace=300716, nelems=0, elem type=java.lang.Object[]@5000011c)
ARR 50000e01 (sz=24, trace=300717, nelems=0, elem type=java.lang.Object[]@5000011c)
OBJ 50000e02 (sz=48, trace=300718, class=java.util.HashMap@500000d9)
	table		50000e03
ARR 50000e03 (sz=144, trace=300719, nelems=32, elem type=java.util.HashMap$Node[]@500000d5)
	[0]		50000e06
	[1]		50000e0e
	[5]		50000e13
	[11]		50000e05
	[12]		50000e0b
	[13]		50000e04
	[15]		50000e0c
	[23]		50000e11
	[25]		50000e14
	[26]		50000e12
	[28]		50000e0a
	[29]		50000e09
	[30]		50000e08
	[31]		50000e07
OBJ 50000e04 (sz=32, trace=300080, class=java.util.HashMap$Node@500000d7)
	key		500027eb
	value		500027ea
OBJ 50000e05 (sz=32, trace=300080, class=java.util.HashMap$Node@500000d7)
	key		500027f3
	value		500027f2
	next		50000e0d
OBJ 50000e06 (sz=32, trace=300080, class=java.util.HashMap$Node@500000d7)
	key		50000e69
	value		50002806
	next		50000e0f
OBJ 50000e07 (sz=32, trace=300080, class=java.util.HashMap$Node@500000d7)
	key		500027c3
	value		500027c2
	next		50000e10
OBJ 50000e08 (sz=32, trace=300080, class=java.util.HashMap$Node@500000d7)
	key		500027cb
	value		500027ca
OBJ 50000e09 (sz=32, trace=300080, class=java.util.HashMap$Node@500000d7)
	key		500027cf
	value		500027ce
OBJ 50000e0a (sz=32, trace=300080, class=java.util.HashMap$Node@500000d7)
	key		500027d3
	value		500027d2
OBJ 50000e0b (sz=32, trace=300080, class=java.util.HashMap$Node@500000d7)
	key		500027ef
	value		500027ee
OBJ 50000e0c (sz=32, trace=300080, class=java.util.HashMap$Node@500000d7)
	key		500027e7
	value		500027e6
OBJ 50000e0d (sz=32, trace=300081, class=java.util.HashMap$Node@500000d7)
	key		500027f7
	value		500027f6
	next		50000e15
OBJ 50000e0e (sz=32, trace=300080, class=java.util.HashMap$Node@500000d7)
	key		50002803
	value		50002802
OBJ 50000e0f (sz=32, trace=300081, class=java.util.HashMap$Node@500000d7)
	key		5000280a
	value		50002809
OBJ 50000e10 (sz=32, trace=300081, class=java.util.HashMap$Node@500000d7)
	key		500027c7
	value		500027c6
OBJ 50000e11 (sz=32, trace=300080, class=java.util.HashMap$Node@500000d7)
	key		500027df
	value		500027de
	next		50000e16
OBJ 50000e12 (sz=32, trace=300080, class=java.util.HashMap$Node@500000d7)
	key		500027d7
	value		500027d6
OBJ 50000e13 (sz=32, trace=300080, class=java.util.HashMap$Node@500000d7)
	key		500027ff
	value		500027fe
OBJ 50000e14 (sz=32, trace=300080, class=java.util.HashMap$Node@500000d7)
	key		500027db
	value		500027da
OBJ 50000e15 (sz=32, trace=300081, class=java.util.HashMap$Node@500000d7)
	key		500027fb
	value		500027fa
OBJ 50000e16 (sz=32, trace=300081, class=java.util.HashMap$Node@500000d7)
	key		500027e3
	value		500027e2
ARR 50000e19 (sz=40, trace=300721, nelems=5, elem type=java.lang.String[]@500000db)
	[0]		50000f74
	[1]		50002813
	[2]		5000280f
	[3]		50002815
	[4]		5000280d
ARR 50000e1a (sz=32, trace=300722, nelems=4, elem type=java.lang.String[]@500000db)
	[0]		50000f74
	[1]		5000280e
	[2]		50002814
	[3]		50002811
ARR 50000e1b (sz=40, trace=300723, nelems=5, elem type=java.lang.String[]@500000db)
	[0]		50000f74
	[1]		50001340
	[2]		50002812
	[3]		50001234
	[4]		50002810
ARR 50000e1c (sz=20, trace=300724, nelems=5, elem type=int[])
OBJ 50000e1d (sz=40, trace=300725, class=java.text.MessageFormat@50000e18)
ARR 50000e1f (sz=56, trace=300726, nelems=0, elem type=java.text.Format[]@50000e1e)
ARR 50000e20 (sz=56, trace=300727, nelems=0, elem type=int[])
ARR 50000e21 (sz=56, trace=300728, nelems=0, elem type=int[])
OBJ 50000e23 (sz=40, trace=300730, class=java.util.Locale$Category@50000e22)
	name		5000263b
	languageKey	5000263f
	scriptKey	50002641
	countryKey	5000263d
	variantKey	50002643
OBJ 50000e24 (sz=40, trace=300731, class=java.util.Locale$Category@50000e22)
	name		5000263c
	languageKey	50002640
	scriptKey	50002642
	countryKey	5000263e
	variantKey	50002644
ARR 50000e26 (sz=24, trace=300732, nelems=2, elem type=java.util.Locale$Category[]@50000e25)
	[0]		50000e23
	[1]		50000e24
ARR 50000e28 (sz=8, trace=300734, nelems=2, elem type=int[])
OBJ 50000e29 (sz=24, trace=300735, class=sun.security.action.GetPropertyAction@50000064)
OBJ 50000e2a (sz=24, trace=300736, class=sun.security.action.GetPropertyAction@50000064)
OBJ 50000e2b (sz=24, trace=300737, class=sun.security.action.GetPropertyAction@50000064)
OBJ 50000e2c (sz=24, trace=300738, class=sun.security.action.GetPropertyAction@50000064)
OBJ 50000e2d (sz=40, trace=300534, class=sun.util.locale.BaseLocale$Key@50000019)
OBJ 50000e2e (sz=40, trace=300535, class=java.lang.ref.SoftReference@50000165)
OBJ 50000e2f (sz=40, trace=300536, class=java.lang.ref.SoftReference@50000165)
OBJ 50000e30 (sz=40, trace=300537, class=java.lang.ref.SoftReference@50000165)
OBJ 50000e31 (sz=40, trace=300538, class=java.lang.ref.SoftReference@50000165)
OBJ 50000e32 (sz=24, trace=300543, class=java.util.Locale$LocaleKey@50000017)
ARR 50000e34 (sz=32, trace=300739, nelems=0, elem type=java.lang.StringBuilder[]@50000e33)
OBJ 50000e35 (sz=24, trace=300740, class=java.lang.StringBuilder@50000135)
ARR 50000e36 (sz=48, trace=300741, nelems=0, elem type=char[])
OBJ 50000e37 (sz=24, trace=300742, class=java.lang.StringBuilder@50000135)
ARR 50000e38 (sz=48, trace=300743, nelems=0, elem type=char[])
ARR 50000e39 (sz=32, trace=300744, nelems=0, elem type=java.lang.String[]@500000db)
OBJ 50000e3a (sz=24, trace=300745, class=java.lang.String@50000181)
ARR 50000e3b (sz=48, trace=300746, nelems=0, elem type=char[])
OBJ 50000e3c (sz=24, trace=300745, class=java.lang.String@50000181)
ARR 50000e3d (sz=24, trace=300746, nelems=0, elem type=char[])
OBJ 50000e3e (sz=24, trace=300747, class=java.lang.String@50000181)
ARR 50000e3f (sz=48, trace=300748, nelems=0, elem type=char[])
OBJ 50000e40 (sz=24, trace=300749, class=java.lang.StringBuffer@50000136)
ARR 50000e41 (sz=48, trace=300750, nelems=0, elem type=char[])
OBJ 50000e43 (sz=32, trace=300752, class=java.text.FieldPosition@50000e42)
ARR 50000e45 (sz=88, trace=300754, nelems=0, elem type=char[])
OBJ 50000e49 (sz=48, trace=300756, class=java.util.HashMap@500000d9)
	table		50000e4b
OBJ 50000e4a (sz=16, trace=300757, class=java.text.AttributedCharacterIterator$Attribute@50000e46)
	name		5000105c
ARR 50000e4b (sz=48, trace=300758, nelems=3, elem type=java.util.HashMap$Node[]@500000d5)
	[1]		50000e4e
	[2]		50000e4c
OBJ 50000e4c (sz=32, trace=300080, class=java.util.HashMap$Node@500000d7)
	key		5000105c
	value		50000e4a
	next		50000e50
OBJ 50000e4d (sz=16, trace=300759, class=java.text.AttributedCharacterIterator$Attribute@50000e46)
	name		50002822
OBJ 50000e4e (sz=32, trace=300080, class=java.util.HashMap$Node@500000d7)
	key		50002822
	value		50000e4d
OBJ 50000e4f (sz=16, trace=300760, class=java.text.AttributedCharacterIterator$Attribute@50000e46)
	name		50002821
OBJ 50000e50 (sz=32, trace=300081, class=java.util.HashMap$Node@500000d7)
	key		50002821
	value		50000e4f
OBJ 50000e51 (sz=16, trace=300761, class=java.text.MessageFormat$Field@50000e48)
	name		5000281f
OBJ 50000e52 (sz=24, trace=300762, class=java.lang.String@50000181)
ARR 50000e53 (sz=64, trace=300763, nelems=0, elem type=char[])
OBJ 50000e54 (sz=24, trace=300764, class=java.lang.String@50000181)
OBJ 50000e55 (sz=48, trace=300417, class=java.nio.HeapCharBuffer@5000006a)
OBJ 50000e56 (sz=48, trace=300417, class=java.nio.HeapCharBuffer@5000006a)
ARR 50000e58 (sz=56, trace=300766, nelems=0, elem type=java.lang.Runnable[]@500000e3)
OBJ 50000e5a (sz=16, trace=300768, class=java.lang.Shutdown$Lock@50000e59)
OBJ 50000e5b (sz=16, trace=300769, class=java.lang.Shutdown$Lock@50000e59)
OBJ 50000e5e (sz=376, trace=300000, class=java.lang.Thread@5000015e)
	name		50002828
	contextClassLoader	50000e6b
	blockerLock	50002827
OBJ 50000e5f (sz=376, trace=300000, class=java.lang.Thread@5000015e)
	name		50002703
	group		50000f6d
	contextClassLoader	50000e6b
	inheritedAccessControlContext	50002702
	blockerLock	50002701
OBJ 50000e60 (sz=376, trace=300000, class=java.lang.Thread@5000015e)
	name		50002707
	group		50000f6d
	contextClassLoader	50000e6b
	inheritedAccessControlContext	50002706
	blockerLock	50002705
OBJ 50000e61 (sz=384, trace=300000, class=java.lang.ref.Finalizer$FinalizerThread@500000d0)
	name		5000270b
	group		50000f6d
	inheritedAccessControlContext	5000270a
	blockerLock	50002709
OBJ 50000e62 (sz=32, trace=300000, class=java.lang.ref.ReferenceQueue@500000e6)
	lock		50000e63
OBJ 50000e63 (sz=16, trace=300000, class=java.lang.ref.ReferenceQueue$Lock@500000e4)
OBJ 50000e64 (sz=16, trace=300000, class=java.lang.System$2@50000047)
OBJ 50000e65 (sz=376, trace=300000, class=java.lang.ref.Reference$ReferenceHandler@500000f3)
	name		500010b8
	group		50000f6d
	inheritedAccessControlContext	50002719
	blockerLock	50002718
OBJ 50000e66 (sz=16, trace=300000, class=java.lang.ref.Reference$Lock@500000f4)
OBJ 50000e67 (sz=376, trace=300000, class=java.lang.Thread@5000015e)
	name		50002720
	group		50000f6c
	contextClassLoader	50000e6b
	inheritedAccessControlContext	5000271f
	threadLocals	5000271e
	blockerLock	5000271d
OBJ 50000e68 (sz=16, trace=300000, class=java.lang.Runtime@5000008d)
OBJ 50000e69 (sz=24, trace=300000, class=java.lang.String@50000181)
	value		50002807
OBJ 50000e6a (sz=24, trace=300000, class=java.lang.String@50000181)
	value		50001164
OBJ 50000e6b (sz=96, trace=300000, class=sun.misc.Launcher$AppClassLoader@5000012a)
	parent		50000e6d
	parallelLockMap	50001215
	package2certs	50001214
	classes		50001213
	defaultDomain	50001212
	domains		50001211
	packages	50001210
	nativeLibraries	5000120f
	assertionLock	5000120e
	pdcache		5000120d
	ucp		5000120a
	acc		5000120c
	closeables	5000120b
	ucp		5000120a
ARR 50000e6c (sz=0, trace=300000, nelems=0, elem type=int[])
OBJ 50000e6d (sz=88, trace=300000, class=sun.misc.Launcher$ExtClassLoader@50000129)
	parallelLockMap	50001221
	package2certs	50001220
	classes		5000121f
	defaultDomain	5000121e
	domains		5000121d
	packages	5000121c
	nativeLibraries	5000121b
	assertionLock	5000121a
	pdcache		50001219
	ucp		50001218
	acc		50001217
	closeables	50001216
ARR 50000e6e (sz=24, trace=300000, nelems=0, elem type=java.lang.Object[]@5000011c)
ARR 50000e6f (sz=32, trace=300000, nelems=0, elem type=java.lang.Object[]@5000011c)
ARR 50000e70 (sz=88, trace=300000, nelems=0, elem type=java.lang.Object[]@5000011c)
ARR 50000e71 (sz=24, trace=300000, nelems=1, elem type=java.lang.Object[]@5000011c)
	[0]		500010b8
ARR 50000e72 (sz=24, trace=300000, nelems=2, elem type=java.lang.Object[]@5000011c)
	[1]		500010bf
ARR 50000e73 (sz=88, trace=300000, nelems=18, elem type=java.lang.Object[]@5000011c)
	[0]		50000f74
	[13]		50001201
	[14]		50001202
	[17]		50001203
ARR 50000e74 (sz=56, trace=300000, nelems=10, elem type=java.lang.Object[]@5000011c)
	[9]		50002394
ARR 50000e75 (sz=56, trace=300000, nelems=0, elem type=java.lang.Object[]@5000011c)
ARR 50000e76 (sz=56, trace=300000, nelems=10, elem type=java.lang.Object[]@5000011c)
	[0]		50000f74
	[1]		50000f7d
	[2]		50000f70
	[3]		50000f7e
	[4]		50000f7f
	[5]		50000f80
	[6]		50000f71
	[7]		50000f60
	[8]		50000f6f
	[9]		50000f81
ARR 50000e77 (sz=208, trace=300000, nelems=0, elem type=java.lang.Object[]@5000011c)
ARR 50000e78 (sz=32, trace=300000, nelems=3, elem type=java.lang.Object[]@5000011c)
	[2]		50000f72
ARR 50000e79 (sz=72, trace=300000, nelems=13, elem type=java.lang.Object[]@5000011c)
	[0]		50000f74
	[6]		50000f99
	[9]		50000f9a
	[10]		50000f9b
	[12]		50000f9c
ARR 50000e7a (sz=48, trace=300000, nelems=7, elem type=java.lang.Object[]@5000011c)
	[6]		5000256b
ARR 50000e7b (sz=64, trace=300000, nelems=7, elem type=java.lang.Object[]@5000011c)
	[6]		50000f84
ARR 50000e7c (sz=32, trace=300000, nelems=0, elem type=java.lang.Object[]@5000011c)
ARR 50000e7d (sz=40, trace=300000, nelems=4, elem type=java.lang.Object[]@5000011c)
	[1]		50000f88
	[2]		50000f89
	[3]		50000f8a
ARR 50000e7e (sz=48, trace=300000, nelems=0, elem type=java.lang.Object[]@5000011c)
ARR 50000e7f (sz=72, trace=300000, nelems=0, elem type=java.lang.Object[]@5000011c)
ARR 50000e80 (sz=80, trace=300000, nelems=0, elem type=java.lang.Object[]@5000011c)
ARR 50000e81 (sz=32, trace=300000, nelems=0, elem type=java.lang.Object[]@5000011c)
ARR 50000e82 (sz=112, trace=300000, nelems=0, elem type=java.lang.Object[]@5000011c)
ARR 50000e83 (sz=32, trace=300000, nelems=3, elem type=java.lang.Object[]@5000011c)
	[2]		50000f96
ARR 50000e84 (sz=72, trace=300000, nelems=0, elem type=java.lang.Object[]@5000011c)
ARR 50000e85 (sz=32, trace=300000, nelems=0, elem type=java.lang.Object[]@5000011c)
ARR 50000e86 (sz=32, trace=300000, nelems=0, elem type=java.lang.Object[]@5000011c)
ARR 50000e87 (sz=24, trace=300000, nelems=0, elem type=java.lang.Object[]@5000011c)
ARR 50000e88 (sz=48, trace=300000, nelems=0, elem type=java.lang.Object[]@5000011c)
ARR 50000e89 (sz=24, trace=300000, nelems=2, elem type=java.lang.Object[]@5000011c)
	[1]		50000f92
ARR 50000e8a (sz=48, trace=300000, nelems=0, elem type=java.lang.Object[]@5000011c)
ARR 50000e8b (sz=24, trace=300000, nelems=0, elem type=java.lang.Object[]@5000011c)
ARR 50000e8c (sz=24, trace=300000, nelems=0, elem type=java.lang.Object[]@5000011c)
ARR 50000e8d (sz=24, trace=300000, nelems=0, elem type=java.lang.Object[]@5000011c)
ARR 50000e8e (sz=24, trace=300000, nelems=0, elem type=java.lang.Object[]@5000011c)
ARR 50000e8f (sz=56, trace=300000, nelems=10, elem type=java.lang.Object[]@5000011c)
	[6]		500010c0
	[7]		500010c1
	[8]		500010c2
	[9]		500010c3
ARR 50000e90 (sz=32, trace=300000, nelems=0, elem type=java.lang.Object[]@5000011c)
ARR 50000e91 (sz=152, trace=300000, nelems=0, elem type=java.lang.Object[]@5000011c)
ARR 50000e92 (sz=24, trace=300000, nelems=0, elem type=java.lang.Object[]@5000011c)
ARR 50000e93 (sz=64, trace=300000, nelems=11, elem type=java.lang.Object[]@5000011c)
	[0]		500010d5
	[3]		500010d6
	[4]		500010d7
	[5]		500010d8
	[6]		500010d9
	[7]		500010da
	[8]		500010db
	[9]		500010dc
	[10]		50000f81
ARR 50000e94 (sz=40, trace=300000, nelems=0, elem type=java.lang.Object[]@5000011c)
ARR 50000e95 (sz=48, trace=300000, nelems=0, elem type=java.lang.Object[]@5000011c)
ARR 50000e96 (sz=32, trace=300000, nelems=1, elem type=java.lang.Object[]@5000011c)
	[0]		50001033
ARR 50000e97 (sz=24, trace=300000, nelems=0, elem type=java.lang.Object[]@5000011c)
ARR 50000e98 (sz=56, trace=300000, nelems=10, elem type=java.lang.Object[]@5000011c)
	[9]		500011fd
ARR 50000e99 (sz=24, trace=300000, nelems=1, elem type=java.lang.Object[]@5000011c)
	[0]		5000270b
ARR 50000e9a (sz=24, trace=300000, nelems=0, elem type=java.lang.Object[]@5000011c)
ARR 50000e9b (sz=48, trace=300000, nelems=7, elem type=java.lang.Object[]@5000011c)
	[0]		50000f74
	[1]		50001388
	[5]		500013a9
	[6]		500013aa
ARR 50000e9c (sz=24, trace=300000, nelems=0, elem type=java.lang.Object[]@5000011c)
ARR 50000e9d (sz=24, trace=300000, nelems=2, elem type=java.lang.Object[]@5000011c)
	[0]		50001351
	[1]		50001403
ARR 50000e9e (sz=864, trace=300000, nelems=212, elem type=java.lang.Object[]@5000011c)
	[0]		50001603
	[1]		5000164f
	[2]		5000167c
	[3]		5000161f
	[4]		500016b4
	[5]		500016ac
	[6]		50001688
	[7]		50001686
	[8]		50001684
	[9]		5000167f
	[10]		5000167a
	[11]		50001676
	[12]		50001674
	[13]		500016bf
	[14]		5000159a
	[15]		50001596
	[16]		500016bb
	[17]		500016b9
	[18]		500016b6
	[19]		500016b2
	[20]		500016b0
	[21]		500016ca
	[22]		500016c8
	[23]		500016c6
	[24]		500016c4
	[25]		500016c2
	[26]		50001705
	[27]		500016ff
	[28]		50001701
	[29]		5000170d
	[30]		5000170e
	[31]		5000170f
	[32]		50001710
	[33]		50001711
	[34]		50001703
	[35]		50001712
	[36]		50001713
	[37]		50001714
	[38]		50001715
	[39]		50001702
	[40]		50001716
	[41]		50001717
	[42]		50001718
	[43]		50001719
	[44]		5000171a
	[45]		5000171b
	[46]		5000171c
	[47]		5000171d
	[48]		5000171e
	[49]		50001700
	[50]		5000171f
	[51]		50001720
	[52]		50001721
	[53]		50001722
	[54]		50001723
	[55]		50001724
	[56]		50001725
	[57]		50001726
	[58]		50001727
	[59]		50001728
	[60]		50001729
	[61]		5000172a
	[62]		5000172b
	[63]		50001437
	[64]		5000172c
	[65]		5000172d
	[66]		5000172e
	[67]		5000172f
	[68]		50001730
	[69]		50001731
	[70]		50001732
	[71]		50001733
	[72]		50001448
	[73]		5000143d
	[74]		5000146b
	[75]		50001468
	[76]		50001454
	[77]		500013d8
	[78]		500013cc
	[79]		500013ea
	[80]		50001734
	[81]		50001735
	[82]		50001736
	[83]		50001737
	[84]		50001738
	[85]		50001739
	[86]		5000173a
	[87]		5000173b
	[88]		50001691
	[89]		50001584
	[90]		50001574
	[91]		5000159c
	[92]		500015bb
	[93]		500015b9
	[94]		500015b7
	[95]		500015b5
	[96]		500015b3
	[97]		500015b0
	[98]		50001594
	[99]		500015db
	[100]		5000154e
	[101]		5000154c
	[102]		5000154a
	[103]		50001548
	[104]		50001544
	[105]		50001542
	[106]		50001627
	[107]		500015ef
	[108]		5000168d
	[109]		5000168a
	[110]		5000163a
	[111]		50001633
	[112]		5000162f
	[113]		5000162a
	[114]		50001625
	[115]		50001615
	[116]		50001613
	[117]		50001609
	[118]		500016a0
	[119]		5000169e
	[120]		5000169c
	[121]		5000169a
	[122]		50001698
	[123]		50001704
	[124]		5000173c
	[125]		5000173d
	[126]		5000173e
	[127]		5000173f
	[128]		50001740
	[129]		50001741
	[130]		50001742
	[131]		50001743
	[132]		50001744
	[133]		50001745
	[134]		50001746
	[135]		50001747
	[136]		50001748
	[137]		5000157e
	[138]		5000153c
	[139]		50001572
	[140]		5000168f
	[141]		5000155a
	[142]		50001638
	[143]		500015c7
	[144]		50001586
	[145]		5000164d
	[146]		50001590
	[147]		500015df
	[148]		5000159e
	[149]		5000160d
	[150]		500015e7
	[151]		500015e5
	[152]		500015e3
	[153]		500015e1
	[154]		500015d3
	[155]		500015d1
	[156]		5000164b
	[157]		50001648
	[158]		50001644
	[159]		5000161b
	[160]		500013f4
	[161]		500015eb
	[162]		5000140b
	[163]		50001617
	[164]		50001411
	[165]		50001408
	[166]		500013f1
	[167]		500013e6
	[168]		50001472
	[169]		50001464
	[170]		5000165a
	[171]		50001658
	[172]		50001656
	[173]		50001646
	[174]		50001607
	[175]		50001605
	[176]		500015f7
	[177]		500015ed
	[178]		500015d7
	[179]		500015d5
	[180]		50001681
	[181]		5000157c
	[182]		50001578
	[183]		500015a7
	[184]		50001664
	[185]		50001662
	[186]		50001660
	[187]		5000165e
	[188]		5000165c
	[189]		50001550
	[190]		50001654
	[191]		50001621
	[192]		500016a4
	[193]		500016a2
	[194]		50001642
	[195]		5000163e
	[196]		50001635
	[197]		50001631
	[198]		500015ff
	[199]		500015fd
	[200]		500015fb
	[201]		500015f9
	[202]		500013ae
	[203]		50001567
	[204]		50001588
	[205]		500016aa
	[206]		50001598
	[207]		500015d9
	[208]		50001558
	[209]		5000166a
	[210]		500015cb
	[211]		500015cf
ARR 50000e9f (sz=984, trace=300000, nelems=241, elem type=java.lang.Object[]@5000011c)
	[0]		50001603
	[1]		5000164f
	[2]		5000167c
	[3]		5000161f
	[4]		500016b4
	[5]		500016ac
	[6]		50001688
	[7]		50001686
	[8]		50001684
	[9]		5000167f
	[10]		5000167a
	[11]		50001676
	[12]		50001674
	[13]		5000166a
	[14]		500016bf
	[15]		5000159a
	[16]		50001596
	[17]		500016bb
	[18]		500016b9
	[19]		500016b6
	[20]		500016b2
	[21]		500016b0
	[22]		500016ca
	[23]		500016c8
	[24]		500016c6
	[25]		500016c4
	[26]		500016c2
	[27]		50001691
	[28]		5000160f
	[29]		500015f3
	[30]		50001556
	[31]		50001584
	[32]		50001574
	[33]		500013db
	[34]		500015ab
	[35]		5000159c
	[36]		500015bb
	[37]		500015b9
	[38]		500015b7
	[39]		500015b5
	[40]		500015b3
	[41]		500015b0
	[42]		50001594
	[43]		500015db
	[44]		5000154e
	[45]		5000154c
	[46]		5000154a
	[47]		50001548
	[48]		50001544
	[49]		50001542
	[50]		50001627
	[51]		500015ef
	[52]		5000168d
	[53]		5000168a
	[54]		5000163a
	[55]		50001633
	[56]		5000162f
	[57]		5000162a
	[58]		50001625
	[59]		50001615
	[60]		50001613
	[61]		50001609
	[62]		500016a0
	[63]		5000169e
	[64]		5000169c
	[65]		5000169a
	[66]		50001698
	[67]		50001678
	[68]		50001554
	[69]		500015bd
	[70]		500015ae
	[71]		500015a9
	[72]		500016dc
	[73]		500016da
	[74]		500016d8
	[75]		500016d6
	[76]		500016d4
	[77]		500016d2
	[78]		500016bd
	[79]		500015bf
	[80]		5000157e
	[81]		5000153c
	[82]		50001572
	[83]		5000168f
	[84]		5000155e
	[85]		5000155a
	[86]		50001638
	[87]		500015c7
	[88]		500016a6
	[89]		500015c1
	[90]		50001586
	[91]		5000164d
	[92]		50001590
	[93]		500015df
	[94]		5000159e
	[95]		5000160d
	[96]		5000160b
	[97]		500015e7
	[98]		500015e5
	[99]		500015e3
	[100]		500015e1
	[101]		500015d3
	[102]		500015d1
	[103]		500015cb
	[104]		5000164b
	[105]		50001648
	[106]		50001644
	[107]		5000161b
	[108]		50001619
	[109]		500013e3
	[110]		50001570
	[111]		500013f4
	[112]		500015eb
	[113]		5000140b
	[114]		50001617
	[115]		50001611
	[116]		50001411
	[117]		50001408
	[118]		500013f1
	[119]		500013e6
	[120]		50001472
	[121]		50001464
	[122]		500015cf
	[123]		5000165a
	[124]		50001658
	[125]		50001656
	[126]		50001646
	[127]		5000163c
	[128]		50001592
	[129]		50001436
	[130]		500013ff
	[131]		500013f7
	[132]		50001433
	[133]		5000142a
	[134]		50001426
	[135]		50001420
	[136]		50001419
	[137]		50001607
	[138]		50001605
	[139]		500015f7
	[140]		500015ed
	[141]		500015d7
	[142]		500015d5
	[143]		50001681
	[144]		500016ce
	[145]		50001582
	[146]		5000158e
	[147]		5000158c
	[148]		50001580
	[149]		5000157c
	[150]		5000157a
	[151]		50001578
	[152]		50001576
	[153]		50001666
	[154]		500015a7
	[155]		500015a2
	[156]		5000166c
	[157]		50001664
	[158]		50001662
	[159]		50001660
	[160]		5000165e
	[161]		5000165c
	[162]		50001550
	[163]		50001546
	[164]		5000156e
	[165]		50001654
	[166]		50001652
	[167]		500016ae
	[168]		50001569
	[169]		50001670
	[170]		50001565
	[171]		500015c9
	[172]		50001563
	[173]		5000158a
	[174]		50001560
	[175]		500016cc
	[176]		5000155c
	[177]		5000161d
	[178]		50001623
	[179]		50001621
	[180]		500013d3
	[181]		500013cf
	[182]		500016a4
	[183]		500016a2
	[184]		50001642
	[185]		5000163e
	[186]		50001635
	[187]		50001631
	[188]		5000162c
	[189]		50001601
	[190]		500015ff
	[191]		500015fd
	[192]		500015fb
	[193]		500015f9
	[194]		500015f5
	[195]		500015c3
	[196]		50001567
	[197]		50001588
	[198]		500016aa
	[199]		5000166e
	[200]		500015dd
	[201]		500016d0
	[202]		50001668
	[203]		50001598
	[204]		50001402
	[205]		50001447
	[206]		5000143c
	[207]		5000146a
	[208]		50001467
	[209]		50001453
	[210]		500015f1
	[211]		500013cb
	[212]		5000153a
	[213]		5000142d
	[214]		500015d9
	[215]		500015c5
	[216]		50001552
	[217]		5000153e
	[218]		50001694
	[219]		500015e9
	[220]		50001538
	[221]		500015a4
	[222]		500015a0
	[223]		50001540
	[224]		50001696
	[225]		5000145e
	[226]		5000145b
	[227]		50001450
	[228]		5000144d
	[229]		50001444
	[230]		50001440
	[231]		50001558
	[232]		50001415
	[233]		5000141d
	[234]		5000156b
	[235]		500016a8
	[236]		500013df
	[237]		50001672
	[238]		500013d7
	[239]		500015cd
	[240]		500013e9
ARR 50000ea0 (sz=328, trace=300000, nelems=78, elem type=java.lang.Object[]@5000011c)
	[0]		500013dc
	[1]		500013f5
	[2]		50001416
	[3]		5000140c
	[4]		50001412
	[5]		50001409
	[6]		500013f2
	[7]		500013e7
	[8]		500013e4
	[9]		50001473
	[10]		50001465
	[11]		5000141e
	[12]		50001437
	[13]		50001400
	[14]		500013f8
	[15]		50001434
	[16]		5000142b
	[17]		50001427
	[18]		50001421
	[19]		5000141a
	[20]		500013d4
	[21]		500013d0
	[22]		5000145f
	[23]		5000145c
	[24]		50001451
	[25]		5000144e
	[26]		50001445
	[27]		50001441
	[28]		50001403
	[29]		50001448
	[30]		5000143d
	[31]		5000146b
	[32]		500013e0
	[33]		50001468
	[34]		50001454
	[35]		500013d8
	[36]		500013cc
	[37]		500013ea
	[38]		5000142e
	[39]		500013db
	[40]		500013e3
	[41]		500013f4
	[42]		5000140b
	[43]		50001411
	[44]		50001408
	[45]		500013f1
	[46]		500013e6
	[47]		50001472
	[48]		50001464
	[49]		50001436
	[50]		500013ff
	[51]		500013f7
	[52]		50001433
	[53]		5000142a
	[54]		50001426
	[55]		50001420
	[56]		50001419
	[57]		500013d3
	[58]		500013cf
	[59]		50001402
	[60]		50001447
	[61]		5000143c
	[62]		5000146a
	[63]		50001467
	[64]		50001453
	[65]		500013cb
	[66]		5000142d
	[67]		5000145e
	[68]		5000145b
	[69]		50001450
	[70]		5000144d
	[71]		50001444
	[72]		50001440
	[73]		50001415
	[74]		5000141d
	[75]		500013df
	[76]		500013d7
	[77]		500013e9
ARR 50000ea1 (sz=176, trace=300000, nelems=39, elem type=java.lang.Object[]@5000011c)
	[0]		500013db
	[1]		500013e3
	[2]		500013f4
	[3]		5000140b
	[4]		50001411
	[5]		50001408
	[6]		500013f1
	[7]		500013e6
	[8]		50001472
	[9]		50001464
	[10]		50001436
	[11]		500013ff
	[12]		500013f7
	[13]		50001433
	[14]		5000142a
	[15]		50001426
	[16]		50001420
	[17]		50001419
	[18]		500013d3
	[19]		500013cf
	[20]		50001402
	[21]		50001447
	[22]		5000143c
	[23]		5000146a
	[24]		50001467
	[25]		50001453
	[26]		500013cb
	[27]		5000142d
	[28]		5000145e
	[29]		5000145b
	[30]		50001450
	[31]		5000144d
	[32]		50001444
	[33]		50001440
	[34]		50001415
	[35]		5000141d
	[36]		500013df
	[37]		500013d7
	[38]		500013e9
ARR 50000ea2 (sz=24, trace=300000, nelems=1, elem type=java.lang.Object[]@5000011c)
	[0]		5000122b
ARR 50000ea3 (sz=24, trace=300000, nelems=1, elem type=java.lang.Object[]@5000011c)
	[0]		500026f1
ARR 50000ea4 (sz=40, trace=300000, nelems=5, elem type=java.lang.Object[]@5000011c)
	[2]		500026eb
	[3]		500026ec
	[4]		500026ed
ARR 50000ea5 (sz=32, trace=300000, nelems=0, elem type=java.lang.Object[]@5000011c)
ARR 50000ea6 (sz=72, trace=300000, nelems=0, elem type=java.lang.Object[]@5000011c)
ARR 50000ea7 (sz=104, trace=300000, nelems=1, elem type=java.lang.Object[]@5000011c)
	[0]		50000f75
ARR 50000ea8 (sz=24, trace=300000, nelems=1, elem type=java.lang.Object[]@5000011c)
	[0]		50002355
ARR 50000ea9 (sz=24, trace=300000, nelems=1, elem type=java.lang.Object[]@5000011c)
	[0]		50001351
ARR 50000eaa (sz=3040, trace=300000, nelems=750, elem type=java.lang.Object[]@5000011c)
	[0]		5000195c
	[1]		5000195d
	[2]		5000195e
	[3]		5000195f
	[4]		50001960
	[5]		50001961
	[6]		50001962
	[7]		50001963
	[8]		50001964
	[9]		50001965
	[10]		50001966
	[11]		50001967
	[12]		50001968
	[13]		500017d7
	[14]		50001969
	[15]		5000196a
	[16]		5000196b
	[17]		5000196c
	[18]		5000196d
	[19]		5000196e
	[20]		5000196f
	[21]		50001970
	[22]		50001971
	[23]		50001972
	[24]		50001973
	[25]		50001974
	[26]		50001975
	[27]		50001976
	[28]		500017d4
	[29]		50001977
	[30]		50001978
	[31]		50001979
	[32]		5000197a
	[33]		5000197b
	[34]		5000197c
	[35]		5000197d
	[36]		5000197e
	[37]		5000197f
	[38]		50001980
	[39]		50001981
	[40]		50001982
	[41]		50001983
	[42]		50001984
	[43]		50001985
	[44]		50001986
	[45]		50001987
	[46]		50001988
	[47]		50001989
	[48]		5000198a
	[49]		5000198b
	[50]		5000198c
	[51]		5000198d
	[52]		5000198e
	[53]		5000198f
	[54]		50001990
	[55]		50001991
	[56]		50001992
	[57]		50001993
	[58]		50001994
	[59]		50001995
	[60]		50001996
	[61]		50001997
	[62]		50001998
	[63]		50001999
	[64]		5000199a
	[65]		5000199b
	[66]		5000199c
	[67]		5000199d
	[68]		5000199e
	[69]		5000199f
	[70]		500019a0
	[71]		500019a1
	[72]		500019a2
	[73]		500019a3
	[74]		500019a4
	[75]		500019a5
	[76]		500019a6
	[77]		500019a7
	[78]		500019a8
	[79]		500019a9
	[80]		500019aa
	[81]		500019ab
	[82]		500019ac
	[83]		500019ad
	[84]		500019ae
	[85]		500019af
	[86]		500019b0
	[87]		500019b1
	[88]		500019b2
	[89]		500019b3
	[90]		500019b4
	[91]		500019b5
	[92]		500019b6
	[93]		500019b7
	[94]		500019b8
	[95]		500019b9
	[96]		500019ba
	[97]		500019bb
	[98]		500019bc
	[99]		500019bd
	[100]		500019be
	[101]		500019bf
	[102]		500019c0
	[103]		500019c1
	[104]		500019c2
	[105]		500019c3
	[106]		500019c4
	[107]		500019c5
	[108]		500019c6
	[109]		500019c7
	[110]		500019c8
	[111]		500019c9
	[112]		500019ca
	[113]		500019cb
	[114]		500019cc
	[115]		500019cd
	[116]		500019ce
	[117]		500019cf
	[118]		500019d0
	[119]		500019d1
	[120]		500019d2
	[121]		500019d3
	[122]		500019d4
	[123]		500019d5
	[124]		500019d6
	[125]		500019d7
	[126]		500019d8
	[127]		500019d9
	[128]		500019da
	[129]		500019db
	[130]		500019dc
	[131]		500019dd
	[132]		500019de
	[133]		500019df
	[134]		500019e0
	[135]		500019e1
	[136]		500019e2
	[137]		500019e3
	[138]		500019e4
	[139]		500019e5
	[140]		500019e6
	[141]		500019e7
	[142]		500019e8
	[143]		500019e9
	[144]		500019ea
	[145]		500019eb
	[146]		500019ec
	[147]		500019ed
	[148]		500019ee
	[149]		500019ef
	[150]		500019f0
	[151]		500019f1
	[152]		500019f2
	[153]		500019f3
	[154]		500019f4
	[155]		500019f5
	[156]		500019f6
	[157]		500019f7
	[158]		500019f8
	[159]		500019f9
	[160]		500019fa
	[161]		500019fb
	[162]		500019fc
	[163]		500019fd
	[164]		500019fe
	[165]		500019ff
	[166]		50001a00
	[167]		50001a01
	[168]		50001a02
	[169]		50001a03
	[170]		50001a04
	[171]		50001a05
	[172]		50001a06
	[173]		50001a07
	[174]		50001a08
	[175]		50001a09
	[176]		50001a0a
	[177]		50001a0b
	[178]		50001a0c
	[179]		50001a0d
	[180]		50001a0e
	[181]		50001a0f
	[182]		50001a10
	[183]		50001a11
	[184]		50001a12
	[185]		50001a13
	[186]		50001a14
	[187]		50001a15
	[188]		50001a16
	[189]		50001a17
	[190]		50001a18
	[191]		50001a19
	[192]		50001a1a
	[193]		50001a1b
	[194]		50001a1c
	[195]		50001a1d
	[196]		50001a1e
	[197]		50001a1f
	[198]		50001a20
	[199]		50001a21
	[200]		50001a22
	[201]		50001a23
	[202]		50001a24
	[203]		50001a25
	[204]		50001a26
	[205]		50001a27
	[206]		50001a28
	[207]		50001a29
	[208]		50001a2a
	[209]		50001a2b
	[210]		50001a2c
	[211]		50001a2d
	[212]		50001a2e
	[213]		50001a2f
	[214]		50001a30
	[215]		500017d6
	[216]		50001a31
	[217]		50001a32
	[218]		50001a33
	[219]		50001a34
	[220]		50001a35
	[221]		50001a36
	[222]		50001a37
	[223]		50001a38
	[224]		50001a39
	[225]		50001a3a
	[226]		50001a3b
	[227]		50001a3c
	[228]		50001a3d
	[229]		50001a3e
	[230]		50001a3f
	[231]		50001a40
	[232]		50001a41
	[233]		50001a42
	[234]		50001a43
	[235]		50001a44
	[236]		50001a45
	[237]		50001a46
	[238]		50001a47
	[239]		50001a48
	[240]		50001a49
	[241]		50001a4a
	[242]		50001a4b
	[243]		50001a4c
	[244]		50001a4d
	[245]		50001a4e
	[246]		50001a4f
	[247]		50001a50
	[248]		50001a51
	[249]		50001a52
	[250]		50001a53
	[252]		50001a54
	[253]		50001a55
	[254]		50001a56
	[255]		50001a57
	[256]		50001a58
	[257]		50001a59
	[258]		50001a5a
	[259]		50001a5b
	[260]		50001a5c
	[261]		50001a5d
	[262]		50001a5e
	[263]		50001a5f
	[264]		50001a60
	[265]		50001a61
	[266]		50001a62
	[267]		50001a63
	[268]		50001a64
	[269]		50001a65
	[270]		50001a66
	[271]		50001a67
	[272]		50001a68
	[273]		50001a69
	[274]		50001a6a
	[275]		50001a6b
	[276]		50001a6c
	[277]		50001a6d
	[278]		50001a6e
	[279]		50001a6f
	[280]		50001a70
	[281]		50001a71
	[282]		50001a72
	[283]		50001a73
	[284]		50001a74
	[285]		50001a75
	[286]		50001a76
	[287]		50001a77
	[288]		50001a78
	[289]		50001a79
	[290]		50001a7a
	[291]		50001a7b
	[292]		50001a7c
	[293]		50001a7d
	[294]		50001a7e
	[295]		50001a7f
	[296]		50001a80
	[297]		50001a81
	[298]		50001a82
	[299]		50001a83
	[300]		50001a84
	[301]		50001a85
	[302]		50001a86
	[303]		50001a87
	[304]		50001a88
	[305]		50001a89
	[306]		50001a8a
	[307]		50001a8b
	[308]		50001a8c
	[309]		50001a8d
	[310]		50001a8e
	[311]		50001a8f
	[312]		50001a90
	[313]		50001a91
	[314]		50001a92
	[315]		50001a93
	[316]		50001a94
	[317]		50001a95
	[318]		50001a96
	[319]		50001a97
	[320]		50001a98
	[321]		50001a99
	[322]		50001a9a
	[324]		50001a9b
	[325]		50001a9c
	[326]		50001a9d
	[327]		50001a9e
	[328]		50001a9f
	[329]		50001aa0
	[330]		50001aa1
	[331]		50001aa2
	[332]		50001aa3
	[333]		50001aa4
	[334]		50001aa5
	[335]		50001aa6
	[336]		50001aa7
	[337]		50001aa8
	[338]		50001aa9
	[339]		50001aaa
	[340]		50001aab
	[341]		50001aac
	[342]		50001aad
	[343]		50001aae
	[344]		50001aaf
	[345]		50001ab0
	[346]		50001ab1
	[347]		50001ab2
	[348]		50001ab3
	[349]		50001ab4
	[350]		50001ab5
	[351]		50001ab6
	[352]		50001ab7
	[353]		50001ab8
	[354]		50001ab9
	[355]		50001aba
	[356]		50001abb
	[357]		50001abc
	[358]		50001abd
	[359]		50001abe
	[360]		50001abf
	[361]		50001ac0
	[362]		50001ac1
	[363]		50001ac2
	[364]		50001ac3
	[365]		50001ac4
	[366]		50001ac5
	[367]		50001ac6
	[368]		50001ac7
	[369]		50001ac8
	[370]		50001ac9
	[371]		50001aca
	[372]		50001acb
	[373]		50001acc
	[374]		50001acd
	[375]		50001ace
	[376]		50001acf
	[377]		50001ad0
	[378]		50001ad1
	[379]		50001ad2
	[380]		50001ad3
	[381]		50001ad4
	[382]		50001ad5
	[383]		50001ad6
	[384]		50001ad7
	[385]		50001ad8
	[386]		50001ad9
	[387]		50001ada
	[388]		50001adb
	[389]		50001adc
	[390]		50001add
	[391]		50001ade
	[392]		50001adf
	[393]		50001ae0
	[394]		50001ae1
	[395]		50001ae2
	[396]		50001ae3
	[397]		50001ae4
	[398]		50001ae5
	[399]		50001ae6
	[400]		50001ae7
	[401]		50001ae8
	[402]		50001ae9
	[403]		50001aea
	[404]		50001aeb
	[405]		50001aec
	[406]		50001aed
	[407]		50001aee
	[408]		50001aef
	[409]		50001af0
	[410]		50001af1
	[411]		50001af2
	[412]		50001af3
	[413]		50001af4
	[414]		50001af5
	[415]		50001af6
	[416]		50001af7
	[417]		50001af8
	[418]		50001af9
	[419]		50001afa
	[420]		50001afb
	[421]		50001afc
	[422]		50001afd
	[424]		50001afe
	[425]		50001aff
	[426]		50001b00
	[427]		50001b01
	[428]		50001b02
	[429]		50001b03
	[430]		50001b04
	[431]		50001b05
	[432]		50001b06
	[433]		50001b07
	[434]		50001b08
	[435]		50001b09
	[436]		50001b0a
	[437]		50001b0b
	[438]		50001b0c
	[439]		50001b0d
	[440]		50001b0e
	[441]		50001b0f
	[442]		50001b10
	[443]		50001b11
	[444]		50001b12
	[445]		50001b13
	[446]		50001b14
	[447]		50001b15
	[448]		50001b16
	[449]		50001b17
	[450]		50001b18
	[451]		50001b19
	[452]		50001b1a
	[453]		50001b1b
	[454]		50001b1c
	[455]		50001b1d
	[456]		50001b1e
	[457]		50001b1f
	[458]		50001b20
	[459]		50001b21
	[460]		50001b22
	[461]		50001b23
	[462]		50001b24
	[463]		50001b25
	[464]		50001b26
	[465]		50001b27
	[466]		50001b28
	[467]		50001b29
	[468]		50001b2a
	[469]		50001b2b
	[470]		50001b2c
	[471]		50001b2d
	[472]		50001b2e
	[473]		50001b2f
	[474]		50001b30
	[475]		50001b31
	[476]		50001b32
	[477]		50001b33
	[478]		50001b34
	[479]		50001b35
	[480]		50001b36
	[481]		50001b37
	[482]		50001b38
	[483]		50001b39
	[484]		50001b3a
	[485]		50001b3b
	[486]		50001b3c
	[487]		50001b3d
	[488]		50001b3e
	[489]		50001b3f
	[490]		50001b40
	[491]		50001b41
	[492]		50001b42
	[493]		50001b43
	[494]		50001b44
	[495]		50001b45
	[496]		50001b46
	[497]		50001b47
	[498]		50001b48
	[499]		50001b49
	[500]		50001b4a
	[501]		50001b4b
	[502]		50001b4c
	[503]		50001b4d
	[504]		50001b4e
	[505]		50001b4f
	[506]		50001b50
	[507]		50001b51
	[508]		50001b52
	[509]		50001b53
	[510]		50001b54
	[511]		50001b55
	[512]		50001b56
	[513]		50001b57
	[514]		50001b58
	[515]		50001b59
	[516]		50001b5a
	[517]		50001b5b
	[518]		50001b5c
	[519]		50001b5d
	[520]		50001b5e
	[521]		50001b5f
	[522]		50001b60
	[523]		50001b61
	[524]		50001b62
	[525]		50001b63
	[526]		50001b64
	[527]		50001b65
	[528]		50001b66
	[529]		50001b67
	[530]		50001b68
	[531]		50001b69
	[532]		50001b6a
	[533]		50001b6b
	[534]		50001b6c
	[535]		50001b6d
	[536]		50001b6e
	[537]		50001b6f
	[538]		50001b70
	[539]		50001b71
	[540]		50001b72
	[541]		50001b73
	[542]		50001b74
	[543]		50001b75
	[544]		50001b76
	[545]		50001b77
	[546]		50001b78
	[547]		50001b79
	[548]		50001b7a
	[549]		50001b7b
	[550]		50001b7c
	[551]		50001b7d
	[552]		50001b7e
	[553]		50001b7f
	[554]		50001b80
	[555]		50001b81
	[556]		50001b82
	[557]		50001b83
	[558]		50001b84
	[559]		50001b85
	[560]		50001b86
	[561]		50001b87
	[562]		50001b88
	[563]		50001b89
	[564]		50001b8a
	[565]		50001b8b
	[566]		50001b8c
	[567]		50001b8d
	[568]		50001b8e
	[569]		50001b8f
	[570]		50001b90
	[571]		50001b91
	[572]		50001b92
	[573]		50001b93
	[574]		50001b94
	[575]		50001b95
	[576]		50001b96
	[577]		50001b97
	[578]		50001b98
	[579]		50001b99
	[580]		50001b9a
	[581]		50001b9b
	[582]		50001b9c
	[583]		50001b9d
	[584]		50001b9e
	[585]		50001b9f
	[586]		50001ba0
	[587]		50001ba1
	[588]		50001ba2
	[589]		50001ba3
	[590]		50001ba4
	[591]		50001ba5
	[592]		50001ba6
	[593]		50001ba7
	[594]		50001ba8
	[595]		50001ba9
	[596]		50001baa
	[597]		50001bab
	[598]		50001bac
	[599]		50001bad
	[600]		50001bae
	[601]		50001baf
	[602]		50001bb0
	[603]		50001bb1
	[604]		50001bb2
	[605]		50001bb3
	[606]		50001bb4
	[607]		50001bb5
	[608]		50001bb6
	[609]		50001bb7
	[610]		50001bb8
	[611]		50001bb9
	[612]		50001bba
	[613]		50001bbb
	[614]		50001bbc
	[615]		50001bbd
	[616]		50001bbe
	[617]		50001bbf
	[618]		50001bc0
	[619]		50001bc1
	[620]		50001bc2
	[621]		50001bc3
	[622]		50001bc4
	[623]		50001bc5
	[624]		50001bc6
	[625]		50001bc7
	[626]		50001bc8
	[627]		50001bc9
	[628]		50001bca
	[629]		50001bcb
	[630]		50001bcc
	[631]		50001bcd
	[632]		50001bce
	[633]		50001bcf
	[634]		50001bd0
	[635]		50001bd1
	[636]		50001bd2
	[637]		50001bd3
	[638]		50001bd4
	[639]		50001bd5
	[640]		50001bd6
	[641]		50001bd7
	[642]		50001bd8
	[643]		50001bd9
	[644]		50001bda
	[645]		50001bdb
	[646]		50001bdc
	[647]		50001bdd
	[648]		50001bde
	[649]		50001bdf
	[650]		50001be0
	[651]		50001be1
	[652]		50001be2
	[653]		50001be3
	[654]		50001be4
	[655]		50001be5
	[656]		50001be6
	[657]		50001be7
	[658]		50001be8
	[659]		50001be9
	[660]		50001bea
	[661]		50001beb
	[662]		50001bec
	[663]		50001bed
	[664]		50001bee
	[665]		50001bef
	[666]		50001bf0
	[667]		50001bf1
	[668]		50001bf2
	[669]		50001bf3
	[670]		50001bf4
	[671]		50001bf5
	[672]		50001bf6
	[673]		50001bf7
	[674]		50001bf8
	[675]		50001bf9
	[676]		50001bfa
	[677]		50001bfb
	[678]		50001bfc
	[679]		50001bfd
	[680]		50001bfe
	[681]		50001bff
	[682]		50001c00
	[683]		50001c01
	[684]		50001c02
	[685]		50001c03
	[686]		50001c04
	[687]		50001c05
	[688]		50001c06
	[689]		50001c07
	[690]		50001c08
	[691]		50001c09
	[692]		50001c0a
	[693]		50001c0b
	[694]		50001c0c
	[695]		50001c0d
	[696]		50001c0e
	[698]		50001c0f
	[699]		50001c10
	[701]		50001c11
	[702]		50001c12
	[703]		50001c13
	[704]		50001c14
	[705]		50001c15
	[706]		50001c16
	[707]		50001c17
	[708]		50001c18
	[709]		50001c19
	[710]		50001c1a
	[711]		50001c1b
	[712]		50001c1c
	[713]		50001c1d
	[714]		50001c1e
	[715]		50001c1f
	[716]		50001c20
	[717]		50001c21
	[718]		50001c22
	[719]		50001c23
	[720]		50001c24
	[721]		50001c25
	[722]		50001c26
	[723]		50001c27
	[724]		50001c28
	[725]		50001c29
	[726]		50001c2a
	[727]		50001c2b
	[728]		50001c2c
	[729]		50001c2d
	[730]		50001c2e
	[731]		50001c2f
	[732]		50001c30
	[733]		50001c31
	[734]		50001c32
	[735]		50001c33
	[736]		50001c34
	[737]		50001c35
	[738]		50001c36
	[739]		50001c37
	[740]		50001c38
	[741]		50001c39
	[742]		50001c3a
	[743]		50001c3b
	[744]		50001c3c
	[745]		50001c3d
	[746]		50001c3e
	[747]		50001c3f
	[748]		50001c40
	[749]		50001c41
ARR 50000eab (sz=32, trace=300000, nelems=0, elem type=java.lang.Object[]@5000011c)
ARR 50000eac (sz=32, trace=300000, nelems=3, elem type=java.lang.Object[]@5000011c)
	[1]		500026e7
	[2]		500026e8
ARR 50000ead (sz=56, trace=300000, nelems=0, elem type=java.lang.Object[]@5000011c)
ARR 50000eae (sz=80, trace=300000, nelems=0, elem type=java.lang.Object[]@5000011c)
ARR 50000eaf (sz=24, trace=300000, nelems=0, elem type=java.lang.Object[]@5000011c)
ARR 50000eb0 (sz=72, trace=300000, nelems=0, elem type=java.lang.Object[]@5000011c)
ARR 50000eb1 (sz=536, trace=300000, nelems=129, elem type=java.lang.Object[]@5000011c)
	[0]		500017da
	[1]		500017d4
	[3]		500017db
	[4]		500017dc
	[5]		500017dd
	[6]		500017de
	[7]		500017df
	[8]		500017e0
	[9]		500017e1
	[10]		500017e2
	[11]		500017e3
	[12]		500017e4
	[13]		500017e5
	[14]		500017e6
	[15]		500017e7
	[16]		500017e8
	[17]		500017e9
	[18]		500017ea
	[19]		500017eb
	[20]		500017ec
	[21]		500017ed
	[22]		500017ee
	[23]		500017ef
	[24]		500017f0
	[25]		500017f1
	[26]		500017f2
	[27]		500017f3
	[28]		500017f4
	[29]		500017f5
	[30]		500017f6
	[31]		500017f7
	[32]		500017f8
	[33]		500017f9
	[34]		500017fa
	[35]		500017fb
	[36]		500017fc
	[37]		500017fd
	[38]		500017fe
	[39]		500017ff
	[40]		50001800
	[41]		50001801
	[42]		50001802
	[43]		50001803
	[44]		50001804
	[45]		50001805
	[46]		50001806
	[47]		50001807
	[48]		50001808
	[49]		50001809
	[50]		5000180a
	[51]		5000180b
	[52]		5000180c
	[53]		5000180d
	[54]		5000180e
	[55]		5000180f
	[56]		50001810
	[57]		50001811
	[58]		50001812
	[59]		50001813
	[60]		50001814
	[61]		50001815
	[62]		50001816
	[63]		50001817
	[64]		50001818
	[65]		50001819
	[66]		5000181a
	[67]		5000181b
	[68]		5000181c
	[69]		5000181d
	[70]		5000181e
	[71]		5000181f
	[72]		50001820
	[73]		50001821
	[74]		50001822
	[75]		50001823
	[76]		50001824
	[77]		50001825
	[78]		50001826
	[79]		50001827
	[80]		50001828
	[81]		50001829
	[82]		5000182a
	[83]		5000182b
	[84]		5000182c
	[85]		5000182d
	[86]		5000182e
	[87]		5000182f
	[88]		50001830
	[89]		50001831
	[90]		50001832
	[91]		50001833
	[92]		50001834
	[93]		50001835
	[94]		50001836
	[95]		50001837
	[96]		50001838
	[97]		50001839
	[98]		5000183a
	[99]		5000183b
	[100]		5000183c
	[101]		5000183d
	[102]		5000183e
	[103]		5000183f
	[104]		50001840
	[105]		50001841
	[106]		50001842
	[107]		50001843
	[108]		50001844
	[109]		50001845
	[110]		50001846
	[111]		50001847
	[112]		50001848
	[113]		50001849
	[114]		5000184a
	[115]		5000184b
	[116]		5000184c
	[117]		5000184d
	[118]		5000184e
	[119]		5000184f
	[120]		50001850
	[121]		50001851
	[122]		50001852
	[123]		50001853
	[124]		50001854
	[125]		50001855
	[126]		50001856
	[127]		50001857
	[128]		50001858
ARR 50000eb2 (sz=32, trace=300000, nelems=0, elem type=java.lang.Object[]@5000011c)
ARR 50000eb3 (sz=80, trace=300000, nelems=15, elem type=java.lang.Object[]@5000011c)
	[1]		50001388
	[2]		50001389
	[3]		5000138a
	[6]		5000138b
	[11]		5000138c
	[14]		5000138d
ARR 50000eb4 (sz=32, trace=300000, nelems=3, elem type=java.lang.Object[]@5000011c)
	[0]		50001393
	[1]		50001394
	[2]		50001395
ARR 50000eb5 (sz=24, trace=300000, nelems=0, elem type=java.lang.Object[]@5000011c)
ARR 50000eb6 (sz=24, trace=300000, nelems=0, elem type=java.lang.Object[]@5000011c)
ARR 50000eb7 (sz=24, trace=300000, nelems=0, elem type=java.lang.Object[]@5000011c)
ARR 50000eb8 (sz=40, trace=300000, nelems=0, elem type=java.lang.Object[]@5000011c)
ARR 50000eb9 (sz=104, trace=300000, nelems=17, elem type=java.lang.Object[]@5000011c)
	[7]		50002498
	[8]		500026c0
	[10]		500026b5
	[14]		500026b6
	[15]		500026c1
	[16]		50002494
ARR 50000eba (sz=24, trace=300000, nelems=0, elem type=java.lang.Object[]@5000011c)
ARR 50000ebb (sz=24, trace=300000, nelems=0, elem type=java.lang.Object[]@5000011c)
ARR 50000ebc (sz=24, trace=300000, nelems=0, elem type=java.lang.Object[]@5000011c)
ARR 50000ebd (sz=40, trace=300000, nelems=5, elem type=java.lang.Object[]@5000011c)
	[4]		50002669
ARR 50000ebe (sz=40, trace=300000, nelems=0, elem type=java.lang.Object[]@5000011c)
ARR 50000ebf (sz=56, trace=300000, nelems=0, elem type=java.lang.Object[]@5000011c)
ARR 50000ec0 (sz=40, trace=300000, nelems=3, elem type=java.lang.Object[]@5000011c)
	[0]		5000267c
	[2]		50000f7f
ARR 50000ec1 (sz=24, trace=300000, nelems=0, elem type=java.lang.Object[]@5000011c)
ARR 50000ec2 (sz=536, trace=300000, nelems=130, elem type=java.lang.Object[]@5000011c)
	[0]		500022c5
	[3]		50001a4a
	[4]		500022c6
	[5]		500017dc
	[6]		500017dd
	[7]		500017de
	[8]		500017df
	[9]		500017e0
	[10]		500017e1
	[11]		500017e2
	[12]		500017e3
	[13]		500017e4
	[14]		500017e5
	[15]		500017e6
	[16]		500017e7
	[17]		500017e8
	[18]		500017e9
	[19]		500017ea
	[20]		500017eb
	[21]		500017ec
	[22]		500017ed
	[23]		500017ee
	[24]		500017ef
	[25]		500017f0
	[26]		500017f1
	[27]		500017f2
	[28]		500017f3
	[29]		500017f4
	[30]		500017f5
	[31]		500017f6
	[32]		500017f7
	[33]		500017f8
	[34]		500017f9
	[35]		500017fa
	[36]		500017fb
	[37]		500017fc
	[38]		500017fd
	[39]		500017fe
	[40]		500017ff
	[41]		50001800
	[42]		50001801
	[43]		50001802
	[44]		50001803
	[45]		50001804
	[46]		50001805
	[47]		50001806
	[48]		50001807
	[49]		50001808
	[50]		50001809
	[51]		5000180a
	[52]		5000180b
	[53]		5000180c
	[54]		5000180d
	[55]		5000180e
	[56]		5000180f
	[57]		50001810
	[58]		50001811
	[59]		50001812
	[60]		50001813
	[61]		50001814
	[62]		50001815
	[63]		50001816
	[64]		50001817
	[65]		50001818
	[66]		50001819
	[67]		5000181a
	[68]		5000181b
	[69]		5000181c
	[70]		5000181d
	[71]		5000181e
	[72]		5000181f
	[73]		50001820
	[74]		50001821
	[75]		50001822
	[76]		50001823
	[77]		50001824
	[78]		50001825
	[79]		50001826
	[80]		50001827
	[81]		50001828
	[82]		50001829
	[83]		5000182a
	[84]		5000182b
	[85]		5000182c
	[86]		5000182d
	[87]		5000182e
	[88]		5000182f
	[89]		50001830
	[90]		50001831
	[91]		50001832
	[92]		50001833
	[93]		50001834
	[94]		50001835
	[95]		50001836
	[96]		50001837
	[97]		50001838
	[98]		50001839
	[99]		5000183a
	[100]		5000183b
	[101]		5000183c
	[102]		5000183d
	[103]		5000183e
	[104]		5000183f
	[105]		50001840
	[106]		50001841
	[107]		50001842
	[108]		50001843
	[109]		50001844
	[110]		50001845
	[111]		50001846
	[112]		50001847
	[113]		50001848
	[114]		50001849
	[115]		5000184a
	[116]		5000184b
	[117]		5000184c
	[118]		5000184d
	[119]		5000184e
	[120]		5000184f
	[121]		50001850
	[122]		50001851
	[123]		500022c7
	[124]		50001853
	[125]		50001854
	[126]		50001855
	[127]		50001856
	[128]		50001857
	[129]		50001858
ARR 50000ec3 (sz=24, trace=300000, nelems=0, elem type=java.lang.Object[]@5000011c)
ARR 50000ec4 (sz=32, trace=300000, nelems=0, elem type=java.lang.Object[]@5000011c)
ARR 50000ec5 (sz=24, trace=300000, nelems=0, elem type=java.lang.Object[]@5000011c)
ARR 50000ec6 (sz=80, trace=300000, nelems=13, elem type=java.lang.Object[]@5000011c)
	[1]		50001388
	[2]		50001389
	[3]		5000138a
	[6]		5000138b
	[12]		5000138c
ARR 50000ec7 (sz=32, trace=300000, nelems=0, elem type=java.lang.Object[]@5000011c)
ARR 50000ec8 (sz=32, trace=300000, nelems=0, elem type=java.lang.Object[]@5000011c)
ARR 50000ec9 (sz=48, trace=300000, nelems=6, elem type=java.lang.Object[]@5000011c)
	[2]		500017b8
	[3]		500017b9
	[4]		500017ba
	[5]		500017bb
ARR 50000eca (sz=24, trace=300000, nelems=2, elem type=java.lang.Object[]@5000011c)
	[0]		500017b2
	[1]		500017b3
ARR 50000ecb (sz=24, trace=300000, nelems=1, elem type=java.lang.Object[]@5000011c)
	[0]		5000122b
ARR 50000ecc (sz=48, trace=300000, nelems=0, elem type=java.lang.Object[]@5000011c)
ARR 50000ecd (sz=40, trace=300000, nelems=4, elem type=java.lang.Object[]@5000011c)
	[0]		5000139c
	[1]		5000139d
	[2]		5000139e
	[3]		5000139f
ARR 50000ece (sz=24, trace=300000, nelems=0, elem type=java.lang.Object[]@5000011c)
ARR 50000ecf (sz=32, trace=300000, nelems=3, elem type=java.lang.Object[]@5000011c)
	[2]		50000f99
ARR 50000ed0 (sz=96, trace=300000, nelems=19, elem type=java.lang.Object[]@5000011c)
	[0]		50000f74
	[17]		50000faa
	[18]		50000fab
ARR 50000ed1 (sz=32, trace=300000, nelems=2, elem type=java.lang.Object[]@5000011c)
	[0]		50002655
	[1]		50002656
ARR 50000ed2 (sz=48, trace=300000, nelems=8, elem type=java.lang.Object[]@5000011c)
	[5]		50001049
	[6]		5000104a
	[7]		5000104b
ARR 50000ed3 (sz=32, trace=300000, nelems=0, elem type=java.lang.Object[]@5000011c)
ARR 50000ed4 (sz=24, trace=300000, nelems=2, elem type=java.lang.Object[]@5000011c)
	[0]		5000265e
	[1]		5000265f
ARR 50000ed5 (sz=32, trace=300000, nelems=3, elem type=java.lang.Object[]@5000011c)
	[0]		500011f8
	[2]		50000f81
ARR 50000ed6 (sz=24, trace=300000, nelems=2, elem type=java.lang.Object[]@5000011c)
	[0]		500026d3
	[1]		500026d4
ARR 50000ed7 (sz=40, trace=300000, nelems=0, elem type=java.lang.Object[]@5000011c)
ARR 50000ed8 (sz=80, trace=300000, nelems=14, elem type=java.lang.Object[]@5000011c)
	[13]		50001235
ARR 50000ed9 (sz=24, trace=300000, nelems=1, elem type=java.lang.Object[]@5000011c)
	[0]		500010d6
ARR 50000eda (sz=24, trace=300000, nelems=1, elem type=java.lang.Object[]@5000011c)
	[0]		500011ff
ARR 50000edb (sz=48, trace=300000, nelems=8, elem type=java.lang.Object[]@5000011c)
	[3]		50002753
	[6]		50002754
	[7]		50002755
ARR 50000edc (sz=48, trace=300000, nelems=8, elem type=java.lang.Object[]@5000011c)
	[1]		50001351
	[6]		500024e3
	[7]		500024e4
ARR 50000edd (sz=40, trace=300000, nelems=4, elem type=java.lang.Object[]@5000011c)
	[0]		50001351
	[1]		50001352
	[3]		5000135c
ARR 50000ede (sz=32, trace=300000, nelems=4, elem type=java.lang.Object[]@5000011c)
	[3]		500024e8
ARR 50000edf (sz=64, trace=300000, nelems=9, elem type=java.lang.Object[]@5000011c)
	[1]		50001376
	[8]		5000136b
ARR 50000ee0 (sz=32, trace=300000, nelems=2, elem type=java.lang.Object[]@5000011c)
	[0]		500024e2
	[1]		500023dc
ARR 50000ee1 (sz=264, trace=300000, nelems=50, elem type=java.lang.Object[]@5000011c)
	[22]		50002395
	[48]		50002396
	[49]		50002397
ARR 50000ee2 (sz=24, trace=300000, nelems=0, elem type=java.lang.Object[]@5000011c)
ARR 50000ee3 (sz=24, trace=300000, nelems=0, elem type=java.lang.Object[]@5000011c)
ARR 50000ee4 (sz=24, trace=300000, nelems=0, elem type=java.lang.Object[]@5000011c)
ARR 50000ee5 (sz=24, trace=300000, nelems=0, elem type=java.lang.Object[]@5000011c)
ARR 50000ee6 (sz=24, trace=300000, nelems=2, elem type=java.lang.Object[]@5000011c)
	[1]		5000133c
ARR 50000ee7 (sz=32, trace=300000, nelems=3, elem type=java.lang.Object[]@5000011c)
	[0]		500023da
	[1]		500023db
	[2]		500023dc
ARR 50000ee8 (sz=32, trace=300000, nelems=0, elem type=java.lang.Object[]@5000011c)
ARR 50000ee9 (sz=40, trace=300000, nelems=4, elem type=java.lang.Object[]@5000011c)
	[3]		50000f73
ARR 50000eea (sz=32, trace=300000, nelems=0, elem type=java.lang.Object[]@5000011c)
ARR 50000eeb (sz=32, trace=300000, nelems=0, elem type=java.lang.Object[]@5000011c)
ARR 50000eec (sz=256, trace=300000, nelems=60, elem type=java.lang.Object[]@5000011c)
	[0]		50000f74
	[5]		5000104d
	[10]		5000104e
	[12]		5000104f
	[14]		50001050
	[17]		50001051
	[23]		50001052
	[28]		50001053
	[29]		50001054
	[30]		50001055
	[31]		50001056
	[32]		50001057
	[33]		50001058
	[37]		50001059
	[39]		5000105a
	[42]		5000105b
	[43]		5000105c
	[44]		5000105d
	[45]		5000105e
	[46]		5000105f
	[47]		50001060
	[48]		50001061
	[49]		50001062
	[50]		50001063
	[51]		50001064
	[55]		50001065
	[56]		50001066
	[57]		50001067
	[58]		50001068
	[59]		50001069
ARR 50000eed (sz=88, trace=300000, nelems=0, elem type=java.lang.Object[]@5000011c)
ARR 50000eee (sz=56, trace=300000, nelems=10, elem type=java.lang.Object[]@5000011c)
	[1]		50001224
	[2]		50001225
	[3]		50001226
	[4]		50001227
	[5]		50001228
	[7]		50001229
	[8]		5000122a
	[9]		5000122b
ARR 50000eef (sz=24, trace=300000, nelems=0, elem type=java.lang.Object[]@5000011c)
ARR 50000ef0 (sz=72, trace=300000, nelems=12, elem type=java.lang.Object[]@5000011c)
	[0]		50000f74
	[2]		50001098
	[3]		50001099
	[11]		5000109a
ARR 50000ef1 (sz=24, trace=300000, nelems=1, elem type=java.lang.Object[]@5000011c)
	[0]		50000f74
ARR 50000ef2 (sz=24, trace=300000, nelems=0, elem type=java.lang.Object[]@5000011c)
ARR 50000ef3 (sz=24, trace=300000, nelems=2, elem type=java.lang.Object[]@5000011c)
	[0]		50000f78
	[1]		50000f79
ARR 50000ef4 (sz=32, trace=300000, nelems=3, elem type=java.lang.Object[]@5000011c)
	[0]		50002370
	[1]		50002371
	[2]		5000122b
ARR 50000ef5 (sz=40, trace=300000, nelems=5, elem type=java.lang.Object[]@5000011c)
	[4]		50001342
ARR 50000ef6 (sz=88, trace=300000, nelems=15, elem type=java.lang.Object[]@5000011c)
	[14]		50001234
ARR 50000ef7 (sz=40, trace=300000, nelems=5, elem type=java.lang.Object[]@5000011c)
	[4]		50001340
ARR 50000ef8 (sz=112, trace=300000, nelems=24, elem type=java.lang.Object[]@5000011c)
	[0]		50000f74
	[1]		50001375
	[2]		50001376
	[3]		50001377
	[4]		50001378
	[5]		50001353
	[14]		50001379
	[15]		5000137a
	[16]		5000137b
	[17]		5000137c
	[20]		5000137d
	[23]		50001355
ARR 50000ef9 (sz=80, trace=300000, nelems=4, elem type=java.lang.Object[]@5000011c)
	[3]		50001381
ARR 50000efa (sz=120, trace=300000, nelems=25, elem type=java.lang.Object[]@5000011c)
	[0]		50000f74
	[1]		50001351
	[2]		50001352
	[3]		50001353
	[10]		50001354
	[12]		50001355
	[13]		50001356
	[14]		50001357
	[15]		50001358
	[17]		50001359
	[18]		5000135a
	[20]		5000135b
	[21]		5000135c
	[23]		5000135d
	[24]		5000135e
ARR 50000efb (sz=80, trace=300000, nelems=10, elem type=java.lang.Object[]@5000011c)
	[0]		50000f74
	[2]		5000236a
	[4]		5000236b
	[5]		5000236c
	[6]		5000236d
	[7]		5000236e
	[9]		5000236f
ARR 50000efc (sz=48, trace=300000, nelems=1, elem type=java.lang.Object[]@5000011c)
	[0]		50000f74
ARR 50000efd (sz=72, trace=300000, nelems=0, elem type=java.lang.Object[]@5000011c)
ARR 50000efe (sz=32, trace=300000, nelems=0, elem type=java.lang.Object[]@5000011c)
ARR 50000eff (sz=104, trace=300000, nelems=20, elem type=java.lang.Object[]@5000011c)
	[12]		500023d1
	[13]		50002494
	[15]		500010d7
	[16]		50002495
	[17]		50002496
	[18]		50002497
	[19]		50000f81
ARR 50000f00 (sz=64, trace=300000, nelems=0, elem type=java.lang.Object[]@5000011c)
ARR 50000f01 (sz=24, trace=300000, nelems=2, elem type=java.lang.Object[]@5000011c)
	[0]		50000f88
	[1]		500024e7
ARR 50000f02 (sz=24, trace=300000, nelems=1, elem type=java.lang.Object[]@5000011c)
	[0]		50002554
ARR 50000f03 (sz=40, trace=300000, nelems=0, elem type=java.lang.Object[]@5000011c)
ARR 50000f04 (sz=80, trace=300000, nelems=11, elem type=java.lang.Object[]@5000011c)
	[10]		5000273b
ARR 50000f05 (sz=120, trace=300000, nelems=0, elem type=java.lang.Object[]@5000011c)
ARR 50000f06 (sz=24, trace=300000, nelems=1, elem type=java.lang.Object[]@5000011c)
	[0]		5000274e
ARR 50000f07 (sz=64, trace=300000, nelems=0, elem type=java.lang.Object[]@5000011c)
ARR 50000f08 (sz=24, trace=300000, nelems=0, elem type=java.lang.Object[]@5000011c)
ARR 50000f09 (sz=24, trace=300000, nelems=0, elem type=java.lang.Object[]@5000011c)
ARR 50000f0a (sz=40, trace=300000, nelems=0, elem type=java.lang.Object[]@5000011c)
ARR 50000f0b (sz=56, trace=300000, nelems=10, elem type=java.lang.Object[]@5000011c)
	[0]		5000273c
	[1]		5000273d
	[2]		5000273e
	[3]		5000273f
	[4]		50002740
	[5]		50002741
	[6]		50002742
	[7]		50002743
	[8]		50002744
	[9]		50000f81
ARR 50000f0c (sz=144, trace=300000, nelems=0, elem type=java.lang.Object[]@5000011c)
ARR 50000f0d (sz=128, trace=300000, nelems=0, elem type=java.lang.Object[]@5000011c)
ARR 50000f0e (sz=24, trace=300000, nelems=2, elem type=java.lang.Object[]@5000011c)
	[0]		50002759
	[1]		5000275a
ARR 50000f0f (sz=216, trace=300000, nelems=47, elem type=java.lang.Object[]@5000011c)
	[6]		5000275b
	[7]		5000275c
	[8]		5000275d
	[11]		5000275e
	[12]		5000275f
	[13]		50002760
	[14]		50002761
	[15]		5000137d
	[16]		50002762
	[23]		50002763
	[25]		50002764
	[36]		500024b8
	[37]		50002765
	[39]		50002766
	[40]		50002767
	[41]		50001c0f
	[42]		50002768
	[44]		50002769
	[46]		5000276a
ARR 50000f10 (sz=24, trace=300000, nelems=1, elem type=java.lang.Object[]@5000011c)
	[0]		5000122b
ARR 50000f11 (sz=32, trace=300000, nelems=4, elem type=java.lang.Object[]@5000011c)
	[1]		5000278e
	[2]		50002779
	[3]		50000f81
ARR 50000f12 (sz=32, trace=300000, nelems=0, elem type=java.lang.Object[]@5000011c)
ARR 50000f13 (sz=24, trace=300000, nelems=0, elem type=java.lang.Object[]@5000011c)
ARR 50000f14 (sz=192, trace=300000, nelems=0, elem type=java.lang.Object[]@5000011c)
ARR 50000f15 (sz=24, trace=300000, nelems=2, elem type=java.lang.Object[]@5000011c)
	[0]		5000137d
	[1]		50001733
ARR 50000f16 (sz=296, trace=300000, nelems=67, elem type=java.lang.Object[]@5000011c)
	[0]		50000f74
	[25]		5000279f
	[30]		50001afc
	[41]		50000e69
	[60]		50001c0f
	[65]		500010d8
	[66]		500027a0
ARR 50000f17 (sz=24, trace=300000, nelems=1, elem type=java.lang.Object[]@5000011c)
	[0]		500023db
ARR 50000f18 (sz=48, trace=300000, nelems=3, elem type=java.lang.Object[]@5000011c)
	[2]		5000249c
ARR 50000f19 (sz=24, trace=300000, nelems=2, elem type=java.lang.Object[]@5000011c)
	[0]		50001353
	[1]		50001355
ARR 50000f1a (sz=24, trace=300000, nelems=0, elem type=java.lang.Object[]@5000011c)
ARR 50000f1b (sz=48, trace=300000, nelems=8, elem type=java.lang.Object[]@5000011c)
	[0]		50000f74
	[1]		500023d3
	[6]		50001355
	[7]		500023d1
ARR 50000f1c (sz=56, trace=300000, nelems=8, elem type=java.lang.Object[]@5000011c)
	[7]		500010dc
ARR 50000f1d (sz=32, trace=300000, nelems=3, elem type=java.lang.Object[]@5000011c)
	[0]		50001351
	[1]		5000249e
	[2]		50001355
ARR 50000f1e (sz=24, trace=300000, nelems=0, elem type=java.lang.Object[]@5000011c)
ARR 50000f1f (sz=24, trace=300000, nelems=0, elem type=java.lang.Object[]@5000011c)
ARR 50000f20 (sz=40, trace=300000, nelems=0, elem type=java.lang.Object[]@5000011c)
ARR 50000f21 (sz=40, trace=300000, nelems=6, elem type=java.lang.Object[]@5000011c)
	[0]		500024c3
	[1]		500024c4
	[2]		500024c5
	[3]		500024c6
	[4]		500024c7
	[5]		500024c8
ARR 50000f22 (sz=32, trace=300000, nelems=0, elem type=java.lang.Object[]@5000011c)
ARR 50000f23 (sz=32, trace=300000, nelems=0, elem type=java.lang.Object[]@5000011c)
ARR 50000f24 (sz=32, trace=300000, nelems=3, elem type=java.lang.Object[]@5000011c)
	[0]		5000239c
	[2]		5000239d
ARR 50000f25 (sz=144, trace=300000, nelems=0, elem type=java.lang.Object[]@5000011c)
ARR 50000f26 (sz=64, trace=300000, nelems=0, elem type=java.lang.Object[]@5000011c)
ARR 50000f27 (sz=56, trace=300000, nelems=10, elem type=java.lang.Object[]@5000011c)
	[5]		50001368
	[6]		50001369
	[7]		5000136a
	[8]		5000136b
	[9]		5000136c
ARR 50000f28 (sz=56, trace=300000, nelems=0, elem type=java.lang.Object[]@5000011c)
ARR 50000f29 (sz=56, trace=300000, nelems=8, elem type=java.lang.Object[]@5000011c)
	[1]		50002363
	[7]		5000136b
ARR 50000f2a (sz=24, trace=300000, nelems=1, elem type=java.lang.Object[]@5000011c)
	[0]		50000f8b
ARR 50000f2b (sz=32, trace=300000, nelems=3, elem type=java.lang.Object[]@5000011c)
	[2]		50000f8e
ARR 50000f2c (sz=48, trace=300000, nelems=7, elem type=java.lang.Object[]@5000011c)
	[0]		50000f8b
	[2]		50000f8c
	[5]		50000f8d
	[6]		50000f8e
ARR 50000f2d (sz=24, trace=300000, nelems=1, elem type=java.lang.Object[]@5000011c)
	[0]		50001222
ARR 50000f2e (sz=56, trace=300000, nelems=0, elem type=java.lang.Object[]@5000011c)
ARR 50000f2f (sz=24, trace=300000, nelems=0, elem type=java.lang.Object[]@5000011c)
ARR 50000f30 (sz=64, trace=300000, nelems=7, elem type=java.lang.Object[]@5000011c)
	[6]		500027b4
ARR 50000f31 (sz=40, trace=300000, nelems=5, elem type=java.lang.Object[]@5000011c)
	[4]		500027b5
ARR 50000f32 (sz=24, trace=300000, nelems=0, elem type=java.lang.Object[]@5000011c)
ARR 50000f33 (sz=32, trace=300000, nelems=1, elem type=java.lang.Object[]@5000011c)
	[0]		50000f74
ARR 50000f34 (sz=32, trace=300000, nelems=0, elem type=java.lang.Object[]@5000011c)
ARR 50000f35 (sz=24, trace=300000, nelems=0, elem type=java.lang.Object[]@5000011c)
ARR 50000f36 (sz=48, trace=300000, nelems=6, elem type=java.lang.Object[]@5000011c)
	[0]		50000f74
	[2]		5000249c
	[3]		500027af
	[4]		500027b8
	[5]		500027b9
ARR 50000f37 (sz=72, trace=300000, nelems=14, elem type=java.lang.Object[]@5000011c)
	[0]		50000f74
	[1]		5000104d
	[3]		50002583
	[10]		500027bb
	[11]		500027bc
	[12]		500027bd
	[13]		50001065
ARR 50000f38 (sz=48, trace=300000, nelems=0, elem type=java.lang.Object[]@5000011c)
ARR 50000f39 (sz=24, trace=300000, nelems=0, elem type=java.lang.Object[]@5000011c)
ARR 50000f3a (sz=64, trace=300000, nelems=0, elem type=java.lang.Object[]@5000011c)
ARR 50000f3b (sz=48, trace=300000, nelems=0, elem type=java.lang.Object[]@5000011c)
ARR 50000f3c (sz=24, trace=300000, nelems=0, elem type=java.lang.Object[]@5000011c)
ARR 50000f3d (sz=168, trace=300000, nelems=0, elem type=java.lang.Object[]@5000011c)
ARR 50000f3e (sz=104, trace=300000, nelems=21, elem type=java.lang.Object[]@5000011c)
	[4]		500024b4
	[5]		500024b5
	[6]		500024b6
	[8]		500024b7
	[11]		500024b8
	[12]		500024b9
	[13]		500024ba
	[14]		500024bb
	[16]		500024bc
	[17]		500024bd
	[18]		500024be
	[19]		500024bf
	[20]		500024c0
ARR 50000f3f (sz=48, trace=300000, nelems=7, elem type=java.lang.Object[]@5000011c)
	[0]		500017c5
	[2]		500016fd
	[3]		500017ca
	[4]		500017c7
	[5]		500017d1
	[6]		5000137d
ARR 50000f40 (sz=24, trace=300000, nelems=2, elem type=java.lang.Object[]@5000011c)
	[1]		500016fd
ARR 50000f41 (sz=24, trace=300000, nelems=1, elem type=java.lang.Object[]@5000011c)
	[0]		500017c5
ARR 50000f42 (sz=24, trace=300000, nelems=1, elem type=java.lang.Object[]@5000011c)
	[0]		500017c7
ARR 50000f43 (sz=24, trace=300000, nelems=1, elem type=java.lang.Object[]@5000011c)
	[0]		500017d1
ARR 50000f44 (sz=24, trace=300000, nelems=1, elem type=java.lang.Object[]@5000011c)
	[0]		500017ca
ARR 50000f45 (sz=24, trace=300000, nelems=0, elem type=java.lang.Object[]@5000011c)
ARR 50000f46 (sz=24, trace=300000, nelems=0, elem type=java.lang.Object[]@5000011c)
ARR 50000f47 (sz=56, trace=300000, nelems=10, elem type=java.lang.Object[]@5000011c)
	[5]		500024b1
	[8]		500024b2
	[9]		50000f81
ARR 50000f48 (sz=160, trace=300000, nelems=0, elem type=java.lang.Object[]@5000011c)
ARR 50000f49 (sz=64, trace=300000, nelems=3, elem type=java.lang.Object[]@5000011c)
	[2]		500024cf
ARR 50000f4a (sz=24, trace=300000, nelems=0, elem type=java.lang.Object[]@5000011c)
ARR 50000f4b (sz=40, trace=300000, nelems=0, elem type=java.lang.Object[]@5000011c)
ARR 50000f4c (sz=24, trace=300000, nelems=0, elem type=java.lang.Object[]@5000011c)
ARR 50000f4d (sz=24, trace=300000, nelems=0, elem type=java.lang.Object[]@5000011c)
ARR 50000f4e (sz=168, trace=300000, nelems=38, elem type=java.lang.Object[]@5000011c)
	[0]		500027ea
	[1]		500027e6
	[2]		500027ee
	[3]		500027f2
	[4]		500027fe
	[5]		500027d6
	[6]		500027fa
	[7]		500027e2
	[8]		500027eb
	[9]		500027f3
	[10]		50000e69
	[11]		500027c3
	[12]		500027cb
	[13]		500027cf
	[14]		500027d3
	[15]		500027ef
	[16]		500027e7
	[17]		500027f7
	[18]		50002803
	[19]		5000280a
	[20]		500027c7
	[21]		500027df
	[22]		500027d7
	[23]		500027ff
	[24]		500027db
	[25]		500027fb
	[26]		500027e3
	[27]		500027c6
	[28]		500027f6
	[29]		50002809
	[30]		500027da
	[31]		500027de
	[32]		500027c2
	[33]		500027ca
	[34]		500027ce
	[35]		50002802
	[36]		50002806
	[37]		500027d2
ARR 50000f4f (sz=24, trace=300000, nelems=0, elem type=java.lang.Object[]@5000011c)
ARR 50000f50 (sz=152, trace=300000, nelems=30, elem type=java.lang.Object[]@5000011c)
	[0]		50000f74
	[16]		5000280d
	[17]		5000280e
	[18]		5000280f
	[20]		50002810
	[21]		50002811
	[22]		50001234
	[23]		50002812
	[26]		50002813
	[27]		50002814
	[28]		50001340
	[29]		50002815
ARR 50000f51 (sz=56, trace=300000, nelems=10, elem type=java.lang.Object[]@5000011c)
	[0]		5000263b
	[1]		5000263c
	[2]		5000263d
	[3]		5000263e
	[4]		5000263f
	[5]		50002640
	[6]		50002641
	[7]		50002642
	[8]		50002643
	[9]		50002644
ARR 50000f52 (sz=32, trace=300000, nelems=0, elem type=java.lang.Object[]@5000011c)
ARR 50000f53 (sz=48, trace=300000, nelems=5, elem type=java.lang.Object[]@5000011c)
	[2]		50002821
	[3]		5000105c
	[4]		50002822
ARR 50000f54 (sz=24, trace=300000, nelems=1, elem type=java.lang.Object[]@5000011c)
	[0]		5000281f
ARR 50000f55 (sz=32, trace=300000, nelems=0, elem type=java.lang.Object[]@5000011c)
OBJ 50000f56 (sz=104, trace=300000, class=java.lang.Class@5000017d)
OBJ 50000f57 (sz=104, trace=300000, class=java.lang.Class@5000017d)
OBJ 50000f58 (sz=104, trace=300000, class=java.lang.Class@5000017d)
OBJ 50000f59 (sz=104, trace=300000, class=java.lang.Class@5000017d)
OBJ 50000f5a (sz=104, trace=300000, class=java.lang.Class@5000017d)
OBJ 50000f5b (sz=104, trace=300000, class=java.lang.Class@5000017d)
OBJ 50000f5c (sz=104, trace=300000, class=java.lang.Class@5000017d)
OBJ 50000f5d (sz=104, trace=300000, class=java.lang.Class@5000017d)
OBJ 50000f5e (sz=104, trace=300000, class=java.lang.Class@5000017d)
ARR 50000f5f (sz=16, trace=300000, nelems=0, elem type=java.lang.Class[]@50000117)
OBJ 50000f60 (sz=24, trace=300000, class=java.lang.String@50000181)
	value		500026f8
OBJ 50000f61 (sz=24, trace=300000, class=java.lang.String@50000181)
	value		5000273a
OBJ 50000f62 (sz=32, trace=300000, class=java.lang.OutOfMemoryError@50000169)
	detailMessage	50002738
OBJ 50000f63 (sz=32, trace=300000, class=java.lang.OutOfMemoryError@50000169)
	detailMessage	50002736
OBJ 50000f64 (sz=32, trace=300000, class=java.lang.OutOfMemoryError@50000169)
	detailMessage	50002734
OBJ 50000f65 (sz=32, trace=300000, class=java.lang.OutOfMemoryError@50000169)
	detailMessage	50002732
OBJ 50000f66 (sz=32, trace=300000, class=java.lang.OutOfMemoryError@50000169)
	detailMessage	50002730
OBJ 50000f67 (sz=32, trace=300000, class=java.lang.OutOfMemoryError@50000169)
	detailMessage	5000272e
ARR 50000f68 (sz=32, trace=300000, nelems=4, elem type=java.lang.OutOfMemoryError[]@50000111)
	[0]		5000272a
	[1]		5000272b
	[2]		5000272c
	[3]		5000272d
OBJ 50000f69 (sz=32, trace=300000, class=java.lang.NullPointerException@50000116)
OBJ 50000f6a (sz=32, trace=300000, class=java.lang.ArithmeticException@50000115)
	detailMessage	50002728
OBJ 50000f6b (sz=32, trace=300000, class=java.lang.VirtualMachineError@5000016a)
OBJ 50000f6c (sz=48, trace=300000, class=java.lang.ThreadGroup@5000015c)
	parent		50000f6d
	name		5000271b
	threads		5000271a
OBJ 50000f6d (sz=48, trace=300000, class=java.lang.ThreadGroup@5000015c)
	name		5000256b
	threads		50002700
	groups		500026ff
OBJ 50000f6e (sz=32, trace=300000, class=java.lang.VirtualMachineError@5000016a)
OBJ 50000f6f (sz=24, trace=300000, class=java.lang.String@50000181)
	value		500026f7
OBJ 50000f70 (sz=24, trace=300000, class=java.lang.String@50000181)
	value		500026fc
OBJ 50000f71 (sz=24, trace=300000, class=java.lang.String@50000181)
	value		500026f9
OBJ 50000f72 (sz=24, trace=300000, class=java.lang.String@50000181)
	value		500026f4
OBJ 50000f73 (sz=24, trace=300000, class=java.lang.String@50000181)
	value		50002490
OBJ 50000f74 (sz=24, trace=300000, class=java.lang.String@50000181)
	value		50001096
OBJ 50000f75 (sz=24, trace=300000, class=java.lang.String@50000181)
	value		50001233
ARR 50000f76 (sz=1024, trace=300000, nelems=256, elem type=int[])
OBJ 50000f77 (sz=16, trace=300000, class=java.lang.CharacterDataLatin1@50000014)
OBJ 50000f78 (sz=24, trace=300000, class=java.lang.String@50000181)
	value		500026fe
OBJ 50000f79 (sz=24, trace=300000, class=java.lang.String@50000181)
	value		50000f7c
ARR 50000f7a (sz=512, trace=300000, nelems=256, elem type=char[])
ARR 50000f7b (sz=4, trace=300000, nelems=2, elem type=char[])
ARR 50000f7c (sz=1024, trace=300000, nelems=512, elem type=char[])
OBJ 50000f7d (sz=24, trace=300000, class=java.lang.String@50000181)
	value		500026fd
OBJ 50000f7e (sz=24, trace=300000, class=java.lang.String@50000181)
	value		500026fb
OBJ 50000f7f (sz=24, trace=300000, class=java.lang.String@50000181)
	value		5000267d
OBJ 50000f80 (sz=24, trace=300000, class=java.lang.String@50000181)
	value		500026fa
OBJ 50000f81 (sz=24, trace=300000, class=java.lang.String@50000181)
	value		500011fb
OBJ 50000f82 (sz=16, trace=300000, class=java.lang.String$CaseInsensitiveComparator@5000010c)
ARR 50000f83 (sz=16, trace=300000, nelems=0, elem type=java.io.ObjectStreamField[]@5000010e)
OBJ 50000f84 (sz=24, trace=300000, class=java.lang.String@50000181)
	value		50000f87
OBJ 50000f85 (sz=24, trace=300000, class=java.lang.RuntimePermission@50000104)
	name		50000f84
	path		50000f84
ARR 50000f86 (sz=16, trace=300000, nelems=0, elem type=java.lang.StackTraceElement[]@50000108)
ARR 50000f87 (sz=64, trace=300000, nelems=32, elem type=char[])
OBJ 50000f88 (sz=24, trace=300000, class=java.lang.String@50000181)
	value		500024eb
OBJ 50000f89 (sz=24, trace=300000, class=java.lang.String@50000181)
	value		500024fa
OBJ 50000f8a (sz=24, trace=300000, class=java.lang.String@50000181)
	value		500024f9
OBJ 50000f8b (sz=24, trace=300000, class=java.lang.String@50000181)
	value		50002367
OBJ 50000f8c (sz=24, trace=300000, class=java.lang.String@50000181)
	value		500026f3
OBJ 50000f8d (sz=24, trace=300000, class=java.lang.String@50000181)
	value		50000f8f
OBJ 50000f8e (sz=24, trace=300000, class=java.lang.String@50000181)
	value		50002364
ARR 50000f8f (sz=18, trace=300000, nelems=9, elem type=char[])
OBJ 50000f90 (sz=16, trace=300000, class=sun.reflect.ReflectionFactory@500000f5)
ARR 50000f91 (sz=16, trace=300000, nelems=0, elem type=java.io.ObjectStreamField[]@5000010e)
OBJ 50000f92 (sz=24, trace=300000, class=java.lang.String@50000181)
	value		50000f95
OBJ 50000f93 (sz=16, trace=300000, class=java.lang.reflect.ReflectAccess@500000b6)
OBJ 50000f94 (sz=24, trace=300000, class=java.lang.RuntimePermission@50000104)
	name		50000f92
	path		50000f92
ARR 50000f95 (sz=46, trace=300000, nelems=23, elem type=char[])
OBJ 50000f96 (sz=24, trace=300000, class=java.lang.String@50000181)
	value		50000f98
OBJ 50000f97 (sz=24, trace=300000, class=java.lang.reflect.ReflectPermission@50000102)
	name		50000f96
	path		50000f96
ARR 50000f98 (sz=40, trace=300000, nelems=20, elem type=char[])
OBJ 50000f99 (sz=24, trace=300000, class=java.lang.String@50000181)
	value		5000267b
OBJ 50000f9a (sz=24, trace=300000, class=java.lang.String@50000181)
	value		500026e6
OBJ 50000f9b (sz=24, trace=300000, class=java.lang.String@50000181)
	value		500026e5
OBJ 50000f9c (sz=24, trace=300000, class=java.lang.String@50000181)
	value		500026e4
OBJ 50000f9d (sz=24, trace=300000, class=java.lang.String@50000181)
	value		50001155
OBJ 50000f9e (sz=48, trace=300000, class=java.util.Properties@50000158)
	table		5000268d
	entrySet	5000268c
OBJ 50000f9f (sz=32, trace=300000, class=java.io.PrintStream@5000007c)
	out		50002681
	textOut		50002680
	charOut		5000267f
OBJ 50000fa0 (sz=32, trace=300000, class=java.io.PrintStream@5000007c)
	out		50002670
	textOut		5000266f
	charOut		5000266e
OBJ 50000fa1 (sz=40, trace=300000, class=java.io.BufferedInputStream@50000083)
	in		50000fa3
	buf		50000fa2
ARR 50000fa2 (sz=8192, trace=300000, nelems=8192, elem type=byte[])
OBJ 50000fa3 (sz=32, trace=300000, class=java.io.FileInputStream@5000008b)
	fd		50000fa5
	closeLock	50000fa4
OBJ 50000fa4 (sz=16, trace=300000, class=java.lang.Object@50000185)
OBJ 50000fa5 (sz=40, trace=300000, class=java.io.FileDescriptor@5000008a)
	parent		50000fa3
OBJ 50000fa6 (sz=40, trace=300000, class=java.io.FileDescriptor@5000008a)
	parent		50002667
OBJ 50000fa7 (sz=40, trace=300000, class=java.io.FileDescriptor@5000008a)
	parent		50000fa8
OBJ 50000fa8 (sz=32, trace=300000, class=java.io.FileOutputStream@50000085)
	fd		50000fa7
	closeLock	50000fa9
OBJ 50000fa9 (sz=16, trace=300000, class=java.lang.Object@50000185)
OBJ 50000faa (sz=24, trace=300000, class=java.lang.String@50000181)
	value		50002666
OBJ 50000fab (sz=24, trace=300000, class=java.lang.String@50000181)
	value		50002665
OBJ 50000fac (sz=16, trace=300000, class=sun.misc.Unsafe@50000134)
OBJ 50000fad (sz=24, trace=300000, class=java.lang.String@50000181)
	value		5000265d
OBJ 50000fae (sz=24, trace=300000, class=java.lang.String@50000181)
	value		5000265c
OBJ 50000faf (sz=32, trace=300000, class=java.io.WinNTFileSystem@50000061)
	cache		50000fb1
	prefixCache	50000fb0
OBJ 50000fb0 (sz=40, trace=300000, class=java.io.ExpiringCache@50000060)
	map		50001035
OBJ 50000fb1 (sz=40, trace=300000, class=java.io.ExpiringCache@50000060)
	map		50000fb2
OBJ 50000fb2 (sz=64, trace=300000, class=java.io.ExpiringCache$1@5000005e)
	table		500008b5
	head		50000fb3
	tail		5000091f
	this$0		50000fb1
OBJ 50000fb3 (sz=40, trace=300000, class=java.util.LinkedHashMap$Entry@50000054)
	key		50000fc2
	value		50000fc1
	after		50000fbe
OBJ 50000fb4 (sz=40, trace=300000, class=java.util.LinkedHashMap$Entry@50000054)
	key		50001025
	value		50001024
	before		50000fbc
	after		50000fb5
OBJ 50000fb5 (sz=40, trace=300000, class=java.util.LinkedHashMap$Entry@50000054)
	key		50001020
	value		5000101f
	next		50000896
	before		50000fb4
	after		50000fbb
OBJ 50000fb6 (sz=40, trace=300000, class=java.util.LinkedHashMap$Entry@50000054)
	key		50000ffc
	value		50000ffb
	before		50000fc0
	after		50000fbd
OBJ 50000fb7 (sz=40, trace=300000, class=java.util.LinkedHashMap$Entry@50000054)
	key		50000fed
	value		50000fec
	before		50000feb
	after		50000fb9
OBJ 50000fb8 (sz=40, trace=300000, class=java.util.LinkedHashMap$Entry@50000054)
	key		5000102f
	value		5000102e
	before		50000fba
	after		50000fbc
OBJ 50000fb9 (sz=40, trace=300000, class=java.util.LinkedHashMap$Entry@50000054)
	key		50000fe7
	value		50000fe6
	before		50000fb7
	after		50000fdb
OBJ 50000fba (sz=40, trace=300000, class=java.util.LinkedHashMap$Entry@50000054)
	key		50000fcc
	value		50000fcb
	next		50000710
	before		50000fbe
	after		50000fb8
OBJ 50000fbb (sz=40, trace=300000, class=java.util.LinkedHashMap$Entry@50000054)
	key		5000100b
	value		5000100a
	next		500008d3
	before		50000fb5
	after		50000fbf
OBJ 50000fbc (sz=40, trace=300000, class=java.util.LinkedHashMap$Entry@50000054)
	key		5000102a
	value		50001029
	before		50000fb8
	after		50000fb4
OBJ 50000fbd (sz=40, trace=300000, class=java.util.LinkedHashMap$Entry@50000054)
	key		50000ff7
	value		50000ff6
	next		50000feb
	before		50000fb6
	after		50000feb
OBJ 50000fbe (sz=40, trace=300000, class=java.util.LinkedHashMap$Entry@50000054)
	key		50000fc7
	value		50000fc6
	before		50000fb3
	after		50000fba
OBJ 50000fbf (sz=40, trace=300000, class=java.util.LinkedHashMap$Entry@50000054)
	key		50001006
	value		50001005
	next		50000fdb
	before		50000fbb
	after		50000fc0
OBJ 50000fc0 (sz=40, trace=300000, class=java.util.LinkedHashMap$Entry@50000054)
	key		50001001
	value		50001000
	next		50000fd6
	before		50000fbf
	after		50000fb6
OBJ 50000fc1 (sz=24, trace=300000, class=java.io.ExpiringCache$Entry@50000055)
	val		50000fc4
OBJ 50000fc2 (sz=24, trace=300000, class=java.lang.String@50000181)
	value		50000fc3
ARR 50000fc3 (sz=92, trace=300000, nelems=46, elem type=char[])
OBJ 50000fc4 (sz=24, trace=300000, class=java.lang.String@50000181)
	value		50000fc5
ARR 50000fc5 (sz=92, trace=300000, nelems=46, elem type=char[])
OBJ 50000fc6 (sz=24, trace=300000, class=java.io.ExpiringCache$Entry@50000055)
	val		50000fc9
OBJ 50000fc7 (sz=24, trace=300000, class=java.lang.String@50000181)
	value		50000fc8
ARR 50000fc8 (sz=84, trace=300000, nelems=42, elem type=char[])
OBJ 50000fc9 (sz=24, trace=300000, class=java.lang.String@50000181)
	value		50000fca
ARR 50000fca (sz=84, trace=300000, nelems=42, elem type=char[])
OBJ 50000fcb (sz=24, trace=300000, class=java.io.ExpiringCache$Entry@50000055)
	val		50000fce
OBJ 50000fcc (sz=24, trace=300000, class=java.lang.String@50000181)
	value		50000fcd
ARR 50000fcd (sz=126, trace=300000, nelems=63, elem type=char[])
OBJ 50000fce (sz=24, trace=300000, class=java.lang.String@50000181)
	value		50000fcf
ARR 50000fcf (sz=126, trace=300000, nelems=63, elem type=char[])
OBJ 50000fd0 (sz=24, trace=300000, class=java.lang.String@50000181)
	value		50000fd1
ARR 50000fd1 (sz=76, trace=300000, nelems=38, elem type=char[])
OBJ 50000fd2 (sz=24, trace=300000, class=java.lang.String@50000181)
	value		50000fd3
ARR 50000fd3 (sz=132, trace=300000, nelems=66, elem type=char[])
OBJ 50000fd4 (sz=24, trace=300000, class=java.lang.String@50000181)
	value		50000fd5
ARR 50000fd5 (sz=128, trace=300000, nelems=64, elem type=char[])
OBJ 50000fd6 (sz=40, trace=300000, class=java.util.LinkedHashMap$Entry@50000054)
	key		50000fdd
	value		50000fdc
	before		50000fdb
	after		50000376
OBJ 50000fd7 (sz=24, trace=300000, class=java.lang.String@50000181)
	value		50000fd8
ARR 50000fd8 (sz=68, trace=300000, nelems=34, elem type=char[])
OBJ 50000fd9 (sz=24, trace=300000, class=java.lang.String@50000181)
	value		50000fda
ARR 50000fda (sz=68, trace=300000, nelems=34, elem type=char[])
OBJ 50000fdb (sz=40, trace=300000, class=java.util.LinkedHashMap$Entry@50000054)
	key		50000fe2
	value		50000fe1
	before		50000fb9
	after		50000fd6
OBJ 50000fdc (sz=24, trace=300000, class=java.io.ExpiringCache$Entry@50000055)
	val		50000fdf
OBJ 50000fdd (sz=24, trace=300000, class=java.lang.String@50000181)
	value		50000fde
ARR 50000fde (sz=94, trace=300000, nelems=47, elem type=char[])
OBJ 50000fdf (sz=24, trace=300000, class=java.lang.String@50000181)
	value		50000fe0
ARR 50000fe0 (sz=94, trace=300000, nelems=47, elem type=char[])
OBJ 50000fe1 (sz=24, trace=300000, class=java.io.ExpiringCache$Entry@50000055)
	val		50000fe4
OBJ 50000fe2 (sz=24, trace=300000, class=java.lang.String@50000181)
	value		50000fe3
ARR 50000fe3 (sz=88, trace=300000, nelems=44, elem type=char[])
OBJ 50000fe4 (sz=24, trace=300000, class=java.lang.String@50000181)
	value		50000fe5
ARR 50000fe5 (sz=88, trace=300000, nelems=44, elem type=char[])
OBJ 50000fe6 (sz=24, trace=300000, class=java.io.ExpiringCache$Entry@50000055)
	val		50000fe9
OBJ 50000fe7 (sz=24, trace=300000, class=java.lang.String@50000181)
	value		50000fe8
ARR 50000fe8 (sz=132, trace=300000, nelems=66, elem type=char[])
OBJ 50000fe9 (sz=24, trace=300000, class=java.lang.String@50000181)
	value		50000fea
ARR 50000fea (sz=128, trace=300000, nelems=64, elem type=char[])
OBJ 50000feb (sz=40, trace=300000, class=java.util.LinkedHashMap$Entry@50000054)
	key		50000ff2
	value		50000ff1
	before		50000fbd
	after		50000fb7
OBJ 50000fec (sz=24, trace=300000, class=java.io.ExpiringCache$Entry@50000055)
	val		50000fef
OBJ 50000fed (sz=24, trace=300000, class=java.lang.String@50000181)
	value		50000fee
ARR 50000fee (sz=104, trace=300000, nelems=52, elem type=char[])
OBJ 50000fef (sz=24, trace=300000, class=java.lang.String@50000181)
	value		50000ff0
ARR 50000ff0 (sz=104, trace=300000, nelems=52, elem type=char[])
OBJ 50000ff1 (sz=24, trace=300000, class=java.io.ExpiringCache$Entry@50000055)
	val		50000ff4
OBJ 50000ff2 (sz=24, trace=300000, class=java.lang.String@50000181)
	value		50000ff3
ARR 50000ff3 (sz=112, trace=300000, nelems=56, elem type=char[])
OBJ 50000ff4 (sz=24, trace=300000, class=java.lang.String@50000181)
	value		50000ff5
ARR 50000ff5 (sz=112, trace=300000, nelems=56, elem type=char[])
OBJ 50000ff6 (sz=24, trace=300000, class=java.io.ExpiringCache$Entry@50000055)
	val		50000ff9
OBJ 50000ff7 (sz=24, trace=300000, class=java.lang.String@50000181)
	value		50000ff8
ARR 50000ff8 (sz=112, trace=300000, nelems=56, elem type=char[])
OBJ 50000ff9 (sz=24, trace=300000, class=java.lang.String@50000181)
	value		50000ffa
ARR 50000ffa (sz=112, trace=300000, nelems=56, elem type=char[])
OBJ 50000ffb (sz=24, trace=300000, class=java.io.ExpiringCache$Entry@50000055)
	val		50000ffe
OBJ 50000ffc (sz=24, trace=300000, class=java.lang.String@50000181)
	value		50000ffd
ARR 50000ffd (sz=124, trace=300000, nelems=62, elem type=char[])
OBJ 50000ffe (sz=24, trace=300000, class=java.lang.String@50000181)
	value		50000fff
ARR 50000fff (sz=124, trace=300000, nelems=62, elem type=char[])
OBJ 50001000 (sz=24, trace=300000, class=java.io.ExpiringCache$Entry@50000055)
	val		50001003
OBJ 50001001 (sz=24, trace=300000, class=java.lang.String@50000181)
	value		50001002
ARR 50001002 (sz=104, trace=300000, nelems=52, elem type=char[])
OBJ 50001003 (sz=24, trace=300000, class=java.lang.String@50000181)
	value		50001004
ARR 50001004 (sz=104, trace=300000, nelems=52, elem type=char[])
OBJ 50001005 (sz=24, trace=300000, class=java.io.ExpiringCache$Entry@50000055)
	val		50001008
OBJ 50001006 (sz=24, trace=300000, class=java.lang.String@50000181)
	value		50001007
ARR 50001007 (sz=108, trace=300000, nelems=54, elem type=char[])
OBJ 50001008 (sz=24, trace=300000, class=java.lang.String@50000181)
	value		50001009
ARR 50001009 (sz=108, trace=300000, nelems=54, elem type=char[])
OBJ 5000100a (sz=24, trace=300000, class=java.io.ExpiringCache$Entry@50000055)
	val		5000100d
OBJ 5000100b (sz=24, trace=300000, class=java.lang.String@50000181)
	value		5000100c
ARR 5000100c (sz=114, trace=300000, nelems=57, elem type=char[])
OBJ 5000100d (sz=24, trace=300000, class=java.lang.String@50000181)
	value		5000100e
ARR 5000100e (sz=114, trace=300000, nelems=57, elem type=char[])
OBJ 5000100f (sz=24, trace=300000, class=java.lang.String@50000181)
	value		50001010
ARR 50001010 (sz=92, trace=300000, nelems=46, elem type=char[])
OBJ 50001011 (sz=24, trace=300000, class=java.lang.String@50000181)
	value		50001012
ARR 50001012 (sz=94, trace=300000, nelems=47, elem type=char[])
OBJ 50001013 (sz=24, trace=300000, class=java.lang.String@50000181)
	value		50001014
ARR 50001014 (sz=106, trace=300000, nelems=53, elem type=char[])
OBJ 50001015 (sz=24, trace=300000, class=java.lang.String@50000181)
	value		50001016
ARR 50001016 (sz=90, trace=300000, nelems=45, elem type=char[])
OBJ 50001017 (sz=24, trace=300000, class=java.lang.String@50000181)
	value		50001018
ARR 50001018 (sz=104, trace=300000, nelems=52, elem type=char[])
OBJ 50001019 (sz=24, trace=300000, class=java.lang.String@50000181)
	value		5000101a
ARR 5000101a (sz=102, trace=300000, nelems=51, elem type=char[])
OBJ 5000101b (sz=24, trace=300000, class=java.lang.String@50000181)
	value		5000101c
ARR 5000101c (sz=92, trace=300000, nelems=46, elem type=char[])
OBJ 5000101d (sz=24, trace=300000, class=java.lang.String@50000181)
	value		5000101e
ARR 5000101e (sz=84, trace=300000, nelems=42, elem type=char[])
OBJ 5000101f (sz=24, trace=300000, class=java.io.ExpiringCache$Entry@50000055)
	val		50001022
OBJ 50001020 (sz=24, trace=300000, class=java.lang.String@50000181)
	value		50001021
ARR 50001021 (sz=104, trace=300000, nelems=52, elem type=char[])
OBJ 50001022 (sz=24, trace=300000, class=java.lang.String@50000181)
	value		50001023
ARR 50001023 (sz=104, trace=300000, nelems=52, elem type=char[])
OBJ 50001024 (sz=24, trace=300000, class=java.io.ExpiringCache$Entry@50000055)
	val		50001027
OBJ 50001025 (sz=24, trace=300000, class=java.lang.String@50000181)
	value		50001026
ARR 50001026 (sz=108, trace=300000, nelems=54, elem type=char[])
OBJ 50001027 (sz=24, trace=300000, class=java.lang.String@50000181)
	value		50001028
ARR 50001028 (sz=108, trace=300000, nelems=54, elem type=char[])
OBJ 50001029 (sz=24, trace=300000, class=java.io.ExpiringCache$Entry@50000055)
	val		5000102c
OBJ 5000102a (sz=24, trace=300000, class=java.lang.String@50000181)
	value		5000102b
ARR 5000102b (sz=104, trace=300000, nelems=52, elem type=char[])
OBJ 5000102c (sz=24, trace=300000, class=java.lang.String@50000181)
	value		5000102d
ARR 5000102d (sz=104, trace=300000, nelems=52, elem type=char[])
OBJ 5000102e (sz=24, trace=300000, class=java.io.ExpiringCache$Entry@50000055)
	val		50001031
OBJ 5000102f (sz=24, trace=300000, class=java.lang.String@50000181)
	value		50001030
ARR 50001030 (sz=110, trace=300000, nelems=55, elem type=char[])
OBJ 50001031 (sz=24, trace=300000, class=java.lang.String@50000181)
	value		50001032
ARR 50001032 (sz=110, trace=300000, nelems=55, elem type=char[])
OBJ 50001033 (sz=24, trace=300000, class=java.lang.String@50000181)
	value		50001034
ARR 50001034 (sz=10, trace=300000, nelems=5, elem type=char[])
OBJ 50001035 (sz=64, trace=300000, class=java.io.ExpiringCache$1@5000005e)
	table		50001037
	head		50001036
	tail		5000085a
	this$0		50000fb0
OBJ 50001036 (sz=40, trace=300000, class=java.util.LinkedHashMap$Entry@50000054)
	key		50001040
	value		5000103f
	next		50001039
	after		50001038
ARR 50001037 (sz=80, trace=300000, nelems=15, elem type=java.util.HashMap$Node[]@500000d5)
	[9]		5000085a
	[11]		50001036
	[14]		50001038
OBJ 50001038 (sz=40, trace=300000, class=java.util.LinkedHashMap$Entry@50000054)
	key		5000103b
	value		5000103a
	before		50001036
	after		50001039
OBJ 50001039 (sz=40, trace=300000, class=java.util.LinkedHashMap$Entry@50000054)
	key		50001045
	value		50001044
	before		50001038
	after		5000085a
OBJ 5000103a (sz=24, trace=300000, class=java.io.ExpiringCache$Entry@50000055)
	val		5000103d
OBJ 5000103b (sz=24, trace=300000, class=java.lang.String@50000181)
	value		5000103c
ARR 5000103c (sz=84, trace=300000, nelems=42, elem type=char[])
OBJ 5000103d (sz=24, trace=300000, class=java.lang.String@50000181)
	value		5000103e
ARR 5000103e (sz=84, trace=300000, nelems=42, elem type=char[])
OBJ 5000103f (sz=24, trace=300000, class=java.io.ExpiringCache$Entry@50000055)
	val		50001042
OBJ 50001040 (sz=24, trace=300000, class=java.lang.String@50000181)
	value		50001041
ARR 50001041 (sz=76, trace=300000, nelems=38, elem type=char[])
OBJ 50001042 (sz=24, trace=300000, class=java.lang.String@50000181)
	value		50001043
ARR 50001043 (sz=76, trace=300000, nelems=38, elem type=char[])
OBJ 50001044 (sz=24, trace=300000, class=java.io.ExpiringCache$Entry@50000055)
	val		50001047
OBJ 50001045 (sz=24, trace=300000, class=java.lang.String@50000181)
	value		50001046
ARR 50001046 (sz=74, trace=300000, nelems=37, elem type=char[])
OBJ 50001047 (sz=24, trace=300000, class=java.lang.String@50000181)
	value		50001048
ARR 50001048 (sz=74, trace=300000, nelems=37, elem type=char[])
OBJ 50001049 (sz=24, trace=300000, class=java.lang.String@50000181)
	value		5000265b
OBJ 5000104a (sz=24, trace=300000, class=java.lang.String@50000181)
	value		5000265a
OBJ 5000104b (sz=24, trace=300000, class=java.lang.String@50000181)
	value		50002659
ARR 5000104c (sz=120, trace=300000, nelems=0, elem type=java.lang.String[]@500000db)
OBJ 5000104d (sz=24, trace=300000, class=java.lang.String@50000181)
	value		5000258c
OBJ 5000104e (sz=24, trace=300000, class=java.lang.String@50000181)
	value		5000259d
OBJ 5000104f (sz=24, trace=300000, class=java.lang.String@50000181)
	value		500025cd
OBJ 50001050 (sz=24, trace=300000, class=java.lang.String@50000181)
	value		500025e5
OBJ 50001051 (sz=24, trace=300000, class=java.lang.String@50000181)
	value		500025a5
OBJ 50001052 (sz=24, trace=300000, class=java.lang.String@50000181)
	value		500025c4
OBJ 50001053 (sz=24, trace=300000, class=java.lang.String@50000181)
	value		50002639
OBJ 50001054 (sz=24, trace=300000, class=java.lang.String@50000181)
	value		5000259c
OBJ 50001055 (sz=24, trace=300000, class=java.lang.String@50000181)
	value		50001095
OBJ 50001056 (sz=24, trace=300000, class=java.lang.String@50000181)
	value		50002635
OBJ 50001057 (sz=24, trace=300000, class=java.lang.String@50000181)
	value		500010b4
OBJ 50001058 (sz=24, trace=300000, class=java.lang.String@50000181)
	value		50002637
OBJ 50001059 (sz=24, trace=300000, class=java.lang.String@50000181)
	value		500025ae
OBJ 5000105a (sz=24, trace=300000, class=java.lang.String@50000181)
	value		50002580
OBJ 5000105b (sz=24, trace=300000, class=java.lang.String@50000181)
	value		50002577
OBJ 5000105c (sz=24, trace=300000, class=java.lang.String@50000181)
	value		5000263a
OBJ 5000105d (sz=24, trace=300000, class=java.lang.String@50000181)
	value		50002636
OBJ 5000105e (sz=24, trace=300000, class=java.lang.String@50000181)
	value		50002654
OBJ 5000105f (sz=24, trace=300000, class=java.lang.String@50000181)
	value		50002653
OBJ 50001060 (sz=24, trace=300000, class=java.lang.String@50000181)
	value		50002652
OBJ 50001061 (sz=24, trace=300000, class=java.lang.String@50000181)
	value		50002651
OBJ 50001062 (sz=24, trace=300000, class=java.lang.String@50000181)
	value		50002650
OBJ 50001063 (sz=24, trace=300000, class=java.lang.String@50000181)
	value		5000264f
OBJ 50001064 (sz=24, trace=300000, class=java.lang.String@50000181)
	value		50002638
OBJ 50001065 (sz=24, trace=300000, class=java.lang.String@50000181)
	value		50002582
OBJ 50001066 (sz=24, trace=300000, class=java.lang.String@50000181)
	value		5000256e
OBJ 50001067 (sz=24, trace=300000, class=java.lang.String@50000181)
	value		50001097
OBJ 50001068 (sz=24, trace=300000, class=java.lang.String@50000181)
	value		50002578
OBJ 50001069 (sz=24, trace=300000, class=java.lang.String@50000181)
	value		500025d6
ARR 5000106a (sz=40, trace=300000, nelems=6, elem type=java.io.ObjectStreamField[]@5000010e)
	[0]		5000262f
	[1]		50002630
	[2]		50002631
	[3]		50002632
	[4]		50002633
	[5]		50002634
OBJ 5000106b (sz=32, trace=300000, class=java.util.Locale@5000002e)
	baseLocale	500025fc
OBJ 5000106c (sz=32, trace=300000, class=java.util.Locale@5000002e)
	baseLocale	50002603
OBJ 5000106d (sz=32, trace=300000, class=java.util.Locale@5000002e)
	baseLocale	5000256f
OBJ 5000106e (sz=32, trace=300000, class=java.util.Locale@5000002e)
	baseLocale	500025de
OBJ 5000106f (sz=32, trace=300000, class=java.util.Locale@5000002e)
	baseLocale	500025d7
OBJ 50001070 (sz=32, trace=300000, class=java.util.Locale@5000002e)
	baseLocale	50001094
OBJ 50001071 (sz=32, trace=300000, class=java.util.Locale@5000002e)
	baseLocale	500025c5
OBJ 50001072 (sz=32, trace=300000, class=java.util.Locale@5000002e)
	baseLocale	50002579
OBJ 50001073 (sz=32, trace=300000, class=java.util.Locale@5000002e)
	baseLocale	500025a6
OBJ 50001074 (sz=32, trace=300000, class=java.util.Locale@5000002e)
	baseLocale	500025e6
OBJ 50001075 (sz=32, trace=300000, class=java.util.Locale@5000002e)
	baseLocale	5000259e
OBJ 50001076 (sz=32, trace=300000, class=java.util.Locale@5000002e)
	baseLocale	500025ce
OBJ 50001077 (sz=32, trace=300000, class=java.util.Locale@5000002e)
	baseLocale	5000258b
OBJ 50001078 (sz=32, trace=300000, class=java.util.Locale@5000002e)
	baseLocale	500025ed
OBJ 50001079 (sz=32, trace=300000, class=java.util.Locale@5000002e)
	baseLocale	50002581
OBJ 5000107a (sz=32, trace=300000, class=java.util.Locale@5000002e)
	baseLocale	500025af
OBJ 5000107b (sz=32, trace=300000, class=java.util.Locale@5000002e)
	baseLocale	500025f4
OBJ 5000107c (sz=32, trace=300000, class=java.util.Locale@5000002e)
	baseLocale	50002594
OBJ 5000107d (sz=32, trace=300000, class=java.util.Locale@5000002e)
	baseLocale	500025bc
OBJ 5000107e (sz=24, trace=300000, class=java.util.Locale$Cache@5000002c)
	map		50001080
	queue		5000107f
OBJ 5000107f (sz=32, trace=300000, class=java.lang.ref.ReferenceQueue@500000e6)
	lock		50002607
OBJ 50001080 (sz=64, trace=300000, class=java.util.concurrent.ConcurrentHashMap@5000002a)
	table		50001081
ARR 50001081 (sz=144, trace=300000, nelems=31, elem type=java.util.concurrent.ConcurrentHashMap$Node[]@50000022)
	[0]		50001082
	[1]		50001083
	[2]		50001084
	[4]		50001085
	[5]		50001086
	[8]		50001087
	[9]		50001088
	[10]		50001089
	[14]		5000108a
	[16]		5000108b
	[20]		5000108c
	[22]		5000108d
	[23]		5000108e
	[26]		5000108f
	[27]		50001090
	[29]		50000b0a
	[30]		50001091
OBJ 50001082 (sz=32, trace=300000, class=java.util.concurrent.ConcurrentHashMap$Node@50000023)
	key		5000262c
	val		5000262b
	next		5000262a
OBJ 50001083 (sz=32, trace=300000, class=java.util.concurrent.ConcurrentHashMap$Node@50000023)
	key		50002629
	val		50002628
OBJ 50001084 (sz=32, trace=300000, class=java.util.concurrent.ConcurrentHashMap$Node@50000023)
	key		50002627
	val		50002626
OBJ 50001085 (sz=32, trace=300000, class=java.util.concurrent.ConcurrentHashMap$Node@50000023)
	key		50002625
	val		50002624
OBJ 50001086 (sz=32, trace=300000, class=java.util.concurrent.ConcurrentHashMap$Node@50000023)
	key		50002623
	val		50002622
OBJ 50001087 (sz=32, trace=300000, class=java.util.concurrent.ConcurrentHashMap$Node@50000023)
	key		5000261f
	val		5000261e
	next		5000261d
OBJ 50001088 (sz=32, trace=300000, class=java.util.concurrent.ConcurrentHashMap$Node@50000023)
	key		5000261c
	val		5000261b
OBJ 50001089 (sz=32, trace=300000, class=java.util.concurrent.ConcurrentHashMap$Node@50000023)
	key		5000261a
	val		50002619
	next		50000af7
OBJ 5000108a (sz=32, trace=300000, class=java.util.concurrent.ConcurrentHashMap$Node@50000023)
	key		50002618
	val		50002617
OBJ 5000108b (sz=32, trace=300000, class=java.util.concurrent.ConcurrentHashMap$Node@50000023)
	key		50002616
	val		50002615
OBJ 5000108c (sz=32, trace=300000, class=java.util.concurrent.ConcurrentHashMap$Node@50000023)
	key		50002614
	val		50002613
OBJ 5000108d (sz=32, trace=300000, class=java.util.concurrent.ConcurrentHashMap$Node@50000023)
	key		50002612
	val		50002611
OBJ 5000108e (sz=32, trace=300000, class=java.util.concurrent.ConcurrentHashMap$Node@50000023)
	key		50002610
	val		5000260f
OBJ 5000108f (sz=32, trace=300000, class=java.util.concurrent.ConcurrentHashMap$Node@50000023)
	key		5000260e
	val		5000260d
OBJ 50001090 (sz=32, trace=300000, class=java.util.concurrent.ConcurrentHashMap$Node@50000023)
	key		5000260a
	val		50002609
	next		50002608
OBJ 50001091 (sz=32, trace=300000, class=java.util.concurrent.ConcurrentHashMap$Node@50000023)
	key		50001093
	val		50001092
OBJ 50001092 (sz=48, trace=300000, class=sun.util.locale.LocaleObjectCache$CacheEntry@50000018)
	referent	50001070
	queue		5000107f
	key		50001093
OBJ 50001093 (sz=24, trace=300000, class=java.util.Locale$LocaleKey@50000017)
	base		50001094
OBJ 50001094 (sz=32, trace=300000, class=sun.util.locale.BaseLocale@5000001b)
	language	50001055
	script		50000f74
	region		50001067
	variant		50000f74
ARR 50001095 (sz=4, trace=300000, nelems=2, elem type=char[])
ARR 50001096 (sz=0, trace=300000, nelems=0, elem type=char[])
ARR 50001097 (sz=4, trace=300000, nelems=2, elem type=char[])
OBJ 50001098 (sz=24, trace=300000, class=java.lang.String@50000181)
	value		50002606
OBJ 50001099 (sz=24, trace=300000, class=java.lang.String@50000181)
	value		50002605
OBJ 5000109a (sz=24, trace=300000, class=java.lang.String@50000181)
	value		50002604
OBJ 5000109b (sz=24, trace=300000, class=sun.util.locale.BaseLocale$Cache@5000001a)
	map		5000109f
	queue		5000109e
OBJ 5000109c (sz=24, trace=300000, class=java.lang.String@50000181)
	value		5000109d
ARR 5000109d (sz=2, trace=300000, nelems=1, elem type=char[])
OBJ 5000109e (sz=32, trace=300000, class=java.lang.ref.ReferenceQueue@500000e6)
	lock		50002570
OBJ 5000109f (sz=64, trace=300000, class=java.util.concurrent.ConcurrentHashMap@5000002a)
	table		500010a0
ARR 500010a0 (sz=144, trace=300000, nelems=27, elem type=java.util.concurrent.ConcurrentHashMap$Node[]@50000022)
	[0]		500010a1
	[1]		500010a2
	[4]		500010a3
	[7]		500010a4
	[8]		500010a5
	[9]		500010a6
	[11]		500010a7
	[12]		500010a8
	[13]		50000af3
	[14]		500010a9
	[21]		50000b06
	[23]		500010aa
	[25]		500010ab
	[26]		500010ac
OBJ 500010a1 (sz=32, trace=300000, class=java.util.concurrent.ConcurrentHashMap$Node@50000023)
	key		500025f7
	val		500025f6
	next		500025f5
OBJ 500010a2 (sz=32, trace=300000, class=java.util.concurrent.ConcurrentHashMap$Node@50000023)
	key		500025ef
	val		500025ee
OBJ 500010a3 (sz=32, trace=300000, class=java.util.concurrent.ConcurrentHashMap$Node@50000023)
	key		500025e8
	val		500025e7
OBJ 500010a4 (sz=32, trace=300000, class=java.util.concurrent.ConcurrentHashMap$Node@50000023)
	key		500025e0
	val		500025df
OBJ 500010a5 (sz=32, trace=300000, class=java.util.concurrent.ConcurrentHashMap$Node@50000023)
	key		500025bf
	val		500025be
	next		500025bd
OBJ 500010a6 (sz=32, trace=300000, class=java.util.concurrent.ConcurrentHashMap$Node@50000023)
	key		500025b7
	val		500025b6
OBJ 500010a7 (sz=32, trace=300000, class=java.util.concurrent.ConcurrentHashMap$Node@50000023)
	key		500025a9
	val		500025a8
	next		500025a7
OBJ 500010a8 (sz=32, trace=300000, class=java.util.concurrent.ConcurrentHashMap$Node@50000023)
	key		5000258f
	val		5000258e
	next		5000258d
OBJ 500010a9 (sz=32, trace=300000, class=java.util.concurrent.ConcurrentHashMap$Node@50000023)
	key		50002586
	val		50002585
OBJ 500010aa (sz=32, trace=300000, class=java.util.concurrent.ConcurrentHashMap$Node@50000023)
	key		5000257b
	val		5000257a
OBJ 500010ab (sz=32, trace=300000, class=java.util.concurrent.ConcurrentHashMap$Node@50000023)
	key		50002572
	val		50002571
OBJ 500010ac (sz=32, trace=300000, class=java.util.concurrent.ConcurrentHashMap$Node@50000023)
	key		500010ae
	val		500010ad
OBJ 500010ad (sz=48, trace=300000, class=sun.util.locale.LocaleObjectCache$CacheEntry@50000018)
	referent	5000256f
	queue		5000109e
	key		500010ae
OBJ 500010ae (sz=40, trace=300000, class=sun.util.locale.BaseLocale$Key@50000019)
	lang		500010b2
	scrt		500010b1
	regn		500010b0
	vart		500010af
OBJ 500010af (sz=40, trace=300000, class=java.lang.ref.SoftReference@50000165)
	referent	50000f74
	queue		500010b3
OBJ 500010b0 (sz=40, trace=300000, class=java.lang.ref.SoftReference@50000165)
	referent	50001066
	queue		500010b3
OBJ 500010b1 (sz=40, trace=300000, class=java.lang.ref.SoftReference@50000165)
	referent	50000f74
	queue		500010b3
OBJ 500010b2 (sz=40, trace=300000, class=java.lang.ref.SoftReference@50000165)
	referent	50001057
	queue		500010b3
OBJ 500010b3 (sz=32, trace=300000, class=java.lang.ref.ReferenceQueue$Null@500000e5)
	lock		500010b5
ARR 500010b4 (sz=4, trace=300000, nelems=2, elem type=char[])
OBJ 500010b5 (sz=16, trace=300000, class=java.lang.ref.ReferenceQueue$Lock@500000e4)
OBJ 500010b6 (sz=32, trace=300000, class=java.lang.ref.ReferenceQueue$Null@500000e5)
	lock		500010b7
OBJ 500010b7 (sz=16, trace=300000, class=java.lang.ref.ReferenceQueue$Lock@500000e4)
OBJ 500010b8 (sz=24, trace=300000, class=java.lang.String@50000181)
	value		5000256d
OBJ 500010b9 (sz=16, trace=300000, class=java.security.ProtectionDomain$JavaSecurityAccessImpl@5000000b)
OBJ 500010ba (sz=16, trace=300000, class=java.security.ProtectionDomain$2@50000009)
OBJ 500010bb (sz=16, trace=300000, class=java.io.FileDescriptor$1@50000088)
OBJ 500010bc (sz=16, trace=300000, class=java.nio.Bits$1@5000006d)
OBJ 500010bd (sz=16, trace=300000, class=java.net.URLClassLoader$7@5000003a)
OBJ 500010be (sz=16, trace=300000, class=java.lang.ref.Reference$1@500000e0)
OBJ 500010bf (sz=24, trace=300000, class=java.lang.String@50000181)
	value		500010d4
OBJ 500010c0 (sz=24, trace=300000, class=java.lang.String@50000181)
	value		500010cb
OBJ 500010c1 (sz=24, trace=300000, class=java.lang.String@50000181)
	value		500010d0
OBJ 500010c2 (sz=24, trace=300000, class=java.lang.String@50000181)
	value		500010cf
OBJ 500010c3 (sz=24, trace=300000, class=java.lang.String@50000181)
	value		500010cd
OBJ 500010c4 (sz=48, trace=300000, class=java.util.HashMap@500000d9)
	table		500010d1
OBJ 500010c5 (sz=48, trace=300000, class=java.util.HashMap@500000d9)
	table		500010c6
ARR 500010c6 (sz=80, trace=300000, nelems=11, elem type=java.util.HashMap$Node[]@500000d5)
	[2]		500010c7
	[5]		500010c8
	[10]		500010c9
OBJ 500010c7 (sz=32, trace=300000, class=java.util.HashMap$Node@500000d7)
	key		500000da
	value		500010ce
OBJ 500010c8 (sz=32, trace=300000, class=java.util.HashMap$Node@500000d7)
	key		5000017a
	value		500010cc
OBJ 500010c9 (sz=32, trace=300000, class=java.util.HashMap$Node@500000d7)
	key		5000017d
	value		500010ca
ARR 500010ca (sz=24, trace=300000, nelems=1, elem type=java.lang.String[]@500000db)
	[0]		500010c0
ARR 500010cb (sz=22, trace=300000, nelems=11, elem type=char[])
ARR 500010cc (sz=24, trace=300000, nelems=1, elem type=java.lang.String[]@500000db)
	[0]		500010c3
ARR 500010cd (sz=16, trace=300000, nelems=8, elem type=char[])
ARR 500010ce (sz=24, trace=300000, nelems=2, elem type=java.lang.String[]@500000db)
	[0]		500010c1
	[1]		500010c2
ARR 500010cf (sz=30, trace=300000, nelems=15, elem type=char[])
ARR 500010d0 (sz=28, trace=300000, nelems=14, elem type=char[])
ARR 500010d1 (sz=80, trace=300000, nelems=4, elem type=java.util.HashMap$Node[]@500000d5)
	[3]		500010d2
OBJ 500010d2 (sz=32, trace=300000, class=java.util.HashMap$Node@500000d7)
	key		50000134
	value		500010d3
ARR 500010d3 (sz=24, trace=300000, nelems=1, elem type=java.lang.String[]@500000db)
	[0]		500010bf
ARR 500010d4 (sz=18, trace=300000, nelems=9, elem type=char[])
OBJ 500010d5 (sz=24, trace=300000, class=java.lang.String@50000181)
	value		50002568
OBJ 500010d6 (sz=24, trace=300000, class=java.lang.String@50000181)
	value		5000133b
OBJ 500010d7 (sz=24, trace=300000, class=java.lang.String@50000181)
	value		500024af
OBJ 500010d8 (sz=24, trace=300000, class=java.lang.String@50000181)
	value		50002567
OBJ 500010d9 (sz=24, trace=300000, class=java.lang.String@50000181)
	value		50002566
OBJ 500010da (sz=24, trace=300000, class=java.lang.String@50000181)
	value		50002565
OBJ 500010db (sz=24, trace=300000, class=java.lang.String@50000181)
	value		50002564
OBJ 500010dc (sz=24, trace=300000, class=java.lang.String@50000181)
	value		500024d2
OBJ 500010dd (sz=48, trace=300000, class=java.util.Properties@50000158)
	table		500010df
OBJ 500010de (sz=16, trace=300000, class=java.lang.Object@50000185)
ARR 500010df (sz=400, trace=300000, nelems=89, elem type=java.util.Hashtable$Entry[]@500000d2)
	[0]		500010e0
	[2]		500010e1
	[5]		500010e2
	[9]		500010e3
	[10]		500010e4
	[11]		500010e5
	[13]		500010e6
	[16]		500010e7
	[17]		500010e8
	[18]		500010e9
	[19]		500010ea
	[21]		500010eb
	[22]		500010ec
	[24]		500010ed
	[26]		500010ee
	[27]		500010ef
	[33]		500010f0
	[38]		500010f1
	[39]		500010f2
	[40]		500010f3
	[41]		500010f4
	[44]		500010f5
	[47]		500010f6
	[49]		500010f7
	[54]		500010f8
	[57]		500010f9
	[63]		500010fa
	[64]		500010fb
	[65]		500010fc
	[67]		500010fd
	[70]		500010fe
	[72]		500010ff
	[76]		50001100
	[79]		50001101
	[80]		50001102
	[81]		50001103
	[82]		50001104
	[88]		50001105
OBJ 500010e0 (sz=32, trace=300000, class=java.util.Hashtable$Entry@500000d3)
	key		500011f1
	value		500011f0
OBJ 500010e1 (sz=32, trace=300000, class=java.util.Hashtable$Entry@500000d3)
	key		500011ed
	value		500011ec
OBJ 500010e2 (sz=32, trace=300000, class=java.util.Hashtable$Entry@500000d3)
	key		500011e9
	value		500011e8
OBJ 500010e3 (sz=32, trace=300000, class=java.util.Hashtable$Entry@500000d3)
	key		500011e1
	value		500011e0
	next		500011df
OBJ 500010e4 (sz=32, trace=300000, class=java.util.Hashtable$Entry@500000d3)
	key		500011dc
	value		500011db
OBJ 500010e5 (sz=32, trace=300000, class=java.util.Hashtable$Entry@500000d3)
	key		500011d8
	value		500011d7
OBJ 500010e6 (sz=32, trace=300000, class=java.util.Hashtable$Entry@500000d3)
	key		500011d4
	value		500011d3
OBJ 500010e7 (sz=32, trace=300000, class=java.util.Hashtable$Entry@500000d3)
	key		500011cc
	value		500011cb
	next		500011ca
OBJ 500010e8 (sz=32, trace=300000, class=java.util.Hashtable$Entry@500000d3)
	key		500011c7
	value		500011c6
OBJ 500010e9 (sz=32, trace=300000, class=java.util.Hashtable$Entry@500000d3)
	key		500011c3
	value		500011c2
OBJ 500010ea (sz=32, trace=300000, class=java.util.Hashtable$Entry@500000d3)
	key		500011bf
	value		500011be
OBJ 500010eb (sz=32, trace=300000, class=java.util.Hashtable$Entry@500000d3)
	key		500011b7
	value		500011b6
	next		500011b5
OBJ 500010ec (sz=32, trace=300000, class=java.util.Hashtable$Entry@500000d3)
	key		500011b2
	value		500011b1
OBJ 500010ed (sz=32, trace=300000, class=java.util.Hashtable$Entry@500000d3)
	key		500011aa
	value		500011a9
	next		500011a8
OBJ 500010ee (sz=32, trace=300000, class=java.util.Hashtable$Entry@500000d3)
	key		5000119e
	value		5000119d
	next		5000119c
OBJ 500010ef (sz=32, trace=300000, class=java.util.Hashtable$Entry@500000d3)
	key		50001199
	value		50001198
OBJ 500010f0 (sz=32, trace=300000, class=java.util.Hashtable$Entry@500000d3)
	key		50001191
	value		50001190
	next		5000118f
OBJ 500010f1 (sz=32, trace=300000, class=java.util.Hashtable$Entry@500000d3)
	key		50001188
	value		50001187
	next		50001186
OBJ 500010f2 (sz=32, trace=300000, class=java.util.Hashtable$Entry@500000d3)
	key		50001183
	value		50001182
OBJ 500010f3 (sz=32, trace=300000, class=java.util.Hashtable$Entry@500000d3)
	key		5000117f
	value		5000117e
OBJ 500010f4 (sz=32, trace=300000, class=java.util.Hashtable$Entry@500000d3)
	key		5000117b
	value		5000117a
OBJ 500010f5 (sz=32, trace=300000, class=java.util.Hashtable$Entry@500000d3)
	key		50001177
	value		50001176
OBJ 500010f6 (sz=32, trace=300000, class=java.util.Hashtable$Entry@500000d3)
	key		50001173
	value		50001172
OBJ 500010f7 (sz=32, trace=300000, class=java.util.Hashtable$Entry@500000d3)
	key		5000116b
	value		5000116a
	next		50001169
OBJ 500010f8 (sz=32, trace=300000, class=java.util.Hashtable$Entry@500000d3)
	key		50001166
	value		50001165
OBJ 500010f9 (sz=32, trace=300000, class=java.util.Hashtable$Entry@500000d3)
	key		50001162
	value		50000e6a
OBJ 500010fa (sz=32, trace=300000, class=java.util.Hashtable$Entry@500000d3)
	key		5000115f
	value		5000115e
OBJ 500010fb (sz=32, trace=300000, class=java.util.Hashtable$Entry@500000d3)
	key		5000115b
	value		5000115a
OBJ 500010fc (sz=32, trace=300000, class=java.util.Hashtable$Entry@500000d3)
	key		50001157
	value		50001156
OBJ 500010fd (sz=32, trace=300000, class=java.util.Hashtable$Entry@500000d3)
	key		50001150
	value		5000114f
	next		5000114e
OBJ 500010fe (sz=32, trace=300000, class=java.util.Hashtable$Entry@500000d3)
	key		50001147
	value		50001146
	next		50001145
OBJ 500010ff (sz=32, trace=300000, class=java.util.Hashtable$Entry@500000d3)
	key		50001142
	value		50001141
OBJ 50001100 (sz=32, trace=300000, class=java.util.Hashtable$Entry@500000d3)
	key		5000113a
	value		50001139
	next		50001138
OBJ 50001101 (sz=32, trace=300000, class=java.util.Hashtable$Entry@500000d3)
	key		50001127
	value		50001126
	next		50001125
OBJ 50001102 (sz=32, trace=300000, class=java.util.Hashtable$Entry@500000d3)
	key		5000111e
	value		5000111d
	next		5000111c
OBJ 50001103 (sz=32, trace=300000, class=java.util.Hashtable$Entry@500000d3)
	key		50001119
	value		50001118
OBJ 50001104 (sz=32, trace=300000, class=java.util.Hashtable$Entry@500000d3)
	key		50001111
	value		50001110
	next		5000110f
OBJ 50001105 (sz=32, trace=300000, class=java.util.Hashtable$Entry@500000d3)
	key		50001108
	value		50001107
	next		50001106
OBJ 50001106 (sz=32, trace=300000, class=java.util.Hashtable$Entry@500000d3)
	key		5000110c
	value		5000110b
OBJ 50001107 (sz=24, trace=300000, class=java.lang.String@50000181)
	value		5000110a
OBJ 50001108 (sz=24, trace=300000, class=java.lang.String@50000181)
	value		50001109
ARR 50001109 (sz=42, trace=300000, nelems=21, elem type=char[])
ARR 5000110a (sz=76, trace=300000, nelems=38, elem type=char[])
OBJ 5000110b (sz=24, trace=300000, class=java.lang.String@50000181)
	value		5000110e
OBJ 5000110c (sz=24, trace=300000, class=java.lang.String@50000181)
	value		5000110d
ARR 5000110d (sz=30, trace=300000, nelems=15, elem type=char[])
ARR 5000110e (sz=20, trace=300000, nelems=10, elem type=char[])
OBJ 5000110f (sz=32, trace=300000, class=java.util.Hashtable$Entry@500000d3)
	key		50001115
	value		50001114
OBJ 50001110 (sz=24, trace=300000, class=java.lang.String@50000181)
	value		50001113
OBJ 50001111 (sz=24, trace=300000, class=java.lang.String@50000181)
	value		50001112
ARR 50001112 (sz=28, trace=300000, nelems=14, elem type=char[])
ARR 50001113 (sz=36, trace=300000, nelems=18, elem type=char[])
OBJ 50001114 (sz=24, trace=300000, class=java.lang.String@50000181)
	value		50001117
OBJ 50001115 (sz=24, trace=300000, class=java.lang.String@50000181)
	value		50001116
ARR 50001116 (sz=30, trace=300000, nelems=15, elem type=char[])
ARR 50001117 (sz=46, trace=300000, nelems=23, elem type=char[])
OBJ 50001118 (sz=24, trace=300000, class=java.lang.String@50000181)
	value		5000111b
OBJ 50001119 (sz=24, trace=300000, class=java.lang.String@50000181)
	value		5000111a
ARR 5000111a (sz=28, trace=300000, nelems=14, elem type=char[])
ARR 5000111b (sz=2, trace=300000, nelems=1, elem type=char[])
OBJ 5000111c (sz=32, trace=300000, class=java.util.Hashtable$Entry@500000d3)
	key		50001122
	value		50001121
OBJ 5000111d (sz=24, trace=300000, class=java.lang.String@50000181)
	value		50001120
OBJ 5000111e (sz=24, trace=300000, class=java.lang.String@50000181)
	value		5000111f
ARR 5000111f (sz=24, trace=300000, nelems=12, elem type=char[])
ARR 50001120 (sz=66, trace=300000, nelems=33, elem type=char[])
OBJ 50001121 (sz=24, trace=300000, class=java.lang.String@50000181)
	value		50001124
OBJ 50001122 (sz=24, trace=300000, class=java.lang.String@50000181)
	value		50001123
ARR 50001123 (sz=34, trace=300000, nelems=17, elem type=char[])
ARR 50001124 (sz=12, trace=300000, nelems=6, elem type=char[])
OBJ 50001125 (sz=32, trace=300000, class=java.util.Hashtable$Entry@500000d3)
	key		5000112c
	value		5000112b
	next		5000112a
OBJ 50001126 (sz=24, trace=300000, class=java.lang.String@50000181)
	value		50001129
OBJ 50001127 (sz=24, trace=300000, class=java.lang.String@50000181)
	value		50001128
ARR 50001128 (sz=22, trace=300000, nelems=11, elem type=char[])
ARR 50001129 (sz=0, trace=300000, nelems=0, elem type=char[])
OBJ 5000112a (sz=32, trace=300000, class=java.util.Hashtable$Entry@500000d3)
	key		50001131
	value		50001130
	next		5000112f
OBJ 5000112b (sz=24, trace=300000, class=java.lang.String@50000181)
	value		5000112e
OBJ 5000112c (sz=24, trace=300000, class=java.lang.String@50000181)
	value		5000112d
ARR 5000112d (sz=24, trace=300000, nelems=12, elem type=char[])
ARR 5000112e (sz=4, trace=300000, nelems=2, elem type=char[])
OBJ 5000112f (sz=32, trace=300000, class=java.util.Hashtable$Entry@500000d3)
	key		50001135
	value		50001134
OBJ 50001130 (sz=24, trace=300000, class=java.lang.String@50000181)
	value		50001133
OBJ 50001131 (sz=24, trace=300000, class=java.lang.String@50000181)
	value		50001132
ARR 50001132 (sz=34, trace=300000, nelems=17, elem type=char[])
ARR 50001133 (sz=24, trace=300000, nelems=12, elem type=char[])
OBJ 50001134 (sz=24, trace=300000, class=java.lang.String@50000181)
	value		50001137
OBJ 50001135 (sz=24, trace=300000, class=java.lang.String@50000181)
	value		50001136
ARR 50001136 (sz=36, trace=300000, nelems=18, elem type=char[])
ARR 50001137 (sz=28, trace=300000, nelems=14, elem type=char[])
OBJ 50001138 (sz=32, trace=300000, class=java.util.Hashtable$Entry@500000d3)
	key		5000113e
	value		5000113d
OBJ 50001139 (sz=24, trace=300000, class=java.lang.String@50000181)
	value		5000113c
OBJ 5000113a (sz=24, trace=300000, class=java.lang.String@50000181)
	value		5000113b
ARR 5000113b (sz=52, trace=300000, nelems=26, elem type=char[])
ARR 5000113c (sz=68, trace=300000, nelems=34, elem type=char[])
OBJ 5000113d (sz=24, trace=300000, class=java.lang.String@50000181)
	value		50001140
OBJ 5000113e (sz=24, trace=300000, class=java.lang.String@50000181)
	value		5000113f
ARR 5000113f (sz=16, trace=300000, nelems=8, elem type=char[])
ARR 50001140 (sz=128, trace=300000, nelems=64, elem type=char[])
OBJ 50001141 (sz=24, trace=300000, class=java.lang.String@50000181)
	value		50001144
OBJ 50001142 (sz=24, trace=300000, class=java.lang.String@50000181)
	value		50001143
ARR 50001143 (sz=40, trace=300000, nelems=20, elem type=char[])
ARR 50001144 (sz=64, trace=300000, nelems=32, elem type=char[])
OBJ 50001145 (sz=32, trace=300000, class=java.util.Hashtable$Entry@500000d3)
	key		5000114b
	value		5000114a
OBJ 50001146 (sz=24, trace=300000, class=java.lang.String@50000181)
	value		50001149
OBJ 50001147 (sz=24, trace=300000, class=java.lang.String@50000181)
	value		50001148
ARR 50001148 (sz=36, trace=300000, nelems=18, elem type=char[])
ARR 50001149 (sz=94, trace=300000, nelems=47, elem type=char[])
OBJ 5000114a (sz=24, trace=300000, class=java.lang.String@50000181)
	value		5000114d
OBJ 5000114b (sz=24, trace=300000, class=java.lang.String@50000181)
	value		5000114c
ARR 5000114c (sz=14, trace=300000, nelems=7, elem type=char[])
ARR 5000114d (sz=10, trace=300000, nelems=5, elem type=char[])
OBJ 5000114e (sz=32, trace=300000, class=java.util.Hashtable$Entry@500000d3)
	key		50001153
	value		50000f9d
OBJ 5000114f (sz=24, trace=300000, class=java.lang.String@50000181)
	value		50001152
OBJ 50001150 (sz=24, trace=300000, class=java.lang.String@50000181)
	value		50001151
ARR 50001151 (sz=28, trace=300000, nelems=14, elem type=char[])
ARR 50001152 (sz=80, trace=300000, nelems=40, elem type=char[])
OBJ 50001153 (sz=24, trace=300000, class=java.lang.String@50000181)
	value		50001154
ARR 50001154 (sz=28, trace=300000, nelems=14, elem type=char[])
ARR 50001155 (sz=4, trace=300000, nelems=2, elem type=char[])
OBJ 50001156 (sz=24, trace=300000, class=java.lang.String@50000181)
	value		50001159
OBJ 50001157 (sz=24, trace=300000, class=java.lang.String@50000181)
	value		50001158
ARR 50001158 (sz=56, trace=300000, nelems=28, elem type=char[])
ARR 50001159 (sz=36, trace=300000, nelems=18, elem type=char[])
OBJ 5000115a (sz=24, trace=300000, class=java.lang.String@50000181)
	value		5000115d
OBJ 5000115b (sz=24, trace=300000, class=java.lang.String@50000181)
	value		5000115c
ARR 5000115c (sz=24, trace=300000, nelems=12, elem type=char[])
ARR 5000115d (sz=0, trace=300000, nelems=0, elem type=char[])
OBJ 5000115e (sz=24, trace=300000, class=java.lang.String@50000181)
	value		50001161
OBJ 5000115f (sz=24, trace=300000, class=java.lang.String@50000181)
	value		50001160
ARR 50001160 (sz=14, trace=300000, nelems=7, elem type=char[])
ARR 50001161 (sz=18, trace=300000, nelems=9, elem type=char[])
OBJ 50001162 (sz=24, trace=300000, class=java.lang.String@50000181)
	value		50001163
ARR 50001163 (sz=32, trace=300000, nelems=16, elem type=char[])
ARR 50001164 (sz=6, trace=300000, nelems=3, elem type=char[])
OBJ 50001165 (sz=24, trace=300000, class=java.lang.String@50000181)
	value		50001168
OBJ 50001166 (sz=24, trace=300000, class=java.lang.String@50000181)
	value		50001167
ARR 50001167 (sz=34, trace=300000, nelems=17, elem type=char[])
ARR 50001168 (sz=2236, trace=300000, nelems=1118, elem type=char[])
OBJ 50001169 (sz=32, trace=300000, class=java.util.Hashtable$Entry@500000d3)
	key		5000116f
	value		5000116e
OBJ 5000116a (sz=24, trace=300000, class=java.lang.String@50000181)
	value		5000116d
OBJ 5000116b (sz=24, trace=300000, class=java.lang.String@50000181)
	value		5000116c
ARR 5000116c (sz=46, trace=300000, nelems=23, elem type=char[])
ARR 5000116d (sz=62, trace=300000, nelems=31, elem type=char[])
OBJ 5000116e (sz=24, trace=300000, class=java.lang.String@50000181)
	value		50001171
OBJ 5000116f (sz=24, trace=300000, class=java.lang.String@50000181)
	value		50001170
ARR 50001170 (sz=36, trace=300000, nelems=18, elem type=char[])
ARR 50001171 (sz=8, trace=300000, nelems=4, elem type=char[])
OBJ 50001172 (sz=24, trace=300000, class=java.lang.String@50000181)
	value		50001175
OBJ 50001173 (sz=24, trace=300000, class=java.lang.String@50000181)
	value		50001174
ARR 50001174 (sz=46, trace=300000, nelems=23, elem type=char[])
ARR 50001175 (sz=62, trace=300000, nelems=31, elem type=char[])
OBJ 50001176 (sz=24, trace=300000, class=java.lang.String@50000181)
	value		50001179
OBJ 50001177 (sz=24, trace=300000, class=java.lang.String@50000181)
	value		50001178
ARR 50001178 (sz=20, trace=300000, nelems=10, elem type=char[])
ARR 50001179 (sz=6, trace=300000, nelems=3, elem type=char[])
OBJ 5000117a (sz=24, trace=300000, class=java.lang.String@50000181)
	value		5000117d
OBJ 5000117b (sz=24, trace=300000, class=java.lang.String@50000181)
	value		5000117c
ARR 5000117c (sz=18, trace=300000, nelems=9, elem type=char[])
ARR 5000117d (sz=50, trace=300000, nelems=25, elem type=char[])
OBJ 5000117e (sz=24, trace=300000, class=java.lang.String@50000181)
	value		50001181
OBJ 5000117f (sz=24, trace=300000, class=java.lang.String@50000181)
	value		50001180
ARR 50001180 (sz=26, trace=300000, nelems=13, elem type=char[])
ARR 50001181 (sz=0, trace=300000, nelems=0, elem type=char[])
OBJ 50001182 (sz=24, trace=300000, class=java.lang.String@50000181)
	value		50001185
OBJ 50001183 (sz=24, trace=300000, class=java.lang.String@50000181)
	value		50001184
ARR 50001184 (sz=38, trace=300000, nelems=19, elem type=char[])
ARR 50001185 (sz=54, trace=300000, nelems=27, elem type=char[])
OBJ 50001186 (sz=32, trace=300000, class=java.util.Hashtable$Entry@500000d3)
	key		5000118c
	value		5000118b
OBJ 50001187 (sz=24, trace=300000, class=java.lang.String@50000181)
	value		5000118a
OBJ 50001188 (sz=24, trace=300000, class=java.lang.String@50000181)
	value		50001189
ARR 50001189 (sz=26, trace=300000, nelems=13, elem type=char[])
ARR 5000118a (sz=6, trace=300000, nelems=3, elem type=char[])
OBJ 5000118b (sz=24, trace=300000, class=java.lang.String@50000181)
	value		5000118e
OBJ 5000118c (sz=24, trace=300000, class=java.lang.String@50000181)
	value		5000118d
ARR 5000118d (sz=52, trace=300000, nelems=26, elem type=char[])
ARR 5000118e (sz=6, trace=300000, nelems=3, elem type=char[])
OBJ 5000118f (sz=32, trace=300000, class=java.util.Hashtable$Entry@500000d3)
	key		50001195
	value		50001194
OBJ 50001190 (sz=24, trace=300000, class=java.lang.String@50000181)
	value		50001193
OBJ 50001191 (sz=24, trace=300000, class=java.lang.String@50000181)
	value		50001192
ARR 50001192 (sz=18, trace=300000, nelems=9, elem type=char[])
ARR 50001193 (sz=26, trace=300000, nelems=13, elem type=char[])
OBJ 50001194 (sz=24, trace=300000, class=java.lang.String@50000181)
	value		50001197
OBJ 50001195 (sz=24, trace=300000, class=java.lang.String@50000181)
	value		50001196
ARR 50001196 (sz=30, trace=300000, nelems=15, elem type=char[])
ARR 50001197 (sz=190, trace=300000, nelems=95, elem type=char[])
OBJ 50001198 (sz=24, trace=300000, class=java.lang.String@50000181)
	value		5000119b
OBJ 50001199 (sz=24, trace=300000, class=java.lang.String@50000181)
	value		5000119a
ARR 5000119a (sz=58, trace=300000, nelems=29, elem type=char[])
ARR 5000119b (sz=6, trace=300000, nelems=3, elem type=char[])
OBJ 5000119c (sz=32, trace=300000, class=java.util.Hashtable$Entry@500000d3)
	key		500011a2
	value		50000fd7
	next		500011a1
OBJ 5000119d (sz=24, trace=300000, class=java.lang.String@50000181)
	value		500011a0
OBJ 5000119e (sz=24, trace=300000, class=java.lang.String@50000181)
	value		5000119f
ARR 5000119f (sz=38, trace=300000, nelems=19, elem type=char[])
ARR 500011a0 (sz=4, trace=300000, nelems=2, elem type=char[])
OBJ 500011a1 (sz=32, trace=300000, class=java.util.Hashtable$Entry@500000d3)
	key		500011a5
	value		500011a4
OBJ 500011a2 (sz=24, trace=300000, class=java.lang.String@50000181)
	value		500011a3
ARR 500011a3 (sz=18, trace=300000, nelems=9, elem type=char[])
OBJ 500011a4 (sz=24, trace=300000, class=java.lang.String@50000181)
	value		500011a7
OBJ 500011a5 (sz=24, trace=300000, class=java.lang.String@50000181)
	value		500011a6
ARR 500011a6 (sz=32, trace=300000, nelems=16, elem type=char[])
ARR 500011a7 (sz=18, trace=300000, nelems=9, elem type=char[])
OBJ 500011a8 (sz=32, trace=300000, class=java.util.Hashtable$Entry@500000d3)
	key		500011ae
	value		500011ad
OBJ 500011a9 (sz=24, trace=300000, class=java.lang.String@50000181)
	value		500011ac
OBJ 500011aa (sz=24, trace=300000, class=java.lang.String@50000181)
	value		500011ab
ARR 500011ab (sz=50, trace=300000, nelems=25, elem type=char[])
ARR 500011ac (sz=36, trace=300000, nelems=18, elem type=char[])
OBJ 500011ad (sz=24, trace=300000, class=java.lang.String@50000181)
	value		500011b0
OBJ 500011ae (sz=24, trace=300000, class=java.lang.String@50000181)
	value		500011af
ARR 500011af (sz=26, trace=300000, nelems=13, elem type=char[])
ARR 500011b0 (sz=4, trace=300000, nelems=2, elem type=char[])
OBJ 500011b1 (sz=24, trace=300000, class=java.lang.String@50000181)
	value		500011b4
OBJ 500011b2 (sz=24, trace=300000, class=java.lang.String@50000181)
	value		500011b3
ARR 500011b3 (sz=22, trace=300000, nelems=11, elem type=char[])
ARR 500011b4 (sz=48, trace=300000, nelems=24, elem type=char[])
OBJ 500011b5 (sz=32, trace=300000, class=java.util.Hashtable$Entry@500000d3)
	key		500011bb
	value		500011ba
OBJ 500011b6 (sz=24, trace=300000, class=java.lang.String@50000181)
	value		500011b9
OBJ 500011b7 (sz=24, trace=300000, class=java.lang.String@50000181)
	value		500011b8
ARR 500011b8 (sz=24, trace=300000, nelems=12, elem type=char[])
ARR 500011b9 (sz=38, trace=300000, nelems=19, elem type=char[])
OBJ 500011ba (sz=24, trace=300000, class=java.lang.String@50000181)
	value		500011bd
OBJ 500011bb (sz=24, trace=300000, class=java.lang.String@50000181)
	value		500011bc
ARR 500011bc (sz=54, trace=300000, nelems=27, elem type=char[])
ARR 500011bd (sz=4, trace=300000, nelems=2, elem type=char[])
OBJ 500011be (sz=24, trace=300000, class=java.lang.String@50000181)
	value		500011c1
OBJ 500011bf (sz=24, trace=300000, class=java.lang.String@50000181)
	value		500011c0
ARR 500011c0 (sz=24, trace=300000, nelems=12, elem type=char[])
ARR 500011c1 (sz=18, trace=300000, nelems=9, elem type=char[])
OBJ 500011c2 (sz=24, trace=300000, class=java.lang.String@50000181)
	value		500011c5
OBJ 500011c3 (sz=24, trace=300000, class=java.lang.String@50000181)
	value		500011c4
ARR 500011c4 (sz=26, trace=300000, nelems=13, elem type=char[])
ARR 500011c5 (sz=140, trace=300000, nelems=70, elem type=char[])
OBJ 500011c6 (sz=24, trace=300000, class=java.lang.String@50000181)
	value		500011c9
OBJ 500011c7 (sz=24, trace=300000, class=java.lang.String@50000181)
	value		500011c8
ARR 500011c8 (sz=38, trace=300000, nelems=19, elem type=char[])
ARR 500011c9 (sz=778, trace=300000, nelems=389, elem type=char[])
OBJ 500011ca (sz=32, trace=300000, class=java.util.Hashtable$Entry@500000d3)
	key		500011d0
	value		500011cf
OBJ 500011cb (sz=24, trace=300000, class=java.lang.String@50000181)
	value		500011ce
OBJ 500011cc (sz=24, trace=300000, class=java.lang.String@50000181)
	value		500011cd
ARR 500011cd (sz=38, trace=300000, nelems=19, elem type=char[])
ARR 500011ce (sz=10, trace=300000, nelems=5, elem type=char[])
OBJ 500011cf (sz=24, trace=300000, class=java.lang.String@50000181)
	value		500011d2
OBJ 500011d0 (sz=24, trace=300000, class=java.lang.String@50000181)
	value		500011d1
ARR 500011d1 (sz=22, trace=300000, nelems=11, elem type=char[])
ARR 500011d2 (sz=36, trace=300000, nelems=18, elem type=char[])
OBJ 500011d3 (sz=24, trace=300000, class=java.lang.String@50000181)
	value		500011d6
OBJ 500011d4 (sz=24, trace=300000, class=java.lang.String@50000181)
	value		500011d5
ARR 500011d5 (sz=28, trace=300000, nelems=14, elem type=char[])
ARR 500011d6 (sz=2, trace=300000, nelems=1, elem type=char[])
OBJ 500011d7 (sz=24, trace=300000, class=java.lang.String@50000181)
	value		500011da
OBJ 500011d8 (sz=24, trace=300000, class=java.lang.String@50000181)
	value		500011d9
ARR 500011d9 (sz=38, trace=300000, nelems=19, elem type=char[])
ARR 500011da (sz=70, trace=300000, nelems=35, elem type=char[])
OBJ 500011db (sz=24, trace=300000, class=java.lang.String@50000181)
	value		500011de
OBJ 500011dc (sz=24, trace=300000, class=java.lang.String@50000181)
	value		500011dd
ARR 500011dd (sz=62, trace=300000, nelems=31, elem type=char[])
ARR 500011de (sz=10, trace=300000, nelems=5, elem type=char[])
OBJ 500011df (sz=32, trace=300000, class=java.util.Hashtable$Entry@500000d3)
	key		500011e5
	value		500011e4
OBJ 500011e0 (sz=24, trace=300000, class=java.lang.String@50000181)
	value		500011e3
OBJ 500011e1 (sz=24, trace=300000, class=java.lang.String@50000181)
	value		500011e2
ARR 500011e2 (sz=28, trace=300000, nelems=14, elem type=char[])
ARR 500011e3 (sz=12, trace=300000, nelems=6, elem type=char[])
OBJ 500011e4 (sz=24, trace=300000, class=java.lang.String@50000181)
	value		500011e7
OBJ 500011e5 (sz=24, trace=300000, class=java.lang.String@50000181)
	value		500011e6
ARR 500011e6 (sz=46, trace=300000, nelems=23, elem type=char[])
ARR 500011e7 (sz=26, trace=300000, nelems=13, elem type=char[])
OBJ 500011e8 (sz=24, trace=300000, class=java.lang.String@50000181)
	value		500011eb
OBJ 500011e9 (sz=24, trace=300000, class=java.lang.String@50000181)
	value		500011ea
ARR 500011ea (sz=38, trace=300000, nelems=19, elem type=char[])
ARR 500011eb (sz=10, trace=300000, nelems=5, elem type=char[])
OBJ 500011ec (sz=24, trace=300000, class=java.lang.String@50000181)
	value		500011ef
OBJ 500011ed (sz=24, trace=300000, class=java.lang.String@50000181)
	value		500011ee
ARR 500011ee (sz=22, trace=300000, nelems=11, elem type=char[])
ARR 500011ef (sz=14, trace=300000, nelems=7, elem type=char[])
OBJ 500011f0 (sz=24, trace=300000, class=java.lang.String@50000181)
	value		500011f3
OBJ 500011f1 (sz=24, trace=300000, class=java.lang.String@50000181)
	value		500011f2
ARR 500011f2 (sz=30, trace=300000, nelems=15, elem type=char[])
ARR 500011f3 (sz=10, trace=300000, nelems=5, elem type=char[])
ARR 500011f4 (sz=32, trace=300000, nelems=16, elem type=char[])
OBJ 500011f5 (sz=24, trace=300000, class=java.util.Collections$EmptyMap@500000ea)
OBJ 500011f6 (sz=16, trace=300000, class=java.util.Collections$EmptyList@500000ec)
OBJ 500011f7 (sz=16, trace=300000, class=java.util.Collections$EmptySet@500000ed)
OBJ 500011f8 (sz=24, trace=300000, class=java.lang.String@50000181)
	value		500011fc
OBJ 500011f9 (sz=16, trace=300000, class=java.lang.Boolean@50000125)
OBJ 500011fa (sz=16, trace=300000, class=java.lang.Boolean@50000125)
ARR 500011fb (sz=8, trace=300000, nelems=4, elem type=char[])
ARR 500011fc (sz=14, trace=300000, nelems=7, elem type=char[])
OBJ 500011fd (sz=24, trace=300000, class=java.lang.String@50000181)
	value		500011fe
ARR 500011fe (sz=12, trace=300000, nelems=6, elem type=char[])
OBJ 500011ff (sz=24, trace=300000, class=java.lang.String@50000181)
	value		50001200
ARR 50001200 (sz=70, trace=300000, nelems=35, elem type=char[])
OBJ 50001201 (sz=24, trace=300000, class=java.lang.String@50000181)
	value		50002563
OBJ 50001202 (sz=24, trace=300000, class=java.lang.String@50000181)
	value		50002562
OBJ 50001203 (sz=24, trace=300000, class=java.lang.String@50000181)
	value		50002561
ARR 50001204 (sz=24, trace=300000, nelems=1, elem type=java.lang.String[]@500000db)
	[0]		50001107
ARR 50001205 (sz=152, trace=300000, nelems=33, elem type=java.lang.String[]@500000db)
	[0]		50002512
	[1]		50002513
	[2]		50002514
	[3]		50002515
	[4]		50002516
	[5]		50002517
	[6]		50002518
	[7]		50002519
	[8]		5000251a
	[9]		5000251b
	[10]		5000251c
	[11]		5000251d
	[12]		5000251e
	[13]		5000251f
	[14]		50002520
	[15]		50002521
	[16]		50002522
	[17]		50002523
	[18]		50002524
	[19]		50002525
	[20]		50002526
	[21]		50002527
	[22]		50002528
	[23]		50002529
	[24]		5000252a
	[25]		5000252b
	[26]		5000252c
	[27]		5000252d
	[28]		5000252e
	[29]		5000252f
	[30]		50002530
	[31]		50002531
	[32]		50002532
OBJ 50001206 (sz=32, trace=300000, class=java.util.Stack@500000f6)
	elementData	50002511
OBJ 50001207 (sz=32, trace=300000, class=java.util.Vector@500000f7)
	elementData	5000250f
OBJ 50001208 (sz=32, trace=300000, class=java.util.Vector@500000f7)
	elementData	5000250e
ARR 50001209 (sz=16, trace=300000, nelems=0, elem type=java.security.cert.Certificate[]@500000fe)
OBJ 5000120a (sz=48, trace=300000, class=sun.misc.URLClassPath@50000004)
	path		500024ff
	urls		500024fe
	loaders		500024fd
	lmap		500024fc
	jarHandler	500024fb
OBJ 5000120b (sz=48, trace=300000, class=java.util.WeakHashMap@500000ba)
	table		5000250c
	queue		5000250b
OBJ 5000120c (sz=40, trace=300000, class=java.security.AccessControlContext@50000172)
OBJ 5000120d (sz=48, trace=300000, class=java.util.HashMap@500000d9)
	table		500006af
OBJ 5000120e (sz=16, trace=300000, class=java.lang.Object@50000185)
OBJ 5000120f (sz=32, trace=300000, class=java.util.Vector@500000f7)
	elementData	500024f5
OBJ 50001210 (sz=48, trace=300000, class=java.util.HashMap@500000d9)
OBJ 50001211 (sz=24, trace=300000, class=java.util.Collections$SynchronizedSet@50000092)
	c		500024f3
	mutex		50001211
OBJ 50001212 (sz=40, trace=300000, class=java.security.ProtectionDomain@50000173)
	codesource	500024f2
	classloader	50000e6b
	principals	500024f1
	key		500024f0
OBJ 50001213 (sz=32, trace=300000, class=java.util.Vector@500000f7)
	elementData	500024ef
OBJ 50001214 (sz=64, trace=300000, class=java.util.concurrent.ConcurrentHashMap@5000002a)
	table		500006b1
OBJ 50001215 (sz=64, trace=300000, class=java.util.concurrent.ConcurrentHashMap@5000002a)
	table		500003c0
OBJ 50001216 (sz=48, trace=300000, class=java.util.WeakHashMap@500000ba)
	table		500024e0
	queue		500024df
OBJ 50001217 (sz=40, trace=300000, class=java.security.AccessControlContext@50000172)
OBJ 50001218 (sz=48, trace=300000, class=sun.misc.URLClassPath@50000004)
	path		500023a9
	urls		500023a8
	loaders		500023a7
	lmap		500023a6
	jarHandler	500023a5
OBJ 50001219 (sz=48, trace=300000, class=java.util.HashMap@500000d9)
OBJ 5000121a (sz=16, trace=300000, class=java.lang.Object@50000185)
OBJ 5000121b (sz=32, trace=300000, class=java.util.Vector@500000f7)
	elementData	500023a4
OBJ 5000121c (sz=48, trace=300000, class=java.util.HashMap@500000d9)
OBJ 5000121d (sz=24, trace=300000, class=java.util.Collections$SynchronizedSet@50000092)
	c		500023a1
	mutex		5000121d
OBJ 5000121e (sz=40, trace=300000, class=java.security.ProtectionDomain@50000173)
	codesource	50001350
	classloader	50000e6d
	principals	5000134f
	key		5000134e
OBJ 5000121f (sz=32, trace=300000, class=java.util.Vector@500000f7)
	elementData	5000134d
OBJ 50001220 (sz=64, trace=300000, class=java.util.concurrent.ConcurrentHashMap@5000002a)
OBJ 50001221 (sz=64, trace=300000, class=java.util.concurrent.ConcurrentHashMap@5000002a)
	table		500003c3
OBJ 50001222 (sz=24, trace=300000, class=java.lang.String@50000181)
	value		50001223
ARR 50001223 (sz=62, trace=300000, nelems=31, elem type=char[])
OBJ 50001224 (sz=24, trace=300000, class=java.lang.String@50000181)
	value		50001344
OBJ 50001225 (sz=24, trace=300000, class=java.lang.String@50000181)
	value		50001231
OBJ 50001226 (sz=24, trace=300000, class=java.lang.String@50000181)
	value		50001346
OBJ 50001227 (sz=24, trace=300000, class=java.lang.String@50000181)
	value		5000134c
OBJ 50001228 (sz=24, trace=300000, class=java.lang.String@50000181)
	value		5000134b
OBJ 50001229 (sz=24, trace=300000, class=java.lang.String@50000181)
	value		5000134a
OBJ 5000122a (sz=24, trace=300000, class=java.lang.String@50000181)
	value		50001349
OBJ 5000122b (sz=24, trace=300000, class=java.lang.String@50000181)
	value		50001348
ARR 5000122c (sz=32, trace=300000, nelems=3, elem type=java.io.ObjectStreamField[]@5000010e)
	[0]		5000122d
	[1]		5000122e
	[2]		5000122f
OBJ 5000122d (sz=40, trace=300000, class=java.io.ObjectStreamField@50000110)
	name		50001226
	signature	50001345
	type		50000024
OBJ 5000122e (sz=40, trace=300000, class=java.io.ObjectStreamField@50000110)
	name		50001224
	signature	50001230
	type		50000f57
OBJ 5000122f (sz=40, trace=300000, class=java.io.ObjectStreamField@50000110)
	name		50001225
	signature	50001230
	type		50000f57
OBJ 50001230 (sz=24, trace=300000, class=java.lang.String@50000181)
	value		50001232
ARR 50001231 (sz=24, trace=300000, nelems=12, elem type=char[])
ARR 50001232 (sz=2, trace=300000, nelems=1, elem type=char[])
ARR 50001233 (sz=6, trace=300000, nelems=3, elem type=char[])
OBJ 50001234 (sz=24, trace=300000, class=java.lang.String@50000181)
	value		5000133f
OBJ 50001235 (sz=24, trace=300000, class=java.lang.String@50000181)
	value		5000133e
ARR 50001236 (sz=40, trace=300000, nelems=10, elem type=int[])
ARR 50001237 (sz=200, trace=300000, nelems=100, elem type=char[])
ARR 50001238 (sz=200, trace=300000, nelems=100, elem type=char[])
ARR 50001239 (sz=72, trace=300000, nelems=36, elem type=char[])
ARR 5000123a (sz=1040, trace=300000, nelems=256, elem type=java.lang.Integer[]@5000004b)
	[0]		5000123b
	[1]		5000123c
	[2]		5000123d
	[3]		5000123e
	[4]		5000123f
	[5]		50001240
	[6]		50001241
	[7]		50001242
	[8]		50001243
	[9]		50001244
	[10]		50001245
	[11]		50001246
	[12]		50001247
	[13]		50001248
	[14]		50001249
	[15]		5000124a
	[16]		5000124b
	[17]		5000124c
	[18]		5000124d
	[19]		5000124e
	[20]		5000124f
	[21]		50001250
	[22]		50001251
	[23]		50001252
	[24]		50001253
	[25]		50001254
	[26]		50001255
	[27]		50001256
	[28]		50001257
	[29]		50001258
	[30]		50001259
	[31]		5000125a
	[32]		5000125b
	[33]		5000125c
	[34]		5000125d
	[35]		5000125e
	[36]		5000125f
	[37]		50001260
	[38]		50001261
	[39]		50001262
	[40]		50001263
	[41]		50001264
	[42]		50001265
	[43]		50001266
	[44]		50001267
	[45]		50001268
	[46]		50001269
	[47]		5000126a
	[48]		5000126b
	[49]		5000126c
	[50]		5000126d
	[51]		5000126e
	[52]		5000126f
	[53]		50001270
	[54]		50001271
	[55]		50001272
	[56]		50001273
	[57]		50001274
	[58]		50001275
	[59]		50001276
	[60]		50001277
	[61]		50001278
	[62]		50001279
	[63]		5000127a
	[64]		5000127b
	[65]		5000127c
	[66]		5000127d
	[67]		5000127e
	[68]		5000127f
	[69]		50001280
	[70]		50001281
	[71]		50001282
	[72]		50001283
	[73]		50001284
	[74]		50001285
	[75]		50001286
	[76]		50001287
	[77]		50001288
	[78]		50001289
	[79]		5000128a
	[80]		5000128b
	[81]		5000128c
	[82]		5000128d
	[83]		5000128e
	[84]		5000128f
	[85]		50001290
	[86]		50001291
	[87]		50001292
	[88]		50001293
	[89]		50001294
	[90]		50001295
	[91]		50001296
	[92]		50001297
	[93]		50001298
	[94]		50001299
	[95]		5000129a
	[96]		5000129b
	[97]		5000129c
	[98]		5000129d
	[99]		5000129e
	[100]		5000129f
	[101]		500012a0
	[102]		500012a1
	[103]		500012a2
	[104]		500012a3
	[105]		500012a4
	[106]		500012a5
	[107]		500012a6
	[108]		500012a7
	[109]		500012a8
	[110]		500012a9
	[111]		500012aa
	[112]		500012ab
	[113]		500012ac
	[114]		500012ad
	[115]		500012ae
	[116]		500012af
	[117]		500012b0
	[118]		500012b1
	[119]		500012b2
	[120]		500012b3
	[121]		500012b4
	[122]		500012b5
	[123]		500012b6
	[124]		500012b7
	[125]		500012b8
	[126]		500012b9
	[127]		500012ba
	[128]		500012bb
	[129]		500012bc
	[130]		500012bd
	[131]		500012be
	[132]		500012bf
	[133]		500012c0
	[134]		500012c1
	[135]		500012c2
	[136]		500012c3
	[137]		500012c4
	[138]		500012c5
	[139]		500012c6
	[140]		500012c7
	[141]		500012c8
	[142]		500012c9
	[143]		500012ca
	[144]		500012cb
	[145]		500012cc
	[146]		500012cd
	[147]		500012ce
	[148]		500012cf
	[149]		500012d0
	[150]		500012d1
	[151]		500012d2
	[152]		500012d3
	[153]		500012d4
	[154]		500012d5
	[155]		500012d6
	[156]		500012d7
	[157]		500012d8
	[158]		500012d9
	[159]		500012da
	[160]		500012db
	[161]		500012dc
	[162]		500012dd
	[163]		500012de
	[164]		500012df
	[165]		500012e0
	[166]		500012e1
	[167]		500012e2
	[168]		500012e3
	[169]		500012e4
	[170]		500012e5
	[171]		500012e6
	[172]		500012e7
	[173]		500012e8
	[174]		500012e9
	[175]		500012ea
	[176]		500012eb
	[177]		500012ec
	[178]		500012ed
	[179]		500012ee
	[180]		500012ef
	[181]		500012f0
	[182]		500012f1
	[183]		500012f2
	[184]		500012f3
	[185]		500012f4
	[186]		500012f5
	[187]		500012f6
	[188]		500012f7
	[189]		500012f8
	[190]		500012f9
	[191]		500012fa
	[192]		500012fb
	[193]		500012fc
	[194]		500012fd
	[195]		500012fe
	[196]		500012ff
	[197]		50001300
	[198]		50001301
	[199]		50001302
	[200]		50001303
	[201]		50001304
	[202]		50001305
	[203]		50001306
	[204]		50001307
	[205]		50001308
	[206]		50001309
	[207]		5000130a
	[208]		5000130b
	[209]		5000130c
	[210]		5000130d
	[211]		5000130e
	[212]		5000130f
	[213]		50001310
	[214]		50001311
	[215]		50001312
	[216]		50001313
	[217]		50001314
	[218]		50001315
	[219]		50001316
	[220]		50001317
	[221]		50001318
	[222]		50001319
	[223]		5000131a
	[224]		5000131b
	[225]		5000131c
	[226]		5000131d
	[227]		5000131e
	[228]		5000131f
	[229]		50001320
	[230]		50001321
	[231]		50001322
	[232]		50001323
	[233]		50001324
	[234]		50001325
	[235]		50001326
	[236]		50001327
	[237]		50001328
	[238]		50001329
	[239]		5000132a
	[240]		5000132b
	[241]		5000132c
	[242]		5000132d
	[243]		5000132e
	[244]		5000132f
	[245]		50001330
	[246]		50001331
	[247]		50001332
	[248]		50001333
	[249]		50001334
	[250]		50001335
	[251]		50001336
	[252]		50001337
	[253]		50001338
	[254]		50001339
	[255]		5000133a
OBJ 5000123b (sz=16, trace=300000, class=java.lang.Integer@5000011e)
OBJ 5000123c (sz=16, trace=300000, class=java.lang.Integer@5000011e)
OBJ 5000123d (sz=16, trace=300000, class=java.lang.Integer@5000011e)
OBJ 5000123e (sz=16, trace=300000, class=java.lang.Integer@5000011e)
OBJ 5000123f (sz=16, trace=300000, class=java.lang.Integer@5000011e)
OBJ 50001240 (sz=16, trace=300000, class=java.lang.Integer@5000011e)
OBJ 50001241 (sz=16, trace=300000, class=java.lang.Integer@5000011e)
OBJ 50001242 (sz=16, trace=300000, class=java.lang.Integer@5000011e)
OBJ 50001243 (sz=16, trace=300000, class=java.lang.Integer@5000011e)
OBJ 50001244 (sz=16, trace=300000, class=java.lang.Integer@5000011e)
OBJ 50001245 (sz=16, trace=300000, class=java.lang.Integer@5000011e)
OBJ 50001246 (sz=16, trace=300000, class=java.lang.Integer@5000011e)
OBJ 50001247 (sz=16, trace=300000, class=java.lang.Integer@5000011e)
OBJ 50001248 (sz=16, trace=300000, class=java.lang.Integer@5000011e)
OBJ 50001249 (sz=16, trace=300000, class=java.lang.Integer@5000011e)
OBJ 5000124a (sz=16, trace=300000, class=java.lang.Integer@5000011e)
OBJ 5000124b (sz=16, trace=300000, class=java.lang.Integer@5000011e)
OBJ 5000124c (sz=16, trace=300000, class=java.lang.Integer@5000011e)
OBJ 5000124d (sz=16, trace=300000, class=java.lang.Integer@5000011e)
OBJ 5000124e (sz=16, trace=300000, class=java.lang.Integer@5000011e)
OBJ 5000124f (sz=16, trace=300000, class=java.lang.Integer@5000011e)
OBJ 50001250 (sz=16, trace=300000, class=java.lang.Integer@5000011e)
OBJ 50001251 (sz=16, trace=300000, class=java.lang.Integer@5000011e)
OBJ 50001252 (sz=16, trace=300000, class=java.lang.Integer@5000011e)
OBJ 50001253 (sz=16, trace=300000, class=java.lang.Integer@5000011e)
OBJ 50001254 (sz=16, trace=300000, class=java.lang.Integer@5000011e)
OBJ 50001255 (sz=16, trace=300000, class=java.lang.Integer@5000011e)
OBJ 50001256 (sz=16, trace=300000, class=java.lang.Integer@5000011e)
OBJ 50001257 (sz=16, trace=300000, class=java.lang.Integer@5000011e)
OBJ 50001258 (sz=16, trace=300000, class=java.lang.Integer@5000011e)
OBJ 50001259 (sz=16, trace=300000, class=java.lang.Integer@5000011e)
OBJ 5000125a (sz=16, trace=300000, class=java.lang.Integer@5000011e)
OBJ 5000125b (sz=16, trace=300000, class=java.lang.Integer@5000011e)
OBJ 5000125c (sz=16, trace=300000, class=java.lang.Integer@5000011e)
OBJ 5000125d (sz=16, trace=300000, class=java.lang.Integer@5000011e)
OBJ 5000125e (sz=16, trace=300000, class=java.lang.Integer@5000011e)
OBJ 5000125f (sz=16, trace=300000, class=java.lang.Integer@5000011e)
OBJ 50001260 (sz=16, trace=300000, class=java.lang.Integer@5000011e)
OBJ 50001261 (sz=16, trace=300000, class=java.lang.Integer@5000011e)
OBJ 50001262 (sz=16, trace=300000, class=java.lang.Integer@5000011e)
OBJ 50001263 (sz=16, trace=300000, class=java.lang.Integer@5000011e)
OBJ 50001264 (sz=16, trace=300000, class=java.lang.Integer@5000011e)
OBJ 50001265 (sz=16, trace=300000, class=java.lang.Integer@5000011e)
OBJ 50001266 (sz=16, trace=300000, class=java.lang.Integer@5000011e)
OBJ 50001267 (sz=16, trace=300000, class=java.lang.Integer@5000011e)
OBJ 50001268 (sz=16, trace=300000, class=java.lang.Integer@5000011e)
OBJ 50001269 (sz=16, trace=300000, class=java.lang.Integer@5000011e)
OBJ 5000126a (sz=16, trace=300000, class=java.lang.Integer@5000011e)
OBJ 5000126b (sz=16, trace=300000, class=java.lang.Integer@5000011e)
OBJ 5000126c (sz=16, trace=300000, class=java.lang.Integer@5000011e)
OBJ 5000126d (sz=16, trace=300000, class=java.lang.Integer@5000011e)
OBJ 5000126e (sz=16, trace=300000, class=java.lang.Integer@5000011e)
OBJ 5000126f (sz=16, trace=300000, class=java.lang.Integer@5000011e)
OBJ 50001270 (sz=16, trace=300000, class=java.lang.Integer@5000011e)
OBJ 50001271 (sz=16, trace=300000, class=java.lang.Integer@5000011e)
OBJ 50001272 (sz=16, trace=300000, class=java.lang.Integer@5000011e)
OBJ 50001273 (sz=16, trace=300000, class=java.lang.Integer@5000011e)
OBJ 50001274 (sz=16, trace=300000, class=java.lang.Integer@5000011e)
OBJ 50001275 (sz=16, trace=300000, class=java.lang.Integer@5000011e)
OBJ 50001276 (sz=16, trace=300000, class=java.lang.Integer@5000011e)
OBJ 50001277 (sz=16, trace=300000, class=java.lang.Integer@5000011e)
OBJ 50001278 (sz=16, trace=300000, class=java.lang.Integer@5000011e)
OBJ 50001279 (sz=16, trace=300000, class=java.lang.Integer@5000011e)
OBJ 5000127a (sz=16, trace=300000, class=java.lang.Integer@5000011e)
OBJ 5000127b (sz=16, trace=300000, class=java.lang.Integer@5000011e)
OBJ 5000127c (sz=16, trace=300000, class=java.lang.Integer@5000011e)
OBJ 5000127d (sz=16, trace=300000, class=java.lang.Integer@5000011e)
OBJ 5000127e (sz=16, trace=300000, class=java.lang.Integer@5000011e)
OBJ 5000127f (sz=16, trace=300000, class=java.lang.Integer@5000011e)
OBJ 50001280 (sz=16, trace=300000, class=java.lang.Integer@5000011e)
OBJ 50001281 (sz=16, trace=300000, class=java.lang.Integer@5000011e)
OBJ 50001282 (sz=16, trace=300000, class=java.lang.Integer@5000011e)
OBJ 50001283 (sz=16, trace=300000, class=java.lang.Integer@5000011e)
OBJ 50001284 (sz=16, trace=300000, class=java.lang.Integer@5000011e)
OBJ 50001285 (sz=16, trace=300000, class=java.lang.Integer@5000011e)
OBJ 50001286 (sz=16, trace=300000, class=java.lang.Integer@5000011e)
OBJ 50001287 (sz=16, trace=300000, class=java.lang.Integer@5000011e)
OBJ 50001288 (sz=16, trace=300000, class=java.lang.Integer@5000011e)
OBJ 50001289 (sz=16, trace=300000, class=java.lang.Integer@5000011e)
OBJ 5000128a (sz=16, trace=300000, class=java.lang.Integer@5000011e)
OBJ 5000128b (sz=16, trace=300000, class=java.lang.Integer@5000011e)
OBJ 5000128c (sz=16, trace=300000, class=java.lang.Integer@5000011e)
OBJ 5000128d (sz=16, trace=300000, class=java.lang.Integer@5000011e)
OBJ 5000128e (sz=16, trace=300000, class=java.lang.Integer@5000011e)
OBJ 5000128f (sz=16, trace=300000, class=java.lang.Integer@5000011e)
OBJ 50001290 (sz=16, trace=300000, class=java.lang.Integer@5000011e)
OBJ 50001291 (sz=16, trace=300000, class=java.lang.Integer@5000011e)
OBJ 50001292 (sz=16, trace=300000, class=java.lang.Integer@5000011e)
OBJ 50001293 (sz=16, trace=300000, class=java.lang.Integer@5000011e)
OBJ 50001294 (sz=16, trace=300000, class=java.lang.Integer@5000011e)
OBJ 50001295 (sz=16, trace=300000, class=java.lang.Integer@5000011e)
OBJ 50001296 (sz=16, trace=300000, class=java.lang.Integer@5000011e)
OBJ 50001297 (sz=16, trace=300000, class=java.lang.Integer@5000011e)
OBJ 50001298 (sz=16, trace=300000, class=java.lang.Integer@5000011e)
OBJ 50001299 (sz=16, trace=300000, class=java.lang.Integer@5000011e)
OBJ 5000129a (sz=16, trace=300000, class=java.lang.Integer@5000011e)
OBJ 5000129b (sz=16, trace=300000, class=java.lang.Integer@5000011e)
OBJ 5000129c (sz=16, trace=300000, class=java.lang.Integer@5000011e)
OBJ 5000129d (sz=16, trace=300000, class=java.lang.Integer@5000011e)
OBJ 5000129e (sz=16, trace=300000, class=java.lang.Integer@5000011e)
OBJ 5000129f (sz=16, trace=300000, class=java.lang.Integer@5000011e)
OBJ 500012a0 (sz=16, trace=300000, class=java.lang.Integer@5000011e)
OBJ 500012a1 (sz=16, trace=300000, class=java.lang.Integer@5000011e)
OBJ 500012a2 (sz=16, trace=300000, class=java.lang.Integer@5000011e)
OBJ 500012a3 (sz=16, trace=300000, class=java.lang.Integer@5000011e)
OBJ 500012a4 (sz=16, trace=300000, class=java.lang.Integer@5000011e)
OBJ 500012a5 (sz=16, trace=300000, class=java.lang.Integer@5000011e)
OBJ 500012a6 (sz=16, trace=300000, class=java.lang.Integer@5000011e)
OBJ 500012a7 (sz=16, trace=300000, class=java.lang.Integer@5000011e)
OBJ 500012a8 (sz=16, trace=300000, class=java.lang.Integer@5000011e)
OBJ 500012a9 (sz=16, trace=300000, class=java.lang.Integer@5000011e)
OBJ 500012aa (sz=16, trace=300000, class=java.lang.Integer@5000011e)
OBJ 500012ab (sz=16, trace=300000, class=java.lang.Integer@5000011e)
OBJ 500012ac (sz=16, trace=300000, class=java.lang.Integer@5000011e)
OBJ 500012ad (sz=16, trace=300000, class=java.lang.Integer@5000011e)
OBJ 500012ae (sz=16, trace=300000, class=java.lang.Integer@5000011e)
OBJ 500012af (sz=16, trace=300000, class=java.lang.Integer@5000011e)
OBJ 500012b0 (sz=16, trace=300000, class=java.lang.Integer@5000011e)
OBJ 500012b1 (sz=16, trace=300000, class=java.lang.Integer@5000011e)
OBJ 500012b2 (sz=16, trace=300000, class=java.lang.Integer@5000011e)
OBJ 500012b3 (sz=16, trace=300000, class=java.lang.Integer@5000011e)
OBJ 500012b4 (sz=16, trace=300000, class=java.lang.Integer@5000011e)
OBJ 500012b5 (sz=16, trace=300000, class=java.lang.Integer@5000011e)
OBJ 500012b6 (sz=16, trace=300000, class=java.lang.Integer@5000011e)
OBJ 500012b7 (sz=16, trace=300000, class=java.lang.Integer@5000011e)
OBJ 500012b8 (sz=16, trace=300000, class=java.lang.Integer@5000011e)
OBJ 500012b9 (sz=16, trace=300000, class=java.lang.Integer@5000011e)
OBJ 500012ba (sz=16, trace=300000, class=java.lang.Integer@5000011e)
OBJ 500012bb (sz=16, trace=300000, class=java.lang.Integer@5000011e)
OBJ 500012bc (sz=16, trace=300000, class=java.lang.Integer@5000011e)
OBJ 500012bd (sz=16, trace=300000, class=java.lang.Integer@5000011e)
OBJ 500012be (sz=16, trace=300000, class=java.lang.Integer@5000011e)
OBJ 500012bf (sz=16, trace=300000, class=java.lang.Integer@5000011e)
OBJ 500012c0 (sz=16, trace=300000, class=java.lang.Integer@5000011e)
OBJ 500012c1 (sz=16, trace=300000, class=java.lang.Integer@5000011e)
OBJ 500012c2 (sz=16, trace=300000, class=java.lang.Integer@5000011e)
OBJ 500012c3 (sz=16, trace=300000, class=java.lang.Integer@5000011e)
OBJ 500012c4 (sz=16, trace=300000, class=java.lang.Integer@5000011e)
OBJ 500012c5 (sz=16, trace=300000, class=java.lang.Integer@5000011e)
OBJ 500012c6 (sz=16, trace=300000, class=java.lang.Integer@5000011e)
OBJ 500012c7 (sz=16, trace=300000, class=java.lang.Integer@5000011e)
OBJ 500012c8 (sz=16, trace=300000, class=java.lang.Integer@5000011e)
OBJ 500012c9 (sz=16, trace=300000, class=java.lang.Integer@5000011e)
OBJ 500012ca (sz=16, trace=300000, class=java.lang.Integer@5000011e)
OBJ 500012cb (sz=16, trace=300000, class=java.lang.Integer@5000011e)
OBJ 500012cc (sz=16, trace=300000, class=java.lang.Integer@5000011e)
OBJ 500012cd (sz=16, trace=300000, class=java.lang.Integer@5000011e)
OBJ 500012ce (sz=16, trace=300000, class=java.lang.Integer@5000011e)
OBJ 500012cf (sz=16, trace=300000, class=java.lang.Integer@5000011e)
OBJ 500012d0 (sz=16, trace=300000, class=java.lang.Integer@5000011e)
OBJ 500012d1 (sz=16, trace=300000, class=java.lang.Integer@5000011e)
OBJ 500012d2 (sz=16, trace=300000, class=java.lang.Integer@5000011e)
OBJ 500012d3 (sz=16, trace=300000, class=java.lang.Integer@5000011e)
OBJ 500012d4 (sz=16, trace=300000, class=java.lang.Integer@5000011e)
OBJ 500012d5 (sz=16, trace=300000, class=java.lang.Integer@5000011e)
OBJ 500012d6 (sz=16, trace=300000, class=java.lang.Integer@5000011e)
OBJ 500012d7 (sz=16, trace=300000, class=java.lang.Integer@5000011e)
OBJ 500012d8 (sz=16, trace=300000, class=java.lang.Integer@5000011e)
OBJ 500012d9 (sz=16, trace=300000, class=java.lang.Integer@5000011e)
OBJ 500012da (sz=16, trace=300000, class=java.lang.Integer@5000011e)
OBJ 500012db (sz=16, trace=300000, class=java.lang.Integer@5000011e)
OBJ 500012dc (sz=16, trace=300000, class=java.lang.Integer@5000011e)
OBJ 500012dd (sz=16, trace=300000, class=java.lang.Integer@5000011e)
OBJ 500012de (sz=16, trace=300000, class=java.lang.Integer@5000011e)
OBJ 500012df (sz=16, trace=300000, class=java.lang.Integer@5000011e)
OBJ 500012e0 (sz=16, trace=300000, class=java.lang.Integer@5000011e)
OBJ 500012e1 (sz=16, trace=300000, class=java.lang.Integer@5000011e)
OBJ 500012e2 (sz=16, trace=300000, class=java.lang.Integer@5000011e)
OBJ 500012e3 (sz=16, trace=300000, class=java.lang.Integer@5000011e)
OBJ 500012e4 (sz=16, trace=300000, class=java.lang.Integer@5000011e)
OBJ 500012e5 (sz=16, trace=300000, class=java.lang.Integer@5000011e)
OBJ 500012e6 (sz=16, trace=300000, class=java.lang.Integer@5000011e)
OBJ 500012e7 (sz=16, trace=300000, class=java.lang.Integer@5000011e)
OBJ 500012e8 (sz=16, trace=300000, class=java.lang.Integer@5000011e)
OBJ 500012e9 (sz=16, trace=300000, class=java.lang.Integer@5000011e)
OBJ 500012ea (sz=16, trace=300000, class=java.lang.Integer@5000011e)
OBJ 500012eb (sz=16, trace=300000, class=java.lang.Integer@5000011e)
OBJ 500012ec (sz=16, trace=300000, class=java.lang.Integer@5000011e)
OBJ 500012ed (sz=16, trace=300000, class=java.lang.Integer@5000011e)
OBJ 500012ee (sz=16, trace=300000, class=java.lang.Integer@5000011e)
OBJ 500012ef (sz=16, trace=300000, class=java.lang.Integer@5000011e)
OBJ 500012f0 (sz=16, trace=300000, class=java.lang.Integer@5000011e)
OBJ 500012f1 (sz=16, trace=300000, class=java.lang.Integer@5000011e)
OBJ 500012f2 (sz=16, trace=300000, class=java.lang.Integer@5000011e)
OBJ 500012f3 (sz=16, trace=300000, class=java.lang.Integer@5000011e)
OBJ 500012f4 (sz=16, trace=300000, class=java.lang.Integer@5000011e)
OBJ 500012f5 (sz=16, trace=300000, class=java.lang.Integer@5000011e)
OBJ 500012f6 (sz=16, trace=300000, class=java.lang.Integer@5000011e)
OBJ 500012f7 (sz=16, trace=300000, class=java.lang.Integer@5000011e)
OBJ 500012f8 (sz=16, trace=300000, class=java.lang.Integer@5000011e)
OBJ 500012f9 (sz=16, trace=300000, class=java.lang.Integer@5000011e)
OBJ 500012fa (sz=16, trace=300000, class=java.lang.Integer@5000011e)
OBJ 500012fb (sz=16, trace=300000, class=java.lang.Integer@5000011e)
OBJ 500012fc (sz=16, trace=300000, class=java.lang.Integer@5000011e)
OBJ 500012fd (sz=16, trace=300000, class=java.lang.Integer@5000011e)
OBJ 500012fe (sz=16, trace=300000, class=java.lang.Integer@5000011e)
OBJ 500012ff (sz=16, trace=300000, class=java.lang.Integer@5000011e)
OBJ 50001300 (sz=16, trace=300000, class=java.lang.Integer@5000011e)
OBJ 50001301 (sz=16, trace=300000, class=java.lang.Integer@5000011e)
OBJ 50001302 (sz=16, trace=300000, class=java.lang.Integer@5000011e)
OBJ 50001303 (sz=16, trace=300000, class=java.lang.Integer@5000011e)
OBJ 50001304 (sz=16, trace=300000, class=java.lang.Integer@5000011e)
OBJ 50001305 (sz=16, trace=300000, class=java.lang.Integer@5000011e)
OBJ 50001306 (sz=16, trace=300000, class=java.lang.Integer@5000011e)
OBJ 50001307 (sz=16, trace=300000, class=java.lang.Integer@5000011e)
OBJ 50001308 (sz=16, trace=300000, class=java.lang.Integer@5000011e)
OBJ 50001309 (sz=16, trace=300000, class=java.lang.Integer@5000011e)
OBJ 5000130a (sz=16, trace=300000, class=java.lang.Integer@5000011e)
OBJ 5000130b (sz=16, trace=300000, class=java.lang.Integer@5000011e)
OBJ 5000130c (sz=16, trace=300000, class=java.lang.Integer@5000011e)
OBJ 5000130d (sz=16, trace=300000, class=java.lang.Integer@5000011e)
OBJ 5000130e (sz=16, trace=300000, class=java.lang.Integer@5000011e)
OBJ 5000130f (sz=16, trace=300000, class=java.lang.Integer@5000011e)
OBJ 50001310 (sz=16, trace=300000, class=java.lang.Integer@5000011e)
OBJ 50001311 (sz=16, trace=300000, class=java.lang.Integer@5000011e)
OBJ 50001312 (sz=16, trace=300000, class=java.lang.Integer@5000011e)
OBJ 50001313 (sz=16, trace=300000, class=java.lang.Integer@5000011e)
OBJ 50001314 (sz=16, trace=300000, class=java.lang.Integer@5000011e)
OBJ 50001315 (sz=16, trace=300000, class=java.lang.Integer@5000011e)
OBJ 50001316 (sz=16, trace=300000, class=java.lang.Integer@5000011e)
OBJ 50001317 (sz=16, trace=300000, class=java.lang.Integer@5000011e)
OBJ 50001318 (sz=16, trace=300000, class=java.lang.Integer@5000011e)
OBJ 50001319 (sz=16, trace=300000, class=java.lang.Integer@5000011e)
OBJ 5000131a (sz=16, trace=300000, class=java.lang.Integer@5000011e)
OBJ 5000131b (sz=16, trace=300000, class=java.lang.Integer@5000011e)
OBJ 5000131c (sz=16, trace=300000, class=java.lang.Integer@5000011e)
OBJ 5000131d (sz=16, trace=300000, class=java.lang.Integer@5000011e)
OBJ 5000131e (sz=16, trace=300000, class=java.lang.Integer@5000011e)
OBJ 5000131f (sz=16, trace=300000, class=java.lang.Integer@5000011e)
OBJ 50001320 (sz=16, trace=300000, class=java.lang.Integer@5000011e)
OBJ 50001321 (sz=16, trace=300000, class=java.lang.Integer@5000011e)
OBJ 50001322 (sz=16, trace=300000, class=java.lang.Integer@5000011e)
OBJ 50001323 (sz=16, trace=300000, class=java.lang.Integer@5000011e)
OBJ 50001324 (sz=16, trace=300000, class=java.lang.Integer@5000011e)
OBJ 50001325 (sz=16, trace=300000, class=java.lang.Integer@5000011e)
OBJ 50001326 (sz=16, trace=300000, class=java.lang.Integer@5000011e)
OBJ 50001327 (sz=16, trace=300000, class=java.lang.Integer@5000011e)
OBJ 50001328 (sz=16, trace=300000, class=java.lang.Integer@5000011e)
OBJ 50001329 (sz=16, trace=300000, class=java.lang.Integer@5000011e)
OBJ 5000132a (sz=16, trace=300000, class=java.lang.Integer@5000011e)
OBJ 5000132b (sz=16, trace=300000, class=java.lang.Integer@5000011e)
OBJ 5000132c (sz=16, trace=300000, class=java.lang.Integer@5000011e)
OBJ 5000132d (sz=16, trace=300000, class=java.lang.Integer@5000011e)
OBJ 5000132e (sz=16, trace=300000, class=java.lang.Integer@5000011e)
OBJ 5000132f (sz=16, trace=300000, class=java.lang.Integer@5000011e)
OBJ 50001330 (sz=16, trace=300000, class=java.lang.Integer@5000011e)
OBJ 50001331 (sz=16, trace=300000, class=java.lang.Integer@5000011e)
OBJ 50001332 (sz=16, trace=300000, class=java.lang.Integer@5000011e)
OBJ 50001333 (sz=16, trace=300000, class=java.lang.Integer@5000011e)
OBJ 50001334 (sz=16, trace=300000, class=java.lang.Integer@5000011e)
OBJ 50001335 (sz=16, trace=300000, class=java.lang.Integer@5000011e)
OBJ 50001336 (sz=16, trace=300000, class=java.lang.Integer@5000011e)
OBJ 50001337 (sz=16, trace=300000, class=java.lang.Integer@5000011e)
OBJ 50001338 (sz=16, trace=300000, class=java.lang.Integer@5000011e)
OBJ 50001339 (sz=16, trace=300000, class=java.lang.Integer@5000011e)
OBJ 5000133a (sz=16, trace=300000, class=java.lang.Integer@5000011e)
ARR 5000133b (sz=70, trace=300000, nelems=35, elem type=char[])
OBJ 5000133c (sz=24, trace=300000, class=java.lang.String@50000181)
	value		5000133d
ARR 5000133d (sz=8, trace=300000, nelems=4, elem type=char[])
ARR 5000133e (sz=6, trace=300000, nelems=3, elem type=char[])
ARR 5000133f (sz=8, trace=300000, nelems=4, elem type=char[])
OBJ 50001340 (sz=24, trace=300000, class=java.lang.String@50000181)
	value		50001341
ARR 50001341 (sz=10, trace=300000, nelems=5, elem type=char[])
OBJ 50001342 (sz=24, trace=300000, class=java.lang.String@50000181)
	value		50001343
ARR 50001343 (sz=8, trace=300000, nelems=4, elem type=char[])
ARR 50001344 (sz=22, trace=300000, nelems=11, elem type=char[])
OBJ 50001345 (sz=24, trace=300000, class=java.lang.String@50000181)
	value		50001347
ARR 50001346 (sz=16, trace=300000, nelems=8, elem type=char[])
ARR 50001347 (sz=98, trace=300000, nelems=49, elem type=char[])
ARR 50001348 (sz=10, trace=300000, nelems=5, elem type=char[])
ARR 50001349 (sz=26, trace=300000, nelems=13, elem type=char[])
ARR 5000134a (sz=14, trace=300000, nelems=7, elem type=char[])
ARR 5000134b (sz=18, trace=300000, nelems=9, elem type=char[])
ARR 5000134c (sz=18, trace=300000, nelems=9, elem type=char[])
ARR 5000134d (sz=56, trace=300000, nelems=0, elem type=java.lang.Object[]@5000011c)
OBJ 5000134e (sz=16, trace=300000, class=java.security.ProtectionDomain$Key@50000008)
ARR 5000134f (sz=16, trace=300000, nelems=0, elem type=java.security.Principal[]@50000006)
OBJ 50001350 (sz=32, trace=300000, class=java.security.CodeSource@50000128)
OBJ 50001351 (sz=24, trace=300000, class=java.lang.String@50000181)
	value		500017ab
OBJ 50001352 (sz=24, trace=300000, class=java.lang.String@50000181)
	value		50002393
OBJ 50001353 (sz=24, trace=300000, class=java.lang.String@50000181)
	value		5000235e
OBJ 50001354 (sz=24, trace=300000, class=java.lang.String@50000181)
	value		5000238d
OBJ 50001355 (sz=24, trace=300000, class=java.lang.String@50000181)
	value		50001367
OBJ 50001356 (sz=24, trace=300000, class=java.lang.String@50000181)
	value		50002389
OBJ 50001357 (sz=24, trace=300000, class=java.lang.String@50000181)
	value		5000238f
OBJ 50001358 (sz=24, trace=300000, class=java.lang.String@50000181)
	value		50001363
OBJ 50001359 (sz=24, trace=300000, class=java.lang.String@50000181)
	value		5000238e
OBJ 5000135a (sz=24, trace=300000, class=java.lang.String@50000181)
	value		50002390
OBJ 5000135b (sz=24, trace=300000, class=java.lang.String@50000181)
	value		5000238b
OBJ 5000135c (sz=24, trace=300000, class=java.lang.String@50000181)
	value		50001362
OBJ 5000135d (sz=24, trace=300000, class=java.lang.String@50000181)
	value		50002392
OBJ 5000135e (sz=24, trace=300000, class=java.lang.String@50000181)
	value		50002391
ARR 5000135f (sz=48, trace=300000, nelems=7, elem type=java.io.ObjectStreamField[]@5000010e)
	[0]		50002382
	[1]		50002383
	[2]		50002384
	[3]		50002385
	[4]		50002386
	[5]		50002387
	[6]		50002388
OBJ 50001360 (sz=16, trace=300000, class=java.lang.Object@50000185)
OBJ 50001361 (sz=48, trace=300000, class=java.util.Hashtable@50000159)
	table		50001364
ARR 50001362 (sz=40, trace=300000, nelems=20, elem type=char[])
ARR 50001363 (sz=52, trace=300000, nelems=26, elem type=char[])
ARR 50001364 (sz=64, trace=300000, nelems=7, elem type=java.util.Hashtable$Entry[]@500000d2)
	[6]		50001365
OBJ 50001365 (sz=32, trace=300000, class=java.util.Hashtable$Entry@500000d3)
	key		50001355
	value		50001366
OBJ 50001366 (sz=16, trace=300000, class=sun.net.www.protocol.file.Handler@5000000e)
ARR 50001367 (sz=8, trace=300000, nelems=4, elem type=char[])
OBJ 50001368 (sz=24, trace=300000, class=java.lang.String@50000181)
	value		5000136d
OBJ 50001369 (sz=24, trace=300000, class=java.lang.String@50000181)
	value		5000136e
OBJ 5000136a (sz=24, trace=300000, class=java.lang.String@50000181)
	value		50001370
OBJ 5000136b (sz=24, trace=300000, class=java.lang.String@50000181)
	value		50002368
OBJ 5000136c (sz=24, trace=300000, class=java.lang.String@50000181)
	value		5000136f
ARR 5000136d (sz=28, trace=300000, nelems=14, elem type=char[])
ARR 5000136e (sz=24, trace=300000, nelems=12, elem type=char[])
ARR 5000136f (sz=20, trace=300000, nelems=10, elem type=char[])
ARR 50001370 (sz=26, trace=300000, nelems=13, elem type=char[])
OBJ 50001371 (sz=24, trace=300000, class=java.lang.String@50000181)
	value		50001374
OBJ 50001372 (sz=24, trace=300000, class=java.lang.String@50000181)
	value		50001373
ARR 50001373 (sz=38, trace=300000, nelems=19, elem type=char[])
ARR 50001374 (sz=50, trace=300000, nelems=25, elem type=char[])
OBJ 50001375 (sz=24, trace=300000, class=java.lang.String@50000181)
	value		50002362
OBJ 50001376 (sz=24, trace=300000, class=java.lang.String@50000181)
	value		50002361
OBJ 50001377 (sz=24, trace=300000, class=java.lang.String@50000181)
	value		50002360
OBJ 50001378 (sz=24, trace=300000, class=java.lang.String@50000181)
	value		5000235f
OBJ 50001379 (sz=24, trace=300000, class=java.lang.String@50000181)
	value		5000235d
OBJ 5000137a (sz=24, trace=300000, class=java.lang.String@50000181)
	value		5000235c
OBJ 5000137b (sz=24, trace=300000, class=java.lang.String@50000181)
	value		5000235b
OBJ 5000137c (sz=24, trace=300000, class=java.lang.String@50000181)
	value		5000235a
OBJ 5000137d (sz=24, trace=300000, class=java.lang.String@50000181)
	value		500017b0
ARR 5000137e (sz=32, trace=300000, nelems=16, elem type=char[])
OBJ 5000137f (sz=24, trace=300000, class=java.util.BitSet@50000011)
	words		50001380
ARR 50001380 (sz=32, trace=300000, nelems=4, elem type=long[])
OBJ 50001381 (sz=24, trace=300000, class=java.lang.String@50000181)
	value		50001385
ARR 50001382 (sz=24, trace=300000, nelems=1, elem type=java.io.ObjectStreamField[]@5000010e)
	[0]		50001383
OBJ 50001383 (sz=40, trace=300000, class=java.io.ObjectStreamField@50000110)
	name		50001381
	signature	50001384
	type		50000186
OBJ 50001384 (sz=24, trace=300000, class=java.lang.String@50000181)
	value		50001386
ARR 50001385 (sz=8, trace=300000, nelems=4, elem type=char[])
ARR 50001386 (sz=4, trace=300000, nelems=2, elem type=char[])
OBJ 50001387 (sz=16, trace=300000, class=java.util.concurrent.atomic.AtomicInteger@500000c6)
OBJ 50001388 (sz=24, trace=300000, class=java.lang.String@50000181)
	value		500017c3
OBJ 50001389 (sz=24, trace=300000, class=java.lang.String@50000181)
	value		50001391
OBJ 5000138a (sz=24, trace=300000, class=java.lang.String@50000181)
	value		50001390
OBJ 5000138b (sz=24, trace=300000, class=java.lang.String@50000181)
	value		5000138f
OBJ 5000138c (sz=24, trace=300000, class=java.lang.String@50000181)
	value		50001392
OBJ 5000138d (sz=24, trace=300000, class=java.lang.String@50000181)
	value		50002359
ARR 5000138e (sz=32, trace=300000, nelems=4, elem type=java.lang.String[]@500000db)
	[0]		5000138c
	[1]		50001389
	[2]		5000138a
	[3]		5000138b
ARR 5000138f (sz=14, trace=300000, nelems=7, elem type=char[])
ARR 50001390 (sz=20, trace=300000, nelems=10, elem type=char[])
ARR 50001391 (sz=12, trace=300000, nelems=6, elem type=char[])
ARR 50001392 (sz=10, trace=300000, nelems=5, elem type=char[])
OBJ 50001393 (sz=24, trace=300000, class=java.lang.String@50000181)
	value		50001399
OBJ 50001394 (sz=24, trace=300000, class=java.lang.String@50000181)
	value		5000139a
OBJ 50001395 (sz=24, trace=300000, class=java.lang.String@50000181)
	value		5000139b
OBJ 50001396 (sz=16, trace=300000, class=java.nio.charset.CodingErrorAction@50000095)
	name		50001395
OBJ 50001397 (sz=16, trace=300000, class=java.nio.charset.CodingErrorAction@50000095)
	name		50001394
OBJ 50001398 (sz=16, trace=300000, class=java.nio.charset.CodingErrorAction@50000095)
	name		50001393
ARR 50001399 (sz=12, trace=300000, nelems=6, elem type=char[])
ARR 5000139a (sz=14, trace=300000, nelems=7, elem type=char[])
ARR 5000139b (sz=12, trace=300000, nelems=6, elem type=char[])
OBJ 5000139c (sz=24, trace=300000, class=java.lang.String@50000181)
	value		500013a6
OBJ 5000139d (sz=24, trace=300000, class=java.lang.String@50000181)
	value		500013a7
OBJ 5000139e (sz=24, trace=300000, class=java.lang.String@50000181)
	value		500013a8
OBJ 5000139f (sz=24, trace=300000, class=java.lang.String@50000181)
	value		500013a5
OBJ 500013a0 (sz=16, trace=300000, class=java.nio.charset.CoderResult$2@50000066)
OBJ 500013a1 (sz=16, trace=300000, class=java.nio.charset.CoderResult$1@50000067)
OBJ 500013a2 (sz=24, trace=300000, class=java.nio.charset.CoderResult@50000069)
OBJ 500013a3 (sz=24, trace=300000, class=java.nio.charset.CoderResult@50000069)
ARR 500013a4 (sz=32, trace=300000, nelems=4, elem type=java.lang.String[]@500000db)
	[0]		5000139e
	[1]		5000139d
	[2]		5000139c
	[3]		5000139f
ARR 500013a5 (sz=20, trace=300000, nelems=10, elem type=char[])
ARR 500013a6 (sz=18, trace=300000, nelems=9, elem type=char[])
ARR 500013a7 (sz=16, trace=300000, nelems=8, elem type=char[])
ARR 500013a8 (sz=18, trace=300000, nelems=9, elem type=char[])
OBJ 500013a9 (sz=24, trace=300000, class=java.lang.String@50000181)
	value		50002358
OBJ 500013aa (sz=24, trace=300000, class=java.lang.String@50000181)
	value		50002357
OBJ 500013ab (sz=24, trace=300000, class=sun.nio.cs.ext.GBK@500000a4)
	name		500017d4
	aliases		500017d3
OBJ 500013ac (sz=16, trace=300000, class=java.lang.ThreadLocal@500000c7)
OBJ 500013ad (sz=32, trace=300000, class=sun.nio.cs.StandardCharsets@500000cc)
	classMap	500013b1
	aliasMap	500013b0
	cache		500013af
	packagePrefix	500013ae
OBJ 500013ae (sz=24, trace=300000, class=java.lang.String@50000181)
	value		500017ac
OBJ 500013af (sz=40, trace=300000, class=sun.nio.cs.StandardCharsets$Cache@500000c8)
	ht		500016de
OBJ 500013b0 (sz=40, trace=300000, class=sun.nio.cs.StandardCharsets$Aliases@500000ca)
	ht		50001476
OBJ 500013b1 (sz=40, trace=300000, class=sun.nio.cs.StandardCharsets$Classes@500000c9)
	ht		500013b2
ARR 500013b2 (sz=144, trace=300000, nelems=32, elem type=java.lang.Object[]@5000011c)
	[0]		500013b3
	[2]		500013b4
	[3]		500013b5
	[4]		500013b6
	[5]		500013b7
	[6]		500013b8
	[7]		500013b9
	[8]		500013ba
	[9]		500013bb
	[10]		500013bc
	[11]		500013bd
	[12]		500013be
	[14]		500013bf
	[15]		500013c0
	[16]		500013c1
	[17]		500013c2
	[18]		500013c3
	[19]		500013c4
	[22]		500013c5
	[23]		500013c6
	[24]		500013c7
	[28]		500013c8
	[29]		500013c9
	[31]		500013ca
ARR 500013b3 (sz=24, trace=300000, nelems=2, elem type=java.lang.Object[]@5000011c)
	[0]		50001472
	[1]		50001473
ARR 500013b4 (sz=32, trace=300000, nelems=3, elem type=java.lang.Object[]@5000011c)
	[0]		50001464
	[1]		50001465
	[2]		50001466
ARR 500013b5 (sz=32, trace=300000, nelems=3, elem type=java.lang.Object[]@5000011c)
	[0]		5000145b
	[1]		5000145c
	[2]		5000145d
ARR 500013b6 (sz=32, trace=300000, nelems=3, elem type=java.lang.Object[]@5000011c)
	[0]		5000144d
	[1]		5000144e
	[2]		5000144f
ARR 500013b7 (sz=32, trace=300000, nelems=3, elem type=java.lang.Object[]@5000011c)
	[0]		50001444
	[1]		50001445
	[2]		50001446
ARR 500013b8 (sz=24, trace=300000, nelems=2, elem type=java.lang.Object[]@5000011c)
	[0]		50001440
	[1]		50001441
ARR 500013b9 (sz=24, trace=300000, nelems=2, elem type=java.lang.Object[]@5000011c)
	[0]		5000143c
	[1]		5000143d
ARR 500013ba (sz=32, trace=300000, nelems=3, elem type=java.lang.Object[]@5000011c)
	[0]		50001433
	[1]		50001434
	[2]		50001435
ARR 500013bb (sz=32, trace=300000, nelems=3, elem type=java.lang.Object[]@5000011c)
	[0]		5000142a
	[1]		5000142b
	[2]		5000142c
ARR 500013bc (sz=24, trace=300000, nelems=2, elem type=java.lang.Object[]@5000011c)
	[0]		50001426
	[1]		50001427
ARR 500013bd (sz=32, trace=300000, nelems=3, elem type=java.lang.Object[]@5000011c)
	[0]		5000141d
	[1]		5000141e
	[2]		5000141f
ARR 500013be (sz=24, trace=300000, nelems=2, elem type=java.lang.Object[]@5000011c)
	[0]		50001419
	[1]		5000141a
ARR 500013bf (sz=24, trace=300000, nelems=2, elem type=java.lang.Object[]@5000011c)
	[0]		50001415
	[1]		50001416
ARR 500013c0 (sz=24, trace=300000, nelems=2, elem type=java.lang.Object[]@5000011c)
	[0]		50001411
	[1]		50001412
ARR 500013c1 (sz=32, trace=300000, nelems=3, elem type=java.lang.Object[]@5000011c)
	[0]		50001408
	[1]		50001409
	[2]		5000140a
ARR 500013c2 (sz=32, trace=300000, nelems=3, elem type=java.lang.Object[]@5000011c)
	[0]		500013ff
	[1]		50001400
	[2]		50001401
ARR 500013c3 (sz=32, trace=300000, nelems=3, elem type=java.lang.Object[]@5000011c)
	[0]		500013f1
	[1]		500013f2
	[2]		500013f3
ARR 500013c4 (sz=32, trace=300000, nelems=3, elem type=java.lang.Object[]@5000011c)
	[0]		500013e3
	[1]		500013e4
	[2]		500013e5
ARR 500013c5 (sz=24, trace=300000, nelems=2, elem type=java.lang.Object[]@5000011c)
	[0]		500013df
	[1]		500013e0
ARR 500013c6 (sz=24, trace=300000, nelems=2, elem type=java.lang.Object[]@5000011c)
	[0]		500013db
	[1]		500013dc
ARR 500013c7 (sz=24, trace=300000, nelems=2, elem type=java.lang.Object[]@5000011c)
	[0]		500013d7
	[1]		500013d8
ARR 500013c8 (sz=24, trace=300000, nelems=2, elem type=java.lang.Object[]@5000011c)
	[0]		500013d3
	[1]		500013d4
ARR 500013c9 (sz=24, trace=300000, nelems=2, elem type=java.lang.Object[]@5000011c)
	[0]		500013cf
	[1]		500013d0
ARR 500013ca (sz=24, trace=300000, nelems=2, elem type=java.lang.Object[]@5000011c)
	[0]		500013cb
	[1]		500013cc
OBJ 500013cb (sz=24, trace=300000, class=java.lang.String@50000181)
	value		500013ce
OBJ 500013cc (sz=24, trace=300000, class=java.lang.String@50000181)
	value		500013cd
ARR 500013cd (sz=16, trace=300000, nelems=8, elem type=char[])
ARR 500013ce (sz=16, trace=300000, nelems=8, elem type=char[])
OBJ 500013cf (sz=24, trace=300000, class=java.lang.String@50000181)
	value		500013d2
OBJ 500013d0 (sz=24, trace=300000, class=java.lang.String@50000181)
	value		500013d1
ARR 500013d1 (sz=12, trace=300000, nelems=6, elem type=char[])
ARR 500013d2 (sz=12, trace=300000, nelems=6, elem type=char[])
OBJ 500013d3 (sz=24, trace=300000, class=java.lang.String@50000181)
	value		500013d6
OBJ 500013d4 (sz=24, trace=300000, class=java.lang.String@50000181)
	value		500013d5
ARR 500013d5 (sz=12, trace=300000, nelems=6, elem type=char[])
ARR 500013d6 (sz=12, trace=300000, nelems=6, elem type=char[])
OBJ 500013d7 (sz=24, trace=300000, class=java.lang.String@50000181)
	value		500013da
OBJ 500013d8 (sz=24, trace=300000, class=java.lang.String@50000181)
	value		500013d9
ARR 500013d9 (sz=24, trace=300000, nelems=12, elem type=char[])
ARR 500013da (sz=28, trace=300000, nelems=14, elem type=char[])
OBJ 500013db (sz=24, trace=300000, class=java.lang.String@50000181)
	value		500013de
OBJ 500013dc (sz=24, trace=300000, class=java.lang.String@50000181)
	value		500013dd
ARR 500013dd (sz=12, trace=300000, nelems=6, elem type=char[])
ARR 500013de (sz=12, trace=300000, nelems=6, elem type=char[])
OBJ 500013df (sz=24, trace=300000, class=java.lang.String@50000181)
	value		500013e2
OBJ 500013e0 (sz=24, trace=300000, class=java.lang.String@50000181)
	value		500013e1
ARR 500013e1 (sz=24, trace=300000, nelems=12, elem type=char[])
ARR 500013e2 (sz=28, trace=300000, nelems=14, elem type=char[])
OBJ 500013e3 (sz=24, trace=300000, class=java.lang.String@50000181)
	value		500013f0
OBJ 500013e4 (sz=24, trace=300000, class=java.lang.String@50000181)
	value		500013ef
ARR 500013e5 (sz=32, trace=300000, nelems=3, elem type=java.lang.Object[]@5000011c)
	[0]		500013e6
	[1]		500013e7
	[2]		500013e8
OBJ 500013e6 (sz=24, trace=300000, class=java.lang.String@50000181)
	value		500013ee
OBJ 500013e7 (sz=24, trace=300000, class=java.lang.String@50000181)
	value		500013ed
ARR 500013e8 (sz=24, trace=300000, nelems=2, elem type=java.lang.Object[]@5000011c)
	[0]		500013e9
	[1]		500013ea
OBJ 500013e9 (sz=24, trace=300000, class=java.lang.String@50000181)
	value		500013ec
OBJ 500013ea (sz=24, trace=300000, class=java.lang.String@50000181)
	value		500013eb
ARR 500013eb (sz=24, trace=300000, nelems=12, elem type=char[])
ARR 500013ec (sz=28, trace=300000, nelems=14, elem type=char[])
ARR 500013ed (sz=12, trace=300000, nelems=6, elem type=char[])
ARR 500013ee (sz=12, trace=300000, nelems=6, elem type=char[])
ARR 500013ef (sz=12, trace=300000, nelems=6, elem type=char[])
ARR 500013f0 (sz=16, trace=300000, nelems=8, elem type=char[])
OBJ 500013f1 (sz=24, trace=300000, class=java.lang.String@50000181)
	value		500013fe
OBJ 500013f2 (sz=24, trace=300000, class=java.lang.String@50000181)
	value		500013fd
ARR 500013f3 (sz=32, trace=300000, nelems=3, elem type=java.lang.Object[]@5000011c)
	[0]		500013f4
	[1]		500013f5
	[2]		500013f6
OBJ 500013f4 (sz=24, trace=300000, class=java.lang.String@50000181)
	value		500013fc
OBJ 500013f5 (sz=24, trace=300000, class=java.lang.String@50000181)
	value		500013fb
ARR 500013f6 (sz=24, trace=300000, nelems=2, elem type=java.lang.Object[]@5000011c)
	[0]		500013f7
	[1]		500013f8
OBJ 500013f7 (sz=24, trace=300000, class=java.lang.String@50000181)
	value		500013fa
OBJ 500013f8 (sz=24, trace=300000, class=java.lang.String@50000181)
	value		500013f9
ARR 500013f9 (sz=22, trace=300000, nelems=11, elem type=char[])
ARR 500013fa (sz=22, trace=300000, nelems=11, elem type=char[])
ARR 500013fb (sz=12, trace=300000, nelems=6, elem type=char[])
ARR 500013fc (sz=12, trace=300000, nelems=6, elem type=char[])
ARR 500013fd (sz=12, trace=300000, nelems=6, elem type=char[])
ARR 500013fe (sz=12, trace=300000, nelems=6, elem type=char[])
OBJ 500013ff (sz=24, trace=300000, class=java.lang.String@50000181)
	value		50001407
OBJ 50001400 (sz=24, trace=300000, class=java.lang.String@50000181)
	value		50001406
ARR 50001401 (sz=24, trace=300000, nelems=2, elem type=java.lang.Object[]@5000011c)
	[0]		50001402
	[1]		50001403
OBJ 50001402 (sz=24, trace=300000, class=java.lang.String@50000181)
	value		50001405
OBJ 50001403 (sz=24, trace=300000, class=java.lang.String@50000181)
	value		50001404
ARR 50001404 (sz=16, trace=300000, nelems=8, elem type=char[])
ARR 50001405 (sz=16, trace=300000, nelems=8, elem type=char[])
ARR 50001406 (sz=22, trace=300000, nelems=11, elem type=char[])
ARR 50001407 (sz=22, trace=300000, nelems=11, elem type=char[])
OBJ 50001408 (sz=24, trace=300000, class=java.lang.String@50000181)
	value		50001410
OBJ 50001409 (sz=24, trace=300000, class=java.lang.String@50000181)
	value		5000140f
ARR 5000140a (sz=24, trace=300000, nelems=2, elem type=java.lang.Object[]@5000011c)
	[0]		5000140b
	[1]		5000140c
OBJ 5000140b (sz=24, trace=300000, class=java.lang.String@50000181)
	value		5000140e
OBJ 5000140c (sz=24, trace=300000, class=java.lang.String@50000181)
	value		5000140d
ARR 5000140d (sz=12, trace=300000, nelems=6, elem type=char[])
ARR 5000140e (sz=12, trace=300000, nelems=6, elem type=char[])
ARR 5000140f (sz=12, trace=300000, nelems=6, elem type=char[])
ARR 50001410 (sz=12, trace=300000, nelems=6, elem type=char[])
OBJ 50001411 (sz=24, trace=300000, class=java.lang.String@50000181)
	value		50001414
OBJ 50001412 (sz=24, trace=300000, class=java.lang.String@50000181)
	value		50001413
ARR 50001413 (sz=12, trace=300000, nelems=6, elem type=char[])
ARR 50001414 (sz=12, trace=300000, nelems=6, elem type=char[])
OBJ 50001415 (sz=24, trace=300000, class=java.lang.String@50000181)
	value		50001418
OBJ 50001416 (sz=24, trace=300000, class=java.lang.String@50000181)
	value		50001417
ARR 50001417 (sz=12, trace=300000, nelems=6, elem type=char[])
ARR 50001418 (sz=16, trace=300000, nelems=8, elem type=char[])
OBJ 50001419 (sz=24, trace=300000, class=java.lang.String@50000181)
	value		5000141c
OBJ 5000141a (sz=24, trace=300000, class=java.lang.String@50000181)
	value		5000141b
ARR 5000141b (sz=20, trace=300000, nelems=10, elem type=char[])
ARR 5000141c (sz=20, trace=300000, nelems=10, elem type=char[])
OBJ 5000141d (sz=24, trace=300000, class=java.lang.String@50000181)
	value		50001425
OBJ 5000141e (sz=24, trace=300000, class=java.lang.String@50000181)
	value		50001424
ARR 5000141f (sz=24, trace=300000, nelems=2, elem type=java.lang.Object[]@5000011c)
	[0]		50001420
	[1]		50001421
OBJ 50001420 (sz=24, trace=300000, class=java.lang.String@50000181)
	value		50001423
OBJ 50001421 (sz=24, trace=300000, class=java.lang.String@50000181)
	value		50001422
ARR 50001422 (sz=20, trace=300000, nelems=10, elem type=char[])
ARR 50001423 (sz=20, trace=300000, nelems=10, elem type=char[])
ARR 50001424 (sz=12, trace=300000, nelems=6, elem type=char[])
ARR 50001425 (sz=16, trace=300000, nelems=8, elem type=char[])
OBJ 50001426 (sz=24, trace=300000, class=java.lang.String@50000181)
	value		50001429
OBJ 50001427 (sz=24, trace=300000, class=java.lang.String@50000181)
	value		50001428
ARR 50001428 (sz=20, trace=300000, nelems=10, elem type=char[])
ARR 50001429 (sz=20, trace=300000, nelems=10, elem type=char[])
OBJ 5000142a (sz=24, trace=300000, class=java.lang.String@50000181)
	value		50001432
OBJ 5000142b (sz=24, trace=300000, class=java.lang.String@50000181)
	value		50001431
ARR 5000142c (sz=24, trace=300000, nelems=2, elem type=java.lang.Object[]@5000011c)
	[0]		5000142d
	[1]		5000142e
OBJ 5000142d (sz=24, trace=300000, class=java.lang.String@50000181)
	value		50001430
OBJ 5000142e (sz=24, trace=300000, class=java.lang.String@50000181)
	value		5000142f
ARR 5000142f (sz=10, trace=300000, nelems=5, elem type=char[])
ARR 50001430 (sz=10, trace=300000, nelems=5, elem type=char[])
ARR 50001431 (sz=20, trace=300000, nelems=10, elem type=char[])
ARR 50001432 (sz=20, trace=300000, nelems=10, elem type=char[])
OBJ 50001433 (sz=24, trace=300000, class=java.lang.String@50000181)
	value		5000143b
OBJ 50001434 (sz=24, trace=300000, class=java.lang.String@50000181)
	value		5000143a
ARR 50001435 (sz=24, trace=300000, nelems=2, elem type=java.lang.Object[]@5000011c)
	[0]		50001436
	[1]		50001437
OBJ 50001436 (sz=24, trace=300000, class=java.lang.String@50000181)
	value		50001439
OBJ 50001437 (sz=24, trace=300000, class=java.lang.String@50000181)
	value		50001438
ARR 50001438 (sz=20, trace=300000, nelems=10, elem type=char[])
ARR 50001439 (sz=20, trace=300000, nelems=10, elem type=char[])
ARR 5000143a (sz=20, trace=300000, nelems=10, elem type=char[])
ARR 5000143b (sz=20, trace=300000, nelems=10, elem type=char[])
OBJ 5000143c (sz=24, trace=300000, class=java.lang.String@50000181)
	value		5000143f
OBJ 5000143d (sz=24, trace=300000, class=java.lang.String@50000181)
	value		5000143e
ARR 5000143e (sz=16, trace=300000, nelems=8, elem type=char[])
ARR 5000143f (sz=16, trace=300000, nelems=8, elem type=char[])
OBJ 50001440 (sz=24, trace=300000, class=java.lang.String@50000181)
	value		50001443
OBJ 50001441 (sz=24, trace=300000, class=java.lang.String@50000181)
	value		50001442
ARR 50001442 (sz=12, trace=300000, nelems=6, elem type=char[])
ARR 50001443 (sz=24, trace=300000, nelems=12, elem type=char[])
OBJ 50001444 (sz=24, trace=300000, class=java.lang.String@50000181)
	value		5000144c
OBJ 50001445 (sz=24, trace=300000, class=java.lang.String@50000181)
	value		5000144b
ARR 50001446 (sz=24, trace=300000, nelems=2, elem type=java.lang.Object[]@5000011c)
	[0]		50001447
	[1]		50001448
OBJ 50001447 (sz=24, trace=300000, class=java.lang.String@50000181)
	value		5000144a
OBJ 50001448 (sz=24, trace=300000, class=java.lang.String@50000181)
	value		50001449
ARR 50001449 (sz=12, trace=300000, nelems=6, elem type=char[])
ARR 5000144a (sz=12, trace=300000, nelems=6, elem type=char[])
ARR 5000144b (sz=12, trace=300000, nelems=6, elem type=char[])
ARR 5000144c (sz=24, trace=300000, nelems=12, elem type=char[])
OBJ 5000144d (sz=24, trace=300000, class=java.lang.String@50000181)
	value		5000145a
OBJ 5000144e (sz=24, trace=300000, class=java.lang.String@50000181)
	value		50001459
ARR 5000144f (sz=32, trace=300000, nelems=3, elem type=java.lang.Object[]@5000011c)
	[0]		50001450
	[1]		50001451
	[2]		50001452
OBJ 50001450 (sz=24, trace=300000, class=java.lang.String@50000181)
	value		50001458
OBJ 50001451 (sz=24, trace=300000, class=java.lang.String@50000181)
	value		50001457
ARR 50001452 (sz=24, trace=300000, nelems=2, elem type=java.lang.Object[]@5000011c)
	[0]		50001453
	[1]		50001454
OBJ 50001453 (sz=24, trace=300000, class=java.lang.String@50000181)
	value		50001456
OBJ 50001454 (sz=24, trace=300000, class=java.lang.String@50000181)
	value		50001455
ARR 50001455 (sz=16, trace=300000, nelems=8, elem type=char[])
ARR 50001456 (sz=16, trace=300000, nelems=8, elem type=char[])
ARR 50001457 (sz=12, trace=300000, nelems=6, elem type=char[])
ARR 50001458 (sz=24, trace=300000, nelems=12, elem type=char[])
ARR 50001459 (sz=12, trace=300000, nelems=6, elem type=char[])
ARR 5000145a (sz=24, trace=300000, nelems=12, elem type=char[])
OBJ 5000145b (sz=24, trace=300000, class=java.lang.String@50000181)
	value		50001463
OBJ 5000145c (sz=24, trace=300000, class=java.lang.String@50000181)
	value		50001462
ARR 5000145d (sz=24, trace=300000, nelems=2, elem type=java.lang.Object[]@5000011c)
	[0]		5000145e
	[1]		5000145f
OBJ 5000145e (sz=24, trace=300000, class=java.lang.String@50000181)
	value		50001461
OBJ 5000145f (sz=24, trace=300000, class=java.lang.String@50000181)
	value		50001460
ARR 50001460 (sz=12, trace=300000, nelems=6, elem type=char[])
ARR 50001461 (sz=24, trace=300000, nelems=12, elem type=char[])
ARR 50001462 (sz=12, trace=300000, nelems=6, elem type=char[])
ARR 50001463 (sz=24, trace=300000, nelems=12, elem type=char[])
OBJ 50001464 (sz=24, trace=300000, class=java.lang.String@50000181)
	value		50001471
OBJ 50001465 (sz=24, trace=300000, class=java.lang.String@50000181)
	value		50001470
ARR 50001466 (sz=32, trace=300000, nelems=3, elem type=java.lang.Object[]@5000011c)
	[0]		50001467
	[1]		50001468
	[2]		50001469
OBJ 50001467 (sz=24, trace=300000, class=java.lang.String@50000181)
	value		5000146f
OBJ 50001468 (sz=24, trace=300000, class=java.lang.String@50000181)
	value		5000146e
ARR 50001469 (sz=24, trace=300000, nelems=2, elem type=java.lang.Object[]@5000011c)
	[0]		5000146a
	[1]		5000146b
OBJ 5000146a (sz=24, trace=300000, class=java.lang.String@50000181)
	value		5000146d
OBJ 5000146b (sz=24, trace=300000, class=java.lang.String@50000181)
	value		5000146c
ARR 5000146c (sz=16, trace=300000, nelems=8, elem type=char[])
ARR 5000146d (sz=16, trace=300000, nelems=8, elem type=char[])
ARR 5000146e (sz=12, trace=300000, nelems=6, elem type=char[])
ARR 5000146f (sz=12, trace=300000, nelems=6, elem type=char[])
ARR 50001470 (sz=12, trace=300000, nelems=6, elem type=char[])
ARR 50001471 (sz=12, trace=300000, nelems=6, elem type=char[])
OBJ 50001472 (sz=24, trace=300000, class=java.lang.String@50000181)
	value		50001475
OBJ 50001473 (sz=24, trace=300000, class=java.lang.String@50000181)
	value		50001474
ARR 50001474 (sz=12, trace=300000, nelems=6, elem type=char[])
ARR 50001475 (sz=12, trace=300000, nelems=6, elem type=char[])
ARR 50001476 (sz=4112, trace=300000, nelems=1016, elem type=java.lang.Object[]@5000011c)
	[1]		50001477
	[2]		50001478
	[3]		50001479
	[5]		5000147a
	[6]		5000147b
	[10]		5000147c
	[19]		5000147d
	[24]		5000147e
	[25]		5000147f
	[26]		50001480
	[28]		50001481
	[29]		50001482
	[55]		50001483
	[58]		50001484
	[86]		50001485
	[87]		50001486
	[89]		50001487
	[90]		50001488
	[92]		50001489
	[94]		5000148a
	[95]		5000148b
	[96]		5000148c
	[106]		5000148d
	[121]		5000148e
	[125]		5000148f
	[134]		50001490
	[137]		50001491
	[141]		50001492
	[143]		50001493
	[144]		50001494
	[170]		50001495
	[173]		50001496
	[177]		50001497
	[192]		50001498
	[199]		50001499
	[205]		5000149a
	[211]		5000149b
	[213]		5000149c
	[216]		5000149d
	[218]		5000149e
	[219]		5000149f
	[225]		500014a0
	[244]		500014a1
	[248]		500014a2
	[253]		500014a3
	[254]		500014a4
	[259]		500014a5
	[269]		500014a6
	[277]		500014a7
	[280]		500014a8
	[283]		500014a9
	[284]		500014aa
	[286]		500014ab
	[287]		500014ac
	[289]		500014ad
	[291]		500014ae
	[294]		500014af
	[296]		500014b0
	[297]		500014b1
	[305]		500014b2
	[307]		500014b3
	[312]		500014b4
	[321]		500014b5
	[323]		500014b6
	[324]		500014b7
	[325]		500014b8
	[326]		500014b9
	[327]		500014ba
	[328]		500014bb
	[329]		500014bc
	[331]		500014bd
	[333]		500014be
	[334]		500014bf
	[336]		500014c0
	[339]		500014c1
	[341]		500014c2
	[345]		500014c3
	[350]		500014c4
	[353]		500014c5
	[358]		500014c6
	[359]		500014c7
	[363]		500014c8
	[364]		500014c9
	[378]		500014ca
	[385]		500014cb
	[391]		500014cc
	[392]		500014cd
	[405]		500014ce
	[406]		500014cf
	[408]		500014d0
	[421]		500014d1
	[428]		500014d2
	[429]		500014d3
	[430]		500014d4
	[432]		500014d5
	[433]		500014d6
	[436]		500014d7
	[437]		500014d8
	[438]		500014d9
	[443]		500014da
	[456]		500014db
	[473]		500014dc
	[479]		500014dd
	[481]		500014de
	[484]		500014df
	[486]		500014e0
	[487]		500014e1
	[502]		500014e2
	[506]		500014e3
	[508]		500014e4
	[511]		500014e5
	[512]		500014e6
	[513]		500014e7
	[514]		500014e8
	[516]		500014e9
	[520]		500014ea
	[523]		500014eb
	[524]		500014ec
	[533]		500014ed
	[537]		500014ee
	[539]		500014ef
	[543]		500014f0
	[545]		500014f1
	[563]		500014f2
	[572]		500014f3
	[573]		500014f4
	[577]		500014f5
	[582]		500014f6
	[583]		500014f7
	[588]		500014f8
	[593]		500014f9
	[598]		500014fa
	[609]		500014fb
	[617]		500014fc
	[618]		500014fd
	[619]		500014fe
	[620]		500014ff
	[621]		50001500
	[624]		50001501
	[628]		50001502
	[632]		50001503
	[634]		50001504
	[635]		50001505
	[636]		50001506
	[654]		50001507
	[669]		50001508
	[670]		50001509
	[671]		5000150a
	[676]		5000150b
	[679]		5000150c
	[686]		5000150d
	[703]		5000150e
	[710]		5000150f
	[712]		50001510
	[732]		50001511
	[733]		50001512
	[768]		50001513
	[774]		50001514
	[781]		50001515
	[782]		50001516
	[783]		50001517
	[784]		50001518
	[785]		50001519
	[787]		5000151a
	[789]		5000151b
	[813]		5000151c
	[818]		5000151d
	[832]		5000151e
	[834]		5000151f
	[835]		50001520
	[836]		50001521
	[837]		50001522
	[838]		50001523
	[840]		50001524
	[842]		50001525
	[843]		50001526
	[846]		50001527
	[849]		50001528
	[863]		50001529
	[881]		5000152a
	[896]		5000152b
	[909]		5000152c
	[910]		5000152d
	[911]		5000152e
	[912]		5000152f
	[925]		50001530
	[934]		50001531
	[937]		50001532
	[944]		50001533
	[957]		50001534
	[993]		50001535
	[1009]		50001536
	[1015]		50001537
ARR 50001477 (sz=24, trace=300000, nelems=2, elem type=java.lang.Object[]@5000011c)
	[0]		500016dc
	[1]		500013f7
ARR 50001478 (sz=24, trace=300000, nelems=2, elem type=java.lang.Object[]@5000011c)
	[0]		500016da
	[1]		50001436
ARR 50001479 (sz=24, trace=300000, nelems=2, elem type=java.lang.Object[]@5000011c)
	[0]		500016d8
	[1]		50001433
ARR 5000147a (sz=24, trace=300000, nelems=2, elem type=java.lang.Object[]@5000011c)
	[0]		500016d6
	[1]		5000142a
ARR 5000147b (sz=24, trace=300000, nelems=2, elem type=java.lang.Object[]@5000011c)
	[0]		500016d4
	[1]		50001419
ARR 5000147c (sz=24, trace=300000, nelems=2, elem type=java.lang.Object[]@5000011c)
	[0]		500016d2
	[1]		500013f7
ARR 5000147d (sz=24, trace=300000, nelems=2, elem type=java.lang.Object[]@5000011c)
	[0]		500016d0
	[1]		500013df
ARR 5000147e (sz=24, trace=300000, nelems=2, elem type=java.lang.Object[]@5000011c)
	[0]		500016ce
	[1]		50001402
ARR 5000147f (sz=24, trace=300000, nelems=2, elem type=java.lang.Object[]@5000011c)
	[0]		500016cc
	[1]		50001420
ARR 50001480 (sz=24, trace=300000, nelems=2, elem type=java.lang.Object[]@5000011c)
	[0]		500016ca
	[1]		50001433
ARR 50001481 (sz=24, trace=300000, nelems=2, elem type=java.lang.Object[]@5000011c)
	[0]		500016c8
	[1]		5000142a
ARR 50001482 (sz=24, trace=300000, nelems=2, elem type=java.lang.Object[]@5000011c)
	[0]		500016c6
	[1]		50001426
ARR 50001483 (sz=24, trace=300000, nelems=2, elem type=java.lang.Object[]@5000011c)
	[0]		500016c4
	[1]		50001419
ARR 50001484 (sz=24, trace=300000, nelems=2, elem type=java.lang.Object[]@5000011c)
	[0]		500016c2
	[1]		500013f7
ARR 50001485 (sz=32, trace=300000, nelems=3, elem type=java.lang.Object[]@5000011c)
	[0]		500016bd
	[1]		50001426
	[2]		500016be
ARR 50001486 (sz=24, trace=300000, nelems=2, elem type=java.lang.Object[]@5000011c)
	[0]		500016bb
	[1]		50001433
ARR 50001487 (sz=24, trace=300000, nelems=2, elem type=java.lang.Object[]@5000011c)
	[0]		500016b9
	[1]		5000142a
ARR 50001488 (sz=32, trace=300000, nelems=3, elem type=java.lang.Object[]@5000011c)
	[0]		500016b4
	[1]		50001420
	[2]		500016b5
ARR 50001489 (sz=24, trace=300000, nelems=2, elem type=java.lang.Object[]@5000011c)
	[0]		500016b2
	[1]		50001420
ARR 5000148a (sz=24, trace=300000, nelems=2, elem type=java.lang.Object[]@5000011c)
	[0]		500016b0
	[1]		50001419
ARR 5000148b (sz=24, trace=300000, nelems=2, elem type=java.lang.Object[]@5000011c)
	[0]		500016ae
	[1]		50001436
ARR 5000148c (sz=24, trace=300000, nelems=2, elem type=java.lang.Object[]@5000011c)
	[0]		500016ac
	[1]		50001436
ARR 5000148d (sz=24, trace=300000, nelems=2, elem type=java.lang.Object[]@5000011c)
	[0]		500016aa
	[1]		5000142d
ARR 5000148e (sz=24, trace=300000, nelems=2, elem type=java.lang.Object[]@5000011c)
	[0]		500016a8
	[1]		5000146a
ARR 5000148f (sz=24, trace=300000, nelems=2, elem type=java.lang.Object[]@5000011c)
	[0]		500016a6
	[1]		50001420
ARR 50001490 (sz=24, trace=300000, nelems=2, elem type=java.lang.Object[]@5000011c)
	[0]		500016a4
	[1]		500013d3
ARR 50001491 (sz=24, trace=300000, nelems=2, elem type=java.lang.Object[]@5000011c)
	[0]		500016a2
	[1]		500013cf
ARR 50001492 (sz=24, trace=300000, nelems=2, elem type=java.lang.Object[]@5000011c)
	[0]		500016a0
	[1]		50001433
ARR 50001493 (sz=24, trace=300000, nelems=2, elem type=java.lang.Object[]@5000011c)
	[0]		5000169e
	[1]		5000142a
ARR 50001494 (sz=24, trace=300000, nelems=2, elem type=java.lang.Object[]@5000011c)
	[0]		5000169c
	[1]		50001426
ARR 50001495 (sz=24, trace=300000, nelems=2, elem type=java.lang.Object[]@5000011c)
	[0]		5000169a
	[1]		50001419
ARR 50001496 (sz=24, trace=300000, nelems=2, elem type=java.lang.Object[]@5000011c)
	[0]		50001698
	[1]		500013f7
ARR 50001497 (sz=24, trace=300000, nelems=2, elem type=java.lang.Object[]@5000011c)
	[0]		50001696
	[1]		500013e9
ARR 50001498 (sz=24, trace=300000, nelems=2, elem type=java.lang.Object[]@5000011c)
	[0]		50001694
	[1]		5000143c
ARR 50001499 (sz=32, trace=300000, nelems=3, elem type=java.lang.Object[]@5000011c)
	[0]		5000168f
	[1]		500013f4
	[2]		50001690
ARR 5000149a (sz=24, trace=300000, nelems=2, elem type=java.lang.Object[]@5000011c)
	[0]		5000168d
	[1]		50001420
ARR 5000149b (sz=32, trace=300000, nelems=3, elem type=java.lang.Object[]@5000011c)
	[0]		50001688
	[1]		50001411
	[2]		50001689
ARR 5000149c (sz=24, trace=300000, nelems=2, elem type=java.lang.Object[]@5000011c)
	[0]		50001686
	[1]		50001408
ARR 5000149d (sz=24, trace=300000, nelems=2, elem type=java.lang.Object[]@5000011c)
	[0]		50001684
	[1]		500013f1
ARR 5000149e (sz=32, trace=300000, nelems=3, elem type=java.lang.Object[]@5000011c)
	[0]		5000167f
	[1]		500013e6
	[2]		50001680
ARR 5000149f (sz=32, trace=300000, nelems=3, elem type=java.lang.Object[]@5000011c)
	[0]		5000167a
	[1]		500013e3
	[2]		5000167b
ARR 500014a0 (sz=24, trace=300000, nelems=2, elem type=java.lang.Object[]@5000011c)
	[0]		50001678
	[1]		50001402
ARR 500014a1 (sz=24, trace=300000, nelems=2, elem type=java.lang.Object[]@5000011c)
	[0]		50001676
	[1]		50001472
ARR 500014a2 (sz=24, trace=300000, nelems=2, elem type=java.lang.Object[]@5000011c)
	[0]		50001674
	[1]		50001464
ARR 500014a3 (sz=24, trace=300000, nelems=2, elem type=java.lang.Object[]@5000011c)
	[0]		50001672
	[1]		50001453
ARR 500014a4 (sz=24, trace=300000, nelems=2, elem type=java.lang.Object[]@5000011c)
	[0]		50001670
	[1]		50001433
ARR 500014a5 (sz=24, trace=300000, nelems=2, elem type=java.lang.Object[]@5000011c)
	[0]		5000166e
	[1]		50001447
ARR 500014a6 (sz=24, trace=300000, nelems=2, elem type=java.lang.Object[]@5000011c)
	[0]		5000166c
	[1]		500013f7
ARR 500014a7 (sz=24, trace=300000, nelems=2, elem type=java.lang.Object[]@5000011c)
	[0]		5000166a
	[1]		5000141d
ARR 500014a8 (sz=24, trace=300000, nelems=2, elem type=java.lang.Object[]@5000011c)
	[0]		50001668
	[1]		5000146a
ARR 500014a9 (sz=24, trace=300000, nelems=2, elem type=java.lang.Object[]@5000011c)
	[0]		50001666
	[1]		50001436
ARR 500014aa (sz=24, trace=300000, nelems=2, elem type=java.lang.Object[]@5000011c)
	[0]		50001664
	[1]		50001433
ARR 500014ab (sz=24, trace=300000, nelems=2, elem type=java.lang.Object[]@5000011c)
	[0]		50001662
	[1]		5000142a
ARR 500014ac (sz=24, trace=300000, nelems=2, elem type=java.lang.Object[]@5000011c)
	[0]		50001660
	[1]		50001426
ARR 500014ad (sz=24, trace=300000, nelems=2, elem type=java.lang.Object[]@5000011c)
	[0]		5000165e
	[1]		50001420
ARR 500014ae (sz=24, trace=300000, nelems=2, elem type=java.lang.Object[]@5000011c)
	[0]		5000165c
	[1]		50001419
ARR 500014af (sz=24, trace=300000, nelems=2, elem type=java.lang.Object[]@5000011c)
	[0]		5000165a
	[1]		50001433
ARR 500014b0 (sz=24, trace=300000, nelems=2, elem type=java.lang.Object[]@5000011c)
	[0]		50001658
	[1]		5000142a
ARR 500014b1 (sz=24, trace=300000, nelems=2, elem type=java.lang.Object[]@5000011c)
	[0]		50001656
	[1]		50001426
ARR 500014b2 (sz=24, trace=300000, nelems=2, elem type=java.lang.Object[]@5000011c)
	[0]		50001654
	[1]		500013ff
ARR 500014b3 (sz=24, trace=300000, nelems=2, elem type=java.lang.Object[]@5000011c)
	[0]		50001652
	[1]		500013f7
ARR 500014b4 (sz=32, trace=300000, nelems=3, elem type=java.lang.Object[]@5000011c)
	[0]		5000164d
	[1]		50001420
	[2]		5000164e
ARR 500014b5 (sz=24, trace=300000, nelems=2, elem type=java.lang.Object[]@5000011c)
	[0]		5000164b
	[1]		50001433
ARR 500014b6 (sz=32, trace=300000, nelems=3, elem type=java.lang.Object[]@5000011c)
	[0]		50001646
	[1]		50001419
	[2]		50001647
ARR 500014b7 (sz=24, trace=300000, nelems=2, elem type=java.lang.Object[]@5000011c)
	[0]		50001644
	[1]		50001426
ARR 500014b8 (sz=24, trace=300000, nelems=2, elem type=java.lang.Object[]@5000011c)
	[0]		50001642
	[1]		50001436
ARR 500014b9 (sz=32, trace=300000, nelems=3, elem type=java.lang.Object[]@5000011c)
	[0]		5000163a
	[1]		50001411
	[2]		5000163b
ARR 500014ba (sz=24, trace=300000, nelems=2, elem type=java.lang.Object[]@5000011c)
	[0]		50001638
	[1]		50001426
ARR 500014bb (sz=32, trace=300000, nelems=3, elem type=java.lang.Object[]@5000011c)
	[0]		50001633
	[1]		50001408
	[2]		50001634
ARR 500014bc (sz=24, trace=300000, nelems=2, elem type=java.lang.Object[]@5000011c)
	[0]		50001631
	[1]		50001419
ARR 500014bd (sz=24, trace=300000, nelems=2, elem type=java.lang.Object[]@5000011c)
	[0]		5000162f
	[1]		500013f1
ARR 500014be (sz=32, trace=300000, nelems=3, elem type=java.lang.Object[]@5000011c)
	[0]		5000162a
	[1]		500013e6
	[2]		5000162b
ARR 500014bf (sz=32, trace=300000, nelems=3, elem type=java.lang.Object[]@5000011c)
	[0]		50001625
	[1]		500013e3
	[2]		50001626
ARR 500014c0 (sz=24, trace=300000, nelems=2, elem type=java.lang.Object[]@5000011c)
	[0]		50001623
	[1]		50001436
ARR 500014c1 (sz=24, trace=300000, nelems=2, elem type=java.lang.Object[]@5000011c)
	[0]		50001621
	[1]		500013d3
ARR 500014c2 (sz=24, trace=300000, nelems=2, elem type=java.lang.Object[]@5000011c)
	[0]		5000161f
	[1]		5000140b
ARR 500014c3 (sz=24, trace=300000, nelems=2, elem type=java.lang.Object[]@5000011c)
	[0]		5000161d
	[1]		50001419
ARR 500014c4 (sz=24, trace=300000, nelems=2, elem type=java.lang.Object[]@5000011c)
	[0]		5000161b
	[1]		50001419
ARR 500014c5 (sz=24, trace=300000, nelems=2, elem type=java.lang.Object[]@5000011c)
	[0]		50001619
	[1]		500013f7
ARR 500014c6 (sz=24, trace=300000, nelems=2, elem type=java.lang.Object[]@5000011c)
	[0]		50001617
	[1]		50001420
ARR 500014c7 (sz=24, trace=300000, nelems=2, elem type=java.lang.Object[]@5000011c)
	[0]		50001615
	[1]		50001472
ARR 500014c8 (sz=24, trace=300000, nelems=2, elem type=java.lang.Object[]@5000011c)
	[0]		50001613
	[1]		50001464
ARR 500014c9 (sz=24, trace=300000, nelems=2, elem type=java.lang.Object[]@5000011c)
	[0]		50001611
	[1]		50001436
ARR 500014ca (sz=24, trace=300000, nelems=2, elem type=java.lang.Object[]@5000011c)
	[0]		5000160f
	[1]		50001402
ARR 500014cb (sz=24, trace=300000, nelems=2, elem type=java.lang.Object[]@5000011c)
	[0]		5000160d
	[1]		50001420
ARR 500014cc (sz=24, trace=300000, nelems=2, elem type=java.lang.Object[]@5000011c)
	[0]		5000160b
	[1]		50001436
ARR 500014cd (sz=24, trace=300000, nelems=2, elem type=java.lang.Object[]@5000011c)
	[0]		50001609
	[1]		5000141d
ARR 500014ce (sz=24, trace=300000, nelems=2, elem type=java.lang.Object[]@5000011c)
	[0]		50001607
	[1]		50001436
ARR 500014cf (sz=24, trace=300000, nelems=2, elem type=java.lang.Object[]@5000011c)
	[0]		50001605
	[1]		50001433
ARR 500014d0 (sz=24, trace=300000, nelems=2, elem type=java.lang.Object[]@5000011c)
	[0]		50001603
	[1]		500013f4
ARR 500014d1 (sz=24, trace=300000, nelems=2, elem type=java.lang.Object[]@5000011c)
	[0]		500013f7
	[1]		500013f7
ARR 500014d2 (sz=24, trace=300000, nelems=2, elem type=java.lang.Object[]@5000011c)
	[0]		50001601
	[1]		500013f7
ARR 500014d3 (sz=24, trace=300000, nelems=2, elem type=java.lang.Object[]@5000011c)
	[0]		500015ff
	[1]		50001436
ARR 500014d4 (sz=24, trace=300000, nelems=2, elem type=java.lang.Object[]@5000011c)
	[0]		500015fd
	[1]		50001433
ARR 500014d5 (sz=24, trace=300000, nelems=2, elem type=java.lang.Object[]@5000011c)
	[0]		500015fb
	[1]		5000142a
ARR 500014d6 (sz=24, trace=300000, nelems=2, elem type=java.lang.Object[]@5000011c)
	[0]		500015f9
	[1]		50001419
ARR 500014d7 (sz=24, trace=300000, nelems=2, elem type=java.lang.Object[]@5000011c)
	[0]		500015f7
	[1]		5000142a
ARR 500014d8 (sz=24, trace=300000, nelems=2, elem type=java.lang.Object[]@5000011c)
	[0]		500015f5
	[1]		500013f7
ARR 500014d9 (sz=24, trace=300000, nelems=2, elem type=java.lang.Object[]@5000011c)
	[0]		500015f3
	[1]		50001402
ARR 500014da (sz=24, trace=300000, nelems=2, elem type=java.lang.Object[]@5000011c)
	[0]		500015f1
	[1]		500013d7
ARR 500014db (sz=24, trace=300000, nelems=2, elem type=java.lang.Object[]@5000011c)
	[0]		500015ef
	[1]		5000140b
ARR 500014dc (sz=24, trace=300000, nelems=2, elem type=java.lang.Object[]@5000011c)
	[0]		500015ed
	[1]		50001420
ARR 500014dd (sz=24, trace=300000, nelems=2, elem type=java.lang.Object[]@5000011c)
	[0]		50001411
	[1]		50001411
ARR 500014de (sz=24, trace=300000, nelems=2, elem type=java.lang.Object[]@5000011c)
	[0]		50001408
	[1]		50001408
ARR 500014df (sz=24, trace=300000, nelems=2, elem type=java.lang.Object[]@5000011c)
	[0]		500013f1
	[1]		500013f1
ARR 500014e0 (sz=24, trace=300000, nelems=2, elem type=java.lang.Object[]@5000011c)
	[0]		500013e6
	[1]		500013e6
ARR 500014e1 (sz=24, trace=300000, nelems=2, elem type=java.lang.Object[]@5000011c)
	[0]		500015eb
	[1]		50001415
ARR 500014e2 (sz=24, trace=300000, nelems=2, elem type=java.lang.Object[]@5000011c)
	[0]		500015e9
	[1]		5000146a
ARR 500014e3 (sz=24, trace=300000, nelems=2, elem type=java.lang.Object[]@5000011c)
	[0]		500015e7
	[1]		50001411
ARR 500014e4 (sz=24, trace=300000, nelems=2, elem type=java.lang.Object[]@5000011c)
	[0]		500015e5
	[1]		50001408
ARR 500014e5 (sz=24, trace=300000, nelems=2, elem type=java.lang.Object[]@5000011c)
	[0]		500015e3
	[1]		500013f1
ARR 500014e6 (sz=24, trace=300000, nelems=2, elem type=java.lang.Object[]@5000011c)
	[0]		50001472
	[1]		50001472
ARR 500014e7 (sz=24, trace=300000, nelems=2, elem type=java.lang.Object[]@5000011c)
	[0]		500015e1
	[1]		500013e6
ARR 500014e8 (sz=24, trace=300000, nelems=2, elem type=java.lang.Object[]@5000011c)
	[0]		500015df
	[1]		50001415
ARR 500014e9 (sz=24, trace=300000, nelems=2, elem type=java.lang.Object[]@5000011c)
	[0]		50001464
	[1]		50001464
ARR 500014ea (sz=24, trace=300000, nelems=2, elem type=java.lang.Object[]@5000011c)
	[0]		500015dd
	[1]		5000143c
ARR 500014eb (sz=24, trace=300000, nelems=2, elem type=java.lang.Object[]@5000011c)
	[0]		500015db
	[1]		500013f4
ARR 500014ec (sz=24, trace=300000, nelems=2, elem type=java.lang.Object[]@5000011c)
	[0]		500015d9
	[1]		50001447
ARR 500014ed (sz=24, trace=300000, nelems=2, elem type=java.lang.Object[]@5000011c)
	[0]		500015d7
	[1]		50001426
ARR 500014ee (sz=24, trace=300000, nelems=2, elem type=java.lang.Object[]@5000011c)
	[0]		500015d5
	[1]		50001419
ARR 500014ef (sz=24, trace=300000, nelems=2, elem type=java.lang.Object[]@5000011c)
	[0]		500015d3
	[1]		50001472
ARR 500014f0 (sz=24, trace=300000, nelems=2, elem type=java.lang.Object[]@5000011c)
	[0]		500015d1
	[1]		50001464
ARR 500014f1 (sz=24, trace=300000, nelems=2, elem type=java.lang.Object[]@5000011c)
	[0]		500015cf
	[1]		5000141d
ARR 500014f2 (sz=24, trace=300000, nelems=2, elem type=java.lang.Object[]@5000011c)
	[0]		500015cd
	[1]		500013cb
ARR 500014f3 (sz=24, trace=300000, nelems=2, elem type=java.lang.Object[]@5000011c)
	[0]		500015cb
	[1]		5000141d
ARR 500014f4 (sz=24, trace=300000, nelems=2, elem type=java.lang.Object[]@5000011c)
	[0]		500015c9
	[1]		5000142a
ARR 500014f5 (sz=24, trace=300000, nelems=2, elem type=java.lang.Object[]@5000011c)
	[0]		500015c7
	[1]		50001402
ARR 500014f6 (sz=24, trace=300000, nelems=2, elem type=java.lang.Object[]@5000011c)
	[0]		500015c5
	[1]		50001467
ARR 500014f7 (sz=24, trace=300000, nelems=2, elem type=java.lang.Object[]@5000011c)
	[0]		500015c3
	[1]		500013e3
ARR 500014f8 (sz=24, trace=300000, nelems=2, elem type=java.lang.Object[]@5000011c)
	[0]		500015c1
	[1]		50001420
ARR 500014f9 (sz=24, trace=300000, nelems=2, elem type=java.lang.Object[]@5000011c)
	[0]		500015bf
	[1]		50001420
ARR 500014fa (sz=24, trace=300000, nelems=2, elem type=java.lang.Object[]@5000011c)
	[0]		500015bd
	[1]		500013e6
ARR 500014fb (sz=24, trace=300000, nelems=2, elem type=java.lang.Object[]@5000011c)
	[0]		5000140b
	[1]		5000140b
ARR 500014fc (sz=24, trace=300000, nelems=2, elem type=java.lang.Object[]@5000011c)
	[0]		500015bb
	[1]		5000145e
ARR 500014fd (sz=24, trace=300000, nelems=2, elem type=java.lang.Object[]@5000011c)
	[0]		500015b9
	[1]		5000145b
ARR 500014fe (sz=24, trace=300000, nelems=2, elem type=java.lang.Object[]@5000011c)
	[0]		500015b7
	[1]		50001450
ARR 500014ff (sz=24, trace=300000, nelems=2, elem type=java.lang.Object[]@5000011c)
	[0]		500015b5
	[1]		5000144d
ARR 50001500 (sz=24, trace=300000, nelems=2, elem type=java.lang.Object[]@5000011c)
	[0]		500015b3
	[1]		50001444
ARR 50001501 (sz=32, trace=300000, nelems=3, elem type=java.lang.Object[]@5000011c)
	[0]		500015ae
	[1]		50001472
	[2]		500015af
ARR 50001502 (sz=32, trace=300000, nelems=3, elem type=java.lang.Object[]@5000011c)
	[0]		500015a9
	[1]		50001464
	[2]		500015aa
ARR 50001503 (sz=24, trace=300000, nelems=2, elem type=java.lang.Object[]@5000011c)
	[0]		500015a7
	[1]		500013ff
ARR 50001504 (sz=32, trace=300000, nelems=3, elem type=java.lang.Object[]@5000011c)
	[0]		500015a2
	[1]		500013f7
	[2]		500015a3
ARR 50001505 (sz=24, trace=300000, nelems=2, elem type=java.lang.Object[]@5000011c)
	[0]		500015a0
	[1]		500013d7
ARR 50001506 (sz=24, trace=300000, nelems=2, elem type=java.lang.Object[]@5000011c)
	[0]		5000159e
	[1]		5000140b
ARR 50001507 (sz=24, trace=300000, nelems=2, elem type=java.lang.Object[]@5000011c)
	[0]		5000159c
	[1]		500013e3
ARR 50001508 (sz=24, trace=300000, nelems=2, elem type=java.lang.Object[]@5000011c)
	[0]		5000159a
	[1]		500013ff
ARR 50001509 (sz=24, trace=300000, nelems=2, elem type=java.lang.Object[]@5000011c)
	[0]		50001598
	[1]		50001402
ARR 5000150a (sz=24, trace=300000, nelems=2, elem type=java.lang.Object[]@5000011c)
	[0]		50001596
	[1]		500013f7
ARR 5000150b (sz=24, trace=300000, nelems=2, elem type=java.lang.Object[]@5000011c)
	[0]		500013f4
	[1]		500013f4
ARR 5000150c (sz=24, trace=300000, nelems=2, elem type=java.lang.Object[]@5000011c)
	[0]		50001594
	[1]		50001402
ARR 5000150d (sz=24, trace=300000, nelems=2, elem type=java.lang.Object[]@5000011c)
	[0]		50001592
	[1]		5000143c
ARR 5000150e (sz=24, trace=300000, nelems=2, elem type=java.lang.Object[]@5000011c)
	[0]		50001590
	[1]		500013f4
ARR 5000150f (sz=24, trace=300000, nelems=2, elem type=java.lang.Object[]@5000011c)
	[0]		5000158e
	[1]		500013ff
ARR 50001510 (sz=24, trace=300000, nelems=2, elem type=java.lang.Object[]@5000011c)
	[0]		5000158c
	[1]		500013f7
ARR 50001511 (sz=24, trace=300000, nelems=2, elem type=java.lang.Object[]@5000011c)
	[0]		5000158a
	[1]		50001426
ARR 50001512 (sz=24, trace=300000, nelems=2, elem type=java.lang.Object[]@5000011c)
	[0]		50001588
	[1]		50001447
ARR 50001513 (sz=24, trace=300000, nelems=2, elem type=java.lang.Object[]@5000011c)
	[0]		50001586
	[1]		50001420
ARR 50001514 (sz=24, trace=300000, nelems=2, elem type=java.lang.Object[]@5000011c)
	[0]		50001584
	[1]		50001402
ARR 50001515 (sz=24, trace=300000, nelems=2, elem type=java.lang.Object[]@5000011c)
	[0]		50001582
	[1]		50001436
ARR 50001516 (sz=24, trace=300000, nelems=2, elem type=java.lang.Object[]@5000011c)
	[0]		50001580
	[1]		50001433
ARR 50001517 (sz=24, trace=300000, nelems=2, elem type=java.lang.Object[]@5000011c)
	[0]		5000157e
	[1]		500013d3
ARR 50001518 (sz=24, trace=300000, nelems=2, elem type=java.lang.Object[]@5000011c)
	[0]		5000157c
	[1]		5000142a
ARR 50001519 (sz=24, trace=300000, nelems=2, elem type=java.lang.Object[]@5000011c)
	[0]		5000157a
	[1]		50001426
ARR 5000151a (sz=24, trace=300000, nelems=2, elem type=java.lang.Object[]@5000011c)
	[0]		50001578
	[1]		50001420
ARR 5000151b (sz=24, trace=300000, nelems=2, elem type=java.lang.Object[]@5000011c)
	[0]		50001576
	[1]		50001419
ARR 5000151c (sz=24, trace=300000, nelems=2, elem type=java.lang.Object[]@5000011c)
	[0]		50001574
	[1]		500013e3
ARR 5000151d (sz=24, trace=300000, nelems=2, elem type=java.lang.Object[]@5000011c)
	[0]		50001572
	[1]		50001472
ARR 5000151e (sz=24, trace=300000, nelems=2, elem type=java.lang.Object[]@5000011c)
	[0]		50001570
	[1]		50001402
ARR 5000151f (sz=24, trace=300000, nelems=2, elem type=java.lang.Object[]@5000011c)
	[0]		5000156e
	[1]		50001436
ARR 50001520 (sz=32, trace=300000, nelems=3, elem type=java.lang.Object[]@5000011c)
	[0]		50001569
	[1]		50001433
	[2]		5000156a
ARR 50001521 (sz=24, trace=300000, nelems=2, elem type=java.lang.Object[]@5000011c)
	[0]		50001567
	[1]		50001420
ARR 50001522 (sz=24, trace=300000, nelems=2, elem type=java.lang.Object[]@5000011c)
	[0]		50001565
	[1]		5000142a
ARR 50001523 (sz=24, trace=300000, nelems=2, elem type=java.lang.Object[]@5000011c)
	[0]		50001563
	[1]		50001426
ARR 50001524 (sz=32, trace=300000, nelems=3, elem type=java.lang.Object[]@5000011c)
	[0]		5000155e
	[1]		50001408
	[2]		5000155f
ARR 50001525 (sz=24, trace=300000, nelems=2, elem type=java.lang.Object[]@5000011c)
	[0]		5000155c
	[1]		50001419
ARR 50001526 (sz=24, trace=300000, nelems=2, elem type=java.lang.Object[]@5000011c)
	[0]		5000155a
	[1]		500013f1
ARR 50001527 (sz=24, trace=300000, nelems=2, elem type=java.lang.Object[]@5000011c)
	[0]		50001558
	[1]		500013f4
ARR 50001528 (sz=24, trace=300000, nelems=2, elem type=java.lang.Object[]@5000011c)
	[0]		50001556
	[1]		50001402
ARR 50001529 (sz=24, trace=300000, nelems=2, elem type=java.lang.Object[]@5000011c)
	[0]		50001554
	[1]		500013db
ARR 5000152a (sz=24, trace=300000, nelems=2, elem type=java.lang.Object[]@5000011c)
	[0]		50001552
	[1]		5000142d
ARR 5000152b (sz=24, trace=300000, nelems=2, elem type=java.lang.Object[]@5000011c)
	[0]		50001550
	[1]		50001402
ARR 5000152c (sz=24, trace=300000, nelems=2, elem type=java.lang.Object[]@5000011c)
	[0]		5000154e
	[1]		5000145e
ARR 5000152d (sz=24, trace=300000, nelems=2, elem type=java.lang.Object[]@5000011c)
	[0]		5000154c
	[1]		5000145b
ARR 5000152e (sz=24, trace=300000, nelems=2, elem type=java.lang.Object[]@5000011c)
	[0]		5000154a
	[1]		50001450
ARR 5000152f (sz=24, trace=300000, nelems=2, elem type=java.lang.Object[]@5000011c)
	[0]		50001548
	[1]		5000144d
ARR 50001530 (sz=24, trace=300000, nelems=2, elem type=java.lang.Object[]@5000011c)
	[0]		50001546
	[1]		50001402
ARR 50001531 (sz=24, trace=300000, nelems=2, elem type=java.lang.Object[]@5000011c)
	[0]		50001544
	[1]		50001444
ARR 50001532 (sz=24, trace=300000, nelems=2, elem type=java.lang.Object[]@5000011c)
	[0]		50001542
	[1]		50001440
ARR 50001533 (sz=24, trace=300000, nelems=2, elem type=java.lang.Object[]@5000011c)
	[0]		50001540
	[1]		500013cb
ARR 50001534 (sz=24, trace=300000, nelems=2, elem type=java.lang.Object[]@5000011c)
	[0]		5000153e
	[1]		50001447
ARR 50001535 (sz=24, trace=300000, nelems=2, elem type=java.lang.Object[]@5000011c)
	[0]		5000153c
	[1]		50001411
ARR 50001536 (sz=24, trace=300000, nelems=2, elem type=java.lang.Object[]@5000011c)
	[0]		5000153a
	[1]		500013e9
ARR 50001537 (sz=24, trace=300000, nelems=2, elem type=java.lang.Object[]@5000011c)
	[0]		50001538
	[1]		50001467
OBJ 50001538 (sz=24, trace=300000, class=java.lang.String@50000181)
	value		50001539
ARR 50001539 (sz=12, trace=300000, nelems=6, elem type=char[])
OBJ 5000153a (sz=24, trace=300000, class=java.lang.String@50000181)
	value		5000153b
ARR 5000153b (sz=24, trace=300000, nelems=12, elem type=char[])
OBJ 5000153c (sz=24, trace=300000, class=java.lang.String@50000181)
	value		5000153d
ARR 5000153d (sz=38, trace=300000, nelems=19, elem type=char[])
OBJ 5000153e (sz=24, trace=300000, class=java.lang.String@50000181)
	value		5000153f
ARR 5000153f (sz=12, trace=300000, nelems=6, elem type=char[])
OBJ 50001540 (sz=24, trace=300000, class=java.lang.String@50000181)
	value		50001541
ARR 50001541 (sz=16, trace=300000, nelems=8, elem type=char[])
OBJ 50001542 (sz=24, trace=300000, class=java.lang.String@50000181)
	value		50001543
ARR 50001543 (sz=12, trace=300000, nelems=6, elem type=char[])
OBJ 50001544 (sz=24, trace=300000, class=java.lang.String@50000181)
	value		50001545
ARR 50001545 (sz=12, trace=300000, nelems=6, elem type=char[])
OBJ 50001546 (sz=24, trace=300000, class=java.lang.String@50000181)
	value		50001547
ARR 50001547 (sz=32, trace=300000, nelems=16, elem type=char[])
OBJ 50001548 (sz=24, trace=300000, class=java.lang.String@50000181)
	value		50001549
ARR 50001549 (sz=12, trace=300000, nelems=6, elem type=char[])
OBJ 5000154a (sz=24, trace=300000, class=java.lang.String@50000181)
	value		5000154b
ARR 5000154b (sz=12, trace=300000, nelems=6, elem type=char[])
OBJ 5000154c (sz=24, trace=300000, class=java.lang.String@50000181)
	value		5000154d
ARR 5000154d (sz=12, trace=300000, nelems=6, elem type=char[])
OBJ 5000154e (sz=24, trace=300000, class=java.lang.String@50000181)
	value		5000154f
ARR 5000154f (sz=12, trace=300000, nelems=6, elem type=char[])
OBJ 50001550 (sz=24, trace=300000, class=java.lang.String@50000181)
	value		50001551
ARR 50001551 (sz=32, trace=300000, nelems=16, elem type=char[])
OBJ 50001552 (sz=24, trace=300000, class=java.lang.String@50000181)
	value		50001553
ARR 50001553 (sz=8, trace=300000, nelems=4, elem type=char[])
OBJ 50001554 (sz=24, trace=300000, class=java.lang.String@50000181)
	value		50001555
ARR 50001555 (sz=16, trace=300000, nelems=8, elem type=char[])
OBJ 50001556 (sz=24, trace=300000, class=java.lang.String@50000181)
	value		50001557
ARR 50001557 (sz=10, trace=300000, nelems=5, elem type=char[])
OBJ 50001558 (sz=24, trace=300000, class=java.lang.String@50000181)
	value		50001559
ARR 50001559 (sz=22, trace=300000, nelems=11, elem type=char[])
OBJ 5000155a (sz=24, trace=300000, class=java.lang.String@50000181)
	value		5000155b
ARR 5000155b (sz=16, trace=300000, nelems=8, elem type=char[])
OBJ 5000155c (sz=24, trace=300000, class=java.lang.String@50000181)
	value		5000155d
ARR 5000155d (sz=20, trace=300000, nelems=10, elem type=char[])
OBJ 5000155e (sz=24, trace=300000, class=java.lang.String@50000181)
	value		50001562
ARR 5000155f (sz=24, trace=300000, nelems=2, elem type=java.lang.Object[]@5000011c)
	[0]		50001560
	[1]		50001420
OBJ 50001560 (sz=24, trace=300000, class=java.lang.String@50000181)
	value		50001561
ARR 50001561 (sz=20, trace=300000, nelems=10, elem type=char[])
ARR 50001562 (sz=16, trace=300000, nelems=8, elem type=char[])
OBJ 50001563 (sz=24, trace=300000, class=java.lang.String@50000181)
	value		50001564
ARR 50001564 (sz=20, trace=300000, nelems=10, elem type=char[])
OBJ 50001565 (sz=24, trace=300000, class=java.lang.String@50000181)
	value		50001566
ARR 50001566 (sz=20, trace=300000, nelems=10, elem type=char[])
OBJ 50001567 (sz=24, trace=300000, class=java.lang.String@50000181)
	value		50001568
ARR 50001568 (sz=24, trace=300000, nelems=12, elem type=char[])
OBJ 50001569 (sz=24, trace=300000, class=java.lang.String@50000181)
	value		5000156d
ARR 5000156a (sz=24, trace=300000, nelems=2, elem type=java.lang.Object[]@5000011c)
	[0]		5000156b
	[1]		5000143c
OBJ 5000156b (sz=24, trace=300000, class=java.lang.String@50000181)
	value		5000156c
ARR 5000156c (sz=20, trace=300000, nelems=10, elem type=char[])
ARR 5000156d (sz=20, trace=300000, nelems=10, elem type=char[])
OBJ 5000156e (sz=24, trace=300000, class=java.lang.String@50000181)
	value		5000156f
ARR 5000156f (sz=20, trace=300000, nelems=10, elem type=char[])
OBJ 50001570 (sz=24, trace=300000, class=java.lang.String@50000181)
	value		50001571
ARR 50001571 (sz=12, trace=300000, nelems=6, elem type=char[])
OBJ 50001572 (sz=24, trace=300000, class=java.lang.String@50000181)
	value		50001573
ARR 50001573 (sz=36, trace=300000, nelems=18, elem type=char[])
OBJ 50001574 (sz=24, trace=300000, class=java.lang.String@50000181)
	value		50001575
ARR 50001575 (sz=20, trace=300000, nelems=10, elem type=char[])
OBJ 50001576 (sz=24, trace=300000, class=java.lang.String@50000181)
	value		50001577
ARR 50001577 (sz=18, trace=300000, nelems=9, elem type=char[])
OBJ 50001578 (sz=24, trace=300000, class=java.lang.String@50000181)
	value		50001579
ARR 50001579 (sz=18, trace=300000, nelems=9, elem type=char[])
OBJ 5000157a (sz=24, trace=300000, class=java.lang.String@50000181)
	value		5000157b
ARR 5000157b (sz=18, trace=300000, nelems=9, elem type=char[])
OBJ 5000157c (sz=24, trace=300000, class=java.lang.String@50000181)
	value		5000157d
ARR 5000157d (sz=18, trace=300000, nelems=9, elem type=char[])
OBJ 5000157e (sz=24, trace=300000, class=java.lang.String@50000181)
	value		5000157f
ARR 5000157f (sz=14, trace=300000, nelems=7, elem type=char[])
OBJ 50001580 (sz=24, trace=300000, class=java.lang.String@50000181)
	value		50001581
ARR 50001581 (sz=18, trace=300000, nelems=9, elem type=char[])
OBJ 50001582 (sz=24, trace=300000, class=java.lang.String@50000181)
	value		50001583
ARR 50001583 (sz=18, trace=300000, nelems=9, elem type=char[])
OBJ 50001584 (sz=24, trace=300000, class=java.lang.String@50000181)
	value		50001585
ARR 50001585 (sz=12, trace=300000, nelems=6, elem type=char[])
OBJ 50001586 (sz=24, trace=300000, class=java.lang.String@50000181)
	value		50001587
ARR 50001587 (sz=10, trace=300000, nelems=5, elem type=char[])
OBJ 50001588 (sz=24, trace=300000, class=java.lang.String@50000181)
	value		50001589
ARR 50001589 (sz=14, trace=300000, nelems=7, elem type=char[])
OBJ 5000158a (sz=24, trace=300000, class=java.lang.String@50000181)
	value		5000158b
ARR 5000158b (sz=30, trace=300000, nelems=15, elem type=char[])
OBJ 5000158c (sz=24, trace=300000, class=java.lang.String@50000181)
	value		5000158d
ARR 5000158d (sz=20, trace=300000, nelems=10, elem type=char[])
OBJ 5000158e (sz=24, trace=300000, class=java.lang.String@50000181)
	value		5000158f
ARR 5000158f (sz=20, trace=300000, nelems=10, elem type=char[])
OBJ 50001590 (sz=24, trace=300000, class=java.lang.String@50000181)
	value		50001591
ARR 50001591 (sz=14, trace=300000, nelems=7, elem type=char[])
OBJ 50001592 (sz=24, trace=300000, class=java.lang.String@50000181)
	value		50001593
ARR 50001593 (sz=30, trace=300000, nelems=15, elem type=char[])
OBJ 50001594 (sz=24, trace=300000, class=java.lang.String@50000181)
	value		50001595
ARR 50001595 (sz=10, trace=300000, nelems=5, elem type=char[])
OBJ 50001596 (sz=24, trace=300000, class=java.lang.String@50000181)
	value		50001597
ARR 50001597 (sz=14, trace=300000, nelems=7, elem type=char[])
OBJ 50001598 (sz=24, trace=300000, class=java.lang.String@50000181)
	value		50001599
ARR 50001599 (sz=4, trace=300000, nelems=2, elem type=char[])
OBJ 5000159a (sz=24, trace=300000, class=java.lang.String@50000181)
	value		5000159b
ARR 5000159b (sz=14, trace=300000, nelems=7, elem type=char[])
OBJ 5000159c (sz=24, trace=300000, class=java.lang.String@50000181)
	value		5000159d
ARR 5000159d (sz=14, trace=300000, nelems=7, elem type=char[])
OBJ 5000159e (sz=24, trace=300000, class=java.lang.String@50000181)
	value		5000159f
ARR 5000159f (sz=14, trace=300000, nelems=7, elem type=char[])
OBJ 500015a0 (sz=24, trace=300000, class=java.lang.String@50000181)
	value		500015a1
ARR 500015a1 (sz=24, trace=300000, nelems=12, elem type=char[])
OBJ 500015a2 (sz=24, trace=300000, class=java.lang.String@50000181)
	value		500015a6
ARR 500015a3 (sz=24, trace=300000, nelems=2, elem type=java.lang.Object[]@5000011c)
	[0]		500015a4
	[1]		50001453
OBJ 500015a4 (sz=24, trace=300000, class=java.lang.String@50000181)
	value		500015a5
ARR 500015a5 (sz=16, trace=300000, nelems=8, elem type=char[])
ARR 500015a6 (sz=20, trace=300000, nelems=10, elem type=char[])
OBJ 500015a7 (sz=24, trace=300000, class=java.lang.String@50000181)
	value		500015a8
ARR 500015a8 (sz=20, trace=300000, nelems=10, elem type=char[])
OBJ 500015a9 (sz=24, trace=300000, class=java.lang.String@50000181)
	value		500015ad
ARR 500015aa (sz=24, trace=300000, nelems=2, elem type=java.lang.Object[]@5000011c)
	[0]		500015ab
	[1]		500013db
OBJ 500015ab (sz=24, trace=300000, class=java.lang.String@50000181)
	value		500015ac
ARR 500015ac (sz=10, trace=300000, nelems=5, elem type=char[])
ARR 500015ad (sz=16, trace=300000, nelems=8, elem type=char[])
OBJ 500015ae (sz=24, trace=300000, class=java.lang.String@50000181)
	value		500015b2
ARR 500015af (sz=24, trace=300000, nelems=2, elem type=java.lang.Object[]@5000011c)
	[0]		500015b0
	[1]		50001440
OBJ 500015b0 (sz=24, trace=300000, class=java.lang.String@50000181)
	value		500015b1
ARR 500015b1 (sz=12, trace=300000, nelems=6, elem type=char[])
ARR 500015b2 (sz=16, trace=300000, nelems=8, elem type=char[])
OBJ 500015b3 (sz=24, trace=300000, class=java.lang.String@50000181)
	value		500015b4
ARR 500015b4 (sz=12, trace=300000, nelems=6, elem type=char[])
OBJ 500015b5 (sz=24, trace=300000, class=java.lang.String@50000181)
	value		500015b6
ARR 500015b6 (sz=12, trace=300000, nelems=6, elem type=char[])
OBJ 500015b7 (sz=24, trace=300000, class=java.lang.String@50000181)
	value		500015b8
ARR 500015b8 (sz=12, trace=300000, nelems=6, elem type=char[])
OBJ 500015b9 (sz=24, trace=300000, class=java.lang.String@50000181)
	value		500015ba
ARR 500015ba (sz=12, trace=300000, nelems=6, elem type=char[])
OBJ 500015bb (sz=24, trace=300000, class=java.lang.String@50000181)
	value		500015bc
ARR 500015bc (sz=12, trace=300000, nelems=6, elem type=char[])
OBJ 500015bd (sz=24, trace=300000, class=java.lang.String@50000181)
	value		500015be
ARR 500015be (sz=16, trace=300000, nelems=8, elem type=char[])
OBJ 500015bf (sz=24, trace=300000, class=java.lang.String@50000181)
	value		500015c0
ARR 500015c0 (sz=30, trace=300000, nelems=15, elem type=char[])
OBJ 500015c1 (sz=24, trace=300000, class=java.lang.String@50000181)
	value		500015c2
ARR 500015c2 (sz=16, trace=300000, nelems=8, elem type=char[])
OBJ 500015c3 (sz=24, trace=300000, class=java.lang.String@50000181)
	value		500015c4
ARR 500015c4 (sz=48, trace=300000, nelems=24, elem type=char[])
OBJ 500015c5 (sz=24, trace=300000, class=java.lang.String@50000181)
	value		500015c6
ARR 500015c6 (sz=10, trace=300000, nelems=5, elem type=char[])
OBJ 500015c7 (sz=24, trace=300000, class=java.lang.String@50000181)
	value		500015c8
ARR 500015c8 (sz=14, trace=300000, nelems=7, elem type=char[])
OBJ 500015c9 (sz=24, trace=300000, class=java.lang.String@50000181)
	value		500015ca
ARR 500015ca (sz=30, trace=300000, nelems=15, elem type=char[])
OBJ 500015cb (sz=24, trace=300000, class=java.lang.String@50000181)
	value		500015cc
ARR 500015cc (sz=14, trace=300000, nelems=7, elem type=char[])
OBJ 500015cd (sz=24, trace=300000, class=java.lang.String@50000181)
	value		500015ce
ARR 500015ce (sz=20, trace=300000, nelems=10, elem type=char[])
OBJ 500015cf (sz=24, trace=300000, class=java.lang.String@50000181)
	value		500015d0
ARR 500015d0 (sz=12, trace=300000, nelems=6, elem type=char[])
OBJ 500015d1 (sz=24, trace=300000, class=java.lang.String@50000181)
	value		500015d2
ARR 500015d2 (sz=14, trace=300000, nelems=7, elem type=char[])
OBJ 500015d3 (sz=24, trace=300000, class=java.lang.String@50000181)
	value		500015d4
ARR 500015d4 (sz=14, trace=300000, nelems=7, elem type=char[])
OBJ 500015d5 (sz=24, trace=300000, class=java.lang.String@50000181)
	value		500015d6
ARR 500015d6 (sz=20, trace=300000, nelems=10, elem type=char[])
OBJ 500015d7 (sz=24, trace=300000, class=java.lang.String@50000181)
	value		500015d8
ARR 500015d8 (sz=20, trace=300000, nelems=10, elem type=char[])
OBJ 500015d9 (sz=24, trace=300000, class=java.lang.String@50000181)
	value		500015da
ARR 500015da (sz=10, trace=300000, nelems=5, elem type=char[])
OBJ 500015db (sz=24, trace=300000, class=java.lang.String@50000181)
	value		500015dc
ARR 500015dc (sz=10, trace=300000, nelems=5, elem type=char[])
OBJ 500015dd (sz=24, trace=300000, class=java.lang.String@50000181)
	value		500015de
ARR 500015de (sz=36, trace=300000, nelems=18, elem type=char[])
OBJ 500015df (sz=24, trace=300000, class=java.lang.String@50000181)
	value		500015e0
ARR 500015e0 (sz=14, trace=300000, nelems=7, elem type=char[])
OBJ 500015e1 (sz=24, trace=300000, class=java.lang.String@50000181)
	value		500015e2
ARR 500015e2 (sz=14, trace=300000, nelems=7, elem type=char[])
OBJ 500015e3 (sz=24, trace=300000, class=java.lang.String@50000181)
	value		500015e4
ARR 500015e4 (sz=14, trace=300000, nelems=7, elem type=char[])
OBJ 500015e5 (sz=24, trace=300000, class=java.lang.String@50000181)
	value		500015e6
ARR 500015e6 (sz=14, trace=300000, nelems=7, elem type=char[])
OBJ 500015e7 (sz=24, trace=300000, class=java.lang.String@50000181)
	value		500015e8
ARR 500015e8 (sz=14, trace=300000, nelems=7, elem type=char[])
OBJ 500015e9 (sz=24, trace=300000, class=java.lang.String@50000181)
	value		500015ea
ARR 500015ea (sz=16, trace=300000, nelems=8, elem type=char[])
OBJ 500015eb (sz=24, trace=300000, class=java.lang.String@50000181)
	value		500015ec
ARR 500015ec (sz=12, trace=300000, nelems=6, elem type=char[])
OBJ 500015ed (sz=24, trace=300000, class=java.lang.String@50000181)
	value		500015ee
ARR 500015ee (sz=20, trace=300000, nelems=10, elem type=char[])
OBJ 500015ef (sz=24, trace=300000, class=java.lang.String@50000181)
	value		500015f0
ARR 500015f0 (sz=10, trace=300000, nelems=5, elem type=char[])
OBJ 500015f1 (sz=24, trace=300000, class=java.lang.String@50000181)
	value		500015f2
ARR 500015f2 (sz=24, trace=300000, nelems=12, elem type=char[])
OBJ 500015f3 (sz=24, trace=300000, class=java.lang.String@50000181)
	value		500015f4
ARR 500015f4 (sz=28, trace=300000, nelems=14, elem type=char[])
OBJ 500015f5 (sz=24, trace=300000, class=java.lang.String@50000181)
	value		500015f6
ARR 500015f6 (sz=12, trace=300000, nelems=6, elem type=char[])
OBJ 500015f7 (sz=24, trace=300000, class=java.lang.String@50000181)
	value		500015f8
ARR 500015f8 (sz=20, trace=300000, nelems=10, elem type=char[])
OBJ 500015f9 (sz=24, trace=300000, class=java.lang.String@50000181)
	value		500015fa
ARR 500015fa (sz=12, trace=300000, nelems=6, elem type=char[])
OBJ 500015fb (sz=24, trace=300000, class=java.lang.String@50000181)
	value		500015fc
ARR 500015fc (sz=12, trace=300000, nelems=6, elem type=char[])
OBJ 500015fd (sz=24, trace=300000, class=java.lang.String@50000181)
	value		500015fe
ARR 500015fe (sz=12, trace=300000, nelems=6, elem type=char[])
OBJ 500015ff (sz=24, trace=300000, class=java.lang.String@50000181)
	value		50001600
ARR 50001600 (sz=12, trace=300000, nelems=6, elem type=char[])
OBJ 50001601 (sz=24, trace=300000, class=java.lang.String@50000181)
	value		50001602
ARR 50001602 (sz=12, trace=300000, nelems=6, elem type=char[])
OBJ 50001603 (sz=24, trace=300000, class=java.lang.String@50000181)
	value		50001604
ARR 50001604 (sz=6, trace=300000, nelems=3, elem type=char[])
OBJ 50001605 (sz=24, trace=300000, class=java.lang.String@50000181)
	value		50001606
ARR 50001606 (sz=20, trace=300000, nelems=10, elem type=char[])
OBJ 50001607 (sz=24, trace=300000, class=java.lang.String@50000181)
	value		50001608
ARR 50001608 (sz=20, trace=300000, nelems=10, elem type=char[])
OBJ 50001609 (sz=24, trace=300000, class=java.lang.String@50000181)
	value		5000160a
ARR 5000160a (sz=10, trace=300000, nelems=5, elem type=char[])
OBJ 5000160b (sz=24, trace=300000, class=java.lang.String@50000181)
	value		5000160c
ARR 5000160c (sz=14, trace=300000, nelems=7, elem type=char[])
OBJ 5000160d (sz=24, trace=300000, class=java.lang.String@50000181)
	value		5000160e
ARR 5000160e (sz=14, trace=300000, nelems=7, elem type=char[])
OBJ 5000160f (sz=24, trace=300000, class=java.lang.String@50000181)
	value		50001610
ARR 50001610 (sz=28, trace=300000, nelems=14, elem type=char[])
OBJ 50001611 (sz=24, trace=300000, class=java.lang.String@50000181)
	value		50001612
ARR 50001612 (sz=12, trace=300000, nelems=6, elem type=char[])
OBJ 50001613 (sz=24, trace=300000, class=java.lang.String@50000181)
	value		50001614
ARR 50001614 (sz=10, trace=300000, nelems=5, elem type=char[])
OBJ 50001615 (sz=24, trace=300000, class=java.lang.String@50000181)
	value		50001616
ARR 50001616 (sz=10, trace=300000, nelems=5, elem type=char[])
OBJ 50001617 (sz=24, trace=300000, class=java.lang.String@50000181)
	value		50001618
ARR 50001618 (sz=12, trace=300000, nelems=6, elem type=char[])
OBJ 50001619 (sz=24, trace=300000, class=java.lang.String@50000181)
	value		5000161a
ARR 5000161a (sz=14, trace=300000, nelems=7, elem type=char[])
OBJ 5000161b (sz=24, trace=300000, class=java.lang.String@50000181)
	value		5000161c
ARR 5000161c (sz=14, trace=300000, nelems=7, elem type=char[])
OBJ 5000161d (sz=24, trace=300000, class=java.lang.String@50000181)
	value		5000161e
ARR 5000161e (sz=30, trace=300000, nelems=15, elem type=char[])
OBJ 5000161f (sz=24, trace=300000, class=java.lang.String@50000181)
	value		50001620
ARR 50001620 (sz=6, trace=300000, nelems=3, elem type=char[])
OBJ 50001621 (sz=24, trace=300000, class=java.lang.String@50000181)
	value		50001622
ARR 50001622 (sz=8, trace=300000, nelems=4, elem type=char[])
OBJ 50001623 (sz=24, trace=300000, class=java.lang.String@50000181)
	value		50001624
ARR 50001624 (sz=20, trace=300000, nelems=10, elem type=char[])
OBJ 50001625 (sz=24, trace=300000, class=java.lang.String@50000181)
	value		50001629
ARR 50001626 (sz=24, trace=300000, nelems=2, elem type=java.lang.Object[]@5000011c)
	[0]		50001627
	[1]		50001415
OBJ 50001627 (sz=24, trace=300000, class=java.lang.String@50000181)
	value		50001628
ARR 50001628 (sz=10, trace=300000, nelems=5, elem type=char[])
ARR 50001629 (sz=10, trace=300000, nelems=5, elem type=char[])
OBJ 5000162a (sz=24, trace=300000, class=java.lang.String@50000181)
	value		5000162e
ARR 5000162b (sz=24, trace=300000, nelems=2, elem type=java.lang.Object[]@5000011c)
	[0]		5000162c
	[1]		500013f7
OBJ 5000162c (sz=24, trace=300000, class=java.lang.String@50000181)
	value		5000162d
ARR 5000162d (sz=4, trace=300000, nelems=2, elem type=char[])
ARR 5000162e (sz=10, trace=300000, nelems=5, elem type=char[])
OBJ 5000162f (sz=24, trace=300000, class=java.lang.String@50000181)
	value		50001630
ARR 50001630 (sz=10, trace=300000, nelems=5, elem type=char[])
OBJ 50001631 (sz=24, trace=300000, class=java.lang.String@50000181)
	value		50001632
ARR 50001632 (sz=4, trace=300000, nelems=2, elem type=char[])
OBJ 50001633 (sz=24, trace=300000, class=java.lang.String@50000181)
	value		50001637
ARR 50001634 (sz=24, trace=300000, nelems=2, elem type=java.lang.Object[]@5000011c)
	[0]		50001635
	[1]		5000142a
OBJ 50001635 (sz=24, trace=300000, class=java.lang.String@50000181)
	value		50001636
ARR 50001636 (sz=4, trace=300000, nelems=2, elem type=char[])
ARR 50001637 (sz=10, trace=300000, nelems=5, elem type=char[])
OBJ 50001638 (sz=24, trace=300000, class=java.lang.String@50000181)
	value		50001639
ARR 50001639 (sz=16, trace=300000, nelems=8, elem type=char[])
OBJ 5000163a (sz=24, trace=300000, class=java.lang.String@50000181)
	value		50001641
ARR 5000163b (sz=32, trace=300000, nelems=3, elem type=java.lang.Object[]@5000011c)
	[0]		5000163c
	[1]		500013f7
	[2]		5000163d
OBJ 5000163c (sz=24, trace=300000, class=java.lang.String@50000181)
	value		50001640
ARR 5000163d (sz=24, trace=300000, nelems=2, elem type=java.lang.Object[]@5000011c)
	[0]		5000163e
	[1]		50001433
OBJ 5000163e (sz=24, trace=300000, class=java.lang.String@50000181)
	value		5000163f
ARR 5000163f (sz=4, trace=300000, nelems=2, elem type=char[])
ARR 50001640 (sz=12, trace=300000, nelems=6, elem type=char[])
ARR 50001641 (sz=10, trace=300000, nelems=5, elem type=char[])
OBJ 50001642 (sz=24, trace=300000, class=java.lang.String@50000181)
	value		50001643
ARR 50001643 (sz=4, trace=300000, nelems=2, elem type=char[])
OBJ 50001644 (sz=24, trace=300000, class=java.lang.String@50000181)
	value		50001645
ARR 50001645 (sz=14, trace=300000, nelems=7, elem type=char[])
OBJ 50001646 (sz=24, trace=300000, class=java.lang.String@50000181)
	value		5000164a
ARR 50001647 (sz=24, trace=300000, nelems=2, elem type=java.lang.Object[]@5000011c)
	[0]		50001648
	[1]		5000142a
OBJ 50001648 (sz=24, trace=300000, class=java.lang.String@50000181)
	value		50001649
ARR 50001649 (sz=14, trace=300000, nelems=7, elem type=char[])
ARR 5000164a (sz=12, trace=300000, nelems=6, elem type=char[])
OBJ 5000164b (sz=24, trace=300000, class=java.lang.String@50000181)
	value		5000164c
ARR 5000164c (sz=14, trace=300000, nelems=7, elem type=char[])
OBJ 5000164d (sz=24, trace=300000, class=java.lang.String@50000181)
	value		50001651
ARR 5000164e (sz=24, trace=300000, nelems=2, elem type=java.lang.Object[]@5000011c)
	[0]		5000164f
	[1]		50001402
OBJ 5000164f (sz=24, trace=300000, class=java.lang.String@50000181)
	value		50001650
ARR 50001650 (sz=6, trace=300000, nelems=3, elem type=char[])
ARR 50001651 (sz=12, trace=300000, nelems=6, elem type=char[])
OBJ 50001652 (sz=24, trace=300000, class=java.lang.String@50000181)
	value		50001653
ARR 50001653 (sz=22, trace=300000, nelems=11, elem type=char[])
OBJ 50001654 (sz=24, trace=300000, class=java.lang.String@50000181)
	value		50001655
ARR 50001655 (sz=22, trace=300000, nelems=11, elem type=char[])
OBJ 50001656 (sz=24, trace=300000, class=java.lang.String@50000181)
	value		50001657
ARR 50001657 (sz=12, trace=300000, nelems=6, elem type=char[])
OBJ 50001658 (sz=24, trace=300000, class=java.lang.String@50000181)
	value		50001659
ARR 50001659 (sz=12, trace=300000, nelems=6, elem type=char[])
OBJ 5000165a (sz=24, trace=300000, class=java.lang.String@50000181)
	value		5000165b
ARR 5000165b (sz=12, trace=300000, nelems=6, elem type=char[])
OBJ 5000165c (sz=24, trace=300000, class=java.lang.String@50000181)
	value		5000165d
ARR 5000165d (sz=18, trace=300000, nelems=9, elem type=char[])
OBJ 5000165e (sz=24, trace=300000, class=java.lang.String@50000181)
	value		5000165f
ARR 5000165f (sz=18, trace=300000, nelems=9, elem type=char[])
OBJ 50001660 (sz=24, trace=300000, class=java.lang.String@50000181)
	value		50001661
ARR 50001661 (sz=18, trace=300000, nelems=9, elem type=char[])
OBJ 50001662 (sz=24, trace=300000, class=java.lang.String@50000181)
	value		50001663
ARR 50001663 (sz=18, trace=300000, nelems=9, elem type=char[])
OBJ 50001664 (sz=24, trace=300000, class=java.lang.String@50000181)
	value		50001665
ARR 50001665 (sz=18, trace=300000, nelems=9, elem type=char[])
OBJ 50001666 (sz=24, trace=300000, class=java.lang.String@50000181)
	value		50001667
ARR 50001667 (sz=18, trace=300000, nelems=9, elem type=char[])
OBJ 50001668 (sz=24, trace=300000, class=java.lang.String@50000181)
	value		50001669
ARR 50001669 (sz=42, trace=300000, nelems=21, elem type=char[])
OBJ 5000166a (sz=24, trace=300000, class=java.lang.String@50000181)
	value		5000166b
ARR 5000166b (sz=6, trace=300000, nelems=3, elem type=char[])
OBJ 5000166c (sz=24, trace=300000, class=java.lang.String@50000181)
	value		5000166d
ARR 5000166d (sz=30, trace=300000, nelems=15, elem type=char[])
OBJ 5000166e (sz=24, trace=300000, class=java.lang.String@50000181)
	value		5000166f
ARR 5000166f (sz=20, trace=300000, nelems=10, elem type=char[])
OBJ 50001670 (sz=24, trace=300000, class=java.lang.String@50000181)
	value		50001671
ARR 50001671 (sz=30, trace=300000, nelems=15, elem type=char[])
OBJ 50001672 (sz=24, trace=300000, class=java.lang.String@50000181)
	value		50001673
ARR 50001673 (sz=20, trace=300000, nelems=10, elem type=char[])
OBJ 50001674 (sz=24, trace=300000, class=java.lang.String@50000181)
	value		50001675
ARR 50001675 (sz=6, trace=300000, nelems=3, elem type=char[])
OBJ 50001676 (sz=24, trace=300000, class=java.lang.String@50000181)
	value		50001677
ARR 50001677 (sz=6, trace=300000, nelems=3, elem type=char[])
OBJ 50001678 (sz=24, trace=300000, class=java.lang.String@50000181)
	value		50001679
ARR 50001679 (sz=14, trace=300000, nelems=7, elem type=char[])
OBJ 5000167a (sz=24, trace=300000, class=java.lang.String@50000181)
	value		5000167e
ARR 5000167b (sz=24, trace=300000, nelems=2, elem type=java.lang.Object[]@5000011c)
	[0]		5000167c
	[1]		50001415
OBJ 5000167c (sz=24, trace=300000, class=java.lang.String@50000181)
	value		5000167d
ARR 5000167d (sz=6, trace=300000, nelems=3, elem type=char[])
ARR 5000167e (sz=6, trace=300000, nelems=3, elem type=char[])
OBJ 5000167f (sz=24, trace=300000, class=java.lang.String@50000181)
	value		50001683
ARR 50001680 (sz=24, trace=300000, nelems=2, elem type=java.lang.Object[]@5000011c)
	[0]		50001681
	[1]		50001402
OBJ 50001681 (sz=24, trace=300000, class=java.lang.String@50000181)
	value		50001682
ARR 50001682 (sz=16, trace=300000, nelems=8, elem type=char[])
ARR 50001683 (sz=6, trace=300000, nelems=3, elem type=char[])
OBJ 50001684 (sz=24, trace=300000, class=java.lang.String@50000181)
	value		50001685
ARR 50001685 (sz=6, trace=300000, nelems=3, elem type=char[])
OBJ 50001686 (sz=24, trace=300000, class=java.lang.String@50000181)
	value		50001687
ARR 50001687 (sz=6, trace=300000, nelems=3, elem type=char[])
OBJ 50001688 (sz=24, trace=300000, class=java.lang.String@50000181)
	value		5000168c
ARR 50001689 (sz=24, trace=300000, nelems=2, elem type=java.lang.Object[]@5000011c)
	[0]		5000168a
	[1]		50001436
OBJ 5000168a (sz=24, trace=300000, class=java.lang.String@50000181)
	value		5000168b
ARR 5000168b (sz=10, trace=300000, nelems=5, elem type=char[])
ARR 5000168c (sz=6, trace=300000, nelems=3, elem type=char[])
OBJ 5000168d (sz=24, trace=300000, class=java.lang.String@50000181)
	value		5000168e
ARR 5000168e (sz=10, trace=300000, nelems=5, elem type=char[])
OBJ 5000168f (sz=24, trace=300000, class=java.lang.String@50000181)
	value		50001693
ARR 50001690 (sz=24, trace=300000, nelems=2, elem type=java.lang.Object[]@5000011c)
	[0]		50001691
	[1]		5000145b
OBJ 50001691 (sz=24, trace=300000, class=java.lang.String@50000181)
	value		50001692
ARR 50001692 (sz=18, trace=300000, nelems=9, elem type=char[])
ARR 50001693 (sz=32, trace=300000, nelems=16, elem type=char[])
OBJ 50001694 (sz=24, trace=300000, class=java.lang.String@50000181)
	value		50001695
ARR 50001695 (sz=16, trace=300000, nelems=8, elem type=char[])
OBJ 50001696 (sz=24, trace=300000, class=java.lang.String@50000181)
	value		50001697
ARR 50001697 (sz=24, trace=300000, nelems=12, elem type=char[])
OBJ 50001698 (sz=24, trace=300000, class=java.lang.String@50000181)
	value		50001699
ARR 50001699 (sz=10, trace=300000, nelems=5, elem type=char[])
OBJ 5000169a (sz=24, trace=300000, class=java.lang.String@50000181)
	value		5000169b
ARR 5000169b (sz=10, trace=300000, nelems=5, elem type=char[])
OBJ 5000169c (sz=24, trace=300000, class=java.lang.String@50000181)
	value		5000169d
ARR 5000169d (sz=10, trace=300000, nelems=5, elem type=char[])
OBJ 5000169e (sz=24, trace=300000, class=java.lang.String@50000181)
	value		5000169f
ARR 5000169f (sz=10, trace=300000, nelems=5, elem type=char[])
OBJ 500016a0 (sz=24, trace=300000, class=java.lang.String@50000181)
	value		500016a1
ARR 500016a1 (sz=10, trace=300000, nelems=5, elem type=char[])
OBJ 500016a2 (sz=24, trace=300000, class=java.lang.String@50000181)
	value		500016a3
ARR 500016a3 (sz=12, trace=300000, nelems=6, elem type=char[])
OBJ 500016a4 (sz=24, trace=300000, class=java.lang.String@50000181)
	value		500016a5
ARR 500016a5 (sz=12, trace=300000, nelems=6, elem type=char[])
OBJ 500016a6 (sz=24, trace=300000, class=java.lang.String@50000181)
	value		500016a7
ARR 500016a7 (sz=16, trace=300000, nelems=8, elem type=char[])
OBJ 500016a8 (sz=24, trace=300000, class=java.lang.String@50000181)
	value		500016a9
ARR 500016a9 (sz=20, trace=300000, nelems=10, elem type=char[])
OBJ 500016aa (sz=24, trace=300000, class=java.lang.String@50000181)
	value		500016ab
ARR 500016ab (sz=34, trace=300000, nelems=17, elem type=char[])
OBJ 500016ac (sz=24, trace=300000, class=java.lang.String@50000181)
	value		500016ad
ARR 500016ad (sz=6, trace=300000, nelems=3, elem type=char[])
OBJ 500016ae (sz=24, trace=300000, class=java.lang.String@50000181)
	value		500016af
ARR 500016af (sz=30, trace=300000, nelems=15, elem type=char[])
OBJ 500016b0 (sz=24, trace=300000, class=java.lang.String@50000181)
	value		500016b1
ARR 500016b1 (sz=12, trace=300000, nelems=6, elem type=char[])
OBJ 500016b2 (sz=24, trace=300000, class=java.lang.String@50000181)
	value		500016b3
ARR 500016b3 (sz=12, trace=300000, nelems=6, elem type=char[])
OBJ 500016b4 (sz=24, trace=300000, class=java.lang.String@50000181)
	value		500016b8
ARR 500016b5 (sz=24, trace=300000, nelems=2, elem type=java.lang.Object[]@5000011c)
	[0]		500016b6
	[1]		50001426
OBJ 500016b6 (sz=24, trace=300000, class=java.lang.String@50000181)
	value		500016b7
ARR 500016b7 (sz=12, trace=300000, nelems=6, elem type=char[])
ARR 500016b8 (sz=6, trace=300000, nelems=3, elem type=char[])
OBJ 500016b9 (sz=24, trace=300000, class=java.lang.String@50000181)
	value		500016ba
ARR 500016ba (sz=12, trace=300000, nelems=6, elem type=char[])
OBJ 500016bb (sz=24, trace=300000, class=java.lang.String@50000181)
	value		500016bc
ARR 500016bc (sz=12, trace=300000, nelems=6, elem type=char[])
OBJ 500016bd (sz=24, trace=300000, class=java.lang.String@50000181)
	value		500016c1
ARR 500016be (sz=24, trace=300000, nelems=2, elem type=java.lang.Object[]@5000011c)
	[0]		500016bf
	[1]		50001436
OBJ 500016bf (sz=24, trace=300000, class=java.lang.String@50000181)
	value		500016c0
ARR 500016c0 (sz=12, trace=300000, nelems=6, elem type=char[])
ARR 500016c1 (sz=36, trace=300000, nelems=18, elem type=char[])
OBJ 500016c2 (sz=24, trace=300000, class=java.lang.String@50000181)
	value		500016c3
ARR 500016c3 (sz=6, trace=300000, nelems=3, elem type=char[])
OBJ 500016c4 (sz=24, trace=300000, class=java.lang.String@50000181)
	value		500016c5
ARR 500016c5 (sz=6, trace=300000, nelems=3, elem type=char[])
OBJ 500016c6 (sz=24, trace=300000, class=java.lang.String@50000181)
	value		500016c7
ARR 500016c7 (sz=6, trace=300000, nelems=3, elem type=char[])
OBJ 500016c8 (sz=24, trace=300000, class=java.lang.String@50000181)
	value		500016c9
ARR 500016c9 (sz=6, trace=300000, nelems=3, elem type=char[])
OBJ 500016ca (sz=24, trace=300000, class=java.lang.String@50000181)
	value		500016cb
ARR 500016cb (sz=6, trace=300000, nelems=3, elem type=char[])
OBJ 500016cc (sz=24, trace=300000, class=java.lang.String@50000181)
	value		500016cd
ARR 500016cd (sz=30, trace=300000, nelems=15, elem type=char[])
OBJ 500016ce (sz=24, trace=300000, class=java.lang.String@50000181)
	value		500016cf
ARR 500016cf (sz=18, trace=300000, nelems=9, elem type=char[])
OBJ 500016d0 (sz=24, trace=300000, class=java.lang.String@50000181)
	value		500016d1
ARR 500016d1 (sz=26, trace=300000, nelems=13, elem type=char[])
OBJ 500016d2 (sz=24, trace=300000, class=java.lang.String@50000181)
	value		500016d3
ARR 500016d3 (sz=22, trace=300000, nelems=11, elem type=char[])
OBJ 500016d4 (sz=24, trace=300000, class=java.lang.String@50000181)
	value		500016d5
ARR 500016d5 (sz=22, trace=300000, nelems=11, elem type=char[])
OBJ 500016d6 (sz=24, trace=300000, class=java.lang.String@50000181)
	value		500016d7
ARR 500016d7 (sz=22, trace=300000, nelems=11, elem type=char[])
OBJ 500016d8 (sz=24, trace=300000, class=java.lang.String@50000181)
	value		500016d9
ARR 500016d9 (sz=22, trace=300000, nelems=11, elem type=char[])
OBJ 500016da (sz=24, trace=300000, class=java.lang.String@50000181)
	value		500016db
ARR 500016db (sz=22, trace=300000, nelems=11, elem type=char[])
OBJ 500016dc (sz=24, trace=300000, class=java.lang.String@50000181)
	value		500016dd
ARR 500016dd (sz=22, trace=300000, nelems=11, elem type=char[])
ARR 500016de (sz=144, trace=300000, nelems=32, elem type=java.lang.Object[]@5000011c)
	[0]		500016df
	[2]		500016e0
	[3]		500016e1
	[4]		500016e2
	[5]		500016e3
	[6]		500016e4
	[7]		500016e5
	[8]		500016e6
	[9]		500016e7
	[10]		500016e8
	[11]		500016e9
	[12]		500016ea
	[14]		500016eb
	[15]		500016ec
	[16]		500016ed
	[17]		500016ee
	[18]		500016ef
	[19]		500016f0
	[22]		500016f1
	[23]		500016f2
	[24]		500016f3
	[28]		500016f4
	[29]		500016f5
	[31]		500016f6
ARR 500016df (sz=24, trace=300000, nelems=1, elem type=java.lang.Object[]@5000011c)
	[0]		50001472
ARR 500016e0 (sz=32, trace=300000, nelems=3, elem type=java.lang.Object[]@5000011c)
	[0]		50001464
	[2]		500017cf
ARR 500016e1 (sz=32, trace=300000, nelems=3, elem type=java.lang.Object[]@5000011c)
	[0]		5000145b
	[2]		500017ce
ARR 500016e2 (sz=32, trace=300000, nelems=3, elem type=java.lang.Object[]@5000011c)
	[0]		5000144d
	[2]		500017cc
ARR 500016e3 (sz=32, trace=300000, nelems=3, elem type=java.lang.Object[]@5000011c)
	[0]		50001444
	[2]		500017c9
ARR 500016e4 (sz=24, trace=300000, nelems=1, elem type=java.lang.Object[]@5000011c)
	[0]		50001440
ARR 500016e5 (sz=24, trace=300000, nelems=2, elem type=java.lang.Object[]@5000011c)
	[0]		5000143c
	[1]		50000bd7
ARR 500016e6 (sz=32, trace=300000, nelems=3, elem type=java.lang.Object[]@5000011c)
	[0]		50001433
	[2]		500017c4
ARR 500016e7 (sz=32, trace=300000, nelems=3, elem type=java.lang.Object[]@5000011c)
	[0]		5000142a
	[2]		500017af
ARR 500016e8 (sz=24, trace=300000, nelems=1, elem type=java.lang.Object[]@5000011c)
	[0]		50001426
ARR 500016e9 (sz=32, trace=300000, nelems=3, elem type=java.lang.Object[]@5000011c)
	[0]		5000141d
	[2]		500017ae
ARR 500016ea (sz=24, trace=300000, nelems=1, elem type=java.lang.Object[]@5000011c)
	[0]		50001419
ARR 500016eb (sz=24, trace=300000, nelems=1, elem type=java.lang.Object[]@5000011c)
	[0]		50001415
ARR 500016ec (sz=24, trace=300000, nelems=1, elem type=java.lang.Object[]@5000011c)
	[0]		50001411
ARR 500016ed (sz=32, trace=300000, nelems=3, elem type=java.lang.Object[]@5000011c)
	[0]		50001408
	[2]		500017ad
ARR 500016ee (sz=32, trace=300000, nelems=3, elem type=java.lang.Object[]@5000011c)
	[0]		500013ff
	[2]		500016fb
ARR 500016ef (sz=32, trace=300000, nelems=3, elem type=java.lang.Object[]@5000011c)
	[0]		500013f1
	[2]		500016f9
ARR 500016f0 (sz=32, trace=300000, nelems=3, elem type=java.lang.Object[]@5000011c)
	[0]		500013e3
	[2]		500016f7
ARR 500016f1 (sz=24, trace=300000, nelems=1, elem type=java.lang.Object[]@5000011c)
	[0]		500013df
ARR 500016f2 (sz=24, trace=300000, nelems=1, elem type=java.lang.Object[]@5000011c)
	[0]		500013db
ARR 500016f3 (sz=24, trace=300000, nelems=1, elem type=java.lang.Object[]@5000011c)
	[0]		500013d7
ARR 500016f4 (sz=24, trace=300000, nelems=1, elem type=java.lang.Object[]@5000011c)
	[0]		500013d3
ARR 500016f5 (sz=24, trace=300000, nelems=1, elem type=java.lang.Object[]@5000011c)
	[0]		500013cf
ARR 500016f6 (sz=24, trace=300000, nelems=1, elem type=java.lang.Object[]@5000011c)
	[0]		500013cb
ARR 500016f7 (sz=32, trace=300000, nelems=3, elem type=java.lang.Object[]@5000011c)
	[0]		500013e6
	[2]		500016f8
ARR 500016f8 (sz=24, trace=300000, nelems=1, elem type=java.lang.Object[]@5000011c)
	[0]		500013e9
ARR 500016f9 (sz=32, trace=300000, nelems=3, elem type=java.lang.Object[]@5000011c)
	[0]		500013f4
	[2]		500016fa
ARR 500016fa (sz=24, trace=300000, nelems=1, elem type=java.lang.Object[]@5000011c)
	[0]		500013f7
ARR 500016fb (sz=24, trace=300000, nelems=2, elem type=java.lang.Object[]@5000011c)
	[0]		50001402
	[1]		50000baf
ARR 500016fc (sz=72, trace=300000, nelems=14, elem type=java.lang.String[]@500000db)
	[0]		50001681
	[1]		500016ff
	[2]		50001700
	[3]		50001701
	[4]		50001702
	[5]		50001598
	[6]		50001703
	[7]		50001594
	[8]		50001704
	[9]		500015c7
	[10]		5000164f
	[11]		50001550
	[12]		50001705
	[13]		50001584
OBJ 500016fd (sz=24, trace=300000, class=java.lang.String@50000181)
	value		500016fe
ARR 500016fe (sz=16, trace=300000, nelems=8, elem type=char[])
OBJ 500016ff (sz=24, trace=300000, class=java.lang.String@50000181)
	value		5000170c
OBJ 50001700 (sz=24, trace=300000, class=java.lang.String@50000181)
	value		5000170b
OBJ 50001701 (sz=24, trace=300000, class=java.lang.String@50000181)
	value		5000170a
OBJ 50001702 (sz=24, trace=300000, class=java.lang.String@50000181)
	value		50001709
OBJ 50001703 (sz=24, trace=300000, class=java.lang.String@50000181)
	value		50001708
OBJ 50001704 (sz=24, trace=300000, class=java.lang.String@50000181)
	value		50001707
OBJ 50001705 (sz=24, trace=300000, class=java.lang.String@50000181)
	value		50001706
ARR 50001706 (sz=28, trace=300000, nelems=14, elem type=char[])
ARR 50001707 (sz=14, trace=300000, nelems=7, elem type=char[])
ARR 50001708 (sz=12, trace=300000, nelems=6, elem type=char[])
ARR 50001709 (sz=18, trace=300000, nelems=9, elem type=char[])
ARR 5000170a (sz=10, trace=300000, nelems=5, elem type=char[])
ARR 5000170b (sz=32, trace=300000, nelems=16, elem type=char[])
ARR 5000170c (sz=28, trace=300000, nelems=14, elem type=char[])
OBJ 5000170d (sz=24, trace=300000, class=java.lang.String@50000181)
	value		50001771
OBJ 5000170e (sz=24, trace=300000, class=java.lang.String@50000181)
	value		50001791
OBJ 5000170f (sz=24, trace=300000, class=java.lang.String@50000181)
	value		50001792
OBJ 50001710 (sz=24, trace=300000, class=java.lang.String@50000181)
	value		50001781
OBJ 50001711 (sz=24, trace=300000, class=java.lang.String@50000181)
	value		500017a0
OBJ 50001712 (sz=24, trace=300000, class=java.lang.String@50000181)
	value		50001783
OBJ 50001713 (sz=24, trace=300000, class=java.lang.String@50000181)
	value		500017a1
OBJ 50001714 (sz=24, trace=300000, class=java.lang.String@50000181)
	value		50001775
OBJ 50001715 (sz=24, trace=300000, class=java.lang.String@50000181)
	value		500017a4
OBJ 50001716 (sz=24, trace=300000, class=java.lang.String@50000181)
	value		5000177e
OBJ 50001717 (sz=24, trace=300000, class=java.lang.String@50000181)
	value		50001799
OBJ 50001718 (sz=24, trace=300000, class=java.lang.String@50000181)
	value		500017a2
OBJ 50001719 (sz=24, trace=300000, class=java.lang.String@50000181)
	value		50001786
OBJ 5000171a (sz=24, trace=300000, class=java.lang.String@50000181)
	value		5000178d
OBJ 5000171b (sz=24, trace=300000, class=java.lang.String@50000181)
	value		50001796
OBJ 5000171c (sz=24, trace=300000, class=java.lang.String@50000181)
	value		50001780
OBJ 5000171d (sz=24, trace=300000, class=java.lang.String@50000181)
	value		500017a3
OBJ 5000171e (sz=24, trace=300000, class=java.lang.String@50000181)
	value		5000179a
OBJ 5000171f (sz=24, trace=300000, class=java.lang.String@50000181)
	value		50001784
OBJ 50001720 (sz=24, trace=300000, class=java.lang.String@50000181)
	value		500017a5
OBJ 50001721 (sz=24, trace=300000, class=java.lang.String@50000181)
	value		5000177f
OBJ 50001722 (sz=24, trace=300000, class=java.lang.String@50000181)
	value		50001788
OBJ 50001723 (sz=24, trace=300000, class=java.lang.String@50000181)
	value		50001787
OBJ 50001724 (sz=24, trace=300000, class=java.lang.String@50000181)
	value		5000178b
OBJ 50001725 (sz=24, trace=300000, class=java.lang.String@50000181)
	value		5000178a
OBJ 50001726 (sz=24, trace=300000, class=java.lang.String@50000181)
	value		5000178f
OBJ 50001727 (sz=24, trace=300000, class=java.lang.String@50000181)
	value		5000178e
OBJ 50001728 (sz=24, trace=300000, class=java.lang.String@50000181)
	value		50001794
OBJ 50001729 (sz=24, trace=300000, class=java.lang.String@50000181)
	value		50001793
OBJ 5000172a (sz=24, trace=300000, class=java.lang.String@50000181)
	value		50001798
OBJ 5000172b (sz=24, trace=300000, class=java.lang.String@50000181)
	value		50001797
OBJ 5000172c (sz=24, trace=300000, class=java.lang.String@50000181)
	value		5000179d
OBJ 5000172d (sz=24, trace=300000, class=java.lang.String@50000181)
	value		5000179f
OBJ 5000172e (sz=24, trace=300000, class=java.lang.String@50000181)
	value		5000179e
OBJ 5000172f (sz=24, trace=300000, class=java.lang.String@50000181)
	value		500017a8
OBJ 50001730 (sz=24, trace=300000, class=java.lang.String@50000181)
	value		5000177d
OBJ 50001731 (sz=24, trace=300000, class=java.lang.String@50000181)
	value		5000177c
OBJ 50001732 (sz=24, trace=300000, class=java.lang.String@50000181)
	value		50001779
OBJ 50001733 (sz=24, trace=300000, class=java.lang.String@50000181)
	value		5000176f
OBJ 50001734 (sz=24, trace=300000, class=java.lang.String@50000181)
	value		50001772
OBJ 50001735 (sz=24, trace=300000, class=java.lang.String@50000181)
	value		50001773
OBJ 50001736 (sz=24, trace=300000, class=java.lang.String@50000181)
	value		50001778
OBJ 50001737 (sz=24, trace=300000, class=java.lang.String@50000181)
	value		50001776
OBJ 50001738 (sz=24, trace=300000, class=java.lang.String@50000181)
	value		50001774
OBJ 50001739 (sz=24, trace=300000, class=java.lang.String@50000181)
	value		50001777
OBJ 5000173a (sz=24, trace=300000, class=java.lang.String@50000181)
	value		5000177b
OBJ 5000173b (sz=24, trace=300000, class=java.lang.String@50000181)
	value		5000177a
OBJ 5000173c (sz=24, trace=300000, class=java.lang.String@50000181)
	value		50001770
OBJ 5000173d (sz=24, trace=300000, class=java.lang.String@50000181)
	value		500017a7
OBJ 5000173e (sz=24, trace=300000, class=java.lang.String@50000181)
	value		500017a9
OBJ 5000173f (sz=24, trace=300000, class=java.lang.String@50000181)
	value		500017aa
OBJ 50001740 (sz=24, trace=300000, class=java.lang.String@50000181)
	value		50001782
OBJ 50001741 (sz=24, trace=300000, class=java.lang.String@50000181)
	value		50001785
OBJ 50001742 (sz=24, trace=300000, class=java.lang.String@50000181)
	value		50001789
OBJ 50001743 (sz=24, trace=300000, class=java.lang.String@50000181)
	value		50001795
OBJ 50001744 (sz=24, trace=300000, class=java.lang.String@50000181)
	value		5000178c
OBJ 50001745 (sz=24, trace=300000, class=java.lang.String@50000181)
	value		50001790
OBJ 50001746 (sz=24, trace=300000, class=java.lang.String@50000181)
	value		5000179c
OBJ 50001747 (sz=24, trace=300000, class=java.lang.String@50000181)
	value		5000179b
OBJ 50001748 (sz=24, trace=300000, class=java.lang.String@50000181)
	value		500017a6
ARR 50001749 (sz=32, trace=300000, nelems=4, elem type=java.lang.String[]@500000db)
	[0]		50001609
	[1]		500015cf
	[2]		500015cb
	[3]		5000166a
ARR 5000174a (sz=40, trace=300000, nelems=5, elem type=java.lang.String[]@500000db)
	[0]		50001613
	[1]		50001464
	[2]		500015d1
	[3]		50001674
	[4]		5000173f
ARR 5000174b (sz=40, trace=300000, nelems=6, elem type=java.lang.String[]@500000db)
	[0]		50001615
	[1]		50001472
	[2]		500015d3
	[3]		50001676
	[4]		5000173e
	[5]		50001572
ARR 5000174c (sz=40, trace=300000, nelems=5, elem type=java.lang.String[]@500000db)
	[0]		50001625
	[1]		50001574
	[2]		5000159c
	[3]		5000167a
	[4]		5000172f
ARR 5000174d (sz=40, trace=300000, nelems=5, elem type=java.lang.String[]@500000db)
	[0]		5000162a
	[1]		500013e6
	[2]		500015e1
	[3]		5000167f
	[4]		5000173d
ARR 5000174e (sz=40, trace=300000, nelems=5, elem type=java.lang.String[]@500000db)
	[0]		5000162f
	[1]		500015e3
	[2]		500013f1
	[3]		50001684
	[4]		5000155a
ARR 5000174f (sz=40, trace=300000, nelems=5, elem type=java.lang.String[]@500000db)
	[0]		50001633
	[1]		50001408
	[2]		500015e5
	[3]		50001686
	[4]		50001748
ARR 50001750 (sz=40, trace=300000, nelems=5, elem type=java.lang.String[]@500000db)
	[0]		5000163a
	[1]		500015e7
	[2]		50001411
	[3]		50001688
	[4]		5000153c
ARR 50001751 (sz=32, trace=300000, nelems=4, elem type=java.lang.String[]@500000db)
	[0]		500015ef
	[1]		5000140b
	[2]		5000159e
	[3]		5000161f
ARR 50001752 (sz=32, trace=300000, nelems=4, elem type=java.lang.String[]@500000db)
	[0]		50001627
	[1]		500015eb
	[2]		500015df
	[3]		5000167c
ARR 50001753 (sz=40, trace=300000, nelems=6, elem type=java.lang.String[]@500000db)
	[0]		500015db
	[1]		500013f4
	[2]		50001590
	[3]		50001603
	[4]		5000168f
	[5]		50001558
ARR 50001754 (sz=24, trace=300000, nelems=2, elem type=java.lang.String[]@500000db)
	[0]		500015b0
	[1]		50001542
ARR 50001755 (sz=24, trace=300000, nelems=2, elem type=java.lang.String[]@500000db)
	[0]		500015b3
	[1]		50001544
ARR 50001756 (sz=24, trace=300000, nelems=2, elem type=java.lang.String[]@500000db)
	[0]		500015b5
	[1]		50001548
ARR 50001757 (sz=24, trace=300000, nelems=2, elem type=java.lang.String[]@500000db)
	[0]		500015b7
	[1]		5000154a
ARR 50001758 (sz=32, trace=300000, nelems=3, elem type=java.lang.String[]@500000db)
	[0]		500015b9
	[1]		5000154c
	[2]		50001691
ARR 50001759 (sz=24, trace=300000, nelems=2, elem type=java.lang.String[]@500000db)
	[0]		500015bb
	[1]		5000154e
ARR 5000175a (sz=24, trace=300000, nelems=1, elem type=java.lang.String[]@500000db)
	[0]		500016a2
ARR 5000175b (sz=32, trace=300000, nelems=3, elem type=java.lang.String[]@500000db)
	[0]		500016a4
	[1]		50001621
	[2]		5000157e
ARR 5000175c (sz=80, trace=300000, nelems=15, elem type=java.lang.String[]@500000db)
	[0]		50001720
	[1]		50001596
	[2]		50001715
	[3]		5000171d
	[4]		50001718
	[5]		50001713
	[6]		50001711
	[7]		50001698
	[8]		500016c2
	[9]		5000172d
	[10]		5000172e
	[11]		5000172c
	[12]		50001746
	[13]		50001747
	[14]		5000171e
ARR 5000175d (sz=32, trace=300000, nelems=4, elem type=java.lang.String[]@500000db)
	[0]		500015a7
	[1]		5000159a
	[2]		50001654
	[3]		50001717
ARR 5000175e (sz=72, trace=300000, nelems=13, elem type=java.lang.String[]@500000db)
	[0]		5000165c
	[1]		500016b0
	[2]		500015d5
	[3]		5000172a
	[4]		5000172b
	[5]		5000171b
	[6]		500015f9
	[7]		50001631
	[8]		50001646
	[9]		5000161b
	[10]		500016c4
	[11]		5000169a
	[12]		50001743
ARR 5000175f (sz=80, trace=300000, nelems=16, elem type=java.lang.String[]@500000db)
	[0]		5000165e
	[1]		500016b2
	[2]		500015ed
	[3]		50001728
	[4]		50001729
	[5]		5000170f
	[6]		5000170e
	[7]		50001586
	[8]		5000164d
	[9]		50001745
	[10]		50001567
	[11]		50001617
	[12]		5000160d
	[13]		500016b4
	[14]		5000168d
	[15]		50001578
ARR 50001760 (sz=64, trace=300000, nelems=12, elem type=java.lang.String[]@500000db)
	[0]		50001660
	[1]		500016b6
	[2]		500015d7
	[3]		50001726
	[4]		50001727
	[5]		5000171a
	[6]		50001638
	[7]		50001656
	[8]		50001644
	[9]		5000169c
	[10]		500016c6
	[11]		50001744
ARR 50001761 (sz=72, trace=300000, nelems=13, elem type=java.lang.String[]@500000db)
	[0]		50001662
	[1]		5000157c
	[2]		500016b9
	[3]		500015f7
	[4]		50001724
	[5]		50001725
	[6]		500015fb
	[7]		50001635
	[8]		50001658
	[9]		50001648
	[10]		5000169e
	[11]		500016c8
	[12]		50001742
ARR 50001762 (sz=72, trace=300000, nelems=13, elem type=java.lang.String[]@500000db)
	[0]		50001664
	[1]		500016bb
	[2]		50001605
	[3]		50001722
	[4]		50001723
	[5]		50001719
	[6]		500015fd
	[7]		5000163e
	[8]		5000165a
	[9]		5000164b
	[10]		500016a0
	[11]		500016ca
	[12]		50001741
ARR 50001763 (sz=72, trace=300000, nelems=14, elem type=java.lang.String[]@500000db)
	[0]		50001607
	[1]		5000171f
	[2]		500015ff
	[3]		50001642
	[4]		50001712
	[5]		5000168a
	[6]		50001740
	[7]		500016ac
	[8]		50001710
	[9]		5000171c
	[10]		50001721
	[11]		50001437
	[12]		500016bf
	[13]		50001716
ARR 50001764 (sz=24, trace=300000, nelems=2, elem type=java.lang.String[]@500000db)
	[0]		500013d8
	[1]		50001730
ARR 50001765 (sz=24, trace=300000, nelems=2, elem type=java.lang.String[]@500000db)
	[0]		500013ea
	[1]		50001731
ARR 50001766 (sz=24, trace=300000, nelems=2, elem type=java.lang.String[]@500000db)
	[0]		50001454
	[1]		5000173a
ARR 50001767 (sz=24, trace=300000, nelems=2, elem type=java.lang.String[]@500000db)
	[0]		500013cc
	[1]		5000173b
ARR 50001768 (sz=24, trace=300000, nelems=2, elem type=java.lang.String[]@500000db)
	[0]		50001468
	[1]		50001732
ARR 50001769 (sz=24, trace=300000, nelems=1, elem type=java.lang.String[]@500000db)
	[0]		50001736
ARR 5000176a (sz=32, trace=300000, nelems=3, elem type=java.lang.String[]@500000db)
	[0]		5000146b
	[1]		50001739
	[2]		50001737
ARR 5000176b (sz=32, trace=300000, nelems=4, elem type=java.lang.String[]@500000db)
	[0]		5000143d
	[1]		50001714
	[2]		50001738
	[3]		50001735
ARR 5000176c (sz=32, trace=300000, nelems=4, elem type=java.lang.String[]@500000db)
	[0]		50001448
	[1]		500015d9
	[2]		50001588
	[3]		50001734
ARR 5000176d (sz=24, trace=300000, nelems=2, elem type=java.lang.String[]@500000db)
	[0]		5000170d
	[1]		5000173c
ARR 5000176e (sz=24, trace=300000, nelems=2, elem type=java.lang.String[]@500000db)
	[0]		50001733
	[1]		500016aa
ARR 5000176f (sz=8, trace=300000, nelems=4, elem type=char[])
ARR 50001770 (sz=16, trace=300000, nelems=8, elem type=char[])
ARR 50001771 (sz=10, trace=300000, nelems=5, elem type=char[])
ARR 50001772 (sz=20, trace=300000, nelems=10, elem type=char[])
ARR 50001773 (sz=36, trace=300000, nelems=18, elem type=char[])
ARR 50001774 (sz=20, trace=300000, nelems=10, elem type=char[])
ARR 50001775 (sz=30, trace=300000, nelems=15, elem type=char[])
ARR 50001776 (sz=42, trace=300000, nelems=21, elem type=char[])
ARR 50001777 (sz=20, trace=300000, nelems=10, elem type=char[])
ARR 50001778 (sz=26, trace=300000, nelems=13, elem type=char[])
ARR 50001779 (sz=10, trace=300000, nelems=5, elem type=char[])
ARR 5000177a (sz=20, trace=300000, nelems=10, elem type=char[])
ARR 5000177b (sz=20, trace=300000, nelems=10, elem type=char[])
ARR 5000177c (sz=24, trace=300000, nelems=12, elem type=char[])
ARR 5000177d (sz=24, trace=300000, nelems=12, elem type=char[])
ARR 5000177e (sz=18, trace=300000, nelems=9, elem type=char[])
ARR 5000177f (sz=30, trace=300000, nelems=15, elem type=char[])
ARR 50001780 (sz=18, trace=300000, nelems=9, elem type=char[])
ARR 50001781 (sz=14, trace=300000, nelems=7, elem type=char[])
ARR 50001782 (sz=22, trace=300000, nelems=11, elem type=char[])
ARR 50001783 (sz=12, trace=300000, nelems=6, elem type=char[])
ARR 50001784 (sz=20, trace=300000, nelems=10, elem type=char[])
ARR 50001785 (sz=22, trace=300000, nelems=11, elem type=char[])
ARR 50001786 (sz=18, trace=300000, nelems=9, elem type=char[])
ARR 50001787 (sz=30, trace=300000, nelems=15, elem type=char[])
ARR 50001788 (sz=20, trace=300000, nelems=10, elem type=char[])
ARR 50001789 (sz=22, trace=300000, nelems=11, elem type=char[])
ARR 5000178a (sz=30, trace=300000, nelems=15, elem type=char[])
ARR 5000178b (sz=20, trace=300000, nelems=10, elem type=char[])
ARR 5000178c (sz=36, trace=300000, nelems=18, elem type=char[])
ARR 5000178d (sz=18, trace=300000, nelems=9, elem type=char[])
ARR 5000178e (sz=30, trace=300000, nelems=15, elem type=char[])
ARR 5000178f (sz=20, trace=300000, nelems=10, elem type=char[])
ARR 50001790 (sz=30, trace=300000, nelems=15, elem type=char[])
ARR 50001791 (sz=16, trace=300000, nelems=8, elem type=char[])
ARR 50001792 (sz=16, trace=300000, nelems=8, elem type=char[])
ARR 50001793 (sz=30, trace=300000, nelems=15, elem type=char[])
ARR 50001794 (sz=20, trace=300000, nelems=10, elem type=char[])
ARR 50001795 (sz=22, trace=300000, nelems=11, elem type=char[])
ARR 50001796 (sz=18, trace=300000, nelems=9, elem type=char[])
ARR 50001797 (sz=30, trace=300000, nelems=15, elem type=char[])
ARR 50001798 (sz=20, trace=300000, nelems=10, elem type=char[])
ARR 50001799 (sz=20, trace=300000, nelems=10, elem type=char[])
ARR 5000179a (sz=30, trace=300000, nelems=15, elem type=char[])
ARR 5000179b (sz=22, trace=300000, nelems=11, elem type=char[])
ARR 5000179c (sz=22, trace=300000, nelems=11, elem type=char[])
ARR 5000179d (sz=4, trace=300000, nelems=2, elem type=char[])
ARR 5000179e (sz=12, trace=300000, nelems=6, elem type=char[])
ARR 5000179f (sz=12, trace=300000, nelems=6, elem type=char[])
ARR 500017a0 (sz=14, trace=300000, nelems=7, elem type=char[])
ARR 500017a1 (sz=12, trace=300000, nelems=6, elem type=char[])
ARR 500017a2 (sz=20, trace=300000, nelems=10, elem type=char[])
ARR 500017a3 (sz=20, trace=300000, nelems=10, elem type=char[])
ARR 500017a4 (sz=22, trace=300000, nelems=11, elem type=char[])
ARR 500017a5 (sz=22, trace=300000, nelems=11, elem type=char[])
ARR 500017a6 (sz=16, trace=300000, nelems=8, elem type=char[])
ARR 500017a7 (sz=16, trace=300000, nelems=8, elem type=char[])
ARR 500017a8 (sz=48, trace=300000, nelems=24, elem type=char[])
ARR 500017a9 (sz=16, trace=300000, nelems=8, elem type=char[])
ARR 500017aa (sz=16, trace=300000, nelems=8, elem type=char[])
ARR 500017ab (sz=2, trace=300000, nelems=1, elem type=char[])
ARR 500017ac (sz=20, trace=300000, nelems=10, elem type=char[])
ARR 500017ad (sz=24, trace=300000, nelems=1, elem type=java.lang.Object[]@5000011c)
	[0]		5000140b
ARR 500017ae (sz=24, trace=300000, nelems=1, elem type=java.lang.Object[]@5000011c)
	[0]		50001420
ARR 500017af (sz=24, trace=300000, nelems=2, elem type=java.lang.Object[]@5000011c)
	[0]		5000142d
	[1]		500003aa
ARR 500017b0 (sz=10, trace=300000, nelems=5, elem type=char[])
ARR 500017b1 (sz=32, trace=300000, nelems=4, elem type=java.lang.String[]@500000db)
	[0]		5000138c
	[1]		50001389
	[2]		5000138a
	[3]		5000138b
OBJ 500017b2 (sz=24, trace=300000, class=java.lang.String@50000181)
	value		500017b6
OBJ 500017b3 (sz=24, trace=300000, class=java.lang.String@50000181)
	value		500017b7
OBJ 500017b4 (sz=16, trace=300000, class=java.nio.ByteOrder@50000070)
	name		500017b3
OBJ 500017b5 (sz=16, trace=300000, class=java.nio.ByteOrder@50000070)
	name		500017b2
ARR 500017b6 (sz=20, trace=300000, nelems=10, elem type=char[])
ARR 500017b7 (sz=26, trace=300000, nelems=13, elem type=char[])
OBJ 500017b8 (sz=24, trace=300000, class=java.lang.String@50000181)
	value		500017c2
OBJ 500017b9 (sz=24, trace=300000, class=java.lang.String@50000181)
	value		500017c1
OBJ 500017ba (sz=24, trace=300000, class=java.lang.String@50000181)
	value		500017c0
OBJ 500017bb (sz=24, trace=300000, class=java.lang.String@50000181)
	value		500017bf
OBJ 500017bc (sz=24, trace=300000, class=java.util.concurrent.atomic.AtomicLong@5000006f)
OBJ 500017bd (sz=24, trace=300000, class=java.util.concurrent.atomic.AtomicLong@5000006f)
OBJ 500017be (sz=24, trace=300000, class=java.util.concurrent.atomic.AtomicLong@5000006f)
ARR 500017bf (sz=6, trace=300000, nelems=3, elem type=char[])
ARR 500017c0 (sz=14, trace=300000, nelems=7, elem type=char[])
ARR 500017c1 (sz=8, trace=300000, nelems=4, elem type=char[])
ARR 500017c2 (sz=10, trace=300000, nelems=5, elem type=char[])
ARR 500017c3 (sz=6, trace=300000, nelems=3, elem type=char[])
ARR 500017c4 (sz=24, trace=300000, nelems=2, elem type=java.lang.Object[]@5000011c)
	[0]		50001436
	[1]		50000bc1
OBJ 500017c5 (sz=24, trace=300000, class=java.lang.String@50000181)
	value		500017c6
ARR 500017c6 (sz=20, trace=300000, nelems=10, elem type=char[])
OBJ 500017c7 (sz=24, trace=300000, class=java.lang.String@50000181)
	value		500017c8
ARR 500017c8 (sz=16, trace=300000, nelems=8, elem type=char[])
ARR 500017c9 (sz=24, trace=300000, nelems=2, elem type=java.lang.Object[]@5000011c)
	[0]		50001447
	[1]		50000bfb
OBJ 500017ca (sz=24, trace=300000, class=java.lang.String@50000181)
	value		500017cb
ARR 500017cb (sz=12, trace=300000, nelems=6, elem type=char[])
ARR 500017cc (sz=32, trace=300000, nelems=3, elem type=java.lang.Object[]@5000011c)
	[0]		50001450
	[2]		500017cd
ARR 500017cd (sz=24, trace=300000, nelems=1, elem type=java.lang.Object[]@5000011c)
	[0]		50001453
ARR 500017ce (sz=24, trace=300000, nelems=1, elem type=java.lang.Object[]@5000011c)
	[0]		5000145e
ARR 500017cf (sz=32, trace=300000, nelems=3, elem type=java.lang.Object[]@5000011c)
	[0]		50001467
	[2]		500017d0
ARR 500017d0 (sz=24, trace=300000, nelems=2, elem type=java.lang.Object[]@5000011c)
	[0]		5000146a
	[1]		50000be9
OBJ 500017d1 (sz=24, trace=300000, class=java.lang.String@50000181)
	value		500017d2
ARR 500017d2 (sz=16, trace=300000, nelems=8, elem type=char[])
ARR 500017d3 (sz=24, trace=300000, nelems=2, elem type=java.lang.String[]@500000db)
	[0]		500017d6
	[1]		500017d7
OBJ 500017d4 (sz=24, trace=300000, class=java.lang.String@50000181)
	value		500017d5
ARR 500017d5 (sz=6, trace=300000, nelems=3, elem type=char[])
OBJ 500017d6 (sz=24, trace=300000, class=java.lang.String@50000181)
	value		500017d9
OBJ 500017d7 (sz=24, trace=300000, class=java.lang.String@50000181)
	value		500017d8
ARR 500017d8 (sz=10, trace=300000, nelems=5, elem type=char[])
ARR 500017d9 (sz=22, trace=300000, nelems=11, elem type=char[])
OBJ 500017da (sz=24, trace=300000, class=java.lang.String@50000181)
	value		5000185e
OBJ 500017db (sz=24, trace=300000, class=java.lang.String@50000181)
	value		500018b5
OBJ 500017dc (sz=24, trace=300000, class=java.lang.String@50000181)
	value		500018b4
OBJ 500017dd (sz=24, trace=300000, class=java.lang.String@50000181)
	value		500018dc
OBJ 500017de (sz=24, trace=300000, class=java.lang.String@50000181)
	value		500018db
OBJ 500017df (sz=24, trace=300000, class=java.lang.String@50000181)
	value		500018da
OBJ 500017e0 (sz=24, trace=300000, class=java.lang.String@50000181)
	value		500018d9
OBJ 500017e1 (sz=24, trace=300000, class=java.lang.String@50000181)
	value		500018d8
OBJ 500017e2 (sz=24, trace=300000, class=java.lang.String@50000181)
	value		500018d7
OBJ 500017e3 (sz=24, trace=300000, class=java.lang.String@50000181)
	value		500018d6
OBJ 500017e4 (sz=24, trace=300000, class=java.lang.String@50000181)
	value		500018d5
OBJ 500017e5 (sz=24, trace=300000, class=java.lang.String@50000181)
	value		500018d4
OBJ 500017e6 (sz=24, trace=300000, class=java.lang.String@50000181)
	value		500018d3
OBJ 500017e7 (sz=24, trace=300000, class=java.lang.String@50000181)
	value		500018d2
OBJ 500017e8 (sz=24, trace=300000, class=java.lang.String@50000181)
	value		500018d1
OBJ 500017e9 (sz=24, trace=300000, class=java.lang.String@50000181)
	value		500018d0
OBJ 500017ea (sz=24, trace=300000, class=java.lang.String@50000181)
	value		500018cf
OBJ 500017eb (sz=24, trace=300000, class=java.lang.String@50000181)
	value		500018ce
OBJ 500017ec (sz=24, trace=300000, class=java.lang.String@50000181)
	value		500018cd
OBJ 500017ed (sz=24, trace=300000, class=java.lang.String@50000181)
	value		500018cc
OBJ 500017ee (sz=24, trace=300000, class=java.lang.String@50000181)
	value		500018cb
OBJ 500017ef (sz=24, trace=300000, class=java.lang.String@50000181)
	value		500018ca
OBJ 500017f0 (sz=24, trace=300000, class=java.lang.String@50000181)
	value		500018c9
OBJ 500017f1 (sz=24, trace=300000, class=java.lang.String@50000181)
	value		500018c8
OBJ 500017f2 (sz=24, trace=300000, class=java.lang.String@50000181)
	value		500018c7
OBJ 500017f3 (sz=24, trace=300000, class=java.lang.String@50000181)
	value		500018c6
OBJ 500017f4 (sz=24, trace=300000, class=java.lang.String@50000181)
	value		500018c5
OBJ 500017f5 (sz=24, trace=300000, class=java.lang.String@50000181)
	value		500018c4
OBJ 500017f6 (sz=24, trace=300000, class=java.lang.String@50000181)
	value		500018c3
OBJ 500017f7 (sz=24, trace=300000, class=java.lang.String@50000181)
	value		500018c2
OBJ 500017f8 (sz=24, trace=300000, class=java.lang.String@50000181)
	value		500018c1
OBJ 500017f9 (sz=24, trace=300000, class=java.lang.String@50000181)
	value		500018c0
OBJ 500017fa (sz=24, trace=300000, class=java.lang.String@50000181)
	value		500018bf
OBJ 500017fb (sz=24, trace=300000, class=java.lang.String@50000181)
	value		500018be
OBJ 500017fc (sz=24, trace=300000, class=java.lang.String@50000181)
	value		500018bd
OBJ 500017fd (sz=24, trace=300000, class=java.lang.String@50000181)
	value		500018b3
OBJ 500017fe (sz=24, trace=300000, class=java.lang.String@50000181)
	value		500018b2
OBJ 500017ff (sz=24, trace=300000, class=java.lang.String@50000181)
	value		500018b1
OBJ 50001800 (sz=24, trace=300000, class=java.lang.String@50000181)
	value		500018b0
OBJ 50001801 (sz=24, trace=300000, class=java.lang.String@50000181)
	value		500018af
OBJ 50001802 (sz=24, trace=300000, class=java.lang.String@50000181)
	value		500018ae
OBJ 50001803 (sz=24, trace=300000, class=java.lang.String@50000181)
	value		500018ad
OBJ 50001804 (sz=24, trace=300000, class=java.lang.String@50000181)
	value		500018ac
OBJ 50001805 (sz=24, trace=300000, class=java.lang.String@50000181)
	value		500018ab
OBJ 50001806 (sz=24, trace=300000, class=java.lang.String@50000181)
	value		500018aa
OBJ 50001807 (sz=24, trace=300000, class=java.lang.String@50000181)
	value		500018a9
OBJ 50001808 (sz=24, trace=300000, class=java.lang.String@50000181)
	value		500018a8
OBJ 50001809 (sz=24, trace=300000, class=java.lang.String@50000181)
	value		500018a7
OBJ 5000180a (sz=24, trace=300000, class=java.lang.String@50000181)
	value		500018a6
OBJ 5000180b (sz=24, trace=300000, class=java.lang.String@50000181)
	value		500018a5
OBJ 5000180c (sz=24, trace=300000, class=java.lang.String@50000181)
	value		500018a4
OBJ 5000180d (sz=24, trace=300000, class=java.lang.String@50000181)
	value		500018a3
OBJ 5000180e (sz=24, trace=300000, class=java.lang.String@50000181)
	value		500018a2
OBJ 5000180f (sz=24, trace=300000, class=java.lang.String@50000181)
	value		500018a1
OBJ 50001810 (sz=24, trace=300000, class=java.lang.String@50000181)
	value		500018a0
OBJ 50001811 (sz=24, trace=300000, class=java.lang.String@50000181)
	value		5000189f
OBJ 50001812 (sz=24, trace=300000, class=java.lang.String@50000181)
	value		5000189e
OBJ 50001813 (sz=24, trace=300000, class=java.lang.String@50000181)
	value		5000189d
OBJ 50001814 (sz=24, trace=300000, class=java.lang.String@50000181)
	value		5000189c
OBJ 50001815 (sz=24, trace=300000, class=java.lang.String@50000181)
	value		5000189b
OBJ 50001816 (sz=24, trace=300000, class=java.lang.String@50000181)
	value		5000189a
OBJ 50001817 (sz=24, trace=300000, class=java.lang.String@50000181)
	value		50001899
OBJ 50001818 (sz=24, trace=300000, class=java.lang.String@50000181)
	value		50001898
OBJ 50001819 (sz=24, trace=300000, class=java.lang.String@50000181)
	value		50001897
OBJ 5000181a (sz=24, trace=300000, class=java.lang.String@50000181)
	value		50001896
OBJ 5000181b (sz=24, trace=300000, class=java.lang.String@50000181)
	value		50001895
OBJ 5000181c (sz=24, trace=300000, class=java.lang.String@50000181)
	value		50001894
OBJ 5000181d (sz=24, trace=300000, class=java.lang.String@50000181)
	value		50001893
OBJ 5000181e (sz=24, trace=300000, class=java.lang.String@50000181)
	value		50001892
OBJ 5000181f (sz=24, trace=300000, class=java.lang.String@50000181)
	value		50001891
OBJ 50001820 (sz=24, trace=300000, class=java.lang.String@50000181)
	value		50001890
OBJ 50001821 (sz=24, trace=300000, class=java.lang.String@50000181)
	value		5000188f
OBJ 50001822 (sz=24, trace=300000, class=java.lang.String@50000181)
	value		5000188e
OBJ 50001823 (sz=24, trace=300000, class=java.lang.String@50000181)
	value		5000188d
OBJ 50001824 (sz=24, trace=300000, class=java.lang.String@50000181)
	value		5000188c
OBJ 50001825 (sz=24, trace=300000, class=java.lang.String@50000181)
	value		5000188b
OBJ 50001826 (sz=24, trace=300000, class=java.lang.String@50000181)
	value		5000188a
OBJ 50001827 (sz=24, trace=300000, class=java.lang.String@50000181)
	value		50001889
OBJ 50001828 (sz=24, trace=300000, class=java.lang.String@50000181)
	value		50001888
OBJ 50001829 (sz=24, trace=300000, class=java.lang.String@50000181)
	value		50001887
OBJ 5000182a (sz=24, trace=300000, class=java.lang.String@50000181)
	value		50001886
OBJ 5000182b (sz=24, trace=300000, class=java.lang.String@50000181)
	value		50001885
OBJ 5000182c (sz=24, trace=300000, class=java.lang.String@50000181)
	value		50001884
OBJ 5000182d (sz=24, trace=300000, class=java.lang.String@50000181)
	value		50001883
OBJ 5000182e (sz=24, trace=300000, class=java.lang.String@50000181)
	value		50001882
OBJ 5000182f (sz=24, trace=300000, class=java.lang.String@50000181)
	value		50001881
OBJ 50001830 (sz=24, trace=300000, class=java.lang.String@50000181)
	value		50001880
OBJ 50001831 (sz=24, trace=300000, class=java.lang.String@50000181)
	value		5000187f
OBJ 50001832 (sz=24, trace=300000, class=java.lang.String@50000181)
	value		5000187e
OBJ 50001833 (sz=24, trace=300000, class=java.lang.String@50000181)
	value		5000187d
OBJ 50001834 (sz=24, trace=300000, class=java.lang.String@50000181)
	value		5000187c
OBJ 50001835 (sz=24, trace=300000, class=java.lang.String@50000181)
	value		5000187b
OBJ 50001836 (sz=24, trace=300000, class=java.lang.String@50000181)
	value		5000187a
OBJ 50001837 (sz=24, trace=300000, class=java.lang.String@50000181)
	value		50001879
OBJ 50001838 (sz=24, trace=300000, class=java.lang.String@50000181)
	value		50001878
OBJ 50001839 (sz=24, trace=300000, class=java.lang.String@50000181)
	value		50001877
OBJ 5000183a (sz=24, trace=300000, class=java.lang.String@50000181)
	value		50001876
OBJ 5000183b (sz=24, trace=300000, class=java.lang.String@50000181)
	value		50001875
OBJ 5000183c (sz=24, trace=300000, class=java.lang.String@50000181)
	value		50001874
OBJ 5000183d (sz=24, trace=300000, class=java.lang.String@50000181)
	value		50001873
OBJ 5000183e (sz=24, trace=300000, class=java.lang.String@50000181)
	value		50001872
OBJ 5000183f (sz=24, trace=300000, class=java.lang.String@50000181)
	value		50001871
OBJ 50001840 (sz=24, trace=300000, class=java.lang.String@50000181)
	value		50001870
OBJ 50001841 (sz=24, trace=300000, class=java.lang.String@50000181)
	value		5000186f
OBJ 50001842 (sz=24, trace=300000, class=java.lang.String@50000181)
	value		5000186e
OBJ 50001843 (sz=24, trace=300000, class=java.lang.String@50000181)
	value		5000186d
OBJ 50001844 (sz=24, trace=300000, class=java.lang.String@50000181)
	value		5000186c
OBJ 50001845 (sz=24, trace=300000, class=java.lang.String@50000181)
	value		5000186b
OBJ 50001846 (sz=24, trace=300000, class=java.lang.String@50000181)
	value		5000186a
OBJ 50001847 (sz=24, trace=300000, class=java.lang.String@50000181)
	value		50001869
OBJ 50001848 (sz=24, trace=300000, class=java.lang.String@50000181)
	value		50001868
OBJ 50001849 (sz=24, trace=300000, class=java.lang.String@50000181)
	value		50001867
OBJ 5000184a (sz=24, trace=300000, class=java.lang.String@50000181)
	value		50001866
OBJ 5000184b (sz=24, trace=300000, class=java.lang.String@50000181)
	value		50001865
OBJ 5000184c (sz=24, trace=300000, class=java.lang.String@50000181)
	value		50001864
OBJ 5000184d (sz=24, trace=300000, class=java.lang.String@50000181)
	value		50001863
OBJ 5000184e (sz=24, trace=300000, class=java.lang.String@50000181)
	value		50001862
OBJ 5000184f (sz=24, trace=300000, class=java.lang.String@50000181)
	value		50001861
OBJ 50001850 (sz=24, trace=300000, class=java.lang.String@50000181)
	value		50001860
OBJ 50001851 (sz=24, trace=300000, class=java.lang.String@50000181)
	value		500018bc
OBJ 50001852 (sz=24, trace=300000, class=java.lang.String@50000181)
	value		500018bb
OBJ 50001853 (sz=24, trace=300000, class=java.lang.String@50000181)
	value		500018ba
OBJ 50001854 (sz=24, trace=300000, class=java.lang.String@50000181)
	value		500018b9
OBJ 50001855 (sz=24, trace=300000, class=java.lang.String@50000181)
	value		500018b8
OBJ 50001856 (sz=24, trace=300000, class=java.lang.String@50000181)
	value		500018b7
OBJ 50001857 (sz=24, trace=300000, class=java.lang.String@50000181)
	value		500018b6
OBJ 50001858 (sz=24, trace=300000, class=java.lang.String@50000181)
	value		5000185f
ARR 50001859 (sz=512, trace=300000, nelems=256, elem type=char[])
ARR 5000185a (sz=57344, trace=300000, nelems=28672, elem type=char[])
ARR 5000185b (sz=512, trace=300000, nelems=256, elem type=char[])
ARR 5000185c (sz=1040, trace=300000, nelems=256, elem type=char[][]@500000a2)
	[0]		500018dd
	[1]		500018dd
	[2]		500018dd
	[3]		500018dd
	[4]		500018dd
	[5]		500018dd
	[6]		500018dd
	[7]		500018dd
	[8]		500018dd
	[9]		500018dd
	[10]		500018dd
	[11]		500018dd
	[12]		500018dd
	[13]		500018dd
	[14]		500018dd
	[15]		500018dd
	[16]		500018dd
	[17]		500018dd
	[18]		500018dd
	[19]		500018dd
	[20]		500018dd
	[21]		500018dd
	[22]		500018dd
	[23]		500018dd
	[24]		500018dd
	[25]		500018dd
	[26]		500018dd
	[27]		500018dd
	[28]		500018dd
	[29]		500018dd
	[30]		500018dd
	[31]		500018dd
	[32]		500018dd
	[33]		500018dd
	[34]		500018dd
	[35]		500018dd
	[36]		500018dd
	[37]		500018dd
	[38]		500018dd
	[39]		500018dd
	[40]		500018dd
	[41]		500018dd
	[42]		500018dd
	[43]		500018dd
	[44]		500018dd
	[45]		500018dd
	[46]		500018dd
	[47]		500018dd
	[48]		500018dd
	[49]		500018dd
	[50]		500018dd
	[51]		500018dd
	[52]		500018dd
	[53]		500018dd
	[54]		500018dd
	[55]		500018dd
	[56]		500018dd
	[57]		500018dd
	[58]		500018dd
	[59]		500018dd
	[60]		500018dd
	[61]		500018dd
	[62]		500018dd
	[63]		500018dd
	[64]		500018dd
	[65]		500018dd
	[66]		500018dd
	[67]		500018dd
	[68]		500018dd
	[69]		500018dd
	[70]		500018dd
	[71]		500018dd
	[72]		500018dd
	[73]		500018dd
	[74]		500018dd
	[75]		500018dd
	[76]		500018dd
	[77]		500018dd
	[78]		500018dd
	[79]		500018dd
	[80]		500018dd
	[81]		500018dd
	[82]		500018dd
	[83]		500018dd
	[84]		500018dd
	[85]		500018dd
	[86]		500018dd
	[87]		500018dd
	[88]		500018dd
	[89]		500018dd
	[90]		500018dd
	[91]		500018dd
	[92]		500018dd
	[93]		500018dd
	[94]		500018dd
	[95]		500018dd
	[96]		500018dd
	[97]		500018dd
	[98]		500018dd
	[99]		500018dd
	[100]		500018dd
	[101]		500018dd
	[102]		500018dd
	[103]		500018dd
	[104]		500018dd
	[105]		500018dd
	[106]		500018dd
	[107]		500018dd
	[108]		500018dd
	[109]		500018dd
	[110]		500018dd
	[111]		500018dd
	[112]		500018dd
	[113]		500018dd
	[114]		500018dd
	[115]		500018dd
	[116]		500018dd
	[117]		500018dd
	[118]		500018dd
	[119]		500018dd
	[120]		500018dd
	[121]		500018dd
	[122]		500018dd
	[123]		500018dd
	[124]		500018dd
	[125]		500018dd
	[126]		500018dd
	[127]		500018dd
	[128]		500018dd
	[129]		500018de
	[130]		500018df
	[131]		500018e0
	[132]		500018e1
	[133]		500018e2
	[134]		500018e3
	[135]		500018e4
	[136]		500018e5
	[137]		500018e6
	[138]		500018e7
	[139]		500018e8
	[140]		500018e9
	[141]		500018ea
	[142]		500018eb
	[143]		500018ec
	[144]		500018ed
	[145]		500018ee
	[146]		500018ef
	[147]		500018f0
	[148]		500018f1
	[149]		500018f2
	[150]		500018f3
	[151]		500018f4
	[152]		500018f5
	[153]		500018f6
	[154]		500018f7
	[155]		500018f8
	[156]		500018f9
	[157]		500018fa
	[158]		500018fb
	[159]		500018fc
	[160]		500018fd
	[161]		500018fe
	[162]		500018ff
	[163]		50001900
	[164]		50001901
	[165]		50001902
	[166]		50001903
	[167]		50001904
	[168]		50001905
	[169]		50001906
	[170]		50001907
	[171]		50001908
	[172]		50001909
	[173]		5000190a
	[174]		5000190b
	[175]		5000190c
	[176]		5000190d
	[177]		5000190e
	[178]		5000190f
	[179]		50001910
	[180]		50001911
	[181]		50001912
	[182]		50001913
	[183]		50001914
	[184]		50001915
	[185]		50001916
	[186]		50001917
	[187]		50001918
	[188]		50001919
	[189]		5000191a
	[190]		5000191b
	[191]		5000191c
	[192]		5000191d
	[193]		5000191e
	[194]		5000191f
	[195]		50001920
	[196]		50001921
	[197]		50001922
	[198]		50001923
	[199]		50001924
	[200]		50001925
	[201]		50001926
	[202]		50001927
	[203]		50001928
	[204]		50001929
	[205]		5000192a
	[206]		5000192b
	[207]		5000192c
	[208]		5000192d
	[209]		5000192e
	[210]		5000192f
	[211]		50001930
	[212]		50001931
	[213]		50001932
	[214]		50001933
	[215]		50001934
	[216]		50001935
	[217]		50001936
	[218]		50001937
	[219]		50001938
	[220]		50001939
	[221]		5000193a
	[222]		5000193b
	[223]		5000193c
	[224]		5000193d
	[225]		5000193e
	[226]		5000193f
	[227]		50001940
	[228]		50001941
	[229]		50001942
	[230]		50001943
	[231]		50001944
	[232]		50001945
	[233]		50001946
	[234]		50001947
	[235]		50001948
	[236]		50001949
	[237]		5000194a
	[238]		5000194b
	[239]		5000194c
	[240]		5000194d
	[241]		5000194e
	[242]		5000194f
	[243]		50001950
	[244]		50001951
	[245]		50001952
	[246]		50001953
	[247]		50001954
	[248]		50001955
	[249]		50001956
	[250]		50001957
	[251]		50001958
	[252]		50001959
	[253]		5000195a
	[254]		5000195b
	[255]		500018dd
ARR 5000185d (sz=1040, trace=300000, nelems=255, elem type=java.lang.String[]@500000db)
	[129]		500017dd
	[130]		500017de
	[131]		500017df
	[132]		500017e0
	[133]		500017e1
	[134]		500017e2
	[135]		500017e3
	[136]		500017e4
	[137]		500017e5
	[138]		500017e6
	[139]		500017e7
	[140]		500017e8
	[141]		500017e9
	[142]		500017ea
	[143]		500017eb
	[144]		500017ec
	[145]		500017ed
	[146]		500017ee
	[147]		500017ef
	[148]		500017f0
	[149]		500017f1
	[150]		500017f2
	[151]		500017f3
	[152]		500017f4
	[153]		500017f5
	[154]		500017f6
	[155]		500017f7
	[156]		500017f8
	[157]		500017f9
	[158]		500017fa
	[159]		500017fb
	[160]		500017fc
	[161]		50001851
	[162]		50001852
	[163]		50001853
	[164]		50001854
	[165]		50001855
	[166]		50001856
	[167]		50001857
	[168]		500017db
	[169]		500017dc
	[170]		500017fd
	[171]		500017fe
	[172]		500017ff
	[173]		50001800
	[174]		50001801
	[175]		50001802
	[176]		50001803
	[177]		50001804
	[178]		50001805
	[179]		50001806
	[180]		50001807
	[181]		50001808
	[182]		50001809
	[183]		5000180a
	[184]		5000180b
	[185]		5000180c
	[186]		5000180d
	[187]		5000180e
	[188]		5000180f
	[189]		50001810
	[190]		50001811
	[191]		50001812
	[192]		50001813
	[193]		50001814
	[194]		50001815
	[195]		50001816
	[196]		50001817
	[197]		50001818
	[198]		50001819
	[199]		5000181a
	[200]		5000181b
	[201]		5000181c
	[202]		5000181d
	[203]		5000181e
	[204]		5000181f
	[205]		50001820
	[206]		50001821
	[207]		50001822
	[208]		50001823
	[209]		50001824
	[210]		50001825
	[211]		50001826
	[212]		50001827
	[213]		50001828
	[214]		50001829
	[215]		5000182a
	[216]		5000182b
	[217]		5000182c
	[218]		5000182d
	[219]		5000182e
	[220]		5000182f
	[221]		50001830
	[222]		50001831
	[223]		50001832
	[224]		50001833
	[225]		50001834
	[226]		50001835
	[227]		50001836
	[228]		50001837
	[229]		50001838
	[230]		50001839
	[231]		5000183a
	[232]		5000183b
	[233]		5000183c
	[234]		5000183d
	[235]		5000183e
	[236]		5000183f
	[237]		50001840
	[238]		50001841
	[239]		50001842
	[240]		50001843
	[241]		50001844
	[242]		50001845
	[243]		50001846
	[244]		50001847
	[245]		50001848
	[246]		50001849
	[247]		5000184a
	[248]		5000184b
	[249]		5000184c
	[250]		5000184d
	[251]		5000184e
	[252]		5000184f
	[253]		50001850
	[254]		50001858
ARR 5000185e (sz=512, trace=300000, nelems=256, elem type=char[])
ARR 5000185f (sz=382, trace=300000, nelems=191, elem type=char[])
ARR 50001860 (sz=382, trace=300000, nelems=191, elem type=char[])
ARR 50001861 (sz=382, trace=300000, nelems=191, elem type=char[])
ARR 50001862 (sz=382, trace=300000, nelems=191, elem type=char[])
ARR 50001863 (sz=382, trace=300000, nelems=191, elem type=char[])
ARR 50001864 (sz=382, trace=300000, nelems=191, elem type=char[])
ARR 50001865 (sz=382, trace=300000, nelems=191, elem type=char[])
ARR 50001866 (sz=382, trace=300000, nelems=191, elem type=char[])
ARR 50001867 (sz=382, trace=300000, nelems=191, elem type=char[])
ARR 50001868 (sz=382, trace=300000, nelems=191, elem type=char[])
ARR 50001869 (sz=382, trace=300000, nelems=191, elem type=char[])
ARR 5000186a (sz=382, trace=300000, nelems=191, elem type=char[])
ARR 5000186b (sz=382, trace=300000, nelems=191, elem type=char[])
ARR 5000186c (sz=382, trace=300000, nelems=191, elem type=char[])
ARR 5000186d (sz=382, trace=300000, nelems=191, elem type=char[])
ARR 5000186e (sz=382, trace=300000, nelems=191, elem type=char[])
ARR 5000186f (sz=382, trace=300000, nelems=191, elem type=char[])
ARR 50001870 (sz=382, trace=300000, nelems=191, elem type=char[])
ARR 50001871 (sz=382, trace=300000, nelems=191, elem type=char[])
ARR 50001872 (sz=382, trace=300000, nelems=191, elem type=char[])
ARR 50001873 (sz=382, trace=300000, nelems=191, elem type=char[])
ARR 50001874 (sz=382, trace=300000, nelems=191, elem type=char[])
ARR 50001875 (sz=382, trace=300000, nelems=191, elem type=char[])
ARR 50001876 (sz=382, trace=300000, nelems=191, elem type=char[])
ARR 50001877 (sz=382, trace=300000, nelems=191, elem type=char[])
ARR 50001878 (sz=382, trace=300000, nelems=191, elem type=char[])
ARR 50001879 (sz=382, trace=300000, nelems=191, elem type=char[])
ARR 5000187a (sz=382, trace=300000, nelems=191, elem type=char[])
ARR 5000187b (sz=382, trace=300000, nelems=191, elem type=char[])
ARR 5000187c (sz=382, trace=300000, nelems=191, elem type=char[])
ARR 5000187d (sz=382, trace=300000, nelems=191, elem type=char[])
ARR 5000187e (sz=382, trace=300000, nelems=191, elem type=char[])
ARR 5000187f (sz=382, trace=300000, nelems=191, elem type=char[])
ARR 50001880 (sz=382, trace=300000, nelems=191, elem type=char[])
ARR 50001881 (sz=382, trace=300000, nelems=191, elem type=char[])
ARR 50001882 (sz=382, trace=300000, nelems=191, elem type=char[])
ARR 50001883 (sz=382, trace=300000, nelems=191, elem type=char[])
ARR 50001884 (sz=382, trace=300000, nelems=191, elem type=char[])
ARR 50001885 (sz=382, trace=300000, nelems=191, elem type=char[])
ARR 50001886 (sz=382, trace=300000, nelems=191, elem type=char[])
ARR 50001887 (sz=382, trace=300000, nelems=191, elem type=char[])
ARR 50001888 (sz=382, trace=300000, nelems=191, elem type=char[])
ARR 50001889 (sz=382, trace=300000, nelems=191, elem type=char[])
ARR 5000188a (sz=382, trace=300000, nelems=191, elem type=char[])
ARR 5000188b (sz=382, trace=300000, nelems=191, elem type=char[])
ARR 5000188c (sz=382, trace=300000, nelems=191, elem type=char[])
ARR 5000188d (sz=382, trace=300000, nelems=191, elem type=char[])
ARR 5000188e (sz=382, trace=300000, nelems=191, elem type=char[])
ARR 5000188f (sz=382, trace=300000, nelems=191, elem type=char[])
ARR 50001890 (sz=382, trace=300000, nelems=191, elem type=char[])
ARR 50001891 (sz=382, trace=300000, nelems=191, elem type=char[])
ARR 50001892 (sz=382, trace=300000, nelems=191, elem type=char[])
ARR 50001893 (sz=382, trace=300000, nelems=191, elem type=char[])
ARR 50001894 (sz=382, trace=300000, nelems=191, elem type=char[])
ARR 50001895 (sz=382, trace=300000, nelems=191, elem type=char[])
ARR 50001896 (sz=382, trace=300000, nelems=191, elem type=char[])
ARR 50001897 (sz=382, trace=300000, nelems=191, elem type=char[])
ARR 50001898 (sz=382, trace=300000, nelems=191, elem type=char[])
ARR 50001899 (sz=382, trace=300000, nelems=191, elem type=char[])
ARR 5000189a (sz=382, trace=300000, nelems=191, elem type=char[])
ARR 5000189b (sz=382, trace=300000, nelems=191, elem type=char[])
ARR 5000189c (sz=382, trace=300000, nelems=191, elem type=char[])
ARR 5000189d (sz=382, trace=300000, nelems=191, elem type=char[])
ARR 5000189e (sz=382, trace=300000, nelems=191, elem type=char[])
ARR 5000189f (sz=382, trace=300000, nelems=191, elem type=char[])
ARR 500018a0 (sz=382, trace=300000, nelems=191, elem type=char[])
ARR 500018a1 (sz=382, trace=300000, nelems=191, elem type=char[])
ARR 500018a2 (sz=382, trace=300000, nelems=191, elem type=char[])
ARR 500018a3 (sz=382, trace=300000, nelems=191, elem type=char[])
ARR 500018a4 (sz=382, trace=300000, nelems=191, elem type=char[])
ARR 500018a5 (sz=382, trace=300000, nelems=191, elem type=char[])
ARR 500018a6 (sz=382, trace=300000, nelems=191, elem type=char[])
ARR 500018a7 (sz=382, trace=300000, nelems=191, elem type=char[])
ARR 500018a8 (sz=382, trace=300000, nelems=191, elem type=char[])
ARR 500018a9 (sz=382, trace=300000, nelems=191, elem type=char[])
ARR 500018aa (sz=382, trace=300000, nelems=191, elem type=char[])
ARR 500018ab (sz=382, trace=300000, nelems=191, elem type=char[])
ARR 500018ac (sz=382, trace=300000, nelems=191, elem type=char[])
ARR 500018ad (sz=382, trace=300000, nelems=191, elem type=char[])
ARR 500018ae (sz=382, trace=300000, nelems=191, elem type=char[])
ARR 500018af (sz=382, trace=300000, nelems=191, elem type=char[])
ARR 500018b0 (sz=382, trace=300000, nelems=191, elem type=char[])
ARR 500018b1 (sz=382, trace=300000, nelems=191, elem type=char[])
ARR 500018b2 (sz=382, trace=300000, nelems=191, elem type=char[])
ARR 500018b3 (sz=382, trace=300000, nelems=191, elem type=char[])
ARR 500018b4 (sz=382, trace=300000, nelems=191, elem type=char[])
ARR 500018b5 (sz=382, trace=300000, nelems=191, elem type=char[])
ARR 500018b6 (sz=382, trace=300000, nelems=191, elem type=char[])
ARR 500018b7 (sz=382, trace=300000, nelems=191, elem type=char[])
ARR 500018b8 (sz=382, trace=300000, nelems=191, elem type=char[])
ARR 500018b9 (sz=382, trace=300000, nelems=191, elem type=char[])
ARR 500018ba (sz=382, trace=300000, nelems=191, elem type=char[])
ARR 500018bb (sz=382, trace=300000, nelems=191, elem type=char[])
ARR 500018bc (sz=382, trace=300000, nelems=191, elem type=char[])
ARR 500018bd (sz=382, trace=300000, nelems=191, elem type=char[])
ARR 500018be (sz=382, trace=300000, nelems=191, elem type=char[])
ARR 500018bf (sz=382, trace=300000, nelems=191, elem type=char[])
ARR 500018c0 (sz=382, trace=300000, nelems=191, elem type=char[])
ARR 500018c1 (sz=382, trace=300000, nelems=191, elem type=char[])
ARR 500018c2 (sz=382, trace=300000, nelems=191, elem type=char[])
ARR 500018c3 (sz=382, trace=300000, nelems=191, elem type=char[])
ARR 500018c4 (sz=382, trace=300000, nelems=191, elem type=char[])
ARR 500018c5 (sz=382, trace=300000, nelems=191, elem type=char[])
ARR 500018c6 (sz=382, trace=300000, nelems=191, elem type=char[])
ARR 500018c7 (sz=382, trace=300000, nelems=191, elem type=char[])
ARR 500018c8 (sz=382, trace=300000, nelems=191, elem type=char[])
ARR 500018c9 (sz=382, trace=300000, nelems=191, elem type=char[])
ARR 500018ca (sz=382, trace=300000, nelems=191, elem type=char[])
ARR 500018cb (sz=382, trace=300000, nelems=191, elem type=char[])
ARR 500018cc (sz=382, trace=300000, nelems=191, elem type=char[])
ARR 500018cd (sz=382, trace=300000, nelems=191, elem type=char[])
ARR 500018ce (sz=382, trace=300000, nelems=191, elem type=char[])
ARR 500018cf (sz=382, trace=300000, nelems=191, elem type=char[])
ARR 500018d0 (sz=382, trace=300000, nelems=191, elem type=char[])
ARR 500018d1 (sz=382, trace=300000, nelems=191, elem type=char[])
ARR 500018d2 (sz=382, trace=300000, nelems=191, elem type=char[])
ARR 500018d3 (sz=382, trace=300000, nelems=191, elem type=char[])
ARR 500018d4 (sz=382, trace=300000, nelems=191, elem type=char[])
ARR 500018d5 (sz=382, trace=300000, nelems=191, elem type=char[])
ARR 500018d6 (sz=382, trace=300000, nelems=191, elem type=char[])
ARR 500018d7 (sz=382, trace=300000, nelems=191, elem type=char[])
ARR 500018d8 (sz=382, trace=300000, nelems=191, elem type=char[])
ARR 500018d9 (sz=382, trace=300000, nelems=191, elem type=char[])
ARR 500018da (sz=382, trace=300000, nelems=191, elem type=char[])
ARR 500018db (sz=382, trace=300000, nelems=191, elem type=char[])
ARR 500018dc (sz=382, trace=300000, nelems=191, elem type=char[])
ARR 500018dd (sz=512, trace=300000, nelems=256, elem type=char[])
ARR 500018de (sz=382, trace=300000, nelems=191, elem type=char[])
ARR 500018df (sz=382, trace=300000, nelems=191, elem type=char[])
ARR 500018e0 (sz=382, trace=300000, nelems=191, elem type=char[])
ARR 500018e1 (sz=382, trace=300000, nelems=191, elem type=char[])
ARR 500018e2 (sz=382, trace=300000, nelems=191, elem type=char[])
ARR 500018e3 (sz=382, trace=300000, nelems=191, elem type=char[])
ARR 500018e4 (sz=382, trace=300000, nelems=191, elem type=char[])
ARR 500018e5 (sz=382, trace=300000, nelems=191, elem type=char[])
ARR 500018e6 (sz=382, trace=300000, nelems=191, elem type=char[])
ARR 500018e7 (sz=382, trace=300000, nelems=191, elem type=char[])
ARR 500018e8 (sz=382, trace=300000, nelems=191, elem type=char[])
ARR 500018e9 (sz=382, trace=300000, nelems=191, elem type=char[])
ARR 500018ea (sz=382, trace=300000, nelems=191, elem type=char[])
ARR 500018eb (sz=382, trace=300000, nelems=191, elem type=char[])
ARR 500018ec (sz=382, trace=300000, nelems=191, elem type=char[])
ARR 500018ed (sz=382, trace=300000, nelems=191, elem type=char[])
ARR 500018ee (sz=382, trace=300000, nelems=191, elem type=char[])
ARR 500018ef (sz=382, trace=300000, nelems=191, elem type=char[])
ARR 500018f0 (sz=382, trace=300000, nelems=191, elem type=char[])
ARR 500018f1 (sz=382, trace=300000, nelems=191, elem type=char[])
ARR 500018f2 (sz=382, trace=300000, nelems=191, elem type=char[])
ARR 500018f3 (sz=382, trace=300000, nelems=191, elem type=char[])
ARR 500018f4 (sz=382, trace=300000, nelems=191, elem type=char[])
ARR 500018f5 (sz=382, trace=300000, nelems=191, elem type=char[])
ARR 500018f6 (sz=382, trace=300000, nelems=191, elem type=char[])
ARR 500018f7 (sz=382, trace=300000, nelems=191, elem type=char[])
ARR 500018f8 (sz=382, trace=300000, nelems=191, elem type=char[])
ARR 500018f9 (sz=382, trace=300000, nelems=191, elem type=char[])
ARR 500018fa (sz=382, trace=300000, nelems=191, elem type=char[])
ARR 500018fb (sz=382, trace=300000, nelems=191, elem type=char[])
ARR 500018fc (sz=382, trace=300000, nelems=191, elem type=char[])
ARR 500018fd (sz=382, trace=300000, nelems=191, elem type=char[])
ARR 500018fe (sz=382, trace=300000, nelems=191, elem type=char[])
ARR 500018ff (sz=382, trace=300000, nelems=191, elem type=char[])
ARR 50001900 (sz=382, trace=300000, nelems=191, elem type=char[])
ARR 50001901 (sz=382, trace=300000, nelems=191, elem type=char[])
ARR 50001902 (sz=382, trace=300000, nelems=191, elem type=char[])
ARR 50001903 (sz=382, trace=300000, nelems=191, elem type=char[])
ARR 50001904 (sz=382, trace=300000, nelems=191, elem type=char[])
ARR 50001905 (sz=382, trace=300000, nelems=191, elem type=char[])
ARR 50001906 (sz=382, trace=300000, nelems=191, elem type=char[])
ARR 50001907 (sz=382, trace=300000, nelems=191, elem type=char[])
ARR 50001908 (sz=382, trace=300000, nelems=191, elem type=char[])
ARR 50001909 (sz=382, trace=300000, nelems=191, elem type=char[])
ARR 5000190a (sz=382, trace=300000, nelems=191, elem type=char[])
ARR 5000190b (sz=382, trace=300000, nelems=191, elem type=char[])
ARR 5000190c (sz=382, trace=300000, nelems=191, elem type=char[])
ARR 5000190d (sz=382, trace=300000, nelems=191, elem type=char[])
ARR 5000190e (sz=382, trace=300000, nelems=191, elem type=char[])
ARR 5000190f (sz=382, trace=300000, nelems=191, elem type=char[])
ARR 50001910 (sz=382, trace=300000, nelems=191, elem type=char[])
ARR 50001911 (sz=382, trace=300000, nelems=191, elem type=char[])
ARR 50001912 (sz=382, trace=300000, nelems=191, elem type=char[])
ARR 50001913 (sz=382, trace=300000, nelems=191, elem type=char[])
ARR 50001914 (sz=382, trace=300000, nelems=191, elem type=char[])
ARR 50001915 (sz=382, trace=300000, nelems=191, elem type=char[])
ARR 50001916 (sz=382, trace=300000, nelems=191, elem type=char[])
ARR 50001917 (sz=382, trace=300000, nelems=191, elem type=char[])
ARR 50001918 (sz=382, trace=300000, nelems=191, elem type=char[])
ARR 50001919 (sz=382, trace=300000, nelems=191, elem type=char[])
ARR 5000191a (sz=382, trace=300000, nelems=191, elem type=char[])
ARR 5000191b (sz=382, trace=300000, nelems=191, elem type=char[])
ARR 5000191c (sz=382, trace=300000, nelems=191, elem type=char[])
ARR 5000191d (sz=382, trace=300000, nelems=191, elem type=char[])
ARR 5000191e (sz=382, trace=300000, nelems=191, elem type=char[])
ARR 5000191f (sz=382, trace=300000, nelems=191, elem type=char[])
ARR 50001920 (sz=382, trace=300000, nelems=191, elem type=char[])
ARR 50001921 (sz=382, trace=300000, nelems=191, elem type=char[])
ARR 50001922 (sz=382, trace=300000, nelems=191, elem type=char[])
ARR 50001923 (sz=382, trace=300000, nelems=191, elem type=char[])
ARR 50001924 (sz=382, trace=300000, nelems=191, elem type=char[])
ARR 50001925 (sz=382, trace=300000, nelems=191, elem type=char[])
ARR 50001926 (sz=382, trace=300000, nelems=191, elem type=char[])
ARR 50001927 (sz=382, trace=300000, nelems=191, elem type=char[])
ARR 50001928 (sz=382, trace=300000, nelems=191, elem type=char[])
ARR 50001929 (sz=382, trace=300000, nelems=191, elem type=char[])
ARR 5000192a (sz=382, trace=300000, nelems=191, elem type=char[])
ARR 5000192b (sz=382, trace=300000, nelems=191, elem type=char[])
ARR 5000192c (sz=382, trace=300000, nelems=191, elem type=char[])
ARR 5000192d (sz=382, trace=300000, nelems=191, elem type=char[])
ARR 5000192e (sz=382, trace=300000, nelems=191, elem type=char[])
ARR 5000192f (sz=382, trace=300000, nelems=191, elem type=char[])
ARR 50001930 (sz=382, trace=300000, nelems=191, elem type=char[])
ARR 50001931 (sz=382, trace=300000, nelems=191, elem type=char[])
ARR 50001932 (sz=382, trace=300000, nelems=191, elem type=char[])
ARR 50001933 (sz=382, trace=300000, nelems=191, elem type=char[])
ARR 50001934 (sz=382, trace=300000, nelems=191, elem type=char[])
ARR 50001935 (sz=382, trace=300000, nelems=191, elem type=char[])
ARR 50001936 (sz=382, trace=300000, nelems=191, elem type=char[])
ARR 50001937 (sz=382, trace=300000, nelems=191, elem type=char[])
ARR 50001938 (sz=382, trace=300000, nelems=191, elem type=char[])
ARR 50001939 (sz=382, trace=300000, nelems=191, elem type=char[])
ARR 5000193a (sz=382, trace=300000, nelems=191, elem type=char[])
ARR 5000193b (sz=382, trace=300000, nelems=191, elem type=char[])
ARR 5000193c (sz=382, trace=300000, nelems=191, elem type=char[])
ARR 5000193d (sz=382, trace=300000, nelems=191, elem type=char[])
ARR 5000193e (sz=382, trace=300000, nelems=191, elem type=char[])
ARR 5000193f (sz=382, trace=300000, nelems=191, elem type=char[])
ARR 50001940 (sz=382, trace=300000, nelems=191, elem type=char[])
ARR 50001941 (sz=382, trace=300000, nelems=191, elem type=char[])
ARR 50001942 (sz=382, trace=300000, nelems=191, elem type=char[])
ARR 50001943 (sz=382, trace=300000, nelems=191, elem type=char[])
ARR 50001944 (sz=382, trace=300000, nelems=191, elem type=char[])
ARR 50001945 (sz=382, trace=300000, nelems=191, elem type=char[])
ARR 50001946 (sz=382, trace=300000, nelems=191, elem type=char[])
ARR 50001947 (sz=382, trace=300000, nelems=191, elem type=char[])
ARR 50001948 (sz=382, trace=300000, nelems=191, elem type=char[])
ARR 50001949 (sz=382, trace=300000, nelems=191, elem type=char[])
ARR 5000194a (sz=382, trace=300000, nelems=191, elem type=char[])
ARR 5000194b (sz=382, trace=300000, nelems=191, elem type=char[])
ARR 5000194c (sz=382, trace=300000, nelems=191, elem type=char[])
ARR 5000194d (sz=382, trace=300000, nelems=191, elem type=char[])
ARR 5000194e (sz=382, trace=300000, nelems=191, elem type=char[])
ARR 5000194f (sz=382, trace=300000, nelems=191, elem type=char[])
ARR 50001950 (sz=382, trace=300000, nelems=191, elem type=char[])
ARR 50001951 (sz=382, trace=300000, nelems=191, elem type=char[])
ARR 50001952 (sz=382, trace=300000, nelems=191, elem type=char[])
ARR 50001953 (sz=382, trace=300000, nelems=191, elem type=char[])
ARR 50001954 (sz=382, trace=300000, nelems=191, elem type=char[])
ARR 50001955 (sz=382, trace=300000, nelems=191, elem type=char[])
ARR 50001956 (sz=382, trace=300000, nelems=191, elem type=char[])
ARR 50001957 (sz=382, trace=300000, nelems=191, elem type=char[])
ARR 50001958 (sz=382, trace=300000, nelems=191, elem type=char[])
ARR 50001959 (sz=382, trace=300000, nelems=191, elem type=char[])
ARR 5000195a (sz=382, trace=300000, nelems=191, elem type=char[])
ARR 5000195b (sz=382, trace=300000, nelems=191, elem type=char[])
OBJ 5000195c (sz=24, trace=300000, class=java.lang.String@50000181)
	value		50001dd2
OBJ 5000195d (sz=24, trace=300000, class=java.lang.String@50000181)
	value		50001e11
OBJ 5000195e (sz=24, trace=300000, class=java.lang.String@50000181)
	value		50001e2a
OBJ 5000195f (sz=24, trace=300000, class=java.lang.String@50000181)
	value		50001e35
OBJ 50001960 (sz=24, trace=300000, class=java.lang.String@50000181)
	value		50001e36
OBJ 50001961 (sz=24, trace=300000, class=java.lang.String@50000181)
	value		50001e1f
OBJ 50001962 (sz=24, trace=300000, class=java.lang.String@50000181)
	value		50001e3d
OBJ 50001963 (sz=24, trace=300000, class=java.lang.String@50000181)
	value		50001e5b
OBJ 50001964 (sz=24, trace=300000, class=java.lang.String@50000181)
	value		50001c5e
OBJ 50001965 (sz=24, trace=300000, class=java.lang.String@50000181)
	value		50001c5c
OBJ 50001966 (sz=24, trace=300000, class=java.lang.String@50000181)
	value		50001c5d
OBJ 50001967 (sz=24, trace=300000, class=java.lang.String@50000181)
	value		50001cdd
OBJ 50001968 (sz=24, trace=300000, class=java.lang.String@50000181)
	value		50001c4c
OBJ 50001969 (sz=24, trace=300000, class=java.lang.String@50000181)
	value		50001fcf
OBJ 5000196a (sz=24, trace=300000, class=java.lang.String@50000181)
	value		50001c63
OBJ 5000196b (sz=24, trace=300000, class=java.lang.String@50000181)
	value		50001c65
OBJ 5000196c (sz=24, trace=300000, class=java.lang.String@50000181)
	value		50001f90
OBJ 5000196d (sz=24, trace=300000, class=java.lang.String@50000181)
	value		50001c68
OBJ 5000196e (sz=24, trace=300000, class=java.lang.String@50000181)
	value		50001c64
OBJ 5000196f (sz=24, trace=300000, class=java.lang.String@50000181)
	value		50001cf3
OBJ 50001970 (sz=24, trace=300000, class=java.lang.String@50000181)
	value		50001cf5
OBJ 50001971 (sz=24, trace=300000, class=java.lang.String@50000181)
	value		50001fda
OBJ 50001972 (sz=24, trace=300000, class=java.lang.String@50000181)
	value		50001c66
OBJ 50001973 (sz=24, trace=300000, class=java.lang.String@50000181)
	value		50001cf1
OBJ 50001974 (sz=24, trace=300000, class=java.lang.String@50000181)
	value		50001fe9
OBJ 50001975 (sz=24, trace=300000, class=java.lang.String@50000181)
	value		50001c61
OBJ 50001976 (sz=24, trace=300000, class=java.lang.String@50000181)
	value		50001c67
OBJ 50001977 (sz=24, trace=300000, class=java.lang.String@50000181)
	value		50001d24
OBJ 50001978 (sz=24, trace=300000, class=java.lang.String@50000181)
	value		50001d58
OBJ 50001979 (sz=24, trace=300000, class=java.lang.String@50000181)
	value		50001cb1
OBJ 5000197a (sz=24, trace=300000, class=java.lang.String@50000181)
	value		50002105
OBJ 5000197b (sz=24, trace=300000, class=java.lang.String@50000181)
	value		50002104
OBJ 5000197c (sz=24, trace=300000, class=java.lang.String@50000181)
	value		50001cb6
OBJ 5000197d (sz=24, trace=300000, class=java.lang.String@50000181)
	value		50001c4f
OBJ 5000197e (sz=24, trace=300000, class=java.lang.String@50000181)
	value		50001cc0
OBJ 5000197f (sz=24, trace=300000, class=java.lang.String@50000181)
	value		50001cbe
OBJ 50001980 (sz=24, trace=300000, class=java.lang.String@50000181)
	value		50001cc6
OBJ 50001981 (sz=24, trace=300000, class=java.lang.String@50000181)
	value		50001cc4
OBJ 50001982 (sz=24, trace=300000, class=java.lang.String@50000181)
	value		50002111
OBJ 50001983 (sz=24, trace=300000, class=java.lang.String@50000181)
	value		50002110
OBJ 50001984 (sz=24, trace=300000, class=java.lang.String@50000181)
	value		50002114
OBJ 50001985 (sz=24, trace=300000, class=java.lang.String@50000181)
	value		50002127
OBJ 50001986 (sz=24, trace=300000, class=java.lang.String@50000181)
	value		50001cb2
OBJ 50001987 (sz=24, trace=300000, class=java.lang.String@50000181)
	value		50001ce1
OBJ 50001988 (sz=24, trace=300000, class=java.lang.String@50000181)
	value		50001d67
OBJ 50001989 (sz=24, trace=300000, class=java.lang.String@50000181)
	value		50001cb7
OBJ 5000198a (sz=24, trace=300000, class=java.lang.String@50000181)
	value		50001c50
OBJ 5000198b (sz=24, trace=300000, class=java.lang.String@50000181)
	value		50001cc1
OBJ 5000198c (sz=24, trace=300000, class=java.lang.String@50000181)
	value		50002126
OBJ 5000198d (sz=24, trace=300000, class=java.lang.String@50000181)
	value		5000212b
OBJ 5000198e (sz=24, trace=300000, class=java.lang.String@50000181)
	value		5000212a
OBJ 5000198f (sz=24, trace=300000, class=java.lang.String@50000181)
	value		50002120
OBJ 50001990 (sz=24, trace=300000, class=java.lang.String@50000181)
	value		50002136
OBJ 50001991 (sz=24, trace=300000, class=java.lang.String@50000181)
	value		50002135
OBJ 50001992 (sz=24, trace=300000, class=java.lang.String@50000181)
	value		5000213a
OBJ 50001993 (sz=24, trace=300000, class=java.lang.String@50000181)
	value		50002139
OBJ 50001994 (sz=24, trace=300000, class=java.lang.String@50000181)
	value		5000213b
OBJ 50001995 (sz=24, trace=300000, class=java.lang.String@50000181)
	value		50001d69
OBJ 50001996 (sz=24, trace=300000, class=java.lang.String@50000181)
	value		50001cbf
OBJ 50001997 (sz=24, trace=300000, class=java.lang.String@50000181)
	value		50001cc7
OBJ 50001998 (sz=24, trace=300000, class=java.lang.String@50000181)
	value		50001cc5
OBJ 50001999 (sz=24, trace=300000, class=java.lang.String@50000181)
	value		5000213c
OBJ 5000199a (sz=24, trace=300000, class=java.lang.String@50000181)
	value		5000211d
OBJ 5000199b (sz=24, trace=300000, class=java.lang.String@50000181)
	value		50002142
OBJ 5000199c (sz=24, trace=300000, class=java.lang.String@50000181)
	value		50001d6b
OBJ 5000199d (sz=24, trace=300000, class=java.lang.String@50000181)
	value		50002141
OBJ 5000199e (sz=24, trace=300000, class=java.lang.String@50000181)
	value		50001cc8
OBJ 5000199f (sz=24, trace=300000, class=java.lang.String@50000181)
	value		50002144
OBJ 500019a0 (sz=24, trace=300000, class=java.lang.String@50000181)
	value		50001cba
OBJ 500019a1 (sz=24, trace=300000, class=java.lang.String@50000181)
	value		50001cc9
OBJ 500019a2 (sz=24, trace=300000, class=java.lang.String@50000181)
	value		50001d64
OBJ 500019a3 (sz=24, trace=300000, class=java.lang.String@50000181)
	value		50001cbb
OBJ 500019a4 (sz=24, trace=300000, class=java.lang.String@50000181)
	value		50001d60
OBJ 500019a5 (sz=24, trace=300000, class=java.lang.String@50000181)
	value		50001cd9
OBJ 500019a6 (sz=24, trace=300000, class=java.lang.String@50000181)
	value		50001cd7
OBJ 500019a7 (sz=24, trace=300000, class=java.lang.String@50000181)
	value		50001cdb
OBJ 500019a8 (sz=24, trace=300000, class=java.lang.String@50000181)
	value		50001dac
OBJ 500019a9 (sz=24, trace=300000, class=java.lang.String@50000181)
	value		50001daa
OBJ 500019aa (sz=24, trace=300000, class=java.lang.String@50000181)
	value		50001da7
OBJ 500019ab (sz=24, trace=300000, class=java.lang.String@50000181)
	value		50001ccd
OBJ 500019ac (sz=24, trace=300000, class=java.lang.String@50000181)
	value		5000217a
OBJ 500019ad (sz=24, trace=300000, class=java.lang.String@50000181)
	value		5000217c
OBJ 500019ae (sz=24, trace=300000, class=java.lang.String@50000181)
	value		50001d97
OBJ 500019af (sz=24, trace=300000, class=java.lang.String@50000181)
	value		50001d9f
OBJ 500019b0 (sz=24, trace=300000, class=java.lang.String@50000181)
	value		50001db2
OBJ 500019b1 (sz=24, trace=300000, class=java.lang.String@50000181)
	value		50001db0
OBJ 500019b2 (sz=24, trace=300000, class=java.lang.String@50000181)
	value		50001d7d
OBJ 500019b3 (sz=24, trace=300000, class=java.lang.String@50000181)
	value		50001da1
OBJ 500019b4 (sz=24, trace=300000, class=java.lang.String@50000181)
	value		50001db4
OBJ 500019b5 (sz=24, trace=300000, class=java.lang.String@50000181)
	value		50001da3
OBJ 500019b6 (sz=24, trace=300000, class=java.lang.String@50000181)
	value		50001cd3
OBJ 500019b7 (sz=24, trace=300000, class=java.lang.String@50000181)
	value		50001d9b
OBJ 500019b8 (sz=24, trace=300000, class=java.lang.String@50000181)
	value		5000219a
OBJ 500019b9 (sz=24, trace=300000, class=java.lang.String@50000181)
	value		50001cd2
OBJ 500019ba (sz=24, trace=300000, class=java.lang.String@50000181)
	value		50001cd0
OBJ 500019bb (sz=24, trace=300000, class=java.lang.String@50000181)
	value		50001cd1
OBJ 500019bc (sz=24, trace=300000, class=java.lang.String@50000181)
	value		500021b9
OBJ 500019bd (sz=24, trace=300000, class=java.lang.String@50000181)
	value		50001e60
OBJ 500019be (sz=24, trace=300000, class=java.lang.String@50000181)
	value		50001e61
OBJ 500019bf (sz=24, trace=300000, class=java.lang.String@50000181)
	value		50001e4e
OBJ 500019c0 (sz=24, trace=300000, class=java.lang.String@50000181)
	value		50001e64
OBJ 500019c1 (sz=24, trace=300000, class=java.lang.String@50000181)
	value		50001dbf
OBJ 500019c2 (sz=24, trace=300000, class=java.lang.String@50000181)
	value		50001e72
OBJ 500019c3 (sz=24, trace=300000, class=java.lang.String@50000181)
	value		50001e71
OBJ 500019c4 (sz=24, trace=300000, class=java.lang.String@50000181)
	value		50001e73
OBJ 500019c5 (sz=24, trace=300000, class=java.lang.String@50000181)
	value		50001e6b
OBJ 500019c6 (sz=24, trace=300000, class=java.lang.String@50000181)
	value		50001eb1
OBJ 500019c7 (sz=24, trace=300000, class=java.lang.String@50000181)
	value		50001ecd
OBJ 500019c8 (sz=24, trace=300000, class=java.lang.String@50000181)
	value		50001ed1
OBJ 500019c9 (sz=24, trace=300000, class=java.lang.String@50000181)
	value		50001ea8
OBJ 500019ca (sz=24, trace=300000, class=java.lang.String@50000181)
	value		50001ef1
OBJ 500019cb (sz=24, trace=300000, class=java.lang.String@50000181)
	value		50001dbc
OBJ 500019cc (sz=24, trace=300000, class=java.lang.String@50000181)
	value		50001f17
OBJ 500019cd (sz=24, trace=300000, class=java.lang.String@50000181)
	value		50001efb
OBJ 500019ce (sz=24, trace=300000, class=java.lang.String@50000181)
	value		50001ef5
OBJ 500019cf (sz=24, trace=300000, class=java.lang.String@50000181)
	value		50001f5b
OBJ 500019d0 (sz=24, trace=300000, class=java.lang.String@50000181)
	value		50001f5a
OBJ 500019d1 (sz=24, trace=300000, class=java.lang.String@50000181)
	value		50001f58
OBJ 500019d2 (sz=24, trace=300000, class=java.lang.String@50000181)
	value		50001f79
OBJ 500019d3 (sz=24, trace=300000, class=java.lang.String@50000181)
	value		50001f4f
OBJ 500019d4 (sz=24, trace=300000, class=java.lang.String@50000181)
	value		50001f81
OBJ 500019d5 (sz=24, trace=300000, class=java.lang.String@50000181)
	value		50001f80
OBJ 500019d6 (sz=24, trace=300000, class=java.lang.String@50000181)
	value		50001f83
OBJ 500019d7 (sz=24, trace=300000, class=java.lang.String@50000181)
	value		50001f84
OBJ 500019d8 (sz=24, trace=300000, class=java.lang.String@50000181)
	value		50001f7d
OBJ 500019d9 (sz=24, trace=300000, class=java.lang.String@50000181)
	value		50001f8b
OBJ 500019da (sz=24, trace=300000, class=java.lang.String@50000181)
	value		50001f8a
OBJ 500019db (sz=24, trace=300000, class=java.lang.String@50000181)
	value		50001f8c
OBJ 500019dc (sz=24, trace=300000, class=java.lang.String@50000181)
	value		50001f8d
OBJ 500019dd (sz=24, trace=300000, class=java.lang.String@50000181)
	value		50001f4c
OBJ 500019de (sz=24, trace=300000, class=java.lang.String@50000181)
	value		50001f87
OBJ 500019df (sz=24, trace=300000, class=java.lang.String@50000181)
	value		50001fcd
OBJ 500019e0 (sz=24, trace=300000, class=java.lang.String@50000181)
	value		50001fd1
OBJ 500019e1 (sz=24, trace=300000, class=java.lang.String@50000181)
	value		50001fe6
OBJ 500019e2 (sz=24, trace=300000, class=java.lang.String@50000181)
	value		50001fd7
OBJ 500019e3 (sz=24, trace=300000, class=java.lang.String@50000181)
	value		50001fdb
OBJ 500019e4 (sz=24, trace=300000, class=java.lang.String@50000181)
	value		50001fdc
OBJ 500019e5 (sz=24, trace=300000, class=java.lang.String@50000181)
	value		50001fd4
OBJ 500019e6 (sz=24, trace=300000, class=java.lang.String@50000181)
	value		50001fe0
OBJ 500019e7 (sz=24, trace=300000, class=java.lang.String@50000181)
	value		50001fdf
OBJ 500019e8 (sz=24, trace=300000, class=java.lang.String@50000181)
	value		50001fe7
OBJ 500019e9 (sz=24, trace=300000, class=java.lang.String@50000181)
	value		50001fe8
OBJ 500019ea (sz=24, trace=300000, class=java.lang.String@50000181)
	value		50001fe3
OBJ 500019eb (sz=24, trace=300000, class=java.lang.String@50000181)
	value		50001db9
OBJ 500019ec (sz=24, trace=300000, class=java.lang.String@50000181)
	value		50002003
OBJ 500019ed (sz=24, trace=300000, class=java.lang.String@50000181)
	value		50002004
OBJ 500019ee (sz=24, trace=300000, class=java.lang.String@50000181)
	value		50002001
OBJ 500019ef (sz=24, trace=300000, class=java.lang.String@50000181)
	value		50002006
OBJ 500019f0 (sz=24, trace=300000, class=java.lang.String@50000181)
	value		50001ffb
OBJ 500019f1 (sz=24, trace=300000, class=java.lang.String@50000181)
	value		5000204d
OBJ 500019f2 (sz=24, trace=300000, class=java.lang.String@50000181)
	value		50002061
OBJ 500019f3 (sz=24, trace=300000, class=java.lang.String@50000181)
	value		50002075
OBJ 500019f4 (sz=24, trace=300000, class=java.lang.String@50000181)
	value		50001fef
OBJ 500019f5 (sz=24, trace=300000, class=java.lang.String@50000181)
	value		500020e3
OBJ 500019f6 (sz=24, trace=300000, class=java.lang.String@50000181)
	value		500020fb
OBJ 500019f7 (sz=24, trace=300000, class=java.lang.String@50000181)
	value		50002108
OBJ 500019f8 (sz=24, trace=300000, class=java.lang.String@50000181)
	value		50002107
OBJ 500019f9 (sz=24, trace=300000, class=java.lang.String@50000181)
	value		50002101
OBJ 500019fa (sz=24, trace=300000, class=java.lang.String@50000181)
	value		5000210c
OBJ 500019fb (sz=24, trace=300000, class=java.lang.String@50000181)
	value		5000210b
OBJ 500019fc (sz=24, trace=300000, class=java.lang.String@50000181)
	value		5000210d
OBJ 500019fd (sz=24, trace=300000, class=java.lang.String@50000181)
	value		500020fe
OBJ 500019fe (sz=24, trace=300000, class=java.lang.String@50000181)
	value		50002113
OBJ 500019ff (sz=24, trace=300000, class=java.lang.String@50000181)
	value		50001fec
OBJ 50001a00 (sz=24, trace=300000, class=java.lang.String@50000181)
	value		5000212c
OBJ 50001a01 (sz=24, trace=300000, class=java.lang.String@50000181)
	value		50002123
OBJ 50001a02 (sz=24, trace=300000, class=java.lang.String@50000181)
	value		5000212e
OBJ 50001a03 (sz=24, trace=300000, class=java.lang.String@50000181)
	value		5000212f
OBJ 50001a04 (sz=24, trace=300000, class=java.lang.String@50000181)
	value		50002132
OBJ 50001a05 (sz=24, trace=300000, class=java.lang.String@50000181)
	value		50002143
OBJ 50001a06 (sz=24, trace=300000, class=java.lang.String@50000181)
	value		5000211a
OBJ 50001a07 (sz=24, trace=300000, class=java.lang.String@50000181)
	value		50002150
OBJ 50001a08 (sz=24, trace=300000, class=java.lang.String@50000181)
	value		50002151
OBJ 50001a09 (sz=24, trace=300000, class=java.lang.String@50000181)
	value		5000214d
OBJ 50001a0a (sz=24, trace=300000, class=java.lang.String@50000181)
	value		50002153
OBJ 50001a0b (sz=24, trace=300000, class=java.lang.String@50000181)
	value		50002154
OBJ 50001a0c (sz=24, trace=300000, class=java.lang.String@50000181)
	value		5000214a
OBJ 50001a0d (sz=24, trace=300000, class=java.lang.String@50000181)
	value		50002158
OBJ 50001a0e (sz=24, trace=300000, class=java.lang.String@50000181)
	value		50002157
OBJ 50001a0f (sz=24, trace=300000, class=java.lang.String@50000181)
	value		50002159
OBJ 50001a10 (sz=24, trace=300000, class=java.lang.String@50000181)
	value		50002147
OBJ 50001a11 (sz=24, trace=300000, class=java.lang.String@50000181)
	value		5000215c
OBJ 50001a12 (sz=24, trace=300000, class=java.lang.String@50000181)
	value		5000216d
OBJ 50001a13 (sz=24, trace=300000, class=java.lang.String@50000181)
	value		5000216c
OBJ 50001a14 (sz=24, trace=300000, class=java.lang.String@50000181)
	value		5000216e
OBJ 50001a15 (sz=24, trace=300000, class=java.lang.String@50000181)
	value		50002117
OBJ 50001a16 (sz=24, trace=300000, class=java.lang.String@50000181)
	value		50002177
OBJ 50001a17 (sz=24, trace=300000, class=java.lang.String@50000181)
	value		50002181
OBJ 50001a18 (sz=24, trace=300000, class=java.lang.String@50000181)
	value		50002180
OBJ 50001a19 (sz=24, trace=300000, class=java.lang.String@50000181)
	value		50002174
OBJ 50001a1a (sz=24, trace=300000, class=java.lang.String@50000181)
	value		5000218a
OBJ 50001a1b (sz=24, trace=300000, class=java.lang.String@50000181)
	value		50002189
OBJ 50001a1c (sz=24, trace=300000, class=java.lang.String@50000181)
	value		50002187
OBJ 50001a1d (sz=24, trace=300000, class=java.lang.String@50000181)
	value		5000218b
OBJ 50001a1e (sz=24, trace=300000, class=java.lang.String@50000181)
	value		50002184
OBJ 50001a1f (sz=24, trace=300000, class=java.lang.String@50000181)
	value		50002195
OBJ 50001a20 (sz=24, trace=300000, class=java.lang.String@50000181)
	value		50002194
OBJ 50001a21 (sz=24, trace=300000, class=java.lang.String@50000181)
	value		50002196
OBJ 50001a22 (sz=24, trace=300000, class=java.lang.String@50000181)
	value		50002191
OBJ 50001a23 (sz=24, trace=300000, class=java.lang.String@50000181)
	value		50002197
OBJ 50001a24 (sz=24, trace=300000, class=java.lang.String@50000181)
	value		5000218e
OBJ 50001a25 (sz=24, trace=300000, class=java.lang.String@50000181)
	value		5000219b
OBJ 50001a26 (sz=24, trace=300000, class=java.lang.String@50000181)
	value		5000234e
OBJ 50001a27 (sz=24, trace=300000, class=java.lang.String@50000181)
	value		5000219d
OBJ 50001a28 (sz=24, trace=300000, class=java.lang.String@50000181)
	value		5000219e
OBJ 50001a29 (sz=24, trace=300000, class=java.lang.String@50000181)
	value		50001cd8
OBJ 50001a2a (sz=24, trace=300000, class=java.lang.String@50000181)
	value		50001cd6
OBJ 50001a2b (sz=24, trace=300000, class=java.lang.String@50000181)
	value		50001cda
OBJ 50001a2c (sz=24, trace=300000, class=java.lang.String@50000181)
	value		50001ccc
OBJ 50001a2d (sz=24, trace=300000, class=java.lang.String@50000181)
	value		50002171
OBJ 50001a2e (sz=24, trace=300000, class=java.lang.String@50000181)
	value		500021a5
OBJ 50001a2f (sz=24, trace=300000, class=java.lang.String@50000181)
	value		500021a4
OBJ 50001a30 (sz=24, trace=300000, class=java.lang.String@50000181)
	value		500021a8
OBJ 50001a31 (sz=24, trace=300000, class=java.lang.String@50000181)
	value		500021a9
OBJ 50001a32 (sz=24, trace=300000, class=java.lang.String@50000181)
	value		500021a1
OBJ 50001a33 (sz=24, trace=300000, class=java.lang.String@50000181)
	value		500021b3
OBJ 50001a34 (sz=24, trace=300000, class=java.lang.String@50000181)
	value		500021b2
OBJ 50001a35 (sz=24, trace=300000, class=java.lang.String@50000181)
	value		50001cdc
OBJ 50001a36 (sz=24, trace=300000, class=java.lang.String@50000181)
	value		50001c4b
OBJ 50001a37 (sz=24, trace=300000, class=java.lang.String@50000181)
	value		500021b4
OBJ 50001a38 (sz=24, trace=300000, class=java.lang.String@50000181)
	value		50001cf0
OBJ 50001a39 (sz=24, trace=300000, class=java.lang.String@50000181)
	value		50001d23
OBJ 50001a3a (sz=24, trace=300000, class=java.lang.String@50000181)
	value		50001d57
OBJ 50001a3b (sz=24, trace=300000, class=java.lang.String@50000181)
	value		50001ce0
OBJ 50001a3c (sz=24, trace=300000, class=java.lang.String@50000181)
	value		50001d66
OBJ 50001a3d (sz=24, trace=300000, class=java.lang.String@50000181)
	value		50001d68
OBJ 50001a3e (sz=24, trace=300000, class=java.lang.String@50000181)
	value		50001d63
OBJ 50001a3f (sz=24, trace=300000, class=java.lang.String@50000181)
	value		50001d6a
OBJ 50001a40 (sz=24, trace=300000, class=java.lang.String@50000181)
	value		50001d5f
OBJ 50001a41 (sz=24, trace=300000, class=java.lang.String@50000181)
	value		50001d96
OBJ 50001a42 (sz=24, trace=300000, class=java.lang.String@50000181)
	value		50001d7c
OBJ 50001a43 (sz=24, trace=300000, class=java.lang.String@50000181)
	value		50001da0
OBJ 50001a44 (sz=24, trace=300000, class=java.lang.String@50000181)
	value		50001da2
OBJ 50001a45 (sz=24, trace=300000, class=java.lang.String@50000181)
	value		50001d9a
OBJ 50001a46 (sz=24, trace=300000, class=java.lang.String@50000181)
	value		500021af
OBJ 50001a47 (sz=24, trace=300000, class=java.lang.String@50000181)
	value		50001cf2
OBJ 50001a48 (sz=24, trace=300000, class=java.lang.String@50000181)
	value		500021b5
OBJ 50001a49 (sz=24, trace=300000, class=java.lang.String@50000181)
	value		50001cf4
OBJ 50001a4a (sz=24, trace=300000, class=java.lang.String@50000181)
	value		50001d9e
OBJ 50001a4b (sz=24, trace=300000, class=java.lang.String@50000181)
	value		500021ac
OBJ 50001a4c (sz=24, trace=300000, class=java.lang.String@50000181)
	value		50001dab
OBJ 50001a4d (sz=24, trace=300000, class=java.lang.String@50000181)
	value		50001da9
OBJ 50001a4e (sz=24, trace=300000, class=java.lang.String@50000181)
	value		50001da6
OBJ 50001a4f (sz=24, trace=300000, class=java.lang.String@50000181)
	value		50001db1
OBJ 50001a50 (sz=24, trace=300000, class=java.lang.String@50000181)
	value		50001daf
OBJ 50001a51 (sz=24, trace=300000, class=java.lang.String@50000181)
	value		50001db3
OBJ 50001a52 (sz=24, trace=300000, class=java.lang.String@50000181)
	value		500021b8
OBJ 50001a53 (sz=24, trace=300000, class=java.lang.String@50000181)
	value		500021ba
OBJ 50001a54 (sz=24, trace=300000, class=java.lang.String@50000181)
	value		50001dcc
OBJ 50001a55 (sz=24, trace=300000, class=java.lang.String@50000181)
	value		50001dcb
OBJ 50001a56 (sz=24, trace=300000, class=java.lang.String@50000181)
	value		50001dce
OBJ 50001a57 (sz=24, trace=300000, class=java.lang.String@50000181)
	value		50001dcf
OBJ 50001a58 (sz=24, trace=300000, class=java.lang.String@50000181)
	value		50001dc8
OBJ 50001a59 (sz=24, trace=300000, class=java.lang.String@50000181)
	value		50001dd3
OBJ 50001a5a (sz=24, trace=300000, class=java.lang.String@50000181)
	value		50001dd6
OBJ 50001a5b (sz=24, trace=300000, class=java.lang.String@50000181)
	value		50001dd5
OBJ 50001a5c (sz=24, trace=300000, class=java.lang.String@50000181)
	value		50001dc5
OBJ 50001a5d (sz=24, trace=300000, class=java.lang.String@50000181)
	value		50001de0
OBJ 50001a5e (sz=24, trace=300000, class=java.lang.String@50000181)
	value		50001ddf
OBJ 50001a5f (sz=24, trace=300000, class=java.lang.String@50000181)
	value		50001de1
OBJ 50001a60 (sz=24, trace=300000, class=java.lang.String@50000181)
	value		50001ddc
OBJ 50001a61 (sz=24, trace=300000, class=java.lang.String@50000181)
	value		50001de8
OBJ 50001a62 (sz=24, trace=300000, class=java.lang.String@50000181)
	value		50001de7
OBJ 50001a63 (sz=24, trace=300000, class=java.lang.String@50000181)
	value		50001de9
OBJ 50001a64 (sz=24, trace=300000, class=java.lang.String@50000181)
	value		50001de4
OBJ 50001a65 (sz=24, trace=300000, class=java.lang.String@50000181)
	value		50001ded
OBJ 50001a66 (sz=24, trace=300000, class=java.lang.String@50000181)
	value		50001dec
OBJ 50001a67 (sz=24, trace=300000, class=java.lang.String@50000181)
	value		50001df1
OBJ 50001a68 (sz=24, trace=300000, class=java.lang.String@50000181)
	value		50001df0
OBJ 50001a69 (sz=24, trace=300000, class=java.lang.String@50000181)
	value		50001df3
OBJ 50001a6a (sz=24, trace=300000, class=java.lang.String@50000181)
	value		50001df4
OBJ 50001a6b (sz=24, trace=300000, class=java.lang.String@50000181)
	value		50001dd9
OBJ 50001a6c (sz=24, trace=300000, class=java.lang.String@50000181)
	value		50001dfe
OBJ 50001a6d (sz=24, trace=300000, class=java.lang.String@50000181)
	value		50001dfd
OBJ 50001a6e (sz=24, trace=300000, class=java.lang.String@50000181)
	value		50001dff
OBJ 50001a6f (sz=24, trace=300000, class=java.lang.String@50000181)
	value		50001dfa
OBJ 50001a70 (sz=24, trace=300000, class=java.lang.String@50000181)
	value		50001e00
OBJ 50001a71 (sz=24, trace=300000, class=java.lang.String@50000181)
	value		50001df7
OBJ 50001a72 (sz=24, trace=300000, class=java.lang.String@50000181)
	value		50001e07
OBJ 50001a73 (sz=24, trace=300000, class=java.lang.String@50000181)
	value		50001e06
OBJ 50001a74 (sz=24, trace=300000, class=java.lang.String@50000181)
	value		50001e0b
OBJ 50001a75 (sz=24, trace=300000, class=java.lang.String@50000181)
	value		50001e0a
OBJ 50001a76 (sz=24, trace=300000, class=java.lang.String@50000181)
	value		50001e0e
OBJ 50001a77 (sz=24, trace=300000, class=java.lang.String@50000181)
	value		50001e0d
OBJ 50001a78 (sz=24, trace=300000, class=java.lang.String@50000181)
	value		50001e03
OBJ 50001a79 (sz=24, trace=300000, class=java.lang.String@50000181)
	value		50001e13
OBJ 50001a7a (sz=24, trace=300000, class=java.lang.String@50000181)
	value		50001e14
OBJ 50001a7b (sz=24, trace=300000, class=java.lang.String@50000181)
	value		50001e18
OBJ 50001a7c (sz=24, trace=300000, class=java.lang.String@50000181)
	value		50001e17
OBJ 50001a7d (sz=24, trace=300000, class=java.lang.String@50000181)
	value		50001e19
OBJ 50001a7e (sz=24, trace=300000, class=java.lang.String@50000181)
	value		50001dc2
OBJ 50001a7f (sz=24, trace=300000, class=java.lang.String@50000181)
	value		50001e26
OBJ 50001a80 (sz=24, trace=300000, class=java.lang.String@50000181)
	value		50001e25
OBJ 50001a81 (sz=24, trace=300000, class=java.lang.String@50000181)
	value		50001e27
OBJ 50001a82 (sz=24, trace=300000, class=java.lang.String@50000181)
	value		50001e22
OBJ 50001a83 (sz=24, trace=300000, class=java.lang.String@50000181)
	value		50001e2e
OBJ 50001a84 (sz=24, trace=300000, class=java.lang.String@50000181)
	value		50001e2d
OBJ 50001a85 (sz=24, trace=300000, class=java.lang.String@50000181)
	value		50001e32
OBJ 50001a86 (sz=24, trace=300000, class=java.lang.String@50000181)
	value		50001e31
OBJ 50001a87 (sz=24, trace=300000, class=java.lang.String@50000181)
	value		50001e33
OBJ 50001a88 (sz=24, trace=300000, class=java.lang.String@50000181)
	value		50001e3c
OBJ 50001a89 (sz=24, trace=300000, class=java.lang.String@50000181)
	value		50001e3f
OBJ 50001a8a (sz=24, trace=300000, class=java.lang.String@50000181)
	value		50001e40
OBJ 50001a8b (sz=24, trace=300000, class=java.lang.String@50000181)
	value		50001e39
OBJ 50001a8c (sz=24, trace=300000, class=java.lang.String@50000181)
	value		50001e49
OBJ 50001a8d (sz=24, trace=300000, class=java.lang.String@50000181)
	value		50001e48
OBJ 50001a8e (sz=24, trace=300000, class=java.lang.String@50000181)
	value		50001e46
OBJ 50001a8f (sz=24, trace=300000, class=java.lang.String@50000181)
	value		50001e4a
OBJ 50001a90 (sz=24, trace=300000, class=java.lang.String@50000181)
	value		50001e43
OBJ 50001a91 (sz=24, trace=300000, class=java.lang.String@50000181)
	value		50001e4b
OBJ 50001a92 (sz=24, trace=300000, class=java.lang.String@50000181)
	value		50001e1c
OBJ 50001a93 (sz=24, trace=300000, class=java.lang.String@50000181)
	value		50001e55
OBJ 50001a94 (sz=24, trace=300000, class=java.lang.String@50000181)
	value		50001e54
OBJ 50001a95 (sz=24, trace=300000, class=java.lang.String@50000181)
	value		50001e57
OBJ 50001a96 (sz=24, trace=300000, class=java.lang.String@50000181)
	value		50001e58
OBJ 50001a97 (sz=24, trace=300000, class=java.lang.String@50000181)
	value		50001e51
OBJ 50001a98 (sz=24, trace=300000, class=java.lang.String@50000181)
	value		50001e5f
OBJ 50001a99 (sz=24, trace=300000, class=java.lang.String@50000181)
	value		50001e5e
OBJ 50001a9a (sz=24, trace=300000, class=java.lang.String@50000181)
	value		50002354
OBJ 50001a9b (sz=24, trace=300000, class=java.lang.String@50000181)
	value		50001fc7
OBJ 50001a9c (sz=24, trace=300000, class=java.lang.String@50000181)
	value		50001c6d
OBJ 50001a9d (sz=24, trace=300000, class=java.lang.String@50000181)
	value		50001c6b
OBJ 50001a9e (sz=24, trace=300000, class=java.lang.String@50000181)
	value		50001c6f
OBJ 50001a9f (sz=24, trace=300000, class=java.lang.String@50000181)
	value		50001c56
OBJ 50001aa0 (sz=24, trace=300000, class=java.lang.String@50000181)
	value		50001c78
OBJ 50001aa1 (sz=24, trace=300000, class=java.lang.String@50000181)
	value		50001c76
OBJ 50001aa2 (sz=24, trace=300000, class=java.lang.String@50000181)
	value		50001c7e
OBJ 50001aa3 (sz=24, trace=300000, class=java.lang.String@50000181)
	value		50001c7c
OBJ 50001aa4 (sz=24, trace=300000, class=java.lang.String@50000181)
	value		50001c84
OBJ 50001aa5 (sz=24, trace=300000, class=java.lang.String@50000181)
	value		50001c82
OBJ 50001aa6 (sz=24, trace=300000, class=java.lang.String@50000181)
	value		50001c86
OBJ 50001aa7 (sz=24, trace=300000, class=java.lang.String@50000181)
	value		50001c73
OBJ 50001aa8 (sz=24, trace=300000, class=java.lang.String@50000181)
	value		50001ced
OBJ 50001aa9 (sz=24, trace=300000, class=java.lang.String@50000181)
	value		50001cfb
OBJ 50001aaa (sz=24, trace=300000, class=java.lang.String@50000181)
	value		50001c8b
OBJ 50001aab (sz=24, trace=300000, class=java.lang.String@50000181)
	value		50001cf9
OBJ 50001aac (sz=24, trace=300000, class=java.lang.String@50000181)
	value		50001c8a
OBJ 50001aad (sz=24, trace=300000, class=java.lang.String@50000181)
	value		50001d00
OBJ 50001aae (sz=24, trace=300000, class=java.lang.String@50000181)
	value		50001cfe
OBJ 50001aaf (sz=24, trace=300000, class=java.lang.String@50000181)
	value		50001ce9
OBJ 50001ab0 (sz=24, trace=300000, class=java.lang.String@50000181)
	value		50001d0a
OBJ 50001ab1 (sz=24, trace=300000, class=java.lang.String@50000181)
	value		50001d08
OBJ 50001ab2 (sz=24, trace=300000, class=java.lang.String@50000181)
	value		50001d0d
OBJ 50001ab3 (sz=24, trace=300000, class=java.lang.String@50000181)
	value		50001c6c
OBJ 50001ab4 (sz=24, trace=300000, class=java.lang.String@50000181)
	value		50001c70
OBJ 50001ab5 (sz=24, trace=300000, class=java.lang.String@50000181)
	value		50001c57
OBJ 50001ab6 (sz=24, trace=300000, class=java.lang.String@50000181)
	value		50001c79
OBJ 50001ab7 (sz=24, trace=300000, class=java.lang.String@50000181)
	value		50001c77
OBJ 50001ab8 (sz=24, trace=300000, class=java.lang.String@50000181)
	value		50001c7f
OBJ 50001ab9 (sz=24, trace=300000, class=java.lang.String@50000181)
	value		50001c7d
OBJ 50001aba (sz=24, trace=300000, class=java.lang.String@50000181)
	value		50001c85
OBJ 50001abb (sz=24, trace=300000, class=java.lang.String@50000181)
	value		50001c83
OBJ 50001abc (sz=24, trace=300000, class=java.lang.String@50000181)
	value		50001c87
OBJ 50001abd (sz=24, trace=300000, class=java.lang.String@50000181)
	value		50001d0f
OBJ 50001abe (sz=24, trace=300000, class=java.lang.String@50000181)
	value		50001d04
OBJ 50001abf (sz=24, trace=300000, class=java.lang.String@50000181)
	value		50001d19
OBJ 50001ac0 (sz=24, trace=300000, class=java.lang.String@50000181)
	value		50001d17
OBJ 50001ac1 (sz=24, trace=300000, class=java.lang.String@50000181)
	value		50001c8c
OBJ 50001ac2 (sz=24, trace=300000, class=java.lang.String@50000181)
	value		50001c53
OBJ 50001ac3 (sz=24, trace=300000, class=java.lang.String@50000181)
	value		50001c96
OBJ 50001ac4 (sz=24, trace=300000, class=java.lang.String@50000181)
	value		50001c95
OBJ 50001ac5 (sz=24, trace=300000, class=java.lang.String@50000181)
	value		50001c97
OBJ 50001ac6 (sz=24, trace=300000, class=java.lang.String@50000181)
	value		50001c92
OBJ 50001ac7 (sz=24, trace=300000, class=java.lang.String@50000181)
	value		50001ca0
OBJ 50001ac8 (sz=24, trace=300000, class=java.lang.String@50000181)
	value		50001c9f
OBJ 50001ac9 (sz=24, trace=300000, class=java.lang.String@50000181)
	value		50001d1e
OBJ 50001aca (sz=24, trace=300000, class=java.lang.String@50000181)
	value		50001d1c
OBJ 50001acb (sz=24, trace=300000, class=java.lang.String@50000181)
	value		50001c9d
OBJ 50001acc (sz=24, trace=300000, class=java.lang.String@50000181)
	value		50001ca4
OBJ 50001acd (sz=24, trace=300000, class=java.lang.String@50000181)
	value		50001ca3
OBJ 50001ace (sz=24, trace=300000, class=java.lang.String@50000181)
	value		50001d13
OBJ 50001acf (sz=24, trace=300000, class=java.lang.String@50000181)
	value		50001d20
OBJ 50001ad0 (sz=24, trace=300000, class=java.lang.String@50000181)
	value		50001c6e
OBJ 50001ad1 (sz=24, trace=300000, class=java.lang.String@50000181)
	value		50001ce5
OBJ 50001ad2 (sz=24, trace=300000, class=java.lang.String@50000181)
	value		50001ca5
OBJ 50001ad3 (sz=24, trace=300000, class=java.lang.String@50000181)
	value		50001c9a
OBJ 50001ad4 (sz=24, trace=300000, class=java.lang.String@50000181)
	value		50001ca6
OBJ 50001ad5 (sz=24, trace=300000, class=java.lang.String@50000181)
	value		50001c8f
OBJ 50001ad6 (sz=24, trace=300000, class=java.lang.String@50000181)
	value		50001cad
OBJ 50001ad7 (sz=24, trace=300000, class=java.lang.String@50000181)
	value		50001cac
OBJ 50001ad8 (sz=24, trace=300000, class=java.lang.String@50000181)
	value		50001cae
OBJ 50001ad9 (sz=24, trace=300000, class=java.lang.String@50000181)
	value		50001ca9
OBJ 50001ada (sz=24, trace=300000, class=java.lang.String@50000181)
	value		50001cb4
OBJ 50001adb (sz=24, trace=300000, class=java.lang.String@50000181)
	value		50001d2e
OBJ 50001adc (sz=24, trace=300000, class=java.lang.String@50000181)
	value		50001cb5
OBJ 50001add (sz=24, trace=300000, class=java.lang.String@50000181)
	value		50001d2c
OBJ 50001ade (sz=24, trace=300000, class=java.lang.String@50000181)
	value		50001d30
OBJ 50001adf (sz=24, trace=300000, class=java.lang.String@50000181)
	value		50001d28
OBJ 50001ae0 (sz=24, trace=300000, class=java.lang.String@50000181)
	value		50001d39
OBJ 50001ae1 (sz=24, trace=300000, class=java.lang.String@50000181)
	value		50001d37
OBJ 50001ae2 (sz=24, trace=300000, class=java.lang.String@50000181)
	value		50001d34
OBJ 50001ae3 (sz=24, trace=300000, class=java.lang.String@50000181)
	value		50001d3b
OBJ 50001ae4 (sz=24, trace=300000, class=java.lang.String@50000181)
	value		50001d45
OBJ 50001ae5 (sz=24, trace=300000, class=java.lang.String@50000181)
	value		50001d43
OBJ 50001ae6 (sz=24, trace=300000, class=java.lang.String@50000181)
	value		50001d47
OBJ 50001ae7 (sz=24, trace=300000, class=java.lang.String@50000181)
	value		50001d3f
OBJ 50001ae8 (sz=24, trace=300000, class=java.lang.String@50000181)
	value		50001d4e
OBJ 50001ae9 (sz=24, trace=300000, class=java.lang.String@50000181)
	value		50001d50
OBJ 50001aea (sz=24, trace=300000, class=java.lang.String@50000181)
	value		50001d4b
OBJ 50001aeb (sz=24, trace=300000, class=java.lang.String@50000181)
	value		50001d56
OBJ 50001aec (sz=24, trace=300000, class=java.lang.String@50000181)
	value		50001d54
OBJ 50001aed (sz=24, trace=300000, class=java.lang.String@50000181)
	value		50002353
OBJ 50001aee (sz=24, trace=300000, class=java.lang.String@50000181)
	value		50001d74
OBJ 50001aef (sz=24, trace=300000, class=java.lang.String@50000181)
	value		50001d72
OBJ 50001af0 (sz=24, trace=300000, class=java.lang.String@50000181)
	value		50001d6f
OBJ 50001af1 (sz=24, trace=300000, class=java.lang.String@50000181)
	value		50001d77
OBJ 50001af2 (sz=24, trace=300000, class=java.lang.String@50000181)
	value		50001d79
OBJ 50001af3 (sz=24, trace=300000, class=java.lang.String@50000181)
	value		50001d5c
OBJ 50001af4 (sz=24, trace=300000, class=java.lang.String@50000181)
	value		50001d88
OBJ 50001af5 (sz=24, trace=300000, class=java.lang.String@50000181)
	value		50001d8a
OBJ 50001af6 (sz=24, trace=300000, class=java.lang.String@50000181)
	value		50001d85
OBJ 50001af7 (sz=24, trace=300000, class=java.lang.String@50000181)
	value		50001d8d
OBJ 50001af8 (sz=24, trace=300000, class=java.lang.String@50000181)
	value		50001d8f
OBJ 50001af9 (sz=24, trace=300000, class=java.lang.String@50000181)
	value		50001d81
OBJ 50001afa (sz=24, trace=300000, class=java.lang.String@50000181)
	value		50001d95
OBJ 50001afb (sz=24, trace=300000, class=java.lang.String@50000181)
	value		50001d93
OBJ 50001afc (sz=24, trace=300000, class=java.lang.String@50000181)
	value		50002352
OBJ 50001afd (sz=24, trace=300000, class=java.lang.String@50000181)
	value		50002351
OBJ 50001afe (sz=24, trace=300000, class=java.lang.String@50000181)
	value		50001e6e
OBJ 50001aff (sz=24, trace=300000, class=java.lang.String@50000181)
	value		50001e7a
OBJ 50001b00 (sz=24, trace=300000, class=java.lang.String@50000181)
	value		50001e79
OBJ 50001b01 (sz=24, trace=300000, class=java.lang.String@50000181)
	value		50001e7b
OBJ 50001b02 (sz=24, trace=300000, class=java.lang.String@50000181)
	value		50001e76
OBJ 50001b03 (sz=24, trace=300000, class=java.lang.String@50000181)
	value		50001e7f
OBJ 50001b04 (sz=24, trace=300000, class=java.lang.String@50000181)
	value		50001e7e
OBJ 50001b05 (sz=24, trace=300000, class=java.lang.String@50000181)
	value		50001e83
OBJ 50001b06 (sz=24, trace=300000, class=java.lang.String@50000181)
	value		50001e82
OBJ 50001b07 (sz=24, trace=300000, class=java.lang.String@50000181)
	value		50001e84
OBJ 50001b08 (sz=24, trace=300000, class=java.lang.String@50000181)
	value		50001e8c
OBJ 50001b09 (sz=24, trace=300000, class=java.lang.String@50000181)
	value		50001e8d
OBJ 50001b0a (sz=24, trace=300000, class=java.lang.String@50000181)
	value		50001e8a
OBJ 50001b0b (sz=24, trace=300000, class=java.lang.String@50000181)
	value		50001e8e
OBJ 50001b0c (sz=24, trace=300000, class=java.lang.String@50000181)
	value		50001e87
OBJ 50001b0d (sz=24, trace=300000, class=java.lang.String@50000181)
	value		50001e95
OBJ 50001b0e (sz=24, trace=300000, class=java.lang.String@50000181)
	value		50001e94
OBJ 50001b0f (sz=24, trace=300000, class=java.lang.String@50000181)
	value		50001e96
OBJ 50001b10 (sz=24, trace=300000, class=java.lang.String@50000181)
	value		50001e91
OBJ 50001b11 (sz=24, trace=300000, class=java.lang.String@50000181)
	value		50001e9d
OBJ 50001b12 (sz=24, trace=300000, class=java.lang.String@50000181)
	value		50001e9c
OBJ 50001b13 (sz=24, trace=300000, class=java.lang.String@50000181)
	value		50001ea1
OBJ 50001b14 (sz=24, trace=300000, class=java.lang.String@50000181)
	value		50001ea0
OBJ 50001b15 (sz=24, trace=300000, class=java.lang.String@50000181)
	value		50001ea2
OBJ 50001b16 (sz=24, trace=300000, class=java.lang.String@50000181)
	value		50001e99
OBJ 50001b17 (sz=24, trace=300000, class=java.lang.String@50000181)
	value		50001ea4
OBJ 50001b18 (sz=24, trace=300000, class=java.lang.String@50000181)
	value		50001ea5
OBJ 50001b19 (sz=24, trace=300000, class=java.lang.String@50000181)
	value		50001e68
OBJ 50001b1a (sz=24, trace=300000, class=java.lang.String@50000181)
	value		50001eb2
OBJ 50001b1b (sz=24, trace=300000, class=java.lang.String@50000181)
	value		50001eb5
OBJ 50001b1c (sz=24, trace=300000, class=java.lang.String@50000181)
	value		50001eb4
OBJ 50001b1d (sz=24, trace=300000, class=java.lang.String@50000181)
	value		50001eae
OBJ 50001b1e (sz=24, trace=300000, class=java.lang.String@50000181)
	value		50001eb9
OBJ 50001b1f (sz=24, trace=300000, class=java.lang.String@50000181)
	value		50001eb8
OBJ 50001b20 (sz=24, trace=300000, class=java.lang.String@50000181)
	value		50001eba
OBJ 50001b21 (sz=24, trace=300000, class=java.lang.String@50000181)
	value		50001eab
OBJ 50001b22 (sz=24, trace=300000, class=java.lang.String@50000181)
	value		50001ec1
OBJ 50001b23 (sz=24, trace=300000, class=java.lang.String@50000181)
	value		50001ec0
OBJ 50001b24 (sz=24, trace=300000, class=java.lang.String@50000181)
	value		50001ec2
OBJ 50001b25 (sz=24, trace=300000, class=java.lang.String@50000181)
	value		50001ebd
OBJ 50001b26 (sz=24, trace=300000, class=java.lang.String@50000181)
	value		50001ec9
OBJ 50001b27 (sz=24, trace=300000, class=java.lang.String@50000181)
	value		50001ec8
OBJ 50001b28 (sz=24, trace=300000, class=java.lang.String@50000181)
	value		50001eca
OBJ 50001b29 (sz=24, trace=300000, class=java.lang.String@50000181)
	value		50001ec5
OBJ 50001b2a (sz=24, trace=300000, class=java.lang.String@50000181)
	value		50001ecf
OBJ 50001b2b (sz=24, trace=300000, class=java.lang.String@50000181)
	value		50001ed0
OBJ 50001b2c (sz=24, trace=300000, class=java.lang.String@50000181)
	value		50001edb
OBJ 50001b2d (sz=24, trace=300000, class=java.lang.String@50000181)
	value		50001eda
OBJ 50001b2e (sz=24, trace=300000, class=java.lang.String@50000181)
	value		50001edc
OBJ 50001b2f (sz=24, trace=300000, class=java.lang.String@50000181)
	value		50001ed7
OBJ 50001b30 (sz=24, trace=300000, class=java.lang.String@50000181)
	value		50001edd
OBJ 50001b31 (sz=24, trace=300000, class=java.lang.String@50000181)
	value		50001ed4
OBJ 50001b32 (sz=24, trace=300000, class=java.lang.String@50000181)
	value		50001ee4
OBJ 50001b33 (sz=24, trace=300000, class=java.lang.String@50000181)
	value		50001ee3
OBJ 50001b34 (sz=24, trace=300000, class=java.lang.String@50000181)
	value		50001ee6
OBJ 50001b35 (sz=24, trace=300000, class=java.lang.String@50000181)
	value		50001ee7
OBJ 50001b36 (sz=24, trace=300000, class=java.lang.String@50000181)
	value		50001ee0
OBJ 50001b37 (sz=24, trace=300000, class=java.lang.String@50000181)
	value		50001eee
OBJ 50001b38 (sz=24, trace=300000, class=java.lang.String@50000181)
	value		50001eed
OBJ 50001b39 (sz=24, trace=300000, class=java.lang.String@50000181)
	value		50001eef
OBJ 50001b3a (sz=24, trace=300000, class=java.lang.String@50000181)
	value		50001eea
OBJ 50001b3b (sz=24, trace=300000, class=java.lang.String@50000181)
	value		50001ef2
OBJ 50001b3c (sz=24, trace=300000, class=java.lang.String@50000181)
	value		50001f05
OBJ 50001b3d (sz=24, trace=300000, class=java.lang.String@50000181)
	value		50001f04
OBJ 50001b3e (sz=24, trace=300000, class=java.lang.String@50000181)
	value		50001f08
OBJ 50001b3f (sz=24, trace=300000, class=java.lang.String@50000181)
	value		50001f07
OBJ 50001b40 (sz=24, trace=300000, class=java.lang.String@50000181)
	value		50001f01
OBJ 50001b41 (sz=24, trace=300000, class=java.lang.String@50000181)
	value		50001f09
OBJ 50001b42 (sz=24, trace=300000, class=java.lang.String@50000181)
	value		50001efe
OBJ 50001b43 (sz=24, trace=300000, class=java.lang.String@50000181)
	value		50001f10
OBJ 50001b44 (sz=24, trace=300000, class=java.lang.String@50000181)
	value		50001f0f
OBJ 50001b45 (sz=24, trace=300000, class=java.lang.String@50000181)
	value		50001f11
OBJ 50001b46 (sz=24, trace=300000, class=java.lang.String@50000181)
	value		50001f0c
OBJ 50001b47 (sz=24, trace=300000, class=java.lang.String@50000181)
	value		50001f15
OBJ 50001b48 (sz=24, trace=300000, class=java.lang.String@50000181)
	value		50001f14
OBJ 50001b49 (sz=24, trace=300000, class=java.lang.String@50000181)
	value		50001f18
OBJ 50001b4a (sz=24, trace=300000, class=java.lang.String@50000181)
	value		50001f1f
OBJ 50001b4b (sz=24, trace=300000, class=java.lang.String@50000181)
	value		50001f1e
OBJ 50001b4c (sz=24, trace=300000, class=java.lang.String@50000181)
	value		50001f23
OBJ 50001b4d (sz=24, trace=300000, class=java.lang.String@50000181)
	value		50001f22
OBJ 50001b4e (sz=24, trace=300000, class=java.lang.String@50000181)
	value		50001f24
OBJ 50001b4f (sz=24, trace=300000, class=java.lang.String@50000181)
	value		50001f1b
OBJ 50001b50 (sz=24, trace=300000, class=java.lang.String@50000181)
	value		50001f27
OBJ 50001b51 (sz=24, trace=300000, class=java.lang.String@50000181)
	value		50001f28
OBJ 50001b52 (sz=24, trace=300000, class=java.lang.String@50000181)
	value		50001ef8
OBJ 50001b53 (sz=24, trace=300000, class=java.lang.String@50000181)
	value		50001f2f
OBJ 50001b54 (sz=24, trace=300000, class=java.lang.String@50000181)
	value		50001f2e
OBJ 50001b55 (sz=24, trace=300000, class=java.lang.String@50000181)
	value		50001f30
OBJ 50001b56 (sz=24, trace=300000, class=java.lang.String@50000181)
	value		50001f2b
OBJ 50001b57 (sz=24, trace=300000, class=java.lang.String@50000181)
	value		50001f37
OBJ 50001b58 (sz=24, trace=300000, class=java.lang.String@50000181)
	value		50001f36
OBJ 50001b59 (sz=24, trace=300000, class=java.lang.String@50000181)
	value		50001f3b
OBJ 50001b5a (sz=24, trace=300000, class=java.lang.String@50000181)
	value		50001f3a
OBJ 50001b5b (sz=24, trace=300000, class=java.lang.String@50000181)
	value		50001f3c
OBJ 50001b5c (sz=24, trace=300000, class=java.lang.String@50000181)
	value		50001f33
OBJ 50001b5d (sz=24, trace=300000, class=java.lang.String@50000181)
	value		50001f43
OBJ 50001b5e (sz=24, trace=300000, class=java.lang.String@50000181)
	value		50001f42
OBJ 50001b5f (sz=24, trace=300000, class=java.lang.String@50000181)
	value		50001f44
OBJ 50001b60 (sz=24, trace=300000, class=java.lang.String@50000181)
	value		50001f3f
OBJ 50001b61 (sz=24, trace=300000, class=java.lang.String@50000181)
	value		50001f48
OBJ 50001b62 (sz=24, trace=300000, class=java.lang.String@50000181)
	value		50001f47
OBJ 50001b63 (sz=24, trace=300000, class=java.lang.String@50000181)
	value		50001f49
OBJ 50001b64 (sz=24, trace=300000, class=java.lang.String@50000181)
	value		50001f5c
OBJ 50001b65 (sz=24, trace=300000, class=java.lang.String@50000181)
	value		50001f55
OBJ 50001b66 (sz=24, trace=300000, class=java.lang.String@50000181)
	value		50001f60
OBJ 50001b67 (sz=24, trace=300000, class=java.lang.String@50000181)
	value		50001f5f
OBJ 50001b68 (sz=24, trace=300000, class=java.lang.String@50000181)
	value		50001f66
OBJ 50001b69 (sz=24, trace=300000, class=java.lang.String@50000181)
	value		50001f65
OBJ 50001b6a (sz=24, trace=300000, class=java.lang.String@50000181)
	value		50001f63
OBJ 50001b6b (sz=24, trace=300000, class=java.lang.String@50000181)
	value		50001f6a
OBJ 50001b6c (sz=24, trace=300000, class=java.lang.String@50000181)
	value		50001f69
OBJ 50001b6d (sz=24, trace=300000, class=java.lang.String@50000181)
	value		50001f6b
OBJ 50001b6e (sz=24, trace=300000, class=java.lang.String@50000181)
	value		50001f52
OBJ 50001b6f (sz=24, trace=300000, class=java.lang.String@50000181)
	value		50001f72
OBJ 50001b70 (sz=24, trace=300000, class=java.lang.String@50000181)
	value		50001f71
OBJ 50001b71 (sz=24, trace=300000, class=java.lang.String@50000181)
	value		50001f73
OBJ 50001b72 (sz=24, trace=300000, class=java.lang.String@50000181)
	value		50001f6e
OBJ 50001b73 (sz=24, trace=300000, class=java.lang.String@50000181)
	value		50001f77
OBJ 50001b74 (sz=24, trace=300000, class=java.lang.String@50000181)
	value		50001f76
OBJ 50001b75 (sz=24, trace=300000, class=java.lang.String@50000181)
	value		50001f7a
OBJ 50001b76 (sz=24, trace=300000, class=java.lang.String@50000181)
	value		50001fa0
OBJ 50001b77 (sz=24, trace=300000, class=java.lang.String@50000181)
	value		50001f9f
OBJ 50001b78 (sz=24, trace=300000, class=java.lang.String@50000181)
	value		50001fa1
OBJ 50001b79 (sz=24, trace=300000, class=java.lang.String@50000181)
	value		50001f9c
OBJ 50001b7a (sz=24, trace=300000, class=java.lang.String@50000181)
	value		50001fa2
OBJ 50001b7b (sz=24, trace=300000, class=java.lang.String@50000181)
	value		50001f99
OBJ 50001b7c (sz=24, trace=300000, class=java.lang.String@50000181)
	value		50001fa9
OBJ 50001b7d (sz=24, trace=300000, class=java.lang.String@50000181)
	value		50001fa8
OBJ 50001b7e (sz=24, trace=300000, class=java.lang.String@50000181)
	value		50001faa
OBJ 50001b7f (sz=24, trace=300000, class=java.lang.String@50000181)
	value		50001fa5
OBJ 50001b80 (sz=24, trace=300000, class=java.lang.String@50000181)
	value		50001fad
OBJ 50001b81 (sz=24, trace=300000, class=java.lang.String@50000181)
	value		50001fac
OBJ 50001b82 (sz=24, trace=300000, class=java.lang.String@50000181)
	value		50001f96
OBJ 50001b83 (sz=24, trace=300000, class=java.lang.String@50000181)
	value		50001fb1
OBJ 50001b84 (sz=24, trace=300000, class=java.lang.String@50000181)
	value		50001fb0
OBJ 50001b85 (sz=24, trace=300000, class=java.lang.String@50000181)
	value		50001fb2
OBJ 50001b86 (sz=24, trace=300000, class=java.lang.String@50000181)
	value		50001f93
OBJ 50001b87 (sz=24, trace=300000, class=java.lang.String@50000181)
	value		50001fbf
OBJ 50001b88 (sz=24, trace=300000, class=java.lang.String@50000181)
	value		50001fbe
OBJ 50001b89 (sz=24, trace=300000, class=java.lang.String@50000181)
	value		50001fc0
OBJ 50001b8a (sz=24, trace=300000, class=java.lang.String@50000181)
	value		50001fbb
OBJ 50001b8b (sz=24, trace=300000, class=java.lang.String@50000181)
	value		50001fc1
OBJ 50001b8c (sz=24, trace=300000, class=java.lang.String@50000181)
	value		50001fb8
OBJ 50001b8d (sz=24, trace=300000, class=java.lang.String@50000181)
	value		50001fc6
OBJ 50001b8e (sz=24, trace=300000, class=java.lang.String@50000181)
	value		50001fc4
OBJ 50001b8f (sz=24, trace=300000, class=java.lang.String@50000181)
	value		50001fca
OBJ 50001b90 (sz=24, trace=300000, class=java.lang.String@50000181)
	value		50001fc9
OBJ 50001b91 (sz=24, trace=300000, class=java.lang.String@50000181)
	value		50001fb5
OBJ 50001b92 (sz=24, trace=300000, class=java.lang.String@50000181)
	value		50001fd0
OBJ 50001b93 (sz=24, trace=300000, class=java.lang.String@50000181)
	value		50002007
OBJ 50001b94 (sz=24, trace=300000, class=java.lang.String@50000181)
	value		50001ffe
OBJ 50001b95 (sz=24, trace=300000, class=java.lang.String@50000181)
	value		5000200c
OBJ 50001b96 (sz=24, trace=300000, class=java.lang.String@50000181)
	value		5000200d
OBJ 50001b97 (sz=24, trace=300000, class=java.lang.String@50000181)
	value		5000200a
OBJ 50001b98 (sz=24, trace=300000, class=java.lang.String@50000181)
	value		5000200e
OBJ 50001b99 (sz=24, trace=300000, class=java.lang.String@50000181)
	value		50002014
OBJ 50001b9a (sz=24, trace=300000, class=java.lang.String@50000181)
	value		50002013
OBJ 50001b9b (sz=24, trace=300000, class=java.lang.String@50000181)
	value		50002011
OBJ 50001b9c (sz=24, trace=300000, class=java.lang.String@50000181)
	value		50002015
OBJ 50001b9d (sz=24, trace=300000, class=java.lang.String@50000181)
	value		50001ff8
OBJ 50001b9e (sz=24, trace=300000, class=java.lang.String@50000181)
	value		50002020
OBJ 50001b9f (sz=24, trace=300000, class=java.lang.String@50000181)
	value		50002021
OBJ 50001ba0 (sz=24, trace=300000, class=java.lang.String@50000181)
	value		5000201e
OBJ 50001ba1 (sz=24, trace=300000, class=java.lang.String@50000181)
	value		50002025
OBJ 50001ba2 (sz=24, trace=300000, class=java.lang.String@50000181)
	value		50002024
OBJ 50001ba3 (sz=24, trace=300000, class=java.lang.String@50000181)
	value		50002026
OBJ 50001ba4 (sz=24, trace=300000, class=java.lang.String@50000181)
	value		5000201b
OBJ 50001ba5 (sz=24, trace=300000, class=java.lang.String@50000181)
	value		5000202d
OBJ 50001ba6 (sz=24, trace=300000, class=java.lang.String@50000181)
	value		5000202c
OBJ 50001ba7 (sz=24, trace=300000, class=java.lang.String@50000181)
	value		5000202e
OBJ 50001ba8 (sz=24, trace=300000, class=java.lang.String@50000181)
	value		50002029
OBJ 50001ba9 (sz=24, trace=300000, class=java.lang.String@50000181)
	value		50002035
OBJ 50001baa (sz=24, trace=300000, class=java.lang.String@50000181)
	value		50002034
OBJ 50001bab (sz=24, trace=300000, class=java.lang.String@50000181)
	value		50002036
OBJ 50001bac (sz=24, trace=300000, class=java.lang.String@50000181)
	value		50002031
OBJ 50001bad (sz=24, trace=300000, class=java.lang.String@50000181)
	value		50002037
OBJ 50001bae (sz=24, trace=300000, class=java.lang.String@50000181)
	value		50002018
OBJ 50001baf (sz=24, trace=300000, class=java.lang.String@50000181)
	value		5000203e
OBJ 50001bb0 (sz=24, trace=300000, class=java.lang.String@50000181)
	value		5000203d
OBJ 50001bb1 (sz=24, trace=300000, class=java.lang.String@50000181)
	value		50002040
OBJ 50001bb2 (sz=24, trace=300000, class=java.lang.String@50000181)
	value		50002041
OBJ 50001bb3 (sz=24, trace=300000, class=java.lang.String@50000181)
	value		5000203a
OBJ 50001bb4 (sz=24, trace=300000, class=java.lang.String@50000181)
	value		50002048
OBJ 50001bb5 (sz=24, trace=300000, class=java.lang.String@50000181)
	value		50002047
OBJ 50001bb6 (sz=24, trace=300000, class=java.lang.String@50000181)
	value		50002049
OBJ 50001bb7 (sz=24, trace=300000, class=java.lang.String@50000181)
	value		50002044
OBJ 50001bb8 (sz=24, trace=300000, class=java.lang.String@50000181)
	value		5000204a
OBJ 50001bb9 (sz=24, trace=300000, class=java.lang.String@50000181)
	value		50001ff5
OBJ 50001bba (sz=24, trace=300000, class=java.lang.String@50000181)
	value		50002051
OBJ 50001bbb (sz=24, trace=300000, class=java.lang.String@50000181)
	value		50002050
OBJ 50001bbc (sz=24, trace=300000, class=java.lang.String@50000181)
	value		50002055
OBJ 50001bbd (sz=24, trace=300000, class=java.lang.String@50000181)
	value		50002054
OBJ 50001bbe (sz=24, trace=300000, class=java.lang.String@50000181)
	value		50002059
OBJ 50001bbf (sz=24, trace=300000, class=java.lang.String@50000181)
	value		50002058
OBJ 50001bc0 (sz=24, trace=300000, class=java.lang.String@50000181)
	value		5000205a
OBJ 50001bc1 (sz=24, trace=300000, class=java.lang.String@50000181)
	value		50002060
OBJ 50001bc2 (sz=24, trace=300000, class=java.lang.String@50000181)
	value		50002063
OBJ 50001bc3 (sz=24, trace=300000, class=java.lang.String@50000181)
	value		50002064
OBJ 50001bc4 (sz=24, trace=300000, class=java.lang.String@50000181)
	value		5000205d
OBJ 50001bc5 (sz=24, trace=300000, class=java.lang.String@50000181)
	value		5000206d
OBJ 50001bc6 (sz=24, trace=300000, class=java.lang.String@50000181)
	value		5000206c
OBJ 50001bc7 (sz=24, trace=300000, class=java.lang.String@50000181)
	value		5000206a
OBJ 50001bc8 (sz=24, trace=300000, class=java.lang.String@50000181)
	value		5000206e
OBJ 50001bc9 (sz=24, trace=300000, class=java.lang.String@50000181)
	value		50002067
OBJ 50001bca (sz=24, trace=300000, class=java.lang.String@50000181)
	value		5000206f
OBJ 50001bcb (sz=24, trace=300000, class=java.lang.String@50000181)
	value		50001ff2
OBJ 50001bcc (sz=24, trace=300000, class=java.lang.String@50000181)
	value		5000207c
OBJ 50001bcd (sz=24, trace=300000, class=java.lang.String@50000181)
	value		5000207b
OBJ 50001bce (sz=24, trace=300000, class=java.lang.String@50000181)
	value		5000207e
OBJ 50001bcf (sz=24, trace=300000, class=java.lang.String@50000181)
	value		5000207f
OBJ 50001bd0 (sz=24, trace=300000, class=java.lang.String@50000181)
	value		50002078
OBJ 50001bd1 (sz=24, trace=300000, class=java.lang.String@50000181)
	value		50002088
OBJ 50001bd2 (sz=24, trace=300000, class=java.lang.String@50000181)
	value		50002087
OBJ 50001bd3 (sz=24, trace=300000, class=java.lang.String@50000181)
	value		50002085
OBJ 50001bd4 (sz=24, trace=300000, class=java.lang.String@50000181)
	value		50002089
OBJ 50001bd5 (sz=24, trace=300000, class=java.lang.String@50000181)
	value		50002082
OBJ 50001bd6 (sz=24, trace=300000, class=java.lang.String@50000181)
	value		5000208d
OBJ 50001bd7 (sz=24, trace=300000, class=java.lang.String@50000181)
	value		5000208c
OBJ 50001bd8 (sz=24, trace=300000, class=java.lang.String@50000181)
	value		5000208e
OBJ 50001bd9 (sz=24, trace=300000, class=java.lang.String@50000181)
	value		50002094
OBJ 50001bda (sz=24, trace=300000, class=java.lang.String@50000181)
	value		50002093
OBJ 50001bdb (sz=24, trace=300000, class=java.lang.String@50000181)
	value		50002091
OBJ 50001bdc (sz=24, trace=300000, class=java.lang.String@50000181)
	value		50002095
OBJ 50001bdd (sz=24, trace=300000, class=java.lang.String@50000181)
	value		50002072
OBJ 50001bde (sz=24, trace=300000, class=java.lang.String@50000181)
	value		500020a0
OBJ 50001bdf (sz=24, trace=300000, class=java.lang.String@50000181)
	value		500020a1
OBJ 50001be0 (sz=24, trace=300000, class=java.lang.String@50000181)
	value		5000209e
OBJ 50001be1 (sz=24, trace=300000, class=java.lang.String@50000181)
	value		500020a5
OBJ 50001be2 (sz=24, trace=300000, class=java.lang.String@50000181)
	value		500020a4
OBJ 50001be3 (sz=24, trace=300000, class=java.lang.String@50000181)
	value		500020a6
OBJ 50001be4 (sz=24, trace=300000, class=java.lang.String@50000181)
	value		5000209b
OBJ 50001be5 (sz=24, trace=300000, class=java.lang.String@50000181)
	value		500020aa
OBJ 50001be6 (sz=24, trace=300000, class=java.lang.String@50000181)
	value		500020a9
OBJ 50001be7 (sz=24, trace=300000, class=java.lang.String@50000181)
	value		500020ab
OBJ 50001be8 (sz=24, trace=300000, class=java.lang.String@50000181)
	value		50002098
OBJ 50001be9 (sz=24, trace=300000, class=java.lang.String@50000181)
	value		500020b8
OBJ 50001bea (sz=24, trace=300000, class=java.lang.String@50000181)
	value		500020b7
OBJ 50001beb (sz=24, trace=300000, class=java.lang.String@50000181)
	value		500020bb
OBJ 50001bec (sz=24, trace=300000, class=java.lang.String@50000181)
	value		500020ba
OBJ 50001bed (sz=24, trace=300000, class=java.lang.String@50000181)
	value		500020b4
OBJ 50001bee (sz=24, trace=300000, class=java.lang.String@50000181)
	value		500020bc
OBJ 50001bef (sz=24, trace=300000, class=java.lang.String@50000181)
	value		500020b1
OBJ 50001bf0 (sz=24, trace=300000, class=java.lang.String@50000181)
	value		500020c3
OBJ 50001bf1 (sz=24, trace=300000, class=java.lang.String@50000181)
	value		500020c2
OBJ 50001bf2 (sz=24, trace=300000, class=java.lang.String@50000181)
	value		500020c6
OBJ 50001bf3 (sz=24, trace=300000, class=java.lang.String@50000181)
	value		500020c5
OBJ 50001bf4 (sz=24, trace=300000, class=java.lang.String@50000181)
	value		500020bf
OBJ 50001bf5 (sz=24, trace=300000, class=java.lang.String@50000181)
	value		500020c7
OBJ 50001bf6 (sz=24, trace=300000, class=java.lang.String@50000181)
	value		500020ae
OBJ 50001bf7 (sz=24, trace=300000, class=java.lang.String@50000181)
	value		500020cb
OBJ 50001bf8 (sz=24, trace=300000, class=java.lang.String@50000181)
	value		500020ca
OBJ 50001bf9 (sz=24, trace=300000, class=java.lang.String@50000181)
	value		500020cf
OBJ 50001bfa (sz=24, trace=300000, class=java.lang.String@50000181)
	value		500020ce
OBJ 50001bfb (sz=24, trace=300000, class=java.lang.String@50000181)
	value		500020d3
OBJ 50001bfc (sz=24, trace=300000, class=java.lang.String@50000181)
	value		500020d2
OBJ 50001bfd (sz=24, trace=300000, class=java.lang.String@50000181)
	value		500020d4
OBJ 50001bfe (sz=24, trace=300000, class=java.lang.String@50000181)
	value		500020e2
OBJ 50001bff (sz=24, trace=300000, class=java.lang.String@50000181)
	value		500020e4
OBJ 50001c00 (sz=24, trace=300000, class=java.lang.String@50000181)
	value		500020df
OBJ 50001c01 (sz=24, trace=300000, class=java.lang.String@50000181)
	value		500020e7
OBJ 50001c02 (sz=24, trace=300000, class=java.lang.String@50000181)
	value		500020e6
OBJ 50001c03 (sz=24, trace=300000, class=java.lang.String@50000181)
	value		500020dc
OBJ 50001c04 (sz=24, trace=300000, class=java.lang.String@50000181)
	value		500020eb
OBJ 50001c05 (sz=24, trace=300000, class=java.lang.String@50000181)
	value		500020ea
OBJ 50001c06 (sz=24, trace=300000, class=java.lang.String@50000181)
	value		500020ec
OBJ 50001c07 (sz=24, trace=300000, class=java.lang.String@50000181)
	value		500020d9
OBJ 50001c08 (sz=24, trace=300000, class=java.lang.String@50000181)
	value		500020f0
OBJ 50001c09 (sz=24, trace=300000, class=java.lang.String@50000181)
	value		500020ef
OBJ 50001c0a (sz=24, trace=300000, class=java.lang.String@50000181)
	value		500020f5
OBJ 50001c0b (sz=24, trace=300000, class=java.lang.String@50000181)
	value		500020f6
OBJ 50001c0c (sz=24, trace=300000, class=java.lang.String@50000181)
	value		500020f3
OBJ 50001c0d (sz=24, trace=300000, class=java.lang.String@50000181)
	value		500020fa
OBJ 50001c0e (sz=24, trace=300000, class=java.lang.String@50000181)
	value		500020f9
OBJ 50001c0f (sz=24, trace=300000, class=java.lang.String@50000181)
	value		50002350
OBJ 50001c10 (sz=24, trace=300000, class=java.lang.String@50000181)
	value		5000234f
OBJ 50001c11 (sz=24, trace=300000, class=java.lang.String@50000181)
	value		50001cec
OBJ 50001c12 (sz=24, trace=300000, class=java.lang.String@50000181)
	value		50001cfa
OBJ 50001c13 (sz=24, trace=300000, class=java.lang.String@50000181)
	value		50001cf8
OBJ 50001c14 (sz=24, trace=300000, class=java.lang.String@50000181)
	value		50001cff
OBJ 50001c15 (sz=24, trace=300000, class=java.lang.String@50000181)
	value		50001cfd
OBJ 50001c16 (sz=24, trace=300000, class=java.lang.String@50000181)
	value		50001ce8
OBJ 50001c17 (sz=24, trace=300000, class=java.lang.String@50000181)
	value		50001d09
OBJ 50001c18 (sz=24, trace=300000, class=java.lang.String@50000181)
	value		50001d07
OBJ 50001c19 (sz=24, trace=300000, class=java.lang.String@50000181)
	value		50001d0c
OBJ 50001c1a (sz=24, trace=300000, class=java.lang.String@50000181)
	value		50001d0e
OBJ 50001c1b (sz=24, trace=300000, class=java.lang.String@50000181)
	value		50001d03
OBJ 50001c1c (sz=24, trace=300000, class=java.lang.String@50000181)
	value		50001d18
OBJ 50001c1d (sz=24, trace=300000, class=java.lang.String@50000181)
	value		50001d16
OBJ 50001c1e (sz=24, trace=300000, class=java.lang.String@50000181)
	value		50001d1d
OBJ 50001c1f (sz=24, trace=300000, class=java.lang.String@50000181)
	value		50001d1b
OBJ 50001c20 (sz=24, trace=300000, class=java.lang.String@50000181)
	value		50001d12
OBJ 50001c21 (sz=24, trace=300000, class=java.lang.String@50000181)
	value		50001d1f
OBJ 50001c22 (sz=24, trace=300000, class=java.lang.String@50000181)
	value		50001ce4
OBJ 50001c23 (sz=24, trace=300000, class=java.lang.String@50000181)
	value		50001d2d
OBJ 50001c24 (sz=24, trace=300000, class=java.lang.String@50000181)
	value		50001d2b
OBJ 50001c25 (sz=24, trace=300000, class=java.lang.String@50000181)
	value		50001d2f
OBJ 50001c26 (sz=24, trace=300000, class=java.lang.String@50000181)
	value		50001d27
OBJ 50001c27 (sz=24, trace=300000, class=java.lang.String@50000181)
	value		50001d38
OBJ 50001c28 (sz=24, trace=300000, class=java.lang.String@50000181)
	value		50001d36
OBJ 50001c29 (sz=24, trace=300000, class=java.lang.String@50000181)
	value		50001d33
OBJ 50001c2a (sz=24, trace=300000, class=java.lang.String@50000181)
	value		50001d3a
OBJ 50001c2b (sz=24, trace=300000, class=java.lang.String@50000181)
	value		50001d44
OBJ 50001c2c (sz=24, trace=300000, class=java.lang.String@50000181)
	value		50001d42
OBJ 50001c2d (sz=24, trace=300000, class=java.lang.String@50000181)
	value		50001d46
OBJ 50001c2e (sz=24, trace=300000, class=java.lang.String@50000181)
	value		50001d3e
OBJ 50001c2f (sz=24, trace=300000, class=java.lang.String@50000181)
	value		50001d4d
OBJ 50001c30 (sz=24, trace=300000, class=java.lang.String@50000181)
	value		50001d4f
OBJ 50001c31 (sz=24, trace=300000, class=java.lang.String@50000181)
	value		50001d4a
OBJ 50001c32 (sz=24, trace=300000, class=java.lang.String@50000181)
	value		50001d55
OBJ 50001c33 (sz=24, trace=300000, class=java.lang.String@50000181)
	value		50001d53
OBJ 50001c34 (sz=24, trace=300000, class=java.lang.String@50000181)
	value		50001d73
OBJ 50001c35 (sz=24, trace=300000, class=java.lang.String@50000181)
	value		50001d71
OBJ 50001c36 (sz=24, trace=300000, class=java.lang.String@50000181)
	value		50001d6e
OBJ 50001c37 (sz=24, trace=300000, class=java.lang.String@50000181)
	value		50001d76
OBJ 50001c38 (sz=24, trace=300000, class=java.lang.String@50000181)
	value		50001d78
OBJ 50001c39 (sz=24, trace=300000, class=java.lang.String@50000181)
	value		50001d5b
OBJ 50001c3a (sz=24, trace=300000, class=java.lang.String@50000181)
	value		50001d87
OBJ 50001c3b (sz=24, trace=300000, class=java.lang.String@50000181)
	value		50001d89
OBJ 50001c3c (sz=24, trace=300000, class=java.lang.String@50000181)
	value		50001d84
OBJ 50001c3d (sz=24, trace=300000, class=java.lang.String@50000181)
	value		50001d8c
OBJ 50001c3e (sz=24, trace=300000, class=java.lang.String@50000181)
	value		50001d8e
OBJ 50001c3f (sz=24, trace=300000, class=java.lang.String@50000181)
	value		50001d80
OBJ 50001c40 (sz=24, trace=300000, class=java.lang.String@50000181)
	value		50001d94
OBJ 50001c41 (sz=24, trace=300000, class=java.lang.String@50000181)
	value		50001d92
OBJ 50001c42 (sz=40, trace=300000, class=sun.nio.cs.ext.ExtendedCharsets@500000b1)
	classMap	50001c46
	aliasMap	50001c45
	aliasNameMap	50001c44
	cache		50001c43
	packagePrefix	50001a26
OBJ 50001c43 (sz=48, trace=300000, class=java.util.TreeMap@500000a8)
	comparator	50001c48
	root		500022c0
OBJ 50001c44 (sz=48, trace=300000, class=java.util.TreeMap@500000a8)
	comparator	50001c48
	root		500021bb
OBJ 50001c45 (sz=48, trace=300000, class=java.util.TreeMap@500000a8)
	comparator	50001c48
	root		50001db6
OBJ 50001c46 (sz=48, trace=300000, class=java.util.TreeMap@500000a8)
	comparator	50001c48
	root		50001c47
OBJ 50001c47 (sz=40, trace=300000, class=java.util.TreeMap$Entry@500000a6)
	key		50001a36
	value		50001968
	left		50001c4a
	right		50001c49
OBJ 50001c48 (sz=16, trace=300000, class=sun.misc.ASCIICaseInsensitiveComparator@500000a7)
OBJ 50001c49 (sz=40, trace=300000, class=java.util.TreeMap$Entry@500000a6)
	key		50001a3b
	value		50001987
	left		50001cdf
	right		50001cde
	parent		50001c47
OBJ 50001c4a (sz=40, trace=300000, class=java.util.TreeMap$Entry@500000a6)
	key		5000197d
	value		5000198a
	left		50001c4e
	right		50001c4d
	parent		50001c47
ARR 50001c4b (sz=28, trace=300000, nelems=14, elem type=char[])
ARR 50001c4c (sz=24, trace=300000, nelems=12, elem type=char[])
OBJ 50001c4d (sz=40, trace=300000, class=java.util.TreeMap$Entry@500000a6)
	key		500019a0
	value		500019a3
	left		50001cb9
	right		50001cb8
	parent		50001c4a
OBJ 50001c4e (sz=40, trace=300000, class=java.util.TreeMap$Entry@500000a6)
	key		50001ac2
	value		50001ac2
	left		50001c52
	right		50001c51
	parent		50001c4a
ARR 50001c4f (sz=26, trace=300000, nelems=13, elem type=char[])
ARR 50001c50 (sz=24, trace=300000, nelems=12, elem type=char[])
OBJ 50001c51 (sz=40, trace=300000, class=java.util.TreeMap$Entry@500000a6)
	key		50001ad5
	value		50001ad5
	left		50001c8e
	right		50001c8d
	parent		50001c4e
OBJ 50001c52 (sz=40, trace=300000, class=java.util.TreeMap$Entry@500000a6)
	key		50001a9f
	value		50001ab5
	left		50001c55
	right		50001c54
	parent		50001c4e
ARR 50001c53 (sz=12, trace=300000, nelems=6, elem type=char[])
OBJ 50001c54 (sz=40, trace=300000, class=java.util.TreeMap$Entry@500000a6)
	key		50001aa7
	value		50001aa7
	left		50001c72
	right		50001c71
	parent		50001c52
OBJ 50001c55 (sz=40, trace=300000, class=java.util.TreeMap$Entry@500000a6)
	key		500017d4
	value		500017d4
	left		50001c59
	right		50001c58
	parent		50001c52
ARR 50001c56 (sz=16, trace=300000, nelems=8, elem type=char[])
ARR 50001c57 (sz=14, trace=300000, nelems=7, elem type=char[])
OBJ 50001c58 (sz=40, trace=300000, class=java.util.TreeMap$Entry@500000a6)
	key		50001a9d
	value		50001ab3
	left		50001c6a
	right		50001c69
	parent		50001c55
OBJ 50001c59 (sz=40, trace=300000, class=java.util.TreeMap$Entry@500000a6)
	key		50001965
	value		50001966
	left		50001c5b
	right		50001c5a
	parent		50001c55
OBJ 50001c5a (sz=40, trace=300000, class=java.util.TreeMap$Entry@500000a6)
	key		50001975
	value		50001975
	left		50001c60
	right		50001c5f
	parent		50001c59
OBJ 50001c5b (sz=40, trace=300000, class=java.util.TreeMap$Entry@500000a6)
	key		50001964
	value		50001964
	parent		50001c59
ARR 50001c5c (sz=20, trace=300000, nelems=10, elem type=char[])
ARR 50001c5d (sz=20, trace=300000, nelems=10, elem type=char[])
ARR 50001c5e (sz=8, trace=300000, nelems=4, elem type=char[])
OBJ 50001c5f (sz=40, trace=300000, class=java.util.TreeMap$Entry@500000a6)
	key		50001976
	value		5000196d
	parent		50001c5a
OBJ 50001c60 (sz=40, trace=300000, class=java.util.TreeMap$Entry@500000a6)
	key		5000196a
	value		5000196e
	right		50001c62
	parent		50001c5a
ARR 50001c61 (sz=14, trace=300000, nelems=7, elem type=char[])
OBJ 50001c62 (sz=40, trace=300000, class=java.util.TreeMap$Entry@500000a6)
	key		5000196b
	value		50001972
	parent		50001c60
ARR 50001c63 (sz=12, trace=300000, nelems=6, elem type=char[])
ARR 50001c64 (sz=12, trace=300000, nelems=6, elem type=char[])
ARR 50001c65 (sz=12, trace=300000, nelems=6, elem type=char[])
ARR 50001c66 (sz=12, trace=300000, nelems=6, elem type=char[])
ARR 50001c67 (sz=12, trace=300000, nelems=6, elem type=char[])
ARR 50001c68 (sz=12, trace=300000, nelems=6, elem type=char[])
OBJ 50001c69 (sz=40, trace=300000, class=java.util.TreeMap$Entry@500000a6)
	key		50001a9e
	value		50001ab4
	parent		50001c58
OBJ 50001c6a (sz=40, trace=300000, class=java.util.TreeMap$Entry@500000a6)
	key		50001a9c
	value		50001ad0
	parent		50001c58
ARR 50001c6b (sz=16, trace=300000, nelems=8, elem type=char[])
ARR 50001c6c (sz=14, trace=300000, nelems=7, elem type=char[])
ARR 50001c6d (sz=16, trace=300000, nelems=8, elem type=char[])
ARR 50001c6e (sz=12, trace=300000, nelems=6, elem type=char[])
ARR 50001c6f (sz=16, trace=300000, nelems=8, elem type=char[])
ARR 50001c70 (sz=14, trace=300000, nelems=7, elem type=char[])
OBJ 50001c71 (sz=40, trace=300000, class=java.util.TreeMap$Entry@500000a6)
	key		50001aac
	value		50001aac
	left		50001c89
	right		50001c88
	parent		50001c54
OBJ 50001c72 (sz=40, trace=300000, class=java.util.TreeMap$Entry@500000a6)
	key		50001aa1
	value		50001ab7
	left		50001c75
	right		50001c74
	parent		50001c54
ARR 50001c73 (sz=12, trace=300000, nelems=6, elem type=char[])
OBJ 50001c74 (sz=40, trace=300000, class=java.util.TreeMap$Entry@500000a6)
	key		50001aa3
	value		50001ab9
	left		50001c7b
	right		50001c7a
	parent		50001c72
OBJ 50001c75 (sz=40, trace=300000, class=java.util.TreeMap$Entry@500000a6)
	key		50001aa0
	value		50001ab6
	parent		50001c72
ARR 50001c76 (sz=16, trace=300000, nelems=8, elem type=char[])
ARR 50001c77 (sz=14, trace=300000, nelems=7, elem type=char[])
ARR 50001c78 (sz=16, trace=300000, nelems=8, elem type=char[])
ARR 50001c79 (sz=14, trace=300000, nelems=7, elem type=char[])
OBJ 50001c7a (sz=40, trace=300000, class=java.util.TreeMap$Entry@500000a6)
	key		50001aa5
	value		50001abb
	left		50001c81
	right		50001c80
	parent		50001c74
OBJ 50001c7b (sz=40, trace=300000, class=java.util.TreeMap$Entry@500000a6)
	key		50001aa2
	value		50001ab8
	parent		50001c74
ARR 50001c7c (sz=16, trace=300000, nelems=8, elem type=char[])
ARR 50001c7d (sz=14, trace=300000, nelems=7, elem type=char[])
ARR 50001c7e (sz=16, trace=300000, nelems=8, elem type=char[])
ARR 50001c7f (sz=14, trace=300000, nelems=7, elem type=char[])
OBJ 50001c80 (sz=40, trace=300000, class=java.util.TreeMap$Entry@500000a6)
	key		50001aa6
	value		50001abc
	parent		50001c7a
OBJ 50001c81 (sz=40, trace=300000, class=java.util.TreeMap$Entry@500000a6)
	key		50001aa4
	value		50001aba
	parent		50001c7a
ARR 50001c82 (sz=16, trace=300000, nelems=8, elem type=char[])
ARR 50001c83 (sz=14, trace=300000, nelems=7, elem type=char[])
ARR 50001c84 (sz=16, trace=300000, nelems=8, elem type=char[])
ARR 50001c85 (sz=14, trace=300000, nelems=7, elem type=char[])
ARR 50001c86 (sz=16, trace=300000, nelems=8, elem type=char[])
ARR 50001c87 (sz=14, trace=300000, nelems=7, elem type=char[])
OBJ 50001c88 (sz=40, trace=300000, class=java.util.TreeMap$Entry@500000a6)
	key		50001ac1
	value		50001ac1
	parent		50001c71
OBJ 50001c89 (sz=40, trace=300000, class=java.util.TreeMap$Entry@500000a6)
	key		50001aaa
	value		50001aaa
	parent		50001c71
ARR 50001c8a (sz=14, trace=300000, nelems=7, elem type=char[])
ARR 50001c8b (sz=14, trace=300000, nelems=7, elem type=char[])
ARR 50001c8c (sz=12, trace=300000, nelems=6, elem type=char[])
OBJ 50001c8d (sz=40, trace=300000, class=java.util.TreeMap$Entry@500000a6)
	key		50001ad9
	value		50001ad9
	left		50001ca8
	right		50001ca7
	parent		50001c51
OBJ 50001c8e (sz=40, trace=300000, class=java.util.TreeMap$Entry@500000a6)
	key		50001ac6
	value		50001ac6
	left		50001c91
	right		50001c90
	parent		50001c51
ARR 50001c8f (sz=12, trace=300000, nelems=6, elem type=char[])
OBJ 50001c90 (sz=40, trace=300000, class=java.util.TreeMap$Entry@500000a6)
	key		50001ad3
	value		50001ad3
	left		50001c99
	right		50001c98
	parent		50001c8e
OBJ 50001c91 (sz=40, trace=300000, class=java.util.TreeMap$Entry@500000a6)
	key		50001ac4
	value		50001ac4
	left		50001c94
	right		50001c93
	parent		50001c8e
ARR 50001c92 (sz=12, trace=300000, nelems=6, elem type=char[])
OBJ 50001c93 (sz=40, trace=300000, class=java.util.TreeMap$Entry@500000a6)
	key		50001ac5
	value		50001ac5
	parent		50001c91
OBJ 50001c94 (sz=40, trace=300000, class=java.util.TreeMap$Entry@500000a6)
	key		50001ac3
	value		50001ac3
	parent		50001c91
ARR 50001c95 (sz=12, trace=300000, nelems=6, elem type=char[])
ARR 50001c96 (sz=12, trace=300000, nelems=6, elem type=char[])
ARR 50001c97 (sz=12, trace=300000, nelems=6, elem type=char[])
OBJ 50001c98 (sz=40, trace=300000, class=java.util.TreeMap$Entry@500000a6)
	key		50001ad4
	value		50001ad4
	parent		50001c90
OBJ 50001c99 (sz=40, trace=300000, class=java.util.TreeMap$Entry@500000a6)
	key		50001acb
	value		50001acb
	left		50001c9c
	right		50001c9b
	parent		50001c90
ARR 50001c9a (sz=12, trace=300000, nelems=6, elem type=char[])
OBJ 50001c9b (sz=40, trace=300000, class=java.util.TreeMap$Entry@500000a6)
	key		50001acd
	value		50001acd
	left		50001ca2
	right		50001ca1
	parent		50001c99
OBJ 50001c9c (sz=40, trace=300000, class=java.util.TreeMap$Entry@500000a6)
	key		50001ac8
	value		50001ac8
	left		50001c9e
	parent		50001c99
ARR 50001c9d (sz=12, trace=300000, nelems=6, elem type=char[])
OBJ 50001c9e (sz=40, trace=300000, class=java.util.TreeMap$Entry@500000a6)
	key		50001ac7
	value		50001ac7
	parent		50001c9c
ARR 50001c9f (sz=12, trace=300000, nelems=6, elem type=char[])
ARR 50001ca0 (sz=12, trace=300000, nelems=6, elem type=char[])
OBJ 50001ca1 (sz=40, trace=300000, class=java.util.TreeMap$Entry@500000a6)
	key		50001ad2
	value		50001ad2
	parent		50001c9b
OBJ 50001ca2 (sz=40, trace=300000, class=java.util.TreeMap$Entry@500000a6)
	key		50001acc
	value		50001acc
	parent		50001c9b
ARR 50001ca3 (sz=12, trace=300000, nelems=6, elem type=char[])
ARR 50001ca4 (sz=12, trace=300000, nelems=6, elem type=char[])
ARR 50001ca5 (sz=12, trace=300000, nelems=6, elem type=char[])
ARR 50001ca6 (sz=12, trace=300000, nelems=6, elem type=char[])
OBJ 50001ca7 (sz=40, trace=300000, class=java.util.TreeMap$Entry@500000a6)
	key		50001979
	value		50001986
	left		50001cb0
	right		50001caf
	parent		50001c8d
OBJ 50001ca8 (sz=40, trace=300000, class=java.util.TreeMap$Entry@500000a6)
	key		50001ad7
	value		50001ad7
	left		50001cab
	right		50001caa
	parent		50001c8d
ARR 50001ca9 (sz=12, trace=300000, nelems=6, elem type=char[])
OBJ 50001caa (sz=40, trace=300000, class=java.util.TreeMap$Entry@500000a6)
	key		50001ad8
	value		50001ad8
	parent		50001ca8
OBJ 50001cab (sz=40, trace=300000, class=java.util.TreeMap$Entry@500000a6)
	key		50001ad6
	value		50001ad6
	parent		50001ca8
ARR 50001cac (sz=12, trace=300000, nelems=6, elem type=char[])
ARR 50001cad (sz=12, trace=300000, nelems=6, elem type=char[])
ARR 50001cae (sz=12, trace=300000, nelems=6, elem type=char[])
OBJ 50001caf (sz=40, trace=300000, class=java.util.TreeMap$Entry@500000a6)
	key		5000197c
	value		50001989
	parent		50001ca7
OBJ 50001cb0 (sz=40, trace=300000, class=java.util.TreeMap$Entry@500000a6)
	key		50001ada
	value		50001ada
	right		50001cb3
	parent		50001ca7
ARR 50001cb1 (sz=22, trace=300000, nelems=11, elem type=char[])
ARR 50001cb2 (sz=20, trace=300000, nelems=10, elem type=char[])
OBJ 50001cb3 (sz=40, trace=300000, class=java.util.TreeMap$Entry@500000a6)
	key		50001adc
	value		50001adc
	parent		50001cb0
ARR 50001cb4 (sz=12, trace=300000, nelems=6, elem type=char[])
ARR 50001cb5 (sz=12, trace=300000, nelems=6, elem type=char[])
ARR 50001cb6 (sz=22, trace=300000, nelems=11, elem type=char[])
ARR 50001cb7 (sz=20, trace=300000, nelems=10, elem type=char[])
OBJ 50001cb8 (sz=40, trace=300000, class=java.util.TreeMap$Entry@500000a6)
	key		50001a2c
	value		500019ab
	left		50001ccb
	right		50001cca
	parent		50001c4d
OBJ 50001cb9 (sz=40, trace=300000, class=java.util.TreeMap$Entry@500000a6)
	key		5000197f
	value		50001996
	left		50001cbd
	right		50001cbc
	parent		50001c4d
ARR 50001cba (sz=28, trace=300000, nelems=14, elem type=char[])
ARR 50001cbb (sz=20, trace=300000, nelems=10, elem type=char[])
OBJ 50001cbc (sz=40, trace=300000, class=java.util.TreeMap$Entry@500000a6)
	key		50001981
	value		50001998
	left		50001cc3
	right		50001cc2
	parent		50001cb9
OBJ 50001cbd (sz=40, trace=300000, class=java.util.TreeMap$Entry@500000a6)
	key		5000197e
	value		5000198b
	parent		50001cb9
ARR 50001cbe (sz=20, trace=300000, nelems=10, elem type=char[])
ARR 50001cbf (sz=20, trace=300000, nelems=10, elem type=char[])
ARR 50001cc0 (sz=22, trace=300000, nelems=11, elem type=char[])
ARR 50001cc1 (sz=20, trace=300000, nelems=10, elem type=char[])
OBJ 50001cc2 (sz=40, trace=300000, class=java.util.TreeMap$Entry@500000a6)
	key		5000199e
	value		500019a1
	parent		50001cbc
OBJ 50001cc3 (sz=40, trace=300000, class=java.util.TreeMap$Entry@500000a6)
	key		50001980
	value		50001997
	parent		50001cbc
ARR 50001cc4 (sz=20, trace=300000, nelems=10, elem type=char[])
ARR 50001cc5 (sz=20, trace=300000, nelems=10, elem type=char[])
ARR 50001cc6 (sz=20, trace=300000, nelems=10, elem type=char[])
ARR 50001cc7 (sz=20, trace=300000, nelems=10, elem type=char[])
ARR 50001cc8 (sz=18, trace=300000, nelems=9, elem type=char[])
ARR 50001cc9 (sz=20, trace=300000, nelems=10, elem type=char[])
OBJ 50001cca (sz=40, trace=300000, class=java.util.TreeMap$Entry@500000a6)
	key		50001a35
	value		50001967
	parent		50001cb8
OBJ 50001ccb (sz=40, trace=300000, class=java.util.TreeMap$Entry@500000a6)
	key		500019ba
	value		500019bb
	left		50001ccf
	right		50001cce
	parent		50001cb8
ARR 50001ccc (sz=22, trace=300000, nelems=11, elem type=char[])
ARR 50001ccd (sz=10, trace=300000, nelems=5, elem type=char[])
OBJ 50001cce (sz=40, trace=300000, class=java.util.TreeMap$Entry@500000a6)
	key		50001a2a
	value		500019a6
	left		50001cd5
	right		50001cd4
	parent		50001ccb
OBJ 50001ccf (sz=40, trace=300000, class=java.util.TreeMap$Entry@500000a6)
	key		500019b9
	value		500019b6
	parent		50001ccb
ARR 50001cd0 (sz=14, trace=300000, nelems=7, elem type=char[])
ARR 50001cd1 (sz=14, trace=300000, nelems=7, elem type=char[])
ARR 50001cd2 (sz=18, trace=300000, nelems=9, elem type=char[])
ARR 50001cd3 (sz=8, trace=300000, nelems=4, elem type=char[])
OBJ 50001cd4 (sz=40, trace=300000, class=java.util.TreeMap$Entry@500000a6)
	key		50001a2b
	value		500019a7
	parent		50001cce
OBJ 50001cd5 (sz=40, trace=300000, class=java.util.TreeMap$Entry@500000a6)
	key		50001a29
	value		500019a5
	parent		50001cce
ARR 50001cd6 (sz=24, trace=300000, nelems=12, elem type=char[])
ARR 50001cd7 (sz=12, trace=300000, nelems=6, elem type=char[])
ARR 50001cd8 (sz=24, trace=300000, nelems=12, elem type=char[])
ARR 50001cd9 (sz=12, trace=300000, nelems=6, elem type=char[])
ARR 50001cda (sz=24, trace=300000, nelems=12, elem type=char[])
ARR 50001cdb (sz=12, trace=300000, nelems=6, elem type=char[])
ARR 50001cdc (sz=34, trace=300000, nelems=17, elem type=char[])
ARR 50001cdd (sz=30, trace=300000, nelems=15, elem type=char[])
OBJ 50001cde (sz=40, trace=300000, class=java.util.TreeMap$Entry@500000a6)
	key		50001c39
	value		50001af3
	left		50001d5a
	right		50001d59
	parent		50001c49
OBJ 50001cdf (sz=40, trace=300000, class=java.util.TreeMap$Entry@500000a6)
	key		50001c22
	value		50001ad1
	left		50001ce3
	right		50001ce2
	parent		50001c49
ARR 50001ce0 (sz=34, trace=300000, nelems=17, elem type=char[])
ARR 50001ce1 (sz=28, trace=300000, nelems=14, elem type=char[])
OBJ 50001ce2 (sz=40, trace=300000, class=java.util.TreeMap$Entry@500000a6)
	key		50001a39
	value		50001977
	left		50001d22
	right		50001d21
	parent		50001cdf
OBJ 50001ce3 (sz=40, trace=300000, class=java.util.TreeMap$Entry@500000a6)
	key		50001c16
	value		50001aaf
	left		50001ce7
	right		50001ce6
	parent		50001cdf
ARR 50001ce4 (sz=16, trace=300000, nelems=8, elem type=char[])
ARR 50001ce5 (sz=12, trace=300000, nelems=6, elem type=char[])
OBJ 50001ce6 (sz=40, trace=300000, class=java.util.TreeMap$Entry@500000a6)
	key		50001c1b
	value		50001abe
	left		50001d02
	right		50001d01
	parent		50001ce3
OBJ 50001ce7 (sz=40, trace=300000, class=java.util.TreeMap$Entry@500000a6)
	key		50001c11
	value		50001aa8
	left		50001ceb
	right		50001cea
	parent		50001ce3
ARR 50001ce8 (sz=18, trace=300000, nelems=9, elem type=char[])
ARR 50001ce9 (sz=14, trace=300000, nelems=7, elem type=char[])
OBJ 50001cea (sz=40, trace=300000, class=java.util.TreeMap$Entry@500000a6)
	key		50001c13
	value		50001aab
	left		50001cf7
	right		50001cf6
	parent		50001ce7
OBJ 50001ceb (sz=40, trace=300000, class=java.util.TreeMap$Entry@500000a6)
	key		50001a38
	value		50001973
	left		50001cef
	right		50001cee
	parent		50001ce7
ARR 50001cec (sz=18, trace=300000, nelems=9, elem type=char[])
ARR 50001ced (sz=14, trace=300000, nelems=7, elem type=char[])
OBJ 50001cee (sz=40, trace=300000, class=java.util.TreeMap$Entry@500000a6)
	key		50001a49
	value		50001970
	parent		50001ceb
OBJ 50001cef (sz=40, trace=300000, class=java.util.TreeMap$Entry@500000a6)
	key		50001a47
	value		5000196f
	parent		50001ceb
ARR 50001cf0 (sz=16, trace=300000, nelems=8, elem type=char[])
ARR 50001cf1 (sz=12, trace=300000, nelems=6, elem type=char[])
ARR 50001cf2 (sz=28, trace=300000, nelems=14, elem type=char[])
ARR 50001cf3 (sz=24, trace=300000, nelems=12, elem type=char[])
ARR 50001cf4 (sz=24, trace=300000, nelems=12, elem type=char[])
ARR 50001cf5 (sz=22, trace=300000, nelems=11, elem type=char[])
OBJ 50001cf6 (sz=40, trace=300000, class=java.util.TreeMap$Entry@500000a6)
	key		50001c15
	value		50001aae
	left		50001cfc
	parent		50001cea
OBJ 50001cf7 (sz=40, trace=300000, class=java.util.TreeMap$Entry@500000a6)
	key		50001c12
	value		50001aa9
	parent		50001cea
ARR 50001cf8 (sz=18, trace=300000, nelems=9, elem type=char[])
ARR 50001cf9 (sz=14, trace=300000, nelems=7, elem type=char[])
ARR 50001cfa (sz=18, trace=300000, nelems=9, elem type=char[])
ARR 50001cfb (sz=14, trace=300000, nelems=7, elem type=char[])
OBJ 50001cfc (sz=40, trace=300000, class=java.util.TreeMap$Entry@500000a6)
	key		50001c14
	value		50001aad
	parent		50001cf6
ARR 50001cfd (sz=18, trace=300000, nelems=9, elem type=char[])
ARR 50001cfe (sz=14, trace=300000, nelems=7, elem type=char[])
ARR 50001cff (sz=18, trace=300000, nelems=9, elem type=char[])
ARR 50001d00 (sz=14, trace=300000, nelems=7, elem type=char[])
OBJ 50001d01 (sz=40, trace=300000, class=java.util.TreeMap$Entry@500000a6)
	key		50001c20
	value		50001ace
	left		50001d11
	right		50001d10
	parent		50001ce6
OBJ 50001d02 (sz=40, trace=300000, class=java.util.TreeMap$Entry@500000a6)
	key		50001c18
	value		50001ab1
	left		50001d06
	right		50001d05
	parent		50001ce6
ARR 50001d03 (sz=18, trace=300000, nelems=9, elem type=char[])
ARR 50001d04 (sz=14, trace=300000, nelems=7, elem type=char[])
OBJ 50001d05 (sz=40, trace=300000, class=java.util.TreeMap$Entry@500000a6)
	key		50001c19
	value		50001ab2
	right		50001d0b
	parent		50001d02
OBJ 50001d06 (sz=40, trace=300000, class=java.util.TreeMap$Entry@500000a6)
	key		50001c17
	value		50001ab0
	parent		50001d02
ARR 50001d07 (sz=18, trace=300000, nelems=9, elem type=char[])
ARR 50001d08 (sz=14, trace=300000, nelems=7, elem type=char[])
ARR 50001d09 (sz=18, trace=300000, nelems=9, elem type=char[])
ARR 50001d0a (sz=14, trace=300000, nelems=7, elem type=char[])
OBJ 50001d0b (sz=40, trace=300000, class=java.util.TreeMap$Entry@500000a6)
	key		50001c1a
	value		50001abd
	parent		50001d05
ARR 50001d0c (sz=18, trace=300000, nelems=9, elem type=char[])
ARR 50001d0d (sz=14, trace=300000, nelems=7, elem type=char[])
ARR 50001d0e (sz=18, trace=300000, nelems=9, elem type=char[])
ARR 50001d0f (sz=14, trace=300000, nelems=7, elem type=char[])
OBJ 50001d10 (sz=40, trace=300000, class=java.util.TreeMap$Entry@500000a6)
	key		50001c21
	value		50001acf
	parent		50001d01
OBJ 50001d11 (sz=40, trace=300000, class=java.util.TreeMap$Entry@500000a6)
	key		50001c1d
	value		50001ac0
	left		50001d15
	right		50001d14
	parent		50001d01
ARR 50001d12 (sz=16, trace=300000, nelems=8, elem type=char[])
ARR 50001d13 (sz=12, trace=300000, nelems=6, elem type=char[])
OBJ 50001d14 (sz=40, trace=300000, class=java.util.TreeMap$Entry@500000a6)
	key		50001c1f
	value		50001aca
	left		50001d1a
	parent		50001d11
OBJ 50001d15 (sz=40, trace=300000, class=java.util.TreeMap$Entry@500000a6)
	key		50001c1c
	value		50001abf
	parent		50001d11
ARR 50001d16 (sz=18, trace=300000, nelems=9, elem type=char[])
ARR 50001d17 (sz=14, trace=300000, nelems=7, elem type=char[])
ARR 50001d18 (sz=18, trace=300000, nelems=9, elem type=char[])
ARR 50001d19 (sz=14, trace=300000, nelems=7, elem type=char[])
OBJ 50001d1a (sz=40, trace=300000, class=java.util.TreeMap$Entry@500000a6)
	key		50001c1e
	value		50001ac9
	parent		50001d14
ARR 50001d1b (sz=20, trace=300000, nelems=10, elem type=char[])
ARR 50001d1c (sz=16, trace=300000, nelems=8, elem type=char[])
ARR 50001d1d (sz=16, trace=300000, nelems=8, elem type=char[])
ARR 50001d1e (sz=12, trace=300000, nelems=6, elem type=char[])
ARR 50001d1f (sz=16, trace=300000, nelems=8, elem type=char[])
ARR 50001d20 (sz=12, trace=300000, nelems=6, elem type=char[])
OBJ 50001d21 (sz=40, trace=300000, class=java.util.TreeMap$Entry@500000a6)
	key		50001c2e
	value		50001ae7
	left		50001d3d
	right		50001d3c
	parent		50001ce2
OBJ 50001d22 (sz=40, trace=300000, class=java.util.TreeMap$Entry@500000a6)
	key		50001c26
	value		50001adf
	left		50001d26
	right		50001d25
	parent		50001ce2
ARR 50001d23 (sz=16, trace=300000, nelems=8, elem type=char[])
ARR 50001d24 (sz=12, trace=300000, nelems=6, elem type=char[])
OBJ 50001d25 (sz=40, trace=300000, class=java.util.TreeMap$Entry@500000a6)
	key		50001c29
	value		50001ae2
	left		50001d32
	right		50001d31
	parent		50001d22
OBJ 50001d26 (sz=40, trace=300000, class=java.util.TreeMap$Entry@500000a6)
	key		50001c24
	value		50001add
	left		50001d2a
	right		50001d29
	parent		50001d22
ARR 50001d27 (sz=16, trace=300000, nelems=8, elem type=char[])
ARR 50001d28 (sz=12, trace=300000, nelems=6, elem type=char[])
OBJ 50001d29 (sz=40, trace=300000, class=java.util.TreeMap$Entry@500000a6)
	key		50001c25
	value		50001ade
	parent		50001d26
OBJ 50001d2a (sz=40, trace=300000, class=java.util.TreeMap$Entry@500000a6)
	key		50001c23
	value		50001adb
	parent		50001d26
ARR 50001d2b (sz=16, trace=300000, nelems=8, elem type=char[])
ARR 50001d2c (sz=12, trace=300000, nelems=6, elem type=char[])
ARR 50001d2d (sz=16, trace=300000, nelems=8, elem type=char[])
ARR 50001d2e (sz=12, trace=300000, nelems=6, elem type=char[])
ARR 50001d2f (sz=16, trace=300000, nelems=8, elem type=char[])
ARR 50001d30 (sz=12, trace=300000, nelems=6, elem type=char[])
OBJ 50001d31 (sz=40, trace=300000, class=java.util.TreeMap$Entry@500000a6)
	key		50001c2a
	value		50001ae3
	parent		50001d25
OBJ 50001d32 (sz=40, trace=300000, class=java.util.TreeMap$Entry@500000a6)
	key		50001c28
	value		50001ae1
	left		50001d35
	parent		50001d25
ARR 50001d33 (sz=16, trace=300000, nelems=8, elem type=char[])
ARR 50001d34 (sz=12, trace=300000, nelems=6, elem type=char[])
OBJ 50001d35 (sz=40, trace=300000, class=java.util.TreeMap$Entry@500000a6)
	key		50001c27
	value		50001ae0
	parent		50001d32
ARR 50001d36 (sz=16, trace=300000, nelems=8, elem type=char[])
ARR 50001d37 (sz=12, trace=300000, nelems=6, elem type=char[])
ARR 50001d38 (sz=16, trace=300000, nelems=8, elem type=char[])
ARR 50001d39 (sz=12, trace=300000, nelems=6, elem type=char[])
ARR 50001d3a (sz=16, trace=300000, nelems=8, elem type=char[])
ARR 50001d3b (sz=12, trace=300000, nelems=6, elem type=char[])
OBJ 50001d3c (sz=40, trace=300000, class=java.util.TreeMap$Entry@500000a6)
	key		50001c31
	value		50001aea
	left		50001d49
	right		50001d48
	parent		50001d21
OBJ 50001d3d (sz=40, trace=300000, class=java.util.TreeMap$Entry@500000a6)
	key		50001c2c
	value		50001ae5
	left		50001d41
	right		50001d40
	parent		50001d21
ARR 50001d3e (sz=16, trace=300000, nelems=8, elem type=char[])
ARR 50001d3f (sz=12, trace=300000, nelems=6, elem type=char[])
OBJ 50001d40 (sz=40, trace=300000, class=java.util.TreeMap$Entry@500000a6)
	key		50001c2d
	value		50001ae6
	parent		50001d3d
OBJ 50001d41 (sz=40, trace=300000, class=java.util.TreeMap$Entry@500000a6)
	key		50001c2b
	value		50001ae4
	parent		50001d3d
ARR 50001d42 (sz=16, trace=300000, nelems=8, elem type=char[])
ARR 50001d43 (sz=12, trace=300000, nelems=6, elem type=char[])
ARR 50001d44 (sz=18, trace=300000, nelems=9, elem type=char[])
ARR 50001d45 (sz=14, trace=300000, nelems=7, elem type=char[])
ARR 50001d46 (sz=18, trace=300000, nelems=9, elem type=char[])
ARR 50001d47 (sz=14, trace=300000, nelems=7, elem type=char[])
OBJ 50001d48 (sz=40, trace=300000, class=java.util.TreeMap$Entry@500000a6)
	key		50001c33
	value		50001aec
	left		50001d52
	right		50001d51
	parent		50001d3c
OBJ 50001d49 (sz=40, trace=300000, class=java.util.TreeMap$Entry@500000a6)
	key		50001c2f
	value		50001ae8
	right		50001d4c
	parent		50001d3c
ARR 50001d4a (sz=16, trace=300000, nelems=8, elem type=char[])
ARR 50001d4b (sz=12, trace=300000, nelems=6, elem type=char[])
OBJ 50001d4c (sz=40, trace=300000, class=java.util.TreeMap$Entry@500000a6)
	key		50001c30
	value		50001ae9
	parent		50001d49
ARR 50001d4d (sz=16, trace=300000, nelems=8, elem type=char[])
ARR 50001d4e (sz=12, trace=300000, nelems=6, elem type=char[])
ARR 50001d4f (sz=18, trace=300000, nelems=9, elem type=char[])
ARR 50001d50 (sz=14, trace=300000, nelems=7, elem type=char[])
OBJ 50001d51 (sz=40, trace=300000, class=java.util.TreeMap$Entry@500000a6)
	key		50001a3a
	value		50001978
	parent		50001d48
OBJ 50001d52 (sz=40, trace=300000, class=java.util.TreeMap$Entry@500000a6)
	key		50001c32
	value		50001aeb
	parent		50001d48
ARR 50001d53 (sz=16, trace=300000, nelems=8, elem type=char[])
ARR 50001d54 (sz=12, trace=300000, nelems=6, elem type=char[])
ARR 50001d55 (sz=16, trace=300000, nelems=8, elem type=char[])
ARR 50001d56 (sz=12, trace=300000, nelems=6, elem type=char[])
ARR 50001d57 (sz=18, trace=300000, nelems=9, elem type=char[])
ARR 50001d58 (sz=14, trace=300000, nelems=7, elem type=char[])
OBJ 50001d59 (sz=40, trace=300000, class=java.util.TreeMap$Entry@500000a6)
	key		50001a42
	value		500019b2
	left		50001d7b
	right		50001d7a
	parent		50001cde
OBJ 50001d5a (sz=40, trace=300000, class=java.util.TreeMap$Entry@500000a6)
	key		50001a40
	value		500019a4
	left		50001d5e
	right		50001d5d
	parent		50001cde
ARR 50001d5b (sz=20, trace=300000, nelems=10, elem type=char[])
ARR 50001d5c (sz=16, trace=300000, nelems=8, elem type=char[])
OBJ 50001d5d (sz=40, trace=300000, class=java.util.TreeMap$Entry@500000a6)
	key		50001c36
	value		50001af0
	left		50001d6d
	right		50001d6c
	parent		50001d5a
OBJ 50001d5e (sz=40, trace=300000, class=java.util.TreeMap$Entry@500000a6)
	key		50001a3e
	value		500019a2
	left		50001d62
	right		50001d61
	parent		50001d5a
ARR 50001d5f (sz=14, trace=300000, nelems=7, elem type=char[])
ARR 50001d60 (sz=10, trace=300000, nelems=5, elem type=char[])
OBJ 50001d61 (sz=40, trace=300000, class=java.util.TreeMap$Entry@500000a6)
	key		50001a3f
	value		5000199c
	parent		50001d5e
OBJ 50001d62 (sz=40, trace=300000, class=java.util.TreeMap$Entry@500000a6)
	key		50001a3c
	value		50001988
	right		50001d65
	parent		50001d5e
ARR 50001d63 (sz=18, trace=300000, nelems=9, elem type=char[])
ARR 50001d64 (sz=20, trace=300000, nelems=10, elem type=char[])
OBJ 50001d65 (sz=40, trace=300000, class=java.util.TreeMap$Entry@500000a6)
	key		50001a3d
	value		50001995
	parent		50001d62
ARR 50001d66 (sz=32, trace=300000, nelems=16, elem type=char[])
ARR 50001d67 (sz=26, trace=300000, nelems=13, elem type=char[])
ARR 50001d68 (sz=26, trace=300000, nelems=13, elem type=char[])
ARR 50001d69 (sz=22, trace=300000, nelems=11, elem type=char[])
ARR 50001d6a (sz=30, trace=300000, nelems=15, elem type=char[])
ARR 50001d6b (sz=26, trace=300000, nelems=13, elem type=char[])
OBJ 50001d6c (sz=40, trace=300000, class=java.util.TreeMap$Entry@500000a6)
	key		50001c37
	value		50001af1
	right		50001d75
	parent		50001d5d
OBJ 50001d6d (sz=40, trace=300000, class=java.util.TreeMap$Entry@500000a6)
	key		50001c35
	value		50001aef
	left		50001d70
	parent		50001d5d
ARR 50001d6e (sz=26, trace=300000, nelems=13, elem type=char[])
ARR 50001d6f (sz=22, trace=300000, nelems=11, elem type=char[])
OBJ 50001d70 (sz=40, trace=300000, class=java.util.TreeMap$Entry@500000a6)
	key		50001c34
	value		50001aee
	parent		50001d6d
ARR 50001d71 (sz=36, trace=300000, nelems=18, elem type=char[])
ARR 50001d72 (sz=32, trace=300000, nelems=16, elem type=char[])
ARR 50001d73 (sz=22, trace=300000, nelems=11, elem type=char[])
ARR 50001d74 (sz=18, trace=300000, nelems=9, elem type=char[])
OBJ 50001d75 (sz=40, trace=300000, class=java.util.TreeMap$Entry@500000a6)
	key		50001c38
	value		50001af2
	parent		50001d6c
ARR 50001d76 (sz=26, trace=300000, nelems=13, elem type=char[])
ARR 50001d77 (sz=22, trace=300000, nelems=11, elem type=char[])
ARR 50001d78 (sz=24, trace=300000, nelems=12, elem type=char[])
ARR 50001d79 (sz=20, trace=300000, nelems=10, elem type=char[])
OBJ 50001d7a (sz=40, trace=300000, class=java.util.TreeMap$Entry@500000a6)
	key		50001a45
	value		500019b7
	left		50001d99
	right		50001d98
	parent		50001d59
OBJ 50001d7b (sz=40, trace=300000, class=java.util.TreeMap$Entry@500000a6)
	key		50001c3f
	value		50001af9
	left		50001d7f
	right		50001d7e
	parent		50001d59
ARR 50001d7c (sz=26, trace=300000, nelems=13, elem type=char[])
ARR 50001d7d (sz=22, trace=300000, nelems=11, elem type=char[])
OBJ 50001d7e (sz=40, trace=300000, class=java.util.TreeMap$Entry@500000a6)
	key		50001c41
	value		50001afb
	left		50001d91
	right		50001d90
	parent		50001d7b
OBJ 50001d7f (sz=40, trace=300000, class=java.util.TreeMap$Entry@500000a6)
	key		50001c3c
	value		50001af6
	left		50001d83
	right		50001d82
	parent		50001d7b
ARR 50001d80 (sz=18, trace=300000, nelems=9, elem type=char[])
ARR 50001d81 (sz=14, trace=300000, nelems=7, elem type=char[])
OBJ 50001d82 (sz=40, trace=300000, class=java.util.TreeMap$Entry@500000a6)
	key		50001c3d
	value		50001af7
	right		50001d8b
	parent		50001d7f
OBJ 50001d83 (sz=40, trace=300000, class=java.util.TreeMap$Entry@500000a6)
	key		50001c3a
	value		50001af4
	right		50001d86
	parent		50001d7f
ARR 50001d84 (sz=20, trace=300000, nelems=10, elem type=char[])
ARR 50001d85 (sz=16, trace=300000, nelems=8, elem type=char[])
OBJ 50001d86 (sz=40, trace=300000, class=java.util.TreeMap$Entry@500000a6)
	key		50001c3b
	value		50001af5
	parent		50001d83
ARR 50001d87 (sz=22, trace=300000, nelems=11, elem type=char[])
ARR 50001d88 (sz=18, trace=300000, nelems=9, elem type=char[])
ARR 50001d89 (sz=24, trace=300000, nelems=12, elem type=char[])
ARR 50001d8a (sz=20, trace=300000, nelems=10, elem type=char[])
OBJ 50001d8b (sz=40, trace=300000, class=java.util.TreeMap$Entry@500000a6)
	key		50001c3e
	value		50001af8
	parent		50001d82
ARR 50001d8c (sz=24, trace=300000, nelems=12, elem type=char[])
ARR 50001d8d (sz=20, trace=300000, nelems=10, elem type=char[])
ARR 50001d8e (sz=22, trace=300000, nelems=11, elem type=char[])
ARR 50001d8f (sz=18, trace=300000, nelems=9, elem type=char[])
OBJ 50001d90 (sz=40, trace=300000, class=java.util.TreeMap$Entry@500000a6)
	key		50001a41
	value		500019ae
	parent		50001d7e
OBJ 50001d91 (sz=40, trace=300000, class=java.util.TreeMap$Entry@500000a6)
	key		50001c40
	value		50001afa
	parent		50001d7e
ARR 50001d92 (sz=24, trace=300000, nelems=12, elem type=char[])
ARR 50001d93 (sz=20, trace=300000, nelems=10, elem type=char[])
ARR 50001d94 (sz=24, trace=300000, nelems=12, elem type=char[])
ARR 50001d95 (sz=20, trace=300000, nelems=10, elem type=char[])
ARR 50001d96 (sz=24, trace=300000, nelems=12, elem type=char[])
ARR 50001d97 (sz=20, trace=300000, nelems=10, elem type=char[])
OBJ 50001d98 (sz=40, trace=300000, class=java.util.TreeMap$Entry@500000a6)
	key		50001a4e
	value		500019aa
	left		50001da5
	right		50001da4
	parent		50001d7a
OBJ 50001d99 (sz=40, trace=300000, class=java.util.TreeMap$Entry@500000a6)
	key		50001a4a
	value		500019af
	left		50001d9d
	right		50001d9c
	parent		50001d7a
ARR 50001d9a (sz=22, trace=300000, nelems=11, elem type=char[])
ARR 50001d9b (sz=18, trace=300000, nelems=9, elem type=char[])
OBJ 50001d9c (sz=40, trace=300000, class=java.util.TreeMap$Entry@500000a6)
	key		50001a44
	value		500019b5
	parent		50001d99
OBJ 50001d9d (sz=40, trace=300000, class=java.util.TreeMap$Entry@500000a6)
	key		50001a43
	value		500019b3
	parent		50001d99
ARR 50001d9e (sz=22, trace=300000, nelems=11, elem type=char[])
ARR 50001d9f (sz=10, trace=300000, nelems=5, elem type=char[])
ARR 50001da0 (sz=32, trace=300000, nelems=16, elem type=char[])
ARR 50001da1 (sz=28, trace=300000, nelems=14, elem type=char[])
ARR 50001da2 (sz=10, trace=300000, nelems=5, elem type=char[])
ARR 50001da3 (sz=6, trace=300000, nelems=3, elem type=char[])
OBJ 50001da4 (sz=40, trace=300000, class=java.util.TreeMap$Entry@500000a6)
	key		50001a50
	value		500019b1
	left		50001dae
	right		50001dad
	parent		50001d98
OBJ 50001da5 (sz=40, trace=300000, class=java.util.TreeMap$Entry@500000a6)
	key		50001a4d
	value		500019a9
	left		50001da8
	parent		50001d98
ARR 50001da6 (sz=26, trace=300000, nelems=13, elem type=char[])
ARR 50001da7 (sz=10, trace=300000, nelems=5, elem type=char[])
OBJ 50001da8 (sz=40, trace=300000, class=java.util.TreeMap$Entry@500000a6)
	key		50001a4c
	value		500019a8
	parent		50001da5
ARR 50001da9 (sz=30, trace=300000, nelems=15, elem type=char[])
ARR 50001daa (sz=14, trace=300000, nelems=7, elem type=char[])
ARR 50001dab (sz=30, trace=300000, nelems=15, elem type=char[])
ARR 50001dac (sz=14, trace=300000, nelems=7, elem type=char[])
OBJ 50001dad (sz=40, trace=300000, class=java.util.TreeMap$Entry@500000a6)
	key		50001a51
	value		500019b4
	parent		50001da4
OBJ 50001dae (sz=40, trace=300000, class=java.util.TreeMap$Entry@500000a6)
	key		50001a4f
	value		500019b0
	parent		50001da4
ARR 50001daf (sz=26, trace=300000, nelems=13, elem type=char[])
ARR 50001db0 (sz=10, trace=300000, nelems=5, elem type=char[])
ARR 50001db1 (sz=26, trace=300000, nelems=13, elem type=char[])
ARR 50001db2 (sz=10, trace=300000, nelems=5, elem type=char[])
ARR 50001db3 (sz=38, trace=300000, nelems=19, elem type=char[])
ARR 50001db4 (sz=22, trace=300000, nelems=11, elem type=char[])
OBJ 50001db5 (sz=16, trace=300000, class=java.lang.Object@50000185)
OBJ 50001db6 (sz=40, trace=300000, class=java.util.TreeMap$Entry@500000a6)
	key		500019eb
	value		50001975
	left		50001db8
	right		50001db7
OBJ 50001db7 (sz=40, trace=300000, class=java.util.TreeMap$Entry@500000a6)
	key		500019ff
	value		5000197d
	left		50001feb
	right		50001fea
	parent		50001db6
OBJ 50001db8 (sz=40, trace=300000, class=java.util.TreeMap$Entry@500000a6)
	key		500019cb
	value		50001a4d
	left		50001dbb
	right		50001dba
	parent		50001db6
ARR 50001db9 (sz=24, trace=300000, nelems=12, elem type=char[])
OBJ 50001dba (sz=40, trace=300000, class=java.util.TreeMap$Entry@500000a6)
	key		500019ce
	value		50001964
	left		50001ef4
	right		50001ef3
	parent		50001db8
OBJ 50001dbb (sz=40, trace=300000, class=java.util.TreeMap$Entry@500000a6)
	key		500019c1
	value		50001965
	left		50001dbe
	right		50001dbd
	parent		50001db8
ARR 50001dbc (sz=14, trace=300000, nelems=7, elem type=char[])
OBJ 50001dbd (sz=40, trace=300000, class=java.util.TreeMap$Entry@500000a6)
	key		50001b19
	value		50001c13
	left		50001e67
	right		50001e66
	parent		50001dbb
OBJ 50001dbe (sz=40, trace=300000, class=java.util.TreeMap$Entry@500000a6)
	key		50001a7e
	value		50001ad2
	left		50001dc1
	right		50001dc0
	parent		50001dbb
ARR 50001dbf (sz=12, trace=300000, nelems=6, elem type=char[])
OBJ 50001dc0 (sz=40, trace=300000, class=java.util.TreeMap$Entry@500000a6)
	key		50001a92
	value		50001c2c
	left		50001e1b
	right		50001e1a
	parent		50001dbe
OBJ 50001dc1 (sz=40, trace=300000, class=java.util.TreeMap$Entry@500000a6)
	key		50001a5c
	value		50001c16
	left		50001dc4
	right		50001dc3
	parent		50001dbe
ARR 50001dc2 (sz=6, trace=300000, nelems=3, elem type=char[])
OBJ 50001dc3 (sz=40, trace=300000, class=java.util.TreeMap$Entry@500000a6)
	key		50001a6b
	value		50001c1b
	left		50001dd8
	right		50001dd7
	parent		50001dc1
OBJ 50001dc4 (sz=40, trace=300000, class=java.util.TreeMap$Entry@500000a6)
	key		50001a58
	value		50001c13
	left		50001dc7
	right		50001dc6
	parent		50001dc1
ARR 50001dc5 (sz=8, trace=300000, nelems=4, elem type=char[])
OBJ 50001dc6 (sz=40, trace=300000, class=java.util.TreeMap$Entry@500000a6)
	key		5000195c
	value		50001980
	left		50001dd1
	right		50001dd0
	parent		50001dc4
OBJ 50001dc7 (sz=40, trace=300000, class=java.util.TreeMap$Entry@500000a6)
	key		50001a55
	value		50001c11
	left		50001dca
	right		50001dc9
	parent		50001dc4
ARR 50001dc8 (sz=8, trace=300000, nelems=4, elem type=char[])
OBJ 50001dc9 (sz=40, trace=300000, class=java.util.TreeMap$Entry@500000a6)
	key		50001a56
	value		50001c12
	right		50001dcd
	parent		50001dc7
OBJ 50001dca (sz=40, trace=300000, class=java.util.TreeMap$Entry@500000a6)
	key		50001a54
	value		50001aa7
	parent		50001dc7
ARR 50001dcb (sz=8, trace=300000, nelems=4, elem type=char[])
ARR 50001dcc (sz=6, trace=300000, nelems=3, elem type=char[])
OBJ 50001dcd (sz=40, trace=300000, class=java.util.TreeMap$Entry@500000a6)
	key		50001a57
	value		50001aaa
	parent		50001dc9
ARR 50001dce (sz=8, trace=300000, nelems=4, elem type=char[])
ARR 50001dcf (sz=8, trace=300000, nelems=4, elem type=char[])
OBJ 50001dd0 (sz=40, trace=300000, class=java.util.TreeMap$Entry@500000a6)
	key		50001a5b
	value		50001c15
	left		50001dd4
	parent		50001dc6
OBJ 50001dd1 (sz=40, trace=300000, class=java.util.TreeMap$Entry@500000a6)
	key		50001a59
	value		50001aac
	parent		50001dc6
ARR 50001dd2 (sz=8, trace=300000, nelems=4, elem type=char[])
ARR 50001dd3 (sz=8, trace=300000, nelems=4, elem type=char[])
OBJ 50001dd4 (sz=40, trace=300000, class=java.util.TreeMap$Entry@500000a6)
	key		50001a5a
	value		50001c14
	parent		50001dd0
ARR 50001dd5 (sz=8, trace=300000, nelems=4, elem type=char[])
ARR 50001dd6 (sz=8, trace=300000, nelems=4, elem type=char[])
OBJ 50001dd7 (sz=40, trace=300000, class=java.util.TreeMap$Entry@500000a6)
	key		50001a71
	value		50001ac4
	left		50001df6
	right		50001df5
	parent		50001dc3
OBJ 50001dd8 (sz=40, trace=300000, class=java.util.TreeMap$Entry@500000a6)
	key		50001a60
	value		50001a9d
	left		50001ddb
	right		50001dda
	parent		50001dc3
ARR 50001dd9 (sz=8, trace=300000, nelems=4, elem type=char[])
OBJ 50001dda (sz=40, trace=300000, class=java.util.TreeMap$Entry@500000a6)
	key		50001a64
	value		50001aa1
	left		50001de3
	right		50001de2
	parent		50001dd8
OBJ 50001ddb (sz=40, trace=300000, class=java.util.TreeMap$Entry@500000a6)
	key		50001a5e
	value		50001c18
	left		50001dde
	right		50001ddd
	parent		50001dd8
ARR 50001ddc (sz=8, trace=300000, nelems=4, elem type=char[])
OBJ 50001ddd (sz=40, trace=300000, class=java.util.TreeMap$Entry@500000a6)
	key		50001a5f
	value		50001c19
	parent		50001ddb
OBJ 50001dde (sz=40, trace=300000, class=java.util.TreeMap$Entry@500000a6)
	key		50001a5d
	value		50001c17
	parent		50001ddb
ARR 50001ddf (sz=8, trace=300000, nelems=4, elem type=char[])
ARR 50001de0 (sz=8, trace=300000, nelems=4, elem type=char[])
ARR 50001de1 (sz=8, trace=300000, nelems=4, elem type=char[])
OBJ 50001de2 (sz=40, trace=300000, class=java.util.TreeMap$Entry@500000a6)
	key		50001a66
	value		50001aa3
	left		50001deb
	right		50001dea
	parent		50001dda
OBJ 50001de3 (sz=40, trace=300000, class=java.util.TreeMap$Entry@500000a6)
	key		50001a62
	value		50001a9f
	left		50001de6
	right		50001de5
	parent		50001dda
ARR 50001de4 (sz=8, trace=300000, nelems=4, elem type=char[])
OBJ 50001de5 (sz=40, trace=300000, class=java.util.TreeMap$Entry@500000a6)
	key		50001a63
	value		50001aa0
	parent		50001de3
OBJ 50001de6 (sz=40, trace=300000, class=java.util.TreeMap$Entry@500000a6)
	key		50001a61
	value		50001a9e
	parent		50001de3
ARR 50001de7 (sz=8, trace=300000, nelems=4, elem type=char[])
ARR 50001de8 (sz=8, trace=300000, nelems=4, elem type=char[])
ARR 50001de9 (sz=8, trace=300000, nelems=4, elem type=char[])
OBJ 50001dea (sz=40, trace=300000, class=java.util.TreeMap$Entry@500000a6)
	key		50001a68
	value		50001aa5
	left		50001def
	right		50001dee
	parent		50001de2
OBJ 50001deb (sz=40, trace=300000, class=java.util.TreeMap$Entry@500000a6)
	key		50001a65
	value		50001aa2
	parent		50001de2
ARR 50001dec (sz=8, trace=300000, nelems=4, elem type=char[])
ARR 50001ded (sz=8, trace=300000, nelems=4, elem type=char[])
OBJ 50001dee (sz=40, trace=300000, class=java.util.TreeMap$Entry@500000a6)
	key		50001a69
	value		50001aa6
	right		50001df2
	parent		50001dea
OBJ 50001def (sz=40, trace=300000, class=java.util.TreeMap$Entry@500000a6)
	key		50001a67
	value		50001aa4
	parent		50001dea
ARR 50001df0 (sz=8, trace=300000, nelems=4, elem type=char[])
ARR 50001df1 (sz=8, trace=300000, nelems=4, elem type=char[])
OBJ 50001df2 (sz=40, trace=300000, class=java.util.TreeMap$Entry@500000a6)
	key		50001a6a
	value		50001c1a
	parent		50001dee
ARR 50001df3 (sz=8, trace=300000, nelems=4, elem type=char[])
ARR 50001df4 (sz=8, trace=300000, nelems=4, elem type=char[])
OBJ 50001df5 (sz=40, trace=300000, class=java.util.TreeMap$Entry@500000a6)
	key		50001a78
	value		50001acb
	left		50001e02
	right		50001e01
	parent		50001dd7
OBJ 50001df6 (sz=40, trace=300000, class=java.util.TreeMap$Entry@500000a6)
	key		50001a6f
	value		50001ac2
	left		50001df9
	right		50001df8
	parent		50001dd7
ARR 50001df7 (sz=6, trace=300000, nelems=3, elem type=char[])
OBJ 50001df8 (sz=40, trace=300000, class=java.util.TreeMap$Entry@500000a6)
	key		50001a70
	value		50001ac3
	parent		50001df6
OBJ 50001df9 (sz=40, trace=300000, class=java.util.TreeMap$Entry@500000a6)
	key		50001a6d
	value		50001c1d
	left		50001dfc
	right		50001dfb
	parent		50001df6
ARR 50001dfa (sz=6, trace=300000, nelems=3, elem type=char[])
OBJ 50001dfb (sz=40, trace=300000, class=java.util.TreeMap$Entry@500000a6)
	key		50001a6e
	value		50001ac1
	parent		50001df9
OBJ 50001dfc (sz=40, trace=300000, class=java.util.TreeMap$Entry@500000a6)
	key		50001a6c
	value		50001c1c
	parent		50001df9
ARR 50001dfd (sz=8, trace=300000, nelems=4, elem type=char[])
ARR 50001dfe (sz=8, trace=300000, nelems=4, elem type=char[])
ARR 50001dff (sz=6, trace=300000, nelems=3, elem type=char[])
ARR 50001e00 (sz=6, trace=300000, nelems=3, elem type=char[])
OBJ 50001e01 (sz=40, trace=300000, class=java.util.TreeMap$Entry@500000a6)
	key		5000195d
	value		5000196b
	left		50001e10
	right		50001e0f
	parent		50001df5
OBJ 50001e02 (sz=40, trace=300000, class=java.util.TreeMap$Entry@500000a6)
	key		50001a73
	value		50001ac6
	left		50001e05
	right		50001e04
	parent		50001df5
ARR 50001e03 (sz=6, trace=300000, nelems=3, elem type=char[])
OBJ 50001e04 (sz=40, trace=300000, class=java.util.TreeMap$Entry@500000a6)
	key		50001a75
	value		50001ac8
	left		50001e09
	right		50001e08
	parent		50001e02
OBJ 50001e05 (sz=40, trace=300000, class=java.util.TreeMap$Entry@500000a6)
	key		50001a72
	value		50001ac5
	parent		50001e02
ARR 50001e06 (sz=6, trace=300000, nelems=3, elem type=char[])
ARR 50001e07 (sz=6, trace=300000, nelems=3, elem type=char[])
OBJ 50001e08 (sz=40, trace=300000, class=java.util.TreeMap$Entry@500000a6)
	key		50001a77
	value		50001c1f
	left		50001e0c
	parent		50001e04
OBJ 50001e09 (sz=40, trace=300000, class=java.util.TreeMap$Entry@500000a6)
	key		50001a74
	value		50001ac7
	parent		50001e04
ARR 50001e0a (sz=6, trace=300000, nelems=3, elem type=char[])
ARR 50001e0b (sz=6, trace=300000, nelems=3, elem type=char[])
OBJ 50001e0c (sz=40, trace=300000, class=java.util.TreeMap$Entry@500000a6)
	key		50001a76
	value		50001c1e
	parent		50001e08
ARR 50001e0d (sz=10, trace=300000, nelems=5, elem type=char[])
ARR 50001e0e (sz=6, trace=300000, nelems=3, elem type=char[])
OBJ 50001e0f (sz=40, trace=300000, class=java.util.TreeMap$Entry@500000a6)
	key		50001a7c
	value		50001a9c
	left		50001e16
	right		50001e15
	parent		50001e01
OBJ 50001e10 (sz=40, trace=300000, class=java.util.TreeMap$Entry@500000a6)
	key		50001a79
	value		50001acc
	right		50001e12
	parent		50001e01
ARR 50001e11 (sz=8, trace=300000, nelems=4, elem type=char[])
OBJ 50001e12 (sz=40, trace=300000, class=java.util.TreeMap$Entry@500000a6)
	key		50001a7a
	value		50001acd
	parent		50001e10
ARR 50001e13 (sz=6, trace=300000, nelems=3, elem type=char[])
ARR 50001e14 (sz=6, trace=300000, nelems=3, elem type=char[])
OBJ 50001e15 (sz=40, trace=300000, class=java.util.TreeMap$Entry@500000a6)
	key		50001a7d
	value		50001c22
	parent		50001e0f
OBJ 50001e16 (sz=40, trace=300000, class=java.util.TreeMap$Entry@500000a6)
	key		50001a7b
	value		50001c21
	parent		50001e0f
ARR 50001e17 (sz=6, trace=300000, nelems=3, elem type=char[])
ARR 50001e18 (sz=6, trace=300000, nelems=3, elem type=char[])
ARR 50001e19 (sz=6, trace=300000, nelems=3, elem type=char[])
OBJ 50001e1a (sz=40, trace=300000, class=java.util.TreeMap$Entry@500000a6)
	key		500019bf
	value		50001a35
	left		50001e4d
	right		50001e4c
	parent		50001dc0
OBJ 50001e1b (sz=40, trace=300000, class=java.util.TreeMap$Entry@500000a6)
	key		50001961
	value		5000197f
	left		50001e1e
	right		50001e1d
	parent		50001dc0
ARR 50001e1c (sz=6, trace=300000, nelems=3, elem type=char[])
OBJ 50001e1d (sz=40, trace=300000, class=java.util.TreeMap$Entry@500000a6)
	key		50001a8b
	value		50001c26
	left		50001e38
	right		50001e37
	parent		50001e1b
OBJ 50001e1e (sz=40, trace=300000, class=java.util.TreeMap$Entry@500000a6)
	key		50001a82
	value		50001ad6
	left		50001e21
	right		50001e20
	parent		50001e1b
ARR 50001e1f (sz=6, trace=300000, nelems=3, elem type=char[])
OBJ 50001e20 (sz=40, trace=300000, class=java.util.TreeMap$Entry@500000a6)
	key		5000195e
	value		5000197f
	left		50001e29
	right		50001e28
	parent		50001e1e
OBJ 50001e21 (sz=40, trace=300000, class=java.util.TreeMap$Entry@500000a6)
	key		50001a80
	value		50001ad4
	left		50001e24
	right		50001e23
	parent		50001e1e
ARR 50001e22 (sz=6, trace=300000, nelems=3, elem type=char[])
OBJ 50001e23 (sz=40, trace=300000, class=java.util.TreeMap$Entry@500000a6)
	key		50001a81
	value		50001ad5
	parent		50001e21
OBJ 50001e24 (sz=40, trace=300000, class=java.util.TreeMap$Entry@500000a6)
	key		50001a7f
	value		50001ad3
	parent		50001e21
ARR 50001e25 (sz=6, trace=300000, nelems=3, elem type=char[])
ARR 50001e26 (sz=6, trace=300000, nelems=3, elem type=char[])
ARR 50001e27 (sz=6, trace=300000, nelems=3, elem type=char[])
OBJ 50001e28 (sz=40, trace=300000, class=java.util.TreeMap$Entry@500000a6)
	key		5000195f
	value		50001980
	right		50001e34
	parent		50001e20
OBJ 50001e29 (sz=40, trace=300000, class=java.util.TreeMap$Entry@500000a6)
	key		50001a84
	value		50001ad8
	left		50001e2c
	right		50001e2b
	parent		50001e20
ARR 50001e2a (sz=12, trace=300000, nelems=6, elem type=char[])
OBJ 50001e2b (sz=40, trace=300000, class=java.util.TreeMap$Entry@500000a6)
	key		50001a86
	value		50001ada
	left		50001e30
	right		50001e2f
	parent		50001e29
OBJ 50001e2c (sz=40, trace=300000, class=java.util.TreeMap$Entry@500000a6)
	key		50001a83
	value		50001ad7
	parent		50001e29
ARR 50001e2d (sz=6, trace=300000, nelems=3, elem type=char[])
ARR 50001e2e (sz=6, trace=300000, nelems=3, elem type=char[])
OBJ 50001e2f (sz=40, trace=300000, class=java.util.TreeMap$Entry@500000a6)
	key		50001a87
	value		50001c23
	parent		50001e2b
OBJ 50001e30 (sz=40, trace=300000, class=java.util.TreeMap$Entry@500000a6)
	key		50001a85
	value		50001ad9
	parent		50001e2b
ARR 50001e31 (sz=6, trace=300000, nelems=3, elem type=char[])
ARR 50001e32 (sz=6, trace=300000, nelems=3, elem type=char[])
ARR 50001e33 (sz=6, trace=300000, nelems=3, elem type=char[])
OBJ 50001e34 (sz=40, trace=300000, class=java.util.TreeMap$Entry@500000a6)
	key		50001960
	value		50001981
	parent		50001e28
ARR 50001e35 (sz=12, trace=300000, nelems=6, elem type=char[])
ARR 50001e36 (sz=12, trace=300000, nelems=6, elem type=char[])
OBJ 50001e37 (sz=40, trace=300000, class=java.util.TreeMap$Entry@500000a6)
	key		50001a90
	value		50001a39
	left		50001e42
	right		50001e41
	parent		50001e1d
OBJ 50001e38 (sz=40, trace=300000, class=java.util.TreeMap$Entry@500000a6)
	key		50001a88
	value		50001adc
	left		50001e3b
	right		50001e3a
	parent		50001e1d
ARR 50001e39 (sz=6, trace=300000, nelems=3, elem type=char[])
OBJ 50001e3a (sz=40, trace=300000, class=java.util.TreeMap$Entry@500000a6)
	key		50001a89
	value		50001c24
	right		50001e3e
	parent		50001e38
OBJ 50001e3b (sz=40, trace=300000, class=java.util.TreeMap$Entry@500000a6)
	key		50001962
	value		50001981
	parent		50001e38
ARR 50001e3c (sz=6, trace=300000, nelems=3, elem type=char[])
ARR 50001e3d (sz=6, trace=300000, nelems=3, elem type=char[])
OBJ 50001e3e (sz=40, trace=300000, class=java.util.TreeMap$Entry@500000a6)
	key		50001a8a
	value		50001c25
	parent		50001e3a
ARR 50001e3f (sz=6, trace=300000, nelems=3, elem type=char[])
ARR 50001e40 (sz=6, trace=300000, nelems=3, elem type=char[])
OBJ 50001e41 (sz=40, trace=300000, class=java.util.TreeMap$Entry@500000a6)
	key		50001a91
	value		50001c2b
	parent		50001e37
OBJ 50001e42 (sz=40, trace=300000, class=java.util.TreeMap$Entry@500000a6)
	key		50001a8e
	value		50001c29
	left		50001e45
	right		50001e44
	parent		50001e37
ARR 50001e43 (sz=6, trace=300000, nelems=3, elem type=char[])
OBJ 50001e44 (sz=40, trace=300000, class=java.util.TreeMap$Entry@500000a6)
	key		50001a8f
	value		50001c2a
	parent		50001e42
OBJ 50001e45 (sz=40, trace=300000, class=java.util.TreeMap$Entry@500000a6)
	key		50001a8d
	value		50001c28
	left		50001e47
	parent		50001e42
ARR 50001e46 (sz=6, trace=300000, nelems=3, elem type=char[])
OBJ 50001e47 (sz=40, trace=300000, class=java.util.TreeMap$Entry@500000a6)
	key		50001a8c
	value		50001c27
	parent		50001e45
ARR 50001e48 (sz=6, trace=300000, nelems=3, elem type=char[])
ARR 50001e49 (sz=6, trace=300000, nelems=3, elem type=char[])
ARR 50001e4a (sz=6, trace=300000, nelems=3, elem type=char[])
ARR 50001e4b (sz=8, trace=300000, nelems=4, elem type=char[])
OBJ 50001e4c (sz=40, trace=300000, class=java.util.TreeMap$Entry@500000a6)
	key		50001966
	value		50001965
	left		50001e63
	right		50001e62
	parent		50001e1a
OBJ 50001e4d (sz=40, trace=300000, class=java.util.TreeMap$Entry@500000a6)
	key		50001a97
	value		50001c31
	left		50001e50
	right		50001e4f
	parent		50001e1a
ARR 50001e4e (sz=30, trace=300000, nelems=15, elem type=char[])
OBJ 50001e4f (sz=40, trace=300000, class=java.util.TreeMap$Entry@500000a6)
	key		50001963
	value		50001980
	left		50001e5a
	right		50001e59
	parent		50001e4d
OBJ 50001e50 (sz=40, trace=300000, class=java.util.TreeMap$Entry@500000a6)
	key		50001a94
	value		50001c2e
	left		50001e53
	right		50001e52
	parent		50001e4d
ARR 50001e51 (sz=6, trace=300000, nelems=3, elem type=char[])
OBJ 50001e52 (sz=40, trace=300000, class=java.util.TreeMap$Entry@500000a6)
	key		50001a95
	value		50001c2f
	right		50001e56
	parent		50001e50
OBJ 50001e53 (sz=40, trace=300000, class=java.util.TreeMap$Entry@500000a6)
	key		50001a93
	value		50001c2d
	parent		50001e50
ARR 50001e54 (sz=6, trace=300000, nelems=3, elem type=char[])
ARR 50001e55 (sz=8, trace=300000, nelems=4, elem type=char[])
OBJ 50001e56 (sz=40, trace=300000, class=java.util.TreeMap$Entry@500000a6)
	key		50001a96
	value		50001c30
	parent		50001e52
ARR 50001e57 (sz=6, trace=300000, nelems=3, elem type=char[])
ARR 50001e58 (sz=8, trace=300000, nelems=4, elem type=char[])
OBJ 50001e59 (sz=40, trace=300000, class=java.util.TreeMap$Entry@500000a6)
	key		500019be
	value		50001965
	parent		50001e4f
OBJ 50001e5a (sz=40, trace=300000, class=java.util.TreeMap$Entry@500000a6)
	key		50001a99
	value		50001c33
	left		50001e5d
	right		50001e5c
	parent		50001e4f
ARR 50001e5b (sz=16, trace=300000, nelems=8, elem type=char[])
OBJ 50001e5c (sz=40, trace=300000, class=java.util.TreeMap$Entry@500000a6)
	key		500019bd
	value		50001980
	parent		50001e5a
OBJ 50001e5d (sz=40, trace=300000, class=java.util.TreeMap$Entry@500000a6)
	key		50001a98
	value		50001c32
	parent		50001e5a
ARR 50001e5e (sz=6, trace=300000, nelems=3, elem type=char[])
ARR 50001e5f (sz=6, trace=300000, nelems=3, elem type=char[])
ARR 50001e60 (sz=12, trace=300000, nelems=6, elem type=char[])
ARR 50001e61 (sz=20, trace=300000, nelems=10, elem type=char[])
OBJ 50001e62 (sz=40, trace=300000, class=java.util.TreeMap$Entry@500000a6)
	key		50001967
	value		50001a35
	right		50001e65
	parent		50001e4c
OBJ 50001e63 (sz=40, trace=300000, class=java.util.TreeMap$Entry@500000a6)
	key		500019c0
	value		50001a35
	parent		50001e4c
ARR 50001e64 (sz=42, trace=300000, nelems=21, elem type=char[])
OBJ 50001e65 (sz=40, trace=300000, class=java.util.TreeMap$Entry@500000a6)
	key		50001968
	value		50001a36
	parent		50001e62
OBJ 50001e66 (sz=40, trace=300000, class=java.util.TreeMap$Entry@500000a6)
	key		500019c9
	value		50001a2b
	left		50001ea7
	right		50001ea6
	parent		50001dbd
OBJ 50001e67 (sz=40, trace=300000, class=java.util.TreeMap$Entry@500000a6)
	key		500019c5
	value		50001a38
	left		50001e6a
	right		50001e69
	parent		50001dbd
ARR 50001e68 (sz=12, trace=300000, nelems=6, elem type=char[])
OBJ 50001e69 (sz=40, trace=300000, class=java.util.TreeMap$Entry@500000a6)
	key		50001b0c
	value		50001a9e
	left		50001e86
	right		50001e85
	parent		50001e67
OBJ 50001e6a (sz=40, trace=300000, class=java.util.TreeMap$Entry@500000a6)
	key		50001afe
	value		50001a9d
	left		50001e6d
	right		50001e6c
	parent		50001e67
ARR 50001e6b (sz=16, trace=300000, nelems=8, elem type=char[])
OBJ 50001e6c (sz=40, trace=300000, class=java.util.TreeMap$Entry@500000a6)
	key		50001b02
	value		50001aa1
	left		50001e75
	right		50001e74
	parent		50001e6a
OBJ 50001e6d (sz=40, trace=300000, class=java.util.TreeMap$Entry@500000a6)
	key		500019c3
	value		50001965
	left		50001e70
	right		50001e6f
	parent		50001e6a
ARR 50001e6e (sz=20, trace=300000, nelems=10, elem type=char[])
OBJ 50001e6f (sz=40, trace=300000, class=java.util.TreeMap$Entry@500000a6)
	key		500019c4
	value		50001a35
	parent		50001e6d
OBJ 50001e70 (sz=40, trace=300000, class=java.util.TreeMap$Entry@500000a6)
	key		500019c2
	value		50001a35
	parent		50001e6d
ARR 50001e71 (sz=18, trace=300000, nelems=9, elem type=char[])
ARR 50001e72 (sz=22, trace=300000, nelems=11, elem type=char[])
ARR 50001e73 (sz=28, trace=300000, nelems=14, elem type=char[])
OBJ 50001e74 (sz=40, trace=300000, class=java.util.TreeMap$Entry@500000a6)
	key		50001b04
	value		50001aa3
	left		50001e7d
	right		50001e7c
	parent		50001e6c
OBJ 50001e75 (sz=40, trace=300000, class=java.util.TreeMap$Entry@500000a6)
	key		50001b00
	value		50001a9f
	left		50001e78
	right		50001e77
	parent		50001e6c
ARR 50001e76 (sz=20, trace=300000, nelems=10, elem type=char[])
OBJ 50001e77 (sz=40, trace=300000, class=java.util.TreeMap$Entry@500000a6)
	key		50001b01
	value		50001aa0
	parent		50001e75
OBJ 50001e78 (sz=40, trace=300000, class=java.util.TreeMap$Entry@500000a6)
	key		50001aff
	value		50001a9e
	parent		50001e75
ARR 50001e79 (sz=20, trace=300000, nelems=10, elem type=char[])
ARR 50001e7a (sz=20, trace=300000, nelems=10, elem type=char[])
ARR 50001e7b (sz=20, trace=300000, nelems=10, elem type=char[])
OBJ 50001e7c (sz=40, trace=300000, class=java.util.TreeMap$Entry@500000a6)
	key		50001b06
	value		50001aa5
	left		50001e81
	right		50001e80
	parent		50001e74
OBJ 50001e7d (sz=40, trace=300000, class=java.util.TreeMap$Entry@500000a6)
	key		50001b03
	value		50001aa2
	parent		50001e74
ARR 50001e7e (sz=20, trace=300000, nelems=10, elem type=char[])
ARR 50001e7f (sz=20, trace=300000, nelems=10, elem type=char[])
OBJ 50001e80 (sz=40, trace=300000, class=java.util.TreeMap$Entry@500000a6)
	key		50001b07
	value		50001aa6
	parent		50001e7c
OBJ 50001e81 (sz=40, trace=300000, class=java.util.TreeMap$Entry@500000a6)
	key		50001b05
	value		50001aa4
	parent		50001e7c
ARR 50001e82 (sz=20, trace=300000, nelems=10, elem type=char[])
ARR 50001e83 (sz=20, trace=300000, nelems=10, elem type=char[])
ARR 50001e84 (sz=20, trace=300000, nelems=10, elem type=char[])
OBJ 50001e85 (sz=40, trace=300000, class=java.util.TreeMap$Entry@500000a6)
	key		50001b10
	value		50001aa2
	left		50001e90
	right		50001e8f
	parent		50001e69
OBJ 50001e86 (sz=40, trace=300000, class=java.util.TreeMap$Entry@500000a6)
	key		50001b0a
	value		50001ad3
	left		50001e89
	right		50001e88
	parent		50001e69
ARR 50001e87 (sz=14, trace=300000, nelems=7, elem type=char[])
OBJ 50001e88 (sz=40, trace=300000, class=java.util.TreeMap$Entry@500000a6)
	key		50001b0b
	value		50001a9d
	parent		50001e86
OBJ 50001e89 (sz=40, trace=300000, class=java.util.TreeMap$Entry@500000a6)
	key		50001b08
	value		50001ad7
	right		50001e8b
	parent		50001e86
ARR 50001e8a (sz=10, trace=300000, nelems=5, elem type=char[])
OBJ 50001e8b (sz=40, trace=300000, class=java.util.TreeMap$Entry@500000a6)
	key		50001b09
	value		50001ad8
	parent		50001e89
ARR 50001e8c (sz=10, trace=300000, nelems=5, elem type=char[])
ARR 50001e8d (sz=10, trace=300000, nelems=5, elem type=char[])
ARR 50001e8e (sz=14, trace=300000, nelems=7, elem type=char[])
OBJ 50001e8f (sz=40, trace=300000, class=java.util.TreeMap$Entry@500000a6)
	key		50001b16
	value		50001c11
	left		50001e98
	right		50001e97
	parent		50001e85
OBJ 50001e90 (sz=40, trace=300000, class=java.util.TreeMap$Entry@500000a6)
	key		50001b0e
	value		50001aa0
	left		50001e93
	right		50001e92
	parent		50001e85
ARR 50001e91 (sz=14, trace=300000, nelems=7, elem type=char[])
OBJ 50001e92 (sz=40, trace=300000, class=java.util.TreeMap$Entry@500000a6)
	key		50001b0f
	value		50001aa1
	parent		50001e90
OBJ 50001e93 (sz=40, trace=300000, class=java.util.TreeMap$Entry@500000a6)
	key		50001b0d
	value		50001a9f
	parent		50001e90
ARR 50001e94 (sz=14, trace=300000, nelems=7, elem type=char[])
ARR 50001e95 (sz=14, trace=300000, nelems=7, elem type=char[])
ARR 50001e96 (sz=14, trace=300000, nelems=7, elem type=char[])
OBJ 50001e97 (sz=40, trace=300000, class=java.util.TreeMap$Entry@500000a6)
	key		50001b17
	value		50001c12
	right		50001ea3
	parent		50001e8f
OBJ 50001e98 (sz=40, trace=300000, class=java.util.TreeMap$Entry@500000a6)
	key		50001b12
	value		50001aa4
	left		50001e9b
	right		50001e9a
	parent		50001e8f
ARR 50001e99 (sz=12, trace=300000, nelems=6, elem type=char[])
OBJ 50001e9a (sz=40, trace=300000, class=java.util.TreeMap$Entry@500000a6)
	key		50001b14
	value		50001aa6
	left		50001e9f
	right		50001e9e
	parent		50001e98
OBJ 50001e9b (sz=40, trace=300000, class=java.util.TreeMap$Entry@500000a6)
	key		50001b11
	value		50001aa3
	parent		50001e98
ARR 50001e9c (sz=14, trace=300000, nelems=7, elem type=char[])
ARR 50001e9d (sz=14, trace=300000, nelems=7, elem type=char[])
OBJ 50001e9e (sz=40, trace=300000, class=java.util.TreeMap$Entry@500000a6)
	key		50001b15
	value		50001aa7
	parent		50001e9a
OBJ 50001e9f (sz=40, trace=300000, class=java.util.TreeMap$Entry@500000a6)
	key		50001b13
	value		50001aa5
	parent		50001e9a
ARR 50001ea0 (sz=14, trace=300000, nelems=7, elem type=char[])
ARR 50001ea1 (sz=14, trace=300000, nelems=7, elem type=char[])
ARR 50001ea2 (sz=10, trace=300000, nelems=5, elem type=char[])
OBJ 50001ea3 (sz=40, trace=300000, class=java.util.TreeMap$Entry@500000a6)
	key		50001b18
	value		50001aaa
	parent		50001e97
ARR 50001ea4 (sz=12, trace=300000, nelems=6, elem type=char[])
ARR 50001ea5 (sz=12, trace=300000, nelems=6, elem type=char[])
OBJ 50001ea6 (sz=40, trace=300000, class=java.util.TreeMap$Entry@500000a6)
	key		50001b31
	value		50001ac3
	left		50001ed3
	right		50001ed2
	parent		50001e66
OBJ 50001ea7 (sz=40, trace=300000, class=java.util.TreeMap$Entry@500000a6)
	key		50001b21
	value		50001a9d
	left		50001eaa
	right		50001ea9
	parent		50001e66
ARR 50001ea8 (sz=12, trace=300000, nelems=6, elem type=char[])
OBJ 50001ea9 (sz=40, trace=300000, class=java.util.TreeMap$Entry@500000a6)
	key		50001b25
	value		50001aa1
	left		50001ebc
	right		50001ebb
	parent		50001ea7
OBJ 50001eaa (sz=40, trace=300000, class=java.util.TreeMap$Entry@500000a6)
	key		50001b1d
	value		50001c16
	left		50001ead
	right		50001eac
	parent		50001ea7
ARR 50001eab (sz=12, trace=300000, nelems=6, elem type=char[])
OBJ 50001eac (sz=40, trace=300000, class=java.util.TreeMap$Entry@500000a6)
	key		50001b1f
	value		50001c18
	left		50001eb7
	right		50001eb6
	parent		50001eaa
OBJ 50001ead (sz=40, trace=300000, class=java.util.TreeMap$Entry@500000a6)
	key		500019c6
	value		50001980
	left		50001eb0
	right		50001eaf
	parent		50001eaa
ARR 50001eae (sz=12, trace=300000, nelems=6, elem type=char[])
OBJ 50001eaf (sz=40, trace=300000, class=java.util.TreeMap$Entry@500000a6)
	key		50001b1c
	value		50001c15
	left		50001eb3
	parent		50001ead
OBJ 50001eb0 (sz=40, trace=300000, class=java.util.TreeMap$Entry@500000a6)
	key		50001b1a
	value		50001aac
	parent		50001ead
ARR 50001eb1 (sz=12, trace=300000, nelems=6, elem type=char[])
ARR 50001eb2 (sz=12, trace=300000, nelems=6, elem type=char[])
OBJ 50001eb3 (sz=40, trace=300000, class=java.util.TreeMap$Entry@500000a6)
	key		50001b1b
	value		50001c14
	parent		50001eaf
ARR 50001eb4 (sz=12, trace=300000, nelems=6, elem type=char[])
ARR 50001eb5 (sz=12, trace=300000, nelems=6, elem type=char[])
OBJ 50001eb6 (sz=40, trace=300000, class=java.util.TreeMap$Entry@500000a6)
	key		50001b20
	value		50001c19
	parent		50001eac
OBJ 50001eb7 (sz=40, trace=300000, class=java.util.TreeMap$Entry@500000a6)
	key		50001b1e
	value		50001c17
	parent		50001eac
ARR 50001eb8 (sz=12, trace=300000, nelems=6, elem type=char[])
ARR 50001eb9 (sz=12, trace=300000, nelems=6, elem type=char[])
ARR 50001eba (sz=12, trace=300000, nelems=6, elem type=char[])
OBJ 50001ebb (sz=40, trace=300000, class=java.util.TreeMap$Entry@500000a6)
	key		50001b29
	value		50001aa5
	left		50001ec4
	right		50001ec3
	parent		50001ea9
OBJ 50001ebc (sz=40, trace=300000, class=java.util.TreeMap$Entry@500000a6)
	key		50001b23
	value		50001a9f
	left		50001ebf
	right		50001ebe
	parent		50001ea9
ARR 50001ebd (sz=12, trace=300000, nelems=6, elem type=char[])
OBJ 50001ebe (sz=40, trace=300000, class=java.util.TreeMap$Entry@500000a6)
	key		50001b24
	value		50001aa0
	parent		50001ebc
OBJ 50001ebf (sz=40, trace=300000, class=java.util.TreeMap$Entry@500000a6)
	key		50001b22
	value		50001a9e
	parent		50001ebc
ARR 50001ec0 (sz=12, trace=300000, nelems=6, elem type=char[])
ARR 50001ec1 (sz=12, trace=300000, nelems=6, elem type=char[])
ARR 50001ec2 (sz=12, trace=300000, nelems=6, elem type=char[])
OBJ 50001ec3 (sz=40, trace=300000, class=java.util.TreeMap$Entry@500000a6)
	key		500019c7
	value		50001a29
	left		50001ecc
	right		50001ecb
	parent		50001ebb
OBJ 50001ec4 (sz=40, trace=300000, class=java.util.TreeMap$Entry@500000a6)
	key		50001b27
	value		50001aa3
	left		50001ec7
	right		50001ec6
	parent		50001ebb
ARR 50001ec5 (sz=12, trace=300000, nelems=6, elem type=char[])
OBJ 50001ec6 (sz=40, trace=300000, class=java.util.TreeMap$Entry@500000a6)
	key		50001b28
	value		50001aa4
	parent		50001ec4
OBJ 50001ec7 (sz=40, trace=300000, class=java.util.TreeMap$Entry@500000a6)
	key		50001b26
	value		50001aa2
	parent		50001ec4
ARR 50001ec8 (sz=12, trace=300000, nelems=6, elem type=char[])
ARR 50001ec9 (sz=12, trace=300000, nelems=6, elem type=char[])
ARR 50001eca (sz=12, trace=300000, nelems=6, elem type=char[])
OBJ 50001ecb (sz=40, trace=300000, class=java.util.TreeMap$Entry@500000a6)
	key		500019c8
	value		50001a2a
	parent		50001ec3
OBJ 50001ecc (sz=40, trace=300000, class=java.util.TreeMap$Entry@500000a6)
	key		50001b2a
	value		50001aa6
	right		50001ece
	parent		50001ec3
ARR 50001ecd (sz=12, trace=300000, nelems=6, elem type=char[])
OBJ 50001ece (sz=40, trace=300000, class=java.util.TreeMap$Entry@500000a6)
	key		50001b2b
	value		50001c1a
	parent		50001ecc
ARR 50001ecf (sz=12, trace=300000, nelems=6, elem type=char[])
ARR 50001ed0 (sz=12, trace=300000, nelems=6, elem type=char[])
ARR 50001ed1 (sz=12, trace=300000, nelems=6, elem type=char[])
OBJ 50001ed2 (sz=40, trace=300000, class=java.util.TreeMap$Entry@500000a6)
	key		50001b36
	value		50001ac8
	left		50001edf
	right		50001ede
	parent		50001ea6
OBJ 50001ed3 (sz=40, trace=300000, class=java.util.TreeMap$Entry@500000a6)
	key		50001b2f
	value		50001ac1
	left		50001ed6
	right		50001ed5
	parent		50001ea6
ARR 50001ed4 (sz=10, trace=300000, nelems=5, elem type=char[])
OBJ 50001ed5 (sz=40, trace=300000, class=java.util.TreeMap$Entry@500000a6)
	key		50001b30
	value		50001ac2
	parent		50001ed3
OBJ 50001ed6 (sz=40, trace=300000, class=java.util.TreeMap$Entry@500000a6)
	key		50001b2d
	value		50001c1c
	left		50001ed9
	right		50001ed8
	parent		50001ed3
ARR 50001ed7 (sz=10, trace=300000, nelems=5, elem type=char[])
OBJ 50001ed8 (sz=40, trace=300000, class=java.util.TreeMap$Entry@500000a6)
	key		50001b2e
	value		50001c1d
	parent		50001ed6
OBJ 50001ed9 (sz=40, trace=300000, class=java.util.TreeMap$Entry@500000a6)
	key		50001b2c
	value		50001c1b
	parent		50001ed6
ARR 50001eda (sz=12, trace=300000, nelems=6, elem type=char[])
ARR 50001edb (sz=12, trace=300000, nelems=6, elem type=char[])
ARR 50001edc (sz=12, trace=300000, nelems=6, elem type=char[])
ARR 50001edd (sz=10, trace=300000, nelems=5, elem type=char[])
OBJ 50001ede (sz=40, trace=300000, class=java.util.TreeMap$Entry@500000a6)
	key		50001b3a
	value		50001acc
	left		50001ee9
	right		50001ee8
	parent		50001ed2
OBJ 50001edf (sz=40, trace=300000, class=java.util.TreeMap$Entry@500000a6)
	key		50001b33
	value		50001ac5
	left		50001ee2
	right		50001ee1
	parent		50001ed2
ARR 50001ee0 (sz=10, trace=300000, nelems=5, elem type=char[])
OBJ 50001ee1 (sz=40, trace=300000, class=java.util.TreeMap$Entry@500000a6)
	key		50001b34
	value		50001ac6
	right		50001ee5
	parent		50001edf
OBJ 50001ee2 (sz=40, trace=300000, class=java.util.TreeMap$Entry@500000a6)
	key		50001b32
	value		50001ac4
	parent		50001edf
ARR 50001ee3 (sz=10, trace=300000, nelems=5, elem type=char[])
ARR 50001ee4 (sz=10, trace=300000, nelems=5, elem type=char[])
OBJ 50001ee5 (sz=40, trace=300000, class=java.util.TreeMap$Entry@500000a6)
	key		50001b35
	value		50001ac7
	parent		50001ee1
ARR 50001ee6 (sz=10, trace=300000, nelems=5, elem type=char[])
ARR 50001ee7 (sz=10, trace=300000, nelems=5, elem type=char[])
OBJ 50001ee8 (sz=40, trace=300000, class=java.util.TreeMap$Entry@500000a6)
	key		500019ca
	value		50001a4c
	left		50001ef0
	parent		50001ede
OBJ 50001ee9 (sz=40, trace=300000, class=java.util.TreeMap$Entry@500000a6)
	key		50001b38
	value		50001c1f
	left		50001eec
	right		50001eeb
	parent		50001ede
ARR 50001eea (sz=10, trace=300000, nelems=5, elem type=char[])
OBJ 50001eeb (sz=40, trace=300000, class=java.util.TreeMap$Entry@500000a6)
	key		50001b39
	value		50001acb
	parent		50001ee9
OBJ 50001eec (sz=40, trace=300000, class=java.util.TreeMap$Entry@500000a6)
	key		50001b37
	value		50001c1e
	parent		50001ee9
ARR 50001eed (sz=14, trace=300000, nelems=7, elem type=char[])
ARR 50001eee (sz=10, trace=300000, nelems=5, elem type=char[])
ARR 50001eef (sz=10, trace=300000, nelems=5, elem type=char[])
OBJ 50001ef0 (sz=40, trace=300000, class=java.util.TreeMap$Entry@500000a6)
	key		50001b3b
	value		50001acd
	parent		50001ee8
ARR 50001ef1 (sz=14, trace=300000, nelems=7, elem type=char[])
ARR 50001ef2 (sz=10, trace=300000, nelems=5, elem type=char[])
OBJ 50001ef3 (sz=40, trace=300000, class=java.util.TreeMap$Entry@500000a6)
	key		500019dd
	value		50001a2c
	left		50001f4b
	right		50001f4a
	parent		50001dba
OBJ 50001ef4 (sz=40, trace=300000, class=java.util.TreeMap$Entry@500000a6)
	key		50001b52
	value		50001a39
	left		50001ef7
	right		50001ef6
	parent		50001dba
ARR 50001ef5 (sz=12, trace=300000, nelems=6, elem type=char[])
OBJ 50001ef6 (sz=40, trace=300000, class=java.util.TreeMap$Entry@500000a6)
	key		50001b56
	value		50001c2e
	left		50001f2a
	right		50001f29
	parent		50001ef4
OBJ 50001ef7 (sz=40, trace=300000, class=java.util.TreeMap$Entry@500000a6)
	key		500019cd
	value		50001981
	left		50001efa
	right		50001ef9
	parent		50001ef4
ARR 50001ef8 (sz=10, trace=300000, nelems=5, elem type=char[])
OBJ 50001ef9 (sz=40, trace=300000, class=java.util.TreeMap$Entry@500000a6)
	key		50001b4f
	value		50001c28
	left		50001f1a
	right		50001f19
	parent		50001ef7
OBJ 50001efa (sz=40, trace=300000, class=java.util.TreeMap$Entry@500000a6)
	key		50001b42
	value		50001ad4
	left		50001efd
	right		50001efc
	parent		50001ef7
ARR 50001efb (sz=10, trace=300000, nelems=5, elem type=char[])
OBJ 50001efc (sz=40, trace=300000, class=java.util.TreeMap$Entry@500000a6)
	key		50001b46
	value		50001ad8
	left		50001f0b
	right		50001f0a
	parent		50001efa
OBJ 50001efd (sz=40, trace=300000, class=java.util.TreeMap$Entry@500000a6)
	key		50001b40
	value		50001ad2
	left		50001f00
	right		50001eff
	parent		50001efa
ARR 50001efe (sz=10, trace=300000, nelems=5, elem type=char[])
OBJ 50001eff (sz=40, trace=300000, class=java.util.TreeMap$Entry@500000a6)
	key		50001b41
	value		50001ad3
	parent		50001efd
OBJ 50001f00 (sz=40, trace=300000, class=java.util.TreeMap$Entry@500000a6)
	key		50001b3d
	value		50001c21
	left		50001f03
	right		50001f02
	parent		50001efd
ARR 50001f01 (sz=10, trace=300000, nelems=5, elem type=char[])
OBJ 50001f02 (sz=40, trace=300000, class=java.util.TreeMap$Entry@500000a6)
	key		50001b3f
	value		50001c22
	left		50001f06
	parent		50001f00
OBJ 50001f03 (sz=40, trace=300000, class=java.util.TreeMap$Entry@500000a6)
	key		50001b3c
	value		50001c20
	parent		50001f00
ARR 50001f04 (sz=10, trace=300000, nelems=5, elem type=char[])
ARR 50001f05 (sz=10, trace=300000, nelems=5, elem type=char[])
OBJ 50001f06 (sz=40, trace=300000, class=java.util.TreeMap$Entry@500000a6)
	key		50001b3e
	value		50001a9c
	parent		50001f02
ARR 50001f07 (sz=10, trace=300000, nelems=5, elem type=char[])
ARR 50001f08 (sz=10, trace=300000, nelems=5, elem type=char[])
ARR 50001f09 (sz=10, trace=300000, nelems=5, elem type=char[])
OBJ 50001f0a (sz=40, trace=300000, class=java.util.TreeMap$Entry@500000a6)
	key		50001b48
	value		50001ada
	left		50001f13
	right		50001f12
	parent		50001efc
OBJ 50001f0b (sz=40, trace=300000, class=java.util.TreeMap$Entry@500000a6)
	key		50001b44
	value		50001ad6
	left		50001f0e
	right		50001f0d
	parent		50001efc
ARR 50001f0c (sz=10, trace=300000, nelems=5, elem type=char[])
OBJ 50001f0d (sz=40, trace=300000, class=java.util.TreeMap$Entry@500000a6)
	key		50001b45
	value		50001ad7
	parent		50001f0b
OBJ 50001f0e (sz=40, trace=300000, class=java.util.TreeMap$Entry@500000a6)
	key		50001b43
	value		50001ad5
	parent		50001f0b
ARR 50001f0f (sz=10, trace=300000, nelems=5, elem type=char[])
ARR 50001f10 (sz=10, trace=300000, nelems=5, elem type=char[])
ARR 50001f11 (sz=10, trace=300000, nelems=5, elem type=char[])
OBJ 50001f12 (sz=40, trace=300000, class=java.util.TreeMap$Entry@500000a6)
	key		500019cc
	value		5000197f
	left		50001f16
	parent		50001f0a
OBJ 50001f13 (sz=40, trace=300000, class=java.util.TreeMap$Entry@500000a6)
	key		50001b47
	value		50001ad9
	parent		50001f0a
ARR 50001f14 (sz=10, trace=300000, nelems=5, elem type=char[])
ARR 50001f15 (sz=10, trace=300000, nelems=5, elem type=char[])
OBJ 50001f16 (sz=40, trace=300000, class=java.util.TreeMap$Entry@500000a6)
	key		50001b49
	value		50001c23
	parent		50001f12
ARR 50001f17 (sz=10, trace=300000, nelems=5, elem type=char[])
ARR 50001f18 (sz=10, trace=300000, nelems=5, elem type=char[])
OBJ 50001f19 (sz=40, trace=300000, class=java.util.TreeMap$Entry@500000a6)
	key		50001b50
	value		50001c29
	left		50001f26
	right		50001f25
	parent		50001ef9
OBJ 50001f1a (sz=40, trace=300000, class=java.util.TreeMap$Entry@500000a6)
	key		50001b4b
	value		50001c24
	left		50001f1d
	right		50001f1c
	parent		50001ef9
ARR 50001f1b (sz=10, trace=300000, nelems=5, elem type=char[])
OBJ 50001f1c (sz=40, trace=300000, class=java.util.TreeMap$Entry@500000a6)
	key		50001b4d
	value		50001c26
	left		50001f21
	right		50001f20
	parent		50001f1a
OBJ 50001f1d (sz=40, trace=300000, class=java.util.TreeMap$Entry@500000a6)
	key		50001b4a
	value		50001adc
	parent		50001f1a
ARR 50001f1e (sz=10, trace=300000, nelems=5, elem type=char[])
ARR 50001f1f (sz=10, trace=300000, nelems=5, elem type=char[])
OBJ 50001f20 (sz=40, trace=300000, class=java.util.TreeMap$Entry@500000a6)
	key		50001b4e
	value		50001c27
	parent		50001f1c
OBJ 50001f21 (sz=40, trace=300000, class=java.util.TreeMap$Entry@500000a6)
	key		50001b4c
	value		50001c25
	parent		50001f1c
ARR 50001f22 (sz=10, trace=300000, nelems=5, elem type=char[])
ARR 50001f23 (sz=10, trace=300000, nelems=5, elem type=char[])
ARR 50001f24 (sz=10, trace=300000, nelems=5, elem type=char[])
OBJ 50001f25 (sz=40, trace=300000, class=java.util.TreeMap$Entry@500000a6)
	key		50001b51
	value		50001c2a
	parent		50001f19
OBJ 50001f26 (sz=40, trace=300000, class=java.util.TreeMap$Entry@500000a6)
	key		500017d7
	value		500017d4
	parent		50001f19
ARR 50001f27 (sz=10, trace=300000, nelems=5, elem type=char[])
ARR 50001f28 (sz=10, trace=300000, nelems=5, elem type=char[])
OBJ 50001f29 (sz=40, trace=300000, class=java.util.TreeMap$Entry@500000a6)
	key		50001b5c
	value		50001ac5
	left		50001f32
	right		50001f31
	parent		50001ef6
OBJ 50001f2a (sz=40, trace=300000, class=java.util.TreeMap$Entry@500000a6)
	key		50001b54
	value		50001c2c
	left		50001f2d
	right		50001f2c
	parent		50001ef6
ARR 50001f2b (sz=10, trace=300000, nelems=5, elem type=char[])
OBJ 50001f2c (sz=40, trace=300000, class=java.util.TreeMap$Entry@500000a6)
	key		50001b55
	value		50001c2d
	parent		50001f2a
OBJ 50001f2d (sz=40, trace=300000, class=java.util.TreeMap$Entry@500000a6)
	key		50001b53
	value		50001c2b
	parent		50001f2a
ARR 50001f2e (sz=10, trace=300000, nelems=5, elem type=char[])
ARR 50001f2f (sz=12, trace=300000, nelems=6, elem type=char[])
ARR 50001f30 (sz=12, trace=300000, nelems=6, elem type=char[])
OBJ 50001f31 (sz=40, trace=300000, class=java.util.TreeMap$Entry@500000a6)
	key		50001b60
	value		50001aa7
	left		50001f3e
	right		50001f3d
	parent		50001f29
OBJ 50001f32 (sz=40, trace=300000, class=java.util.TreeMap$Entry@500000a6)
	key		50001b58
	value		50001c30
	left		50001f35
	right		50001f34
	parent		50001f29
ARR 50001f33 (sz=16, trace=300000, nelems=8, elem type=char[])
OBJ 50001f34 (sz=40, trace=300000, class=java.util.TreeMap$Entry@500000a6)
	key		50001b5a
	value		50001c32
	left		50001f39
	right		50001f38
	parent		50001f32
OBJ 50001f35 (sz=40, trace=300000, class=java.util.TreeMap$Entry@500000a6)
	key		50001b57
	value		50001c2f
	parent		50001f32
ARR 50001f36 (sz=12, trace=300000, nelems=6, elem type=char[])
ARR 50001f37 (sz=10, trace=300000, nelems=5, elem type=char[])
OBJ 50001f38 (sz=40, trace=300000, class=java.util.TreeMap$Entry@500000a6)
	key		50001b5b
	value		50001c33
	parent		50001f34
OBJ 50001f39 (sz=40, trace=300000, class=java.util.TreeMap$Entry@500000a6)
	key		50001b59
	value		50001c31
	parent		50001f34
ARR 50001f3a (sz=10, trace=300000, nelems=5, elem type=char[])
ARR 50001f3b (sz=10, trace=300000, nelems=5, elem type=char[])
ARR 50001f3c (sz=10, trace=300000, nelems=5, elem type=char[])
OBJ 50001f3d (sz=40, trace=300000, class=java.util.TreeMap$Entry@500000a6)
	key		50001b62
	value		50001aa7
	left		50001f46
	right		50001f45
	parent		50001f31
OBJ 50001f3e (sz=40, trace=300000, class=java.util.TreeMap$Entry@500000a6)
	key		50001b5e
	value		50001ac8
	left		50001f41
	right		50001f40
	parent		50001f31
ARR 50001f3f (sz=30, trace=300000, nelems=15, elem type=char[])
OBJ 50001f40 (sz=40, trace=300000, class=java.util.TreeMap$Entry@500000a6)
	key		50001b5f
	value		50001aa7
	parent		50001f3e
OBJ 50001f41 (sz=40, trace=300000, class=java.util.TreeMap$Entry@500000a6)
	key		50001b5d
	value		50001ac6
	parent		50001f3e
ARR 50001f42 (sz=16, trace=300000, nelems=8, elem type=char[])
ARR 50001f43 (sz=16, trace=300000, nelems=8, elem type=char[])
ARR 50001f44 (sz=14, trace=300000, nelems=7, elem type=char[])
OBJ 50001f45 (sz=40, trace=300000, class=java.util.TreeMap$Entry@500000a6)
	key		50001b63
	value		50001aa7
	parent		50001f3d
OBJ 50001f46 (sz=40, trace=300000, class=java.util.TreeMap$Entry@500000a6)
	key		50001b61
	value		50001aa7
	parent		50001f3d
ARR 50001f47 (sz=30, trace=300000, nelems=15, elem type=char[])
ARR 50001f48 (sz=30, trace=300000, nelems=15, elem type=char[])
ARR 50001f49 (sz=30, trace=300000, nelems=15, elem type=char[])
OBJ 50001f4a (sz=40, trace=300000, class=java.util.TreeMap$Entry@500000a6)
	key		5000196c
	value		50001a38
	left		50001f8f
	right		50001f8e
	parent		50001ef3
OBJ 50001f4b (sz=40, trace=300000, class=java.util.TreeMap$Entry@500000a6)
	key		500019d3
	value		500019a0
	left		50001f4e
	right		50001f4d
	parent		50001ef3
ARR 50001f4c (sz=24, trace=300000, nelems=12, elem type=char[])
OBJ 50001f4d (sz=40, trace=300000, class=java.util.TreeMap$Entry@500000a6)
	key		500019d8
	value		50001a3e
	left		50001f7c
	right		50001f7b
	parent		50001f4b
OBJ 50001f4e (sz=40, trace=300000, class=java.util.TreeMap$Entry@500000a6)
	key		50001b6e
	value		50001ad3
	left		50001f51
	right		50001f50
	parent		50001f4b
ARR 50001f4f (sz=40, trace=300000, nelems=20, elem type=char[])
OBJ 50001f50 (sz=40, trace=300000, class=java.util.TreeMap$Entry@500000a6)
	key		50001b72
	value		50001ad7
	left		50001f6d
	right		50001f6c
	parent		50001f4e
OBJ 50001f51 (sz=40, trace=300000, class=java.util.TreeMap$Entry@500000a6)
	key		50001b65
	value		50001ac3
	left		50001f54
	right		50001f53
	parent		50001f4e
ARR 50001f52 (sz=16, trace=300000, nelems=8, elem type=char[])
OBJ 50001f53 (sz=40, trace=300000, class=java.util.TreeMap$Entry@500000a6)
	key		50001b67
	value		50001ac6
	left		50001f5e
	right		50001f5d
	parent		50001f51
OBJ 50001f54 (sz=40, trace=300000, class=java.util.TreeMap$Entry@500000a6)
	key		500019d1
	value		5000199e
	left		50001f57
	right		50001f56
	parent		50001f51
ARR 50001f55 (sz=16, trace=300000, nelems=8, elem type=char[])
OBJ 50001f56 (sz=40, trace=300000, class=java.util.TreeMap$Entry@500000a6)
	key		50001b64
	value		50001aa7
	parent		50001f54
OBJ 50001f57 (sz=40, trace=300000, class=java.util.TreeMap$Entry@500000a6)
	key		500019d0
	value		5000196a
	left		50001f59
	parent		50001f54
ARR 50001f58 (sz=38, trace=300000, nelems=19, elem type=char[])
OBJ 50001f59 (sz=40, trace=300000, class=java.util.TreeMap$Entry@500000a6)
	key		500019cf
	value		5000196b
	parent		50001f57
ARR 50001f5a (sz=38, trace=300000, nelems=19, elem type=char[])
ARR 50001f5b (sz=14, trace=300000, nelems=7, elem type=char[])
ARR 50001f5c (sz=16, trace=300000, nelems=8, elem type=char[])
OBJ 50001f5d (sz=40, trace=300000, class=java.util.TreeMap$Entry@500000a6)
	key		50001b6a
	value		50001acb
	left		50001f62
	right		50001f61
	parent		50001f53
OBJ 50001f5e (sz=40, trace=300000, class=java.util.TreeMap$Entry@500000a6)
	key		50001b66
	value		50001ac5
	parent		50001f53
ARR 50001f5f (sz=16, trace=300000, nelems=8, elem type=char[])
ARR 50001f60 (sz=16, trace=300000, nelems=8, elem type=char[])
OBJ 50001f61 (sz=40, trace=300000, class=java.util.TreeMap$Entry@500000a6)
	key		50001b6c
	value		50001acd
	left		50001f68
	right		50001f67
	parent		50001f5d
OBJ 50001f62 (sz=40, trace=300000, class=java.util.TreeMap$Entry@500000a6)
	key		50001b69
	value		50001ac8
	left		50001f64
	parent		50001f5d
ARR 50001f63 (sz=16, trace=300000, nelems=8, elem type=char[])
OBJ 50001f64 (sz=40, trace=300000, class=java.util.TreeMap$Entry@500000a6)
	key		50001b68
	value		50001ac7
	parent		50001f62
ARR 50001f65 (sz=16, trace=300000, nelems=8, elem type=char[])
ARR 50001f66 (sz=16, trace=300000, nelems=8, elem type=char[])
OBJ 50001f67 (sz=40, trace=300000, class=java.util.TreeMap$Entry@500000a6)
	key		50001b6d
	value		50001ad2
	parent		50001f61
OBJ 50001f68 (sz=40, trace=300000, class=java.util.TreeMap$Entry@500000a6)
	key		50001b6b
	value		50001acc
	parent		50001f61
ARR 50001f69 (sz=16, trace=300000, nelems=8, elem type=char[])
ARR 50001f6a (sz=16, trace=300000, nelems=8, elem type=char[])
ARR 50001f6b (sz=16, trace=300000, nelems=8, elem type=char[])
OBJ 50001f6c (sz=40, trace=300000, class=java.util.TreeMap$Entry@500000a6)
	key		50001b74
	value		50001ad9
	left		50001f75
	right		50001f74
	parent		50001f50
OBJ 50001f6d (sz=40, trace=300000, class=java.util.TreeMap$Entry@500000a6)
	key		50001b70
	value		50001ad5
	left		50001f70
	right		50001f6f
	parent		50001f50
ARR 50001f6e (sz=16, trace=300000, nelems=8, elem type=char[])
OBJ 50001f6f (sz=40, trace=300000, class=java.util.TreeMap$Entry@500000a6)
	key		50001b71
	value		50001ad6
	parent		50001f6d
OBJ 50001f70 (sz=40, trace=300000, class=java.util.TreeMap$Entry@500000a6)
	key		50001b6f
	value		50001ad4
	parent		50001f6d
ARR 50001f71 (sz=16, trace=300000, nelems=8, elem type=char[])
ARR 50001f72 (sz=16, trace=300000, nelems=8, elem type=char[])
ARR 50001f73 (sz=16, trace=300000, nelems=8, elem type=char[])
OBJ 50001f74 (sz=40, trace=300000, class=java.util.TreeMap$Entry@500000a6)
	key		500019d2
	value		50001a3a
	left		50001f78
	parent		50001f6c
OBJ 50001f75 (sz=40, trace=300000, class=java.util.TreeMap$Entry@500000a6)
	key		50001b73
	value		50001ad8
	parent		50001f6c
ARR 50001f76 (sz=16, trace=300000, nelems=8, elem type=char[])
ARR 50001f77 (sz=16, trace=300000, nelems=8, elem type=char[])
OBJ 50001f78 (sz=40, trace=300000, class=java.util.TreeMap$Entry@500000a6)
	key		50001b75
	value		50001ada
	parent		50001f74
ARR 50001f79 (sz=38, trace=300000, nelems=19, elem type=char[])
ARR 50001f7a (sz=16, trace=300000, nelems=8, elem type=char[])
OBJ 50001f7b (sz=40, trace=300000, class=java.util.TreeMap$Entry@500000a6)
	key		500019de
	value		5000197c
	left		50001f86
	right		50001f85
	parent		50001f4d
OBJ 50001f7c (sz=40, trace=300000, class=java.util.TreeMap$Entry@500000a6)
	key		500019d5
	value		5000197c
	left		50001f7f
	right		50001f7e
	parent		50001f4d
ARR 50001f7d (sz=30, trace=300000, nelems=15, elem type=char[])
OBJ 50001f7e (sz=40, trace=300000, class=java.util.TreeMap$Entry@500000a6)
	key		500019d6
	value		5000197d
	right		50001f82
	parent		50001f7c
OBJ 50001f7f (sz=40, trace=300000, class=java.util.TreeMap$Entry@500000a6)
	key		500019d4
	value		50001979
	parent		50001f7c
ARR 50001f80 (sz=22, trace=300000, nelems=11, elem type=char[])
ARR 50001f81 (sz=22, trace=300000, nelems=11, elem type=char[])
OBJ 50001f82 (sz=40, trace=300000, class=java.util.TreeMap$Entry@500000a6)
	key		500019d7
	value		5000197e
	parent		50001f7e
ARR 50001f83 (sz=24, trace=300000, nelems=12, elem type=char[])
ARR 50001f84 (sz=22, trace=300000, nelems=11, elem type=char[])
OBJ 50001f85 (sz=40, trace=300000, class=java.util.TreeMap$Entry@500000a6)
	key		500019dc
	value		500019b9
	parent		50001f7b
OBJ 50001f86 (sz=40, trace=300000, class=java.util.TreeMap$Entry@500000a6)
	key		500019da
	value		50001980
	left		50001f89
	right		50001f88
	parent		50001f7b
ARR 50001f87 (sz=26, trace=300000, nelems=13, elem type=char[])
OBJ 50001f88 (sz=40, trace=300000, class=java.util.TreeMap$Entry@500000a6)
	key		500019db
	value		50001981
	parent		50001f86
OBJ 50001f89 (sz=40, trace=300000, class=java.util.TreeMap$Entry@500000a6)
	key		500019d9
	value		5000197f
	parent		50001f86
ARR 50001f8a (sz=32, trace=300000, nelems=16, elem type=char[])
ARR 50001f8b (sz=22, trace=300000, nelems=11, elem type=char[])
ARR 50001f8c (sz=32, trace=300000, nelems=16, elem type=char[])
ARR 50001f8d (sz=20, trace=300000, nelems=10, elem type=char[])
OBJ 50001f8e (sz=40, trace=300000, class=java.util.TreeMap$Entry@500000a6)
	key		500019e5
	value		50001a38
	left		50001fd3
	right		50001fd2
	parent		50001f4a
OBJ 50001f8f (sz=40, trace=300000, class=java.util.TreeMap$Entry@500000a6)
	key		50001b86
	value		50001a9f
	left		50001f92
	right		50001f91
	parent		50001f4a
ARR 50001f90 (sz=12, trace=300000, nelems=6, elem type=char[])
OBJ 50001f91 (sz=40, trace=300000, class=java.util.TreeMap$Entry@500000a6)
	key		50001b91
	value		50001ac3
	left		50001fb4
	right		50001fb3
	parent		50001f8f
OBJ 50001f92 (sz=40, trace=300000, class=java.util.TreeMap$Entry@500000a6)
	key		50001b82
	value		50001aa7
	left		50001f95
	right		50001f94
	parent		50001f8f
ARR 50001f93 (sz=36, trace=300000, nelems=18, elem type=char[])
OBJ 50001f94 (sz=40, trace=300000, class=java.util.TreeMap$Entry@500000a6)
	key		50001b84
	value		50001ad9
	left		50001faf
	right		50001fae
	parent		50001f92
OBJ 50001f95 (sz=40, trace=300000, class=java.util.TreeMap$Entry@500000a6)
	key		50001b7b
	value		50001ac8
	left		50001f98
	right		50001f97
	parent		50001f92
ARR 50001f96 (sz=24, trace=300000, nelems=12, elem type=char[])
OBJ 50001f97 (sz=40, trace=300000, class=java.util.TreeMap$Entry@500000a6)
	key		50001b7f
	value		50001aa7
	left		50001fa4
	right		50001fa3
	parent		50001f95
OBJ 50001f98 (sz=40, trace=300000, class=java.util.TreeMap$Entry@500000a6)
	key		50001b79
	value		50001aa7
	left		50001f9b
	right		50001f9a
	parent		50001f95
ARR 50001f99 (sz=24, trace=300000, nelems=12, elem type=char[])
OBJ 50001f9a (sz=40, trace=300000, class=java.util.TreeMap$Entry@500000a6)
	key		50001b7a
	value		50001acd
	parent		50001f98
OBJ 50001f9b (sz=40, trace=300000, class=java.util.TreeMap$Entry@500000a6)
	key		50001b77
	value		50001adc
	left		50001f9e
	right		50001f9d
	parent		50001f98
ARR 50001f9c (sz=24, trace=300000, nelems=12, elem type=char[])
OBJ 50001f9d (sz=40, trace=300000, class=java.util.TreeMap$Entry@500000a6)
	key		50001b78
	value		50001acd
	parent		50001f9b
OBJ 50001f9e (sz=40, trace=300000, class=java.util.TreeMap$Entry@500000a6)
	key		50001b76
	value		50001acb
	parent		50001f9b
ARR 50001f9f (sz=26, trace=300000, nelems=13, elem type=char[])
ARR 50001fa0 (sz=26, trace=300000, nelems=13, elem type=char[])
ARR 50001fa1 (sz=24, trace=300000, nelems=12, elem type=char[])
ARR 50001fa2 (sz=24, trace=300000, nelems=12, elem type=char[])
OBJ 50001fa3 (sz=40, trace=300000, class=java.util.TreeMap$Entry@500000a6)
	key		50001b81
	value		50001ac3
	left		50001fab
	parent		50001f97
OBJ 50001fa4 (sz=40, trace=300000, class=java.util.TreeMap$Entry@500000a6)
	key		50001b7d
	value		50001acc
	left		50001fa7
	right		50001fa6
	parent		50001f97
ARR 50001fa5 (sz=24, trace=300000, nelems=12, elem type=char[])
OBJ 50001fa6 (sz=40, trace=300000, class=java.util.TreeMap$Entry@500000a6)
	key		50001b7e
	value		50001ada
	parent		50001fa4
OBJ 50001fa7 (sz=40, trace=300000, class=java.util.TreeMap$Entry@500000a6)
	key		50001b7c
	value		50001ac6
	parent		50001fa4
ARR 50001fa8 (sz=24, trace=300000, nelems=12, elem type=char[])
ARR 50001fa9 (sz=24, trace=300000, nelems=12, elem type=char[])
ARR 50001faa (sz=24, trace=300000, nelems=12, elem type=char[])
OBJ 50001fab (sz=40, trace=300000, class=java.util.TreeMap$Entry@500000a6)
	key		50001b80
	value		50001ad9
	parent		50001fa3
ARR 50001fac (sz=24, trace=300000, nelems=12, elem type=char[])
ARR 50001fad (sz=30, trace=300000, nelems=15, elem type=char[])
OBJ 50001fae (sz=40, trace=300000, class=java.util.TreeMap$Entry@500000a6)
	key		50001b85
	value		50001a9e
	parent		50001f94
OBJ 50001faf (sz=40, trace=300000, class=java.util.TreeMap$Entry@500000a6)
	key		50001b83
	value		50001aa7
	parent		50001f94
ARR 50001fb0 (sz=24, trace=300000, nelems=12, elem type=char[])
ARR 50001fb1 (sz=24, trace=300000, nelems=12, elem type=char[])
ARR 50001fb2 (sz=36, trace=300000, nelems=18, elem type=char[])
OBJ 50001fb3 (sz=40, trace=300000, class=java.util.TreeMap$Entry@500000a6)
	key		500019df
	value		50001976
	left		50001fcc
	right		50001fcb
	parent		50001f91
OBJ 50001fb4 (sz=40, trace=300000, class=java.util.TreeMap$Entry@500000a6)
	key		50001b8c
	value		50001aa5
	left		50001fb7
	right		50001fb6
	parent		50001f91
ARR 50001fb5 (sz=18, trace=300000, nelems=9, elem type=char[])
OBJ 50001fb6 (sz=40, trace=300000, class=java.util.TreeMap$Entry@500000a6)
	key		50001b8e
	value		50001a9f
	left		50001fc3
	right		50001fc2
	parent		50001fb4
OBJ 50001fb7 (sz=40, trace=300000, class=java.util.TreeMap$Entry@500000a6)
	key		50001b8a
	value		50001ac6
	left		50001fba
	right		50001fb9
	parent		50001fb4
ARR 50001fb8 (sz=58, trace=300000, nelems=29, elem type=char[])
OBJ 50001fb9 (sz=40, trace=300000, class=java.util.TreeMap$Entry@500000a6)
	key		50001b8b
	value		50001aa3
	parent		50001fb7
OBJ 50001fba (sz=40, trace=300000, class=java.util.TreeMap$Entry@500000a6)
	key		50001b88
	value		50001aa0
	left		50001fbd
	right		50001fbc
	parent		50001fb7
ARR 50001fbb (sz=18, trace=300000, nelems=9, elem type=char[])
OBJ 50001fbc (sz=40, trace=300000, class=java.util.TreeMap$Entry@500000a6)
	key		50001b89
	value		50001aa4
	parent		50001fba
OBJ 50001fbd (sz=40, trace=300000, class=java.util.TreeMap$Entry@500000a6)
	key		50001b87
	value		50001aa2
	parent		50001fba
ARR 50001fbe (sz=36, trace=300000, nelems=18, elem type=char[])
ARR 50001fbf (sz=36, trace=300000, nelems=18, elem type=char[])
ARR 50001fc0 (sz=36, trace=300000, nelems=18, elem type=char[])
ARR 50001fc1 (sz=36, trace=300000, nelems=18, elem type=char[])
OBJ 50001fc2 (sz=40, trace=300000, class=java.util.TreeMap$Entry@500000a6)
	key		50001b90
	value		50001aa0
	left		50001fc8
	parent		50001fb6
OBJ 50001fc3 (sz=40, trace=300000, class=java.util.TreeMap$Entry@500000a6)
	key		50001b8d
	value		50001aa1
	right		50001fc5
	parent		50001fb6
ARR 50001fc4 (sz=36, trace=300000, nelems=18, elem type=char[])
OBJ 50001fc5 (sz=40, trace=300000, class=java.util.TreeMap$Entry@500000a6)
	key		50001a9b
	value		50001ac7
	parent		50001fc3
ARR 50001fc6 (sz=36, trace=300000, nelems=18, elem type=char[])
ARR 50001fc7 (sz=28, trace=300000, nelems=14, elem type=char[])
OBJ 50001fc8 (sz=40, trace=300000, class=java.util.TreeMap$Entry@500000a6)
	key		50001b8f
	value		50001aa6
	parent		50001fc2
ARR 50001fc9 (sz=36, trace=300000, nelems=18, elem type=char[])
ARR 50001fca (sz=34, trace=300000, nelems=17, elem type=char[])
OBJ 50001fcb (sz=40, trace=300000, class=java.util.TreeMap$Entry@500000a6)
	key		500019e0
	value		50001a47
	parent		50001fb3
OBJ 50001fcc (sz=40, trace=300000, class=java.util.TreeMap$Entry@500000a6)
	key		50001969
	value		50001980
	left		50001fce
	parent		50001fb3
ARR 50001fcd (sz=12, trace=300000, nelems=6, elem type=char[])
OBJ 50001fce (sz=40, trace=300000, class=java.util.TreeMap$Entry@500000a6)
	key		50001b92
	value		50001a9d
	parent		50001fcc
ARR 50001fcf (sz=16, trace=300000, nelems=8, elem type=char[])
ARR 50001fd0 (sz=36, trace=300000, nelems=18, elem type=char[])
ARR 50001fd1 (sz=24, trace=300000, nelems=12, elem type=char[])
OBJ 50001fd2 (sz=40, trace=300000, class=java.util.TreeMap$Entry@500000a6)
	key		500019e7
	value		5000196a
	left		50001fde
	right		50001fdd
	parent		50001f8e
OBJ 50001fd3 (sz=40, trace=300000, class=java.util.TreeMap$Entry@500000a6)
	key		500019e2
	value		5000196a
	left		50001fd6
	right		50001fd5
	parent		50001f8e
ARR 50001fd4 (sz=12, trace=300000, nelems=6, elem type=char[])
OBJ 50001fd5 (sz=40, trace=300000, class=java.util.TreeMap$Entry@500000a6)
	key		50001971
	value		50001a49
	left		50001fd9
	right		50001fd8
	parent		50001fd3
OBJ 50001fd6 (sz=40, trace=300000, class=java.util.TreeMap$Entry@500000a6)
	key		5000196d
	value		50001976
	parent		50001fd3
ARR 50001fd7 (sz=12, trace=300000, nelems=6, elem type=char[])
OBJ 50001fd8 (sz=40, trace=300000, class=java.util.TreeMap$Entry@500000a6)
	key		500019e4
	value		5000196b
	parent		50001fd5
OBJ 50001fd9 (sz=40, trace=300000, class=java.util.TreeMap$Entry@500000a6)
	key		500019e3
	value		50001a47
	parent		50001fd5
ARR 50001fda (sz=28, trace=300000, nelems=14, elem type=char[])
ARR 50001fdb (sz=24, trace=300000, nelems=12, elem type=char[])
ARR 50001fdc (sz=12, trace=300000, nelems=6, elem type=char[])
OBJ 50001fdd (sz=40, trace=300000, class=java.util.TreeMap$Entry@500000a6)
	key		500019ea
	value		50001a38
	left		50001fe2
	right		50001fe1
	parent		50001fd2
OBJ 50001fde (sz=40, trace=300000, class=java.util.TreeMap$Entry@500000a6)
	key		500019e6
	value		50001976
	parent		50001fd2
ARR 50001fdf (sz=12, trace=300000, nelems=6, elem type=char[])
ARR 50001fe0 (sz=10, trace=300000, nelems=5, elem type=char[])
OBJ 50001fe1 (sz=40, trace=300000, class=java.util.TreeMap$Entry@500000a6)
	key		50001974
	value		5000196a
	parent		50001fdd
OBJ 50001fe2 (sz=40, trace=300000, class=java.util.TreeMap$Entry@500000a6)
	key		500019e1
	value		50001a49
	left		50001fe5
	right		50001fe4
	parent		50001fdd
ARR 50001fe3 (sz=10, trace=300000, nelems=5, elem type=char[])
OBJ 50001fe4 (sz=40, trace=300000, class=java.util.TreeMap$Entry@500000a6)
	key		500019e9
	value		5000196b
	parent		50001fe2
OBJ 50001fe5 (sz=40, trace=300000, class=java.util.TreeMap$Entry@500000a6)
	key		500019e8
	value		5000196a
	parent		50001fe2
ARR 50001fe6 (sz=20, trace=300000, nelems=10, elem type=char[])
ARR 50001fe7 (sz=10, trace=300000, nelems=5, elem type=char[])
ARR 50001fe8 (sz=10, trace=300000, nelems=5, elem type=char[])
ARR 50001fe9 (sz=90, trace=300000, nelems=45, elem type=char[])
OBJ 50001fea (sz=40, trace=300000, class=java.util.TreeMap$Entry@500000a6)
	key		50001a15
	value		50001a4e
	left		50002116
	right		50002115
	parent		50001db7
OBJ 50001feb (sz=40, trace=300000, class=java.util.TreeMap$Entry@500000a6)
	key		500019f4
	value		5000197f
	left		50001fee
	right		50001fed
	parent		50001db7
ARR 50001fec (sz=20, trace=300000, nelems=10, elem type=char[])
OBJ 50001fed (sz=40, trace=300000, class=java.util.TreeMap$Entry@500000a6)
	key		50001978
	value		50001a3a
	left		500020d6
	right		500020d5
	parent		50001feb
OBJ 50001fee (sz=40, trace=300000, class=java.util.TreeMap$Entry@500000a6)
	key		50001bcb
	value		50001c2c
	left		50001ff1
	right		50001ff0
	parent		50001feb
ARR 50001fef (sz=12, trace=300000, nelems=6, elem type=char[])
OBJ 50001ff0 (sz=40, trace=300000, class=java.util.TreeMap$Entry@500000a6)
	key		50001bdd
	value		50001c18
	left		50002071
	right		50002070
	parent		50001fee
OBJ 50001ff1 (sz=40, trace=300000, class=java.util.TreeMap$Entry@500000a6)
	key		50001bb9
	value		50001ad4
	left		50001ff4
	right		50001ff3
	parent		50001fee
ARR 50001ff2 (sz=14, trace=300000, nelems=7, elem type=char[])
OBJ 50001ff3 (sz=40, trace=300000, class=java.util.TreeMap$Entry@500000a6)
	key		500019f1
	value		5000197f
	left		5000204c
	right		5000204b
	parent		50001ff1
OBJ 50001ff4 (sz=40, trace=300000, class=java.util.TreeMap$Entry@500000a6)
	key		50001b9d
	value		50001c18
	left		50001ff7
	right		50001ff6
	parent		50001ff1
ARR 50001ff5 (sz=14, trace=300000, nelems=7, elem type=char[])
OBJ 50001ff6 (sz=40, trace=300000, class=java.util.TreeMap$Entry@500000a6)
	key		50001bae
	value		50001aa7
	left		50002017
	right		50002016
	parent		50001ff4
OBJ 50001ff7 (sz=40, trace=300000, class=java.util.TreeMap$Entry@500000a6)
	key		500019f0
	value		50001980
	left		50001ffa
	right		50001ff9
	parent		50001ff4
ARR 50001ff8 (sz=16, trace=300000, nelems=8, elem type=char[])
OBJ 50001ff9 (sz=40, trace=300000, class=java.util.TreeMap$Entry@500000a6)
	key		50001b9b
	value		50001c16
	left		50002010
	right		5000200f
	parent		50001ff7
OBJ 50001ffa (sz=40, trace=300000, class=java.util.TreeMap$Entry@500000a6)
	key		50001b94
	value		50001c11
	left		50001ffd
	right		50001ffc
	parent		50001ff7
ARR 50001ffb (sz=16, trace=300000, nelems=8, elem type=char[])
OBJ 50001ffc (sz=40, trace=300000, class=java.util.TreeMap$Entry@500000a6)
	key		50001b97
	value		50001c13
	left		50002009
	right		50002008
	parent		50001ffa
OBJ 50001ffd (sz=40, trace=300000, class=java.util.TreeMap$Entry@500000a6)
	key		500019ee
	value		50001976
	left		50002000
	right		50001fff
	parent		50001ffa
ARR 50001ffe (sz=16, trace=300000, nelems=8, elem type=char[])
OBJ 50001fff (sz=40, trace=300000, class=java.util.TreeMap$Entry@500000a6)
	key		500019ef
	value		50001981
	right		50002005
	parent		50001ffd
OBJ 50002000 (sz=40, trace=300000, class=java.util.TreeMap$Entry@500000a6)
	key		500019ec
	value		50001976
	right		50002002
	parent		50001ffd
ARR 50002001 (sz=18, trace=300000, nelems=9, elem type=char[])
OBJ 50002002 (sz=40, trace=300000, class=java.util.TreeMap$Entry@500000a6)
	key		500019ed
	value		50001976
	parent		50002000
ARR 50002003 (sz=12, trace=300000, nelems=6, elem type=char[])
ARR 50002004 (sz=22, trace=300000, nelems=11, elem type=char[])
OBJ 50002005 (sz=40, trace=300000, class=java.util.TreeMap$Entry@500000a6)
	key		50001b93
	value		50001aa7
	parent		50001fff
ARR 50002006 (sz=12, trace=300000, nelems=6, elem type=char[])
ARR 50002007 (sz=14, trace=300000, nelems=7, elem type=char[])
OBJ 50002008 (sz=40, trace=300000, class=java.util.TreeMap$Entry@500000a6)
	key		50001b98
	value		50001aac
	parent		50001ffc
OBJ 50002009 (sz=40, trace=300000, class=java.util.TreeMap$Entry@500000a6)
	key		50001b95
	value		50001c12
	right		5000200b
	parent		50001ffc
ARR 5000200a (sz=16, trace=300000, nelems=8, elem type=char[])
OBJ 5000200b (sz=40, trace=300000, class=java.util.TreeMap$Entry@500000a6)
	key		50001b96
	value		50001aaa
	parent		50002009
ARR 5000200c (sz=16, trace=300000, nelems=8, elem type=char[])
ARR 5000200d (sz=16, trace=300000, nelems=8, elem type=char[])
ARR 5000200e (sz=16, trace=300000, nelems=8, elem type=char[])
OBJ 5000200f (sz=40, trace=300000, class=java.util.TreeMap$Entry@500000a6)
	key		50001b9c
	value		50001c17
	parent		50001ff9
OBJ 50002010 (sz=40, trace=300000, class=java.util.TreeMap$Entry@500000a6)
	key		50001b9a
	value		50001c15
	left		50002012
	parent		50001ff9
ARR 50002011 (sz=16, trace=300000, nelems=8, elem type=char[])
OBJ 50002012 (sz=40, trace=300000, class=java.util.TreeMap$Entry@500000a6)
	key		50001b99
	value		50001c14
	parent		50002010
ARR 50002013 (sz=16, trace=300000, nelems=8, elem type=char[])
ARR 50002014 (sz=16, trace=300000, nelems=8, elem type=char[])
ARR 50002015 (sz=16, trace=300000, nelems=8, elem type=char[])
OBJ 50002016 (sz=40, trace=300000, class=java.util.TreeMap$Entry@500000a6)
	key		50001bb3
	value		50001c20
	left		50002039
	right		50002038
	parent		50001ff6
OBJ 50002017 (sz=40, trace=300000, class=java.util.TreeMap$Entry@500000a6)
	key		50001ba4
	value		50001ac2
	left		5000201a
	right		50002019
	parent		50001ff6
ARR 50002018 (sz=12, trace=300000, nelems=6, elem type=char[])
OBJ 50002019 (sz=40, trace=300000, class=java.util.TreeMap$Entry@500000a6)
	key		50001ba8
	value		50001ac6
	left		50002028
	right		50002027
	parent		50002017
OBJ 5000201a (sz=40, trace=300000, class=java.util.TreeMap$Entry@500000a6)
	key		50001ba0
	value		50001c1b
	left		5000201d
	right		5000201c
	parent		50002017
ARR 5000201b (sz=14, trace=300000, nelems=7, elem type=char[])
OBJ 5000201c (sz=40, trace=300000, class=java.util.TreeMap$Entry@500000a6)
	key		50001ba2
	value		50001c1d
	left		50002023
	right		50002022
	parent		5000201a
OBJ 5000201d (sz=40, trace=300000, class=java.util.TreeMap$Entry@500000a6)
	key		50001b9e
	value		50001c19
	right		5000201f
	parent		5000201a
ARR 5000201e (sz=16, trace=300000, nelems=8, elem type=char[])
OBJ 5000201f (sz=40, trace=300000, class=java.util.TreeMap$Entry@500000a6)
	key		50001b9f
	value		50001c1a
	parent		5000201d
ARR 50002020 (sz=16, trace=300000, nelems=8, elem type=char[])
ARR 50002021 (sz=16, trace=300000, nelems=8, elem type=char[])
OBJ 50002022 (sz=40, trace=300000, class=java.util.TreeMap$Entry@500000a6)
	key		50001ba3
	value		50001ac1
	parent		5000201c
OBJ 50002023 (sz=40, trace=300000, class=java.util.TreeMap$Entry@500000a6)
	key		50001ba1
	value		50001c1c
	parent		5000201c
ARR 50002024 (sz=16, trace=300000, nelems=8, elem type=char[])
ARR 50002025 (sz=16, trace=300000, nelems=8, elem type=char[])
ARR 50002026 (sz=14, trace=300000, nelems=7, elem type=char[])
OBJ 50002027 (sz=40, trace=300000, class=java.util.TreeMap$Entry@500000a6)
	key		50001bac
	value		50001c1f
	left		50002030
	right		5000202f
	parent		50002019
OBJ 50002028 (sz=40, trace=300000, class=java.util.TreeMap$Entry@500000a6)
	key		50001ba6
	value		50001ac4
	left		5000202b
	right		5000202a
	parent		50002019
ARR 50002029 (sz=14, trace=300000, nelems=7, elem type=char[])
OBJ 5000202a (sz=40, trace=300000, class=java.util.TreeMap$Entry@500000a6)
	key		50001ba7
	value		50001ac5
	parent		50002028
OBJ 5000202b (sz=40, trace=300000, class=java.util.TreeMap$Entry@500000a6)
	key		50001ba5
	value		50001ac3
	parent		50002028
ARR 5000202c (sz=14, trace=300000, nelems=7, elem type=char[])
ARR 5000202d (sz=14, trace=300000, nelems=7, elem type=char[])
ARR 5000202e (sz=14, trace=300000, nelems=7, elem type=char[])
OBJ 5000202f (sz=40, trace=300000, class=java.util.TreeMap$Entry@500000a6)
	key		50001bad
	value		50001c1f
	parent		50002027
OBJ 50002030 (sz=40, trace=300000, class=java.util.TreeMap$Entry@500000a6)
	key		50001baa
	value		50001ac8
	left		50002033
	right		50002032
	parent		50002027
ARR 50002031 (sz=18, trace=300000, nelems=9, elem type=char[])
OBJ 50002032 (sz=40, trace=300000, class=java.util.TreeMap$Entry@500000a6)
	key		50001bab
	value		50001c1e
	parent		50002030
OBJ 50002033 (sz=40, trace=300000, class=java.util.TreeMap$Entry@500000a6)
	key		50001ba9
	value		50001ac7
	parent		50002030
ARR 50002034 (sz=14, trace=300000, nelems=7, elem type=char[])
ARR 50002035 (sz=14, trace=300000, nelems=7, elem type=char[])
ARR 50002036 (sz=14, trace=300000, nelems=7, elem type=char[])
ARR 50002037 (sz=42, trace=300000, nelems=21, elem type=char[])
OBJ 50002038 (sz=40, trace=300000, class=java.util.TreeMap$Entry@500000a6)
	key		50001bb7
	value		50001ad2
	left		50002043
	right		50002042
	parent		50002016
OBJ 50002039 (sz=40, trace=300000, class=java.util.TreeMap$Entry@500000a6)
	key		50001bb0
	value		50001acc
	left		5000203c
	right		5000203b
	parent		50002016
ARR 5000203a (sz=14, trace=300000, nelems=7, elem type=char[])
OBJ 5000203b (sz=40, trace=300000, class=java.util.TreeMap$Entry@500000a6)
	key		50001bb1
	value		50001acd
	right		5000203f
	parent		50002039
OBJ 5000203c (sz=40, trace=300000, class=java.util.TreeMap$Entry@500000a6)
	key		50001baf
	value		50001acb
	parent		50002039
ARR 5000203d (sz=14, trace=300000, nelems=7, elem type=char[])
ARR 5000203e (sz=14, trace=300000, nelems=7, elem type=char[])
OBJ 5000203f (sz=40, trace=300000, class=java.util.TreeMap$Entry@500000a6)
	key		50001bb2
	value		50001c1f
	parent		5000203b
ARR 50002040 (sz=14, trace=300000, nelems=7, elem type=char[])
ARR 50002041 (sz=16, trace=300000, nelems=8, elem type=char[])
OBJ 50002042 (sz=40, trace=300000, class=java.util.TreeMap$Entry@500000a6)
	key		50001bb8
	value		50001ad3
	parent		50002038
OBJ 50002043 (sz=40, trace=300000, class=java.util.TreeMap$Entry@500000a6)
	key		50001bb5
	value		50001a9c
	left		50002046
	right		50002045
	parent		50002038
ARR 50002044 (sz=14, trace=300000, nelems=7, elem type=char[])
OBJ 50002045 (sz=40, trace=300000, class=java.util.TreeMap$Entry@500000a6)
	key		50001bb6
	value		50001c22
	parent		50002043
OBJ 50002046 (sz=40, trace=300000, class=java.util.TreeMap$Entry@500000a6)
	key		50001bb4
	value		50001c21
	parent		50002043
ARR 50002047 (sz=14, trace=300000, nelems=7, elem type=char[])
ARR 50002048 (sz=14, trace=300000, nelems=7, elem type=char[])
ARR 50002049 (sz=14, trace=300000, nelems=7, elem type=char[])
ARR 5000204a (sz=14, trace=300000, nelems=7, elem type=char[])
OBJ 5000204b (sz=40, trace=300000, class=java.util.TreeMap$Entry@500000a6)
	key		50001bc4
	value		50001c26
	left		5000205c
	right		5000205b
	parent		50001ff3
OBJ 5000204c (sz=40, trace=300000, class=java.util.TreeMap$Entry@500000a6)
	key		50001bbb
	value		50001ad6
	left		5000204f
	right		5000204e
	parent		50001ff3
ARR 5000204d (sz=14, trace=300000, nelems=7, elem type=char[])
OBJ 5000204e (sz=40, trace=300000, class=java.util.TreeMap$Entry@500000a6)
	key		50001bbd
	value		50001ad8
	left		50002053
	right		50002052
	parent		5000204c
OBJ 5000204f (sz=40, trace=300000, class=java.util.TreeMap$Entry@500000a6)
	key		50001bba
	value		50001ad5
	parent		5000204c
ARR 50002050 (sz=14, trace=300000, nelems=7, elem type=char[])
ARR 50002051 (sz=14, trace=300000, nelems=7, elem type=char[])
OBJ 50002052 (sz=40, trace=300000, class=java.util.TreeMap$Entry@500000a6)
	key		50001bbf
	value		50001ada
	left		50002057
	right		50002056
	parent		5000204e
OBJ 50002053 (sz=40, trace=300000, class=java.util.TreeMap$Entry@500000a6)
	key		50001bbc
	value		50001ad7
	parent		5000204e
ARR 50002054 (sz=14, trace=300000, nelems=7, elem type=char[])
ARR 50002055 (sz=14, trace=300000, nelems=7, elem type=char[])
OBJ 50002056 (sz=40, trace=300000, class=java.util.TreeMap$Entry@500000a6)
	key		50001bc0
	value		50001c23
	parent		50002052
OBJ 50002057 (sz=40, trace=300000, class=java.util.TreeMap$Entry@500000a6)
	key		50001bbe
	value		50001ad9
	parent		50002052
ARR 50002058 (sz=14, trace=300000, nelems=7, elem type=char[])
ARR 50002059 (sz=14, trace=300000, nelems=7, elem type=char[])
ARR 5000205a (sz=14, trace=300000, nelems=7, elem type=char[])
OBJ 5000205b (sz=40, trace=300000, class=java.util.TreeMap$Entry@500000a6)
	key		50001bc9
	value		50001a39
	left		50002066
	right		50002065
	parent		5000204b
OBJ 5000205c (sz=40, trace=300000, class=java.util.TreeMap$Entry@500000a6)
	key		50001bc1
	value		50001adc
	left		5000205f
	right		5000205e
	parent		5000204b
ARR 5000205d (sz=14, trace=300000, nelems=7, elem type=char[])
OBJ 5000205e (sz=40, trace=300000, class=java.util.TreeMap$Entry@500000a6)
	key		50001bc2
	value		50001c24
	right		50002062
	parent		5000205c
OBJ 5000205f (sz=40, trace=300000, class=java.util.TreeMap$Entry@500000a6)
	key		500019f2
	value		50001981
	parent		5000205c
ARR 50002060 (sz=14, trace=300000, nelems=7, elem type=char[])
ARR 50002061 (sz=14, trace=300000, nelems=7, elem type=char[])
OBJ 50002062 (sz=40, trace=300000, class=java.util.TreeMap$Entry@500000a6)
	key		50001bc3
	value		50001c25
	parent		5000205e
ARR 50002063 (sz=14, trace=300000, nelems=7, elem type=char[])
ARR 50002064 (sz=14, trace=300000, nelems=7, elem type=char[])
OBJ 50002065 (sz=40, trace=300000, class=java.util.TreeMap$Entry@500000a6)
	key		50001bca
	value		50001c2b
	parent		5000205b
OBJ 50002066 (sz=40, trace=300000, class=java.util.TreeMap$Entry@500000a6)
	key		50001bc7
	value		50001c29
	left		50002069
	right		50002068
	parent		5000205b
ARR 50002067 (sz=14, trace=300000, nelems=7, elem type=char[])
OBJ 50002068 (sz=40, trace=300000, class=java.util.TreeMap$Entry@500000a6)
	key		50001bc8
	value		50001c2a
	parent		50002066
OBJ 50002069 (sz=40, trace=300000, class=java.util.TreeMap$Entry@500000a6)
	key		50001bc6
	value		50001c28
	left		5000206b
	parent		50002066
ARR 5000206a (sz=14, trace=300000, nelems=7, elem type=char[])
OBJ 5000206b (sz=40, trace=300000, class=java.util.TreeMap$Entry@500000a6)
	key		50001bc5
	value		50001c27
	parent		50002069
ARR 5000206c (sz=14, trace=300000, nelems=7, elem type=char[])
ARR 5000206d (sz=14, trace=300000, nelems=7, elem type=char[])
ARR 5000206e (sz=14, trace=300000, nelems=7, elem type=char[])
ARR 5000206f (sz=16, trace=300000, nelems=8, elem type=char[])
OBJ 50002070 (sz=40, trace=300000, class=java.util.TreeMap$Entry@500000a6)
	key		50001be8
	value		50001ac6
	left		50002097
	right		50002096
	parent		50001ff0
OBJ 50002071 (sz=40, trace=300000, class=java.util.TreeMap$Entry@500000a6)
	key		500019f3
	value		50001980
	left		50002074
	right		50002073
	parent		50001ff0
ARR 50002072 (sz=14, trace=300000, nelems=7, elem type=char[])
OBJ 50002073 (sz=40, trace=300000, class=java.util.TreeMap$Entry@500000a6)
	key		50001bdb
	value		50001c16
	left		50002090
	right		5000208f
	parent		50002071
OBJ 50002074 (sz=40, trace=300000, class=java.util.TreeMap$Entry@500000a6)
	key		50001bd0
	value		50001c31
	left		50002077
	right		50002076
	parent		50002071
ARR 50002075 (sz=14, trace=300000, nelems=7, elem type=char[])
OBJ 50002076 (sz=40, trace=300000, class=java.util.TreeMap$Entry@500000a6)
	key		50001bd5
	value		50001c11
	left		50002081
	right		50002080
	parent		50002074
OBJ 50002077 (sz=40, trace=300000, class=java.util.TreeMap$Entry@500000a6)
	key		50001bcd
	value		50001c2e
	left		5000207a
	right		50002079
	parent		50002074
ARR 50002078 (sz=14, trace=300000, nelems=7, elem type=char[])
OBJ 50002079 (sz=40, trace=300000, class=java.util.TreeMap$Entry@500000a6)
	key		50001bce
	value		50001c2f
	right		5000207d
	parent		50002077
OBJ 5000207a (sz=40, trace=300000, class=java.util.TreeMap$Entry@500000a6)
	key		50001bcc
	value		50001c2d
	parent		50002077
ARR 5000207b (sz=14, trace=300000, nelems=7, elem type=char[])
ARR 5000207c (sz=16, trace=300000, nelems=8, elem type=char[])
OBJ 5000207d (sz=40, trace=300000, class=java.util.TreeMap$Entry@500000a6)
	key		50001bcf
	value		50001c30
	parent		50002079
ARR 5000207e (sz=14, trace=300000, nelems=7, elem type=char[])
ARR 5000207f (sz=16, trace=300000, nelems=8, elem type=char[])
OBJ 50002080 (sz=40, trace=300000, class=java.util.TreeMap$Entry@500000a6)
	key		50001bd7
	value		50001aaa
	left		5000208b
	right		5000208a
	parent		50002076
OBJ 50002081 (sz=40, trace=300000, class=java.util.TreeMap$Entry@500000a6)
	key		50001bd3
	value		50001c33
	left		50002084
	right		50002083
	parent		50002076
ARR 50002082 (sz=14, trace=300000, nelems=7, elem type=char[])
OBJ 50002083 (sz=40, trace=300000, class=java.util.TreeMap$Entry@500000a6)
	key		50001bd4
	value		50001aa7
	parent		50002081
OBJ 50002084 (sz=40, trace=300000, class=java.util.TreeMap$Entry@500000a6)
	key		50001bd2
	value		50001c33
	left		50002086
	parent		50002081
ARR 50002085 (sz=18, trace=300000, nelems=9, elem type=char[])
OBJ 50002086 (sz=40, trace=300000, class=java.util.TreeMap$Entry@500000a6)
	key		50001bd1
	value		50001c32
	parent		50002084
ARR 50002087 (sz=14, trace=300000, nelems=7, elem type=char[])
ARR 50002088 (sz=14, trace=300000, nelems=7, elem type=char[])
ARR 50002089 (sz=12, trace=300000, nelems=6, elem type=char[])
OBJ 5000208a (sz=40, trace=300000, class=java.util.TreeMap$Entry@500000a6)
	key		50001bd8
	value		50001c13
	parent		50002080
OBJ 5000208b (sz=40, trace=300000, class=java.util.TreeMap$Entry@500000a6)
	key		50001bd6
	value		50001c12
	parent		50002080
ARR 5000208c (sz=14, trace=300000, nelems=7, elem type=char[])
ARR 5000208d (sz=14, trace=300000, nelems=7, elem type=char[])
ARR 5000208e (sz=14, trace=300000, nelems=7, elem type=char[])
OBJ 5000208f (sz=40, trace=300000, class=java.util.TreeMap$Entry@500000a6)
	key		50001bdc
	value		50001c17
	parent		50002073
OBJ 50002090 (sz=40, trace=300000, class=java.util.TreeMap$Entry@500000a6)
	key		50001bda
	value		50001c15
	left		50002092
	parent		50002073
ARR 50002091 (sz=14, trace=300000, nelems=7, elem type=char[])
OBJ 50002092 (sz=40, trace=300000, class=java.util.TreeMap$Entry@500000a6)
	key		50001bd9
	value		50001c14
	parent		50002090
ARR 50002093 (sz=14, trace=300000, nelems=7, elem type=char[])
ARR 50002094 (sz=14, trace=300000, nelems=7, elem type=char[])
ARR 50002095 (sz=14, trace=300000, nelems=7, elem type=char[])
OBJ 50002096 (sz=40, trace=300000, class=java.util.TreeMap$Entry@500000a6)
	key		50001bf6
	value		50001ad4
	left		500020ad
	right		500020ac
	parent		50002070
OBJ 50002097 (sz=40, trace=300000, class=java.util.TreeMap$Entry@500000a6)
	key		50001be4
	value		50001ac2
	left		5000209a
	right		50002099
	parent		50002070
ARR 50002098 (sz=12, trace=300000, nelems=6, elem type=char[])
OBJ 50002099 (sz=40, trace=300000, class=java.util.TreeMap$Entry@500000a6)
	key		50001be6
	value		50001ac4
	left		500020a8
	right		500020a7
	parent		50002097
OBJ 5000209a (sz=40, trace=300000, class=java.util.TreeMap$Entry@500000a6)
	key		50001be0
	value		50001c1b
	left		5000209d
	right		5000209c
	parent		50002097
ARR 5000209b (sz=12, trace=300000, nelems=6, elem type=char[])
OBJ 5000209c (sz=40, trace=300000, class=java.util.TreeMap$Entry@500000a6)
	key		50001be2
	value		50001c1d
	left		500020a3
	right		500020a2
	parent		5000209a
OBJ 5000209d (sz=40, trace=300000, class=java.util.TreeMap$Entry@500000a6)
	key		50001bde
	value		50001c19
	right		5000209f
	parent		5000209a
ARR 5000209e (sz=14, trace=300000, nelems=7, elem type=char[])
OBJ 5000209f (sz=40, trace=300000, class=java.util.TreeMap$Entry@500000a6)
	key		50001bdf
	value		50001c1a
	parent		5000209d
ARR 500020a0 (sz=14, trace=300000, nelems=7, elem type=char[])
ARR 500020a1 (sz=14, trace=300000, nelems=7, elem type=char[])
OBJ 500020a2 (sz=40, trace=300000, class=java.util.TreeMap$Entry@500000a6)
	key		50001be3
	value		50001ac1
	parent		5000209c
OBJ 500020a3 (sz=40, trace=300000, class=java.util.TreeMap$Entry@500000a6)
	key		50001be1
	value		50001c1c
	parent		5000209c
ARR 500020a4 (sz=14, trace=300000, nelems=7, elem type=char[])
ARR 500020a5 (sz=14, trace=300000, nelems=7, elem type=char[])
ARR 500020a6 (sz=12, trace=300000, nelems=6, elem type=char[])
OBJ 500020a7 (sz=40, trace=300000, class=java.util.TreeMap$Entry@500000a6)
	key		50001be7
	value		50001ac5
	parent		50002099
OBJ 500020a8 (sz=40, trace=300000, class=java.util.TreeMap$Entry@500000a6)
	key		50001be5
	value		50001ac3
	parent		50002099
ARR 500020a9 (sz=12, trace=300000, nelems=6, elem type=char[])
ARR 500020aa (sz=12, trace=300000, nelems=6, elem type=char[])
ARR 500020ab (sz=12, trace=300000, nelems=6, elem type=char[])
OBJ 500020ac (sz=40, trace=300000, class=java.util.TreeMap$Entry@500000a6)
	key		50001bf8
	value		50001ad6
	left		500020c9
	right		500020c8
	parent		50002096
OBJ 500020ad (sz=40, trace=300000, class=java.util.TreeMap$Entry@500000a6)
	key		50001bef
	value		50001acd
	left		500020b0
	right		500020af
	parent		50002096
ARR 500020ae (sz=12, trace=300000, nelems=6, elem type=char[])
OBJ 500020af (sz=40, trace=300000, class=java.util.TreeMap$Entry@500000a6)
	key		50001bf4
	value		50001ad2
	left		500020be
	right		500020bd
	parent		500020ad
OBJ 500020b0 (sz=40, trace=300000, class=java.util.TreeMap$Entry@500000a6)
	key		50001bed
	value		50001acb
	left		500020b3
	right		500020b2
	parent		500020ad
ARR 500020b1 (sz=12, trace=300000, nelems=6, elem type=char[])
OBJ 500020b2 (sz=40, trace=300000, class=java.util.TreeMap$Entry@500000a6)
	key		50001bee
	value		50001acc
	parent		500020b0
OBJ 500020b3 (sz=40, trace=300000, class=java.util.TreeMap$Entry@500000a6)
	key		50001bea
	value		50001ac8
	left		500020b6
	right		500020b5
	parent		500020b0
ARR 500020b4 (sz=12, trace=300000, nelems=6, elem type=char[])
OBJ 500020b5 (sz=40, trace=300000, class=java.util.TreeMap$Entry@500000a6)
	key		50001bec
	value		50001c1f
	left		500020b9
	parent		500020b3
OBJ 500020b6 (sz=40, trace=300000, class=java.util.TreeMap$Entry@500000a6)
	key		50001be9
	value		50001ac7
	parent		500020b3
ARR 500020b7 (sz=12, trace=300000, nelems=6, elem type=char[])
ARR 500020b8 (sz=12, trace=300000, nelems=6, elem type=char[])
OBJ 500020b9 (sz=40, trace=300000, class=java.util.TreeMap$Entry@500000a6)
	key		50001beb
	value		50001c1e
	parent		500020b5
ARR 500020ba (sz=16, trace=300000, nelems=8, elem type=char[])
ARR 500020bb (sz=12, trace=300000, nelems=6, elem type=char[])
ARR 500020bc (sz=12, trace=300000, nelems=6, elem type=char[])
OBJ 500020bd (sz=40, trace=300000, class=java.util.TreeMap$Entry@500000a6)
	key		50001bf5
	value		50001ad3
	parent		500020af
OBJ 500020be (sz=40, trace=300000, class=java.util.TreeMap$Entry@500000a6)
	key		50001bf1
	value		50001c21
	left		500020c1
	right		500020c0
	parent		500020af
ARR 500020bf (sz=12, trace=300000, nelems=6, elem type=char[])
OBJ 500020c0 (sz=40, trace=300000, class=java.util.TreeMap$Entry@500000a6)
	key		50001bf3
	value		50001c22
	left		500020c4
	parent		500020be
OBJ 500020c1 (sz=40, trace=300000, class=java.util.TreeMap$Entry@500000a6)
	key		50001bf0
	value		50001c20
	parent		500020be
ARR 500020c2 (sz=12, trace=300000, nelems=6, elem type=char[])
ARR 500020c3 (sz=12, trace=300000, nelems=6, elem type=char[])
OBJ 500020c4 (sz=40, trace=300000, class=java.util.TreeMap$Entry@500000a6)
	key		50001bf2
	value		50001a9c
	parent		500020c0
ARR 500020c5 (sz=12, trace=300000, nelems=6, elem type=char[])
ARR 500020c6 (sz=12, trace=300000, nelems=6, elem type=char[])
ARR 500020c7 (sz=12, trace=300000, nelems=6, elem type=char[])
OBJ 500020c8 (sz=40, trace=300000, class=java.util.TreeMap$Entry@500000a6)
	key		50001bfa
	value		50001ad8
	left		500020cd
	right		500020cc
	parent		500020ac
OBJ 500020c9 (sz=40, trace=300000, class=java.util.TreeMap$Entry@500000a6)
	key		50001bf7
	value		50001ad5
	parent		500020ac
ARR 500020ca (sz=12, trace=300000, nelems=6, elem type=char[])
ARR 500020cb (sz=12, trace=300000, nelems=6, elem type=char[])
OBJ 500020cc (sz=40, trace=300000, class=java.util.TreeMap$Entry@500000a6)
	key		50001bfc
	value		50001ada
	left		500020d1
	right		500020d0
	parent		500020c8
OBJ 500020cd (sz=40, trace=300000, class=java.util.TreeMap$Entry@500000a6)
	key		50001bf9
	value		50001ad7
	parent		500020c8
ARR 500020ce (sz=12, trace=300000, nelems=6, elem type=char[])
ARR 500020cf (sz=12, trace=300000, nelems=6, elem type=char[])
OBJ 500020d0 (sz=40, trace=300000, class=java.util.TreeMap$Entry@500000a6)
	key		50001bfd
	value		50001c23
	parent		500020cc
OBJ 500020d1 (sz=40, trace=300000, class=java.util.TreeMap$Entry@500000a6)
	key		50001bfb
	value		50001ad9
	parent		500020cc
ARR 500020d2 (sz=12, trace=300000, nelems=6, elem type=char[])
ARR 500020d3 (sz=12, trace=300000, nelems=6, elem type=char[])
ARR 500020d4 (sz=12, trace=300000, nelems=6, elem type=char[])
OBJ 500020d5 (sz=40, trace=300000, class=java.util.TreeMap$Entry@500000a6)
	key		500019fd
	value		50001a3e
	left		500020fd
	right		500020fc
	parent		50001fed
OBJ 500020d6 (sz=40, trace=300000, class=java.util.TreeMap$Entry@500000a6)
	key		50001c07
	value		50001c2c
	left		500020d8
	right		500020d7
	parent		50001fed
OBJ 500020d7 (sz=40, trace=300000, class=java.util.TreeMap$Entry@500000a6)
	key		50001c09
	value		50001c2e
	left		500020ee
	right		500020ed
	parent		500020d6
OBJ 500020d8 (sz=40, trace=300000, class=java.util.TreeMap$Entry@500000a6)
	key		50001c03
	value		50001c29
	left		500020db
	right		500020da
	parent		500020d6
ARR 500020d9 (sz=12, trace=300000, nelems=6, elem type=char[])
OBJ 500020da (sz=40, trace=300000, class=java.util.TreeMap$Entry@500000a6)
	key		50001c05
	value		50001a39
	left		500020e9
	right		500020e8
	parent		500020d8
OBJ 500020db (sz=40, trace=300000, class=java.util.TreeMap$Entry@500000a6)
	key		50001c00
	value		50001c26
	left		500020de
	right		500020dd
	parent		500020d8
ARR 500020dc (sz=12, trace=300000, nelems=6, elem type=char[])
OBJ 500020dd (sz=40, trace=300000, class=java.util.TreeMap$Entry@500000a6)
	key		50001c02
	value		50001c28
	left		500020e5
	parent		500020db
OBJ 500020de (sz=40, trace=300000, class=java.util.TreeMap$Entry@500000a6)
	key		50001bfe
	value		50001c24
	left		500020e1
	right		500020e0
	parent		500020db
ARR 500020df (sz=12, trace=300000, nelems=6, elem type=char[])
OBJ 500020e0 (sz=40, trace=300000, class=java.util.TreeMap$Entry@500000a6)
	key		50001bff
	value		50001c25
	parent		500020de
OBJ 500020e1 (sz=40, trace=300000, class=java.util.TreeMap$Entry@500000a6)
	key		500019f5
	value		50001981
	parent		500020de
ARR 500020e2 (sz=12, trace=300000, nelems=6, elem type=char[])
ARR 500020e3 (sz=12, trace=300000, nelems=6, elem type=char[])
ARR 500020e4 (sz=12, trace=300000, nelems=6, elem type=char[])
OBJ 500020e5 (sz=40, trace=300000, class=java.util.TreeMap$Entry@500000a6)
	key		50001c01
	value		50001c27
	parent		500020dd
ARR 500020e6 (sz=12, trace=300000, nelems=6, elem type=char[])
ARR 500020e7 (sz=12, trace=300000, nelems=6, elem type=char[])
OBJ 500020e8 (sz=40, trace=300000, class=java.util.TreeMap$Entry@500000a6)
	key		50001c06
	value		50001c2b
	parent		500020da
OBJ 500020e9 (sz=40, trace=300000, class=java.util.TreeMap$Entry@500000a6)
	key		50001c04
	value		50001c2a
	parent		500020da
ARR 500020ea (sz=12, trace=300000, nelems=6, elem type=char[])
ARR 500020eb (sz=12, trace=300000, nelems=6, elem type=char[])
ARR 500020ec (sz=14, trace=300000, nelems=7, elem type=char[])
OBJ 500020ed (sz=40, trace=300000, class=java.util.TreeMap$Entry@500000a6)
	key		50001c0c
	value		50001c31
	left		500020f2
	right		500020f1
	parent		500020d7
OBJ 500020ee (sz=40, trace=300000, class=java.util.TreeMap$Entry@500000a6)
	key		50001c08
	value		50001c2d
	parent		500020d7
ARR 500020ef (sz=12, trace=300000, nelems=6, elem type=char[])
ARR 500020f0 (sz=14, trace=300000, nelems=7, elem type=char[])
OBJ 500020f1 (sz=40, trace=300000, class=java.util.TreeMap$Entry@500000a6)
	key		50001c0e
	value		50001c33
	left		500020f8
	right		500020f7
	parent		500020ed
OBJ 500020f2 (sz=40, trace=300000, class=java.util.TreeMap$Entry@500000a6)
	key		50001c0a
	value		50001c2f
	right		500020f4
	parent		500020ed
ARR 500020f3 (sz=12, trace=300000, nelems=6, elem type=char[])
OBJ 500020f4 (sz=40, trace=300000, class=java.util.TreeMap$Entry@500000a6)
	key		50001c0b
	value		50001c30
	parent		500020f2
ARR 500020f5 (sz=12, trace=300000, nelems=6, elem type=char[])
ARR 500020f6 (sz=14, trace=300000, nelems=7, elem type=char[])
OBJ 500020f7 (sz=40, trace=300000, class=java.util.TreeMap$Entry@500000a6)
	key		500019f6
	value		50001a3a
	parent		500020f1
OBJ 500020f8 (sz=40, trace=300000, class=java.util.TreeMap$Entry@500000a6)
	key		50001c0d
	value		50001c32
	parent		500020f1
ARR 500020f9 (sz=12, trace=300000, nelems=6, elem type=char[])
ARR 500020fa (sz=12, trace=300000, nelems=6, elem type=char[])
ARR 500020fb (sz=10, trace=300000, nelems=5, elem type=char[])
OBJ 500020fc (sz=40, trace=300000, class=java.util.TreeMap$Entry@500000a6)
	key		50001983
	value		50001a3b
	left		5000210f
	right		5000210e
	parent		500020d5
OBJ 500020fd (sz=40, trace=300000, class=java.util.TreeMap$Entry@500000a6)
	key		500019f9
	value		50001980
	left		50002100
	right		500020ff
	parent		500020d5
ARR 500020fe (sz=18, trace=300000, nelems=9, elem type=char[])
OBJ 500020ff (sz=40, trace=300000, class=java.util.TreeMap$Entry@500000a6)
	key		500019fb
	value		50001a3a
	left		5000210a
	right		50002109
	parent		500020fd
OBJ 50002100 (sz=40, trace=300000, class=java.util.TreeMap$Entry@500000a6)
	key		5000197b
	value		50001a3c
	left		50002103
	right		50002102
	parent		500020fd
ARR 50002101 (sz=20, trace=300000, nelems=10, elem type=char[])
OBJ 50002102 (sz=40, trace=300000, class=java.util.TreeMap$Entry@500000a6)
	key		500019f8
	value		5000197f
	left		50002106
	parent		50002100
OBJ 50002103 (sz=40, trace=300000, class=java.util.TreeMap$Entry@500000a6)
	key		5000197a
	value		50001a3b
	parent		50002100
ARR 50002104 (sz=28, trace=300000, nelems=14, elem type=char[])
ARR 50002105 (sz=30, trace=300000, nelems=15, elem type=char[])
OBJ 50002106 (sz=40, trace=300000, class=java.util.TreeMap$Entry@500000a6)
	key		500019f7
	value		50001a3d
	parent		50002102
ARR 50002107 (sz=20, trace=300000, nelems=10, elem type=char[])
ARR 50002108 (sz=22, trace=300000, nelems=11, elem type=char[])
OBJ 50002109 (sz=40, trace=300000, class=java.util.TreeMap$Entry@500000a6)
	key		500019fc
	value		500019a0
	parent		500020ff
OBJ 5000210a (sz=40, trace=300000, class=java.util.TreeMap$Entry@500000a6)
	key		500019fa
	value		50001981
	parent		500020ff
ARR 5000210b (sz=20, trace=300000, nelems=10, elem type=char[])
ARR 5000210c (sz=20, trace=300000, nelems=10, elem type=char[])
ARR 5000210d (sz=20, trace=300000, nelems=10, elem type=char[])
OBJ 5000210e (sz=40, trace=300000, class=java.util.TreeMap$Entry@500000a6)
	key		500019fe
	value		5000197c
	left		50002112
	parent		500020fc
OBJ 5000210f (sz=40, trace=300000, class=java.util.TreeMap$Entry@500000a6)
	key		50001982
	value		50001979
	parent		500020fc
ARR 50002110 (sz=26, trace=300000, nelems=13, elem type=char[])
ARR 50002111 (sz=18, trace=300000, nelems=9, elem type=char[])
OBJ 50002112 (sz=40, trace=300000, class=java.util.TreeMap$Entry@500000a6)
	key		50001984
	value		50001a3c
	parent		5000210e
ARR 50002113 (sz=18, trace=300000, nelems=9, elem type=char[])
ARR 50002114 (sz=24, trace=300000, nelems=12, elem type=char[])
OBJ 50002115 (sz=40, trace=300000, class=java.util.TreeMap$Entry@500000a6)
	key		50001a2d
	value		50001a4e
	left		50002170
	right		5000216f
	parent		50001fea
OBJ 50002116 (sz=40, trace=300000, class=java.util.TreeMap$Entry@500000a6)
	key		50001a06
	value		500019a0
	left		50002119
	right		50002118
	parent		50001fea
ARR 50002117 (sz=10, trace=300000, nelems=5, elem type=char[])
OBJ 50002118 (sz=40, trace=300000, class=java.util.TreeMap$Entry@500000a6)
	key		50001a10
	value		5000197f
	left		50002146
	right		50002145
	parent		50002116
OBJ 50002119 (sz=40, trace=300000, class=java.util.TreeMap$Entry@500000a6)
	key		5000199a
	value		50001a3e
	left		5000211c
	right		5000211b
	parent		50002116
ARR 5000211a (sz=28, trace=300000, nelems=14, elem type=char[])
OBJ 5000211b (sz=40, trace=300000, class=java.util.TreeMap$Entry@500000a6)
	key		5000199e
	value		5000199e
	left		5000213e
	right		5000213d
	parent		50002119
OBJ 5000211c (sz=40, trace=300000, class=java.util.TreeMap$Entry@500000a6)
	key		5000198f
	value		5000197f
	left		5000211f
	right		5000211e
	parent		50002119
ARR 5000211d (sz=14, trace=300000, nelems=7, elem type=char[])
OBJ 5000211e (sz=40, trace=300000, class=java.util.TreeMap$Entry@500000a6)
	key		50001a04
	value		5000197c
	left		50002131
	right		50002130
	parent		5000211c
OBJ 5000211f (sz=40, trace=300000, class=java.util.TreeMap$Entry@500000a6)
	key		50001a01
	value		5000197f
	left		50002122
	right		50002121
	parent		5000211c
ARR 50002120 (sz=20, trace=300000, nelems=10, elem type=char[])
OBJ 50002121 (sz=40, trace=300000, class=java.util.TreeMap$Entry@500000a6)
	key		50001a02
	value		50001980
	right		5000212d
	parent		5000211f
OBJ 50002122 (sz=40, trace=300000, class=java.util.TreeMap$Entry@500000a6)
	key		5000198c
	value		5000197f
	left		50002125
	right		50002124
	parent		5000211f
ARR 50002123 (sz=18, trace=300000, nelems=9, elem type=char[])
OBJ 50002124 (sz=40, trace=300000, class=java.util.TreeMap$Entry@500000a6)
	key		5000198e
	value		50001981
	left		50002129
	right		50002128
	parent		50002122
OBJ 50002125 (sz=40, trace=300000, class=java.util.TreeMap$Entry@500000a6)
	key		50001985
	value		5000197e
	parent		50002122
ARR 50002126 (sz=18, trace=300000, nelems=9, elem type=char[])
ARR 50002127 (sz=18, trace=300000, nelems=9, elem type=char[])
OBJ 50002128 (sz=40, trace=300000, class=java.util.TreeMap$Entry@500000a6)
	key		50001a00
	value		50001a3d
	parent		50002124
OBJ 50002129 (sz=40, trace=300000, class=java.util.TreeMap$Entry@500000a6)
	key		5000198d
	value		50001980
	parent		50002124
ARR 5000212a (sz=18, trace=300000, nelems=9, elem type=char[])
ARR 5000212b (sz=18, trace=300000, nelems=9, elem type=char[])
ARR 5000212c (sz=20, trace=300000, nelems=10, elem type=char[])
OBJ 5000212d (sz=40, trace=300000, class=java.util.TreeMap$Entry@500000a6)
	key		50001a03
	value		50001981
	parent		50002121
ARR 5000212e (sz=18, trace=300000, nelems=9, elem type=char[])
ARR 5000212f (sz=18, trace=300000, nelems=9, elem type=char[])
OBJ 50002130 (sz=40, trace=300000, class=java.util.TreeMap$Entry@500000a6)
	key		50001999
	value		5000199e
	parent		5000211e
OBJ 50002131 (sz=40, trace=300000, class=java.util.TreeMap$Entry@500000a6)
	key		50001991
	value		50001980
	left		50002134
	right		50002133
	parent		5000211e
ARR 50002132 (sz=6, trace=300000, nelems=3, elem type=char[])
OBJ 50002133 (sz=40, trace=300000, class=java.util.TreeMap$Entry@500000a6)
	key		50001993
	value		50001981
	left		50002138
	right		50002137
	parent		50002131
OBJ 50002134 (sz=40, trace=300000, class=java.util.TreeMap$Entry@500000a6)
	key		50001990
	value		5000197f
	parent		50002131
ARR 50002135 (sz=20, trace=300000, nelems=10, elem type=char[])
ARR 50002136 (sz=30, trace=300000, nelems=15, elem type=char[])
OBJ 50002137 (sz=40, trace=300000, class=java.util.TreeMap$Entry@500000a6)
	key		50001994
	value		50001981
	parent		50002133
OBJ 50002138 (sz=40, trace=300000, class=java.util.TreeMap$Entry@500000a6)
	key		50001992
	value		50001980
	parent		50002133
ARR 50002139 (sz=20, trace=300000, nelems=10, elem type=char[])
ARR 5000213a (sz=30, trace=300000, nelems=15, elem type=char[])
ARR 5000213b (sz=30, trace=300000, nelems=15, elem type=char[])
ARR 5000213c (sz=14, trace=300000, nelems=7, elem type=char[])
OBJ 5000213d (sz=40, trace=300000, class=java.util.TreeMap$Entry@500000a6)
	key		5000199f
	value		50001a3e
	parent		5000211b
OBJ 5000213e (sz=40, trace=300000, class=java.util.TreeMap$Entry@500000a6)
	key		5000199d
	value		50001a3e
	left		50002140
	right		5000213f
	parent		5000211b
OBJ 5000213f (sz=40, trace=300000, class=java.util.TreeMap$Entry@500000a6)
	key		50001a05
	value		5000197c
	parent		5000213e
OBJ 50002140 (sz=40, trace=300000, class=java.util.TreeMap$Entry@500000a6)
	key		5000199b
	value		500019a0
	parent		5000213e
ARR 50002141 (sz=28, trace=300000, nelems=14, elem type=char[])
ARR 50002142 (sz=14, trace=300000, nelems=7, elem type=char[])
ARR 50002143 (sz=24, trace=300000, nelems=12, elem type=char[])
ARR 50002144 (sz=28, trace=300000, nelems=14, elem type=char[])
OBJ 50002145 (sz=40, trace=300000, class=java.util.TreeMap$Entry@500000a6)
	key		50001a11
	value		50001a4e
	left		5000215b
	right		5000215a
	parent		50002118
OBJ 50002146 (sz=40, trace=300000, class=java.util.TreeMap$Entry@500000a6)
	key		50001a0c
	value		5000196b
	left		50002149
	right		50002148
	parent		50002118
ARR 50002147 (sz=12, trace=300000, nelems=6, elem type=char[])
OBJ 50002148 (sz=40, trace=300000, class=java.util.TreeMap$Entry@500000a6)
	key		50001a0e
	value		5000196b
	left		50002156
	right		50002155
	parent		50002146
OBJ 50002149 (sz=40, trace=300000, class=java.util.TreeMap$Entry@500000a6)
	key		50001a09
	value		5000196b
	left		5000214c
	right		5000214b
	parent		50002146
ARR 5000214a (sz=24, trace=300000, nelems=12, elem type=char[])
OBJ 5000214b (sz=40, trace=300000, class=java.util.TreeMap$Entry@500000a6)
	key		50001a0a
	value		5000196b
	right		50002152
	parent		50002149
OBJ 5000214c (sz=40, trace=300000, class=java.util.TreeMap$Entry@500000a6)
	key		50001a07
	value		50001a40
	left		5000214f
	right		5000214e
	parent		50002149
ARR 5000214d (sz=14, trace=300000, nelems=7, elem type=char[])
OBJ 5000214e (sz=40, trace=300000, class=java.util.TreeMap$Entry@500000a6)
	key		50001a08
	value		5000196b
	parent		5000214c
OBJ 5000214f (sz=40, trace=300000, class=java.util.TreeMap$Entry@500000a6)
	key		5000199c
	value		50001a3f
	parent		5000214c
ARR 50002150 (sz=10, trace=300000, nelems=5, elem type=char[])
ARR 50002151 (sz=28, trace=300000, nelems=14, elem type=char[])
OBJ 50002152 (sz=40, trace=300000, class=java.util.TreeMap$Entry@500000a6)
	key		50001a0b
	value		50001a40
	parent		5000214b
ARR 50002153 (sz=24, trace=300000, nelems=12, elem type=char[])
ARR 50002154 (sz=24, trace=300000, nelems=12, elem type=char[])
OBJ 50002155 (sz=40, trace=300000, class=java.util.TreeMap$Entry@500000a6)
	key		50001a0f
	value		5000197f
	parent		50002148
OBJ 50002156 (sz=40, trace=300000, class=java.util.TreeMap$Entry@500000a6)
	key		50001a0d
	value		50001a40
	parent		50002148
ARR 50002157 (sz=16, trace=300000, nelems=8, elem type=char[])
ARR 50002158 (sz=24, trace=300000, nelems=12, elem type=char[])
ARR 50002159 (sz=4, trace=300000, nelems=2, elem type=char[])
OBJ 5000215a (sz=40, trace=300000, class=java.util.TreeMap$Entry@500000a6)
	key		50001a13
	value		50001a4c
	left		5000216b
	right		5000216a
	parent		50002145
OBJ 5000215b (sz=40, trace=300000, class=java.util.TreeMap$Entry@500000a6)
	key		50001af3
	value		50001c39
	left		5000215e
	right		5000215d
	parent		50002145
ARR 5000215c (sz=12, trace=300000, nelems=6, elem type=char[])
OBJ 5000215d (sz=40, trace=300000, class=java.util.TreeMap$Entry@500000a6)
	key		50001af7
	value		50001c3d
	left		50002164
	right		50002163
	parent		5000215b
OBJ 5000215e (sz=40, trace=300000, class=java.util.TreeMap$Entry@500000a6)
	key		50001af0
	value		50001c36
	left		50002160
	right		5000215f
	parent		5000215b
OBJ 5000215f (sz=40, trace=300000, class=java.util.TreeMap$Entry@500000a6)
	key		50001af1
	value		50001c37
	right		50002162
	parent		5000215e
OBJ 50002160 (sz=40, trace=300000, class=java.util.TreeMap$Entry@500000a6)
	key		50001aef
	value		50001c35
	left		50002161
	parent		5000215e
OBJ 50002161 (sz=40, trace=300000, class=java.util.TreeMap$Entry@500000a6)
	key		50001aee
	value		50001c34
	parent		50002160
OBJ 50002162 (sz=40, trace=300000, class=java.util.TreeMap$Entry@500000a6)
	key		50001af2
	value		50001c38
	parent		5000215f
OBJ 50002163 (sz=40, trace=300000, class=java.util.TreeMap$Entry@500000a6)
	key		50001afa
	value		50001c40
	left		50002168
	right		50002167
	parent		5000215d
OBJ 50002164 (sz=40, trace=300000, class=java.util.TreeMap$Entry@500000a6)
	key		50001af5
	value		50001c3b
	left		50002166
	right		50002165
	parent		5000215d
OBJ 50002165 (sz=40, trace=300000, class=java.util.TreeMap$Entry@500000a6)
	key		50001af6
	value		50001c3c
	parent		50002164
OBJ 50002166 (sz=40, trace=300000, class=java.util.TreeMap$Entry@500000a6)
	key		50001af4
	value		50001c3a
	parent		50002164
OBJ 50002167 (sz=40, trace=300000, class=java.util.TreeMap$Entry@500000a6)
	key		50001afb
	value		50001c41
	parent		50002163
OBJ 50002168 (sz=40, trace=300000, class=java.util.TreeMap$Entry@500000a6)
	key		50001af9
	value		50001c3f
	left		50002169
	parent		50002163
OBJ 50002169 (sz=40, trace=300000, class=java.util.TreeMap$Entry@500000a6)
	key		50001af8
	value		50001c3e
	parent		50002168
OBJ 5000216a (sz=40, trace=300000, class=java.util.TreeMap$Entry@500000a6)
	key		50001a14
	value		50001a4d
	parent		5000215a
OBJ 5000216b (sz=40, trace=300000, class=java.util.TreeMap$Entry@500000a6)
	key		50001a12
	value		50001a40
	parent		5000215a
ARR 5000216c (sz=14, trace=300000, nelems=7, elem type=char[])
ARR 5000216d (sz=12, trace=300000, nelems=6, elem type=char[])
ARR 5000216e (sz=14, trace=300000, nelems=7, elem type=char[])
OBJ 5000216f (sz=40, trace=300000, class=java.util.TreeMap$Entry@500000a6)
	key		50001a32
	value		50001a50
	left		500021a0
	right		5000219f
	parent		50002115
OBJ 50002170 (sz=40, trace=300000, class=java.util.TreeMap$Entry@500000a6)
	key		50001a19
	value		50001a4a
	left		50002173
	right		50002172
	parent		50002115
ARR 50002171 (sz=22, trace=300000, nelems=11, elem type=char[])
OBJ 50002172 (sz=40, trace=300000, class=java.util.TreeMap$Entry@500000a6)
	key		50001a1e
	value		500019b9
	left		50002183
	right		50002182
	parent		50002170
OBJ 50002173 (sz=40, trace=300000, class=java.util.TreeMap$Entry@500000a6)
	key		50001a16
	value		50001a4a
	left		50002176
	right		50002175
	parent		50002170
ARR 50002174 (sz=12, trace=300000, nelems=6, elem type=char[])
OBJ 50002175 (sz=40, trace=300000, class=java.util.TreeMap$Entry@500000a6)
	key		500019b2
	value		50001a42
	left		5000217e
	right		5000217d
	parent		50002173
OBJ 50002176 (sz=40, trace=300000, class=java.util.TreeMap$Entry@500000a6)
	key		500019ac
	value		50001a41
	left		50002179
	right		50002178
	parent		50002173
ARR 50002177 (sz=10, trace=300000, nelems=5, elem type=char[])
OBJ 50002178 (sz=40, trace=300000, class=java.util.TreeMap$Entry@500000a6)
	key		500019ae
	value		50001a41
	left		5000217b
	parent		50002176
OBJ 50002179 (sz=40, trace=300000, class=java.util.TreeMap$Entry@500000a6)
	key		500019ab
	value		50001a2c
	parent		50002176
ARR 5000217a (sz=20, trace=300000, nelems=10, elem type=char[])
OBJ 5000217b (sz=40, trace=300000, class=java.util.TreeMap$Entry@500000a6)
	key		500019ad
	value		50001a41
	parent		50002178
ARR 5000217c (sz=20, trace=300000, nelems=10, elem type=char[])
OBJ 5000217d (sz=40, trace=300000, class=java.util.TreeMap$Entry@500000a6)
	key		500019b3
	value		50001a43
	parent		50002175
OBJ 5000217e (sz=40, trace=300000, class=java.util.TreeMap$Entry@500000a6)
	key		50001a18
	value		50001a50
	left		5000217f
	parent		50002175
OBJ 5000217f (sz=40, trace=300000, class=java.util.TreeMap$Entry@500000a6)
	key		50001a17
	value		50001a4f
	parent		5000217e
ARR 50002180 (sz=10, trace=300000, nelems=5, elem type=char[])
ARR 50002181 (sz=10, trace=300000, nelems=5, elem type=char[])
OBJ 50002182 (sz=40, trace=300000, class=java.util.TreeMap$Entry@500000a6)
	key		50001a24
	value		50001a45
	left		5000218d
	right		5000218c
	parent		50002172
OBJ 50002183 (sz=40, trace=300000, class=java.util.TreeMap$Entry@500000a6)
	key		50001a1c
	value		50001a44
	left		50002186
	right		50002185
	parent		50002172
ARR 50002184 (sz=18, trace=300000, nelems=9, elem type=char[])
OBJ 50002185 (sz=40, trace=300000, class=java.util.TreeMap$Entry@500000a6)
	key		50001a1d
	value		500019b9
	parent		50002183
OBJ 50002186 (sz=40, trace=300000, class=java.util.TreeMap$Entry@500000a6)
	key		50001a1b
	value		500019b9
	left		50002188
	parent		50002183
ARR 50002187 (sz=6, trace=300000, nelems=3, elem type=char[])
OBJ 50002188 (sz=40, trace=300000, class=java.util.TreeMap$Entry@500000a6)
	key		50001a1a
	value		50001a4f
	parent		50002186
ARR 50002189 (sz=16, trace=300000, nelems=8, elem type=char[])
ARR 5000218a (sz=12, trace=300000, nelems=6, elem type=char[])
ARR 5000218b (sz=18, trace=300000, nelems=9, elem type=char[])
OBJ 5000218c (sz=40, trace=300000, class=java.util.TreeMap$Entry@500000a6)
	key		500019b8
	value		50001a3a
	left		50002199
	right		50002198
	parent		50002182
OBJ 5000218d (sz=40, trace=300000, class=java.util.TreeMap$Entry@500000a6)
	key		50001a22
	value		50001a45
	left		50002190
	right		5000218f
	parent		50002182
ARR 5000218e (sz=18, trace=300000, nelems=9, elem type=char[])
OBJ 5000218f (sz=40, trace=300000, class=java.util.TreeMap$Entry@500000a6)
	key		50001a23
	value		50001a45
	parent		5000218d
OBJ 50002190 (sz=40, trace=300000, class=java.util.TreeMap$Entry@500000a6)
	key		50001a20
	value		50001a45
	left		50002193
	right		50002192
	parent		5000218d
ARR 50002191 (sz=18, trace=300000, nelems=9, elem type=char[])
OBJ 50002192 (sz=40, trace=300000, class=java.util.TreeMap$Entry@500000a6)
	key		50001a21
	value		500019b9
	parent		50002190
OBJ 50002193 (sz=40, trace=300000, class=java.util.TreeMap$Entry@500000a6)
	key		50001a1f
	value		50001a45
	parent		50002190
ARR 50002194 (sz=38, trace=300000, nelems=19, elem type=char[])
ARR 50002195 (sz=28, trace=300000, nelems=14, elem type=char[])
ARR 50002196 (sz=8, trace=300000, nelems=4, elem type=char[])
ARR 50002197 (sz=18, trace=300000, nelems=9, elem type=char[])
OBJ 50002198 (sz=40, trace=300000, class=java.util.TreeMap$Entry@500000a6)
	key		50001a27
	value		500019ba
	right		5000219c
	parent		5000218c
OBJ 50002199 (sz=40, trace=300000, class=java.util.TreeMap$Entry@500000a6)
	key		50001a25
	value		50001a45
	parent		5000218c
ARR 5000219a (sz=26, trace=300000, nelems=13, elem type=char[])
ARR 5000219b (sz=28, trace=300000, nelems=14, elem type=char[])
OBJ 5000219c (sz=40, trace=300000, class=java.util.TreeMap$Entry@500000a6)
	key		50001a28
	value		500019ba
	parent		50002198
ARR 5000219d (sz=12, trace=300000, nelems=6, elem type=char[])
ARR 5000219e (sz=22, trace=300000, nelems=11, elem type=char[])
OBJ 5000219f (sz=40, trace=300000, class=java.util.TreeMap$Entry@500000a6)
	key		50001a4b
	value		500019b9
	left		500021ab
	right		500021aa
	parent		5000216f
OBJ 500021a0 (sz=40, trace=300000, class=java.util.TreeMap$Entry@500000a6)
	key		50001a2f
	value		50001a41
	left		500021a3
	right		500021a2
	parent		5000216f
ARR 500021a1 (sz=22, trace=300000, nelems=11, elem type=char[])
OBJ 500021a2 (sz=40, trace=300000, class=java.util.TreeMap$Entry@500000a6)
	key		500017d6
	value		500017d4
	left		500021a7
	right		500021a6
	parent		500021a0
OBJ 500021a3 (sz=40, trace=300000, class=java.util.TreeMap$Entry@500000a6)
	key		50001a2e
	value		50001a2c
	parent		500021a0
ARR 500021a4 (sz=32, trace=300000, nelems=16, elem type=char[])
ARR 500021a5 (sz=22, trace=300000, nelems=11, elem type=char[])
OBJ 500021a6 (sz=40, trace=300000, class=java.util.TreeMap$Entry@500000a6)
	key		50001a31
	value		50001a4f
	parent		500021a2
OBJ 500021a7 (sz=40, trace=300000, class=java.util.TreeMap$Entry@500000a6)
	key		50001a30
	value		50001a41
	parent		500021a2
ARR 500021a8 (sz=32, trace=300000, nelems=16, elem type=char[])
ARR 500021a9 (sz=22, trace=300000, nelems=11, elem type=char[])
OBJ 500021aa (sz=40, trace=300000, class=java.util.TreeMap$Entry@500000a6)
	key		50001a52
	value		50001a3e
	left		500021b7
	right		500021b6
	parent		5000219f
OBJ 500021ab (sz=40, trace=300000, class=java.util.TreeMap$Entry@500000a6)
	key		50001a46
	value		5000196a
	left		500021ae
	right		500021ad
	parent		5000219f
ARR 500021ac (sz=12, trace=300000, nelems=6, elem type=char[])
OBJ 500021ad (sz=40, trace=300000, class=java.util.TreeMap$Entry@500000a6)
	key		50001a48
	value		5000196a
	parent		500021ab
OBJ 500021ae (sz=40, trace=300000, class=java.util.TreeMap$Entry@500000a6)
	key		50001a34
	value		50001a4f
	left		500021b1
	right		500021b0
	parent		500021ab
ARR 500021af (sz=16, trace=300000, nelems=8, elem type=char[])
OBJ 500021b0 (sz=40, trace=300000, class=java.util.TreeMap$Entry@500000a6)
	key		50001a37
	value		50001976
	parent		500021ae
OBJ 500021b1 (sz=40, trace=300000, class=java.util.TreeMap$Entry@500000a6)
	key		50001a33
	value		50001a51
	parent		500021ae
ARR 500021b2 (sz=20, trace=300000, nelems=10, elem type=char[])
ARR 500021b3 (sz=34, trace=300000, nelems=17, elem type=char[])
ARR 500021b4 (sz=16, trace=300000, nelems=8, elem type=char[])
ARR 500021b5 (sz=14, trace=300000, nelems=7, elem type=char[])
OBJ 500021b6 (sz=40, trace=300000, class=java.util.TreeMap$Entry@500000a6)
	key		50001a53
	value		500019a0
	parent		500021aa
OBJ 500021b7 (sz=40, trace=300000, class=java.util.TreeMap$Entry@500000a6)
	key		500019bc
	value		5000199e
	parent		500021aa
ARR 500021b8 (sz=10, trace=300000, nelems=5, elem type=char[])
ARR 500021b9 (sz=10, trace=300000, nelems=5, elem type=char[])
ARR 500021ba (sz=10, trace=300000, nelems=5, elem type=char[])
OBJ 500021bb (sz=40, trace=300000, class=java.util.TreeMap$Entry@500000a6)
	key		50001a36
	value		500021be
	left		500021bd
	right		500021bc
OBJ 500021bc (sz=40, trace=300000, class=java.util.TreeMap$Entry@500000a6)
	key		50001a3b
	value		50002233
	left		50002232
	right		50002231
	parent		500021bb
OBJ 500021bd (sz=40, trace=300000, class=java.util.TreeMap$Entry@500000a6)
	key		5000197d
	value		500021c1
	left		500021c0
	right		500021bf
	parent		500021bb
ARR 500021be (sz=24, trace=300000, nelems=1, elem type=java.lang.String[]@500000db)
	[0]		50001968
OBJ 500021bf (sz=40, trace=300000, class=java.util.TreeMap$Entry@500000a6)
	key		500019a0
	value		5000221a
	left		50002219
	right		50002218
	parent		500021bd
OBJ 500021c0 (sz=40, trace=300000, class=java.util.TreeMap$Entry@500000a6)
	key		50001ac2
	value		500021c4
	left		500021c3
	right		500021c2
	parent		500021bd
ARR 500021c1 (sz=24, trace=300000, nelems=2, elem type=java.lang.String[]@500000db)
	[0]		500019d6
	[1]		500019ff
OBJ 500021c2 (sz=40, trace=300000, class=java.util.TreeMap$Entry@500000a6)
	key		50001ad5
	value		500021f1
	left		500021f0
	right		500021ef
	parent		500021c0
OBJ 500021c3 (sz=40, trace=300000, class=java.util.TreeMap$Entry@500000a6)
	key		50001a9f
	value		500021c7
	left		500021c6
	right		500021c5
	parent		500021c0
ARR 500021c4 (sz=32, trace=300000, nelems=4, elem type=java.lang.String[]@500000db)
	[0]		50001b30
	[1]		50001be4
	[2]		50001ba4
	[3]		50001a6f
OBJ 500021c5 (sz=40, trace=300000, class=java.util.TreeMap$Entry@500000a6)
	key		50001aa7
	value		500021dc
	left		500021db
	right		500021da
	parent		500021c3
OBJ 500021c6 (sz=40, trace=300000, class=java.util.TreeMap$Entry@500000a6)
	key		500017d4
	value		500017d3
	left		500021c9
	right		500021c8
	parent		500021c3
ARR 500021c7 (sz=40, trace=300000, nelems=6, elem type=java.lang.String[]@500000db)
	[0]		50001b23
	[1]		50001b00
	[2]		50001b0d
	[3]		50001a62
	[4]		50001b8e
	[5]		50001b86
OBJ 500021c8 (sz=40, trace=300000, class=java.util.TreeMap$Entry@500000a6)
	key		50001a9d
	value		500021d7
	left		500021d6
	right		500021d5
	parent		500021c6
OBJ 500021c9 (sz=40, trace=300000, class=java.util.TreeMap$Entry@500000a6)
	key		50001965
	value		500021cc
	left		500021cb
	right		500021ca
	parent		500021c6
OBJ 500021ca (sz=40, trace=300000, class=java.util.TreeMap$Entry@500000a6)
	key		50001975
	value		500021d0
	left		500021cf
	right		500021ce
	parent		500021c9
OBJ 500021cb (sz=40, trace=300000, class=java.util.TreeMap$Entry@500000a6)
	key		50001964
	value		500021cd
	parent		500021c9
ARR 500021cc (sz=32, trace=300000, nelems=4, elem type=java.lang.String[]@500000db)
	[0]		50001966
	[1]		500019c1
	[2]		500019be
	[3]		500019c3
ARR 500021cd (sz=24, trace=300000, nelems=1, elem type=java.lang.String[]@500000db)
	[0]		500019ce
OBJ 500021ce (sz=40, trace=300000, class=java.util.TreeMap$Entry@500000a6)
	key		50001976
	value		500021d4
	parent		500021ca
OBJ 500021cf (sz=40, trace=300000, class=java.util.TreeMap$Entry@500000a6)
	key		5000196a
	value		500021d2
	right		500021d1
	parent		500021ca
ARR 500021d0 (sz=24, trace=300000, nelems=1, elem type=java.lang.String[]@500000db)
	[0]		500019eb
OBJ 500021d1 (sz=40, trace=300000, class=java.util.TreeMap$Entry@500000a6)
	key		5000196b
	value		500021d3
	parent		500021cf
ARR 500021d2 (sz=48, trace=300000, nelems=7, elem type=java.lang.String[]@500000db)
	[0]		500019e2
	[1]		500019e7
	[2]		500019e8
	[3]		50001974
	[4]		500019d0
	[5]		50001a46
	[6]		50001a48
ARR 500021d3 (sz=56, trace=300000, nelems=9, elem type=java.lang.String[]@500000db)
	[0]		500019e4
	[1]		50001a09
	[2]		500019e9
	[3]		50001a08
	[4]		50001a0a
	[5]		50001a0c
	[6]		50001a0e
	[7]		500019cf
	[8]		5000195d
ARR 500021d4 (sz=48, trace=300000, nelems=7, elem type=java.lang.String[]@500000db)
	[0]		500019ec
	[1]		500019ee
	[2]		500019ed
	[3]		500019df
	[4]		500019e6
	[5]		50001a37
	[6]		5000196d
OBJ 500021d5 (sz=40, trace=300000, class=java.util.TreeMap$Entry@500000a6)
	key		50001a9e
	value		500021d9
	parent		500021c8
OBJ 500021d6 (sz=40, trace=300000, class=java.util.TreeMap$Entry@500000a6)
	key		50001a9c
	value		500021d8
	parent		500021c8
ARR 500021d7 (sz=40, trace=300000, nelems=5, elem type=java.lang.String[]@500000db)
	[0]		50001b21
	[1]		50001afe
	[2]		50001b0b
	[3]		50001a60
	[4]		50001b92
ARR 500021d8 (sz=32, trace=300000, nelems=4, elem type=java.lang.String[]@500000db)
	[0]		50001b3e
	[1]		50001bf2
	[2]		50001bb5
	[3]		50001a7c
ARR 500021d9 (sz=40, trace=300000, nelems=5, elem type=java.lang.String[]@500000db)
	[0]		50001b22
	[1]		50001aff
	[2]		50001b0c
	[3]		50001a61
	[4]		50001b85
OBJ 500021da (sz=40, trace=300000, class=java.util.TreeMap$Entry@500000a6)
	key		50001aac
	value		500021ec
	left		500021eb
	right		500021ea
	parent		500021c5
OBJ 500021db (sz=40, trace=300000, class=java.util.TreeMap$Entry@500000a6)
	key		50001aa1
	value		500021df
	left		500021de
	right		500021dd
	parent		500021c5
ARR 500021dc (sz=80, trace=300000, nelems=15, elem type=java.lang.String[]@500000db)
	[0]		50001b15
	[1]		50001bd4
	[2]		50001b82
	[3]		50001b79
	[4]		50001b83
	[5]		50001b7f
	[6]		50001b64
	[7]		50001b62
	[8]		50001b60
	[9]		50001b63
	[10]		50001b61
	[11]		50001b93
	[12]		50001bae
	[13]		50001b5f
	[14]		50001a54
OBJ 500021dd (sz=40, trace=300000, class=java.util.TreeMap$Entry@500000a6)
	key		50001aa3
	value		500021e3
	left		500021e2
	right		500021e1
	parent		500021db
OBJ 500021de (sz=40, trace=300000, class=java.util.TreeMap$Entry@500000a6)
	key		50001aa0
	value		500021e0
	parent		500021db
ARR 500021df (sz=40, trace=300000, nelems=5, elem type=java.lang.String[]@500000db)
	[0]		50001b25
	[1]		50001b02
	[2]		50001b0f
	[3]		50001a64
	[4]		50001b8d
ARR 500021e0 (sz=40, trace=300000, nelems=6, elem type=java.lang.String[]@500000db)
	[0]		50001b24
	[1]		50001b01
	[2]		50001b0e
	[3]		50001a63
	[4]		50001b88
	[5]		50001b90
OBJ 500021e1 (sz=40, trace=300000, class=java.util.TreeMap$Entry@500000a6)
	key		50001aa5
	value		500021e7
	left		500021e6
	right		500021e5
	parent		500021dd
OBJ 500021e2 (sz=40, trace=300000, class=java.util.TreeMap$Entry@500000a6)
	key		50001aa2
	value		500021e4
	parent		500021dd
ARR 500021e3 (sz=40, trace=300000, nelems=5, elem type=java.lang.String[]@500000db)
	[0]		50001b27
	[1]		50001b04
	[2]		50001b11
	[3]		50001a66
	[4]		50001b8b
ARR 500021e4 (sz=40, trace=300000, nelems=5, elem type=java.lang.String[]@500000db)
	[0]		50001b26
	[1]		50001b03
	[2]		50001b10
	[3]		50001a65
	[4]		50001b87
OBJ 500021e5 (sz=40, trace=300000, class=java.util.TreeMap$Entry@500000a6)
	key		50001aa6
	value		500021e9
	parent		500021e1
OBJ 500021e6 (sz=40, trace=300000, class=java.util.TreeMap$Entry@500000a6)
	key		50001aa4
	value		500021e8
	parent		500021e1
ARR 500021e7 (sz=40, trace=300000, nelems=5, elem type=java.lang.String[]@500000db)
	[0]		50001b29
	[1]		50001b06
	[2]		50001b13
	[3]		50001a68
	[4]		50001b8c
ARR 500021e8 (sz=40, trace=300000, nelems=5, elem type=java.lang.String[]@500000db)
	[0]		50001b28
	[1]		50001b05
	[2]		50001b12
	[3]		50001a67
	[4]		50001b89
ARR 500021e9 (sz=40, trace=300000, nelems=5, elem type=java.lang.String[]@500000db)
	[0]		50001b2a
	[1]		50001b07
	[2]		50001b14
	[3]		50001a69
	[4]		50001b8f
OBJ 500021ea (sz=40, trace=300000, class=java.util.TreeMap$Entry@500000a6)
	key		50001ac1
	value		500021ee
	parent		500021da
OBJ 500021eb (sz=40, trace=300000, class=java.util.TreeMap$Entry@500000a6)
	key		50001aaa
	value		500021ed
	parent		500021da
ARR 500021ec (sz=32, trace=300000, nelems=3, elem type=java.lang.String[]@500000db)
	[0]		50001b1a
	[1]		50001b98
	[2]		50001a59
ARR 500021ed (sz=32, trace=300000, nelems=4, elem type=java.lang.String[]@500000db)
	[0]		50001b18
	[1]		50001bd7
	[2]		50001b96
	[3]		50001a57
ARR 500021ee (sz=32, trace=300000, nelems=4, elem type=java.lang.String[]@500000db)
	[0]		50001b2f
	[1]		50001be3
	[2]		50001ba3
	[3]		50001a6e
OBJ 500021ef (sz=40, trace=300000, class=java.util.TreeMap$Entry@500000a6)
	key		50001ad9
	value		5000220b
	left		5000220a
	right		50002209
	parent		500021c2
OBJ 500021f0 (sz=40, trace=300000, class=java.util.TreeMap$Entry@500000a6)
	key		50001ac6
	value		500021f4
	left		500021f3
	right		500021f2
	parent		500021c2
ARR 500021f1 (sz=40, trace=300000, nelems=5, elem type=java.lang.String[]@500000db)
	[0]		50001b43
	[1]		50001bf7
	[2]		50001bba
	[3]		50001a81
	[4]		50001b70
OBJ 500021f2 (sz=40, trace=300000, class=java.util.TreeMap$Entry@500000a6)
	key		50001ad3
	value		500021fc
	left		500021fb
	right		500021fa
	parent		500021f0
OBJ 500021f3 (sz=40, trace=300000, class=java.util.TreeMap$Entry@500000a6)
	key		50001ac4
	value		500021f7
	left		500021f6
	right		500021f5
	parent		500021f0
ARR 500021f4 (sz=48, trace=300000, nelems=8, elem type=java.lang.String[]@500000db)
	[0]		50001b34
	[1]		50001be8
	[2]		50001ba8
	[3]		50001a73
	[4]		50001b7c
	[5]		50001b8a
	[6]		50001b67
	[7]		50001b5d
OBJ 500021f5 (sz=40, trace=300000, class=java.util.TreeMap$Entry@500000a6)
	key		50001ac5
	value		500021f9
	parent		500021f3
OBJ 500021f6 (sz=40, trace=300000, class=java.util.TreeMap$Entry@500000a6)
	key		50001ac3
	value		500021f8
	parent		500021f3
ARR 500021f7 (sz=32, trace=300000, nelems=4, elem type=java.lang.String[]@500000db)
	[0]		50001b32
	[1]		50001be6
	[2]		50001ba6
	[3]		50001a71
ARR 500021f8 (sz=48, trace=300000, nelems=7, elem type=java.lang.String[]@500000db)
	[0]		50001b31
	[1]		50001be5
	[2]		50001ba5
	[3]		50001a70
	[4]		50001b91
	[5]		50001b81
	[6]		50001b65
ARR 500021f9 (sz=40, trace=300000, nelems=6, elem type=java.lang.String[]@500000db)
	[0]		50001b33
	[1]		50001be7
	[2]		50001ba7
	[3]		50001a72
	[4]		50001b66
	[5]		50001b5c
OBJ 500021fa (sz=40, trace=300000, class=java.util.TreeMap$Entry@500000a6)
	key		50001ad4
	value		50002208
	parent		500021f2
OBJ 500021fb (sz=40, trace=300000, class=java.util.TreeMap$Entry@500000a6)
	key		50001acb
	value		500021ff
	left		500021fe
	right		500021fd
	parent		500021f2
ARR 500021fc (sz=40, trace=300000, nelems=6, elem type=java.lang.String[]@500000db)
	[0]		50001b41
	[1]		50001bf5
	[2]		50001bb8
	[3]		50001a7f
	[4]		50001b6e
	[5]		50001b0a
OBJ 500021fd (sz=40, trace=300000, class=java.util.TreeMap$Entry@500000a6)
	key		50001acd
	value		50002205
	left		50002204
	right		50002203
	parent		500021fb
OBJ 500021fe (sz=40, trace=300000, class=java.util.TreeMap$Entry@500000a6)
	key		50001ac8
	value		50002201
	left		50002200
	parent		500021fb
ARR 500021ff (sz=40, trace=300000, nelems=6, elem type=java.lang.String[]@500000db)
	[0]		50001b39
	[1]		50001bed
	[2]		50001baf
	[3]		50001b76
	[4]		50001a78
	[5]		50001b6a
OBJ 50002200 (sz=40, trace=300000, class=java.util.TreeMap$Entry@500000a6)
	key		50001ac7
	value		50002202
	parent		500021fe
ARR 50002201 (sz=48, trace=300000, nelems=7, elem type=java.lang.String[]@500000db)
	[0]		50001b36
	[1]		50001bea
	[2]		50001baa
	[3]		50001a75
	[4]		50001b7b
	[5]		50001b5e
	[6]		50001b69
ARR 50002202 (sz=40, trace=300000, nelems=6, elem type=java.lang.String[]@500000db)
	[0]		50001b35
	[1]		50001be9
	[2]		50001ba9
	[3]		50001b68
	[4]		50001a9b
	[5]		50001a74
OBJ 50002203 (sz=40, trace=300000, class=java.util.TreeMap$Entry@500000a6)
	key		50001ad2
	value		50002207
	parent		500021fd
OBJ 50002204 (sz=40, trace=300000, class=java.util.TreeMap$Entry@500000a6)
	key		50001acc
	value		50002206
	parent		500021fd
ARR 50002205 (sz=48, trace=300000, nelems=7, elem type=java.lang.String[]@500000db)
	[0]		50001b3b
	[1]		50001bef
	[2]		50001bb1
	[3]		50001a7a
	[4]		50001b7a
	[5]		50001b78
	[6]		50001b6c
ARR 50002206 (sz=40, trace=300000, nelems=6, elem type=java.lang.String[]@500000db)
	[0]		50001b3a
	[1]		50001bee
	[2]		50001bb0
	[3]		50001a79
	[4]		50001b7d
	[5]		50001b6b
ARR 50002207 (sz=40, trace=300000, nelems=5, elem type=java.lang.String[]@500000db)
	[0]		50001b40
	[1]		50001bf4
	[2]		50001bb7
	[3]		50001a7e
	[4]		50001b6d
ARR 50002208 (sz=40, trace=300000, nelems=5, elem type=java.lang.String[]@500000db)
	[0]		50001b42
	[1]		50001bf6
	[2]		50001bb9
	[3]		50001a80
	[4]		50001b6f
OBJ 50002209 (sz=40, trace=300000, class=java.util.TreeMap$Entry@500000a6)
	key		50001979
	value		50002213
	left		50002212
	right		50002211
	parent		500021ef
OBJ 5000220a (sz=40, trace=300000, class=java.util.TreeMap$Entry@500000a6)
	key		50001ad7
	value		5000220e
	left		5000220d
	right		5000220c
	parent		500021ef
ARR 5000220b (sz=48, trace=300000, nelems=7, elem type=java.lang.String[]@500000db)
	[0]		50001b47
	[1]		50001bfb
	[2]		50001bbe
	[3]		50001a85
	[4]		50001b80
	[5]		50001b84
	[6]		50001b74
OBJ 5000220c (sz=40, trace=300000, class=java.util.TreeMap$Entry@500000a6)
	key		50001ad8
	value		50002210
	parent		5000220a
OBJ 5000220d (sz=40, trace=300000, class=java.util.TreeMap$Entry@500000a6)
	key		50001ad6
	value		5000220f
	parent		5000220a
ARR 5000220e (sz=40, trace=300000, nelems=6, elem type=java.lang.String[]@500000db)
	[0]		50001b45
	[1]		50001bf9
	[2]		50001bbc
	[3]		50001a83
	[4]		50001b08
	[5]		50001b72
ARR 5000220f (sz=40, trace=300000, nelems=5, elem type=java.lang.String[]@500000db)
	[0]		50001b44
	[1]		50001bf8
	[2]		50001bbb
	[3]		50001a82
	[4]		50001b71
ARR 50002210 (sz=40, trace=300000, nelems=6, elem type=java.lang.String[]@500000db)
	[0]		50001b46
	[1]		50001bfa
	[2]		50001bbd
	[3]		50001a84
	[4]		50001b09
	[5]		50001b73
OBJ 50002211 (sz=40, trace=300000, class=java.util.TreeMap$Entry@500000a6)
	key		5000197c
	value		50002217
	parent		50002209
OBJ 50002212 (sz=40, trace=300000, class=java.util.TreeMap$Entry@500000a6)
	key		50001ada
	value		50002215
	right		50002214
	parent		50002209
ARR 50002213 (sz=24, trace=300000, nelems=2, elem type=java.lang.String[]@500000db)
	[0]		50001982
	[1]		500019d4
OBJ 50002214 (sz=40, trace=300000, class=java.util.TreeMap$Entry@500000a6)
	key		50001adc
	value		50002216
	parent		50002212
ARR 50002215 (sz=40, trace=300000, nelems=6, elem type=java.lang.String[]@500000db)
	[0]		50001b48
	[1]		50001bfc
	[2]		50001bbf
	[3]		50001a86
	[4]		50001b7e
	[5]		50001b75
ARR 50002216 (sz=32, trace=300000, nelems=4, elem type=java.lang.String[]@500000db)
	[0]		50001b4a
	[1]		50001bc1
	[2]		50001a88
	[3]		50001b77
ARR 50002217 (sz=40, trace=300000, nelems=5, elem type=java.lang.String[]@500000db)
	[0]		500019fe
	[1]		50001a04
	[2]		500019d5
	[3]		50001a05
	[4]		500019de
OBJ 50002218 (sz=40, trace=300000, class=java.util.TreeMap$Entry@500000a6)
	key		50001a2c
	value		50002226
	left		50002225
	right		50002224
	parent		500021bf
OBJ 50002219 (sz=40, trace=300000, class=java.util.TreeMap$Entry@500000a6)
	key		5000197f
	value		5000221d
	left		5000221c
	right		5000221b
	parent		500021bf
ARR 5000221a (sz=40, trace=300000, nelems=5, elem type=java.lang.String[]@500000db)
	[0]		5000199b
	[1]		50001a06
	[2]		50001a53
	[3]		500019fc
	[4]		500019d3
OBJ 5000221b (sz=40, trace=300000, class=java.util.TreeMap$Entry@500000a6)
	key		50001981
	value		50002221
	left		50002220
	right		5000221f
	parent		50002219
OBJ 5000221c (sz=40, trace=300000, class=java.util.TreeMap$Entry@500000a6)
	key		5000197e
	value		5000221e
	parent		50002219
ARR 5000221d (sz=72, trace=300000, nelems=13, elem type=java.lang.String[]@500000db)
	[0]		50001a01
	[1]		5000195e
	[2]		50001990
	[3]		500019f8
	[4]		5000198f
	[5]		5000198c
	[6]		50001a10
	[7]		50001a0f
	[8]		500019f4
	[9]		500019f1
	[10]		500019cc
	[11]		50001961
	[12]		500019d9
ARR 5000221e (sz=24, trace=300000, nelems=2, elem type=java.lang.String[]@500000db)
	[0]		50001985
	[1]		500019d7
OBJ 5000221f (sz=40, trace=300000, class=java.util.TreeMap$Entry@500000a6)
	key		5000199e
	value		50002223
	parent		5000221b
OBJ 50002220 (sz=40, trace=300000, class=java.util.TreeMap$Entry@500000a6)
	key		50001980
	value		50002222
	parent		5000221b
ARR 50002221 (sz=64, trace=300000, nelems=12, elem type=java.lang.String[]@500000db)
	[0]		50001a03
	[1]		50001960
	[2]		500019fa
	[3]		50001993
	[4]		50001994
	[5]		5000198e
	[6]		500019cd
	[7]		50001962
	[8]		500019f5
	[9]		500019f2
	[10]		500019ef
	[11]		500019db
ARR 50002222 (sz=72, trace=300000, nelems=14, elem type=java.lang.String[]@500000db)
	[0]		50001a02
	[1]		5000195f
	[2]		500019f9
	[3]		50001991
	[4]		50001992
	[5]		5000198d
	[6]		50001969
	[7]		50001963
	[8]		500019bd
	[9]		500019f3
	[10]		500019f0
	[11]		500019c6
	[12]		5000195c
	[13]		500019da
ARR 50002223 (sz=32, trace=300000, nelems=4, elem type=java.lang.String[]@500000db)
	[0]		50001999
	[1]		5000199e
	[2]		500019bc
	[3]		500019d1
OBJ 50002224 (sz=40, trace=300000, class=java.util.TreeMap$Entry@500000a6)
	key		50001a35
	value		50002230
	parent		50002218
OBJ 50002225 (sz=40, trace=300000, class=java.util.TreeMap$Entry@500000a6)
	key		500019ba
	value		50002229
	left		50002228
	right		50002227
	parent		50002218
ARR 50002226 (sz=32, trace=300000, nelems=3, elem type=java.lang.String[]@500000db)
	[0]		500019ab
	[1]		50001a2e
	[2]		500019dd
OBJ 50002227 (sz=40, trace=300000, class=java.util.TreeMap$Entry@500000a6)
	key		50001a2a
	value		5000222d
	left		5000222c
	right		5000222b
	parent		50002225
OBJ 50002228 (sz=40, trace=300000, class=java.util.TreeMap$Entry@500000a6)
	key		500019b9
	value		5000222a
	parent		50002225
ARR 50002229 (sz=24, trace=300000, nelems=2, elem type=java.lang.String[]@500000db)
	[0]		50001a27
	[1]		50001a28
ARR 5000222a (sz=40, trace=300000, nelems=6, elem type=java.lang.String[]@500000db)
	[0]		50001a21
	[1]		50001a1e
	[2]		50001a1d
	[3]		50001a1b
	[4]		50001a4b
	[5]		500019dc
OBJ 5000222b (sz=40, trace=300000, class=java.util.TreeMap$Entry@500000a6)
	key		50001a2b
	value		5000222f
	parent		50002227
OBJ 5000222c (sz=40, trace=300000, class=java.util.TreeMap$Entry@500000a6)
	key		50001a29
	value		5000222e
	parent		50002227
ARR 5000222d (sz=24, trace=300000, nelems=1, elem type=java.lang.String[]@500000db)
	[0]		500019c8
ARR 5000222e (sz=24, trace=300000, nelems=1, elem type=java.lang.String[]@500000db)
	[0]		500019c7
ARR 5000222f (sz=24, trace=300000, nelems=1, elem type=java.lang.String[]@500000db)
	[0]		500019c9
ARR 50002230 (sz=40, trace=300000, nelems=5, elem type=java.lang.String[]@500000db)
	[0]		50001967
	[1]		500019c2
	[2]		500019bf
	[3]		500019c0
	[4]		500019c4
OBJ 50002231 (sz=40, trace=300000, class=java.util.TreeMap$Entry@500000a6)
	key		50001c39
	value		50002285
	left		50002284
	right		50002283
	parent		500021bc
OBJ 50002232 (sz=40, trace=300000, class=java.util.TreeMap$Entry@500000a6)
	key		50001c22
	value		50002236
	left		50002235
	right		50002234
	parent		500021bc
ARR 50002233 (sz=24, trace=300000, nelems=2, elem type=java.lang.String[]@500000db)
	[0]		50001983
	[1]		5000197a
OBJ 50002234 (sz=40, trace=300000, class=java.util.TreeMap$Entry@500000a6)
	key		50001a39
	value		50002260
	left		5000225f
	right		5000225e
	parent		50002232
OBJ 50002235 (sz=40, trace=300000, class=java.util.TreeMap$Entry@500000a6)
	key		50001c16
	value		50002239
	left		50002238
	right		50002237
	parent		50002232
ARR 50002236 (sz=32, trace=300000, nelems=4, elem type=java.lang.String[]@500000db)
	[0]		50001b3f
	[1]		50001bb6
	[2]		50001bf3
	[3]		50001a7d
OBJ 50002237 (sz=40, trace=300000, class=java.util.TreeMap$Entry@500000a6)
	key		50001c1b
	value		5000224b
	left		5000224a
	right		50002249
	parent		50002235
OBJ 50002238 (sz=40, trace=300000, class=java.util.TreeMap$Entry@500000a6)
	key		50001c11
	value		5000223c
	left		5000223b
	right		5000223a
	parent		50002235
ARR 50002239 (sz=32, trace=300000, nelems=4, elem type=java.lang.String[]@500000db)
	[0]		50001b1d
	[1]		50001bdb
	[2]		50001b9b
	[3]		50001a5c
OBJ 5000223a (sz=40, trace=300000, class=java.util.TreeMap$Entry@500000a6)
	key		50001c13
	value		50002244
	left		50002243
	right		50002242
	parent		50002238
OBJ 5000223b (sz=40, trace=300000, class=java.util.TreeMap$Entry@500000a6)
	key		50001a38
	value		5000223f
	left		5000223e
	right		5000223d
	parent		50002238
ARR 5000223c (sz=32, trace=300000, nelems=4, elem type=java.lang.String[]@500000db)
	[0]		50001b16
	[1]		50001bd5
	[2]		50001b94
	[3]		50001a55
OBJ 5000223d (sz=40, trace=300000, class=java.util.TreeMap$Entry@500000a6)
	key		50001a49
	value		50002241
	parent		5000223b
OBJ 5000223e (sz=40, trace=300000, class=java.util.TreeMap$Entry@500000a6)
	key		50001a47
	value		50002240
	parent		5000223b
ARR 5000223f (sz=32, trace=300000, nelems=4, elem type=java.lang.String[]@500000db)
	[0]		500019e5
	[1]		500019ea
	[2]		500019c5
	[3]		5000196c
ARR 50002240 (sz=24, trace=300000, nelems=2, elem type=java.lang.String[]@500000db)
	[0]		500019e3
	[1]		500019e0
ARR 50002241 (sz=24, trace=300000, nelems=2, elem type=java.lang.String[]@500000db)
	[0]		50001971
	[1]		500019e1
OBJ 50002242 (sz=40, trace=300000, class=java.util.TreeMap$Entry@500000a6)
	key		50001c15
	value		50002247
	left		50002246
	parent		5000223a
OBJ 50002243 (sz=40, trace=300000, class=java.util.TreeMap$Entry@500000a6)
	key		50001c12
	value		50002245
	parent		5000223a
ARR 50002244 (sz=32, trace=300000, nelems=4, elem type=java.lang.String[]@500000db)
	[0]		50001b19
	[1]		50001bd8
	[2]		50001b97
	[3]		50001a58
ARR 50002245 (sz=32, trace=300000, nelems=4, elem type=java.lang.String[]@500000db)
	[0]		50001b17
	[1]		50001bd6
	[2]		50001b95
	[3]		50001a56
OBJ 50002246 (sz=40, trace=300000, class=java.util.TreeMap$Entry@500000a6)
	key		50001c14
	value		50002248
	parent		50002242
ARR 50002247 (sz=32, trace=300000, nelems=4, elem type=java.lang.String[]@500000db)
	[0]		50001b1c
	[1]		50001bda
	[2]		50001b9a
	[3]		50001a5b
ARR 50002248 (sz=32, trace=300000, nelems=4, elem type=java.lang.String[]@500000db)
	[0]		50001b1b
	[1]		50001bd9
	[2]		50001b99
	[3]		50001a5a
OBJ 50002249 (sz=40, trace=300000, class=java.util.TreeMap$Entry@500000a6)
	key		50001c20
	value		50002255
	left		50002254
	right		50002253
	parent		50002237
OBJ 5000224a (sz=40, trace=300000, class=java.util.TreeMap$Entry@500000a6)
	key		50001c18
	value		5000224e
	left		5000224d
	right		5000224c
	parent		50002237
ARR 5000224b (sz=32, trace=300000, nelems=4, elem type=java.lang.String[]@500000db)
	[0]		50001b2c
	[1]		50001be0
	[2]		50001ba0
	[3]		50001a6b
OBJ 5000224c (sz=40, trace=300000, class=java.util.TreeMap$Entry@500000a6)
	key		50001c19
	value		50002251
	right		50002250
	parent		5000224a
OBJ 5000224d (sz=40, trace=300000, class=java.util.TreeMap$Entry@500000a6)
	key		50001c17
	value		5000224f
	parent		5000224a
ARR 5000224e (sz=32, trace=300000, nelems=4, elem type=java.lang.String[]@500000db)
	[0]		50001b1f
	[1]		50001bdd
	[2]		50001b9d
	[3]		50001a5e
ARR 5000224f (sz=32, trace=300000, nelems=4, elem type=java.lang.String[]@500000db)
	[0]		50001b1e
	[1]		50001bdc
	[2]		50001b9c
	[3]		50001a5d
OBJ 50002250 (sz=40, trace=300000, class=java.util.TreeMap$Entry@500000a6)
	key		50001c1a
	value		50002252
	parent		5000224c
ARR 50002251 (sz=32, trace=300000, nelems=4, elem type=java.lang.String[]@500000db)
	[0]		50001b20
	[1]		50001bde
	[2]		50001b9e
	[3]		50001a5f
ARR 50002252 (sz=32, trace=300000, nelems=4, elem type=java.lang.String[]@500000db)
	[0]		50001b2b
	[1]		50001bdf
	[2]		50001b9f
	[3]		50001a6a
OBJ 50002253 (sz=40, trace=300000, class=java.util.TreeMap$Entry@500000a6)
	key		50001c21
	value		5000225d
	parent		50002249
OBJ 50002254 (sz=40, trace=300000, class=java.util.TreeMap$Entry@500000a6)
	key		50001c1d
	value		50002258
	left		50002257
	right		50002256
	parent		50002249
ARR 50002255 (sz=32, trace=300000, nelems=3, elem type=java.lang.String[]@500000db)
	[0]		50001b3c
	[1]		50001bf0
	[2]		50001bb3
OBJ 50002256 (sz=40, trace=300000, class=java.util.TreeMap$Entry@500000a6)
	key		50001c1f
	value		5000225b
	left		5000225a
	parent		50002254
OBJ 50002257 (sz=40, trace=300000, class=java.util.TreeMap$Entry@500000a6)
	key		50001c1c
	value		50002259
	parent		50002254
ARR 50002258 (sz=32, trace=300000, nelems=4, elem type=java.lang.String[]@500000db)
	[0]		50001b2e
	[1]		50001be2
	[2]		50001ba2
	[3]		50001a6d
ARR 50002259 (sz=32, trace=300000, nelems=4, elem type=java.lang.String[]@500000db)
	[0]		50001b2d
	[1]		50001be1
	[2]		50001ba1
	[3]		50001a6c
OBJ 5000225a (sz=40, trace=300000, class=java.util.TreeMap$Entry@500000a6)
	key		50001c1e
	value		5000225c
	parent		50002256
ARR 5000225b (sz=40, trace=300000, nelems=6, elem type=java.lang.String[]@500000db)
	[0]		50001b38
	[1]		50001bec
	[2]		50001bac
	[3]		50001bb2
	[4]		50001bad
	[5]		50001a77
ARR 5000225c (sz=32, trace=300000, nelems=4, elem type=java.lang.String[]@500000db)
	[0]		50001b37
	[1]		50001beb
	[2]		50001bab
	[3]		50001a76
ARR 5000225d (sz=32, trace=300000, nelems=4, elem type=java.lang.String[]@500000db)
	[0]		50001b3d
	[1]		50001bf1
	[2]		50001a7b
	[3]		50001bb4
OBJ 5000225e (sz=40, trace=300000, class=java.util.TreeMap$Entry@500000a6)
	key		50001c2e
	value		50002272
	left		50002271
	right		50002270
	parent		50002234
OBJ 5000225f (sz=40, trace=300000, class=java.util.TreeMap$Entry@500000a6)
	key		50001c26
	value		50002263
	left		50002262
	right		50002261
	parent		50002234
ARR 50002260 (sz=32, trace=300000, nelems=4, elem type=java.lang.String[]@500000db)
	[0]		50001b52
	[1]		50001c05
	[2]		50001bc9
	[3]		50001a90
OBJ 50002261 (sz=40, trace=300000, class=java.util.TreeMap$Entry@500000a6)
	key		50001c29
	value		5000226b
	left		5000226a
	right		50002269
	parent		5000225f
OBJ 50002262 (sz=40, trace=300000, class=java.util.TreeMap$Entry@500000a6)
	key		50001c24
	value		50002266
	left		50002265
	right		50002264
	parent		5000225f
ARR 50002263 (sz=32, trace=300000, nelems=4, elem type=java.lang.String[]@500000db)
	[0]		50001b4d
	[1]		50001c00
	[2]		50001bc4
	[3]		50001a8b
OBJ 50002264 (sz=40, trace=300000, class=java.util.TreeMap$Entry@500000a6)
	key		50001c25
	value		50002268
	parent		50002262
OBJ 50002265 (sz=40, trace=300000, class=java.util.TreeMap$Entry@500000a6)
	key		50001c23
	value		50002267
	parent		50002262
ARR 50002266 (sz=32, trace=300000, nelems=4, elem type=java.lang.String[]@500000db)
	[0]		50001b4b
	[1]		50001bfe
	[2]		50001bc2
	[3]		50001a89
ARR 50002267 (sz=32, trace=300000, nelems=4, elem type=java.lang.String[]@500000db)
	[0]		50001b49
	[1]		50001bfd
	[2]		50001bc0
	[3]		50001a87
ARR 50002268 (sz=32, trace=300000, nelems=4, elem type=java.lang.String[]@500000db)
	[0]		50001b4c
	[1]		50001bff
	[2]		50001bc3
	[3]		50001a8a
OBJ 50002269 (sz=40, trace=300000, class=java.util.TreeMap$Entry@500000a6)
	key		50001c2a
	value		5000226f
	parent		50002261
OBJ 5000226a (sz=40, trace=300000, class=java.util.TreeMap$Entry@500000a6)
	key		50001c28
	value		5000226d
	left		5000226c
	parent		50002261
ARR 5000226b (sz=32, trace=300000, nelems=4, elem type=java.lang.String[]@500000db)
	[0]		50001b50
	[1]		50001c03
	[2]		50001bc7
	[3]		50001a8e
OBJ 5000226c (sz=40, trace=300000, class=java.util.TreeMap$Entry@500000a6)
	key		50001c27
	value		5000226e
	parent		5000226a
ARR 5000226d (sz=32, trace=300000, nelems=4, elem type=java.lang.String[]@500000db)
	[0]		50001b4f
	[1]		50001c02
	[2]		50001bc6
	[3]		50001a8d
ARR 5000226e (sz=32, trace=300000, nelems=4, elem type=java.lang.String[]@500000db)
	[0]		50001b4e
	[1]		50001c01
	[2]		50001bc5
	[3]		50001a8c
ARR 5000226f (sz=32, trace=300000, nelems=4, elem type=java.lang.String[]@500000db)
	[0]		50001b51
	[1]		50001c04
	[2]		50001bc8
	[3]		50001a8f
OBJ 50002270 (sz=40, trace=300000, class=java.util.TreeMap$Entry@500000a6)
	key		50001c31
	value		5000227a
	left		50002279
	right		50002278
	parent		5000225e
OBJ 50002271 (sz=40, trace=300000, class=java.util.TreeMap$Entry@500000a6)
	key		50001c2c
	value		50002275
	left		50002274
	right		50002273
	parent		5000225e
ARR 50002272 (sz=32, trace=300000, nelems=4, elem type=java.lang.String[]@500000db)
	[0]		50001b56
	[1]		50001c09
	[2]		50001bcd
	[3]		50001a94
OBJ 50002273 (sz=40, trace=300000, class=java.util.TreeMap$Entry@500000a6)
	key		50001c2d
	value		50002277
	parent		50002271
OBJ 50002274 (sz=40, trace=300000, class=java.util.TreeMap$Entry@500000a6)
	key		50001c2b
	value		50002276
	parent		50002271
ARR 50002275 (sz=32, trace=300000, nelems=4, elem type=java.lang.String[]@500000db)
	[0]		50001b54
	[1]		50001c07
	[2]		50001bcb
	[3]		50001a92
ARR 50002276 (sz=32, trace=300000, nelems=4, elem type=java.lang.String[]@500000db)
	[0]		50001b53
	[1]		50001c06
	[2]		50001bca
	[3]		50001a91
ARR 50002277 (sz=32, trace=300000, nelems=4, elem type=java.lang.String[]@500000db)
	[0]		50001b55
	[1]		50001c08
	[2]		50001bcc
	[3]		50001a93
OBJ 50002278 (sz=40, trace=300000, class=java.util.TreeMap$Entry@500000a6)
	key		50001c33
	value		50002280
	left		5000227f
	right		5000227e
	parent		50002270
OBJ 50002279 (sz=40, trace=300000, class=java.util.TreeMap$Entry@500000a6)
	key		50001c2f
	value		5000227c
	right		5000227b
	parent		50002270
ARR 5000227a (sz=32, trace=300000, nelems=4, elem type=java.lang.String[]@500000db)
	[0]		50001b59
	[1]		50001c0c
	[2]		50001bd0
	[3]		50001a97
OBJ 5000227b (sz=40, trace=300000, class=java.util.TreeMap$Entry@500000a6)
	key		50001c30
	value		5000227d
	parent		50002279
ARR 5000227c (sz=32, trace=300000, nelems=4, elem type=java.lang.String[]@500000db)
	[0]		50001b57
	[1]		50001c0a
	[2]		50001bce
	[3]		50001a95
ARR 5000227d (sz=32, trace=300000, nelems=4, elem type=java.lang.String[]@500000db)
	[0]		50001b58
	[1]		50001c0b
	[2]		50001bcf
	[3]		50001a96
OBJ 5000227e (sz=40, trace=300000, class=java.util.TreeMap$Entry@500000a6)
	key		50001a3a
	value		50002282
	parent		50002278
OBJ 5000227f (sz=40, trace=300000, class=java.util.TreeMap$Entry@500000a6)
	key		50001c32
	value		50002281
	parent		50002278
ARR 50002280 (sz=40, trace=300000, nelems=5, elem type=java.lang.String[]@500000db)
	[0]		50001b5b
	[1]		50001c0e
	[2]		50001bd2
	[3]		50001bd3
	[4]		50001a99
ARR 50002281 (sz=32, trace=300000, nelems=4, elem type=java.lang.String[]@500000db)
	[0]		50001b5a
	[1]		50001c0d
	[2]		50001bd1
	[3]		50001a98
ARR 50002282 (sz=40, trace=300000, nelems=5, elem type=java.lang.String[]@500000db)
	[0]		500019f6
	[1]		500019b8
	[2]		500019fb
	[3]		500019d2
	[4]		50001978
OBJ 50002283 (sz=40, trace=300000, class=java.util.TreeMap$Entry@500000a6)
	key		50001a42
	value		5000229b
	left		5000229a
	right		50002299
	parent		50002231
OBJ 50002284 (sz=40, trace=300000, class=java.util.TreeMap$Entry@500000a6)
	key		50001a40
	value		50002288
	left		50002287
	right		50002286
	parent		50002231
ARR 50002285 (sz=24, trace=300000, nelems=1, elem type=java.lang.String[]@500000db)
	[0]		50001af3
OBJ 50002286 (sz=40, trace=300000, class=java.util.TreeMap$Entry@500000a6)
	key		50001c36
	value		50002292
	left		50002291
	right		50002290
	parent		50002284
OBJ 50002287 (sz=40, trace=300000, class=java.util.TreeMap$Entry@500000a6)
	key		50001a3e
	value		5000228b
	left		5000228a
	right		50002289
	parent		50002284
ARR 50002288 (sz=32, trace=300000, nelems=4, elem type=java.lang.String[]@500000db)
	[0]		50001a0b
	[1]		50001a0d
	[2]		50001a12
	[3]		50001a07
OBJ 50002289 (sz=40, trace=300000, class=java.util.TreeMap$Entry@500000a6)
	key		50001a3f
	value		5000228f
	parent		50002287
OBJ 5000228a (sz=40, trace=300000, class=java.util.TreeMap$Entry@500000a6)
	key		50001a3c
	value		5000228d
	right		5000228c
	parent		50002287
ARR 5000228b (sz=40, trace=300000, nelems=6, elem type=java.lang.String[]@500000db)
	[0]		5000199a
	[1]		5000199d
	[2]		500019fd
	[3]		50001a52
	[4]		5000199f
	[5]		500019d8
OBJ 5000228c (sz=40, trace=300000, class=java.util.TreeMap$Entry@500000a6)
	key		50001a3d
	value		5000228e
	parent		5000228a
ARR 5000228d (sz=24, trace=300000, nelems=2, elem type=java.lang.String[]@500000db)
	[0]		50001984
	[1]		5000197b
ARR 5000228e (sz=24, trace=300000, nelems=2, elem type=java.lang.String[]@500000db)
	[0]		500019f7
	[1]		50001a00
ARR 5000228f (sz=24, trace=300000, nelems=1, elem type=java.lang.String[]@500000db)
	[0]		5000199c
OBJ 50002290 (sz=40, trace=300000, class=java.util.TreeMap$Entry@500000a6)
	key		50001c37
	value		50002297
	right		50002296
	parent		50002286
OBJ 50002291 (sz=40, trace=300000, class=java.util.TreeMap$Entry@500000a6)
	key		50001c35
	value		50002294
	left		50002293
	parent		50002286
ARR 50002292 (sz=24, trace=300000, nelems=1, elem type=java.lang.String[]@500000db)
	[0]		50001af0
OBJ 50002293 (sz=40, trace=300000, class=java.util.TreeMap$Entry@500000a6)
	key		50001c34
	value		50002295
	parent		50002291
ARR 50002294 (sz=24, trace=300000, nelems=1, elem type=java.lang.String[]@500000db)
	[0]		50001aef
ARR 50002295 (sz=24, trace=300000, nelems=1, elem type=java.lang.String[]@500000db)
	[0]		50001aee
OBJ 50002296 (sz=40, trace=300000, class=java.util.TreeMap$Entry@500000a6)
	key		50001c38
	value		50002298
	parent		50002290
ARR 50002297 (sz=24, trace=300000, nelems=1, elem type=java.lang.String[]@500000db)
	[0]		50001af1
ARR 50002298 (sz=24, trace=300000, nelems=1, elem type=java.lang.String[]@500000db)
	[0]		50001af2
OBJ 50002299 (sz=40, trace=300000, class=java.util.TreeMap$Entry@500000a6)
	key		50001a45
	value		500022af
	left		500022ae
	right		500022ad
	parent		50002283
OBJ 5000229a (sz=40, trace=300000, class=java.util.TreeMap$Entry@500000a6)
	key		50001c3f
	value		5000229e
	left		5000229d
	right		5000229c
	parent		50002283
ARR 5000229b (sz=24, trace=300000, nelems=1, elem type=java.lang.String[]@500000db)
	[0]		500019b2
OBJ 5000229c (sz=40, trace=300000, class=java.util.TreeMap$Entry@500000a6)
	key		50001c41
	value		500022aa
	left		500022a9
	right		500022a8
	parent		5000229a
OBJ 5000229d (sz=40, trace=300000, class=java.util.TreeMap$Entry@500000a6)
	key		50001c3c
	value		500022a1
	left		500022a0
	right		5000229f
	parent		5000229a
ARR 5000229e (sz=24, trace=300000, nelems=1, elem type=java.lang.String[]@500000db)
	[0]		50001af9
OBJ 5000229f (sz=40, trace=300000, class=java.util.TreeMap$Entry@500000a6)
	key		50001c3d
	value		500022a6
	right		500022a5
	parent		5000229d
OBJ 500022a0 (sz=40, trace=300000, class=java.util.TreeMap$Entry@500000a6)
	key		50001c3a
	value		500022a3
	right		500022a2
	parent		5000229d
ARR 500022a1 (sz=24, trace=300000, nelems=1, elem type=java.lang.String[]@500000db)
	[0]		50001af6
OBJ 500022a2 (sz=40, trace=300000, class=java.util.TreeMap$Entry@500000a6)
	key		50001c3b
	value		500022a4
	parent		500022a0
ARR 500022a3 (sz=24, trace=300000, nelems=1, elem type=java.lang.String[]@500000db)
	[0]		50001af4
ARR 500022a4 (sz=24, trace=300000, nelems=1, elem type=java.lang.String[]@500000db)
	[0]		50001af5
OBJ 500022a5 (sz=40, trace=300000, class=java.util.TreeMap$Entry@500000a6)
	key		50001c3e
	value		500022a7
	parent		5000229f
ARR 500022a6 (sz=24, trace=300000, nelems=1, elem type=java.lang.String[]@500000db)
	[0]		50001af7
ARR 500022a7 (sz=24, trace=300000, nelems=1, elem type=java.lang.String[]@500000db)
	[0]		50001af8
OBJ 500022a8 (sz=40, trace=300000, class=java.util.TreeMap$Entry@500000a6)
	key		50001a41
	value		500022ac
	parent		5000229c
OBJ 500022a9 (sz=40, trace=300000, class=java.util.TreeMap$Entry@500000a6)
	key		50001c40
	value		500022ab
	parent		5000229c
ARR 500022aa (sz=24, trace=300000, nelems=1, elem type=java.lang.String[]@500000db)
	[0]		50001afb
ARR 500022ab (sz=24, trace=300000, nelems=1, elem type=java.lang.String[]@500000db)
	[0]		50001afa
ARR 500022ac (sz=40, trace=300000, nelems=5, elem type=java.lang.String[]@500000db)
	[0]		500019ac
	[1]		500019ae
	[2]		500019ad
	[3]		50001a2f
	[4]		50001a30
OBJ 500022ad (sz=40, trace=300000, class=java.util.TreeMap$Entry@500000a6)
	key		50001a4e
	value		500022b7
	left		500022b6
	right		500022b5
	parent		50002299
OBJ 500022ae (sz=40, trace=300000, class=java.util.TreeMap$Entry@500000a6)
	key		50001a4a
	value		500022b2
	left		500022b1
	right		500022b0
	parent		50002299
ARR 500022af (sz=40, trace=300000, nelems=6, elem type=java.lang.String[]@500000db)
	[0]		50001a22
	[1]		50001a24
	[2]		50001a23
	[3]		50001a25
	[4]		50001a20
	[5]		50001a1f
OBJ 500022b0 (sz=40, trace=300000, class=java.util.TreeMap$Entry@500000a6)
	key		50001a44
	value		500022b4
	parent		500022ae
OBJ 500022b1 (sz=40, trace=300000, class=java.util.TreeMap$Entry@500000a6)
	key		50001a43
	value		500022b3
	parent		500022ae
ARR 500022b2 (sz=24, trace=300000, nelems=2, elem type=java.lang.String[]@500000db)
	[0]		50001a16
	[1]		50001a19
ARR 500022b3 (sz=24, trace=300000, nelems=1, elem type=java.lang.String[]@500000db)
	[0]		500019b3
ARR 500022b4 (sz=24, trace=300000, nelems=1, elem type=java.lang.String[]@500000db)
	[0]		50001a1c
OBJ 500022b5 (sz=40, trace=300000, class=java.util.TreeMap$Entry@500000a6)
	key		50001a50
	value		500022bd
	left		500022bc
	right		500022bb
	parent		500022ad
OBJ 500022b6 (sz=40, trace=300000, class=java.util.TreeMap$Entry@500000a6)
	key		50001a4d
	value		500022b9
	left		500022b8
	parent		500022ad
ARR 500022b7 (sz=32, trace=300000, nelems=3, elem type=java.lang.String[]@500000db)
	[0]		50001a15
	[1]		50001a11
	[2]		50001a2d
OBJ 500022b8 (sz=40, trace=300000, class=java.util.TreeMap$Entry@500000a6)
	key		50001a4c
	value		500022ba
	parent		500022b6
ARR 500022b9 (sz=24, trace=300000, nelems=2, elem type=java.lang.String[]@500000db)
	[0]		50001a14
	[1]		500019cb
ARR 500022ba (sz=24, trace=300000, nelems=2, elem type=java.lang.String[]@500000db)
	[0]		50001a13
	[1]		500019ca
OBJ 500022bb (sz=40, trace=300000, class=java.util.TreeMap$Entry@500000a6)
	key		50001a51
	value		500022bf
	parent		500022b5
OBJ 500022bc (sz=40, trace=300000, class=java.util.TreeMap$Entry@500000a6)
	key		50001a4f
	value		500022be
	parent		500022b5
ARR 500022bd (sz=24, trace=300000, nelems=2, elem type=java.lang.String[]@500000db)
	[0]		50001a18
	[1]		50001a32
ARR 500022be (sz=32, trace=300000, nelems=4, elem type=java.lang.String[]@500000db)
	[0]		50001a17
	[1]		50001a34
	[2]		50001a31
	[3]		50001a1a
ARR 500022bf (sz=24, trace=300000, nelems=1, elem type=java.lang.String[]@500000db)
	[0]		50001a33
OBJ 500022c0 (sz=40, trace=300000, class=java.util.TreeMap$Entry@500000a6)
	key		50000e6a
	value		500022c2
	right		500022c1
OBJ 500022c1 (sz=40, trace=300000, class=java.util.TreeMap$Entry@500000a6)
	key		50001a4a
	value		500022c3
	parent		500022c0
OBJ 500022c2 (sz=40, trace=300000, class=java.lang.ref.SoftReference@50000165)
	referent	500013ab
	queue		500010b3
OBJ 500022c3 (sz=40, trace=300000, class=java.lang.ref.SoftReference@50000165)
	referent	500022c4
	queue		500010b3
OBJ 500022c4 (sz=24, trace=300000, class=sun.nio.cs.ext.MS936@5000007a)
	name		50001a4a
	aliases		500022b2
OBJ 500022c5 (sz=24, trace=300000, class=java.lang.String@50000181)
	value		500022cd
OBJ 500022c6 (sz=24, trace=300000, class=java.lang.String@50000181)
	value		500022ce
OBJ 500022c7 (sz=24, trace=300000, class=java.lang.String@50000181)
	value		500022cf
ARR 500022c8 (sz=512, trace=300000, nelems=256, elem type=char[])
ARR 500022c9 (sz=57344, trace=300000, nelems=28672, elem type=char[])
ARR 500022ca (sz=512, trace=300000, nelems=256, elem type=char[])
ARR 500022cb (sz=1040, trace=300000, nelems=256, elem type=char[][]@500000a2)
	[0]		500018dd
	[1]		500018dd
	[2]		500018dd
	[3]		500018dd
	[4]		500018dd
	[5]		500018dd
	[6]		500018dd
	[7]		500018dd
	[8]		500018dd
	[9]		500018dd
	[10]		500018dd
	[11]		500018dd
	[12]		500018dd
	[13]		500018dd
	[14]		500018dd
	[15]		500018dd
	[16]		500018dd
	[17]		500018dd
	[18]		500018dd
	[19]		500018dd
	[20]		500018dd
	[21]		500018dd
	[22]		500018dd
	[23]		500018dd
	[24]		500018dd
	[25]		500018dd
	[26]		500018dd
	[27]		500018dd
	[28]		500018dd
	[29]		500018dd
	[30]		500018dd
	[31]		500018dd
	[32]		500018dd
	[33]		500018dd
	[34]		500018dd
	[35]		500018dd
	[36]		500018dd
	[37]		500018dd
	[38]		500018dd
	[39]		500018dd
	[40]		500018dd
	[41]		500018dd
	[42]		500018dd
	[43]		500018dd
	[44]		500018dd
	[45]		500018dd
	[46]		500018dd
	[47]		500018dd
	[48]		500018dd
	[49]		500018dd
	[50]		500018dd
	[51]		500018dd
	[52]		500018dd
	[53]		500018dd
	[54]		500018dd
	[55]		500018dd
	[56]		500018dd
	[57]		500018dd
	[58]		500018dd
	[59]		500018dd
	[60]		500018dd
	[61]		500018dd
	[62]		500018dd
	[63]		500018dd
	[64]		500018dd
	[65]		500018dd
	[66]		500018dd
	[67]		500018dd
	[68]		500018dd
	[69]		500018dd
	[70]		500018dd
	[71]		500018dd
	[72]		500018dd
	[73]		500018dd
	[74]		500018dd
	[75]		500018dd
	[76]		500018dd
	[77]		500018dd
	[78]		500018dd
	[79]		500018dd
	[80]		500018dd
	[81]		500018dd
	[82]		500018dd
	[83]		500018dd
	[84]		500018dd
	[85]		500018dd
	[86]		500018dd
	[87]		500018dd
	[88]		500018dd
	[89]		500018dd
	[90]		500018dd
	[91]		500018dd
	[92]		500018dd
	[93]		500018dd
	[94]		500018dd
	[95]		500018dd
	[96]		500018dd
	[97]		500018dd
	[98]		500018dd
	[99]		500018dd
	[100]		500018dd
	[101]		500018dd
	[102]		500018dd
	[103]		500018dd
	[104]		500018dd
	[105]		500018dd
	[106]		500018dd
	[107]		500018dd
	[108]		500018dd
	[109]		500018dd
	[110]		500018dd
	[111]		500018dd
	[112]		500018dd
	[113]		500018dd
	[114]		500018dd
	[115]		500018dd
	[116]		500018dd
	[117]		500018dd
	[118]		500018dd
	[119]		500018dd
	[120]		500018dd
	[121]		500018dd
	[122]		500018dd
	[123]		500018dd
	[124]		500018dd
	[125]		500018dd
	[126]		500018dd
	[127]		500018dd
	[128]		500018dd
	[129]		500022d0
	[130]		500022d1
	[131]		500022d2
	[132]		500022d3
	[133]		500022d4
	[134]		500022d5
	[135]		500022d6
	[136]		500022d7
	[137]		500022d8
	[138]		500022d9
	[139]		500022da
	[140]		500022db
	[141]		500022dc
	[142]		500022dd
	[143]		500022de
	[144]		500022df
	[145]		500022e0
	[146]		500022e1
	[147]		500022e2
	[148]		500022e3
	[149]		500022e4
	[150]		500022e5
	[151]		500022e6
	[152]		500022e7
	[153]		500022e8
	[154]		500022e9
	[155]		500022ea
	[156]		500022eb
	[157]		500022ec
	[158]		500022ed
	[159]		500022ee
	[160]		500022ef
	[161]		500022f0
	[162]		500022f1
	[163]		500022f2
	[164]		500022f3
	[165]		500022f4
	[166]		500022f5
	[167]		500022f6
	[168]		500022f7
	[169]		500022f8
	[170]		500022f9
	[171]		500022fa
	[172]		500022fb
	[173]		500022fc
	[174]		500022fd
	[175]		500022fe
	[176]		500022ff
	[177]		50002300
	[178]		50002301
	[179]		50002302
	[180]		50002303
	[181]		50002304
	[182]		50002305
	[183]		50002306
	[184]		50002307
	[185]		50002308
	[186]		50002309
	[187]		5000230a
	[188]		5000230b
	[189]		5000230c
	[190]		5000230d
	[191]		5000230e
	[192]		5000230f
	[193]		50002310
	[194]		50002311
	[195]		50002312
	[196]		50002313
	[197]		50002314
	[198]		50002315
	[199]		50002316
	[200]		50002317
	[201]		50002318
	[202]		50002319
	[203]		5000231a
	[204]		5000231b
	[205]		5000231c
	[206]		5000231d
	[207]		5000231e
	[208]		5000231f
	[209]		50002320
	[210]		50002321
	[211]		50002322
	[212]		50002323
	[213]		50002324
	[214]		50002325
	[215]		50002326
	[216]		50002327
	[217]		50002328
	[218]		50002329
	[219]		5000232a
	[220]		5000232b
	[221]		5000232c
	[222]		5000232d
	[223]		5000232e
	[224]		5000232f
	[225]		50002330
	[226]		50002331
	[227]		50002332
	[228]		50002333
	[229]		50002334
	[230]		50002335
	[231]		50002336
	[232]		50002337
	[233]		50002338
	[234]		50002339
	[235]		5000233a
	[236]		5000233b
	[237]		5000233c
	[238]		5000233d
	[239]		5000233e
	[240]		5000233f
	[241]		50002340
	[242]		50002341
	[243]		50002342
	[244]		50002343
	[245]		50002344
	[246]		50002345
	[247]		50002346
	[248]		50002347
	[249]		50002348
	[250]		50002349
	[251]		5000234a
	[252]		5000234b
	[253]		5000234c
	[254]		5000234d
	[255]		500018dd
ARR 500022cc (sz=1040, trace=300000, nelems=255, elem type=java.lang.String[]@500000db)
	[129]		500017dd
	[130]		500017de
	[131]		500017df
	[132]		500017e0
	[133]		500017e1
	[134]		500017e2
	[135]		500017e3
	[136]		500017e4
	[137]		500017e5
	[138]		500017e6
	[139]		500017e7
	[140]		500017e8
	[141]		500017e9
	[142]		500017ea
	[143]		500017eb
	[144]		500017ec
	[145]		500017ed
	[146]		500017ee
	[147]		500017ef
	[148]		500017f0
	[149]		500017f1
	[150]		500017f2
	[151]		500017f3
	[152]		500017f4
	[153]		500017f5
	[154]		500017f6
	[155]		500017f7
	[156]		500017f8
	[157]		500017f9
	[158]		500017fa
	[159]		500017fb
	[160]		500017fc
	[161]		50001851
	[162]		500022c7
	[163]		50001853
	[164]		50001854
	[165]		50001855
	[166]		50001856
	[167]		50001857
	[168]		500022c6
	[169]		500017dc
	[170]		500017fd
	[171]		500017fe
	[172]		500017ff
	[173]		50001800
	[174]		50001801
	[175]		50001802
	[176]		50001803
	[177]		50001804
	[178]		50001805
	[179]		50001806
	[180]		50001807
	[181]		50001808
	[182]		50001809
	[183]		5000180a
	[184]		5000180b
	[185]		5000180c
	[186]		5000180d
	[187]		5000180e
	[188]		5000180f
	[189]		50001810
	[190]		50001811
	[191]		50001812
	[192]		50001813
	[193]		50001814
	[194]		50001815
	[195]		50001816
	[196]		50001817
	[197]		50001818
	[198]		50001819
	[199]		5000181a
	[200]		5000181b
	[201]		5000181c
	[202]		5000181d
	[203]		5000181e
	[204]		5000181f
	[205]		50001820
	[206]		50001821
	[207]		50001822
	[208]		50001823
	[209]		50001824
	[210]		50001825
	[211]		50001826
	[212]		50001827
	[213]		50001828
	[214]		50001829
	[215]		5000182a
	[216]		5000182b
	[217]		5000182c
	[218]		5000182d
	[219]		5000182e
	[220]		5000182f
	[221]		50001830
	[222]		50001831
	[223]		50001832
	[224]		50001833
	[225]		50001834
	[226]		50001835
	[227]		50001836
	[228]		50001837
	[229]		50001838
	[230]		50001839
	[231]		5000183a
	[232]		5000183b
	[233]		5000183c
	[234]		5000183d
	[235]		5000183e
	[236]		5000183f
	[237]		50001840
	[238]		50001841
	[239]		50001842
	[240]		50001843
	[241]		50001844
	[242]		50001845
	[243]		50001846
	[244]		50001847
	[245]		50001848
	[246]		50001849
	[247]		5000184a
	[248]		5000184b
	[249]		5000184c
	[250]		5000184d
	[251]		5000184e
	[252]		5000184f
	[253]		50001850
	[254]		50001858
ARR 500022cd (sz=512, trace=300000, nelems=256, elem type=char[])
ARR 500022ce (sz=382, trace=300000, nelems=191, elem type=char[])
ARR 500022cf (sz=382, trace=300000, nelems=191, elem type=char[])
ARR 500022d0 (sz=382, trace=300000, nelems=191, elem type=char[])
ARR 500022d1 (sz=382, trace=300000, nelems=191, elem type=char[])
ARR 500022d2 (sz=382, trace=300000, nelems=191, elem type=char[])
ARR 500022d3 (sz=382, trace=300000, nelems=191, elem type=char[])
ARR 500022d4 (sz=382, trace=300000, nelems=191, elem type=char[])
ARR 500022d5 (sz=382, trace=300000, nelems=191, elem type=char[])
ARR 500022d6 (sz=382, trace=300000, nelems=191, elem type=char[])
ARR 500022d7 (sz=382, trace=300000, nelems=191, elem type=char[])
ARR 500022d8 (sz=382, trace=300000, nelems=191, elem type=char[])
ARR 500022d9 (sz=382, trace=300000, nelems=191, elem type=char[])
ARR 500022da (sz=382, trace=300000, nelems=191, elem type=char[])
ARR 500022db (sz=382, trace=300000, nelems=191, elem type=char[])
ARR 500022dc (sz=382, trace=300000, nelems=191, elem type=char[])
ARR 500022dd (sz=382, trace=300000, nelems=191, elem type=char[])
ARR 500022de (sz=382, trace=300000, nelems=191, elem type=char[])
ARR 500022df (sz=382, trace=300000, nelems=191, elem type=char[])
ARR 500022e0 (sz=382, trace=300000, nelems=191, elem type=char[])
ARR 500022e1 (sz=382, trace=300000, nelems=191, elem type=char[])
ARR 500022e2 (sz=382, trace=300000, nelems=191, elem type=char[])
ARR 500022e3 (sz=382, trace=300000, nelems=191, elem type=char[])
ARR 500022e4 (sz=382, trace=300000, nelems=191, elem type=char[])
ARR 500022e5 (sz=382, trace=300000, nelems=191, elem type=char[])
ARR 500022e6 (sz=382, trace=300000, nelems=191, elem type=char[])
ARR 500022e7 (sz=382, trace=300000, nelems=191, elem type=char[])
ARR 500022e8 (sz=382, trace=300000, nelems=191, elem type=char[])
ARR 500022e9 (sz=382, trace=300000, nelems=191, elem type=char[])
ARR 500022ea (sz=382, trace=300000, nelems=191, elem type=char[])
ARR 500022eb (sz=382, trace=300000, nelems=191, elem type=char[])
ARR 500022ec (sz=382, trace=300000, nelems=191, elem type=char[])
ARR 500022ed (sz=382, trace=300000, nelems=191, elem type=char[])
ARR 500022ee (sz=382, trace=300000, nelems=191, elem type=char[])
ARR 500022ef (sz=382, trace=300000, nelems=191, elem type=char[])
ARR 500022f0 (sz=382, trace=300000, nelems=191, elem type=char[])
ARR 500022f1 (sz=382, trace=300000, nelems=191, elem type=char[])
ARR 500022f2 (sz=382, trace=300000, nelems=191, elem type=char[])
ARR 500022f3 (sz=382, trace=300000, nelems=191, elem type=char[])
ARR 500022f4 (sz=382, trace=300000, nelems=191, elem type=char[])
ARR 500022f5 (sz=382, trace=300000, nelems=191, elem type=char[])
ARR 500022f6 (sz=382, trace=300000, nelems=191, elem type=char[])
ARR 500022f7 (sz=382, trace=300000, nelems=191, elem type=char[])
ARR 500022f8 (sz=382, trace=300000, nelems=191, elem type=char[])
ARR 500022f9 (sz=382, trace=300000, nelems=191, elem type=char[])
ARR 500022fa (sz=382, trace=300000, nelems=191, elem type=char[])
ARR 500022fb (sz=382, trace=300000, nelems=191, elem type=char[])
ARR 500022fc (sz=382, trace=300000, nelems=191, elem type=char[])
ARR 500022fd (sz=382, trace=300000, nelems=191, elem type=char[])
ARR 500022fe (sz=382, trace=300000, nelems=191, elem type=char[])
ARR 500022ff (sz=382, trace=300000, nelems=191, elem type=char[])
ARR 50002300 (sz=382, trace=300000, nelems=191, elem type=char[])
ARR 50002301 (sz=382, trace=300000, nelems=191, elem type=char[])
ARR 50002302 (sz=382, trace=300000, nelems=191, elem type=char[])
ARR 50002303 (sz=382, trace=300000, nelems=191, elem type=char[])
ARR 50002304 (sz=382, trace=300000, nelems=191, elem type=char[])
ARR 50002305 (sz=382, trace=300000, nelems=191, elem type=char[])
ARR 50002306 (sz=382, trace=300000, nelems=191, elem type=char[])
ARR 50002307 (sz=382, trace=300000, nelems=191, elem type=char[])
ARR 50002308 (sz=382, trace=300000, nelems=191, elem type=char[])
ARR 50002309 (sz=382, trace=300000, nelems=191, elem type=char[])
ARR 5000230a (sz=382, trace=300000, nelems=191, elem type=char[])
ARR 5000230b (sz=382, trace=300000, nelems=191, elem type=char[])
ARR 5000230c (sz=382, trace=300000, nelems=191, elem type=char[])
ARR 5000230d (sz=382, trace=300000, nelems=191, elem type=char[])
ARR 5000230e (sz=382, trace=300000, nelems=191, elem type=char[])
ARR 5000230f (sz=382, trace=300000, nelems=191, elem type=char[])
ARR 50002310 (sz=382, trace=300000, nelems=191, elem type=char[])
ARR 50002311 (sz=382, trace=300000, nelems=191, elem type=char[])
ARR 50002312 (sz=382, trace=300000, nelems=191, elem type=char[])
ARR 50002313 (sz=382, trace=300000, nelems=191, elem type=char[])
ARR 50002314 (sz=382, trace=300000, nelems=191, elem type=char[])
ARR 50002315 (sz=382, trace=300000, nelems=191, elem type=char[])
ARR 50002316 (sz=382, trace=300000, nelems=191, elem type=char[])
ARR 50002317 (sz=382, trace=300000, nelems=191, elem type=char[])
ARR 50002318 (sz=382, trace=300000, nelems=191, elem type=char[])
ARR 50002319 (sz=382, trace=300000, nelems=191, elem type=char[])
ARR 5000231a (sz=382, trace=300000, nelems=191, elem type=char[])
ARR 5000231b (sz=382, trace=300000, nelems=191, elem type=char[])
ARR 5000231c (sz=382, trace=300000, nelems=191, elem type=char[])
ARR 5000231d (sz=382, trace=300000, nelems=191, elem type=char[])
ARR 5000231e (sz=382, trace=300000, nelems=191, elem type=char[])
ARR 5000231f (sz=382, trace=300000, nelems=191, elem type=char[])
ARR 50002320 (sz=382, trace=300000, nelems=191, elem type=char[])
ARR 50002321 (sz=382, trace=300000, nelems=191, elem type=char[])
ARR 50002322 (sz=382, trace=300000, nelems=191, elem type=char[])
ARR 50002323 (sz=382, trace=300000, nelems=191, elem type=char[])
ARR 50002324 (sz=382, trace=300000, nelems=191, elem type=char[])
ARR 50002325 (sz=382, trace=300000, nelems=191, elem type=char[])
ARR 50002326 (sz=382, trace=300000, nelems=191, elem type=char[])
ARR 50002327 (sz=382, trace=300000, nelems=191, elem type=char[])
ARR 50002328 (sz=382, trace=300000, nelems=191, elem type=char[])
ARR 50002329 (sz=382, trace=300000, nelems=191, elem type=char[])
ARR 5000232a (sz=382, trace=300000, nelems=191, elem type=char[])
ARR 5000232b (sz=382, trace=300000, nelems=191, elem type=char[])
ARR 5000232c (sz=382, trace=300000, nelems=191, elem type=char[])
ARR 5000232d (sz=382, trace=300000, nelems=191, elem type=char[])
ARR 5000232e (sz=382, trace=300000, nelems=191, elem type=char[])
ARR 5000232f (sz=382, trace=300000, nelems=191, elem type=char[])
ARR 50002330 (sz=382, trace=300000, nelems=191, elem type=char[])
ARR 50002331 (sz=382, trace=300000, nelems=191, elem type=char[])
ARR 50002332 (sz=382, trace=300000, nelems=191, elem type=char[])
ARR 50002333 (sz=382, trace=300000, nelems=191, elem type=char[])
ARR 50002334 (sz=382, trace=300000, nelems=191, elem type=char[])
ARR 50002335 (sz=382, trace=300000, nelems=191, elem type=char[])
ARR 50002336 (sz=382, trace=300000, nelems=191, elem type=char[])
ARR 50002337 (sz=382, trace=300000, nelems=191, elem type=char[])
ARR 50002338 (sz=382, trace=300000, nelems=191, elem type=char[])
ARR 50002339 (sz=382, trace=300000, nelems=191, elem type=char[])
ARR 5000233a (sz=382, trace=300000, nelems=191, elem type=char[])
ARR 5000233b (sz=382, trace=300000, nelems=191, elem type=char[])
ARR 5000233c (sz=382, trace=300000, nelems=191, elem type=char[])
ARR 5000233d (sz=382, trace=300000, nelems=191, elem type=char[])
ARR 5000233e (sz=382, trace=300000, nelems=191, elem type=char[])
ARR 5000233f (sz=382, trace=300000, nelems=191, elem type=char[])
ARR 50002340 (sz=382, trace=300000, nelems=191, elem type=char[])
ARR 50002341 (sz=382, trace=300000, nelems=191, elem type=char[])
ARR 50002342 (sz=382, trace=300000, nelems=191, elem type=char[])
ARR 50002343 (sz=382, trace=300000, nelems=191, elem type=char[])
ARR 50002344 (sz=382, trace=300000, nelems=191, elem type=char[])
ARR 50002345 (sz=382, trace=300000, nelems=191, elem type=char[])
ARR 50002346 (sz=382, trace=300000, nelems=191, elem type=char[])
ARR 50002347 (sz=382, trace=300000, nelems=191, elem type=char[])
ARR 50002348 (sz=382, trace=300000, nelems=191, elem type=char[])
ARR 50002349 (sz=382, trace=300000, nelems=191, elem type=char[])
ARR 5000234a (sz=382, trace=300000, nelems=191, elem type=char[])
ARR 5000234b (sz=382, trace=300000, nelems=191, elem type=char[])
ARR 5000234c (sz=382, trace=300000, nelems=191, elem type=char[])
ARR 5000234d (sz=382, trace=300000, nelems=191, elem type=char[])
ARR 5000234e (sz=28, trace=300000, nelems=14, elem type=char[])
ARR 5000234f (sz=28, trace=300000, nelems=14, elem type=char[])
ARR 50002350 (sz=14, trace=300000, nelems=7, elem type=char[])
ARR 50002351 (sz=10, trace=300000, nelems=5, elem type=char[])
ARR 50002352 (sz=8, trace=300000, nelems=4, elem type=char[])
ARR 50002353 (sz=10, trace=300000, nelems=5, elem type=char[])
ARR 50002354 (sz=6, trace=300000, nelems=3, elem type=char[])
OBJ 50002355 (sz=24, trace=300000, class=java.lang.String@50000181)
	value		50002356
ARR 50002356 (sz=62, trace=300000, nelems=31, elem type=char[])
ARR 50002357 (sz=38, trace=300000, nelems=19, elem type=char[])
ARR 50002358 (sz=26, trace=300000, nelems=13, elem type=char[])
ARR 50002359 (sz=2, trace=300000, nelems=1, elem type=char[])
ARR 5000235a (sz=14, trace=300000, nelems=7, elem type=char[])
ARR 5000235b (sz=24, trace=300000, nelems=12, elem type=char[])
ARR 5000235c (sz=4, trace=300000, nelems=2, elem type=char[])
ARR 5000235d (sz=14, trace=300000, nelems=7, elem type=char[])
ARR 5000235e (sz=2, trace=300000, nelems=1, elem type=char[])
ARR 5000235f (sz=10, trace=300000, nelems=5, elem type=char[])
ARR 50002360 (sz=18, trace=300000, nelems=9, elem type=char[])
ARR 50002361 (sz=2, trace=300000, nelems=1, elem type=char[])
ARR 50002362 (sz=16, trace=300000, nelems=8, elem type=char[])
OBJ 50002363 (sz=24, trace=300000, class=java.lang.String@50000181)
	value		50002369
ARR 50002364 (sz=22, trace=300000, nelems=11, elem type=char[])
ARR 50002365 (sz=16, trace=300000, nelems=0, elem type=java.lang.Object[]@5000011c)
ARR 50002366 (sz=16, trace=300000, nelems=0, elem type=java.lang.Object[]@5000011c)
ARR 50002367 (sz=2, trace=300000, nelems=1, elem type=char[])
ARR 50002368 (sz=8, trace=300000, nelems=4, elem type=char[])
ARR 50002369 (sz=26, trace=300000, nelems=13, elem type=char[])
OBJ 5000236a (sz=24, trace=300000, class=java.lang.String@50000181)
	value		50002381
OBJ 5000236b (sz=24, trace=300000, class=java.lang.String@50000181)
	value		50002380
OBJ 5000236c (sz=24, trace=300000, class=java.lang.String@50000181)
	value		5000237f
OBJ 5000236d (sz=24, trace=300000, class=java.lang.String@50000181)
	value		5000237e
OBJ 5000236e (sz=24, trace=300000, class=java.lang.String@50000181)
	value		5000237d
OBJ 5000236f (sz=24, trace=300000, class=java.lang.String@50000181)
	value		5000237c
OBJ 50002370 (sz=24, trace=300000, class=java.lang.String@50000181)
	value		50002379
OBJ 50002371 (sz=24, trace=300000, class=java.lang.String@50000181)
	value		50002377
ARR 50002372 (sz=32, trace=300000, nelems=3, elem type=java.io.ObjectStreamField[]@5000010e)
	[0]		50002373
	[1]		50002374
	[2]		50002375
OBJ 50002373 (sz=40, trace=300000, class=java.io.ObjectStreamField@50000110)
	name		5000122b
	signature	5000237a
	type		5000018c
OBJ 50002374 (sz=40, trace=300000, class=java.io.ObjectStreamField@50000110)
	name		50002370
	signature	50001230
	type		50000f57
OBJ 50002375 (sz=40, trace=300000, class=java.io.ObjectStreamField@50000110)
	name		50002371
	signature	50002376
	type		50000f5d
OBJ 50002376 (sz=24, trace=300000, class=java.lang.String@50000181)
	value		50002378
ARR 50002377 (sz=12, trace=300000, nelems=6, elem type=char[])
ARR 50002378 (sz=2, trace=300000, nelems=1, elem type=char[])
ARR 50002379 (sz=10, trace=300000, nelems=5, elem type=char[])
OBJ 5000237a (sz=24, trace=300000, class=java.lang.String@50000181)
	value		5000237b
ARR 5000237b (sz=4, trace=300000, nelems=2, elem type=char[])
ARR 5000237c (sz=2, trace=300000, nelems=1, elem type=char[])
ARR 5000237d (sz=6, trace=300000, nelems=3, elem type=char[])
ARR 5000237e (sz=8, trace=300000, nelems=4, elem type=char[])
ARR 5000237f (sz=6, trace=300000, nelems=3, elem type=char[])
ARR 50002380 (sz=4, trace=300000, nelems=2, elem type=char[])
ARR 50002381 (sz=4, trace=300000, nelems=2, elem type=char[])
OBJ 50002382 (sz=40, trace=300000, class=java.io.ObjectStreamField@50000110)
	name		5000135a
	signature	5000238a
	type		50000181
OBJ 50002383 (sz=40, trace=300000, class=java.io.ObjectStreamField@50000110)
	name		50001357
	signature	5000238a
	type		50000181
OBJ 50002384 (sz=40, trace=300000, class=java.io.ObjectStreamField@50000110)
	name		50001359
	signature	50001230
	type		50000f57
OBJ 50002385 (sz=40, trace=300000, class=java.io.ObjectStreamField@50000110)
	name		50001354
	signature	5000238a
	type		50000181
OBJ 50002386 (sz=40, trace=300000, class=java.io.ObjectStreamField@50000110)
	name		50001355
	signature	5000238a
	type		50000181
OBJ 50002387 (sz=40, trace=300000, class=java.io.ObjectStreamField@50000110)
	name		5000135b
	signature	5000238a
	type		50000181
OBJ 50002388 (sz=40, trace=300000, class=java.io.ObjectStreamField@50000110)
	name		50001356
	signature	50001230
	type		50000f57
ARR 50002389 (sz=16, trace=300000, nelems=8, elem type=char[])
OBJ 5000238a (sz=24, trace=300000, class=java.lang.String@50000181)
	value		5000238c
ARR 5000238b (sz=6, trace=300000, nelems=3, elem type=char[])
ARR 5000238c (sz=36, trace=300000, nelems=18, elem type=char[])
ARR 5000238d (sz=18, trace=300000, nelems=9, elem type=char[])
ARR 5000238e (sz=8, trace=300000, nelems=4, elem type=char[])
ARR 5000238f (sz=8, trace=300000, nelems=4, elem type=char[])
ARR 50002390 (sz=16, trace=300000, nelems=8, elem type=char[])
ARR 50002391 (sz=2, trace=300000, nelems=1, elem type=char[])
ARR 50002392 (sz=8, trace=300000, nelems=4, elem type=char[])
ARR 50002393 (sz=16, trace=300000, nelems=8, elem type=char[])
OBJ 50002394 (sz=24, trace=300000, class=java.lang.String@50000181)
	value		500023a0
OBJ 50002395 (sz=24, trace=300000, class=java.lang.String@50000181)
	value		5000239b
OBJ 50002396 (sz=24, trace=300000, class=java.lang.String@50000181)
	value		5000239a
OBJ 50002397 (sz=24, trace=300000, class=java.lang.String@50000181)
	value		50002399
ARR 50002398 (sz=32, trace=300000, nelems=16, elem type=char[])
ARR 50002399 (sz=38, trace=300000, nelems=19, elem type=char[])
ARR 5000239a (sz=48, trace=300000, nelems=24, elem type=char[])
ARR 5000239b (sz=32, trace=300000, nelems=16, elem type=char[])
OBJ 5000239c (sz=24, trace=300000, class=java.lang.String@50000181)
	value		5000239e
OBJ 5000239d (sz=24, trace=300000, class=java.lang.String@50000181)
	value		5000239f
ARR 5000239e (sz=26, trace=300000, nelems=13, elem type=char[])
ARR 5000239f (sz=10, trace=300000, nelems=5, elem type=char[])
ARR 500023a0 (sz=12, trace=300000, nelems=6, elem type=char[])
OBJ 500023a1 (sz=16, trace=300000, class=java.util.HashSet@50000005)
	map		500023a2
OBJ 500023a2 (sz=48, trace=300000, class=java.util.HashMap@500000d9)
OBJ 500023a3 (sz=16, trace=300000, class=java.lang.Object@50000185)
ARR 500023a4 (sz=56, trace=300000, nelems=0, elem type=java.lang.Object[]@5000011c)
OBJ 500023a5 (sz=16, trace=300000, class=sun.net.www.protocol.jar.Handler@50000003)
OBJ 500023a6 (sz=48, trace=300000, class=java.util.HashMap@500000d9)
	table		50000406
OBJ 500023a7 (sz=24, trace=300000, class=java.util.ArrayList@500000f1)
	elementData	50000597
OBJ 500023a8 (sz=32, trace=300000, class=java.util.Stack@500000f6)
	elementData	500023cf
OBJ 500023a9 (sz=24, trace=300000, class=java.util.ArrayList@500000f1)
	elementData	500023aa
ARR 500023aa (sz=80, trace=300000, nelems=12, elem type=java.lang.Object[]@5000011c)
	[0]		500023ab
	[1]		500023ac
	[2]		500023ad
	[3]		500023ae
	[4]		500023af
	[5]		500023b0
	[6]		500023b1
	[7]		500023b2
	[8]		500023b3
	[9]		500023b4
	[10]		500023b5
	[11]		500023b6
OBJ 500023ab (sz=64, trace=300000, class=java.net.URL@5000012d)
	protocol	50001355
	host		50000f74
	file		500023cd
	authority	50000f74
	path		500023cd
	handler		50001366
OBJ 500023ac (sz=64, trace=300000, class=java.net.URL@5000012d)
	protocol	50001355
	host		50000f74
	file		500023cb
	authority	50000f74
	path		500023cb
	handler		50001366
OBJ 500023ad (sz=64, trace=300000, class=java.net.URL@5000012d)
	protocol	50001355
	host		50000f74
	file		500023c9
	authority	50000f74
	path		500023c9
	handler		50001366
OBJ 500023ae (sz=64, trace=300000, class=java.net.URL@5000012d)
	protocol	50001355
	host		50000f74
	file		500023c7
	authority	50000f74
	path		500023c7
	handler		50001366
OBJ 500023af (sz=64, trace=300000, class=java.net.URL@5000012d)
	protocol	50001355
	host		50000f74
	file		500023c5
	authority	50000f74
	path		500023c5
	handler		50001366
OBJ 500023b0 (sz=64, trace=300000, class=java.net.URL@5000012d)
	protocol	50001355
	host		50000f74
	file		500023c3
	authority	50000f74
	path		500023c3
	handler		50001366
OBJ 500023b1 (sz=64, trace=300000, class=java.net.URL@5000012d)
	protocol	50001355
	host		50000f74
	file		500023c1
	authority	50000f74
	path		500023c1
	handler		50001366
OBJ 500023b2 (sz=64, trace=300000, class=java.net.URL@5000012d)
	protocol	50001355
	host		50000f74
	file		500023bf
	authority	50000f74
	path		500023bf
	handler		50001366
OBJ 500023b3 (sz=64, trace=300000, class=java.net.URL@5000012d)
	protocol	50001355
	host		50000f74
	file		500023bd
	authority	50000f74
	path		500023bd
	handler		50001366
OBJ 500023b4 (sz=64, trace=300000, class=java.net.URL@5000012d)
	protocol	50001355
	host		50000f74
	file		500023bb
	authority	50000f74
	path		500023bb
	handler		50001366
OBJ 500023b5 (sz=64, trace=300000, class=java.net.URL@5000012d)
	protocol	50001355
	host		50000f74
	file		500023b9
	authority	50000f74
	path		500023b9
	handler		50001366
OBJ 500023b6 (sz=64, trace=300000, class=java.net.URL@5000012d)
	protocol	50001355
	host		50000f74
	file		500023b7
	authority	50000f74
	path		500023b7
	handler		50001366
OBJ 500023b7 (sz=24, trace=300000, class=java.lang.String@50000181)
	value		500023b8
ARR 500023b8 (sz=110, trace=300000, nelems=55, elem type=char[])
OBJ 500023b9 (sz=24, trace=300000, class=java.lang.String@50000181)
	value		500023ba
ARR 500023ba (sz=118, trace=300000, nelems=59, elem type=char[])
OBJ 500023bb (sz=24, trace=300000, class=java.lang.String@50000181)
	value		500023bc
ARR 500023bc (sz=118, trace=300000, nelems=59, elem type=char[])
OBJ 500023bd (sz=24, trace=300000, class=java.lang.String@50000181)
	value		500023be
ARR 500023be (sz=130, trace=300000, nelems=65, elem type=char[])
OBJ 500023bf (sz=24, trace=300000, class=java.lang.String@50000181)
	value		500023c0
ARR 500023c0 (sz=110, trace=300000, nelems=55, elem type=char[])
OBJ 500023c1 (sz=24, trace=300000, class=java.lang.String@50000181)
	value		500023c2
ARR 500023c2 (sz=114, trace=300000, nelems=57, elem type=char[])
OBJ 500023c3 (sz=24, trace=300000, class=java.lang.String@50000181)
	value		500023c4
ARR 500023c4 (sz=120, trace=300000, nelems=60, elem type=char[])
OBJ 500023c5 (sz=24, trace=300000, class=java.lang.String@50000181)
	value		500023c6
ARR 500023c6 (sz=110, trace=300000, nelems=55, elem type=char[])
OBJ 500023c7 (sz=24, trace=300000, class=java.lang.String@50000181)
	value		500023c8
ARR 500023c8 (sz=114, trace=300000, nelems=57, elem type=char[])
OBJ 500023c9 (sz=24, trace=300000, class=java.lang.String@50000181)
	value		500023ca
ARR 500023ca (sz=110, trace=300000, nelems=55, elem type=char[])
OBJ 500023cb (sz=24, trace=300000, class=java.lang.String@50000181)
	value		500023cc
ARR 500023cc (sz=116, trace=300000, nelems=58, elem type=char[])
OBJ 500023cd (sz=24, trace=300000, class=java.lang.String@50000181)
	value		500023ce
ARR 500023ce (sz=132, trace=300000, nelems=66, elem type=char[])
ARR 500023cf (sz=96, trace=300000, nelems=0, elem type=java.lang.Object[]@5000011c)
OBJ 500023d0 (sz=24, trace=300000, class=sun.misc.MetaIndex@50000036)
	contents	500023d5
OBJ 500023d1 (sz=24, trace=300000, class=java.lang.String@50000181)
	value		500023d2
ARR 500023d2 (sz=6, trace=300000, nelems=3, elem type=char[])
OBJ 500023d3 (sz=24, trace=300000, class=java.lang.String@50000181)
	value		500023d4
ARR 500023d4 (sz=4, trace=300000, nelems=2, elem type=char[])
ARR 500023d5 (sz=24, trace=300000, nelems=2, elem type=java.lang.String[]@500000db)
	[0]		500023d6
	[1]		500023d7
OBJ 500023d6 (sz=24, trace=300000, class=java.lang.String@50000181)
	value		500023d9
OBJ 500023d7 (sz=24, trace=300000, class=java.lang.String@50000181)
	value		500023d8
ARR 500023d8 (sz=24, trace=300000, nelems=12, elem type=char[])
ARR 500023d9 (sz=108, trace=300000, nelems=54, elem type=char[])
OBJ 500023da (sz=24, trace=300000, class=java.lang.String@50000181)
	value		50002493
OBJ 500023db (sz=24, trace=300000, class=java.lang.String@50000181)
	value		50002492
OBJ 500023dc (sz=24, trace=300000, class=java.lang.String@50000181)
	value		50002491
OBJ 500023dd (sz=48, trace=300000, class=java.util.HashMap@500000d9)
	table		50000733
OBJ 500023de (sz=32, trace=300000, class=java.util.HashMap$Node@500000d7)
	key		5000248a
	value		50002489
OBJ 500023df (sz=32, trace=300000, class=java.util.HashMap$Node@500000d7)
	key		50002485
	value		500023d0
	next		50000749
OBJ 500023e0 (sz=32, trace=300000, class=java.util.HashMap$Node@500000d7)
	key		50002449
	value		50002448
OBJ 500023e1 (sz=32, trace=300000, class=java.util.HashMap$Node@500000d7)
	key		50002438
	value		50002437
	next		50002436
OBJ 500023e2 (sz=32, trace=300000, class=java.util.HashMap$Node@500000d7)
	key		5000242b
	value		5000242a
OBJ 500023e3 (sz=32, trace=300000, class=java.util.HashMap$Node@500000d7)
	key		50002420
	value		5000241f
OBJ 500023e4 (sz=32, trace=300000, class=java.util.HashMap$Node@500000d7)
	key		50002415
	value		50002414
OBJ 500023e5 (sz=32, trace=300000, class=java.util.HashMap$Node@500000d7)
	key		5000240a
	value		50002409
OBJ 500023e6 (sz=32, trace=300000, class=java.util.HashMap$Node@500000d7)
	key		500023ff
	value		500023fe
OBJ 500023e7 (sz=32, trace=300000, class=java.util.HashMap$Node@500000d7)
	key		500023ea
	value		500023e9
	next		500023e8
OBJ 500023e8 (sz=32, trace=300000, class=java.util.HashMap$Node@500000d7)
	key		500023f3
	value		500023f2
	next		5000076f
OBJ 500023e9 (sz=24, trace=300000, class=sun.misc.MetaIndex@50000036)
	contents	500023ed
OBJ 500023ea (sz=32, trace=300000, class=java.io.File@5000012f)
	path		500023eb
OBJ 500023eb (sz=24, trace=300000, class=java.lang.String@50000181)
	value		500023ec
ARR 500023ec (sz=114, trace=300000, nelems=57, elem type=char[])
ARR 500023ed (sz=24, trace=300000, nelems=2, elem type=java.lang.String[]@500000db)
	[0]		500023ee
	[1]		500023ef
OBJ 500023ee (sz=24, trace=300000, class=java.lang.String@50000181)
	value		500023f1
OBJ 500023ef (sz=24, trace=300000, class=java.lang.String@50000181)
	value		500023f0
ARR 500023f0 (sz=16, trace=300000, nelems=8, elem type=char[])
ARR 500023f1 (sz=16, trace=300000, nelems=8, elem type=char[])
OBJ 500023f2 (sz=24, trace=300000, class=sun.misc.MetaIndex@50000036)
	contents	500023f6
OBJ 500023f3 (sz=32, trace=300000, class=java.io.File@5000012f)
	path		500023f4
OBJ 500023f4 (sz=24, trace=300000, class=java.lang.String@50000181)
	value		500023f5
ARR 500023f5 (sz=108, trace=300000, nelems=54, elem type=char[])
ARR 500023f6 (sz=32, trace=300000, nelems=3, elem type=java.lang.String[]@500000db)
	[0]		500023f7
	[1]		500023f8
	[2]		500023f9
OBJ 500023f7 (sz=24, trace=300000, class=java.lang.String@50000181)
	value		500023fc
OBJ 500023f8 (sz=24, trace=300000, class=java.lang.String@50000181)
	value		500023fb
OBJ 500023f9 (sz=24, trace=300000, class=java.lang.String@50000181)
	value		500023fa
ARR 500023fa (sz=24, trace=300000, nelems=12, elem type=char[])
ARR 500023fb (sz=100, trace=300000, nelems=50, elem type=char[])
ARR 500023fc (sz=22, trace=300000, nelems=11, elem type=char[])
ARR 500023fd (sz=24, trace=300000, nelems=2, elem type=java.lang.String[]@500000db)
	[0]		50000760
	[1]		50000762
OBJ 500023fe (sz=24, trace=300000, class=sun.misc.MetaIndex@50000036)
	contents	50002402
OBJ 500023ff (sz=32, trace=300000, class=java.io.File@5000012f)
	path		50002400
OBJ 50002400 (sz=24, trace=300000, class=java.lang.String@50000181)
	value		50002401
ARR 50002401 (sz=104, trace=300000, nelems=52, elem type=char[])
ARR 50002402 (sz=32, trace=300000, nelems=3, elem type=java.lang.String[]@500000db)
	[0]		50002403
	[1]		50002404
	[2]		50002405
OBJ 50002403 (sz=24, trace=300000, class=java.lang.String@50000181)
	value		50002408
OBJ 50002404 (sz=24, trace=300000, class=java.lang.String@50000181)
	value		50002407
OBJ 50002405 (sz=24, trace=300000, class=java.lang.String@50000181)
	value		50002406
ARR 50002406 (sz=40, trace=300000, nelems=20, elem type=char[])
ARR 50002407 (sz=42, trace=300000, nelems=21, elem type=char[])
ARR 50002408 (sz=24, trace=300000, nelems=12, elem type=char[])
OBJ 50002409 (sz=24, trace=300000, class=sun.misc.MetaIndex@50000036)
	contents	5000240d
OBJ 5000240a (sz=32, trace=300000, class=java.io.File@5000012f)
	path		5000240b
OBJ 5000240b (sz=24, trace=300000, class=java.lang.String@50000181)
	value		5000240c
ARR 5000240c (sz=124, trace=300000, nelems=62, elem type=char[])
ARR 5000240d (sz=32, trace=300000, nelems=3, elem type=java.lang.String[]@500000db)
	[0]		5000240e
	[1]		5000240f
	[2]		50002410
OBJ 5000240e (sz=24, trace=300000, class=java.lang.String@50000181)
	value		50002413
OBJ 5000240f (sz=24, trace=300000, class=java.lang.String@50000181)
	value		50002412
OBJ 50002410 (sz=24, trace=300000, class=java.lang.String@50000181)
	value		50002411
ARR 50002411 (sz=40, trace=300000, nelems=20, elem type=char[])
ARR 50002412 (sz=42, trace=300000, nelems=21, elem type=char[])
ARR 50002413 (sz=30, trace=300000, nelems=15, elem type=char[])
OBJ 50002414 (sz=24, trace=300000, class=sun.misc.MetaIndex@50000036)
	contents	50002418
OBJ 50002415 (sz=32, trace=300000, class=java.io.File@5000012f)
	path		50002416
OBJ 50002416 (sz=24, trace=300000, class=java.lang.String@50000181)
	value		50002417
ARR 50002417 (sz=110, trace=300000, nelems=55, elem type=char[])
ARR 50002418 (sz=24, trace=300000, nelems=2, elem type=java.lang.String[]@500000db)
	[0]		50002419
	[1]		5000241a
OBJ 50002419 (sz=24, trace=300000, class=java.lang.String@50000181)
	value		5000241c
OBJ 5000241a (sz=24, trace=300000, class=java.lang.String@50000181)
	value		5000241b
ARR 5000241b (sz=16, trace=300000, nelems=8, elem type=char[])
ARR 5000241c (sz=16, trace=300000, nelems=8, elem type=char[])
ARR 5000241d (sz=152, trace=300000, nelems=33, elem type=java.lang.String[]@500000db)
	[0]		50000776
	[1]		50000778
	[2]		5000077a
	[3]		5000077c
	[4]		5000077e
	[5]		50000780
	[6]		50000782
	[7]		50000784
	[8]		50000786
	[9]		50000788
	[10]		5000078a
	[11]		5000078d
	[12]		5000078f
	[13]		50000791
	[14]		50000793
	[15]		50000795
	[16]		50000798
	[17]		5000079a
	[18]		5000079c
	[19]		5000079e
	[20]		500007a0
	[21]		500007a2
	[22]		500007a4
	[23]		500007a7
	[24]		500007a9
	[25]		500007ab
	[26]		500007ad
	[27]		500007af
	[28]		500007b1
	[29]		500007b3
	[30]		500007b5
	[31]		500007b7
	[32]		500007b9
ARR 5000241e (sz=168, trace=300000, nelems=37, elem type=java.lang.String[]@500000db)
	[0]		500007c9
	[1]		500007cb
	[2]		500007cd
	[3]		500007cf
	[4]		500007d1
	[5]		500007d3
	[6]		500007d5
	[7]		500007d7
	[8]		500007d9
	[9]		500007db
	[10]		500007dd
	[11]		500007df
	[12]		500007e1
	[13]		500007e3
	[14]		500007e5
	[15]		500007e7
	[16]		500007e9
	[17]		500007eb
	[18]		500007ed
	[19]		500007ef
	[20]		500007f1
	[21]		500007f3
	[22]		500007f5
	[23]		500007f7
	[24]		500007f9
	[25]		500007fb
	[26]		500007fd
	[27]		500007ff
	[28]		50000801
	[29]		50000803
	[30]		50000805
	[31]		50000807
	[32]		50000809
	[33]		5000080b
	[34]		5000080e
	[35]		50000810
	[36]		50000812
OBJ 5000241f (sz=24, trace=300000, class=sun.misc.MetaIndex@50000036)
	contents	50002423
OBJ 50002420 (sz=32, trace=300000, class=java.io.File@5000012f)
	path		50002421
OBJ 50002421 (sz=24, trace=300000, class=java.lang.String@50000181)
	value		50002422
ARR 50002422 (sz=112, trace=300000, nelems=56, elem type=char[])
ARR 50002423 (sz=32, trace=300000, nelems=3, elem type=java.lang.String[]@500000db)
	[0]		50002424
	[1]		50002425
	[2]		50002426
OBJ 50002424 (sz=24, trace=300000, class=java.lang.String@50000181)
	value		50002429
OBJ 50002425 (sz=24, trace=300000, class=java.lang.String@50000181)
	value		50002428
OBJ 50002426 (sz=24, trace=300000, class=java.lang.String@50000181)
	value		50002427
ARR 50002427 (sz=40, trace=300000, nelems=20, elem type=char[])
ARR 50002428 (sz=42, trace=300000, nelems=21, elem type=char[])
ARR 50002429 (sz=24, trace=300000, nelems=12, elem type=char[])
OBJ 5000242a (sz=24, trace=300000, class=sun.misc.MetaIndex@50000036)
	contents	5000242e
OBJ 5000242b (sz=32, trace=300000, class=java.io.File@5000012f)
	path		5000242c
OBJ 5000242c (sz=24, trace=300000, class=java.lang.String@50000181)
	value		5000242d
ARR 5000242d (sz=112, trace=300000, nelems=56, elem type=char[])
ARR 5000242e (sz=32, trace=300000, nelems=3, elem type=java.lang.String[]@500000db)
	[0]		5000242f
	[1]		50002430
	[2]		50002431
OBJ 5000242f (sz=24, trace=300000, class=java.lang.String@50000181)
	value		50002434
OBJ 50002430 (sz=24, trace=300000, class=java.lang.String@50000181)
	value		50002433
OBJ 50002431 (sz=24, trace=300000, class=java.lang.String@50000181)
	value		50002432
ARR 50002432 (sz=40, trace=300000, nelems=20, elem type=char[])
ARR 50002433 (sz=42, trace=300000, nelems=21, elem type=char[])
ARR 50002434 (sz=24, trace=300000, nelems=12, elem type=char[])
ARR 50002435 (sz=32, trace=300000, nelems=3, elem type=java.lang.String[]@500000db)
	[0]		5000074c
	[1]		5000074e
	[2]		50000750
OBJ 50002436 (sz=32, trace=300000, class=java.util.HashMap$Node@500000d7)
	key		5000243f
	value		5000243e
	next		50000732
OBJ 50002437 (sz=24, trace=300000, class=sun.misc.MetaIndex@50000036)
	contents	5000243b
OBJ 50002438 (sz=32, trace=300000, class=java.io.File@5000012f)
	path		50002439
OBJ 50002439 (sz=24, trace=300000, class=java.lang.String@50000181)
	value		5000243a
ARR 5000243a (sz=126, trace=300000, nelems=63, elem type=char[])
ARR 5000243b (sz=24, trace=300000, nelems=1, elem type=java.lang.String[]@500000db)
	[0]		5000243c
OBJ 5000243c (sz=24, trace=300000, class=java.lang.String@50000181)
	value		5000243d
ARR 5000243d (sz=54, trace=300000, nelems=27, elem type=char[])
OBJ 5000243e (sz=24, trace=300000, class=sun.misc.MetaIndex@50000036)
	contents	50002442
OBJ 5000243f (sz=32, trace=300000, class=java.io.File@5000012f)
	path		50002440
OBJ 50002440 (sz=24, trace=300000, class=java.lang.String@50000181)
	value		50002441
ARR 50002441 (sz=104, trace=300000, nelems=52, elem type=char[])
ARR 50002442 (sz=24, trace=300000, nelems=2, elem type=java.lang.String[]@500000db)
	[0]		50002443
	[1]		50002444
OBJ 50002443 (sz=24, trace=300000, class=java.lang.String@50000181)
	value		50002446
OBJ 50002444 (sz=24, trace=300000, class=java.lang.String@50000181)
	value		50002445
ARR 50002445 (sz=14, trace=300000, nelems=7, elem type=char[])
ARR 50002446 (sz=126, trace=300000, nelems=63, elem type=char[])
ARR 50002447 (sz=24, trace=300000, nelems=2, elem type=java.lang.String[]@500000db)
	[0]		50000722
	[1]		50000725
OBJ 50002448 (sz=24, trace=300000, class=sun.misc.MetaIndex@50000036)
	contents	5000244c
OBJ 50002449 (sz=32, trace=300000, class=java.io.File@5000012f)
	path		5000244a
OBJ 5000244a (sz=24, trace=300000, class=java.lang.String@50000181)
	value		5000244b
ARR 5000244b (sz=104, trace=300000, nelems=52, elem type=char[])
ARR 5000244c (sz=128, trace=300000, nelems=28, elem type=java.lang.String[]@500000db)
	[0]		5000244d
	[1]		5000244e
	[2]		5000244f
	[3]		50002450
	[4]		50002451
	[5]		50002452
	[6]		50002453
	[7]		50002454
	[8]		50002455
	[9]		50002456
	[10]		50002457
	[11]		50002458
	[12]		50002459
	[13]		5000245a
	[14]		5000245b
	[15]		5000245c
	[16]		5000245d
	[17]		5000245e
	[18]		5000245f
	[19]		50002460
	[20]		50002461
	[21]		50002462
	[22]		50002463
	[23]		50002464
	[24]		50002465
	[25]		50002466
	[26]		50002467
	[27]		50002468
OBJ 5000244d (sz=24, trace=300000, class=java.lang.String@50000181)
	value		50002484
OBJ 5000244e (sz=24, trace=300000, class=java.lang.String@50000181)
	value		50002483
OBJ 5000244f (sz=24, trace=300000, class=java.lang.String@50000181)
	value		50002482
OBJ 50002450 (sz=24, trace=300000, class=java.lang.String@50000181)
	value		50002481
OBJ 50002451 (sz=24, trace=300000, class=java.lang.String@50000181)
	value		50002480
OBJ 50002452 (sz=24, trace=300000, class=java.lang.String@50000181)
	value		5000247f
OBJ 50002453 (sz=24, trace=300000, class=java.lang.String@50000181)
	value		5000247e
OBJ 50002454 (sz=24, trace=300000, class=java.lang.String@50000181)
	value		5000247d
OBJ 50002455 (sz=24, trace=300000, class=java.lang.String@50000181)
	value		5000247c
OBJ 50002456 (sz=24, trace=300000, class=java.lang.String@50000181)
	value		5000247b
OBJ 50002457 (sz=24, trace=300000, class=java.lang.String@50000181)
	value		5000247a
OBJ 50002458 (sz=24, trace=300000, class=java.lang.String@50000181)
	value		50002479
OBJ 50002459 (sz=24, trace=300000, class=java.lang.String@50000181)
	value		50002478
OBJ 5000245a (sz=24, trace=300000, class=java.lang.String@50000181)
	value		50002477
OBJ 5000245b (sz=24, trace=300000, class=java.lang.String@50000181)
	value		50002476
OBJ 5000245c (sz=24, trace=300000, class=java.lang.String@50000181)
	value		50002475
OBJ 5000245d (sz=24, trace=300000, class=java.lang.String@50000181)
	value		50002474
OBJ 5000245e (sz=24, trace=300000, class=java.lang.String@50000181)
	value		50002473
OBJ 5000245f (sz=24, trace=300000, class=java.lang.String@50000181)
	value		50002472
OBJ 50002460 (sz=24, trace=300000, class=java.lang.String@50000181)
	value		50002471
OBJ 50002461 (sz=24, trace=300000, class=java.lang.String@50000181)
	value		50002470
OBJ 50002462 (sz=24, trace=300000, class=java.lang.String@50000181)
	value		5000246f
OBJ 50002463 (sz=24, trace=300000, class=java.lang.String@50000181)
	value		5000246e
OBJ 50002464 (sz=24, trace=300000, class=java.lang.String@50000181)
	value		5000246d
OBJ 50002465 (sz=24, trace=300000, class=java.lang.String@50000181)
	value		5000246c
OBJ 50002466 (sz=24, trace=300000, class=java.lang.String@50000181)
	value		5000246b
OBJ 50002467 (sz=24, trace=300000, class=java.lang.String@50000181)
	value		5000246a
OBJ 50002468 (sz=24, trace=300000, class=java.lang.String@50000181)
	value		50002469
ARR 50002469 (sz=40, trace=300000, nelems=20, elem type=char[])
ARR 5000246a (sz=24, trace=300000, nelems=12, elem type=char[])
ARR 5000246b (sz=26, trace=300000, nelems=13, elem type=char[])
ARR 5000246c (sz=26, trace=300000, nelems=13, elem type=char[])
ARR 5000246d (sz=26, trace=300000, nelems=13, elem type=char[])
ARR 5000246e (sz=32, trace=300000, nelems=16, elem type=char[])
ARR 5000246f (sz=24, trace=300000, nelems=12, elem type=char[])
ARR 50002470 (sz=26, trace=300000, nelems=13, elem type=char[])
ARR 50002471 (sz=38, trace=300000, nelems=19, elem type=char[])
ARR 50002472 (sz=22, trace=300000, nelems=11, elem type=char[])
ARR 50002473 (sz=36, trace=300000, nelems=18, elem type=char[])
ARR 50002474 (sz=38, trace=300000, nelems=19, elem type=char[])
ARR 50002475 (sz=26, trace=300000, nelems=13, elem type=char[])
ARR 50002476 (sz=38, trace=300000, nelems=19, elem type=char[])
ARR 50002477 (sz=34, trace=300000, nelems=17, elem type=char[])
ARR 50002478 (sz=30, trace=300000, nelems=15, elem type=char[])
ARR 50002479 (sz=34, trace=300000, nelems=17, elem type=char[])
ARR 5000247a (sz=28, trace=300000, nelems=14, elem type=char[])
ARR 5000247b (sz=30, trace=300000, nelems=15, elem type=char[])
ARR 5000247c (sz=38, trace=300000, nelems=19, elem type=char[])
ARR 5000247d (sz=54, trace=300000, nelems=27, elem type=char[])
ARR 5000247e (sz=46, trace=300000, nelems=23, elem type=char[])
ARR 5000247f (sz=30, trace=300000, nelems=15, elem type=char[])
ARR 50002480 (sz=40, trace=300000, nelems=20, elem type=char[])
ARR 50002481 (sz=34, trace=300000, nelems=17, elem type=char[])
ARR 50002482 (sz=42, trace=300000, nelems=21, elem type=char[])
ARR 50002483 (sz=66, trace=300000, nelems=33, elem type=char[])
ARR 50002484 (sz=38, trace=300000, nelems=19, elem type=char[])
OBJ 50002485 (sz=32, trace=300000, class=java.io.File@5000012f)
	path		50002486
OBJ 50002486 (sz=24, trace=300000, class=java.lang.String@50000181)
	value		50002487
ARR 50002487 (sz=104, trace=300000, nelems=52, elem type=char[])
ARR 50002488 (sz=32, trace=300000, nelems=4, elem type=java.lang.String[]@500000db)
	[0]		50000736
	[1]		50000738
	[2]		5000073a
	[3]		5000073c
OBJ 50002489 (sz=24, trace=300000, class=sun.misc.MetaIndex@50000036)
	contents	5000248d
OBJ 5000248a (sz=32, trace=300000, class=java.io.File@5000012f)
	path		5000248b
OBJ 5000248b (sz=24, trace=300000, class=java.lang.String@50000181)
	value		5000248c
ARR 5000248c (sz=108, trace=300000, nelems=54, elem type=char[])
ARR 5000248d (sz=24, trace=300000, nelems=1, elem type=java.lang.String[]@500000db)
	[0]		5000248e
OBJ 5000248e (sz=24, trace=300000, class=java.lang.String@50000181)
	value		5000248f
ARR 5000248f (sz=54, trace=300000, nelems=27, elem type=char[])
ARR 50002490 (sz=26, trace=300000, nelems=13, elem type=char[])
ARR 50002491 (sz=20, trace=300000, nelems=10, elem type=char[])
ARR 50002492 (sz=12, trace=300000, nelems=6, elem type=char[])
ARR 50002493 (sz=22, trace=300000, nelems=11, elem type=char[])
OBJ 50002494 (sz=24, trace=300000, class=java.lang.String@50000181)
	value		500024b0
OBJ 50002495 (sz=24, trace=300000, class=java.lang.String@50000181)
	value		500024ae
OBJ 50002496 (sz=24, trace=300000, class=java.lang.String@50000181)
	value		500024ad
OBJ 50002497 (sz=24, trace=300000, class=java.lang.String@50000181)
	value		500024ac
OBJ 50002498 (sz=24, trace=300000, class=java.lang.String@50000181)
	value		5000249b
OBJ 50002499 (sz=24, trace=300000, class=java.lang.String@50000181)
	value		5000249a
ARR 5000249a (sz=30, trace=300000, nelems=15, elem type=char[])
ARR 5000249b (sz=18, trace=300000, nelems=9, elem type=char[])
OBJ 5000249c (sz=24, trace=300000, class=java.lang.String@50000181)
	value		5000249d
ARR 5000249d (sz=6, trace=300000, nelems=3, elem type=char[])
OBJ 5000249e (sz=24, trace=300000, class=java.lang.String@50000181)
	value		5000249f
ARR 5000249f (sz=4, trace=300000, nelems=2, elem type=char[])
ARR 500024a0 (sz=16, trace=300000, nelems=0, elem type=java.lang.Throwable[]@50000114)
OBJ 500024a1 (sz=24, trace=300000, class=java.lang.String@50000181)
	value		500024ab
OBJ 500024a2 (sz=24, trace=300000, class=java.lang.String@50000181)
	value		500024aa
OBJ 500024a3 (sz=24, trace=300000, class=java.lang.String@50000181)
	value		500024a9
OBJ 500024a4 (sz=24, trace=300000, class=java.lang.String@50000181)
	value		500024a8
OBJ 500024a5 (sz=24, trace=300000, class=java.util.Collections$UnmodifiableRandomAccessList@500000e7)
	c		500024a7
	list		500024a7
ARR 500024a6 (sz=16, trace=300000, nelems=0, elem type=java.lang.StackTraceElement[]@50000108)
OBJ 500024a7 (sz=24, trace=300000, class=java.util.ArrayList@500000f1)
	elementData	50002366
ARR 500024a8 (sz=66, trace=300000, nelems=33, elem type=char[])
ARR 500024a9 (sz=60, trace=300000, nelems=30, elem type=char[])
ARR 500024aa (sz=22, trace=300000, nelems=11, elem type=char[])
ARR 500024ab (sz=24, trace=300000, nelems=12, elem type=char[])
ARR 500024ac (sz=80, trace=300000, nelems=40, elem type=char[])
ARR 500024ad (sz=76, trace=300000, nelems=38, elem type=char[])
ARR 500024ae (sz=54, trace=300000, nelems=27, elem type=char[])
ARR 500024af (sz=62, trace=300000, nelems=31, elem type=char[])
ARR 500024b0 (sz=24, trace=300000, nelems=12, elem type=char[])
OBJ 500024b1 (sz=24, trace=300000, class=java.lang.String@50000181)
	value		500024b3
OBJ 500024b2 (sz=24, trace=300000, class=java.lang.String@50000181)
	value		500024de
ARR 500024b3 (sz=38, trace=300000, nelems=19, elem type=char[])
OBJ 500024b4 (sz=24, trace=300000, class=java.lang.String@50000181)
	value		500024c1
OBJ 500024b5 (sz=24, trace=300000, class=java.lang.String@50000181)
	value		500024dd
OBJ 500024b6 (sz=24, trace=300000, class=java.lang.String@50000181)
	value		500024c2
OBJ 500024b7 (sz=24, trace=300000, class=java.lang.String@50000181)
	value		500024dc
OBJ 500024b8 (sz=24, trace=300000, class=java.lang.String@50000181)
	value		500024db
OBJ 500024b9 (sz=24, trace=300000, class=java.lang.String@50000181)
	value		500024da
OBJ 500024ba (sz=24, trace=300000, class=java.lang.String@50000181)
	value		500024d9
OBJ 500024bb (sz=24, trace=300000, class=java.lang.String@50000181)
	value		500024d8
OBJ 500024bc (sz=24, trace=300000, class=java.lang.String@50000181)
	value		500024d7
OBJ 500024bd (sz=24, trace=300000, class=java.lang.String@50000181)
	value		500024d6
OBJ 500024be (sz=24, trace=300000, class=java.lang.String@50000181)
	value		500024d5
OBJ 500024bf (sz=24, trace=300000, class=java.lang.String@50000181)
	value		500024d4
OBJ 500024c0 (sz=24, trace=300000, class=java.lang.String@50000181)
	value		500024d3
ARR 500024c1 (sz=40, trace=300000, nelems=20, elem type=char[])
ARR 500024c2 (sz=24, trace=300000, nelems=12, elem type=char[])
OBJ 500024c3 (sz=24, trace=300000, class=java.lang.String@50000181)
	value		500024cb
OBJ 500024c4 (sz=24, trace=300000, class=java.lang.String@50000181)
	value		500024ca
OBJ 500024c5 (sz=24, trace=300000, class=java.lang.String@50000181)
	value		500024c9
OBJ 500024c6 (sz=24, trace=300000, class=java.lang.String@50000181)
	value		500024cc
OBJ 500024c7 (sz=24, trace=300000, class=java.lang.String@50000181)
	value		500024ce
OBJ 500024c8 (sz=24, trace=300000, class=java.lang.String@50000181)
	value		500024cd
ARR 500024c9 (sz=72, trace=300000, nelems=36, elem type=char[])
ARR 500024ca (sz=54, trace=300000, nelems=27, elem type=char[])
ARR 500024cb (sz=58, trace=300000, nelems=29, elem type=char[])
ARR 500024cc (sz=74, trace=300000, nelems=37, elem type=char[])
ARR 500024cd (sz=32, trace=300000, nelems=16, elem type=char[])
ARR 500024ce (sz=48, trace=300000, nelems=24, elem type=char[])
OBJ 500024cf (sz=24, trace=300000, class=java.lang.String@50000181)
	value		500024d0
ARR 500024d0 (sz=10, trace=300000, nelems=5, elem type=char[])
OBJ 500024d1 (sz=16, trace=300000, class=java.lang.Object@50000185)
ARR 500024d2 (sz=56, trace=300000, nelems=28, elem type=char[])
ARR 500024d3 (sz=18, trace=300000, nelems=9, elem type=char[])
ARR 500024d4 (sz=26, trace=300000, nelems=13, elem type=char[])
ARR 500024d5 (sz=38, trace=300000, nelems=19, elem type=char[])
ARR 500024d6 (sz=18, trace=300000, nelems=9, elem type=char[])
ARR 500024d7 (sz=12, trace=300000, nelems=6, elem type=char[])
ARR 500024d8 (sz=28, trace=300000, nelems=14, elem type=char[])
ARR 500024d9 (sz=16, trace=300000, nelems=8, elem type=char[])
ARR 500024da (sz=14, trace=300000, nelems=7, elem type=char[])
ARR 500024db (sz=18, trace=300000, nelems=9, elem type=char[])
ARR 500024dc (sz=18, trace=300000, nelems=9, elem type=char[])
ARR 500024dd (sz=24, trace=300000, nelems=12, elem type=char[])
ARR 500024de (sz=68, trace=300000, nelems=34, elem type=char[])
OBJ 500024df (sz=32, trace=300000, class=java.lang.ref.ReferenceQueue@500000e6)
	lock		500024e1
ARR 500024e0 (sz=80, trace=300000, nelems=0, elem type=java.util.WeakHashMap$Entry[]@5000003e)
OBJ 500024e1 (sz=16, trace=300000, class=java.lang.ref.ReferenceQueue$Lock@500000e4)
OBJ 500024e2 (sz=24, trace=300000, class=java.lang.String@50000181)
	value		500024ee
OBJ 500024e3 (sz=24, trace=300000, class=java.lang.String@50000181)
	value		500024ed
OBJ 500024e4 (sz=24, trace=300000, class=java.lang.String@50000181)
	value		500024ec
OBJ 500024e5 (sz=16, trace=300000, class=sun.misc.Launcher@5000012b)
	loader		50000e6b
OBJ 500024e6 (sz=16, trace=300000, class=sun.misc.Launcher$Factory@50000042)
OBJ 500024e7 (sz=24, trace=300000, class=java.lang.String@50000181)
	value		500024ea
OBJ 500024e8 (sz=24, trace=300000, class=java.lang.String@50000181)
	value		500024e9
ARR 500024e9 (sz=6, trace=300000, nelems=3, elem type=char[])
ARR 500024ea (sz=30, trace=300000, nelems=15, elem type=char[])
ARR 500024eb (sz=12, trace=300000, nelems=6, elem type=char[])
ARR 500024ec (sz=38, trace=300000, nelems=19, elem type=char[])
ARR 500024ed (sz=42, trace=300000, nelems=21, elem type=char[])
ARR 500024ee (sz=26, trace=300000, nelems=13, elem type=char[])
ARR 500024ef (sz=56, trace=300000, nelems=0, elem type=java.lang.Object[]@5000011c)
OBJ 500024f0 (sz=16, trace=300000, class=java.security.ProtectionDomain$Key@50000008)
ARR 500024f1 (sz=16, trace=300000, nelems=0, elem type=java.security.Principal[]@50000006)
OBJ 500024f2 (sz=32, trace=300000, class=java.security.CodeSource@50000128)
OBJ 500024f3 (sz=16, trace=300000, class=java.util.HashSet@50000005)
	map		500024f4
OBJ 500024f4 (sz=48, trace=300000, class=java.util.HashMap@500000d9)
ARR 500024f5 (sz=56, trace=300000, nelems=0, elem type=java.lang.Object[]@5000011c)
OBJ 500024f6 (sz=64, trace=300000, class=java.net.URL@5000012d)
	protocol	50001355
	host		50000f74
	file		500024f7
	authority	50000f74
	path		500024f7
	handler		50001366
OBJ 500024f7 (sz=24, trace=300000, class=java.lang.String@50000181)
	value		500024f8
ARR 500024f8 (sz=132, trace=300000, nelems=66, elem type=char[])
ARR 500024f9 (sz=16, trace=300000, nelems=8, elem type=char[])
ARR 500024fa (sz=14, trace=300000, nelems=7, elem type=char[])
OBJ 500024fb (sz=16, trace=300000, class=sun.net.www.protocol.jar.Handler@50000003)
OBJ 500024fc (sz=48, trace=300000, class=java.util.HashMap@500000d9)
	table		500005dd
OBJ 500024fd (sz=24, trace=300000, class=java.util.ArrayList@500000f1)
	elementData	500005dc
OBJ 500024fe (sz=32, trace=300000, class=java.util.Stack@500000f6)
	elementData	5000250a
OBJ 500024ff (sz=24, trace=300000, class=java.util.ArrayList@500000f1)
	elementData	50002500
ARR 50002500 (sz=56, trace=300000, nelems=4, elem type=java.lang.Object[]@5000011c)
	[0]		500024f6
	[1]		50002501
	[2]		50002502
	[3]		50002503
OBJ 50002501 (sz=64, trace=300000, class=java.net.URL@5000012d)
	protocol	50001355
	host		50000f74
	file		50002508
	authority	50000f74
	path		50002508
	handler		50001366
OBJ 50002502 (sz=64, trace=300000, class=java.net.URL@5000012d)
	protocol	50001355
	host		50000f74
	file		50002506
	authority	50000f74
	path		50002506
	handler		50001366
OBJ 50002503 (sz=64, trace=300000, class=java.net.URL@5000012d)
	protocol	50001355
	host		50000f74
	file		50002504
	authority	50000f74
	path		50002504
	handler		50001366
OBJ 50002504 (sz=24, trace=300000, class=java.lang.String@50000181)
	value		50002505
ARR 50002505 (sz=132, trace=300000, nelems=66, elem type=char[])
OBJ 50002506 (sz=24, trace=300000, class=java.lang.String@50000181)
	value		50002507
ARR 50002507 (sz=100, trace=300000, nelems=50, elem type=char[])
OBJ 50002508 (sz=24, trace=300000, class=java.lang.String@50000181)
	value		50002509
ARR 50002509 (sz=94, trace=300000, nelems=47, elem type=char[])
ARR 5000250a (sz=56, trace=300000, nelems=0, elem type=java.lang.Object[]@5000011c)
OBJ 5000250b (sz=32, trace=300000, class=java.lang.ref.ReferenceQueue@500000e6)
	lock		5000250d
ARR 5000250c (sz=80, trace=300000, nelems=0, elem type=java.util.WeakHashMap$Entry[]@5000003e)
OBJ 5000250d (sz=16, trace=300000, class=java.lang.ref.ReferenceQueue$Lock@500000e4)
ARR 5000250e (sz=56, trace=300000, nelems=1, elem type=java.lang.Object[]@5000011c)
	[0]		50000fc4
ARR 5000250f (sz=56, trace=300000, nelems=1, elem type=java.lang.Object[]@5000011c)
	[0]		50002510
OBJ 50002510 (sz=40, trace=300000, class=java.lang.ClassLoader$NativeLibrary@50000053)
	fromClass	5000017a
	name		50000fc4
ARR 50002511 (sz=56, trace=300000, nelems=0, elem type=java.lang.Object[]@5000011c)
OBJ 50002512 (sz=24, trace=300000, class=java.lang.String@50000181)
	value		50002553
OBJ 50002513 (sz=24, trace=300000, class=java.lang.String@50000181)
	value		50002552
OBJ 50002514 (sz=24, trace=300000, class=java.lang.String@50000181)
	value		50002551
OBJ 50002515 (sz=24, trace=300000, class=java.lang.String@50000181)
	value		50002550
OBJ 50002516 (sz=24, trace=300000, class=java.lang.String@50000181)
	value		5000254f
OBJ 50002517 (sz=24, trace=300000, class=java.lang.String@50000181)
	value		5000254e
OBJ 50002518 (sz=24, trace=300000, class=java.lang.String@50000181)
	value		5000254d
OBJ 50002519 (sz=24, trace=300000, class=java.lang.String@50000181)
	value		5000254c
OBJ 5000251a (sz=24, trace=300000, class=java.lang.String@50000181)
	value		5000254b
OBJ 5000251b (sz=24, trace=300000, class=java.lang.String@50000181)
	value		5000254a
OBJ 5000251c (sz=24, trace=300000, class=java.lang.String@50000181)
	value		50002549
OBJ 5000251d (sz=24, trace=300000, class=java.lang.String@50000181)
	value		50002548
OBJ 5000251e (sz=24, trace=300000, class=java.lang.String@50000181)
	value		50002547
OBJ 5000251f (sz=24, trace=300000, class=java.lang.String@50000181)
	value		50002546
OBJ 50002520 (sz=24, trace=300000, class=java.lang.String@50000181)
	value		50002545
OBJ 50002521 (sz=24, trace=300000, class=java.lang.String@50000181)
	value		50002544
OBJ 50002522 (sz=24, trace=300000, class=java.lang.String@50000181)
	value		50002543
OBJ 50002523 (sz=24, trace=300000, class=java.lang.String@50000181)
	value		50002542
OBJ 50002524 (sz=24, trace=300000, class=java.lang.String@50000181)
	value		50002541
OBJ 50002525 (sz=24, trace=300000, class=java.lang.String@50000181)
	value		50002540
OBJ 50002526 (sz=24, trace=300000, class=java.lang.String@50000181)
	value		5000253f
OBJ 50002527 (sz=24, trace=300000, class=java.lang.String@50000181)
	value		5000253e
OBJ 50002528 (sz=24, trace=300000, class=java.lang.String@50000181)
	value		5000253d
OBJ 50002529 (sz=24, trace=300000, class=java.lang.String@50000181)
	value		5000253c
OBJ 5000252a (sz=24, trace=300000, class=java.lang.String@50000181)
	value		5000253b
OBJ 5000252b (sz=24, trace=300000, class=java.lang.String@50000181)
	value		5000253a
OBJ 5000252c (sz=24, trace=300000, class=java.lang.String@50000181)
	value		50002539
OBJ 5000252d (sz=24, trace=300000, class=java.lang.String@50000181)
	value		50002538
OBJ 5000252e (sz=24, trace=300000, class=java.lang.String@50000181)
	value		50002537
OBJ 5000252f (sz=24, trace=300000, class=java.lang.String@50000181)
	value		50002536
OBJ 50002530 (sz=24, trace=300000, class=java.lang.String@50000181)
	value		50002535
OBJ 50002531 (sz=24, trace=300000, class=java.lang.String@50000181)
	value		50002534
OBJ 50002532 (sz=24, trace=300000, class=java.lang.String@50000181)
	value		50002533
ARR 50002533 (sz=2, trace=300000, nelems=1, elem type=char[])
ARR 50002534 (sz=58, trace=300000, nelems=29, elem type=char[])
ARR 50002535 (sz=74, trace=300000, nelems=37, elem type=char[])
ARR 50002536 (sz=92, trace=300000, nelems=46, elem type=char[])
ARR 50002537 (sz=64, trace=300000, nelems=32, elem type=char[])
ARR 50002538 (sz=64, trace=300000, nelems=32, elem type=char[])
ARR 50002539 (sz=48, trace=300000, nelems=24, elem type=char[])
ARR 5000253a (sz=62, trace=300000, nelems=31, elem type=char[])
ARR 5000253b (sz=82, trace=300000, nelems=41, elem type=char[])
ARR 5000253c (sz=74, trace=300000, nelems=37, elem type=char[])
ARR 5000253d (sz=32, trace=300000, nelems=16, elem type=char[])
ARR 5000253e (sz=26, trace=300000, nelems=13, elem type=char[])
ARR 5000253f (sz=50, trace=300000, nelems=25, elem type=char[])
ARR 50002540 (sz=128, trace=300000, nelems=64, elem type=char[])
ARR 50002541 (sz=140, trace=300000, nelems=70, elem type=char[])
ARR 50002542 (sz=128, trace=300000, nelems=64, elem type=char[])
ARR 50002543 (sz=140, trace=300000, nelems=70, elem type=char[])
ARR 50002544 (sz=92, trace=300000, nelems=46, elem type=char[])
ARR 50002545 (sz=102, trace=300000, nelems=51, elem type=char[])
ARR 50002546 (sz=64, trace=300000, nelems=32, elem type=char[])
ARR 50002547 (sz=86, trace=300000, nelems=43, elem type=char[])
ARR 50002548 (sz=48, trace=300000, nelems=24, elem type=char[])
ARR 50002549 (sz=20, trace=300000, nelems=10, elem type=char[])
ARR 5000254a (sz=38, trace=300000, nelems=19, elem type=char[])
ARR 5000254b (sz=70, trace=300000, nelems=35, elem type=char[])
ARR 5000254c (sz=82, trace=300000, nelems=41, elem type=char[])
ARR 5000254d (sz=70, trace=300000, nelems=35, elem type=char[])
ARR 5000254e (sz=26, trace=300000, nelems=13, elem type=char[])
ARR 5000254f (sz=36, trace=300000, nelems=18, elem type=char[])
ARR 50002550 (sz=20, trace=300000, nelems=10, elem type=char[])
ARR 50002551 (sz=38, trace=300000, nelems=19, elem type=char[])
ARR 50002552 (sz=46, trace=300000, nelems=23, elem type=char[])
ARR 50002553 (sz=70, trace=300000, nelems=35, elem type=char[])
OBJ 50002554 (sz=24, trace=300000, class=java.lang.String@50000181)
	value		50002555
ARR 50002555 (sz=48, trace=300000, nelems=24, elem type=char[])
OBJ 50002556 (sz=24, trace=300000, class=java.util.Collections$SetFromMap@5000003d)
	m		50002558
	s		50002557
OBJ 50002557 (sz=16, trace=300000, class=java.util.WeakHashMap$KeySet@5000003c)
	this$0		50002558
OBJ 50002558 (sz=48, trace=300000, class=java.util.WeakHashMap@500000ba)
	keySet		50002557
	table		5000255a
	queue		50002559
OBJ 50002559 (sz=32, trace=300000, class=java.lang.ref.ReferenceQueue@500000e6)
	lock		5000255f
ARR 5000255a (sz=80, trace=300000, nelems=14, elem type=java.util.WeakHashMap$Entry[]@5000003e)
	[4]		5000255b
	[6]		5000255c
	[13]		5000255d
OBJ 5000255b (sz=40, trace=300000, class=java.util.WeakHashMap$Entry@5000003f)
	referent	5000012e
	queue		50002559
	value		500011fa
OBJ 5000255c (sz=40, trace=300000, class=java.util.WeakHashMap$Entry@5000003f)
	referent	50000171
	queue		50002559
	value		500011fa
	next		50002560
OBJ 5000255d (sz=40, trace=300000, class=java.util.WeakHashMap$Entry@5000003f)
	referent	5000012a
	queue		50002559
	value		500011fa
	next		5000255e
OBJ 5000255e (sz=40, trace=300000, class=java.util.WeakHashMap$Entry@5000003f)
	referent	50000129
	queue		50002559
	value		500011fa
OBJ 5000255f (sz=16, trace=300000, class=java.lang.ref.ReferenceQueue$Lock@500000e4)
OBJ 50002560 (sz=40, trace=300000, class=java.util.WeakHashMap$Entry@5000003f)
	referent	5000017b
	queue		50002559
	value		500011fa
ARR 50002561 (sz=42, trace=300000, nelems=21, elem type=char[])
ARR 50002562 (sz=34, trace=300000, nelems=17, elem type=char[])
ARR 50002563 (sz=10, trace=300000, nelems=5, elem type=char[])
ARR 50002564 (sz=58, trace=300000, nelems=29, elem type=char[])
ARR 50002565 (sz=54, trace=300000, nelems=27, elem type=char[])
ARR 50002566 (sz=74, trace=300000, nelems=37, elem type=char[])
ARR 50002567 (sz=44, trace=300000, nelems=22, elem type=char[])
ARR 50002568 (sz=4, trace=300000, nelems=2, elem type=char[])
OBJ 50002569 (sz=32, trace=300000, class=java.lang.ref.ReferenceQueue@500000e6)
	lock		5000256a
OBJ 5000256a (sz=16, trace=300000, class=java.lang.ref.ReferenceQueue$Lock@500000e4)
OBJ 5000256b (sz=24, trace=300000, class=java.lang.String@50000181)
	value		5000256c
ARR 5000256c (sz=12, trace=300000, nelems=6, elem type=char[])
ARR 5000256d (sz=34, trace=300000, nelems=17, elem type=char[])
ARR 5000256e (sz=4, trace=300000, nelems=2, elem type=char[])
OBJ 5000256f (sz=32, trace=300000, class=sun.util.locale.BaseLocale@5000001b)
	language	50001057
	script		50000f74
	region		50001066
	variant		50000f74
OBJ 50002570 (sz=16, trace=300000, class=java.lang.ref.ReferenceQueue$Lock@500000e4)
OBJ 50002571 (sz=48, trace=300000, class=sun.util.locale.LocaleObjectCache$CacheEntry@50000018)
	referent	50002579
	queue		5000109e
	key		50002572
OBJ 50002572 (sz=40, trace=300000, class=sun.util.locale.BaseLocale$Key@50000019)
	lang		50002576
	scrt		50002575
	regn		50002574
	vart		50002573
OBJ 50002573 (sz=40, trace=300000, class=java.lang.ref.SoftReference@50000165)
	referent	50000f74
	queue		500010b3
OBJ 50002574 (sz=40, trace=300000, class=java.lang.ref.SoftReference@50000165)
	referent	50001068
	queue		500010b3
OBJ 50002575 (sz=40, trace=300000, class=java.lang.ref.SoftReference@50000165)
	referent	50000f74
	queue		500010b3
OBJ 50002576 (sz=40, trace=300000, class=java.lang.ref.SoftReference@50000165)
	referent	5000105b
	queue		500010b3
ARR 50002577 (sz=4, trace=300000, nelems=2, elem type=char[])
ARR 50002578 (sz=4, trace=300000, nelems=2, elem type=char[])
OBJ 50002579 (sz=32, trace=300000, class=sun.util.locale.BaseLocale@5000001b)
	language	5000105b
	script		50000f74
	region		50001068
	variant		50000f74
OBJ 5000257a (sz=48, trace=300000, class=sun.util.locale.LocaleObjectCache$CacheEntry@50000018)
	referent	50002581
	queue		5000109e
	key		5000257b
OBJ 5000257b (sz=40, trace=300000, class=sun.util.locale.BaseLocale$Key@50000019)
	lang		5000257f
	scrt		5000257e
	regn		5000257d
	vart		5000257c
OBJ 5000257c (sz=40, trace=300000, class=java.lang.ref.SoftReference@50000165)
	referent	50000f74
	queue		500010b3
OBJ 5000257d (sz=40, trace=300000, class=java.lang.ref.SoftReference@50000165)
	referent	50000f74
	queue		500010b3
OBJ 5000257e (sz=40, trace=300000, class=java.lang.ref.SoftReference@50000165)
	referent	50000f74
	queue		500010b3
OBJ 5000257f (sz=40, trace=300000, class=java.lang.ref.SoftReference@50000165)
	referent	5000105a
	queue		500010b3
ARR 50002580 (sz=4, trace=300000, nelems=2, elem type=char[])
OBJ 50002581 (sz=32, trace=300000, class=sun.util.locale.BaseLocale@5000001b)
	language	5000105a
	script		50000f74
	region		50000f74
	variant		50000f74
ARR 50002582 (sz=4, trace=300000, nelems=2, elem type=char[])
OBJ 50002583 (sz=24, trace=300000, class=java.lang.String@50000181)
	value		50002584
ARR 50002584 (sz=8, trace=300000, nelems=4, elem type=char[])
OBJ 50002585 (sz=48, trace=300000, class=sun.util.locale.LocaleObjectCache$CacheEntry@50000018)
	referent	5000258b
	queue		5000109e
	key		50002586
OBJ 50002586 (sz=40, trace=300000, class=sun.util.locale.BaseLocale$Key@50000019)
	lang		5000258a
	scrt		50002589
	regn		50002588
	vart		50002587
OBJ 50002587 (sz=40, trace=300000, class=java.lang.ref.SoftReference@50000165)
	referent	50000f74
	queue		500010b3
OBJ 50002588 (sz=40, trace=300000, class=java.lang.ref.SoftReference@50000165)
	referent	50000f74
	queue		500010b3
OBJ 50002589 (sz=40, trace=300000, class=java.lang.ref.SoftReference@50000165)
	referent	50000f74
	queue		500010b3
OBJ 5000258a (sz=40, trace=300000, class=java.lang.ref.SoftReference@50000165)
	referent	50001065
	queue		500010b3
OBJ 5000258b (sz=32, trace=300000, class=sun.util.locale.BaseLocale@5000001b)
	language	50001065
	script		50000f74
	region		50000f74
	variant		50000f74
ARR 5000258c (sz=4, trace=300000, nelems=2, elem type=char[])
OBJ 5000258d (sz=32, trace=300000, class=java.util.concurrent.ConcurrentHashMap$Node@50000023)
	key		50002597
	val		50002596
	next		50002595
OBJ 5000258e (sz=48, trace=300000, class=sun.util.locale.LocaleObjectCache$CacheEntry@50000018)
	referent	50002594
	queue		5000109e
	key		5000258f
OBJ 5000258f (sz=40, trace=300000, class=sun.util.locale.BaseLocale$Key@50000019)
	lang		50002593
	scrt		50002592
	regn		50002591
	vart		50002590
OBJ 50002590 (sz=40, trace=300000, class=java.lang.ref.SoftReference@50000165)
	referent	50000f74
	queue		500010b3
OBJ 50002591 (sz=40, trace=300000, class=java.lang.ref.SoftReference@50000165)
	referent	50000f74
	queue		500010b3
OBJ 50002592 (sz=40, trace=300000, class=java.lang.ref.SoftReference@50000165)
	referent	50000f74
	queue		500010b3
OBJ 50002593 (sz=40, trace=300000, class=java.lang.ref.SoftReference@50000165)
	referent	50001057
	queue		500010b3
OBJ 50002594 (sz=32, trace=300000, class=sun.util.locale.BaseLocale@5000001b)
	language	50001057
	script		50000f74
	region		50000f74
	variant		50000f74
OBJ 50002595 (sz=32, trace=300000, class=java.util.concurrent.ConcurrentHashMap$Node@50000023)
	key		500025a0
	val		5000259f
OBJ 50002596 (sz=48, trace=300000, class=sun.util.locale.LocaleObjectCache$CacheEntry@50000018)
	referent	5000259e
	queue		5000109e
	key		50002597
OBJ 50002597 (sz=40, trace=300000, class=sun.util.locale.BaseLocale$Key@50000019)
	lang		5000259b
	scrt		5000259a
	regn		50002599
	vart		50002598
OBJ 50002598 (sz=40, trace=300000, class=java.lang.ref.SoftReference@50000165)
	referent	50000f74
	queue		500010b3
OBJ 50002599 (sz=40, trace=300000, class=java.lang.ref.SoftReference@50000165)
	referent	5000104e
	queue		500010b3
OBJ 5000259a (sz=40, trace=300000, class=java.lang.ref.SoftReference@50000165)
	referent	50000f74
	queue		500010b3
OBJ 5000259b (sz=40, trace=300000, class=java.lang.ref.SoftReference@50000165)
	referent	50001054
	queue		500010b3
ARR 5000259c (sz=4, trace=300000, nelems=2, elem type=char[])
ARR 5000259d (sz=4, trace=300000, nelems=2, elem type=char[])
OBJ 5000259e (sz=32, trace=300000, class=sun.util.locale.BaseLocale@5000001b)
	language	50001054
	script		50000f74
	region		5000104e
	variant		50000f74
OBJ 5000259f (sz=48, trace=300000, class=sun.util.locale.LocaleObjectCache$CacheEntry@50000018)
	referent	500025a6
	queue		5000109e
	key		500025a0
OBJ 500025a0 (sz=40, trace=300000, class=sun.util.locale.BaseLocale$Key@50000019)
	lang		500025a4
	scrt		500025a3
	regn		500025a2
	vart		500025a1
OBJ 500025a1 (sz=40, trace=300000, class=java.lang.ref.SoftReference@50000165)
	referent	50000f74
	queue		500010b3
OBJ 500025a2 (sz=40, trace=300000, class=java.lang.ref.SoftReference@50000165)
	referent	50001051
	queue		500010b3
OBJ 500025a3 (sz=40, trace=300000, class=java.lang.ref.SoftReference@50000165)
	referent	50000f74
	queue		500010b3
OBJ 500025a4 (sz=40, trace=300000, class=java.lang.ref.SoftReference@50000165)
	referent	5000105a
	queue		500010b3
ARR 500025a5 (sz=4, trace=300000, nelems=2, elem type=char[])
OBJ 500025a6 (sz=32, trace=300000, class=sun.util.locale.BaseLocale@5000001b)
	language	5000105a
	script		50000f74
	region		50001051
	variant		50000f74
OBJ 500025a7 (sz=32, trace=300000, class=java.util.concurrent.ConcurrentHashMap$Node@50000023)
	key		500025b1
	val		500025b0
OBJ 500025a8 (sz=48, trace=300000, class=sun.util.locale.LocaleObjectCache$CacheEntry@50000018)
	referent	500025af
	queue		5000109e
	key		500025a9
OBJ 500025a9 (sz=40, trace=300000, class=sun.util.locale.BaseLocale$Key@50000019)
	lang		500025ad
	scrt		500025ac
	regn		500025ab
	vart		500025aa
OBJ 500025aa (sz=40, trace=300000, class=java.lang.ref.SoftReference@50000165)
	referent	50000f74
	queue		500010b3
OBJ 500025ab (sz=40, trace=300000, class=java.lang.ref.SoftReference@50000165)
	referent	50000f74
	queue		500010b3
OBJ 500025ac (sz=40, trace=300000, class=java.lang.ref.SoftReference@50000165)
	referent	50000f74
	queue		500010b3
OBJ 500025ad (sz=40, trace=300000, class=java.lang.ref.SoftReference@50000165)
	referent	50001059
	queue		500010b3
ARR 500025ae (sz=4, trace=300000, nelems=2, elem type=char[])
OBJ 500025af (sz=32, trace=300000, class=sun.util.locale.BaseLocale@5000001b)
	language	50001059
	script		50000f74
	region		50000f74
	variant		50000f74
OBJ 500025b0 (sz=48, trace=300000, class=sun.util.locale.LocaleObjectCache$CacheEntry@50000018)
	referent	50001094
	queue		5000109e
	key		500025b1
OBJ 500025b1 (sz=40, trace=300000, class=sun.util.locale.BaseLocale$Key@50000019)
	lang		500025b5
	scrt		500025b4
	regn		500025b3
	vart		500025b2
OBJ 500025b2 (sz=40, trace=300000, class=java.lang.ref.SoftReference@50000165)
	referent	50000f74
	queue		500010b3
OBJ 500025b3 (sz=40, trace=300000, class=java.lang.ref.SoftReference@50000165)
	referent	50001067
	queue		500010b3
OBJ 500025b4 (sz=40, trace=300000, class=java.lang.ref.SoftReference@50000165)
	referent	50000f74
	queue		500010b3
OBJ 500025b5 (sz=40, trace=300000, class=java.lang.ref.SoftReference@50000165)
	referent	50001055
	queue		500010b3
OBJ 500025b6 (sz=48, trace=300000, class=sun.util.locale.LocaleObjectCache$CacheEntry@50000018)
	referent	500025bc
	queue		5000109e
	key		500025b7
OBJ 500025b7 (sz=40, trace=300000, class=sun.util.locale.BaseLocale$Key@50000019)
	lang		500025bb
	scrt		500025ba
	regn		500025b9
	vart		500025b8
OBJ 500025b8 (sz=40, trace=300000, class=java.lang.ref.SoftReference@50000165)
	referent	50000f74
	queue		500010b3
OBJ 500025b9 (sz=40, trace=300000, class=java.lang.ref.SoftReference@50000165)
	referent	50000f74
	queue		500010b3
OBJ 500025ba (sz=40, trace=300000, class=java.lang.ref.SoftReference@50000165)
	referent	50000f74
	queue		500010b3
OBJ 500025bb (sz=40, trace=300000, class=java.lang.ref.SoftReference@50000165)
	referent	50001055
	queue		500010b3
OBJ 500025bc (sz=32, trace=300000, class=sun.util.locale.BaseLocale@5000001b)
	language	50001055
	script		50000f74
	region		50000f74
	variant		50000f74
OBJ 500025bd (sz=32, trace=300000, class=java.util.concurrent.ConcurrentHashMap$Node@50000023)
	key		500025c8
	val		500025c7
	next		500025c6
OBJ 500025be (sz=48, trace=300000, class=sun.util.locale.LocaleObjectCache$CacheEntry@50000018)
	referent	500025c5
	queue		5000109e
	key		500025bf
OBJ 500025bf (sz=40, trace=300000, class=sun.util.locale.BaseLocale$Key@50000019)
	lang		500025c3
	scrt		500025c2
	regn		500025c1
	vart		500025c0
OBJ 500025c0 (sz=40, trace=300000, class=java.lang.ref.SoftReference@50000165)
	referent	50000f74
	queue		500010b3
OBJ 500025c1 (sz=40, trace=300000, class=java.lang.ref.SoftReference@50000165)
	referent	50001052
	queue		500010b3
OBJ 500025c2 (sz=40, trace=300000, class=java.lang.ref.SoftReference@50000165)
	referent	50000f74
	queue		500010b3
OBJ 500025c3 (sz=40, trace=300000, class=java.lang.ref.SoftReference@50000165)
	referent	50001065
	queue		500010b3
ARR 500025c4 (sz=4, trace=300000, nelems=2, elem type=char[])
OBJ 500025c5 (sz=32, trace=300000, class=sun.util.locale.BaseLocale@5000001b)
	language	50001065
	script		50000f74
	region		50001052
	variant		50000f74
OBJ 500025c6 (sz=32, trace=300000, class=java.util.concurrent.ConcurrentHashMap$Node@50000023)
	key		500025d1
	val		500025d0
	next		500025cf
OBJ 500025c7 (sz=48, trace=300000, class=sun.util.locale.LocaleObjectCache$CacheEntry@50000018)
	referent	500025ce
	queue		5000109e
	key		500025c8
OBJ 500025c8 (sz=40, trace=300000, class=sun.util.locale.BaseLocale$Key@50000019)
	lang		500025cc
	scrt		500025cb
	regn		500025ca
	vart		500025c9
OBJ 500025c9 (sz=40, trace=300000, class=java.lang.ref.SoftReference@50000165)
	referent	50000f74
	queue		500010b3
OBJ 500025ca (sz=40, trace=300000, class=java.lang.ref.SoftReference@50000165)
	referent	5000104f
	queue		500010b3
OBJ 500025cb (sz=40, trace=300000, class=java.lang.ref.SoftReference@50000165)
	referent	50000f74
	queue		500010b3
OBJ 500025cc (sz=40, trace=300000, class=java.lang.ref.SoftReference@50000165)
	referent	50001057
	queue		500010b3
ARR 500025cd (sz=4, trace=300000, nelems=2, elem type=char[])
OBJ 500025ce (sz=32, trace=300000, class=sun.util.locale.BaseLocale@5000001b)
	language	50001057
	script		50000f74
	region		5000104f
	variant		50000f74
OBJ 500025cf (sz=32, trace=300000, class=java.util.concurrent.ConcurrentHashMap$Node@50000023)
	key		500025d9
	val		500025d8
OBJ 500025d0 (sz=48, trace=300000, class=sun.util.locale.LocaleObjectCache$CacheEntry@50000018)
	referent	500025d7
	queue		5000109e
	key		500025d1
OBJ 500025d1 (sz=40, trace=300000, class=sun.util.locale.BaseLocale$Key@50000019)
	lang		500025d5
	scrt		500025d4
	regn		500025d3
	vart		500025d2
OBJ 500025d2 (sz=40, trace=300000, class=java.lang.ref.SoftReference@50000165)
	referent	50000f74
	queue		500010b3
OBJ 500025d3 (sz=40, trace=300000, class=java.lang.ref.SoftReference@50000165)
	referent	50001069
	queue		500010b3
OBJ 500025d4 (sz=40, trace=300000, class=java.lang.ref.SoftReference@50000165)
	referent	50000f74
	queue		500010b3
OBJ 500025d5 (sz=40, trace=300000, class=java.lang.ref.SoftReference@50000165)
	referent	50001055
	queue		500010b3
ARR 500025d6 (sz=4, trace=300000, nelems=2, elem type=char[])
OBJ 500025d7 (sz=32, trace=300000, class=sun.util.locale.BaseLocale@5000001b)
	language	50001055
	script		50000f74
	region		50001069
	variant		50000f74
OBJ 500025d8 (sz=48, trace=300000, class=sun.util.locale.LocaleObjectCache$CacheEntry@50000018)
	referent	500025de
	queue		5000109e
	key		500025d9
OBJ 500025d9 (sz=40, trace=300000, class=sun.util.locale.BaseLocale$Key@50000019)
	lang		500025dd
	scrt		500025dc
	regn		500025db
	vart		500025da
OBJ 500025da (sz=40, trace=300000, class=java.lang.ref.SoftReference@50000165)
	referent	50000f74
	queue		500010b3
OBJ 500025db (sz=40, trace=300000, class=java.lang.ref.SoftReference@50000165)
	referent	50001066
	queue		500010b3
OBJ 500025dc (sz=40, trace=300000, class=java.lang.ref.SoftReference@50000165)
	referent	50000f74
	queue		500010b3
OBJ 500025dd (sz=40, trace=300000, class=java.lang.ref.SoftReference@50000165)
	referent	50001055
	queue		500010b3
OBJ 500025de (sz=32, trace=300000, class=sun.util.locale.BaseLocale@5000001b)
	language	50001055
	script		50000f74
	region		50001066
	variant		50000f74
OBJ 500025df (sz=48, trace=300000, class=sun.util.locale.LocaleObjectCache$CacheEntry@50000018)
	referent	500025e6
	queue		5000109e
	key		500025e0
OBJ 500025e0 (sz=40, trace=300000, class=sun.util.locale.BaseLocale$Key@50000019)
	lang		500025e4
	scrt		500025e3
	regn		500025e2
	vart		500025e1
OBJ 500025e1 (sz=40, trace=300000, class=java.lang.ref.SoftReference@50000165)
	referent	50000f74
	queue		500010b3
OBJ 500025e2 (sz=40, trace=300000, class=java.lang.ref.SoftReference@50000165)
	referent	50001050
	queue		500010b3
OBJ 500025e3 (sz=40, trace=300000, class=java.lang.ref.SoftReference@50000165)
	referent	50000f74
	queue		500010b3
OBJ 500025e4 (sz=40, trace=300000, class=java.lang.ref.SoftReference@50000165)
	referent	50001059
	queue		500010b3
ARR 500025e5 (sz=4, trace=300000, nelems=2, elem type=char[])
OBJ 500025e6 (sz=32, trace=300000, class=sun.util.locale.BaseLocale@5000001b)
	language	50001059
	script		50000f74
	region		50001050
	variant		50000f74
OBJ 500025e7 (sz=48, trace=300000, class=sun.util.locale.LocaleObjectCache$CacheEntry@50000018)
	referent	500025ed
	queue		5000109e
	key		500025e8
OBJ 500025e8 (sz=40, trace=300000, class=sun.util.locale.BaseLocale$Key@50000019)
	lang		500025ec
	scrt		500025eb
	regn		500025ea
	vart		500025e9
OBJ 500025e9 (sz=40, trace=300000, class=java.lang.ref.SoftReference@50000165)
	referent	50000f74
	queue		500010b3
OBJ 500025ea (sz=40, trace=300000, class=java.lang.ref.SoftReference@50000165)
	referent	50000f74
	queue		500010b3
OBJ 500025eb (sz=40, trace=300000, class=java.lang.ref.SoftReference@50000165)
	referent	50000f74
	queue		500010b3
OBJ 500025ec (sz=40, trace=300000, class=java.lang.ref.SoftReference@50000165)
	referent	5000105b
	queue		500010b3
OBJ 500025ed (sz=32, trace=300000, class=sun.util.locale.BaseLocale@5000001b)
	language	5000105b
	script		50000f74
	region		50000f74
	variant		50000f74
OBJ 500025ee (sz=48, trace=300000, class=sun.util.locale.LocaleObjectCache$CacheEntry@50000018)
	referent	500025f4
	queue		5000109e
	key		500025ef
OBJ 500025ef (sz=40, trace=300000, class=sun.util.locale.BaseLocale$Key@50000019)
	lang		500025f3
	scrt		500025f2
	regn		500025f1
	vart		500025f0
OBJ 500025f0 (sz=40, trace=300000, class=java.lang.ref.SoftReference@50000165)
	referent	50000f74
	queue		500010b3
OBJ 500025f1 (sz=40, trace=300000, class=java.lang.ref.SoftReference@50000165)
	referent	50000f74
	queue		500010b3
OBJ 500025f2 (sz=40, trace=300000, class=java.lang.ref.SoftReference@50000165)
	referent	50000f74
	queue		500010b3
OBJ 500025f3 (sz=40, trace=300000, class=java.lang.ref.SoftReference@50000165)
	referent	50001054
	queue		500010b3
OBJ 500025f4 (sz=32, trace=300000, class=sun.util.locale.BaseLocale@5000001b)
	language	50001054
	script		50000f74
	region		50000f74
	variant		50000f74
OBJ 500025f5 (sz=32, trace=300000, class=java.util.concurrent.ConcurrentHashMap$Node@50000023)
	key		500025fe
	val		500025fd
OBJ 500025f6 (sz=48, trace=300000, class=sun.util.locale.LocaleObjectCache$CacheEntry@50000018)
	referent	500025fc
	queue		5000109e
	key		500025f7
OBJ 500025f7 (sz=40, trace=300000, class=sun.util.locale.BaseLocale$Key@50000019)
	lang		500025fb
	scrt		500025fa
	regn		500025f9
	vart		500025f8
OBJ 500025f8 (sz=40, trace=300000, class=java.lang.ref.SoftReference@50000165)
	referent	50000f74
	queue		500010b3
OBJ 500025f9 (sz=40, trace=300000, class=java.lang.ref.SoftReference@50000165)
	referent	5000104d
	queue		500010b3
OBJ 500025fa (sz=40, trace=300000, class=java.lang.ref.SoftReference@50000165)
	referent	50000f74
	queue		500010b3
OBJ 500025fb (sz=40, trace=300000, class=java.lang.ref.SoftReference@50000165)
	referent	50001065
	queue		500010b3
OBJ 500025fc (sz=32, trace=300000, class=sun.util.locale.BaseLocale@5000001b)
	language	50001065
	script		50000f74
	region		5000104d
	variant		50000f74
OBJ 500025fd (sz=48, trace=300000, class=sun.util.locale.LocaleObjectCache$CacheEntry@50000018)
	referent	50002603
	queue		5000109e
	key		500025fe
OBJ 500025fe (sz=40, trace=300000, class=sun.util.locale.BaseLocale$Key@50000019)
	lang		50002602
	scrt		50002601
	regn		50002600
	vart		500025ff
OBJ 500025ff (sz=40, trace=300000, class=java.lang.ref.SoftReference@50000165)
	referent	50000f74
	queue		500010b3
OBJ 50002600 (sz=40, trace=300000, class=java.lang.ref.SoftReference@50000165)
	referent	50000f74
	queue		500010b3
OBJ 50002601 (sz=40, trace=300000, class=java.lang.ref.SoftReference@50000165)
	referent	50000f74
	queue		500010b3
OBJ 50002602 (sz=40, trace=300000, class=java.lang.ref.SoftReference@50000165)
	referent	50000f74
	queue		500010b3
OBJ 50002603 (sz=32, trace=300000, class=sun.util.locale.BaseLocale@5000001b)
	language	50000f74
	script		50000f74
	region		50000f74
	variant		50000f74
ARR 50002604 (sz=4, trace=300000, nelems=2, elem type=char[])
ARR 50002605 (sz=4, trace=300000, nelems=2, elem type=char[])
ARR 50002606 (sz=4, trace=300000, nelems=2, elem type=char[])
OBJ 50002607 (sz=16, trace=300000, class=java.lang.ref.ReferenceQueue$Lock@500000e4)
OBJ 50002608 (sz=32, trace=300000, class=java.util.concurrent.ConcurrentHashMap$Node@50000023)
	key		5000260c
	val		5000260b
OBJ 50002609 (sz=48, trace=300000, class=sun.util.locale.LocaleObjectCache$CacheEntry@50000018)
	referent	5000106f
	queue		5000107f
	key		5000260a
OBJ 5000260a (sz=24, trace=300000, class=java.util.Locale$LocaleKey@50000017)
	base		500025d7
OBJ 5000260b (sz=48, trace=300000, class=sun.util.locale.LocaleObjectCache$CacheEntry@50000018)
	referent	5000106e
	queue		5000107f
	key		5000260c
OBJ 5000260c (sz=24, trace=300000, class=java.util.Locale$LocaleKey@50000017)
	base		500025de
OBJ 5000260d (sz=48, trace=300000, class=sun.util.locale.LocaleObjectCache$CacheEntry@50000018)
	referent	50001076
	queue		5000107f
	key		5000260e
OBJ 5000260e (sz=24, trace=300000, class=java.util.Locale$LocaleKey@50000017)
	base		500025ce
OBJ 5000260f (sz=48, trace=300000, class=sun.util.locale.LocaleObjectCache$CacheEntry@50000018)
	referent	50001074
	queue		5000107f
	key		50002610
OBJ 50002610 (sz=24, trace=300000, class=java.util.Locale$LocaleKey@50000017)
	base		500025e6
OBJ 50002611 (sz=48, trace=300000, class=sun.util.locale.LocaleObjectCache$CacheEntry@50000018)
	referent	5000107d
	queue		5000107f
	key		50002612
OBJ 50002612 (sz=24, trace=300000, class=java.util.Locale$LocaleKey@50000017)
	base		500025bc
OBJ 50002613 (sz=48, trace=300000, class=sun.util.locale.LocaleObjectCache$CacheEntry@50000018)
	referent	50001077
	queue		5000107f
	key		50002614
OBJ 50002614 (sz=24, trace=300000, class=java.util.Locale$LocaleKey@50000017)
	base		5000258b
OBJ 50002615 (sz=48, trace=300000, class=sun.util.locale.LocaleObjectCache$CacheEntry@50000018)
	referent	5000107b
	queue		5000107f
	key		50002616
OBJ 50002616 (sz=24, trace=300000, class=java.util.Locale$LocaleKey@50000017)
	base		500025f4
OBJ 50002617 (sz=48, trace=300000, class=sun.util.locale.LocaleObjectCache$CacheEntry@50000018)
	referent	50001075
	queue		5000107f
	key		50002618
OBJ 50002618 (sz=24, trace=300000, class=java.util.Locale$LocaleKey@50000017)
	base		5000259e
OBJ 50002619 (sz=48, trace=300000, class=sun.util.locale.LocaleObjectCache$CacheEntry@50000018)
	referent	50001078
	queue		5000107f
	key		5000261a
OBJ 5000261a (sz=24, trace=300000, class=java.util.Locale$LocaleKey@50000017)
	base		500025ed
OBJ 5000261b (sz=48, trace=300000, class=sun.util.locale.LocaleObjectCache$CacheEntry@50000018)
	referent	5000107a
	queue		5000107f
	key		5000261c
OBJ 5000261c (sz=24, trace=300000, class=java.util.Locale$LocaleKey@50000017)
	base		500025af
OBJ 5000261d (sz=32, trace=300000, class=java.util.concurrent.ConcurrentHashMap$Node@50000023)
	key		50002621
	val		50002620
OBJ 5000261e (sz=48, trace=300000, class=sun.util.locale.LocaleObjectCache$CacheEntry@50000018)
	referent	50001079
	queue		5000107f
	key		5000261f
OBJ 5000261f (sz=24, trace=300000, class=java.util.Locale$LocaleKey@50000017)
	base		50002581
OBJ 50002620 (sz=48, trace=300000, class=sun.util.locale.LocaleObjectCache$CacheEntry@50000018)
	referent	50001071
	queue		5000107f
	key		50002621
OBJ 50002621 (sz=24, trace=300000, class=java.util.Locale$LocaleKey@50000017)
	base		500025c5
OBJ 50002622 (sz=48, trace=300000, class=sun.util.locale.LocaleObjectCache$CacheEntry@50000018)
	referent	5000107c
	queue		5000107f
	key		50002623
OBJ 50002623 (sz=24, trace=300000, class=java.util.Locale$LocaleKey@50000017)
	base		50002594
OBJ 50002624 (sz=48, trace=300000, class=sun.util.locale.LocaleObjectCache$CacheEntry@50000018)
	referent	5000106d
	queue		5000107f
	key		50002625
OBJ 50002625 (sz=24, trace=300000, class=java.util.Locale$LocaleKey@50000017)
	base		5000256f
OBJ 50002626 (sz=48, trace=300000, class=sun.util.locale.LocaleObjectCache$CacheEntry@50000018)
	referent	50001072
	queue		5000107f
	key		50002627
OBJ 50002627 (sz=24, trace=300000, class=java.util.Locale$LocaleKey@50000017)
	base		50002579
OBJ 50002628 (sz=48, trace=300000, class=sun.util.locale.LocaleObjectCache$CacheEntry@50000018)
	referent	50001073
	queue		5000107f
	key		50002629
OBJ 50002629 (sz=24, trace=300000, class=java.util.Locale$LocaleKey@50000017)
	base		500025a6
OBJ 5000262a (sz=32, trace=300000, class=java.util.concurrent.ConcurrentHashMap$Node@50000023)
	key		5000262e
	val		5000262d
OBJ 5000262b (sz=48, trace=300000, class=sun.util.locale.LocaleObjectCache$CacheEntry@50000018)
	referent	5000106b
	queue		5000107f
	key		5000262c
OBJ 5000262c (sz=24, trace=300000, class=java.util.Locale$LocaleKey@50000017)
	base		500025fc
OBJ 5000262d (sz=48, trace=300000, class=sun.util.locale.LocaleObjectCache$CacheEntry@50000018)
	referent	5000106c
	queue		5000107f
	key		5000262e
OBJ 5000262e (sz=24, trace=300000, class=java.util.Locale$LocaleKey@50000017)
	base		50002603
OBJ 5000262f (sz=40, trace=300000, class=java.io.ObjectStreamField@50000110)
	name		5000105c
	signature	5000238a
	type		50000181
OBJ 50002630 (sz=40, trace=300000, class=java.io.ObjectStreamField@50000110)
	name		50001053
	signature	5000238a
	type		50000181
OBJ 50002631 (sz=40, trace=300000, class=java.io.ObjectStreamField@50000110)
	name		50001064
	signature	5000238a
	type		50000181
OBJ 50002632 (sz=40, trace=300000, class=java.io.ObjectStreamField@50000110)
	name		50001058
	signature	50001230
	type		50000f57
OBJ 50002633 (sz=40, trace=300000, class=java.io.ObjectStreamField@50000110)
	name		5000105d
	signature	5000238a
	type		50000181
OBJ 50002634 (sz=40, trace=300000, class=java.io.ObjectStreamField@50000110)
	name		50001056
	signature	5000238a
	type		50000181
ARR 50002635 (sz=20, trace=300000, nelems=10, elem type=char[])
ARR 50002636 (sz=12, trace=300000, nelems=6, elem type=char[])
ARR 50002637 (sz=16, trace=300000, nelems=8, elem type=char[])
ARR 50002638 (sz=14, trace=300000, nelems=7, elem type=char[])
ARR 50002639 (sz=14, trace=300000, nelems=7, elem type=char[])
ARR 5000263a (sz=16, trace=300000, nelems=8, elem type=char[])
OBJ 5000263b (sz=24, trace=300000, class=java.lang.String@50000181)
	value		50002645
OBJ 5000263c (sz=24, trace=300000, class=java.lang.String@50000181)
	value		5000264a
OBJ 5000263d (sz=24, trace=300000, class=java.lang.String@50000181)
	value		50002648
OBJ 5000263e (sz=24, trace=300000, class=java.lang.String@50000181)
	value		5000264d
OBJ 5000263f (sz=24, trace=300000, class=java.lang.String@50000181)
	value		50002646
OBJ 50002640 (sz=24, trace=300000, class=java.lang.String@50000181)
	value		5000264b
OBJ 50002641 (sz=24, trace=300000, class=java.lang.String@50000181)
	value		50002647
OBJ 50002642 (sz=24, trace=300000, class=java.lang.String@50000181)
	value		5000264c
OBJ 50002643 (sz=24, trace=300000, class=java.lang.String@50000181)
	value		50002649
OBJ 50002644 (sz=24, trace=300000, class=java.lang.String@50000181)
	value		5000264e
ARR 50002645 (sz=14, trace=300000, nelems=7, elem type=char[])
ARR 50002646 (sz=42, trace=300000, nelems=21, elem type=char[])
ARR 50002647 (sz=38, trace=300000, nelems=19, elem type=char[])
ARR 50002648 (sz=40, trace=300000, nelems=20, elem type=char[])
ARR 50002649 (sz=40, trace=300000, nelems=20, elem type=char[])
ARR 5000264a (sz=12, trace=300000, nelems=6, elem type=char[])
ARR 5000264b (sz=40, trace=300000, nelems=20, elem type=char[])
ARR 5000264c (sz=36, trace=300000, nelems=18, elem type=char[])
ARR 5000264d (sz=38, trace=300000, nelems=19, elem type=char[])
ARR 5000264e (sz=38, trace=300000, nelems=19, elem type=char[])
ARR 5000264f (sz=24, trace=300000, nelems=12, elem type=char[])
ARR 50002650 (sz=22, trace=300000, nelems=11, elem type=char[])
ARR 50002651 (sz=22, trace=300000, nelems=11, elem type=char[])
ARR 50002652 (sz=26, trace=300000, nelems=13, elem type=char[])
ARR 50002653 (sz=24, trace=300000, nelems=12, elem type=char[])
ARR 50002654 (sz=4, trace=300000, nelems=2, elem type=char[])
OBJ 50002655 (sz=24, trace=300000, class=java.lang.String@50000181)
	value		50002658
OBJ 50002656 (sz=24, trace=300000, class=java.lang.String@50000181)
	value		50002657
ARR 50002657 (sz=52, trace=300000, nelems=26, elem type=char[])
ARR 50002658 (sz=42, trace=300000, nelems=21, elem type=char[])
ARR 50002659 (sz=16, trace=300000, nelems=8, elem type=char[])
ARR 5000265a (sz=28, trace=300000, nelems=14, elem type=char[])
ARR 5000265b (sz=28, trace=300000, nelems=14, elem type=char[])
ARR 5000265c (sz=2, trace=300000, nelems=1, elem type=char[])
ARR 5000265d (sz=2, trace=300000, nelems=1, elem type=char[])
OBJ 5000265e (sz=24, trace=300000, class=java.lang.String@50000181)
	value		50002664
OBJ 5000265f (sz=24, trace=300000, class=java.lang.String@50000181)
	value		50002663
ARR 50002660 (sz=24, trace=300000, nelems=2, elem type=java.io.File$PathStatus[]@50000056)
	[0]		50002662
	[1]		50002661
OBJ 50002661 (sz=24, trace=300000, class=java.io.File$PathStatus@5000005c)
	name		5000265e
OBJ 50002662 (sz=24, trace=300000, class=java.io.File$PathStatus@5000005c)
	name		5000265f
ARR 50002663 (sz=14, trace=300000, nelems=7, elem type=char[])
ARR 50002664 (sz=14, trace=300000, nelems=7, elem type=char[])
ARR 50002665 (sz=24, trace=300000, nelems=12, elem type=char[])
ARR 50002666 (sz=8, trace=300000, nelems=4, elem type=char[])
OBJ 50002667 (sz=32, trace=300000, class=java.io.FileOutputStream@50000085)
	fd		50000fa6
	closeLock	50002668
OBJ 50002668 (sz=16, trace=300000, class=java.lang.Object@50000185)
OBJ 50002669 (sz=24, trace=300000, class=java.lang.String@50000181)
	value		5000266d
OBJ 5000266a (sz=32, trace=300000, class=java.util.concurrent.atomic.AtomicReferenceFieldUpdater$AtomicReferenceFieldUpdaterImpl@50000081)
	cclass		50000083
	tclass		50000083
	vclass		50000189
OBJ 5000266b (sz=24, trace=300000, class=java.lang.String@50000181)
	value		5000266c
ARR 5000266c (sz=26, trace=300000, nelems=13, elem type=char[])
ARR 5000266d (sz=6, trace=300000, nelems=3, elem type=char[])
OBJ 5000266e (sz=24, trace=300000, class=java.io.OutputStreamWriter@50000078)
	lock		50000fa0
	se		50002673
OBJ 5000266f (sz=40, trace=300000, class=java.io.BufferedWriter@50000065)
	lock		5000266e
	out		5000266e
	cb		50002672
	lineSeparator	50000f9d
OBJ 50002670 (sz=24, trace=300000, class=java.io.BufferedOutputStream@5000007b)
	out		50000fa8
	buf		50002671
ARR 50002671 (sz=128, trace=300000, nelems=128, elem type=byte[])
ARR 50002672 (sz=16384, trace=300000, nelems=8192, elem type=char[])
OBJ 50002673 (sz=48, trace=300000, class=sun.nio.cs.StreamEncoder@50000077)
	lock		5000266e
	cs		500022c4
	encoder		50002675
	bb		50002674
	out		50000fa0
OBJ 50002674 (sz=48, trace=300000, class=java.nio.HeapByteBuffer@50000072)
	hb		5000267a
OBJ 50002675 (sz=64, trace=300000, class=sun.nio.cs.ext.DoubleByte$Encoder@50000074)
	charset		500022c4
	replacement	50002678
	malformedInputAction	50001397
	unmappableCharacterAction	50001397
	cachedDecoder	50002677
	c2b		500022c9
	c2bIndex	500022c8
	repl		50002676
ARR 50002676 (sz=1, trace=300000, nelems=1, elem type=byte[])
OBJ 50002677 (sz=32, trace=300000, class=java.lang.ref.WeakReference@50000164)
	referent	50002679
	queue		500010b3
ARR 50002678 (sz=1, trace=300000, nelems=1, elem type=byte[])
OBJ 50002679 (sz=56, trace=300000, class=sun.nio.cs.ext.DoubleByte$Decoder@50000096)
	charset		500022c4
	replacement	5000138d
	malformedInputAction	50001396
	unmappableCharacterAction	50001396
	b2c		500022cb
	b2cSB		500022ca
ARR 5000267a (sz=8192, trace=300000, nelems=8192, elem type=byte[])
ARR 5000267b (sz=28, trace=300000, nelems=14, elem type=char[])
OBJ 5000267c (sz=24, trace=300000, class=java.lang.String@50000181)
	value		5000267e
ARR 5000267d (sz=22, trace=300000, nelems=11, elem type=char[])
ARR 5000267e (sz=36, trace=300000, nelems=18, elem type=char[])
OBJ 5000267f (sz=24, trace=300000, class=java.io.OutputStreamWriter@50000078)
	lock		50000f9f
	se		50002684
OBJ 50002680 (sz=40, trace=300000, class=java.io.BufferedWriter@50000065)
	lock		5000267f
	out		5000267f
	cb		50002683
	lineSeparator	50000f9d
OBJ 50002681 (sz=24, trace=300000, class=java.io.BufferedOutputStream@5000007b)
	out		50002667
	buf		50002682
ARR 50002682 (sz=128, trace=300000, nelems=128, elem type=byte[])
ARR 50002683 (sz=16384, trace=300000, nelems=8192, elem type=char[])
OBJ 50002684 (sz=48, trace=300000, class=sun.nio.cs.StreamEncoder@50000077)
	lock		5000267f
	cs		500022c4
	encoder		50002686
	bb		50002685
	out		50000f9f
OBJ 50002685 (sz=48, trace=300000, class=java.nio.HeapByteBuffer@50000072)
	hb		5000268b
OBJ 50002686 (sz=64, trace=300000, class=sun.nio.cs.ext.DoubleByte$Encoder@50000074)
	charset		500022c4
	replacement	50002689
	malformedInputAction	50001397
	unmappableCharacterAction	50001397
	cachedDecoder	50002688
	c2b		500022c9
	c2bIndex	500022c8
	repl		50002687
ARR 50002687 (sz=1, trace=300000, nelems=1, elem type=byte[])
OBJ 50002688 (sz=32, trace=300000, class=java.lang.ref.WeakReference@50000164)
	referent	5000268a
	queue		500010b3
ARR 50002689 (sz=1, trace=300000, nelems=1, elem type=byte[])
OBJ 5000268a (sz=56, trace=300000, class=sun.nio.cs.ext.DoubleByte$Decoder@50000096)
	charset		500022c4
	replacement	5000138d
	malformedInputAction	50001396
	unmappableCharacterAction	50001396
	b2c		500022cb
	b2cSB		500022ca
ARR 5000268b (sz=8192, trace=300000, nelems=8192, elem type=byte[])
OBJ 5000268c (sz=24, trace=300000, class=java.util.Collections$SynchronizedSet@50000092)
	c		500026d0
	mutex		50000f9e
ARR 5000268d (sz=400, trace=300000, nelems=92, elem type=java.util.Hashtable$Entry[]@500000d2)
	[0]		5000268e
	[2]		5000268f
	[5]		50002690
	[9]		50002691
	[11]		50002692
	[13]		50002693
	[16]		50002694
	[17]		50002695
	[18]		50002696
	[19]		50002697
	[21]		50002698
	[22]		50002699
	[24]		5000269a
	[26]		5000269b
	[27]		5000269c
	[33]		5000269d
	[38]		5000269e
	[39]		5000269f
	[40]		500026a0
	[41]		500026a1
	[44]		500026a2
	[47]		500026a3
	[49]		500026a4
	[54]		500026a5
	[57]		500026a6
	[63]		500026a7
	[64]		500026a8
	[65]		500026a9
	[67]		500026aa
	[70]		500026ab
	[72]		500026ac
	[74]		500026ad
	[76]		500026ae
	[79]		500026af
	[80]		500026b0
	[81]		500026b1
	[82]		500026b2
	[88]		500026b3
	[91]		500026b4
OBJ 5000268e (sz=32, trace=300000, class=java.util.Hashtable$Entry@500000d3)
	key		500011f1
	value		500011f0
OBJ 5000268f (sz=32, trace=300000, class=java.util.Hashtable$Entry@500000d3)
	key		500011ed
	value		500011ec
OBJ 50002690 (sz=32, trace=300000, class=java.util.Hashtable$Entry@500000d3)
	key		500011e9
	value		500011e8
OBJ 50002691 (sz=32, trace=300000, class=java.util.Hashtable$Entry@500000d3)
	key		500011e5
	value		500011e4
	next		500026cf
OBJ 50002692 (sz=32, trace=300000, class=java.util.Hashtable$Entry@500000d3)
	key		500011d8
	value		500011d7
OBJ 50002693 (sz=32, trace=300000, class=java.util.Hashtable$Entry@500000d3)
	key		500011d4
	value		500011d3
OBJ 50002694 (sz=32, trace=300000, class=java.util.Hashtable$Entry@500000d3)
	key		500011d0
	value		500011cf
	next		500026ce
OBJ 50002695 (sz=32, trace=300000, class=java.util.Hashtable$Entry@500000d3)
	key		500011c7
	value		500011c6
OBJ 50002696 (sz=32, trace=300000, class=java.util.Hashtable$Entry@500000d3)
	key		500011c3
	value		500011c2
OBJ 50002697 (sz=32, trace=300000, class=java.util.Hashtable$Entry@500000d3)
	key		500011bf
	value		50002498
OBJ 50002698 (sz=32, trace=300000, class=java.util.Hashtable$Entry@500000d3)
	key		500011b7
	value		500026cc
OBJ 50002699 (sz=32, trace=300000, class=java.util.Hashtable$Entry@500000d3)
	key		500011b2
	value		500011b1
OBJ 5000269a (sz=32, trace=300000, class=java.util.Hashtable$Entry@500000d3)
	key		500011ae
	value		500011ad
	next		500026cb
OBJ 5000269b (sz=32, trace=300000, class=java.util.Hashtable$Entry@500000d3)
	key		500011a5
	value		500011a4
	next		500026c9
OBJ 5000269c (sz=32, trace=300000, class=java.util.Hashtable$Entry@500000d3)
	key		50001199
	value		50001198
OBJ 5000269d (sz=32, trace=300000, class=java.util.Hashtable$Entry@500000d3)
	key		50001195
	value		50001194
	next		500026c8
OBJ 5000269e (sz=32, trace=300000, class=java.util.Hashtable$Entry@500000d3)
	key		50001188
	value		50001187
	next		500026c7
OBJ 5000269f (sz=32, trace=300000, class=java.util.Hashtable$Entry@500000d3)
	key		50001183
	value		50001182
OBJ 500026a0 (sz=32, trace=300000, class=java.util.Hashtable$Entry@500000d3)
	key		5000117f
	value		5000117e
OBJ 500026a1 (sz=32, trace=300000, class=java.util.Hashtable$Entry@500000d3)
	key		5000117b
	value		5000117a
OBJ 500026a2 (sz=32, trace=300000, class=java.util.Hashtable$Entry@500000d3)
	key		50001177
	value		50001176
OBJ 500026a3 (sz=32, trace=300000, class=java.util.Hashtable$Entry@500000d3)
	key		50001173
	value		50001172
OBJ 500026a4 (sz=32, trace=300000, class=java.util.Hashtable$Entry@500000d3)
	key		5000116b
	value		5000116a
	next		500026c6
OBJ 500026a5 (sz=32, trace=300000, class=java.util.Hashtable$Entry@500000d3)
	key		50001166
	value		50001165
OBJ 500026a6 (sz=32, trace=300000, class=java.util.Hashtable$Entry@500000d3)
	key		50001162
	value		50000e6a
OBJ 500026a7 (sz=32, trace=300000, class=java.util.Hashtable$Entry@500000d3)
	key		5000115f
	value		5000115e
OBJ 500026a8 (sz=32, trace=300000, class=java.util.Hashtable$Entry@500000d3)
	key		5000115b
	value		5000115a
OBJ 500026a9 (sz=32, trace=300000, class=java.util.Hashtable$Entry@500000d3)
	key		50001157
	value		50001156
OBJ 500026aa (sz=32, trace=300000, class=java.util.Hashtable$Entry@500000d3)
	key		50001150
	value		5000114f
	next		500026c5
OBJ 500026ab (sz=32, trace=300000, class=java.util.Hashtable$Entry@500000d3)
	key		50001147
	value		50001146
	next		500026c4
OBJ 500026ac (sz=32, trace=300000, class=java.util.Hashtable$Entry@500000d3)
	key		50001142
	value		50001141
OBJ 500026ad (sz=32, trace=300000, class=java.util.Hashtable$Entry@500000d3)
	key		500026c1
	value		500026c0
OBJ 500026ae (sz=32, trace=300000, class=java.util.Hashtable$Entry@500000d3)
	key		5000113a
	value		50001139
	next		500026bf
OBJ 500026af (sz=32, trace=300000, class=java.util.Hashtable$Entry@500000d3)
	key		5000112c
	value		5000112b
	next		500026bc
OBJ 500026b0 (sz=32, trace=300000, class=java.util.Hashtable$Entry@500000d3)
	key		5000111e
	value		5000111d
	next		500026bb
OBJ 500026b1 (sz=32, trace=300000, class=java.util.Hashtable$Entry@500000d3)
	key		50001119
	value		50001118
OBJ 500026b2 (sz=32, trace=300000, class=java.util.Hashtable$Entry@500000d3)
	key		50001111
	value		50001110
	next		500026ba
OBJ 500026b3 (sz=32, trace=300000, class=java.util.Hashtable$Entry@500000d3)
	key		50001108
	value		50001107
	next		500026b9
OBJ 500026b4 (sz=32, trace=300000, class=java.util.Hashtable$Entry@500000d3)
	key		500026b6
	value		500026b5
OBJ 500026b5 (sz=24, trace=300000, class=java.lang.String@50000181)
	value		500026b8
OBJ 500026b6 (sz=24, trace=300000, class=java.lang.String@50000181)
	value		500026b7
ARR 500026b7 (sz=34, trace=300000, nelems=17, elem type=char[])
ARR 500026b8 (sz=62, trace=300000, nelems=31, elem type=char[])
OBJ 500026b9 (sz=32, trace=300000, class=java.util.Hashtable$Entry@500000d3)
	key		5000110c
	value		5000110b
OBJ 500026ba (sz=32, trace=300000, class=java.util.Hashtable$Entry@500000d3)
	key		50001115
	value		50001114
OBJ 500026bb (sz=32, trace=300000, class=java.util.Hashtable$Entry@500000d3)
	key		50001122
	value		50001121
OBJ 500026bc (sz=32, trace=300000, class=java.util.Hashtable$Entry@500000d3)
	key		50001127
	value		50001126
	next		500026bd
OBJ 500026bd (sz=32, trace=300000, class=java.util.Hashtable$Entry@500000d3)
	key		50001131
	value		50001130
	next		500026be
OBJ 500026be (sz=32, trace=300000, class=java.util.Hashtable$Entry@500000d3)
	key		50001135
	value		50001134
OBJ 500026bf (sz=32, trace=300000, class=java.util.Hashtable$Entry@500000d3)
	key		5000113e
	value		5000113d
OBJ 500026c0 (sz=24, trace=300000, class=java.lang.String@50000181)
	value		500026c3
OBJ 500026c1 (sz=24, trace=300000, class=java.lang.String@50000181)
	value		500026c2
ARR 500026c2 (sz=40, trace=300000, nelems=20, elem type=char[])
ARR 500026c3 (sz=26, trace=300000, nelems=13, elem type=char[])
OBJ 500026c4 (sz=32, trace=300000, class=java.util.Hashtable$Entry@500000d3)
	key		5000114b
	value		5000114a
OBJ 500026c5 (sz=32, trace=300000, class=java.util.Hashtable$Entry@500000d3)
	key		50001153
	value		50000f9d
OBJ 500026c6 (sz=32, trace=300000, class=java.util.Hashtable$Entry@500000d3)
	key		5000116f
	value		5000116e
OBJ 500026c7 (sz=32, trace=300000, class=java.util.Hashtable$Entry@500000d3)
	key		5000118c
	value		5000118b
OBJ 500026c8 (sz=32, trace=300000, class=java.util.Hashtable$Entry@500000d3)
	key		50001191
	value		50001190
OBJ 500026c9 (sz=32, trace=300000, class=java.util.Hashtable$Entry@500000d3)
	key		500011a2
	value		50000fd7
	next		500026ca
OBJ 500026ca (sz=32, trace=300000, class=java.util.Hashtable$Entry@500000d3)
	key		5000119e
	value		5000119d
OBJ 500026cb (sz=32, trace=300000, class=java.util.Hashtable$Entry@500000d3)
	key		500011aa
	value		500011a9
OBJ 500026cc (sz=24, trace=300000, class=java.lang.String@50000181)
	value		500026cd
ARR 500026cd (sz=20, trace=300000, nelems=10, elem type=char[])
OBJ 500026ce (sz=32, trace=300000, class=java.util.Hashtable$Entry@500000d3)
	key		500011cc
	value		500011cb
OBJ 500026cf (sz=32, trace=300000, class=java.util.Hashtable$Entry@500000d3)
	key		500011e1
	value		500011e0
OBJ 500026d0 (sz=16, trace=300000, class=java.util.Hashtable$EntrySet@50000094)
	this$0		50000f9e
OBJ 500026d1 (sz=24, trace=300000, class=java.lang.String@50000181)
	value		500026d2
ARR 500026d2 (sz=8, trace=300000, nelems=4, elem type=char[])
OBJ 500026d3 (sz=24, trace=300000, class=java.lang.String@50000181)
	value		500026e0
OBJ 500026d4 (sz=24, trace=300000, class=java.lang.String@50000181)
	value		500026de
OBJ 500026d5 (sz=16, trace=300000, class=java.lang.Terminator$1@50000050)
OBJ 500026d6 (sz=24, trace=300000, class=sun.misc.NativeSignalHandler@5000004e)
OBJ 500026d7 (sz=24, trace=300000, class=sun.misc.NativeSignalHandler@5000004e)
OBJ 500026d8 (sz=48, trace=300000, class=java.util.Hashtable@50000159)
	table		500026e1
OBJ 500026d9 (sz=48, trace=300000, class=java.util.Hashtable@50000159)
	table		500026da
ARR 500026da (sz=32, trace=300000, nelems=4, elem type=java.util.Hashtable$Entry[]@500000d2)
	[2]		500026db
	[3]		500026dc
OBJ 500026db (sz=32, trace=300000, class=java.util.Hashtable$Entry@500000d3)
	key		500026df
	value		500026d5
OBJ 500026dc (sz=32, trace=300000, class=java.util.Hashtable$Entry@500000d3)
	key		500026dd
	value		500026d5
OBJ 500026dd (sz=24, trace=300000, class=sun.misc.Signal@5000004f)
	name		500026d4
ARR 500026de (sz=8, trace=300000, nelems=4, elem type=char[])
OBJ 500026df (sz=24, trace=300000, class=sun.misc.Signal@5000004f)
	name		500026d3
ARR 500026e0 (sz=6, trace=300000, nelems=3, elem type=char[])
ARR 500026e1 (sz=32, trace=300000, nelems=4, elem type=java.util.Hashtable$Entry[]@500000d2)
	[2]		500026e2
	[3]		500026e3
OBJ 500026e2 (sz=32, trace=300000, class=java.util.Hashtable$Entry@500000d3)
	key		500012bd
	value		500026df
OBJ 500026e3 (sz=32, trace=300000, class=java.util.Hashtable$Entry@500000d3)
	key		500012ca
	value		500026dd
ARR 500026e4 (sz=6, trace=300000, nelems=3, elem type=char[])
ARR 500026e5 (sz=38, trace=300000, nelems=19, elem type=char[])
ARR 500026e6 (sz=38, trace=300000, nelems=19, elem type=char[])
OBJ 500026e7 (sz=24, trace=300000, class=java.lang.String@50000181)
	value		500026ea
OBJ 500026e8 (sz=24, trace=300000, class=java.lang.String@50000181)
	value		500026e9
ARR 500026e9 (sz=46, trace=300000, nelems=23, elem type=char[])
ARR 500026ea (sz=60, trace=300000, nelems=30, elem type=char[])
OBJ 500026eb (sz=24, trace=300000, class=java.lang.String@50000181)
	value		500026f0
OBJ 500026ec (sz=24, trace=300000, class=java.lang.String@50000181)
	value		500026ef
OBJ 500026ed (sz=24, trace=300000, class=java.lang.String@50000181)
	value		500026ee
ARR 500026ee (sz=28, trace=300000, nelems=14, elem type=char[])
ARR 500026ef (sz=28, trace=300000, nelems=14, elem type=char[])
ARR 500026f0 (sz=28, trace=300000, nelems=14, elem type=char[])
OBJ 500026f1 (sz=24, trace=300000, class=java.lang.String@50000181)
	value		500026f2
ARR 500026f2 (sz=40, trace=300000, nelems=20, elem type=char[])
ARR 500026f3 (sz=22, trace=300000, nelems=11, elem type=char[])
ARR 500026f4 (sz=24, trace=300000, nelems=12, elem type=char[])
OBJ 500026f5 (sz=16, trace=300000, class=java.lang.ThreadLocal@500000c7)
OBJ 500026f6 (sz=16, trace=300000, class=java.lang.ThreadLocal@500000c7)
ARR 500026f7 (sz=4, trace=300000, nelems=2, elem type=char[])
ARR 500026f8 (sz=8, trace=300000, nelems=4, elem type=char[])
ARR 500026f9 (sz=4, trace=300000, nelems=2, elem type=char[])
ARR 500026fa (sz=10, trace=300000, nelems=5, elem type=char[])
ARR 500026fb (sz=14, trace=300000, nelems=7, elem type=char[])
ARR 500026fc (sz=4, trace=300000, nelems=2, elem type=char[])
ARR 500026fd (sz=24, trace=300000, nelems=12, elem type=char[])
ARR 500026fe (sz=512, trace=300000, nelems=256, elem type=char[])
ARR 500026ff (sz=32, trace=300000, nelems=1, elem type=java.lang.ThreadGroup[]@50000109)
	[0]		50000f6c
ARR 50002700 (sz=32, trace=300000, nelems=4, elem type=java.lang.Thread[]@500000e2)
	[0]		50000e65
	[1]		50000e61
	[2]		50000e60
	[3]		50000e5f
OBJ 50002701 (sz=16, trace=300000, class=java.lang.Object@50000185)
OBJ 50002702 (sz=40, trace=300000, class=java.security.AccessControlContext@50000172)
OBJ 50002703 (sz=24, trace=300000, class=java.lang.String@50000181)
	value		50002704
ARR 50002704 (sz=30, trace=300000, nelems=15, elem type=char[])
OBJ 50002705 (sz=16, trace=300000, class=java.lang.Object@50000185)
OBJ 50002706 (sz=40, trace=300000, class=java.security.AccessControlContext@50000172)
OBJ 50002707 (sz=24, trace=300000, class=java.lang.String@50000181)
	value		50002708
ARR 50002708 (sz=34, trace=300000, nelems=17, elem type=char[])
OBJ 50002709 (sz=16, trace=300000, class=java.lang.Object@50000185)
OBJ 5000270a (sz=40, trace=300000, class=java.security.AccessControlContext@50000172)
OBJ 5000270b (sz=24, trace=300000, class=java.lang.String@50000181)
	value		5000270c
ARR 5000270c (sz=18, trace=300000, nelems=9, elem type=char[])
OBJ 5000270d (sz=16, trace=300000, class=java.lang.Object@50000185)
OBJ 5000270e (sz=40, trace=300000, class=java.lang.ref.Finalizer@50000160)
	referent	50002710
	queue		50000e62
	next		5000270f
	prev		50000391
OBJ 5000270f (sz=40, trace=300000, class=java.lang.ref.Finalizer@50000160)
	referent	50002510
	queue		50000e62
	next		50002715
	prev		5000270e
OBJ 50002710 (sz=32, trace=300000, class=java.io.FileInputStream@5000008b)
	fd		50002713
	path		50002712
	closeLock	50002711
OBJ 50002711 (sz=16, trace=300000, class=java.lang.Object@50000185)
OBJ 50002712 (sz=24, trace=300000, class=java.lang.String@50000181)
	value		50002714
OBJ 50002713 (sz=40, trace=300000, class=java.io.FileDescriptor@5000008a)
	parent		50002710
ARR 50002714 (sz=106, trace=300000, nelems=53, elem type=char[])
OBJ 50002715 (sz=40, trace=300000, class=java.lang.ref.Finalizer@50000160)
	referent	50002667
	queue		50000e62
	next		50002716
	prev		5000270f
OBJ 50002716 (sz=40, trace=300000, class=java.lang.ref.Finalizer@50000160)
	referent	50000fa8
	queue		50000e62
	next		50002717
	prev		50002715
OBJ 50002717 (sz=40, trace=300000, class=java.lang.ref.Finalizer@50000160)
	referent	50000fa3
	queue		50000e62
	prev		50002716
OBJ 50002718 (sz=16, trace=300000, class=java.lang.Object@50000185)
OBJ 50002719 (sz=40, trace=300000, class=java.security.AccessControlContext@50000172)
ARR 5000271a (sz=32, trace=300000, nelems=1, elem type=java.lang.Thread[]@500000e2)
	[0]		50000e67
OBJ 5000271b (sz=24, trace=300000, class=java.lang.String@50000181)
	value		5000271c
ARR 5000271c (sz=8, trace=300000, nelems=4, elem type=char[])
OBJ 5000271d (sz=16, trace=300000, class=java.lang.Object@50000185)
OBJ 5000271e (sz=24, trace=300000, class=java.lang.ThreadLocal$ThreadLocalMap@500000a0)
	table		50002722
OBJ 5000271f (sz=40, trace=300000, class=java.security.AccessControlContext@50000172)
OBJ 50002720 (sz=24, trace=300000, class=java.lang.String@50000181)
	value		50002721
ARR 50002721 (sz=8, trace=300000, nelems=4, elem type=char[])
ARR 50002722 (sz=80, trace=300000, nelems=15, elem type=java.lang.ThreadLocal$ThreadLocalMap$Entry[]@5000009c)
	[5]		500003f3
	[7]		50002723
	[14]		50002724
OBJ 50002723 (sz=32, trace=300000, class=java.lang.ThreadLocal$ThreadLocalMap$Entry@5000009f)
	referent	500026f6
	queue		500010b3
	value		50002725
OBJ 50002724 (sz=32, trace=300000, class=java.lang.ThreadLocal$ThreadLocalMap$Entry@5000009f)
	referent	500026f5
	queue		500010b3
	value		50000c18
OBJ 50002725 (sz=40, trace=300000, class=java.lang.ref.SoftReference@50000165)
	referent	50002726
	queue		500010b3
OBJ 50002726 (sz=32, trace=300000, class=java.lang.StringCoding$StringDecoder@5000009b)
	requestedCharsetName	50000e6a
	cs		500013ab
	cd		50002727
OBJ 50002727 (sz=56, trace=300000, class=sun.nio.cs.ext.DoubleByte$Decoder@50000096)
	charset		500013ab
	replacement	5000138d
	malformedInputAction	50001397
	unmappableCharacterAction	50001397
	b2c		5000185c
	b2cSB		5000185b
OBJ 50002728 (sz=24, trace=300000, class=java.lang.String@50000181)
	value		50002729
ARR 50002729 (sz=18, trace=300000, nelems=9, elem type=char[])
OBJ 5000272a (sz=32, trace=300000, class=java.lang.OutOfMemoryError@50000169)
OBJ 5000272b (sz=32, trace=300000, class=java.lang.OutOfMemoryError@50000169)
OBJ 5000272c (sz=32, trace=300000, class=java.lang.OutOfMemoryError@50000169)
OBJ 5000272d (sz=32, trace=300000, class=java.lang.OutOfMemoryError@50000169)
OBJ 5000272e (sz=24, trace=300000, class=java.lang.String@50000181)
	value		5000272f
ARR 5000272f (sz=126, trace=300000, nelems=63, elem type=char[])
OBJ 50002730 (sz=24, trace=300000, class=java.lang.String@50000181)
	value		50002731
ARR 50002731 (sz=52, trace=300000, nelems=26, elem type=char[])
OBJ 50002732 (sz=24, trace=300000, class=java.lang.String@50000181)
	value		50002733
ARR 50002733 (sz=74, trace=300000, nelems=37, elem type=char[])
OBJ 50002734 (sz=24, trace=300000, class=java.lang.String@50000181)
	value		50002735
ARR 50002735 (sz=44, trace=300000, nelems=22, elem type=char[])
OBJ 50002736 (sz=24, trace=300000, class=java.lang.String@50000181)
	value		50002737
ARR 50002737 (sz=18, trace=300000, nelems=9, elem type=char[])
OBJ 50002738 (sz=24, trace=300000, class=java.lang.String@50000181)
	value		50002739
ARR 50002739 (sz=30, trace=300000, nelems=15, elem type=char[])
ARR 5000273a (sz=22, trace=300000, nelems=11, elem type=char[])
OBJ 5000273b (sz=24, trace=300000, class=java.lang.String@50000181)
	value		50002752
OBJ 5000273c (sz=24, trace=300000, class=java.lang.String@50000181)
	value		5000274d
OBJ 5000273d (sz=24, trace=300000, class=java.lang.String@50000181)
	value		5000274c
OBJ 5000273e (sz=24, trace=300000, class=java.lang.String@50000181)
	value		5000274b
OBJ 5000273f (sz=24, trace=300000, class=java.lang.String@50000181)
	value		5000274a
OBJ 50002740 (sz=24, trace=300000, class=java.lang.String@50000181)
	value		50002749
OBJ 50002741 (sz=24, trace=300000, class=java.lang.String@50000181)
	value		50002748
OBJ 50002742 (sz=24, trace=300000, class=java.lang.String@50000181)
	value		50002747
OBJ 50002743 (sz=24, trace=300000, class=java.lang.String@50000181)
	value		50002746
OBJ 50002744 (sz=24, trace=300000, class=java.lang.String@50000181)
	value		50002745
ARR 50002745 (sz=100, trace=300000, nelems=50, elem type=char[])
ARR 50002746 (sz=94, trace=300000, nelems=47, elem type=char[])
ARR 50002747 (sz=86, trace=300000, nelems=43, elem type=char[])
ARR 50002748 (sz=82, trace=300000, nelems=41, elem type=char[])
ARR 50002749 (sz=92, trace=300000, nelems=46, elem type=char[])
ARR 5000274a (sz=102, trace=300000, nelems=51, elem type=char[])
ARR 5000274b (sz=82, trace=300000, nelems=41, elem type=char[])
ARR 5000274c (sz=98, trace=300000, nelems=49, elem type=char[])
ARR 5000274d (sz=94, trace=300000, nelems=47, elem type=char[])
OBJ 5000274e (sz=24, trace=300000, class=java.lang.String@50000181)
	value		5000274f
ARR 5000274f (sz=20, trace=300000, nelems=10, elem type=char[])
OBJ 50002750 (sz=24, trace=300000, class=java.lang.String@50000181)
	value		50002751
ARR 50002751 (sz=12, trace=300000, nelems=6, elem type=char[])
ARR 50002752 (sz=8, trace=300000, nelems=4, elem type=char[])
OBJ 50002753 (sz=24, trace=300000, class=java.lang.String@50000181)
	value		50002758
OBJ 50002754 (sz=24, trace=300000, class=java.lang.String@50000181)
	value		50002757
OBJ 50002755 (sz=24, trace=300000, class=java.lang.String@50000181)
	value		50002756
ARR 50002756 (sz=24, trace=300000, nelems=12, elem type=char[])
ARR 50002757 (sz=26, trace=300000, nelems=13, elem type=char[])
ARR 50002758 (sz=14, trace=300000, nelems=7, elem type=char[])
OBJ 50002759 (sz=24, trace=300000, class=java.lang.String@50000181)
	value		5000279e
OBJ 5000275a (sz=24, trace=300000, class=java.lang.String@50000181)
	value		5000279d
OBJ 5000275b (sz=24, trace=300000, class=java.lang.String@50000181)
	value		5000279c
OBJ 5000275c (sz=24, trace=300000, class=java.lang.String@50000181)
	value		5000277c
OBJ 5000275d (sz=24, trace=300000, class=java.lang.String@50000181)
	value		5000279b
OBJ 5000275e (sz=24, trace=300000, class=java.lang.String@50000181)
	value		5000279a
OBJ 5000275f (sz=24, trace=300000, class=java.lang.String@50000181)
	value		50002799
OBJ 50002760 (sz=24, trace=300000, class=java.lang.String@50000181)
	value		50002798
OBJ 50002761 (sz=24, trace=300000, class=java.lang.String@50000181)
	value		50002797
OBJ 50002762 (sz=24, trace=300000, class=java.lang.String@50000181)
	value		50002796
OBJ 50002763 (sz=24, trace=300000, class=java.lang.String@50000181)
	value		50002795
OBJ 50002764 (sz=24, trace=300000, class=java.lang.String@50000181)
	value		5000277f
OBJ 50002765 (sz=24, trace=300000, class=java.lang.String@50000181)
	value		50002794
OBJ 50002766 (sz=24, trace=300000, class=java.lang.String@50000181)
	value		50002793
OBJ 50002767 (sz=24, trace=300000, class=java.lang.String@50000181)
	value		50002792
OBJ 50002768 (sz=24, trace=300000, class=java.lang.String@50000181)
	value		50002791
OBJ 50002769 (sz=24, trace=300000, class=java.lang.String@50000181)
	value		5000277b
OBJ 5000276a (sz=24, trace=300000, class=java.lang.String@50000181)
	value		50002790
OBJ 5000276b (sz=24, trace=300000, class=java.lang.String@50000181)
	value		5000278d
OBJ 5000276c (sz=24, trace=300000, class=java.lang.String@50000181)
	value		5000278c
OBJ 5000276d (sz=24, trace=300000, class=java.lang.String@50000181)
	value		5000278b
OBJ 5000276e (sz=24, trace=300000, class=java.lang.String@50000181)
	value		5000278a
OBJ 5000276f (sz=24, trace=300000, class=java.lang.String@50000181)
	value		50002789
OBJ 50002770 (sz=24, trace=300000, class=java.lang.String@50000181)
	value		50002788
OBJ 50002771 (sz=24, trace=300000, class=java.lang.String@50000181)
	value		50002787
OBJ 50002772 (sz=24, trace=300000, class=java.lang.String@50000181)
	value		50002786
OBJ 50002773 (sz=24, trace=300000, class=java.lang.String@50000181)
	value		50002785
OBJ 50002774 (sz=24, trace=300000, class=java.lang.String@50000181)
	value		50002784
OBJ 50002775 (sz=24, trace=300000, class=java.lang.String@50000181)
	value		50002783
OBJ 50002776 (sz=24, trace=300000, class=java.lang.String@50000181)
	value		50002782
OBJ 50002777 (sz=24, trace=300000, class=java.lang.String@50000181)
	value		50002781
OBJ 50002778 (sz=24, trace=300000, class=java.lang.String@50000181)
	value		50002780
OBJ 50002779 (sz=24, trace=300000, class=java.lang.String@50000181)
	value		5000277e
OBJ 5000277a (sz=24, trace=300000, class=java.lang.String@50000181)
	value		5000277d
ARR 5000277b (sz=46, trace=300000, nelems=23, elem type=char[])
ARR 5000277c (sz=34, trace=300000, nelems=17, elem type=char[])
ARR 5000277d (sz=48, trace=300000, nelems=24, elem type=char[])
ARR 5000277e (sz=78, trace=300000, nelems=39, elem type=char[])
ARR 5000277f (sz=70, trace=300000, nelems=35, elem type=char[])
ARR 50002780 (sz=66, trace=300000, nelems=33, elem type=char[])
ARR 50002781 (sz=76, trace=300000, nelems=38, elem type=char[])
ARR 50002782 (sz=64, trace=300000, nelems=32, elem type=char[])
ARR 50002783 (sz=80, trace=300000, nelems=40, elem type=char[])
ARR 50002784 (sz=62, trace=300000, nelems=31, elem type=char[])
ARR 50002785 (sz=58, trace=300000, nelems=29, elem type=char[])
ARR 50002786 (sz=88, trace=300000, nelems=44, elem type=char[])
ARR 50002787 (sz=66, trace=300000, nelems=33, elem type=char[])
ARR 50002788 (sz=58, trace=300000, nelems=29, elem type=char[])
ARR 50002789 (sz=68, trace=300000, nelems=34, elem type=char[])
ARR 5000278a (sz=2, trace=300000, nelems=1, elem type=char[])
ARR 5000278b (sz=2, trace=300000, nelems=1, elem type=char[])
ARR 5000278c (sz=2, trace=300000, nelems=1, elem type=char[])
ARR 5000278d (sz=24, trace=300000, nelems=12, elem type=char[])
OBJ 5000278e (sz=24, trace=300000, class=java.lang.String@50000181)
	value		5000278f
ARR 5000278f (sz=68, trace=300000, nelems=34, elem type=char[])
ARR 50002790 (sz=6, trace=300000, nelems=3, elem type=char[])
ARR 50002791 (sz=10, trace=300000, nelems=5, elem type=char[])
ARR 50002792 (sz=20, trace=300000, nelems=10, elem type=char[])
ARR 50002793 (sz=6, trace=300000, nelems=3, elem type=char[])
ARR 50002794 (sz=6, trace=300000, nelems=3, elem type=char[])
ARR 50002795 (sz=22, trace=300000, nelems=11, elem type=char[])
ARR 50002796 (sz=36, trace=300000, nelems=18, elem type=char[])
ARR 50002797 (sz=24, trace=300000, nelems=12, elem type=char[])
ARR 50002798 (sz=22, trace=300000, nelems=11, elem type=char[])
ARR 50002799 (sz=12, trace=300000, nelems=6, elem type=char[])
ARR 5000279a (sz=8, trace=300000, nelems=4, elem type=char[])
ARR 5000279b (sz=20, trace=300000, nelems=10, elem type=char[])
ARR 5000279c (sz=30, trace=300000, nelems=15, elem type=char[])
ARR 5000279d (sz=32, trace=300000, nelems=16, elem type=char[])
ARR 5000279e (sz=16, trace=300000, nelems=8, elem type=char[])
OBJ 5000279f (sz=24, trace=300000, class=java.lang.String@50000181)
	value		500027a6
OBJ 500027a0 (sz=24, trace=300000, class=java.lang.String@50000181)
	value		500027ac
OBJ 500027a1 (sz=24, trace=300000, class=java.lang.String@50000181)
	value		500027ab
OBJ 500027a2 (sz=24, trace=300000, class=java.lang.String@50000181)
	value		500027aa
OBJ 500027a3 (sz=24, trace=300000, class=java.lang.String@50000181)
	value		500027a9
OBJ 500027a4 (sz=24, trace=300000, class=java.lang.String@50000181)
	value		500027a8
OBJ 500027a5 (sz=24, trace=300000, class=java.lang.String@50000181)
	value		500027a7
ARR 500027a6 (sz=16, trace=300000, nelems=8, elem type=char[])
ARR 500027a7 (sz=20, trace=300000, nelems=10, elem type=char[])
ARR 500027a8 (sz=8, trace=300000, nelems=4, elem type=char[])
ARR 500027a9 (sz=24, trace=300000, nelems=12, elem type=char[])
ARR 500027aa (sz=36, trace=300000, nelems=18, elem type=char[])
ARR 500027ab (sz=32, trace=300000, nelems=16, elem type=char[])
ARR 500027ac (sz=32, trace=300000, nelems=16, elem type=char[])
OBJ 500027ad (sz=56, trace=300000, class=java.util.ResourceBundle$CacheKey@50000add)
	name		50001222
	locale		5000106b
	loaderRef	50000d20
	format		500027af
OBJ 500027ae (sz=56, trace=300000, class=java.util.ResourceBundle$CacheKey@50000add)
	name		50001222
	locale		5000106c
	loaderRef	50000b2f
	format		500027af
OBJ 500027af (sz=24, trace=300000, class=java.lang.String@50000181)
	value		500027b0
ARR 500027b0 (sz=20, trace=300000, nelems=10, elem type=char[])
OBJ 500027b1 (sz=56, trace=300000, class=java.util.ResourceBundle$CacheKey@50000add)
	name		50001222
	locale		50000af5
	loaderRef	50000dea
	format		500027af
OBJ 500027b2 (sz=56, trace=300000, class=java.util.ResourceBundle$CacheKey@50000add)
	name		50001222
	locale		50000b08
	loaderRef	50000d85
	format		500027af
OBJ 500027b3 (sz=56, trace=300000, class=java.util.ResourceBundle$CacheKey@50000add)
	name		50001222
	locale		50001077
	loaderRef	50000d0b
	format		500027af
OBJ 500027b4 (sz=24, trace=300000, class=java.lang.String@50000181)
	value		500027b7
OBJ 500027b5 (sz=24, trace=300000, class=java.lang.String@50000181)
	value		500027b6
ARR 500027b6 (sz=36, trace=300000, nelems=18, elem type=char[])
ARR 500027b7 (sz=64, trace=300000, nelems=32, elem type=char[])
OBJ 500027b8 (sz=24, trace=300000, class=java.lang.String@50000181)
	value		500027ba
OBJ 500027b9 (sz=24, trace=300000, class=java.lang.String@50000181)
	value		500027c1
ARR 500027ba (sz=30, trace=300000, nelems=15, elem type=char[])
OBJ 500027bb (sz=24, trace=300000, class=java.lang.String@50000181)
	value		500027c0
OBJ 500027bc (sz=24, trace=300000, class=java.lang.String@50000181)
	value		500027bf
OBJ 500027bd (sz=24, trace=300000, class=java.lang.String@50000181)
	value		500027be
ARR 500027be (sz=4, trace=300000, nelems=2, elem type=char[])
ARR 500027bf (sz=4, trace=300000, nelems=2, elem type=char[])
ARR 500027c0 (sz=4, trace=300000, nelems=2, elem type=char[])
ARR 500027c1 (sz=20, trace=300000, nelems=10, elem type=char[])
OBJ 500027c2 (sz=24, trace=300000, class=java.lang.String@50000181)
	value		500027c5
OBJ 500027c3 (sz=24, trace=300000, class=java.lang.String@50000181)
	value		500027c4
ARR 500027c4 (sz=48, trace=300000, nelems=24, elem type=char[])
ARR 500027c5 (sz=164, trace=300000, nelems=82, elem type=char[])
OBJ 500027c6 (sz=24, trace=300000, class=java.lang.String@50000181)
	value		500027c9
OBJ 500027c7 (sz=24, trace=300000, class=java.lang.String@50000181)
	value		500027c8
ARR 500027c8 (sz=48, trace=300000, nelems=24, elem type=char[])
ARR 500027c9 (sz=22, trace=300000, nelems=11, elem type=char[])
OBJ 500027ca (sz=24, trace=300000, class=java.lang.String@50000181)
	value		500027cd
OBJ 500027cb (sz=24, trace=300000, class=java.lang.String@50000181)
	value		500027cc
ARR 500027cc (sz=48, trace=300000, nelems=24, elem type=char[])
ARR 500027cd (sz=172, trace=300000, nelems=86, elem type=char[])
OBJ 500027ce (sz=24, trace=300000, class=java.lang.String@50000181)
	value		500027d1
OBJ 500027cf (sz=24, trace=300000, class=java.lang.String@50000181)
	value		500027d0
ARR 500027d0 (sz=48, trace=300000, nelems=24, elem type=char[])
ARR 500027d1 (sz=208, trace=300000, nelems=104, elem type=char[])
OBJ 500027d2 (sz=24, trace=300000, class=java.lang.String@50000181)
	value		500027d5
OBJ 500027d3 (sz=24, trace=300000, class=java.lang.String@50000181)
	value		500027d4
ARR 500027d4 (sz=48, trace=300000, nelems=24, elem type=char[])
ARR 500027d5 (sz=72, trace=300000, nelems=36, elem type=char[])
OBJ 500027d6 (sz=24, trace=300000, class=java.lang.String@50000181)
	value		500027d9
OBJ 500027d7 (sz=24, trace=300000, class=java.lang.String@50000181)
	value		500027d8
ARR 500027d8 (sz=54, trace=300000, nelems=27, elem type=char[])
ARR 500027d9 (sz=64, trace=300000, nelems=32, elem type=char[])
OBJ 500027da (sz=24, trace=300000, class=java.lang.String@50000181)
	value		500027dd
OBJ 500027db (sz=24, trace=300000, class=java.lang.String@50000181)
	value		500027dc
ARR 500027dc (sz=48, trace=300000, nelems=24, elem type=char[])
ARR 500027dd (sz=254, trace=300000, nelems=127, elem type=char[])
OBJ 500027de (sz=24, trace=300000, class=java.lang.String@50000181)
	value		500027e1
OBJ 500027df (sz=24, trace=300000, class=java.lang.String@50000181)
	value		500027e0
ARR 500027e0 (sz=54, trace=300000, nelems=27, elem type=char[])
ARR 500027e1 (sz=122, trace=300000, nelems=61, elem type=char[])
OBJ 500027e2 (sz=24, trace=300000, class=java.lang.String@50000181)
	value		500027e5
OBJ 500027e3 (sz=24, trace=300000, class=java.lang.String@50000181)
	value		500027e4
ARR 500027e4 (sz=52, trace=300000, nelems=26, elem type=char[])
ARR 500027e5 (sz=44, trace=300000, nelems=22, elem type=char[])
OBJ 500027e6 (sz=24, trace=300000, class=java.lang.String@50000181)
	value		500027e9
OBJ 500027e7 (sz=24, trace=300000, class=java.lang.String@50000181)
	value		500027e8
ARR 500027e8 (sz=54, trace=300000, nelems=27, elem type=char[])
ARR 500027e9 (sz=70, trace=300000, nelems=35, elem type=char[])
OBJ 500027ea (sz=24, trace=300000, class=java.lang.String@50000181)
	value		500027ed
OBJ 500027eb (sz=24, trace=300000, class=java.lang.String@50000181)
	value		500027ec
ARR 500027ec (sz=56, trace=300000, nelems=28, elem type=char[])
ARR 500027ed (sz=458, trace=300000, nelems=229, elem type=char[])
OBJ 500027ee (sz=24, trace=300000, class=java.lang.String@50000181)
	value		500027f1
OBJ 500027ef (sz=24, trace=300000, class=java.lang.String@50000181)
	value		500027f0
ARR 500027f0 (sz=54, trace=300000, nelems=27, elem type=char[])
ARR 500027f1 (sz=58, trace=300000, nelems=29, elem type=char[])
OBJ 500027f2 (sz=24, trace=300000, class=java.lang.String@50000181)
	value		500027f5
OBJ 500027f3 (sz=24, trace=300000, class=java.lang.String@50000181)
	value		500027f4
ARR 500027f4 (sz=42, trace=300000, nelems=21, elem type=char[])
ARR 500027f5 (sz=2292, trace=300000, nelems=1146, elem type=char[])
OBJ 500027f6 (sz=24, trace=300000, class=java.lang.String@50000181)
	value		500027f9
OBJ 500027f7 (sz=24, trace=300000, class=java.lang.String@50000181)
	value		500027f8
ARR 500027f8 (sz=48, trace=300000, nelems=24, elem type=char[])
ARR 500027f9 (sz=10, trace=300000, nelems=5, elem type=char[])
OBJ 500027fa (sz=24, trace=300000, class=java.lang.String@50000181)
	value		500027fd
OBJ 500027fb (sz=24, trace=300000, class=java.lang.String@50000181)
	value		500027fc
ARR 500027fc (sz=50, trace=300000, nelems=25, elem type=char[])
ARR 500027fd (sz=64, trace=300000, nelems=32, elem type=char[])
OBJ 500027fe (sz=24, trace=300000, class=java.lang.String@50000181)
	value		50002801
OBJ 500027ff (sz=24, trace=300000, class=java.lang.String@50000181)
	value		50002800
ARR 50002800 (sz=48, trace=300000, nelems=24, elem type=char[])
ARR 50002801 (sz=2850, trace=300000, nelems=1425, elem type=char[])
OBJ 50002802 (sz=24, trace=300000, class=java.lang.String@50000181)
	value		50002805
OBJ 50002803 (sz=24, trace=300000, class=java.lang.String@50000181)
	value		50002804
ARR 50002804 (sz=48, trace=300000, nelems=24, elem type=char[])
ARR 50002805 (sz=40, trace=300000, nelems=20, elem type=char[])
OBJ 50002806 (sz=24, trace=300000, class=java.lang.String@50000181)
	value		50002808
ARR 50002807 (sz=48, trace=300000, nelems=24, elem type=char[])
ARR 50002808 (sz=36, trace=300000, nelems=18, elem type=char[])
OBJ 50002809 (sz=24, trace=300000, class=java.lang.String@50000181)
	value		5000280c
OBJ 5000280a (sz=24, trace=300000, class=java.lang.String@50000181)
	value		5000280b
ARR 5000280b (sz=48, trace=300000, nelems=24, elem type=char[])
ARR 5000280c (sz=20, trace=300000, nelems=10, elem type=char[])
OBJ 5000280d (sz=24, trace=300000, class=java.lang.String@50000181)
	value		50002816
OBJ 5000280e (sz=24, trace=300000, class=java.lang.String@50000181)
	value		5000281c
OBJ 5000280f (sz=24, trace=300000, class=java.lang.String@50000181)
	value		50002818
OBJ 50002810 (sz=24, trace=300000, class=java.lang.String@50000181)
	value		5000281d
OBJ 50002811 (sz=24, trace=300000, class=java.lang.String@50000181)
	value		5000281a
OBJ 50002812 (sz=24, trace=300000, class=java.lang.String@50000181)
	value		5000281e
OBJ 50002813 (sz=24, trace=300000, class=java.lang.String@50000181)
	value		50002819
OBJ 50002814 (sz=24, trace=300000, class=java.lang.String@50000181)
	value		5000281b
OBJ 50002815 (sz=24, trace=300000, class=java.lang.String@50000181)
	value		50002817
ARR 50002816 (sz=12, trace=300000, nelems=6, elem type=char[])
ARR 50002817 (sz=8, trace=300000, nelems=4, elem type=char[])
ARR 50002818 (sz=8, trace=300000, nelems=4, elem type=char[])
ARR 50002819 (sz=12, trace=300000, nelems=6, elem type=char[])
ARR 5000281a (sz=14, trace=300000, nelems=7, elem type=char[])
ARR 5000281b (sz=14, trace=300000, nelems=7, elem type=char[])
ARR 5000281c (sz=16, trace=300000, nelems=8, elem type=char[])
ARR 5000281d (sz=8, trace=300000, nelems=4, elem type=char[])
ARR 5000281e (sz=12, trace=300000, nelems=6, elem type=char[])
OBJ 5000281f (sz=24, trace=300000, class=java.lang.String@50000181)
	value		50002820
ARR 50002820 (sz=44, trace=300000, nelems=22, elem type=char[])
OBJ 50002821 (sz=24, trace=300000, class=java.lang.String@50000181)
	value		50002823
OBJ 50002822 (sz=24, trace=300000, class=java.lang.String@50000181)
	value		50002824
ARR 50002823 (sz=40, trace=300000, nelems=20, elem type=char[])
ARR 50002824 (sz=14, trace=300000, nelems=7, elem type=char[])
OBJ 50002825 (sz=24, trace=300000, class=java.lang.String@50000181)
	value		50002826
ARR 50002826 (sz=120, trace=300000, nelems=60, elem type=char[])
OBJ 50002827 (sz=16, trace=300000, class=java.lang.Object@50000185)
OBJ 50002828 (sz=24, trace=300000, class=java.lang.String@50000181)
	value		50002829
ARR 50002829 (sz=46, trace=300000, nelems=23, elem type=char[])
CLS 50000185 (name=java.lang.Object, trace=300000)
	constant pool entry 76	5000010b
	constant pool entry 49	50000185
CLS 50000001 (name=java.lang.SystemClassLoaderAction, trace=300000)
	super		50000185
	constant pool entry 36	50000001
	constant pool entry 35	5000017a
	constant pool entry 33	50000185
	constant pool entry 1	50002554
CLS 50000002 (name=sun.misc.Launcher$AppClassLoader$1, trace=300000)
	super		50000185
	constant pool entry 30	50000002
	constant pool entry 29	5000012a
	constant pool entry 28	5000012b
	constant pool entry 25	50000185
CLS 5000000f (name=java.net.URLStreamHandler, trace=300000)
	super		50000185
	constant pool entry 112	5000000f
	constant pool entry 111	5000012d
	constant pool entry 108	50000135
	constant pool entry 107	50000136
	constant pool entry 106	50000181
	constant pool entry 104	50000185
	constant pool entry 10	5000236f
	constant pool entry 8	5000236e
	constant pool entry 7	5000236d
	constant pool entry 6	5000236c
	constant pool entry 5	5000236b
	constant pool entry 3	5000236a
	constant pool entry 1	50000f74
CLS 50000003 (name=sun.net.www.protocol.jar.Handler, trace=300000)
	super		5000000f
	static separator	500023d3
	constant pool entry 81	5000000f
CLS 50000004 (name=sun.misc.URLClassPath, trace=300000)
	super		50000185
	static USER_AGENT_JAVA_VERSION	50002499
	static JAVA_VERSION	50002498
	constant pool entry 235	50000064
	constant pool entry 233	500003c9
	constant pool entry 232	500000d4
	constant pool entry 231	500003d1
	constant pool entry 228	500003cf
	constant pool entry 227	5000093c
	constant pool entry 226	50000940
	constant pool entry 225	50000004
	constant pool entry 223	500000f6
	constant pool entry 219	500000d9
	constant pool entry 217	500000f1
	constant pool entry 216	500006b9
	constant pool entry 214	50000103
	constant pool entry 213	50000043
	constant pool entry 211	5000012d
	constant pool entry 207	5000017a
	constant pool entry 205	50000181
	constant pool entry 202	50000185
	constant pool entry 199	500006b8
	constant pool entry 20	50000f81
	constant pool entry 19	50002497
	constant pool entry 18	50002496
	constant pool entry 17	50002495
	constant pool entry 16	500010d7
	constant pool entry 14	50002494
	constant pool entry 13	500023d1
CLS 500000f9 (name=java.util.AbstractCollection, trace=300000)
	super		50000185
	constant pool entry 66	50000185
CLS 500000ee (name=java.util.AbstractSet, trace=300000)
	super		500000f9
	constant pool entry 34	500000f9
CLS 50000005 (name=java.util.HashSet, trace=300000)
	super		500000ee
	static PRESENT	500023a3
	constant pool entry 114	50000005
	constant pool entry 112	500000d9
	constant pool entry 110	500000ee
	constant pool entry 108	50000185
CLS 50000006 (name=java.security.Principal[], trace=300000)
	super		50000185
CLS 50000007 (name=java.security.Principal, trace=300000)
CLS 50000008 (name=java.security.ProtectionDomain$Key, trace=300000)
	super		50000185
	constant pool entry 9	50000185
CLS 50000009 (name=java.security.ProtectionDomain$2, trace=300000)
	super		50000185
	constant pool entry 16	50000185
CLS 5000000a (name=sun.misc.JavaSecurityProtectionDomainAccess, trace=300000)
CLS 5000000b (name=java.security.ProtectionDomain$JavaSecurityAccessImpl, trace=300000)
	super		50000185
	constant pool entry 27	5000000b
	constant pool entry 22	50000185
CLS 5000000c (name=sun.misc.JavaSecurityAccess, trace=300000)
CLS 5000000d (name=java.net.URL[], trace=300000)
	super		50000185
CLS 5000000e (name=sun.net.www.protocol.file.Handler, trace=300000)
	super		5000000f
	constant pool entry 64	5000000e
	constant pool entry 63	5000064a
	constant pool entry 62	50000012
	constant pool entry 61	5000000f
	constant pool entry 59	5000012d
	constant pool entry 56	50000181
	constant pool entry 54	5000012f
	constant pool entry 1	50000f74
CLS 50000010 (name=java.net.Parts, trace=300000)
	super		50000185
	constant pool entry 25	50000010
	constant pool entry 24	50000181
	constant pool entry 23	50000185
CLS 50000011 (name=java.util.BitSet, trace=300000)
	super		50000185
	static serialPersistentFields	50001382
	constant pool entry 391	5000010b
	constant pool entry 196	50000185
	constant pool entry 187	5000017d
	constant pool entry 184	50000110
	constant pool entry 11	50000011
	constant pool entry 10	50000186
	constant pool entry 4	50001381
CLS 50000012 (name=sun.net.www.ParseUtil, trace=300000)
	super		50000185
	static encodedInPath	5000137f
	static hexDigits	5000137e
	constant pool entry 505	5000010b
	constant pool entry 242	500003eb
	constant pool entry 241	50000011
	constant pool entry 240	50000095
	constant pool entry 239	50000069
	constant pool entry 237	50000097
	constant pool entry 235	5000006b
	constant pool entry 234	50000073
	constant pool entry 233	5000012d
	constant pool entry 228	50000135
	constant pool entry 226	50000181
	constant pool entry 225	50000185
	constant pool entry 223	500000d1
	constant pool entry 222	5000011e
	constant pool entry 220	5000017d
	constant pool entry 219	50000124
	constant pool entry 217	5000012f
	constant pool entry 26	50000012
	constant pool entry 25	50001355
	constant pool entry 22	5000137d
	constant pool entry 19	5000137c
	constant pool entry 18	5000137b
	constant pool entry 17	5000137a
	constant pool entry 16	50001379
	constant pool entry 7	50001353
	constant pool entry 6	50001378
	constant pool entry 5	50001377
	constant pool entry 4	50001376
	constant pool entry 3	50001375
	constant pool entry 2	50000f74
CLS 50000013 (name=java.io.FileInputStream$1, trace=300000)
	super		50000185
	constant pool entry 19	50000185
	constant pool entry 17	50000013
	constant pool entry 16	5000008b
CLS 50000015 (name=java.lang.CharacterData, trace=300000)
	super		50000185
	constant pool entry 50	50000185
	constant pool entry 47	50000014
CLS 50000014 (name=java.lang.CharacterDataLatin1, trace=300000)
	super		50000015
	static sharpsMap	50000f7b
	static instance	50000f77
	static A	50000f76
	static A_DATA	50000f79
	static B	50000f7a
	constant pool entry 94	5000010b
	constant pool entry 67	50000181
	constant pool entry 66	5000017d
	constant pool entry 65	50000015
	constant pool entry 8	50000014
	constant pool entry 7	50000f79
	constant pool entry 6	50000f78
CLS 50000016 (name=sun.util.locale.LocaleUtils, trace=300000)
	super		50000185
	constant pool entry 47	50000016
	constant pool entry 43	50000181
CLS 50000017 (name=java.util.Locale$LocaleKey, trace=300000)
	super		50000185
	constant pool entry 26	5000001b
	constant pool entry 25	50000017
	constant pool entry 22	50000185
CLS 50000166 (name=java.lang.ref.Reference, trace=300000)
	super		50000185
	static lock	50000e66
	constant pool entry 67	500000df
	constant pool entry 65	500000e6
	constant pool entry 64	500000f3
	constant pool entry 63	500000f4
	constant pool entry 62	500000e0
	constant pool entry 61	50000166
	constant pool entry 59	5000015c
	constant pool entry 58	5000015e
	constant pool entry 56	50000185
	constant pool entry 1	500010b8
CLS 50000165 (name=java.lang.ref.SoftReference, trace=300000)
	super		50000166
	constant pool entry 17	50000165
	constant pool entry 16	50000166
CLS 50000018 (name=sun.util.locale.LocaleObjectCache$CacheEntry, trace=300000)
	super		50000165
	constant pool entry 16	50000018
	constant pool entry 14	50000165
CLS 50000019 (name=sun.util.locale.BaseLocale$Key, trace=300000)
	super		50000185
	constant pool entry 63	50000016
	constant pool entry 62	50000019
	constant pool entry 60	50000165
	constant pool entry 59	50000181
	constant pool entry 58	50000185
	constant pool entry 57	5000017d
	constant pool entry 2	5000001b
	constant pool entry 1	50000f74
CLS 5000002d (name=sun.util.locale.LocaleObjectCache, trace=300000)
	super		50000185
	constant pool entry 36	50000018
	constant pool entry 35	5000002d
	constant pool entry 34	5000002b
	constant pool entry 33	5000002a
	constant pool entry 32	500000e6
	constant pool entry 31	50000185
CLS 5000001a (name=sun.util.locale.BaseLocale$Cache, trace=300000)
	super		5000002d
	constant pool entry 40	5000002d
	constant pool entry 39	50000019
	constant pool entry 38	5000001a
	constant pool entry 36	50000165
	constant pool entry 35	50000181
	constant pool entry 34	5000017d
	constant pool entry 1	5000001b
CLS 5000001b (name=sun.util.locale.BaseLocale, trace=300000)
	super		50000185
	static SEP	5000109c
	static CACHE	5000109b
	constant pool entry 83	50000016
	constant pool entry 82	50000019
	constant pool entry 81	5000001a
	constant pool entry 79	5000001b
	constant pool entry 77	50000181
	constant pool entry 76	50000185
	constant pool entry 12	5000109a
	constant pool entry 4	50001099
	constant pool entry 3	50001098
	constant pool entry 1	50000f74
CLS 5000001f (name=java.util.concurrent.ConcurrentHashMap$CollectionView, trace=300000)
	super		50000185
CLS 5000001c (name=java.util.concurrent.ConcurrentHashMap$EntrySetView, trace=300000)
	super		5000001f
CLS 5000001d (name=java.util.concurrent.ConcurrentHashMap$ValuesView, trace=300000)
	super		5000001f
CLS 5000001e (name=java.util.concurrent.ConcurrentHashMap$KeySetView, trace=300000)
	super		5000001f
CLS 50000020 (name=java.util.concurrent.ConcurrentHashMap$CounterCell[], trace=300000)
	super		50000185
CLS 50000021 (name=java.util.concurrent.ConcurrentHashMap$CounterCell, trace=300000)
	super		50000185
CLS 50000022 (name=java.util.concurrent.ConcurrentHashMap$Node[], trace=300000)
	super		50000185
CLS 50000023 (name=java.util.concurrent.ConcurrentHashMap$Node, trace=300000)
	super		50000185
	constant pool entry 48	50000023
	constant pool entry 42	50000185
CLS 50000024 (name=java.util.concurrent.ConcurrentHashMap$Segment[], trace=300000)
	super		50000185
CLS 50000025 (name=java.util.concurrent.locks.ReentrantLock[], trace=300000)
	super		50000185
CLS 50000026 (name=java.util.concurrent.locks.Lock[], trace=300000)
	super		50000185
CLS 50000028 (name=java.util.concurrent.locks.ReentrantLock, trace=300000)
	super		50000185
CLS 50000027 (name=java.util.concurrent.ConcurrentHashMap$Segment, trace=300000)
	super		50000028
CLS 50000029 (name=java.util.concurrent.locks.Lock, trace=300000)
CLS 500000eb (name=java.util.AbstractMap, trace=300000)
	super		50000185
	constant pool entry 75	500000ef
	constant pool entry 74	500000d8
	constant pool entry 73	5000015b
	constant pool entry 72	5000008f
	constant pool entry 66	500000eb
	constant pool entry 63	50000185
CLS 5000002a (name=java.util.concurrent.ConcurrentHashMap, trace=300000)
	super		500000eb
	static serialPersistentFields	5000122c
	static U	50000fac
	constant pool entry 1010	5000010b
	constant pool entry 435	50000134
	constant pool entry 411	50000023
	constant pool entry 370	500000eb
	constant pool entry 364	5000008d
	constant pool entry 363	50000185
	constant pool entry 360	5000011e
	constant pool entry 354	5000017d
	constant pool entry 351	50000110
	constant pool entry 344	5000122b
	constant pool entry 343	5000122a
	constant pool entry 342	50001229
	constant pool entry 340	50001228
	constant pool entry 339	50001227
	constant pool entry 14	50000021
	constant pool entry 13	5000002a
	constant pool entry 10	50000024
	constant pool entry 9	50000022
	constant pool entry 8	50001226
	constant pool entry 7	50001225
	constant pool entry 6	50001224
CLS 5000002b (name=java.util.concurrent.ConcurrentMap, trace=300000)
CLS 5000002c (name=java.util.Locale$Cache, trace=300000)
	super		5000002d
	constant pool entry 19	5000002d
	constant pool entry 18	50000017
	constant pool entry 17	5000002c
	constant pool entry 15	5000002e
CLS 5000002e (name=java.util.Locale, trace=300000)
	super		50000185
	static LOCALECACHE	5000107e
	static ENGLISH	5000107d
	static FRENCH	5000107c
	static GERMAN	5000107b
	static ITALIAN	5000107a
	static JAPANESE	50001079
	static KOREAN	50001078
	static CHINESE	50001077
	static SIMPLIFIED_CHINESE	5000106b
	static TRADITIONAL_CHINESE	50001071
	static FRANCE	50001076
	static GERMANY	50001075
	static ITALY	50001074
	static JAPAN	50001073
	static KOREA	50001072
	static CHINA	5000106b
	static PRC	5000106b
	static TAIWAN	50001071
	static UK	50001070
	static US	5000106f
	static CANADA	5000106e
	static CANADA_FRENCH	5000106d
	static ROOT	5000106c
	static defaultLocale	5000106b
	static defaultFormatLocale	5000106b
	static serialPersistentFields	5000106a
	constant pool entry 889	5000010b
	constant pool entry 443	50000016
	constant pool entry 437	5000001b
	constant pool entry 436	50000064
	constant pool entry 431	50000017
	constant pool entry 428	50000e22
	constant pool entry 427	5000002c
	constant pool entry 425	50000e27
	constant pool entry 417	50000103
	constant pool entry 412	50000185
	constant pool entry 409	5000011e
	constant pool entry 404	5000017d
	constant pool entry 400	50000110
	constant pool entry 391	50001069
	constant pool entry 390	50001068
	constant pool entry 389	50001067
	constant pool entry 388	50001066
	constant pool entry 58	5000002e
	constant pool entry 57	50000181
	constant pool entry 56	50001065
	constant pool entry 52	50001064
	constant pool entry 51	50001063
	constant pool entry 50	50001062
	constant pool entry 49	50001061
	constant pool entry 48	50001060
	constant pool entry 47	5000105f
	constant pool entry 46	5000105e
	constant pool entry 45	5000105d
	constant pool entry 44	5000105c
	constant pool entry 43	5000105b
	constant pool entry 40	5000105a
	constant pool entry 38	50001059
	constant pool entry 34	50001058
	constant pool entry 33	50001057
	constant pool entry 32	50001056
	constant pool entry 31	50001055
	constant pool entry 30	50001054
	constant pool entry 29	50001053
	constant pool entry 24	50001052
	constant pool entry 18	50001051
	constant pool entry 15	50001050
	constant pool entry 13	5000104f
	constant pool entry 11	5000104e
	constant pool entry 6	5000104d
	constant pool entry 1	50000f74
CLS 5000002f (name=java.lang.reflect.Array, trace=300000)
	super		50000185
	constant pool entry 37	5000002f
CLS 500000d7 (name=java.util.HashMap$Node, trace=300000)
	super		50000185
	constant pool entry 44	500000d7
	constant pool entry 41	50000185
CLS 50000054 (name=java.util.LinkedHashMap$Entry, trace=300000)
	super		500000d7
	constant pool entry 14	500000d7
CLS 50000030 (name=java.util.HashMap$TreeNode, trace=300000)
	super		50000054
CLS 50000035 (name=java.io.Reader, trace=300000)
	super		50000185
	constant pool entry 57	50000185
	constant pool entry 53	50000035
CLS 50000031 (name=sun.nio.cs.StreamDecoder, trace=300000)
	super		50000035
	constant pool entry 136	50000095
	constant pool entry 135	50000069
	constant pool entry 134	50000097
	constant pool entry 133	500000cf
	constant pool entry 130	5000006b
	constant pool entry 129	50000073
	constant pool entry 122	5000017d
	constant pool entry 119	50000035
	constant pool entry 118	50000131
	constant pool entry 5	50000031
CLS 50000033 (name=java.io.InputStreamReader, trace=300000)
	super		50000035
	constant pool entry 45	50000031
	constant pool entry 38	50000035
	constant pool entry 37	50000033
CLS 50000032 (name=java.io.FileReader, trace=300000)
	super		50000033
	constant pool entry 12	50000033
	constant pool entry 9	5000008b
CLS 50000034 (name=java.io.BufferedReader, trace=300000)
	super		50000035
	constant pool entry 176	5000010b
	constant pool entry 93	50000136
	constant pool entry 92	50000181
	constant pool entry 87	50000035
	constant pool entry 84	50000034
	constant pool entry 4	50000f73
CLS 50000036 (name=sun.misc.MetaIndex, trace=300000)
	super		50000185
	static jarMap	500023dd
	constant pool entry 149	5000010b
	constant pool entry 78	5000015b
	constant pool entry 77	500000fb
	constant pool entry 76	500000d9
	constant pool entry 75	500000f1
	constant pool entry 73	50000181
	constant pool entry 72	50000185
	constant pool entry 70	5000017d
	constant pool entry 67	50000032
	constant pool entry 66	5000012f
	constant pool entry 65	50000034
	constant pool entry 64	500000db
	constant pool entry 4	50000036
	constant pool entry 3	500023dc
	constant pool entry 2	500023db
	constant pool entry 1	500023da
CLS 50000037 (name=sun.misc.Launcher$ExtClassLoader$1, trace=300000)
	super		50000185
	constant pool entry 30	50000036
	constant pool entry 29	50000037
	constant pool entry 28	50000129
	constant pool entry 25	50000185
CLS 50000038 (name=java.io.File[], trace=300000)
	super		50000185
CLS 50000039 (name=java.util.StringTokenizer, trace=300000)
	super		50000185
	constant pool entry 63	50000039
	constant pool entry 60	50000181
	constant pool entry 59	50000185
	constant pool entry 57	50000124
CLS 5000003a (name=java.net.URLClassLoader$7, trace=300000)
	super		50000185
	constant pool entry 20	5000012e
	constant pool entry 17	50000185
CLS 5000003b (name=sun.misc.JavaNetAccess, trace=300000)
CLS 5000003c (name=java.util.WeakHashMap$KeySet, trace=300000)
	super		500000ee
	constant pool entry 28	5000003c
	constant pool entry 24	500000ee
CLS 5000003d (name=java.util.Collections$SetFromMap, trace=300000)
	super		500000ee
	constant pool entry 72	5000015b
	constant pool entry 71	5000003d
	constant pool entry 69	500000ee
	constant pool entry 65	50000125
CLS 5000003e (name=java.util.WeakHashMap$Entry[], trace=300000)
	super		50000185
CLS 50000164 (name=java.lang.ref.WeakReference, trace=300000)
	super		50000166
	constant pool entry 7	50000166
CLS 5000003f (name=java.util.WeakHashMap$Entry, trace=300000)
	super		50000164
	constant pool entry 48	5000003f
	constant pool entry 43	50000164
CLS 50000040 (name=java.lang.ClassLoader$ParallelLoaders, trace=300000)
	super		50000185
	static loaderTypes	50002556
	constant pool entry 31	500000ba
	constant pool entry 30	500000ef
	constant pool entry 29	500000f0
	constant pool entry 26	50000040
	constant pool entry 25	5000017d
	constant pool entry 1	5000017b
CLS 50000041 (name=sun.security.util.Debug, trace=300000)
	super		50000185
	static hexDigits	50002398
	constant pool entry 202	50000041
	constant pool entry 201	50000064
	constant pool entry 197	50000103
	constant pool entry 192	50000181
	constant pool entry 50	50002397
	constant pool entry 49	50002396
	constant pool entry 23	50002395
CLS 50000042 (name=sun.misc.Launcher$Factory, trace=300000)
	super		50000185
	static PREFIX	5000135c
	constant pool entry 48	50000042
	constant pool entry 44	5000000f
	constant pool entry 43	50000135
	constant pool entry 40	50000185
	constant pool entry 38	5000017d
	constant pool entry 4	5000135c
	constant pool entry 2	50001352
	constant pool entry 1	50001351
CLS 50000043 (name=java.net.URLStreamHandlerFactory, trace=300000)
CLS 50000044 (name=java.lang.Compiler$1, trace=300000)
	super		50000185
	constant pool entry 55	5000017a
	constant pool entry 54	50000135
	constant pool entry 52	50000185
	constant pool entry 51	50000044
	constant pool entry 8	50002755
	constant pool entry 7	50002754
	constant pool entry 4	50002753
CLS 50000045 (name=java.lang.Compiler, trace=300000)
	super		50000185
	constant pool entry 25	50000103
	constant pool entry 23	50000044
	constant pool entry 22	50000045
CLS 50000179 (name=java.lang.Throwable, trace=300000)
	super		50000185
	static UNASSIGNED_STACK	500024a6
	static SUPPRESSED_SENTINEL	500024a5
	static NULL_CAUSE_MESSAGE	500024a4
	static SELF_SUPPRESSION_MESSAGE	500024a3
	static CAUSE_CAPTION	500024a2
	static SUPPRESSED_CAPTION	500024a1
	static EMPTY_THROWABLE_ARRAY	500024a0
	constant pool entry 325	5000010b
	constant pool entry 171	500000f0
	constant pool entry 170	500000f1
	constant pool entry 160	50000127
	constant pool entry 159	50000185
	constant pool entry 154	5000017d
	constant pool entry 18	50000179
CLS 50000176 (name=java.lang.Exception, trace=300000)
	super		50000179
	constant pool entry 14	50000179
CLS 50000175 (name=java.lang.RuntimeException, trace=300000)
	super		50000176
CLS 50000046 (name=java.lang.IllegalArgumentException, trace=300000)
	super		50000175
CLS 50000047 (name=java.lang.System$2, trace=300000)
	super		50000185
	constant pool entry 44	50000185
CLS 50000048 (name=sun.misc.JavaLangAccess, trace=300000)
CLS 50000049 (name=sun.io.Win32ErrorMode, trace=300000)
	super		50000185
	constant pool entry 44	500000d4
	constant pool entry 43	50000049
	constant pool entry 42	5000017a
	constant pool entry 1	500011ff
CLS 5000004a (name=sun.misc.OSEnvironment, trace=300000)
	super		50000185
	constant pool entry 9	50000049
CLS 5000004b (name=java.lang.Integer[], trace=300000)
	super		50000185
CLS 5000004c (name=java.lang.Number[], trace=300000)
	super		50000185
CLS 5000004d (name=java.lang.Integer$IntegerCache, trace=300000)
	super		50000185
	static cache	5000123a
	constant pool entry 70	5000010b
	constant pool entry 46	500000d4
	constant pool entry 41	5000004d
	constant pool entry 40	5000017d
	constant pool entry 3	5000011e
	constant pool entry 2	500010d6
CLS 5000004e (name=sun.misc.NativeSignalHandler, trace=300000)
	super		50000185
	constant pool entry 19	5000004e
	constant pool entry 18	50000185
CLS 5000004f (name=sun.misc.Signal, trace=300000)
	super		50000185
	static handlers	500026d9
	static signals	500026d8
	constant pool entry 84	50000051
	constant pool entry 82	5000004f
	constant pool entry 81	5000004e
	constant pool entry 80	50000159
	constant pool entry 74	50000185
	constant pool entry 73	5000011e
CLS 50000050 (name=java.lang.Terminator$1, trace=300000)
	super		50000185
	constant pool entry 18	50000185
CLS 50000051 (name=sun.misc.SignalHandler, trace=300000)
	static SIG_DFL	500026d7
	static SIG_IGN	500026d6
	constant pool entry 14	50000051
	constant pool entry 13	5000004e
CLS 50000052 (name=java.lang.Terminator, trace=300000)
	super		50000185
	static handler	500026d5
	constant pool entry 26	5000004f
	constant pool entry 25	50000050
	constant pool entry 24	50000052
	constant pool entry 2	500026d4
	constant pool entry 1	500026d3
CLS 50000053 (name=java.lang.ClassLoader$NativeLibrary, trace=300000)
	super		50000185
	constant pool entry 54	500000f6
	constant pool entry 51	50000185
	constant pool entry 50	50000053
	constant pool entry 49	5000017b
CLS 50000055 (name=java.io.ExpiringCache$Entry, trace=300000)
	super		50000185
	constant pool entry 21	50000185
	constant pool entry 20	50000055
CLS 50000056 (name=java.io.File$PathStatus[], trace=300000)
	super		50000185
CLS 50000057 (name=java.lang.Enum[], trace=300000)
	super		50000185
CLS 50000058 (name=java.lang.ClassLoader$3, trace=300000)
	super		50000185
	constant pool entry 25	50000185
	constant pool entry 24	50000058
	constant pool entry 22	50000125
	constant pool entry 21	5000012f
CLS 50000059 (name=java.lang.StringCoding$StringEncoder, trace=300000)
	super		50000185
	constant pool entry 143	5000010b
	constant pool entry 72	500000a5
	constant pool entry 71	50000076
	constant pool entry 70	50000095
	constant pool entry 68	50000075
	constant pool entry 67	500000cf
	constant pool entry 63	50000059
	constant pool entry 61	500000a1
	constant pool entry 59	50000185
	constant pool entry 57	5000017d
CLS 5000005a (name=java.nio.file.Path, trace=300000)
CLS 5000005b (name=java.nio.file.Watchable, trace=300000)
CLS 5000005d (name=java.lang.Enum, trace=300000)
	super		50000185
	constant pool entry 70	50000185
	constant pool entry 5	5000005d
CLS 5000005c (name=java.io.File$PathStatus, trace=300000)
	super		5000005d
	static INVALID	50002662
	static CHECKED	50002661
	static $VALUES	50002660
	constant pool entry 45	5000010b
	constant pool entry 23	5000005d
	constant pool entry 3	5000005c
	constant pool entry 2	5000265f
	constant pool entry 1	5000265e
CLS 500000d9 (name=java.util.HashMap, trace=300000)
	super		500000eb
	constant pool entry 466	5000010b
	constant pool entry 227	5000015b
	constant pool entry 222	50000030
	constant pool entry 221	500000d7
	constant pool entry 214	500002f1
	constant pool entry 212	500000d9
	constant pool entry 209	500000eb
	constant pool entry 205	50000185
	constant pool entry 200	50000122
	constant pool entry 190	500000d5
CLS 5000005f (name=java.util.LinkedHashMap, trace=300000)
	super		500000d9
	constant pool entry 98	500006ca
	constant pool entry 96	50000054
	constant pool entry 95	5000005f
	constant pool entry 93	500000d7
	constant pool entry 92	500000d9
CLS 5000005e (name=java.io.ExpiringCache$1, trace=300000)
	super		5000005f
	constant pool entry 24	5000005f
	constant pool entry 22	5000005e
	constant pool entry 21	50000060
CLS 50000060 (name=java.io.ExpiringCache, trace=300000)
	super		50000185
	constant pool entry 62	5000015b
	constant pool entry 60	5000017a
	constant pool entry 58	50000185
	constant pool entry 57	50000055
	constant pool entry 56	5000005e
	constant pool entry 55	50000060
CLS 50000062 (name=java.io.FileSystem, trace=300000)
	super		50000185
	constant pool entry 75	5000017a
	constant pool entry 73	50000185
	constant pool entry 71	50000062
	constant pool entry 2	50002656
	constant pool entry 1	50002655
CLS 50000061 (name=java.io.WinNTFileSystem, trace=300000)
	super		50000062
	static driveDirCache	5000104c
	constant pool entry 310	5000010b
	constant pool entry 153	50000064
	constant pool entry 152	5000002e
	constant pool entry 151	50000103
	constant pool entry 150	5000017a
	constant pool entry 149	50000135
	constant pool entry 148	50000136
	constant pool entry 147	50000181
	constant pool entry 143	50000061
	constant pool entry 141	50000062
	constant pool entry 140	5000012f
	constant pool entry 139	50000060
	constant pool entry 9	5000104b
	constant pool entry 8	5000104a
	constant pool entry 7	50001049
CLS 50000063 (name=java.io.DefaultFileSystem, trace=300000)
	super		50000185
	constant pool entry 9	50000061
CLS 50000064 (name=sun.security.action.GetPropertyAction, trace=300000)
	super		50000185
	constant pool entry 25	50000064
	constant pool entry 23	5000017a
	constant pool entry 21	50000185
CLS 50000079 (name=java.io.Writer, trace=300000)
	super		50000185
	constant pool entry 50	50000181
	constant pool entry 49	50000185
	constant pool entry 45	50000079
CLS 50000065 (name=java.io.BufferedWriter, trace=300000)
	super		50000079
	constant pool entry 117	5000010b
	constant pool entry 64	50000064
	constant pool entry 63	50000103
	constant pool entry 60	50000181
	constant pool entry 56	50000079
	constant pool entry 54	50000065
	constant pool entry 3	50000f99
CLS 50000068 (name=java.nio.charset.CoderResult$Cache, trace=300000)
	super		50000185
	constant pool entry 33	50000068
	constant pool entry 29	50000185
CLS 50000066 (name=java.nio.charset.CoderResult$2, trace=300000)
	super		50000068
	constant pool entry 14	50000068
CLS 50000067 (name=java.nio.charset.CoderResult$1, trace=300000)
	super		50000068
	constant pool entry 12	50000068
CLS 50000069 (name=java.nio.charset.CoderResult, trace=300000)
	super		50000185
	static names	500013a4
	static UNDERFLOW	500013a3
	static OVERFLOW	500013a2
	static malformedCache	500013a1
	static unmappableCache	500013a0
	constant pool entry 137	5000010b
	constant pool entry 82	50000066
	constant pool entry 81	50000067
	constant pool entry 75	50000181
	constant pool entry 74	50000185
	constant pool entry 73	5000017d
	constant pool entry 7	50000069
	constant pool entry 4	5000139f
	constant pool entry 3	5000139e
	constant pool entry 2	5000139d
	constant pool entry 1	5000139c
CLS 50000126 (name=java.nio.Buffer, trace=300000)
	super		50000185
	constant pool entry 64	50000126
	constant pool entry 62	50000185
CLS 5000006b (name=java.nio.CharBuffer, trace=300000)
	super		50000126
	constant pool entry 114	5000006a
	constant pool entry 112	5000006b
	constant pool entry 109	50000126
CLS 5000006a (name=java.nio.HeapCharBuffer, trace=300000)
	super		5000006b
	constant pool entry 136	5000010b
	constant pool entry 66	5000006a
	constant pool entry 65	5000006b
	constant pool entry 59	50000181
CLS 5000006c (name=java.lang.Readable, trace=300000)
CLS 5000006d (name=java.nio.Bits$1, trace=300000)
	super		50000185
	constant pool entry 18	50000185
CLS 5000006e (name=sun.misc.JavaNioAccess, trace=300000)
CLS 50000123 (name=java.lang.Number, trace=300000)
	super		50000185
	constant pool entry 26	50000185
CLS 5000006f (name=java.util.concurrent.atomic.AtomicLong, trace=300000)
	super		50000123
	static unsafe	50000fac
	constant pool entry 79	50000134
	constant pool entry 76	50000123
	constant pool entry 72	5000017d
	constant pool entry 2	5000006f
	constant pool entry 1	5000122b
CLS 50000070 (name=java.nio.ByteOrder, trace=300000)
	super		50000185
	static BIG_ENDIAN	500017b5
	static LITTLE_ENDIAN	500017b4
	constant pool entry 21	50000070
	constant pool entry 20	50000071
	constant pool entry 19	50000185
	constant pool entry 2	500017b3
	constant pool entry 1	500017b2
CLS 50000071 (name=java.nio.Bits, trace=300000)
	super		50000185
	static unsafe	50000fac
	static byteOrder	500017b4
	static reservedMemory	500017be
	static totalCapacity	500017bd
	static count	500017bc
	constant pool entry 269	50000064
	constant pool entry 268	500000d4
	constant pool entry 267	50000134
	constant pool entry 266	500000df
	constant pool entry 264	5000006f
	constant pool entry 263	50000103
	constant pool entry 262	50000070
	constant pool entry 260	5000006d
	constant pool entry 256	50000181
	constant pool entry 246	5000017d
	constant pool entry 8	50000071
	constant pool entry 6	500017bb
	constant pool entry 5	500017ba
	constant pool entry 4	500017b9
	constant pool entry 3	500017b8
CLS 50000073 (name=java.nio.ByteBuffer, trace=300000)
	super		50000126
	constant pool entry 138	50000072
	constant pool entry 136	50000070
	constant pool entry 135	50000073
	constant pool entry 132	50000126
	constant pool entry 131	50000071
CLS 50000072 (name=java.nio.HeapByteBuffer, trace=300000)
	super		50000073
	constant pool entry 257	5000010b
	constant pool entry 120	50000072
	constant pool entry 104	50000073
	constant pool entry 100	5000017a
CLS 50000075 (name=java.nio.charset.CharsetEncoder, trace=300000)
	super		50000185
	static stateNames	500017b1
	constant pool entry 355	5000010b
	constant pool entry 164	500000b5
	constant pool entry 163	50000095
	constant pool entry 162	50000069
	constant pool entry 160	50000097
	constant pool entry 159	500000cf
	constant pool entry 157	5000006b
	constant pool entry 156	50000073
	constant pool entry 153	50000164
	constant pool entry 150	50000181
	constant pool entry 149	50000185
	constant pool entry 146	5000017d
	constant pool entry 16	50000075
	constant pool entry 13	5000138c
	constant pool entry 7	5000138b
	constant pool entry 4	5000138a
	constant pool entry 3	50001389
	constant pool entry 2	50001388
CLS 50000074 (name=sun.nio.cs.ext.DoubleByte$Encoder, trace=300000)
	super		50000075
	constant pool entry 190	5000010b
	constant pool entry 87	50000074
	constant pool entry 82	500000b5
	constant pool entry 81	50000069
	constant pool entry 80	50000075
	constant pool entry 79	5000006b
	constant pool entry 78	50000073
	constant pool entry 76	50000181
	constant pool entry 72	5000018c
CLS 50000076 (name=sun.nio.cs.ArrayEncoder, trace=300000)
CLS 50000077 (name=sun.nio.cs.StreamEncoder, trace=300000)
	super		50000079
	constant pool entry 119	50000095
	constant pool entry 118	50000069
	constant pool entry 117	50000075
	constant pool entry 116	500000cf
	constant pool entry 114	5000006b
	constant pool entry 113	50000073
	constant pool entry 108	5000017d
	constant pool entry 106	50000079
	constant pool entry 104	50000086
	constant pool entry 2	50000077
CLS 50000078 (name=java.io.OutputStreamWriter, trace=300000)
	super		50000079
	constant pool entry 45	50000077
	constant pool entry 39	50000079
	constant pool entry 37	50000078
CLS 500000cf (name=java.nio.charset.Charset, trace=300000)
	super		50000185
	static bugLevel	50000f74
	static standardProvider	500013ad
	static cache1	50000c0d
	static cache2	50000bfc
	static gate	500013ac
	static defaultCharset	500013ab
	constant pool entry 316	5000010b
	constant pool entry 157	50000064
	constant pool entry 155	500000cc
	constant pool entry 154	500000d4
	constant pool entry 148	50000103
	constant pool entry 147	500000ce
	constant pool entry 141	500000b4
	constant pool entry 134	500000c7
	constant pool entry 133	50000181
	constant pool entry 132	50000185
	constant pool entry 9	500000cf
	constant pool entry 7	500013aa
	constant pool entry 6	500013a9
	constant pool entry 2	50001388
	constant pool entry 1	50000f74
CLS 5000007a (name=sun.nio.cs.ext.MS936, trace=300000)
	super		500000cf
	static b2cSBStr	500022c5
	static b2cStr	500022cc
	static b2c	500022cb
	static b2cSB	500022ca
	static c2b	500022c9
	static c2bIndex	500022c8
	constant pool entry 364	5000010b
	constant pool entry 309	5000007a
	constant pool entry 308	500000b1
	constant pool entry 307	50000074
	constant pool entry 306	50000096
	constant pool entry 305	5000009a
	constant pool entry 303	500000cf
	constant pool entry 301	50000181
	constant pool entry 299	5000018c
	constant pool entry 130	50001858
	constant pool entry 129	50001857
	constant pool entry 128	50001856
	constant pool entry 127	50001855
	constant pool entry 126	50001854
	constant pool entry 125	50001853
	constant pool entry 124	500022c7
	constant pool entry 123	50001851
	constant pool entry 122	50001850
	constant pool entry 121	5000184f
	constant pool entry 120	5000184e
	constant pool entry 119	5000184d
	constant pool entry 118	5000184c
	constant pool entry 117	5000184b
	constant pool entry 116	5000184a
	constant pool entry 115	50001849
	constant pool entry 114	50001848
	constant pool entry 113	50001847
	constant pool entry 112	50001846
	constant pool entry 111	50001845
	constant pool entry 110	50001844
	constant pool entry 109	50001843
	constant pool entry 108	50001842
	constant pool entry 107	50001841
	constant pool entry 106	50001840
	constant pool entry 105	5000183f
	constant pool entry 104	5000183e
	constant pool entry 103	5000183d
	constant pool entry 102	5000183c
	constant pool entry 101	5000183b
	constant pool entry 100	5000183a
	constant pool entry 99	50001839
	constant pool entry 98	50001838
	constant pool entry 97	50001837
	constant pool entry 96	50001836
	constant pool entry 95	50001835
	constant pool entry 94	50001834
	constant pool entry 93	50001833
	constant pool entry 92	50001832
	constant pool entry 91	50001831
	constant pool entry 90	50001830
	constant pool entry 89	5000182f
	constant pool entry 88	5000182e
	constant pool entry 87	5000182d
	constant pool entry 86	5000182c
	constant pool entry 85	5000182b
	constant pool entry 84	5000182a
	constant pool entry 83	50001829
	constant pool entry 82	50001828
	constant pool entry 81	50001827
	constant pool entry 80	50001826
	constant pool entry 79	50001825
	constant pool entry 78	50001824
	constant pool entry 77	50001823
	constant pool entry 76	50001822
	constant pool entry 75	50001821
	constant pool entry 74	50001820
	constant pool entry 73	5000181f
	constant pool entry 72	5000181e
	constant pool entry 71	5000181d
	constant pool entry 70	5000181c
	constant pool entry 69	5000181b
	constant pool entry 68	5000181a
	constant pool entry 67	50001819
	constant pool entry 66	50001818
	constant pool entry 65	50001817
	constant pool entry 64	50001816
	constant pool entry 63	50001815
	constant pool entry 62	50001814
	constant pool entry 61	50001813
	constant pool entry 60	50001812
	constant pool entry 59	50001811
	constant pool entry 58	50001810
	constant pool entry 57	5000180f
	constant pool entry 56	5000180e
	constant pool entry 55	5000180d
	constant pool entry 54	5000180c
	constant pool entry 53	5000180b
	constant pool entry 52	5000180a
	constant pool entry 51	50001809
	constant pool entry 50	50001808
	constant pool entry 49	50001807
	constant pool entry 48	50001806
	constant pool entry 47	50001805
	constant pool entry 46	50001804
	constant pool entry 45	50001803
	constant pool entry 44	50001802
	constant pool entry 43	50001801
	constant pool entry 42	50001800
	constant pool entry 41	500017ff
	constant pool entry 40	500017fe
	constant pool entry 39	500017fd
	constant pool entry 38	500017fc
	constant pool entry 37	500017fb
	constant pool entry 36	500017fa
	constant pool entry 35	500017f9
	constant pool entry 34	500017f8
	constant pool entry 33	500017f7
	constant pool entry 32	500017f6
	constant pool entry 31	500017f5
	constant pool entry 30	500017f4
	constant pool entry 29	500017f3
	constant pool entry 28	500017f2
	constant pool entry 27	500017f1
	constant pool entry 26	500017f0
	constant pool entry 25	500017ef
	constant pool entry 24	500017ee
	constant pool entry 23	500017ed
	constant pool entry 22	500017ec
	constant pool entry 21	500017eb
	constant pool entry 20	500017ea
	constant pool entry 19	500017e9
	constant pool entry 18	500017e8
	constant pool entry 17	500017e7
	constant pool entry 16	500017e6
	constant pool entry 15	500017e5
	constant pool entry 14	500017e4
	constant pool entry 13	500017e3
	constant pool entry 12	500017e2
	constant pool entry 11	500017e1
	constant pool entry 10	500017e0
	constant pool entry 9	500017df
	constant pool entry 8	500017de
	constant pool entry 7	500017dd
	constant pool entry 6	500017dc
	constant pool entry 5	500022c6
	constant pool entry 4	50001a4a
	constant pool entry 1	500022c5
CLS 50000086 (name=java.io.OutputStream, trace=300000)
	super		50000185
	constant pool entry 25	50000185
CLS 5000007d (name=java.io.FilterOutputStream, trace=300000)
	super		50000086
	constant pool entry 22	50000086
	constant pool entry 20	5000007d
CLS 5000007b (name=java.io.BufferedOutputStream, trace=300000)
	super		5000007d
	constant pool entry 57	5000010b
	constant pool entry 31	5000017a
	constant pool entry 29	50000086
	constant pool entry 27	5000007d
	constant pool entry 26	5000007b
CLS 5000007c (name=java.io.PrintStream, trace=300000)
	super		5000007d
	constant pool entry 113	500000cf
	constant pool entry 110	50000181
	constant pool entry 103	5000007c
	constant pool entry 102	50000078
	constant pool entry 101	50000086
	constant pool entry 98	5000007d
	constant pool entry 94	50000065
	constant pool entry 3	50000f7f
	constant pool entry 1	5000267c
CLS 5000007e (name=sun.reflect.misc.ReflectUtil, trace=300000)
	super		50000185
	static PROXY_PACKAGE	5000266b
	constant pool entry 115	500000da
	constant pool entry 113	500000b8
CLS 5000007f (name=java.util.concurrent.atomic.AtomicReferenceFieldUpdater$AtomicReferenceFieldUpdaterImpl$1, trace=300000)
	super		50000185
	constant pool entry 31	5000007f
	constant pool entry 27	50000185
	constant pool entry 24	5000017d
CLS 50000080 (name=java.security.PrivilegedExceptionAction, trace=300000)
CLS 50000082 (name=java.util.concurrent.atomic.AtomicReferenceFieldUpdater, trace=300000)
	super		50000185
	constant pool entry 38	500000da
	constant pool entry 35	50000081
	constant pool entry 33	50000185
CLS 50000081 (name=java.util.concurrent.atomic.AtomicReferenceFieldUpdater$AtomicReferenceFieldUpdaterImpl, trace=300000)
	super		50000082
	static U	50000fac
	constant pool entry 111	5000007e
	constant pool entry 110	50000134
	constant pool entry 109	5000007f
	constant pool entry 108	50000081
	constant pool entry 107	50000082
	constant pool entry 105	50000103
	constant pool entry 104	500000b8
	constant pool entry 103	50000155
	constant pool entry 93	5000017d
CLS 50000131 (name=java.io.InputStream, trace=300000)
	super		50000185
	constant pool entry 45	50000185
CLS 50000084 (name=java.io.FilterInputStream, trace=300000)
	super		50000131
	constant pool entry 24	50000131
	constant pool entry 22	50000084
CLS 50000083 (name=java.io.BufferedInputStream, trace=300000)
	super		50000084
	static bufUpdater	5000266a
	constant pool entry 130	5000010b
	constant pool entry 69	50000082
	constant pool entry 62	50000084
	constant pool entry 9	50000083
	constant pool entry 8	50000189
	constant pool entry 7	50002669
CLS 50000085 (name=java.io.FileOutputStream, trace=300000)
	super		50000086
	constant pool entry 74	5000017a
	constant pool entry 71	50000185
	constant pool entry 69	50000086
	constant pool entry 67	500003b4
	constant pool entry 66	50000085
	constant pool entry 64	5000008a
	constant pool entry 63	5000012f
CLS 50000087 (name=java.io.Flushable, trace=300000)
CLS 50000088 (name=java.io.FileDescriptor$1, trace=300000)
	super		50000185
	constant pool entry 20	50000185
CLS 50000089 (name=sun.misc.JavaIOFileDescriptorAccess, trace=300000)
CLS 5000008a (name=java.io.FileDescriptor, trace=300000)
	super		50000185
	static in	50000fa5
	static out	50000fa7
	static err	50000fa6
	constant pool entry 66	500000df
	constant pool entry 61	50000185
	constant pool entry 58	50000088
	constant pool entry 57	5000008a
	constant pool entry 56	50000132
CLS 5000008b (name=java.io.FileInputStream, trace=300000)
	super		50000131
	constant pool entry 72	5000017a
	constant pool entry 69	50000185
	constant pool entry 67	50000131
	constant pool entry 64	50000013
	constant pool entry 63	5000008b
	constant pool entry 62	5000008a
	constant pool entry 61	5000012f
CLS 5000008c (name=sun.misc.Version, trace=300000)
	super		50000185
	static launcher_name	500026d1
	static java_version	50002498
	static java_runtime_name	500026b5
	static java_profile_name	50000f74
	static java_runtime_version	500026c0
	constant pool entry 143	5000008c
	constant pool entry 142	5000017a
	constant pool entry 17	50002494
	constant pool entry 16	500026c1
	constant pool entry 15	500026b6
	constant pool entry 11	500026b5
	constant pool entry 9	500026c0
	constant pool entry 8	50002498
CLS 5000008d (name=java.lang.Runtime, trace=300000)
	super		50000185
	static currentRuntime	50000e68
	constant pool entry 105	5000017a
	constant pool entry 103	50000181
	constant pool entry 102	50000e57
	constant pool entry 98	5000008d
	constant pool entry 96	50000185
	constant pool entry 94	5000017b
	constant pool entry 91	5000012f
CLS 5000008e (name=java.util.Hashtable$Enumerator, trace=300000)
	super		50000185
	constant pool entry 59	5000008e
	constant pool entry 58	500000d3
	constant pool entry 57	50000159
	constant pool entry 52	50000185
CLS 5000008f (name=java.util.Iterator, trace=300000)
CLS 50000090 (name=java.util.Enumeration, trace=300000)
CLS 50000091 (name=java.util.Objects, trace=300000)
	super		50000185
CLS 50000093 (name=java.util.Collections$SynchronizedCollection, trace=300000)
	super		50000185
	constant pool entry 65	50000091
	constant pool entry 64	50000093
	constant pool entry 62	500000fc
	constant pool entry 60	50000185
CLS 50000092 (name=java.util.Collections$SynchronizedSet, trace=300000)
	super		50000093
	constant pool entry 29	50000093
CLS 50000094 (name=java.util.Hashtable$EntrySet, trace=300000)
	super		500000ee
	constant pool entry 47	50000094
	constant pool entry 44	50000159
	constant pool entry 43	500000ee
CLS 50000095 (name=java.nio.charset.CodingErrorAction, trace=300000)
	super		50000185
	static IGNORE	50001398
	static REPLACE	50001397
	static REPORT	50001396
	constant pool entry 19	50000095
	constant pool entry 18	50000185
	constant pool entry 3	50001395
	constant pool entry 2	50001394
	constant pool entry 1	50001393
CLS 50000097 (name=java.nio.charset.CharsetDecoder, trace=300000)
	super		50000185
	static stateNames	5000138e
	constant pool entry 273	5000010b
	constant pool entry 140	50000095
	constant pool entry 139	50000069
	constant pool entry 137	500000cf
	constant pool entry 134	50000073
	constant pool entry 129	50000181
	constant pool entry 128	50000185
	constant pool entry 125	5000017d
	constant pool entry 16	50000097
	constant pool entry 15	5000138d
	constant pool entry 12	5000138c
	constant pool entry 7	5000138b
	constant pool entry 4	5000138a
	constant pool entry 3	50001389
	constant pool entry 2	50001388
CLS 50000096 (name=sun.nio.cs.ext.DoubleByte$Decoder, trace=300000)
	super		50000097
	constant pool entry 68	50000096
	constant pool entry 64	50000069
	constant pool entry 63	50000097
	constant pool entry 62	5000006b
	constant pool entry 61	50000073
	constant pool entry 59	50000181
CLS 50000098 (name=sun.nio.cs.ArrayDecoder, trace=300000)
CLS 50000099 (name=sun.nio.cs.ext.DelegatableDecoder, trace=300000)
CLS 5000009a (name=sun.nio.cs.ext.DoubleByte, trace=300000)
	super		50000185
	static B2C_UNMAPPABLE	500018dd
	constant pool entry 48	5000010b
	constant pool entry 22	5000009a
	constant pool entry 21	500000b5
CLS 5000009b (name=java.lang.StringCoding$StringDecoder, trace=300000)
	super		50000185
	constant pool entry 143	5000010b
	constant pool entry 71	50000098
	constant pool entry 70	50000095
	constant pool entry 68	50000097
	constant pool entry 67	500000cf
	constant pool entry 63	5000009b
	constant pool entry 61	500000a1
	constant pool entry 59	50000185
	constant pool entry 57	5000017d
CLS 5000009c (name=java.lang.ThreadLocal$ThreadLocalMap$Entry[], trace=300000)
	super		50000185
CLS 5000009d (name=java.lang.ref.WeakReference[], trace=300000)
	super		50000185
CLS 5000009e (name=java.lang.ref.Reference[], trace=300000)
	super		50000185
CLS 5000009f (name=java.lang.ThreadLocal$ThreadLocalMap$Entry, trace=300000)
	super		50000164
	constant pool entry 15	50000164
	constant pool entry 14	5000009f
CLS 500000a0 (name=java.lang.ThreadLocal$ThreadLocalMap, trace=300000)
	super		50000185
	constant pool entry 121	5000010b
	constant pool entry 54	5000009f
	constant pool entry 53	500000a0
	constant pool entry 51	500000c7
	constant pool entry 50	50000185
CLS 500000a1 (name=java.lang.StringCoding, trace=300000)
	super		50000185
	static decoder	500026f6
	static encoder	500026f5
	constant pool entry 134	500000b5
	constant pool entry 127	500000cf
	constant pool entry 123	50000165
	constant pool entry 122	500000c7
	constant pool entry 120	50000059
	constant pool entry 119	5000009b
	constant pool entry 117	500000a1
	constant pool entry 115	50000181
CLS 500000a2 (name=char[][], trace=300000)
	super		50000185
CLS 500000a3 (name=java.lang.Cloneable[], trace=300000)
	super		50000185
CLS 500000a4 (name=sun.nio.cs.ext.GBK, trace=300000)
	super		500000cf
	static b2cSBStr	500017da
	static b2cStr	5000185d
	static b2c	5000185c
	static b2cSB	5000185b
	static c2b	5000185a
	static c2bIndex	50001859
	constant pool entry 362	5000010b
	constant pool entry 307	500000a4
	constant pool entry 306	500000b1
	constant pool entry 305	50000074
	constant pool entry 304	50000096
	constant pool entry 303	5000009a
	constant pool entry 301	500000cf
	constant pool entry 299	50000181
	constant pool entry 297	5000018c
	constant pool entry 129	50001858
	constant pool entry 128	50001857
	constant pool entry 127	50001856
	constant pool entry 126	50001855
	constant pool entry 125	50001854
	constant pool entry 124	50001853
	constant pool entry 123	50001852
	constant pool entry 122	50001851
	constant pool entry 121	50001850
	constant pool entry 120	5000184f
	constant pool entry 119	5000184e
	constant pool entry 118	5000184d
	constant pool entry 117	5000184c
	constant pool entry 116	5000184b
	constant pool entry 115	5000184a
	constant pool entry 114	50001849
	constant pool entry 113	50001848
	constant pool entry 112	50001847
	constant pool entry 111	50001846
	constant pool entry 110	50001845
	constant pool entry 109	50001844
	constant pool entry 108	50001843
	constant pool entry 107	50001842
	constant pool entry 106	50001841
	constant pool entry 105	50001840
	constant pool entry 104	5000183f
	constant pool entry 103	5000183e
	constant pool entry 102	5000183d
	constant pool entry 101	5000183c
	constant pool entry 100	5000183b
	constant pool entry 99	5000183a
	constant pool entry 98	50001839
	constant pool entry 97	50001838
	constant pool entry 96	50001837
	constant pool entry 95	50001836
	constant pool entry 94	50001835
	constant pool entry 93	50001834
	constant pool entry 92	50001833
	constant pool entry 91	50001832
	constant pool entry 90	50001831
	constant pool entry 89	50001830
	constant pool entry 88	5000182f
	constant pool entry 87	5000182e
	constant pool entry 86	5000182d
	constant pool entry 85	5000182c
	constant pool entry 84	5000182b
	constant pool entry 83	5000182a
	constant pool entry 82	50001829
	constant pool entry 81	50001828
	constant pool entry 80	50001827
	constant pool entry 79	50001826
	constant pool entry 78	50001825
	constant pool entry 77	50001824
	constant pool entry 76	50001823
	constant pool entry 75	50001822
	constant pool entry 74	50001821
	constant pool entry 73	50001820
	constant pool entry 72	5000181f
	constant pool entry 71	5000181e
	constant pool entry 70	5000181d
	constant pool entry 69	5000181c
	constant pool entry 68	5000181b
	constant pool entry 67	5000181a
	constant pool entry 66	50001819
	constant pool entry 65	50001818
	constant pool entry 64	50001817
	constant pool entry 63	50001816
	constant pool entry 62	50001815
	constant pool entry 61	50001814
	constant pool entry 60	50001813
	constant pool entry 59	50001812
	constant pool entry 58	50001811
	constant pool entry 57	50001810
	constant pool entry 56	5000180f
	constant pool entry 55	5000180e
	constant pool entry 54	5000180d
	constant pool entry 53	5000180c
	constant pool entry 52	5000180b
	constant pool entry 51	5000180a
	constant pool entry 50	50001809
	constant pool entry 49	50001808
	constant pool entry 48	50001807
	constant pool entry 47	50001806
	constant pool entry 46	50001805
	constant pool entry 45	50001804
	constant pool entry 44	50001803
	constant pool entry 43	50001802
	constant pool entry 42	50001801
	constant pool entry 41	50001800
	constant pool entry 40	500017ff
	constant pool entry 39	500017fe
	constant pool entry 38	500017fd
	constant pool entry 37	500017fc
	constant pool entry 36	500017fb
	constant pool entry 35	500017fa
	constant pool entry 34	500017f9
	constant pool entry 33	500017f8
	constant pool entry 32	500017f7
	constant pool entry 31	500017f6
	constant pool entry 30	500017f5
	constant pool entry 29	500017f4
	constant pool entry 28	500017f3
	constant pool entry 27	500017f2
	constant pool entry 26	500017f1
	constant pool entry 25	500017f0
	constant pool entry 24	500017ef
	constant pool entry 23	500017ee
	constant pool entry 22	500017ed
	constant pool entry 21	500017ec
	constant pool entry 20	500017eb
	constant pool entry 19	500017ea
	constant pool entry 18	500017e9
	constant pool entry 17	500017e8
	constant pool entry 16	500017e7
	constant pool entry 15	500017e6
	constant pool entry 14	500017e5
	constant pool entry 13	500017e4
	constant pool entry 12	500017e3
	constant pool entry 11	500017e2
	constant pool entry 10	500017e1
	constant pool entry 9	500017e0
	constant pool entry 8	500017df
	constant pool entry 7	500017de
	constant pool entry 6	500017dd
	constant pool entry 5	500017dc
	constant pool entry 4	500017db
	constant pool entry 2	500017d4
	constant pool entry 1	500017da
CLS 500000a5 (name=sun.nio.cs.HistoricallyNamedCharset, trace=300000)
CLS 500000a6 (name=java.util.TreeMap$Entry, trace=300000)
	super		50000185
	constant pool entry 47	500000a6
	constant pool entry 42	50000185
CLS 500000a7 (name=sun.misc.ASCIICaseInsensitiveComparator, trace=300000)
	super		50000185
	static CASE_INSENSITIVE_ORDER	50001c48
	constant pool entry 36	50000181
	constant pool entry 35	50000185
	constant pool entry 34	5000017d
	constant pool entry 1	500000a7
CLS 500000a8 (name=java.util.TreeMap, trace=300000)
	super		500000eb
	static UNBOUNDED	50001db5
	constant pool entry 218	500000a6
	constant pool entry 213	500000a8
	constant pool entry 211	500000aa
	constant pool entry 204	5000015b
	constant pool entry 201	5000010d
	constant pool entry 198	500000eb
	constant pool entry 197	50000185
CLS 500000a9 (name=java.util.NavigableMap, trace=300000)
CLS 500000aa (name=java.util.SortedMap, trace=300000)
CLS 50000150 (name=sun.reflect.MagicAccessorImpl, trace=300000)
	super		50000185
	constant pool entry 6	50000185
CLS 5000014c (name=sun.reflect.ConstructorAccessorImpl, trace=300000)
	super		50000150
	constant pool entry 18	50000150
CLS 500000ab (name=sun.reflect.DelegatingConstructorAccessorImpl, trace=300000)
	super		5000014c
	constant pool entry 18	500000ab
	constant pool entry 17	5000014c
CLS 500000ac (name=sun.reflect.NativeConstructorAccessorImpl, trace=300000)
	super		5000014c
	constant pool entry 42	500000f5
	constant pool entry 41	500000ac
	constant pool entry 38	5000014c
CLS 500000ad (name=sun.reflect.ReflectionFactory$1, trace=300000)
	super		50000185
	constant pool entry 49	500000ad
	constant pool entry 48	500000f5
	constant pool entry 46	5000017a
	constant pool entry 43	50000185
	constant pool entry 3	500026e8
	constant pool entry 2	500026e7
CLS 500000ae (name=java.lang.Class$1, trace=300000)
	super		50000185
	constant pool entry 23	50000151
	constant pool entry 22	50000185
	constant pool entry 21	500000ae
CLS 500000af (name=java.lang.reflect.Constructor[], trace=300000)
	super		50000185
CLS 500000b0 (name=java.lang.reflect.Executable[], trace=300000)
	super		50000185
CLS 500000ce (name=java.nio.charset.spi.CharsetProvider, trace=300000)
	super		50000185
	constant pool entry 21	5000017a
	constant pool entry 18	50000185
CLS 500000b2 (name=sun.nio.cs.AbstractCharsetProvider, trace=300000)
	super		500000ce
	constant pool entry 86	500000a7
	constant pool entry 85	500000a8
	constant pool entry 84	5000015b
	constant pool entry 82	500000ce
	constant pool entry 81	500000cf
	constant pool entry 80	50000165
	constant pool entry 78	50000135
	constant pool entry 77	50000181
	constant pool entry 76	50000185
	constant pool entry 72	5000017d
	constant pool entry 70	500000db
	constant pool entry 3	500000b2
	constant pool entry 1	50001351
CLS 500000b1 (name=sun.nio.cs.ext.ExtendedCharsets, trace=300000)
	super		500000b2
	static instance	50001c42
	constant pool entry 1580	5000010b
	constant pool entry 1542	50000064
	constant pool entry 1541	500000b1
	constant pool entry 1540	500000b2
	constant pool entry 1539	500000d4
	constant pool entry 1538	50000103
	constant pool entry 1537	50000181
	constant pool entry 1530	50001c41
	constant pool entry 1529	50001c40
	constant pool entry 1528	50001c3f
	constant pool entry 1527	50001c3e
	constant pool entry 1526	50001c3d
	constant pool entry 1525	50001c3c
	constant pool entry 1524	50001c3b
	constant pool entry 1523	50001c3a
	constant pool entry 1522	50001c39
	constant pool entry 1521	50001c38
	constant pool entry 1520	50001c37
	constant pool entry 1519	50001c36
	constant pool entry 1518	50001c35
	constant pool entry 1517	50001c34
	constant pool entry 1516	50001c33
	constant pool entry 1515	50001c32
	constant pool entry 1514	50001c31
	constant pool entry 1513	50001c30
	constant pool entry 1512	50001c2f
	constant pool entry 1511	50001c2e
	constant pool entry 1510	50001c2d
	constant pool entry 1509	50001c2c
	constant pool entry 1508	50001c2b
	constant pool entry 1507	50001c2a
	constant pool entry 1506	50001c29
	constant pool entry 1505	50001c28
	constant pool entry 1504	50001c27
	constant pool entry 1503	50001c26
	constant pool entry 1502	50001c25
	constant pool entry 1501	50001c24
	constant pool entry 1500	50001c23
	constant pool entry 1499	50001c22
	constant pool entry 1498	50001c21
	constant pool entry 1497	50001c20
	constant pool entry 1496	50001c1f
	constant pool entry 1495	50001c1e
	constant pool entry 1494	50001c1d
	constant pool entry 1493	50001c1c
	constant pool entry 1492	50001c1b
	constant pool entry 1491	50001c1a
	constant pool entry 1490	50001c19
	constant pool entry 1489	50001c18
	constant pool entry 1488	50001c17
	constant pool entry 1487	50001c16
	constant pool entry 1486	50001c15
	constant pool entry 1485	50001c14
	constant pool entry 1484	50001c13
	constant pool entry 1483	50001c12
	constant pool entry 1482	50001c11
	constant pool entry 1480	50001c10
	constant pool entry 1479	50001c0f
	constant pool entry 1477	50001c0e
	constant pool entry 1476	50001c0d
	constant pool entry 1475	50001c0c
	constant pool entry 1474	50001c0b
	constant pool entry 1473	50001c0a
	constant pool entry 1472	50001c09
	constant pool entry 1471	50001c08
	constant pool entry 1470	50001c07
	constant pool entry 1469	50001c06
	constant pool entry 1468	50001c05
	constant pool entry 1467	50001c04
	constant pool entry 1466	50001c03
	constant pool entry 1465	50001c02
	constant pool entry 1464	50001c01
	constant pool entry 1463	50001c00
	constant pool entry 1462	50001bff
	constant pool entry 1461	50001bfe
	constant pool entry 1460	50001bfd
	constant pool entry 1459	50001bfc
	constant pool entry 1458	50001bfb
	constant pool entry 1457	50001bfa
	constant pool entry 1456	50001bf9
	constant pool entry 1455	50001bf8
	constant pool entry 1454	50001bf7
	constant pool entry 1453	50001bf6
	constant pool entry 1452	50001bf5
	constant pool entry 1451	50001bf4
	constant pool entry 1450	50001bf3
	constant pool entry 1449	50001bf2
	constant pool entry 1448	50001bf1
	constant pool entry 1447	50001bf0
	constant pool entry 1446	50001bef
	constant pool entry 1445	50001bee
	constant pool entry 1444	50001bed
	constant pool entry 1443	50001bec
	constant pool entry 1442	50001beb
	constant pool entry 1441	50001bea
	constant pool entry 1440	50001be9
	constant pool entry 1439	50001be8
	constant pool entry 1438	50001be7
	constant pool entry 1437	50001be6
	constant pool entry 1436	50001be5
	constant pool entry 1435	50001be4
	constant pool entry 1434	50001be3
	constant pool entry 1433	50001be2
	constant pool entry 1432	50001be1
	constant pool entry 1431	50001be0
	constant pool entry 1430	50001bdf
	constant pool entry 1429	50001bde
	constant pool entry 1428	50001bdd
	constant pool entry 1427	50001bdc
	constant pool entry 1426	50001bdb
	constant pool entry 1425	50001bda
	constant pool entry 1424	50001bd9
	constant pool entry 1423	50001bd8
	constant pool entry 1422	50001bd7
	constant pool entry 1421	50001bd6
	constant pool entry 1420	50001bd5
	constant pool entry 1419	50001bd4
	constant pool entry 1418	50001bd3
	constant pool entry 1417	50001bd2
	constant pool entry 1416	50001bd1
	constant pool entry 1415	50001bd0
	constant pool entry 1414	50001bcf
	constant pool entry 1413	50001bce
	constant pool entry 1412	50001bcd
	constant pool entry 1411	50001bcc
	constant pool entry 1410	50001bcb
	constant pool entry 1409	50001bca
	constant pool entry 1408	50001bc9
	constant pool entry 1407	50001bc8
	constant pool entry 1406	50001bc7
	constant pool entry 1405	50001bc6
	constant pool entry 1404	50001bc5
	constant pool entry 1403	50001bc4
	constant pool entry 1402	50001bc3
	constant pool entry 1401	50001bc2
	constant pool entry 1400	50001bc1
	constant pool entry 1399	50001bc0
	constant pool entry 1398	50001bbf
	constant pool entry 1397	50001bbe
	constant pool entry 1396	50001bbd
	constant pool entry 1395	50001bbc
	constant pool entry 1394	50001bbb
	constant pool entry 1393	50001bba
	constant pool entry 1392	50001bb9
	constant pool entry 1391	50001bb8
	constant pool entry 1390	50001bb7
	constant pool entry 1389	50001bb6
	constant pool entry 1388	50001bb5
	constant pool entry 1387	50001bb4
	constant pool entry 1386	50001bb3
	constant pool entry 1385	50001bb2
	constant pool entry 1384	50001bb1
	constant pool entry 1383	50001bb0
	constant pool entry 1382	50001baf
	constant pool entry 1381	50001bae
	constant pool entry 1380	50001bad
	constant pool entry 1379	50001bac
	constant pool entry 1378	50001bab
	constant pool entry 1377	50001baa
	constant pool entry 1376	50001ba9
	constant pool entry 1375	50001ba8
	constant pool entry 1374	50001ba7
	constant pool entry 1373	50001ba6
	constant pool entry 1372	50001ba5
	constant pool entry 1371	50001ba4
	constant pool entry 1370	50001ba3
	constant pool entry 1369	50001ba2
	constant pool entry 1368	50001ba1
	constant pool entry 1367	50001ba0
	constant pool entry 1366	50001b9f
	constant pool entry 1365	50001b9e
	constant pool entry 1364	50001b9d
	constant pool entry 1363	50001b9c
	constant pool entry 1362	50001b9b
	constant pool entry 1361	50001b9a
	constant pool entry 1360	50001b99
	constant pool entry 1359	50001b98
	constant pool entry 1358	50001b97
	constant pool entry 1357	50001b96
	constant pool entry 1356	50001b95
	constant pool entry 1355	50001b94
	constant pool entry 1354	50001b93
	constant pool entry 1353	50001b92
	constant pool entry 1352	50001b91
	constant pool entry 1351	50001b90
	constant pool entry 1350	50001b8f
	constant pool entry 1349	50001b8e
	constant pool entry 1348	50001b8d
	constant pool entry 1347	50001b8c
	constant pool entry 1346	50001b8b
	constant pool entry 1345	50001b8a
	constant pool entry 1344	50001b89
	constant pool entry 1343	50001b88
	constant pool entry 1342	50001b87
	constant pool entry 1341	50001b86
	constant pool entry 1340	50001b85
	constant pool entry 1339	50001b84
	constant pool entry 1338	50001b83
	constant pool entry 1337	50001b82
	constant pool entry 1336	50001b81
	constant pool entry 1335	50001b80
	constant pool entry 1334	50001b7f
	constant pool entry 1333	50001b7e
	constant pool entry 1332	50001b7d
	constant pool entry 1331	50001b7c
	constant pool entry 1330	50001b7b
	constant pool entry 1329	50001b7a
	constant pool entry 1328	50001b79
	constant pool entry 1327	50001b78
	constant pool entry 1326	50001b77
	constant pool entry 1325	50001b76
	constant pool entry 1324	50001b75
	constant pool entry 1323	50001b74
	constant pool entry 1322	50001b73
	constant pool entry 1321	50001b72
	constant pool entry 1320	50001b71
	constant pool entry 1319	50001b70
	constant pool entry 1318	50001b6f
	constant pool entry 1317	50001b6e
	constant pool entry 1316	50001b6d
	constant pool entry 1315	50001b6c
	constant pool entry 1314	50001b6b
	constant pool entry 1313	50001b6a
	constant pool entry 1312	50001b69
	constant pool entry 1311	50001b68
	constant pool entry 1310	50001b67
	constant pool entry 1309	50001b66
	constant pool entry 1308	50001b65
	constant pool entry 1307	50001b64
	constant pool entry 1306	50001b63
	constant pool entry 1305	50001b62
	constant pool entry 1304	50001b61
	constant pool entry 1303	50001b60
	constant pool entry 1302	50001b5f
	constant pool entry 1301	50001b5e
	constant pool entry 1300	50001b5d
	constant pool entry 1299	50001b5c
	constant pool entry 1298	50001b5b
	constant pool entry 1297	50001b5a
	constant pool entry 1296	50001b59
	constant pool entry 1295	50001b58
	constant pool entry 1294	50001b57
	constant pool entry 1293	50001b56
	constant pool entry 1292	50001b55
	constant pool entry 1291	50001b54
	constant pool entry 1290	50001b53
	constant pool entry 1289	50001b52
	constant pool entry 1288	50001b51
	constant pool entry 1287	50001b50
	constant pool entry 1286	50001b4f
	constant pool entry 1285	50001b4e
	constant pool entry 1284	50001b4d
	constant pool entry 1283	50001b4c
	constant pool entry 1282	50001b4b
	constant pool entry 1281	50001b4a
	constant pool entry 1280	50001b49
	constant pool entry 1279	50001b48
	constant pool entry 1278	50001b47
	constant pool entry 1277	50001b46
	constant pool entry 1276	50001b45
	constant pool entry 1275	50001b44
	constant pool entry 1274	50001b43
	constant pool entry 1273	50001b42
	constant pool entry 1272	50001b41
	constant pool entry 1271	50001b40
	constant pool entry 1270	50001b3f
	constant pool entry 1269	50001b3e
	constant pool entry 1268	50001b3d
	constant pool entry 1267	50001b3c
	constant pool entry 1266	50001b3b
	constant pool entry 1265	50001b3a
	constant pool entry 1264	50001b39
	constant pool entry 1263	50001b38
	constant pool entry 1262	50001b37
	constant pool entry 1261	50001b36
	constant pool entry 1260	50001b35
	constant pool entry 1259	50001b34
	constant pool entry 1258	50001b33
	constant pool entry 1257	50001b32
	constant pool entry 1256	50001b31
	constant pool entry 1255	50001b30
	constant pool entry 1254	50001b2f
	constant pool entry 1253	50001b2e
	constant pool entry 1252	50001b2d
	constant pool entry 1251	50001b2c
	constant pool entry 1250	50001b2b
	constant pool entry 1249	50001b2a
	constant pool entry 1248	50001b29
	constant pool entry 1247	50001b28
	constant pool entry 1246	50001b27
	constant pool entry 1245	50001b26
	constant pool entry 1244	50001b25
	constant pool entry 1243	50001b24
	constant pool entry 1242	50001b23
	constant pool entry 1241	50001b22
	constant pool entry 1240	50001b21
	constant pool entry 1239	50001b20
	constant pool entry 1238	50001b1f
	constant pool entry 1237	50001b1e
	constant pool entry 1236	50001b1d
	constant pool entry 1235	50001b1c
	constant pool entry 1234	50001b1b
	constant pool entry 1233	50001b1a
	constant pool entry 1232	50001b19
	constant pool entry 1231	50001b18
	constant pool entry 1230	50001b17
	constant pool entry 1229	50001b16
	constant pool entry 1228	50001b15
	constant pool entry 1227	50001b14
	constant pool entry 1226	50001b13
	constant pool entry 1225	50001b12
	constant pool entry 1224	50001b11
	constant pool entry 1223	50001b10
	constant pool entry 1222	50001b0f
	constant pool entry 1221	50001b0e
	constant pool entry 1220	50001b0d
	constant pool entry 1219	50001b0c
	constant pool entry 1218	50001b0b
	constant pool entry 1217	50001b0a
	constant pool entry 1216	50001b09
	constant pool entry 1215	50001b08
	constant pool entry 1214	50001b07
	constant pool entry 1213	50001b06
	constant pool entry 1212	50001b05
	constant pool entry 1211	50001b04
	constant pool entry 1210	50001b03
	constant pool entry 1209	50001b02
	constant pool entry 1208	50001b01
	constant pool entry 1207	50001b00
	constant pool entry 1206	50001aff
	constant pool entry 1205	50001afe
	constant pool entry 1203	50001afd
	constant pool entry 1202	50001afc
	constant pool entry 1201	50001afb
	constant pool entry 1200	50001afa
	constant pool entry 1199	50001af9
	constant pool entry 1198	50001af8
	constant pool entry 1197	50001af7
	constant pool entry 1196	50001af6
	constant pool entry 1195	50001af5
	constant pool entry 1194	50001af4
	constant pool entry 1193	50001af3
	constant pool entry 1192	50001af2
	constant pool entry 1191	50001af1
	constant pool entry 1190	50001af0
	constant pool entry 1189	50001aef
	constant pool entry 1188	50001aee
	constant pool entry 1187	50001aed
	constant pool entry 1186	50001aec
	constant pool entry 1185	50001aeb
	constant pool entry 1184	50001aea
	constant pool entry 1183	50001ae9
	constant pool entry 1182	50001ae8
	constant pool entry 1181	50001ae7
	constant pool entry 1180	50001ae6
	constant pool entry 1179	50001ae5
	constant pool entry 1178	50001ae4
	constant pool entry 1177	50001ae3
	constant pool entry 1176	50001ae2
	constant pool entry 1175	50001ae1
	constant pool entry 1174	50001ae0
	constant pool entry 1173	50001adf
	constant pool entry 1172	50001ade
	constant pool entry 1171	50001add
	constant pool entry 1170	50001adc
	constant pool entry 1169	50001adb
	constant pool entry 1168	50001ada
	constant pool entry 1167	50001ad9
	constant pool entry 1166	50001ad8
	constant pool entry 1165	50001ad7
	constant pool entry 1164	50001ad6
	constant pool entry 1163	50001ad5
	constant pool entry 1162	50001ad4
	constant pool entry 1161	50001ad3
	constant pool entry 1160	50001ad2
	constant pool entry 1159	50001ad1
	constant pool entry 1158	50001ad0
	constant pool entry 1157	50001acf
	constant pool entry 1156	50001ace
	constant pool entry 1155	50001acd
	constant pool entry 1154	50001acc
	constant pool entry 1153	50001acb
	constant pool entry 1152	50001aca
	constant pool entry 1151	50001ac9
	constant pool entry 1150	50001ac8
	constant pool entry 1149	50001ac7
	constant pool entry 1148	50001ac6
	constant pool entry 1147	50001ac5
	constant pool entry 1146	50001ac4
	constant pool entry 1145	50001ac3
	constant pool entry 1144	50001ac2
	constant pool entry 1143	50001ac1
	constant pool entry 1142	50001ac0
	constant pool entry 1141	50001abf
	constant pool entry 1140	50001abe
	constant pool entry 1139	50001abd
	constant pool entry 1138	50001abc
	constant pool entry 1137	50001abb
	constant pool entry 1136	50001aba
	constant pool entry 1135	50001ab9
	constant pool entry 1134	50001ab8
	constant pool entry 1133	50001ab7
	constant pool entry 1132	50001ab6
	constant pool entry 1131	50001ab5
	constant pool entry 1130	50001ab4
	constant pool entry 1129	50001ab3
	constant pool entry 1128	50001ab2
	constant pool entry 1127	50001ab1
	constant pool entry 1126	50001ab0
	constant pool entry 1125	50001aaf
	constant pool entry 1124	50001aae
	constant pool entry 1123	50001aad
	constant pool entry 1122	50001aac
	constant pool entry 1121	50001aab
	constant pool entry 1120	50001aaa
	constant pool entry 1119	50001aa9
	constant pool entry 1118	50001aa8
	constant pool entry 1117	50001aa7
	constant pool entry 1116	50001aa6
	constant pool entry 1115	50001aa5
	constant pool entry 1114	50001aa4
	constant pool entry 1113	50001aa3
	constant pool entry 1112	50001aa2
	constant pool entry 1111	50001aa1
	constant pool entry 1110	50001aa0
	constant pool entry 1109	50001a9f
	constant pool entry 1108	50001a9e
	constant pool entry 1107	50001a9d
	constant pool entry 1106	50001a9c
	constant pool entry 1105	50001a9b
	constant pool entry 1103	50001a9a
	constant pool entry 1102	50001a99
	constant pool entry 1101	50001a98
	constant pool entry 1100	50001a97
	constant pool entry 1099	50001a96
	constant pool entry 1098	50001a95
	constant pool entry 1097	50001a94
	constant pool entry 1096	50001a93
	constant pool entry 1095	50001a92
	constant pool entry 1094	50001a91
	constant pool entry 1093	50001a90
	constant pool entry 1092	50001a8f
	constant pool entry 1091	50001a8e
	constant pool entry 1090	50001a8d
	constant pool entry 1089	50001a8c
	constant pool entry 1088	50001a8b
	constant pool entry 1087	50001a8a
	constant pool entry 1086	50001a89
	constant pool entry 1085	50001a88
	constant pool entry 1084	50001a87
	constant pool entry 1083	50001a86
	constant pool entry 1082	50001a85
	constant pool entry 1081	50001a84
	constant pool entry 1080	50001a83
	constant pool entry 1079	50001a82
	constant pool entry 1078	50001a81
	constant pool entry 1077	50001a80
	constant pool entry 1076	50001a7f
	constant pool entry 1075	50001a7e
	constant pool entry 1074	50001a7d
	constant pool entry 1073	50001a7c
	constant pool entry 1072	50001a7b
	constant pool entry 1071	50001a7a
	constant pool entry 1070	50001a79
	constant pool entry 1069	50001a78
	constant pool entry 1068	50001a77
	constant pool entry 1067	50001a76
	constant pool entry 1066	50001a75
	constant pool entry 1065	50001a74
	constant pool entry 1064	50001a73
	constant pool entry 1063	50001a72
	constant pool entry 1062	50001a71
	constant pool entry 1061	50001a70
	constant pool entry 1060	50001a6f
	constant pool entry 1059	50001a6e
	constant pool entry 1058	50001a6d
	constant pool entry 1057	50001a6c
	constant pool entry 1056	50001a6b
	constant pool entry 1055	50001a6a
	constant pool entry 1054	50001a69
	constant pool entry 1053	50001a68
	constant pool entry 1052	50001a67
	constant pool entry 1051	50001a66
	constant pool entry 1050	50001a65
	constant pool entry 1049	50001a64
	constant pool entry 1048	50001a63
	constant pool entry 1047	50001a62
	constant pool entry 1046	50001a61
	constant pool entry 1045	50001a60
	constant pool entry 1044	50001a5f
	constant pool entry 1043	50001a5e
	constant pool entry 1042	50001a5d
	constant pool entry 1041	50001a5c
	constant pool entry 1040	50001a5b
	constant pool entry 1039	50001a5a
	constant pool entry 1038	50001a59
	constant pool entry 1037	50001a58
	constant pool entry 1036	50001a57
	constant pool entry 1035	50001a56
	constant pool entry 1034	50001a55
	constant pool entry 1033	50001a54
	constant pool entry 251	50001a53
	constant pool entry 250	50001a52
	constant pool entry 249	50001a51
	constant pool entry 248	50001a50
	constant pool entry 247	50001a4f
	constant pool entry 246	50001a4e
	constant pool entry 245	50001a4d
	constant pool entry 244	50001a4c
	constant pool entry 243	50001a4b
	constant pool entry 242	50001a4a
	constant pool entry 241	50001a49
	constant pool entry 240	50001a48
	constant pool entry 239	50001a47
	constant pool entry 238	50001a46
	constant pool entry 237	50001a45
	constant pool entry 236	50001a44
	constant pool entry 235	50001a43
	constant pool entry 234	50001a42
	constant pool entry 233	50001a41
	constant pool entry 232	50001a40
	constant pool entry 231	50001a3f
	constant pool entry 230	50001a3e
	constant pool entry 229	50001a3d
	constant pool entry 228	50001a3c
	constant pool entry 227	50001a3b
	constant pool entry 226	50001a3a
	constant pool entry 225	50001a39
	constant pool entry 224	50001a38
	constant pool entry 223	50001a37
	constant pool entry 222	50001a36
	constant pool entry 221	50001a35
	constant pool entry 220	50001a34
	constant pool entry 219	50001a33
	constant pool entry 218	50001a32
	constant pool entry 217	50001a31
	constant pool entry 216	500017d6
	constant pool entry 215	50001a30
	constant pool entry 214	50001a2f
	constant pool entry 213	50001a2e
	constant pool entry 212	50001a2d
	constant pool entry 211	50001a2c
	constant pool entry 210	50001a2b
	constant pool entry 209	50001a2a
	constant pool entry 208	50001a29
	constant pool entry 207	50001a28
	constant pool entry 206	50001a27
	constant pool entry 205	50001a26
	constant pool entry 204	50001a25
	constant pool entry 203	50001a24
	constant pool entry 202	50001a23
	constant pool entry 201	50001a22
	constant pool entry 200	50001a21
	constant pool entry 199	50001a20
	constant pool entry 198	50001a1f
	constant pool entry 197	50001a1e
	constant pool entry 196	50001a1d
	constant pool entry 195	50001a1c
	constant pool entry 194	50001a1b
	constant pool entry 193	50001a1a
	constant pool entry 192	50001a19
	constant pool entry 191	50001a18
	constant pool entry 190	50001a17
	constant pool entry 189	50001a16
	constant pool entry 188	50001a15
	constant pool entry 187	50001a14
	constant pool entry 186	50001a13
	constant pool entry 185	50001a12
	constant pool entry 184	50001a11
	constant pool entry 183	50001a10
	constant pool entry 182	50001a0f
	constant pool entry 181	50001a0e
	constant pool entry 180	50001a0d
	constant pool entry 179	50001a0c
	constant pool entry 178	50001a0b
	constant pool entry 177	50001a0a
	constant pool entry 176	50001a09
	constant pool entry 175	50001a08
	constant pool entry 174	50001a07
	constant pool entry 173	50001a06
	constant pool entry 172	50001a05
	constant pool entry 171	50001a04
	constant pool entry 170	50001a03
	constant pool entry 169	50001a02
	constant pool entry 168	50001a01
	constant pool entry 167	50001a00
	constant pool entry 166	500019ff
	constant pool entry 165	500019fe
	constant pool entry 164	500019fd
	constant pool entry 163	500019fc
	constant pool entry 162	500019fb
	constant pool entry 161	500019fa
	constant pool entry 160	500019f9
	constant pool entry 159	500019f8
	constant pool entry 158	500019f7
	constant pool entry 157	500019f6
	constant pool entry 156	500019f5
	constant pool entry 155	500019f4
	constant pool entry 154	500019f3
	constant pool entry 153	500019f2
	constant pool entry 152	500019f1
	constant pool entry 151	500019f0
	constant pool entry 150	500019ef
	constant pool entry 149	500019ee
	constant pool entry 148	500019ed
	constant pool entry 147	500019ec
	constant pool entry 146	500019eb
	constant pool entry 145	500019ea
	constant pool entry 144	500019e9
	constant pool entry 143	500019e8
	constant pool entry 142	500019e7
	constant pool entry 141	500019e6
	constant pool entry 140	500019e5
	constant pool entry 139	500019e4
	constant pool entry 138	500019e3
	constant pool entry 137	500019e2
	constant pool entry 136	500019e1
	constant pool entry 135	500019e0
	constant pool entry 134	500019df
	constant pool entry 133	500019de
	constant pool entry 132	500019dd
	constant pool entry 131	500019dc
	constant pool entry 130	500019db
	constant pool entry 129	500019da
	constant pool entry 128	500019d9
	constant pool entry 127	500019d8
	constant pool entry 126	500019d7
	constant pool entry 125	500019d6
	constant pool entry 124	500019d5
	constant pool entry 123	500019d4
	constant pool entry 122	500019d3
	constant pool entry 121	500019d2
	constant pool entry 120	500019d1
	constant pool entry 119	500019d0
	constant pool entry 118	500019cf
	constant pool entry 117	500019ce
	constant pool entry 116	500019cd
	constant pool entry 115	500019cc
	constant pool entry 114	500019cb
	constant pool entry 113	500019ca
	constant pool entry 112	500019c9
	constant pool entry 111	500019c8
	constant pool entry 110	500019c7
	constant pool entry 109	500019c6
	constant pool entry 108	500019c5
	constant pool entry 107	500019c4
	constant pool entry 106	500019c3
	constant pool entry 105	500019c2
	constant pool entry 104	500019c1
	constant pool entry 103	500019c0
	constant pool entry 102	500019bf
	constant pool entry 101	500019be
	constant pool entry 100	500019bd
	constant pool entry 99	500019bc
	constant pool entry 98	500019bb
	constant pool entry 97	500019ba
	constant pool entry 96	500019b9
	constant pool entry 95	500019b8
	constant pool entry 94	500019b7
	constant pool entry 93	500019b6
	constant pool entry 92	500019b5
	constant pool entry 91	500019b4
	constant pool entry 90	500019b3
	constant pool entry 89	500019b2
	constant pool entry 88	500019b1
	constant pool entry 87	500019b0
	constant pool entry 86	500019af
	constant pool entry 85	500019ae
	constant pool entry 84	500019ad
	constant pool entry 83	500019ac
	constant pool entry 82	500019ab
	constant pool entry 81	500019aa
	constant pool entry 80	500019a9
	constant pool entry 79	500019a8
	constant pool entry 78	500019a7
	constant pool entry 77	500019a6
	constant pool entry 76	500019a5
	constant pool entry 75	500019a4
	constant pool entry 74	500019a3
	constant pool entry 73	500019a2
	constant pool entry 72	500019a1
	constant pool entry 71	500019a0
	constant pool entry 70	5000199f
	constant pool entry 69	5000199e
	constant pool entry 68	5000199d
	constant pool entry 67	5000199c
	constant pool entry 66	5000199b
	constant pool entry 65	5000199a
	constant pool entry 64	50001999
	constant pool entry 63	50001998
	constant pool entry 62	50001997
	constant pool entry 61	50001996
	constant pool entry 60	50001995
	constant pool entry 59	50001994
	constant pool entry 58	50001993
	constant pool entry 57	50001992
	constant pool entry 56	50001991
	constant pool entry 55	50001990
	constant pool entry 54	5000198f
	constant pool entry 53	5000198e
	constant pool entry 52	5000198d
	constant pool entry 51	5000198c
	constant pool entry 50	5000198b
	constant pool entry 49	5000198a
	constant pool entry 48	50001989
	constant pool entry 47	50001988
	constant pool entry 46	50001987
	constant pool entry 45	50001986
	constant pool entry 44	50001985
	constant pool entry 43	50001984
	constant pool entry 42	50001983
	constant pool entry 41	50001982
	constant pool entry 40	50001981
	constant pool entry 39	50001980
	constant pool entry 38	5000197f
	constant pool entry 37	5000197e
	constant pool entry 36	5000197d
	constant pool entry 35	5000197c
	constant pool entry 34	5000197b
	constant pool entry 33	5000197a
	constant pool entry 32	50001979
	constant pool entry 31	50001978
	constant pool entry 30	50001977
	constant pool entry 29	500017d4
	constant pool entry 28	50001976
	constant pool entry 27	50001975
	constant pool entry 26	50001974
	constant pool entry 25	50001973
	constant pool entry 24	50001972
	constant pool entry 23	50001971
	constant pool entry 22	50001970
	constant pool entry 21	5000196f
	constant pool entry 20	5000196e
	constant pool entry 19	5000196d
	constant pool entry 18	5000196c
	constant pool entry 17	5000196b
	constant pool entry 16	5000196a
	constant pool entry 15	50001969
	constant pool entry 14	500017d7
	constant pool entry 13	50001968
	constant pool entry 12	50001967
	constant pool entry 11	50001966
	constant pool entry 10	50001965
	constant pool entry 9	50001964
	constant pool entry 8	50001963
	constant pool entry 7	50001962
	constant pool entry 6	50001961
	constant pool entry 5	50001960
	constant pool entry 4	5000195f
	constant pool entry 3	5000195e
	constant pool entry 2	5000195d
	constant pool entry 1	5000195c
CLS 500000b3 (name=java.nio.charset.Charset$ExtendedProviderHolder$1, trace=300000)
	super		50000185
	constant pool entry 39	500000ce
	constant pool entry 38	500000b3
	constant pool entry 34	50000185
	constant pool entry 29	5000017d
	constant pool entry 1	50002355
CLS 500000b4 (name=java.nio.charset.Charset$ExtendedProviderHolder, trace=300000)
	super		50000185
	static extendedProvider	50001c42
	constant pool entry 19	50000103
	constant pool entry 18	500000ce
	constant pool entry 17	500000b3
	constant pool entry 16	500000b4
CLS 500000b5 (name=java.util.Arrays, trace=300000)
	super		50000185
	constant pool entry 798	5000010b
	constant pool entry 298	50000ace
	constant pool entry 292	5000002f
	constant pool entry 288	5000017a
	constant pool entry 285	50000185
	constant pool entry 284	500000d1
	constant pool entry 279	5000017d
	constant pool entry 19	500000b5
	constant pool entry 16	5000011c
	constant pool entry 2	50000f75
CLS 500000b6 (name=java.lang.reflect.ReflectAccess, trace=300000)
	super		50000185
	constant pool entry 39	50000155
	constant pool entry 37	50000151
	constant pool entry 36	50000185
CLS 500000b7 (name=sun.reflect.LangReflectAccess, trace=300000)
CLS 500000b8 (name=java.lang.reflect.Modifier, trace=300000)
	super		50000185
	constant pool entry 127	50000100
	constant pool entry 126	500000f5
	constant pool entry 125	50000103
	constant pool entry 124	500000b6
CLS 500000ba (name=java.util.WeakHashMap, trace=300000)
	super		500000eb
	static NULL_KEY	500024d1
	constant pool entry 318	5000010b
	constant pool entry 145	5000003c
	constant pool entry 139	5000003f
	constant pool entry 137	500000ba
	constant pool entry 128	500000eb
	constant pool entry 127	500000e6
	constant pool entry 124	50000185
	constant pool entry 121	50000122
	constant pool entry 120	5000003e
CLS 500000b9 (name=java.lang.ClassValue$ClassValueMap, trace=300000)
	super		500000ba
CLS 500000bb (name=sun.reflect.annotation.AnnotationType, trace=300000)
	super		50000185
CLS 500000bc (name=java.lang.Class$AnnotationData, trace=300000)
	super		50000185
CLS 500000bf (name=sun.reflect.generics.repository.AbstractRepository, trace=300000)
	super		50000185
CLS 500000be (name=sun.reflect.generics.repository.GenericDeclRepository, trace=300000)
	super		500000bf
CLS 500000bd (name=sun.reflect.generics.repository.ClassRepository, trace=300000)
	super		500000be
CLS 500000c0 (name=java.lang.reflect.Field[], trace=300000)
	super		50000185
CLS 500000c1 (name=java.lang.reflect.Member[], trace=300000)
	super		50000185
CLS 500000c2 (name=java.lang.reflect.AccessibleObject[], trace=300000)
	super		50000185
CLS 500000c3 (name=java.lang.Class$Atomic, trace=300000)
	super		50000185
	static unsafe	50000fac
	constant pool entry 52	50000134
	constant pool entry 46	500000c3
	constant pool entry 6	5000017d
	constant pool entry 5	500026ed
	constant pool entry 4	500026ec
	constant pool entry 3	500026eb
CLS 500000c4 (name=java.lang.Class$ReflectionData, trace=300000)
	super		50000185
	constant pool entry 27	50000185
	constant pool entry 26	500000c4
CLS 500000c5 (name=java.lang.Class$3, trace=300000)
	super		50000185
	constant pool entry 34	5000017a
	constant pool entry 32	50000185
	constant pool entry 31	500000c5
	constant pool entry 30	5000017d
	constant pool entry 1	500026f1
CLS 500000c6 (name=java.util.concurrent.atomic.AtomicInteger, trace=300000)
	super		50000123
	static unsafe	50000fac
	constant pool entry 75	50000134
	constant pool entry 72	50000123
	constant pool entry 68	5000017d
	constant pool entry 2	500000c6
	constant pool entry 1	5000122b
CLS 500000c7 (name=java.lang.ThreadLocal, trace=300000)
	super		50000185
	static nextHashCode	50001387
	constant pool entry 58	500000c6
	constant pool entry 56	5000009f
	constant pool entry 55	500000a0
	constant pool entry 52	500000c7
	constant pool entry 51	5000015e
	constant pool entry 50	50000185
CLS 500000cb (name=sun.util.PreHashedMap, trace=300000)
	super		500000eb
	constant pool entry 91	5000010b
	constant pool entry 47	500000cb
	constant pool entry 44	500000eb
	constant pool entry 42	50000181
	constant pool entry 41	50000185
	constant pool entry 40	5000011c
CLS 500000c8 (name=sun.nio.cs.StandardCharsets$Cache, trace=300000)
	super		500000cb
	constant pool entry 115	5000010b
	constant pool entry 105	500000cb
	constant pool entry 104	500000c8
	constant pool entry 101	50000185
	constant pool entry 39	500013e9
	constant pool entry 38	500013d7
	constant pool entry 37	500013df
	constant pool entry 36	5000141d
	constant pool entry 35	50001415
	constant pool entry 34	50001440
	constant pool entry 33	50001444
	constant pool entry 32	5000144d
	constant pool entry 31	50001450
	constant pool entry 30	5000145b
	constant pool entry 29	5000145e
	constant pool entry 28	5000142d
	constant pool entry 27	500013cb
	constant pool entry 26	50001453
	constant pool entry 25	50001467
	constant pool entry 24	5000146a
	constant pool entry 23	5000143c
	constant pool entry 22	50001447
	constant pool entry 21	50001402
	constant pool entry 20	500013cf
	constant pool entry 19	500013d3
	constant pool entry 18	50001419
	constant pool entry 17	50001420
	constant pool entry 16	50001426
	constant pool entry 15	5000142a
	constant pool entry 14	50001433
	constant pool entry 13	500013f7
	constant pool entry 12	500013ff
	constant pool entry 11	50001436
	constant pool entry 10	50001464
	constant pool entry 9	50001472
	constant pool entry 8	500013e6
	constant pool entry 7	500013f1
	constant pool entry 6	50001408
	constant pool entry 5	50001411
	constant pool entry 4	5000140b
	constant pool entry 3	500013f4
	constant pool entry 2	500013e3
	constant pool entry 1	500013db
CLS 500000c9 (name=sun.nio.cs.StandardCharsets$Classes, trace=300000)
	super		500000cb
	constant pool entry 193	5000010b
	constant pool entry 183	500000cb
	constant pool entry 182	500000c9
	constant pool entry 179	50000185
	constant pool entry 78	500013e9
	constant pool entry 77	500013d7
	constant pool entry 76	500013df
	constant pool entry 75	5000141d
	constant pool entry 74	50001415
	constant pool entry 73	50001440
	constant pool entry 72	50001444
	constant pool entry 71	5000144d
	constant pool entry 70	50001450
	constant pool entry 69	5000145b
	constant pool entry 68	5000145e
	constant pool entry 67	5000142d
	constant pool entry 66	500013cb
	constant pool entry 65	50001453
	constant pool entry 64	50001467
	constant pool entry 63	5000146a
	constant pool entry 62	5000143c
	constant pool entry 61	50001447
	constant pool entry 60	50001402
	constant pool entry 59	500013cf
	constant pool entry 58	500013d3
	constant pool entry 57	50001419
	constant pool entry 56	50001420
	constant pool entry 55	50001426
	constant pool entry 54	5000142a
	constant pool entry 53	50001433
	constant pool entry 52	500013f7
	constant pool entry 51	500013ff
	constant pool entry 50	50001436
	constant pool entry 49	50001464
	constant pool entry 48	50001472
	constant pool entry 47	500013e6
	constant pool entry 46	500013f1
	constant pool entry 45	50001408
	constant pool entry 44	50001411
	constant pool entry 43	5000140b
	constant pool entry 42	500013f4
	constant pool entry 41	500013e3
	constant pool entry 40	500013db
	constant pool entry 39	5000142e
	constant pool entry 38	500013ea
	constant pool entry 37	500013cc
	constant pool entry 36	500013d8
	constant pool entry 35	50001454
	constant pool entry 34	50001468
	constant pool entry 33	500013e0
	constant pool entry 32	5000146b
	constant pool entry 31	5000143d
	constant pool entry 30	50001448
	constant pool entry 29	50001403
	constant pool entry 28	50001441
	constant pool entry 27	50001445
	constant pool entry 26	5000144e
	constant pool entry 25	50001451
	constant pool entry 24	5000145c
	constant pool entry 23	5000145f
	constant pool entry 22	500013d0
	constant pool entry 21	500013d4
	constant pool entry 20	5000141a
	constant pool entry 19	50001421
	constant pool entry 18	50001427
	constant pool entry 17	5000142b
	constant pool entry 16	50001434
	constant pool entry 15	500013f8
	constant pool entry 14	50001400
	constant pool entry 13	50001437
	constant pool entry 12	5000141e
	constant pool entry 11	50001465
	constant pool entry 10	50001473
	constant pool entry 9	500013e4
	constant pool entry 8	500013e7
	constant pool entry 7	500013f2
	constant pool entry 6	50001409
	constant pool entry 5	50001412
	constant pool entry 4	5000140c
	constant pool entry 3	50001416
	constant pool entry 2	500013f5
	constant pool entry 1	500013dc
CLS 500000ca (name=sun.nio.cs.StandardCharsets$Aliases, trace=300000)
	super		500000cb
	constant pool entry 519	5000010b
	constant pool entry 509	500000cb
	constant pool entry 508	500000ca
	constant pool entry 505	50000185
	constant pool entry 241	500013e9
	constant pool entry 240	500015cd
	constant pool entry 239	500013d7
	constant pool entry 238	50001672
	constant pool entry 237	500013df
	constant pool entry 236	500016a8
	constant pool entry 235	5000156b
	constant pool entry 234	5000141d
	constant pool entry 233	50001415
	constant pool entry 232	50001558
	constant pool entry 231	50001440
	constant pool entry 230	50001444
	constant pool entry 229	5000144d
	constant pool entry 228	50001450
	constant pool entry 227	5000145b
	constant pool entry 226	5000145e
	constant pool entry 225	50001696
	constant pool entry 224	50001540
	constant pool entry 223	500015a0
	constant pool entry 222	500015a4
	constant pool entry 221	50001538
	constant pool entry 220	500015e9
	constant pool entry 219	50001694
	constant pool entry 218	5000153e
	constant pool entry 217	50001552
	constant pool entry 216	500015c5
	constant pool entry 215	500015d9
	constant pool entry 214	5000142d
	constant pool entry 213	5000153a
	constant pool entry 212	500013cb
	constant pool entry 211	500015f1
	constant pool entry 210	50001453
	constant pool entry 209	50001467
	constant pool entry 208	5000146a
	constant pool entry 207	5000143c
	constant pool entry 206	50001447
	constant pool entry 205	50001402
	constant pool entry 204	50001598
	constant pool entry 203	50001668
	constant pool entry 202	500016d0
	constant pool entry 201	500015dd
	constant pool entry 200	5000166e
	constant pool entry 199	500016aa
	constant pool entry 198	50001588
	constant pool entry 197	50001567
	constant pool entry 196	500015c3
	constant pool entry 195	500015f5
	constant pool entry 194	500015f9
	constant pool entry 193	500015fb
	constant pool entry 192	500015fd
	constant pool entry 191	500015ff
	constant pool entry 190	50001601
	constant pool entry 189	5000162c
	constant pool entry 188	50001631
	constant pool entry 187	50001635
	constant pool entry 186	5000163e
	constant pool entry 185	50001642
	constant pool entry 184	500016a2
	constant pool entry 183	500016a4
	constant pool entry 182	500013cf
	constant pool entry 181	500013d3
	constant pool entry 180	50001621
	constant pool entry 179	50001623
	constant pool entry 178	5000161d
	constant pool entry 177	5000155c
	constant pool entry 176	500016cc
	constant pool entry 175	50001560
	constant pool entry 174	5000158a
	constant pool entry 173	50001563
	constant pool entry 172	500015c9
	constant pool entry 171	50001565
	constant pool entry 170	50001670
	constant pool entry 169	50001569
	constant pool entry 168	500016ae
	constant pool entry 167	50001652
	constant pool entry 166	50001654
	constant pool entry 165	5000156e
	constant pool entry 164	50001546
	constant pool entry 163	50001550
	constant pool entry 162	5000165c
	constant pool entry 161	5000165e
	constant pool entry 160	50001660
	constant pool entry 159	50001662
	constant pool entry 158	50001664
	constant pool entry 157	5000166c
	constant pool entry 156	500015a2
	constant pool entry 155	500015a7
	constant pool entry 154	50001666
	constant pool entry 153	50001576
	constant pool entry 152	50001578
	constant pool entry 151	5000157a
	constant pool entry 150	5000157c
	constant pool entry 149	50001580
	constant pool entry 148	5000158c
	constant pool entry 147	5000158e
	constant pool entry 146	50001582
	constant pool entry 145	500016ce
	constant pool entry 144	50001681
	constant pool entry 143	500015d5
	constant pool entry 142	500015d7
	constant pool entry 141	500015ed
	constant pool entry 140	500015f7
	constant pool entry 139	50001605
	constant pool entry 138	50001607
	constant pool entry 137	50001419
	constant pool entry 136	50001420
	constant pool entry 135	50001426
	constant pool entry 134	5000142a
	constant pool entry 133	50001433
	constant pool entry 132	500013f7
	constant pool entry 131	500013ff
	constant pool entry 130	50001436
	constant pool entry 129	50001592
	constant pool entry 128	5000163c
	constant pool entry 127	50001646
	constant pool entry 126	50001656
	constant pool entry 125	50001658
	constant pool entry 124	5000165a
	constant pool entry 123	500015cf
	constant pool entry 122	50001464
	constant pool entry 121	50001472
	constant pool entry 120	500013e6
	constant pool entry 119	500013f1
	constant pool entry 118	50001408
	constant pool entry 117	50001411
	constant pool entry 116	50001611
	constant pool entry 115	50001617
	constant pool entry 114	5000140b
	constant pool entry 113	500015eb
	constant pool entry 112	500013f4
	constant pool entry 111	50001570
	constant pool entry 110	500013e3
	constant pool entry 109	50001619
	constant pool entry 108	5000161b
	constant pool entry 107	50001644
	constant pool entry 106	50001648
	constant pool entry 105	5000164b
	constant pool entry 104	500015cb
	constant pool entry 103	500015d1
	constant pool entry 102	500015d3
	constant pool entry 101	500015e1
	constant pool entry 100	500015e3
	constant pool entry 99	500015e5
	constant pool entry 98	500015e7
	constant pool entry 97	5000160b
	constant pool entry 96	5000160d
	constant pool entry 95	5000159e
	constant pool entry 94	500015df
	constant pool entry 93	50001590
	constant pool entry 92	5000164d
	constant pool entry 91	50001586
	constant pool entry 90	500015c1
	constant pool entry 89	500016a6
	constant pool entry 88	500015c7
	constant pool entry 87	50001638
	constant pool entry 86	5000155a
	constant pool entry 85	5000155e
	constant pool entry 84	5000168f
	constant pool entry 83	50001572
	constant pool entry 82	5000153c
	constant pool entry 81	5000157e
	constant pool entry 80	500015bf
	constant pool entry 79	500016bd
	constant pool entry 78	500016d2
	constant pool entry 77	500016d4
	constant pool entry 76	500016d6
	constant pool entry 75	500016d8
	constant pool entry 74	500016da
	constant pool entry 73	500016dc
	constant pool entry 72	500015a9
	constant pool entry 71	500015ae
	constant pool entry 70	500015bd
	constant pool entry 69	50001554
	constant pool entry 68	50001678
	constant pool entry 67	50001698
	constant pool entry 66	5000169a
	constant pool entry 65	5000169c
	constant pool entry 64	5000169e
	constant pool entry 63	500016a0
	constant pool entry 62	50001609
	constant pool entry 61	50001613
	constant pool entry 60	50001615
	constant pool entry 59	50001625
	constant pool entry 58	5000162a
	constant pool entry 57	5000162f
	constant pool entry 56	50001633
	constant pool entry 55	5000163a
	constant pool entry 54	5000168a
	constant pool entry 53	5000168d
	constant pool entry 52	500015ef
	constant pool entry 51	50001627
	constant pool entry 50	50001542
	constant pool entry 49	50001544
	constant pool entry 48	50001548
	constant pool entry 47	5000154a
	constant pool entry 46	5000154c
	constant pool entry 45	5000154e
	constant pool entry 44	500015db
	constant pool entry 43	50001594
	constant pool entry 42	500015b0
	constant pool entry 41	500015b3
	constant pool entry 40	500015b5
	constant pool entry 39	500015b7
	constant pool entry 38	500015b9
	constant pool entry 37	500015bb
	constant pool entry 36	5000159c
	constant pool entry 35	500015ab
	constant pool entry 34	500013db
	constant pool entry 33	50001574
	constant pool entry 32	50001584
	constant pool entry 31	50001556
	constant pool entry 30	500015f3
	constant pool entry 29	5000160f
	constant pool entry 28	50001691
	constant pool entry 27	500016c2
	constant pool entry 26	500016c4
	constant pool entry 25	500016c6
	constant pool entry 24	500016c8
	constant pool entry 23	500016ca
	constant pool entry 22	500016b0
	constant pool entry 21	500016b2
	constant pool entry 20	500016b6
	constant pool entry 19	500016b9
	constant pool entry 18	500016bb
	constant pool entry 17	50001596
	constant pool entry 16	5000159a
	constant pool entry 15	500016bf
	constant pool entry 14	5000166a
	constant pool entry 13	50001674
	constant pool entry 12	50001676
	constant pool entry 11	5000167a
	constant pool entry 10	5000167f
	constant pool entry 9	50001684
	constant pool entry 8	50001686
	constant pool entry 7	50001688
	constant pool entry 6	500016ac
	constant pool entry 5	500016b4
	constant pool entry 4	5000161f
	constant pool entry 3	5000167c
	constant pool entry 2	5000164f
	constant pool entry 1	50001603
CLS 500000cd (name=sun.nio.cs.FastCharsetProvider, trace=300000)
	super		500000ce
	constant pool entry 135	5000010b
	constant pool entry 73	50000bae
	constant pool entry 71	500000cd
	constant pool entry 70	5000015b
	constant pool entry 69	500000ce
	constant pool entry 68	500000cf
	constant pool entry 66	50000135
	constant pool entry 65	50000181
	constant pool entry 63	50000185
	constant pool entry 59	5000017d
	constant pool entry 2	50001403
	constant pool entry 1	50001351
CLS 500000cc (name=sun.nio.cs.StandardCharsets, trace=300000)
	super		500000cd
	static aliases_US_ASCII	500016fc
	static aliases_UTF_8	5000176e
	static aliases_CESU_8	5000176d
	static aliases_UTF_16	5000176c
	static aliases_UTF_16BE	5000176b
	static aliases_UTF_16LE	5000176a
	static aliases_UTF_16LE_BOM	50001769
	static aliases_UTF_32	50001768
	static aliases_UTF_32LE	50001767
	static aliases_UTF_32BE	50001766
	static aliases_UTF_32LE_BOM	50001765
	static aliases_UTF_32BE_BOM	50001764
	static aliases_ISO_8859_1	50001763
	static aliases_ISO_8859_2	50001762
	static aliases_ISO_8859_4	50001761
	static aliases_ISO_8859_5	50001760
	static aliases_ISO_8859_7	5000175f
	static aliases_ISO_8859_9	5000175e
	static aliases_ISO_8859_13	5000175d
	static aliases_ISO_8859_15	5000175c
	static aliases_KOI8_R	5000175b
	static aliases_KOI8_U	5000175a
	static aliases_MS1250	50001759
	static aliases_MS1251	50001758
	static aliases_MS1252	50001757
	static aliases_MS1253	50001756
	static aliases_MS1254	50001755
	static aliases_MS1257	50001754
	static aliases_IBM437	50001753
	static aliases_IBM737	50001752
	static aliases_IBM775	50001751
	static aliases_IBM850	50001750
	static aliases_IBM852	5000174f
	static aliases_IBM855	5000174e
	static aliases_IBM857	5000174d
	static aliases_IBM858	5000174c
	static aliases_IBM862	5000174b
	static aliases_IBM866	5000174a
	static aliases_IBM874	50001749
	constant pool entry 574	5000010b
	constant pool entry 483	500000c9
	constant pool entry 482	500000c8
	constant pool entry 481	500000ca
	constant pool entry 479	500000cc
	constant pool entry 478	500000cd
	constant pool entry 477	50000181
	constant pool entry 476	500015cf
	constant pool entry 475	500015cb
	constant pool entry 474	5000166a
	constant pool entry 209	50001558
	constant pool entry 208	500015d9
	constant pool entry 207	50001598
	constant pool entry 206	500016aa
	constant pool entry 205	50001588
	constant pool entry 204	50001567
	constant pool entry 203	500013ae
	constant pool entry 202	500015f9
	constant pool entry 201	500015fb
	constant pool entry 200	500015fd
	constant pool entry 199	500015ff
	constant pool entry 198	50001631
	constant pool entry 197	50001635
	constant pool entry 196	5000163e
	constant pool entry 195	50001642
	constant pool entry 194	500016a2
	constant pool entry 193	500016a4
	constant pool entry 192	50001621
	constant pool entry 191	50001654
	constant pool entry 190	50001550
	constant pool entry 189	5000165c
	constant pool entry 188	5000165e
	constant pool entry 187	50001660
	constant pool entry 186	50001662
	constant pool entry 185	50001664
	constant pool entry 184	500015a7
	constant pool entry 183	50001578
	constant pool entry 182	5000157c
	constant pool entry 181	50001681
	constant pool entry 180	500015d5
	constant pool entry 179	500015d7
	constant pool entry 178	500015ed
	constant pool entry 177	500015f7
	constant pool entry 176	50001605
	constant pool entry 175	50001607
	constant pool entry 174	50001646
	constant pool entry 173	50001656
	constant pool entry 172	50001658
	constant pool entry 171	5000165a
	constant pool entry 170	50001464
	constant pool entry 169	50001472
	constant pool entry 168	500013e6
	constant pool entry 167	500013f1
	constant pool entry 166	50001408
	constant pool entry 165	50001411
	constant pool entry 164	50001617
	constant pool entry 163	5000140b
	constant pool entry 162	500015eb
	constant pool entry 161	500013f4
	constant pool entry 160	5000161b
	constant pool entry 159	50001644
	constant pool entry 158	50001648
	constant pool entry 157	5000164b
	constant pool entry 156	500015d1
	constant pool entry 155	500015d3
	constant pool entry 154	500015e1
	constant pool entry 153	500015e3
	constant pool entry 152	500015e5
	constant pool entry 151	500015e7
	constant pool entry 150	5000160d
	constant pool entry 149	5000159e
	constant pool entry 148	500015df
	constant pool entry 147	50001590
	constant pool entry 146	5000164d
	constant pool entry 145	50001586
	constant pool entry 144	500015c7
	constant pool entry 143	50001638
	constant pool entry 142	5000155a
	constant pool entry 141	5000168f
	constant pool entry 140	50001572
	constant pool entry 139	5000153c
	constant pool entry 138	5000157e
	constant pool entry 137	50001748
	constant pool entry 136	50001747
	constant pool entry 135	50001746
	constant pool entry 134	50001745
	constant pool entry 133	50001744
	constant pool entry 132	50001743
	constant pool entry 131	50001742
	constant pool entry 130	50001741
	constant pool entry 129	50001740
	constant pool entry 128	5000173f
	constant pool entry 127	5000173e
	constant pool entry 126	5000173d
	constant pool entry 125	5000173c
	constant pool entry 124	50001704
	constant pool entry 123	50001698
	constant pool entry 122	5000169a
	constant pool entry 121	5000169c
	constant pool entry 120	5000169e
	constant pool entry 119	500016a0
	constant pool entry 118	50001609
	constant pool entry 117	50001613
	constant pool entry 116	50001615
	constant pool entry 115	50001625
	constant pool entry 114	5000162a
	constant pool entry 113	5000162f
	constant pool entry 112	50001633
	constant pool entry 111	5000163a
	constant pool entry 110	5000168a
	constant pool entry 109	5000168d
	constant pool entry 108	500015ef
	constant pool entry 107	50001627
	constant pool entry 106	50001542
	constant pool entry 105	50001544
	constant pool entry 104	50001548
	constant pool entry 103	5000154a
	constant pool entry 102	5000154c
	constant pool entry 101	5000154e
	constant pool entry 100	500015db
	constant pool entry 99	50001594
	constant pool entry 98	500015b0
	constant pool entry 97	500015b3
	constant pool entry 96	500015b5
	constant pool entry 95	500015b7
	constant pool entry 94	500015b9
	constant pool entry 93	500015bb
	constant pool entry 92	5000159c
	constant pool entry 91	50001574
	constant pool entry 90	50001584
	constant pool entry 89	50001691
	constant pool entry 88	5000173b
	constant pool entry 87	5000173a
	constant pool entry 86	50001739
	constant pool entry 85	50001738
	constant pool entry 84	50001737
	constant pool entry 83	50001736
	constant pool entry 82	50001735
	constant pool entry 81	50001734
	constant pool entry 80	500013ea
	constant pool entry 79	500013cc
	constant pool entry 78	500013d8
	constant pool entry 77	50001454
	constant pool entry 76	50001468
	constant pool entry 75	5000146b
	constant pool entry 74	5000143d
	constant pool entry 73	50001448
	constant pool entry 72	50001733
	constant pool entry 71	50001732
	constant pool entry 70	50001731
	constant pool entry 69	50001730
	constant pool entry 68	5000172f
	constant pool entry 67	5000172e
	constant pool entry 66	5000172d
	constant pool entry 65	5000172c
	constant pool entry 64	50001437
	constant pool entry 63	5000172b
	constant pool entry 62	5000172a
	constant pool entry 61	50001729
	constant pool entry 60	50001728
	constant pool entry 59	50001727
	constant pool entry 58	50001726
	constant pool entry 57	50001725
	constant pool entry 56	50001724
	constant pool entry 55	50001723
	constant pool entry 54	50001722
	constant pool entry 53	50001721
	constant pool entry 52	50001720
	constant pool entry 51	5000171f
	constant pool entry 50	50001700
	constant pool entry 49	5000171e
	constant pool entry 48	5000171d
	constant pool entry 47	5000171c
	constant pool entry 46	5000171b
	constant pool entry 45	5000171a
	constant pool entry 44	50001719
	constant pool entry 43	50001718
	constant pool entry 42	50001717
	constant pool entry 41	50001716
	constant pool entry 40	50001702
	constant pool entry 39	50001715
	constant pool entry 38	50001714
	constant pool entry 37	50001713
	constant pool entry 36	50001712
	constant pool entry 35	50001703
	constant pool entry 34	50001711
	constant pool entry 33	50001710
	constant pool entry 32	5000170f
	constant pool entry 31	5000170e
	constant pool entry 30	5000170d
	constant pool entry 29	50001701
	constant pool entry 28	500016ff
	constant pool entry 27	50001705
	constant pool entry 26	500016c2
	constant pool entry 25	500016c4
	constant pool entry 24	500016c6
	constant pool entry 23	500016c8
	constant pool entry 22	500016ca
	constant pool entry 21	500016b0
	constant pool entry 20	500016b2
	constant pool entry 19	500016b6
	constant pool entry 18	500016b9
	constant pool entry 17	500016bb
	constant pool entry 16	50001596
	constant pool entry 15	5000159a
	constant pool entry 14	500016bf
	constant pool entry 13	50001674
	constant pool entry 12	50001676
	constant pool entry 11	5000167a
	constant pool entry 10	5000167f
	constant pool entry 9	50001684
	constant pool entry 8	50001686
	constant pool entry 7	50001688
	constant pool entry 6	500016ac
	constant pool entry 5	500016b4
	constant pool entry 4	5000161f
	constant pool entry 3	5000167c
	constant pool entry 2	5000164f
	constant pool entry 1	50001603
CLS 5000015e (name=java.lang.Thread, trace=300000)
	super		50000185
	static EMPTY_STACK_TRACE	50000f86
	static SUBCLASS_IMPLEMENTATION_PERMISSION	50000f85
	constant pool entry 537	5000010b
	constant pool entry 260	50000103
	constant pool entry 252	5000015c
	constant pool entry 245	5000017a
	constant pool entry 242	50000127
	constant pool entry 240	50000104
	constant pool entry 238	50000185
	constant pool entry 15	5000015e
	constant pool entry 9	50000f84
CLS 500000d0 (name=java.lang.ref.Finalizer$FinalizerThread, trace=300000)
	super		5000015e
	constant pool entry 33	500000d4
	constant pool entry 32	500000df
	constant pool entry 30	500000e6
	constant pool entry 29	500000d0
	constant pool entry 28	50000160
	constant pool entry 27	5000015e
	constant pool entry 1	5000270b
CLS 500000d1 (name=java.lang.Math, trace=300000)
	super		50000185
	constant pool entry 166	50000122
	constant pool entry 165	50000121
	constant pool entry 164	5000017d
	constant pool entry 14	500000d1
CLS 500000d2 (name=java.util.Hashtable$Entry[], trace=300000)
	super		50000185
CLS 500000d3 (name=java.util.Hashtable$Entry, trace=300000)
	super		50000185
	constant pool entry 46	500000d3
	constant pool entry 43	50000185
CLS 500000d4 (name=sun.misc.VM, trace=300000)
	super		50000185
	static lock	500010de
	static savedProps	500010dd
	constant pool entry 146	500000d4
	constant pool entry 145	5000004a
	constant pool entry 144	50000158
	constant pool entry 139	50000181
	constant pool entry 138	5000008d
	constant pool entry 137	50000185
	constant pool entry 11	50000f81
	constant pool entry 10	500010dc
	constant pool entry 9	500010db
	constant pool entry 8	500010da
	constant pool entry 7	500010d9
	constant pool entry 6	500010d8
	constant pool entry 5	500010d7
	constant pool entry 4	500010d6
	constant pool entry 1	500010d5
CLS 500000d5 (name=java.util.HashMap$Node[], trace=300000)
	super		50000185
CLS 500000d6 (name=java.util.Map$Entry[], trace=300000)
	super		50000185
CLS 500000d8 (name=java.util.Map$Entry, trace=300000)
CLS 500000da (name=sun.reflect.Reflection, trace=300000)
	super		50000185
	static fieldFilterMap	500010c5
	static methodFilterMap	500010c4
	constant pool entry 231	5000010b
	constant pool entry 114	5000015b
	constant pool entry 113	500000d9
	constant pool entry 112	500000b8
	constant pool entry 107	50000181
	constant pool entry 99	500000c0
	constant pool entry 14	500000da
	constant pool entry 12	5000017a
	constant pool entry 11	5000017d
	constant pool entry 10	500010c3
	constant pool entry 9	500010c2
	constant pool entry 8	500010c1
	constant pool entry 7	500010c0
CLS 500000db (name=java.lang.String[], trace=300000)
	super		50000185
CLS 500000dc (name=java.lang.CharSequence[], trace=300000)
	super		50000185
CLS 50000178 (name=java.lang.Error, trace=300000)
	super		50000179
	constant pool entry 14	50000179
CLS 5000016e (name=java.lang.LinkageError, trace=300000)
	super		50000178
	constant pool entry 12	50000178
CLS 500000de (name=java.lang.IncompatibleClassChangeError, trace=300000)
	super		5000016e
	constant pool entry 13	5000016e
CLS 500000dd (name=java.lang.NoSuchMethodError, trace=300000)
	super		500000de
	constant pool entry 12	500000de
CLS 500000df (name=sun.misc.SharedSecrets, trace=300000)
	super		50000185
	static unsafe	50000fac
	static javaUtilJarAccess	50000ba1
	static javaLangAccess	50000e64
	static javaLangRefAccess	500010be
	static javaNetAccess	500010bd
	static javaNioAccess	500010bc
	static javaIOFileDescriptorAccess	500010bb
	static javaSecurityProtectionDomainAccess	500010ba
	static javaSecurityAccess	500010b9
	static javaUtilZipFileAccess	500003d7
	constant pool entry 70	50000134
	constant pool entry 69	500000df
	constant pool entry 9	500003d4
CLS 500000e0 (name=java.lang.ref.Reference$1, trace=300000)
	super		50000185
	constant pool entry 14	50000185
CLS 500000e1 (name=sun.misc.JavaLangRefAccess, trace=300000)
CLS 500000e2 (name=java.lang.Thread[], trace=300000)
	super		50000185
CLS 500000e3 (name=java.lang.Runnable[], trace=300000)
	super		50000185
CLS 500000e4 (name=java.lang.ref.ReferenceQueue$Lock, trace=300000)
	super		50000185
	constant pool entry 12	500000e4
	constant pool entry 9	50000185
CLS 500000e6 (name=java.lang.ref.ReferenceQueue, trace=300000)
	super		50000185
	static NULL	500010b3
	static ENQUEUED	500010b6
	constant pool entry 64	500000e5
	constant pool entry 63	500000e4
	constant pool entry 57	50000185
	constant pool entry 54	5000017d
	constant pool entry 2	500000e6
CLS 500000e5 (name=java.lang.ref.ReferenceQueue$Null, trace=300000)
	super		500000e6
	constant pool entry 13	500000e5
	constant pool entry 11	500000e6
CLS 500000e9 (name=java.util.Collections$UnmodifiableCollection, trace=300000)
	super		50000185
	constant pool entry 50	500000e9
	constant pool entry 48	500000fc
	constant pool entry 46	50000185
CLS 500000e8 (name=java.util.Collections$UnmodifiableList, trace=300000)
	super		500000e9
	constant pool entry 49	500000fb
	constant pool entry 46	500000e8
	constant pool entry 45	500000e9
CLS 500000e7 (name=java.util.Collections$UnmodifiableRandomAccessList, trace=300000)
	super		500000e8
	constant pool entry 20	500000e8
CLS 500000ea (name=java.util.Collections$EmptyMap, trace=300000)
	super		500000eb
	constant pool entry 58	500000ea
	constant pool entry 55	500000eb
CLS 500000f8 (name=java.util.AbstractList, trace=300000)
	super		500000f9
	constant pool entry 72	500000f8
	constant pool entry 71	500000f9
CLS 500000ec (name=java.util.Collections$EmptyList, trace=300000)
	super		500000f8
	constant pool entry 67	500000ec
	constant pool entry 63	500000f8
CLS 500000ed (name=java.util.Collections$EmptySet, trace=300000)
	super		500000ee
	constant pool entry 46	500000ed
	constant pool entry 42	500000ee
CLS 500000ef (name=java.util.Set, trace=300000)
CLS 500000f0 (name=java.util.Collections, trace=300000)
	super		50000185
	static EMPTY_SET	500011f7
	static EMPTY_LIST	500011f6
	static EMPTY_MAP	500011f5
	constant pool entry 267	500000fa
	constant pool entry 257	500000e7
	constant pool entry 253	500001ea
	constant pool entry 248	50000092
	constant pool entry 238	5000003d
	constant pool entry 235	500000ed
	constant pool entry 234	500000ea
	constant pool entry 232	500000ec
	constant pool entry 214	500000f0
CLS 500000f1 (name=java.util.ArrayList, trace=300000)
	super		500000f8
	static EMPTY_ELEMENTDATA	50002366
	static DEFAULTCAPACITY_EMPTY_ELEMENTDATA	50002365
	constant pool entry 340	5000010b
	constant pool entry 175	500000fc
	constant pool entry 173	500000b5
	constant pool entry 167	500000f1
	constant pool entry 166	500000f8
	constant pool entry 161	50000185
	constant pool entry 160	500000d1
	constant pool entry 11	5000011c
CLS 500000f2 (name=java.lang.InterruptedException, trace=300000)
	super		50000176
CLS 500000f3 (name=java.lang.ref.Reference$ReferenceHandler, trace=300000)
	super		5000015e
	constant pool entry 36	500000f3
	constant pool entry 35	50000166
	constant pool entry 34	5000015e
	constant pool entry 30	5000017d
	constant pool entry 2	50000161
	constant pool entry 1	500000f2
CLS 500000f4 (name=java.lang.ref.Reference$Lock, trace=300000)
	super		50000185
	constant pool entry 12	500000f4
	constant pool entry 9	50000185
CLS 500000f5 (name=sun.reflect.ReflectionFactory, trace=300000)
	super		50000185
	static reflectionFactoryAccessPerm	50000f94
	static soleInstance	50000f90
	static langReflectAccess	50000f93
	constant pool entry 112	500000ad
	constant pool entry 111	500000f5
	constant pool entry 110	500000da
	constant pool entry 108	500000ac
	constant pool entry 106	500000b7
	constant pool entry 103	500000ab
	constant pool entry 101	50000103
	constant pool entry 100	500000b8
	constant pool entry 98	50000151
	constant pool entry 97	5000017a
	constant pool entry 95	50000104
	constant pool entry 94	50000185
	constant pool entry 4	5000014c
	constant pool entry 3	5000017d
	constant pool entry 2	50000f92
CLS 500000f7 (name=java.util.Vector, trace=300000)
	super		500000f8
	constant pool entry 351	5000010b
	constant pool entry 171	500000f7
	constant pool entry 162	500000b5
	constant pool entry 161	500000f8
	constant pool entry 159	5000017a
	constant pool entry 156	50000185
CLS 500000f6 (name=java.util.Stack, trace=300000)
	super		500000f7
	constant pool entry 33	500000f7
	constant pool entry 32	500000f6
CLS 500000fa (name=java.util.RandomAccess, trace=300000)
CLS 500000fb (name=java.util.List, trace=300000)
CLS 500000fc (name=java.util.Collection, trace=300000)
CLS 500000fd (name=java.lang.Iterable, trace=300000)
CLS 500000fe (name=java.security.cert.Certificate[], trace=300000)
	super		50000185
CLS 500000ff (name=java.security.cert.Certificate, trace=300000)
	super		50000185
CLS 50000100 (name=sun.reflect.ReflectionFactory$GetReflectionFactoryAction, trace=300000)
	super		50000185
	constant pool entry 16	50000100
	constant pool entry 15	500000f5
	constant pool entry 13	50000185
CLS 50000101 (name=java.security.PrivilegedAction, trace=300000)
CLS 50000106 (name=java.security.Permission, trace=300000)
	super		50000185
	constant pool entry 55	50000106
	constant pool entry 48	50000185
CLS 50000105 (name=java.security.BasicPermission, trace=300000)
	super		50000106
	constant pool entry 72	50000106
	constant pool entry 71	50000686
	constant pool entry 70	50000105
	constant pool entry 69	50000181
	constant pool entry 68	50000185
	constant pool entry 4	50000f8a
	constant pool entry 3	50000f89
	constant pool entry 2	50000f88
CLS 50000102 (name=java.lang.reflect.ReflectPermission, trace=300000)
	super		50000105
	constant pool entry 13	50000105
CLS 50000103 (name=java.security.AccessController, trace=300000)
	super		50000185
	constant pool entry 77	50000103
	constant pool entry 75	50000172
CLS 50000104 (name=java.lang.RuntimePermission, trace=300000)
	super		50000105
	constant pool entry 13	50000105
CLS 50000107 (name=java.security.Guard, trace=300000)
CLS 50000108 (name=java.lang.StackTraceElement[], trace=300000)
	super		50000185
CLS 50000109 (name=java.lang.ThreadGroup[], trace=300000)
	super		50000185
CLS 5000010a (name=java.lang.Thread$UncaughtExceptionHandler[], trace=300000)
	super		50000185
CLS 5000010b (name=com.sun.demo.jvmti.hprof.Tracker, trace=300000)
	super		50000185
	constant pool entry 33	5000015e
	constant pool entry 30	5000010b
	constant pool entry 3	50000f72
CLS 5000010c (name=java.lang.String$CaseInsensitiveComparator, trace=300000)
	super		50000185
	constant pool entry 40	5000010c
	constant pool entry 38	50000181
	constant pool entry 37	50000185
	constant pool entry 36	500000d1
CLS 5000010d (name=java.util.Comparator, trace=300000)
CLS 5000010e (name=java.io.ObjectStreamField[], trace=300000)
	super		50000185
CLS 5000010f (name=java.lang.Comparable[], trace=300000)
	super		50000185
CLS 50000110 (name=java.io.ObjectStreamField, trace=300000)
	super		50000185
	constant pool entry 90	50000135
	constant pool entry 89	50000181
	constant pool entry 88	5000011f
	constant pool entry 86	5000011d
	constant pool entry 84	5000011e
	constant pool entry 82	50000122
	constant pool entry 81	50000121
	constant pool entry 79	5000017d
	constant pool entry 78	50000124
	constant pool entry 77	50000120
	constant pool entry 76	50000125
	constant pool entry 75	50000110
	constant pool entry 2	50000185
CLS 50000111 (name=java.lang.OutOfMemoryError[], trace=300000)
	super		50000185
CLS 50000112 (name=java.lang.VirtualMachineError[], trace=300000)
	super		50000185
CLS 50000113 (name=java.lang.Error[], trace=300000)
	super		50000185
CLS 50000114 (name=java.lang.Throwable[], trace=300000)
	super		50000185
CLS 50000115 (name=java.lang.ArithmeticException, trace=300000)
	super		50000175
CLS 50000116 (name=java.lang.NullPointerException, trace=300000)
	super		50000175
CLS 50000117 (name=java.lang.Class[], trace=300000)
	super		50000185
CLS 50000118 (name=java.io.Serializable[], trace=300000)
	super		50000185
CLS 50000119 (name=java.lang.reflect.GenericDeclaration[], trace=300000)
	super		50000185
CLS 5000011a (name=java.lang.reflect.AnnotatedElement[], trace=300000)
	super		50000185
CLS 5000011b (name=java.lang.reflect.Type[], trace=300000)
	super		50000185
CLS 5000011c (name=java.lang.Object[], trace=300000)
	super		50000185
CLS 5000011d (name=java.lang.Long, trace=300000)
	super		50000123
	static TYPE	50000f56
	constant pool entry 354	5000010b
	constant pool entry 208	50000181
	constant pool entry 202	500000d1
	constant pool entry 200	5000011d
	constant pool entry 199	5000011e
	constant pool entry 196	5000017d
	constant pool entry 17	50001234
CLS 5000011e (name=java.lang.Integer, trace=300000)
	super		50000123
	static TYPE	50000f57
	static digits	50001239
	static DigitTens	50001238
	static DigitOnes	50001237
	static sizeTable	50001236
	constant pool entry 307	5000010b
	constant pool entry 192	5000017a
	constant pool entry 190	50000181
	constant pool entry 186	50000123
	constant pool entry 182	5000004d
	constant pool entry 181	5000011e
	constant pool entry 178	5000017d
	constant pool entry 177	50000124
	constant pool entry 29	50001235
CLS 5000011f (name=java.lang.Short, trace=300000)
	super		50000123
	static TYPE	50000f58
	constant pool entry 93	5000011f
	constant pool entry 88	5000017d
	constant pool entry 7	50001340
CLS 50000120 (name=java.lang.Byte, trace=300000)
	super		50000123
	static TYPE	50000f59
	constant pool entry 86	5000017d
	constant pool entry 84	50000120
	constant pool entry 5	50001342
CLS 50000121 (name=java.lang.Double, trace=300000)
	super		50000123
	static TYPE	50000f5a
	constant pool entry 140	50000121
	constant pool entry 138	5000017d
	constant pool entry 10	500011fd
CLS 50000122 (name=java.lang.Float, trace=300000)
	super		50000123
	static TYPE	50000f5b
	constant pool entry 108	50000122
	constant pool entry 105	5000017d
	constant pool entry 8	50001033
CLS 50000124 (name=java.lang.Character, trace=300000)
	super		50000185
	static TYPE	50000f5c
	constant pool entry 273	5000017d
	constant pool entry 271	50000015
	constant pool entry 11	50000124
	constant pool entry 10	5000133c
CLS 50000125 (name=java.lang.Boolean, trace=300000)
	super		50000185
	static TRUE	500011fa
	static FALSE	500011f9
	static TYPE	50000f5d
	constant pool entry 70	5000017a
	constant pool entry 69	50000181
	constant pool entry 67	50000185
	constant pool entry 63	5000017d
	constant pool entry 62	50000125
	constant pool entry 3	50000f81
	constant pool entry 1	500011f8
CLS 50000127 (name=java.lang.StackTraceElement, trace=300000)
	super		50000185
CLS 50000128 (name=java.security.CodeSource, trace=300000)
	super		50000185
	constant pool entry 153	50000128
	constant pool entry 151	5000012d
	constant pool entry 146	50000185
CLS 5000017b (name=java.lang.ClassLoader, trace=300000)
	super		50000185
	static nocerts	50001209
	static scl	50000e6b
	static loadedLibraryNames	50001208
	static systemNativeLibraries	50001207
	static nativeLibraryContext	50001206
	static usr_paths	50001205
	static sys_paths	50001204
	constant pool entry 840	5000010b
	constant pool entry 356	500000da
	constant pool entry 355	500000d4
	constant pool entry 354	50000004
	constant pool entry 351	5000012b
	constant pool entry 350	50000944
	constant pool entry 349	5000002a
	constant pool entry 348	500000f7
	constant pool entry 347	500000f6
	constant pool entry 344	50000159
	constant pool entry 343	50000005
	constant pool entry 342	500000d9
	constant pool entry 341	50000090
	constant pool entry 340	500000f0
	constant pool entry 338	500000ff
	constant pool entry 337	50000173
	constant pool entry 335	50000128
	constant pool entry 334	50000103
	constant pool entry 331	5000012d
	constant pool entry 326	50000001
	constant pool entry 325	5000017a
	constant pool entry 323	50000181
	constant pool entry 319	50000185
	constant pool entry 314	5000016f
	constant pool entry 312	50000040
	constant pool entry 311	50000053
	constant pool entry 310	50000058
	constant pool entry 309	5000093e
	constant pool entry 306	5000017d
	constant pool entry 301	5000012f
	constant pool entry 300	500006d5
	constant pool entry 19	5000017b
	constant pool entry 18	50001203
	constant pool entry 15	50001202
	constant pool entry 14	50001201
	constant pool entry 1	50000f74
CLS 50000171 (name=java.security.SecureClassLoader, trace=300000)
	super		5000017b
	constant pool entry 60	50000041
	constant pool entry 59	500000d9
	constant pool entry 58	50000171
	constant pool entry 57	50000173
	constant pool entry 56	50000622
	constant pool entry 54	5000017a
	constant pool entry 49	5000017b
	constant pool entry 4	500024e8
CLS 5000012e (name=java.net.URLClassLoader, trace=300000)
	super		50000171
	constant pool entry 243	50000004
	constant pool entry 242	500000df
	constant pool entry 241	500005f7
	constant pool entry 240	50000603
	constant pool entry 235	500000ba
	constant pool entry 231	50000171
	constant pool entry 230	500006b9
	constant pool entry 229	50000621
	constant pool entry 228	50000106
	constant pool entry 227	50000128
	constant pool entry 226	50000103
	constant pool entry 222	50000648
	constant pool entry 221	5000003a
	constant pool entry 217	50000942
	constant pool entry 216	50000ce8
	constant pool entry 215	500003c5
	constant pool entry 214	5000012e
	constant pool entry 213	5000012d
	constant pool entry 209	5000017a
	constant pool entry 208	50000135
	constant pool entry 207	50000181
	constant pool entry 200	5000016f
	constant pool entry 199	5000017b
	constant pool entry 194	50000653
	constant pool entry 193	5000012f
	constant pool entry 9	5000136b
	constant pool entry 2	50001376
CLS 50000129 (name=sun.misc.Launcher$ExtClassLoader, trace=300000)
	super		5000012e
	constant pool entry 207	5000010b
	constant pool entry 104	50000004
	constant pool entry 103	500000df
	constant pool entry 101	50000037
	constant pool entry 100	50000129
	constant pool entry 99	5000012b
	constant pool entry 98	5000003b
	constant pool entry 97	500000f7
	constant pool entry 96	50000039
	constant pool entry 92	50000103
	constant pool entry 90	5000012e
	constant pool entry 89	5000012d
	constant pool entry 88	5000017a
	constant pool entry 87	50000181
	constant pool entry 86	5000017b
	constant pool entry 84	5000012f
	constant pool entry 2	500023dc
	constant pool entry 1	500024e2
CLS 5000012a (name=sun.misc.Launcher$AppClassLoader, trace=300000)
	super		5000012e
	constant pool entry 103	50000004
	constant pool entry 102	500000df
	constant pool entry 100	50000002
	constant pool entry 99	5000012a
	constant pool entry 98	5000003b
	constant pool entry 96	50000621
	constant pool entry 94	50000103
	constant pool entry 92	5000012e
	constant pool entry 89	5000017a
	constant pool entry 88	50000181
	constant pool entry 86	50000104
	constant pool entry 84	5000017b
	constant pool entry 83	5000017d
	constant pool entry 3	5000012b
	constant pool entry 2	500024e7
	constant pool entry 1	50000f88
CLS 5000012b (name=sun.misc.Launcher, trace=300000)
	super		50000185
	static factory	500024e6
	static launcher	500024e5
	static bootClassPath	500011c6
	constant pool entry 216	5000010b
	constant pool entry 119	50000012
	constant pool entry 118	50000042
	constant pool entry 117	50000129
	constant pool entry 116	500006d7
	constant pool entry 115	5000012a
	constant pool entry 113	5000012b
	constant pool entry 112	5000012d
	constant pool entry 110	5000015e
	constant pool entry 109	5000017a
	constant pool entry 107	50000181
	constant pool entry 105	50000185
	constant pool entry 96	5000012f
	constant pool entry 8	500024e4
	constant pool entry 7	500024e3
	constant pool entry 2	50001351
CLS 5000012c (name=java.util.jar.Manifest, trace=300000)
	super		50000185
CLS 5000012d (name=java.net.URL, trace=300000)
	super		50000185
	static BUILTIN_HANDLERS_PREFIX	5000135c
	static protocolPathProp	50001358
	static handlers	50001361
	static streamHandlerLock	50001360
	static serialPersistentFields	5000135f
	constant pool entry 548	5000010b
	constant pool entry 261	50000064
	constant pool entry 259	50000039
	constant pool entry 258	50000159
	constant pool entry 257	50000103
	constant pool entry 254	5000000f
	constant pool entry 252	5000012d
	constant pool entry 247	50000010
	constant pool entry 242	5000017a
	constant pool entry 241	50000135
	constant pool entry 239	50000185
	constant pool entry 238	5000011e
	constant pool entry 232	5000017d
	constant pool entry 229	50000110
	constant pool entry 26	50000181
	constant pool entry 25	5000135e
	constant pool entry 24	5000135d
	constant pool entry 22	5000135c
	constant pool entry 21	5000135b
	constant pool entry 19	5000135a
	constant pool entry 18	50001359
	constant pool entry 16	50001358
	constant pool entry 15	50001357
	constant pool entry 14	50001356
	constant pool entry 13	50001355
	constant pool entry 11	50001354
	constant pool entry 4	50001353
	constant pool entry 3	50001352
	constant pool entry 2	50001351
	constant pool entry 1	50000f74
CLS 5000012f (name=java.io.File, trace=300000)
	super		50000185
	static fs	50000faf
	static separator	50000fae
	static pathSeparator	50000fad
	static UNSAFE	50000fac
	constant pool entry 277	50000134
	constant pool entry 266	5000017a
	constant pool entry 265	50000135
	constant pool entry 264	50000181
	constant pool entry 259	50000185
	constant pool entry 253	5000017d
	constant pool entry 245	50000062
	constant pool entry 242	5000005c
	constant pool entry 240	50000063
	constant pool entry 20	5000012f
	constant pool entry 19	50000fab
	constant pool entry 18	50000faa
	constant pool entry 1	50000f74
CLS 50000130 (name=java.io.ByteArrayInputStream, trace=300000)
	super		50000131
CLS 50000132 (name=java.io.Closeable, trace=300000)
CLS 50000133 (name=java.lang.AutoCloseable, trace=300000)
CLS 50000134 (name=sun.misc.Unsafe, trace=300000)
	super		50000185
	static theUnsafe	50000fac
	constant pool entry 387	5000010b
	constant pool entry 190	500000da
	constant pool entry 189	500000d4
	constant pool entry 186	50000181
	constant pool entry 184	50000185
	constant pool entry 181	5000017d
	constant pool entry 12	50000134
	constant pool entry 11	5000018d
	constant pool entry 10	50000188
	constant pool entry 9	5000011c
	constant pool entry 8	50000186
	constant pool entry 7	50000187
	constant pool entry 6	5000018b
	constant pool entry 5	5000018a
	constant pool entry 4	5000018c
	constant pool entry 3	50000189
	constant pool entry 2	500010bf
CLS 50000137 (name=java.lang.AbstractStringBuilder, trace=300000)
	super		50000185
	constant pool entry 316	5000010b
	constant pool entry 149	500000b5
	constant pool entry 148	5000017a
	constant pool entry 144	50000181
	constant pool entry 142	50000185
	constant pool entry 141	5000011d
	constant pool entry 134	50000137
CLS 50000135 (name=java.lang.StringBuilder, trace=300000)
	super		50000137
	constant pool entry 79	50000135
	constant pool entry 78	50000181
	constant pool entry 75	50000137
CLS 50000136 (name=java.lang.StringBuffer, trace=300000)
	super		50000137
	static serialPersistentFields	50002372
	constant pool entry 369	5000010b
	constant pool entry 109	500000b5
	constant pool entry 107	50000136
	constant pool entry 106	50000181
	constant pool entry 105	5000011e
	constant pool entry 102	50000125
	constant pool entry 101	50000137
	constant pool entry 99	50000110
	constant pool entry 4	5000018c
	constant pool entry 3	5000122b
	constant pool entry 2	50002371
	constant pool entry 1	50002370
CLS 50000138 (name=java.lang.Appendable, trace=300000)
CLS 5000013c (name=java.lang.invoke.CallSite, trace=300000)
	super		50000185
CLS 50000139 (name=java.lang.invoke.VolatileCallSite, trace=300000)
	super		5000013c
CLS 5000013a (name=java.lang.invoke.MutableCallSite, trace=300000)
	super		5000013c
CLS 5000013b (name=java.lang.invoke.ConstantCallSite, trace=300000)
	super		5000013c
CLS 5000013d (name=java.lang.BootstrapMethodError, trace=300000)
	super		5000016e
CLS 5000013e (name=java.lang.invoke.MethodType, trace=300000)
	super		50000185
CLS 5000013f (name=java.lang.invoke.LambdaForm, trace=300000)
	super		50000185
CLS 50000140 (name=java.lang.invoke.MethodHandleNatives, trace=300000)
	super		50000185
	constant pool entry 227	50000195
	constant pool entry 203	5000017d
	constant pool entry 32	50000140
CLS 50000141 (name=java.lang.invoke.MemberName, trace=300000)
	super		50000185
	static CONSTRUCTOR_NAME	50002750
	constant pool entry 290	5000017d
	constant pool entry 45	50000141
CLS 50000143 (name=java.lang.invoke.MethodHandle, trace=300000)
	super		50000185
	constant pool entry 194	50000134
	constant pool entry 189	500001ba
	constant pool entry 187	50000195
	constant pool entry 171	5000017d
	constant pool entry 14	50000143
	constant pool entry 11	5000273b
CLS 50000142 (name=java.lang.invoke.DirectMethodHandle, trace=300000)
	super		50000143
CLS 50000144 (name=sun.reflect.CallerSensitive, trace=300000)
CLS 50000145 (name=java.lang.annotation.Annotation, trace=300000)
CLS 50000148 (name=sun.reflect.FieldAccessorImpl, trace=300000)
	super		50000150
CLS 50000147 (name=sun.reflect.UnsafeFieldAccessorImpl, trace=300000)
	super		50000148
CLS 50000146 (name=sun.reflect.UnsafeStaticFieldAccessorImpl, trace=300000)
	super		50000147
CLS 50000149 (name=sun.reflect.FieldAccessor, trace=300000)
CLS 5000014a (name=sun.reflect.ConstantPool, trace=300000)
	super		50000185
CLS 5000014b (name=sun.reflect.DelegatingClassLoader, trace=300000)
	super		5000017b
CLS 5000014d (name=sun.reflect.ConstructorAccessor, trace=300000)
CLS 5000014e (name=sun.reflect.MethodAccessorImpl, trace=300000)
	super		50000150
CLS 5000014f (name=sun.reflect.MethodAccessor, trace=300000)
CLS 50000157 (name=java.lang.reflect.AccessibleObject, trace=300000)
	super		50000185
	static ACCESS_PERMISSION	50000f97
	static reflectionFactory	50000f90
	constant pool entry 77	50000100
	constant pool entry 76	500000f5
	constant pool entry 74	50000103
	constant pool entry 73	50000102
	constant pool entry 71	50000151
	constant pool entry 69	50000157
	constant pool entry 68	5000017a
	constant pool entry 65	50000185
	constant pool entry 4	5000017d
	constant pool entry 3	50000f96
CLS 50000153 (name=java.lang.reflect.Executable, trace=300000)
	super		50000157
	constant pool entry 163	50000157
CLS 50000151 (name=java.lang.reflect.Constructor, trace=300000)
	super		50000153
	constant pool entry 146	500000f5
	constant pool entry 144	5000014d
	constant pool entry 138	50000153
	constant pool entry 137	50000151
	constant pool entry 130	5000017d
	constant pool entry 128	50000117
CLS 50000152 (name=java.lang.reflect.Method, trace=300000)
	super		50000153
CLS 50000154 (name=java.lang.reflect.Parameter, trace=300000)
	super		50000185
CLS 50000155 (name=java.lang.reflect.Field, trace=300000)
	super		50000157
	constant pool entry 138	50000155
	constant pool entry 137	50000157
CLS 50000156 (name=java.lang.reflect.Member, trace=300000)
CLS 5000015a (name=java.util.Dictionary, trace=300000)
	super		50000185
	constant pool entry 18	50000185
CLS 50000159 (name=java.util.Hashtable, trace=300000)
	super		5000015a
	constant pool entry 400	5000010b
	constant pool entry 198	500000ef
	constant pool entry 196	500000d8
	constant pool entry 195	5000015b
	constant pool entry 194	5000008f
	constant pool entry 191	5000008e
	constant pool entry 190	50000094
	constant pool entry 189	500000d3
	constant pool entry 187	50000159
	constant pool entry 186	5000015a
	constant pool entry 184	500000f0
	constant pool entry 180	50000185
	constant pool entry 178	500000d1
	constant pool entry 175	50000122
CLS 50000158 (name=java.util.Properties, trace=300000)
	super		50000159
	static hexDigit	500011f4
	constant pool entry 261	5000010b
	constant pool entry 126	50000158
	constant pool entry 123	50000159
	constant pool entry 117	50000181
CLS 5000015b (name=java.util.Map, trace=300000)
CLS 5000015c (name=java.lang.ThreadGroup, trace=300000)
	super		50000185
	constant pool entry 266	5000010b
	constant pool entry 120	5000015c
	constant pool entry 117	5000015e
	constant pool entry 116	5000017a
	constant pool entry 113	50000185
	constant pool entry 7	5000256b
CLS 5000015d (name=java.lang.Thread$UncaughtExceptionHandler, trace=300000)
CLS 5000015f (name=java.lang.Runnable, trace=300000)
CLS 50000163 (name=java.lang.ref.FinalReference, trace=300000)
	super		50000166
	constant pool entry 7	50000166
CLS 50000160 (name=java.lang.ref.Finalizer, trace=300000)
	super		50000163
	static queue	50000e62
	static unfinalized	50000cce
	static lock	5000270d
	constant pool entry 69	500000e6
	constant pool entry 68	500000d0
	constant pool entry 64	50000160
	constant pool entry 63	50000163
	constant pool entry 61	5000015c
	constant pool entry 60	5000015e
	constant pool entry 59	50000185
CLS 50000162 (name=java.lang.ref.PhantomReference, trace=300000)
	super		50000166
CLS 50000161 (name=sun.misc.Cleaner, trace=300000)
	super		50000162
	static dummyQueue	50002569
	constant pool entry 31	50000161
	constant pool entry 29	500000e6
CLS 50000167 (name=java.lang.IllegalMonitorStateException, trace=300000)
	super		50000175
CLS 5000016a (name=java.lang.VirtualMachineError, trace=300000)
	super		50000178
CLS 50000168 (name=java.lang.StackOverflowError, trace=300000)
	super		5000016a
CLS 50000169 (name=java.lang.OutOfMemoryError, trace=300000)
	super		5000016a
CLS 5000016b (name=java.lang.ArrayStoreException, trace=300000)
	super		50000175
CLS 5000016c (name=java.lang.ClassCastException, trace=300000)
	super		50000175
CLS 5000016d (name=java.lang.NoClassDefFoundError, trace=300000)
	super		5000016e
	constant pool entry 12	5000016e
CLS 50000170 (name=java.lang.ReflectiveOperationException, trace=300000)
	super		50000176
	constant pool entry 13	50000176
CLS 5000016f (name=java.lang.ClassNotFoundException, trace=300000)
	super		50000170
	constant pool entry 18	50000170
CLS 50000172 (name=java.security.AccessControlContext, trace=300000)
	super		50000185
	constant pool entry 135	50000103
	constant pool entry 132	50000172
	constant pool entry 126	50000185
CLS 50000173 (name=java.security.ProtectionDomain, trace=300000)
	super		50000185
	constant pool entry 276	5000010b
	constant pool entry 138	50000041
	constant pool entry 137	500000df
	constant pool entry 131	50000008
	constant pool entry 130	5000000b
	constant pool entry 129	50000009
	constant pool entry 127	50000173
	constant pool entry 126	50000007
	constant pool entry 124	50000622
	constant pool entry 123	50000621
	constant pool entry 113	50000185
	constant pool entry 10	50002394
CLS 50000174 (name=java.lang.SecurityManager, trace=300000)
	super		50000185
CLS 50000177 (name=java.lang.ThreadDeath, trace=300000)
	super		50000178
CLS 5000017a (name=java.lang.System, trace=300000)
	super		50000185
	static in	50000fa1
	static out	50000fa0
	static err	50000f9f
	static props	50000f9e
	static lineSeparator	50000f9d
	constant pool entry 183	500000da
	constant pool entry 182	5000008c
	constant pool entry 181	500000d4
	constant pool entry 180	500000df
	constant pool entry 177	50000158
	constant pool entry 173	5000015c
	constant pool entry 172	5000015e
	constant pool entry 171	50000052
	constant pool entry 170	50000047
	constant pool entry 167	50000181
	constant pool entry 164	5000008d
	constant pool entry 163	500001e4
	constant pool entry 156	5000007c
	constant pool entry 154	50000085
	constant pool entry 153	5000008b
	constant pool entry 152	5000008a
	constant pool entry 151	5000007b
	constant pool entry 150	50000083
	constant pool entry 14	5000017a
	constant pool entry 13	50000f9c
	constant pool entry 11	50000f9b
	constant pool entry 10	50000f9a
	constant pool entry 7	50000f99
	constant pool entry 1	50000f74
CLS 5000017c (name=java.lang.Cloneable, trace=300000)
CLS 5000017d (name=java.lang.Class, trace=300000)
	super		50000185
	static serialPersistentFields	50000f91
	static reflectionFactory	50000f90
	constant pool entry 1188	5000010b
	constant pool entry 504	50000100
	constant pool entry 503	500000f5
	constant pool entry 502	500000da
	constant pool entry 486	50000103
	constant pool entry 477	50000155
	constant pool entry 476	50000151
	constant pool entry 473	50000165
	constant pool entry 469	5000017a
	constant pool entry 467	50000181
	constant pool entry 449	5000017b
	constant pool entry 447	500000c4
	constant pool entry 444	500000c3
	constant pool entry 441	500000c5
	constant pool entry 439	500000ae
	constant pool entry 437	50000110
	constant pool entry 19	5000017d
CLS 5000017e (name=java.lang.reflect.Type, trace=300000)
CLS 5000017f (name=java.lang.reflect.GenericDeclaration, trace=300000)
CLS 50000180 (name=java.lang.reflect.AnnotatedElement, trace=300000)
CLS 50000181 (name=java.lang.String, trace=300000)
	super		50000185
	static serialPersistentFields	50000f83
	static CASE_INSENSITIVE_ORDER	50000f82
	constant pool entry 538	5000010b
	constant pool entry 253	5000002e
	constant pool entry 249	5000010d
	constant pool entry 248	500000b5
	constant pool entry 244	5000017a
	constant pool entry 242	500000a1
	constant pool entry 239	5000010c
	constant pool entry 237	50000181
	constant pool entry 236	50000185
	constant pool entry 234	500000d1
	constant pool entry 224	50000124
	constant pool entry 223	50000182
	constant pool entry 219	50000110
	constant pool entry 14	50000f81
	constant pool entry 13	50000f6f
	constant pool entry 12	50000f60
	constant pool entry 11	50000f71
	constant pool entry 10	50000f80
	constant pool entry 9	50000f7f
	constant pool entry 8	50000f7e
	constant pool entry 7	50000f70
	constant pool entry 6	50000f7d
	constant pool entry 5	50000f74
CLS 50000182 (name=java.lang.CharSequence, trace=300000)
CLS 50000183 (name=java.lang.Comparable, trace=300000)
CLS 50000184 (name=java.io.Serializable, trace=300000)
CLS 50000186 (name=long[], trace=300000)
	super		50000185
CLS 50000187 (name=int[], trace=300000)
	super		50000185
CLS 50000188 (name=short[], trace=300000)
	super		50000185
CLS 50000189 (name=byte[], trace=300000)
	super		50000185
CLS 5000018a (name=double[], trace=300000)
	super		50000185
CLS 5000018b (name=float[], trace=300000)
	super		50000185
CLS 5000018c (name=char[], trace=300000)
	super		50000185
CLS 5000018d (name=boolean[], trace=300000)
	super		50000185
CLS 50000195 (name=java.lang.invoke.MethodHandleImpl, trace=300003)
	super		50000185
	static PRODUCE_BLOCK_INLINING_FORM	500001a3
	static PRODUCE_REINVOKER_FORM	500001a5
	static FAKE_METHOD_HANDLE_INVOKE	500001a7
	static NO_ARGS_ARRAY	500001a8
	static FILL_ARRAY_TO_RIGHT	500001a9
	static TYPED_COLLECTORS	500001b1
	constant pool entry 966	5000010b
	constant pool entry 380	50000103
	constant pool entry 364	500001ab
	constant pool entry 363	500001a4
	constant pool entry 362	500001a2
	constant pool entry 361	50000198
	constant pool entry 360	500001b8
	constant pool entry 340	5000017d
	constant pool entry 27	50000195
	constant pool entry 26	50000143
	constant pool entry 23	50000185
	constant pool entry 22	5000011e
CLS 50000198 (name=java.lang.invoke.MethodHandleImpl$1, trace=300006)
	super		50000185
	constant pool entry 30	50000198
	constant pool entry 29	50000135
	constant pool entry 28	50000185
	constant pool entry 27	5000011e
	constant pool entry 26	5000017d
	constant pool entry 2	50000195
	constant pool entry 1	5000274e
CLS 500001a1 (name=java.util.function.Function, trace=300014)
CLS 500001a2 (name=java.lang.invoke.MethodHandleImpl$2, trace=300014)
	super		50000185
	constant pool entry 24	50000185
CLS 500001a4 (name=java.lang.invoke.MethodHandleImpl$3, trace=300016)
	super		50000185
	constant pool entry 20	50000185
CLS 500001a6 (name=java.lang.invoke.MethodHandle[], trace=300018)
	super		50000185
CLS 500001aa (name=java.lang.ClassValue, trace=300021)
	super		50000185
	static EMPTY_CACHE	500001ae
	static nextHashCode	500001af
	static CRITICAL_SECTION	500001b0
	constant pool entry 171	5000010b
	constant pool entry 69	500000c6
	constant pool entry 67	50000185
	constant pool entry 66	500001b4
	constant pool entry 65	500001b2
	constant pool entry 64	500001ac
	constant pool entry 62	500001aa
CLS 500001ab (name=java.lang.invoke.MethodHandleImpl$4, trace=300021)
	super		500001aa
	constant pool entry 12	500001aa
CLS 500001ac (name=java.lang.ClassValue$Entry, trace=300022)
	super		50000164
	static DEAD_ENTRY	500001b6
	constant pool entry 39	50000164
	constant pool entry 37	500001ac
	constant pool entry 36	5000017d
	constant pool entry 1	500001aa
CLS 500001ad (name=java.lang.ClassValue$Entry[], trace=300023)
	super		50000185
CLS 500001b2 (name=java.lang.ClassValue$Identity, trace=300027)
	super		50000185
	constant pool entry 10	50000185
CLS 500001b4 (name=java.lang.ClassValue$Version, trace=300029)
	super		50000185
	constant pool entry 21	50000185
	constant pool entry 20	500001b4
	constant pool entry 19	500001ac
CLS 500001b8 (name=java.lang.invoke.MemberName$Factory, trace=300033)
	super		50000185
	static INSTANCE	500001b9
	constant pool entry 100	500001b8
	constant pool entry 96	50000185
	constant pool entry 91	5000017d
	constant pool entry 10	50000141
CLS 500001ba (name=java.lang.invoke.MethodHandleStatics, trace=300035)
	super		50000185
	static UNSAFE	50000fac
	constant pool entry 193	5000010b
	constant pool entry 95	50000134
	constant pool entry 94	50000103
	constant pool entry 92	500001bc
	constant pool entry 91	500001ba
	constant pool entry 85	50000185
	constant pool entry 83	5000011e
	constant pool entry 79	50000125
CLS 500001bc (name=java.lang.invoke.MethodHandleStatics$1, trace=300037)
	super		50000185
	constant pool entry 49	500001bc
	constant pool entry 47	5000017a
	constant pool entry 46	50000185
	constant pool entry 45	5000011e
	constant pool entry 44	50000125
	constant pool entry 10	50000f81
	constant pool entry 9	50002744
	constant pool entry 8	50002743
	constant pool entry 7	50002742
	constant pool entry 6	50002741
	constant pool entry 5	50002740
	constant pool entry 4	5000273f
	constant pool entry 3	5000273e
	constant pool entry 2	5000273d
	constant pool entry 1	5000273c
CLS 500001c3 (name=sun.misc.PostVMInitHook, trace=300000)
	super		50000185
	constant pool entry 20	500001c4
	constant pool entry 19	500001c3
	constant pool entry 18	5000017a
	constant pool entry 2	5000275a
	constant pool entry 1	50002759
CLS 500001c4 (name=sun.usagetracker.UsageTrackerClient, trace=300042)
	super		50000185
	static LOCK	500001c5
	static ORCL_UT_CONFIG_FILE_NAME	50002769
	static ORCL_UT_USAGE_DIR	5000275c
	static ORCL_UT_PROPERTY_NAME	5000277a
	static ORCL_UT_PROPERTY_RUN_SYNCHRONOUSLY	50002779
	static ORCL_UT_PROPERTY_CONFIG_FILE_NAME	50002764
	static ORCL_UT_LOGTOFILE	50002778
	static ORCL_UT_LOGFILEMAXSIZE	50002777
	static ORCL_UT_LOGTOUDP	50002776
	static ORCL_UT_TRACK_LAST_USAGE	50002775
	static ORCL_UT_VERBOSE	50002774
	static ORCL_UT_DEBUG	50002773
	static ORCL_UT_ADDITIONALPROPERTIES	50002772
	static ORCL_UT_SEPARATOR	50002771
	static ORCL_UT_QUOTE	50002770
	static ORCL_UT_QUOTE_INNER	5000276f
	static DEFAULT_SEP	5000276e
	static DEFAULT_QUOTE	5000276d
	static DEFAULT_QUOTE_INNER	5000276c
	static isFirstRun	500001ca
	static javaHome	50000fd7
	static userHomeKeyword	5000276b
	constant pool entry 491	5000010b
	constant pool entry 293	500001d4
	constant pool entry 292	5000036d
	constant pool entry 291	500001e2
	constant pool entry 290	500001cb
	constant pool entry 289	500001c4
	constant pool entry 288	500001c6
	constant pool entry 286	50000103
	constant pool entry 284	5000017a
	constant pool entry 283	50000135
	constant pool entry 282	50000181
	constant pool entry 280	50000185
	constant pool entry 278	5000011d
	constant pool entry 272	50000085
	constant pool entry 270	5000012f
	constant pool entry 47	5000276a
	constant pool entry 45	50002769
	constant pool entry 43	50002768
	constant pool entry 42	50001c0f
	constant pool entry 41	50002767
	constant pool entry 40	50002766
	constant pool entry 38	50002765
	constant pool entry 37	500024b8
	constant pool entry 26	50002764
	constant pool entry 24	50002763
	constant pool entry 17	50002762
	constant pool entry 16	5000137d
	constant pool entry 15	50002761
	constant pool entry 14	50002760
	constant pool entry 13	5000275f
	constant pool entry 12	5000275e
	constant pool entry 9	5000275d
	constant pool entry 8	5000275c
	constant pool entry 7	5000275b
CLS 500001c6 (name=java.util.concurrent.atomic.AtomicBoolean, trace=300044)
	super		50000185
	static unsafe	50000fac
	constant pool entry 49	50000134
	constant pool entry 48	50000185
	constant pool entry 45	5000017d
	constant pool entry 2	500001c6
	constant pool entry 1	5000122b
CLS 500001cb (name=sun.usagetracker.UsageTrackerClient$1, trace=300046)
	super		50000185
	constant pool entry 25	500001cb
	constant pool entry 22	5000017a
	constant pool entry 21	50000185
CLS 500001d4 (name=sun.usagetracker.UsageTrackerClient$4, trace=300053)
	super		50000185
	constant pool entry 58	500001d4
	constant pool entry 57	500001c4
	constant pool entry 53	5000017a
	constant pool entry 50	50000185
	constant pool entry 49	50000125
	constant pool entry 4	50000f81
	constant pool entry 3	50002779
	constant pool entry 2	5000278e
CLS 500001e2 (name=sun.usagetracker.UsageTrackerClient$2, trace=300065)
	super		50000185
	constant pool entry 25	500001e2
	constant pool entry 22	5000017a
	constant pool entry 21	50000185
CLS 500001e4 (name=java.lang.ProcessEnvironment, trace=300067)
	super		500000d9
	static nameComparator	500001e6
	static entryComparator	500001e8
	static theEnvironment	500001e9
	static theUnmodifiableEnvironment	500001eb
	static theCaseInsensitiveEnvironment	500002ef
	constant pool entry 118	500000a8
	constant pool entry 116	5000015b
	constant pool entry 113	500000d9
	constant pool entry 112	500000f0
	constant pool entry 109	50000181
	constant pool entry 108	500001e5
	constant pool entry 107	500001e7
	constant pool entry 104	500002f0
	constant pool entry 101	500001e4
CLS 500001e5 (name=java.lang.ProcessEnvironment$NameComparator, trace=300068)
	super		50000185
	constant pool entry 31	50000181
	constant pool entry 30	500001e5
	constant pool entry 27	50000185
	constant pool entry 26	500000d1
	constant pool entry 25	50000124
CLS 500001e7 (name=java.lang.ProcessEnvironment$EntryComparator, trace=300070)
	super		50000185
	constant pool entry 25	500001e7
	constant pool entry 22	50000185
CLS 500001ea (name=java.util.Collections$UnmodifiableMap, trace=300073)
	super		50000185
	constant pool entry 61	500001ea
	constant pool entry 58	50000185
CLS 500002f0 (name=java.lang.ProcessEnvironment$CheckedEntrySet, trace=300084)
	super		500000ee
	constant pool entry 33	500000ee
	constant pool entry 32	500002f4
	constant pool entry 31	500002f0
CLS 500002f1 (name=java.util.HashMap$EntrySet, trace=300085)
	super		500000ee
	constant pool entry 51	500002f1
	constant pool entry 50	500002f7
	constant pool entry 47	500000ee
CLS 500002f4 (name=java.lang.ProcessEnvironment$CheckedEntrySet$1, trace=300088)
	super		50000185
	constant pool entry 34	500000ef
	constant pool entry 33	500000d8
	constant pool entry 31	5000008f
	constant pool entry 30	500002f4
	constant pool entry 29	500002f0
	constant pool entry 28	500002f9
	constant pool entry 26	50000185
CLS 500002f6 (name=java.util.HashMap$HashIterator, trace=300090)
	super		50000185
	constant pool entry 39	500000d7
	constant pool entry 38	500002f6
	constant pool entry 37	500000d9
	constant pool entry 35	50000185
CLS 500002f7 (name=java.util.HashMap$EntryIterator, trace=300090)
	super		500002f6
	constant pool entry 20	500002f6
	constant pool entry 19	500002f7
CLS 500002f9 (name=java.lang.ProcessEnvironment$CheckedEntry, trace=300092)
	super		50000185
	constant pool entry 37	500000d8
	constant pool entry 34	50000181
	constant pool entry 33	500002f9
	constant pool entry 31	50000185
CLS 5000036d (name=sun.usagetracker.UsageTrackerClient$3, trace=300104)
	super		50000185
	constant pool entry 25	5000036d
	constant pool entry 22	50000185
	constant pool entry 21	5000012f
CLS 500003a1 (name=sun.nio.cs.Unicode, trace=300147)
	super		500000cf
	constant pool entry 109	500000cf
CLS 500003a2 (name=sun.nio.cs.UTF_8, trace=300147)
	super		500003a1
	constant pool entry 33	500003a1
	constant pool entry 32	500003ad
	constant pool entry 31	500003f5
	constant pool entry 29	500003a2
	constant pool entry 28	500000cc
	constant pool entry 27	50000126
	constant pool entry 2	50001733
	constant pool entry 1	5000137d
CLS 500003ad (name=sun.nio.cs.UTF_8$Encoder, trace=300157)
	super		50000075
	constant pool entry 77	500003ad
	constant pool entry 69	50000075
	constant pool entry 66	500000d1
CLS 500003b4 (name=java.io.FileOutputStream$1, trace=300164)
	super		50000185
	constant pool entry 19	50000185
	constant pool entry 17	500003b4
	constant pool entry 16	50000085
CLS 500003b7 (name=sun.launcher.LauncherHelper, trace=300000)
	super		5000005d
	static INSTANCE	500003b8
	static MAIN_CLASS	500027a5
	static outBuf	500003bb
	static INDENT	500027a4
	static VM_SETTINGS	500027a3
	static PROP_SETTINGS	500027a2
	static LOCALE_SETTINGS	500027a1
	static diagprop	500010d8
	static defaultBundleName	50001222
	static ostream	50000f9f
	static scloader	50000e6b
	static encprop	500027a0
	static encoding	50000e6a
	static $VALUES	500003ba
	constant pool entry 695	5000010b
	constant pool entry 400	500000d4
	constant pool entry 397	500006bb
	constant pool entry 390	500006bc
	constant pool entry 380	50000e18
	constant pool entry 376	500000cf
	constant pool entry 370	5000017a
	constant pool entry 369	50000135
	constant pool entry 368	50000181
	constant pool entry 366	50000185
	constant pool entry 364	5000016d
	constant pool entry 360	5000005d
	constant pool entry 358	5000017b
	constant pool entry 355	5000007c
	constant pool entry 70	500003b7
	constant pool entry 67	500027a0
	constant pool entry 66	500010d8
	constant pool entry 61	50001c0f
	constant pool entry 42	50000e69
	constant pool entry 31	50001afc
	constant pool entry 26	5000279f
	constant pool entry 1	50000f74
CLS 500003b9 (name=sun.launcher.LauncherHelper[], trace=300167)
	super		50000185
CLS 500003c5 (name=java.net.URLClassLoader$1, trace=300176)
	super		50000185
	constant pool entry 43	50000004
	constant pool entry 40	500003c5
	constant pool entry 39	5000012e
	constant pool entry 38	50000181
	constant pool entry 37	50000185
	constant pool entry 34	500006b8
	constant pool entry 1	500023db
CLS 500003c9 (name=sun.net.util.URLUtil, trace=300180)
	super		50000185
	constant pool entry 57	5000012d
	constant pool entry 56	50000135
	constant pool entry 55	50000181
	constant pool entry 3	5000249c
CLS 500003cf (name=sun.misc.URLClassPath$3, trace=300185)
	super		50000185
	constant pool entry 47	500003d2
	constant pool entry 46	500005cb
	constant pool entry 45	500003cf
	constant pool entry 44	50000004
	constant pool entry 42	5000012d
	constant pool entry 41	50000181
	constant pool entry 40	50000185
	constant pool entry 2	50001355
	constant pool entry 1	50001353
CLS 500003d1 (name=sun.misc.URLClassPath$Loader, trace=300187)
	super		50000185
	constant pool entry 64	500003d1
	constant pool entry 54	50000185
CLS 500003d2 (name=sun.misc.URLClassPath$JarLoader, trace=300187)
	super		500003d1
	static zipAccess	500003d7
	constant pool entry 209	50000012
	constant pool entry 207	500003d1
	constant pool entry 204	500009bf
	constant pool entry 203	500003d2
	constant pool entry 201	500000df
	constant pool entry 199	50000036
	constant pool entry 197	50000b9f
	constant pool entry 194	500009c1
	constant pool entry 193	50000c22
	constant pool entry 190	50000b9e
	constant pool entry 180	500006b9
	constant pool entry 179	50000103
	constant pool entry 175	5000012d
	constant pool entry 172	5000017a
	constant pool entry 171	50000135
	constant pool entry 170	50000181
	constant pool entry 168	500006b8
	constant pool entry 167	500009d6
	constant pool entry 166	5000012f
	constant pool entry 8	500023d1
	constant pool entry 7	50001355
	constant pool entry 2	500023d3
	constant pool entry 1	50000f74
CLS 500003d3 (name=java.util.zip.ZipConstants, trace=300188)
CLS 500003d4 (name=java.util.zip.ZipFile, trace=300188)
	super		50000185
	constant pool entry 256	500000d4
	constant pool entry 255	500000df
	constant pool entry 254	50000603
	constant pool entry 253	50000c5b
	constant pool entry 252	50000c65
	constant pool entry 250	500003d6
	constant pool entry 249	500003d4
	constant pool entry 247	50000c53
	constant pool entry 245	50000c06
	constant pool entry 244	50000c5e
	constant pool entry 242	500000ba
	constant pool entry 238	5000015b
	constant pool entry 235	50000ae3
	constant pool entry 234	50000c03
	constant pool entry 233	50000baa
	constant pool entry 230	5000017a
	constant pool entry 226	50000185
	constant pool entry 219	5000012f
	constant pool entry 8	500010dc
CLS 500003d5 (name=sun.misc.JavaUtilZipFileAccess, trace=300189)
CLS 500003d6 (name=java.util.zip.ZipFile$1, trace=300189)
	super		50000185
	constant pool entry 12	50000185
CLS 500003eb (name=sun.nio.cs.ThreadLocalCoders, trace=300208)
	super		50000185
	static decoderCache	500003ee
	static encoderCache	500003f1
	constant pool entry 31	500003ec
	constant pool entry 30	500003f0
	constant pool entry 29	500003ed
	constant pool entry 28	500003eb
	constant pool entry 26	50000097
CLS 500003ec (name=sun.nio.cs.ThreadLocalCoders$Cache, trace=300209)
	super		50000185
	constant pool entry 53	5000010b
	constant pool entry 28	500003ec
	constant pool entry 26	500000c7
	constant pool entry 25	50000185
	constant pool entry 24	5000011c
CLS 500003ed (name=sun.nio.cs.ThreadLocalCoders$1, trace=300209)
	super		500003ec
	constant pool entry 38	500003ec
	constant pool entry 37	500003ed
	constant pool entry 36	50000097
	constant pool entry 35	500000cf
	constant pool entry 34	50000181
	constant pool entry 33	5000017d
	constant pool entry 1	500003eb
CLS 500003f0 (name=sun.nio.cs.ThreadLocalCoders$2, trace=300212)
	super		500003ec
	constant pool entry 38	500003ec
	constant pool entry 37	500003f0
	constant pool entry 33	5000017d
	constant pool entry 1	500003eb
CLS 500003f5 (name=sun.nio.cs.UTF_8$Decoder, trace=300217)
	super		50000097
	constant pool entry 96	500003f5
	constant pool entry 92	50000069
	constant pool entry 91	50000097
	constant pool entry 90	5000006b
	constant pool entry 89	50000073
	constant pool entry 86	500000d1
	constant pool entry 85	5000017d
	constant pool entry 3	500003a2
CLS 500005cb (name=sun.misc.URLClassPath$FileLoader, trace=300237)
	super		500003d1
	constant pool entry 63	50000012
	constant pool entry 62	500003d1
	constant pool entry 61	500005f8
	constant pool entry 60	500005cb
	constant pool entry 59	50000004
	constant pool entry 57	5000012d
	constant pool entry 56	50000181
	constant pool entry 52	5000012f
	constant pool entry 3	50001355
	constant pool entry 2	5000249e
	constant pool entry 1	50001351
CLS 500005f7 (name=sun.misc.Resource, trace=300265)
	super		50000185
	constant pool entry 97	5000010b
	constant pool entry 59	500005fe
	constant pool entry 58	500005f7
	constant pool entry 57	500000b5
	constant pool entry 55	5000015e
	constant pool entry 54	50000185
	constant pool entry 53	500000d1
	constant pool entry 51	50000131
CLS 500005f8 (name=sun.misc.URLClassPath$FileLoader$1, trace=300265)
	super		500005f7
	constant pool entry 36	500005f8
	constant pool entry 35	500005cb
	constant pool entry 33	500005f7
	constant pool entry 31	5000008b
	constant pool entry 30	5000012f
CLS 500005fe (name=sun.nio.ByteBuffered, trace=300270)
CLS 50000603 (name=sun.misc.PerfCounter, trace=300275)
	super		50000185
	static perf	50000607
	constant pool entry 78	50000608
	constant pool entry 77	50000603
	constant pool entry 76	50000604
	constant pool entry 75	50000606
	constant pool entry 74	50000103
	constant pool entry 73	5000060f
	constant pool entry 72	50000070
	constant pool entry 71	50000073
	constant pool entry 70	5000017a
	constant pool entry 68	50000185
CLS 50000604 (name=sun.misc.Perf$GetPerfAction, trace=300276)
	super		50000185
	constant pool entry 16	50000604
	constant pool entry 15	50000606
	constant pool entry 13	50000185
CLS 50000606 (name=sun.misc.Perf, trace=300278)
	super		50000185
	static instance	50000607
	constant pool entry 76	50000606
	constant pool entry 73	5000017a
	constant pool entry 69	50000185
CLS 50000608 (name=sun.misc.PerfCounter$CoreCounters, trace=300280)
	super		50000185
	static pdt	50000609
	static lc	50000612
	static lct	50000615
	static rcbt	50000618
	static zfc	5000061b
	static zfot	5000061e
	constant pool entry 30	50000608
	constant pool entry 29	50000603
	constant pool entry 6	500024c8
	constant pool entry 5	500024c7
	constant pool entry 4	500024c6
	constant pool entry 3	500024c5
	constant pool entry 2	500024c4
	constant pool entry 1	500024c3
CLS 5000060a (name=sun.nio.ch.DirectBuffer, trace=300282)
CLS 5000060b (name=java.nio.MappedByteBuffer, trace=300282)
	super		50000073
	constant pool entry 42	5000060b
	constant pool entry 41	50000073
CLS 5000060c (name=java.nio.DirectByteBuffer, trace=300282)
	super		5000060b
	static unsafe	50000fac
	constant pool entry 239	50000134
	constant pool entry 236	5000060b
	constant pool entry 229	50000610
	constant pool entry 200	50000071
	constant pool entry 194	5000017d
	constant pool entry 2	5000060c
	constant pool entry 1	50000189
CLS 5000060f (name=java.nio.LongBuffer, trace=300285)
	super		50000126
	constant pool entry 92	5000060f
	constant pool entry 88	50000126
CLS 50000610 (name=java.nio.DirectLongBufferU, trace=300285)
	super		5000060f
	static unsafe	50000fac
	constant pool entry 88	5000060a
	constant pool entry 87	50000134
	constant pool entry 86	5000060f
	constant pool entry 81	50000071
	constant pool entry 79	5000017d
	constant pool entry 2	50000610
	constant pool entry 1	50000186
CLS 50000621 (name=java.security.PermissionCollection, trace=300292)
	super		50000185
	constant pool entry 44	50000621
	constant pool entry 41	50000185
CLS 50000622 (name=java.security.Permissions, trace=300292)
	super		50000621
	static serialPersistentFields	50000623
	constant pool entry 211	5000010b
	constant pool entry 111	5000015b
	constant pool entry 109	500000d9
	constant pool entry 102	50000622
	constant pool entry 101	50000106
	constant pool entry 100	50000683
	constant pool entry 97	50000185
	constant pool entry 93	50000110
	constant pool entry 6	50000159
	constant pool entry 5	50000684
	constant pool entry 4	50000621
	constant pool entry 3	5000239d
	constant pool entry 1	5000239c
CLS 50000648 (name=java.net.URLConnection, trace=300312)
	super		50000185
	static handlers	5000064b
	static contentClassPrefix	50001372
	static contentPathProp	50001371
	constant pool entry 300	50000159
	constant pool entry 293	50000648
	constant pool entry 285	50000185
CLS 50000649 (name=sun.net.www.URLConnection, trace=300312)
	super		50000648
	static proxiedHosts	5000064d
	constant pool entry 110	50000649
	constant pool entry 109	5000064f
	constant pool entry 108	500000d9
	constant pool entry 106	50000648
CLS 5000064a (name=sun.net.www.protocol.file.FileURLConnection, trace=300312)
	super		50000649
	static CONTENT_LENGTH	50001368
	static CONTENT_TYPE	50001369
	static TEXT_PLAIN	5000136c
	static LAST_MODIFIED	5000136a
	constant pool entry 157	5000064a
	constant pool entry 156	50000649
	constant pool entry 155	50000012
	constant pool entry 141	5000012d
	constant pool entry 137	50000181
	constant pool entry 135	50000653
	constant pool entry 132	5000012f
	constant pool entry 10	5000136c
	constant pool entry 9	5000136b
	constant pool entry 8	5000136a
	constant pool entry 7	50001369
	constant pool entry 6	50001368
CLS 5000064f (name=sun.net.www.MessageHeader, trace=300317)
	super		50000185
	constant pool entry 247	5000010b
	constant pool entry 132	5000064f
	constant pool entry 118	50000181
	constant pool entry 117	50000185
CLS 50000653 (name=java.io.FilePermission, trace=300321)
	super		50000106
	constant pool entry 130	50000106
	constant pool entry 129	50000103
	constant pool entry 127	50000181
	constant pool entry 119	5000066f
	constant pool entry 118	50000657
	constant pool entry 117	50000653
	constant pool entry 116	5000012f
	constant pool entry 8	5000136b
	constant pool entry 2	50002363
CLS 50000657 (name=java.io.FilePermission$1, trace=300325)
	super		50000185
	constant pool entry 42	50000181
	constant pool entry 41	50000185
	constant pool entry 39	50000657
	constant pool entry 38	50000653
	constant pool entry 37	5000012f
	constant pool entry 1	50000f8b
CLS 5000066f (name=java.io.FilePermissionCollection, trace=300336)
	super		50000621
	static serialPersistentFields	50000670
	constant pool entry 161	5000010b
	constant pool entry 90	500000fb
	constant pool entry 88	500000f1
	constant pool entry 87	50000621
	constant pool entry 78	50000110
	constant pool entry 72	5000066f
	constant pool entry 71	50000653
	constant pool entry 4	500000f7
	constant pool entry 3	50000f8e
CLS 50000683 (name=java.security.AllPermission, trace=300342)
	super		50000106
CLS 50000684 (name=java.security.UnresolvedPermission, trace=300343)
	super		50000106
CLS 50000686 (name=java.security.BasicPermissionCollection, trace=300345)
	super		50000621
	static serialPersistentFields	50000687
	constant pool entry 224	5000010b
	constant pool entry 120	5000015b
	constant pool entry 119	500000d9
	constant pool entry 116	50000621
	constant pool entry 114	50000686
	constant pool entry 113	50000105
	constant pool entry 110	50000181
	constant pool entry 108	50000185
	constant pool entry 105	50000125
	constant pool entry 103	50000110
	constant pool entry 9	50000159
	constant pool entry 8	5000017d
	constant pool entry 7	50000f8e
	constant pool entry 6	50000f8d
	constant pool entry 3	50000f8c
	constant pool entry 1	50000f8b
CLS 500006b8 (name=java.io.IOException, trace=300360)
	super		50000176
	constant pool entry 14	50000176
CLS 500006b9 (name=java.security.PrivilegedActionException, trace=300361)
	super		50000176
	constant pool entry 34	500006b9
	constant pool entry 29	50000176
CLS 500006bb (name=sun.launcher.LauncherHelper$ResourceBundleHolder, trace=300363)
	super		50000185
	static RB	50000d1f
	constant pool entry 18	500006bb
	constant pool entry 16	500006bc
	constant pool entry 1	50001222
CLS 500006bc (name=java.util.ResourceBundle, trace=300364)
	super		50000185
	static NONEXISTENT_BUNDLE	500006be
	static cacheList	500006bf
	static referenceQueue	500006c0
	constant pool entry 214	500000da
	constant pool entry 213	5000002b
	constant pool entry 212	5000002a
	constant pool entry 210	500006c3
	constant pool entry 208	50000abb
	constant pool entry 205	50000acc
	constant pool entry 203	50000add
	constant pool entry 202	50000b30
	constant pool entry 201	500006bd
	constant pool entry 199	5000002e
	constant pool entry 198	500000fb
	constant pool entry 197	5000008f
	constant pool entry 193	500000e6
	constant pool entry 188	50000181
	constant pool entry 187	50000185
	constant pool entry 180	5000017d
	constant pool entry 11	500006c2
	constant pool entry 10	500006bc
CLS 500006bd (name=java.util.ResourceBundle$1, trace=300365)
	super		500006bc
	constant pool entry 16	500006bc
CLS 500006c2 (name=java.util.spi.ResourceBundleControlProvider, trace=300370)
CLS 500006c3 (name=java.util.ServiceLoader, trace=300371)
	super		50000185
	static PREFIX	500027b5
	constant pool entry 133	500006c6
	constant pool entry 132	500006c8
	constant pool entry 131	500006c3
	constant pool entry 129	50000091
	constant pool entry 127	5000005f
	constant pool entry 120	5000017a
	constant pool entry 117	50000185
	constant pool entry 115	5000017b
	constant pool entry 114	5000017d
	constant pool entry 7	500027b4
CLS 500006c6 (name=java.util.ServiceLoader$LazyIterator, trace=300374)
	super		50000185
	constant pool entry 99	500006c6
	constant pool entry 97	500006c3
	constant pool entry 93	50000090
	constant pool entry 88	50000135
	constant pool entry 86	50000185
	constant pool entry 83	5000017b
	constant pool entry 82	5000017d
	constant pool entry 5	500027b5
CLS 500006c8 (name=java.util.ServiceLoader$1, trace=300376)
	super		50000185
	constant pool entry 41	500000ef
	constant pool entry 40	500006c6
	constant pool entry 39	500006c8
	constant pool entry 38	500006c3
	constant pool entry 35	5000005f
	constant pool entry 34	5000008f
	constant pool entry 32	50000185
CLS 500006ca (name=java.util.LinkedHashMap$LinkedEntrySet, trace=300378)
	super		500000ee
	constant pool entry 54	500006ca
	constant pool entry 53	500006cd
	constant pool entry 47	500000ee
CLS 500006cc (name=java.util.LinkedHashMap$LinkedHashIterator, trace=300380)
	super		50000185
	constant pool entry 41	500006cc
	constant pool entry 39	5000005f
	constant pool entry 35	50000185
CLS 500006cd (name=java.util.LinkedHashMap$LinkedEntryIterator, trace=300380)
	super		500006cc
	constant pool entry 21	500006cc
	constant pool entry 20	500006cd
CLS 500006d5 (name=java.util.Enumeration[], trace=300386)
	super		50000185
CLS 500006d7 (name=sun.misc.Launcher$BootClassPathHolder, trace=300387)
	super		50000185
	static bcp	5000092f
	constant pool entry 28	50000004
	constant pool entry 27	500006d8
	constant pool entry 26	500006d7
	constant pool entry 25	5000012b
	constant pool entry 24	50000103
	constant pool entry 21	5000000d
CLS 500006d8 (name=sun.misc.Launcher$BootClassPathHolder$1, trace=300388)
	super		50000185
	constant pool entry 39	50000036
	constant pool entry 38	500006d8
	constant pool entry 36	5000012b
	constant pool entry 35	500000ef
	constant pool entry 34	50000005
	constant pool entry 32	50000185
	constant pool entry 31	5000012f
CLS 5000093c (name=sun.misc.URLClassPath$2, trace=300473)
	super		50000185
	constant pool entry 38	500003d1
	constant pool entry 37	5000093c
	constant pool entry 36	50000004
	constant pool entry 33	50000185
CLS 5000093e (name=java.lang.ClassLoader$2, trace=300475)
	super		50000185
	constant pool entry 22	50000090
	constant pool entry 21	50000185
	constant pool entry 20	5000093e
CLS 50000940 (name=sun.misc.URLClassPath$1, trace=300477)
	super		50000185
	constant pool entry 38	500003d1
	constant pool entry 37	50000940
	constant pool entry 36	50000004
	constant pool entry 33	50000185
CLS 50000942 (name=java.net.URLClassLoader$3, trace=300479)
	super		50000185
	constant pool entry 35	50000103
	constant pool entry 34	50000ab9
	constant pool entry 33	50000942
	constant pool entry 32	5000012e
	constant pool entry 30	50000185
CLS 50000944 (name=sun.misc.CompoundEnumeration, trace=300481)
	super		50000185
	constant pool entry 23	50000944
	constant pool entry 21	50000090
	constant pool entry 20	50000185
CLS 500009bf (name=sun.misc.URLClassPath$JarLoader$1, trace=300483)
	super		50000185
	constant pool entry 71	500009bf
	constant pool entry 70	500003d2
	constant pool entry 69	50000004
	constant pool entry 68	50000c1b
	constant pool entry 60	50000185
CLS 500009c1 (name=sun.misc.FileURLMapper, trace=300485)
	super		50000185
	constant pool entry 43	50000012
	constant pool entry 42	500009c1
	constant pool entry 41	5000012d
	constant pool entry 39	50000181
	constant pool entry 38	50000185
	constant pool entry 37	5000012f
	constant pool entry 1	50000f74
CLS 500009d6 (name=java.io.FileNotFoundException, trace=300495)
	super		500006b8
	constant pool entry 26	500006b8
CLS 50000ab9 (name=java.net.URLClassLoader$3$1, trace=300498)
	super		50000185
	constant pool entry 27	50000090
	constant pool entry 25	50000ab9
	constant pool entry 24	50000942
	constant pool entry 22	50000185
CLS 50000abb (name=java.util.ResourceBundle$RBClassLoader, trace=300500)
	super		5000017b
	static INSTANCE	50000abe
	static loader	50000e6b
	constant pool entry 36	50000abc
	constant pool entry 35	50000abb
	constant pool entry 32	50000103
	constant pool entry 30	5000017b
CLS 50000abc (name=java.util.ResourceBundle$RBClassLoader$1, trace=300501)
	super		50000185
	constant pool entry 20	50000abc
	constant pool entry 19	50000abb
	constant pool entry 15	50000185
CLS 50000acc (name=java.util.ResourceBundle$Control, trace=300515)
	super		50000185
	static FORMAT_DEFAULT	50000ad0
	static FORMAT_CLASS	50000ad3
	static FORMAT_PROPERTIES	50000ad6
	static INSTANCE	50000ad7
	static CANDIDATES_CACHE	50000ad9
	constant pool entry 315	5000010b
	constant pool entry 162	50000ad8
	constant pool entry 161	50000ce6
	constant pool entry 160	50000acc
	constant pool entry 157	5000002e
	constant pool entry 155	500000f0
	constant pool entry 154	500000fc
	constant pool entry 153	500000b5
	constant pool entry 152	500000f1
	constant pool entry 150	50000103
	constant pool entry 145	50000135
	constant pool entry 144	50000181
	constant pool entry 143	50000185
	constant pool entry 137	5000016f
	constant pool entry 136	5000017b
	constant pool entry 134	5000017d
	constant pool entry 8	500006bc
	constant pool entry 6	500027b9
	constant pool entry 5	500027b8
	constant pool entry 4	500027af
	constant pool entry 3	5000249c
	constant pool entry 1	50000f74
CLS 50000ace (name=java.util.Arrays$ArrayList, trace=300517)
	super		500000f8
	constant pool entry 58	50000091
	constant pool entry 57	50000ace
	constant pool entry 55	500000f8
	constant pool entry 51	5000011c
CLS 50000ad8 (name=java.util.ResourceBundle$Control$CandidateListCache, trace=300523)
	super		5000002d
	constant pool entry 85	5000002d
	constant pool entry 84	5000001b
	constant pool entry 83	50000ad8
	constant pool entry 79	5000002e
	constant pool entry 78	500000fb
	constant pool entry 77	50000ae5
	constant pool entry 75	50000181
	constant pool entry 14	50001065
	constant pool entry 13	500027bd
	constant pool entry 12	500027bc
	constant pool entry 11	500027bb
	constant pool entry 4	50002583
	constant pool entry 2	5000104d
	constant pool entry 1	50000f74
CLS 50000add (name=java.util.ResourceBundle$CacheKey, trace=300528)
	super		50000185
	constant pool entry 92	50000ae0
	constant pool entry 91	50000add
	constant pool entry 90	500006bc
	constant pool entry 89	5000002e
	constant pool entry 87	50000181
	constant pool entry 85	50000185
	constant pool entry 79	5000017b
CLS 50000adf (name=java.util.ResourceBundle$CacheKeyReference, trace=300530)
CLS 50000ae0 (name=java.util.ResourceBundle$LoaderReference, trace=300530)
	super		50000164
	constant pool entry 16	50000ae0
	constant pool entry 12	50000164
CLS 50000ae2 (name=java.util.Queue, trace=300532)
CLS 50000ae3 (name=java.util.Deque, trace=300532)
CLS 50000ae4 (name=java.util.AbstractSequentialList, trace=300532)
	super		500000f8
	constant pool entry 36	500000f8
CLS 50000ae5 (name=java.util.LinkedList, trace=300532)
	super		50000ae4
	constant pool entry 301	5000010b
	constant pool entry 150	50000af8
	constant pool entry 145	50000ae5
	constant pool entry 142	50000ae4
	constant pool entry 139	50000185
CLS 50000af8 (name=java.util.LinkedList$Node, trace=300546)
	super		50000185
	constant pool entry 17	50000af8
	constant pool entry 15	50000185
CLS 50000b25 (name=java.util.ListResourceBundle, trace=300556)
	super		500006bc
	constant pool entry 38	500006bc
	constant pool entry 37	5000015b
	constant pool entry 36	50000b25
	constant pool entry 35	500000d9
	constant pool entry 33	50000181
CLS 50000b26 (name=sun.launcher.resources.launcher, trace=300556)
	super		50000b25
	constant pool entry 87	50000b25
CLS 50000b30 (name=java.util.ResourceBundle$BundleReference, trace=300560)
	super		50000165
	constant pool entry 14	50000b30
	constant pool entry 12	50000165
CLS 50000b9e (name=java.util.jar.JarFile, trace=300572)
	super		500003d4
	static MANIFEST_NAME	500024b4
	static CLASSPATH_CHARS	50000ba2
	static CLASSPATH_LASTOCC	50000ba3
	static CLASSPATH_OPTOSFT	50000ba4
	static javaHome	50000fd7
	static jarNames	50000c24
	constant pool entry 448	5000010b
	constant pool entry 216	50000064
	constant pool entry 215	500000df
	constant pool entry 214	50000c6c
	constant pool entry 213	500003d4
	constant pool entry 212	50000c53
	constant pool entry 209	50000ba0
	constant pool entry 206	50000c56
	constant pool entry 201	50000b9e
	constant pool entry 199	50000c55
	constant pool entry 193	50000103
	constant pool entry 190	50000135
	constant pool entry 189	50000181
	constant pool entry 187	500000d1
	constant pool entry 186	50000131
	constant pool entry 184	5000012f
	constant pool entry 21	500024c0
	constant pool entry 20	500024bf
	constant pool entry 19	500024be
	constant pool entry 18	500024bd
	constant pool entry 17	500024bc
	constant pool entry 15	500024bb
	constant pool entry 14	500024ba
	constant pool entry 13	500024b9
	constant pool entry 12	500024b8
	constant pool entry 9	500024b7
	constant pool entry 7	500024b6
	constant pool entry 6	500024b5
	constant pool entry 5	500024b4
CLS 50000b9f (name=sun.misc.JavaUtilJarAccess, trace=300573)
CLS 50000ba0 (name=java.util.jar.JavaUtilJarAccessImpl, trace=300573)
	super		50000185
	constant pool entry 23	50000b9e
	constant pool entry 22	50000185
CLS 50000baa (name=java.nio.charset.StandardCharsets, trace=300579)
	super		50000185
	static US_ASCII	50000baf
	static ISO_8859_1	50000bc1
	static UTF_8	500003aa
	static UTF_16BE	50000bd7
	static UTF_16LE	50000be9
	static UTF_16	50000bfb
	constant pool entry 33	50000baa
	constant pool entry 32	500000cf
	constant pool entry 7	5000137d
	constant pool entry 6	500017d1
	constant pool entry 5	500017c7
	constant pool entry 4	500017ca
	constant pool entry 3	500016fd
	constant pool entry 1	500017c5
CLS 50000bae (name=sun.nio.cs.US_ASCII, trace=300580)
	super		500000cf
	constant pool entry 25	500000cc
	constant pool entry 23	500000cf
	constant pool entry 2	500016fd
CLS 50000bb9 (name=sun.nio.cs.ISO_8859_1, trace=300147)
	super		500000cf
	constant pool entry 31	500000cc
	constant pool entry 25	500000cf
	constant pool entry 1	500017c5
CLS 50000bcf (name=sun.nio.cs.UTF_16BE, trace=300147)
	super		500003a1
	constant pool entry 24	500003a1
	constant pool entry 20	500000cc
	constant pool entry 1	500017c7
CLS 50000be1 (name=sun.nio.cs.UTF_16LE, trace=300147)
	super		500003a1
	constant pool entry 24	500003a1
	constant pool entry 20	500000cc
	constant pool entry 1	500017d1
CLS 50000bf3 (name=sun.nio.cs.UTF_16, trace=300147)
	super		500003a1
	constant pool entry 22	500003a1
	constant pool entry 18	500000cc
	constant pool entry 1	500017ca
CLS 50000c03 (name=java.util.ArrayDeque, trace=300592)
	super		500000f9
	constant pool entry 248	5000010b
	constant pool entry 129	500000f9
	constant pool entry 126	50000185
	constant pool entry 120	5000017d
	constant pool entry 2	50000c03
CLS 50000c06 (name=java.util.zip.ZipCoder, trace=300595)
	super		50000185
	constant pool entry 192	5000010b
	constant pool entry 84	50000076
	constant pool entry 82	50000c06
	constant pool entry 81	500000b5
	constant pool entry 80	50000baa
	constant pool entry 79	50000095
	constant pool entry 77	50000075
	constant pool entry 75	500000cf
	constant pool entry 72	50000181
	constant pool entry 71	50000185
CLS 50000c1b (name=sun.misc.JarIndex, trace=300606)
	super		50000185
	static INDEX_NAME	500024b1
	constant pool entry 145	50000c1b
	constant pool entry 142	50000b9e
	constant pool entry 132	5000017a
	constant pool entry 130	50000181
	constant pool entry 10	50000f81
	constant pool entry 9	500024b2
	constant pool entry 6	500024b1
CLS 50000c22 (name=sun.misc.ExtensionDependency, trace=300610)
	super		50000185
	constant pool entry 206	50000c22
CLS 50000c53 (name=java.util.zip.ZipEntry, trace=300653)
	super		50000185
	constant pool entry 141	50000c53
	constant pool entry 138	50000091
	constant pool entry 135	50000185
	constant pool entry 4	500024cf
CLS 50000c55 (name=java.util.jar.JarEntry, trace=300655)
	super		50000c53
	constant pool entry 23	50000c53
CLS 50000c56 (name=java.util.jar.JarFile$JarFileEntry, trace=300655)
	super		50000c55
	constant pool entry 36	50000c56
	constant pool entry 34	50000c55
CLS 50000c5b (name=java.util.zip.ZipFile$ZipFileInputStream, trace=300660)
	super		50000131
	constant pool entry 53	50000c5b
	constant pool entry 52	500003d4
	constant pool entry 51	5000015b
	constant pool entry 48	50000131
CLS 50000c5e (name=java.util.zip.Inflater, trace=300662)
	super		50000185
	static defaultBuf	50000c5f
	constant pool entry 151	5000010b
	constant pool entry 81	50000c62
	constant pool entry 77	50000185
	constant pool entry 75	5000017d
	constant pool entry 2	50000c5e
CLS 50000c62 (name=java.util.zip.ZStreamRef, trace=300665)
	super		50000185
	constant pool entry 12	50000c62
	constant pool entry 11	50000185
CLS 50000c64 (name=java.util.zip.InflaterInputStream, trace=300667)
	super		50000084
	constant pool entry 155	5000010b
	constant pool entry 87	50000c64
	constant pool entry 86	50000c5e
	constant pool entry 78	50000131
	constant pool entry 76	50000084
CLS 50000c65 (name=java.util.zip.ZipFile$ZipFileInflaterInputStream, trace=300667)
	super		50000c64
	constant pool entry 60	50000c65
	constant pool entry 59	500003d4
	constant pool entry 58	50000c64
	constant pool entry 57	50000c5e
	constant pool entry 56	5000015b
	constant pool entry 53	50000131
CLS 50000c6c (name=sun.misc.IOUtils, trace=300673)
	super		50000185
	constant pool entry 45	5000010b
	constant pool entry 31	500000b5
	constant pool entry 29	500000d1
	constant pool entry 28	50000131
CLS 50000ce6 (name=java.util.ResourceBundle$Control$1, trace=300682)
	super		50000185
	constant pool entry 46	50000ce6
	constant pool entry 40	50000185
	constant pool entry 38	5000017b
CLS 50000ce8 (name=java.net.URLClassLoader$2, trace=300684)
	super		50000185
	constant pool entry 23	50000004
	constant pool entry 21	50000ce8
	constant pool entry 20	5000012e
	constant pool entry 19	50000185
CLS 50000d17 (name=sun.launcher.resources.launcher_zh_CN, trace=300556)
	super		50000b25
	constant pool entry 93	5000010b
	constant pool entry 87	50000b25
	constant pool entry 86	50000185
	constant pool entry 85	5000011c
	constant pool entry 38	500027d2
	constant pool entry 37	50002806
	constant pool entry 36	50002802
	constant pool entry 35	500027ce
	constant pool entry 34	500027ca
	constant pool entry 33	500027c2
	constant pool entry 32	500027de
	constant pool entry 31	500027da
	constant pool entry 30	50002809
	constant pool entry 29	500027f6
	constant pool entry 28	500027c6
	constant pool entry 27	500027e3
	constant pool entry 26	500027fb
	constant pool entry 25	500027db
	constant pool entry 24	500027ff
	constant pool entry 23	500027d7
	constant pool entry 22	500027df
	constant pool entry 21	500027c7
	constant pool entry 20	5000280a
	constant pool entry 19	50002803
	constant pool entry 18	500027f7
	constant pool entry 17	500027e7
	constant pool entry 16	500027ef
	constant pool entry 15	500027d3
	constant pool entry 14	500027cf
	constant pool entry 13	500027cb
	constant pool entry 12	500027c3
	constant pool entry 11	50000e69
	constant pool entry 10	500027f3
	constant pool entry 9	500027eb
	constant pool entry 8	500027e2
	constant pool entry 7	500027fa
	constant pool entry 6	500027d6
	constant pool entry 5	500027fe
	constant pool entry 4	500027f2
	constant pool entry 3	500027ee
	constant pool entry 2	500027e6
	constant pool entry 1	500027ea
CLS 50000ded (name=java.lang.Object[][], trace=300698)
	super		50000185
CLS 50000e17 (name=java.text.Format, trace=300720)
	super		50000185
	constant pool entry 58	50000e17
	constant pool entry 57	50000e42
	constant pool entry 53	50000136
	constant pool entry 52	50000185
CLS 50000e18 (name=java.text.MessageFormat, trace=300720)
	super		50000e17
	static TYPE_KEYWORDS	50000e19
	static NUMBER_MODIFIER_KEYWORDS	50000e1a
	static DATE_TIME_MODIFIER_KEYWORDS	50000e1b
	static DATE_TIME_MODIFIERS	50000e1c
	constant pool entry 508	5000010b
	constant pool entry 280	50000e22
	constant pool entry 279	5000002e
	constant pool entry 277	50000e44
	constant pool entry 270	50000e48
	constant pool entry 269	50000e18
	constant pool entry 267	50000e17
	constant pool entry 266	50000e42
	constant pool entry 257	50000135
	constant pool entry 256	50000136
	constant pool entry 255	50000181
	constant pool entry 252	50000123
	constant pool entry 250	5000011e
	constant pool entry 239	5000011c
	constant pool entry 31	50002815
	constant pool entry 30	50001340
	constant pool entry 29	50002814
	constant pool entry 28	50002813
	constant pool entry 25	50002812
	constant pool entry 24	50001234
	constant pool entry 23	50002811
	constant pool entry 22	50002810
	constant pool entry 20	5000280f
	constant pool entry 19	5000280e
	constant pool entry 18	5000280d
	constant pool entry 2	50000f74
CLS 50000e1e (name=java.text.Format[], trace=300726)
	super		50000185
CLS 50000e22 (name=java.util.Locale$Category, trace=300729)
	super		5000005d
	static DISPLAY	50000e23
	static FORMAT	50000e24
	static $VALUES	50000e26
	constant pool entry 77	5000010b
	constant pool entry 43	5000005d
	constant pool entry 42	50000e25
	constant pool entry 11	50000e22
	constant pool entry 10	50002644
	constant pool entry 9	50002643
	constant pool entry 8	50002642
	constant pool entry 7	50002641
	constant pool entry 6	50002640
	constant pool entry 5	5000263f
	constant pool entry 4	5000263e
	constant pool entry 3	5000263d
	constant pool entry 2	5000263c
	constant pool entry 1	5000263b
CLS 50000e25 (name=java.util.Locale$Category[], trace=300732)
	super		50000185
CLS 50000e27 (name=java.util.Locale$1, trace=300733)
	super		50000185
	static $SwitchMap$java$util$Locale$Category	50000e28
	constant pool entry 38	5000010b
	constant pool entry 23	50000e22
	constant pool entry 22	50000e27
CLS 50000e33 (name=java.lang.StringBuilder[], trace=300739)
	super		50000185
CLS 50000e42 (name=java.text.FieldPosition, trace=300751)
	super		50000185
	constant pool entry 53	50000e42
	constant pool entry 51	50000185
CLS 50000e44 (name=java.util.Date, trace=300753)
	super		50000185
CLS 50000e46 (name=java.text.AttributedCharacterIterator$Attribute, trace=300755)
	super		50000185
	static instanceMap	50000e49
	static LANGUAGE	50000e4a
	static READING	50000e4d
	static INPUT_METHOD_SEGMENT	50000e4f
	constant pool entry 70	5000015b
	constant pool entry 69	500000d9
	constant pool entry 65	50000185
	constant pool entry 8	50000e46
	constant pool entry 5	50002822
	constant pool entry 4	5000105c
	constant pool entry 3	50002821
CLS 50000e47 (name=java.text.Format$Field, trace=300755)
	super		50000e46
	constant pool entry 17	50000e46
CLS 50000e48 (name=java.text.MessageFormat$Field, trace=300755)
	super		50000e47
	static ARGUMENT	50000e51
	constant pool entry 33	50000e47
	constant pool entry 3	50000e48
	constant pool entry 1	5000281f
CLS 50000e57 (name=java.lang.Shutdown, trace=300765)
	super		50000185
	static hooks	50000e58
	static lock	50000e5a
	static haltLock	50000e5b
	constant pool entry 112	5000010b
	constant pool entry 64	50000e59
	constant pool entry 62	5000015f
	constant pool entry 4	50000e57
CLS 50000e59 (name=java.lang.Shutdown$Lock, trace=300767)
	super		50000185
	constant pool entry 12	50000e59
	constant pool entry 9	50000185
CLS 50000e5c (name=java.lang.AbstractStringBuilder[], trace=300000)
	super		50000185
CLS 50000e5d (name=java.lang.Appendable[], trace=300000)
	super		50000185
